# go.temporal.io/server/tests.test
ld: warning: '/private/var/folders/p9/q__z0f_d35bg29ml6fyyy9tr0000gn/T/go-link-3232513199/000013.o' has malformed LC_DYSYMTAB, expected 98 undefined symbols to start at index 1626, found 95 undefined symbols starting at index 1626
-test.shuffle 1742398722904647000
=== RUN   TestWorkerDeploymentSuite
=== PAUSE TestWorkerDeploymentSuite
=== CONT  TestWorkerDeploymentSuite
2025-03-19T11:38:43.024-0400	info	created database	{"database": "test_0319153842_vzj", "logging-call-at": "/Users/shivamsaraf/Desktop/work/temporal/common/persistence/sql/test_sql_persistence.go:161"}
2025-03-19T11:38:43.024-0400	info	No schema directory provided, skipping schema setup	{"logging-call-at": "/Users/shivamsaraf/Desktop/work/temporal/common/persistence/sql/test_sql_persistence.go:99"}
2025-03-19T11:38:43.029-0400	info	PProf listen on 	{"host": "localhost", "port": 7000, "logging-call-at": "/Users/shivamsaraf/Desktop/work/temporal/common/pprof/pprof.go:82"}
2025-03-19T11:38:43.044-0400	debug	initialized custom fxevent.Logger	{"host": "127.0.0.1:63279", "component": "fx", "function": "go.temporal.io/server/temporal.init.func6()", "logging-call-at": "/Users/shivamsaraf/Desktop/work/temporal/common/log/with_logger.go:61"}
2025-03-19T11:38:43.044-0400	debug	invoking	{"host": "127.0.0.1:63279", "component": "fx", "function": "go.temporal.io/server/common/persistence/client.DataStoreFactoryLifetimeHooks()", "module": "", "logging-call-at": "/Users/shivamsaraf/Desktop/work/temporal/common/log/with_logger.go:61"}
2025-03-19T11:38:43.046-0400	debug	invoking	{"host": "127.0.0.1:63279", "component": "fx", "function": "go.temporal.io/server/common/cluster.MetadataLifetimeHooks()", "module": "", "logging-call-at": "/Users/shivamsaraf/Desktop/work/temporal/common/log/with_logger.go:61"}
2025-03-19T11:38:43.047-0400	info	Quota changed	{"host": "127.0.0.1:63279", "service": "matching", "component": "persistence", "scope": "host", "current-quota": null, "new-quota": 3000, "logging-call-at": "/Users/shivamsaraf/Desktop/work/temporal/common/log/with_logger.go:66"}
2025-03-19T11:38:43.047-0400	debug	invoking	{"host": "127.0.0.1:63279", "component": "fx", "function": "go.temporal.io/server/common/namespace/nsregistry.RegistryLifetimeHooks()", "module": "", "logging-call-at": "/Users/shivamsaraf/Desktop/work/temporal/common/log/with_logger.go:61"}
2025-03-19T11:38:43.048-0400	debug	invoking	{"host": "127.0.0.1:63279", "component": "fx", "function": "go.temporal.io/server/common/metrics.RuntimeMetricsReporterLifetimeHooks()", "module": "", "logging-call-at": "/Users/shivamsaraf/Desktop/work/temporal/common/log/with_logger.go:61"}
2025-03-19T11:38:43.048-0400	debug	invoking	{"host": "127.0.0.1:63279", "component": "fx", "function": "go.temporal.io/server/common/resource.RegisterBootstrapContainer()", "module": "", "logging-call-at": "/Users/shivamsaraf/Desktop/work/temporal/common/log/with_logger.go:61"}
2025-03-19T11:38:43.048-0400	debug	invoking	{"host": "127.0.0.1:63279", "component": "fx", "function": "go.temporal.io/server/common/deadlock.init.func1()", "module": "", "logging-call-at": "/Users/shivamsaraf/Desktop/work/temporal/common/log/with_logger.go:61"}
2025-03-19T11:38:43.049-0400	debug	invoking	{"host": "127.0.0.1:63279", "component": "fx", "function": "go.temporal.io/server/service.initPersistenceLazyLoadedServiceResolver()", "module": "", "logging-call-at": "/Users/shivamsaraf/Desktop/work/temporal/common/log/with_logger.go:61"}
2025-03-19T11:38:43.049-0400	info	Initialized service resolver for persistence rate limiting	{"host": "127.0.0.1:63279", "service": "matching", "service": "matching", "logging-call-at": "/Users/shivamsaraf/Desktop/work/temporal/common/log/with_logger.go:66"}
2025-03-19T11:38:43.049-0400	debug	invoking	{"host": "127.0.0.1:63279", "component": "fx", "function": "go.temporal.io/server/service/matching.ServiceLifetimeHooks()", "module": "", "logging-call-at": "/Users/shivamsaraf/Desktop/work/temporal/common/log/with_logger.go:61"}
2025-03-19T11:38:43.049-0400	info	Created gRPC listener	{"host": "127.0.0.1:63279", "service": "matching", "address": "127.0.0.1:63279", "logging-call-at": "/Users/shivamsaraf/Desktop/work/temporal/common/log/with_logger.go:66"}
2025-03-19T11:38:43.050-0400	info	historyClient: ownership caching disabled	{"host": "127.0.0.1:63279", "service": "matching", "logging-call-at": "/Users/shivamsaraf/Desktop/work/temporal/common/log/with_logger.go:66"}
2025-03-19T11:38:43.050-0400	info	creating new visibility manager	{"host": "127.0.0.1:63279", "visibility_plugin_name": "sqlite", "visibility_index_name": "test_0319153842_vzj", "logging-call-at": "/Users/shivamsaraf/Desktop/work/temporal/common/log/with_logger.go:66"}
2025-03-19T11:38:43.051-0400	debug	invoking	{"host": "127.0.0.1:63279", "component": "fx", "function": "reflect.makeFuncStub()", "module": "", "logging-call-at": "/Users/shivamsaraf/Desktop/work/temporal/common/log/with_logger.go:61"}
2025-03-19T11:38:43.051-0400	debug	OnStart hook executing	{"host": "127.0.0.1:63279", "component": "fx", "callee": "go.temporal.io/server/common/dynamicconfig.(*Collection).Start-fm()", "caller": "go.temporal.io/server/common/dynamicconfig.init.func1", "logging-call-at": "/Users/shivamsaraf/Desktop/work/temporal/common/log/with_logger.go:61"}
2025-03-19T11:38:43.052-0400	debug	OnStart hook executed	{"host": "127.0.0.1:63279", "component": "fx", "callee": "go.temporal.io/server/common/dynamicconfig.(*Collection).Start-fm()", "caller": "go.temporal.io/server/common/dynamicconfig.init.func1", "runtime": "51.292µs", "logging-call-at": "/Users/shivamsaraf/Desktop/work/temporal/common/log/with_logger.go:61"}
2025-03-19T11:38:43.052-0400	debug	OnStart hook executing	{"host": "127.0.0.1:63279", "component": "fx", "callee": "go.temporal.io/server/temporal.init.func1.2()", "caller": "go.temporal.io/server/temporal.init.func1", "logging-call-at": "/Users/shivamsaraf/Desktop/work/temporal/common/log/with_logger.go:61"}
2025-03-19T11:38:43.052-0400	debug	OnStart hook executed	{"host": "127.0.0.1:63279", "component": "fx", "callee": "go.temporal.io/server/temporal.init.func1.2()", "caller": "go.temporal.io/server/temporal.init.func1", "runtime": "1µs", "logging-call-at": "/Users/shivamsaraf/Desktop/work/temporal/common/log/with_logger.go:61"}
2025-03-19T11:38:43.052-0400	debug	OnStart hook executing	{"host": "127.0.0.1:63279", "component": "fx", "callee": "go.temporal.io/server/common/cluster.MetadataLifetimeHooks.func1()", "caller": "go.temporal.io/server/common/cluster.MetadataLifetimeHooks", "logging-call-at": "/Users/shivamsaraf/Desktop/work/temporal/common/log/with_logger.go:61"}
2025-03-19T11:38:43.052-0400	debug	OnStart hook executed	{"host": "127.0.0.1:63279", "component": "fx", "callee": "go.temporal.io/server/common/cluster.MetadataLifetimeHooks.func1()", "caller": "go.temporal.io/server/common/cluster.MetadataLifetimeHooks", "runtime": "637.584µs", "logging-call-at": "/Users/shivamsaraf/Desktop/work/temporal/common/log/with_logger.go:61"}
2025-03-19T11:38:43.052-0400	debug	OnStart hook executing	{"host": "127.0.0.1:63279", "component": "fx", "callee": "go.temporal.io/server/common/namespace.Registry.Start-fm()", "caller": "go.temporal.io/server/common/namespace/nsregistry.RegistryLifetimeHooks", "logging-call-at": "/Users/shivamsaraf/Desktop/work/temporal/common/log/with_logger.go:61"}
2025-03-19T11:38:43.053-0400	debug	OnStart hook executed	{"host": "127.0.0.1:63279", "component": "fx", "callee": "go.temporal.io/server/common/namespace.Registry.Start-fm()", "caller": "go.temporal.io/server/common/namespace/nsregistry.RegistryLifetimeHooks", "runtime": "466.458µs", "logging-call-at": "/Users/shivamsaraf/Desktop/work/temporal/common/log/with_logger.go:61"}
2025-03-19T11:38:43.053-0400	debug	OnStart hook executing	{"host": "127.0.0.1:63279", "component": "fx", "callee": "go.temporal.io/server/common/metrics.RuntimeMetricsReporterLifetimeHooks.func1()", "caller": "go.temporal.io/server/common/metrics.RuntimeMetricsReporterLifetimeHooks", "logging-call-at": "/Users/shivamsaraf/Desktop/work/temporal/common/log/with_logger.go:61"}
2025-03-19T11:38:43.053-0400	info	RuntimeMetricsReporter started	{"host": "127.0.0.1:63279", "service": "matching", "logging-call-at": "/Users/shivamsaraf/Desktop/work/temporal/common/log/with_logger.go:66"}
2025-03-19T11:38:43.053-0400	debug	OnStart hook executed	{"host": "127.0.0.1:63279", "component": "fx", "callee": "go.temporal.io/server/common/metrics.RuntimeMetricsReporterLifetimeHooks.func1()", "caller": "go.temporal.io/server/common/metrics.RuntimeMetricsReporterLifetimeHooks", "runtime": "94.458µs", "logging-call-at": "/Users/shivamsaraf/Desktop/work/temporal/common/log/with_logger.go:61"}
2025-03-19T11:38:43.053-0400	debug	OnStart hook executing	{"host": "127.0.0.1:63279", "component": "fx", "callee": "go.temporal.io/server/common/deadlock.(*deadlockDetector).Start-fm()", "caller": "go.temporal.io/server/common/deadlock.init.func1", "logging-call-at": "/Users/shivamsaraf/Desktop/work/temporal/common/log/with_logger.go:61"}
2025-03-19T11:38:43.053-0400	debug	OnStart hook executed	{"host": "127.0.0.1:63279", "component": "fx", "callee": "go.temporal.io/server/common/deadlock.(*deadlockDetector).Start-fm()", "caller": "go.temporal.io/server/common/deadlock.init.func1", "runtime": "102.625µs", "logging-call-at": "/Users/shivamsaraf/Desktop/work/temporal/common/log/with_logger.go:61"}
2025-03-19T11:38:43.053-0400	debug	OnStart hook executing	{"host": "127.0.0.1:63279", "component": "fx", "callee": "go.temporal.io/server/service/matching.(*Service).Start-fm()", "caller": "go.temporal.io/server/service/matching.ServiceLifetimeHooks", "logging-call-at": "/Users/shivamsaraf/Desktop/work/temporal/common/log/with_logger.go:61"}
2025-03-19T11:38:43.053-0400	info	matching starting	{"host": "127.0.0.1:63279", "service": "matching", "logging-call-at": "/Users/shivamsaraf/Desktop/work/temporal/common/log/with_logger.go:66"}
2025-03-19T11:38:43.053-0400	debug	OnStart hook executed	{"host": "127.0.0.1:63279", "component": "fx", "callee": "go.temporal.io/server/service/matching.(*Service).Start-fm()", "caller": "go.temporal.io/server/service/matching.ServiceLifetimeHooks", "runtime": "110.584µs", "logging-call-at": "/Users/shivamsaraf/Desktop/work/temporal/common/log/with_logger.go:61"}
2025-03-19T11:38:43.053-0400	debug	started	{"host": "127.0.0.1:63279", "component": "fx", "logging-call-at": "/Users/shivamsaraf/Desktop/work/temporal/common/log/with_logger.go:61"}
2025-03-19T11:38:43.053-0400	info	Starting to serve on matching listener	{"host": "127.0.0.1:63279", "service": "matching", "logging-call-at": "/Users/shivamsaraf/Desktop/work/temporal/common/log/with_logger.go:66"}
2025-03-19T11:38:43.072-0400	debug	initialized custom fxevent.Logger	{"host": "127.0.0.1:63280", "component": "fx", "function": "go.temporal.io/server/temporal.init.func6()", "logging-call-at": "/Users/shivamsaraf/Desktop/work/temporal/common/log/with_logger.go:61"}
2025-03-19T11:38:43.072-0400	debug	invoking	{"host": "127.0.0.1:63280", "component": "fx", "function": "go.temporal.io/server/components/callbacks.RegisterTaskSerializers()", "module": "component.callbacks", "logging-call-at": "/Users/shivamsaraf/Desktop/work/temporal/common/log/with_logger.go:61"}
2025-03-19T11:38:43.072-0400	debug	invoking	{"host": "127.0.0.1:63280", "component": "fx", "function": "go.temporal.io/server/components/callbacks.RegisterStateMachine()", "module": "component.callbacks", "logging-call-at": "/Users/shivamsaraf/Desktop/work/temporal/common/log/with_logger.go:61"}
2025-03-19T11:38:43.073-0400	debug	invoking	{"host": "127.0.0.1:63280", "component": "fx", "function": "go.temporal.io/server/components/callbacks.RegisterExecutor()", "module": "component.callbacks", "logging-call-at": "/Users/shivamsaraf/Desktop/work/temporal/common/log/with_logger.go:61"}
2025-03-19T11:38:43.074-0400	info	Quota changed	{"host": "127.0.0.1:63280", "service": "history", "component": "persistence", "scope": "host", "current-quota": null, "new-quota": 9000, "logging-call-at": "/Users/shivamsaraf/Desktop/work/temporal/common/log/with_logger.go:66"}
2025-03-19T11:38:43.075-0400	info	historyClient: ownership caching disabled	{"host": "127.0.0.1:63280", "service": "history", "logging-call-at": "/Users/shivamsaraf/Desktop/work/temporal/common/log/with_logger.go:66"}
2025-03-19T11:38:43.075-0400	debug	invoking	{"host": "127.0.0.1:63280", "component": "fx", "function": "go.temporal.io/server/components/nexusoperations.EndpointRegistryLifetimeHooks()", "module": "component.nexusoperations", "logging-call-at": "/Users/shivamsaraf/Desktop/work/temporal/common/log/with_logger.go:61"}
2025-03-19T11:38:43.076-0400	debug	invoking	{"host": "127.0.0.1:63280", "component": "fx", "function": "go.temporal.io/server/components/nexusoperations.RegisterStateMachines()", "module": "component.nexusoperations", "logging-call-at": "/Users/shivamsaraf/Desktop/work/temporal/common/log/with_logger.go:61"}
2025-03-19T11:38:43.076-0400	debug	invoking	{"host": "127.0.0.1:63280", "component": "fx", "function": "go.temporal.io/server/components/nexusoperations.RegisterTaskSerializers()", "module": "component.nexusoperations", "logging-call-at": "/Users/shivamsaraf/Desktop/work/temporal/common/log/with_logger.go:61"}
2025-03-19T11:38:43.076-0400	debug	invoking	{"host": "127.0.0.1:63280", "component": "fx", "function": "go.temporal.io/server/components/nexusoperations.RegisterEventDefinitions()", "module": "component.nexusoperations", "logging-call-at": "/Users/shivamsaraf/Desktop/work/temporal/common/log/with_logger.go:61"}
2025-03-19T11:38:43.077-0400	debug	invoking	{"host": "127.0.0.1:63280", "component": "fx", "function": "go.temporal.io/server/components/nexusoperations.RegisterExecutor()", "module": "component.nexusoperations", "logging-call-at": "/Users/shivamsaraf/Desktop/work/temporal/common/log/with_logger.go:61"}
2025-03-19T11:38:43.077-0400	debug	invoking	{"host": "127.0.0.1:63280", "component": "fx", "function": "go.temporal.io/server/service/history.QueueFactoryLifetimeHooks()", "module": "", "logging-call-at": "/Users/shivamsaraf/Desktop/work/temporal/common/log/with_logger.go:61"}
2025-03-19T11:38:43.077-0400	info	Quota changed	{"host": "127.0.0.1:63280", "service": "history", "component": "task-scheduler", "scope": "host", "current-quota": null, "new-quota": 0, "logging-call-at": "/Users/shivamsaraf/Desktop/work/temporal/common/log/with_logger.go:66"}
2025-03-19T11:38:43.077-0400	info	creating new visibility manager	{"host": "127.0.0.1:63280", "visibility_plugin_name": "sqlite", "visibility_index_name": "test_0319153842_vzj", "logging-call-at": "/Users/shivamsaraf/Desktop/work/temporal/common/log/with_logger.go:66"}
2025-03-19T11:38:43.078-0400	debug	invoking	{"host": "127.0.0.1:63280", "component": "fx", "function": "go.temporal.io/server/common/persistence/client.DataStoreFactoryLifetimeHooks()", "module": "", "logging-call-at": "/Users/shivamsaraf/Desktop/work/temporal/common/log/with_logger.go:61"}
2025-03-19T11:38:43.079-0400	debug	invoking	{"host": "127.0.0.1:63280", "component": "fx", "function": "go.temporal.io/server/common/cluster.MetadataLifetimeHooks()", "module": "", "logging-call-at": "/Users/shivamsaraf/Desktop/work/temporal/common/log/with_logger.go:61"}
2025-03-19T11:38:43.079-0400	debug	invoking	{"host": "127.0.0.1:63280", "component": "fx", "function": "go.temporal.io/server/common/namespace/nsregistry.RegistryLifetimeHooks()", "module": "", "logging-call-at": "/Users/shivamsaraf/Desktop/work/temporal/common/log/with_logger.go:61"}
2025-03-19T11:38:43.079-0400	debug	invoking	{"host": "127.0.0.1:63280", "component": "fx", "function": "go.temporal.io/server/common/metrics.RuntimeMetricsReporterLifetimeHooks()", "module": "", "logging-call-at": "/Users/shivamsaraf/Desktop/work/temporal/common/log/with_logger.go:61"}
2025-03-19T11:38:43.080-0400	debug	invoking	{"host": "127.0.0.1:63280", "component": "fx", "function": "go.temporal.io/server/common/resource.RegisterBootstrapContainer()", "module": "", "logging-call-at": "/Users/shivamsaraf/Desktop/work/temporal/common/log/with_logger.go:61"}
2025-03-19T11:38:43.080-0400	debug	invoking	{"host": "127.0.0.1:63280", "component": "fx", "function": "go.temporal.io/server/common/deadlock.init.func1()", "module": "", "logging-call-at": "/Users/shivamsaraf/Desktop/work/temporal/common/log/with_logger.go:61"}
2025-03-19T11:38:43.081-0400	debug	invoking	{"host": "127.0.0.1:63280", "component": "fx", "function": "go.temporal.io/server/service/history/workflow.populateTaskGeneratorProvider()", "module": "", "logging-call-at": "/Users/shivamsaraf/Desktop/work/temporal/common/log/with_logger.go:61"}
2025-03-19T11:38:43.081-0400	debug	invoking	{"host": "127.0.0.1:63280", "component": "fx", "function": "go.temporal.io/server/service/history/workflow.RegisterStateMachine()", "module": "", "logging-call-at": "/Users/shivamsaraf/Desktop/work/temporal/common/log/with_logger.go:61"}
2025-03-19T11:38:43.081-0400	debug	invoking	{"host": "127.0.0.1:63280", "component": "fx", "function": "go.temporal.io/server/service/history/shard.initLazyLoadedOwnershipBasedQuotaScaler()", "module": "", "logging-call-at": "/Users/shivamsaraf/Desktop/work/temporal/common/log/with_logger.go:61"}
2025-03-19T11:38:43.081-0400	info	Initialized lazy loaded OwnershipBasedQuotaScaler	{"host": "127.0.0.1:63280", "service": "history", "service": "history", "logging-call-at": "/Users/shivamsaraf/Desktop/work/temporal/common/log/with_logger.go:66"}
2025-03-19T11:38:43.081-0400	debug	invoking	{"host": "127.0.0.1:63280", "component": "fx", "function": "go.temporal.io/server/service/history/shard.init.func4()", "module": "", "logging-call-at": "/Users/shivamsaraf/Desktop/work/temporal/common/log/with_logger.go:61"}
2025-03-19T11:38:43.081-0400	debug	invoking	{"host": "127.0.0.1:63280", "component": "fx", "function": "go.temporal.io/server/service.initPersistenceLazyLoadedServiceResolver()", "module": "", "logging-call-at": "/Users/shivamsaraf/Desktop/work/temporal/common/log/with_logger.go:61"}
2025-03-19T11:38:43.081-0400	info	Initialized service resolver for persistence rate limiting	{"host": "127.0.0.1:63280", "service": "history", "service": "history", "logging-call-at": "/Users/shivamsaraf/Desktop/work/temporal/common/log/with_logger.go:66"}
2025-03-19T11:38:43.082-0400	debug	invoking	{"host": "127.0.0.1:63280", "component": "fx", "function": "go.temporal.io/server/service/history.ServiceLifetimeHooks()", "module": "", "logging-call-at": "/Users/shivamsaraf/Desktop/work/temporal/common/log/with_logger.go:61"}
2025-03-19T11:38:43.083-0400	info	Created gRPC listener	{"host": "127.0.0.1:63280", "service": "history", "address": "127.0.0.1:63280", "logging-call-at": "/Users/shivamsaraf/Desktop/work/temporal/common/log/with_logger.go:66"}
2025-03-19T11:38:43.083-0400	debug	invoking	{"host": "127.0.0.1:63280", "component": "fx", "function": "go.temporal.io/server/components/nexusoperations/workflow.RegisterCommandHandlers()", "module": "", "logging-call-at": "/Users/shivamsaraf/Desktop/work/temporal/common/log/with_logger.go:61"}
2025-03-19T11:38:43.083-0400	debug	invoking	{"host": "127.0.0.1:63280", "component": "fx", "function": "reflect.makeFuncStub()", "module": "", "logging-call-at": "/Users/shivamsaraf/Desktop/work/temporal/common/log/with_logger.go:61"}
2025-03-19T11:38:43.083-0400	debug	OnStart hook executing	{"host": "127.0.0.1:63280", "component": "fx", "callee": "go.temporal.io/server/common/dynamicconfig.(*Collection).Start-fm()", "caller": "go.temporal.io/server/common/dynamicconfig.init.func1", "logging-call-at": "/Users/shivamsaraf/Desktop/work/temporal/common/log/with_logger.go:61"}
2025-03-19T11:38:43.083-0400	debug	OnStart hook executed	{"host": "127.0.0.1:63280", "component": "fx", "callee": "go.temporal.io/server/common/dynamicconfig.(*Collection).Start-fm()", "caller": "go.temporal.io/server/common/dynamicconfig.init.func1", "runtime": "26.833µs", "logging-call-at": "/Users/shivamsaraf/Desktop/work/temporal/common/log/with_logger.go:61"}
2025-03-19T11:38:43.083-0400	debug	OnStart hook executing	{"host": "127.0.0.1:63280", "component": "fx", "callee": "go.temporal.io/server/temporal.init.func1.2()", "caller": "go.temporal.io/server/temporal.init.func1", "logging-call-at": "/Users/shivamsaraf/Desktop/work/temporal/common/log/with_logger.go:61"}
2025-03-19T11:38:43.083-0400	debug	OnStart hook executed	{"host": "127.0.0.1:63280", "component": "fx", "callee": "go.temporal.io/server/temporal.init.func1.2()", "caller": "go.temporal.io/server/temporal.init.func1", "runtime": "875ns", "logging-call-at": "/Users/shivamsaraf/Desktop/work/temporal/common/log/with_logger.go:61"}
2025-03-19T11:38:43.083-0400	debug	OnStart hook executing	{"host": "127.0.0.1:63280", "component": "fx", "callee": "go.temporal.io/server/common/nexus.EndpointRegistry.StartLifecycle-fm()", "caller": "go.temporal.io/server/components/nexusoperations.EndpointRegistryLifetimeHooks", "logging-call-at": "/Users/shivamsaraf/Desktop/work/temporal/common/log/with_logger.go:61"}
2025-03-19T11:38:43.083-0400	debug	OnStart hook executed	{"host": "127.0.0.1:63280", "component": "fx", "callee": "go.temporal.io/server/common/nexus.EndpointRegistry.StartLifecycle-fm()", "caller": "go.temporal.io/server/components/nexusoperations.EndpointRegistryLifetimeHooks", "runtime": "12.25µs", "logging-call-at": "/Users/shivamsaraf/Desktop/work/temporal/common/log/with_logger.go:61"}
2025-03-19T11:38:43.083-0400	debug	OnStart hook executing	{"host": "127.0.0.1:63280", "component": "fx", "callee": "go.temporal.io/server/service/history.QueueFactoryLifetimeHooks.func1()", "caller": "go.temporal.io/server/service/history.QueueFactoryLifetimeHooks", "logging-call-at": "/Users/shivamsaraf/Desktop/work/temporal/common/log/with_logger.go:61"}
2025-03-19T11:38:43.086-0400	info	Update worker pool size	{"host": "127.0.0.1:63280", "service": "history", "key": "worker-pool-size", "value": 512, "logging-call-at": "/Users/shivamsaraf/Desktop/work/temporal/common/log/with_logger.go:66"}
2025-03-19T11:38:43.086-0400	info	fifo scheduler started	{"host": "127.0.0.1:63280", "service": "history", "logging-call-at": "/Users/shivamsaraf/Desktop/work/temporal/common/log/with_logger.go:66"}
2025-03-19T11:38:43.086-0400	info	interleaved weighted round robin task scheduler started	{"host": "127.0.0.1:63280", "service": "history", "logging-call-at": "/Users/shivamsaraf/Desktop/work/temporal/common/log/with_logger.go:66"}
2025-03-19T11:38:43.086-0400	info	Update worker pool size	{"host": "127.0.0.1:63280", "service": "history", "component": "memory-scheduled-queue-processor", "key": "worker-pool-size", "value": 64, "logging-call-at": "/Users/shivamsaraf/Desktop/work/temporal/common/log/with_logger.go:66"}
2025-03-19T11:38:43.086-0400	info	fifo scheduler started	{"host": "127.0.0.1:63280", "service": "history", "component": "memory-scheduled-queue-processor", "logging-call-at": "/Users/shivamsaraf/Desktop/work/temporal/common/log/with_logger.go:66"}
2025-03-19T11:38:43.090-0400	info	Update worker pool size	{"host": "127.0.0.1:63280", "service": "history", "key": "worker-pool-size", "value": 512, "logging-call-at": "/Users/shivamsaraf/Desktop/work/temporal/common/log/with_logger.go:66"}
2025-03-19T11:38:43.090-0400	info	fifo scheduler started	{"host": "127.0.0.1:63280", "service": "history", "logging-call-at": "/Users/shivamsaraf/Desktop/work/temporal/common/log/with_logger.go:66"}
2025-03-19T11:38:43.090-0400	info	interleaved weighted round robin task scheduler started	{"host": "127.0.0.1:63280", "service": "history", "logging-call-at": "/Users/shivamsaraf/Desktop/work/temporal/common/log/with_logger.go:66"}
2025-03-19T11:38:43.093-0400	info	Update worker pool size	{"host": "127.0.0.1:63280", "service": "history", "key": "worker-pool-size", "value": 512, "logging-call-at": "/Users/shivamsaraf/Desktop/work/temporal/common/log/with_logger.go:66"}
2025-03-19T11:38:43.093-0400	info	fifo scheduler started	{"host": "127.0.0.1:63280", "service": "history", "logging-call-at": "/Users/shivamsaraf/Desktop/work/temporal/common/log/with_logger.go:66"}
2025-03-19T11:38:43.093-0400	info	interleaved weighted round robin task scheduler started	{"host": "127.0.0.1:63280", "service": "history", "logging-call-at": "/Users/shivamsaraf/Desktop/work/temporal/common/log/with_logger.go:66"}
2025-03-19T11:38:43.093-0400	debug	OnStart hook executed	{"host": "127.0.0.1:63280", "component": "fx", "callee": "go.temporal.io/server/service/history.QueueFactoryLifetimeHooks.func1()", "caller": "go.temporal.io/server/service/history.QueueFactoryLifetimeHooks", "runtime": "10.006084ms", "logging-call-at": "/Users/shivamsaraf/Desktop/work/temporal/common/log/with_logger.go:61"}
2025-03-19T11:38:43.093-0400	debug	OnStart hook executing	{"host": "127.0.0.1:63280", "component": "fx", "callee": "go.temporal.io/server/common/cluster.MetadataLifetimeHooks.func1()", "caller": "go.temporal.io/server/common/cluster.MetadataLifetimeHooks", "logging-call-at": "/Users/shivamsaraf/Desktop/work/temporal/common/log/with_logger.go:61"}
2025-03-19T11:38:43.094-0400	debug	OnStart hook executed	{"host": "127.0.0.1:63280", "component": "fx", "callee": "go.temporal.io/server/common/cluster.MetadataLifetimeHooks.func1()", "caller": "go.temporal.io/server/common/cluster.MetadataLifetimeHooks", "runtime": "433.083µs", "logging-call-at": "/Users/shivamsaraf/Desktop/work/temporal/common/log/with_logger.go:61"}
2025-03-19T11:38:43.094-0400	debug	OnStart hook executing	{"host": "127.0.0.1:63280", "component": "fx", "callee": "go.temporal.io/server/common/namespace.Registry.Start-fm()", "caller": "go.temporal.io/server/common/namespace/nsregistry.RegistryLifetimeHooks", "logging-call-at": "/Users/shivamsaraf/Desktop/work/temporal/common/log/with_logger.go:61"}
2025-03-19T11:38:43.094-0400	debug	OnStart hook executed	{"host": "127.0.0.1:63280", "component": "fx", "callee": "go.temporal.io/server/common/namespace.Registry.Start-fm()", "caller": "go.temporal.io/server/common/namespace/nsregistry.RegistryLifetimeHooks", "runtime": "402.834µs", "logging-call-at": "/Users/shivamsaraf/Desktop/work/temporal/common/log/with_logger.go:61"}
2025-03-19T11:38:43.094-0400	debug	OnStart hook executing	{"host": "127.0.0.1:63280", "component": "fx", "callee": "go.temporal.io/server/common/metrics.RuntimeMetricsReporterLifetimeHooks.func1()", "caller": "go.temporal.io/server/common/metrics.RuntimeMetricsReporterLifetimeHooks", "logging-call-at": "/Users/shivamsaraf/Desktop/work/temporal/common/log/with_logger.go:61"}
2025-03-19T11:38:43.095-0400	info	RuntimeMetricsReporter started	{"host": "127.0.0.1:63280", "service": "history", "logging-call-at": "/Users/shivamsaraf/Desktop/work/temporal/common/log/with_logger.go:66"}
2025-03-19T11:38:43.095-0400	debug	OnStart hook executed	{"host": "127.0.0.1:63280", "component": "fx", "callee": "go.temporal.io/server/common/metrics.RuntimeMetricsReporterLifetimeHooks.func1()", "caller": "go.temporal.io/server/common/metrics.RuntimeMetricsReporterLifetimeHooks", "runtime": "171.792µs", "logging-call-at": "/Users/shivamsaraf/Desktop/work/temporal/common/log/with_logger.go:61"}
2025-03-19T11:38:43.095-0400	debug	OnStart hook executing	{"host": "127.0.0.1:63280", "component": "fx", "callee": "go.temporal.io/server/common/deadlock.(*deadlockDetector).Start-fm()", "caller": "go.temporal.io/server/common/deadlock.init.func1", "logging-call-at": "/Users/shivamsaraf/Desktop/work/temporal/common/log/with_logger.go:61"}
2025-03-19T11:38:43.095-0400	debug	OnStart hook executed	{"host": "127.0.0.1:63280", "component": "fx", "callee": "go.temporal.io/server/common/deadlock.(*deadlockDetector).Start-fm()", "caller": "go.temporal.io/server/common/deadlock.init.func1", "runtime": "39.959µs", "logging-call-at": "/Users/shivamsaraf/Desktop/work/temporal/common/log/with_logger.go:61"}
2025-03-19T11:38:43.095-0400	debug	OnStart hook executing	{"host": "127.0.0.1:63280", "component": "fx", "callee": "go.temporal.io/server/common/tasks.(*InterleavedWeightedRoundRobinScheduler[...]).Start-fm()", "caller": "go.temporal.io/server/service/history/replication.replicationStreamHighPrioritySchedulerProvider", "logging-call-at": "/Users/shivamsaraf/Desktop/work/temporal/common/log/with_logger.go:61"}
2025-03-19T11:38:43.096-0400	info	Update worker pool size	{"host": "127.0.0.1:63280", "key": "worker-pool-size", "value": 512, "logging-call-at": "/Users/shivamsaraf/Desktop/work/temporal/common/log/with_logger.go:66"}
2025-03-19T11:38:43.096-0400	info	sequential scheduler started	{"host": "127.0.0.1:63280", "logging-call-at": "/Users/shivamsaraf/Desktop/work/temporal/common/log/with_logger.go:66"}
2025-03-19T11:38:43.096-0400	info	interleaved weighted round robin task scheduler started	{"host": "127.0.0.1:63280", "logging-call-at": "/Users/shivamsaraf/Desktop/work/temporal/common/log/with_logger.go:66"}
2025-03-19T11:38:43.096-0400	debug	OnStart hook executed	{"host": "127.0.0.1:63280", "component": "fx", "callee": "go.temporal.io/server/common/tasks.(*InterleavedWeightedRoundRobinScheduler[...]).Start-fm()", "caller": "go.temporal.io/server/service/history/replication.replicationStreamHighPrioritySchedulerProvider", "runtime": "1.19975ms", "logging-call-at": "/Users/shivamsaraf/Desktop/work/temporal/common/log/with_logger.go:61"}
2025-03-19T11:38:43.096-0400	debug	OnStart hook executing	{"host": "127.0.0.1:63280", "component": "fx", "callee": "go.temporal.io/server/common/tasks.(*InterleavedWeightedRoundRobinScheduler[...]).Start-fm()", "caller": "go.temporal.io/server/service/history/replication.replicationStreamLowPrioritySchedulerProvider", "logging-call-at": "/Users/shivamsaraf/Desktop/work/temporal/common/log/with_logger.go:61"}
2025-03-19T11:38:43.096-0400	info	Update worker pool size	{"host": "127.0.0.1:63280", "key": "worker-pool-size", "value": 128, "logging-call-at": "/Users/shivamsaraf/Desktop/work/temporal/common/log/with_logger.go:66"}
2025-03-19T11:38:43.096-0400	info	sequential scheduler started	{"host": "127.0.0.1:63280", "logging-call-at": "/Users/shivamsaraf/Desktop/work/temporal/common/log/with_logger.go:66"}
2025-03-19T11:38:43.096-0400	info	interleaved weighted round robin task scheduler started	{"host": "127.0.0.1:63280", "logging-call-at": "/Users/shivamsaraf/Desktop/work/temporal/common/log/with_logger.go:66"}
2025-03-19T11:38:43.096-0400	debug	OnStart hook executed	{"host": "127.0.0.1:63280", "component": "fx", "callee": "go.temporal.io/server/common/tasks.(*InterleavedWeightedRoundRobinScheduler[...]).Start-fm()", "caller": "go.temporal.io/server/service/history/replication.replicationStreamLowPrioritySchedulerProvider", "runtime": "319.791µs", "logging-call-at": "/Users/shivamsaraf/Desktop/work/temporal/common/log/with_logger.go:61"}
2025-03-19T11:38:43.096-0400	debug	OnStart hook executing	{"host": "127.0.0.1:63280", "component": "fx", "callee": "go.temporal.io/server/service/history.(*Service).Start-fm()", "caller": "go.temporal.io/server/service/history.ServiceLifetimeHooks", "logging-call-at": "/Users/shivamsaraf/Desktop/work/temporal/common/log/with_logger.go:61"}
2025-03-19T11:38:43.096-0400	info	history starting	{"host": "127.0.0.1:63280", "logging-call-at": "/Users/shivamsaraf/Desktop/work/temporal/common/log/with_logger.go:66"}
2025-03-19T11:38:43.096-0400	info	Replication task fetchers started.	{"host": "127.0.0.1:63280", "logging-call-at": "/Users/shivamsaraf/Desktop/work/temporal/common/log/with_logger.go:66"}
2025-03-19T11:38:43.097-0400	info	StreamReceiverMonitor started.	{"host": "127.0.0.1:63280", "logging-call-at": "/Users/shivamsaraf/Desktop/work/temporal/common/log/with_logger.go:66"}
2025-03-19T11:38:43.097-0400	info	none	{"host": "127.0.0.1:63280", "component": "shard-controller", "address": "127.0.0.1:63280", "lifecycle": "Started", "logging-call-at": "/Users/shivamsaraf/Desktop/work/temporal/common/log/with_logger.go:66"}
2025-03-19T11:38:43.097-0400	debug	OnStart hook executed	{"host": "127.0.0.1:63280", "component": "fx", "callee": "go.temporal.io/server/service/history.(*Service).Start-fm()", "caller": "go.temporal.io/server/service/history.ServiceLifetimeHooks", "runtime": "247.25µs", "logging-call-at": "/Users/shivamsaraf/Desktop/work/temporal/common/log/with_logger.go:61"}
2025-03-19T11:38:43.098-0400	info	Starting to serve on history listener	{"host": "127.0.0.1:63280", "logging-call-at": "/Users/shivamsaraf/Desktop/work/temporal/common/log/with_logger.go:66"}
2025-03-19T11:38:43.098-0400	info	none	{"host": "127.0.0.1:63280", "component": "shard-controller", "address": "127.0.0.1:63280", "component": "shard-controller", "address": "127.0.0.1:63280", "shard-update": "RingMembershipChangedEvent", "number-processed": 1, "number-deleted": 0, "number-changed": 0, "logging-call-at": "/Users/shivamsaraf/Desktop/work/temporal/common/log/with_logger.go:66"}
2025-03-19T11:38:43.099-0400	debug	started	{"host": "127.0.0.1:63280", "component": "fx", "logging-call-at": "/Users/shivamsaraf/Desktop/work/temporal/common/log/with_logger.go:61"}
2025-03-19T11:38:43.099-0400	info	none	{"host": "127.0.0.1:63280", "shard-id": 4, "address": "127.0.0.1:63280", "lifecycle": "Started", "component": "shard-context", "logging-call-at": "/Users/shivamsaraf/Desktop/work/temporal/common/log/with_logger.go:66"}
2025-03-19T11:38:43.099-0400	info	none	{"host": "127.0.0.1:63280", "component": "shard-controller", "address": "127.0.0.1:63280", "numShards": 1, "logging-call-at": "/Users/shivamsaraf/Desktop/work/temporal/common/log/with_logger.go:66"}
2025-03-19T11:38:43.099-0400	info	none	{"host": "127.0.0.1:63280", "shard-id": 2, "address": "127.0.0.1:63280", "lifecycle": "Started", "component": "shard-context", "logging-call-at": "/Users/shivamsaraf/Desktop/work/temporal/common/log/with_logger.go:66"}
2025-03-19T11:38:43.099-0400	info	none	{"host": "127.0.0.1:63280", "component": "shard-controller", "address": "127.0.0.1:63280", "numShards": 2, "logging-call-at": "/Users/shivamsaraf/Desktop/work/temporal/common/log/with_logger.go:66"}
2025-03-19T11:38:43.099-0400	info	none	{"host": "127.0.0.1:63280", "shard-id": 1, "address": "127.0.0.1:63280", "lifecycle": "Started", "component": "shard-context", "logging-call-at": "/Users/shivamsaraf/Desktop/work/temporal/common/log/with_logger.go:66"}
2025-03-19T11:38:43.099-0400	info	none	{"host": "127.0.0.1:63280", "component": "shard-controller", "address": "127.0.0.1:63280", "numShards": 3, "logging-call-at": "/Users/shivamsaraf/Desktop/work/temporal/common/log/with_logger.go:66"}
2025-03-19T11:38:43.099-0400	info	none	{"host": "127.0.0.1:63280", "shard-id": 3, "address": "127.0.0.1:63280", "lifecycle": "Started", "component": "shard-context", "logging-call-at": "/Users/shivamsaraf/Desktop/work/temporal/common/log/with_logger.go:66"}
2025-03-19T11:38:43.099-0400	info	none	{"host": "127.0.0.1:63280", "component": "shard-controller", "address": "127.0.0.1:63280", "numShards": 4, "logging-call-at": "/Users/shivamsaraf/Desktop/work/temporal/common/log/with_logger.go:66"}
2025-03-19T11:38:43.101-0400	info	Range updated for shardID	{"host": "127.0.0.1:63280", "shard-id": 4, "address": "127.0.0.1:63280", "shard-range-id": 1, "previous-shard-range-id": 0, "logging-call-at": "/Users/shivamsaraf/Desktop/work/temporal/common/log/with_logger.go:66"}
2025-03-19T11:38:43.101-0400	info	Task key range updated	{"host": "127.0.0.1:63280", "shard-id": 4, "address": "127.0.0.1:63280", "number": 1048576, "next-number": 2097152, "logging-call-at": "/Users/shivamsaraf/Desktop/work/temporal/common/log/with_logger.go:66"}
2025-03-19T11:38:43.101-0400	info	Acquired shard	{"host": "127.0.0.1:63280", "shard-id": 4, "address": "127.0.0.1:63280", "logging-call-at": "/Users/shivamsaraf/Desktop/work/temporal/common/log/with_logger.go:66"}
2025-03-19T11:38:43.101-0400	info	none	{"host": "127.0.0.1:63280", "shard-id": 4, "address": "127.0.0.1:63280", "lifecycle": "Starting", "component": "shard-engine", "logging-call-at": "/Users/shivamsaraf/Desktop/work/temporal/common/log/with_logger.go:66"}
2025-03-19T11:38:43.101-0400	info	Range updated for shardID	{"host": "127.0.0.1:63280", "shard-id": 2, "address": "127.0.0.1:63280", "shard-range-id": 1, "previous-shard-range-id": 0, "logging-call-at": "/Users/shivamsaraf/Desktop/work/temporal/common/log/with_logger.go:66"}
2025-03-19T11:38:43.101-0400	info	Task key range updated	{"host": "127.0.0.1:63280", "shard-id": 2, "address": "127.0.0.1:63280", "number": 1048576, "next-number": 2097152, "logging-call-at": "/Users/shivamsaraf/Desktop/work/temporal/common/log/with_logger.go:66"}
2025-03-19T11:38:43.101-0400	info	Acquired shard	{"host": "127.0.0.1:63280", "shard-id": 2, "address": "127.0.0.1:63280", "logging-call-at": "/Users/shivamsaraf/Desktop/work/temporal/common/log/with_logger.go:66"}
2025-03-19T11:38:43.101-0400	info	none	{"host": "127.0.0.1:63280", "shard-id": 4, "address": "127.0.0.1:63280", "component": "history-engine", "lifecycle": "Starting", "logging-call-at": "/Users/shivamsaraf/Desktop/work/temporal/common/log/with_logger.go:66"}
2025-03-19T11:38:43.102-0400	info	none	{"host": "127.0.0.1:63280", "shard-id": 2, "address": "127.0.0.1:63280", "lifecycle": "Starting", "component": "shard-engine", "logging-call-at": "/Users/shivamsaraf/Desktop/work/temporal/common/log/with_logger.go:66"}
2025-03-19T11:38:43.102-0400	info	none	{"host": "127.0.0.1:63280", "shard-id": 4, "address": "127.0.0.1:63280", "component": "outbound-queue-processor", "lifecycle": "Starting", "logging-call-at": "/Users/shivamsaraf/Desktop/work/temporal/common/log/with_logger.go:66"}
2025-03-19T11:38:43.102-0400	info	Task rescheduler started.	{"host": "127.0.0.1:63280", "shard-id": 4, "address": "127.0.0.1:63280", "component": "outbound-queue-processor", "lifecycle": "Started", "logging-call-at": "/Users/shivamsaraf/Desktop/work/temporal/common/log/with_logger.go:66"}
2025-03-19T11:38:43.102-0400	info	none	{"host": "127.0.0.1:63280", "shard-id": 4, "address": "127.0.0.1:63280", "component": "outbound-queue-processor", "lifecycle": "Started", "logging-call-at": "/Users/shivamsaraf/Desktop/work/temporal/common/log/with_logger.go:66"}
2025-03-19T11:38:43.102-0400	info	none	{"host": "127.0.0.1:63280", "service": "history", "component": "memory-scheduled-queue-processor", "lifecycle": "Starting", "logging-call-at": "/Users/shivamsaraf/Desktop/work/temporal/common/log/with_logger.go:66"}
2025-03-19T11:38:43.102-0400	info	none	{"host": "127.0.0.1:63280", "service": "history", "component": "memory-scheduled-queue-processor", "lifecycle": "Started", "logging-call-at": "/Users/shivamsaraf/Desktop/work/temporal/common/log/with_logger.go:66"}
2025-03-19T11:38:43.102-0400	info	none	{"host": "127.0.0.1:63280", "shard-id": 4, "address": "127.0.0.1:63280", "component": "transfer-queue-processor", "lifecycle": "Starting", "logging-call-at": "/Users/shivamsaraf/Desktop/work/temporal/common/log/with_logger.go:66"}
2025-03-19T11:38:43.102-0400	info	Task rescheduler started.	{"host": "127.0.0.1:63280", "shard-id": 4, "address": "127.0.0.1:63280", "component": "transfer-queue-processor", "lifecycle": "Started", "logging-call-at": "/Users/shivamsaraf/Desktop/work/temporal/common/log/with_logger.go:66"}
2025-03-19T11:38:43.102-0400	info	none	{"host": "127.0.0.1:63280", "shard-id": 2, "address": "127.0.0.1:63280", "component": "history-engine", "lifecycle": "Starting", "logging-call-at": "/Users/shivamsaraf/Desktop/work/temporal/common/log/with_logger.go:66"}
2025-03-19T11:38:43.102-0400	info	none	{"host": "127.0.0.1:63280", "shard-id": 4, "address": "127.0.0.1:63280", "component": "transfer-queue-processor", "lifecycle": "Started", "logging-call-at": "/Users/shivamsaraf/Desktop/work/temporal/common/log/with_logger.go:66"}
2025-03-19T11:38:43.102-0400	info	queue reader started	{"host": "127.0.0.1:63280", "shard-id": 4, "address": "127.0.0.1:63280", "component": "outbound-queue-processor", "queue-reader-id": 0, "lifecycle": "Started", "logging-call-at": "/Users/shivamsaraf/Desktop/work/temporal/common/log/with_logger.go:66"}
2025-03-19T11:38:43.102-0400	info	none	{"host": "127.0.0.1:63280", "shard-id": 2, "address": "127.0.0.1:63280", "component": "transfer-queue-processor", "lifecycle": "Starting", "logging-call-at": "/Users/shivamsaraf/Desktop/work/temporal/common/log/with_logger.go:66"}
2025-03-19T11:38:43.102-0400	info	none	{"host": "127.0.0.1:63280", "shard-id": 4, "address": "127.0.0.1:63280", "component": "timer-queue-processor", "lifecycle": "Starting", "logging-call-at": "/Users/shivamsaraf/Desktop/work/temporal/common/log/with_logger.go:66"}
2025-03-19T11:38:43.102-0400	info	Task rescheduler started.	{"host": "127.0.0.1:63280", "shard-id": 2, "address": "127.0.0.1:63280", "component": "transfer-queue-processor", "lifecycle": "Started", "logging-call-at": "/Users/shivamsaraf/Desktop/work/temporal/common/log/with_logger.go:66"}
2025-03-19T11:38:43.102-0400	info	Task rescheduler started.	{"host": "127.0.0.1:63280", "shard-id": 4, "address": "127.0.0.1:63280", "component": "timer-queue-processor", "lifecycle": "Started", "logging-call-at": "/Users/shivamsaraf/Desktop/work/temporal/common/log/with_logger.go:66"}
2025-03-19T11:38:43.102-0400	info	queue reader started	{"host": "127.0.0.1:63280", "shard-id": 4, "address": "127.0.0.1:63280", "component": "transfer-queue-processor", "queue-reader-id": 0, "lifecycle": "Started", "logging-call-at": "/Users/shivamsaraf/Desktop/work/temporal/common/log/with_logger.go:66"}
2025-03-19T11:38:43.102-0400	info	none	{"host": "127.0.0.1:63280", "shard-id": 4, "address": "127.0.0.1:63280", "component": "timer-queue-processor", "lifecycle": "Started", "logging-call-at": "/Users/shivamsaraf/Desktop/work/temporal/common/log/with_logger.go:66"}
2025-03-19T11:38:43.102-0400	info	none	{"host": "127.0.0.1:63280", "shard-id": 4, "address": "127.0.0.1:63280", "component": "visibility-queue-processor", "lifecycle": "Starting", "logging-call-at": "/Users/shivamsaraf/Desktop/work/temporal/common/log/with_logger.go:66"}
2025-03-19T11:38:43.102-0400	info	Task rescheduler started.	{"host": "127.0.0.1:63280", "shard-id": 4, "address": "127.0.0.1:63280", "component": "visibility-queue-processor", "lifecycle": "Started", "logging-call-at": "/Users/shivamsaraf/Desktop/work/temporal/common/log/with_logger.go:66"}
2025-03-19T11:38:43.102-0400	info	none	{"host": "127.0.0.1:63280", "shard-id": 2, "address": "127.0.0.1:63280", "component": "transfer-queue-processor", "lifecycle": "Started", "logging-call-at": "/Users/shivamsaraf/Desktop/work/temporal/common/log/with_logger.go:66"}
2025-03-19T11:38:43.102-0400	info	none	{"host": "127.0.0.1:63280", "shard-id": 4, "address": "127.0.0.1:63280", "component": "visibility-queue-processor", "lifecycle": "Started", "logging-call-at": "/Users/shivamsaraf/Desktop/work/temporal/common/log/with_logger.go:66"}
2025-03-19T11:38:43.102-0400	error	Queue reader unable to retrieve tasks	{"host": "127.0.0.1:63280", "shard-id": 4, "address": "127.0.0.1:63280", "component": "outbound-queue-processor", "queue-reader-id": 0, "error": "shard status unknown", "logging-call-at": "/Users/shivamsaraf/Desktop/work/temporal/common/log/with_logger.go:76"}
go.temporal.io/server/common/log.(*zapLogger).Error
	/Users/shivamsaraf/Desktop/work/temporal/common/log/zap_logger.go:156
go.temporal.io/server/common/testing/testlogger.(*TestLogger).Error
	/Users/shivamsaraf/Desktop/work/temporal/common/testing/testlogger/testlogger.go:366
go.temporal.io/server/common/log.(*withLogger).Error
	/Users/shivamsaraf/Desktop/work/temporal/common/log/with_logger.go:76
go.temporal.io/server/common/log.(*withLogger).Error
	/Users/shivamsaraf/Desktop/work/temporal/common/log/with_logger.go:76
go.temporal.io/server/common/log.(*withLogger).Error
	/Users/shivamsaraf/Desktop/work/temporal/common/log/with_logger.go:76
go.temporal.io/server/common/log.(*withLogger).Error
	/Users/shivamsaraf/Desktop/work/temporal/common/log/with_logger.go:76
go.temporal.io/server/service/history/queues.(*ReaderImpl).loadAndSubmitTasks
	/Users/shivamsaraf/Desktop/work/temporal/service/history/queues/reader.go:474
go.temporal.io/server/service/history/queues.(*ReaderImpl).eventLoop
	/Users/shivamsaraf/Desktop/work/temporal/service/history/queues/reader.go:440
2025-03-19T11:38:43.102-0400	info	none	{"host": "127.0.0.1:63280", "shard-id": 4, "address": "127.0.0.1:63280", "component": "history-engine", "lifecycle": "Started", "logging-call-at": "/Users/shivamsaraf/Desktop/work/temporal/common/log/with_logger.go:66"}
2025-03-19T11:38:43.102-0400	error	Queue reader unable to retrieve tasks	{"host": "127.0.0.1:63280", "shard-id": 4, "address": "127.0.0.1:63280", "component": "transfer-queue-processor", "queue-reader-id": 0, "error": "shard status unknown", "logging-call-at": "/Users/shivamsaraf/Desktop/work/temporal/common/log/with_logger.go:76"}
go.temporal.io/server/common/log.(*zapLogger).Error
	/Users/shivamsaraf/Desktop/work/temporal/common/log/zap_logger.go:156
go.temporal.io/server/common/testing/testlogger.(*TestLogger).Error
	/Users/shivamsaraf/Desktop/work/temporal/common/testing/testlogger/testlogger.go:366
go.temporal.io/server/common/log.(*withLogger).Error
	/Users/shivamsaraf/Desktop/work/temporal/common/log/with_logger.go:76
go.temporal.io/server/common/log.(*withLogger).Error
	/Users/shivamsaraf/Desktop/work/temporal/common/log/with_logger.go:76
go.temporal.io/server/common/log.(*withLogger).Error
	/Users/shivamsaraf/Desktop/work/temporal/common/log/with_logger.go:76
go.temporal.io/server/common/log.(*withLogger).Error
	/Users/shivamsaraf/Desktop/work/temporal/common/log/with_logger.go:76
go.temporal.io/server/service/history/queues.(*ReaderImpl).loadAndSubmitTasks
	/Users/shivamsaraf/Desktop/work/temporal/service/history/queues/reader.go:474
go.temporal.io/server/service/history/queues.(*ReaderImpl).eventLoop
	/Users/shivamsaraf/Desktop/work/temporal/service/history/queues/reader.go:440
2025-03-19T11:38:43.102-0400	info	none	{"host": "127.0.0.1:63280", "shard-id": 2, "address": "127.0.0.1:63280", "component": "timer-queue-processor", "lifecycle": "Starting", "logging-call-at": "/Users/shivamsaraf/Desktop/work/temporal/common/log/with_logger.go:66"}
2025-03-19T11:38:43.102-0400	info	queue reader started	{"host": "127.0.0.1:63280", "shard-id": 4, "address": "127.0.0.1:63280", "component": "timer-queue-processor", "queue-reader-id": 0, "lifecycle": "Started", "logging-call-at": "/Users/shivamsaraf/Desktop/work/temporal/common/log/with_logger.go:66"}
2025-03-19T11:38:43.102-0400	info	none	{"host": "127.0.0.1:63280", "shard-id": 4, "address": "127.0.0.1:63280", "lifecycle": "Started", "component": "shard-engine", "logging-call-at": "/Users/shivamsaraf/Desktop/work/temporal/common/log/with_logger.go:66"}
2025-03-19T11:38:43.102-0400	info	queue reader started	{"host": "127.0.0.1:63280", "shard-id": 4, "address": "127.0.0.1:63280", "component": "visibility-queue-processor", "queue-reader-id": 0, "lifecycle": "Started", "logging-call-at": "/Users/shivamsaraf/Desktop/work/temporal/common/log/with_logger.go:66"}
2025-03-19T11:38:43.102-0400	info	queue reader started	{"host": "127.0.0.1:63280", "shard-id": 2, "address": "127.0.0.1:63280", "component": "transfer-queue-processor", "queue-reader-id": 0, "lifecycle": "Started", "logging-call-at": "/Users/shivamsaraf/Desktop/work/temporal/common/log/with_logger.go:66"}
2025-03-19T11:38:43.102-0400	info	Task rescheduler started.	{"host": "127.0.0.1:63280", "shard-id": 2, "address": "127.0.0.1:63280", "component": "timer-queue-processor", "lifecycle": "Started", "logging-call-at": "/Users/shivamsaraf/Desktop/work/temporal/common/log/with_logger.go:66"}
2025-03-19T11:38:43.102-0400	info	none	{"host": "127.0.0.1:63280", "shard-id": 2, "address": "127.0.0.1:63280", "component": "timer-queue-processor", "lifecycle": "Started", "logging-call-at": "/Users/shivamsaraf/Desktop/work/temporal/common/log/with_logger.go:66"}
2025-03-19T11:38:43.102-0400	info	none	{"host": "127.0.0.1:63280", "shard-id": 2, "address": "127.0.0.1:63280", "component": "visibility-queue-processor", "lifecycle": "Starting", "logging-call-at": "/Users/shivamsaraf/Desktop/work/temporal/common/log/with_logger.go:66"}
2025-03-19T11:38:43.102-0400	info	Task rescheduler started.	{"host": "127.0.0.1:63280", "shard-id": 2, "address": "127.0.0.1:63280", "component": "visibility-queue-processor", "lifecycle": "Started", "logging-call-at": "/Users/shivamsaraf/Desktop/work/temporal/common/log/with_logger.go:66"}
2025-03-19T11:38:43.102-0400	info	queue reader started	{"host": "127.0.0.1:63280", "shard-id": 2, "address": "127.0.0.1:63280", "component": "timer-queue-processor", "queue-reader-id": 0, "lifecycle": "Started", "logging-call-at": "/Users/shivamsaraf/Desktop/work/temporal/common/log/with_logger.go:66"}
2025-03-19T11:38:43.102-0400	info	none	{"host": "127.0.0.1:63280", "shard-id": 2, "address": "127.0.0.1:63280", "component": "visibility-queue-processor", "lifecycle": "Started", "logging-call-at": "/Users/shivamsaraf/Desktop/work/temporal/common/log/with_logger.go:66"}
2025-03-19T11:38:43.102-0400	error	Queue reader unable to retrieve tasks	{"host": "127.0.0.1:63280", "shard-id": 2, "address": "127.0.0.1:63280", "component": "transfer-queue-processor", "queue-reader-id": 0, "error": "shard status unknown", "logging-call-at": "/Users/shivamsaraf/Desktop/work/temporal/common/log/with_logger.go:76"}
go.temporal.io/server/common/log.(*zapLogger).Error
	/Users/shivamsaraf/Desktop/work/temporal/common/log/zap_logger.go:156
go.temporal.io/server/common/testing/testlogger.(*TestLogger).Error
	/Users/shivamsaraf/Desktop/work/temporal/common/testing/testlogger/testlogger.go:366
go.temporal.io/server/common/log.(*withLogger).Error
	/Users/shivamsaraf/Desktop/work/temporal/common/log/with_logger.go:76
go.temporal.io/server/common/log.(*withLogger).Error
	/Users/shivamsaraf/Desktop/work/temporal/common/log/with_logger.go:76
go.temporal.io/server/common/log.(*withLogger).Error
	/Users/shivamsaraf/Desktop/work/temporal/common/log/with_logger.go:76
go.temporal.io/server/common/log.(*withLogger).Error
	/Users/shivamsaraf/Desktop/work/temporal/common/log/with_logger.go:76
go.temporal.io/server/service/history/queues.(*ReaderImpl).loadAndSubmitTasks
	/Users/shivamsaraf/Desktop/work/temporal/service/history/queues/reader.go:474
go.temporal.io/server/service/history/queues.(*ReaderImpl).eventLoop
	/Users/shivamsaraf/Desktop/work/temporal/service/history/queues/reader.go:440
2025-03-19T11:38:43.102-0400	info	none	{"host": "127.0.0.1:63280", "shard-id": 2, "address": "127.0.0.1:63280", "component": "outbound-queue-processor", "lifecycle": "Starting", "logging-call-at": "/Users/shivamsaraf/Desktop/work/temporal/common/log/with_logger.go:66"}
2025-03-19T11:38:43.102-0400	error	Queue reader unable to retrieve tasks	{"host": "127.0.0.1:63280", "shard-id": 2, "address": "127.0.0.1:63280", "component": "timer-queue-processor", "queue-reader-id": 0, "error": "shard status unknown", "logging-call-at": "/Users/shivamsaraf/Desktop/work/temporal/common/log/with_logger.go:76"}
go.temporal.io/server/common/log.(*zapLogger).Error
	/Users/shivamsaraf/Desktop/work/temporal/common/log/zap_logger.go:156
go.temporal.io/server/common/testing/testlogger.(*TestLogger).Error
	/Users/shivamsaraf/Desktop/work/temporal/common/testing/testlogger/testlogger.go:366
go.temporal.io/server/common/log.(*withLogger).Error
	/Users/shivamsaraf/Desktop/work/temporal/common/log/with_logger.go:76
go.temporal.io/server/common/log.(*withLogger).Error
	/Users/shivamsaraf/Desktop/work/temporal/common/log/with_logger.go:76
go.temporal.io/server/common/log.(*withLogger).Error
	/Users/shivamsaraf/Desktop/work/temporal/common/log/with_logger.go:76
go.temporal.io/server/common/log.(*withLogger).Error
	/Users/shivamsaraf/Desktop/work/temporal/common/log/with_logger.go:76
go.temporal.io/server/service/history/queues.(*ReaderImpl).loadAndSubmitTasks
	/Users/shivamsaraf/Desktop/work/temporal/service/history/queues/reader.go:474
go.temporal.io/server/service/history/queues.(*ReaderImpl).eventLoop
	/Users/shivamsaraf/Desktop/work/temporal/service/history/queues/reader.go:440
2025-03-19T11:38:43.102-0400	info	queue reader started	{"host": "127.0.0.1:63280", "shard-id": 2, "address": "127.0.0.1:63280", "component": "visibility-queue-processor", "queue-reader-id": 0, "lifecycle": "Started", "logging-call-at": "/Users/shivamsaraf/Desktop/work/temporal/common/log/with_logger.go:66"}
2025-03-19T11:38:43.102-0400	info	Task rescheduler started.	{"host": "127.0.0.1:63280", "shard-id": 2, "address": "127.0.0.1:63280", "component": "outbound-queue-processor", "lifecycle": "Started", "logging-call-at": "/Users/shivamsaraf/Desktop/work/temporal/common/log/with_logger.go:66"}
2025-03-19T11:38:43.102-0400	info	Range updated for shardID	{"host": "127.0.0.1:63280", "shard-id": 3, "address": "127.0.0.1:63280", "shard-range-id": 1, "previous-shard-range-id": 0, "logging-call-at": "/Users/shivamsaraf/Desktop/work/temporal/common/log/with_logger.go:66"}
2025-03-19T11:38:43.102-0400	info	none	{"host": "127.0.0.1:63280", "shard-id": 2, "address": "127.0.0.1:63280", "component": "outbound-queue-processor", "lifecycle": "Started", "logging-call-at": "/Users/shivamsaraf/Desktop/work/temporal/common/log/with_logger.go:66"}
2025-03-19T11:38:43.102-0400	info	Task key range updated	{"host": "127.0.0.1:63280", "shard-id": 3, "address": "127.0.0.1:63280", "number": 1048576, "next-number": 2097152, "logging-call-at": "/Users/shivamsaraf/Desktop/work/temporal/common/log/with_logger.go:66"}
2025-03-19T11:38:43.102-0400	info	none	{"host": "127.0.0.1:63280", "service": "history", "component": "memory-scheduled-queue-processor", "lifecycle": "Starting", "logging-call-at": "/Users/shivamsaraf/Desktop/work/temporal/common/log/with_logger.go:66"}
2025-03-19T11:38:43.103-0400	info	Acquired shard	{"host": "127.0.0.1:63280", "shard-id": 3, "address": "127.0.0.1:63280", "logging-call-at": "/Users/shivamsaraf/Desktop/work/temporal/common/log/with_logger.go:66"}
2025-03-19T11:38:43.103-0400	info	none	{"host": "127.0.0.1:63280", "service": "history", "component": "memory-scheduled-queue-processor", "lifecycle": "Started", "logging-call-at": "/Users/shivamsaraf/Desktop/work/temporal/common/log/with_logger.go:66"}
2025-03-19T11:38:43.103-0400	info	queue reader started	{"host": "127.0.0.1:63280", "shard-id": 2, "address": "127.0.0.1:63280", "component": "outbound-queue-processor", "queue-reader-id": 0, "lifecycle": "Started", "logging-call-at": "/Users/shivamsaraf/Desktop/work/temporal/common/log/with_logger.go:66"}
2025-03-19T11:38:43.103-0400	info	none	{"host": "127.0.0.1:63280", "shard-id": 3, "address": "127.0.0.1:63280", "lifecycle": "Starting", "component": "shard-engine", "logging-call-at": "/Users/shivamsaraf/Desktop/work/temporal/common/log/with_logger.go:66"}
2025-03-19T11:38:43.102-0400	error	Queue reader unable to retrieve tasks	{"host": "127.0.0.1:63280", "shard-id": 2, "address": "127.0.0.1:63280", "component": "visibility-queue-processor", "queue-reader-id": 0, "error": "shard status unknown", "logging-call-at": "/Users/shivamsaraf/Desktop/work/temporal/common/log/with_logger.go:76"}
go.temporal.io/server/common/log.(*zapLogger).Error
	/Users/shivamsaraf/Desktop/work/temporal/common/log/zap_logger.go:156
go.temporal.io/server/common/testing/testlogger.(*TestLogger).Error
	/Users/shivamsaraf/Desktop/work/temporal/common/testing/testlogger/testlogger.go:366
go.temporal.io/server/common/log.(*withLogger).Error
	/Users/shivamsaraf/Desktop/work/temporal/common/log/with_logger.go:76
go.temporal.io/server/common/log.(*withLogger).Error
	/Users/shivamsaraf/Desktop/work/temporal/common/log/with_logger.go:76
go.temporal.io/server/common/log.(*withLogger).Error
	/Users/shivamsaraf/Desktop/work/temporal/common/log/with_logger.go:76
go.temporal.io/server/common/log.(*withLogger).Error
	/Users/shivamsaraf/Desktop/work/temporal/common/log/with_logger.go:76
go.temporal.io/server/service/history/queues.(*ReaderImpl).loadAndSubmitTasks
	/Users/shivamsaraf/Desktop/work/temporal/service/history/queues/reader.go:474
go.temporal.io/server/service/history/queues.(*ReaderImpl).eventLoop
	/Users/shivamsaraf/Desktop/work/temporal/service/history/queues/reader.go:440
2025-03-19T11:38:43.103-0400	info	none	{"host": "127.0.0.1:63280", "shard-id": 2, "address": "127.0.0.1:63280", "component": "history-engine", "lifecycle": "Started", "logging-call-at": "/Users/shivamsaraf/Desktop/work/temporal/common/log/with_logger.go:66"}
2025-03-19T11:38:43.103-0400	info	none	{"host": "127.0.0.1:63280", "shard-id": 2, "address": "127.0.0.1:63280", "lifecycle": "Started", "component": "shard-engine", "logging-call-at": "/Users/shivamsaraf/Desktop/work/temporal/common/log/with_logger.go:66"}
2025-03-19T11:38:43.103-0400	error	Queue reader unable to retrieve tasks	{"host": "127.0.0.1:63280", "shard-id": 2, "address": "127.0.0.1:63280", "component": "outbound-queue-processor", "queue-reader-id": 0, "error": "shard status unknown", "logging-call-at": "/Users/shivamsaraf/Desktop/work/temporal/common/log/with_logger.go:76"}
go.temporal.io/server/common/log.(*zapLogger).Error
	/Users/shivamsaraf/Desktop/work/temporal/common/log/zap_logger.go:156
go.temporal.io/server/common/testing/testlogger.(*TestLogger).Error
	/Users/shivamsaraf/Desktop/work/temporal/common/testing/testlogger/testlogger.go:366
go.temporal.io/server/common/log.(*withLogger).Error
	/Users/shivamsaraf/Desktop/work/temporal/common/log/with_logger.go:76
go.temporal.io/server/common/log.(*withLogger).Error
	/Users/shivamsaraf/Desktop/work/temporal/common/log/with_logger.go:76
go.temporal.io/server/common/log.(*withLogger).Error
	/Users/shivamsaraf/Desktop/work/temporal/common/log/with_logger.go:76
go.temporal.io/server/common/log.(*withLogger).Error
	/Users/shivamsaraf/Desktop/work/temporal/common/log/with_logger.go:76
go.temporal.io/server/service/history/queues.(*ReaderImpl).loadAndSubmitTasks
	/Users/shivamsaraf/Desktop/work/temporal/service/history/queues/reader.go:474
go.temporal.io/server/service/history/queues.(*ReaderImpl).eventLoop
	/Users/shivamsaraf/Desktop/work/temporal/service/history/queues/reader.go:440
2025-03-19T11:38:43.103-0400	info	none	{"host": "127.0.0.1:63280", "shard-id": 3, "address": "127.0.0.1:63280", "component": "history-engine", "lifecycle": "Starting", "logging-call-at": "/Users/shivamsaraf/Desktop/work/temporal/common/log/with_logger.go:66"}
2025-03-19T11:38:43.103-0400	info	none	{"host": "127.0.0.1:63280", "service": "history", "component": "memory-scheduled-queue-processor", "lifecycle": "Starting", "logging-call-at": "/Users/shivamsaraf/Desktop/work/temporal/common/log/with_logger.go:66"}
2025-03-19T11:38:43.103-0400	info	none	{"host": "127.0.0.1:63280", "service": "history", "component": "memory-scheduled-queue-processor", "lifecycle": "Started", "logging-call-at": "/Users/shivamsaraf/Desktop/work/temporal/common/log/with_logger.go:66"}
2025-03-19T11:38:43.103-0400	info	none	{"host": "127.0.0.1:63280", "shard-id": 3, "address": "127.0.0.1:63280", "component": "transfer-queue-processor", "lifecycle": "Starting", "logging-call-at": "/Users/shivamsaraf/Desktop/work/temporal/common/log/with_logger.go:66"}
2025-03-19T11:38:43.103-0400	info	Task rescheduler started.	{"host": "127.0.0.1:63280", "shard-id": 3, "address": "127.0.0.1:63280", "component": "transfer-queue-processor", "lifecycle": "Started", "logging-call-at": "/Users/shivamsaraf/Desktop/work/temporal/common/log/with_logger.go:66"}
2025-03-19T11:38:43.103-0400	info	none	{"host": "127.0.0.1:63280", "shard-id": 3, "address": "127.0.0.1:63280", "component": "transfer-queue-processor", "lifecycle": "Started", "logging-call-at": "/Users/shivamsaraf/Desktop/work/temporal/common/log/with_logger.go:66"}
2025-03-19T11:38:43.103-0400	info	none	{"host": "127.0.0.1:63280", "shard-id": 3, "address": "127.0.0.1:63280", "component": "timer-queue-processor", "lifecycle": "Starting", "logging-call-at": "/Users/shivamsaraf/Desktop/work/temporal/common/log/with_logger.go:66"}
2025-03-19T11:38:43.103-0400	info	queue reader started	{"host": "127.0.0.1:63280", "shard-id": 3, "address": "127.0.0.1:63280", "component": "transfer-queue-processor", "queue-reader-id": 0, "lifecycle": "Started", "logging-call-at": "/Users/shivamsaraf/Desktop/work/temporal/common/log/with_logger.go:66"}
2025-03-19T11:38:43.103-0400	info	Task rescheduler started.	{"host": "127.0.0.1:63280", "shard-id": 3, "address": "127.0.0.1:63280", "component": "timer-queue-processor", "lifecycle": "Started", "logging-call-at": "/Users/shivamsaraf/Desktop/work/temporal/common/log/with_logger.go:66"}
2025-03-19T11:38:43.103-0400	info	none	{"host": "127.0.0.1:63280", "shard-id": 3, "address": "127.0.0.1:63280", "component": "timer-queue-processor", "lifecycle": "Started", "logging-call-at": "/Users/shivamsaraf/Desktop/work/temporal/common/log/with_logger.go:66"}
2025-03-19T11:38:43.103-0400	info	none	{"host": "127.0.0.1:63280", "shard-id": 3, "address": "127.0.0.1:63280", "component": "visibility-queue-processor", "lifecycle": "Starting", "logging-call-at": "/Users/shivamsaraf/Desktop/work/temporal/common/log/with_logger.go:66"}
2025-03-19T11:38:43.103-0400	error	Queue reader unable to retrieve tasks	{"host": "127.0.0.1:63280", "shard-id": 3, "address": "127.0.0.1:63280", "component": "transfer-queue-processor", "queue-reader-id": 0, "error": "shard status unknown", "logging-call-at": "/Users/shivamsaraf/Desktop/work/temporal/common/log/with_logger.go:76"}
go.temporal.io/server/common/log.(*zapLogger).Error
	/Users/shivamsaraf/Desktop/work/temporal/common/log/zap_logger.go:156
go.temporal.io/server/common/testing/testlogger.(*TestLogger).Error
	/Users/shivamsaraf/Desktop/work/temporal/common/testing/testlogger/testlogger.go:366
go.temporal.io/server/common/log.(*withLogger).Error
	/Users/shivamsaraf/Desktop/work/temporal/common/log/with_logger.go:76
go.temporal.io/server/common/log.(*withLogger).Error
	/Users/shivamsaraf/Desktop/work/temporal/common/log/with_logger.go:76
go.temporal.io/server/common/log.(*withLogger).Error
	/Users/shivamsaraf/Desktop/work/temporal/common/log/with_logger.go:76
go.temporal.io/server/common/log.(*withLogger).Error
	/Users/shivamsaraf/Desktop/work/temporal/common/log/with_logger.go:76
go.temporal.io/server/service/history/queues.(*ReaderImpl).loadAndSubmitTasks
	/Users/shivamsaraf/Desktop/work/temporal/service/history/queues/reader.go:474
go.temporal.io/server/service/history/queues.(*ReaderImpl).eventLoop
	/Users/shivamsaraf/Desktop/work/temporal/service/history/queues/reader.go:440
2025-03-19T11:38:43.103-0400	info	Task rescheduler started.	{"host": "127.0.0.1:63280", "shard-id": 3, "address": "127.0.0.1:63280", "component": "visibility-queue-processor", "lifecycle": "Started", "logging-call-at": "/Users/shivamsaraf/Desktop/work/temporal/common/log/with_logger.go:66"}
2025-03-19T11:38:43.103-0400	info	queue reader started	{"host": "127.0.0.1:63280", "shard-id": 3, "address": "127.0.0.1:63280", "component": "timer-queue-processor", "queue-reader-id": 0, "lifecycle": "Started", "logging-call-at": "/Users/shivamsaraf/Desktop/work/temporal/common/log/with_logger.go:66"}
2025-03-19T11:38:43.103-0400	info	none	{"host": "127.0.0.1:63280", "shard-id": 3, "address": "127.0.0.1:63280", "component": "visibility-queue-processor", "lifecycle": "Started", "logging-call-at": "/Users/shivamsaraf/Desktop/work/temporal/common/log/with_logger.go:66"}
2025-03-19T11:38:43.103-0400	info	none	{"host": "127.0.0.1:63280", "shard-id": 3, "address": "127.0.0.1:63280", "component": "outbound-queue-processor", "lifecycle": "Starting", "logging-call-at": "/Users/shivamsaraf/Desktop/work/temporal/common/log/with_logger.go:66"}
2025-03-19T11:38:43.103-0400	error	Queue reader unable to retrieve tasks	{"host": "127.0.0.1:63280", "shard-id": 3, "address": "127.0.0.1:63280", "component": "timer-queue-processor", "queue-reader-id": 0, "error": "shard status unknown", "logging-call-at": "/Users/shivamsaraf/Desktop/work/temporal/common/log/with_logger.go:76"}
go.temporal.io/server/common/log.(*zapLogger).Error
	/Users/shivamsaraf/Desktop/work/temporal/common/log/zap_logger.go:156
go.temporal.io/server/common/testing/testlogger.(*TestLogger).Error
	/Users/shivamsaraf/Desktop/work/temporal/common/testing/testlogger/testlogger.go:366
go.temporal.io/server/common/log.(*withLogger).Error
	/Users/shivamsaraf/Desktop/work/temporal/common/log/with_logger.go:76
go.temporal.io/server/common/log.(*withLogger).Error
	/Users/shivamsaraf/Desktop/work/temporal/common/log/with_logger.go:76
go.temporal.io/server/common/log.(*withLogger).Error
	/Users/shivamsaraf/Desktop/work/temporal/common/log/with_logger.go:76
go.temporal.io/server/common/log.(*withLogger).Error
	/Users/shivamsaraf/Desktop/work/temporal/common/log/with_logger.go:76
go.temporal.io/server/service/history/queues.(*ReaderImpl).loadAndSubmitTasks
	/Users/shivamsaraf/Desktop/work/temporal/service/history/queues/reader.go:474
go.temporal.io/server/service/history/queues.(*ReaderImpl).eventLoop
	/Users/shivamsaraf/Desktop/work/temporal/service/history/queues/reader.go:440
2025-03-19T11:38:43.103-0400	info	Task rescheduler started.	{"host": "127.0.0.1:63280", "shard-id": 3, "address": "127.0.0.1:63280", "component": "outbound-queue-processor", "lifecycle": "Started", "logging-call-at": "/Users/shivamsaraf/Desktop/work/temporal/common/log/with_logger.go:66"}
2025-03-19T11:38:43.103-0400	info	queue reader started	{"host": "127.0.0.1:63280", "shard-id": 3, "address": "127.0.0.1:63280", "component": "visibility-queue-processor", "queue-reader-id": 0, "lifecycle": "Started", "logging-call-at": "/Users/shivamsaraf/Desktop/work/temporal/common/log/with_logger.go:66"}
2025-03-19T11:38:43.103-0400	info	none	{"host": "127.0.0.1:63280", "shard-id": 3, "address": "127.0.0.1:63280", "component": "outbound-queue-processor", "lifecycle": "Started", "logging-call-at": "/Users/shivamsaraf/Desktop/work/temporal/common/log/with_logger.go:66"}
2025-03-19T11:38:43.103-0400	info	none	{"host": "127.0.0.1:63280", "shard-id": 3, "address": "127.0.0.1:63280", "component": "history-engine", "lifecycle": "Started", "logging-call-at": "/Users/shivamsaraf/Desktop/work/temporal/common/log/with_logger.go:66"}
2025-03-19T11:38:43.103-0400	info	queue reader started	{"host": "127.0.0.1:63280", "shard-id": 3, "address": "127.0.0.1:63280", "component": "outbound-queue-processor", "queue-reader-id": 0, "lifecycle": "Started", "logging-call-at": "/Users/shivamsaraf/Desktop/work/temporal/common/log/with_logger.go:66"}
2025-03-19T11:38:43.103-0400	error	Queue reader unable to retrieve tasks	{"host": "127.0.0.1:63280", "shard-id": 3, "address": "127.0.0.1:63280", "component": "visibility-queue-processor", "queue-reader-id": 0, "error": "shard status unknown", "logging-call-at": "/Users/shivamsaraf/Desktop/work/temporal/common/log/with_logger.go:76"}
go.temporal.io/server/common/log.(*zapLogger).Error
	/Users/shivamsaraf/Desktop/work/temporal/common/log/zap_logger.go:156
go.temporal.io/server/common/testing/testlogger.(*TestLogger).Error
	/Users/shivamsaraf/Desktop/work/temporal/common/testing/testlogger/testlogger.go:366
go.temporal.io/server/common/log.(*withLogger).Error
	/Users/shivamsaraf/Desktop/work/temporal/common/log/with_logger.go:76
go.temporal.io/server/common/log.(*withLogger).Error
	/Users/shivamsaraf/Desktop/work/temporal/common/log/with_logger.go:76
go.temporal.io/server/common/log.(*withLogger).Error
	/Users/shivamsaraf/Desktop/work/temporal/common/log/with_logger.go:76
go.temporal.io/server/common/log.(*withLogger).Error
	/Users/shivamsaraf/Desktop/work/temporal/common/log/with_logger.go:76
go.temporal.io/server/service/history/queues.(*ReaderImpl).loadAndSubmitTasks
	/Users/shivamsaraf/Desktop/work/temporal/service/history/queues/reader.go:474
go.temporal.io/server/service/history/queues.(*ReaderImpl).eventLoop
	/Users/shivamsaraf/Desktop/work/temporal/service/history/queues/reader.go:440
2025-03-19T11:38:43.103-0400	info	none	{"host": "127.0.0.1:63280", "shard-id": 3, "address": "127.0.0.1:63280", "lifecycle": "Started", "component": "shard-engine", "logging-call-at": "/Users/shivamsaraf/Desktop/work/temporal/common/log/with_logger.go:66"}
2025-03-19T11:38:43.103-0400	info	Range updated for shardID	{"host": "127.0.0.1:63280", "shard-id": 1, "address": "127.0.0.1:63280", "shard-range-id": 1, "previous-shard-range-id": 0, "logging-call-at": "/Users/shivamsaraf/Desktop/work/temporal/common/log/with_logger.go:66"}
2025-03-19T11:38:43.103-0400	info	Task key range updated	{"host": "127.0.0.1:63280", "shard-id": 1, "address": "127.0.0.1:63280", "number": 1048576, "next-number": 2097152, "logging-call-at": "/Users/shivamsaraf/Desktop/work/temporal/common/log/with_logger.go:66"}
2025-03-19T11:38:43.103-0400	info	Acquired shard	{"host": "127.0.0.1:63280", "shard-id": 1, "address": "127.0.0.1:63280", "logging-call-at": "/Users/shivamsaraf/Desktop/work/temporal/common/log/with_logger.go:66"}
2025-03-19T11:38:43.103-0400	info	none	{"host": "127.0.0.1:63280", "shard-id": 1, "address": "127.0.0.1:63280", "lifecycle": "Starting", "component": "shard-engine", "logging-call-at": "/Users/shivamsaraf/Desktop/work/temporal/common/log/with_logger.go:66"}
2025-03-19T11:38:43.104-0400	info	none	{"host": "127.0.0.1:63280", "shard-id": 1, "address": "127.0.0.1:63280", "component": "history-engine", "lifecycle": "Starting", "logging-call-at": "/Users/shivamsaraf/Desktop/work/temporal/common/log/with_logger.go:66"}
2025-03-19T11:38:43.104-0400	info	none	{"host": "127.0.0.1:63280", "shard-id": 1, "address": "127.0.0.1:63280", "component": "outbound-queue-processor", "lifecycle": "Starting", "logging-call-at": "/Users/shivamsaraf/Desktop/work/temporal/common/log/with_logger.go:66"}
2025-03-19T11:38:43.104-0400	info	Task rescheduler started.	{"host": "127.0.0.1:63280", "shard-id": 1, "address": "127.0.0.1:63280", "component": "outbound-queue-processor", "lifecycle": "Started", "logging-call-at": "/Users/shivamsaraf/Desktop/work/temporal/common/log/with_logger.go:66"}
2025-03-19T11:38:43.104-0400	info	none	{"host": "127.0.0.1:63280", "shard-id": 1, "address": "127.0.0.1:63280", "component": "outbound-queue-processor", "lifecycle": "Started", "logging-call-at": "/Users/shivamsaraf/Desktop/work/temporal/common/log/with_logger.go:66"}
2025-03-19T11:38:43.104-0400	info	none	{"host": "127.0.0.1:63280", "service": "history", "component": "memory-scheduled-queue-processor", "lifecycle": "Starting", "logging-call-at": "/Users/shivamsaraf/Desktop/work/temporal/common/log/with_logger.go:66"}
2025-03-19T11:38:43.104-0400	info	none	{"host": "127.0.0.1:63280", "service": "history", "component": "memory-scheduled-queue-processor", "lifecycle": "Started", "logging-call-at": "/Users/shivamsaraf/Desktop/work/temporal/common/log/with_logger.go:66"}
2025-03-19T11:38:43.104-0400	info	queue reader started	{"host": "127.0.0.1:63280", "shard-id": 1, "address": "127.0.0.1:63280", "component": "outbound-queue-processor", "queue-reader-id": 0, "lifecycle": "Started", "logging-call-at": "/Users/shivamsaraf/Desktop/work/temporal/common/log/with_logger.go:66"}
2025-03-19T11:38:43.104-0400	info	none	{"host": "127.0.0.1:63280", "shard-id": 1, "address": "127.0.0.1:63280", "component": "transfer-queue-processor", "lifecycle": "Starting", "logging-call-at": "/Users/shivamsaraf/Desktop/work/temporal/common/log/with_logger.go:66"}
2025-03-19T11:38:43.104-0400	info	Task rescheduler started.	{"host": "127.0.0.1:63280", "shard-id": 1, "address": "127.0.0.1:63280", "component": "transfer-queue-processor", "lifecycle": "Started", "logging-call-at": "/Users/shivamsaraf/Desktop/work/temporal/common/log/with_logger.go:66"}
2025-03-19T11:38:43.104-0400	error	Queue reader unable to retrieve tasks	{"host": "127.0.0.1:63280", "shard-id": 1, "address": "127.0.0.1:63280", "component": "outbound-queue-processor", "queue-reader-id": 0, "error": "shard status unknown", "logging-call-at": "/Users/shivamsaraf/Desktop/work/temporal/common/log/with_logger.go:76"}
go.temporal.io/server/common/log.(*zapLogger).Error
	/Users/shivamsaraf/Desktop/work/temporal/common/log/zap_logger.go:156
go.temporal.io/server/common/testing/testlogger.(*TestLogger).Error
	/Users/shivamsaraf/Desktop/work/temporal/common/testing/testlogger/testlogger.go:366
go.temporal.io/server/common/log.(*withLogger).Error
	/Users/shivamsaraf/Desktop/work/temporal/common/log/with_logger.go:76
go.temporal.io/server/common/log.(*withLogger).Error
	/Users/shivamsaraf/Desktop/work/temporal/common/log/with_logger.go:76
go.temporal.io/server/common/log.(*withLogger).Error
	/Users/shivamsaraf/Desktop/work/temporal/common/log/with_logger.go:76
go.temporal.io/server/common/log.(*withLogger).Error
	/Users/shivamsaraf/Desktop/work/temporal/common/log/with_logger.go:76
go.temporal.io/server/service/history/queues.(*ReaderImpl).loadAndSubmitTasks
	/Users/shivamsaraf/Desktop/work/temporal/service/history/queues/reader.go:474
go.temporal.io/server/service/history/queues.(*ReaderImpl).eventLoop
	/Users/shivamsaraf/Desktop/work/temporal/service/history/queues/reader.go:440
2025-03-19T11:38:43.104-0400	info	none	{"host": "127.0.0.1:63280", "shard-id": 1, "address": "127.0.0.1:63280", "component": "transfer-queue-processor", "lifecycle": "Started", "logging-call-at": "/Users/shivamsaraf/Desktop/work/temporal/common/log/with_logger.go:66"}
2025-03-19T11:38:43.104-0400	info	none	{"host": "127.0.0.1:63280", "shard-id": 1, "address": "127.0.0.1:63280", "component": "timer-queue-processor", "lifecycle": "Starting", "logging-call-at": "/Users/shivamsaraf/Desktop/work/temporal/common/log/with_logger.go:66"}
2025-03-19T11:38:43.104-0400	info	queue reader started	{"host": "127.0.0.1:63280", "shard-id": 1, "address": "127.0.0.1:63280", "component": "transfer-queue-processor", "queue-reader-id": 0, "lifecycle": "Started", "logging-call-at": "/Users/shivamsaraf/Desktop/work/temporal/common/log/with_logger.go:66"}
2025-03-19T11:38:43.104-0400	info	Task rescheduler started.	{"host": "127.0.0.1:63280", "shard-id": 1, "address": "127.0.0.1:63280", "component": "timer-queue-processor", "lifecycle": "Started", "logging-call-at": "/Users/shivamsaraf/Desktop/work/temporal/common/log/with_logger.go:66"}
2025-03-19T11:38:43.104-0400	info	none	{"host": "127.0.0.1:63280", "shard-id": 1, "address": "127.0.0.1:63280", "component": "timer-queue-processor", "lifecycle": "Started", "logging-call-at": "/Users/shivamsaraf/Desktop/work/temporal/common/log/with_logger.go:66"}
2025-03-19T11:38:43.104-0400	info	none	{"host": "127.0.0.1:63280", "shard-id": 1, "address": "127.0.0.1:63280", "component": "visibility-queue-processor", "lifecycle": "Starting", "logging-call-at": "/Users/shivamsaraf/Desktop/work/temporal/common/log/with_logger.go:66"}
2025-03-19T11:38:43.104-0400	error	Queue reader unable to retrieve tasks	{"host": "127.0.0.1:63280", "shard-id": 1, "address": "127.0.0.1:63280", "component": "transfer-queue-processor", "queue-reader-id": 0, "error": "shard status unknown", "logging-call-at": "/Users/shivamsaraf/Desktop/work/temporal/common/log/with_logger.go:76"}
go.temporal.io/server/common/log.(*zapLogger).Error
	/Users/shivamsaraf/Desktop/work/temporal/common/log/zap_logger.go:156
go.temporal.io/server/common/testing/testlogger.(*TestLogger).Error
	/Users/shivamsaraf/Desktop/work/temporal/common/testing/testlogger/testlogger.go:366
go.temporal.io/server/common/log.(*withLogger).Error
	/Users/shivamsaraf/Desktop/work/temporal/common/log/with_logger.go:76
go.temporal.io/server/common/log.(*withLogger).Error
	/Users/shivamsaraf/Desktop/work/temporal/common/log/with_logger.go:76
go.temporal.io/server/common/log.(*withLogger).Error
	/Users/shivamsaraf/Desktop/work/temporal/common/log/with_logger.go:76
go.temporal.io/server/common/log.(*withLogger).Error
	/Users/shivamsaraf/Desktop/work/temporal/common/log/with_logger.go:76
go.temporal.io/server/service/history/queues.(*ReaderImpl).loadAndSubmitTasks
	/Users/shivamsaraf/Desktop/work/temporal/service/history/queues/reader.go:474
go.temporal.io/server/service/history/queues.(*ReaderImpl).eventLoop
	/Users/shivamsaraf/Desktop/work/temporal/service/history/queues/reader.go:440
2025-03-19T11:38:43.104-0400	info	queue reader started	{"host": "127.0.0.1:63280", "shard-id": 1, "address": "127.0.0.1:63280", "component": "timer-queue-processor", "queue-reader-id": 0, "lifecycle": "Started", "logging-call-at": "/Users/shivamsaraf/Desktop/work/temporal/common/log/with_logger.go:66"}
2025-03-19T11:38:43.104-0400	info	Task rescheduler started.	{"host": "127.0.0.1:63280", "shard-id": 1, "address": "127.0.0.1:63280", "component": "visibility-queue-processor", "lifecycle": "Started", "logging-call-at": "/Users/shivamsaraf/Desktop/work/temporal/common/log/with_logger.go:66"}
2025-03-19T11:38:43.104-0400	info	none	{"host": "127.0.0.1:63280", "shard-id": 1, "address": "127.0.0.1:63280", "component": "visibility-queue-processor", "lifecycle": "Started", "logging-call-at": "/Users/shivamsaraf/Desktop/work/temporal/common/log/with_logger.go:66"}
2025-03-19T11:38:43.104-0400	info	none	{"host": "127.0.0.1:63280", "shard-id": 1, "address": "127.0.0.1:63280", "component": "history-engine", "lifecycle": "Started", "logging-call-at": "/Users/shivamsaraf/Desktop/work/temporal/common/log/with_logger.go:66"}
2025-03-19T11:38:43.104-0400	info	queue reader started	{"host": "127.0.0.1:63280", "shard-id": 1, "address": "127.0.0.1:63280", "component": "visibility-queue-processor", "queue-reader-id": 0, "lifecycle": "Started", "logging-call-at": "/Users/shivamsaraf/Desktop/work/temporal/common/log/with_logger.go:66"}
2025-03-19T11:38:43.104-0400	info	none	{"host": "127.0.0.1:63280", "shard-id": 1, "address": "127.0.0.1:63280", "lifecycle": "Started", "component": "shard-engine", "logging-call-at": "/Users/shivamsaraf/Desktop/work/temporal/common/log/with_logger.go:66"}
2025-03-19T11:38:43.104-0400	error	Queue reader unable to retrieve tasks	{"host": "127.0.0.1:63280", "shard-id": 1, "address": "127.0.0.1:63280", "component": "timer-queue-processor", "queue-reader-id": 0, "error": "shard status unknown", "logging-call-at": "/Users/shivamsaraf/Desktop/work/temporal/common/log/with_logger.go:76"}
go.temporal.io/server/common/log.(*zapLogger).Error
	/Users/shivamsaraf/Desktop/work/temporal/common/log/zap_logger.go:156
go.temporal.io/server/common/testing/testlogger.(*TestLogger).Error
	/Users/shivamsaraf/Desktop/work/temporal/common/testing/testlogger/testlogger.go:366
go.temporal.io/server/common/log.(*withLogger).Error
	/Users/shivamsaraf/Desktop/work/temporal/common/log/with_logger.go:76
go.temporal.io/server/common/log.(*withLogger).Error
	/Users/shivamsaraf/Desktop/work/temporal/common/log/with_logger.go:76
go.temporal.io/server/common/log.(*withLogger).Error
	/Users/shivamsaraf/Desktop/work/temporal/common/log/with_logger.go:76
go.temporal.io/server/common/log.(*withLogger).Error
	/Users/shivamsaraf/Desktop/work/temporal/common/log/with_logger.go:76
go.temporal.io/server/service/history/queues.(*ReaderImpl).loadAndSubmitTasks
	/Users/shivamsaraf/Desktop/work/temporal/service/history/queues/reader.go:474
go.temporal.io/server/service/history/queues.(*ReaderImpl).eventLoop
	/Users/shivamsaraf/Desktop/work/temporal/service/history/queues/reader.go:440
2025-03-19T11:38:43.104-0400	error	Queue reader unable to retrieve tasks	{"host": "127.0.0.1:63280", "shard-id": 1, "address": "127.0.0.1:63280", "component": "visibility-queue-processor", "queue-reader-id": 0, "error": "shard status unknown", "logging-call-at": "/Users/shivamsaraf/Desktop/work/temporal/common/log/with_logger.go:76"}
go.temporal.io/server/common/log.(*zapLogger).Error
	/Users/shivamsaraf/Desktop/work/temporal/common/log/zap_logger.go:156
go.temporal.io/server/common/testing/testlogger.(*TestLogger).Error
	/Users/shivamsaraf/Desktop/work/temporal/common/testing/testlogger/testlogger.go:366
go.temporal.io/server/common/log.(*withLogger).Error
	/Users/shivamsaraf/Desktop/work/temporal/common/log/with_logger.go:76
go.temporal.io/server/common/log.(*withLogger).Error
	/Users/shivamsaraf/Desktop/work/temporal/common/log/with_logger.go:76
go.temporal.io/server/common/log.(*withLogger).Error
	/Users/shivamsaraf/Desktop/work/temporal/common/log/with_logger.go:76
go.temporal.io/server/common/log.(*withLogger).Error
	/Users/shivamsaraf/Desktop/work/temporal/common/log/with_logger.go:76
go.temporal.io/server/service/history/queues.(*ReaderImpl).loadAndSubmitTasks
	/Users/shivamsaraf/Desktop/work/temporal/service/history/queues/reader.go:474
go.temporal.io/server/service/history/queues.(*ReaderImpl).eventLoop
	/Users/shivamsaraf/Desktop/work/temporal/service/history/queues/reader.go:440
2025-03-19T11:38:43.119-0400	debug	initialized custom fxevent.Logger	{"host": "127.0.0.1:63278", "component": "fx", "function": "go.temporal.io/server/temporal.init.func6()", "logging-call-at": "/Users/shivamsaraf/Desktop/work/temporal/common/log/with_logger.go:61"}
2025-03-19T11:38:43.119-0400	debug	invoking	{"host": "127.0.0.1:63278", "component": "fx", "function": "go.temporal.io/server/components/nexusoperations/frontend.RegisterHTTPHandler()", "module": "component.nexusoperations.frontend", "logging-call-at": "/Users/shivamsaraf/Desktop/work/temporal/common/log/with_logger.go:61"}
2025-03-19T11:38:43.121-0400	info	Quota changed	{"host": "127.0.0.1:63278", "service": "frontend", "component": "persistence", "scope": "host", "current-quota": null, "new-quota": 2000, "logging-call-at": "/Users/shivamsaraf/Desktop/work/temporal/common/log/with_logger.go:66"}
2025-03-19T11:38:43.122-0400	info	historyClient: ownership caching disabled	{"host": "127.0.0.1:63278", "service": "frontend", "logging-call-at": "/Users/shivamsaraf/Desktop/work/temporal/common/log/with_logger.go:66"}
2025-03-19T11:38:43.122-0400	info	Quota changed	{"host": "127.0.0.1:63278", "service": "frontend", "component": "rpc-handler", "scope": "host", "current-quota": null, "new-quota": 3000, "logging-call-at": "/Users/shivamsaraf/Desktop/work/temporal/common/log/with_logger.go:66"}
2025-03-19T11:38:43.123-0400	debug	invoking	{"host": "127.0.0.1:63278", "component": "fx", "function": "go.temporal.io/server/common/persistence/client.DataStoreFactoryLifetimeHooks()", "module": "", "logging-call-at": "/Users/shivamsaraf/Desktop/work/temporal/common/log/with_logger.go:61"}
2025-03-19T11:38:43.123-0400	debug	invoking	{"host": "127.0.0.1:63278", "component": "fx", "function": "go.temporal.io/server/common/cluster.MetadataLifetimeHooks()", "module": "", "logging-call-at": "/Users/shivamsaraf/Desktop/work/temporal/common/log/with_logger.go:61"}
2025-03-19T11:38:43.123-0400	debug	invoking	{"host": "127.0.0.1:63278", "component": "fx", "function": "go.temporal.io/server/common/namespace/nsregistry.RegistryLifetimeHooks()", "module": "", "logging-call-at": "/Users/shivamsaraf/Desktop/work/temporal/common/log/with_logger.go:61"}
2025-03-19T11:38:43.123-0400	debug	invoking	{"host": "127.0.0.1:63278", "component": "fx", "function": "go.temporal.io/server/common/metrics.RuntimeMetricsReporterLifetimeHooks()", "module": "", "logging-call-at": "/Users/shivamsaraf/Desktop/work/temporal/common/log/with_logger.go:61"}
2025-03-19T11:38:43.123-0400	debug	invoking	{"host": "127.0.0.1:63278", "component": "fx", "function": "go.temporal.io/server/common/resource.RegisterBootstrapContainer()", "module": "", "logging-call-at": "/Users/shivamsaraf/Desktop/work/temporal/common/log/with_logger.go:61"}
2025-03-19T11:38:43.124-0400	debug	invoking	{"host": "127.0.0.1:63278", "component": "fx", "function": "go.temporal.io/server/common/deadlock.init.func1()", "module": "", "logging-call-at": "/Users/shivamsaraf/Desktop/work/temporal/common/log/with_logger.go:61"}
2025-03-19T11:38:43.124-0400	debug	invoking	{"host": "127.0.0.1:63278", "component": "fx", "function": "go.temporal.io/server/service.initPersistenceLazyLoadedServiceResolver()", "module": "", "logging-call-at": "/Users/shivamsaraf/Desktop/work/temporal/common/log/with_logger.go:61"}
2025-03-19T11:38:43.124-0400	info	Initialized service resolver for persistence rate limiting	{"host": "127.0.0.1:63278", "service": "frontend", "service": "frontend", "logging-call-at": "/Users/shivamsaraf/Desktop/work/temporal/common/log/with_logger.go:66"}
2025-03-19T11:38:43.124-0400	debug	invoking	{"host": "127.0.0.1:63278", "component": "fx", "function": "go.temporal.io/server/service/frontend.RegisterNexusHTTPHandler()", "module": "", "logging-call-at": "/Users/shivamsaraf/Desktop/work/temporal/common/log/with_logger.go:61"}
2025-03-19T11:38:43.125-0400	debug	invoking	{"host": "127.0.0.1:63278", "component": "fx", "function": "go.temporal.io/server/service/frontend.RegisterOpenAPIHTTPHandler()", "module": "", "logging-call-at": "/Users/shivamsaraf/Desktop/work/temporal/common/log/with_logger.go:61"}
2025-03-19T11:38:43.125-0400	debug	invoking	{"host": "127.0.0.1:63278", "component": "fx", "function": "go.temporal.io/server/service/frontend.ServiceLifetimeHooks()", "module": "", "logging-call-at": "/Users/shivamsaraf/Desktop/work/temporal/common/log/with_logger.go:61"}
2025-03-19T11:38:43.125-0400	info	Created gRPC listener	{"host": "127.0.0.1:63278", "service": "frontend", "address": "127.0.0.1:63278", "logging-call-at": "/Users/shivamsaraf/Desktop/work/temporal/common/log/with_logger.go:66"}
2025-03-19T11:38:43.126-0400	info	creating new visibility manager	{"host": "127.0.0.1:63278", "visibility_plugin_name": "sqlite", "visibility_index_name": "test_0319153842_vzj", "logging-call-at": "/Users/shivamsaraf/Desktop/work/temporal/common/log/with_logger.go:66"}
2025-03-19T11:38:43.129-0400	debug	invoking	{"host": "127.0.0.1:63278", "component": "fx", "function": "go.temporal.io/server/service/frontend.EndpointRegistryLifetimeHooks()", "module": "", "logging-call-at": "/Users/shivamsaraf/Desktop/work/temporal/common/log/with_logger.go:61"}
2025-03-19T11:38:43.129-0400	debug	invoking	{"host": "127.0.0.1:63278", "component": "fx", "function": "reflect.makeFuncStub()", "module": "", "logging-call-at": "/Users/shivamsaraf/Desktop/work/temporal/common/log/with_logger.go:61"}
2025-03-19T11:38:43.129-0400	debug	OnStart hook executing	{"host": "127.0.0.1:63278", "component": "fx", "callee": "go.temporal.io/server/common/dynamicconfig.(*Collection).Start-fm()", "caller": "go.temporal.io/server/common/dynamicconfig.init.func1", "logging-call-at": "/Users/shivamsaraf/Desktop/work/temporal/common/log/with_logger.go:61"}
2025-03-19T11:38:43.129-0400	debug	OnStart hook executed	{"host": "127.0.0.1:63278", "component": "fx", "callee": "go.temporal.io/server/common/dynamicconfig.(*Collection).Start-fm()", "caller": "go.temporal.io/server/common/dynamicconfig.init.func1", "runtime": "26.167µs", "logging-call-at": "/Users/shivamsaraf/Desktop/work/temporal/common/log/with_logger.go:61"}
2025-03-19T11:38:43.129-0400	debug	OnStart hook executing	{"host": "127.0.0.1:63278", "component": "fx", "callee": "go.temporal.io/server/temporal.init.func1.2()", "caller": "go.temporal.io/server/temporal.init.func1", "logging-call-at": "/Users/shivamsaraf/Desktop/work/temporal/common/log/with_logger.go:61"}
2025-03-19T11:38:43.129-0400	debug	OnStart hook executed	{"host": "127.0.0.1:63278", "component": "fx", "callee": "go.temporal.io/server/temporal.init.func1.2()", "caller": "go.temporal.io/server/temporal.init.func1", "runtime": "1µs", "logging-call-at": "/Users/shivamsaraf/Desktop/work/temporal/common/log/with_logger.go:61"}
2025-03-19T11:38:43.129-0400	debug	OnStart hook executing	{"host": "127.0.0.1:63278", "component": "fx", "callee": "go.temporal.io/server/common/cluster.MetadataLifetimeHooks.func1()", "caller": "go.temporal.io/server/common/cluster.MetadataLifetimeHooks", "logging-call-at": "/Users/shivamsaraf/Desktop/work/temporal/common/log/with_logger.go:61"}
2025-03-19T11:38:43.130-0400	debug	OnStart hook executed	{"host": "127.0.0.1:63278", "component": "fx", "callee": "go.temporal.io/server/common/cluster.MetadataLifetimeHooks.func1()", "caller": "go.temporal.io/server/common/cluster.MetadataLifetimeHooks", "runtime": "443.708µs", "logging-call-at": "/Users/shivamsaraf/Desktop/work/temporal/common/log/with_logger.go:61"}
2025-03-19T11:38:43.130-0400	debug	OnStart hook executing	{"host": "127.0.0.1:63278", "component": "fx", "callee": "go.temporal.io/server/common/namespace.Registry.Start-fm()", "caller": "go.temporal.io/server/common/namespace/nsregistry.RegistryLifetimeHooks", "logging-call-at": "/Users/shivamsaraf/Desktop/work/temporal/common/log/with_logger.go:61"}
2025-03-19T11:38:43.130-0400	debug	OnStart hook executed	{"host": "127.0.0.1:63278", "component": "fx", "callee": "go.temporal.io/server/common/namespace.Registry.Start-fm()", "caller": "go.temporal.io/server/common/namespace/nsregistry.RegistryLifetimeHooks", "runtime": "396.167µs", "logging-call-at": "/Users/shivamsaraf/Desktop/work/temporal/common/log/with_logger.go:61"}
2025-03-19T11:38:43.130-0400	debug	OnStart hook executing	{"host": "127.0.0.1:63278", "component": "fx", "callee": "go.temporal.io/server/common/metrics.RuntimeMetricsReporterLifetimeHooks.func1()", "caller": "go.temporal.io/server/common/metrics.RuntimeMetricsReporterLifetimeHooks", "logging-call-at": "/Users/shivamsaraf/Desktop/work/temporal/common/log/with_logger.go:61"}
2025-03-19T11:38:43.130-0400	info	RuntimeMetricsReporter started	{"host": "127.0.0.1:63278", "service": "frontend", "logging-call-at": "/Users/shivamsaraf/Desktop/work/temporal/common/log/with_logger.go:66"}
2025-03-19T11:38:43.130-0400	debug	OnStart hook executed	{"host": "127.0.0.1:63278", "component": "fx", "callee": "go.temporal.io/server/common/metrics.RuntimeMetricsReporterLifetimeHooks.func1()", "caller": "go.temporal.io/server/common/metrics.RuntimeMetricsReporterLifetimeHooks", "runtime": "74.708µs", "logging-call-at": "/Users/shivamsaraf/Desktop/work/temporal/common/log/with_logger.go:61"}
2025-03-19T11:38:43.130-0400	debug	OnStart hook executing	{"host": "127.0.0.1:63278", "component": "fx", "callee": "go.temporal.io/server/common/deadlock.(*deadlockDetector).Start-fm()", "caller": "go.temporal.io/server/common/deadlock.init.func1", "logging-call-at": "/Users/shivamsaraf/Desktop/work/temporal/common/log/with_logger.go:61"}
2025-03-19T11:38:43.130-0400	debug	OnStart hook executed	{"host": "127.0.0.1:63278", "component": "fx", "callee": "go.temporal.io/server/common/deadlock.(*deadlockDetector).Start-fm()", "caller": "go.temporal.io/server/common/deadlock.init.func1", "runtime": "22.917µs", "logging-call-at": "/Users/shivamsaraf/Desktop/work/temporal/common/log/with_logger.go:61"}
2025-03-19T11:38:43.130-0400	debug	OnStart hook executing	{"host": "127.0.0.1:63278", "component": "fx", "callee": "go.temporal.io/server/service/frontend.(*Service).Start-fm()", "caller": "go.temporal.io/server/service/frontend.ServiceLifetimeHooks", "logging-call-at": "/Users/shivamsaraf/Desktop/work/temporal/common/log/with_logger.go:61"}
2025-03-19T11:38:43.130-0400	info	frontend starting	{"host": "127.0.0.1:63278", "service": "frontend", "logging-call-at": "/Users/shivamsaraf/Desktop/work/temporal/common/log/with_logger.go:66"}
2025-03-19T11:38:43.131-0400	debug	OnStart hook executed	{"host": "127.0.0.1:63278", "component": "fx", "callee": "go.temporal.io/server/service/frontend.(*Service).Start-fm()", "caller": "go.temporal.io/server/service/frontend.ServiceLifetimeHooks", "runtime": "189.333µs", "logging-call-at": "/Users/shivamsaraf/Desktop/work/temporal/common/log/with_logger.go:61"}
2025-03-19T11:38:43.131-0400	info	Starting to serve on frontend listener	{"host": "127.0.0.1:63278", "service": "frontend", "logging-call-at": "/Users/shivamsaraf/Desktop/work/temporal/common/log/with_logger.go:66"}
2025-03-19T11:38:43.131-0400	info	Frontend is now healthy	{"host": "127.0.0.1:63278", "service": "frontend", "logging-call-at": "/Users/shivamsaraf/Desktop/work/temporal/common/log/with_logger.go:66"}
2025-03-19T11:38:43.131-0400	debug	OnStart hook executing	{"host": "127.0.0.1:63278", "component": "fx", "callee": "go.temporal.io/server/common/nexus.EndpointRegistry.StartLifecycle-fm()", "caller": "go.temporal.io/server/service/frontend.EndpointRegistryLifetimeHooks", "logging-call-at": "/Users/shivamsaraf/Desktop/work/temporal/common/log/with_logger.go:61"}
2025-03-19T11:38:43.131-0400	debug	OnStart hook executed	{"host": "127.0.0.1:63278", "component": "fx", "callee": "go.temporal.io/server/common/nexus.EndpointRegistry.StartLifecycle-fm()", "caller": "go.temporal.io/server/service/frontend.EndpointRegistryLifetimeHooks", "runtime": "14.833µs", "logging-call-at": "/Users/shivamsaraf/Desktop/work/temporal/common/log/with_logger.go:61"}
2025-03-19T11:38:43.131-0400	debug	started	{"host": "127.0.0.1:63278", "component": "fx", "logging-call-at": "/Users/shivamsaraf/Desktop/work/temporal/common/log/with_logger.go:61"}
2025-03-19T11:38:43.143-0400	debug	initialized custom fxevent.Logger	{"host": "127.0.0.1:63281", "component": "fx", "function": "go.temporal.io/server/temporal.init.func6()", "logging-call-at": "/Users/shivamsaraf/Desktop/work/temporal/common/log/with_logger.go:61"}
2025-03-19T11:38:43.143-0400	debug	invoking	{"host": "127.0.0.1:63281", "component": "fx", "function": "go.temporal.io/server/common/persistence/client.DataStoreFactoryLifetimeHooks()", "module": "", "logging-call-at": "/Users/shivamsaraf/Desktop/work/temporal/common/log/with_logger.go:61"}
2025-03-19T11:38:43.145-0400	debug	invoking	{"host": "127.0.0.1:63281", "component": "fx", "function": "go.temporal.io/server/common/cluster.MetadataLifetimeHooks()", "module": "", "logging-call-at": "/Users/shivamsaraf/Desktop/work/temporal/common/log/with_logger.go:61"}
2025-03-19T11:38:43.145-0400	info	Quota changed	{"host": "127.0.0.1:63281", "service": "worker", "component": "persistence", "scope": "host", "current-quota": null, "new-quota": 500, "logging-call-at": "/Users/shivamsaraf/Desktop/work/temporal/common/log/with_logger.go:66"}
2025-03-19T11:38:43.145-0400	debug	invoking	{"host": "127.0.0.1:63281", "component": "fx", "function": "go.temporal.io/server/common/namespace/nsregistry.RegistryLifetimeHooks()", "module": "", "logging-call-at": "/Users/shivamsaraf/Desktop/work/temporal/common/log/with_logger.go:61"}
2025-03-19T11:38:43.146-0400	debug	invoking	{"host": "127.0.0.1:63281", "component": "fx", "function": "go.temporal.io/server/common/metrics.RuntimeMetricsReporterLifetimeHooks()", "module": "", "logging-call-at": "/Users/shivamsaraf/Desktop/work/temporal/common/log/with_logger.go:61"}
2025-03-19T11:38:43.146-0400	debug	invoking	{"host": "127.0.0.1:63281", "component": "fx", "function": "go.temporal.io/server/common/resource.RegisterBootstrapContainer()", "module": "", "logging-call-at": "/Users/shivamsaraf/Desktop/work/temporal/common/log/with_logger.go:61"}
2025-03-19T11:38:43.146-0400	debug	invoking	{"host": "127.0.0.1:63281", "component": "fx", "function": "go.temporal.io/server/common/deadlock.init.func1()", "module": "", "logging-call-at": "/Users/shivamsaraf/Desktop/work/temporal/common/log/with_logger.go:61"}
2025-03-19T11:38:43.147-0400	debug	invoking	{"host": "127.0.0.1:63281", "component": "fx", "function": "go.temporal.io/server/service.initPersistenceLazyLoadedServiceResolver()", "module": "", "logging-call-at": "/Users/shivamsaraf/Desktop/work/temporal/common/log/with_logger.go:61"}
2025-03-19T11:38:43.147-0400	info	Initialized service resolver for persistence rate limiting	{"host": "127.0.0.1:63281", "service": "worker", "service": "worker", "logging-call-at": "/Users/shivamsaraf/Desktop/work/temporal/common/log/with_logger.go:66"}
2025-03-19T11:38:43.147-0400	debug	invoking	{"host": "127.0.0.1:63281", "component": "fx", "function": "go.temporal.io/server/service/worker.ServiceLifetimeHooks()", "module": "", "logging-call-at": "/Users/shivamsaraf/Desktop/work/temporal/common/log/with_logger.go:61"}
2025-03-19T11:38:43.147-0400	info	historyClient: ownership caching disabled	{"host": "127.0.0.1:63281", "service": "worker", "logging-call-at": "/Users/shivamsaraf/Desktop/work/temporal/common/log/with_logger.go:66"}
2025-03-19T11:38:43.149-0400	info	creating new visibility manager	{"host": "127.0.0.1:63281", "visibility_plugin_name": "sqlite", "visibility_index_name": "test_0319153842_vzj", "logging-call-at": "/Users/shivamsaraf/Desktop/work/temporal/common/log/with_logger.go:66"}
2025-03-19T11:38:43.150-0400	debug	invoking	{"host": "127.0.0.1:63281", "component": "fx", "function": "reflect.makeFuncStub()", "module": "", "logging-call-at": "/Users/shivamsaraf/Desktop/work/temporal/common/log/with_logger.go:61"}
2025-03-19T11:38:43.150-0400	debug	OnStart hook executing	{"host": "127.0.0.1:63281", "component": "fx", "callee": "go.temporal.io/server/common/dynamicconfig.(*Collection).Start-fm()", "caller": "go.temporal.io/server/common/dynamicconfig.init.func1", "logging-call-at": "/Users/shivamsaraf/Desktop/work/temporal/common/log/with_logger.go:61"}
2025-03-19T11:38:43.150-0400	debug	OnStart hook executed	{"host": "127.0.0.1:63281", "component": "fx", "callee": "go.temporal.io/server/common/dynamicconfig.(*Collection).Start-fm()", "caller": "go.temporal.io/server/common/dynamicconfig.init.func1", "runtime": "30.542µs", "logging-call-at": "/Users/shivamsaraf/Desktop/work/temporal/common/log/with_logger.go:61"}
2025-03-19T11:38:43.150-0400	debug	OnStart hook executing	{"host": "127.0.0.1:63281", "component": "fx", "callee": "go.temporal.io/server/temporal.init.func1.2()", "caller": "go.temporal.io/server/temporal.init.func1", "logging-call-at": "/Users/shivamsaraf/Desktop/work/temporal/common/log/with_logger.go:61"}
2025-03-19T11:38:43.151-0400	debug	OnStart hook executed	{"host": "127.0.0.1:63281", "component": "fx", "callee": "go.temporal.io/server/temporal.init.func1.2()", "caller": "go.temporal.io/server/temporal.init.func1", "runtime": "959ns", "logging-call-at": "/Users/shivamsaraf/Desktop/work/temporal/common/log/with_logger.go:61"}
2025-03-19T11:38:43.151-0400	debug	OnStart hook executing	{"host": "127.0.0.1:63281", "component": "fx", "callee": "go.temporal.io/server/common/cluster.MetadataLifetimeHooks.func1()", "caller": "go.temporal.io/server/common/cluster.MetadataLifetimeHooks", "logging-call-at": "/Users/shivamsaraf/Desktop/work/temporal/common/log/with_logger.go:61"}
2025-03-19T11:38:43.153-0400	debug	starting ping check	{"host": "127.0.0.1:63279", "service": "matching", "name": "cluster metadata lock", "logging-call-at": "/Users/shivamsaraf/Desktop/work/temporal/common/log/with_logger.go:61"}
2025-03-19T11:38:43.153-0400	debug	starting ping check	{"host": "127.0.0.1:63279", "service": "matching", "name": "namespace registry lock", "logging-call-at": "/Users/shivamsaraf/Desktop/work/temporal/common/log/with_logger.go:61"}
2025-03-19T11:38:43.153-0400	debug	ping check succeeded	{"host": "127.0.0.1:63279", "service": "matching", "name": "cluster metadata lock", "logging-call-at": "/Users/shivamsaraf/Desktop/work/temporal/common/log/with_logger.go:61"}
2025-03-19T11:38:43.153-0400	debug	starting ping check	{"host": "127.0.0.1:63279", "service": "matching", "name": "cluster metadata callback lock", "logging-call-at": "/Users/shivamsaraf/Desktop/work/temporal/common/log/with_logger.go:61"}
2025-03-19T11:38:43.153-0400	debug	ping check succeeded	{"host": "127.0.0.1:63279", "service": "matching", "name": "namespace registry lock", "logging-call-at": "/Users/shivamsaraf/Desktop/work/temporal/common/log/with_logger.go:61"}
2025-03-19T11:38:43.153-0400	debug	starting ping check	{"host": "127.0.0.1:63279", "service": "matching", "name": "dynamic config callbacks", "logging-call-at": "/Users/shivamsaraf/Desktop/work/temporal/common/log/with_logger.go:61"}
2025-03-19T11:38:43.153-0400	debug	ping check succeeded	{"host": "127.0.0.1:63279", "service": "matching", "name": "cluster metadata callback lock", "logging-call-at": "/Users/shivamsaraf/Desktop/work/temporal/common/log/with_logger.go:61"}
2025-03-19T11:38:43.153-0400	debug	ping check succeeded	{"host": "127.0.0.1:63279", "service": "matching", "name": "dynamic config callbacks", "logging-call-at": "/Users/shivamsaraf/Desktop/work/temporal/common/log/with_logger.go:61"}
2025-03-19T11:38:43.154-0400	debug	OnStart hook executed	{"host": "127.0.0.1:63281", "component": "fx", "callee": "go.temporal.io/server/common/cluster.MetadataLifetimeHooks.func1()", "caller": "go.temporal.io/server/common/cluster.MetadataLifetimeHooks", "runtime": "3.311291ms", "logging-call-at": "/Users/shivamsaraf/Desktop/work/temporal/common/log/with_logger.go:61"}
2025-03-19T11:38:43.154-0400	debug	OnStart hook executing	{"host": "127.0.0.1:63281", "component": "fx", "callee": "go.temporal.io/server/common/namespace.Registry.Start-fm()", "caller": "go.temporal.io/server/common/namespace/nsregistry.RegistryLifetimeHooks", "logging-call-at": "/Users/shivamsaraf/Desktop/work/temporal/common/log/with_logger.go:61"}
2025-03-19T11:38:43.157-0400	debug	OnStart hook executed	{"host": "127.0.0.1:63281", "component": "fx", "callee": "go.temporal.io/server/common/namespace.Registry.Start-fm()", "caller": "go.temporal.io/server/common/namespace/nsregistry.RegistryLifetimeHooks", "runtime": "2.782875ms", "logging-call-at": "/Users/shivamsaraf/Desktop/work/temporal/common/log/with_logger.go:61"}
2025-03-19T11:38:43.157-0400	debug	OnStart hook executing	{"host": "127.0.0.1:63281", "component": "fx", "callee": "go.temporal.io/server/common/metrics.RuntimeMetricsReporterLifetimeHooks.func1()", "caller": "go.temporal.io/server/common/metrics.RuntimeMetricsReporterLifetimeHooks", "logging-call-at": "/Users/shivamsaraf/Desktop/work/temporal/common/log/with_logger.go:61"}
2025-03-19T11:38:43.157-0400	info	RuntimeMetricsReporter started	{"host": "127.0.0.1:63281", "service": "worker", "logging-call-at": "/Users/shivamsaraf/Desktop/work/temporal/common/log/with_logger.go:66"}
2025-03-19T11:38:43.157-0400	debug	OnStart hook executed	{"host": "127.0.0.1:63281", "component": "fx", "callee": "go.temporal.io/server/common/metrics.RuntimeMetricsReporterLifetimeHooks.func1()", "caller": "go.temporal.io/server/common/metrics.RuntimeMetricsReporterLifetimeHooks", "runtime": "102.833µs", "logging-call-at": "/Users/shivamsaraf/Desktop/work/temporal/common/log/with_logger.go:61"}
2025-03-19T11:38:43.157-0400	debug	OnStart hook executing	{"host": "127.0.0.1:63281", "component": "fx", "callee": "go.temporal.io/server/common/deadlock.(*deadlockDetector).Start-fm()", "caller": "go.temporal.io/server/common/deadlock.init.func1", "logging-call-at": "/Users/shivamsaraf/Desktop/work/temporal/common/log/with_logger.go:61"}
2025-03-19T11:38:43.157-0400	debug	OnStart hook executed	{"host": "127.0.0.1:63281", "component": "fx", "callee": "go.temporal.io/server/common/deadlock.(*deadlockDetector).Start-fm()", "caller": "go.temporal.io/server/common/deadlock.init.func1", "runtime": "18.042µs", "logging-call-at": "/Users/shivamsaraf/Desktop/work/temporal/common/log/with_logger.go:61"}
2025-03-19T11:38:43.157-0400	debug	OnStart hook executing	{"host": "127.0.0.1:63281", "component": "fx", "callee": "go.temporal.io/server/service/worker.(*Service).Start-fm()", "caller": "go.temporal.io/server/service/worker.ServiceLifetimeHooks", "logging-call-at": "/Users/shivamsaraf/Desktop/work/temporal/common/log/with_logger.go:61"}
2025-03-19T11:38:43.157-0400	info	worker starting	{"host": "127.0.0.1:63281", "service": "worker", "component": "worker", "logging-call-at": "/Users/shivamsaraf/Desktop/work/temporal/common/log/with_logger.go:66"}
2025-03-19T11:38:43.160-0400	debug	Frontend method invoked.	{"host": "127.0.0.1:63278", "wf-namespace": "", "operation": "GetSystemInfo", "server-name": "", "cert-thumbprint": "", "logging-call-at": "/Users/shivamsaraf/Desktop/work/temporal/common/log/with_logger.go:61"}
2025-03-19T11:38:43.195-0400	debug	starting ping check	{"host": "127.0.0.1:63280", "service": "history", "name": "cluster metadata lock", "logging-call-at": "/Users/shivamsaraf/Desktop/work/temporal/common/log/with_logger.go:61"}
2025-03-19T11:38:43.195-0400	debug	ping check succeeded	{"host": "127.0.0.1:63280", "service": "history", "name": "cluster metadata lock", "logging-call-at": "/Users/shivamsaraf/Desktop/work/temporal/common/log/with_logger.go:61"}
2025-03-19T11:38:43.195-0400	debug	starting ping check	{"host": "127.0.0.1:63280", "service": "history", "name": "shard controller", "logging-call-at": "/Users/shivamsaraf/Desktop/work/temporal/common/log/with_logger.go:61"}
2025-03-19T11:38:43.195-0400	debug	starting ping check	{"host": "127.0.0.1:63280", "service": "history", "name": "cluster metadata callback lock", "logging-call-at": "/Users/shivamsaraf/Desktop/work/temporal/common/log/with_logger.go:61"}
2025-03-19T11:38:43.195-0400	debug	starting ping check	{"host": "127.0.0.1:63280", "service": "history", "name": "dynamic config callbacks", "logging-call-at": "/Users/shivamsaraf/Desktop/work/temporal/common/log/with_logger.go:61"}
2025-03-19T11:38:43.195-0400	debug	ping check succeeded	{"host": "127.0.0.1:63280", "service": "history", "name": "cluster metadata callback lock", "logging-call-at": "/Users/shivamsaraf/Desktop/work/temporal/common/log/with_logger.go:61"}
2025-03-19T11:38:43.195-0400	debug	ping check succeeded	{"host": "127.0.0.1:63280", "service": "history", "name": "shard controller", "logging-call-at": "/Users/shivamsaraf/Desktop/work/temporal/common/log/with_logger.go:61"}
2025-03-19T11:38:43.195-0400	debug	starting ping check	{"host": "127.0.0.1:63280", "service": "history", "name": "namespace registry lock", "logging-call-at": "/Users/shivamsaraf/Desktop/work/temporal/common/log/with_logger.go:61"}
2025-03-19T11:38:43.195-0400	debug	ping check succeeded	{"host": "127.0.0.1:63280", "service": "history", "name": "dynamic config callbacks", "logging-call-at": "/Users/shivamsaraf/Desktop/work/temporal/common/log/with_logger.go:61"}
2025-03-19T11:38:43.195-0400	debug	ping check succeeded	{"host": "127.0.0.1:63280", "service": "history", "name": "namespace registry lock", "logging-call-at": "/Users/shivamsaraf/Desktop/work/temporal/common/log/with_logger.go:61"}
2025-03-19T11:38:43.230-0400	debug	starting ping check	{"host": "127.0.0.1:63278", "service": "frontend", "name": "cluster metadata lock", "logging-call-at": "/Users/shivamsaraf/Desktop/work/temporal/common/log/with_logger.go:61"}
2025-03-19T11:38:43.231-0400	debug	starting ping check	{"host": "127.0.0.1:63278", "service": "frontend", "name": "dynamic config callbacks", "logging-call-at": "/Users/shivamsaraf/Desktop/work/temporal/common/log/with_logger.go:61"}
2025-03-19T11:38:43.230-0400	debug	starting ping check	{"host": "127.0.0.1:63278", "service": "frontend", "name": "namespace registry lock", "logging-call-at": "/Users/shivamsaraf/Desktop/work/temporal/common/log/with_logger.go:61"}
2025-03-19T11:38:43.231-0400	debug	ping check succeeded	{"host": "127.0.0.1:63278", "service": "frontend", "name": "cluster metadata lock", "logging-call-at": "/Users/shivamsaraf/Desktop/work/temporal/common/log/with_logger.go:61"}
2025-03-19T11:38:43.231-0400	debug	ping check succeeded	{"host": "127.0.0.1:63278", "service": "frontend", "name": "dynamic config callbacks", "logging-call-at": "/Users/shivamsaraf/Desktop/work/temporal/common/log/with_logger.go:61"}
2025-03-19T11:38:43.231-0400	debug	starting ping check	{"host": "127.0.0.1:63278", "service": "frontend", "name": "cluster metadata callback lock", "logging-call-at": "/Users/shivamsaraf/Desktop/work/temporal/common/log/with_logger.go:61"}
2025-03-19T11:38:43.231-0400	debug	ping check succeeded	{"host": "127.0.0.1:63278", "service": "frontend", "name": "namespace registry lock", "logging-call-at": "/Users/shivamsaraf/Desktop/work/temporal/common/log/with_logger.go:61"}
2025-03-19T11:38:43.231-0400	debug	ping check succeeded	{"host": "127.0.0.1:63278", "service": "frontend", "name": "cluster metadata callback lock", "logging-call-at": "/Users/shivamsaraf/Desktop/work/temporal/common/log/with_logger.go:61"}
2025-03-19T11:38:43.257-0400	debug	starting ping check	{"host": "127.0.0.1:63281", "service": "worker", "name": "dynamic config callbacks", "logging-call-at": "/Users/shivamsaraf/Desktop/work/temporal/common/log/with_logger.go:61"}
2025-03-19T11:38:43.257-0400	debug	starting ping check	{"host": "127.0.0.1:63281", "service": "worker", "name": "cluster metadata lock", "logging-call-at": "/Users/shivamsaraf/Desktop/work/temporal/common/log/with_logger.go:61"}
2025-03-19T11:38:43.258-0400	debug	ping check succeeded	{"host": "127.0.0.1:63281", "service": "worker", "name": "cluster metadata lock", "logging-call-at": "/Users/shivamsaraf/Desktop/work/temporal/common/log/with_logger.go:61"}
2025-03-19T11:38:43.258-0400	debug	starting ping check	{"host": "127.0.0.1:63281", "service": "worker", "name": "namespace registry lock", "logging-call-at": "/Users/shivamsaraf/Desktop/work/temporal/common/log/with_logger.go:61"}
2025-03-19T11:38:43.258-0400	debug	ping check succeeded	{"host": "127.0.0.1:63281", "service": "worker", "name": "dynamic config callbacks", "logging-call-at": "/Users/shivamsaraf/Desktop/work/temporal/common/log/with_logger.go:61"}
2025-03-19T11:38:43.258-0400	debug	starting ping check	{"host": "127.0.0.1:63281", "service": "worker", "name": "cluster metadata callback lock", "logging-call-at": "/Users/shivamsaraf/Desktop/work/temporal/common/log/with_logger.go:61"}
2025-03-19T11:38:43.258-0400	debug	ping check succeeded	{"host": "127.0.0.1:63281", "service": "worker", "name": "namespace registry lock", "logging-call-at": "/Users/shivamsaraf/Desktop/work/temporal/common/log/with_logger.go:61"}
2025-03-19T11:38:43.258-0400	debug	ping check succeeded	{"host": "127.0.0.1:63281", "service": "worker", "name": "cluster metadata callback lock", "logging-call-at": "/Users/shivamsaraf/Desktop/work/temporal/common/log/with_logger.go:61"}
2025-03-19T11:38:43.295-0400	debug	starting ping check	{"host": "127.0.0.1:63280", "service": "history", "name": "Shard(4)-shard-lock", "logging-call-at": "/Users/shivamsaraf/Desktop/work/temporal/common/log/with_logger.go:61"}
2025-03-19T11:38:43.295-0400	debug	ping check succeeded	{"host": "127.0.0.1:63280", "service": "history", "name": "Shard(4)-shard-lock", "logging-call-at": "/Users/shivamsaraf/Desktop/work/temporal/common/log/with_logger.go:61"}
2025-03-19T11:38:43.295-0400	debug	starting ping check	{"host": "127.0.0.1:63280", "service": "history", "name": "Shard(4)-io-semaphore", "logging-call-at": "/Users/shivamsaraf/Desktop/work/temporal/common/log/with_logger.go:61"}
2025-03-19T11:38:43.295-0400	debug	ping check succeeded	{"host": "127.0.0.1:63280", "service": "history", "name": "Shard(4)-io-semaphore", "logging-call-at": "/Users/shivamsaraf/Desktop/work/temporal/common/log/with_logger.go:61"}
2025-03-19T11:38:43.295-0400	debug	starting ping check	{"host": "127.0.0.1:63280", "service": "history", "name": "Shard(2)-shard-lock", "logging-call-at": "/Users/shivamsaraf/Desktop/work/temporal/common/log/with_logger.go:61"}
2025-03-19T11:38:43.295-0400	debug	ping check succeeded	{"host": "127.0.0.1:63280", "service": "history", "name": "Shard(2)-shard-lock", "logging-call-at": "/Users/shivamsaraf/Desktop/work/temporal/common/log/with_logger.go:61"}
2025-03-19T11:38:43.295-0400	debug	starting ping check	{"host": "127.0.0.1:63280", "service": "history", "name": "Shard(2)-io-semaphore", "logging-call-at": "/Users/shivamsaraf/Desktop/work/temporal/common/log/with_logger.go:61"}
2025-03-19T11:38:43.295-0400	debug	ping check succeeded	{"host": "127.0.0.1:63280", "service": "history", "name": "Shard(2)-io-semaphore", "logging-call-at": "/Users/shivamsaraf/Desktop/work/temporal/common/log/with_logger.go:61"}
2025-03-19T11:38:43.295-0400	debug	starting ping check	{"host": "127.0.0.1:63280", "service": "history", "name": "Shard(1)-shard-lock", "logging-call-at": "/Users/shivamsaraf/Desktop/work/temporal/common/log/with_logger.go:61"}
2025-03-19T11:38:43.295-0400	debug	ping check succeeded	{"host": "127.0.0.1:63280", "service": "history", "name": "Shard(1)-shard-lock", "logging-call-at": "/Users/shivamsaraf/Desktop/work/temporal/common/log/with_logger.go:61"}
2025-03-19T11:38:43.296-0400	debug	starting ping check	{"host": "127.0.0.1:63280", "service": "history", "name": "Shard(1)-io-semaphore", "logging-call-at": "/Users/shivamsaraf/Desktop/work/temporal/common/log/with_logger.go:61"}
2025-03-19T11:38:43.296-0400	debug	ping check succeeded	{"host": "127.0.0.1:63280", "service": "history", "name": "Shard(1)-io-semaphore", "logging-call-at": "/Users/shivamsaraf/Desktop/work/temporal/common/log/with_logger.go:61"}
2025-03-19T11:38:43.296-0400	debug	starting ping check	{"host": "127.0.0.1:63280", "service": "history", "name": "Shard(3)-shard-lock", "logging-call-at": "/Users/shivamsaraf/Desktop/work/temporal/common/log/with_logger.go:61"}
2025-03-19T11:38:43.296-0400	debug	ping check succeeded	{"host": "127.0.0.1:63280", "service": "history", "name": "Shard(3)-shard-lock", "logging-call-at": "/Users/shivamsaraf/Desktop/work/temporal/common/log/with_logger.go:61"}
2025-03-19T11:38:43.296-0400	debug	starting ping check	{"host": "127.0.0.1:63280", "service": "history", "name": "Shard(3)-io-semaphore", "logging-call-at": "/Users/shivamsaraf/Desktop/work/temporal/common/log/with_logger.go:61"}
2025-03-19T11:38:43.296-0400	debug	ping check succeeded	{"host": "127.0.0.1:63280", "service": "history", "name": "Shard(3)-io-semaphore", "logging-call-at": "/Users/shivamsaraf/Desktop/work/temporal/common/log/with_logger.go:61"}
2025-03-19T11:38:43.352-0400	debug	Frontend method invoked.	{"host": "127.0.0.1:63278", "wf-namespace": "temporal-system", "operation": "DescribeNamespace", "server-name": "", "cert-thumbprint": "", "logging-call-at": "/Users/shivamsaraf/Desktop/work/temporal/common/log/with_logger.go:61"}
2025-03-19T11:38:43.352-0400	info	Quota changed	{"host": "127.0.0.1:63278", "service": "frontend", "component": "rpc-handler", "scope": "namespace", "wf-namespace": "temporal-system", "current-quota": null, "new-quota": 2400, "logging-call-at": "/Users/shivamsaraf/Desktop/work/temporal/common/log/with_logger.go:66"}
2025-03-19T11:38:43.353-0400	info	Quota changed	{"host": "127.0.0.1:63278", "service": "frontend", "component": "visibility-handler", "scope": "namespace", "wf-namespace": "temporal-system", "current-quota": null, "new-quota": 50, "logging-call-at": "/Users/shivamsaraf/Desktop/work/temporal/common/log/with_logger.go:66"}
2025-03-19T11:38:43.353-0400	info	Quota changed	{"host": "127.0.0.1:63278", "service": "frontend", "component": "namespace-replication", "scope": "namespace", "wf-namespace": "temporal-system", "current-quota": null, "new-quota": 1000, "logging-call-at": "/Users/shivamsaraf/Desktop/work/temporal/common/log/with_logger.go:66"}
2025-03-19T11:38:43.353-0400	info	Quota changed	{"host": "127.0.0.1:63278", "service": "frontend", "component": "persistence", "scope": "namespace", "wf-namespace": "temporal-system", "current-quota": null, "new-quota": 0, "logging-call-at": "/Users/shivamsaraf/Desktop/work/temporal/common/log/with_logger.go:66"}
2025-03-19T11:38:43.354-0400	debug	Frontend method invoked.	{"host": "127.0.0.1:63278", "wf-namespace": "temporal-system", "operation": "DescribeNamespace", "server-name": "", "cert-thumbprint": "", "logging-call-at": "/Users/shivamsaraf/Desktop/work/temporal/common/log/with_logger.go:61"}
2025-03-19T11:38:43.355-0400	debug	Frontend method invoked.	{"host": "127.0.0.1:63278", "wf-namespace": "temporal-system", "operation": "PollWorkflowTaskQueue", "server-name": "", "cert-thumbprint": "", "logging-call-at": "/Users/shivamsaraf/Desktop/work/temporal/common/log/with_logger.go:61"}
2025-03-19T11:38:43.355-0400	info	Quota changed	{"host": "127.0.0.1:63278", "service": "frontend", "component": "long-poll-handler", "scope": "namespace", "wf-namespace": "temporal-system", "current-quota": null, "new-quota": 1200, "logging-call-at": "/Users/shivamsaraf/Desktop/work/temporal/common/log/with_logger.go:66"}
2025-03-19T11:38:43.355-0400	debug	Received PollWorkflowTaskQueue	{"host": "127.0.0.1:63278", "service": "frontend", "logging-call-at": "/Users/shivamsaraf/Desktop/work/temporal/common/log/with_logger.go:61"}
2025-03-19T11:38:43.355-0400	debug	Poll workflow task queue.	{"host": "127.0.0.1:63278", "service": "frontend", "wf-namespace": "temporal-system", "wf-namespace-id": "32049b68-7872-4094-8e63-d0dd59896a83", "logging-call-at": "/Users/shivamsaraf/Desktop/work/temporal/common/log/with_logger.go:61"}
2025-03-19T11:38:43.355-0400	info	Started Worker	{"host": "127.0.0.1:63281", "Namespace": "temporal-system", "TaskQueue": "temporal-sys-processor-parent-close-policy", "WorkerID": "temporal-system@127.0.0.1:63281", "logging-call-at": "/Users/shivamsaraf/Desktop/work/temporal/common/log/with_logger.go:66"}
2025-03-19T11:38:43.355-0400	debug	Frontend method invoked.	{"host": "127.0.0.1:63278", "wf-namespace": "temporal-system", "operation": "PollWorkflowTaskQueue", "server-name": "", "cert-thumbprint": "", "logging-call-at": "/Users/shivamsaraf/Desktop/work/temporal/common/log/with_logger.go:61"}
2025-03-19T11:38:43.356-0400	debug	Received PollWorkflowTaskQueue	{"host": "127.0.0.1:63278", "service": "frontend", "logging-call-at": "/Users/shivamsaraf/Desktop/work/temporal/common/log/with_logger.go:61"}
2025-03-19T11:38:43.356-0400	debug	Frontend method invoked.	{"host": "127.0.0.1:63278", "wf-namespace": "temporal-system", "operation": "PollActivityTaskQueue", "server-name": "", "cert-thumbprint": "", "logging-call-at": "/Users/shivamsaraf/Desktop/work/temporal/common/log/with_logger.go:61"}
2025-03-19T11:38:43.356-0400	debug	Poll workflow task queue.	{"host": "127.0.0.1:63278", "service": "frontend", "wf-namespace": "temporal-system", "wf-namespace-id": "32049b68-7872-4094-8e63-d0dd59896a83", "logging-call-at": "/Users/shivamsaraf/Desktop/work/temporal/common/log/with_logger.go:61"}
2025-03-19T11:38:43.356-0400	debug	Received PollActivityTaskQueue	{"host": "127.0.0.1:63278", "service": "frontend", "logging-call-at": "/Users/shivamsaraf/Desktop/work/temporal/common/log/with_logger.go:61"}
2025-03-19T11:38:43.356-0400	info	Started physicalTaskQueueManager	{"host": "127.0.0.1:63279", "component": "matching-engine", "wf-task-queue-name": "Shivams-MacBook-Pro.local:7a2e0941-45f6-433f-9804-f7477e79fccb", "wf-task-queue-type": "Workflow", "wf-namespace": "temporal-system", "worker-build-id": "_unversioned_", "lifecycle": "Started", "cause": "Poll", "logging-call-at": "/Users/shivamsaraf/Desktop/work/temporal/common/log/with_logger.go:66"}
2025-03-19T11:38:43.356-0400	info	Quota changed	{"host": "127.0.0.1:63279", "service": "matching", "component": "persistence", "scope": "namespace", "wf-namespace": "temporal-system", "current-quota": null, "new-quota": 0, "logging-call-at": "/Users/shivamsaraf/Desktop/work/temporal/common/log/with_logger.go:66"}
2025-03-19T11:38:43.356-0400	info	Started physicalTaskQueueManager	{"host": "127.0.0.1:63279", "component": "matching-engine", "wf-task-queue-name": "/_sys/temporal-sys-processor-parent-close-policy/2", "wf-task-queue-type": "Workflow", "wf-namespace": "temporal-system", "worker-build-id": "_unversioned_", "lifecycle": "Started", "cause": "Poll", "logging-call-at": "/Users/shivamsaraf/Desktop/work/temporal/common/log/with_logger.go:66"}
2025-03-19T11:38:43.356-0400	info	Started physicalTaskQueueManager	{"host": "127.0.0.1:63279", "component": "matching-engine", "wf-task-queue-name": "/_sys/temporal-sys-processor-parent-close-policy/1", "wf-task-queue-type": "Activity", "wf-namespace": "temporal-system", "worker-build-id": "_unversioned_", "lifecycle": "Started", "cause": "Poll", "logging-call-at": "/Users/shivamsaraf/Desktop/work/temporal/common/log/with_logger.go:66"}
2025-03-19T11:38:43.356-0400	debug	Frontend method invoked.	{"host": "127.0.0.1:63278", "wf-namespace": "temporal-system", "operation": "DescribeNamespace", "server-name": "", "cert-thumbprint": "", "logging-call-at": "/Users/shivamsaraf/Desktop/work/temporal/common/log/with_logger.go:61"}
2025-03-19T11:38:43.357-0400	debug	Frontend method invoked.	{"host": "127.0.0.1:63278", "wf-namespace": "temporal-system", "operation": "PollActivityTaskQueue", "server-name": "", "cert-thumbprint": "", "logging-call-at": "/Users/shivamsaraf/Desktop/work/temporal/common/log/with_logger.go:61"}
2025-03-19T11:38:43.357-0400	debug	Frontend method invoked.	{"host": "127.0.0.1:63278", "wf-namespace": "temporal-system", "operation": "PollWorkflowTaskQueue", "server-name": "", "cert-thumbprint": "", "logging-call-at": "/Users/shivamsaraf/Desktop/work/temporal/common/log/with_logger.go:61"}
2025-03-19T11:38:43.357-0400	debug	Received PollActivityTaskQueue	{"host": "127.0.0.1:63278", "service": "frontend", "logging-call-at": "/Users/shivamsaraf/Desktop/work/temporal/common/log/with_logger.go:61"}
2025-03-19T11:38:43.357-0400	debug	Received PollWorkflowTaskQueue	{"host": "127.0.0.1:63278", "service": "frontend", "logging-call-at": "/Users/shivamsaraf/Desktop/work/temporal/common/log/with_logger.go:61"}
2025-03-19T11:38:43.357-0400	debug	Poll workflow task queue.	{"host": "127.0.0.1:63278", "service": "frontend", "wf-namespace": "temporal-system", "wf-namespace-id": "32049b68-7872-4094-8e63-d0dd59896a83", "logging-call-at": "/Users/shivamsaraf/Desktop/work/temporal/common/log/with_logger.go:61"}
2025-03-19T11:38:43.357-0400	info	Started physicalTaskQueueManager	{"host": "127.0.0.1:63279", "component": "matching-engine", "wf-task-queue-name": "temporal-sys-processor-parent-close-policy", "wf-task-queue-type": "Workflow", "wf-namespace": "temporal-system", "worker-build-id": "_unversioned_", "lifecycle": "Started", "cause": "UserData", "logging-call-at": "/Users/shivamsaraf/Desktop/work/temporal/common/log/with_logger.go:66"}
2025-03-19T11:38:43.357-0400	info	Started physicalTaskQueueManager	{"host": "127.0.0.1:63279", "component": "matching-engine", "wf-task-queue-name": "/_sys/temporal-sys-processor-parent-close-policy/2", "wf-task-queue-type": "Activity", "wf-namespace": "temporal-system", "worker-build-id": "_unversioned_", "lifecycle": "Started", "cause": "Poll", "logging-call-at": "/Users/shivamsaraf/Desktop/work/temporal/common/log/with_logger.go:66"}
2025-03-19T11:38:43.357-0400	debug	Frontend method invoked.	{"host": "127.0.0.1:63278", "wf-namespace": "temporal-system", "operation": "PollWorkflowTaskQueue", "server-name": "", "cert-thumbprint": "", "logging-call-at": "/Users/shivamsaraf/Desktop/work/temporal/common/log/with_logger.go:61"}
2025-03-19T11:38:43.357-0400	debug	Frontend method invoked.	{"host": "127.0.0.1:63278", "wf-namespace": "temporal-system", "operation": "PollActivityTaskQueue", "server-name": "", "cert-thumbprint": "", "logging-call-at": "/Users/shivamsaraf/Desktop/work/temporal/common/log/with_logger.go:61"}
2025-03-19T11:38:43.358-0400	debug	Received PollWorkflowTaskQueue	{"host": "127.0.0.1:63278", "service": "frontend", "logging-call-at": "/Users/shivamsaraf/Desktop/work/temporal/common/log/with_logger.go:61"}
2025-03-19T11:38:43.358-0400	debug	Poll workflow task queue.	{"host": "127.0.0.1:63278", "service": "frontend", "wf-namespace": "temporal-system", "wf-namespace-id": "32049b68-7872-4094-8e63-d0dd59896a83", "logging-call-at": "/Users/shivamsaraf/Desktop/work/temporal/common/log/with_logger.go:61"}
2025-03-19T11:38:43.358-0400	debug	Received PollActivityTaskQueue	{"host": "127.0.0.1:63278", "service": "frontend", "logging-call-at": "/Users/shivamsaraf/Desktop/work/temporal/common/log/with_logger.go:61"}
2025-03-19T11:38:43.358-0400	info	Started physicalTaskQueueManager	{"host": "127.0.0.1:63279", "component": "matching-engine", "wf-task-queue-name": "/_sys/temporal-sys-processor-parent-close-policy/3", "wf-task-queue-type": "Workflow", "wf-namespace": "temporal-system", "worker-build-id": "_unversioned_", "lifecycle": "Started", "cause": "Force", "logging-call-at": "/Users/shivamsaraf/Desktop/work/temporal/common/log/with_logger.go:66"}
2025-03-19T11:38:43.358-0400	info	Started physicalTaskQueueManager	{"host": "127.0.0.1:63279", "component": "matching-engine", "wf-task-queue-name": "/_sys/temporal-sys-processor-parent-close-policy/1", "wf-task-queue-type": "Workflow", "wf-namespace": "temporal-system", "worker-build-id": "_unversioned_", "lifecycle": "Started", "cause": "Force", "logging-call-at": "/Users/shivamsaraf/Desktop/work/temporal/common/log/with_logger.go:66"}
2025-03-19T11:38:43.358-0400	info	Started physicalTaskQueueManager	{"host": "127.0.0.1:63279", "component": "matching-engine", "wf-task-queue-name": "temporal-sys-processor-parent-close-policy", "wf-task-queue-type": "Activity", "wf-namespace": "temporal-system", "worker-build-id": "_unversioned_", "lifecycle": "Started", "cause": "Poll", "logging-call-at": "/Users/shivamsaraf/Desktop/work/temporal/common/log/with_logger.go:66"}
2025-03-19T11:38:43.358-0400	debug	Frontend method invoked.	{"host": "127.0.0.1:63278", "wf-namespace": "temporal-system", "operation": "PollActivityTaskQueue", "server-name": "", "cert-thumbprint": "", "logging-call-at": "/Users/shivamsaraf/Desktop/work/temporal/common/log/with_logger.go:61"}
2025-03-19T11:38:43.359-0400	debug	Received PollActivityTaskQueue	{"host": "127.0.0.1:63278", "service": "frontend", "logging-call-at": "/Users/shivamsaraf/Desktop/work/temporal/common/log/with_logger.go:61"}
2025-03-19T11:38:43.359-0400	info	Started physicalTaskQueueManager	{"host": "127.0.0.1:63279", "component": "matching-engine", "wf-task-queue-name": "/_sys/temporal-sys-processor-parent-close-policy/3", "wf-task-queue-type": "Activity", "wf-namespace": "temporal-system", "worker-build-id": "_unversioned_", "lifecycle": "Started", "cause": "Force", "logging-call-at": "/Users/shivamsaraf/Desktop/work/temporal/common/log/with_logger.go:66"}
2025-03-19T11:38:43.361-0400	info	loaded user data from db	{"host": "127.0.0.1:63279", "component": "matching-engine", "wf-task-queue-name": "temporal-sys-processor-parent-close-policy", "wf-task-queue-type": "Workflow", "wf-namespace": "temporal-system", "user-data-version": 0, "timestamp": "1970-01-01T00:00:00.000Z", "logging-call-at": "/Users/shivamsaraf/Desktop/work/temporal/common/log/with_logger.go:66"}
2025-03-19T11:38:43.361-0400	debug	returning empty user data (no data)	{"host": "127.0.0.1:63279", "component": "matching-engine", "wf-task-queue-name": "temporal-sys-processor-parent-close-policy", "wf-task-queue-type": "Workflow", "wf-namespace": "temporal-system", "long-poll": false, "logging-call-at": "/Users/shivamsaraf/Desktop/work/temporal/common/log/with_logger.go:61"}
2025-03-19T11:38:43.361-0400	debug	returning empty user data (no data)	{"host": "127.0.0.1:63279", "component": "matching-engine", "wf-task-queue-name": "temporal-sys-processor-parent-close-policy", "wf-task-queue-type": "Workflow", "wf-namespace": "temporal-system", "long-poll": false, "logging-call-at": "/Users/shivamsaraf/Desktop/work/temporal/common/log/with_logger.go:61"}
2025-03-19T11:38:43.361-0400	debug	returning empty user data (no data)	{"host": "127.0.0.1:63279", "component": "matching-engine", "wf-task-queue-name": "temporal-sys-processor-parent-close-policy", "wf-task-queue-type": "Workflow", "wf-namespace": "temporal-system", "long-poll": false, "logging-call-at": "/Users/shivamsaraf/Desktop/work/temporal/common/log/with_logger.go:61"}
2025-03-19T11:38:43.361-0400	debug	returning empty user data (no data)	{"host": "127.0.0.1:63279", "component": "matching-engine", "wf-task-queue-name": "temporal-sys-processor-parent-close-policy", "wf-task-queue-type": "Workflow", "wf-namespace": "temporal-system", "long-poll": false, "logging-call-at": "/Users/shivamsaraf/Desktop/work/temporal/common/log/with_logger.go:61"}
2025-03-19T11:38:43.361-0400	debug	returning empty user data (no data)	{"host": "127.0.0.1:63279", "component": "matching-engine", "wf-task-queue-name": "temporal-sys-processor-parent-close-policy", "wf-task-queue-type": "Workflow", "wf-namespace": "temporal-system", "long-poll": false, "logging-call-at": "/Users/shivamsaraf/Desktop/work/temporal/common/log/with_logger.go:61"}
2025-03-19T11:38:43.361-0400	debug	returning empty user data (no data)	{"host": "127.0.0.1:63279", "component": "matching-engine", "wf-task-queue-name": "temporal-sys-processor-parent-close-policy", "wf-task-queue-type": "Workflow", "wf-namespace": "temporal-system", "long-poll": false, "logging-call-at": "/Users/shivamsaraf/Desktop/work/temporal/common/log/with_logger.go:61"}
2025-03-19T11:38:43.361-0400	debug	returning empty user data (no data)	{"host": "127.0.0.1:63279", "component": "matching-engine", "wf-task-queue-name": "temporal-sys-processor-parent-close-policy", "wf-task-queue-type": "Workflow", "wf-namespace": "temporal-system", "long-poll": false, "logging-call-at": "/Users/shivamsaraf/Desktop/work/temporal/common/log/with_logger.go:61"}
2025-03-19T11:38:43.361-0400	debug	returning empty user data (no data)	{"host": "127.0.0.1:63279", "component": "matching-engine", "wf-task-queue-name": "temporal-sys-processor-parent-close-policy", "wf-task-queue-type": "Workflow", "wf-namespace": "temporal-system", "long-poll": false, "logging-call-at": "/Users/shivamsaraf/Desktop/work/temporal/common/log/with_logger.go:61"}
2025-03-19T11:38:43.362-0400	debug	fetched user data from parent, no change	{"host": "127.0.0.1:63279", "component": "matching-engine", "wf-task-queue-name": "/_sys/temporal-sys-processor-parent-close-policy/2", "wf-task-queue-type": "Workflow", "wf-namespace": "temporal-system", "logging-call-at": "/Users/shivamsaraf/Desktop/work/temporal/common/log/with_logger.go:61"}
2025-03-19T11:38:43.362-0400	debug	fetched user data from parent, no change	{"host": "127.0.0.1:63279", "component": "matching-engine", "wf-task-queue-name": "/_sys/temporal-sys-processor-parent-close-policy/1", "wf-task-queue-type": "Workflow", "wf-namespace": "temporal-system", "logging-call-at": "/Users/shivamsaraf/Desktop/work/temporal/common/log/with_logger.go:61"}
2025-03-19T11:38:43.362-0400	debug	Frontend method invoked.	{"host": "127.0.0.1:63278", "wf-namespace": "temporal-system", "operation": "DescribeNamespace", "server-name": "", "cert-thumbprint": "", "logging-call-at": "/Users/shivamsaraf/Desktop/work/temporal/common/log/with_logger.go:61"}
2025-03-19T11:38:43.362-0400	debug	fetched user data from parent, no change	{"host": "127.0.0.1:63279", "component": "matching-engine", "wf-task-queue-name": "/_sys/temporal-sys-processor-parent-close-policy/3", "wf-task-queue-type": "Workflow", "wf-namespace": "temporal-system", "logging-call-at": "/Users/shivamsaraf/Desktop/work/temporal/common/log/with_logger.go:61"}
2025-03-19T11:38:43.362-0400	debug	Frontend method invoked.	{"host": "127.0.0.1:63278", "wf-namespace": "temporal-system", "operation": "PollWorkflowTaskQueue", "server-name": "", "cert-thumbprint": "", "logging-call-at": "/Users/shivamsaraf/Desktop/work/temporal/common/log/with_logger.go:61"}
2025-03-19T11:38:43.362-0400	debug	fetched user data from parent, no change	{"host": "127.0.0.1:63279", "component": "matching-engine", "wf-task-queue-name": "Shivams-MacBook-Pro.local:7a2e0941-45f6-433f-9804-f7477e79fccb", "wf-task-queue-type": "Workflow", "wf-namespace": "temporal-system", "logging-call-at": "/Users/shivamsaraf/Desktop/work/temporal/common/log/with_logger.go:61"}
2025-03-19T11:38:43.362-0400	debug	fetched user data from parent, no change	{"host": "127.0.0.1:63279", "component": "matching-engine", "wf-task-queue-name": "/_sys/temporal-sys-processor-parent-close-policy/2", "wf-task-queue-type": "Activity", "wf-namespace": "temporal-system", "logging-call-at": "/Users/shivamsaraf/Desktop/work/temporal/common/log/with_logger.go:61"}
2025-03-19T11:38:43.362-0400	debug	fetched user data from parent, no change	{"host": "127.0.0.1:63279", "component": "matching-engine", "wf-task-queue-name": "/_sys/temporal-sys-processor-parent-close-policy/3", "wf-task-queue-type": "Activity", "wf-namespace": "temporal-system", "logging-call-at": "/Users/shivamsaraf/Desktop/work/temporal/common/log/with_logger.go:61"}
2025-03-19T11:38:43.362-0400	debug	Received PollWorkflowTaskQueue	{"host": "127.0.0.1:63278", "service": "frontend", "logging-call-at": "/Users/shivamsaraf/Desktop/work/temporal/common/log/with_logger.go:61"}
2025-03-19T11:38:43.362-0400	debug	fetched user data from parent, no change	{"host": "127.0.0.1:63279", "component": "matching-engine", "wf-task-queue-name": "/_sys/temporal-sys-processor-parent-close-policy/1", "wf-task-queue-type": "Activity", "wf-namespace": "temporal-system", "logging-call-at": "/Users/shivamsaraf/Desktop/work/temporal/common/log/with_logger.go:61"}
2025-03-19T11:38:43.362-0400	debug	fetched user data from parent, no change	{"host": "127.0.0.1:63279", "component": "matching-engine", "wf-task-queue-name": "temporal-sys-processor-parent-close-policy", "wf-task-queue-type": "Activity", "wf-namespace": "temporal-system", "logging-call-at": "/Users/shivamsaraf/Desktop/work/temporal/common/log/with_logger.go:61"}
2025-03-19T11:38:43.362-0400	debug	Poll workflow task queue.	{"host": "127.0.0.1:63278", "service": "frontend", "wf-namespace": "temporal-system", "wf-namespace-id": "32049b68-7872-4094-8e63-d0dd59896a83", "logging-call-at": "/Users/shivamsaraf/Desktop/work/temporal/common/log/with_logger.go:61"}
2025-03-19T11:38:43.363-0400	info	Started physicalTaskQueueManager	{"host": "127.0.0.1:63279", "component": "matching-engine", "wf-task-queue-name": "Shivams-MacBook-Pro.local:4afbe155-7f77-474f-9c99-c58cdcdfb3c1", "wf-task-queue-type": "Workflow", "wf-namespace": "temporal-system", "worker-build-id": "_unversioned_", "lifecycle": "Started", "cause": "Poll", "logging-call-at": "/Users/shivamsaraf/Desktop/work/temporal/common/log/with_logger.go:66"}
2025-03-19T11:38:43.363-0400	info	Started Worker	{"host": "127.0.0.1:63281", "Namespace": "temporal-system", "TaskQueue": "default-worker-tq", "WorkerID": "temporal-system@Shivams-MacBook-Pro.local", "logging-call-at": "/Users/shivamsaraf/Desktop/work/temporal/common/log/with_logger.go:66"}
2025-03-19T11:38:43.363-0400	debug	Frontend method invoked.	{"host": "127.0.0.1:63278", "wf-namespace": "temporal-system", "operation": "PollWorkflowTaskQueue", "server-name": "", "cert-thumbprint": "", "logging-call-at": "/Users/shivamsaraf/Desktop/work/temporal/common/log/with_logger.go:61"}
2025-03-19T11:38:43.363-0400	debug	Frontend method invoked.	{"host": "127.0.0.1:63278", "wf-namespace": "temporal-system", "operation": "DescribeNamespace", "server-name": "", "cert-thumbprint": "", "logging-call-at": "/Users/shivamsaraf/Desktop/work/temporal/common/log/with_logger.go:61"}
2025-03-19T11:38:43.363-0400	debug	Received PollWorkflowTaskQueue	{"host": "127.0.0.1:63278", "service": "frontend", "logging-call-at": "/Users/shivamsaraf/Desktop/work/temporal/common/log/with_logger.go:61"}
2025-03-19T11:38:43.363-0400	debug	Poll workflow task queue.	{"host": "127.0.0.1:63278", "service": "frontend", "wf-namespace": "temporal-system", "wf-namespace-id": "32049b68-7872-4094-8e63-d0dd59896a83", "logging-call-at": "/Users/shivamsaraf/Desktop/work/temporal/common/log/with_logger.go:61"}
2025-03-19T11:38:43.363-0400	debug	Frontend method invoked.	{"host": "127.0.0.1:63278", "wf-namespace": "temporal-system", "operation": "PollActivityTaskQueue", "server-name": "", "cert-thumbprint": "", "logging-call-at": "/Users/shivamsaraf/Desktop/work/temporal/common/log/with_logger.go:61"}
2025-03-19T11:38:43.363-0400	info	Started physicalTaskQueueManager	{"host": "127.0.0.1:63279", "component": "matching-engine", "wf-task-queue-name": "default-worker-tq", "wf-task-queue-type": "Workflow", "wf-namespace": "temporal-system", "worker-build-id": "_unversioned_", "lifecycle": "Started", "cause": "UserData", "logging-call-at": "/Users/shivamsaraf/Desktop/work/temporal/common/log/with_logger.go:66"}
2025-03-19T11:38:43.363-0400	debug	Received PollActivityTaskQueue	{"host": "127.0.0.1:63278", "service": "frontend", "logging-call-at": "/Users/shivamsaraf/Desktop/work/temporal/common/log/with_logger.go:61"}
2025-03-19T11:38:43.364-0400	info	Started physicalTaskQueueManager	{"host": "127.0.0.1:63279", "component": "matching-engine", "wf-task-queue-name": "/_sys/default-worker-tq/3", "wf-task-queue-type": "Workflow", "wf-namespace": "temporal-system", "worker-build-id": "_unversioned_", "lifecycle": "Started", "cause": "Poll", "logging-call-at": "/Users/shivamsaraf/Desktop/work/temporal/common/log/with_logger.go:66"}
2025-03-19T11:38:43.364-0400	info	Started physicalTaskQueueManager	{"host": "127.0.0.1:63279", "component": "matching-engine", "wf-task-queue-name": "/_sys/default-worker-tq/2", "wf-task-queue-type": "Activity", "wf-namespace": "temporal-system", "worker-build-id": "_unversioned_", "lifecycle": "Started", "cause": "Poll", "logging-call-at": "/Users/shivamsaraf/Desktop/work/temporal/common/log/with_logger.go:66"}
2025-03-19T11:38:43.364-0400	info	Started physicalTaskQueueManager	{"host": "127.0.0.1:63279", "component": "matching-engine", "wf-task-queue-name": "/_sys/default-worker-tq/2", "wf-task-queue-type": "Workflow", "wf-namespace": "temporal-system", "worker-build-id": "_unversioned_", "lifecycle": "Started", "cause": "Force", "logging-call-at": "/Users/shivamsaraf/Desktop/work/temporal/common/log/with_logger.go:66"}
2025-03-19T11:38:43.364-0400	info	Started physicalTaskQueueManager	{"host": "127.0.0.1:63279", "component": "matching-engine", "wf-task-queue-name": "/_sys/default-worker-tq/1", "wf-task-queue-type": "Workflow", "wf-namespace": "temporal-system", "worker-build-id": "_unversioned_", "lifecycle": "Started", "cause": "Force", "logging-call-at": "/Users/shivamsaraf/Desktop/work/temporal/common/log/with_logger.go:66"}
2025-03-19T11:38:43.364-0400	info	Started Worker	{"host": "127.0.0.1:63281", "Namespace": "temporal-system", "TaskQueue": "temporal-sys-migration-activity-tq", "WorkerID": "temporal-system@Shivams-MacBook-Pro.local", "logging-call-at": "/Users/shivamsaraf/Desktop/work/temporal/common/log/with_logger.go:66"}
2025-03-19T11:38:43.364-0400	debug	Frontend method invoked.	{"host": "127.0.0.1:63278", "wf-namespace": "temporal-system", "operation": "PollActivityTaskQueue", "server-name": "", "cert-thumbprint": "", "logging-call-at": "/Users/shivamsaraf/Desktop/work/temporal/common/log/with_logger.go:61"}
2025-03-19T11:38:43.364-0400	info	loaded user data from db	{"host": "127.0.0.1:63279", "component": "matching-engine", "wf-task-queue-name": "default-worker-tq", "wf-task-queue-type": "Workflow", "wf-namespace": "temporal-system", "user-data-version": 0, "timestamp": "1970-01-01T00:00:00.000Z", "logging-call-at": "/Users/shivamsaraf/Desktop/work/temporal/common/log/with_logger.go:66"}
2025-03-19T11:38:43.364-0400	debug	Received PollActivityTaskQueue	{"host": "127.0.0.1:63278", "service": "frontend", "logging-call-at": "/Users/shivamsaraf/Desktop/work/temporal/common/log/with_logger.go:61"}
2025-03-19T11:38:43.364-0400	debug	Frontend method invoked.	{"host": "127.0.0.1:63278", "wf-namespace": "temporal-system", "operation": "DescribeNamespace", "server-name": "", "cert-thumbprint": "", "logging-call-at": "/Users/shivamsaraf/Desktop/work/temporal/common/log/with_logger.go:61"}
2025-03-19T11:38:43.364-0400	debug	Frontend method invoked.	{"host": "127.0.0.1:63278", "wf-namespace": "temporal-system", "operation": "PollActivityTaskQueue", "server-name": "", "cert-thumbprint": "", "logging-call-at": "/Users/shivamsaraf/Desktop/work/temporal/common/log/with_logger.go:61"}
2025-03-19T11:38:43.365-0400	debug	Received PollActivityTaskQueue	{"host": "127.0.0.1:63278", "service": "frontend", "logging-call-at": "/Users/shivamsaraf/Desktop/work/temporal/common/log/with_logger.go:61"}
2025-03-19T11:38:43.365-0400	info	Started physicalTaskQueueManager	{"host": "127.0.0.1:63279", "component": "matching-engine", "wf-task-queue-name": "default-worker-tq", "wf-task-queue-type": "Activity", "wf-namespace": "temporal-system", "worker-build-id": "_unversioned_", "lifecycle": "Started", "cause": "Poll", "logging-call-at": "/Users/shivamsaraf/Desktop/work/temporal/common/log/with_logger.go:66"}
2025-03-19T11:38:43.365-0400	info	Started physicalTaskQueueManager	{"host": "127.0.0.1:63279", "component": "matching-engine", "wf-task-queue-name": "temporal-sys-migration-activity-tq", "wf-task-queue-type": "Activity", "wf-namespace": "temporal-system", "worker-build-id": "_unversioned_", "lifecycle": "Started", "cause": "Poll", "logging-call-at": "/Users/shivamsaraf/Desktop/work/temporal/common/log/with_logger.go:66"}
2025-03-19T11:38:43.365-0400	info	Started physicalTaskQueueManager	{"host": "127.0.0.1:63279", "component": "matching-engine", "wf-task-queue-name": "/_sys/default-worker-tq/3", "wf-task-queue-type": "Activity", "wf-namespace": "temporal-system", "worker-build-id": "_unversioned_", "lifecycle": "Started", "cause": "Force", "logging-call-at": "/Users/shivamsaraf/Desktop/work/temporal/common/log/with_logger.go:66"}
2025-03-19T11:38:43.365-0400	info	Started physicalTaskQueueManager	{"host": "127.0.0.1:63279", "component": "matching-engine", "wf-task-queue-name": "/_sys/default-worker-tq/1", "wf-task-queue-type": "Activity", "wf-namespace": "temporal-system", "worker-build-id": "_unversioned_", "lifecycle": "Started", "cause": "Force", "logging-call-at": "/Users/shivamsaraf/Desktop/work/temporal/common/log/with_logger.go:66"}
2025-03-19T11:38:43.365-0400	info	Started physicalTaskQueueManager	{"host": "127.0.0.1:63279", "component": "matching-engine", "wf-task-queue-name": "temporal-sys-migration-activity-tq", "wf-task-queue-type": "Workflow", "wf-namespace": "temporal-system", "worker-build-id": "_unversioned_", "lifecycle": "Started", "cause": "UserData", "logging-call-at": "/Users/shivamsaraf/Desktop/work/temporal/common/log/with_logger.go:66"}
2025-03-19T11:38:43.365-0400	debug	Frontend method invoked.	{"host": "127.0.0.1:63278", "wf-namespace": "temporal-system", "operation": "PollActivityTaskQueue", "server-name": "", "cert-thumbprint": "", "logging-call-at": "/Users/shivamsaraf/Desktop/work/temporal/common/log/with_logger.go:61"}
2025-03-19T11:38:43.365-0400	debug	Received PollActivityTaskQueue	{"host": "127.0.0.1:63278", "service": "frontend", "logging-call-at": "/Users/shivamsaraf/Desktop/work/temporal/common/log/with_logger.go:61"}
2025-03-19T11:38:43.366-0400	debug	returning empty user data (no data)	{"host": "127.0.0.1:63279", "component": "matching-engine", "wf-task-queue-name": "default-worker-tq", "wf-task-queue-type": "Workflow", "wf-namespace": "temporal-system", "long-poll": false, "logging-call-at": "/Users/shivamsaraf/Desktop/work/temporal/common/log/with_logger.go:61"}
2025-03-19T11:38:43.366-0400	debug	returning empty user data (no data)	{"host": "127.0.0.1:63279", "component": "matching-engine", "wf-task-queue-name": "default-worker-tq", "wf-task-queue-type": "Workflow", "wf-namespace": "temporal-system", "long-poll": false, "logging-call-at": "/Users/shivamsaraf/Desktop/work/temporal/common/log/with_logger.go:61"}
2025-03-19T11:38:43.366-0400	debug	returning empty user data (no data)	{"host": "127.0.0.1:63279", "component": "matching-engine", "wf-task-queue-name": "default-worker-tq", "wf-task-queue-type": "Workflow", "wf-namespace": "temporal-system", "long-poll": false, "logging-call-at": "/Users/shivamsaraf/Desktop/work/temporal/common/log/with_logger.go:61"}
2025-03-19T11:38:43.366-0400	debug	returning empty user data (no data)	{"host": "127.0.0.1:63279", "component": "matching-engine", "wf-task-queue-name": "default-worker-tq", "wf-task-queue-type": "Workflow", "wf-namespace": "temporal-system", "long-poll": false, "logging-call-at": "/Users/shivamsaraf/Desktop/work/temporal/common/log/with_logger.go:61"}
2025-03-19T11:38:43.366-0400	debug	returning empty user data (no data)	{"host": "127.0.0.1:63279", "component": "matching-engine", "wf-task-queue-name": "default-worker-tq", "wf-task-queue-type": "Workflow", "wf-namespace": "temporal-system", "long-poll": false, "logging-call-at": "/Users/shivamsaraf/Desktop/work/temporal/common/log/with_logger.go:61"}
2025-03-19T11:38:43.366-0400	debug	returning empty user data (no data)	{"host": "127.0.0.1:63279", "component": "matching-engine", "wf-task-queue-name": "default-worker-tq", "wf-task-queue-type": "Workflow", "wf-namespace": "temporal-system", "long-poll": false, "logging-call-at": "/Users/shivamsaraf/Desktop/work/temporal/common/log/with_logger.go:61"}
2025-03-19T11:38:43.366-0400	debug	returning empty user data (no data)	{"host": "127.0.0.1:63279", "component": "matching-engine", "wf-task-queue-name": "default-worker-tq", "wf-task-queue-type": "Workflow", "wf-namespace": "temporal-system", "long-poll": false, "logging-call-at": "/Users/shivamsaraf/Desktop/work/temporal/common/log/with_logger.go:61"}
2025-03-19T11:38:43.366-0400	debug	returning empty user data (no data)	{"host": "127.0.0.1:63279", "component": "matching-engine", "wf-task-queue-name": "default-worker-tq", "wf-task-queue-type": "Workflow", "wf-namespace": "temporal-system", "long-poll": false, "logging-call-at": "/Users/shivamsaraf/Desktop/work/temporal/common/log/with_logger.go:61"}
2025-03-19T11:38:43.366-0400	debug	fetched user data from parent, no change	{"host": "127.0.0.1:63279", "component": "matching-engine", "wf-task-queue-name": "/_sys/default-worker-tq/3", "wf-task-queue-type": "Workflow", "wf-namespace": "temporal-system", "logging-call-at": "/Users/shivamsaraf/Desktop/work/temporal/common/log/with_logger.go:61"}
2025-03-19T11:38:43.366-0400	debug	fetched user data from parent, no change	{"host": "127.0.0.1:63279", "component": "matching-engine", "wf-task-queue-name": "/_sys/default-worker-tq/2", "wf-task-queue-type": "Workflow", "wf-namespace": "temporal-system", "logging-call-at": "/Users/shivamsaraf/Desktop/work/temporal/common/log/with_logger.go:61"}
2025-03-19T11:38:43.366-0400	debug	fetched user data from parent, no change	{"host": "127.0.0.1:63279", "component": "matching-engine", "wf-task-queue-name": "/_sys/default-worker-tq/2", "wf-task-queue-type": "Activity", "wf-namespace": "temporal-system", "logging-call-at": "/Users/shivamsaraf/Desktop/work/temporal/common/log/with_logger.go:61"}
2025-03-19T11:38:43.366-0400	debug	fetched user data from parent, no change	{"host": "127.0.0.1:63279", "component": "matching-engine", "wf-task-queue-name": "/_sys/default-worker-tq/1", "wf-task-queue-type": "Activity", "wf-namespace": "temporal-system", "logging-call-at": "/Users/shivamsaraf/Desktop/work/temporal/common/log/with_logger.go:61"}
2025-03-19T11:38:43.366-0400	debug	fetched user data from parent, no change	{"host": "127.0.0.1:63279", "component": "matching-engine", "wf-task-queue-name": "Shivams-MacBook-Pro.local:4afbe155-7f77-474f-9c99-c58cdcdfb3c1", "wf-task-queue-type": "Workflow", "wf-namespace": "temporal-system", "logging-call-at": "/Users/shivamsaraf/Desktop/work/temporal/common/log/with_logger.go:61"}
2025-03-19T11:38:43.366-0400	debug	fetched user data from parent, no change	{"host": "127.0.0.1:63279", "component": "matching-engine", "wf-task-queue-name": "default-worker-tq", "wf-task-queue-type": "Activity", "wf-namespace": "temporal-system", "logging-call-at": "/Users/shivamsaraf/Desktop/work/temporal/common/log/with_logger.go:61"}
2025-03-19T11:38:43.366-0400	debug	fetched user data from parent, no change	{"host": "127.0.0.1:63279", "component": "matching-engine", "wf-task-queue-name": "/_sys/default-worker-tq/3", "wf-task-queue-type": "Activity", "wf-namespace": "temporal-system", "logging-call-at": "/Users/shivamsaraf/Desktop/work/temporal/common/log/with_logger.go:61"}
2025-03-19T11:38:43.366-0400	debug	fetched user data from parent, no change	{"host": "127.0.0.1:63279", "component": "matching-engine", "wf-task-queue-name": "/_sys/default-worker-tq/1", "wf-task-queue-type": "Workflow", "wf-namespace": "temporal-system", "logging-call-at": "/Users/shivamsaraf/Desktop/work/temporal/common/log/with_logger.go:61"}
2025-03-19T11:38:43.368-0400	info	loaded user data from db	{"host": "127.0.0.1:63279", "component": "matching-engine", "wf-task-queue-name": "temporal-sys-migration-activity-tq", "wf-task-queue-type": "Workflow", "wf-namespace": "temporal-system", "user-data-version": 0, "timestamp": "1970-01-01T00:00:00.000Z", "logging-call-at": "/Users/shivamsaraf/Desktop/work/temporal/common/log/with_logger.go:66"}
2025-03-19T11:38:43.368-0400	debug	returning empty user data (no data)	{"host": "127.0.0.1:63279", "component": "matching-engine", "wf-task-queue-name": "temporal-sys-migration-activity-tq", "wf-task-queue-type": "Workflow", "wf-namespace": "temporal-system", "long-poll": false, "logging-call-at": "/Users/shivamsaraf/Desktop/work/temporal/common/log/with_logger.go:61"}
2025-03-19T11:38:43.368-0400	debug	fetched user data from parent, no change	{"host": "127.0.0.1:63279", "component": "matching-engine", "wf-task-queue-name": "temporal-sys-migration-activity-tq", "wf-task-queue-type": "Activity", "wf-namespace": "temporal-system", "logging-call-at": "/Users/shivamsaraf/Desktop/work/temporal/common/log/with_logger.go:61"}
2025-03-19T11:38:43.370-0400	info	Started Worker	{"host": "127.0.0.1:63281", "Namespace": "temporal-system", "TaskQueue": "temporal-sys-dlq-activity-tq", "WorkerID": "temporal-system@Shivams-MacBook-Pro.local", "logging-call-at": "/Users/shivamsaraf/Desktop/work/temporal/common/log/with_logger.go:66"}
2025-03-19T11:38:43.370-0400	debug	Frontend method invoked.	{"host": "127.0.0.1:63278", "wf-namespace": "temporal-system", "operation": "DescribeNamespace", "server-name": "", "cert-thumbprint": "", "logging-call-at": "/Users/shivamsaraf/Desktop/work/temporal/common/log/with_logger.go:61"}
2025-03-19T11:38:43.370-0400	debug	Frontend method invoked.	{"host": "127.0.0.1:63278", "wf-namespace": "temporal-system", "operation": "PollActivityTaskQueue", "server-name": "", "cert-thumbprint": "", "logging-call-at": "/Users/shivamsaraf/Desktop/work/temporal/common/log/with_logger.go:61"}
2025-03-19T11:38:43.370-0400	debug	Received PollActivityTaskQueue	{"host": "127.0.0.1:63278", "service": "frontend", "logging-call-at": "/Users/shivamsaraf/Desktop/work/temporal/common/log/with_logger.go:61"}
2025-03-19T11:38:43.371-0400	info	Started physicalTaskQueueManager	{"host": "127.0.0.1:63279", "component": "matching-engine", "wf-task-queue-name": "/_sys/temporal-sys-dlq-activity-tq/3", "wf-task-queue-type": "Activity", "wf-namespace": "temporal-system", "worker-build-id": "_unversioned_", "lifecycle": "Started", "cause": "Poll", "logging-call-at": "/Users/shivamsaraf/Desktop/work/temporal/common/log/with_logger.go:66"}
2025-03-19T11:38:43.371-0400	info	Started Worker	{"host": "127.0.0.1:63281", "Namespace": "temporal-system", "TaskQueue": "temporal-sys-add-search-attributes-activity-tq", "WorkerID": "temporal-system@Shivams-MacBook-Pro.local", "logging-call-at": "/Users/shivamsaraf/Desktop/work/temporal/common/log/with_logger.go:66"}
2025-03-19T11:38:43.371-0400	info	Started physicalTaskQueueManager	{"host": "127.0.0.1:63279", "component": "matching-engine", "wf-task-queue-name": "temporal-sys-dlq-activity-tq", "wf-task-queue-type": "Workflow", "wf-namespace": "temporal-system", "worker-build-id": "_unversioned_", "lifecycle": "Started", "cause": "UserData", "logging-call-at": "/Users/shivamsaraf/Desktop/work/temporal/common/log/with_logger.go:66"}
2025-03-19T11:38:43.371-0400	debug	Frontend method invoked.	{"host": "127.0.0.1:63278", "wf-namespace": "temporal-system", "operation": "DescribeNamespace", "server-name": "", "cert-thumbprint": "", "logging-call-at": "/Users/shivamsaraf/Desktop/work/temporal/common/log/with_logger.go:61"}
2025-03-19T11:38:43.371-0400	debug	Frontend method invoked.	{"host": "127.0.0.1:63278", "wf-namespace": "temporal-system", "operation": "PollActivityTaskQueue", "server-name": "", "cert-thumbprint": "", "logging-call-at": "/Users/shivamsaraf/Desktop/work/temporal/common/log/with_logger.go:61"}
2025-03-19T11:38:43.371-0400	debug	Frontend method invoked.	{"host": "127.0.0.1:63278", "wf-namespace": "temporal-system", "operation": "PollActivityTaskQueue", "server-name": "", "cert-thumbprint": "", "logging-call-at": "/Users/shivamsaraf/Desktop/work/temporal/common/log/with_logger.go:61"}
2025-03-19T11:38:43.371-0400	debug	Received PollActivityTaskQueue	{"host": "127.0.0.1:63278", "service": "frontend", "logging-call-at": "/Users/shivamsaraf/Desktop/work/temporal/common/log/with_logger.go:61"}
2025-03-19T11:38:43.371-0400	debug	Received PollActivityTaskQueue	{"host": "127.0.0.1:63278", "service": "frontend", "logging-call-at": "/Users/shivamsaraf/Desktop/work/temporal/common/log/with_logger.go:61"}
2025-03-19T11:38:43.371-0400	info	Started physicalTaskQueueManager	{"host": "127.0.0.1:63279", "component": "matching-engine", "wf-task-queue-name": "/_sys/temporal-sys-dlq-activity-tq/3", "wf-task-queue-type": "Workflow", "wf-namespace": "temporal-system", "worker-build-id": "_unversioned_", "lifecycle": "Started", "cause": "Force", "logging-call-at": "/Users/shivamsaraf/Desktop/work/temporal/common/log/with_logger.go:66"}
2025-03-19T11:38:43.371-0400	info	Started physicalTaskQueueManager	{"host": "127.0.0.1:63279", "component": "matching-engine", "wf-task-queue-name": "/_sys/temporal-sys-dlq-activity-tq/1", "wf-task-queue-type": "Workflow", "wf-namespace": "temporal-system", "worker-build-id": "_unversioned_", "lifecycle": "Started", "cause": "Force", "logging-call-at": "/Users/shivamsaraf/Desktop/work/temporal/common/log/with_logger.go:66"}
2025-03-19T11:38:43.371-0400	info	Started physicalTaskQueueManager	{"host": "127.0.0.1:63279", "component": "matching-engine", "wf-task-queue-name": "/_sys/temporal-sys-dlq-activity-tq/2", "wf-task-queue-type": "Workflow", "wf-namespace": "temporal-system", "worker-build-id": "_unversioned_", "lifecycle": "Started", "cause": "Force", "logging-call-at": "/Users/shivamsaraf/Desktop/work/temporal/common/log/with_logger.go:66"}
2025-03-19T11:38:43.372-0400	info	loaded user data from db	{"host": "127.0.0.1:63279", "component": "matching-engine", "wf-task-queue-name": "temporal-sys-dlq-activity-tq", "wf-task-queue-type": "Workflow", "wf-namespace": "temporal-system", "user-data-version": 0, "timestamp": "1970-01-01T00:00:00.000Z", "logging-call-at": "/Users/shivamsaraf/Desktop/work/temporal/common/log/with_logger.go:66"}
2025-03-19T11:38:43.372-0400	info	Started physicalTaskQueueManager	{"host": "127.0.0.1:63279", "component": "matching-engine", "wf-task-queue-name": "temporal-sys-dlq-activity-tq", "wf-task-queue-type": "Activity", "wf-namespace": "temporal-system", "worker-build-id": "_unversioned_", "lifecycle": "Started", "cause": "Poll", "logging-call-at": "/Users/shivamsaraf/Desktop/work/temporal/common/log/with_logger.go:66"}
2025-03-19T11:38:43.372-0400	info	Started physicalTaskQueueManager	{"host": "127.0.0.1:63279", "component": "matching-engine", "wf-task-queue-name": "temporal-sys-add-search-attributes-activity-tq", "wf-task-queue-type": "Activity", "wf-namespace": "temporal-system", "worker-build-id": "_unversioned_", "lifecycle": "Started", "cause": "Poll", "logging-call-at": "/Users/shivamsaraf/Desktop/work/temporal/common/log/with_logger.go:66"}
2025-03-19T11:38:43.372-0400	debug	Frontend method invoked.	{"host": "127.0.0.1:63278", "wf-namespace": "temporal-system", "operation": "PollActivityTaskQueue", "server-name": "", "cert-thumbprint": "", "logging-call-at": "/Users/shivamsaraf/Desktop/work/temporal/common/log/with_logger.go:61"}
2025-03-19T11:38:43.372-0400	debug	Received PollActivityTaskQueue	{"host": "127.0.0.1:63278", "service": "frontend", "logging-call-at": "/Users/shivamsaraf/Desktop/work/temporal/common/log/with_logger.go:61"}
2025-03-19T11:38:43.373-0400	info	Started physicalTaskQueueManager	{"host": "127.0.0.1:63279", "component": "matching-engine", "wf-task-queue-name": "temporal-sys-add-search-attributes-activity-tq", "wf-task-queue-type": "Workflow", "wf-namespace": "temporal-system", "worker-build-id": "_unversioned_", "lifecycle": "Started", "cause": "UserData", "logging-call-at": "/Users/shivamsaraf/Desktop/work/temporal/common/log/with_logger.go:66"}
2025-03-19T11:38:43.373-0400	info	Started physicalTaskQueueManager	{"host": "127.0.0.1:63279", "component": "matching-engine", "wf-task-queue-name": "/_sys/temporal-sys-dlq-activity-tq/1", "wf-task-queue-type": "Activity", "wf-namespace": "temporal-system", "worker-build-id": "_unversioned_", "lifecycle": "Started", "cause": "Force", "logging-call-at": "/Users/shivamsaraf/Desktop/work/temporal/common/log/with_logger.go:66"}
2025-03-19T11:38:43.373-0400	info	Started physicalTaskQueueManager	{"host": "127.0.0.1:63279", "component": "matching-engine", "wf-task-queue-name": "/_sys/temporal-sys-dlq-activity-tq/2", "wf-task-queue-type": "Activity", "wf-namespace": "temporal-system", "worker-build-id": "_unversioned_", "lifecycle": "Started", "cause": "Force", "logging-call-at": "/Users/shivamsaraf/Desktop/work/temporal/common/log/with_logger.go:66"}
2025-03-19T11:38:43.373-0400	info	Started Worker	{"host": "127.0.0.1:63281", "Namespace": "temporal-system", "TaskQueue": "temporal-sys-delete-namespace-activity-tq", "WorkerID": "temporal-system@Shivams-MacBook-Pro.local", "logging-call-at": "/Users/shivamsaraf/Desktop/work/temporal/common/log/with_logger.go:66"}
2025-03-19T11:38:43.373-0400	info	none	{"host": "127.0.0.1:63281", "component": "worker-manager", "lifecycle": "Started", "logging-call-at": "/Users/shivamsaraf/Desktop/work/temporal/common/log/with_logger.go:66"}
2025-03-19T11:38:43.373-0400	info	none	{"host": "127.0.0.1:63281", "component": "perns-worker-manager", "lifecycle": "Starting", "logging-call-at": "/Users/shivamsaraf/Desktop/work/temporal/common/log/with_logger.go:66"}
2025-03-19T11:38:43.373-0400	info	none	{"host": "127.0.0.1:63281", "component": "perns-worker-manager", "lifecycle": "Started", "logging-call-at": "/Users/shivamsaraf/Desktop/work/temporal/common/log/with_logger.go:66"}
2025-03-19T11:38:43.373-0400	info	worker service started	{"host": "127.0.0.1:63281", "service": "worker", "component": "worker", "address": "127.0.0.1:63281", "logging-call-at": "/Users/shivamsaraf/Desktop/work/temporal/common/log/with_logger.go:66"}
2025-03-19T11:38:43.373-0400	debug	OnStart hook executed	{"host": "127.0.0.1:63281", "component": "fx", "callee": "go.temporal.io/server/service/worker.(*Service).Start-fm()", "caller": "go.temporal.io/server/service/worker.ServiceLifetimeHooks", "runtime": "216.018708ms", "logging-call-at": "/Users/shivamsaraf/Desktop/work/temporal/common/log/with_logger.go:61"}
2025-03-19T11:38:43.373-0400	debug	started	{"host": "127.0.0.1:63281", "component": "fx", "logging-call-at": "/Users/shivamsaraf/Desktop/work/temporal/common/log/with_logger.go:61"}
2025-03-19T11:38:43.373-0400	debug	Frontend method invoked.	{"host": "127.0.0.1:63278", "wf-namespace": "temporal-system", "operation": "PollActivityTaskQueue", "server-name": "", "cert-thumbprint": "", "logging-call-at": "/Users/shivamsaraf/Desktop/work/temporal/common/log/with_logger.go:61"}
2025-03-19T11:38:43.373-0400	debug	Received PollActivityTaskQueue	{"host": "127.0.0.1:63278", "service": "frontend", "logging-call-at": "/Users/shivamsaraf/Desktop/work/temporal/common/log/with_logger.go:61"}
2025-03-19T11:38:43.374-0400	info	Started physicalTaskQueueManager	{"host": "127.0.0.1:63279", "component": "matching-engine", "wf-task-queue-name": "temporal-sys-delete-namespace-activity-tq", "wf-task-queue-type": "Activity", "wf-namespace": "temporal-system", "worker-build-id": "_unversioned_", "lifecycle": "Started", "cause": "Poll", "logging-call-at": "/Users/shivamsaraf/Desktop/work/temporal/common/log/with_logger.go:66"}
2025-03-19T11:38:43.374-0400	debug	Frontend method invoked.	{"host": "127.0.0.1:63278", "wf-namespace": "temporal-system", "operation": "DescribeNamespace", "server-name": "", "cert-thumbprint": "", "logging-call-at": "/Users/shivamsaraf/Desktop/work/temporal/common/log/with_logger.go:61"}
2025-03-19T11:38:43.374-0400	info	Started physicalTaskQueueManager	{"host": "127.0.0.1:63279", "component": "matching-engine", "wf-task-queue-name": "temporal-sys-delete-namespace-activity-tq", "wf-task-queue-type": "Workflow", "wf-namespace": "temporal-system", "worker-build-id": "_unversioned_", "lifecycle": "Started", "cause": "UserData", "logging-call-at": "/Users/shivamsaraf/Desktop/work/temporal/common/log/with_logger.go:66"}
2025-03-19T11:38:43.374-0400	debug	Frontend method invoked.	{"host": "127.0.0.1:63278", "wf-namespace": "temporal-system", "operation": "PollActivityTaskQueue", "server-name": "", "cert-thumbprint": "", "logging-call-at": "/Users/shivamsaraf/Desktop/work/temporal/common/log/with_logger.go:61"}
2025-03-19T11:38:43.374-0400	debug	Received PollActivityTaskQueue	{"host": "127.0.0.1:63278", "service": "frontend", "logging-call-at": "/Users/shivamsaraf/Desktop/work/temporal/common/log/with_logger.go:61"}
2025-03-19T11:38:43.376-0400	info	loaded user data from db	{"host": "127.0.0.1:63279", "component": "matching-engine", "wf-task-queue-name": "temporal-sys-add-search-attributes-activity-tq", "wf-task-queue-type": "Workflow", "wf-namespace": "temporal-system", "user-data-version": 0, "timestamp": "1970-01-01T00:00:00.000Z", "logging-call-at": "/Users/shivamsaraf/Desktop/work/temporal/common/log/with_logger.go:66"}
2025-03-19T11:38:43.376-0400	info	Register namespace succeeded	{"wf-namespace": "namespace-ec265ab4-426c-4316-a4b3-47fc66311932", "wf-namespace-id": "d0b550e3-6091-4a9b-a9aa-3d80ffb24954", "logging-call-at": "/Users/shivamsaraf/Desktop/work/temporal/tests/testcore/functional_test_base.go:440"}
2025-03-19T11:38:43.377-0400	info	loaded user data from db	{"host": "127.0.0.1:63279", "component": "matching-engine", "wf-task-queue-name": "temporal-sys-delete-namespace-activity-tq", "wf-task-queue-type": "Workflow", "wf-namespace": "temporal-system", "user-data-version": 0, "timestamp": "1970-01-01T00:00:00.000Z", "logging-call-at": "/Users/shivamsaraf/Desktop/work/temporal/common/log/with_logger.go:66"}
2025-03-19T11:38:43.377-0400	debug	returning empty user data (no data)	{"host": "127.0.0.1:63279", "component": "matching-engine", "wf-task-queue-name": "temporal-sys-add-search-attributes-activity-tq", "wf-task-queue-type": "Workflow", "wf-namespace": "temporal-system", "long-poll": false, "logging-call-at": "/Users/shivamsaraf/Desktop/work/temporal/common/log/with_logger.go:61"}
2025-03-19T11:38:43.377-0400	debug	fetched user data from parent, no change	{"host": "127.0.0.1:63279", "component": "matching-engine", "wf-task-queue-name": "temporal-sys-add-search-attributes-activity-tq", "wf-task-queue-type": "Activity", "wf-namespace": "temporal-system", "logging-call-at": "/Users/shivamsaraf/Desktop/work/temporal/common/log/with_logger.go:61"}
2025-03-19T11:38:43.378-0400	info	Register namespace succeeded	{"wf-namespace": "foreign-namespace-01904a55-3eaf-4534-97d1-6df9a70b29a5", "wf-namespace-id": "0d31ac7b-499e-481f-8ff5-ffa7b3f6e2dc", "logging-call-at": "/Users/shivamsaraf/Desktop/work/temporal/tests/testcore/functional_test_base.go:440"}
2025-03-19T11:38:43.380-0400	debug	Frontend method invoked.	{"host": "127.0.0.1:63278", "wf-namespace": "temporal-system", "operation": "DescribeNamespace", "server-name": "", "cert-thumbprint": "", "logging-call-at": "/Users/shivamsaraf/Desktop/work/temporal/common/log/with_logger.go:61"}
=== RUN   TestWorkerDeploymentSuite/TestSetCurrentVersion_Batching
2025-03-19T11:38:43.380-0400	debug	Frontend method invoked.	{"host": "127.0.0.1:63278", "wf-namespace": "temporal-system", "operation": "PollWorkflowTaskQueue", "server-name": "", "cert-thumbprint": "", "logging-call-at": "/Users/shivamsaraf/Desktop/work/temporal/common/log/with_logger.go:61"}
2025-03-19T11:38:43.380-0400	debug	Received PollWorkflowTaskQueue	{"host": "127.0.0.1:63278", "service": "frontend", "logging-call-at": "/Users/shivamsaraf/Desktop/work/temporal/common/log/with_logger.go:61"}
2025-03-19T11:38:43.380-0400	debug	Poll workflow task queue.	{"host": "127.0.0.1:63278", "service": "frontend", "wf-namespace": "temporal-system", "wf-namespace-id": "32049b68-7872-4094-8e63-d0dd59896a83", "logging-call-at": "/Users/shivamsaraf/Desktop/work/temporal/common/log/with_logger.go:61"}
2025-03-19T11:38:43.381-0400	debug	returning empty user data (no data)	{"host": "127.0.0.1:63279", "component": "matching-engine", "wf-task-queue-name": "temporal-sys-delete-namespace-activity-tq", "wf-task-queue-type": "Workflow", "wf-namespace": "temporal-system", "long-poll": false, "logging-call-at": "/Users/shivamsaraf/Desktop/work/temporal/common/log/with_logger.go:61"}
2025-03-19T11:38:43.381-0400	info	Started physicalTaskQueueManager	{"host": "127.0.0.1:63279", "component": "matching-engine", "wf-task-queue-name": "Shivams-MacBook-Pro.local:229cb333-e237-47db-94c0-e8a126e161ab", "wf-task-queue-type": "Workflow", "wf-namespace": "temporal-system", "worker-build-id": "_unversioned_", "lifecycle": "Started", "cause": "Poll", "logging-call-at": "/Users/shivamsaraf/Desktop/work/temporal/common/log/with_logger.go:66"}
2025-03-19T11:38:43.381-0400	debug	fetched user data from parent, no change	{"host": "127.0.0.1:63279", "component": "matching-engine", "wf-task-queue-name": "temporal-sys-delete-namespace-activity-tq", "wf-task-queue-type": "Activity", "wf-namespace": "temporal-system", "logging-call-at": "/Users/shivamsaraf/Desktop/work/temporal/common/log/with_logger.go:61"}
2025-03-19T11:38:43.381-0400	debug	Frontend method invoked.	{"host": "127.0.0.1:63278", "wf-namespace": "temporal-system", "operation": "PollWorkflowTaskQueue", "server-name": "", "cert-thumbprint": "", "logging-call-at": "/Users/shivamsaraf/Desktop/work/temporal/common/log/with_logger.go:61"}
2025-03-19T11:38:43.381-0400	info	Started physicalTaskQueueManager	{"host": "127.0.0.1:63279", "component": "matching-engine", "wf-task-queue-name": "temporal-sys-per-ns-tq", "wf-task-queue-type": "Workflow", "wf-namespace": "temporal-system", "worker-build-id": "_unversioned_", "lifecycle": "Started", "cause": "UserData", "logging-call-at": "/Users/shivamsaraf/Desktop/work/temporal/common/log/with_logger.go:66"}
2025-03-19T11:38:43.381-0400	debug	Received PollWorkflowTaskQueue	{"host": "127.0.0.1:63278", "service": "frontend", "logging-call-at": "/Users/shivamsaraf/Desktop/work/temporal/common/log/with_logger.go:61"}
2025-03-19T11:38:43.381-0400	debug	Poll workflow task queue.	{"host": "127.0.0.1:63278", "service": "frontend", "wf-namespace": "temporal-system", "wf-namespace-id": "32049b68-7872-4094-8e63-d0dd59896a83", "logging-call-at": "/Users/shivamsaraf/Desktop/work/temporal/common/log/with_logger.go:61"}
2025-03-19T11:38:43.382-0400	info	Started Worker	{"host": "127.0.0.1:63281", "Namespace": "temporal-system", "TaskQueue": "temporal-sys-per-ns-tq", "WorkerID": "temporal-system@Shivams-MacBook-Pro.local@temporal-system", "logging-call-at": "/Users/shivamsaraf/Desktop/work/temporal/common/log/with_logger.go:66"}
2025-03-19T11:38:43.382-0400	info	loaded user data from db	{"host": "127.0.0.1:63279", "component": "matching-engine", "wf-task-queue-name": "temporal-sys-per-ns-tq", "wf-task-queue-type": "Workflow", "wf-namespace": "temporal-system", "user-data-version": 0, "timestamp": "1970-01-01T00:00:00.000Z", "logging-call-at": "/Users/shivamsaraf/Desktop/work/temporal/common/log/with_logger.go:66"}
2025-03-19T11:38:43.382-0400	debug	Frontend method invoked.	{"host": "127.0.0.1:63278", "wf-namespace": "temporal-system", "operation": "PollActivityTaskQueue", "server-name": "", "cert-thumbprint": "", "logging-call-at": "/Users/shivamsaraf/Desktop/work/temporal/common/log/with_logger.go:61"}
2025-03-19T11:38:43.382-0400	debug	Received PollActivityTaskQueue	{"host": "127.0.0.1:63278", "service": "frontend", "logging-call-at": "/Users/shivamsaraf/Desktop/work/temporal/common/log/with_logger.go:61"}
2025-03-19T11:38:43.383-0400	info	Started physicalTaskQueueManager	{"host": "127.0.0.1:63279", "component": "matching-engine", "wf-task-queue-name": "temporal-sys-per-ns-tq", "wf-task-queue-type": "Activity", "wf-namespace": "temporal-system", "worker-build-id": "_unversioned_", "lifecycle": "Started", "cause": "Poll", "logging-call-at": "/Users/shivamsaraf/Desktop/work/temporal/common/log/with_logger.go:66"}
2025-03-19T11:38:43.383-0400	debug	returning empty user data (no data)	{"host": "127.0.0.1:63279", "component": "matching-engine", "wf-task-queue-name": "temporal-sys-dlq-activity-tq", "wf-task-queue-type": "Workflow", "wf-namespace": "temporal-system", "long-poll": false, "logging-call-at": "/Users/shivamsaraf/Desktop/work/temporal/common/log/with_logger.go:61"}
2025-03-19T11:38:43.383-0400	debug	returning empty user data (no data)	{"host": "127.0.0.1:63279", "component": "matching-engine", "wf-task-queue-name": "temporal-sys-dlq-activity-tq", "wf-task-queue-type": "Workflow", "wf-namespace": "temporal-system", "long-poll": false, "logging-call-at": "/Users/shivamsaraf/Desktop/work/temporal/common/log/with_logger.go:61"}
2025-03-19T11:38:43.383-0400	debug	returning empty user data (no data)	{"host": "127.0.0.1:63279", "component": "matching-engine", "wf-task-queue-name": "temporal-sys-dlq-activity-tq", "wf-task-queue-type": "Workflow", "wf-namespace": "temporal-system", "long-poll": false, "logging-call-at": "/Users/shivamsaraf/Desktop/work/temporal/common/log/with_logger.go:61"}
2025-03-19T11:38:43.383-0400	debug	returning empty user data (no data)	{"host": "127.0.0.1:63279", "component": "matching-engine", "wf-task-queue-name": "temporal-sys-dlq-activity-tq", "wf-task-queue-type": "Workflow", "wf-namespace": "temporal-system", "long-poll": false, "logging-call-at": "/Users/shivamsaraf/Desktop/work/temporal/common/log/with_logger.go:61"}
2025-03-19T11:38:43.383-0400	debug	returning empty user data (no data)	{"host": "127.0.0.1:63279", "component": "matching-engine", "wf-task-queue-name": "temporal-sys-dlq-activity-tq", "wf-task-queue-type": "Workflow", "wf-namespace": "temporal-system", "long-poll": false, "logging-call-at": "/Users/shivamsaraf/Desktop/work/temporal/common/log/with_logger.go:61"}
2025-03-19T11:38:43.383-0400	debug	returning empty user data (no data)	{"host": "127.0.0.1:63279", "component": "matching-engine", "wf-task-queue-name": "temporal-sys-dlq-activity-tq", "wf-task-queue-type": "Workflow", "wf-namespace": "temporal-system", "long-poll": false, "logging-call-at": "/Users/shivamsaraf/Desktop/work/temporal/common/log/with_logger.go:61"}
2025-03-19T11:38:43.383-0400	debug	returning empty user data (no data)	{"host": "127.0.0.1:63279", "component": "matching-engine", "wf-task-queue-name": "temporal-sys-dlq-activity-tq", "wf-task-queue-type": "Workflow", "wf-namespace": "temporal-system", "long-poll": false, "logging-call-at": "/Users/shivamsaraf/Desktop/work/temporal/common/log/with_logger.go:61"}
2025-03-19T11:38:43.383-0400	debug	fetched user data from parent, no change	{"host": "127.0.0.1:63279", "component": "matching-engine", "wf-task-queue-name": "/_sys/temporal-sys-dlq-activity-tq/3", "wf-task-queue-type": "Workflow", "wf-namespace": "temporal-system", "logging-call-at": "/Users/shivamsaraf/Desktop/work/temporal/common/log/with_logger.go:61"}
2025-03-19T11:38:43.383-0400	debug	fetched user data from parent, no change	{"host": "127.0.0.1:63279", "component": "matching-engine", "wf-task-queue-name": "/_sys/temporal-sys-dlq-activity-tq/1", "wf-task-queue-type": "Workflow", "wf-namespace": "temporal-system", "logging-call-at": "/Users/shivamsaraf/Desktop/work/temporal/common/log/with_logger.go:61"}
2025-03-19T11:38:43.384-0400	debug	fetched user data from parent, no change	{"host": "127.0.0.1:63279", "component": "matching-engine", "wf-task-queue-name": "/_sys/temporal-sys-dlq-activity-tq/3", "wf-task-queue-type": "Activity", "wf-namespace": "temporal-system", "logging-call-at": "/Users/shivamsaraf/Desktop/work/temporal/common/log/with_logger.go:61"}
2025-03-19T11:38:43.384-0400	debug	fetched user data from parent, no change	{"host": "127.0.0.1:63279", "component": "matching-engine", "wf-task-queue-name": "/_sys/temporal-sys-dlq-activity-tq/2", "wf-task-queue-type": "Workflow", "wf-namespace": "temporal-system", "logging-call-at": "/Users/shivamsaraf/Desktop/work/temporal/common/log/with_logger.go:61"}
2025-03-19T11:38:43.384-0400	debug	fetched user data from parent, no change	{"host": "127.0.0.1:63279", "component": "matching-engine", "wf-task-queue-name": "/_sys/temporal-sys-dlq-activity-tq/2", "wf-task-queue-type": "Activity", "wf-namespace": "temporal-system", "logging-call-at": "/Users/shivamsaraf/Desktop/work/temporal/common/log/with_logger.go:61"}
2025-03-19T11:38:43.384-0400	debug	fetched user data from parent, no change	{"host": "127.0.0.1:63279", "component": "matching-engine", "wf-task-queue-name": "/_sys/temporal-sys-dlq-activity-tq/1", "wf-task-queue-type": "Activity", "wf-namespace": "temporal-system", "logging-call-at": "/Users/shivamsaraf/Desktop/work/temporal/common/log/with_logger.go:61"}
2025-03-19T11:38:43.384-0400	debug	fetched user data from parent, no change	{"host": "127.0.0.1:63279", "component": "matching-engine", "wf-task-queue-name": "temporal-sys-dlq-activity-tq", "wf-task-queue-type": "Activity", "wf-namespace": "temporal-system", "logging-call-at": "/Users/shivamsaraf/Desktop/work/temporal/common/log/with_logger.go:61"}
2025-03-19T11:38:43.384-0400	debug	Frontend method invoked.	{"host": "127.0.0.1:63278", "wf-namespace": "namespace-ec265ab4-426c-4316-a4b3-47fc66311932", "operation": "PollWorkflowTaskQueue", "server-name": "", "cert-thumbprint": "", "logging-call-at": "/Users/shivamsaraf/Desktop/work/temporal/common/log/with_logger.go:61"}
2025-03-19T11:38:43.384-0400	info	Quota changed	{"host": "127.0.0.1:63278", "service": "frontend", "component": "long-poll-handler", "scope": "namespace", "wf-namespace": "namespace-ec265ab4-426c-4316-a4b3-47fc66311932", "current-quota": null, "new-quota": 1200, "logging-call-at": "/Users/shivamsaraf/Desktop/work/temporal/common/log/with_logger.go:66"}
2025-03-19T11:38:43.384-0400	debug	Frontend method invoked.	{"host": "127.0.0.1:63278", "wf-namespace": "namespace-ec265ab4-426c-4316-a4b3-47fc66311932", "operation": "PollWorkflowTaskQueue", "server-name": "", "cert-thumbprint": "", "logging-call-at": "/Users/shivamsaraf/Desktop/work/temporal/common/log/with_logger.go:61"}
2025-03-19T11:38:43.384-0400	info	Quota changed	{"host": "127.0.0.1:63278", "service": "frontend", "component": "rpc-handler", "scope": "namespace", "wf-namespace": "namespace-ec265ab4-426c-4316-a4b3-47fc66311932", "current-quota": null, "new-quota": 2400, "logging-call-at": "/Users/shivamsaraf/Desktop/work/temporal/common/log/with_logger.go:66"}
2025-03-19T11:38:43.384-0400	debug	Frontend method invoked.	{"host": "127.0.0.1:63278", "wf-namespace": "namespace-ec265ab4-426c-4316-a4b3-47fc66311932", "operation": "PollWorkflowTaskQueue", "server-name": "", "cert-thumbprint": "", "logging-call-at": "/Users/shivamsaraf/Desktop/work/temporal/common/log/with_logger.go:61"}
2025-03-19T11:38:43.384-0400	debug	Frontend method invoked.	{"host": "127.0.0.1:63278", "wf-namespace": "namespace-ec265ab4-426c-4316-a4b3-47fc66311932", "operation": "PollWorkflowTaskQueue", "server-name": "", "cert-thumbprint": "", "logging-call-at": "/Users/shivamsaraf/Desktop/work/temporal/common/log/with_logger.go:61"}
2025-03-19T11:38:43.384-0400	debug	returning empty user data (no data)	{"host": "127.0.0.1:63279", "component": "matching-engine", "wf-task-queue-name": "temporal-sys-per-ns-tq", "wf-task-queue-type": "Workflow", "wf-namespace": "temporal-system", "long-poll": false, "logging-call-at": "/Users/shivamsaraf/Desktop/work/temporal/common/log/with_logger.go:61"}
2025-03-19T11:38:43.384-0400	debug	Frontend method invoked.	{"host": "127.0.0.1:63278", "wf-namespace": "namespace-ec265ab4-426c-4316-a4b3-47fc66311932", "operation": "PollWorkflowTaskQueue", "server-name": "", "cert-thumbprint": "", "logging-call-at": "/Users/shivamsaraf/Desktop/work/temporal/common/log/with_logger.go:61"}
2025-03-19T11:38:43.384-0400	debug	Frontend method invoked.	{"host": "127.0.0.1:63278", "wf-namespace": "namespace-ec265ab4-426c-4316-a4b3-47fc66311932", "operation": "PollWorkflowTaskQueue", "server-name": "", "cert-thumbprint": "", "logging-call-at": "/Users/shivamsaraf/Desktop/work/temporal/common/log/with_logger.go:61"}
2025-03-19T11:38:43.384-0400	debug	returning empty user data (no data)	{"host": "127.0.0.1:63279", "component": "matching-engine", "wf-task-queue-name": "temporal-sys-per-ns-tq", "wf-task-queue-type": "Workflow", "wf-namespace": "temporal-system", "long-poll": false, "logging-call-at": "/Users/shivamsaraf/Desktop/work/temporal/common/log/with_logger.go:61"}
2025-03-19T11:38:43.384-0400	debug	Frontend method invoked.	{"host": "127.0.0.1:63278", "wf-namespace": "namespace-ec265ab4-426c-4316-a4b3-47fc66311932", "operation": "PollWorkflowTaskQueue", "server-name": "", "cert-thumbprint": "", "logging-call-at": "/Users/shivamsaraf/Desktop/work/temporal/common/log/with_logger.go:61"}
2025-03-19T11:38:43.384-0400	info	Quota changed	{"host": "127.0.0.1:63278", "service": "frontend", "component": "visibility-handler", "scope": "namespace", "wf-namespace": "namespace-ec265ab4-426c-4316-a4b3-47fc66311932", "current-quota": null, "new-quota": 50, "logging-call-at": "/Users/shivamsaraf/Desktop/work/temporal/common/log/with_logger.go:66"}
2025-03-19T11:38:43.385-0400	debug	Frontend method invoked.	{"host": "127.0.0.1:63278", "wf-namespace": "temporal-system", "operation": "PollActivityTaskQueue", "server-name": "", "cert-thumbprint": "", "logging-call-at": "/Users/shivamsaraf/Desktop/work/temporal/common/log/with_logger.go:61"}
2025-03-19T11:38:43.385-0400	debug	Received PollWorkflowTaskQueue	{"host": "127.0.0.1:63278", "service": "frontend", "logging-call-at": "/Users/shivamsaraf/Desktop/work/temporal/common/log/with_logger.go:61"}
2025-03-19T11:38:43.385-0400	debug	Frontend method invoked.	{"host": "127.0.0.1:63278", "wf-namespace": "namespace-ec265ab4-426c-4316-a4b3-47fc66311932", "operation": "PollWorkflowTaskQueue", "server-name": "", "cert-thumbprint": "", "logging-call-at": "/Users/shivamsaraf/Desktop/work/temporal/common/log/with_logger.go:61"}
2025-03-19T11:38:43.385-0400	debug	Frontend method invoked.	{"host": "127.0.0.1:63278", "wf-namespace": "namespace-ec265ab4-426c-4316-a4b3-47fc66311932", "operation": "PollWorkflowTaskQueue", "server-name": "", "cert-thumbprint": "", "logging-call-at": "/Users/shivamsaraf/Desktop/work/temporal/common/log/with_logger.go:61"}
2025-03-19T11:38:43.385-0400	debug	fetched user data from parent, no change	{"host": "127.0.0.1:63279", "component": "matching-engine", "wf-task-queue-name": "Shivams-MacBook-Pro.local:229cb333-e237-47db-94c0-e8a126e161ab", "wf-task-queue-type": "Workflow", "wf-namespace": "temporal-system", "logging-call-at": "/Users/shivamsaraf/Desktop/work/temporal/common/log/with_logger.go:61"}
2025-03-19T11:38:43.385-0400	debug	Frontend method invoked.	{"host": "127.0.0.1:63278", "wf-namespace": "namespace-ec265ab4-426c-4316-a4b3-47fc66311932", "operation": "PollWorkflowTaskQueue", "server-name": "", "cert-thumbprint": "", "logging-call-at": "/Users/shivamsaraf/Desktop/work/temporal/common/log/with_logger.go:61"}
2025-03-19T11:38:43.385-0400	debug	Received PollWorkflowTaskQueue	{"host": "127.0.0.1:63278", "service": "frontend", "logging-call-at": "/Users/shivamsaraf/Desktop/work/temporal/common/log/with_logger.go:61"}
2025-03-19T11:38:43.385-0400	debug	Received PollWorkflowTaskQueue	{"host": "127.0.0.1:63278", "service": "frontend", "logging-call-at": "/Users/shivamsaraf/Desktop/work/temporal/common/log/with_logger.go:61"}
2025-03-19T11:38:43.385-0400	debug	Received PollWorkflowTaskQueue	{"host": "127.0.0.1:63278", "service": "frontend", "logging-call-at": "/Users/shivamsaraf/Desktop/work/temporal/common/log/with_logger.go:61"}
2025-03-19T11:38:43.385-0400	debug	Received PollWorkflowTaskQueue	{"host": "127.0.0.1:63278", "service": "frontend", "logging-call-at": "/Users/shivamsaraf/Desktop/work/temporal/common/log/with_logger.go:61"}
2025-03-19T11:38:43.385-0400	debug	Poll workflow task queue.	{"host": "127.0.0.1:63278", "service": "frontend", "wf-namespace": "namespace-ec265ab4-426c-4316-a4b3-47fc66311932", "wf-namespace-id": "d0b550e3-6091-4a9b-a9aa-3d80ffb24954", "logging-call-at": "/Users/shivamsaraf/Desktop/work/temporal/common/log/with_logger.go:61"}
2025-03-19T11:38:43.385-0400	debug	Poll workflow task queue.	{"host": "127.0.0.1:63278", "service": "frontend", "wf-namespace": "namespace-ec265ab4-426c-4316-a4b3-47fc66311932", "wf-namespace-id": "d0b550e3-6091-4a9b-a9aa-3d80ffb24954", "logging-call-at": "/Users/shivamsaraf/Desktop/work/temporal/common/log/with_logger.go:61"}
2025-03-19T11:38:43.385-0400	debug	Frontend method invoked.	{"host": "127.0.0.1:63278", "wf-namespace": "namespace-ec265ab4-426c-4316-a4b3-47fc66311932", "operation": "PollWorkflowTaskQueue", "server-name": "", "cert-thumbprint": "", "logging-call-at": "/Users/shivamsaraf/Desktop/work/temporal/common/log/with_logger.go:61"}
2025-03-19T11:38:43.385-0400	debug	Poll workflow task queue.	{"host": "127.0.0.1:63278", "service": "frontend", "wf-namespace": "namespace-ec265ab4-426c-4316-a4b3-47fc66311932", "wf-namespace-id": "d0b550e3-6091-4a9b-a9aa-3d80ffb24954", "logging-call-at": "/Users/shivamsaraf/Desktop/work/temporal/common/log/with_logger.go:61"}
2025-03-19T11:38:43.385-0400	debug	Poll workflow task queue.	{"host": "127.0.0.1:63278", "service": "frontend", "wf-namespace": "namespace-ec265ab4-426c-4316-a4b3-47fc66311932", "wf-namespace-id": "d0b550e3-6091-4a9b-a9aa-3d80ffb24954", "logging-call-at": "/Users/shivamsaraf/Desktop/work/temporal/common/log/with_logger.go:61"}
2025-03-19T11:38:43.385-0400	debug	Frontend method invoked.	{"host": "127.0.0.1:63278", "wf-namespace": "namespace-ec265ab4-426c-4316-a4b3-47fc66311932", "operation": "PollWorkflowTaskQueue", "server-name": "", "cert-thumbprint": "", "logging-call-at": "/Users/shivamsaraf/Desktop/work/temporal/common/log/with_logger.go:61"}
2025-03-19T11:38:43.385-0400	debug	Frontend method invoked.	{"host": "127.0.0.1:63278", "wf-namespace": "namespace-ec265ab4-426c-4316-a4b3-47fc66311932", "operation": "PollWorkflowTaskQueue", "server-name": "", "cert-thumbprint": "", "logging-call-at": "/Users/shivamsaraf/Desktop/work/temporal/common/log/with_logger.go:61"}
2025-03-19T11:38:43.385-0400	debug	Poll workflow task queue.	{"host": "127.0.0.1:63278", "service": "frontend", "wf-namespace": "namespace-ec265ab4-426c-4316-a4b3-47fc66311932", "wf-namespace-id": "d0b550e3-6091-4a9b-a9aa-3d80ffb24954", "logging-call-at": "/Users/shivamsaraf/Desktop/work/temporal/common/log/with_logger.go:61"}
2025-03-19T11:38:43.385-0400	debug	fetched user data from parent, no change	{"host": "127.0.0.1:63279", "component": "matching-engine", "wf-task-queue-name": "temporal-sys-per-ns-tq", "wf-task-queue-type": "Activity", "wf-namespace": "temporal-system", "logging-call-at": "/Users/shivamsaraf/Desktop/work/temporal/common/log/with_logger.go:61"}
2025-03-19T11:38:43.385-0400	debug	Received PollWorkflowTaskQueue	{"host": "127.0.0.1:63278", "service": "frontend", "logging-call-at": "/Users/shivamsaraf/Desktop/work/temporal/common/log/with_logger.go:61"}
2025-03-19T11:38:43.385-0400	debug	Frontend method invoked.	{"host": "127.0.0.1:63278", "wf-namespace": "namespace-ec265ab4-426c-4316-a4b3-47fc66311932", "operation": "PollWorkflowTaskQueue", "server-name": "", "cert-thumbprint": "", "logging-call-at": "/Users/shivamsaraf/Desktop/work/temporal/common/log/with_logger.go:61"}
2025-03-19T11:38:43.385-0400	debug	Poll workflow task queue.	{"host": "127.0.0.1:63278", "service": "frontend", "wf-namespace": "namespace-ec265ab4-426c-4316-a4b3-47fc66311932", "wf-namespace-id": "d0b550e3-6091-4a9b-a9aa-3d80ffb24954", "logging-call-at": "/Users/shivamsaraf/Desktop/work/temporal/common/log/with_logger.go:61"}
2025-03-19T11:38:43.385-0400	debug	Received PollWorkflowTaskQueue	{"host": "127.0.0.1:63278", "service": "frontend", "logging-call-at": "/Users/shivamsaraf/Desktop/work/temporal/common/log/with_logger.go:61"}
2025-03-19T11:38:43.385-0400	debug	Frontend method invoked.	{"host": "127.0.0.1:63278", "wf-namespace": "namespace-ec265ab4-426c-4316-a4b3-47fc66311932", "operation": "PollWorkflowTaskQueue", "server-name": "", "cert-thumbprint": "", "logging-call-at": "/Users/shivamsaraf/Desktop/work/temporal/common/log/with_logger.go:61"}
2025-03-19T11:38:43.385-0400	debug	Poll workflow task queue.	{"host": "127.0.0.1:63278", "service": "frontend", "wf-namespace": "namespace-ec265ab4-426c-4316-a4b3-47fc66311932", "wf-namespace-id": "d0b550e3-6091-4a9b-a9aa-3d80ffb24954", "logging-call-at": "/Users/shivamsaraf/Desktop/work/temporal/common/log/with_logger.go:61"}
2025-03-19T11:38:43.385-0400	debug	Received PollWorkflowTaskQueue	{"host": "127.0.0.1:63278", "service": "frontend", "logging-call-at": "/Users/shivamsaraf/Desktop/work/temporal/common/log/with_logger.go:61"}
2025-03-19T11:38:43.385-0400	debug	Frontend method invoked.	{"host": "127.0.0.1:63278", "wf-namespace": "namespace-ec265ab4-426c-4316-a4b3-47fc66311932", "operation": "PollWorkflowTaskQueue", "server-name": "", "cert-thumbprint": "", "logging-call-at": "/Users/shivamsaraf/Desktop/work/temporal/common/log/with_logger.go:61"}
2025-03-19T11:38:43.385-0400	debug	Received PollActivityTaskQueue	{"host": "127.0.0.1:63278", "service": "frontend", "logging-call-at": "/Users/shivamsaraf/Desktop/work/temporal/common/log/with_logger.go:61"}
2025-03-19T11:38:43.385-0400	debug	Received PollWorkflowTaskQueue	{"host": "127.0.0.1:63278", "service": "frontend", "logging-call-at": "/Users/shivamsaraf/Desktop/work/temporal/common/log/with_logger.go:61"}
2025-03-19T11:38:43.385-0400	debug	Received PollWorkflowTaskQueue	{"host": "127.0.0.1:63278", "service": "frontend", "logging-call-at": "/Users/shivamsaraf/Desktop/work/temporal/common/log/with_logger.go:61"}
2025-03-19T11:38:43.385-0400	debug	Frontend method invoked.	{"host": "127.0.0.1:63278", "wf-namespace": "namespace-ec265ab4-426c-4316-a4b3-47fc66311932", "operation": "PollWorkflowTaskQueue", "server-name": "", "cert-thumbprint": "", "logging-call-at": "/Users/shivamsaraf/Desktop/work/temporal/common/log/with_logger.go:61"}
2025-03-19T11:38:43.385-0400	debug	Poll workflow task queue.	{"host": "127.0.0.1:63278", "service": "frontend", "wf-namespace": "namespace-ec265ab4-426c-4316-a4b3-47fc66311932", "wf-namespace-id": "d0b550e3-6091-4a9b-a9aa-3d80ffb24954", "logging-call-at": "/Users/shivamsaraf/Desktop/work/temporal/common/log/with_logger.go:61"}
2025-03-19T11:38:43.385-0400	debug	Received PollWorkflowTaskQueue	{"host": "127.0.0.1:63278", "service": "frontend", "logging-call-at": "/Users/shivamsaraf/Desktop/work/temporal/common/log/with_logger.go:61"}
2025-03-19T11:38:43.385-0400	debug	Received PollWorkflowTaskQueue	{"host": "127.0.0.1:63278", "service": "frontend", "logging-call-at": "/Users/shivamsaraf/Desktop/work/temporal/common/log/with_logger.go:61"}
2025-03-19T11:38:43.385-0400	debug	Frontend method invoked.	{"host": "127.0.0.1:63278", "wf-namespace": "namespace-ec265ab4-426c-4316-a4b3-47fc66311932", "operation": "PollWorkflowTaskQueue", "server-name": "", "cert-thumbprint": "", "logging-call-at": "/Users/shivamsaraf/Desktop/work/temporal/common/log/with_logger.go:61"}
2025-03-19T11:38:43.385-0400	debug	Poll workflow task queue.	{"host": "127.0.0.1:63278", "service": "frontend", "wf-namespace": "namespace-ec265ab4-426c-4316-a4b3-47fc66311932", "wf-namespace-id": "d0b550e3-6091-4a9b-a9aa-3d80ffb24954", "logging-call-at": "/Users/shivamsaraf/Desktop/work/temporal/common/log/with_logger.go:61"}
2025-03-19T11:38:43.385-0400	debug	Received PollWorkflowTaskQueue	{"host": "127.0.0.1:63278", "service": "frontend", "logging-call-at": "/Users/shivamsaraf/Desktop/work/temporal/common/log/with_logger.go:61"}
2025-03-19T11:38:43.385-0400	debug	Poll workflow task queue.	{"host": "127.0.0.1:63278", "service": "frontend", "wf-namespace": "namespace-ec265ab4-426c-4316-a4b3-47fc66311932", "wf-namespace-id": "d0b550e3-6091-4a9b-a9aa-3d80ffb24954", "logging-call-at": "/Users/shivamsaraf/Desktop/work/temporal/common/log/with_logger.go:61"}
2025-03-19T11:38:43.385-0400	debug	Poll workflow task queue.	{"host": "127.0.0.1:63278", "service": "frontend", "wf-namespace": "namespace-ec265ab4-426c-4316-a4b3-47fc66311932", "wf-namespace-id": "d0b550e3-6091-4a9b-a9aa-3d80ffb24954", "logging-call-at": "/Users/shivamsaraf/Desktop/work/temporal/common/log/with_logger.go:61"}
2025-03-19T11:38:43.385-0400	debug	Received PollWorkflowTaskQueue	{"host": "127.0.0.1:63278", "service": "frontend", "logging-call-at": "/Users/shivamsaraf/Desktop/work/temporal/common/log/with_logger.go:61"}
2025-03-19T11:38:43.385-0400	debug	Poll workflow task queue.	{"host": "127.0.0.1:63278", "service": "frontend", "wf-namespace": "namespace-ec265ab4-426c-4316-a4b3-47fc66311932", "wf-namespace-id": "d0b550e3-6091-4a9b-a9aa-3d80ffb24954", "logging-call-at": "/Users/shivamsaraf/Desktop/work/temporal/common/log/with_logger.go:61"}
2025-03-19T11:38:43.386-0400	debug	Poll workflow task queue.	{"host": "127.0.0.1:63278", "service": "frontend", "wf-namespace": "namespace-ec265ab4-426c-4316-a4b3-47fc66311932", "wf-namespace-id": "d0b550e3-6091-4a9b-a9aa-3d80ffb24954", "logging-call-at": "/Users/shivamsaraf/Desktop/work/temporal/common/log/with_logger.go:61"}
2025-03-19T11:38:43.386-0400	debug	Frontend method invoked.	{"host": "127.0.0.1:63278", "wf-namespace": "namespace-ec265ab4-426c-4316-a4b3-47fc66311932", "operation": "PollWorkflowTaskQueue", "server-name": "", "cert-thumbprint": "", "logging-call-at": "/Users/shivamsaraf/Desktop/work/temporal/common/log/with_logger.go:61"}
2025-03-19T11:38:43.385-0400	debug	Received PollWorkflowTaskQueue	{"host": "127.0.0.1:63278", "service": "frontend", "logging-call-at": "/Users/shivamsaraf/Desktop/work/temporal/common/log/with_logger.go:61"}
2025-03-19T11:38:43.386-0400	debug	Received PollWorkflowTaskQueue	{"host": "127.0.0.1:63278", "service": "frontend", "logging-call-at": "/Users/shivamsaraf/Desktop/work/temporal/common/log/with_logger.go:61"}
2025-03-19T11:38:43.386-0400	debug	Poll workflow task queue.	{"host": "127.0.0.1:63278", "service": "frontend", "wf-namespace": "namespace-ec265ab4-426c-4316-a4b3-47fc66311932", "wf-namespace-id": "d0b550e3-6091-4a9b-a9aa-3d80ffb24954", "logging-call-at": "/Users/shivamsaraf/Desktop/work/temporal/common/log/with_logger.go:61"}
2025-03-19T11:38:43.386-0400	debug	Received PollWorkflowTaskQueue	{"host": "127.0.0.1:63278", "service": "frontend", "logging-call-at": "/Users/shivamsaraf/Desktop/work/temporal/common/log/with_logger.go:61"}
2025-03-19T11:38:43.386-0400	debug	Poll workflow task queue.	{"host": "127.0.0.1:63278", "service": "frontend", "wf-namespace": "namespace-ec265ab4-426c-4316-a4b3-47fc66311932", "wf-namespace-id": "d0b550e3-6091-4a9b-a9aa-3d80ffb24954", "logging-call-at": "/Users/shivamsaraf/Desktop/work/temporal/common/log/with_logger.go:61"}
2025-03-19T11:38:43.386-0400	debug	Poll workflow task queue.	{"host": "127.0.0.1:63278", "service": "frontend", "wf-namespace": "namespace-ec265ab4-426c-4316-a4b3-47fc66311932", "wf-namespace-id": "d0b550e3-6091-4a9b-a9aa-3d80ffb24954", "logging-call-at": "/Users/shivamsaraf/Desktop/work/temporal/common/log/with_logger.go:61"}
2025-03-19T11:38:43.386-0400	debug	Frontend method invoked.	{"host": "127.0.0.1:63278", "wf-namespace": "namespace-ec265ab4-426c-4316-a4b3-47fc66311932", "operation": "PollWorkflowTaskQueue", "server-name": "", "cert-thumbprint": "", "logging-call-at": "/Users/shivamsaraf/Desktop/work/temporal/common/log/with_logger.go:61"}
2025-03-19T11:38:43.386-0400	debug	Received PollWorkflowTaskQueue	{"host": "127.0.0.1:63278", "service": "frontend", "logging-call-at": "/Users/shivamsaraf/Desktop/work/temporal/common/log/with_logger.go:61"}
2025-03-19T11:38:43.386-0400	debug	Received PollWorkflowTaskQueue	{"host": "127.0.0.1:63278", "service": "frontend", "logging-call-at": "/Users/shivamsaraf/Desktop/work/temporal/common/log/with_logger.go:61"}
2025-03-19T11:38:43.386-0400	debug	Poll workflow task queue.	{"host": "127.0.0.1:63278", "service": "frontend", "wf-namespace": "namespace-ec265ab4-426c-4316-a4b3-47fc66311932", "wf-namespace-id": "d0b550e3-6091-4a9b-a9aa-3d80ffb24954", "logging-call-at": "/Users/shivamsaraf/Desktop/work/temporal/common/log/with_logger.go:61"}
2025-03-19T11:38:43.386-0400	debug	Poll workflow task queue.	{"host": "127.0.0.1:63278", "service": "frontend", "wf-namespace": "namespace-ec265ab4-426c-4316-a4b3-47fc66311932", "wf-namespace-id": "d0b550e3-6091-4a9b-a9aa-3d80ffb24954", "logging-call-at": "/Users/shivamsaraf/Desktop/work/temporal/common/log/with_logger.go:61"}
2025-03-19T11:38:43.385-0400	info	Quota changed	{"host": "127.0.0.1:63278", "service": "frontend", "component": "namespace-replication", "scope": "namespace", "wf-namespace": "namespace-ec265ab4-426c-4316-a4b3-47fc66311932", "current-quota": null, "new-quota": 1000, "logging-call-at": "/Users/shivamsaraf/Desktop/work/temporal/common/log/with_logger.go:66"}
2025-03-19T11:38:43.386-0400	debug	Received PollWorkflowTaskQueue	{"host": "127.0.0.1:63278", "service": "frontend", "logging-call-at": "/Users/shivamsaraf/Desktop/work/temporal/common/log/with_logger.go:61"}
2025-03-19T11:38:43.386-0400	debug	Poll workflow task queue.	{"host": "127.0.0.1:63278", "service": "frontend", "wf-namespace": "namespace-ec265ab4-426c-4316-a4b3-47fc66311932", "wf-namespace-id": "d0b550e3-6091-4a9b-a9aa-3d80ffb24954", "logging-call-at": "/Users/shivamsaraf/Desktop/work/temporal/common/log/with_logger.go:61"}
2025-03-19T11:38:43.386-0400	debug	Frontend method invoked.	{"host": "127.0.0.1:63278", "wf-namespace": "namespace-ec265ab4-426c-4316-a4b3-47fc66311932", "operation": "PollWorkflowTaskQueue", "server-name": "", "cert-thumbprint": "", "logging-call-at": "/Users/shivamsaraf/Desktop/work/temporal/common/log/with_logger.go:61"}
2025-03-19T11:38:43.386-0400	debug	Poll workflow task queue.	{"host": "127.0.0.1:63278", "service": "frontend", "wf-namespace": "namespace-ec265ab4-426c-4316-a4b3-47fc66311932", "wf-namespace-id": "d0b550e3-6091-4a9b-a9aa-3d80ffb24954", "logging-call-at": "/Users/shivamsaraf/Desktop/work/temporal/common/log/with_logger.go:61"}
2025-03-19T11:38:43.386-0400	debug	Frontend method invoked.	{"host": "127.0.0.1:63278", "wf-namespace": "namespace-ec265ab4-426c-4316-a4b3-47fc66311932", "operation": "PollWorkflowTaskQueue", "server-name": "", "cert-thumbprint": "", "logging-call-at": "/Users/shivamsaraf/Desktop/work/temporal/common/log/with_logger.go:61"}
2025-03-19T11:38:43.386-0400	debug	Received PollWorkflowTaskQueue	{"host": "127.0.0.1:63278", "service": "frontend", "logging-call-at": "/Users/shivamsaraf/Desktop/work/temporal/common/log/with_logger.go:61"}
2025-03-19T11:38:43.386-0400	debug	Frontend method invoked.	{"host": "127.0.0.1:63278", "wf-namespace": "namespace-ec265ab4-426c-4316-a4b3-47fc66311932", "operation": "PollWorkflowTaskQueue", "server-name": "", "cert-thumbprint": "", "logging-call-at": "/Users/shivamsaraf/Desktop/work/temporal/common/log/with_logger.go:61"}
2025-03-19T11:38:43.386-0400	debug	Poll workflow task queue.	{"host": "127.0.0.1:63278", "service": "frontend", "wf-namespace": "namespace-ec265ab4-426c-4316-a4b3-47fc66311932", "wf-namespace-id": "d0b550e3-6091-4a9b-a9aa-3d80ffb24954", "logging-call-at": "/Users/shivamsaraf/Desktop/work/temporal/common/log/with_logger.go:61"}
2025-03-19T11:38:43.386-0400	debug	Received PollWorkflowTaskQueue	{"host": "127.0.0.1:63278", "service": "frontend", "logging-call-at": "/Users/shivamsaraf/Desktop/work/temporal/common/log/with_logger.go:61"}
2025-03-19T11:38:43.386-0400	debug	Poll workflow task queue.	{"host": "127.0.0.1:63278", "service": "frontend", "wf-namespace": "namespace-ec265ab4-426c-4316-a4b3-47fc66311932", "wf-namespace-id": "d0b550e3-6091-4a9b-a9aa-3d80ffb24954", "logging-call-at": "/Users/shivamsaraf/Desktop/work/temporal/common/log/with_logger.go:61"}
2025-03-19T11:38:43.386-0400	debug	Received PollWorkflowTaskQueue	{"host": "127.0.0.1:63278", "service": "frontend", "logging-call-at": "/Users/shivamsaraf/Desktop/work/temporal/common/log/with_logger.go:61"}
2025-03-19T11:38:43.386-0400	debug	Frontend method invoked.	{"host": "127.0.0.1:63278", "wf-namespace": "namespace-ec265ab4-426c-4316-a4b3-47fc66311932", "operation": "PollWorkflowTaskQueue", "server-name": "", "cert-thumbprint": "", "logging-call-at": "/Users/shivamsaraf/Desktop/work/temporal/common/log/with_logger.go:61"}
2025-03-19T11:38:43.386-0400	debug	Poll workflow task queue.	{"host": "127.0.0.1:63278", "service": "frontend", "wf-namespace": "namespace-ec265ab4-426c-4316-a4b3-47fc66311932", "wf-namespace-id": "d0b550e3-6091-4a9b-a9aa-3d80ffb24954", "logging-call-at": "/Users/shivamsaraf/Desktop/work/temporal/common/log/with_logger.go:61"}
2025-03-19T11:38:43.387-0400	debug	Frontend method invoked.	{"host": "127.0.0.1:63278", "wf-namespace": "namespace-ec265ab4-426c-4316-a4b3-47fc66311932", "operation": "PollWorkflowTaskQueue", "server-name": "", "cert-thumbprint": "", "logging-call-at": "/Users/shivamsaraf/Desktop/work/temporal/common/log/with_logger.go:61"}
2025-03-19T11:38:43.386-0400	debug	Frontend method invoked.	{"host": "127.0.0.1:63278", "wf-namespace": "namespace-ec265ab4-426c-4316-a4b3-47fc66311932", "operation": "PollWorkflowTaskQueue", "server-name": "", "cert-thumbprint": "", "logging-call-at": "/Users/shivamsaraf/Desktop/work/temporal/common/log/with_logger.go:61"}
2025-03-19T11:38:43.387-0400	debug	Frontend method invoked.	{"host": "127.0.0.1:63278", "wf-namespace": "namespace-ec265ab4-426c-4316-a4b3-47fc66311932", "operation": "PollWorkflowTaskQueue", "server-name": "", "cert-thumbprint": "", "logging-call-at": "/Users/shivamsaraf/Desktop/work/temporal/common/log/with_logger.go:61"}
2025-03-19T11:38:43.387-0400	debug	Received PollWorkflowTaskQueue	{"host": "127.0.0.1:63278", "service": "frontend", "logging-call-at": "/Users/shivamsaraf/Desktop/work/temporal/common/log/with_logger.go:61"}
2025-03-19T11:38:43.387-0400	debug	Received PollWorkflowTaskQueue	{"host": "127.0.0.1:63278", "service": "frontend", "logging-call-at": "/Users/shivamsaraf/Desktop/work/temporal/common/log/with_logger.go:61"}
2025-03-19T11:38:43.387-0400	debug	Frontend method invoked.	{"host": "127.0.0.1:63278", "wf-namespace": "namespace-ec265ab4-426c-4316-a4b3-47fc66311932", "operation": "PollWorkflowTaskQueue", "server-name": "", "cert-thumbprint": "", "logging-call-at": "/Users/shivamsaraf/Desktop/work/temporal/common/log/with_logger.go:61"}
2025-03-19T11:38:43.387-0400	debug	Poll workflow task queue.	{"host": "127.0.0.1:63278", "service": "frontend", "wf-namespace": "namespace-ec265ab4-426c-4316-a4b3-47fc66311932", "wf-namespace-id": "d0b550e3-6091-4a9b-a9aa-3d80ffb24954", "logging-call-at": "/Users/shivamsaraf/Desktop/work/temporal/common/log/with_logger.go:61"}
2025-03-19T11:38:43.387-0400	debug	Received PollWorkflowTaskQueue	{"host": "127.0.0.1:63278", "service": "frontend", "logging-call-at": "/Users/shivamsaraf/Desktop/work/temporal/common/log/with_logger.go:61"}
2025-03-19T11:38:43.387-0400	debug	Poll workflow task queue.	{"host": "127.0.0.1:63278", "service": "frontend", "wf-namespace": "namespace-ec265ab4-426c-4316-a4b3-47fc66311932", "wf-namespace-id": "d0b550e3-6091-4a9b-a9aa-3d80ffb24954", "logging-call-at": "/Users/shivamsaraf/Desktop/work/temporal/common/log/with_logger.go:61"}
2025-03-19T11:38:43.387-0400	debug	Poll workflow task queue.	{"host": "127.0.0.1:63278", "service": "frontend", "wf-namespace": "namespace-ec265ab4-426c-4316-a4b3-47fc66311932", "wf-namespace-id": "d0b550e3-6091-4a9b-a9aa-3d80ffb24954", "logging-call-at": "/Users/shivamsaraf/Desktop/work/temporal/common/log/with_logger.go:61"}
2025-03-19T11:38:43.387-0400	debug	Received PollWorkflowTaskQueue	{"host": "127.0.0.1:63278", "service": "frontend", "logging-call-at": "/Users/shivamsaraf/Desktop/work/temporal/common/log/with_logger.go:61"}
2025-03-19T11:38:43.387-0400	debug	Received PollWorkflowTaskQueue	{"host": "127.0.0.1:63278", "service": "frontend", "logging-call-at": "/Users/shivamsaraf/Desktop/work/temporal/common/log/with_logger.go:61"}
2025-03-19T11:38:43.387-0400	debug	Poll workflow task queue.	{"host": "127.0.0.1:63278", "service": "frontend", "wf-namespace": "namespace-ec265ab4-426c-4316-a4b3-47fc66311932", "wf-namespace-id": "d0b550e3-6091-4a9b-a9aa-3d80ffb24954", "logging-call-at": "/Users/shivamsaraf/Desktop/work/temporal/common/log/with_logger.go:61"}
2025-03-19T11:38:43.387-0400	debug	Frontend method invoked.	{"host": "127.0.0.1:63278", "wf-namespace": "namespace-ec265ab4-426c-4316-a4b3-47fc66311932", "operation": "PollWorkflowTaskQueue", "server-name": "", "cert-thumbprint": "", "logging-call-at": "/Users/shivamsaraf/Desktop/work/temporal/common/log/with_logger.go:61"}
2025-03-19T11:38:43.388-0400	debug	Frontend method invoked.	{"host": "127.0.0.1:63278", "wf-namespace": "namespace-ec265ab4-426c-4316-a4b3-47fc66311932", "operation": "PollWorkflowTaskQueue", "server-name": "", "cert-thumbprint": "", "logging-call-at": "/Users/shivamsaraf/Desktop/work/temporal/common/log/with_logger.go:61"}
2025-03-19T11:38:43.388-0400	info	Quota changed	{"host": "127.0.0.1:63279", "service": "matching", "component": "persistence", "scope": "namespace", "wf-namespace": "namespace-ec265ab4-426c-4316-a4b3-47fc66311932", "current-quota": null, "new-quota": 0, "logging-call-at": "/Users/shivamsaraf/Desktop/work/temporal/common/log/with_logger.go:66"}
2025-03-19T11:38:43.388-0400	debug	Frontend method invoked.	{"host": "127.0.0.1:63278", "wf-namespace": "namespace-ec265ab4-426c-4316-a4b3-47fc66311932", "operation": "PollWorkflowTaskQueue", "server-name": "", "cert-thumbprint": "", "logging-call-at": "/Users/shivamsaraf/Desktop/work/temporal/common/log/with_logger.go:61"}
2025-03-19T11:38:43.388-0400	info	Started physicalTaskQueueManager	{"host": "127.0.0.1:63279", "component": "matching-engine", "wf-task-queue-name": "/_sys/rrentVersion_Batching-564e9892_task_queue_6/2", "wf-task-queue-type": "Workflow", "wf-namespace": "namespace-ec265ab4-426c-4316-a4b3-47fc66311932", "worker-build-id": "_unversioned_", "lifecycle": "Started", "cause": "Poll", "logging-call-at": "/Users/shivamsaraf/Desktop/work/temporal/common/log/with_logger.go:66"}
2025-03-19T11:38:43.388-0400	info	Started physicalTaskQueueManager	{"host": "127.0.0.1:63279", "component": "matching-engine", "wf-task-queue-name": "/_sys/rrentVersion_Batching-564e9892_task_queue_34/3", "wf-task-queue-type": "Workflow", "wf-namespace": "namespace-ec265ab4-426c-4316-a4b3-47fc66311932", "worker-build-id": "_unversioned_", "lifecycle": "Started", "cause": "Poll", "logging-call-at": "/Users/shivamsaraf/Desktop/work/temporal/common/log/with_logger.go:66"}
2025-03-19T11:38:43.388-0400	debug	Received PollWorkflowTaskQueue	{"host": "127.0.0.1:63278", "service": "frontend", "logging-call-at": "/Users/shivamsaraf/Desktop/work/temporal/common/log/with_logger.go:61"}
2025-03-19T11:38:43.388-0400	debug	Received PollWorkflowTaskQueue	{"host": "127.0.0.1:63278", "service": "frontend", "logging-call-at": "/Users/shivamsaraf/Desktop/work/temporal/common/log/with_logger.go:61"}
2025-03-19T11:38:43.388-0400	debug	Poll workflow task queue.	{"host": "127.0.0.1:63278", "service": "frontend", "wf-namespace": "namespace-ec265ab4-426c-4316-a4b3-47fc66311932", "wf-namespace-id": "d0b550e3-6091-4a9b-a9aa-3d80ffb24954", "logging-call-at": "/Users/shivamsaraf/Desktop/work/temporal/common/log/with_logger.go:61"}
2025-03-19T11:38:43.388-0400	info	Started physicalTaskQueueManager	{"host": "127.0.0.1:63279", "component": "matching-engine", "wf-task-queue-name": "/_sys/rrentVersion_Batching-564e9892_task_queue_27/1", "wf-task-queue-type": "Workflow", "wf-namespace": "namespace-ec265ab4-426c-4316-a4b3-47fc66311932", "worker-build-id": "_unversioned_", "lifecycle": "Started", "cause": "Poll", "logging-call-at": "/Users/shivamsaraf/Desktop/work/temporal/common/log/with_logger.go:66"}
2025-03-19T11:38:43.388-0400	info	Started physicalTaskQueueManager	{"host": "127.0.0.1:63279", "component": "matching-engine", "wf-task-queue-name": "/_sys/rrentVersion_Batching-564e9892_task_queue_23/1", "wf-task-queue-type": "Workflow", "wf-namespace": "namespace-ec265ab4-426c-4316-a4b3-47fc66311932", "worker-build-id": "_unversioned_", "lifecycle": "Started", "cause": "Poll", "logging-call-at": "/Users/shivamsaraf/Desktop/work/temporal/common/log/with_logger.go:66"}
2025-03-19T11:38:43.388-0400	info	Started physicalTaskQueueManager	{"host": "127.0.0.1:63279", "component": "matching-engine", "wf-task-queue-name": "/_sys/rrentVersion_Batching-564e9892_task_queue_9/3", "wf-task-queue-type": "Workflow", "wf-namespace": "namespace-ec265ab4-426c-4316-a4b3-47fc66311932", "worker-build-id": "_unversioned_", "lifecycle": "Started", "cause": "Poll", "logging-call-at": "/Users/shivamsaraf/Desktop/work/temporal/common/log/with_logger.go:66"}
2025-03-19T11:38:43.388-0400	debug	Frontend method invoked.	{"host": "127.0.0.1:63278", "wf-namespace": "namespace-ec265ab4-426c-4316-a4b3-47fc66311932", "operation": "PollWorkflowTaskQueue", "server-name": "", "cert-thumbprint": "", "logging-call-at": "/Users/shivamsaraf/Desktop/work/temporal/common/log/with_logger.go:61"}
2025-03-19T11:38:43.388-0400	debug	Poll workflow task queue.	{"host": "127.0.0.1:63278", "service": "frontend", "wf-namespace": "namespace-ec265ab4-426c-4316-a4b3-47fc66311932", "wf-namespace-id": "d0b550e3-6091-4a9b-a9aa-3d80ffb24954", "logging-call-at": "/Users/shivamsaraf/Desktop/work/temporal/common/log/with_logger.go:61"}
2025-03-19T11:38:43.388-0400	info	Started physicalTaskQueueManager	{"host": "127.0.0.1:63279", "component": "matching-engine", "wf-task-queue-name": "/_sys/rrentVersion_Batching-564e9892_task_queue_21/3", "wf-task-queue-type": "Workflow", "wf-namespace": "namespace-ec265ab4-426c-4316-a4b3-47fc66311932", "worker-build-id": "_unversioned_", "lifecycle": "Started", "cause": "Poll", "logging-call-at": "/Users/shivamsaraf/Desktop/work/temporal/common/log/with_logger.go:66"}
2025-03-19T11:38:43.387-0400	debug	Frontend method invoked.	{"host": "127.0.0.1:63278", "wf-namespace": "namespace-ec265ab4-426c-4316-a4b3-47fc66311932", "operation": "PollWorkflowTaskQueue", "server-name": "", "cert-thumbprint": "", "logging-call-at": "/Users/shivamsaraf/Desktop/work/temporal/common/log/with_logger.go:61"}
2025-03-19T11:38:43.388-0400	debug	Frontend method invoked.	{"host": "127.0.0.1:63278", "wf-namespace": "namespace-ec265ab4-426c-4316-a4b3-47fc66311932", "operation": "PollWorkflowTaskQueue", "server-name": "", "cert-thumbprint": "", "logging-call-at": "/Users/shivamsaraf/Desktop/work/temporal/common/log/with_logger.go:61"}
2025-03-19T11:38:43.387-0400	debug	Poll workflow task queue.	{"host": "127.0.0.1:63278", "service": "frontend", "wf-namespace": "namespace-ec265ab4-426c-4316-a4b3-47fc66311932", "wf-namespace-id": "d0b550e3-6091-4a9b-a9aa-3d80ffb24954", "logging-call-at": "/Users/shivamsaraf/Desktop/work/temporal/common/log/with_logger.go:61"}
2025-03-19T11:38:43.389-0400	debug	Frontend method invoked.	{"host": "127.0.0.1:63278", "wf-namespace": "namespace-ec265ab4-426c-4316-a4b3-47fc66311932", "operation": "PollWorkflowTaskQueue", "server-name": "", "cert-thumbprint": "", "logging-call-at": "/Users/shivamsaraf/Desktop/work/temporal/common/log/with_logger.go:61"}
2025-03-19T11:38:43.387-0400	debug	Frontend method invoked.	{"host": "127.0.0.1:63278", "wf-namespace": "namespace-ec265ab4-426c-4316-a4b3-47fc66311932", "operation": "PollWorkflowTaskQueue", "server-name": "", "cert-thumbprint": "", "logging-call-at": "/Users/shivamsaraf/Desktop/work/temporal/common/log/with_logger.go:61"}
2025-03-19T11:38:43.389-0400	debug	Received PollWorkflowTaskQueue	{"host": "127.0.0.1:63278", "service": "frontend", "logging-call-at": "/Users/shivamsaraf/Desktop/work/temporal/common/log/with_logger.go:61"}
2025-03-19T11:38:43.389-0400	debug	Frontend method invoked.	{"host": "127.0.0.1:63278", "wf-namespace": "namespace-ec265ab4-426c-4316-a4b3-47fc66311932", "operation": "PollWorkflowTaskQueue", "server-name": "", "cert-thumbprint": "", "logging-call-at": "/Users/shivamsaraf/Desktop/work/temporal/common/log/with_logger.go:61"}
2025-03-19T11:38:43.389-0400	debug	Received PollWorkflowTaskQueue	{"host": "127.0.0.1:63278", "service": "frontend", "logging-call-at": "/Users/shivamsaraf/Desktop/work/temporal/common/log/with_logger.go:61"}
2025-03-19T11:38:43.387-0400	debug	Frontend method invoked.	{"host": "127.0.0.1:63278", "wf-namespace": "namespace-ec265ab4-426c-4316-a4b3-47fc66311932", "operation": "PollWorkflowTaskQueue", "server-name": "", "cert-thumbprint": "", "logging-call-at": "/Users/shivamsaraf/Desktop/work/temporal/common/log/with_logger.go:61"}
2025-03-19T11:38:43.388-0400	info	Started physicalTaskQueueManager	{"host": "127.0.0.1:63279", "component": "matching-engine", "wf-task-queue-name": "rrentVersion_Batching-564e9892_task_queue_15", "wf-task-queue-type": "Workflow", "wf-namespace": "namespace-ec265ab4-426c-4316-a4b3-47fc66311932", "worker-build-id": "_unversioned_", "lifecycle": "Started", "cause": "Poll", "logging-call-at": "/Users/shivamsaraf/Desktop/work/temporal/common/log/with_logger.go:66"}
2025-03-19T11:38:43.388-0400	info	Started physicalTaskQueueManager	{"host": "127.0.0.1:63279", "component": "matching-engine", "wf-task-queue-name": "/_sys/rrentVersion_Batching-564e9892_task_queue_41/3", "wf-task-queue-type": "Workflow", "wf-namespace": "namespace-ec265ab4-426c-4316-a4b3-47fc66311932", "worker-build-id": "_unversioned_", "lifecycle": "Started", "cause": "Poll", "logging-call-at": "/Users/shivamsaraf/Desktop/work/temporal/common/log/with_logger.go:66"}
2025-03-19T11:38:43.389-0400	debug	Received PollWorkflowTaskQueue	{"host": "127.0.0.1:63278", "service": "frontend", "logging-call-at": "/Users/shivamsaraf/Desktop/work/temporal/common/log/with_logger.go:61"}
2025-03-19T11:38:43.389-0400	info	Started physicalTaskQueueManager	{"host": "127.0.0.1:63279", "component": "matching-engine", "wf-task-queue-name": "/_sys/rrentVersion_Batching-564e9892_task_queue_20/1", "wf-task-queue-type": "Workflow", "wf-namespace": "namespace-ec265ab4-426c-4316-a4b3-47fc66311932", "worker-build-id": "_unversioned_", "lifecycle": "Started", "cause": "Poll", "logging-call-at": "/Users/shivamsaraf/Desktop/work/temporal/common/log/with_logger.go:66"}
2025-03-19T11:38:43.389-0400	debug	Poll workflow task queue.	{"host": "127.0.0.1:63278", "service": "frontend", "wf-namespace": "namespace-ec265ab4-426c-4316-a4b3-47fc66311932", "wf-namespace-id": "d0b550e3-6091-4a9b-a9aa-3d80ffb24954", "logging-call-at": "/Users/shivamsaraf/Desktop/work/temporal/common/log/with_logger.go:61"}
2025-03-19T11:38:43.389-0400	info	Started physicalTaskQueueManager	{"host": "127.0.0.1:63279", "component": "matching-engine", "wf-task-queue-name": "rrentVersion_Batching-564e9892_task_queue_14", "wf-task-queue-type": "Workflow", "wf-namespace": "namespace-ec265ab4-426c-4316-a4b3-47fc66311932", "worker-build-id": "_unversioned_", "lifecycle": "Started", "cause": "Poll", "logging-call-at": "/Users/shivamsaraf/Desktop/work/temporal/common/log/with_logger.go:66"}
2025-03-19T11:38:43.389-0400	debug	Frontend method invoked.	{"host": "127.0.0.1:63278", "wf-namespace": "namespace-ec265ab4-426c-4316-a4b3-47fc66311932", "operation": "PollWorkflowTaskQueue", "server-name": "", "cert-thumbprint": "", "logging-call-at": "/Users/shivamsaraf/Desktop/work/temporal/common/log/with_logger.go:61"}
2025-03-19T11:38:43.388-0400	info	Started physicalTaskQueueManager	{"host": "127.0.0.1:63279", "component": "matching-engine", "wf-task-queue-name": "/_sys/rrentVersion_Batching-564e9892_task_queue_46/1", "wf-task-queue-type": "Workflow", "wf-namespace": "namespace-ec265ab4-426c-4316-a4b3-47fc66311932", "worker-build-id": "_unversioned_", "lifecycle": "Started", "cause": "Poll", "logging-call-at": "/Users/shivamsaraf/Desktop/work/temporal/common/log/with_logger.go:66"}
2025-03-19T11:38:43.389-0400	debug	Received PollWorkflowTaskQueue	{"host": "127.0.0.1:63278", "service": "frontend", "logging-call-at": "/Users/shivamsaraf/Desktop/work/temporal/common/log/with_logger.go:61"}
2025-03-19T11:38:43.389-0400	debug	Received PollWorkflowTaskQueue	{"host": "127.0.0.1:63278", "service": "frontend", "logging-call-at": "/Users/shivamsaraf/Desktop/work/temporal/common/log/with_logger.go:61"}
2025-03-19T11:38:43.389-0400	debug	Received PollWorkflowTaskQueue	{"host": "127.0.0.1:63278", "service": "frontend", "logging-call-at": "/Users/shivamsaraf/Desktop/work/temporal/common/log/with_logger.go:61"}
2025-03-19T11:38:43.388-0400	debug	Received PollWorkflowTaskQueue	{"host": "127.0.0.1:63278", "service": "frontend", "logging-call-at": "/Users/shivamsaraf/Desktop/work/temporal/common/log/with_logger.go:61"}
2025-03-19T11:38:43.389-0400	debug	Poll workflow task queue.	{"host": "127.0.0.1:63278", "service": "frontend", "wf-namespace": "namespace-ec265ab4-426c-4316-a4b3-47fc66311932", "wf-namespace-id": "d0b550e3-6091-4a9b-a9aa-3d80ffb24954", "logging-call-at": "/Users/shivamsaraf/Desktop/work/temporal/common/log/with_logger.go:61"}
2025-03-19T11:38:43.389-0400	debug	Poll workflow task queue.	{"host": "127.0.0.1:63278", "service": "frontend", "wf-namespace": "namespace-ec265ab4-426c-4316-a4b3-47fc66311932", "wf-namespace-id": "d0b550e3-6091-4a9b-a9aa-3d80ffb24954", "logging-call-at": "/Users/shivamsaraf/Desktop/work/temporal/common/log/with_logger.go:61"}
2025-03-19T11:38:43.389-0400	debug	Poll workflow task queue.	{"host": "127.0.0.1:63278", "service": "frontend", "wf-namespace": "namespace-ec265ab4-426c-4316-a4b3-47fc66311932", "wf-namespace-id": "d0b550e3-6091-4a9b-a9aa-3d80ffb24954", "logging-call-at": "/Users/shivamsaraf/Desktop/work/temporal/common/log/with_logger.go:61"}
2025-03-19T11:38:43.389-0400	debug	Poll workflow task queue.	{"host": "127.0.0.1:63278", "service": "frontend", "wf-namespace": "namespace-ec265ab4-426c-4316-a4b3-47fc66311932", "wf-namespace-id": "d0b550e3-6091-4a9b-a9aa-3d80ffb24954", "logging-call-at": "/Users/shivamsaraf/Desktop/work/temporal/common/log/with_logger.go:61"}
2025-03-19T11:38:43.389-0400	debug	Received PollWorkflowTaskQueue	{"host": "127.0.0.1:63278", "service": "frontend", "logging-call-at": "/Users/shivamsaraf/Desktop/work/temporal/common/log/with_logger.go:61"}
2025-03-19T11:38:43.389-0400	debug	Poll workflow task queue.	{"host": "127.0.0.1:63278", "service": "frontend", "wf-namespace": "namespace-ec265ab4-426c-4316-a4b3-47fc66311932", "wf-namespace-id": "d0b550e3-6091-4a9b-a9aa-3d80ffb24954", "logging-call-at": "/Users/shivamsaraf/Desktop/work/temporal/common/log/with_logger.go:61"}
2025-03-19T11:38:43.389-0400	debug	Frontend method invoked.	{"host": "127.0.0.1:63278", "wf-namespace": "namespace-ec265ab4-426c-4316-a4b3-47fc66311932", "operation": "PollWorkflowTaskQueue", "server-name": "", "cert-thumbprint": "", "logging-call-at": "/Users/shivamsaraf/Desktop/work/temporal/common/log/with_logger.go:61"}
2025-03-19T11:38:43.388-0400	debug	Frontend method invoked.	{"host": "127.0.0.1:63278", "wf-namespace": "namespace-ec265ab4-426c-4316-a4b3-47fc66311932", "operation": "PollWorkflowTaskQueue", "server-name": "", "cert-thumbprint": "", "logging-call-at": "/Users/shivamsaraf/Desktop/work/temporal/common/log/with_logger.go:61"}
2025-03-19T11:38:43.389-0400	debug	Frontend method invoked.	{"host": "127.0.0.1:63278", "wf-namespace": "namespace-ec265ab4-426c-4316-a4b3-47fc66311932", "operation": "PollWorkflowTaskQueue", "server-name": "", "cert-thumbprint": "", "logging-call-at": "/Users/shivamsaraf/Desktop/work/temporal/common/log/with_logger.go:61"}
2025-03-19T11:38:43.389-0400	debug	Frontend method invoked.	{"host": "127.0.0.1:63278", "wf-namespace": "namespace-ec265ab4-426c-4316-a4b3-47fc66311932", "operation": "PollWorkflowTaskQueue", "server-name": "", "cert-thumbprint": "", "logging-call-at": "/Users/shivamsaraf/Desktop/work/temporal/common/log/with_logger.go:61"}
2025-03-19T11:38:43.389-0400	debug	Frontend method invoked.	{"host": "127.0.0.1:63278", "wf-namespace": "namespace-ec265ab4-426c-4316-a4b3-47fc66311932", "operation": "PollWorkflowTaskQueue", "server-name": "", "cert-thumbprint": "", "logging-call-at": "/Users/shivamsaraf/Desktop/work/temporal/common/log/with_logger.go:61"}
2025-03-19T11:38:43.389-0400	debug	Received PollWorkflowTaskQueue	{"host": "127.0.0.1:63278", "service": "frontend", "logging-call-at": "/Users/shivamsaraf/Desktop/work/temporal/common/log/with_logger.go:61"}
2025-03-19T11:38:43.389-0400	debug	Received PollWorkflowTaskQueue	{"host": "127.0.0.1:63278", "service": "frontend", "logging-call-at": "/Users/shivamsaraf/Desktop/work/temporal/common/log/with_logger.go:61"}
2025-03-19T11:38:43.389-0400	debug	Poll workflow task queue.	{"host": "127.0.0.1:63278", "service": "frontend", "wf-namespace": "namespace-ec265ab4-426c-4316-a4b3-47fc66311932", "wf-namespace-id": "d0b550e3-6091-4a9b-a9aa-3d80ffb24954", "logging-call-at": "/Users/shivamsaraf/Desktop/work/temporal/common/log/with_logger.go:61"}
2025-03-19T11:38:43.389-0400	debug	Poll workflow task queue.	{"host": "127.0.0.1:63278", "service": "frontend", "wf-namespace": "namespace-ec265ab4-426c-4316-a4b3-47fc66311932", "wf-namespace-id": "d0b550e3-6091-4a9b-a9aa-3d80ffb24954", "logging-call-at": "/Users/shivamsaraf/Desktop/work/temporal/common/log/with_logger.go:61"}
2025-03-19T11:38:43.389-0400	debug	Received PollWorkflowTaskQueue	{"host": "127.0.0.1:63278", "service": "frontend", "logging-call-at": "/Users/shivamsaraf/Desktop/work/temporal/common/log/with_logger.go:61"}
2025-03-19T11:38:43.387-0400	debug	Frontend method invoked.	{"host": "127.0.0.1:63278", "wf-namespace": "namespace-ec265ab4-426c-4316-a4b3-47fc66311932", "operation": "PollWorkflowTaskQueue", "server-name": "", "cert-thumbprint": "", "logging-call-at": "/Users/shivamsaraf/Desktop/work/temporal/common/log/with_logger.go:61"}
2025-03-19T11:38:43.389-0400	debug	Poll workflow task queue.	{"host": "127.0.0.1:63278", "service": "frontend", "wf-namespace": "namespace-ec265ab4-426c-4316-a4b3-47fc66311932", "wf-namespace-id": "d0b550e3-6091-4a9b-a9aa-3d80ffb24954", "logging-call-at": "/Users/shivamsaraf/Desktop/work/temporal/common/log/with_logger.go:61"}
2025-03-19T11:38:43.389-0400	debug	Received PollWorkflowTaskQueue	{"host": "127.0.0.1:63278", "service": "frontend", "logging-call-at": "/Users/shivamsaraf/Desktop/work/temporal/common/log/with_logger.go:61"}
2025-03-19T11:38:43.389-0400	info	loaded user data from db	{"host": "127.0.0.1:63279", "component": "matching-engine", "wf-task-queue-name": "rrentVersion_Batching-564e9892_task_queue_15", "wf-task-queue-type": "Workflow", "wf-namespace": "namespace-ec265ab4-426c-4316-a4b3-47fc66311932", "user-data-version": 0, "timestamp": "1970-01-01T00:00:00.000Z", "logging-call-at": "/Users/shivamsaraf/Desktop/work/temporal/common/log/with_logger.go:66"}
2025-03-19T11:38:43.389-0400	debug	Poll workflow task queue.	{"host": "127.0.0.1:63278", "service": "frontend", "wf-namespace": "namespace-ec265ab4-426c-4316-a4b3-47fc66311932", "wf-namespace-id": "d0b550e3-6091-4a9b-a9aa-3d80ffb24954", "logging-call-at": "/Users/shivamsaraf/Desktop/work/temporal/common/log/with_logger.go:61"}
2025-03-19T11:38:43.389-0400	debug	Poll workflow task queue.	{"host": "127.0.0.1:63278", "service": "frontend", "wf-namespace": "namespace-ec265ab4-426c-4316-a4b3-47fc66311932", "wf-namespace-id": "d0b550e3-6091-4a9b-a9aa-3d80ffb24954", "logging-call-at": "/Users/shivamsaraf/Desktop/work/temporal/common/log/with_logger.go:61"}
2025-03-19T11:38:43.389-0400	info	Started physicalTaskQueueManager	{"host": "127.0.0.1:63279", "component": "matching-engine", "wf-task-queue-name": "/_sys/rrentVersion_Batching-564e9892_task_queue_22/3", "wf-task-queue-type": "Workflow", "wf-namespace": "namespace-ec265ab4-426c-4316-a4b3-47fc66311932", "worker-build-id": "_unversioned_", "lifecycle": "Started", "cause": "Poll", "logging-call-at": "/Users/shivamsaraf/Desktop/work/temporal/common/log/with_logger.go:66"}
2025-03-19T11:38:43.389-0400	debug	Poll workflow task queue.	{"host": "127.0.0.1:63278", "service": "frontend", "wf-namespace": "namespace-ec265ab4-426c-4316-a4b3-47fc66311932", "wf-namespace-id": "d0b550e3-6091-4a9b-a9aa-3d80ffb24954", "logging-call-at": "/Users/shivamsaraf/Desktop/work/temporal/common/log/with_logger.go:61"}
2025-03-19T11:38:43.389-0400	info	Started physicalTaskQueueManager	{"host": "127.0.0.1:63279", "component": "matching-engine", "wf-task-queue-name": "rrentVersion_Batching-564e9892_task_queue_4", "wf-task-queue-type": "Workflow", "wf-namespace": "namespace-ec265ab4-426c-4316-a4b3-47fc66311932", "worker-build-id": "_unversioned_", "lifecycle": "Started", "cause": "Poll", "logging-call-at": "/Users/shivamsaraf/Desktop/work/temporal/common/log/with_logger.go:66"}
2025-03-19T11:38:43.389-0400	debug	Frontend method invoked.	{"host": "127.0.0.1:63278", "wf-namespace": "namespace-ec265ab4-426c-4316-a4b3-47fc66311932", "operation": "PollWorkflowTaskQueue", "server-name": "", "cert-thumbprint": "", "logging-call-at": "/Users/shivamsaraf/Desktop/work/temporal/common/log/with_logger.go:61"}
2025-03-19T11:38:43.389-0400	debug	Received PollWorkflowTaskQueue	{"host": "127.0.0.1:63278", "service": "frontend", "logging-call-at": "/Users/shivamsaraf/Desktop/work/temporal/common/log/with_logger.go:61"}
2025-03-19T11:38:43.389-0400	debug	Received PollWorkflowTaskQueue	{"host": "127.0.0.1:63278", "service": "frontend", "logging-call-at": "/Users/shivamsaraf/Desktop/work/temporal/common/log/with_logger.go:61"}
2025-03-19T11:38:43.389-0400	debug	Received PollWorkflowTaskQueue	{"host": "127.0.0.1:63278", "service": "frontend", "logging-call-at": "/Users/shivamsaraf/Desktop/work/temporal/common/log/with_logger.go:61"}
2025-03-19T11:38:43.389-0400	debug	Poll workflow task queue.	{"host": "127.0.0.1:63278", "service": "frontend", "wf-namespace": "namespace-ec265ab4-426c-4316-a4b3-47fc66311932", "wf-namespace-id": "d0b550e3-6091-4a9b-a9aa-3d80ffb24954", "logging-call-at": "/Users/shivamsaraf/Desktop/work/temporal/common/log/with_logger.go:61"}
2025-03-19T11:38:43.389-0400	debug	Poll workflow task queue.	{"host": "127.0.0.1:63278", "service": "frontend", "wf-namespace": "namespace-ec265ab4-426c-4316-a4b3-47fc66311932", "wf-namespace-id": "d0b550e3-6091-4a9b-a9aa-3d80ffb24954", "logging-call-at": "/Users/shivamsaraf/Desktop/work/temporal/common/log/with_logger.go:61"}
2025-03-19T11:38:43.389-0400	debug	Poll workflow task queue.	{"host": "127.0.0.1:63278", "service": "frontend", "wf-namespace": "namespace-ec265ab4-426c-4316-a4b3-47fc66311932", "wf-namespace-id": "d0b550e3-6091-4a9b-a9aa-3d80ffb24954", "logging-call-at": "/Users/shivamsaraf/Desktop/work/temporal/common/log/with_logger.go:61"}
2025-03-19T11:38:43.389-0400	info	Started physicalTaskQueueManager	{"host": "127.0.0.1:63279", "component": "matching-engine", "wf-task-queue-name": "rrentVersion_Batching-564e9892_task_queue_25", "wf-task-queue-type": "Workflow", "wf-namespace": "namespace-ec265ab4-426c-4316-a4b3-47fc66311932", "worker-build-id": "_unversioned_", "lifecycle": "Started", "cause": "Poll", "logging-call-at": "/Users/shivamsaraf/Desktop/work/temporal/common/log/with_logger.go:66"}
2025-03-19T11:38:43.390-0400	debug	Frontend method invoked.	{"host": "127.0.0.1:63278", "wf-namespace": "namespace-ec265ab4-426c-4316-a4b3-47fc66311932", "operation": "PollWorkflowTaskQueue", "server-name": "", "cert-thumbprint": "", "logging-call-at": "/Users/shivamsaraf/Desktop/work/temporal/common/log/with_logger.go:61"}
2025-03-19T11:38:43.390-0400	info	Started physicalTaskQueueManager	{"host": "127.0.0.1:63279", "component": "matching-engine", "wf-task-queue-name": "/_sys/rrentVersion_Batching-564e9892_task_queue_18/3", "wf-task-queue-type": "Workflow", "wf-namespace": "namespace-ec265ab4-426c-4316-a4b3-47fc66311932", "worker-build-id": "_unversioned_", "lifecycle": "Started", "cause": "Poll", "logging-call-at": "/Users/shivamsaraf/Desktop/work/temporal/common/log/with_logger.go:66"}
2025-03-19T11:38:43.389-0400	debug	Received PollWorkflowTaskQueue	{"host": "127.0.0.1:63278", "service": "frontend", "logging-call-at": "/Users/shivamsaraf/Desktop/work/temporal/common/log/with_logger.go:61"}
2025-03-19T11:38:43.390-0400	debug	Received PollWorkflowTaskQueue	{"host": "127.0.0.1:63278", "service": "frontend", "logging-call-at": "/Users/shivamsaraf/Desktop/work/temporal/common/log/with_logger.go:61"}
2025-03-19T11:38:43.390-0400	debug	Poll workflow task queue.	{"host": "127.0.0.1:63278", "service": "frontend", "wf-namespace": "namespace-ec265ab4-426c-4316-a4b3-47fc66311932", "wf-namespace-id": "d0b550e3-6091-4a9b-a9aa-3d80ffb24954", "logging-call-at": "/Users/shivamsaraf/Desktop/work/temporal/common/log/with_logger.go:61"}
2025-03-19T11:38:43.390-0400	debug	Frontend method invoked.	{"host": "127.0.0.1:63278", "wf-namespace": "namespace-ec265ab4-426c-4316-a4b3-47fc66311932", "operation": "PollWorkflowTaskQueue", "server-name": "", "cert-thumbprint": "", "logging-call-at": "/Users/shivamsaraf/Desktop/work/temporal/common/log/with_logger.go:61"}
2025-03-19T11:38:43.390-0400	debug	Poll workflow task queue.	{"host": "127.0.0.1:63278", "service": "frontend", "wf-namespace": "namespace-ec265ab4-426c-4316-a4b3-47fc66311932", "wf-namespace-id": "d0b550e3-6091-4a9b-a9aa-3d80ffb24954", "logging-call-at": "/Users/shivamsaraf/Desktop/work/temporal/common/log/with_logger.go:61"}
2025-03-19T11:38:43.390-0400	debug	Received PollWorkflowTaskQueue	{"host": "127.0.0.1:63278", "service": "frontend", "logging-call-at": "/Users/shivamsaraf/Desktop/work/temporal/common/log/with_logger.go:61"}
2025-03-19T11:38:43.389-0400	info	Started physicalTaskQueueManager	{"host": "127.0.0.1:63279", "component": "matching-engine", "wf-task-queue-name": "rrentVersion_Batching-564e9892_task_queue_27", "wf-task-queue-type": "Workflow", "wf-namespace": "namespace-ec265ab4-426c-4316-a4b3-47fc66311932", "worker-build-id": "_unversioned_", "lifecycle": "Started", "cause": "UserData", "logging-call-at": "/Users/shivamsaraf/Desktop/work/temporal/common/log/with_logger.go:66"}
2025-03-19T11:38:43.390-0400	info	Started physicalTaskQueueManager	{"host": "127.0.0.1:63279", "component": "matching-engine", "wf-task-queue-name": "/_sys/rrentVersion_Batching-564e9892_task_queue_17/1", "wf-task-queue-type": "Workflow", "wf-namespace": "namespace-ec265ab4-426c-4316-a4b3-47fc66311932", "worker-build-id": "_unversioned_", "lifecycle": "Started", "cause": "Poll", "logging-call-at": "/Users/shivamsaraf/Desktop/work/temporal/common/log/with_logger.go:66"}
2025-03-19T11:38:43.390-0400	debug	Frontend method invoked.	{"host": "127.0.0.1:63278", "wf-namespace": "namespace-ec265ab4-426c-4316-a4b3-47fc66311932", "operation": "PollWorkflowTaskQueue", "server-name": "", "cert-thumbprint": "", "logging-call-at": "/Users/shivamsaraf/Desktop/work/temporal/common/log/with_logger.go:61"}
2025-03-19T11:38:43.390-0400	info	Started physicalTaskQueueManager	{"host": "127.0.0.1:63279", "component": "matching-engine", "wf-task-queue-name": "rrentVersion_Batching-564e9892_task_queue_41", "wf-task-queue-type": "Workflow", "wf-namespace": "namespace-ec265ab4-426c-4316-a4b3-47fc66311932", "worker-build-id": "_unversioned_", "lifecycle": "Started", "cause": "UserData", "logging-call-at": "/Users/shivamsaraf/Desktop/work/temporal/common/log/with_logger.go:66"}
2025-03-19T11:38:43.390-0400	debug	Received PollWorkflowTaskQueue	{"host": "127.0.0.1:63278", "service": "frontend", "logging-call-at": "/Users/shivamsaraf/Desktop/work/temporal/common/log/with_logger.go:61"}
2025-03-19T11:38:43.390-0400	info	Started physicalTaskQueueManager	{"host": "127.0.0.1:63279", "component": "matching-engine", "wf-task-queue-name": "rrentVersion_Batching-564e9892_task_queue_38", "wf-task-queue-type": "Workflow", "wf-namespace": "namespace-ec265ab4-426c-4316-a4b3-47fc66311932", "worker-build-id": "_unversioned_", "lifecycle": "Started", "cause": "Poll", "logging-call-at": "/Users/shivamsaraf/Desktop/work/temporal/common/log/with_logger.go:66"}
2025-03-19T11:38:43.390-0400	debug	Poll workflow task queue.	{"host": "127.0.0.1:63278", "service": "frontend", "wf-namespace": "namespace-ec265ab4-426c-4316-a4b3-47fc66311932", "wf-namespace-id": "d0b550e3-6091-4a9b-a9aa-3d80ffb24954", "logging-call-at": "/Users/shivamsaraf/Desktop/work/temporal/common/log/with_logger.go:61"}
2025-03-19T11:38:43.390-0400	info	Started physicalTaskQueueManager	{"host": "127.0.0.1:63279", "component": "matching-engine", "wf-task-queue-name": "/_sys/rrentVersion_Batching-564e9892_task_queue_19/1", "wf-task-queue-type": "Workflow", "wf-namespace": "namespace-ec265ab4-426c-4316-a4b3-47fc66311932", "worker-build-id": "_unversioned_", "lifecycle": "Started", "cause": "Poll", "logging-call-at": "/Users/shivamsaraf/Desktop/work/temporal/common/log/with_logger.go:66"}
2025-03-19T11:38:43.390-0400	info	Started physicalTaskQueueManager	{"host": "127.0.0.1:63279", "component": "matching-engine", "wf-task-queue-name": "/_sys/rrentVersion_Batching-564e9892_task_queue_35/2", "wf-task-queue-type": "Workflow", "wf-namespace": "namespace-ec265ab4-426c-4316-a4b3-47fc66311932", "worker-build-id": "_unversioned_", "lifecycle": "Started", "cause": "Poll", "logging-call-at": "/Users/shivamsaraf/Desktop/work/temporal/common/log/with_logger.go:66"}
2025-03-19T11:38:43.387-0400	debug	Frontend method invoked.	{"host": "127.0.0.1:63278", "wf-namespace": "namespace-ec265ab4-426c-4316-a4b3-47fc66311932", "operation": "PollWorkflowTaskQueue", "server-name": "", "cert-thumbprint": "", "logging-call-at": "/Users/shivamsaraf/Desktop/work/temporal/common/log/with_logger.go:61"}
2025-03-19T11:38:43.390-0400	debug	Poll workflow task queue.	{"host": "127.0.0.1:63278", "service": "frontend", "wf-namespace": "namespace-ec265ab4-426c-4316-a4b3-47fc66311932", "wf-namespace-id": "d0b550e3-6091-4a9b-a9aa-3d80ffb24954", "logging-call-at": "/Users/shivamsaraf/Desktop/work/temporal/common/log/with_logger.go:61"}
2025-03-19T11:38:43.390-0400	info	Started physicalTaskQueueManager	{"host": "127.0.0.1:63279", "component": "matching-engine", "wf-task-queue-name": "/_sys/rrentVersion_Batching-564e9892_task_queue_14/1", "wf-task-queue-type": "Workflow", "wf-namespace": "namespace-ec265ab4-426c-4316-a4b3-47fc66311932", "worker-build-id": "_unversioned_", "lifecycle": "Started", "cause": "Force", "logging-call-at": "/Users/shivamsaraf/Desktop/work/temporal/common/log/with_logger.go:66"}
2025-03-19T11:38:43.390-0400	info	Started physicalTaskQueueManager	{"host": "127.0.0.1:63279", "component": "matching-engine", "wf-task-queue-name": "rrentVersion_Batching-564e9892_task_queue_46", "wf-task-queue-type": "Workflow", "wf-namespace": "namespace-ec265ab4-426c-4316-a4b3-47fc66311932", "worker-build-id": "_unversioned_", "lifecycle": "Started", "cause": "UserData", "logging-call-at": "/Users/shivamsaraf/Desktop/work/temporal/common/log/with_logger.go:66"}
2025-03-19T11:38:43.391-0400	info	Started physicalTaskQueueManager	{"host": "127.0.0.1:63279", "component": "matching-engine", "wf-task-queue-name": "/_sys/rrentVersion_Batching-564e9892_task_queue_31/2", "wf-task-queue-type": "Workflow", "wf-namespace": "namespace-ec265ab4-426c-4316-a4b3-47fc66311932", "worker-build-id": "_unversioned_", "lifecycle": "Started", "cause": "Poll", "logging-call-at": "/Users/shivamsaraf/Desktop/work/temporal/common/log/with_logger.go:66"}
2025-03-19T11:38:43.390-0400	debug	Received PollWorkflowTaskQueue	{"host": "127.0.0.1:63278", "service": "frontend", "logging-call-at": "/Users/shivamsaraf/Desktop/work/temporal/common/log/with_logger.go:61"}
2025-03-19T11:38:43.391-0400	debug	Poll workflow task queue.	{"host": "127.0.0.1:63278", "service": "frontend", "wf-namespace": "namespace-ec265ab4-426c-4316-a4b3-47fc66311932", "wf-namespace-id": "d0b550e3-6091-4a9b-a9aa-3d80ffb24954", "logging-call-at": "/Users/shivamsaraf/Desktop/work/temporal/common/log/with_logger.go:61"}
2025-03-19T11:38:43.391-0400	info	Started physicalTaskQueueManager	{"host": "127.0.0.1:63279", "component": "matching-engine", "wf-task-queue-name": "/_sys/rrentVersion_Batching-564e9892_task_queue_32/2", "wf-task-queue-type": "Workflow", "wf-namespace": "namespace-ec265ab4-426c-4316-a4b3-47fc66311932", "worker-build-id": "_unversioned_", "lifecycle": "Started", "cause": "Poll", "logging-call-at": "/Users/shivamsaraf/Desktop/work/temporal/common/log/with_logger.go:66"}
2025-03-19T11:38:43.390-0400	info	Started physicalTaskQueueManager	{"host": "127.0.0.1:63279", "component": "matching-engine", "wf-task-queue-name": "rrentVersion_Batching-564e9892_task_queue_6", "wf-task-queue-type": "Workflow", "wf-namespace": "namespace-ec265ab4-426c-4316-a4b3-47fc66311932", "worker-build-id": "_unversioned_", "lifecycle": "Started", "cause": "UserData", "logging-call-at": "/Users/shivamsaraf/Desktop/work/temporal/common/log/with_logger.go:66"}
2025-03-19T11:38:43.391-0400	info	Started physicalTaskQueueManager	{"host": "127.0.0.1:63279", "component": "matching-engine", "wf-task-queue-name": "rrentVersion_Batching-564e9892_task_queue_9", "wf-task-queue-type": "Workflow", "wf-namespace": "namespace-ec265ab4-426c-4316-a4b3-47fc66311932", "worker-build-id": "_unversioned_", "lifecycle": "Started", "cause": "UserData", "logging-call-at": "/Users/shivamsaraf/Desktop/work/temporal/common/log/with_logger.go:66"}
2025-03-19T11:38:43.391-0400	info	loaded user data from db	{"host": "127.0.0.1:63279", "component": "matching-engine", "wf-task-queue-name": "rrentVersion_Batching-564e9892_task_queue_25", "wf-task-queue-type": "Workflow", "wf-namespace": "namespace-ec265ab4-426c-4316-a4b3-47fc66311932", "user-data-version": 0, "timestamp": "1970-01-01T00:00:00.000Z", "logging-call-at": "/Users/shivamsaraf/Desktop/work/temporal/common/log/with_logger.go:66"}
2025-03-19T11:38:43.392-0400	info	Started physicalTaskQueueManager	{"host": "127.0.0.1:63279", "component": "matching-engine", "wf-task-queue-name": "rrentVersion_Batching-564e9892_task_queue_44", "wf-task-queue-type": "Workflow", "wf-namespace": "namespace-ec265ab4-426c-4316-a4b3-47fc66311932", "worker-build-id": "_unversioned_", "lifecycle": "Started", "cause": "Poll", "logging-call-at": "/Users/shivamsaraf/Desktop/work/temporal/common/log/with_logger.go:66"}
2025-03-19T11:38:43.392-0400	info	loaded user data from db	{"host": "127.0.0.1:63279", "component": "matching-engine", "wf-task-queue-name": "rrentVersion_Batching-564e9892_task_queue_14", "wf-task-queue-type": "Workflow", "wf-namespace": "namespace-ec265ab4-426c-4316-a4b3-47fc66311932", "user-data-version": 0, "timestamp": "1970-01-01T00:00:00.000Z", "logging-call-at": "/Users/shivamsaraf/Desktop/work/temporal/common/log/with_logger.go:66"}
2025-03-19T11:38:43.392-0400	info	Started physicalTaskQueueManager	{"host": "127.0.0.1:63279", "component": "matching-engine", "wf-task-queue-name": "rrentVersion_Batching-564e9892_task_queue_14", "wf-task-queue-type": "Workflow", "wf-namespace": "namespace-ec265ab4-426c-4316-a4b3-47fc66311932", "worker-build-id": "rrentVersion_Batching-564e9892_deployment_series/rrentVersion_Batching-564e9892_build_id", "lifecycle": "Started", "cause": "Poll", "logging-call-at": "/Users/shivamsaraf/Desktop/work/temporal/common/log/with_logger.go:66"}
2025-03-19T11:38:43.392-0400	debug	returning empty user data (no data)	{"host": "127.0.0.1:63279", "component": "matching-engine", "wf-task-queue-name": "rrentVersion_Batching-564e9892_task_queue_14", "wf-task-queue-type": "Workflow", "wf-namespace": "namespace-ec265ab4-426c-4316-a4b3-47fc66311932", "long-poll": false, "logging-call-at": "/Users/shivamsaraf/Desktop/work/temporal/common/log/with_logger.go:61"}
2025-03-19T11:38:43.392-0400	info	Started physicalTaskQueueManager	{"host": "127.0.0.1:63279", "component": "matching-engine", "wf-task-queue-name": "rrentVersion_Batching-564e9892_task_queue_22", "wf-task-queue-type": "Workflow", "wf-namespace": "namespace-ec265ab4-426c-4316-a4b3-47fc66311932", "worker-build-id": "_unversioned_", "lifecycle": "Started", "cause": "UserData", "logging-call-at": "/Users/shivamsaraf/Desktop/work/temporal/common/log/with_logger.go:66"}
2025-03-19T11:38:43.392-0400	debug	fetched user data from parent, no change	{"host": "127.0.0.1:63279", "component": "matching-engine", "wf-task-queue-name": "/_sys/rrentVersion_Batching-564e9892_task_queue_14/1", "wf-task-queue-type": "Workflow", "wf-namespace": "namespace-ec265ab4-426c-4316-a4b3-47fc66311932", "logging-call-at": "/Users/shivamsaraf/Desktop/work/temporal/common/log/with_logger.go:61"}
2025-03-19T11:38:43.393-0400	info	Started physicalTaskQueueManager	{"host": "127.0.0.1:63279", "component": "matching-engine", "wf-task-queue-name": "/_sys/rrentVersion_Batching-564e9892_task_queue_41/1", "wf-task-queue-type": "Workflow", "wf-namespace": "namespace-ec265ab4-426c-4316-a4b3-47fc66311932", "worker-build-id": "_unversioned_", "lifecycle": "Started", "cause": "Force", "logging-call-at": "/Users/shivamsaraf/Desktop/work/temporal/common/log/with_logger.go:66"}
2025-03-19T11:38:43.393-0400	info	Started physicalTaskQueueManager	{"host": "127.0.0.1:63279", "component": "matching-engine", "wf-task-queue-name": "rrentVersion_Batching-564e9892_task_queue_21", "wf-task-queue-type": "Workflow", "wf-namespace": "namespace-ec265ab4-426c-4316-a4b3-47fc66311932", "worker-build-id": "_unversioned_", "lifecycle": "Started", "cause": "UserData", "logging-call-at": "/Users/shivamsaraf/Desktop/work/temporal/common/log/with_logger.go:66"}
2025-03-19T11:38:43.393-0400	info	loaded user data from db	{"host": "127.0.0.1:63279", "component": "matching-engine", "wf-task-queue-name": "rrentVersion_Batching-564e9892_task_queue_38", "wf-task-queue-type": "Workflow", "wf-namespace": "namespace-ec265ab4-426c-4316-a4b3-47fc66311932", "user-data-version": 0, "timestamp": "1970-01-01T00:00:00.000Z", "logging-call-at": "/Users/shivamsaraf/Desktop/work/temporal/common/log/with_logger.go:66"}
2025-03-19T11:38:43.393-0400	info	Started physicalTaskQueueManager	{"host": "127.0.0.1:63279", "component": "matching-engine", "wf-task-queue-name": "rrentVersion_Batching-564e9892_task_queue_34", "wf-task-queue-type": "Workflow", "wf-namespace": "namespace-ec265ab4-426c-4316-a4b3-47fc66311932", "worker-build-id": "_unversioned_", "lifecycle": "Started", "cause": "UserData", "logging-call-at": "/Users/shivamsaraf/Desktop/work/temporal/common/log/with_logger.go:66"}
2025-03-19T11:38:43.393-0400	info	Started physicalTaskQueueManager	{"host": "127.0.0.1:63279", "component": "matching-engine", "wf-task-queue-name": "/_sys/rrentVersion_Batching-564e9892_task_queue_12/3", "wf-task-queue-type": "Workflow", "wf-namespace": "namespace-ec265ab4-426c-4316-a4b3-47fc66311932", "worker-build-id": "_unversioned_", "lifecycle": "Started", "cause": "Poll", "logging-call-at": "/Users/shivamsaraf/Desktop/work/temporal/common/log/with_logger.go:66"}
2025-03-19T11:38:43.393-0400	info	Started physicalTaskQueueManager	{"host": "127.0.0.1:63279", "component": "matching-engine", "wf-task-queue-name": "/_sys/rrentVersion_Batching-564e9892_task_queue_15/1", "wf-task-queue-type": "Workflow", "wf-namespace": "namespace-ec265ab4-426c-4316-a4b3-47fc66311932", "worker-build-id": "_unversioned_", "lifecycle": "Started", "cause": "Force", "logging-call-at": "/Users/shivamsaraf/Desktop/work/temporal/common/log/with_logger.go:66"}
2025-03-19T11:38:43.393-0400	info	Started physicalTaskQueueManager	{"host": "127.0.0.1:63279", "component": "matching-engine", "wf-task-queue-name": "/_sys/rrentVersion_Batching-564e9892_task_queue_30/1", "wf-task-queue-type": "Workflow", "wf-namespace": "namespace-ec265ab4-426c-4316-a4b3-47fc66311932", "worker-build-id": "_unversioned_", "lifecycle": "Started", "cause": "Poll", "logging-call-at": "/Users/shivamsaraf/Desktop/work/temporal/common/log/with_logger.go:66"}
2025-03-19T11:38:43.393-0400	info	Started physicalTaskQueueManager	{"host": "127.0.0.1:63279", "component": "matching-engine", "wf-task-queue-name": "rrentVersion_Batching-564e9892_task_queue_32", "wf-task-queue-type": "Workflow", "wf-namespace": "namespace-ec265ab4-426c-4316-a4b3-47fc66311932", "worker-build-id": "_unversioned_", "lifecycle": "Started", "cause": "UserData", "logging-call-at": "/Users/shivamsaraf/Desktop/work/temporal/common/log/with_logger.go:66"}
2025-03-19T11:38:43.393-0400	info	Started physicalTaskQueueManager	{"host": "127.0.0.1:63279", "component": "matching-engine", "wf-task-queue-name": "rrentVersion_Batching-564e9892_task_queue_2", "wf-task-queue-type": "Workflow", "wf-namespace": "namespace-ec265ab4-426c-4316-a4b3-47fc66311932", "worker-build-id": "_unversioned_", "lifecycle": "Started", "cause": "Poll", "logging-call-at": "/Users/shivamsaraf/Desktop/work/temporal/common/log/with_logger.go:66"}
2025-03-19T11:38:43.393-0400	info	Started physicalTaskQueueManager	{"host": "127.0.0.1:63279", "component": "matching-engine", "wf-task-queue-name": "/_sys/rrentVersion_Batching-564e9892_task_queue_3/1", "wf-task-queue-type": "Workflow", "wf-namespace": "namespace-ec265ab4-426c-4316-a4b3-47fc66311932", "worker-build-id": "_unversioned_", "lifecycle": "Started", "cause": "Poll", "logging-call-at": "/Users/shivamsaraf/Desktop/work/temporal/common/log/with_logger.go:66"}
2025-03-19T11:38:43.393-0400	info	Started physicalTaskQueueManager	{"host": "127.0.0.1:63279", "component": "matching-engine", "wf-task-queue-name": "/_sys/rrentVersion_Batching-564e9892_task_queue_4/1", "wf-task-queue-type": "Workflow", "wf-namespace": "namespace-ec265ab4-426c-4316-a4b3-47fc66311932", "worker-build-id": "_unversioned_", "lifecycle": "Started", "cause": "Force", "logging-call-at": "/Users/shivamsaraf/Desktop/work/temporal/common/log/with_logger.go:66"}
2025-03-19T11:38:43.393-0400	info	Started physicalTaskQueueManager	{"host": "127.0.0.1:63279", "component": "matching-engine", "wf-task-queue-name": "/_sys/rrentVersion_Batching-564e9892_task_queue_6/3", "wf-task-queue-type": "Workflow", "wf-namespace": "namespace-ec265ab4-426c-4316-a4b3-47fc66311932", "worker-build-id": "_unversioned_", "lifecycle": "Started", "cause": "Force", "logging-call-at": "/Users/shivamsaraf/Desktop/work/temporal/common/log/with_logger.go:66"}
2025-03-19T11:38:43.393-0400	info	Started physicalTaskQueueManager	{"host": "127.0.0.1:63279", "component": "matching-engine", "wf-task-queue-name": "/_sys/rrentVersion_Batching-564e9892_task_queue_4/2", "wf-task-queue-type": "Workflow", "wf-namespace": "namespace-ec265ab4-426c-4316-a4b3-47fc66311932", "worker-build-id": "_unversioned_", "lifecycle": "Started", "cause": "Force", "logging-call-at": "/Users/shivamsaraf/Desktop/work/temporal/common/log/with_logger.go:66"}
2025-03-19T11:38:43.393-0400	info	Started physicalTaskQueueManager	{"host": "127.0.0.1:63279", "component": "matching-engine", "wf-task-queue-name": "/_sys/rrentVersion_Batching-564e9892_task_queue_36/1", "wf-task-queue-type": "Workflow", "wf-namespace": "namespace-ec265ab4-426c-4316-a4b3-47fc66311932", "worker-build-id": "_unversioned_", "lifecycle": "Started", "cause": "Poll", "logging-call-at": "/Users/shivamsaraf/Desktop/work/temporal/common/log/with_logger.go:66"}
2025-03-19T11:38:43.393-0400	info	Started physicalTaskQueueManager	{"host": "127.0.0.1:63279", "component": "matching-engine", "wf-task-queue-name": "/_sys/rrentVersion_Batching-564e9892_task_queue_9/1", "wf-task-queue-type": "Workflow", "wf-namespace": "namespace-ec265ab4-426c-4316-a4b3-47fc66311932", "worker-build-id": "_unversioned_", "lifecycle": "Started", "cause": "Force", "logging-call-at": "/Users/shivamsaraf/Desktop/work/temporal/common/log/with_logger.go:66"}
2025-03-19T11:38:43.393-0400	info	Started physicalTaskQueueManager	{"host": "127.0.0.1:63279", "component": "matching-engine", "wf-task-queue-name": "/_sys/rrentVersion_Batching-564e9892_task_queue_15/3", "wf-task-queue-type": "Workflow", "wf-namespace": "namespace-ec265ab4-426c-4316-a4b3-47fc66311932", "worker-build-id": "_unversioned_", "lifecycle": "Started", "cause": "Force", "logging-call-at": "/Users/shivamsaraf/Desktop/work/temporal/common/log/with_logger.go:66"}
2025-03-19T11:38:43.393-0400	info	loaded user data from db	{"host": "127.0.0.1:63279", "component": "matching-engine", "wf-task-queue-name": "rrentVersion_Batching-564e9892_task_queue_41", "wf-task-queue-type": "Workflow", "wf-namespace": "namespace-ec265ab4-426c-4316-a4b3-47fc66311932", "user-data-version": 0, "timestamp": "1970-01-01T00:00:00.000Z", "logging-call-at": "/Users/shivamsaraf/Desktop/work/temporal/common/log/with_logger.go:66"}
2025-03-19T11:38:43.394-0400	info	Started physicalTaskQueueManager	{"host": "127.0.0.1:63279", "component": "matching-engine", "wf-task-queue-name": "/_sys/rrentVersion_Batching-564e9892_task_queue_9/2", "wf-task-queue-type": "Workflow", "wf-namespace": "namespace-ec265ab4-426c-4316-a4b3-47fc66311932", "worker-build-id": "_unversioned_", "lifecycle": "Started", "cause": "Force", "logging-call-at": "/Users/shivamsaraf/Desktop/work/temporal/common/log/with_logger.go:66"}
2025-03-19T11:38:43.394-0400	info	Started physicalTaskQueueManager	{"host": "127.0.0.1:63279", "component": "matching-engine", "wf-task-queue-name": "/_sys/rrentVersion_Batching-564e9892_task_queue_44/2", "wf-task-queue-type": "Workflow", "wf-namespace": "namespace-ec265ab4-426c-4316-a4b3-47fc66311932", "worker-build-id": "_unversioned_", "lifecycle": "Started", "cause": "Force", "logging-call-at": "/Users/shivamsaraf/Desktop/work/temporal/common/log/with_logger.go:66"}
2025-03-19T11:38:43.394-0400	info	Started physicalTaskQueueManager	{"host": "127.0.0.1:63279", "component": "matching-engine", "wf-task-queue-name": "rrentVersion_Batching-564e9892_task_queue_18", "wf-task-queue-type": "Workflow", "wf-namespace": "namespace-ec265ab4-426c-4316-a4b3-47fc66311932", "worker-build-id": "_unversioned_", "lifecycle": "Started", "cause": "UserData", "logging-call-at": "/Users/shivamsaraf/Desktop/work/temporal/common/log/with_logger.go:66"}
2025-03-19T11:38:43.394-0400	info	Started physicalTaskQueueManager	{"host": "127.0.0.1:63279", "component": "matching-engine", "wf-task-queue-name": "/_sys/rrentVersion_Batching-564e9892_task_queue_44/3", "wf-task-queue-type": "Workflow", "wf-namespace": "namespace-ec265ab4-426c-4316-a4b3-47fc66311932", "worker-build-id": "_unversioned_", "lifecycle": "Started", "cause": "Force", "logging-call-at": "/Users/shivamsaraf/Desktop/work/temporal/common/log/with_logger.go:66"}
2025-03-19T11:38:43.394-0400	info	Started physicalTaskQueueManager	{"host": "127.0.0.1:63279", "component": "matching-engine", "wf-task-queue-name": "/_sys/rrentVersion_Batching-564e9892_task_queue_44/1", "wf-task-queue-type": "Workflow", "wf-namespace": "namespace-ec265ab4-426c-4316-a4b3-47fc66311932", "worker-build-id": "_unversioned_", "lifecycle": "Started", "cause": "Force", "logging-call-at": "/Users/shivamsaraf/Desktop/work/temporal/common/log/with_logger.go:66"}
2025-03-19T11:38:43.394-0400	info	Started physicalTaskQueueManager	{"host": "127.0.0.1:63279", "component": "matching-engine", "wf-task-queue-name": "rrentVersion_Batching-564e9892_task_queue_40", "wf-task-queue-type": "Workflow", "wf-namespace": "namespace-ec265ab4-426c-4316-a4b3-47fc66311932", "worker-build-id": "_unversioned_", "lifecycle": "Started", "cause": "Poll", "logging-call-at": "/Users/shivamsaraf/Desktop/work/temporal/common/log/with_logger.go:66"}
2025-03-19T11:38:43.394-0400	info	Started physicalTaskQueueManager	{"host": "127.0.0.1:63279", "component": "matching-engine", "wf-task-queue-name": "/_sys/rrentVersion_Batching-564e9892_task_queue_22/2", "wf-task-queue-type": "Workflow", "wf-namespace": "namespace-ec265ab4-426c-4316-a4b3-47fc66311932", "worker-build-id": "_unversioned_", "lifecycle": "Started", "cause": "Force", "logging-call-at": "/Users/shivamsaraf/Desktop/work/temporal/common/log/with_logger.go:66"}
2025-03-19T11:38:43.394-0400	info	Started physicalTaskQueueManager	{"host": "127.0.0.1:63279", "component": "matching-engine", "wf-task-queue-name": "/_sys/rrentVersion_Batching-564e9892_task_queue_22/1", "wf-task-queue-type": "Workflow", "wf-namespace": "namespace-ec265ab4-426c-4316-a4b3-47fc66311932", "worker-build-id": "_unversioned_", "lifecycle": "Started", "cause": "Force", "logging-call-at": "/Users/shivamsaraf/Desktop/work/temporal/common/log/with_logger.go:66"}
2025-03-19T11:38:43.394-0400	info	Started physicalTaskQueueManager	{"host": "127.0.0.1:63279", "component": "matching-engine", "wf-task-queue-name": "rrentVersion_Batching-564e9892_task_queue_20", "wf-task-queue-type": "Workflow", "wf-namespace": "namespace-ec265ab4-426c-4316-a4b3-47fc66311932", "worker-build-id": "_unversioned_", "lifecycle": "Started", "cause": "UserData", "logging-call-at": "/Users/shivamsaraf/Desktop/work/temporal/common/log/with_logger.go:66"}
2025-03-19T11:38:43.394-0400	info	Started physicalTaskQueueManager	{"host": "127.0.0.1:63279", "component": "matching-engine", "wf-task-queue-name": "rrentVersion_Batching-564e9892_task_queue_45", "wf-task-queue-type": "Workflow", "wf-namespace": "namespace-ec265ab4-426c-4316-a4b3-47fc66311932", "worker-build-id": "_unversioned_", "lifecycle": "Started", "cause": "Poll", "logging-call-at": "/Users/shivamsaraf/Desktop/work/temporal/common/log/with_logger.go:66"}
2025-03-19T11:38:43.394-0400	info	Started physicalTaskQueueManager	{"host": "127.0.0.1:63279", "component": "matching-engine", "wf-task-queue-name": "/_sys/rrentVersion_Batching-564e9892_task_queue_49/2", "wf-task-queue-type": "Workflow", "wf-namespace": "namespace-ec265ab4-426c-4316-a4b3-47fc66311932", "worker-build-id": "_unversioned_", "lifecycle": "Started", "cause": "Poll", "logging-call-at": "/Users/shivamsaraf/Desktop/work/temporal/common/log/with_logger.go:66"}
2025-03-19T11:38:43.394-0400	info	Started physicalTaskQueueManager	{"host": "127.0.0.1:63279", "component": "matching-engine", "wf-task-queue-name": "/_sys/rrentVersion_Batching-564e9892_task_queue_43/1", "wf-task-queue-type": "Workflow", "wf-namespace": "namespace-ec265ab4-426c-4316-a4b3-47fc66311932", "worker-build-id": "_unversioned_", "lifecycle": "Started", "cause": "Poll", "logging-call-at": "/Users/shivamsaraf/Desktop/work/temporal/common/log/with_logger.go:66"}
2025-03-19T11:38:43.394-0400	info	Started physicalTaskQueueManager	{"host": "127.0.0.1:63279", "component": "matching-engine", "wf-task-queue-name": "/_sys/rrentVersion_Batching-564e9892_task_queue_21/1", "wf-task-queue-type": "Workflow", "wf-namespace": "namespace-ec265ab4-426c-4316-a4b3-47fc66311932", "worker-build-id": "_unversioned_", "lifecycle": "Started", "cause": "Force", "logging-call-at": "/Users/shivamsaraf/Desktop/work/temporal/common/log/with_logger.go:66"}
2025-03-19T11:38:43.394-0400	info	Started physicalTaskQueueManager	{"host": "127.0.0.1:63279", "component": "matching-engine", "wf-task-queue-name": "/_sys/rrentVersion_Batching-564e9892_task_queue_29/1", "wf-task-queue-type": "Workflow", "wf-namespace": "namespace-ec265ab4-426c-4316-a4b3-47fc66311932", "worker-build-id": "_unversioned_", "lifecycle": "Started", "cause": "Poll", "logging-call-at": "/Users/shivamsaraf/Desktop/work/temporal/common/log/with_logger.go:66"}
2025-03-19T11:38:43.394-0400	info	Started physicalTaskQueueManager	{"host": "127.0.0.1:63279", "component": "matching-engine", "wf-task-queue-name": "/_sys/rrentVersion_Batching-564e9892_task_queue_21/2", "wf-task-queue-type": "Workflow", "wf-namespace": "namespace-ec265ab4-426c-4316-a4b3-47fc66311932", "worker-build-id": "_unversioned_", "lifecycle": "Started", "cause": "Force", "logging-call-at": "/Users/shivamsaraf/Desktop/work/temporal/common/log/with_logger.go:66"}
2025-03-19T11:38:43.394-0400	info	Started physicalTaskQueueManager	{"host": "127.0.0.1:63279", "component": "matching-engine", "wf-task-queue-name": "/_sys/rrentVersion_Batching-564e9892_task_queue_34/1", "wf-task-queue-type": "Workflow", "wf-namespace": "namespace-ec265ab4-426c-4316-a4b3-47fc66311932", "worker-build-id": "_unversioned_", "lifecycle": "Started", "cause": "Force", "logging-call-at": "/Users/shivamsaraf/Desktop/work/temporal/common/log/with_logger.go:66"}
2025-03-19T11:38:43.394-0400	info	Started physicalTaskQueueManager	{"host": "127.0.0.1:63279", "component": "matching-engine", "wf-task-queue-name": "rrentVersion_Batching-564e9892_task_queue_12", "wf-task-queue-type": "Workflow", "wf-namespace": "namespace-ec265ab4-426c-4316-a4b3-47fc66311932", "worker-build-id": "_unversioned_", "lifecycle": "Started", "cause": "UserData", "logging-call-at": "/Users/shivamsaraf/Desktop/work/temporal/common/log/with_logger.go:66"}
2025-03-19T11:38:43.395-0400	info	Started physicalTaskQueueManager	{"host": "127.0.0.1:63279", "component": "matching-engine", "wf-task-queue-name": "/_sys/rrentVersion_Batching-564e9892_task_queue_14/2", "wf-task-queue-type": "Workflow", "wf-namespace": "namespace-ec265ab4-426c-4316-a4b3-47fc66311932", "worker-build-id": "_unversioned_", "lifecycle": "Started", "cause": "Force", "logging-call-at": "/Users/shivamsaraf/Desktop/work/temporal/common/log/with_logger.go:66"}
2025-03-19T11:38:43.395-0400	info	Started physicalTaskQueueManager	{"host": "127.0.0.1:63279", "component": "matching-engine", "wf-task-queue-name": "/_sys/rrentVersion_Batching-564e9892_task_queue_2/2", "wf-task-queue-type": "Workflow", "wf-namespace": "namespace-ec265ab4-426c-4316-a4b3-47fc66311932", "worker-build-id": "_unversioned_", "lifecycle": "Started", "cause": "Force", "logging-call-at": "/Users/shivamsaraf/Desktop/work/temporal/common/log/with_logger.go:66"}
2025-03-19T11:38:43.395-0400	info	Started physicalTaskQueueManager	{"host": "127.0.0.1:63279", "component": "matching-engine", "wf-task-queue-name": "/_sys/rrentVersion_Batching-564e9892_task_queue_28/3", "wf-task-queue-type": "Workflow", "wf-namespace": "namespace-ec265ab4-426c-4316-a4b3-47fc66311932", "worker-build-id": "_unversioned_", "lifecycle": "Started", "cause": "Poll", "logging-call-at": "/Users/shivamsaraf/Desktop/work/temporal/common/log/with_logger.go:66"}
2025-03-19T11:38:43.395-0400	info	Started physicalTaskQueueManager	{"host": "127.0.0.1:63279", "component": "matching-engine", "wf-task-queue-name": "/_sys/rrentVersion_Batching-564e9892_task_queue_32/3", "wf-task-queue-type": "Workflow", "wf-namespace": "namespace-ec265ab4-426c-4316-a4b3-47fc66311932", "worker-build-id": "_unversioned_", "lifecycle": "Started", "cause": "Force", "logging-call-at": "/Users/shivamsaraf/Desktop/work/temporal/common/log/with_logger.go:66"}
2025-03-19T11:38:43.395-0400	info	Started physicalTaskQueueManager	{"host": "127.0.0.1:63279", "component": "matching-engine", "wf-task-queue-name": "/_sys/rrentVersion_Batching-564e9892_task_queue_37/1", "wf-task-queue-type": "Workflow", "wf-namespace": "namespace-ec265ab4-426c-4316-a4b3-47fc66311932", "worker-build-id": "_unversioned_", "lifecycle": "Started", "cause": "Poll", "logging-call-at": "/Users/shivamsaraf/Desktop/work/temporal/common/log/with_logger.go:66"}
2025-03-19T11:38:43.395-0400	info	Started physicalTaskQueueManager	{"host": "127.0.0.1:63279", "component": "matching-engine", "wf-task-queue-name": "rrentVersion_Batching-564e9892_task_queue_30", "wf-task-queue-type": "Workflow", "wf-namespace": "namespace-ec265ab4-426c-4316-a4b3-47fc66311932", "worker-build-id": "_unversioned_", "lifecycle": "Started", "cause": "UserData", "logging-call-at": "/Users/shivamsaraf/Desktop/work/temporal/common/log/with_logger.go:66"}
2025-03-19T11:38:43.395-0400	info	Started physicalTaskQueueManager	{"host": "127.0.0.1:63279", "component": "matching-engine", "wf-task-queue-name": "/_sys/rrentVersion_Batching-564e9892_task_queue_48/3", "wf-task-queue-type": "Workflow", "wf-namespace": "namespace-ec265ab4-426c-4316-a4b3-47fc66311932", "worker-build-id": "_unversioned_", "lifecycle": "Started", "cause": "Poll", "logging-call-at": "/Users/shivamsaraf/Desktop/work/temporal/common/log/with_logger.go:66"}
2025-03-19T11:38:43.395-0400	info	Started physicalTaskQueueManager	{"host": "127.0.0.1:63279", "component": "matching-engine", "wf-task-queue-name": "/_sys/rrentVersion_Batching-564e9892_task_queue_32/1", "wf-task-queue-type": "Workflow", "wf-namespace": "namespace-ec265ab4-426c-4316-a4b3-47fc66311932", "worker-build-id": "_unversioned_", "lifecycle": "Started", "cause": "Force", "logging-call-at": "/Users/shivamsaraf/Desktop/work/temporal/common/log/with_logger.go:66"}
2025-03-19T11:38:43.395-0400	info	Started physicalTaskQueueManager	{"host": "127.0.0.1:63279", "component": "matching-engine", "wf-task-queue-name": "/_sys/rrentVersion_Batching-564e9892_task_queue_34/2", "wf-task-queue-type": "Workflow", "wf-namespace": "namespace-ec265ab4-426c-4316-a4b3-47fc66311932", "worker-build-id": "_unversioned_", "lifecycle": "Started", "cause": "Force", "logging-call-at": "/Users/shivamsaraf/Desktop/work/temporal/common/log/with_logger.go:66"}
2025-03-19T11:38:43.395-0400	info	Started physicalTaskQueueManager	{"host": "127.0.0.1:63279", "component": "matching-engine", "wf-task-queue-name": "rrentVersion_Batching-564e9892_task_queue_3", "wf-task-queue-type": "Workflow", "wf-namespace": "namespace-ec265ab4-426c-4316-a4b3-47fc66311932", "worker-build-id": "_unversioned_", "lifecycle": "Started", "cause": "UserData", "logging-call-at": "/Users/shivamsaraf/Desktop/work/temporal/common/log/with_logger.go:66"}
2025-03-19T11:38:43.395-0400	info	Started physicalTaskQueueManager	{"host": "127.0.0.1:63279", "component": "matching-engine", "wf-task-queue-name": "/_sys/rrentVersion_Batching-564e9892_task_queue_2/3", "wf-task-queue-type": "Workflow", "wf-namespace": "namespace-ec265ab4-426c-4316-a4b3-47fc66311932", "worker-build-id": "_unversioned_", "lifecycle": "Started", "cause": "Force", "logging-call-at": "/Users/shivamsaraf/Desktop/work/temporal/common/log/with_logger.go:66"}
2025-03-19T11:38:43.395-0400	info	Started physicalTaskQueueManager	{"host": "127.0.0.1:63279", "component": "matching-engine", "wf-task-queue-name": "/_sys/rrentVersion_Batching-564e9892_task_queue_2/1", "wf-task-queue-type": "Workflow", "wf-namespace": "namespace-ec265ab4-426c-4316-a4b3-47fc66311932", "worker-build-id": "_unversioned_", "lifecycle": "Started", "cause": "Force", "logging-call-at": "/Users/shivamsaraf/Desktop/work/temporal/common/log/with_logger.go:66"}
2025-03-19T11:38:43.395-0400	info	Started physicalTaskQueueManager	{"host": "127.0.0.1:63279", "component": "matching-engine", "wf-task-queue-name": "/_sys/rrentVersion_Batching-564e9892_task_queue_10/2", "wf-task-queue-type": "Workflow", "wf-namespace": "namespace-ec265ab4-426c-4316-a4b3-47fc66311932", "worker-build-id": "_unversioned_", "lifecycle": "Started", "cause": "Poll", "logging-call-at": "/Users/shivamsaraf/Desktop/work/temporal/common/log/with_logger.go:66"}
2025-03-19T11:38:43.395-0400	info	Started physicalTaskQueueManager	{"host": "127.0.0.1:63279", "component": "matching-engine", "wf-task-queue-name": "rrentVersion_Batching-564e9892_task_queue_33", "wf-task-queue-type": "Workflow", "wf-namespace": "namespace-ec265ab4-426c-4316-a4b3-47fc66311932", "worker-build-id": "_unversioned_", "lifecycle": "Started", "cause": "Poll", "logging-call-at": "/Users/shivamsaraf/Desktop/work/temporal/common/log/with_logger.go:66"}
2025-03-19T11:38:43.395-0400	info	Started physicalTaskQueueManager	{"host": "127.0.0.1:63279", "component": "matching-engine", "wf-task-queue-name": "/_sys/rrentVersion_Batching-564e9892_task_queue_24/1", "wf-task-queue-type": "Workflow", "wf-namespace": "namespace-ec265ab4-426c-4316-a4b3-47fc66311932", "worker-build-id": "_unversioned_", "lifecycle": "Started", "cause": "Poll", "logging-call-at": "/Users/shivamsaraf/Desktop/work/temporal/common/log/with_logger.go:66"}
2025-03-19T11:38:43.396-0400	info	Started physicalTaskQueueManager	{"host": "127.0.0.1:63279", "component": "matching-engine", "wf-task-queue-name": "/_sys/rrentVersion_Batching-564e9892_task_queue_13/3", "wf-task-queue-type": "Workflow", "wf-namespace": "namespace-ec265ab4-426c-4316-a4b3-47fc66311932", "worker-build-id": "_unversioned_", "lifecycle": "Started", "cause": "Poll", "logging-call-at": "/Users/shivamsaraf/Desktop/work/temporal/common/log/with_logger.go:66"}
2025-03-19T11:38:43.396-0400	info	Started physicalTaskQueueManager	{"host": "127.0.0.1:63279", "component": "matching-engine", "wf-task-queue-name": "rrentVersion_Batching-564e9892_task_queue_7", "wf-task-queue-type": "Workflow", "wf-namespace": "namespace-ec265ab4-426c-4316-a4b3-47fc66311932", "worker-build-id": "_unversioned_", "lifecycle": "Started", "cause": "Poll", "logging-call-at": "/Users/shivamsaraf/Desktop/work/temporal/common/log/with_logger.go:66"}
2025-03-19T11:38:43.396-0400	info	Started physicalTaskQueueManager	{"host": "127.0.0.1:63279", "component": "matching-engine", "wf-task-queue-name": "/_sys/rrentVersion_Batching-564e9892_task_queue_38/2", "wf-task-queue-type": "Workflow", "wf-namespace": "namespace-ec265ab4-426c-4316-a4b3-47fc66311932", "worker-build-id": "_unversioned_", "lifecycle": "Started", "cause": "Force", "logging-call-at": "/Users/shivamsaraf/Desktop/work/temporal/common/log/with_logger.go:66"}
2025-03-19T11:38:43.396-0400	info	Started physicalTaskQueueManager	{"host": "127.0.0.1:63279", "component": "matching-engine", "wf-task-queue-name": "/_sys/rrentVersion_Batching-564e9892_task_queue_16/1", "wf-task-queue-type": "Workflow", "wf-namespace": "namespace-ec265ab4-426c-4316-a4b3-47fc66311932", "worker-build-id": "_unversioned_", "lifecycle": "Started", "cause": "Poll", "logging-call-at": "/Users/shivamsaraf/Desktop/work/temporal/common/log/with_logger.go:66"}
2025-03-19T11:38:43.396-0400	info	Started physicalTaskQueueManager	{"host": "127.0.0.1:63279", "component": "matching-engine", "wf-task-queue-name": "/_sys/rrentVersion_Batching-564e9892_task_queue_1/2", "wf-task-queue-type": "Workflow", "wf-namespace": "namespace-ec265ab4-426c-4316-a4b3-47fc66311932", "worker-build-id": "_unversioned_", "lifecycle": "Started", "cause": "Poll", "logging-call-at": "/Users/shivamsaraf/Desktop/work/temporal/common/log/with_logger.go:66"}
2025-03-19T11:38:43.396-0400	info	Started physicalTaskQueueManager	{"host": "127.0.0.1:63279", "component": "matching-engine", "wf-task-queue-name": "/_sys/rrentVersion_Batching-564e9892_task_queue_41/2", "wf-task-queue-type": "Workflow", "wf-namespace": "namespace-ec265ab4-426c-4316-a4b3-47fc66311932", "worker-build-id": "_unversioned_", "lifecycle": "Started", "cause": "Force", "logging-call-at": "/Users/shivamsaraf/Desktop/work/temporal/common/log/with_logger.go:66"}
2025-03-19T11:38:43.396-0400	info	Started physicalTaskQueueManager	{"host": "127.0.0.1:63279", "component": "matching-engine", "wf-task-queue-name": "/_sys/rrentVersion_Batching-564e9892_task_queue_18/2", "wf-task-queue-type": "Workflow", "wf-namespace": "namespace-ec265ab4-426c-4316-a4b3-47fc66311932", "worker-build-id": "_unversioned_", "lifecycle": "Started", "cause": "Force", "logging-call-at": "/Users/shivamsaraf/Desktop/work/temporal/common/log/with_logger.go:66"}
2025-03-19T11:38:43.396-0400	info	Started physicalTaskQueueManager	{"host": "127.0.0.1:63279", "component": "matching-engine", "wf-task-queue-name": "rrentVersion_Batching-564e9892_task_queue_5", "wf-task-queue-type": "Workflow", "wf-namespace": "namespace-ec265ab4-426c-4316-a4b3-47fc66311932", "worker-build-id": "_unversioned_", "lifecycle": "Started", "cause": "Poll", "logging-call-at": "/Users/shivamsaraf/Desktop/work/temporal/common/log/with_logger.go:66"}
2025-03-19T11:38:43.396-0400	info	Started physicalTaskQueueManager	{"host": "127.0.0.1:63279", "component": "matching-engine", "wf-task-queue-name": "/_sys/rrentVersion_Batching-564e9892_task_queue_27/3", "wf-task-queue-type": "Workflow", "wf-namespace": "namespace-ec265ab4-426c-4316-a4b3-47fc66311932", "worker-build-id": "_unversioned_", "lifecycle": "Started", "cause": "Force", "logging-call-at": "/Users/shivamsaraf/Desktop/work/temporal/common/log/with_logger.go:66"}
2025-03-19T11:38:43.396-0400	info	Started physicalTaskQueueManager	{"host": "127.0.0.1:63279", "component": "matching-engine", "wf-task-queue-name": "/_sys/rrentVersion_Batching-564e9892_task_queue_25/1", "wf-task-queue-type": "Workflow", "wf-namespace": "namespace-ec265ab4-426c-4316-a4b3-47fc66311932", "worker-build-id": "_unversioned_", "lifecycle": "Started", "cause": "Force", "logging-call-at": "/Users/shivamsaraf/Desktop/work/temporal/common/log/with_logger.go:66"}
2025-03-19T11:38:43.396-0400	info	Started physicalTaskQueueManager	{"host": "127.0.0.1:63279", "component": "matching-engine", "wf-task-queue-name": "/_sys/rrentVersion_Batching-564e9892_task_queue_40/2", "wf-task-queue-type": "Workflow", "wf-namespace": "namespace-ec265ab4-426c-4316-a4b3-47fc66311932", "worker-build-id": "_unversioned_", "lifecycle": "Started", "cause": "Force", "logging-call-at": "/Users/shivamsaraf/Desktop/work/temporal/common/log/with_logger.go:66"}
2025-03-19T11:38:43.396-0400	info	Started physicalTaskQueueManager	{"host": "127.0.0.1:63279", "component": "matching-engine", "wf-task-queue-name": "/_sys/rrentVersion_Batching-564e9892_task_queue_18/1", "wf-task-queue-type": "Workflow", "wf-namespace": "namespace-ec265ab4-426c-4316-a4b3-47fc66311932", "worker-build-id": "_unversioned_", "lifecycle": "Started", "cause": "Force", "logging-call-at": "/Users/shivamsaraf/Desktop/work/temporal/common/log/with_logger.go:66"}
2025-03-19T11:38:43.396-0400	info	Started physicalTaskQueueManager	{"host": "127.0.0.1:63279", "component": "matching-engine", "wf-task-queue-name": "/_sys/rrentVersion_Batching-564e9892_task_queue_38/1", "wf-task-queue-type": "Workflow", "wf-namespace": "namespace-ec265ab4-426c-4316-a4b3-47fc66311932", "worker-build-id": "_unversioned_", "lifecycle": "Started", "cause": "Force", "logging-call-at": "/Users/shivamsaraf/Desktop/work/temporal/common/log/with_logger.go:66"}
2025-03-19T11:38:43.396-0400	info	Started physicalTaskQueueManager	{"host": "127.0.0.1:63279", "component": "matching-engine", "wf-task-queue-name": "/_sys/rrentVersion_Batching-564e9892_task_queue_40/1", "wf-task-queue-type": "Workflow", "wf-namespace": "namespace-ec265ab4-426c-4316-a4b3-47fc66311932", "worker-build-id": "_unversioned_", "lifecycle": "Started", "cause": "Force", "logging-call-at": "/Users/shivamsaraf/Desktop/work/temporal/common/log/with_logger.go:66"}
2025-03-19T11:38:43.396-0400	info	Started physicalTaskQueueManager	{"host": "127.0.0.1:63279", "component": "matching-engine", "wf-task-queue-name": "/_sys/rrentVersion_Batching-564e9892_task_queue_40/3", "wf-task-queue-type": "Workflow", "wf-namespace": "namespace-ec265ab4-426c-4316-a4b3-47fc66311932", "worker-build-id": "_unversioned_", "lifecycle": "Started", "cause": "Force", "logging-call-at": "/Users/shivamsaraf/Desktop/work/temporal/common/log/with_logger.go:66"}
2025-03-19T11:38:43.397-0400	info	Started physicalTaskQueueManager	{"host": "127.0.0.1:63279", "component": "matching-engine", "wf-task-queue-name": "/_sys/rrentVersion_Batching-564e9892_task_queue_47/3", "wf-task-queue-type": "Workflow", "wf-namespace": "namespace-ec265ab4-426c-4316-a4b3-47fc66311932", "worker-build-id": "_unversioned_", "lifecycle": "Started", "cause": "Poll", "logging-call-at": "/Users/shivamsaraf/Desktop/work/temporal/common/log/with_logger.go:66"}
2025-03-19T11:38:43.397-0400	info	Started physicalTaskQueueManager	{"host": "127.0.0.1:63279", "component": "matching-engine", "wf-task-queue-name": "/_sys/rrentVersion_Batching-564e9892_task_queue_39/2", "wf-task-queue-type": "Workflow", "wf-namespace": "namespace-ec265ab4-426c-4316-a4b3-47fc66311932", "worker-build-id": "_unversioned_", "lifecycle": "Started", "cause": "Poll", "logging-call-at": "/Users/shivamsaraf/Desktop/work/temporal/common/log/with_logger.go:66"}
2025-03-19T11:38:43.397-0400	info	Started physicalTaskQueueManager	{"host": "127.0.0.1:63279", "component": "matching-engine", "wf-task-queue-name": "/_sys/rrentVersion_Batching-564e9892_task_queue_45/3", "wf-task-queue-type": "Workflow", "wf-namespace": "namespace-ec265ab4-426c-4316-a4b3-47fc66311932", "worker-build-id": "_unversioned_", "lifecycle": "Started", "cause": "Force", "logging-call-at": "/Users/shivamsaraf/Desktop/work/temporal/common/log/with_logger.go:66"}
2025-03-19T11:38:43.397-0400	info	Started physicalTaskQueueManager	{"host": "127.0.0.1:63279", "component": "matching-engine", "wf-task-queue-name": "/_sys/rrentVersion_Batching-564e9892_task_queue_20/2", "wf-task-queue-type": "Workflow", "wf-namespace": "namespace-ec265ab4-426c-4316-a4b3-47fc66311932", "worker-build-id": "_unversioned_", "lifecycle": "Started", "cause": "Force", "logging-call-at": "/Users/shivamsaraf/Desktop/work/temporal/common/log/with_logger.go:66"}
2025-03-19T11:38:43.397-0400	info	Started physicalTaskQueueManager	{"host": "127.0.0.1:63279", "component": "matching-engine", "wf-task-queue-name": "rrentVersion_Batching-564e9892_task_queue_49", "wf-task-queue-type": "Workflow", "wf-namespace": "namespace-ec265ab4-426c-4316-a4b3-47fc66311932", "worker-build-id": "_unversioned_", "lifecycle": "Started", "cause": "UserData", "logging-call-at": "/Users/shivamsaraf/Desktop/work/temporal/common/log/with_logger.go:66"}
2025-03-19T11:38:43.397-0400	info	loaded user data from db	{"host": "127.0.0.1:63279", "component": "matching-engine", "wf-task-queue-name": "rrentVersion_Batching-564e9892_task_queue_45", "wf-task-queue-type": "Workflow", "wf-namespace": "namespace-ec265ab4-426c-4316-a4b3-47fc66311932", "user-data-version": 0, "timestamp": "1970-01-01T00:00:00.000Z", "logging-call-at": "/Users/shivamsaraf/Desktop/work/temporal/common/log/with_logger.go:66"}
2025-03-19T11:38:43.397-0400	info	Started physicalTaskQueueManager	{"host": "127.0.0.1:63279", "component": "matching-engine", "wf-task-queue-name": "rrentVersion_Batching-564e9892_task_queue_43", "wf-task-queue-type": "Workflow", "wf-namespace": "namespace-ec265ab4-426c-4316-a4b3-47fc66311932", "worker-build-id": "_unversioned_", "lifecycle": "Started", "cause": "UserData", "logging-call-at": "/Users/shivamsaraf/Desktop/work/temporal/common/log/with_logger.go:66"}
2025-03-19T11:38:43.397-0400	info	Started physicalTaskQueueManager	{"host": "127.0.0.1:63279", "component": "matching-engine", "wf-task-queue-name": "/_sys/rrentVersion_Batching-564e9892_task_queue_20/3", "wf-task-queue-type": "Workflow", "wf-namespace": "namespace-ec265ab4-426c-4316-a4b3-47fc66311932", "worker-build-id": "_unversioned_", "lifecycle": "Started", "cause": "Force", "logging-call-at": "/Users/shivamsaraf/Desktop/work/temporal/common/log/with_logger.go:66"}
2025-03-19T11:38:43.397-0400	info	Started physicalTaskQueueManager	{"host": "127.0.0.1:63279", "component": "matching-engine", "wf-task-queue-name": "/_sys/rrentVersion_Batching-564e9892_task_queue_25/3", "wf-task-queue-type": "Workflow", "wf-namespace": "namespace-ec265ab4-426c-4316-a4b3-47fc66311932", "worker-build-id": "_unversioned_", "lifecycle": "Started", "cause": "Force", "logging-call-at": "/Users/shivamsaraf/Desktop/work/temporal/common/log/with_logger.go:66"}
2025-03-19T11:38:43.397-0400	info	Started physicalTaskQueueManager	{"host": "127.0.0.1:63279", "component": "matching-engine", "wf-task-queue-name": "/_sys/rrentVersion_Batching-564e9892_task_queue_45/1", "wf-task-queue-type": "Workflow", "wf-namespace": "namespace-ec265ab4-426c-4316-a4b3-47fc66311932", "worker-build-id": "_unversioned_", "lifecycle": "Started", "cause": "Force", "logging-call-at": "/Users/shivamsaraf/Desktop/work/temporal/common/log/with_logger.go:66"}
2025-03-19T11:38:43.397-0400	info	Started physicalTaskQueueManager	{"host": "127.0.0.1:63279", "component": "matching-engine", "wf-task-queue-name": "/_sys/rrentVersion_Batching-564e9892_task_queue_26/2", "wf-task-queue-type": "Workflow", "wf-namespace": "namespace-ec265ab4-426c-4316-a4b3-47fc66311932", "worker-build-id": "_unversioned_", "lifecycle": "Started", "cause": "Poll", "logging-call-at": "/Users/shivamsaraf/Desktop/work/temporal/common/log/with_logger.go:66"}
2025-03-19T11:38:43.397-0400	debug	returning empty user data (no data)	{"host": "127.0.0.1:63279", "component": "matching-engine", "wf-task-queue-name": "rrentVersion_Batching-564e9892_task_queue_14", "wf-task-queue-type": "Workflow", "wf-namespace": "namespace-ec265ab4-426c-4316-a4b3-47fc66311932", "long-poll": false, "logging-call-at": "/Users/shivamsaraf/Desktop/work/temporal/common/log/with_logger.go:61"}
2025-03-19T11:38:43.397-0400	info	Started physicalTaskQueueManager	{"host": "127.0.0.1:63279", "component": "matching-engine", "wf-task-queue-name": "/_sys/rrentVersion_Batching-564e9892_task_queue_45/2", "wf-task-queue-type": "Workflow", "wf-namespace": "namespace-ec265ab4-426c-4316-a4b3-47fc66311932", "worker-build-id": "_unversioned_", "lifecycle": "Started", "cause": "Force", "logging-call-at": "/Users/shivamsaraf/Desktop/work/temporal/common/log/with_logger.go:66"}
2025-03-19T11:38:43.397-0400	info	Started physicalTaskQueueManager	{"host": "127.0.0.1:63279", "component": "matching-engine", "wf-task-queue-name": "rrentVersion_Batching-564e9892_task_queue_23", "wf-task-queue-type": "Workflow", "wf-namespace": "namespace-ec265ab4-426c-4316-a4b3-47fc66311932", "worker-build-id": "_unversioned_", "lifecycle": "Started", "cause": "UserData", "logging-call-at": "/Users/shivamsaraf/Desktop/work/temporal/common/log/with_logger.go:66"}
2025-03-19T11:38:43.397-0400	info	Started physicalTaskQueueManager	{"host": "127.0.0.1:63279", "component": "matching-engine", "wf-task-queue-name": "/_sys/rrentVersion_Batching-564e9892_task_queue_12/2", "wf-task-queue-type": "Workflow", "wf-namespace": "namespace-ec265ab4-426c-4316-a4b3-47fc66311932", "worker-build-id": "_unversioned_", "lifecycle": "Started", "cause": "Force", "logging-call-at": "/Users/shivamsaraf/Desktop/work/temporal/common/log/with_logger.go:66"}
2025-03-19T11:38:43.397-0400	info	Started physicalTaskQueueManager	{"host": "127.0.0.1:63279", "component": "matching-engine", "wf-task-queue-name": "/_sys/rrentVersion_Batching-564e9892_task_queue_12/1", "wf-task-queue-type": "Workflow", "wf-namespace": "namespace-ec265ab4-426c-4316-a4b3-47fc66311932", "worker-build-id": "_unversioned_", "lifecycle": "Started", "cause": "Force", "logging-call-at": "/Users/shivamsaraf/Desktop/work/temporal/common/log/with_logger.go:66"}
2025-03-19T11:38:43.398-0400	info	Started physicalTaskQueueManager	{"host": "127.0.0.1:63279", "component": "matching-engine", "wf-task-queue-name": "rrentVersion_Batching-564e9892_task_queue_42", "wf-task-queue-type": "Workflow", "wf-namespace": "namespace-ec265ab4-426c-4316-a4b3-47fc66311932", "worker-build-id": "_unversioned_", "lifecycle": "Started", "cause": "Poll", "logging-call-at": "/Users/shivamsaraf/Desktop/work/temporal/common/log/with_logger.go:66"}
2025-03-19T11:38:43.398-0400	debug	fetched user data from parent, no change	{"host": "127.0.0.1:63279", "component": "matching-engine", "wf-task-queue-name": "/_sys/rrentVersion_Batching-564e9892_task_queue_14/2", "wf-task-queue-type": "Workflow", "wf-namespace": "namespace-ec265ab4-426c-4316-a4b3-47fc66311932", "logging-call-at": "/Users/shivamsaraf/Desktop/work/temporal/common/log/with_logger.go:61"}
2025-03-19T11:38:43.398-0400	info	Started physicalTaskQueueManager	{"host": "127.0.0.1:63279", "component": "matching-engine", "wf-task-queue-name": "/_sys/rrentVersion_Batching-564e9892_task_queue_46/3", "wf-task-queue-type": "Workflow", "wf-namespace": "namespace-ec265ab4-426c-4316-a4b3-47fc66311932", "worker-build-id": "_unversioned_", "lifecycle": "Started", "cause": "Force", "logging-call-at": "/Users/shivamsaraf/Desktop/work/temporal/common/log/with_logger.go:66"}
2025-03-19T11:38:43.398-0400	info	Started physicalTaskQueueManager	{"host": "127.0.0.1:63279", "component": "matching-engine", "wf-task-queue-name": "rrentVersion_Batching-564e9892_task_queue_17", "wf-task-queue-type": "Workflow", "wf-namespace": "namespace-ec265ab4-426c-4316-a4b3-47fc66311932", "worker-build-id": "_unversioned_", "lifecycle": "Started", "cause": "UserData", "logging-call-at": "/Users/shivamsaraf/Desktop/work/temporal/common/log/with_logger.go:66"}
2025-03-19T11:38:43.398-0400	info	Started physicalTaskQueueManager	{"host": "127.0.0.1:63279", "component": "matching-engine", "wf-task-queue-name": "rrentVersion_Batching-564e9892_task_queue_8", "wf-task-queue-type": "Workflow", "wf-namespace": "namespace-ec265ab4-426c-4316-a4b3-47fc66311932", "worker-build-id": "_unversioned_", "lifecycle": "Started", "cause": "Poll", "logging-call-at": "/Users/shivamsaraf/Desktop/work/temporal/common/log/with_logger.go:66"}
2025-03-19T11:38:43.398-0400	info	Started physicalTaskQueueManager	{"host": "127.0.0.1:63279", "component": "matching-engine", "wf-task-queue-name": "rrentVersion_Batching-564e9892_task_queue_37", "wf-task-queue-type": "Workflow", "wf-namespace": "namespace-ec265ab4-426c-4316-a4b3-47fc66311932", "worker-build-id": "_unversioned_", "lifecycle": "Started", "cause": "UserData", "logging-call-at": "/Users/shivamsaraf/Desktop/work/temporal/common/log/with_logger.go:66"}
2025-03-19T11:38:43.398-0400	info	Started physicalTaskQueueManager	{"host": "127.0.0.1:63279", "component": "matching-engine", "wf-task-queue-name": "rrentVersion_Batching-564e9892_task_queue_28", "wf-task-queue-type": "Workflow", "wf-namespace": "namespace-ec265ab4-426c-4316-a4b3-47fc66311932", "worker-build-id": "_unversioned_", "lifecycle": "Started", "cause": "UserData", "logging-call-at": "/Users/shivamsaraf/Desktop/work/temporal/common/log/with_logger.go:66"}
2025-03-19T11:38:43.398-0400	info	loaded user data from db	{"host": "127.0.0.1:63279", "component": "matching-engine", "wf-task-queue-name": "rrentVersion_Batching-564e9892_task_queue_27", "wf-task-queue-type": "Workflow", "wf-namespace": "namespace-ec265ab4-426c-4316-a4b3-47fc66311932", "user-data-version": 0, "timestamp": "1970-01-01T00:00:00.000Z", "logging-call-at": "/Users/shivamsaraf/Desktop/work/temporal/common/log/with_logger.go:66"}
2025-03-19T11:38:43.398-0400	info	Started physicalTaskQueueManager	{"host": "127.0.0.1:63279", "component": "matching-engine", "wf-task-queue-name": "rrentVersion_Batching-564e9892_task_queue_0", "wf-task-queue-type": "Workflow", "wf-namespace": "namespace-ec265ab4-426c-4316-a4b3-47fc66311932", "worker-build-id": "_unversioned_", "lifecycle": "Started", "cause": "Poll", "logging-call-at": "/Users/shivamsaraf/Desktop/work/temporal/common/log/with_logger.go:66"}
2025-03-19T11:38:43.398-0400	info	Started physicalTaskQueueManager	{"host": "127.0.0.1:63279", "component": "matching-engine", "wf-task-queue-name": "/_sys/rrentVersion_Batching-564e9892_task_queue_27/2", "wf-task-queue-type": "Workflow", "wf-namespace": "namespace-ec265ab4-426c-4316-a4b3-47fc66311932", "worker-build-id": "_unversioned_", "lifecycle": "Started", "cause": "Force", "logging-call-at": "/Users/shivamsaraf/Desktop/work/temporal/common/log/with_logger.go:66"}
2025-03-19T11:38:43.398-0400	info	Started physicalTaskQueueManager	{"host": "127.0.0.1:63279", "component": "matching-engine", "wf-task-queue-name": "/_sys/rrentVersion_Batching-564e9892_task_queue_14/3", "wf-task-queue-type": "Workflow", "wf-namespace": "namespace-ec265ab4-426c-4316-a4b3-47fc66311932", "worker-build-id": "_unversioned_", "lifecycle": "Started", "cause": "Force", "logging-call-at": "/Users/shivamsaraf/Desktop/work/temporal/common/log/with_logger.go:66"}
2025-03-19T11:38:43.398-0400	info	Started physicalTaskQueueManager	{"host": "127.0.0.1:63279", "component": "matching-engine", "wf-task-queue-name": "/_sys/rrentVersion_Batching-564e9892_task_queue_38/3", "wf-task-queue-type": "Workflow", "wf-namespace": "namespace-ec265ab4-426c-4316-a4b3-47fc66311932", "worker-build-id": "_unversioned_", "lifecycle": "Started", "cause": "Force", "logging-call-at": "/Users/shivamsaraf/Desktop/work/temporal/common/log/with_logger.go:66"}
2025-03-19T11:38:43.398-0400	info	Started physicalTaskQueueManager	{"host": "127.0.0.1:63279", "component": "matching-engine", "wf-task-queue-name": "/_sys/rrentVersion_Batching-564e9892_task_queue_11/2", "wf-task-queue-type": "Workflow", "wf-namespace": "namespace-ec265ab4-426c-4316-a4b3-47fc66311932", "worker-build-id": "_unversioned_", "lifecycle": "Started", "cause": "Poll", "logging-call-at": "/Users/shivamsaraf/Desktop/work/temporal/common/log/with_logger.go:66"}
2025-03-19T11:38:43.398-0400	info	Started physicalTaskQueueManager	{"host": "127.0.0.1:63279", "component": "matching-engine", "wf-task-queue-name": "rrentVersion_Batching-564e9892_task_queue_31", "wf-task-queue-type": "Workflow", "wf-namespace": "namespace-ec265ab4-426c-4316-a4b3-47fc66311932", "worker-build-id": "_unversioned_", "lifecycle": "Started", "cause": "UserData", "logging-call-at": "/Users/shivamsaraf/Desktop/work/temporal/common/log/with_logger.go:66"}
2025-03-19T11:38:43.398-0400	info	Started physicalTaskQueueManager	{"host": "127.0.0.1:63279", "component": "matching-engine", "wf-task-queue-name": "/_sys/rrentVersion_Batching-564e9892_task_queue_4/3", "wf-task-queue-type": "Workflow", "wf-namespace": "namespace-ec265ab4-426c-4316-a4b3-47fc66311932", "worker-build-id": "_unversioned_", "lifecycle": "Started", "cause": "Force", "logging-call-at": "/Users/shivamsaraf/Desktop/work/temporal/common/log/with_logger.go:66"}
2025-03-19T11:38:43.398-0400	info	loaded user data from db	{"host": "127.0.0.1:63279", "component": "matching-engine", "wf-task-queue-name": "rrentVersion_Batching-564e9892_task_queue_20", "wf-task-queue-type": "Workflow", "wf-namespace": "namespace-ec265ab4-426c-4316-a4b3-47fc66311932", "user-data-version": 0, "timestamp": "1970-01-01T00:00:00.000Z", "logging-call-at": "/Users/shivamsaraf/Desktop/work/temporal/common/log/with_logger.go:66"}
2025-03-19T11:38:43.399-0400	info	Started physicalTaskQueueManager	{"host": "127.0.0.1:63279", "component": "matching-engine", "wf-task-queue-name": "/_sys/rrentVersion_Batching-564e9892_task_queue_30/3", "wf-task-queue-type": "Workflow", "wf-namespace": "namespace-ec265ab4-426c-4316-a4b3-47fc66311932", "worker-build-id": "_unversioned_", "lifecycle": "Started", "cause": "Force", "logging-call-at": "/Users/shivamsaraf/Desktop/work/temporal/common/log/with_logger.go:66"}
2025-03-19T11:38:43.399-0400	info	Started physicalTaskQueueManager	{"host": "127.0.0.1:63279", "component": "matching-engine", "wf-task-queue-name": "rrentVersion_Batching-564e9892_task_queue_35", "wf-task-queue-type": "Workflow", "wf-namespace": "namespace-ec265ab4-426c-4316-a4b3-47fc66311932", "worker-build-id": "_unversioned_", "lifecycle": "Started", "cause": "UserData", "logging-call-at": "/Users/shivamsaraf/Desktop/work/temporal/common/log/with_logger.go:66"}
2025-03-19T11:38:43.399-0400	info	Started physicalTaskQueueManager	{"host": "127.0.0.1:63279", "component": "matching-engine", "wf-task-queue-name": "/_sys/rrentVersion_Batching-564e9892_task_queue_30/2", "wf-task-queue-type": "Workflow", "wf-namespace": "namespace-ec265ab4-426c-4316-a4b3-47fc66311932", "worker-build-id": "_unversioned_", "lifecycle": "Started", "cause": "Force", "logging-call-at": "/Users/shivamsaraf/Desktop/work/temporal/common/log/with_logger.go:66"}
2025-03-19T11:38:43.399-0400	info	Started physicalTaskQueueManager	{"host": "127.0.0.1:63279", "component": "matching-engine", "wf-task-queue-name": "/_sys/rrentVersion_Batching-564e9892_task_queue_46/2", "wf-task-queue-type": "Workflow", "wf-namespace": "namespace-ec265ab4-426c-4316-a4b3-47fc66311932", "worker-build-id": "_unversioned_", "lifecycle": "Started", "cause": "Force", "logging-call-at": "/Users/shivamsaraf/Desktop/work/temporal/common/log/with_logger.go:66"}
2025-03-19T11:38:43.399-0400	info	Started physicalTaskQueueManager	{"host": "127.0.0.1:63279", "component": "matching-engine", "wf-task-queue-name": "/_sys/rrentVersion_Batching-564e9892_task_queue_33/3", "wf-task-queue-type": "Workflow", "wf-namespace": "namespace-ec265ab4-426c-4316-a4b3-47fc66311932", "worker-build-id": "_unversioned_", "lifecycle": "Started", "cause": "Force", "logging-call-at": "/Users/shivamsaraf/Desktop/work/temporal/common/log/with_logger.go:66"}
2025-03-19T11:38:43.399-0400	info	Started physicalTaskQueueManager	{"host": "127.0.0.1:63279", "component": "matching-engine", "wf-task-queue-name": "rrentVersion_Batching-564e9892_task_queue_10", "wf-task-queue-type": "Workflow", "wf-namespace": "namespace-ec265ab4-426c-4316-a4b3-47fc66311932", "worker-build-id": "_unversioned_", "lifecycle": "Started", "cause": "UserData", "logging-call-at": "/Users/shivamsaraf/Desktop/work/temporal/common/log/with_logger.go:66"}
2025-03-19T11:38:43.399-0400	info	Started physicalTaskQueueManager	{"host": "127.0.0.1:63279", "component": "matching-engine", "wf-task-queue-name": "rrentVersion_Batching-564e9892_task_queue_48", "wf-task-queue-type": "Workflow", "wf-namespace": "namespace-ec265ab4-426c-4316-a4b3-47fc66311932", "worker-build-id": "_unversioned_", "lifecycle": "Started", "cause": "UserData", "logging-call-at": "/Users/shivamsaraf/Desktop/work/temporal/common/log/with_logger.go:66"}
2025-03-19T11:38:43.399-0400	info	Started physicalTaskQueueManager	{"host": "127.0.0.1:63279", "component": "matching-engine", "wf-task-queue-name": "/_sys/rrentVersion_Batching-564e9892_task_queue_6/1", "wf-task-queue-type": "Workflow", "wf-namespace": "namespace-ec265ab4-426c-4316-a4b3-47fc66311932", "worker-build-id": "_unversioned_", "lifecycle": "Started", "cause": "Force", "logging-call-at": "/Users/shivamsaraf/Desktop/work/temporal/common/log/with_logger.go:66"}
2025-03-19T11:38:43.399-0400	info	Started physicalTaskQueueManager	{"host": "127.0.0.1:63279", "component": "matching-engine", "wf-task-queue-name": "/_sys/rrentVersion_Batching-564e9892_task_queue_15/2", "wf-task-queue-type": "Workflow", "wf-namespace": "namespace-ec265ab4-426c-4316-a4b3-47fc66311932", "worker-build-id": "_unversioned_", "lifecycle": "Started", "cause": "Force", "logging-call-at": "/Users/shivamsaraf/Desktop/work/temporal/common/log/with_logger.go:66"}
2025-03-19T11:38:43.399-0400	info	Started physicalTaskQueueManager	{"host": "127.0.0.1:63279", "component": "matching-engine", "wf-task-queue-name": "/_sys/rrentVersion_Batching-564e9892_task_queue_3/3", "wf-task-queue-type": "Workflow", "wf-namespace": "namespace-ec265ab4-426c-4316-a4b3-47fc66311932", "worker-build-id": "_unversioned_", "lifecycle": "Started", "cause": "Force", "logging-call-at": "/Users/shivamsaraf/Desktop/work/temporal/common/log/with_logger.go:66"}
2025-03-19T11:38:43.399-0400	info	Started physicalTaskQueueManager	{"host": "127.0.0.1:63279", "component": "matching-engine", "wf-task-queue-name": "rrentVersion_Batching-564e9892_task_queue_19", "wf-task-queue-type": "Workflow", "wf-namespace": "namespace-ec265ab4-426c-4316-a4b3-47fc66311932", "worker-build-id": "_unversioned_", "lifecycle": "Started", "cause": "UserData", "logging-call-at": "/Users/shivamsaraf/Desktop/work/temporal/common/log/with_logger.go:66"}
2025-03-19T11:38:43.399-0400	info	loaded user data from db	{"host": "127.0.0.1:63279", "component": "matching-engine", "wf-task-queue-name": "rrentVersion_Batching-564e9892_task_queue_22", "wf-task-queue-type": "Workflow", "wf-namespace": "namespace-ec265ab4-426c-4316-a4b3-47fc66311932", "user-data-version": 0, "timestamp": "1970-01-01T00:00:00.000Z", "logging-call-at": "/Users/shivamsaraf/Desktop/work/temporal/common/log/with_logger.go:66"}
2025-03-19T11:38:43.399-0400	info	Started physicalTaskQueueManager	{"host": "127.0.0.1:63279", "component": "matching-engine", "wf-task-queue-name": "/_sys/rrentVersion_Batching-564e9892_task_queue_33/1", "wf-task-queue-type": "Workflow", "wf-namespace": "namespace-ec265ab4-426c-4316-a4b3-47fc66311932", "worker-build-id": "_unversioned_", "lifecycle": "Started", "cause": "Force", "logging-call-at": "/Users/shivamsaraf/Desktop/work/temporal/common/log/with_logger.go:66"}
2025-03-19T11:38:43.399-0400	info	Started physicalTaskQueueManager	{"host": "127.0.0.1:63279", "component": "matching-engine", "wf-task-queue-name": "rrentVersion_Batching-564e9892_task_queue_13", "wf-task-queue-type": "Workflow", "wf-namespace": "namespace-ec265ab4-426c-4316-a4b3-47fc66311932", "worker-build-id": "_unversioned_", "lifecycle": "Started", "cause": "UserData", "logging-call-at": "/Users/shivamsaraf/Desktop/work/temporal/common/log/with_logger.go:66"}
2025-03-19T11:38:43.400-0400	info	Started physicalTaskQueueManager	{"host": "127.0.0.1:63279", "component": "matching-engine", "wf-task-queue-name": "rrentVersion_Batching-564e9892_task_queue_16", "wf-task-queue-type": "Workflow", "wf-namespace": "namespace-ec265ab4-426c-4316-a4b3-47fc66311932", "worker-build-id": "_unversioned_", "lifecycle": "Started", "cause": "UserData", "logging-call-at": "/Users/shivamsaraf/Desktop/work/temporal/common/log/with_logger.go:66"}
2025-03-19T11:38:43.400-0400	info	Started physicalTaskQueueManager	{"host": "127.0.0.1:63279", "component": "matching-engine", "wf-task-queue-name": "/_sys/rrentVersion_Batching-564e9892_task_queue_33/2", "wf-task-queue-type": "Workflow", "wf-namespace": "namespace-ec265ab4-426c-4316-a4b3-47fc66311932", "worker-build-id": "_unversioned_", "lifecycle": "Started", "cause": "Force", "logging-call-at": "/Users/shivamsaraf/Desktop/work/temporal/common/log/with_logger.go:66"}
2025-03-19T11:38:43.400-0400	info	Started physicalTaskQueueManager	{"host": "127.0.0.1:63279", "component": "matching-engine", "wf-task-queue-name": "rrentVersion_Batching-564e9892_task_queue_1", "wf-task-queue-type": "Workflow", "wf-namespace": "namespace-ec265ab4-426c-4316-a4b3-47fc66311932", "worker-build-id": "_unversioned_", "lifecycle": "Started", "cause": "UserData", "logging-call-at": "/Users/shivamsaraf/Desktop/work/temporal/common/log/with_logger.go:66"}
2025-03-19T11:38:43.400-0400	info	Started physicalTaskQueueManager	{"host": "127.0.0.1:63279", "component": "matching-engine", "wf-task-queue-name": "/_sys/rrentVersion_Batching-564e9892_task_queue_25/2", "wf-task-queue-type": "Workflow", "wf-namespace": "namespace-ec265ab4-426c-4316-a4b3-47fc66311932", "worker-build-id": "_unversioned_", "lifecycle": "Started", "cause": "Force", "logging-call-at": "/Users/shivamsaraf/Desktop/work/temporal/common/log/with_logger.go:66"}
2025-03-19T11:38:43.400-0400	info	Started physicalTaskQueueManager	{"host": "127.0.0.1:63279", "component": "matching-engine", "wf-task-queue-name": "rrentVersion_Batching-564e9892_task_queue_36", "wf-task-queue-type": "Workflow", "wf-namespace": "namespace-ec265ab4-426c-4316-a4b3-47fc66311932", "worker-build-id": "_unversioned_", "lifecycle": "Started", "cause": "UserData", "logging-call-at": "/Users/shivamsaraf/Desktop/work/temporal/common/log/with_logger.go:66"}
2025-03-19T11:38:43.400-0400	info	Started physicalTaskQueueManager	{"host": "127.0.0.1:63279", "component": "matching-engine", "wf-task-queue-name": "rrentVersion_Batching-564e9892_task_queue_29", "wf-task-queue-type": "Workflow", "wf-namespace": "namespace-ec265ab4-426c-4316-a4b3-47fc66311932", "worker-build-id": "_unversioned_", "lifecycle": "Started", "cause": "UserData", "logging-call-at": "/Users/shivamsaraf/Desktop/work/temporal/common/log/with_logger.go:66"}
2025-03-19T11:38:43.400-0400	info	Started physicalTaskQueueManager	{"host": "127.0.0.1:63279", "component": "matching-engine", "wf-task-queue-name": "/_sys/rrentVersion_Batching-564e9892_task_queue_7/1", "wf-task-queue-type": "Workflow", "wf-namespace": "namespace-ec265ab4-426c-4316-a4b3-47fc66311932", "worker-build-id": "_unversioned_", "lifecycle": "Started", "cause": "Force", "logging-call-at": "/Users/shivamsaraf/Desktop/work/temporal/common/log/with_logger.go:66"}
2025-03-19T11:38:43.400-0400	info	Started physicalTaskQueueManager	{"host": "127.0.0.1:63279", "component": "matching-engine", "wf-task-queue-name": "rrentVersion_Batching-564e9892_task_queue_24", "wf-task-queue-type": "Workflow", "wf-namespace": "namespace-ec265ab4-426c-4316-a4b3-47fc66311932", "worker-build-id": "_unversioned_", "lifecycle": "Started", "cause": "UserData", "logging-call-at": "/Users/shivamsaraf/Desktop/work/temporal/common/log/with_logger.go:66"}
2025-03-19T11:38:43.400-0400	info	Started physicalTaskQueueManager	{"host": "127.0.0.1:63279", "component": "matching-engine", "wf-task-queue-name": "/_sys/rrentVersion_Batching-564e9892_task_queue_5/1", "wf-task-queue-type": "Workflow", "wf-namespace": "namespace-ec265ab4-426c-4316-a4b3-47fc66311932", "worker-build-id": "_unversioned_", "lifecycle": "Started", "cause": "Force", "logging-call-at": "/Users/shivamsaraf/Desktop/work/temporal/common/log/with_logger.go:66"}
2025-03-19T11:38:43.400-0400	info	Started physicalTaskQueueManager	{"host": "127.0.0.1:63279", "component": "matching-engine", "wf-task-queue-name": "/_sys/rrentVersion_Batching-564e9892_task_queue_7/2", "wf-task-queue-type": "Workflow", "wf-namespace": "namespace-ec265ab4-426c-4316-a4b3-47fc66311932", "worker-build-id": "_unversioned_", "lifecycle": "Started", "cause": "Force", "logging-call-at": "/Users/shivamsaraf/Desktop/work/temporal/common/log/with_logger.go:66"}
2025-03-19T11:38:43.400-0400	info	Started physicalTaskQueueManager	{"host": "127.0.0.1:63279", "component": "matching-engine", "wf-task-queue-name": "rrentVersion_Batching-564e9892_task_queue_47", "wf-task-queue-type": "Workflow", "wf-namespace": "namespace-ec265ab4-426c-4316-a4b3-47fc66311932", "worker-build-id": "_unversioned_", "lifecycle": "Started", "cause": "UserData", "logging-call-at": "/Users/shivamsaraf/Desktop/work/temporal/common/log/with_logger.go:66"}
2025-03-19T11:38:43.400-0400	info	Started physicalTaskQueueManager	{"host": "127.0.0.1:63279", "component": "matching-engine", "wf-task-queue-name": "/_sys/rrentVersion_Batching-564e9892_task_queue_7/3", "wf-task-queue-type": "Workflow", "wf-namespace": "namespace-ec265ab4-426c-4316-a4b3-47fc66311932", "worker-build-id": "_unversioned_", "lifecycle": "Started", "cause": "Force", "logging-call-at": "/Users/shivamsaraf/Desktop/work/temporal/common/log/with_logger.go:66"}
2025-03-19T11:38:43.401-0400	info	Started physicalTaskQueueManager	{"host": "127.0.0.1:63279", "component": "matching-engine", "wf-task-queue-name": "rrentVersion_Batching-564e9892_task_queue_39", "wf-task-queue-type": "Workflow", "wf-namespace": "namespace-ec265ab4-426c-4316-a4b3-47fc66311932", "worker-build-id": "_unversioned_", "lifecycle": "Started", "cause": "UserData", "logging-call-at": "/Users/shivamsaraf/Desktop/work/temporal/common/log/with_logger.go:66"}
2025-03-19T11:38:43.401-0400	info	Started physicalTaskQueueManager	{"host": "127.0.0.1:63279", "component": "matching-engine", "wf-task-queue-name": "/_sys/rrentVersion_Batching-564e9892_task_queue_49/3", "wf-task-queue-type": "Workflow", "wf-namespace": "namespace-ec265ab4-426c-4316-a4b3-47fc66311932", "worker-build-id": "_unversioned_", "lifecycle": "Started", "cause": "Force", "logging-call-at": "/Users/shivamsaraf/Desktop/work/temporal/common/log/with_logger.go:66"}
2025-03-19T11:38:43.401-0400	info	Started physicalTaskQueueManager	{"host": "127.0.0.1:63279", "component": "matching-engine", "wf-task-queue-name": "/_sys/rrentVersion_Batching-564e9892_task_queue_5/3", "wf-task-queue-type": "Workflow", "wf-namespace": "namespace-ec265ab4-426c-4316-a4b3-47fc66311932", "worker-build-id": "_unversioned_", "lifecycle": "Started", "cause": "Force", "logging-call-at": "/Users/shivamsaraf/Desktop/work/temporal/common/log/with_logger.go:66"}
2025-03-19T11:38:43.401-0400	info	Started physicalTaskQueueManager	{"host": "127.0.0.1:63279", "component": "matching-engine", "wf-task-queue-name": "/_sys/rrentVersion_Batching-564e9892_task_queue_43/2", "wf-task-queue-type": "Workflow", "wf-namespace": "namespace-ec265ab4-426c-4316-a4b3-47fc66311932", "worker-build-id": "_unversioned_", "lifecycle": "Started", "cause": "Force", "logging-call-at": "/Users/shivamsaraf/Desktop/work/temporal/common/log/with_logger.go:66"}
2025-03-19T11:38:43.401-0400	info	Started physicalTaskQueueManager	{"host": "127.0.0.1:63279", "component": "matching-engine", "wf-task-queue-name": "/_sys/rrentVersion_Batching-564e9892_task_queue_43/3", "wf-task-queue-type": "Workflow", "wf-namespace": "namespace-ec265ab4-426c-4316-a4b3-47fc66311932", "worker-build-id": "_unversioned_", "lifecycle": "Started", "cause": "Force", "logging-call-at": "/Users/shivamsaraf/Desktop/work/temporal/common/log/with_logger.go:66"}
2025-03-19T11:38:43.401-0400	info	Started physicalTaskQueueManager	{"host": "127.0.0.1:63279", "component": "matching-engine", "wf-task-queue-name": "/_sys/rrentVersion_Batching-564e9892_task_queue_5/2", "wf-task-queue-type": "Workflow", "wf-namespace": "namespace-ec265ab4-426c-4316-a4b3-47fc66311932", "worker-build-id": "_unversioned_", "lifecycle": "Started", "cause": "Force", "logging-call-at": "/Users/shivamsaraf/Desktop/work/temporal/common/log/with_logger.go:66"}
2025-03-19T11:38:43.401-0400	info	Started physicalTaskQueueManager	{"host": "127.0.0.1:63279", "component": "matching-engine", "wf-task-queue-name": "/_sys/rrentVersion_Batching-564e9892_task_queue_49/1", "wf-task-queue-type": "Workflow", "wf-namespace": "namespace-ec265ab4-426c-4316-a4b3-47fc66311932", "worker-build-id": "_unversioned_", "lifecycle": "Started", "cause": "Force", "logging-call-at": "/Users/shivamsaraf/Desktop/work/temporal/common/log/with_logger.go:66"}
2025-03-19T11:38:43.401-0400	info	Started physicalTaskQueueManager	{"host": "127.0.0.1:63279", "component": "matching-engine", "wf-task-queue-name": "rrentVersion_Batching-564e9892_task_queue_26", "wf-task-queue-type": "Workflow", "wf-namespace": "namespace-ec265ab4-426c-4316-a4b3-47fc66311932", "worker-build-id": "_unversioned_", "lifecycle": "Started", "cause": "UserData", "logging-call-at": "/Users/shivamsaraf/Desktop/work/temporal/common/log/with_logger.go:66"}
2025-03-19T11:38:43.401-0400	info	Started physicalTaskQueueManager	{"host": "127.0.0.1:63279", "component": "matching-engine", "wf-task-queue-name": "/_sys/rrentVersion_Batching-564e9892_task_queue_23/2", "wf-task-queue-type": "Workflow", "wf-namespace": "namespace-ec265ab4-426c-4316-a4b3-47fc66311932", "worker-build-id": "_unversioned_", "lifecycle": "Started", "cause": "Force", "logging-call-at": "/Users/shivamsaraf/Desktop/work/temporal/common/log/with_logger.go:66"}
2025-03-19T11:38:43.401-0400	info	Started physicalTaskQueueManager	{"host": "127.0.0.1:63279", "component": "matching-engine", "wf-task-queue-name": "/_sys/rrentVersion_Batching-564e9892_task_queue_3/2", "wf-task-queue-type": "Workflow", "wf-namespace": "namespace-ec265ab4-426c-4316-a4b3-47fc66311932", "worker-build-id": "_unversioned_", "lifecycle": "Started", "cause": "Force", "logging-call-at": "/Users/shivamsaraf/Desktop/work/temporal/common/log/with_logger.go:66"}
2025-03-19T11:38:43.401-0400	info	Started physicalTaskQueueManager	{"host": "127.0.0.1:63279", "component": "matching-engine", "wf-task-queue-name": "/_sys/rrentVersion_Batching-564e9892_task_queue_23/3", "wf-task-queue-type": "Workflow", "wf-namespace": "namespace-ec265ab4-426c-4316-a4b3-47fc66311932", "worker-build-id": "_unversioned_", "lifecycle": "Started", "cause": "Force", "logging-call-at": "/Users/shivamsaraf/Desktop/work/temporal/common/log/with_logger.go:66"}
2025-03-19T11:38:43.402-0400	info	Started physicalTaskQueueManager	{"host": "127.0.0.1:63279", "component": "matching-engine", "wf-task-queue-name": "/_sys/rrentVersion_Batching-564e9892_task_queue_8/3", "wf-task-queue-type": "Workflow", "wf-namespace": "namespace-ec265ab4-426c-4316-a4b3-47fc66311932", "worker-build-id": "_unversioned_", "lifecycle": "Started", "cause": "Force", "logging-call-at": "/Users/shivamsaraf/Desktop/work/temporal/common/log/with_logger.go:66"}
2025-03-19T11:38:43.402-0400	info	Started physicalTaskQueueManager	{"host": "127.0.0.1:63279", "component": "matching-engine", "wf-task-queue-name": "/_sys/rrentVersion_Batching-564e9892_task_queue_42/2", "wf-task-queue-type": "Workflow", "wf-namespace": "namespace-ec265ab4-426c-4316-a4b3-47fc66311932", "worker-build-id": "_unversioned_", "lifecycle": "Started", "cause": "Force", "logging-call-at": "/Users/shivamsaraf/Desktop/work/temporal/common/log/with_logger.go:66"}
2025-03-19T11:38:43.402-0400	info	Started physicalTaskQueueManager	{"host": "127.0.0.1:63279", "component": "matching-engine", "wf-task-queue-name": "/_sys/rrentVersion_Batching-564e9892_task_queue_42/1", "wf-task-queue-type": "Workflow", "wf-namespace": "namespace-ec265ab4-426c-4316-a4b3-47fc66311932", "worker-build-id": "_unversioned_", "lifecycle": "Started", "cause": "Force", "logging-call-at": "/Users/shivamsaraf/Desktop/work/temporal/common/log/with_logger.go:66"}
2025-03-19T11:38:43.402-0400	info	loaded user data from db	{"host": "127.0.0.1:63279", "component": "matching-engine", "wf-task-queue-name": "rrentVersion_Batching-564e9892_task_queue_26", "wf-task-queue-type": "Workflow", "wf-namespace": "namespace-ec265ab4-426c-4316-a4b3-47fc66311932", "user-data-version": 0, "timestamp": "1970-01-01T00:00:00.000Z", "logging-call-at": "/Users/shivamsaraf/Desktop/work/temporal/common/log/with_logger.go:66"}
2025-03-19T11:38:43.402-0400	info	Started physicalTaskQueueManager	{"host": "127.0.0.1:63279", "component": "matching-engine", "wf-task-queue-name": "/_sys/rrentVersion_Batching-564e9892_task_queue_37/2", "wf-task-queue-type": "Workflow", "wf-namespace": "namespace-ec265ab4-426c-4316-a4b3-47fc66311932", "worker-build-id": "_unversioned_", "lifecycle": "Started", "cause": "Force", "logging-call-at": "/Users/shivamsaraf/Desktop/work/temporal/common/log/with_logger.go:66"}
2025-03-19T11:38:43.402-0400	info	Started physicalTaskQueueManager	{"host": "127.0.0.1:63279", "component": "matching-engine", "wf-task-queue-name": "/_sys/rrentVersion_Batching-564e9892_task_queue_42/3", "wf-task-queue-type": "Workflow", "wf-namespace": "namespace-ec265ab4-426c-4316-a4b3-47fc66311932", "worker-build-id": "_unversioned_", "lifecycle": "Started", "cause": "Force", "logging-call-at": "/Users/shivamsaraf/Desktop/work/temporal/common/log/with_logger.go:66"}
2025-03-19T11:38:43.402-0400	info	Started physicalTaskQueueManager	{"host": "127.0.0.1:63279", "component": "matching-engine", "wf-task-queue-name": "/_sys/rrentVersion_Batching-564e9892_task_queue_8/2", "wf-task-queue-type": "Workflow", "wf-namespace": "namespace-ec265ab4-426c-4316-a4b3-47fc66311932", "worker-build-id": "_unversioned_", "lifecycle": "Started", "cause": "Force", "logging-call-at": "/Users/shivamsaraf/Desktop/work/temporal/common/log/with_logger.go:66"}
2025-03-19T11:38:43.402-0400	info	Started physicalTaskQueueManager	{"host": "127.0.0.1:63279", "component": "matching-engine", "wf-task-queue-name": "/_sys/rrentVersion_Batching-564e9892_task_queue_28/2", "wf-task-queue-type": "Workflow", "wf-namespace": "namespace-ec265ab4-426c-4316-a4b3-47fc66311932", "worker-build-id": "_unversioned_", "lifecycle": "Started", "cause": "Force", "logging-call-at": "/Users/shivamsaraf/Desktop/work/temporal/common/log/with_logger.go:66"}
2025-03-19T11:38:43.402-0400	info	Started physicalTaskQueueManager	{"host": "127.0.0.1:63279", "component": "matching-engine", "wf-task-queue-name": "/_sys/rrentVersion_Batching-564e9892_task_queue_0/3", "wf-task-queue-type": "Workflow", "wf-namespace": "namespace-ec265ab4-426c-4316-a4b3-47fc66311932", "worker-build-id": "_unversioned_", "lifecycle": "Started", "cause": "Force", "logging-call-at": "/Users/shivamsaraf/Desktop/work/temporal/common/log/with_logger.go:66"}
2025-03-19T11:38:43.402-0400	debug	returning empty user data (no data)	{"host": "127.0.0.1:63279", "component": "matching-engine", "wf-task-queue-name": "rrentVersion_Batching-564e9892_task_queue_14", "wf-task-queue-type": "Workflow", "wf-namespace": "namespace-ec265ab4-426c-4316-a4b3-47fc66311932", "long-poll": false, "logging-call-at": "/Users/shivamsaraf/Desktop/work/temporal/common/log/with_logger.go:61"}
2025-03-19T11:38:43.402-0400	info	loaded user data from db	{"host": "127.0.0.1:63279", "component": "matching-engine", "wf-task-queue-name": "rrentVersion_Batching-564e9892_task_queue_7", "wf-task-queue-type": "Workflow", "wf-namespace": "namespace-ec265ab4-426c-4316-a4b3-47fc66311932", "user-data-version": 0, "timestamp": "1970-01-01T00:00:00.000Z", "logging-call-at": "/Users/shivamsaraf/Desktop/work/temporal/common/log/with_logger.go:66"}
2025-03-19T11:38:43.402-0400	info	Started physicalTaskQueueManager	{"host": "127.0.0.1:63279", "component": "matching-engine", "wf-task-queue-name": "/_sys/rrentVersion_Batching-564e9892_task_queue_28/1", "wf-task-queue-type": "Workflow", "wf-namespace": "namespace-ec265ab4-426c-4316-a4b3-47fc66311932", "worker-build-id": "_unversioned_", "lifecycle": "Started", "cause": "Force", "logging-call-at": "/Users/shivamsaraf/Desktop/work/temporal/common/log/with_logger.go:66"}
2025-03-19T11:38:43.402-0400	info	Started physicalTaskQueueManager	{"host": "127.0.0.1:63279", "component": "matching-engine", "wf-task-queue-name": "/_sys/rrentVersion_Batching-564e9892_task_queue_8/1", "wf-task-queue-type": "Workflow", "wf-namespace": "namespace-ec265ab4-426c-4316-a4b3-47fc66311932", "worker-build-id": "_unversioned_", "lifecycle": "Started", "cause": "Force", "logging-call-at": "/Users/shivamsaraf/Desktop/work/temporal/common/log/with_logger.go:66"}
2025-03-19T11:38:43.402-0400	debug	fetched user data from parent, no change	{"host": "127.0.0.1:63279", "component": "matching-engine", "wf-task-queue-name": "/_sys/rrentVersion_Batching-564e9892_task_queue_14/3", "wf-task-queue-type": "Workflow", "wf-namespace": "namespace-ec265ab4-426c-4316-a4b3-47fc66311932", "logging-call-at": "/Users/shivamsaraf/Desktop/work/temporal/common/log/with_logger.go:61"}
2025-03-19T11:38:43.402-0400	info	Started physicalTaskQueueManager	{"host": "127.0.0.1:63279", "component": "matching-engine", "wf-task-queue-name": "/_sys/rrentVersion_Batching-564e9892_task_queue_17/3", "wf-task-queue-type": "Workflow", "wf-namespace": "namespace-ec265ab4-426c-4316-a4b3-47fc66311932", "worker-build-id": "_unversioned_", "lifecycle": "Started", "cause": "Force", "logging-call-at": "/Users/shivamsaraf/Desktop/work/temporal/common/log/with_logger.go:66"}
2025-03-19T11:38:43.403-0400	info	Started physicalTaskQueueManager	{"host": "127.0.0.1:63279", "component": "matching-engine", "wf-task-queue-name": "/_sys/rrentVersion_Batching-564e9892_task_queue_0/2", "wf-task-queue-type": "Workflow", "wf-namespace": "namespace-ec265ab4-426c-4316-a4b3-47fc66311932", "worker-build-id": "_unversioned_", "lifecycle": "Started", "cause": "Force", "logging-call-at": "/Users/shivamsaraf/Desktop/work/temporal/common/log/with_logger.go:66"}
2025-03-19T11:38:43.403-0400	info	Started physicalTaskQueueManager	{"host": "127.0.0.1:63279", "component": "matching-engine", "wf-task-queue-name": "rrentVersion_Batching-564e9892_task_queue_11", "wf-task-queue-type": "Workflow", "wf-namespace": "namespace-ec265ab4-426c-4316-a4b3-47fc66311932", "worker-build-id": "_unversioned_", "lifecycle": "Started", "cause": "UserData", "logging-call-at": "/Users/shivamsaraf/Desktop/work/temporal/common/log/with_logger.go:66"}
2025-03-19T11:38:43.403-0400	info	Started physicalTaskQueueManager	{"host": "127.0.0.1:63279", "component": "matching-engine", "wf-task-queue-name": "/_sys/rrentVersion_Batching-564e9892_task_queue_17/2", "wf-task-queue-type": "Workflow", "wf-namespace": "namespace-ec265ab4-426c-4316-a4b3-47fc66311932", "worker-build-id": "_unversioned_", "lifecycle": "Started", "cause": "Force", "logging-call-at": "/Users/shivamsaraf/Desktop/work/temporal/common/log/with_logger.go:66"}
2025-03-19T11:38:43.403-0400	info	Started physicalTaskQueueManager	{"host": "127.0.0.1:63279", "component": "matching-engine", "wf-task-queue-name": "/_sys/rrentVersion_Batching-564e9892_task_queue_0/1", "wf-task-queue-type": "Workflow", "wf-namespace": "namespace-ec265ab4-426c-4316-a4b3-47fc66311932", "worker-build-id": "_unversioned_", "lifecycle": "Started", "cause": "Force", "logging-call-at": "/Users/shivamsaraf/Desktop/work/temporal/common/log/with_logger.go:66"}
2025-03-19T11:38:43.403-0400	info	Started physicalTaskQueueManager	{"host": "127.0.0.1:63279", "component": "matching-engine", "wf-task-queue-name": "/_sys/rrentVersion_Batching-564e9892_task_queue_31/1", "wf-task-queue-type": "Workflow", "wf-namespace": "namespace-ec265ab4-426c-4316-a4b3-47fc66311932", "worker-build-id": "_unversioned_", "lifecycle": "Started", "cause": "Force", "logging-call-at": "/Users/shivamsaraf/Desktop/work/temporal/common/log/with_logger.go:66"}
2025-03-19T11:38:43.403-0400	info	Started physicalTaskQueueManager	{"host": "127.0.0.1:63279", "component": "matching-engine", "wf-task-queue-name": "/_sys/rrentVersion_Batching-564e9892_task_queue_31/3", "wf-task-queue-type": "Workflow", "wf-namespace": "namespace-ec265ab4-426c-4316-a4b3-47fc66311932", "worker-build-id": "_unversioned_", "lifecycle": "Started", "cause": "Force", "logging-call-at": "/Users/shivamsaraf/Desktop/work/temporal/common/log/with_logger.go:66"}
2025-03-19T11:38:43.403-0400	info	Started physicalTaskQueueManager	{"host": "127.0.0.1:63279", "component": "matching-engine", "wf-task-queue-name": "/_sys/rrentVersion_Batching-564e9892_task_queue_37/3", "wf-task-queue-type": "Workflow", "wf-namespace": "namespace-ec265ab4-426c-4316-a4b3-47fc66311932", "worker-build-id": "_unversioned_", "lifecycle": "Started", "cause": "Force", "logging-call-at": "/Users/shivamsaraf/Desktop/work/temporal/common/log/with_logger.go:66"}
2025-03-19T11:38:43.403-0400	info	Started physicalTaskQueueManager	{"host": "127.0.0.1:63279", "component": "matching-engine", "wf-task-queue-name": "/_sys/rrentVersion_Batching-564e9892_task_queue_35/1", "wf-task-queue-type": "Workflow", "wf-namespace": "namespace-ec265ab4-426c-4316-a4b3-47fc66311932", "worker-build-id": "_unversioned_", "lifecycle": "Started", "cause": "Force", "logging-call-at": "/Users/shivamsaraf/Desktop/work/temporal/common/log/with_logger.go:66"}
2025-03-19T11:38:43.403-0400	info	Started physicalTaskQueueManager	{"host": "127.0.0.1:63279", "component": "matching-engine", "wf-task-queue-name": "/_sys/rrentVersion_Batching-564e9892_task_queue_35/3", "wf-task-queue-type": "Workflow", "wf-namespace": "namespace-ec265ab4-426c-4316-a4b3-47fc66311932", "worker-build-id": "_unversioned_", "lifecycle": "Started", "cause": "Force", "logging-call-at": "/Users/shivamsaraf/Desktop/work/temporal/common/log/with_logger.go:66"}
2025-03-19T11:38:43.403-0400	info	Started physicalTaskQueueManager	{"host": "127.0.0.1:63279", "component": "matching-engine", "wf-task-queue-name": "/_sys/rrentVersion_Batching-564e9892_task_queue_48/1", "wf-task-queue-type": "Workflow", "wf-namespace": "namespace-ec265ab4-426c-4316-a4b3-47fc66311932", "worker-build-id": "_unversioned_", "lifecycle": "Started", "cause": "Force", "logging-call-at": "/Users/shivamsaraf/Desktop/work/temporal/common/log/with_logger.go:66"}
2025-03-19T11:38:43.404-0400	info	Started physicalTaskQueueManager	{"host": "127.0.0.1:63279", "component": "matching-engine", "wf-task-queue-name": "/_sys/rrentVersion_Batching-564e9892_task_queue_10/1", "wf-task-queue-type": "Workflow", "wf-namespace": "namespace-ec265ab4-426c-4316-a4b3-47fc66311932", "worker-build-id": "_unversioned_", "lifecycle": "Started", "cause": "Force", "logging-call-at": "/Users/shivamsaraf/Desktop/work/temporal/common/log/with_logger.go:66"}
2025-03-19T11:38:43.404-0400	info	Started physicalTaskQueueManager	{"host": "127.0.0.1:63279", "component": "matching-engine", "wf-task-queue-name": "/_sys/rrentVersion_Batching-564e9892_task_queue_19/2", "wf-task-queue-type": "Workflow", "wf-namespace": "namespace-ec265ab4-426c-4316-a4b3-47fc66311932", "worker-build-id": "_unversioned_", "lifecycle": "Started", "cause": "Force", "logging-call-at": "/Users/shivamsaraf/Desktop/work/temporal/common/log/with_logger.go:66"}
2025-03-19T11:38:43.404-0400	info	Started physicalTaskQueueManager	{"host": "127.0.0.1:63279", "component": "matching-engine", "wf-task-queue-name": "/_sys/rrentVersion_Batching-564e9892_task_queue_48/2", "wf-task-queue-type": "Workflow", "wf-namespace": "namespace-ec265ab4-426c-4316-a4b3-47fc66311932", "worker-build-id": "_unversioned_", "lifecycle": "Started", "cause": "Force", "logging-call-at": "/Users/shivamsaraf/Desktop/work/temporal/common/log/with_logger.go:66"}
2025-03-19T11:38:43.404-0400	info	Started physicalTaskQueueManager	{"host": "127.0.0.1:63279", "component": "matching-engine", "wf-task-queue-name": "/_sys/rrentVersion_Batching-564e9892_task_queue_10/3", "wf-task-queue-type": "Workflow", "wf-namespace": "namespace-ec265ab4-426c-4316-a4b3-47fc66311932", "worker-build-id": "_unversioned_", "lifecycle": "Started", "cause": "Force", "logging-call-at": "/Users/shivamsaraf/Desktop/work/temporal/common/log/with_logger.go:66"}
2025-03-19T11:38:43.404-0400	info	Started physicalTaskQueueManager	{"host": "127.0.0.1:63279", "component": "matching-engine", "wf-task-queue-name": "/_sys/rrentVersion_Batching-564e9892_task_queue_16/3", "wf-task-queue-type": "Workflow", "wf-namespace": "namespace-ec265ab4-426c-4316-a4b3-47fc66311932", "worker-build-id": "_unversioned_", "lifecycle": "Started", "cause": "Force", "logging-call-at": "/Users/shivamsaraf/Desktop/work/temporal/common/log/with_logger.go:66"}
2025-03-19T11:38:43.404-0400	info	Started physicalTaskQueueManager	{"host": "127.0.0.1:63279", "component": "matching-engine", "wf-task-queue-name": "/_sys/rrentVersion_Batching-564e9892_task_queue_13/2", "wf-task-queue-type": "Workflow", "wf-namespace": "namespace-ec265ab4-426c-4316-a4b3-47fc66311932", "worker-build-id": "_unversioned_", "lifecycle": "Started", "cause": "Force", "logging-call-at": "/Users/shivamsaraf/Desktop/work/temporal/common/log/with_logger.go:66"}
2025-03-19T11:38:43.404-0400	info	Started physicalTaskQueueManager	{"host": "127.0.0.1:63279", "component": "matching-engine", "wf-task-queue-name": "/_sys/rrentVersion_Batching-564e9892_task_queue_1/3", "wf-task-queue-type": "Workflow", "wf-namespace": "namespace-ec265ab4-426c-4316-a4b3-47fc66311932", "worker-build-id": "_unversioned_", "lifecycle": "Started", "cause": "Force", "logging-call-at": "/Users/shivamsaraf/Desktop/work/temporal/common/log/with_logger.go:66"}
2025-03-19T11:38:43.404-0400	info	Started physicalTaskQueueManager	{"host": "127.0.0.1:63279", "component": "matching-engine", "wf-task-queue-name": "/_sys/rrentVersion_Batching-564e9892_task_queue_36/3", "wf-task-queue-type": "Workflow", "wf-namespace": "namespace-ec265ab4-426c-4316-a4b3-47fc66311932", "worker-build-id": "_unversioned_", "lifecycle": "Started", "cause": "Force", "logging-call-at": "/Users/shivamsaraf/Desktop/work/temporal/common/log/with_logger.go:66"}
2025-03-19T11:38:43.405-0400	info	Started physicalTaskQueueManager	{"host": "127.0.0.1:63279", "component": "matching-engine", "wf-task-queue-name": "/_sys/rrentVersion_Batching-564e9892_task_queue_19/3", "wf-task-queue-type": "Workflow", "wf-namespace": "namespace-ec265ab4-426c-4316-a4b3-47fc66311932", "worker-build-id": "_unversioned_", "lifecycle": "Started", "cause": "Force", "logging-call-at": "/Users/shivamsaraf/Desktop/work/temporal/common/log/with_logger.go:66"}
2025-03-19T11:38:43.405-0400	info	Started physicalTaskQueueManager	{"host": "127.0.0.1:63279", "component": "matching-engine", "wf-task-queue-name": "/_sys/rrentVersion_Batching-564e9892_task_queue_1/1", "wf-task-queue-type": "Workflow", "wf-namespace": "namespace-ec265ab4-426c-4316-a4b3-47fc66311932", "worker-build-id": "_unversioned_", "lifecycle": "Started", "cause": "Force", "logging-call-at": "/Users/shivamsaraf/Desktop/work/temporal/common/log/with_logger.go:66"}
2025-03-19T11:38:43.405-0400	info	Started physicalTaskQueueManager	{"host": "127.0.0.1:63279", "component": "matching-engine", "wf-task-queue-name": "/_sys/rrentVersion_Batching-564e9892_task_queue_13/1", "wf-task-queue-type": "Workflow", "wf-namespace": "namespace-ec265ab4-426c-4316-a4b3-47fc66311932", "worker-build-id": "_unversioned_", "lifecycle": "Started", "cause": "Force", "logging-call-at": "/Users/shivamsaraf/Desktop/work/temporal/common/log/with_logger.go:66"}
2025-03-19T11:38:43.405-0400	info	Started physicalTaskQueueManager	{"host": "127.0.0.1:63279", "component": "matching-engine", "wf-task-queue-name": "/_sys/rrentVersion_Batching-564e9892_task_queue_16/2", "wf-task-queue-type": "Workflow", "wf-namespace": "namespace-ec265ab4-426c-4316-a4b3-47fc66311932", "worker-build-id": "_unversioned_", "lifecycle": "Started", "cause": "Force", "logging-call-at": "/Users/shivamsaraf/Desktop/work/temporal/common/log/with_logger.go:66"}
2025-03-19T11:38:43.405-0400	info	Started physicalTaskQueueManager	{"host": "127.0.0.1:63279", "component": "matching-engine", "wf-task-queue-name": "/_sys/rrentVersion_Batching-564e9892_task_queue_29/3", "wf-task-queue-type": "Workflow", "wf-namespace": "namespace-ec265ab4-426c-4316-a4b3-47fc66311932", "worker-build-id": "_unversioned_", "lifecycle": "Started", "cause": "Force", "logging-call-at": "/Users/shivamsaraf/Desktop/work/temporal/common/log/with_logger.go:66"}
2025-03-19T11:38:43.405-0400	info	Started physicalTaskQueueManager	{"host": "127.0.0.1:63279", "component": "matching-engine", "wf-task-queue-name": "/_sys/rrentVersion_Batching-564e9892_task_queue_24/3", "wf-task-queue-type": "Workflow", "wf-namespace": "namespace-ec265ab4-426c-4316-a4b3-47fc66311932", "worker-build-id": "_unversioned_", "lifecycle": "Started", "cause": "Force", "logging-call-at": "/Users/shivamsaraf/Desktop/work/temporal/common/log/with_logger.go:66"}
2025-03-19T11:38:43.405-0400	info	Started physicalTaskQueueManager	{"host": "127.0.0.1:63279", "component": "matching-engine", "wf-task-queue-name": "/_sys/rrentVersion_Batching-564e9892_task_queue_36/2", "wf-task-queue-type": "Workflow", "wf-namespace": "namespace-ec265ab4-426c-4316-a4b3-47fc66311932", "worker-build-id": "_unversioned_", "lifecycle": "Started", "cause": "Force", "logging-call-at": "/Users/shivamsaraf/Desktop/work/temporal/common/log/with_logger.go:66"}
2025-03-19T11:38:43.405-0400	info	Started physicalTaskQueueManager	{"host": "127.0.0.1:63279", "component": "matching-engine", "wf-task-queue-name": "/_sys/rrentVersion_Batching-564e9892_task_queue_29/2", "wf-task-queue-type": "Workflow", "wf-namespace": "namespace-ec265ab4-426c-4316-a4b3-47fc66311932", "worker-build-id": "_unversioned_", "lifecycle": "Started", "cause": "Force", "logging-call-at": "/Users/shivamsaraf/Desktop/work/temporal/common/log/with_logger.go:66"}
2025-03-19T11:38:43.405-0400	info	Started physicalTaskQueueManager	{"host": "127.0.0.1:63279", "component": "matching-engine", "wf-task-queue-name": "/_sys/rrentVersion_Batching-564e9892_task_queue_24/2", "wf-task-queue-type": "Workflow", "wf-namespace": "namespace-ec265ab4-426c-4316-a4b3-47fc66311932", "worker-build-id": "_unversioned_", "lifecycle": "Started", "cause": "Force", "logging-call-at": "/Users/shivamsaraf/Desktop/work/temporal/common/log/with_logger.go:66"}
2025-03-19T11:38:43.405-0400	info	Started physicalTaskQueueManager	{"host": "127.0.0.1:63279", "component": "matching-engine", "wf-task-queue-name": "/_sys/rrentVersion_Batching-564e9892_task_queue_39/1", "wf-task-queue-type": "Workflow", "wf-namespace": "namespace-ec265ab4-426c-4316-a4b3-47fc66311932", "worker-build-id": "_unversioned_", "lifecycle": "Started", "cause": "Force", "logging-call-at": "/Users/shivamsaraf/Desktop/work/temporal/common/log/with_logger.go:66"}
2025-03-19T11:38:43.406-0400	info	Started physicalTaskQueueManager	{"host": "127.0.0.1:63279", "component": "matching-engine", "wf-task-queue-name": "/_sys/rrentVersion_Batching-564e9892_task_queue_47/1", "wf-task-queue-type": "Workflow", "wf-namespace": "namespace-ec265ab4-426c-4316-a4b3-47fc66311932", "worker-build-id": "_unversioned_", "lifecycle": "Started", "cause": "Force", "logging-call-at": "/Users/shivamsaraf/Desktop/work/temporal/common/log/with_logger.go:66"}
2025-03-19T11:38:43.406-0400	info	Started physicalTaskQueueManager	{"host": "127.0.0.1:63279", "component": "matching-engine", "wf-task-queue-name": "/_sys/rrentVersion_Batching-564e9892_task_queue_47/2", "wf-task-queue-type": "Workflow", "wf-namespace": "namespace-ec265ab4-426c-4316-a4b3-47fc66311932", "worker-build-id": "_unversioned_", "lifecycle": "Started", "cause": "Force", "logging-call-at": "/Users/shivamsaraf/Desktop/work/temporal/common/log/with_logger.go:66"}
2025-03-19T11:38:43.406-0400	info	Started physicalTaskQueueManager	{"host": "127.0.0.1:63279", "component": "matching-engine", "wf-task-queue-name": "/_sys/rrentVersion_Batching-564e9892_task_queue_39/3", "wf-task-queue-type": "Workflow", "wf-namespace": "namespace-ec265ab4-426c-4316-a4b3-47fc66311932", "worker-build-id": "_unversioned_", "lifecycle": "Started", "cause": "Force", "logging-call-at": "/Users/shivamsaraf/Desktop/work/temporal/common/log/with_logger.go:66"}
2025-03-19T11:38:43.406-0400	info	Started physicalTaskQueueManager	{"host": "127.0.0.1:63279", "component": "matching-engine", "wf-task-queue-name": "/_sys/rrentVersion_Batching-564e9892_task_queue_26/3", "wf-task-queue-type": "Workflow", "wf-namespace": "namespace-ec265ab4-426c-4316-a4b3-47fc66311932", "worker-build-id": "_unversioned_", "lifecycle": "Started", "cause": "Force", "logging-call-at": "/Users/shivamsaraf/Desktop/work/temporal/common/log/with_logger.go:66"}
2025-03-19T11:38:43.406-0400	info	Started physicalTaskQueueManager	{"host": "127.0.0.1:63279", "component": "matching-engine", "wf-task-queue-name": "/_sys/rrentVersion_Batching-564e9892_task_queue_26/1", "wf-task-queue-type": "Workflow", "wf-namespace": "namespace-ec265ab4-426c-4316-a4b3-47fc66311932", "worker-build-id": "_unversioned_", "lifecycle": "Started", "cause": "Force", "logging-call-at": "/Users/shivamsaraf/Desktop/work/temporal/common/log/with_logger.go:66"}
2025-03-19T11:38:43.406-0400	info	loaded user data from db	{"host": "127.0.0.1:63279", "component": "matching-engine", "wf-task-queue-name": "rrentVersion_Batching-564e9892_task_queue_30", "wf-task-queue-type": "Workflow", "wf-namespace": "namespace-ec265ab4-426c-4316-a4b3-47fc66311932", "user-data-version": 0, "timestamp": "1970-01-01T00:00:00.000Z", "logging-call-at": "/Users/shivamsaraf/Desktop/work/temporal/common/log/with_logger.go:66"}
2025-03-19T11:38:43.407-0400	info	Started physicalTaskQueueManager	{"host": "127.0.0.1:63279", "component": "matching-engine", "wf-task-queue-name": "/_sys/rrentVersion_Batching-564e9892_task_queue_11/1", "wf-task-queue-type": "Workflow", "wf-namespace": "namespace-ec265ab4-426c-4316-a4b3-47fc66311932", "worker-build-id": "_unversioned_", "lifecycle": "Started", "cause": "Force", "logging-call-at": "/Users/shivamsaraf/Desktop/work/temporal/common/log/with_logger.go:66"}
2025-03-19T11:38:43.407-0400	info	Started physicalTaskQueueManager	{"host": "127.0.0.1:63279", "component": "matching-engine", "wf-task-queue-name": "/_sys/rrentVersion_Batching-564e9892_task_queue_11/3", "wf-task-queue-type": "Workflow", "wf-namespace": "namespace-ec265ab4-426c-4316-a4b3-47fc66311932", "worker-build-id": "_unversioned_", "lifecycle": "Started", "cause": "Force", "logging-call-at": "/Users/shivamsaraf/Desktop/work/temporal/common/log/with_logger.go:66"}
2025-03-19T11:38:43.410-0400	info	loaded user data from db	{"host": "127.0.0.1:63279", "component": "matching-engine", "wf-task-queue-name": "rrentVersion_Batching-564e9892_task_queue_42", "wf-task-queue-type": "Workflow", "wf-namespace": "namespace-ec265ab4-426c-4316-a4b3-47fc66311932", "user-data-version": 0, "timestamp": "1970-01-01T00:00:00.000Z", "logging-call-at": "/Users/shivamsaraf/Desktop/work/temporal/common/log/with_logger.go:66"}
2025-03-19T11:38:43.410-0400	info	loaded user data from db	{"host": "127.0.0.1:63279", "component": "matching-engine", "wf-task-queue-name": "rrentVersion_Batching-564e9892_task_queue_48", "wf-task-queue-type": "Workflow", "wf-namespace": "namespace-ec265ab4-426c-4316-a4b3-47fc66311932", "user-data-version": 0, "timestamp": "1970-01-01T00:00:00.000Z", "logging-call-at": "/Users/shivamsaraf/Desktop/work/temporal/common/log/with_logger.go:66"}
2025-03-19T11:38:43.410-0400	info	loaded user data from db	{"host": "127.0.0.1:63279", "component": "matching-engine", "wf-task-queue-name": "rrentVersion_Batching-564e9892_task_queue_49", "wf-task-queue-type": "Workflow", "wf-namespace": "namespace-ec265ab4-426c-4316-a4b3-47fc66311932", "user-data-version": 0, "timestamp": "1970-01-01T00:00:00.000Z", "logging-call-at": "/Users/shivamsaraf/Desktop/work/temporal/common/log/with_logger.go:66"}
2025-03-19T11:38:43.411-0400	info	loaded user data from db	{"host": "127.0.0.1:63279", "component": "matching-engine", "wf-task-queue-name": "rrentVersion_Batching-564e9892_task_queue_19", "wf-task-queue-type": "Workflow", "wf-namespace": "namespace-ec265ab4-426c-4316-a4b3-47fc66311932", "user-data-version": 0, "timestamp": "1970-01-01T00:00:00.000Z", "logging-call-at": "/Users/shivamsaraf/Desktop/work/temporal/common/log/with_logger.go:66"}
2025-03-19T11:38:43.412-0400	info	loaded user data from db	{"host": "127.0.0.1:63279", "component": "matching-engine", "wf-task-queue-name": "rrentVersion_Batching-564e9892_task_queue_8", "wf-task-queue-type": "Workflow", "wf-namespace": "namespace-ec265ab4-426c-4316-a4b3-47fc66311932", "user-data-version": 0, "timestamp": "1970-01-01T00:00:00.000Z", "logging-call-at": "/Users/shivamsaraf/Desktop/work/temporal/common/log/with_logger.go:66"}
2025-03-19T11:38:43.414-0400	info	loaded user data from db	{"host": "127.0.0.1:63279", "component": "matching-engine", "wf-task-queue-name": "rrentVersion_Batching-564e9892_task_queue_33", "wf-task-queue-type": "Workflow", "wf-namespace": "namespace-ec265ab4-426c-4316-a4b3-47fc66311932", "user-data-version": 0, "timestamp": "1970-01-01T00:00:00.000Z", "logging-call-at": "/Users/shivamsaraf/Desktop/work/temporal/common/log/with_logger.go:66"}
2025-03-19T11:38:43.418-0400	info	loaded user data from db	{"host": "127.0.0.1:63279", "component": "matching-engine", "wf-task-queue-name": "rrentVersion_Batching-564e9892_task_queue_16", "wf-task-queue-type": "Workflow", "wf-namespace": "namespace-ec265ab4-426c-4316-a4b3-47fc66311932", "user-data-version": 0, "timestamp": "1970-01-01T00:00:00.000Z", "logging-call-at": "/Users/shivamsaraf/Desktop/work/temporal/common/log/with_logger.go:66"}
2025-03-19T11:38:43.419-0400	info	loaded user data from db	{"host": "127.0.0.1:63279", "component": "matching-engine", "wf-task-queue-name": "rrentVersion_Batching-564e9892_task_queue_9", "wf-task-queue-type": "Workflow", "wf-namespace": "namespace-ec265ab4-426c-4316-a4b3-47fc66311932", "user-data-version": 0, "timestamp": "1970-01-01T00:00:00.000Z", "logging-call-at": "/Users/shivamsaraf/Desktop/work/temporal/common/log/with_logger.go:66"}
2025-03-19T11:38:43.427-0400	info	loaded user data from db	{"host": "127.0.0.1:63279", "component": "matching-engine", "wf-task-queue-name": "rrentVersion_Batching-564e9892_task_queue_34", "wf-task-queue-type": "Workflow", "wf-namespace": "namespace-ec265ab4-426c-4316-a4b3-47fc66311932", "user-data-version": 0, "timestamp": "1970-01-01T00:00:00.000Z", "logging-call-at": "/Users/shivamsaraf/Desktop/work/temporal/common/log/with_logger.go:66"}
2025-03-19T11:38:43.432-0400	info	loaded user data from db	{"host": "127.0.0.1:63279", "component": "matching-engine", "wf-task-queue-name": "rrentVersion_Batching-564e9892_task_queue_23", "wf-task-queue-type": "Workflow", "wf-namespace": "namespace-ec265ab4-426c-4316-a4b3-47fc66311932", "user-data-version": 0, "timestamp": "1970-01-01T00:00:00.000Z", "logging-call-at": "/Users/shivamsaraf/Desktop/work/temporal/common/log/with_logger.go:66"}
2025-03-19T11:38:43.437-0400	info	loaded user data from db	{"host": "127.0.0.1:63279", "component": "matching-engine", "wf-task-queue-name": "rrentVersion_Batching-564e9892_task_queue_36", "wf-task-queue-type": "Workflow", "wf-namespace": "namespace-ec265ab4-426c-4316-a4b3-47fc66311932", "user-data-version": 0, "timestamp": "1970-01-01T00:00:00.000Z", "logging-call-at": "/Users/shivamsaraf/Desktop/work/temporal/common/log/with_logger.go:66"}
2025-03-19T11:38:43.437-0400	debug	returning empty user data (no data)	{"host": "127.0.0.1:63279", "component": "matching-engine", "wf-task-queue-name": "rrentVersion_Batching-564e9892_task_queue_36", "wf-task-queue-type": "Workflow", "wf-namespace": "namespace-ec265ab4-426c-4316-a4b3-47fc66311932", "long-poll": false, "logging-call-at": "/Users/shivamsaraf/Desktop/work/temporal/common/log/with_logger.go:61"}
2025-03-19T11:38:43.437-0400	debug	returning empty user data (no data)	{"host": "127.0.0.1:63279", "component": "matching-engine", "wf-task-queue-name": "rrentVersion_Batching-564e9892_task_queue_36", "wf-task-queue-type": "Workflow", "wf-namespace": "namespace-ec265ab4-426c-4316-a4b3-47fc66311932", "long-poll": false, "logging-call-at": "/Users/shivamsaraf/Desktop/work/temporal/common/log/with_logger.go:61"}
2025-03-19T11:38:43.437-0400	debug	returning empty user data (no data)	{"host": "127.0.0.1:63279", "component": "matching-engine", "wf-task-queue-name": "rrentVersion_Batching-564e9892_task_queue_36", "wf-task-queue-type": "Workflow", "wf-namespace": "namespace-ec265ab4-426c-4316-a4b3-47fc66311932", "long-poll": false, "logging-call-at": "/Users/shivamsaraf/Desktop/work/temporal/common/log/with_logger.go:61"}
2025-03-19T11:38:43.437-0400	debug	fetched user data from parent, no change	{"host": "127.0.0.1:63279", "component": "matching-engine", "wf-task-queue-name": "/_sys/rrentVersion_Batching-564e9892_task_queue_36/1", "wf-task-queue-type": "Workflow", "wf-namespace": "namespace-ec265ab4-426c-4316-a4b3-47fc66311932", "logging-call-at": "/Users/shivamsaraf/Desktop/work/temporal/common/log/with_logger.go:61"}
2025-03-19T11:38:43.437-0400	debug	fetched user data from parent, no change	{"host": "127.0.0.1:63279", "component": "matching-engine", "wf-task-queue-name": "/_sys/rrentVersion_Batching-564e9892_task_queue_36/3", "wf-task-queue-type": "Workflow", "wf-namespace": "namespace-ec265ab4-426c-4316-a4b3-47fc66311932", "logging-call-at": "/Users/shivamsaraf/Desktop/work/temporal/common/log/with_logger.go:61"}
2025-03-19T11:38:43.437-0400	debug	fetched user data from parent, no change	{"host": "127.0.0.1:63279", "component": "matching-engine", "wf-task-queue-name": "/_sys/rrentVersion_Batching-564e9892_task_queue_36/2", "wf-task-queue-type": "Workflow", "wf-namespace": "namespace-ec265ab4-426c-4316-a4b3-47fc66311932", "logging-call-at": "/Users/shivamsaraf/Desktop/work/temporal/common/log/with_logger.go:61"}
2025-03-19T11:38:43.439-0400	debug	returning empty user data (no data)	{"host": "127.0.0.1:63279", "component": "matching-engine", "wf-task-queue-name": "rrentVersion_Batching-564e9892_task_queue_38", "wf-task-queue-type": "Workflow", "wf-namespace": "namespace-ec265ab4-426c-4316-a4b3-47fc66311932", "long-poll": false, "logging-call-at": "/Users/shivamsaraf/Desktop/work/temporal/common/log/with_logger.go:61"}
2025-03-19T11:38:43.439-0400	debug	returning empty user data (no data)	{"host": "127.0.0.1:63279", "component": "matching-engine", "wf-task-queue-name": "rrentVersion_Batching-564e9892_task_queue_38", "wf-task-queue-type": "Workflow", "wf-namespace": "namespace-ec265ab4-426c-4316-a4b3-47fc66311932", "long-poll": false, "logging-call-at": "/Users/shivamsaraf/Desktop/work/temporal/common/log/with_logger.go:61"}
2025-03-19T11:38:43.439-0400	debug	returning empty user data (no data)	{"host": "127.0.0.1:63279", "component": "matching-engine", "wf-task-queue-name": "rrentVersion_Batching-564e9892_task_queue_38", "wf-task-queue-type": "Workflow", "wf-namespace": "namespace-ec265ab4-426c-4316-a4b3-47fc66311932", "long-poll": false, "logging-call-at": "/Users/shivamsaraf/Desktop/work/temporal/common/log/with_logger.go:61"}
2025-03-19T11:38:43.439-0400	info	Started physicalTaskQueueManager	{"host": "127.0.0.1:63279", "component": "matching-engine", "wf-task-queue-name": "rrentVersion_Batching-564e9892_task_queue_38", "wf-task-queue-type": "Workflow", "wf-namespace": "namespace-ec265ab4-426c-4316-a4b3-47fc66311932", "worker-build-id": "rrentVersion_Batching-564e9892_deployment_series/rrentVersion_Batching-564e9892_build_id", "lifecycle": "Started", "cause": "Poll", "logging-call-at": "/Users/shivamsaraf/Desktop/work/temporal/common/log/with_logger.go:66"}
2025-03-19T11:38:43.439-0400	debug	fetched user data from parent, no change	{"host": "127.0.0.1:63279", "component": "matching-engine", "wf-task-queue-name": "/_sys/rrentVersion_Batching-564e9892_task_queue_38/2", "wf-task-queue-type": "Workflow", "wf-namespace": "namespace-ec265ab4-426c-4316-a4b3-47fc66311932", "logging-call-at": "/Users/shivamsaraf/Desktop/work/temporal/common/log/with_logger.go:61"}
2025-03-19T11:38:43.439-0400	debug	fetched user data from parent, no change	{"host": "127.0.0.1:63279", "component": "matching-engine", "wf-task-queue-name": "/_sys/rrentVersion_Batching-564e9892_task_queue_38/3", "wf-task-queue-type": "Workflow", "wf-namespace": "namespace-ec265ab4-426c-4316-a4b3-47fc66311932", "logging-call-at": "/Users/shivamsaraf/Desktop/work/temporal/common/log/with_logger.go:61"}
2025-03-19T11:38:43.439-0400	debug	fetched user data from parent, no change	{"host": "127.0.0.1:63279", "component": "matching-engine", "wf-task-queue-name": "/_sys/rrentVersion_Batching-564e9892_task_queue_38/1", "wf-task-queue-type": "Workflow", "wf-namespace": "namespace-ec265ab4-426c-4316-a4b3-47fc66311932", "logging-call-at": "/Users/shivamsaraf/Desktop/work/temporal/common/log/with_logger.go:61"}
2025-03-19T11:38:43.443-0400	info	loaded user data from db	{"host": "127.0.0.1:63279", "component": "matching-engine", "wf-task-queue-name": "rrentVersion_Batching-564e9892_task_queue_29", "wf-task-queue-type": "Workflow", "wf-namespace": "namespace-ec265ab4-426c-4316-a4b3-47fc66311932", "user-data-version": 0, "timestamp": "1970-01-01T00:00:00.000Z", "logging-call-at": "/Users/shivamsaraf/Desktop/work/temporal/common/log/with_logger.go:66"}
2025-03-19T11:38:43.445-0400	info	loaded user data from db	{"host": "127.0.0.1:63279", "component": "matching-engine", "wf-task-queue-name": "rrentVersion_Batching-564e9892_task_queue_13", "wf-task-queue-type": "Workflow", "wf-namespace": "namespace-ec265ab4-426c-4316-a4b3-47fc66311932", "user-data-version": 0, "timestamp": "1970-01-01T00:00:00.000Z", "logging-call-at": "/Users/shivamsaraf/Desktop/work/temporal/common/log/with_logger.go:66"}
2025-03-19T11:38:43.446-0400	info	loaded user data from db	{"host": "127.0.0.1:63279", "component": "matching-engine", "wf-task-queue-name": "rrentVersion_Batching-564e9892_task_queue_0", "wf-task-queue-type": "Workflow", "wf-namespace": "namespace-ec265ab4-426c-4316-a4b3-47fc66311932", "user-data-version": 0, "timestamp": "1970-01-01T00:00:00.000Z", "logging-call-at": "/Users/shivamsaraf/Desktop/work/temporal/common/log/with_logger.go:66"}
2025-03-19T11:38:43.454-0400	info	loaded user data from db	{"host": "127.0.0.1:63279", "component": "matching-engine", "wf-task-queue-name": "rrentVersion_Batching-564e9892_task_queue_11", "wf-task-queue-type": "Workflow", "wf-namespace": "namespace-ec265ab4-426c-4316-a4b3-47fc66311932", "user-data-version": 0, "timestamp": "1970-01-01T00:00:00.000Z", "logging-call-at": "/Users/shivamsaraf/Desktop/work/temporal/common/log/with_logger.go:66"}
2025-03-19T11:38:43.454-0400	debug	returning empty user data (no data)	{"host": "127.0.0.1:63279", "component": "matching-engine", "wf-task-queue-name": "rrentVersion_Batching-564e9892_task_queue_11", "wf-task-queue-type": "Workflow", "wf-namespace": "namespace-ec265ab4-426c-4316-a4b3-47fc66311932", "long-poll": false, "logging-call-at": "/Users/shivamsaraf/Desktop/work/temporal/common/log/with_logger.go:61"}
2025-03-19T11:38:43.454-0400	debug	returning empty user data (no data)	{"host": "127.0.0.1:63279", "component": "matching-engine", "wf-task-queue-name": "rrentVersion_Batching-564e9892_task_queue_11", "wf-task-queue-type": "Workflow", "wf-namespace": "namespace-ec265ab4-426c-4316-a4b3-47fc66311932", "long-poll": false, "logging-call-at": "/Users/shivamsaraf/Desktop/work/temporal/common/log/with_logger.go:61"}
2025-03-19T11:38:43.454-0400	debug	returning empty user data (no data)	{"host": "127.0.0.1:63279", "component": "matching-engine", "wf-task-queue-name": "rrentVersion_Batching-564e9892_task_queue_11", "wf-task-queue-type": "Workflow", "wf-namespace": "namespace-ec265ab4-426c-4316-a4b3-47fc66311932", "long-poll": false, "logging-call-at": "/Users/shivamsaraf/Desktop/work/temporal/common/log/with_logger.go:61"}
2025-03-19T11:38:43.454-0400	debug	fetched user data from parent, no change	{"host": "127.0.0.1:63279", "component": "matching-engine", "wf-task-queue-name": "/_sys/rrentVersion_Batching-564e9892_task_queue_11/2", "wf-task-queue-type": "Workflow", "wf-namespace": "namespace-ec265ab4-426c-4316-a4b3-47fc66311932", "logging-call-at": "/Users/shivamsaraf/Desktop/work/temporal/common/log/with_logger.go:61"}
2025-03-19T11:38:43.454-0400	debug	fetched user data from parent, no change	{"host": "127.0.0.1:63279", "component": "matching-engine", "wf-task-queue-name": "/_sys/rrentVersion_Batching-564e9892_task_queue_11/3", "wf-task-queue-type": "Workflow", "wf-namespace": "namespace-ec265ab4-426c-4316-a4b3-47fc66311932", "logging-call-at": "/Users/shivamsaraf/Desktop/work/temporal/common/log/with_logger.go:61"}
2025-03-19T11:38:43.454-0400	debug	fetched user data from parent, no change	{"host": "127.0.0.1:63279", "component": "matching-engine", "wf-task-queue-name": "/_sys/rrentVersion_Batching-564e9892_task_queue_11/1", "wf-task-queue-type": "Workflow", "wf-namespace": "namespace-ec265ab4-426c-4316-a4b3-47fc66311932", "logging-call-at": "/Users/shivamsaraf/Desktop/work/temporal/common/log/with_logger.go:61"}
2025-03-19T11:38:43.454-0400	info	loaded user data from db	{"host": "127.0.0.1:63279", "component": "matching-engine", "wf-task-queue-name": "rrentVersion_Batching-564e9892_task_queue_1", "wf-task-queue-type": "Workflow", "wf-namespace": "namespace-ec265ab4-426c-4316-a4b3-47fc66311932", "user-data-version": 0, "timestamp": "1970-01-01T00:00:00.000Z", "logging-call-at": "/Users/shivamsaraf/Desktop/work/temporal/common/log/with_logger.go:66"}
2025-03-19T11:38:43.455-0400	debug	returning empty user data (no data)	{"host": "127.0.0.1:63279", "component": "matching-engine", "wf-task-queue-name": "rrentVersion_Batching-564e9892_task_queue_9", "wf-task-queue-type": "Workflow", "wf-namespace": "namespace-ec265ab4-426c-4316-a4b3-47fc66311932", "long-poll": false, "logging-call-at": "/Users/shivamsaraf/Desktop/work/temporal/common/log/with_logger.go:61"}
2025-03-19T11:38:43.455-0400	debug	returning empty user data (no data)	{"host": "127.0.0.1:63279", "component": "matching-engine", "wf-task-queue-name": "rrentVersion_Batching-564e9892_task_queue_9", "wf-task-queue-type": "Workflow", "wf-namespace": "namespace-ec265ab4-426c-4316-a4b3-47fc66311932", "long-poll": false, "logging-call-at": "/Users/shivamsaraf/Desktop/work/temporal/common/log/with_logger.go:61"}
2025-03-19T11:38:43.455-0400	debug	returning empty user data (no data)	{"host": "127.0.0.1:63279", "component": "matching-engine", "wf-task-queue-name": "rrentVersion_Batching-564e9892_task_queue_9", "wf-task-queue-type": "Workflow", "wf-namespace": "namespace-ec265ab4-426c-4316-a4b3-47fc66311932", "long-poll": false, "logging-call-at": "/Users/shivamsaraf/Desktop/work/temporal/common/log/with_logger.go:61"}
2025-03-19T11:38:43.455-0400	info	loaded user data from db	{"host": "127.0.0.1:63279", "component": "matching-engine", "wf-task-queue-name": "rrentVersion_Batching-564e9892_task_queue_5", "wf-task-queue-type": "Workflow", "wf-namespace": "namespace-ec265ab4-426c-4316-a4b3-47fc66311932", "user-data-version": 0, "timestamp": "1970-01-01T00:00:00.000Z", "logging-call-at": "/Users/shivamsaraf/Desktop/work/temporal/common/log/with_logger.go:66"}
2025-03-19T11:38:43.456-0400	debug	fetched user data from parent, no change	{"host": "127.0.0.1:63279", "component": "matching-engine", "wf-task-queue-name": "/_sys/rrentVersion_Batching-564e9892_task_queue_9/1", "wf-task-queue-type": "Workflow", "wf-namespace": "namespace-ec265ab4-426c-4316-a4b3-47fc66311932", "logging-call-at": "/Users/shivamsaraf/Desktop/work/temporal/common/log/with_logger.go:61"}
2025-03-19T11:38:43.456-0400	debug	fetched user data from parent, no change	{"host": "127.0.0.1:63279", "component": "matching-engine", "wf-task-queue-name": "/_sys/rrentVersion_Batching-564e9892_task_queue_9/3", "wf-task-queue-type": "Workflow", "wf-namespace": "namespace-ec265ab4-426c-4316-a4b3-47fc66311932", "logging-call-at": "/Users/shivamsaraf/Desktop/work/temporal/common/log/with_logger.go:61"}
2025-03-19T11:38:43.456-0400	debug	fetched user data from parent, no change	{"host": "127.0.0.1:63279", "component": "matching-engine", "wf-task-queue-name": "/_sys/rrentVersion_Batching-564e9892_task_queue_9/2", "wf-task-queue-type": "Workflow", "wf-namespace": "namespace-ec265ab4-426c-4316-a4b3-47fc66311932", "logging-call-at": "/Users/shivamsaraf/Desktop/work/temporal/common/log/with_logger.go:61"}
2025-03-19T11:38:43.456-0400	info	Started physicalTaskQueueManager	{"host": "127.0.0.1:63279", "component": "matching-engine", "wf-task-queue-name": "/_sys/rrentVersion_Batching-564e9892_task_queue_9/3", "wf-task-queue-type": "Workflow", "wf-namespace": "namespace-ec265ab4-426c-4316-a4b3-47fc66311932", "worker-build-id": "rrentVersion_Batching-564e9892_deployment_series/rrentVersion_Batching-564e9892_build_id", "lifecycle": "Started", "cause": "Poll", "logging-call-at": "/Users/shivamsaraf/Desktop/work/temporal/common/log/with_logger.go:66"}
2025-03-19T11:38:43.457-0400	info	loaded user data from db	{"host": "127.0.0.1:63279", "component": "matching-engine", "wf-task-queue-name": "rrentVersion_Batching-564e9892_task_queue_31", "wf-task-queue-type": "Workflow", "wf-namespace": "namespace-ec265ab4-426c-4316-a4b3-47fc66311932", "user-data-version": 0, "timestamp": "1970-01-01T00:00:00.000Z", "logging-call-at": "/Users/shivamsaraf/Desktop/work/temporal/common/log/with_logger.go:66"}
2025-03-19T11:38:43.457-0400	debug	returning empty user data (no data)	{"host": "127.0.0.1:63279", "component": "matching-engine", "wf-task-queue-name": "rrentVersion_Batching-564e9892_task_queue_1", "wf-task-queue-type": "Workflow", "wf-namespace": "namespace-ec265ab4-426c-4316-a4b3-47fc66311932", "long-poll": false, "logging-call-at": "/Users/shivamsaraf/Desktop/work/temporal/common/log/with_logger.go:61"}
2025-03-19T11:38:43.457-0400	debug	returning empty user data (no data)	{"host": "127.0.0.1:63279", "component": "matching-engine", "wf-task-queue-name": "rrentVersion_Batching-564e9892_task_queue_1", "wf-task-queue-type": "Workflow", "wf-namespace": "namespace-ec265ab4-426c-4316-a4b3-47fc66311932", "long-poll": false, "logging-call-at": "/Users/shivamsaraf/Desktop/work/temporal/common/log/with_logger.go:61"}
2025-03-19T11:38:43.457-0400	debug	returning empty user data (no data)	{"host": "127.0.0.1:63279", "component": "matching-engine", "wf-task-queue-name": "rrentVersion_Batching-564e9892_task_queue_1", "wf-task-queue-type": "Workflow", "wf-namespace": "namespace-ec265ab4-426c-4316-a4b3-47fc66311932", "long-poll": false, "logging-call-at": "/Users/shivamsaraf/Desktop/work/temporal/common/log/with_logger.go:61"}
2025-03-19T11:38:43.457-0400	debug	fetched user data from parent, no change	{"host": "127.0.0.1:63279", "component": "matching-engine", "wf-task-queue-name": "/_sys/rrentVersion_Batching-564e9892_task_queue_1/2", "wf-task-queue-type": "Workflow", "wf-namespace": "namespace-ec265ab4-426c-4316-a4b3-47fc66311932", "logging-call-at": "/Users/shivamsaraf/Desktop/work/temporal/common/log/with_logger.go:61"}
2025-03-19T11:38:43.457-0400	debug	fetched user data from parent, no change	{"host": "127.0.0.1:63279", "component": "matching-engine", "wf-task-queue-name": "/_sys/rrentVersion_Batching-564e9892_task_queue_1/3", "wf-task-queue-type": "Workflow", "wf-namespace": "namespace-ec265ab4-426c-4316-a4b3-47fc66311932", "logging-call-at": "/Users/shivamsaraf/Desktop/work/temporal/common/log/with_logger.go:61"}
2025-03-19T11:38:43.457-0400	debug	fetched user data from parent, no change	{"host": "127.0.0.1:63279", "component": "matching-engine", "wf-task-queue-name": "/_sys/rrentVersion_Batching-564e9892_task_queue_1/1", "wf-task-queue-type": "Workflow", "wf-namespace": "namespace-ec265ab4-426c-4316-a4b3-47fc66311932", "logging-call-at": "/Users/shivamsaraf/Desktop/work/temporal/common/log/with_logger.go:61"}
2025-03-19T11:38:43.458-0400	info	loaded user data from db	{"host": "127.0.0.1:63279", "component": "matching-engine", "wf-task-queue-name": "rrentVersion_Batching-564e9892_task_queue_18", "wf-task-queue-type": "Workflow", "wf-namespace": "namespace-ec265ab4-426c-4316-a4b3-47fc66311932", "user-data-version": 0, "timestamp": "1970-01-01T00:00:00.000Z", "logging-call-at": "/Users/shivamsaraf/Desktop/work/temporal/common/log/with_logger.go:66"}
2025-03-19T11:38:43.459-0400	debug	returning empty user data (no data)	{"host": "127.0.0.1:63279", "component": "matching-engine", "wf-task-queue-name": "rrentVersion_Batching-564e9892_task_queue_22", "wf-task-queue-type": "Workflow", "wf-namespace": "namespace-ec265ab4-426c-4316-a4b3-47fc66311932", "long-poll": false, "logging-call-at": "/Users/shivamsaraf/Desktop/work/temporal/common/log/with_logger.go:61"}
2025-03-19T11:38:43.459-0400	debug	returning empty user data (no data)	{"host": "127.0.0.1:63279", "component": "matching-engine", "wf-task-queue-name": "rrentVersion_Batching-564e9892_task_queue_22", "wf-task-queue-type": "Workflow", "wf-namespace": "namespace-ec265ab4-426c-4316-a4b3-47fc66311932", "long-poll": false, "logging-call-at": "/Users/shivamsaraf/Desktop/work/temporal/common/log/with_logger.go:61"}
2025-03-19T11:38:43.459-0400	debug	returning empty user data (no data)	{"host": "127.0.0.1:63279", "component": "matching-engine", "wf-task-queue-name": "rrentVersion_Batching-564e9892_task_queue_22", "wf-task-queue-type": "Workflow", "wf-namespace": "namespace-ec265ab4-426c-4316-a4b3-47fc66311932", "long-poll": false, "logging-call-at": "/Users/shivamsaraf/Desktop/work/temporal/common/log/with_logger.go:61"}
2025-03-19T11:38:43.459-0400	debug	fetched user data from parent, no change	{"host": "127.0.0.1:63279", "component": "matching-engine", "wf-task-queue-name": "/_sys/rrentVersion_Batching-564e9892_task_queue_22/1", "wf-task-queue-type": "Workflow", "wf-namespace": "namespace-ec265ab4-426c-4316-a4b3-47fc66311932", "logging-call-at": "/Users/shivamsaraf/Desktop/work/temporal/common/log/with_logger.go:61"}
2025-03-19T11:38:43.459-0400	debug	fetched user data from parent, no change	{"host": "127.0.0.1:63279", "component": "matching-engine", "wf-task-queue-name": "/_sys/rrentVersion_Batching-564e9892_task_queue_22/3", "wf-task-queue-type": "Workflow", "wf-namespace": "namespace-ec265ab4-426c-4316-a4b3-47fc66311932", "logging-call-at": "/Users/shivamsaraf/Desktop/work/temporal/common/log/with_logger.go:61"}
2025-03-19T11:38:43.459-0400	debug	fetched user data from parent, no change	{"host": "127.0.0.1:63279", "component": "matching-engine", "wf-task-queue-name": "/_sys/rrentVersion_Batching-564e9892_task_queue_22/2", "wf-task-queue-type": "Workflow", "wf-namespace": "namespace-ec265ab4-426c-4316-a4b3-47fc66311932", "logging-call-at": "/Users/shivamsaraf/Desktop/work/temporal/common/log/with_logger.go:61"}
2025-03-19T11:38:43.460-0400	info	Started physicalTaskQueueManager	{"host": "127.0.0.1:63279", "component": "matching-engine", "wf-task-queue-name": "/_sys/rrentVersion_Batching-564e9892_task_queue_22/3", "wf-task-queue-type": "Workflow", "wf-namespace": "namespace-ec265ab4-426c-4316-a4b3-47fc66311932", "worker-build-id": "rrentVersion_Batching-564e9892_deployment_series/rrentVersion_Batching-564e9892_build_id", "lifecycle": "Started", "cause": "Poll", "logging-call-at": "/Users/shivamsaraf/Desktop/work/temporal/common/log/with_logger.go:66"}
2025-03-19T11:38:43.460-0400	info	loaded user data from db	{"host": "127.0.0.1:63279", "component": "matching-engine", "wf-task-queue-name": "rrentVersion_Batching-564e9892_task_queue_12", "wf-task-queue-type": "Workflow", "wf-namespace": "namespace-ec265ab4-426c-4316-a4b3-47fc66311932", "user-data-version": 0, "timestamp": "1970-01-01T00:00:00.000Z", "logging-call-at": "/Users/shivamsaraf/Desktop/work/temporal/common/log/with_logger.go:66"}
2025-03-19T11:38:43.460-0400	debug	returning empty user data (no data)	{"host": "127.0.0.1:63279", "component": "matching-engine", "wf-task-queue-name": "rrentVersion_Batching-564e9892_task_queue_33", "wf-task-queue-type": "Workflow", "wf-namespace": "namespace-ec265ab4-426c-4316-a4b3-47fc66311932", "long-poll": false, "logging-call-at": "/Users/shivamsaraf/Desktop/work/temporal/common/log/with_logger.go:61"}
2025-03-19T11:38:43.460-0400	debug	returning empty user data (no data)	{"host": "127.0.0.1:63279", "component": "matching-engine", "wf-task-queue-name": "rrentVersion_Batching-564e9892_task_queue_33", "wf-task-queue-type": "Workflow", "wf-namespace": "namespace-ec265ab4-426c-4316-a4b3-47fc66311932", "long-poll": false, "logging-call-at": "/Users/shivamsaraf/Desktop/work/temporal/common/log/with_logger.go:61"}
2025-03-19T11:38:43.460-0400	debug	returning empty user data (no data)	{"host": "127.0.0.1:63279", "component": "matching-engine", "wf-task-queue-name": "rrentVersion_Batching-564e9892_task_queue_33", "wf-task-queue-type": "Workflow", "wf-namespace": "namespace-ec265ab4-426c-4316-a4b3-47fc66311932", "long-poll": false, "logging-call-at": "/Users/shivamsaraf/Desktop/work/temporal/common/log/with_logger.go:61"}
2025-03-19T11:38:43.460-0400	info	Started physicalTaskQueueManager	{"host": "127.0.0.1:63279", "component": "matching-engine", "wf-task-queue-name": "rrentVersion_Batching-564e9892_task_queue_33", "wf-task-queue-type": "Workflow", "wf-namespace": "namespace-ec265ab4-426c-4316-a4b3-47fc66311932", "worker-build-id": "rrentVersion_Batching-564e9892_deployment_series/rrentVersion_Batching-564e9892_build_id", "lifecycle": "Started", "cause": "Poll", "logging-call-at": "/Users/shivamsaraf/Desktop/work/temporal/common/log/with_logger.go:66"}
2025-03-19T11:38:43.461-0400	debug	fetched user data from parent, no change	{"host": "127.0.0.1:63279", "component": "matching-engine", "wf-task-queue-name": "/_sys/rrentVersion_Batching-564e9892_task_queue_33/2", "wf-task-queue-type": "Workflow", "wf-namespace": "namespace-ec265ab4-426c-4316-a4b3-47fc66311932", "logging-call-at": "/Users/shivamsaraf/Desktop/work/temporal/common/log/with_logger.go:61"}
2025-03-19T11:38:43.461-0400	info	loaded user data from db	{"host": "127.0.0.1:63279", "component": "matching-engine", "wf-task-queue-name": "rrentVersion_Batching-564e9892_task_queue_2", "wf-task-queue-type": "Workflow", "wf-namespace": "namespace-ec265ab4-426c-4316-a4b3-47fc66311932", "user-data-version": 0, "timestamp": "1970-01-01T00:00:00.000Z", "logging-call-at": "/Users/shivamsaraf/Desktop/work/temporal/common/log/with_logger.go:66"}
2025-03-19T11:38:43.461-0400	debug	fetched user data from parent, no change	{"host": "127.0.0.1:63279", "component": "matching-engine", "wf-task-queue-name": "/_sys/rrentVersion_Batching-564e9892_task_queue_33/3", "wf-task-queue-type": "Workflow", "wf-namespace": "namespace-ec265ab4-426c-4316-a4b3-47fc66311932", "logging-call-at": "/Users/shivamsaraf/Desktop/work/temporal/common/log/with_logger.go:61"}
2025-03-19T11:38:43.461-0400	debug	fetched user data from parent, no change	{"host": "127.0.0.1:63279", "component": "matching-engine", "wf-task-queue-name": "/_sys/rrentVersion_Batching-564e9892_task_queue_33/1", "wf-task-queue-type": "Workflow", "wf-namespace": "namespace-ec265ab4-426c-4316-a4b3-47fc66311932", "logging-call-at": "/Users/shivamsaraf/Desktop/work/temporal/common/log/with_logger.go:61"}
2025-03-19T11:38:43.464-0400	info	loaded user data from db	{"host": "127.0.0.1:63279", "component": "matching-engine", "wf-task-queue-name": "rrentVersion_Batching-564e9892_task_queue_37", "wf-task-queue-type": "Workflow", "wf-namespace": "namespace-ec265ab4-426c-4316-a4b3-47fc66311932", "user-data-version": 0, "timestamp": "1970-01-01T00:00:00.000Z", "logging-call-at": "/Users/shivamsaraf/Desktop/work/temporal/common/log/with_logger.go:66"}
2025-03-19T11:38:43.464-0400	info	loaded user data from db	{"host": "127.0.0.1:63279", "component": "matching-engine", "wf-task-queue-name": "rrentVersion_Batching-564e9892_task_queue_6", "wf-task-queue-type": "Workflow", "wf-namespace": "namespace-ec265ab4-426c-4316-a4b3-47fc66311932", "user-data-version": 0, "timestamp": "1970-01-01T00:00:00.000Z", "logging-call-at": "/Users/shivamsaraf/Desktop/work/temporal/common/log/with_logger.go:66"}
2025-03-19T11:38:43.464-0400	debug	returning empty user data (no data)	{"host": "127.0.0.1:63279", "component": "matching-engine", "wf-task-queue-name": "rrentVersion_Batching-564e9892_task_queue_6", "wf-task-queue-type": "Workflow", "wf-namespace": "namespace-ec265ab4-426c-4316-a4b3-47fc66311932", "long-poll": false, "logging-call-at": "/Users/shivamsaraf/Desktop/work/temporal/common/log/with_logger.go:61"}
2025-03-19T11:38:43.464-0400	debug	returning empty user data (no data)	{"host": "127.0.0.1:63279", "component": "matching-engine", "wf-task-queue-name": "rrentVersion_Batching-564e9892_task_queue_6", "wf-task-queue-type": "Workflow", "wf-namespace": "namespace-ec265ab4-426c-4316-a4b3-47fc66311932", "long-poll": false, "logging-call-at": "/Users/shivamsaraf/Desktop/work/temporal/common/log/with_logger.go:61"}
2025-03-19T11:38:43.464-0400	debug	returning empty user data (no data)	{"host": "127.0.0.1:63279", "component": "matching-engine", "wf-task-queue-name": "rrentVersion_Batching-564e9892_task_queue_6", "wf-task-queue-type": "Workflow", "wf-namespace": "namespace-ec265ab4-426c-4316-a4b3-47fc66311932", "long-poll": false, "logging-call-at": "/Users/shivamsaraf/Desktop/work/temporal/common/log/with_logger.go:61"}
2025-03-19T11:38:43.465-0400	debug	fetched user data from parent, no change	{"host": "127.0.0.1:63279", "component": "matching-engine", "wf-task-queue-name": "/_sys/rrentVersion_Batching-564e9892_task_queue_6/3", "wf-task-queue-type": "Workflow", "wf-namespace": "namespace-ec265ab4-426c-4316-a4b3-47fc66311932", "logging-call-at": "/Users/shivamsaraf/Desktop/work/temporal/common/log/with_logger.go:61"}
2025-03-19T11:38:43.465-0400	debug	fetched user data from parent, no change	{"host": "127.0.0.1:63279", "component": "matching-engine", "wf-task-queue-name": "/_sys/rrentVersion_Batching-564e9892_task_queue_6/2", "wf-task-queue-type": "Workflow", "wf-namespace": "namespace-ec265ab4-426c-4316-a4b3-47fc66311932", "logging-call-at": "/Users/shivamsaraf/Desktop/work/temporal/common/log/with_logger.go:61"}
2025-03-19T11:38:43.465-0400	debug	fetched user data from parent, no change	{"host": "127.0.0.1:63279", "component": "matching-engine", "wf-task-queue-name": "/_sys/rrentVersion_Batching-564e9892_task_queue_6/1", "wf-task-queue-type": "Workflow", "wf-namespace": "namespace-ec265ab4-426c-4316-a4b3-47fc66311932", "logging-call-at": "/Users/shivamsaraf/Desktop/work/temporal/common/log/with_logger.go:61"}
2025-03-19T11:38:43.466-0400	info	loaded user data from db	{"host": "127.0.0.1:63279", "component": "matching-engine", "wf-task-queue-name": "rrentVersion_Batching-564e9892_task_queue_47", "wf-task-queue-type": "Workflow", "wf-namespace": "namespace-ec265ab4-426c-4316-a4b3-47fc66311932", "user-data-version": 0, "timestamp": "1970-01-01T00:00:00.000Z", "logging-call-at": "/Users/shivamsaraf/Desktop/work/temporal/common/log/with_logger.go:66"}
2025-03-19T11:38:43.466-0400	debug	returning empty user data (no data)	{"host": "127.0.0.1:63279", "component": "matching-engine", "wf-task-queue-name": "rrentVersion_Batching-564e9892_task_queue_48", "wf-task-queue-type": "Workflow", "wf-namespace": "namespace-ec265ab4-426c-4316-a4b3-47fc66311932", "long-poll": false, "logging-call-at": "/Users/shivamsaraf/Desktop/work/temporal/common/log/with_logger.go:61"}
2025-03-19T11:38:43.466-0400	debug	returning empty user data (no data)	{"host": "127.0.0.1:63279", "component": "matching-engine", "wf-task-queue-name": "rrentVersion_Batching-564e9892_task_queue_48", "wf-task-queue-type": "Workflow", "wf-namespace": "namespace-ec265ab4-426c-4316-a4b3-47fc66311932", "long-poll": false, "logging-call-at": "/Users/shivamsaraf/Desktop/work/temporal/common/log/with_logger.go:61"}
2025-03-19T11:38:43.466-0400	debug	returning empty user data (no data)	{"host": "127.0.0.1:63279", "component": "matching-engine", "wf-task-queue-name": "rrentVersion_Batching-564e9892_task_queue_48", "wf-task-queue-type": "Workflow", "wf-namespace": "namespace-ec265ab4-426c-4316-a4b3-47fc66311932", "long-poll": false, "logging-call-at": "/Users/shivamsaraf/Desktop/work/temporal/common/log/with_logger.go:61"}
2025-03-19T11:38:43.466-0400	debug	fetched user data from parent, no change	{"host": "127.0.0.1:63279", "component": "matching-engine", "wf-task-queue-name": "/_sys/rrentVersion_Batching-564e9892_task_queue_48/2", "wf-task-queue-type": "Workflow", "wf-namespace": "namespace-ec265ab4-426c-4316-a4b3-47fc66311932", "logging-call-at": "/Users/shivamsaraf/Desktop/work/temporal/common/log/with_logger.go:61"}
2025-03-19T11:38:43.466-0400	debug	fetched user data from parent, no change	{"host": "127.0.0.1:63279", "component": "matching-engine", "wf-task-queue-name": "/_sys/rrentVersion_Batching-564e9892_task_queue_48/1", "wf-task-queue-type": "Workflow", "wf-namespace": "namespace-ec265ab4-426c-4316-a4b3-47fc66311932", "logging-call-at": "/Users/shivamsaraf/Desktop/work/temporal/common/log/with_logger.go:61"}
2025-03-19T11:38:43.466-0400	debug	fetched user data from parent, no change	{"host": "127.0.0.1:63279", "component": "matching-engine", "wf-task-queue-name": "/_sys/rrentVersion_Batching-564e9892_task_queue_48/3", "wf-task-queue-type": "Workflow", "wf-namespace": "namespace-ec265ab4-426c-4316-a4b3-47fc66311932", "logging-call-at": "/Users/shivamsaraf/Desktop/work/temporal/common/log/with_logger.go:61"}
2025-03-19T11:38:43.467-0400	debug	returning empty user data (no data)	{"host": "127.0.0.1:63279", "component": "matching-engine", "wf-task-queue-name": "rrentVersion_Batching-564e9892_task_queue_0", "wf-task-queue-type": "Workflow", "wf-namespace": "namespace-ec265ab4-426c-4316-a4b3-47fc66311932", "long-poll": false, "logging-call-at": "/Users/shivamsaraf/Desktop/work/temporal/common/log/with_logger.go:61"}
2025-03-19T11:38:43.467-0400	debug	returning empty user data (no data)	{"host": "127.0.0.1:63279", "component": "matching-engine", "wf-task-queue-name": "rrentVersion_Batching-564e9892_task_queue_0", "wf-task-queue-type": "Workflow", "wf-namespace": "namespace-ec265ab4-426c-4316-a4b3-47fc66311932", "long-poll": false, "logging-call-at": "/Users/shivamsaraf/Desktop/work/temporal/common/log/with_logger.go:61"}
2025-03-19T11:38:43.467-0400	debug	returning empty user data (no data)	{"host": "127.0.0.1:63279", "component": "matching-engine", "wf-task-queue-name": "rrentVersion_Batching-564e9892_task_queue_0", "wf-task-queue-type": "Workflow", "wf-namespace": "namespace-ec265ab4-426c-4316-a4b3-47fc66311932", "long-poll": false, "logging-call-at": "/Users/shivamsaraf/Desktop/work/temporal/common/log/with_logger.go:61"}
2025-03-19T11:38:43.467-0400	info	Started physicalTaskQueueManager	{"host": "127.0.0.1:63279", "component": "matching-engine", "wf-task-queue-name": "rrentVersion_Batching-564e9892_task_queue_0", "wf-task-queue-type": "Workflow", "wf-namespace": "namespace-ec265ab4-426c-4316-a4b3-47fc66311932", "worker-build-id": "rrentVersion_Batching-564e9892_deployment_series/rrentVersion_Batching-564e9892_build_id", "lifecycle": "Started", "cause": "Poll", "logging-call-at": "/Users/shivamsaraf/Desktop/work/temporal/common/log/with_logger.go:66"}
2025-03-19T11:38:43.468-0400	debug	fetched user data from parent, no change	{"host": "127.0.0.1:63279", "component": "matching-engine", "wf-task-queue-name": "/_sys/rrentVersion_Batching-564e9892_task_queue_0/3", "wf-task-queue-type": "Workflow", "wf-namespace": "namespace-ec265ab4-426c-4316-a4b3-47fc66311932", "logging-call-at": "/Users/shivamsaraf/Desktop/work/temporal/common/log/with_logger.go:61"}
2025-03-19T11:38:43.468-0400	debug	fetched user data from parent, no change	{"host": "127.0.0.1:63279", "component": "matching-engine", "wf-task-queue-name": "/_sys/rrentVersion_Batching-564e9892_task_queue_0/2", "wf-task-queue-type": "Workflow", "wf-namespace": "namespace-ec265ab4-426c-4316-a4b3-47fc66311932", "logging-call-at": "/Users/shivamsaraf/Desktop/work/temporal/common/log/with_logger.go:61"}
2025-03-19T11:38:43.468-0400	debug	fetched user data from parent, no change	{"host": "127.0.0.1:63279", "component": "matching-engine", "wf-task-queue-name": "/_sys/rrentVersion_Batching-564e9892_task_queue_0/1", "wf-task-queue-type": "Workflow", "wf-namespace": "namespace-ec265ab4-426c-4316-a4b3-47fc66311932", "logging-call-at": "/Users/shivamsaraf/Desktop/work/temporal/common/log/with_logger.go:61"}
2025-03-19T11:38:43.473-0400	info	Started physicalTaskQueueManager	{"host": "127.0.0.1:63279", "component": "matching-engine", "wf-task-queue-name": "/_sys/rrentVersion_Batching-564e9892_task_queue_36/1", "wf-task-queue-type": "Workflow", "wf-namespace": "namespace-ec265ab4-426c-4316-a4b3-47fc66311932", "worker-build-id": "rrentVersion_Batching-564e9892_deployment_series/rrentVersion_Batching-564e9892_build_id", "lifecycle": "Started", "cause": "Poll", "logging-call-at": "/Users/shivamsaraf/Desktop/work/temporal/common/log/with_logger.go:66"}
2025-03-19T11:38:43.474-0400	debug	returning empty user data (no data)	{"host": "127.0.0.1:63279", "component": "matching-engine", "wf-task-queue-name": "rrentVersion_Batching-564e9892_task_queue_8", "wf-task-queue-type": "Workflow", "wf-namespace": "namespace-ec265ab4-426c-4316-a4b3-47fc66311932", "long-poll": false, "logging-call-at": "/Users/shivamsaraf/Desktop/work/temporal/common/log/with_logger.go:61"}
2025-03-19T11:38:43.474-0400	debug	returning empty user data (no data)	{"host": "127.0.0.1:63279", "component": "matching-engine", "wf-task-queue-name": "rrentVersion_Batching-564e9892_task_queue_8", "wf-task-queue-type": "Workflow", "wf-namespace": "namespace-ec265ab4-426c-4316-a4b3-47fc66311932", "long-poll": false, "logging-call-at": "/Users/shivamsaraf/Desktop/work/temporal/common/log/with_logger.go:61"}
2025-03-19T11:38:43.474-0400	debug	returning empty user data (no data)	{"host": "127.0.0.1:63279", "component": "matching-engine", "wf-task-queue-name": "rrentVersion_Batching-564e9892_task_queue_8", "wf-task-queue-type": "Workflow", "wf-namespace": "namespace-ec265ab4-426c-4316-a4b3-47fc66311932", "long-poll": false, "logging-call-at": "/Users/shivamsaraf/Desktop/work/temporal/common/log/with_logger.go:61"}
2025-03-19T11:38:43.474-0400	info	Started physicalTaskQueueManager	{"host": "127.0.0.1:63279", "component": "matching-engine", "wf-task-queue-name": "rrentVersion_Batching-564e9892_task_queue_8", "wf-task-queue-type": "Workflow", "wf-namespace": "namespace-ec265ab4-426c-4316-a4b3-47fc66311932", "worker-build-id": "rrentVersion_Batching-564e9892_deployment_series/rrentVersion_Batching-564e9892_build_id", "lifecycle": "Started", "cause": "Poll", "logging-call-at": "/Users/shivamsaraf/Desktop/work/temporal/common/log/with_logger.go:66"}
2025-03-19T11:38:43.474-0400	debug	fetched user data from parent, no change	{"host": "127.0.0.1:63279", "component": "matching-engine", "wf-task-queue-name": "/_sys/rrentVersion_Batching-564e9892_task_queue_8/2", "wf-task-queue-type": "Workflow", "wf-namespace": "namespace-ec265ab4-426c-4316-a4b3-47fc66311932", "logging-call-at": "/Users/shivamsaraf/Desktop/work/temporal/common/log/with_logger.go:61"}
2025-03-19T11:38:43.474-0400	debug	fetched user data from parent, no change	{"host": "127.0.0.1:63279", "component": "matching-engine", "wf-task-queue-name": "/_sys/rrentVersion_Batching-564e9892_task_queue_8/3", "wf-task-queue-type": "Workflow", "wf-namespace": "namespace-ec265ab4-426c-4316-a4b3-47fc66311932", "logging-call-at": "/Users/shivamsaraf/Desktop/work/temporal/common/log/with_logger.go:61"}
2025-03-19T11:38:43.474-0400	debug	fetched user data from parent, no change	{"host": "127.0.0.1:63279", "component": "matching-engine", "wf-task-queue-name": "/_sys/rrentVersion_Batching-564e9892_task_queue_8/1", "wf-task-queue-type": "Workflow", "wf-namespace": "namespace-ec265ab4-426c-4316-a4b3-47fc66311932", "logging-call-at": "/Users/shivamsaraf/Desktop/work/temporal/common/log/with_logger.go:61"}
2025-03-19T11:38:43.475-0400	debug	returning empty user data (no data)	{"host": "127.0.0.1:63279", "component": "matching-engine", "wf-task-queue-name": "rrentVersion_Batching-564e9892_task_queue_31", "wf-task-queue-type": "Workflow", "wf-namespace": "namespace-ec265ab4-426c-4316-a4b3-47fc66311932", "long-poll": false, "logging-call-at": "/Users/shivamsaraf/Desktop/work/temporal/common/log/with_logger.go:61"}
2025-03-19T11:38:43.475-0400	debug	returning empty user data (no data)	{"host": "127.0.0.1:63279", "component": "matching-engine", "wf-task-queue-name": "rrentVersion_Batching-564e9892_task_queue_31", "wf-task-queue-type": "Workflow", "wf-namespace": "namespace-ec265ab4-426c-4316-a4b3-47fc66311932", "long-poll": false, "logging-call-at": "/Users/shivamsaraf/Desktop/work/temporal/common/log/with_logger.go:61"}
2025-03-19T11:38:43.475-0400	debug	returning empty user data (no data)	{"host": "127.0.0.1:63279", "component": "matching-engine", "wf-task-queue-name": "rrentVersion_Batching-564e9892_task_queue_31", "wf-task-queue-type": "Workflow", "wf-namespace": "namespace-ec265ab4-426c-4316-a4b3-47fc66311932", "long-poll": false, "logging-call-at": "/Users/shivamsaraf/Desktop/work/temporal/common/log/with_logger.go:61"}
2025-03-19T11:38:43.475-0400	debug	fetched user data from parent, no change	{"host": "127.0.0.1:63279", "component": "matching-engine", "wf-task-queue-name": "/_sys/rrentVersion_Batching-564e9892_task_queue_31/1", "wf-task-queue-type": "Workflow", "wf-namespace": "namespace-ec265ab4-426c-4316-a4b3-47fc66311932", "logging-call-at": "/Users/shivamsaraf/Desktop/work/temporal/common/log/with_logger.go:61"}
2025-03-19T11:38:43.475-0400	debug	returning empty user data (no data)	{"host": "127.0.0.1:63279", "component": "matching-engine", "wf-task-queue-name": "rrentVersion_Batching-564e9892_task_queue_45", "wf-task-queue-type": "Workflow", "wf-namespace": "namespace-ec265ab4-426c-4316-a4b3-47fc66311932", "long-poll": false, "logging-call-at": "/Users/shivamsaraf/Desktop/work/temporal/common/log/with_logger.go:61"}
2025-03-19T11:38:43.475-0400	debug	returning empty user data (no data)	{"host": "127.0.0.1:63279", "component": "matching-engine", "wf-task-queue-name": "rrentVersion_Batching-564e9892_task_queue_45", "wf-task-queue-type": "Workflow", "wf-namespace": "namespace-ec265ab4-426c-4316-a4b3-47fc66311932", "long-poll": false, "logging-call-at": "/Users/shivamsaraf/Desktop/work/temporal/common/log/with_logger.go:61"}
2025-03-19T11:38:43.475-0400	debug	fetched user data from parent, no change	{"host": "127.0.0.1:63279", "component": "matching-engine", "wf-task-queue-name": "/_sys/rrentVersion_Batching-564e9892_task_queue_31/3", "wf-task-queue-type": "Workflow", "wf-namespace": "namespace-ec265ab4-426c-4316-a4b3-47fc66311932", "logging-call-at": "/Users/shivamsaraf/Desktop/work/temporal/common/log/with_logger.go:61"}
2025-03-19T11:38:43.475-0400	debug	fetched user data from parent, no change	{"host": "127.0.0.1:63279", "component": "matching-engine", "wf-task-queue-name": "/_sys/rrentVersion_Batching-564e9892_task_queue_31/2", "wf-task-queue-type": "Workflow", "wf-namespace": "namespace-ec265ab4-426c-4316-a4b3-47fc66311932", "logging-call-at": "/Users/shivamsaraf/Desktop/work/temporal/common/log/with_logger.go:61"}
2025-03-19T11:38:43.475-0400	debug	returning empty user data (no data)	{"host": "127.0.0.1:63279", "component": "matching-engine", "wf-task-queue-name": "rrentVersion_Batching-564e9892_task_queue_45", "wf-task-queue-type": "Workflow", "wf-namespace": "namespace-ec265ab4-426c-4316-a4b3-47fc66311932", "long-poll": false, "logging-call-at": "/Users/shivamsaraf/Desktop/work/temporal/common/log/with_logger.go:61"}
2025-03-19T11:38:43.475-0400	info	Started physicalTaskQueueManager	{"host": "127.0.0.1:63279", "component": "matching-engine", "wf-task-queue-name": "rrentVersion_Batching-564e9892_task_queue_45", "wf-task-queue-type": "Workflow", "wf-namespace": "namespace-ec265ab4-426c-4316-a4b3-47fc66311932", "worker-build-id": "rrentVersion_Batching-564e9892_deployment_series/rrentVersion_Batching-564e9892_build_id", "lifecycle": "Started", "cause": "Poll", "logging-call-at": "/Users/shivamsaraf/Desktop/work/temporal/common/log/with_logger.go:66"}
2025-03-19T11:38:43.475-0400	debug	fetched user data from parent, no change	{"host": "127.0.0.1:63279", "component": "matching-engine", "wf-task-queue-name": "/_sys/rrentVersion_Batching-564e9892_task_queue_45/3", "wf-task-queue-type": "Workflow", "wf-namespace": "namespace-ec265ab4-426c-4316-a4b3-47fc66311932", "logging-call-at": "/Users/shivamsaraf/Desktop/work/temporal/common/log/with_logger.go:61"}
2025-03-19T11:38:43.475-0400	info	Started physicalTaskQueueManager	{"host": "127.0.0.1:63279", "component": "matching-engine", "wf-task-queue-name": "/_sys/rrentVersion_Batching-564e9892_task_queue_31/2", "wf-task-queue-type": "Workflow", "wf-namespace": "namespace-ec265ab4-426c-4316-a4b3-47fc66311932", "worker-build-id": "rrentVersion_Batching-564e9892_deployment_series/rrentVersion_Batching-564e9892_build_id", "lifecycle": "Started", "cause": "Poll", "logging-call-at": "/Users/shivamsaraf/Desktop/work/temporal/common/log/with_logger.go:66"}
2025-03-19T11:38:43.475-0400	debug	fetched user data from parent, no change	{"host": "127.0.0.1:63279", "component": "matching-engine", "wf-task-queue-name": "/_sys/rrentVersion_Batching-564e9892_task_queue_45/1", "wf-task-queue-type": "Workflow", "wf-namespace": "namespace-ec265ab4-426c-4316-a4b3-47fc66311932", "logging-call-at": "/Users/shivamsaraf/Desktop/work/temporal/common/log/with_logger.go:61"}
2025-03-19T11:38:43.475-0400	debug	fetched user data from parent, no change	{"host": "127.0.0.1:63279", "component": "matching-engine", "wf-task-queue-name": "/_sys/rrentVersion_Batching-564e9892_task_queue_45/2", "wf-task-queue-type": "Workflow", "wf-namespace": "namespace-ec265ab4-426c-4316-a4b3-47fc66311932", "logging-call-at": "/Users/shivamsaraf/Desktop/work/temporal/common/log/with_logger.go:61"}
2025-03-19T11:38:43.477-0400	debug	returning empty user data (no data)	{"host": "127.0.0.1:63279", "component": "matching-engine", "wf-task-queue-name": "rrentVersion_Batching-564e9892_task_queue_2", "wf-task-queue-type": "Workflow", "wf-namespace": "namespace-ec265ab4-426c-4316-a4b3-47fc66311932", "long-poll": false, "logging-call-at": "/Users/shivamsaraf/Desktop/work/temporal/common/log/with_logger.go:61"}
2025-03-19T11:38:43.477-0400	debug	returning empty user data (no data)	{"host": "127.0.0.1:63279", "component": "matching-engine", "wf-task-queue-name": "rrentVersion_Batching-564e9892_task_queue_2", "wf-task-queue-type": "Workflow", "wf-namespace": "namespace-ec265ab4-426c-4316-a4b3-47fc66311932", "long-poll": false, "logging-call-at": "/Users/shivamsaraf/Desktop/work/temporal/common/log/with_logger.go:61"}
2025-03-19T11:38:43.477-0400	debug	returning empty user data (no data)	{"host": "127.0.0.1:63279", "component": "matching-engine", "wf-task-queue-name": "rrentVersion_Batching-564e9892_task_queue_2", "wf-task-queue-type": "Workflow", "wf-namespace": "namespace-ec265ab4-426c-4316-a4b3-47fc66311932", "long-poll": false, "logging-call-at": "/Users/shivamsaraf/Desktop/work/temporal/common/log/with_logger.go:61"}
2025-03-19T11:38:43.477-0400	info	Started physicalTaskQueueManager	{"host": "127.0.0.1:63279", "component": "matching-engine", "wf-task-queue-name": "rrentVersion_Batching-564e9892_task_queue_2", "wf-task-queue-type": "Workflow", "wf-namespace": "namespace-ec265ab4-426c-4316-a4b3-47fc66311932", "worker-build-id": "rrentVersion_Batching-564e9892_deployment_series/rrentVersion_Batching-564e9892_build_id", "lifecycle": "Started", "cause": "Poll", "logging-call-at": "/Users/shivamsaraf/Desktop/work/temporal/common/log/with_logger.go:66"}
2025-03-19T11:38:43.477-0400	debug	fetched user data from parent, no change	{"host": "127.0.0.1:63279", "component": "matching-engine", "wf-task-queue-name": "/_sys/rrentVersion_Batching-564e9892_task_queue_2/2", "wf-task-queue-type": "Workflow", "wf-namespace": "namespace-ec265ab4-426c-4316-a4b3-47fc66311932", "logging-call-at": "/Users/shivamsaraf/Desktop/work/temporal/common/log/with_logger.go:61"}
2025-03-19T11:38:43.477-0400	debug	fetched user data from parent, no change	{"host": "127.0.0.1:63279", "component": "matching-engine", "wf-task-queue-name": "/_sys/rrentVersion_Batching-564e9892_task_queue_2/1", "wf-task-queue-type": "Workflow", "wf-namespace": "namespace-ec265ab4-426c-4316-a4b3-47fc66311932", "logging-call-at": "/Users/shivamsaraf/Desktop/work/temporal/common/log/with_logger.go:61"}
2025-03-19T11:38:43.478-0400	debug	fetched user data from parent, no change	{"host": "127.0.0.1:63279", "component": "matching-engine", "wf-task-queue-name": "/_sys/rrentVersion_Batching-564e9892_task_queue_2/3", "wf-task-queue-type": "Workflow", "wf-namespace": "namespace-ec265ab4-426c-4316-a4b3-47fc66311932", "logging-call-at": "/Users/shivamsaraf/Desktop/work/temporal/common/log/with_logger.go:61"}
2025-03-19T11:38:43.478-0400	debug	returning empty user data (no data)	{"host": "127.0.0.1:63279", "component": "matching-engine", "wf-task-queue-name": "rrentVersion_Batching-564e9892_task_queue_16", "wf-task-queue-type": "Workflow", "wf-namespace": "namespace-ec265ab4-426c-4316-a4b3-47fc66311932", "long-poll": false, "logging-call-at": "/Users/shivamsaraf/Desktop/work/temporal/common/log/with_logger.go:61"}
2025-03-19T11:38:43.478-0400	debug	returning empty user data (no data)	{"host": "127.0.0.1:63279", "component": "matching-engine", "wf-task-queue-name": "rrentVersion_Batching-564e9892_task_queue_16", "wf-task-queue-type": "Workflow", "wf-namespace": "namespace-ec265ab4-426c-4316-a4b3-47fc66311932", "long-poll": false, "logging-call-at": "/Users/shivamsaraf/Desktop/work/temporal/common/log/with_logger.go:61"}
2025-03-19T11:38:43.478-0400	debug	returning empty user data (no data)	{"host": "127.0.0.1:63279", "component": "matching-engine", "wf-task-queue-name": "rrentVersion_Batching-564e9892_task_queue_16", "wf-task-queue-type": "Workflow", "wf-namespace": "namespace-ec265ab4-426c-4316-a4b3-47fc66311932", "long-poll": false, "logging-call-at": "/Users/shivamsaraf/Desktop/work/temporal/common/log/with_logger.go:61"}
2025-03-19T11:38:43.479-0400	debug	fetched user data from parent, no change	{"host": "127.0.0.1:63279", "component": "matching-engine", "wf-task-queue-name": "/_sys/rrentVersion_Batching-564e9892_task_queue_16/1", "wf-task-queue-type": "Workflow", "wf-namespace": "namespace-ec265ab4-426c-4316-a4b3-47fc66311932", "logging-call-at": "/Users/shivamsaraf/Desktop/work/temporal/common/log/with_logger.go:61"}
2025-03-19T11:38:43.479-0400	debug	fetched user data from parent, no change	{"host": "127.0.0.1:63279", "component": "matching-engine", "wf-task-queue-name": "/_sys/rrentVersion_Batching-564e9892_task_queue_16/2", "wf-task-queue-type": "Workflow", "wf-namespace": "namespace-ec265ab4-426c-4316-a4b3-47fc66311932", "logging-call-at": "/Users/shivamsaraf/Desktop/work/temporal/common/log/with_logger.go:61"}
2025-03-19T11:38:43.479-0400	debug	fetched user data from parent, no change	{"host": "127.0.0.1:63279", "component": "matching-engine", "wf-task-queue-name": "/_sys/rrentVersion_Batching-564e9892_task_queue_16/3", "wf-task-queue-type": "Workflow", "wf-namespace": "namespace-ec265ab4-426c-4316-a4b3-47fc66311932", "logging-call-at": "/Users/shivamsaraf/Desktop/work/temporal/common/log/with_logger.go:61"}
2025-03-19T11:38:43.481-0400	debug	Frontend method invoked.	{"host": "127.0.0.1:63278", "wf-namespace": "namespace-ec265ab4-426c-4316-a4b3-47fc66311932", "operation": "DescribeWorkerDeployment", "server-name": "", "cert-thumbprint": "", "logging-call-at": "/Users/shivamsaraf/Desktop/work/temporal/common/log/with_logger.go:61"}
2025-03-19T11:38:43.481-0400	debug	returning empty user data (no data)	{"host": "127.0.0.1:63279", "component": "matching-engine", "wf-task-queue-name": "rrentVersion_Batching-564e9892_task_queue_15", "wf-task-queue-type": "Workflow", "wf-namespace": "namespace-ec265ab4-426c-4316-a4b3-47fc66311932", "long-poll": false, "logging-call-at": "/Users/shivamsaraf/Desktop/work/temporal/common/log/with_logger.go:61"}
2025-03-19T11:38:43.481-0400	debug	returning empty user data (no data)	{"host": "127.0.0.1:63279", "component": "matching-engine", "wf-task-queue-name": "rrentVersion_Batching-564e9892_task_queue_15", "wf-task-queue-type": "Workflow", "wf-namespace": "namespace-ec265ab4-426c-4316-a4b3-47fc66311932", "long-poll": false, "logging-call-at": "/Users/shivamsaraf/Desktop/work/temporal/common/log/with_logger.go:61"}
2025-03-19T11:38:43.481-0400	debug	returning empty user data (no data)	{"host": "127.0.0.1:63279", "component": "matching-engine", "wf-task-queue-name": "rrentVersion_Batching-564e9892_task_queue_15", "wf-task-queue-type": "Workflow", "wf-namespace": "namespace-ec265ab4-426c-4316-a4b3-47fc66311932", "long-poll": false, "logging-call-at": "/Users/shivamsaraf/Desktop/work/temporal/common/log/with_logger.go:61"}
2025-03-19T11:38:43.481-0400	info	Started physicalTaskQueueManager	{"host": "127.0.0.1:63279", "component": "matching-engine", "wf-task-queue-name": "rrentVersion_Batching-564e9892_task_queue_15", "wf-task-queue-type": "Workflow", "wf-namespace": "namespace-ec265ab4-426c-4316-a4b3-47fc66311932", "worker-build-id": "rrentVersion_Batching-564e9892_deployment_series/rrentVersion_Batching-564e9892_build_id", "lifecycle": "Started", "cause": "Poll", "logging-call-at": "/Users/shivamsaraf/Desktop/work/temporal/common/log/with_logger.go:66"}
2025-03-19T11:38:43.481-0400	debug	fetched user data from parent, no change	{"host": "127.0.0.1:63279", "component": "matching-engine", "wf-task-queue-name": "/_sys/rrentVersion_Batching-564e9892_task_queue_15/1", "wf-task-queue-type": "Workflow", "wf-namespace": "namespace-ec265ab4-426c-4316-a4b3-47fc66311932", "logging-call-at": "/Users/shivamsaraf/Desktop/work/temporal/common/log/with_logger.go:61"}
2025-03-19T11:38:43.481-0400	debug	fetched user data from parent, no change	{"host": "127.0.0.1:63279", "component": "matching-engine", "wf-task-queue-name": "/_sys/rrentVersion_Batching-564e9892_task_queue_15/3", "wf-task-queue-type": "Workflow", "wf-namespace": "namespace-ec265ab4-426c-4316-a4b3-47fc66311932", "logging-call-at": "/Users/shivamsaraf/Desktop/work/temporal/common/log/with_logger.go:61"}
2025-03-19T11:38:43.481-0400	debug	fetched user data from parent, no change	{"host": "127.0.0.1:63279", "component": "matching-engine", "wf-task-queue-name": "/_sys/rrentVersion_Batching-564e9892_task_queue_15/2", "wf-task-queue-type": "Workflow", "wf-namespace": "namespace-ec265ab4-426c-4316-a4b3-47fc66311932", "logging-call-at": "/Users/shivamsaraf/Desktop/work/temporal/common/log/with_logger.go:61"}
2025-03-19T11:38:43.482-0400	debug	returning empty user data (no data)	{"host": "127.0.0.1:63279", "component": "matching-engine", "wf-task-queue-name": "rrentVersion_Batching-564e9892_task_queue_23", "wf-task-queue-type": "Workflow", "wf-namespace": "namespace-ec265ab4-426c-4316-a4b3-47fc66311932", "long-poll": false, "logging-call-at": "/Users/shivamsaraf/Desktop/work/temporal/common/log/with_logger.go:61"}
2025-03-19T11:38:43.482-0400	debug	returning empty user data (no data)	{"host": "127.0.0.1:63279", "component": "matching-engine", "wf-task-queue-name": "rrentVersion_Batching-564e9892_task_queue_23", "wf-task-queue-type": "Workflow", "wf-namespace": "namespace-ec265ab4-426c-4316-a4b3-47fc66311932", "long-poll": false, "logging-call-at": "/Users/shivamsaraf/Desktop/work/temporal/common/log/with_logger.go:61"}
2025-03-19T11:38:43.482-0400	debug	returning empty user data (no data)	{"host": "127.0.0.1:63279", "component": "matching-engine", "wf-task-queue-name": "rrentVersion_Batching-564e9892_task_queue_23", "wf-task-queue-type": "Workflow", "wf-namespace": "namespace-ec265ab4-426c-4316-a4b3-47fc66311932", "long-poll": false, "logging-call-at": "/Users/shivamsaraf/Desktop/work/temporal/common/log/with_logger.go:61"}
2025-03-19T11:38:43.482-0400	debug	fetched user data from parent, no change	{"host": "127.0.0.1:63279", "component": "matching-engine", "wf-task-queue-name": "/_sys/rrentVersion_Batching-564e9892_task_queue_23/3", "wf-task-queue-type": "Workflow", "wf-namespace": "namespace-ec265ab4-426c-4316-a4b3-47fc66311932", "logging-call-at": "/Users/shivamsaraf/Desktop/work/temporal/common/log/with_logger.go:61"}
2025-03-19T11:38:43.482-0400	debug	fetched user data from parent, no change	{"host": "127.0.0.1:63279", "component": "matching-engine", "wf-task-queue-name": "/_sys/rrentVersion_Batching-564e9892_task_queue_23/1", "wf-task-queue-type": "Workflow", "wf-namespace": "namespace-ec265ab4-426c-4316-a4b3-47fc66311932", "logging-call-at": "/Users/shivamsaraf/Desktop/work/temporal/common/log/with_logger.go:61"}
2025-03-19T11:38:43.482-0400	debug	fetched user data from parent, no change	{"host": "127.0.0.1:63279", "component": "matching-engine", "wf-task-queue-name": "/_sys/rrentVersion_Batching-564e9892_task_queue_23/2", "wf-task-queue-type": "Workflow", "wf-namespace": "namespace-ec265ab4-426c-4316-a4b3-47fc66311932", "logging-call-at": "/Users/shivamsaraf/Desktop/work/temporal/common/log/with_logger.go:61"}
2025-03-19T11:38:43.482-0400	info	Started physicalTaskQueueManager	{"host": "127.0.0.1:63279", "component": "matching-engine", "wf-task-queue-name": "/_sys/rrentVersion_Batching-564e9892_task_queue_23/1", "wf-task-queue-type": "Workflow", "wf-namespace": "namespace-ec265ab4-426c-4316-a4b3-47fc66311932", "worker-build-id": "rrentVersion_Batching-564e9892_deployment_series/rrentVersion_Batching-564e9892_build_id", "lifecycle": "Started", "cause": "Poll", "logging-call-at": "/Users/shivamsaraf/Desktop/work/temporal/common/log/with_logger.go:66"}
2025-03-19T11:38:43.487-0400	debug	returning empty user data (no data)	{"host": "127.0.0.1:63279", "component": "matching-engine", "wf-task-queue-name": "rrentVersion_Batching-564e9892_task_queue_47", "wf-task-queue-type": "Workflow", "wf-namespace": "namespace-ec265ab4-426c-4316-a4b3-47fc66311932", "long-poll": false, "logging-call-at": "/Users/shivamsaraf/Desktop/work/temporal/common/log/with_logger.go:61"}
2025-03-19T11:38:43.487-0400	debug	returning empty user data (no data)	{"host": "127.0.0.1:63279", "component": "matching-engine", "wf-task-queue-name": "rrentVersion_Batching-564e9892_task_queue_47", "wf-task-queue-type": "Workflow", "wf-namespace": "namespace-ec265ab4-426c-4316-a4b3-47fc66311932", "long-poll": false, "logging-call-at": "/Users/shivamsaraf/Desktop/work/temporal/common/log/with_logger.go:61"}
2025-03-19T11:38:43.487-0400	debug	returning empty user data (no data)	{"host": "127.0.0.1:63279", "component": "matching-engine", "wf-task-queue-name": "rrentVersion_Batching-564e9892_task_queue_47", "wf-task-queue-type": "Workflow", "wf-namespace": "namespace-ec265ab4-426c-4316-a4b3-47fc66311932", "long-poll": false, "logging-call-at": "/Users/shivamsaraf/Desktop/work/temporal/common/log/with_logger.go:61"}
2025-03-19T11:38:43.487-0400	debug	fetched user data from parent, no change	{"host": "127.0.0.1:63279", "component": "matching-engine", "wf-task-queue-name": "/_sys/rrentVersion_Batching-564e9892_task_queue_47/2", "wf-task-queue-type": "Workflow", "wf-namespace": "namespace-ec265ab4-426c-4316-a4b3-47fc66311932", "logging-call-at": "/Users/shivamsaraf/Desktop/work/temporal/common/log/with_logger.go:61"}
2025-03-19T11:38:43.487-0400	debug	fetched user data from parent, no change	{"host": "127.0.0.1:63279", "component": "matching-engine", "wf-task-queue-name": "/_sys/rrentVersion_Batching-564e9892_task_queue_47/1", "wf-task-queue-type": "Workflow", "wf-namespace": "namespace-ec265ab4-426c-4316-a4b3-47fc66311932", "logging-call-at": "/Users/shivamsaraf/Desktop/work/temporal/common/log/with_logger.go:61"}
2025-03-19T11:38:43.487-0400	debug	fetched user data from parent, no change	{"host": "127.0.0.1:63279", "component": "matching-engine", "wf-task-queue-name": "/_sys/rrentVersion_Batching-564e9892_task_queue_47/3", "wf-task-queue-type": "Workflow", "wf-namespace": "namespace-ec265ab4-426c-4316-a4b3-47fc66311932", "logging-call-at": "/Users/shivamsaraf/Desktop/work/temporal/common/log/with_logger.go:61"}
2025-03-19T11:38:43.490-0400	debug	returning empty user data (no data)	{"host": "127.0.0.1:63279", "component": "matching-engine", "wf-task-queue-name": "rrentVersion_Batching-564e9892_task_queue_18", "wf-task-queue-type": "Workflow", "wf-namespace": "namespace-ec265ab4-426c-4316-a4b3-47fc66311932", "long-poll": false, "logging-call-at": "/Users/shivamsaraf/Desktop/work/temporal/common/log/with_logger.go:61"}
2025-03-19T11:38:43.490-0400	debug	returning empty user data (no data)	{"host": "127.0.0.1:63279", "component": "matching-engine", "wf-task-queue-name": "rrentVersion_Batching-564e9892_task_queue_18", "wf-task-queue-type": "Workflow", "wf-namespace": "namespace-ec265ab4-426c-4316-a4b3-47fc66311932", "long-poll": false, "logging-call-at": "/Users/shivamsaraf/Desktop/work/temporal/common/log/with_logger.go:61"}
2025-03-19T11:38:43.490-0400	debug	returning empty user data (no data)	{"host": "127.0.0.1:63279", "component": "matching-engine", "wf-task-queue-name": "rrentVersion_Batching-564e9892_task_queue_18", "wf-task-queue-type": "Workflow", "wf-namespace": "namespace-ec265ab4-426c-4316-a4b3-47fc66311932", "long-poll": false, "logging-call-at": "/Users/shivamsaraf/Desktop/work/temporal/common/log/with_logger.go:61"}
2025-03-19T11:38:43.490-0400	debug	fetched user data from parent, no change	{"host": "127.0.0.1:63279", "component": "matching-engine", "wf-task-queue-name": "/_sys/rrentVersion_Batching-564e9892_task_queue_18/2", "wf-task-queue-type": "Workflow", "wf-namespace": "namespace-ec265ab4-426c-4316-a4b3-47fc66311932", "logging-call-at": "/Users/shivamsaraf/Desktop/work/temporal/common/log/with_logger.go:61"}
2025-03-19T11:38:43.490-0400	debug	fetched user data from parent, no change	{"host": "127.0.0.1:63279", "component": "matching-engine", "wf-task-queue-name": "/_sys/rrentVersion_Batching-564e9892_task_queue_18/3", "wf-task-queue-type": "Workflow", "wf-namespace": "namespace-ec265ab4-426c-4316-a4b3-47fc66311932", "logging-call-at": "/Users/shivamsaraf/Desktop/work/temporal/common/log/with_logger.go:61"}
2025-03-19T11:38:43.490-0400	debug	fetched user data from parent, no change	{"host": "127.0.0.1:63279", "component": "matching-engine", "wf-task-queue-name": "/_sys/rrentVersion_Batching-564e9892_task_queue_18/1", "wf-task-queue-type": "Workflow", "wf-namespace": "namespace-ec265ab4-426c-4316-a4b3-47fc66311932", "logging-call-at": "/Users/shivamsaraf/Desktop/work/temporal/common/log/with_logger.go:61"}
2025-03-19T11:38:43.490-0400	info	Started physicalTaskQueueManager	{"host": "127.0.0.1:63279", "component": "matching-engine", "wf-task-queue-name": "/_sys/rrentVersion_Batching-564e9892_task_queue_18/3", "wf-task-queue-type": "Workflow", "wf-namespace": "namespace-ec265ab4-426c-4316-a4b3-47fc66311932", "worker-build-id": "rrentVersion_Batching-564e9892_deployment_series/rrentVersion_Batching-564e9892_build_id", "lifecycle": "Started", "cause": "Poll", "logging-call-at": "/Users/shivamsaraf/Desktop/work/temporal/common/log/with_logger.go:66"}
2025-03-19T11:38:43.492-0400	debug	returning empty user data (no data)	{"host": "127.0.0.1:63279", "component": "matching-engine", "wf-task-queue-name": "rrentVersion_Batching-564e9892_task_queue_37", "wf-task-queue-type": "Workflow", "wf-namespace": "namespace-ec265ab4-426c-4316-a4b3-47fc66311932", "long-poll": false, "logging-call-at": "/Users/shivamsaraf/Desktop/work/temporal/common/log/with_logger.go:61"}
2025-03-19T11:38:43.492-0400	debug	returning empty user data (no data)	{"host": "127.0.0.1:63279", "component": "matching-engine", "wf-task-queue-name": "rrentVersion_Batching-564e9892_task_queue_37", "wf-task-queue-type": "Workflow", "wf-namespace": "namespace-ec265ab4-426c-4316-a4b3-47fc66311932", "long-poll": false, "logging-call-at": "/Users/shivamsaraf/Desktop/work/temporal/common/log/with_logger.go:61"}
2025-03-19T11:38:43.492-0400	debug	returning empty user data (no data)	{"host": "127.0.0.1:63279", "component": "matching-engine", "wf-task-queue-name": "rrentVersion_Batching-564e9892_task_queue_37", "wf-task-queue-type": "Workflow", "wf-namespace": "namespace-ec265ab4-426c-4316-a4b3-47fc66311932", "long-poll": false, "logging-call-at": "/Users/shivamsaraf/Desktop/work/temporal/common/log/with_logger.go:61"}
2025-03-19T11:38:43.492-0400	debug	fetched user data from parent, no change	{"host": "127.0.0.1:63279", "component": "matching-engine", "wf-task-queue-name": "/_sys/rrentVersion_Batching-564e9892_task_queue_37/2", "wf-task-queue-type": "Workflow", "wf-namespace": "namespace-ec265ab4-426c-4316-a4b3-47fc66311932", "logging-call-at": "/Users/shivamsaraf/Desktop/work/temporal/common/log/with_logger.go:61"}
2025-03-19T11:38:43.492-0400	debug	fetched user data from parent, no change	{"host": "127.0.0.1:63279", "component": "matching-engine", "wf-task-queue-name": "/_sys/rrentVersion_Batching-564e9892_task_queue_37/3", "wf-task-queue-type": "Workflow", "wf-namespace": "namespace-ec265ab4-426c-4316-a4b3-47fc66311932", "logging-call-at": "/Users/shivamsaraf/Desktop/work/temporal/common/log/with_logger.go:61"}
2025-03-19T11:38:43.492-0400	debug	fetched user data from parent, no change	{"host": "127.0.0.1:63279", "component": "matching-engine", "wf-task-queue-name": "/_sys/rrentVersion_Batching-564e9892_task_queue_37/1", "wf-task-queue-type": "Workflow", "wf-namespace": "namespace-ec265ab4-426c-4316-a4b3-47fc66311932", "logging-call-at": "/Users/shivamsaraf/Desktop/work/temporal/common/log/with_logger.go:61"}
2025-03-19T11:38:43.492-0400	info	Started physicalTaskQueueManager	{"host": "127.0.0.1:63279", "component": "matching-engine", "wf-task-queue-name": "/_sys/rrentVersion_Batching-564e9892_task_queue_37/1", "wf-task-queue-type": "Workflow", "wf-namespace": "namespace-ec265ab4-426c-4316-a4b3-47fc66311932", "worker-build-id": "rrentVersion_Batching-564e9892_deployment_series/rrentVersion_Batching-564e9892_build_id", "lifecycle": "Started", "cause": "Poll", "logging-call-at": "/Users/shivamsaraf/Desktop/work/temporal/common/log/with_logger.go:66"}
2025-03-19T11:38:43.496-0400	info	Started physicalTaskQueueManager	{"host": "127.0.0.1:63279", "component": "matching-engine", "wf-task-queue-name": "/_sys/rrentVersion_Batching-564e9892_task_queue_6/2", "wf-task-queue-type": "Workflow", "wf-namespace": "namespace-ec265ab4-426c-4316-a4b3-47fc66311932", "worker-build-id": "rrentVersion_Batching-564e9892_deployment_series/rrentVersion_Batching-564e9892_build_id", "lifecycle": "Started", "cause": "Poll", "logging-call-at": "/Users/shivamsaraf/Desktop/work/temporal/common/log/with_logger.go:66"}
2025-03-19T11:38:43.497-0400	info	loaded user data from db	{"host": "127.0.0.1:63279", "component": "matching-engine", "wf-task-queue-name": "rrentVersion_Batching-564e9892_task_queue_24", "wf-task-queue-type": "Workflow", "wf-namespace": "namespace-ec265ab4-426c-4316-a4b3-47fc66311932", "user-data-version": 0, "timestamp": "1970-01-01T00:00:00.000Z", "logging-call-at": "/Users/shivamsaraf/Desktop/work/temporal/common/log/with_logger.go:66"}
2025-03-19T11:38:43.497-0400	debug	returning empty user data (no data)	{"host": "127.0.0.1:63279", "component": "matching-engine", "wf-task-queue-name": "rrentVersion_Batching-564e9892_task_queue_24", "wf-task-queue-type": "Workflow", "wf-namespace": "namespace-ec265ab4-426c-4316-a4b3-47fc66311932", "long-poll": false, "logging-call-at": "/Users/shivamsaraf/Desktop/work/temporal/common/log/with_logger.go:61"}
2025-03-19T11:38:43.498-0400	debug	returning empty user data (no data)	{"host": "127.0.0.1:63279", "component": "matching-engine", "wf-task-queue-name": "rrentVersion_Batching-564e9892_task_queue_24", "wf-task-queue-type": "Workflow", "wf-namespace": "namespace-ec265ab4-426c-4316-a4b3-47fc66311932", "long-poll": false, "logging-call-at": "/Users/shivamsaraf/Desktop/work/temporal/common/log/with_logger.go:61"}
2025-03-19T11:38:43.497-0400	debug	returning empty user data (no data)	{"host": "127.0.0.1:63279", "component": "matching-engine", "wf-task-queue-name": "rrentVersion_Batching-564e9892_task_queue_24", "wf-task-queue-type": "Workflow", "wf-namespace": "namespace-ec265ab4-426c-4316-a4b3-47fc66311932", "long-poll": false, "logging-call-at": "/Users/shivamsaraf/Desktop/work/temporal/common/log/with_logger.go:61"}
2025-03-19T11:38:43.498-0400	debug	fetched user data from parent, no change	{"host": "127.0.0.1:63279", "component": "matching-engine", "wf-task-queue-name": "/_sys/rrentVersion_Batching-564e9892_task_queue_24/2", "wf-task-queue-type": "Workflow", "wf-namespace": "namespace-ec265ab4-426c-4316-a4b3-47fc66311932", "logging-call-at": "/Users/shivamsaraf/Desktop/work/temporal/common/log/with_logger.go:61"}
2025-03-19T11:38:43.498-0400	debug	fetched user data from parent, no change	{"host": "127.0.0.1:63279", "component": "matching-engine", "wf-task-queue-name": "/_sys/rrentVersion_Batching-564e9892_task_queue_24/1", "wf-task-queue-type": "Workflow", "wf-namespace": "namespace-ec265ab4-426c-4316-a4b3-47fc66311932", "logging-call-at": "/Users/shivamsaraf/Desktop/work/temporal/common/log/with_logger.go:61"}
2025-03-19T11:38:43.498-0400	debug	fetched user data from parent, no change	{"host": "127.0.0.1:63279", "component": "matching-engine", "wf-task-queue-name": "/_sys/rrentVersion_Batching-564e9892_task_queue_24/3", "wf-task-queue-type": "Workflow", "wf-namespace": "namespace-ec265ab4-426c-4316-a4b3-47fc66311932", "logging-call-at": "/Users/shivamsaraf/Desktop/work/temporal/common/log/with_logger.go:61"}
2025-03-19T11:38:43.498-0400	info	Started physicalTaskQueueManager	{"host": "127.0.0.1:63279", "component": "matching-engine", "wf-task-queue-name": "/_sys/rrentVersion_Batching-564e9892_task_queue_24/1", "wf-task-queue-type": "Workflow", "wf-namespace": "namespace-ec265ab4-426c-4316-a4b3-47fc66311932", "worker-build-id": "rrentVersion_Batching-564e9892_deployment_series/rrentVersion_Batching-564e9892_build_id", "lifecycle": "Started", "cause": "Poll", "logging-call-at": "/Users/shivamsaraf/Desktop/work/temporal/common/log/with_logger.go:66"}
2025-03-19T11:38:43.501-0400	debug	returning empty user data (no data)	{"host": "127.0.0.1:63279", "component": "matching-engine", "wf-task-queue-name": "rrentVersion_Batching-564e9892_task_queue_30", "wf-task-queue-type": "Workflow", "wf-namespace": "namespace-ec265ab4-426c-4316-a4b3-47fc66311932", "long-poll": false, "logging-call-at": "/Users/shivamsaraf/Desktop/work/temporal/common/log/with_logger.go:61"}
2025-03-19T11:38:43.501-0400	debug	returning empty user data (no data)	{"host": "127.0.0.1:63279", "component": "matching-engine", "wf-task-queue-name": "rrentVersion_Batching-564e9892_task_queue_30", "wf-task-queue-type": "Workflow", "wf-namespace": "namespace-ec265ab4-426c-4316-a4b3-47fc66311932", "long-poll": false, "logging-call-at": "/Users/shivamsaraf/Desktop/work/temporal/common/log/with_logger.go:61"}
2025-03-19T11:38:43.501-0400	debug	returning empty user data (no data)	{"host": "127.0.0.1:63279", "component": "matching-engine", "wf-task-queue-name": "rrentVersion_Batching-564e9892_task_queue_30", "wf-task-queue-type": "Workflow", "wf-namespace": "namespace-ec265ab4-426c-4316-a4b3-47fc66311932", "long-poll": false, "logging-call-at": "/Users/shivamsaraf/Desktop/work/temporal/common/log/with_logger.go:61"}
2025-03-19T11:38:43.501-0400	debug	fetched user data from parent, no change	{"host": "127.0.0.1:63279", "component": "matching-engine", "wf-task-queue-name": "/_sys/rrentVersion_Batching-564e9892_task_queue_30/1", "wf-task-queue-type": "Workflow", "wf-namespace": "namespace-ec265ab4-426c-4316-a4b3-47fc66311932", "logging-call-at": "/Users/shivamsaraf/Desktop/work/temporal/common/log/with_logger.go:61"}
2025-03-19T11:38:43.501-0400	debug	fetched user data from parent, no change	{"host": "127.0.0.1:63279", "component": "matching-engine", "wf-task-queue-name": "/_sys/rrentVersion_Batching-564e9892_task_queue_30/2", "wf-task-queue-type": "Workflow", "wf-namespace": "namespace-ec265ab4-426c-4316-a4b3-47fc66311932", "logging-call-at": "/Users/shivamsaraf/Desktop/work/temporal/common/log/with_logger.go:61"}
2025-03-19T11:38:43.501-0400	debug	fetched user data from parent, no change	{"host": "127.0.0.1:63279", "component": "matching-engine", "wf-task-queue-name": "/_sys/rrentVersion_Batching-564e9892_task_queue_30/3", "wf-task-queue-type": "Workflow", "wf-namespace": "namespace-ec265ab4-426c-4316-a4b3-47fc66311932", "logging-call-at": "/Users/shivamsaraf/Desktop/work/temporal/common/log/with_logger.go:61"}
2025-03-19T11:38:43.501-0400	info	Started physicalTaskQueueManager	{"host": "127.0.0.1:63279", "component": "matching-engine", "wf-task-queue-name": "/_sys/rrentVersion_Batching-564e9892_task_queue_30/1", "wf-task-queue-type": "Workflow", "wf-namespace": "namespace-ec265ab4-426c-4316-a4b3-47fc66311932", "worker-build-id": "rrentVersion_Batching-564e9892_deployment_series/rrentVersion_Batching-564e9892_build_id", "lifecycle": "Started", "cause": "Poll", "logging-call-at": "/Users/shivamsaraf/Desktop/work/temporal/common/log/with_logger.go:66"}
2025-03-19T11:38:43.502-0400	info	loaded user data from db	{"host": "127.0.0.1:63279", "component": "matching-engine", "wf-task-queue-name": "rrentVersion_Batching-564e9892_task_queue_32", "wf-task-queue-type": "Workflow", "wf-namespace": "namespace-ec265ab4-426c-4316-a4b3-47fc66311932", "user-data-version": 0, "timestamp": "1970-01-01T00:00:00.000Z", "logging-call-at": "/Users/shivamsaraf/Desktop/work/temporal/common/log/with_logger.go:66"}
2025-03-19T11:38:43.502-0400	debug	returning empty user data (no data)	{"host": "127.0.0.1:63279", "component": "matching-engine", "wf-task-queue-name": "rrentVersion_Batching-564e9892_task_queue_32", "wf-task-queue-type": "Workflow", "wf-namespace": "namespace-ec265ab4-426c-4316-a4b3-47fc66311932", "long-poll": false, "logging-call-at": "/Users/shivamsaraf/Desktop/work/temporal/common/log/with_logger.go:61"}
2025-03-19T11:38:43.502-0400	debug	returning empty user data (no data)	{"host": "127.0.0.1:63279", "component": "matching-engine", "wf-task-queue-name": "rrentVersion_Batching-564e9892_task_queue_32", "wf-task-queue-type": "Workflow", "wf-namespace": "namespace-ec265ab4-426c-4316-a4b3-47fc66311932", "long-poll": false, "logging-call-at": "/Users/shivamsaraf/Desktop/work/temporal/common/log/with_logger.go:61"}
2025-03-19T11:38:43.502-0400	debug	returning empty user data (no data)	{"host": "127.0.0.1:63279", "component": "matching-engine", "wf-task-queue-name": "rrentVersion_Batching-564e9892_task_queue_32", "wf-task-queue-type": "Workflow", "wf-namespace": "namespace-ec265ab4-426c-4316-a4b3-47fc66311932", "long-poll": false, "logging-call-at": "/Users/shivamsaraf/Desktop/work/temporal/common/log/with_logger.go:61"}
2025-03-19T11:38:43.502-0400	debug	fetched user data from parent, no change	{"host": "127.0.0.1:63279", "component": "matching-engine", "wf-task-queue-name": "/_sys/rrentVersion_Batching-564e9892_task_queue_32/2", "wf-task-queue-type": "Workflow", "wf-namespace": "namespace-ec265ab4-426c-4316-a4b3-47fc66311932", "logging-call-at": "/Users/shivamsaraf/Desktop/work/temporal/common/log/with_logger.go:61"}
2025-03-19T11:38:43.502-0400	debug	fetched user data from parent, no change	{"host": "127.0.0.1:63279", "component": "matching-engine", "wf-task-queue-name": "/_sys/rrentVersion_Batching-564e9892_task_queue_32/1", "wf-task-queue-type": "Workflow", "wf-namespace": "namespace-ec265ab4-426c-4316-a4b3-47fc66311932", "logging-call-at": "/Users/shivamsaraf/Desktop/work/temporal/common/log/with_logger.go:61"}
2025-03-19T11:38:43.502-0400	debug	fetched user data from parent, no change	{"host": "127.0.0.1:63279", "component": "matching-engine", "wf-task-queue-name": "/_sys/rrentVersion_Batching-564e9892_task_queue_32/3", "wf-task-queue-type": "Workflow", "wf-namespace": "namespace-ec265ab4-426c-4316-a4b3-47fc66311932", "logging-call-at": "/Users/shivamsaraf/Desktop/work/temporal/common/log/with_logger.go:61"}
2025-03-19T11:38:43.502-0400	info	Started physicalTaskQueueManager	{"host": "127.0.0.1:63279", "component": "matching-engine", "wf-task-queue-name": "/_sys/rrentVersion_Batching-564e9892_task_queue_32/2", "wf-task-queue-type": "Workflow", "wf-namespace": "namespace-ec265ab4-426c-4316-a4b3-47fc66311932", "worker-build-id": "rrentVersion_Batching-564e9892_deployment_series/rrentVersion_Batching-564e9892_build_id", "lifecycle": "Started", "cause": "Poll", "logging-call-at": "/Users/shivamsaraf/Desktop/work/temporal/common/log/with_logger.go:66"}
2025-03-19T11:38:43.505-0400	debug	returning empty user data (no data)	{"host": "127.0.0.1:63279", "component": "matching-engine", "wf-task-queue-name": "rrentVersion_Batching-564e9892_task_queue_42", "wf-task-queue-type": "Workflow", "wf-namespace": "namespace-ec265ab4-426c-4316-a4b3-47fc66311932", "long-poll": false, "logging-call-at": "/Users/shivamsaraf/Desktop/work/temporal/common/log/with_logger.go:61"}
2025-03-19T11:38:43.505-0400	debug	returning empty user data (no data)	{"host": "127.0.0.1:63279", "component": "matching-engine", "wf-task-queue-name": "rrentVersion_Batching-564e9892_task_queue_42", "wf-task-queue-type": "Workflow", "wf-namespace": "namespace-ec265ab4-426c-4316-a4b3-47fc66311932", "long-poll": false, "logging-call-at": "/Users/shivamsaraf/Desktop/work/temporal/common/log/with_logger.go:61"}
2025-03-19T11:38:43.505-0400	debug	returning empty user data (no data)	{"host": "127.0.0.1:63279", "component": "matching-engine", "wf-task-queue-name": "rrentVersion_Batching-564e9892_task_queue_42", "wf-task-queue-type": "Workflow", "wf-namespace": "namespace-ec265ab4-426c-4316-a4b3-47fc66311932", "long-poll": false, "logging-call-at": "/Users/shivamsaraf/Desktop/work/temporal/common/log/with_logger.go:61"}
2025-03-19T11:38:43.505-0400	info	Started physicalTaskQueueManager	{"host": "127.0.0.1:63279", "component": "matching-engine", "wf-task-queue-name": "rrentVersion_Batching-564e9892_task_queue_42", "wf-task-queue-type": "Workflow", "wf-namespace": "namespace-ec265ab4-426c-4316-a4b3-47fc66311932", "worker-build-id": "rrentVersion_Batching-564e9892_deployment_series/rrentVersion_Batching-564e9892_build_id", "lifecycle": "Started", "cause": "Poll", "logging-call-at": "/Users/shivamsaraf/Desktop/work/temporal/common/log/with_logger.go:66"}
2025-03-19T11:38:43.505-0400	info	Quota changed	{"host": "127.0.0.1:63280", "service": "history", "component": "persistence", "scope": "namespace", "wf-namespace": "namespace-ec265ab4-426c-4316-a4b3-47fc66311932", "current-quota": null, "new-quota": 0, "logging-call-at": "/Users/shivamsaraf/Desktop/work/temporal/common/log/with_logger.go:66"}
2025-03-19T11:38:43.506-0400	debug	fetched user data from parent, no change	{"host": "127.0.0.1:63279", "component": "matching-engine", "wf-task-queue-name": "/_sys/rrentVersion_Batching-564e9892_task_queue_42/3", "wf-task-queue-type": "Workflow", "wf-namespace": "namespace-ec265ab4-426c-4316-a4b3-47fc66311932", "logging-call-at": "/Users/shivamsaraf/Desktop/work/temporal/common/log/with_logger.go:61"}
2025-03-19T11:38:43.506-0400	debug	fetched user data from parent, no change	{"host": "127.0.0.1:63279", "component": "matching-engine", "wf-task-queue-name": "/_sys/rrentVersion_Batching-564e9892_task_queue_42/1", "wf-task-queue-type": "Workflow", "wf-namespace": "namespace-ec265ab4-426c-4316-a4b3-47fc66311932", "logging-call-at": "/Users/shivamsaraf/Desktop/work/temporal/common/log/with_logger.go:61"}
2025-03-19T11:38:43.506-0400	info	loaded user data from db	{"host": "127.0.0.1:63279", "component": "matching-engine", "wf-task-queue-name": "rrentVersion_Batching-564e9892_task_queue_35", "wf-task-queue-type": "Workflow", "wf-namespace": "namespace-ec265ab4-426c-4316-a4b3-47fc66311932", "user-data-version": 0, "timestamp": "1970-01-01T00:00:00.000Z", "logging-call-at": "/Users/shivamsaraf/Desktop/work/temporal/common/log/with_logger.go:66"}
2025-03-19T11:38:43.506-0400	debug	returning empty user data (no data)	{"host": "127.0.0.1:63279", "component": "matching-engine", "wf-task-queue-name": "rrentVersion_Batching-564e9892_task_queue_35", "wf-task-queue-type": "Workflow", "wf-namespace": "namespace-ec265ab4-426c-4316-a4b3-47fc66311932", "long-poll": false, "logging-call-at": "/Users/shivamsaraf/Desktop/work/temporal/common/log/with_logger.go:61"}
2025-03-19T11:38:43.506-0400	debug	returning empty user data (no data)	{"host": "127.0.0.1:63279", "component": "matching-engine", "wf-task-queue-name": "rrentVersion_Batching-564e9892_task_queue_35", "wf-task-queue-type": "Workflow", "wf-namespace": "namespace-ec265ab4-426c-4316-a4b3-47fc66311932", "long-poll": false, "logging-call-at": "/Users/shivamsaraf/Desktop/work/temporal/common/log/with_logger.go:61"}
2025-03-19T11:38:43.506-0400	debug	fetched user data from parent, no change	{"host": "127.0.0.1:63279", "component": "matching-engine", "wf-task-queue-name": "/_sys/rrentVersion_Batching-564e9892_task_queue_42/2", "wf-task-queue-type": "Workflow", "wf-namespace": "namespace-ec265ab4-426c-4316-a4b3-47fc66311932", "logging-call-at": "/Users/shivamsaraf/Desktop/work/temporal/common/log/with_logger.go:61"}
2025-03-19T11:38:43.506-0400	debug	returning empty user data (no data)	{"host": "127.0.0.1:63279", "component": "matching-engine", "wf-task-queue-name": "rrentVersion_Batching-564e9892_task_queue_35", "wf-task-queue-type": "Workflow", "wf-namespace": "namespace-ec265ab4-426c-4316-a4b3-47fc66311932", "long-poll": false, "logging-call-at": "/Users/shivamsaraf/Desktop/work/temporal/common/log/with_logger.go:61"}
2025-03-19T11:38:43.506-0400	debug	fetched user data from parent, no change	{"host": "127.0.0.1:63279", "component": "matching-engine", "wf-task-queue-name": "/_sys/rrentVersion_Batching-564e9892_task_queue_35/1", "wf-task-queue-type": "Workflow", "wf-namespace": "namespace-ec265ab4-426c-4316-a4b3-47fc66311932", "logging-call-at": "/Users/shivamsaraf/Desktop/work/temporal/common/log/with_logger.go:61"}
2025-03-19T11:38:43.506-0400	debug	fetched user data from parent, no change	{"host": "127.0.0.1:63279", "component": "matching-engine", "wf-task-queue-name": "/_sys/rrentVersion_Batching-564e9892_task_queue_35/3", "wf-task-queue-type": "Workflow", "wf-namespace": "namespace-ec265ab4-426c-4316-a4b3-47fc66311932", "logging-call-at": "/Users/shivamsaraf/Desktop/work/temporal/common/log/with_logger.go:61"}
2025-03-19T11:38:43.506-0400	debug	fetched user data from parent, no change	{"host": "127.0.0.1:63279", "component": "matching-engine", "wf-task-queue-name": "/_sys/rrentVersion_Batching-564e9892_task_queue_35/2", "wf-task-queue-type": "Workflow", "wf-namespace": "namespace-ec265ab4-426c-4316-a4b3-47fc66311932", "logging-call-at": "/Users/shivamsaraf/Desktop/work/temporal/common/log/with_logger.go:61"}
2025-03-19T11:38:43.510-0400	debug	returning empty user data (no data)	{"host": "127.0.0.1:63279", "component": "matching-engine", "wf-task-queue-name": "rrentVersion_Batching-564e9892_task_queue_20", "wf-task-queue-type": "Workflow", "wf-namespace": "namespace-ec265ab4-426c-4316-a4b3-47fc66311932", "long-poll": false, "logging-call-at": "/Users/shivamsaraf/Desktop/work/temporal/common/log/with_logger.go:61"}
2025-03-19T11:38:43.510-0400	debug	returning empty user data (no data)	{"host": "127.0.0.1:63279", "component": "matching-engine", "wf-task-queue-name": "rrentVersion_Batching-564e9892_task_queue_20", "wf-task-queue-type": "Workflow", "wf-namespace": "namespace-ec265ab4-426c-4316-a4b3-47fc66311932", "long-poll": false, "logging-call-at": "/Users/shivamsaraf/Desktop/work/temporal/common/log/with_logger.go:61"}
2025-03-19T11:38:43.510-0400	debug	returning empty user data (no data)	{"host": "127.0.0.1:63279", "component": "matching-engine", "wf-task-queue-name": "rrentVersion_Batching-564e9892_task_queue_20", "wf-task-queue-type": "Workflow", "wf-namespace": "namespace-ec265ab4-426c-4316-a4b3-47fc66311932", "long-poll": false, "logging-call-at": "/Users/shivamsaraf/Desktop/work/temporal/common/log/with_logger.go:61"}
2025-03-19T11:38:43.510-0400	debug	fetched user data from parent, no change	{"host": "127.0.0.1:63279", "component": "matching-engine", "wf-task-queue-name": "/_sys/rrentVersion_Batching-564e9892_task_queue_20/1", "wf-task-queue-type": "Workflow", "wf-namespace": "namespace-ec265ab4-426c-4316-a4b3-47fc66311932", "logging-call-at": "/Users/shivamsaraf/Desktop/work/temporal/common/log/with_logger.go:61"}
2025-03-19T11:38:43.510-0400	debug	fetched user data from parent, no change	{"host": "127.0.0.1:63279", "component": "matching-engine", "wf-task-queue-name": "/_sys/rrentVersion_Batching-564e9892_task_queue_20/3", "wf-task-queue-type": "Workflow", "wf-namespace": "namespace-ec265ab4-426c-4316-a4b3-47fc66311932", "logging-call-at": "/Users/shivamsaraf/Desktop/work/temporal/common/log/with_logger.go:61"}
2025-03-19T11:38:43.510-0400	debug	fetched user data from parent, no change	{"host": "127.0.0.1:63279", "component": "matching-engine", "wf-task-queue-name": "/_sys/rrentVersion_Batching-564e9892_task_queue_20/2", "wf-task-queue-type": "Workflow", "wf-namespace": "namespace-ec265ab4-426c-4316-a4b3-47fc66311932", "logging-call-at": "/Users/shivamsaraf/Desktop/work/temporal/common/log/with_logger.go:61"}
2025-03-19T11:38:43.512-0400	info	Started physicalTaskQueueManager	{"host": "127.0.0.1:63279", "component": "matching-engine", "wf-task-queue-name": "/_sys/rrentVersion_Batching-564e9892_task_queue_11/2", "wf-task-queue-type": "Workflow", "wf-namespace": "namespace-ec265ab4-426c-4316-a4b3-47fc66311932", "worker-build-id": "rrentVersion_Batching-564e9892_deployment_series/rrentVersion_Batching-564e9892_build_id", "lifecycle": "Started", "cause": "Poll", "logging-call-at": "/Users/shivamsaraf/Desktop/work/temporal/common/log/with_logger.go:66"}
2025-03-19T11:38:43.513-0400	info	loaded user data from db	{"host": "127.0.0.1:63279", "component": "matching-engine", "wf-task-queue-name": "rrentVersion_Batching-564e9892_task_queue_17", "wf-task-queue-type": "Workflow", "wf-namespace": "namespace-ec265ab4-426c-4316-a4b3-47fc66311932", "user-data-version": 0, "timestamp": "1970-01-01T00:00:00.000Z", "logging-call-at": "/Users/shivamsaraf/Desktop/work/temporal/common/log/with_logger.go:66"}
2025-03-19T11:38:43.513-0400	debug	returning empty user data (no data)	{"host": "127.0.0.1:63279", "component": "matching-engine", "wf-task-queue-name": "rrentVersion_Batching-564e9892_task_queue_17", "wf-task-queue-type": "Workflow", "wf-namespace": "namespace-ec265ab4-426c-4316-a4b3-47fc66311932", "long-poll": false, "logging-call-at": "/Users/shivamsaraf/Desktop/work/temporal/common/log/with_logger.go:61"}
2025-03-19T11:38:43.513-0400	debug	returning empty user data (no data)	{"host": "127.0.0.1:63279", "component": "matching-engine", "wf-task-queue-name": "rrentVersion_Batching-564e9892_task_queue_17", "wf-task-queue-type": "Workflow", "wf-namespace": "namespace-ec265ab4-426c-4316-a4b3-47fc66311932", "long-poll": false, "logging-call-at": "/Users/shivamsaraf/Desktop/work/temporal/common/log/with_logger.go:61"}
2025-03-19T11:38:43.513-0400	debug	returning empty user data (no data)	{"host": "127.0.0.1:63279", "component": "matching-engine", "wf-task-queue-name": "rrentVersion_Batching-564e9892_task_queue_17", "wf-task-queue-type": "Workflow", "wf-namespace": "namespace-ec265ab4-426c-4316-a4b3-47fc66311932", "long-poll": false, "logging-call-at": "/Users/shivamsaraf/Desktop/work/temporal/common/log/with_logger.go:61"}
2025-03-19T11:38:43.513-0400	debug	fetched user data from parent, no change	{"host": "127.0.0.1:63279", "component": "matching-engine", "wf-task-queue-name": "/_sys/rrentVersion_Batching-564e9892_task_queue_17/2", "wf-task-queue-type": "Workflow", "wf-namespace": "namespace-ec265ab4-426c-4316-a4b3-47fc66311932", "logging-call-at": "/Users/shivamsaraf/Desktop/work/temporal/common/log/with_logger.go:61"}
2025-03-19T11:38:43.513-0400	debug	fetched user data from parent, no change	{"host": "127.0.0.1:63279", "component": "matching-engine", "wf-task-queue-name": "/_sys/rrentVersion_Batching-564e9892_task_queue_17/3", "wf-task-queue-type": "Workflow", "wf-namespace": "namespace-ec265ab4-426c-4316-a4b3-47fc66311932", "logging-call-at": "/Users/shivamsaraf/Desktop/work/temporal/common/log/with_logger.go:61"}
2025-03-19T11:38:43.513-0400	debug	fetched user data from parent, no change	{"host": "127.0.0.1:63279", "component": "matching-engine", "wf-task-queue-name": "/_sys/rrentVersion_Batching-564e9892_task_queue_17/1", "wf-task-queue-type": "Workflow", "wf-namespace": "namespace-ec265ab4-426c-4316-a4b3-47fc66311932", "logging-call-at": "/Users/shivamsaraf/Desktop/work/temporal/common/log/with_logger.go:61"}
2025-03-19T11:38:43.513-0400	info	Started physicalTaskQueueManager	{"host": "127.0.0.1:63279", "component": "matching-engine", "wf-task-queue-name": "/_sys/rrentVersion_Batching-564e9892_task_queue_17/1", "wf-task-queue-type": "Workflow", "wf-namespace": "namespace-ec265ab4-426c-4316-a4b3-47fc66311932", "worker-build-id": "rrentVersion_Batching-564e9892_deployment_series/rrentVersion_Batching-564e9892_build_id", "lifecycle": "Started", "cause": "Poll", "logging-call-at": "/Users/shivamsaraf/Desktop/work/temporal/common/log/with_logger.go:66"}
2025-03-19T11:38:43.513-0400	info	loaded user data from db	{"host": "127.0.0.1:63279", "component": "matching-engine", "wf-task-queue-name": "rrentVersion_Batching-564e9892_task_queue_3", "wf-task-queue-type": "Workflow", "wf-namespace": "namespace-ec265ab4-426c-4316-a4b3-47fc66311932", "user-data-version": 0, "timestamp": "1970-01-01T00:00:00.000Z", "logging-call-at": "/Users/shivamsaraf/Desktop/work/temporal/common/log/with_logger.go:66"}
2025-03-19T11:38:43.515-0400	info	loaded user data from db	{"host": "127.0.0.1:63279", "component": "matching-engine", "wf-task-queue-name": "rrentVersion_Batching-564e9892_task_queue_44", "wf-task-queue-type": "Workflow", "wf-namespace": "namespace-ec265ab4-426c-4316-a4b3-47fc66311932", "user-data-version": 0, "timestamp": "1970-01-01T00:00:00.000Z", "logging-call-at": "/Users/shivamsaraf/Desktop/work/temporal/common/log/with_logger.go:66"}
2025-03-19T11:38:43.515-0400	debug	returning empty user data (no data)	{"host": "127.0.0.1:63279", "component": "matching-engine", "wf-task-queue-name": "rrentVersion_Batching-564e9892_task_queue_44", "wf-task-queue-type": "Workflow", "wf-namespace": "namespace-ec265ab4-426c-4316-a4b3-47fc66311932", "long-poll": false, "logging-call-at": "/Users/shivamsaraf/Desktop/work/temporal/common/log/with_logger.go:61"}
2025-03-19T11:38:43.515-0400	debug	returning empty user data (no data)	{"host": "127.0.0.1:63279", "component": "matching-engine", "wf-task-queue-name": "rrentVersion_Batching-564e9892_task_queue_44", "wf-task-queue-type": "Workflow", "wf-namespace": "namespace-ec265ab4-426c-4316-a4b3-47fc66311932", "long-poll": false, "logging-call-at": "/Users/shivamsaraf/Desktop/work/temporal/common/log/with_logger.go:61"}
2025-03-19T11:38:43.515-0400	debug	returning empty user data (no data)	{"host": "127.0.0.1:63279", "component": "matching-engine", "wf-task-queue-name": "rrentVersion_Batching-564e9892_task_queue_44", "wf-task-queue-type": "Workflow", "wf-namespace": "namespace-ec265ab4-426c-4316-a4b3-47fc66311932", "long-poll": false, "logging-call-at": "/Users/shivamsaraf/Desktop/work/temporal/common/log/with_logger.go:61"}
2025-03-19T11:38:43.515-0400	info	Started physicalTaskQueueManager	{"host": "127.0.0.1:63279", "component": "matching-engine", "wf-task-queue-name": "rrentVersion_Batching-564e9892_task_queue_44", "wf-task-queue-type": "Workflow", "wf-namespace": "namespace-ec265ab4-426c-4316-a4b3-47fc66311932", "worker-build-id": "rrentVersion_Batching-564e9892_deployment_series/rrentVersion_Batching-564e9892_build_id", "lifecycle": "Started", "cause": "Poll", "logging-call-at": "/Users/shivamsaraf/Desktop/work/temporal/common/log/with_logger.go:66"}
2025-03-19T11:38:43.515-0400	debug	returning empty user data (no data)	{"host": "127.0.0.1:63279", "component": "matching-engine", "wf-task-queue-name": "rrentVersion_Batching-564e9892_task_queue_27", "wf-task-queue-type": "Workflow", "wf-namespace": "namespace-ec265ab4-426c-4316-a4b3-47fc66311932", "long-poll": false, "logging-call-at": "/Users/shivamsaraf/Desktop/work/temporal/common/log/with_logger.go:61"}
2025-03-19T11:38:43.515-0400	debug	returning empty user data (no data)	{"host": "127.0.0.1:63279", "component": "matching-engine", "wf-task-queue-name": "rrentVersion_Batching-564e9892_task_queue_27", "wf-task-queue-type": "Workflow", "wf-namespace": "namespace-ec265ab4-426c-4316-a4b3-47fc66311932", "long-poll": false, "logging-call-at": "/Users/shivamsaraf/Desktop/work/temporal/common/log/with_logger.go:61"}
2025-03-19T11:38:43.515-0400	debug	fetched user data from parent, no change	{"host": "127.0.0.1:63279", "component": "matching-engine", "wf-task-queue-name": "/_sys/rrentVersion_Batching-564e9892_task_queue_44/3", "wf-task-queue-type": "Workflow", "wf-namespace": "namespace-ec265ab4-426c-4316-a4b3-47fc66311932", "logging-call-at": "/Users/shivamsaraf/Desktop/work/temporal/common/log/with_logger.go:61"}
2025-03-19T11:38:43.515-0400	debug	returning empty user data (no data)	{"host": "127.0.0.1:63279", "component": "matching-engine", "wf-task-queue-name": "rrentVersion_Batching-564e9892_task_queue_27", "wf-task-queue-type": "Workflow", "wf-namespace": "namespace-ec265ab4-426c-4316-a4b3-47fc66311932", "long-poll": false, "logging-call-at": "/Users/shivamsaraf/Desktop/work/temporal/common/log/with_logger.go:61"}
2025-03-19T11:38:43.515-0400	debug	fetched user data from parent, no change	{"host": "127.0.0.1:63279", "component": "matching-engine", "wf-task-queue-name": "/_sys/rrentVersion_Batching-564e9892_task_queue_44/2", "wf-task-queue-type": "Workflow", "wf-namespace": "namespace-ec265ab4-426c-4316-a4b3-47fc66311932", "logging-call-at": "/Users/shivamsaraf/Desktop/work/temporal/common/log/with_logger.go:61"}
2025-03-19T11:38:43.515-0400	debug	fetched user data from parent, no change	{"host": "127.0.0.1:63279", "component": "matching-engine", "wf-task-queue-name": "/_sys/rrentVersion_Batching-564e9892_task_queue_44/1", "wf-task-queue-type": "Workflow", "wf-namespace": "namespace-ec265ab4-426c-4316-a4b3-47fc66311932", "logging-call-at": "/Users/shivamsaraf/Desktop/work/temporal/common/log/with_logger.go:61"}
2025-03-19T11:38:43.515-0400	debug	fetched user data from parent, no change	{"host": "127.0.0.1:63279", "component": "matching-engine", "wf-task-queue-name": "/_sys/rrentVersion_Batching-564e9892_task_queue_27/1", "wf-task-queue-type": "Workflow", "wf-namespace": "namespace-ec265ab4-426c-4316-a4b3-47fc66311932", "logging-call-at": "/Users/shivamsaraf/Desktop/work/temporal/common/log/with_logger.go:61"}
2025-03-19T11:38:43.515-0400	debug	fetched user data from parent, no change	{"host": "127.0.0.1:63279", "component": "matching-engine", "wf-task-queue-name": "/_sys/rrentVersion_Batching-564e9892_task_queue_27/3", "wf-task-queue-type": "Workflow", "wf-namespace": "namespace-ec265ab4-426c-4316-a4b3-47fc66311932", "logging-call-at": "/Users/shivamsaraf/Desktop/work/temporal/common/log/with_logger.go:61"}
2025-03-19T11:38:43.516-0400	debug	fetched user data from parent, no change	{"host": "127.0.0.1:63279", "component": "matching-engine", "wf-task-queue-name": "/_sys/rrentVersion_Batching-564e9892_task_queue_27/2", "wf-task-queue-type": "Workflow", "wf-namespace": "namespace-ec265ab4-426c-4316-a4b3-47fc66311932", "logging-call-at": "/Users/shivamsaraf/Desktop/work/temporal/common/log/with_logger.go:61"}
2025-03-19T11:38:43.516-0400	debug	returning empty user data (no data)	{"host": "127.0.0.1:63279", "component": "matching-engine", "wf-task-queue-name": "rrentVersion_Batching-564e9892_task_queue_12", "wf-task-queue-type": "Workflow", "wf-namespace": "namespace-ec265ab4-426c-4316-a4b3-47fc66311932", "long-poll": false, "logging-call-at": "/Users/shivamsaraf/Desktop/work/temporal/common/log/with_logger.go:61"}
2025-03-19T11:38:43.516-0400	debug	returning empty user data (no data)	{"host": "127.0.0.1:63279", "component": "matching-engine", "wf-task-queue-name": "rrentVersion_Batching-564e9892_task_queue_12", "wf-task-queue-type": "Workflow", "wf-namespace": "namespace-ec265ab4-426c-4316-a4b3-47fc66311932", "long-poll": false, "logging-call-at": "/Users/shivamsaraf/Desktop/work/temporal/common/log/with_logger.go:61"}
2025-03-19T11:38:43.516-0400	debug	returning empty user data (no data)	{"host": "127.0.0.1:63279", "component": "matching-engine", "wf-task-queue-name": "rrentVersion_Batching-564e9892_task_queue_12", "wf-task-queue-type": "Workflow", "wf-namespace": "namespace-ec265ab4-426c-4316-a4b3-47fc66311932", "long-poll": false, "logging-call-at": "/Users/shivamsaraf/Desktop/work/temporal/common/log/with_logger.go:61"}
2025-03-19T11:38:43.516-0400	debug	fetched user data from parent, no change	{"host": "127.0.0.1:63279", "component": "matching-engine", "wf-task-queue-name": "/_sys/rrentVersion_Batching-564e9892_task_queue_12/3", "wf-task-queue-type": "Workflow", "wf-namespace": "namespace-ec265ab4-426c-4316-a4b3-47fc66311932", "logging-call-at": "/Users/shivamsaraf/Desktop/work/temporal/common/log/with_logger.go:61"}
2025-03-19T11:38:43.516-0400	debug	fetched user data from parent, no change	{"host": "127.0.0.1:63279", "component": "matching-engine", "wf-task-queue-name": "/_sys/rrentVersion_Batching-564e9892_task_queue_12/2", "wf-task-queue-type": "Workflow", "wf-namespace": "namespace-ec265ab4-426c-4316-a4b3-47fc66311932", "logging-call-at": "/Users/shivamsaraf/Desktop/work/temporal/common/log/with_logger.go:61"}
2025-03-19T11:38:43.516-0400	debug	fetched user data from parent, no change	{"host": "127.0.0.1:63279", "component": "matching-engine", "wf-task-queue-name": "/_sys/rrentVersion_Batching-564e9892_task_queue_12/1", "wf-task-queue-type": "Workflow", "wf-namespace": "namespace-ec265ab4-426c-4316-a4b3-47fc66311932", "logging-call-at": "/Users/shivamsaraf/Desktop/work/temporal/common/log/with_logger.go:61"}
2025-03-19T11:38:43.516-0400	info	Started physicalTaskQueueManager	{"host": "127.0.0.1:63279", "component": "matching-engine", "wf-task-queue-name": "/_sys/rrentVersion_Batching-564e9892_task_queue_12/3", "wf-task-queue-type": "Workflow", "wf-namespace": "namespace-ec265ab4-426c-4316-a4b3-47fc66311932", "worker-build-id": "rrentVersion_Batching-564e9892_deployment_series/rrentVersion_Batching-564e9892_build_id", "lifecycle": "Started", "cause": "Poll", "logging-call-at": "/Users/shivamsaraf/Desktop/work/temporal/common/log/with_logger.go:66"}
2025-03-19T11:38:43.516-0400	info	Started physicalTaskQueueManager	{"host": "127.0.0.1:63279", "component": "matching-engine", "wf-task-queue-name": "/_sys/rrentVersion_Batching-564e9892_task_queue_27/1", "wf-task-queue-type": "Workflow", "wf-namespace": "namespace-ec265ab4-426c-4316-a4b3-47fc66311932", "worker-build-id": "rrentVersion_Batching-564e9892_deployment_series/rrentVersion_Batching-564e9892_build_id", "lifecycle": "Started", "cause": "Poll", "logging-call-at": "/Users/shivamsaraf/Desktop/work/temporal/common/log/with_logger.go:66"}
2025-03-19T11:38:43.517-0400	debug	returning empty user data (no data)	{"host": "127.0.0.1:63279", "component": "matching-engine", "wf-task-queue-name": "rrentVersion_Batching-564e9892_task_queue_29", "wf-task-queue-type": "Workflow", "wf-namespace": "namespace-ec265ab4-426c-4316-a4b3-47fc66311932", "long-poll": false, "logging-call-at": "/Users/shivamsaraf/Desktop/work/temporal/common/log/with_logger.go:61"}
2025-03-19T11:38:43.517-0400	debug	returning empty user data (no data)	{"host": "127.0.0.1:63279", "component": "matching-engine", "wf-task-queue-name": "rrentVersion_Batching-564e9892_task_queue_29", "wf-task-queue-type": "Workflow", "wf-namespace": "namespace-ec265ab4-426c-4316-a4b3-47fc66311932", "long-poll": false, "logging-call-at": "/Users/shivamsaraf/Desktop/work/temporal/common/log/with_logger.go:61"}
2025-03-19T11:38:43.517-0400	debug	returning empty user data (no data)	{"host": "127.0.0.1:63279", "component": "matching-engine", "wf-task-queue-name": "rrentVersion_Batching-564e9892_task_queue_29", "wf-task-queue-type": "Workflow", "wf-namespace": "namespace-ec265ab4-426c-4316-a4b3-47fc66311932", "long-poll": false, "logging-call-at": "/Users/shivamsaraf/Desktop/work/temporal/common/log/with_logger.go:61"}
2025-03-19T11:38:43.517-0400	debug	fetched user data from parent, no change	{"host": "127.0.0.1:63279", "component": "matching-engine", "wf-task-queue-name": "/_sys/rrentVersion_Batching-564e9892_task_queue_29/2", "wf-task-queue-type": "Workflow", "wf-namespace": "namespace-ec265ab4-426c-4316-a4b3-47fc66311932", "logging-call-at": "/Users/shivamsaraf/Desktop/work/temporal/common/log/with_logger.go:61"}
2025-03-19T11:38:43.517-0400	debug	fetched user data from parent, no change	{"host": "127.0.0.1:63279", "component": "matching-engine", "wf-task-queue-name": "/_sys/rrentVersion_Batching-564e9892_task_queue_29/3", "wf-task-queue-type": "Workflow", "wf-namespace": "namespace-ec265ab4-426c-4316-a4b3-47fc66311932", "logging-call-at": "/Users/shivamsaraf/Desktop/work/temporal/common/log/with_logger.go:61"}
2025-03-19T11:38:43.517-0400	debug	fetched user data from parent, no change	{"host": "127.0.0.1:63279", "component": "matching-engine", "wf-task-queue-name": "/_sys/rrentVersion_Batching-564e9892_task_queue_29/1", "wf-task-queue-type": "Workflow", "wf-namespace": "namespace-ec265ab4-426c-4316-a4b3-47fc66311932", "logging-call-at": "/Users/shivamsaraf/Desktop/work/temporal/common/log/with_logger.go:61"}
2025-03-19T11:38:43.517-0400	info	loaded user data from db	{"host": "127.0.0.1:63279", "component": "matching-engine", "wf-task-queue-name": "rrentVersion_Batching-564e9892_task_queue_39", "wf-task-queue-type": "Workflow", "wf-namespace": "namespace-ec265ab4-426c-4316-a4b3-47fc66311932", "user-data-version": 0, "timestamp": "1970-01-01T00:00:00.000Z", "logging-call-at": "/Users/shivamsaraf/Desktop/work/temporal/common/log/with_logger.go:66"}
2025-03-19T11:38:43.517-0400	debug	returning empty user data (no data)	{"host": "127.0.0.1:63279", "component": "matching-engine", "wf-task-queue-name": "rrentVersion_Batching-564e9892_task_queue_39", "wf-task-queue-type": "Workflow", "wf-namespace": "namespace-ec265ab4-426c-4316-a4b3-47fc66311932", "long-poll": false, "logging-call-at": "/Users/shivamsaraf/Desktop/work/temporal/common/log/with_logger.go:61"}
2025-03-19T11:38:43.517-0400	debug	returning empty user data (no data)	{"host": "127.0.0.1:63279", "component": "matching-engine", "wf-task-queue-name": "rrentVersion_Batching-564e9892_task_queue_39", "wf-task-queue-type": "Workflow", "wf-namespace": "namespace-ec265ab4-426c-4316-a4b3-47fc66311932", "long-poll": false, "logging-call-at": "/Users/shivamsaraf/Desktop/work/temporal/common/log/with_logger.go:61"}
2025-03-19T11:38:43.517-0400	debug	returning empty user data (no data)	{"host": "127.0.0.1:63279", "component": "matching-engine", "wf-task-queue-name": "rrentVersion_Batching-564e9892_task_queue_39", "wf-task-queue-type": "Workflow", "wf-namespace": "namespace-ec265ab4-426c-4316-a4b3-47fc66311932", "long-poll": false, "logging-call-at": "/Users/shivamsaraf/Desktop/work/temporal/common/log/with_logger.go:61"}
2025-03-19T11:38:43.517-0400	info	Started physicalTaskQueueManager	{"host": "127.0.0.1:63279", "component": "matching-engine", "wf-task-queue-name": "/_sys/rrentVersion_Batching-564e9892_task_queue_29/1", "wf-task-queue-type": "Workflow", "wf-namespace": "namespace-ec265ab4-426c-4316-a4b3-47fc66311932", "worker-build-id": "rrentVersion_Batching-564e9892_deployment_series/rrentVersion_Batching-564e9892_build_id", "lifecycle": "Started", "cause": "Poll", "logging-call-at": "/Users/shivamsaraf/Desktop/work/temporal/common/log/with_logger.go:66"}
2025-03-19T11:38:43.517-0400	debug	fetched user data from parent, no change	{"host": "127.0.0.1:63279", "component": "matching-engine", "wf-task-queue-name": "/_sys/rrentVersion_Batching-564e9892_task_queue_39/3", "wf-task-queue-type": "Workflow", "wf-namespace": "namespace-ec265ab4-426c-4316-a4b3-47fc66311932", "logging-call-at": "/Users/shivamsaraf/Desktop/work/temporal/common/log/with_logger.go:61"}
2025-03-19T11:38:43.517-0400	debug	fetched user data from parent, no change	{"host": "127.0.0.1:63279", "component": "matching-engine", "wf-task-queue-name": "/_sys/rrentVersion_Batching-564e9892_task_queue_39/1", "wf-task-queue-type": "Workflow", "wf-namespace": "namespace-ec265ab4-426c-4316-a4b3-47fc66311932", "logging-call-at": "/Users/shivamsaraf/Desktop/work/temporal/common/log/with_logger.go:61"}
2025-03-19T11:38:43.517-0400	debug	fetched user data from parent, no change	{"host": "127.0.0.1:63279", "component": "matching-engine", "wf-task-queue-name": "/_sys/rrentVersion_Batching-564e9892_task_queue_39/2", "wf-task-queue-type": "Workflow", "wf-namespace": "namespace-ec265ab4-426c-4316-a4b3-47fc66311932", "logging-call-at": "/Users/shivamsaraf/Desktop/work/temporal/common/log/with_logger.go:61"}
2025-03-19T11:38:43.519-0400	info	Started physicalTaskQueueManager	{"host": "127.0.0.1:63279", "component": "matching-engine", "wf-task-queue-name": "/_sys/rrentVersion_Batching-564e9892_task_queue_47/3", "wf-task-queue-type": "Workflow", "wf-namespace": "namespace-ec265ab4-426c-4316-a4b3-47fc66311932", "worker-build-id": "rrentVersion_Batching-564e9892_deployment_series/rrentVersion_Batching-564e9892_build_id", "lifecycle": "Started", "cause": "Poll", "logging-call-at": "/Users/shivamsaraf/Desktop/work/temporal/common/log/with_logger.go:66"}
2025-03-19T11:38:43.520-0400	info	Started physicalTaskQueueManager	{"host": "127.0.0.1:63279", "component": "matching-engine", "wf-task-queue-name": "/_sys/rrentVersion_Batching-564e9892_task_queue_48/3", "wf-task-queue-type": "Workflow", "wf-namespace": "namespace-ec265ab4-426c-4316-a4b3-47fc66311932", "worker-build-id": "rrentVersion_Batching-564e9892_deployment_series/rrentVersion_Batching-564e9892_build_id", "lifecycle": "Started", "cause": "Poll", "logging-call-at": "/Users/shivamsaraf/Desktop/work/temporal/common/log/with_logger.go:66"}
2025-03-19T11:38:43.521-0400	info	loaded user data from db	{"host": "127.0.0.1:63279", "component": "matching-engine", "wf-task-queue-name": "rrentVersion_Batching-564e9892_task_queue_21", "wf-task-queue-type": "Workflow", "wf-namespace": "namespace-ec265ab4-426c-4316-a4b3-47fc66311932", "user-data-version": 0, "timestamp": "1970-01-01T00:00:00.000Z", "logging-call-at": "/Users/shivamsaraf/Desktop/work/temporal/common/log/with_logger.go:66"}
2025-03-19T11:38:43.521-0400	debug	returning empty user data (no data)	{"host": "127.0.0.1:63279", "component": "matching-engine", "wf-task-queue-name": "rrentVersion_Batching-564e9892_task_queue_21", "wf-task-queue-type": "Workflow", "wf-namespace": "namespace-ec265ab4-426c-4316-a4b3-47fc66311932", "long-poll": false, "logging-call-at": "/Users/shivamsaraf/Desktop/work/temporal/common/log/with_logger.go:61"}
2025-03-19T11:38:43.521-0400	debug	returning empty user data (no data)	{"host": "127.0.0.1:63279", "component": "matching-engine", "wf-task-queue-name": "rrentVersion_Batching-564e9892_task_queue_21", "wf-task-queue-type": "Workflow", "wf-namespace": "namespace-ec265ab4-426c-4316-a4b3-47fc66311932", "long-poll": false, "logging-call-at": "/Users/shivamsaraf/Desktop/work/temporal/common/log/with_logger.go:61"}
2025-03-19T11:38:43.521-0400	debug	returning empty user data (no data)	{"host": "127.0.0.1:63279", "component": "matching-engine", "wf-task-queue-name": "rrentVersion_Batching-564e9892_task_queue_21", "wf-task-queue-type": "Workflow", "wf-namespace": "namespace-ec265ab4-426c-4316-a4b3-47fc66311932", "long-poll": false, "logging-call-at": "/Users/shivamsaraf/Desktop/work/temporal/common/log/with_logger.go:61"}
2025-03-19T11:38:43.521-0400	debug	fetched user data from parent, no change	{"host": "127.0.0.1:63279", "component": "matching-engine", "wf-task-queue-name": "/_sys/rrentVersion_Batching-564e9892_task_queue_21/1", "wf-task-queue-type": "Workflow", "wf-namespace": "namespace-ec265ab4-426c-4316-a4b3-47fc66311932", "logging-call-at": "/Users/shivamsaraf/Desktop/work/temporal/common/log/with_logger.go:61"}
2025-03-19T11:38:43.521-0400	debug	fetched user data from parent, no change	{"host": "127.0.0.1:63279", "component": "matching-engine", "wf-task-queue-name": "/_sys/rrentVersion_Batching-564e9892_task_queue_21/2", "wf-task-queue-type": "Workflow", "wf-namespace": "namespace-ec265ab4-426c-4316-a4b3-47fc66311932", "logging-call-at": "/Users/shivamsaraf/Desktop/work/temporal/common/log/with_logger.go:61"}
2025-03-19T11:38:43.521-0400	debug	fetched user data from parent, no change	{"host": "127.0.0.1:63279", "component": "matching-engine", "wf-task-queue-name": "/_sys/rrentVersion_Batching-564e9892_task_queue_21/3", "wf-task-queue-type": "Workflow", "wf-namespace": "namespace-ec265ab4-426c-4316-a4b3-47fc66311932", "logging-call-at": "/Users/shivamsaraf/Desktop/work/temporal/common/log/with_logger.go:61"}
2025-03-19T11:38:43.521-0400	info	Started physicalTaskQueueManager	{"host": "127.0.0.1:63279", "component": "matching-engine", "wf-task-queue-name": "/_sys/rrentVersion_Batching-564e9892_task_queue_21/3", "wf-task-queue-type": "Workflow", "wf-namespace": "namespace-ec265ab4-426c-4316-a4b3-47fc66311932", "worker-build-id": "rrentVersion_Batching-564e9892_deployment_series/rrentVersion_Batching-564e9892_build_id", "lifecycle": "Started", "cause": "Poll", "logging-call-at": "/Users/shivamsaraf/Desktop/work/temporal/common/log/with_logger.go:66"}
2025-03-19T11:38:43.523-0400	debug	returning empty user data (no data)	{"host": "127.0.0.1:63279", "component": "matching-engine", "wf-task-queue-name": "rrentVersion_Batching-564e9892_task_queue_3", "wf-task-queue-type": "Workflow", "wf-namespace": "namespace-ec265ab4-426c-4316-a4b3-47fc66311932", "long-poll": false, "logging-call-at": "/Users/shivamsaraf/Desktop/work/temporal/common/log/with_logger.go:61"}
2025-03-19T11:38:43.523-0400	debug	returning empty user data (no data)	{"host": "127.0.0.1:63279", "component": "matching-engine", "wf-task-queue-name": "rrentVersion_Batching-564e9892_task_queue_3", "wf-task-queue-type": "Workflow", "wf-namespace": "namespace-ec265ab4-426c-4316-a4b3-47fc66311932", "long-poll": false, "logging-call-at": "/Users/shivamsaraf/Desktop/work/temporal/common/log/with_logger.go:61"}
2025-03-19T11:38:43.523-0400	debug	returning empty user data (no data)	{"host": "127.0.0.1:63279", "component": "matching-engine", "wf-task-queue-name": "rrentVersion_Batching-564e9892_task_queue_3", "wf-task-queue-type": "Workflow", "wf-namespace": "namespace-ec265ab4-426c-4316-a4b3-47fc66311932", "long-poll": false, "logging-call-at": "/Users/shivamsaraf/Desktop/work/temporal/common/log/with_logger.go:61"}
2025-03-19T11:38:43.523-0400	debug	fetched user data from parent, no change	{"host": "127.0.0.1:63279", "component": "matching-engine", "wf-task-queue-name": "/_sys/rrentVersion_Batching-564e9892_task_queue_3/2", "wf-task-queue-type": "Workflow", "wf-namespace": "namespace-ec265ab4-426c-4316-a4b3-47fc66311932", "logging-call-at": "/Users/shivamsaraf/Desktop/work/temporal/common/log/with_logger.go:61"}
2025-03-19T11:38:43.523-0400	debug	fetched user data from parent, no change	{"host": "127.0.0.1:63279", "component": "matching-engine", "wf-task-queue-name": "/_sys/rrentVersion_Batching-564e9892_task_queue_3/3", "wf-task-queue-type": "Workflow", "wf-namespace": "namespace-ec265ab4-426c-4316-a4b3-47fc66311932", "logging-call-at": "/Users/shivamsaraf/Desktop/work/temporal/common/log/with_logger.go:61"}
2025-03-19T11:38:43.523-0400	debug	fetched user data from parent, no change	{"host": "127.0.0.1:63279", "component": "matching-engine", "wf-task-queue-name": "/_sys/rrentVersion_Batching-564e9892_task_queue_3/1", "wf-task-queue-type": "Workflow", "wf-namespace": "namespace-ec265ab4-426c-4316-a4b3-47fc66311932", "logging-call-at": "/Users/shivamsaraf/Desktop/work/temporal/common/log/with_logger.go:61"}
2025-03-19T11:38:43.523-0400	info	Started physicalTaskQueueManager	{"host": "127.0.0.1:63279", "component": "matching-engine", "wf-task-queue-name": "/_sys/rrentVersion_Batching-564e9892_task_queue_3/1", "wf-task-queue-type": "Workflow", "wf-namespace": "namespace-ec265ab4-426c-4316-a4b3-47fc66311932", "worker-build-id": "rrentVersion_Batching-564e9892_deployment_series/rrentVersion_Batching-564e9892_build_id", "lifecycle": "Started", "cause": "Poll", "logging-call-at": "/Users/shivamsaraf/Desktop/work/temporal/common/log/with_logger.go:66"}
2025-03-19T11:38:43.525-0400	debug	returning empty user data (no data)	{"host": "127.0.0.1:63279", "component": "matching-engine", "wf-task-queue-name": "rrentVersion_Batching-564e9892_task_queue_19", "wf-task-queue-type": "Workflow", "wf-namespace": "namespace-ec265ab4-426c-4316-a4b3-47fc66311932", "long-poll": false, "logging-call-at": "/Users/shivamsaraf/Desktop/work/temporal/common/log/with_logger.go:61"}
2025-03-19T11:38:43.525-0400	debug	returning empty user data (no data)	{"host": "127.0.0.1:63279", "component": "matching-engine", "wf-task-queue-name": "rrentVersion_Batching-564e9892_task_queue_19", "wf-task-queue-type": "Workflow", "wf-namespace": "namespace-ec265ab4-426c-4316-a4b3-47fc66311932", "long-poll": false, "logging-call-at": "/Users/shivamsaraf/Desktop/work/temporal/common/log/with_logger.go:61"}
2025-03-19T11:38:43.525-0400	debug	returning empty user data (no data)	{"host": "127.0.0.1:63279", "component": "matching-engine", "wf-task-queue-name": "rrentVersion_Batching-564e9892_task_queue_19", "wf-task-queue-type": "Workflow", "wf-namespace": "namespace-ec265ab4-426c-4316-a4b3-47fc66311932", "long-poll": false, "logging-call-at": "/Users/shivamsaraf/Desktop/work/temporal/common/log/with_logger.go:61"}
2025-03-19T11:38:43.525-0400	debug	fetched user data from parent, no change	{"host": "127.0.0.1:63279", "component": "matching-engine", "wf-task-queue-name": "/_sys/rrentVersion_Batching-564e9892_task_queue_19/3", "wf-task-queue-type": "Workflow", "wf-namespace": "namespace-ec265ab4-426c-4316-a4b3-47fc66311932", "logging-call-at": "/Users/shivamsaraf/Desktop/work/temporal/common/log/with_logger.go:61"}
2025-03-19T11:38:43.525-0400	debug	fetched user data from parent, no change	{"host": "127.0.0.1:63279", "component": "matching-engine", "wf-task-queue-name": "/_sys/rrentVersion_Batching-564e9892_task_queue_19/2", "wf-task-queue-type": "Workflow", "wf-namespace": "namespace-ec265ab4-426c-4316-a4b3-47fc66311932", "logging-call-at": "/Users/shivamsaraf/Desktop/work/temporal/common/log/with_logger.go:61"}
2025-03-19T11:38:43.525-0400	debug	fetched user data from parent, no change	{"host": "127.0.0.1:63279", "component": "matching-engine", "wf-task-queue-name": "/_sys/rrentVersion_Batching-564e9892_task_queue_19/1", "wf-task-queue-type": "Workflow", "wf-namespace": "namespace-ec265ab4-426c-4316-a4b3-47fc66311932", "logging-call-at": "/Users/shivamsaraf/Desktop/work/temporal/common/log/with_logger.go:61"}
2025-03-19T11:38:43.525-0400	info	Started physicalTaskQueueManager	{"host": "127.0.0.1:63279", "component": "matching-engine", "wf-task-queue-name": "/_sys/rrentVersion_Batching-564e9892_task_queue_19/1", "wf-task-queue-type": "Workflow", "wf-namespace": "namespace-ec265ab4-426c-4316-a4b3-47fc66311932", "worker-build-id": "rrentVersion_Batching-564e9892_deployment_series/rrentVersion_Batching-564e9892_build_id", "lifecycle": "Started", "cause": "Poll", "logging-call-at": "/Users/shivamsaraf/Desktop/work/temporal/common/log/with_logger.go:66"}
2025-03-19T11:38:43.526-0400	debug	returning empty user data (no data)	{"host": "127.0.0.1:63279", "component": "matching-engine", "wf-task-queue-name": "rrentVersion_Batching-564e9892_task_queue_49", "wf-task-queue-type": "Workflow", "wf-namespace": "namespace-ec265ab4-426c-4316-a4b3-47fc66311932", "long-poll": false, "logging-call-at": "/Users/shivamsaraf/Desktop/work/temporal/common/log/with_logger.go:61"}
2025-03-19T11:38:43.526-0400	debug	returning empty user data (no data)	{"host": "127.0.0.1:63279", "component": "matching-engine", "wf-task-queue-name": "rrentVersion_Batching-564e9892_task_queue_49", "wf-task-queue-type": "Workflow", "wf-namespace": "namespace-ec265ab4-426c-4316-a4b3-47fc66311932", "long-poll": false, "logging-call-at": "/Users/shivamsaraf/Desktop/work/temporal/common/log/with_logger.go:61"}
2025-03-19T11:38:43.526-0400	debug	returning empty user data (no data)	{"host": "127.0.0.1:63279", "component": "matching-engine", "wf-task-queue-name": "rrentVersion_Batching-564e9892_task_queue_49", "wf-task-queue-type": "Workflow", "wf-namespace": "namespace-ec265ab4-426c-4316-a4b3-47fc66311932", "long-poll": false, "logging-call-at": "/Users/shivamsaraf/Desktop/work/temporal/common/log/with_logger.go:61"}
2025-03-19T11:38:43.527-0400	info	Started physicalTaskQueueManager	{"host": "127.0.0.1:63279", "component": "matching-engine", "wf-task-queue-name": "/_sys/rrentVersion_Batching-564e9892_task_queue_20/1", "wf-task-queue-type": "Workflow", "wf-namespace": "namespace-ec265ab4-426c-4316-a4b3-47fc66311932", "worker-build-id": "rrentVersion_Batching-564e9892_deployment_series/rrentVersion_Batching-564e9892_build_id", "lifecycle": "Started", "cause": "Poll", "logging-call-at": "/Users/shivamsaraf/Desktop/work/temporal/common/log/with_logger.go:66"}
2025-03-19T11:38:43.527-0400	debug	fetched user data from parent, no change	{"host": "127.0.0.1:63279", "component": "matching-engine", "wf-task-queue-name": "/_sys/rrentVersion_Batching-564e9892_task_queue_49/1", "wf-task-queue-type": "Workflow", "wf-namespace": "namespace-ec265ab4-426c-4316-a4b3-47fc66311932", "logging-call-at": "/Users/shivamsaraf/Desktop/work/temporal/common/log/with_logger.go:61"}
2025-03-19T11:38:43.527-0400	debug	fetched user data from parent, no change	{"host": "127.0.0.1:63279", "component": "matching-engine", "wf-task-queue-name": "/_sys/rrentVersion_Batching-564e9892_task_queue_49/3", "wf-task-queue-type": "Workflow", "wf-namespace": "namespace-ec265ab4-426c-4316-a4b3-47fc66311932", "logging-call-at": "/Users/shivamsaraf/Desktop/work/temporal/common/log/with_logger.go:61"}
2025-03-19T11:38:43.527-0400	debug	fetched user data from parent, no change	{"host": "127.0.0.1:63279", "component": "matching-engine", "wf-task-queue-name": "/_sys/rrentVersion_Batching-564e9892_task_queue_49/2", "wf-task-queue-type": "Workflow", "wf-namespace": "namespace-ec265ab4-426c-4316-a4b3-47fc66311932", "logging-call-at": "/Users/shivamsaraf/Desktop/work/temporal/common/log/with_logger.go:61"}
2025-03-19T11:38:43.528-0400	info	Started physicalTaskQueueManager	{"host": "127.0.0.1:63279", "component": "matching-engine", "wf-task-queue-name": "/_sys/rrentVersion_Batching-564e9892_task_queue_49/2", "wf-task-queue-type": "Workflow", "wf-namespace": "namespace-ec265ab4-426c-4316-a4b3-47fc66311932", "worker-build-id": "rrentVersion_Batching-564e9892_deployment_series/rrentVersion_Batching-564e9892_build_id", "lifecycle": "Started", "cause": "Poll", "logging-call-at": "/Users/shivamsaraf/Desktop/work/temporal/common/log/with_logger.go:66"}
2025-03-19T11:38:43.531-0400	debug	returning empty user data (no data)	{"host": "127.0.0.1:63279", "component": "matching-engine", "wf-task-queue-name": "rrentVersion_Batching-564e9892_task_queue_7", "wf-task-queue-type": "Workflow", "wf-namespace": "namespace-ec265ab4-426c-4316-a4b3-47fc66311932", "long-poll": false, "logging-call-at": "/Users/shivamsaraf/Desktop/work/temporal/common/log/with_logger.go:61"}
2025-03-19T11:38:43.531-0400	debug	returning empty user data (no data)	{"host": "127.0.0.1:63279", "component": "matching-engine", "wf-task-queue-name": "rrentVersion_Batching-564e9892_task_queue_7", "wf-task-queue-type": "Workflow", "wf-namespace": "namespace-ec265ab4-426c-4316-a4b3-47fc66311932", "long-poll": false, "logging-call-at": "/Users/shivamsaraf/Desktop/work/temporal/common/log/with_logger.go:61"}
2025-03-19T11:38:43.531-0400	debug	returning empty user data (no data)	{"host": "127.0.0.1:63279", "component": "matching-engine", "wf-task-queue-name": "rrentVersion_Batching-564e9892_task_queue_7", "wf-task-queue-type": "Workflow", "wf-namespace": "namespace-ec265ab4-426c-4316-a4b3-47fc66311932", "long-poll": false, "logging-call-at": "/Users/shivamsaraf/Desktop/work/temporal/common/log/with_logger.go:61"}
2025-03-19T11:38:43.531-0400	info	Started physicalTaskQueueManager	{"host": "127.0.0.1:63279", "component": "matching-engine", "wf-task-queue-name": "rrentVersion_Batching-564e9892_task_queue_7", "wf-task-queue-type": "Workflow", "wf-namespace": "namespace-ec265ab4-426c-4316-a4b3-47fc66311932", "worker-build-id": "rrentVersion_Batching-564e9892_deployment_series/rrentVersion_Batching-564e9892_build_id", "lifecycle": "Started", "cause": "Poll", "logging-call-at": "/Users/shivamsaraf/Desktop/work/temporal/common/log/with_logger.go:66"}
2025-03-19T11:38:43.532-0400	debug	fetched user data from parent, no change	{"host": "127.0.0.1:63279", "component": "matching-engine", "wf-task-queue-name": "/_sys/rrentVersion_Batching-564e9892_task_queue_7/1", "wf-task-queue-type": "Workflow", "wf-namespace": "namespace-ec265ab4-426c-4316-a4b3-47fc66311932", "logging-call-at": "/Users/shivamsaraf/Desktop/work/temporal/common/log/with_logger.go:61"}
2025-03-19T11:38:43.532-0400	debug	fetched user data from parent, no change	{"host": "127.0.0.1:63279", "component": "matching-engine", "wf-task-queue-name": "/_sys/rrentVersion_Batching-564e9892_task_queue_7/2", "wf-task-queue-type": "Workflow", "wf-namespace": "namespace-ec265ab4-426c-4316-a4b3-47fc66311932", "logging-call-at": "/Users/shivamsaraf/Desktop/work/temporal/common/log/with_logger.go:61"}
2025-03-19T11:38:43.532-0400	debug	fetched user data from parent, no change	{"host": "127.0.0.1:63279", "component": "matching-engine", "wf-task-queue-name": "/_sys/rrentVersion_Batching-564e9892_task_queue_7/3", "wf-task-queue-type": "Workflow", "wf-namespace": "namespace-ec265ab4-426c-4316-a4b3-47fc66311932", "logging-call-at": "/Users/shivamsaraf/Desktop/work/temporal/common/log/with_logger.go:61"}
2025-03-19T11:38:43.535-0400	debug	returning empty user data (no data)	{"host": "127.0.0.1:63279", "component": "matching-engine", "wf-task-queue-name": "rrentVersion_Batching-564e9892_task_queue_5", "wf-task-queue-type": "Workflow", "wf-namespace": "namespace-ec265ab4-426c-4316-a4b3-47fc66311932", "long-poll": false, "logging-call-at": "/Users/shivamsaraf/Desktop/work/temporal/common/log/with_logger.go:61"}
2025-03-19T11:38:43.535-0400	debug	returning empty user data (no data)	{"host": "127.0.0.1:63279", "component": "matching-engine", "wf-task-queue-name": "rrentVersion_Batching-564e9892_task_queue_5", "wf-task-queue-type": "Workflow", "wf-namespace": "namespace-ec265ab4-426c-4316-a4b3-47fc66311932", "long-poll": false, "logging-call-at": "/Users/shivamsaraf/Desktop/work/temporal/common/log/with_logger.go:61"}
2025-03-19T11:38:43.535-0400	debug	returning empty user data (no data)	{"host": "127.0.0.1:63279", "component": "matching-engine", "wf-task-queue-name": "rrentVersion_Batching-564e9892_task_queue_5", "wf-task-queue-type": "Workflow", "wf-namespace": "namespace-ec265ab4-426c-4316-a4b3-47fc66311932", "long-poll": false, "logging-call-at": "/Users/shivamsaraf/Desktop/work/temporal/common/log/with_logger.go:61"}
2025-03-19T11:38:43.535-0400	info	Started physicalTaskQueueManager	{"host": "127.0.0.1:63279", "component": "matching-engine", "wf-task-queue-name": "rrentVersion_Batching-564e9892_task_queue_5", "wf-task-queue-type": "Workflow", "wf-namespace": "namespace-ec265ab4-426c-4316-a4b3-47fc66311932", "worker-build-id": "rrentVersion_Batching-564e9892_deployment_series/rrentVersion_Batching-564e9892_build_id", "lifecycle": "Started", "cause": "Poll", "logging-call-at": "/Users/shivamsaraf/Desktop/work/temporal/common/log/with_logger.go:66"}
2025-03-19T11:38:43.535-0400	debug	fetched user data from parent, no change	{"host": "127.0.0.1:63279", "component": "matching-engine", "wf-task-queue-name": "/_sys/rrentVersion_Batching-564e9892_task_queue_5/2", "wf-task-queue-type": "Workflow", "wf-namespace": "namespace-ec265ab4-426c-4316-a4b3-47fc66311932", "logging-call-at": "/Users/shivamsaraf/Desktop/work/temporal/common/log/with_logger.go:61"}
2025-03-19T11:38:43.535-0400	debug	fetched user data from parent, no change	{"host": "127.0.0.1:63279", "component": "matching-engine", "wf-task-queue-name": "/_sys/rrentVersion_Batching-564e9892_task_queue_5/3", "wf-task-queue-type": "Workflow", "wf-namespace": "namespace-ec265ab4-426c-4316-a4b3-47fc66311932", "logging-call-at": "/Users/shivamsaraf/Desktop/work/temporal/common/log/with_logger.go:61"}
2025-03-19T11:38:43.535-0400	debug	fetched user data from parent, no change	{"host": "127.0.0.1:63279", "component": "matching-engine", "wf-task-queue-name": "/_sys/rrentVersion_Batching-564e9892_task_queue_5/1", "wf-task-queue-type": "Workflow", "wf-namespace": "namespace-ec265ab4-426c-4316-a4b3-47fc66311932", "logging-call-at": "/Users/shivamsaraf/Desktop/work/temporal/common/log/with_logger.go:61"}
2025-03-19T11:38:43.536-0400	info	loaded user data from db	{"host": "127.0.0.1:63279", "component": "matching-engine", "wf-task-queue-name": "rrentVersion_Batching-564e9892_task_queue_43", "wf-task-queue-type": "Workflow", "wf-namespace": "namespace-ec265ab4-426c-4316-a4b3-47fc66311932", "user-data-version": 0, "timestamp": "1970-01-01T00:00:00.000Z", "logging-call-at": "/Users/shivamsaraf/Desktop/work/temporal/common/log/with_logger.go:66"}
2025-03-19T11:38:43.536-0400	debug	returning empty user data (no data)	{"host": "127.0.0.1:63279", "component": "matching-engine", "wf-task-queue-name": "rrentVersion_Batching-564e9892_task_queue_43", "wf-task-queue-type": "Workflow", "wf-namespace": "namespace-ec265ab4-426c-4316-a4b3-47fc66311932", "long-poll": false, "logging-call-at": "/Users/shivamsaraf/Desktop/work/temporal/common/log/with_logger.go:61"}
2025-03-19T11:38:43.536-0400	debug	returning empty user data (no data)	{"host": "127.0.0.1:63279", "component": "matching-engine", "wf-task-queue-name": "rrentVersion_Batching-564e9892_task_queue_43", "wf-task-queue-type": "Workflow", "wf-namespace": "namespace-ec265ab4-426c-4316-a4b3-47fc66311932", "long-poll": false, "logging-call-at": "/Users/shivamsaraf/Desktop/work/temporal/common/log/with_logger.go:61"}
2025-03-19T11:38:43.536-0400	debug	returning empty user data (no data)	{"host": "127.0.0.1:63279", "component": "matching-engine", "wf-task-queue-name": "rrentVersion_Batching-564e9892_task_queue_43", "wf-task-queue-type": "Workflow", "wf-namespace": "namespace-ec265ab4-426c-4316-a4b3-47fc66311932", "long-poll": false, "logging-call-at": "/Users/shivamsaraf/Desktop/work/temporal/common/log/with_logger.go:61"}
2025-03-19T11:38:43.536-0400	debug	fetched user data from parent, no change	{"host": "127.0.0.1:63279", "component": "matching-engine", "wf-task-queue-name": "/_sys/rrentVersion_Batching-564e9892_task_queue_43/2", "wf-task-queue-type": "Workflow", "wf-namespace": "namespace-ec265ab4-426c-4316-a4b3-47fc66311932", "logging-call-at": "/Users/shivamsaraf/Desktop/work/temporal/common/log/with_logger.go:61"}
2025-03-19T11:38:43.536-0400	debug	fetched user data from parent, no change	{"host": "127.0.0.1:63279", "component": "matching-engine", "wf-task-queue-name": "/_sys/rrentVersion_Batching-564e9892_task_queue_43/1", "wf-task-queue-type": "Workflow", "wf-namespace": "namespace-ec265ab4-426c-4316-a4b3-47fc66311932", "logging-call-at": "/Users/shivamsaraf/Desktop/work/temporal/common/log/with_logger.go:61"}
2025-03-19T11:38:43.536-0400	debug	fetched user data from parent, no change	{"host": "127.0.0.1:63279", "component": "matching-engine", "wf-task-queue-name": "/_sys/rrentVersion_Batching-564e9892_task_queue_43/3", "wf-task-queue-type": "Workflow", "wf-namespace": "namespace-ec265ab4-426c-4316-a4b3-47fc66311932", "logging-call-at": "/Users/shivamsaraf/Desktop/work/temporal/common/log/with_logger.go:61"}
2025-03-19T11:38:43.537-0400	info	Started physicalTaskQueueManager	{"host": "127.0.0.1:63279", "component": "matching-engine", "wf-task-queue-name": "/_sys/rrentVersion_Batching-564e9892_task_queue_43/1", "wf-task-queue-type": "Workflow", "wf-namespace": "namespace-ec265ab4-426c-4316-a4b3-47fc66311932", "worker-build-id": "rrentVersion_Batching-564e9892_deployment_series/rrentVersion_Batching-564e9892_build_id", "lifecycle": "Started", "cause": "Poll", "logging-call-at": "/Users/shivamsaraf/Desktop/work/temporal/common/log/with_logger.go:66"}
2025-03-19T11:38:43.537-0400	info	Started physicalTaskQueueManager	{"host": "127.0.0.1:63279", "component": "matching-engine", "wf-task-queue-name": "/_sys/rrentVersion_Batching-564e9892_task_queue_35/2", "wf-task-queue-type": "Workflow", "wf-namespace": "namespace-ec265ab4-426c-4316-a4b3-47fc66311932", "worker-build-id": "rrentVersion_Batching-564e9892_deployment_series/rrentVersion_Batching-564e9892_build_id", "lifecycle": "Started", "cause": "Poll", "logging-call-at": "/Users/shivamsaraf/Desktop/work/temporal/common/log/with_logger.go:66"}
2025-03-19T11:38:43.537-0400	info	Started physicalTaskQueueManager	{"host": "127.0.0.1:63279", "component": "matching-engine", "wf-task-queue-name": "/_sys/rrentVersion_Batching-564e9892_task_queue_39/2", "wf-task-queue-type": "Workflow", "wf-namespace": "namespace-ec265ab4-426c-4316-a4b3-47fc66311932", "worker-build-id": "rrentVersion_Batching-564e9892_deployment_series/rrentVersion_Batching-564e9892_build_id", "lifecycle": "Started", "cause": "Poll", "logging-call-at": "/Users/shivamsaraf/Desktop/work/temporal/common/log/with_logger.go:66"}
2025-03-19T11:38:43.539-0400	info	Started physicalTaskQueueManager	{"host": "127.0.0.1:63279", "component": "matching-engine", "wf-task-queue-name": "/_sys/rrentVersion_Batching-564e9892_task_queue_16/1", "wf-task-queue-type": "Workflow", "wf-namespace": "namespace-ec265ab4-426c-4316-a4b3-47fc66311932", "worker-build-id": "rrentVersion_Batching-564e9892_deployment_series/rrentVersion_Batching-564e9892_build_id", "lifecycle": "Started", "cause": "Poll", "logging-call-at": "/Users/shivamsaraf/Desktop/work/temporal/common/log/with_logger.go:66"}
2025-03-19T11:38:43.539-0400	error	deployment client error	{"host": "127.0.0.1:63278", "error": "Worker Deployment not found", "operation": "DescribeWorkerDeployment", "elapsed": 0.058277792, "args": ["rrentVersion_Batching-564e9892_deployment_series"], "logging-call-at": "/Users/shivamsaraf/Desktop/work/temporal/common/log/with_logger.go:76"}
go.temporal.io/server/common/log.(*zapLogger).Error
	/Users/shivamsaraf/Desktop/work/temporal/common/log/zap_logger.go:156
go.temporal.io/server/common/testing/testlogger.(*TestLogger).Error
	/Users/shivamsaraf/Desktop/work/temporal/common/testing/testlogger/testlogger.go:366
go.temporal.io/server/common/log.(*withLogger).Error
	/Users/shivamsaraf/Desktop/work/temporal/common/log/with_logger.go:76
go.temporal.io/server/service/worker/workerdeployment.(*ClientImpl).DescribeWorkerDeployment.(*ClientImpl).record.func1
	/Users/shivamsaraf/Desktop/work/temporal/service/worker/workerdeployment/client.go:1270
go.temporal.io/server/service/worker/workerdeployment.(*ClientImpl).DescribeWorkerDeployment
	/Users/shivamsaraf/Desktop/work/temporal/service/worker/workerdeployment/client.go:414
go.temporal.io/server/service/frontend.(*WorkflowHandler).DescribeWorkerDeployment
	/Users/shivamsaraf/Desktop/work/temporal/service/frontend/workflow_handler.go:3517
go.temporal.io/api/workflowservice/v1._WorkflowService_DescribeWorkerDeployment_Handler.func1
	/Users/shivamsaraf/go/pkg/mod/go.temporal.io/api@v1.45.0/workflowservice/v1/service_grpc.pb.go:3429
go.temporal.io/server/common/rpc/interceptor.(*RetryableInterceptor).Intercept.func1
	/Users/shivamsaraf/Desktop/work/temporal/common/rpc/interceptor/retry.go:62
go.temporal.io/server/common/backoff.ThrottleRetryContext
	/Users/shivamsaraf/Desktop/work/temporal/common/backoff/retry.go:89
go.temporal.io/server/common/rpc/interceptor.(*RetryableInterceptor).Intercept
	/Users/shivamsaraf/Desktop/work/temporal/common/rpc/interceptor/retry.go:66
google.golang.org/grpc.getChainUnaryHandler.func1
	/Users/shivamsaraf/go/pkg/mod/google.golang.org/grpc@v1.70.0/server.go:1212
go.temporal.io/server/common/rpc/interceptor.(*CallerInfoInterceptor).Intercept
	/Users/shivamsaraf/Desktop/work/temporal/common/rpc/interceptor/caller_info.go:64
google.golang.org/grpc.getChainUnaryHandler.func1
	/Users/shivamsaraf/go/pkg/mod/google.golang.org/grpc@v1.70.0/server.go:1212
go.temporal.io/server/common/rpc/interceptor.(*SDKVersionInterceptor).Intercept
	/Users/shivamsaraf/Desktop/work/temporal/common/rpc/interceptor/sdk_version.go:68
google.golang.org/grpc.getChainUnaryHandler.func1
	/Users/shivamsaraf/go/pkg/mod/google.golang.org/grpc@v1.70.0/server.go:1212
go.temporal.io/server/common/rpc/interceptor.(*RateLimitInterceptor).Intercept
	/Users/shivamsaraf/Desktop/work/temporal/common/rpc/interceptor/rate_limit.go:88
google.golang.org/grpc.getChainUnaryHandler.func1
	/Users/shivamsaraf/go/pkg/mod/google.golang.org/grpc@v1.70.0/server.go:1212
go.temporal.io/server/common/rpc/interceptor.(*NamespaceRateLimitInterceptor).Intercept
	/Users/shivamsaraf/Desktop/work/temporal/common/rpc/interceptor/namespace_rate_limit.go:85
google.golang.org/grpc.getChainUnaryHandler.func1
	/Users/shivamsaraf/go/pkg/mod/google.golang.org/grpc@v1.70.0/server.go:1212
go.temporal.io/server/common/rpc/interceptor.(*ConcurrentRequestLimitInterceptor).Intercept
	/Users/shivamsaraf/Desktop/work/temporal/common/rpc/interceptor/concurrent_request_limit.go:107
google.golang.org/grpc.getChainUnaryHandler.func1
	/Users/shivamsaraf/go/pkg/mod/google.golang.org/grpc@v1.70.0/server.go:1212
go.temporal.io/server/common/rpc/interceptor.(*NamespaceValidatorInterceptor).StateValidationIntercept
	/Users/shivamsaraf/Desktop/work/temporal/common/rpc/interceptor/namespace_validator.go:234
google.golang.org/grpc.getChainUnaryHandler.func1
	/Users/shivamsaraf/go/pkg/mod/google.golang.org/grpc@v1.70.0/server.go:1212
go.temporal.io/server/common/rpc/interceptor.(*HealthInterceptor).Intercept
	/Users/shivamsaraf/Desktop/work/temporal/common/rpc/interceptor/health.go:65
google.golang.org/grpc.getChainUnaryHandler.func1
	/Users/shivamsaraf/go/pkg/mod/google.golang.org/grpc@v1.70.0/server.go:1212
go.temporal.io/server/common/rpc/interceptor.(*TelemetryInterceptor).UnaryIntercept
	/Users/shivamsaraf/Desktop/work/temporal/common/rpc/interceptor/telemetry.go:198
google.golang.org/grpc.getChainUnaryHandler.func1
	/Users/shivamsaraf/go/pkg/mod/google.golang.org/grpc@v1.70.0/server.go:1212
go.temporal.io/server/common/rpc/interceptor.(*Redirection).handleRedirectAPIInvocation.func2
	/Users/shivamsaraf/Desktop/work/temporal/common/rpc/interceptor/redirection.go:265
go.temporal.io/server/common/rpc/interceptor.(*NoopRedirectionPolicy).WithNamespaceRedirect
	/Users/shivamsaraf/Desktop/work/temporal/common/rpc/interceptor/dc_redirection_policy.go:125
go.temporal.io/server/common/rpc/interceptor.(*Redirection).handleRedirectAPIInvocation
	/Users/shivamsaraf/Desktop/work/temporal/common/rpc/interceptor/redirection.go:262
go.temporal.io/server/common/rpc/interceptor.(*Redirection).Intercept
	/Users/shivamsaraf/Desktop/work/temporal/common/rpc/interceptor/redirection.go:222
google.golang.org/grpc.getChainUnaryHandler.func1
	/Users/shivamsaraf/go/pkg/mod/google.golang.org/grpc@v1.70.0/server.go:1212
go.temporal.io/server/common/rpc/interceptor.(*NamespaceHandoverInterceptor).Intercept
	/Users/shivamsaraf/Desktop/work/temporal/common/rpc/interceptor/namespace_handover.go:109
google.golang.org/grpc.getChainUnaryHandler.func1
	/Users/shivamsaraf/go/pkg/mod/google.golang.org/grpc@v1.70.0/server.go:1212
go.temporal.io/server/common/authorization.(*Interceptor).Intercept
	/Users/shivamsaraf/Desktop/work/temporal/common/authorization/interceptor.go:178
google.golang.org/grpc.getChainUnaryHandler.func1
	/Users/shivamsaraf/go/pkg/mod/google.golang.org/grpc@v1.70.0/server.go:1212
go.temporal.io/server/service/frontend.GrpcServerOptionsProvider.NewServerMetricsContextInjectorInterceptor.func2
	/Users/shivamsaraf/Desktop/work/temporal/common/metrics/grpc.go:65
google.golang.org/grpc.getChainUnaryHandler.func1
	/Users/shivamsaraf/go/pkg/mod/google.golang.org/grpc@v1.70.0/server.go:1212
go.temporal.io/server/common/rpc/interceptor.(*NamespaceLogInterceptor).Intercept
	/Users/shivamsaraf/Desktop/work/temporal/common/rpc/interceptor/namespace_logger.go:84
google.golang.org/grpc.getChainUnaryHandler.func1
	/Users/shivamsaraf/go/pkg/mod/google.golang.org/grpc@v1.70.0/server.go:1212
go.temporal.io/server/common/rpc/interceptor.(*NamespaceValidatorInterceptor).NamespaceValidateIntercept
	/Users/shivamsaraf/Desktop/work/temporal/common/rpc/interceptor/namespace_validator.go:145
google.golang.org/grpc.getChainUnaryHandler.func1
	/Users/shivamsaraf/go/pkg/mod/google.golang.org/grpc@v1.70.0/server.go:1212
go.temporal.io/server/service/frontend.GrpcServerOptionsProvider.NewFrontendServiceErrorInterceptor.func1
	/Users/shivamsaraf/Desktop/work/temporal/common/rpc/grpc.go:178
google.golang.org/grpc.getChainUnaryHandler.func1
	/Users/shivamsaraf/go/pkg/mod/google.golang.org/grpc@v1.70.0/server.go:1212
go.temporal.io/server/common/rpc.ServiceErrorInterceptor
	/Users/shivamsaraf/Desktop/work/temporal/common/rpc/grpc.go:157
google.golang.org/grpc.getChainUnaryHandler.func1
	/Users/shivamsaraf/go/pkg/mod/google.golang.org/grpc@v1.70.0/server.go:1212
go.temporal.io/server/common/rpc/interceptor.(*MaskInternalErrorDetailsInterceptor).Intercept
	/Users/shivamsaraf/Desktop/work/temporal/common/rpc/interceptor/mask_internal_error.go:65
google.golang.org/grpc.NewServer.chainUnaryServerInterceptors.chainUnaryInterceptors.func1
	/Users/shivamsaraf/go/pkg/mod/google.golang.org/grpc@v1.70.0/server.go:1203
go.temporal.io/api/workflowservice/v1._WorkflowService_DescribeWorkerDeployment_Handler
	/Users/shivamsaraf/go/pkg/mod/go.temporal.io/api@v1.45.0/workflowservice/v1/service_grpc.pb.go:3431
google.golang.org/grpc.(*Server).processUnaryRPC
	/Users/shivamsaraf/go/pkg/mod/google.golang.org/grpc@v1.70.0/server.go:1400
google.golang.org/grpc.(*Server).handleStream
	/Users/shivamsaraf/go/pkg/mod/google.golang.org/grpc@v1.70.0/server.go:1810
google.golang.org/grpc.(*Server).serveStreams.func2.1
	/Users/shivamsaraf/go/pkg/mod/google.golang.org/grpc@v1.70.0/server.go:1030
2025-03-19T11:38:43.541-0400	debug	returning empty user data (no data)	{"host": "127.0.0.1:63279", "component": "matching-engine", "wf-task-queue-name": "rrentVersion_Batching-564e9892_task_queue_26", "wf-task-queue-type": "Workflow", "wf-namespace": "namespace-ec265ab4-426c-4316-a4b3-47fc66311932", "long-poll": false, "logging-call-at": "/Users/shivamsaraf/Desktop/work/temporal/common/log/with_logger.go:61"}
2025-03-19T11:38:43.541-0400	debug	returning empty user data (no data)	{"host": "127.0.0.1:63279", "component": "matching-engine", "wf-task-queue-name": "rrentVersion_Batching-564e9892_task_queue_26", "wf-task-queue-type": "Workflow", "wf-namespace": "namespace-ec265ab4-426c-4316-a4b3-47fc66311932", "long-poll": false, "logging-call-at": "/Users/shivamsaraf/Desktop/work/temporal/common/log/with_logger.go:61"}
2025-03-19T11:38:43.541-0400	debug	returning empty user data (no data)	{"host": "127.0.0.1:63279", "component": "matching-engine", "wf-task-queue-name": "rrentVersion_Batching-564e9892_task_queue_26", "wf-task-queue-type": "Workflow", "wf-namespace": "namespace-ec265ab4-426c-4316-a4b3-47fc66311932", "long-poll": false, "logging-call-at": "/Users/shivamsaraf/Desktop/work/temporal/common/log/with_logger.go:61"}
2025-03-19T11:38:43.541-0400	debug	fetched user data from parent, no change	{"host": "127.0.0.1:63279", "component": "matching-engine", "wf-task-queue-name": "/_sys/rrentVersion_Batching-564e9892_task_queue_26/3", "wf-task-queue-type": "Workflow", "wf-namespace": "namespace-ec265ab4-426c-4316-a4b3-47fc66311932", "logging-call-at": "/Users/shivamsaraf/Desktop/work/temporal/common/log/with_logger.go:61"}
2025-03-19T11:38:43.541-0400	debug	fetched user data from parent, no change	{"host": "127.0.0.1:63279", "component": "matching-engine", "wf-task-queue-name": "/_sys/rrentVersion_Batching-564e9892_task_queue_26/1", "wf-task-queue-type": "Workflow", "wf-namespace": "namespace-ec265ab4-426c-4316-a4b3-47fc66311932", "logging-call-at": "/Users/shivamsaraf/Desktop/work/temporal/common/log/with_logger.go:61"}
2025-03-19T11:38:43.541-0400	debug	fetched user data from parent, no change	{"host": "127.0.0.1:63279", "component": "matching-engine", "wf-task-queue-name": "/_sys/rrentVersion_Batching-564e9892_task_queue_26/2", "wf-task-queue-type": "Workflow", "wf-namespace": "namespace-ec265ab4-426c-4316-a4b3-47fc66311932", "logging-call-at": "/Users/shivamsaraf/Desktop/work/temporal/common/log/with_logger.go:61"}
2025-03-19T11:38:43.543-0400	info	loaded user data from db	{"host": "127.0.0.1:63279", "component": "matching-engine", "wf-task-queue-name": "rrentVersion_Batching-564e9892_task_queue_46", "wf-task-queue-type": "Workflow", "wf-namespace": "namespace-ec265ab4-426c-4316-a4b3-47fc66311932", "user-data-version": 0, "timestamp": "1970-01-01T00:00:00.000Z", "logging-call-at": "/Users/shivamsaraf/Desktop/work/temporal/common/log/with_logger.go:66"}
2025-03-19T11:38:43.544-0400	debug	returning empty user data (no data)	{"host": "127.0.0.1:63279", "component": "matching-engine", "wf-task-queue-name": "rrentVersion_Batching-564e9892_task_queue_46", "wf-task-queue-type": "Workflow", "wf-namespace": "namespace-ec265ab4-426c-4316-a4b3-47fc66311932", "long-poll": false, "logging-call-at": "/Users/shivamsaraf/Desktop/work/temporal/common/log/with_logger.go:61"}
2025-03-19T11:38:43.544-0400	debug	returning empty user data (no data)	{"host": "127.0.0.1:63279", "component": "matching-engine", "wf-task-queue-name": "rrentVersion_Batching-564e9892_task_queue_46", "wf-task-queue-type": "Workflow", "wf-namespace": "namespace-ec265ab4-426c-4316-a4b3-47fc66311932", "long-poll": false, "logging-call-at": "/Users/shivamsaraf/Desktop/work/temporal/common/log/with_logger.go:61"}
2025-03-19T11:38:43.544-0400	debug	returning empty user data (no data)	{"host": "127.0.0.1:63279", "component": "matching-engine", "wf-task-queue-name": "rrentVersion_Batching-564e9892_task_queue_46", "wf-task-queue-type": "Workflow", "wf-namespace": "namespace-ec265ab4-426c-4316-a4b3-47fc66311932", "long-poll": false, "logging-call-at": "/Users/shivamsaraf/Desktop/work/temporal/common/log/with_logger.go:61"}
2025-03-19T11:38:43.544-0400	debug	fetched user data from parent, no change	{"host": "127.0.0.1:63279", "component": "matching-engine", "wf-task-queue-name": "/_sys/rrentVersion_Batching-564e9892_task_queue_46/3", "wf-task-queue-type": "Workflow", "wf-namespace": "namespace-ec265ab4-426c-4316-a4b3-47fc66311932", "logging-call-at": "/Users/shivamsaraf/Desktop/work/temporal/common/log/with_logger.go:61"}
2025-03-19T11:38:43.544-0400	debug	fetched user data from parent, no change	{"host": "127.0.0.1:63279", "component": "matching-engine", "wf-task-queue-name": "/_sys/rrentVersion_Batching-564e9892_task_queue_46/1", "wf-task-queue-type": "Workflow", "wf-namespace": "namespace-ec265ab4-426c-4316-a4b3-47fc66311932", "logging-call-at": "/Users/shivamsaraf/Desktop/work/temporal/common/log/with_logger.go:61"}
2025-03-19T11:38:43.544-0400	debug	fetched user data from parent, no change	{"host": "127.0.0.1:63279", "component": "matching-engine", "wf-task-queue-name": "/_sys/rrentVersion_Batching-564e9892_task_queue_46/2", "wf-task-queue-type": "Workflow", "wf-namespace": "namespace-ec265ab4-426c-4316-a4b3-47fc66311932", "logging-call-at": "/Users/shivamsaraf/Desktop/work/temporal/common/log/with_logger.go:61"}
2025-03-19T11:38:43.544-0400	info	Started physicalTaskQueueManager	{"host": "127.0.0.1:63279", "component": "matching-engine", "wf-task-queue-name": "/_sys/rrentVersion_Batching-564e9892_task_queue_46/1", "wf-task-queue-type": "Workflow", "wf-namespace": "namespace-ec265ab4-426c-4316-a4b3-47fc66311932", "worker-build-id": "rrentVersion_Batching-564e9892_deployment_series/rrentVersion_Batching-564e9892_build_id", "lifecycle": "Started", "cause": "Poll", "logging-call-at": "/Users/shivamsaraf/Desktop/work/temporal/common/log/with_logger.go:66"}
2025-03-19T11:38:43.544-0400	debug	returning empty user data (no data)	{"host": "127.0.0.1:63279", "component": "matching-engine", "wf-task-queue-name": "rrentVersion_Batching-564e9892_task_queue_13", "wf-task-queue-type": "Workflow", "wf-namespace": "namespace-ec265ab4-426c-4316-a4b3-47fc66311932", "long-poll": false, "logging-call-at": "/Users/shivamsaraf/Desktop/work/temporal/common/log/with_logger.go:61"}
2025-03-19T11:38:43.544-0400	debug	returning empty user data (no data)	{"host": "127.0.0.1:63279", "component": "matching-engine", "wf-task-queue-name": "rrentVersion_Batching-564e9892_task_queue_13", "wf-task-queue-type": "Workflow", "wf-namespace": "namespace-ec265ab4-426c-4316-a4b3-47fc66311932", "long-poll": false, "logging-call-at": "/Users/shivamsaraf/Desktop/work/temporal/common/log/with_logger.go:61"}
2025-03-19T11:38:43.544-0400	debug	returning empty user data (no data)	{"host": "127.0.0.1:63279", "component": "matching-engine", "wf-task-queue-name": "rrentVersion_Batching-564e9892_task_queue_13", "wf-task-queue-type": "Workflow", "wf-namespace": "namespace-ec265ab4-426c-4316-a4b3-47fc66311932", "long-poll": false, "logging-call-at": "/Users/shivamsaraf/Desktop/work/temporal/common/log/with_logger.go:61"}
2025-03-19T11:38:43.544-0400	debug	fetched user data from parent, no change	{"host": "127.0.0.1:63279", "component": "matching-engine", "wf-task-queue-name": "/_sys/rrentVersion_Batching-564e9892_task_queue_13/3", "wf-task-queue-type": "Workflow", "wf-namespace": "namespace-ec265ab4-426c-4316-a4b3-47fc66311932", "logging-call-at": "/Users/shivamsaraf/Desktop/work/temporal/common/log/with_logger.go:61"}
2025-03-19T11:38:43.545-0400	debug	fetched user data from parent, no change	{"host": "127.0.0.1:63279", "component": "matching-engine", "wf-task-queue-name": "/_sys/rrentVersion_Batching-564e9892_task_queue_13/1", "wf-task-queue-type": "Workflow", "wf-namespace": "namespace-ec265ab4-426c-4316-a4b3-47fc66311932", "logging-call-at": "/Users/shivamsaraf/Desktop/work/temporal/common/log/with_logger.go:61"}
2025-03-19T11:38:43.545-0400	info	loaded user data from db	{"host": "127.0.0.1:63279", "component": "matching-engine", "wf-task-queue-name": "rrentVersion_Batching-564e9892_task_queue_4", "wf-task-queue-type": "Workflow", "wf-namespace": "namespace-ec265ab4-426c-4316-a4b3-47fc66311932", "user-data-version": 0, "timestamp": "1970-01-01T00:00:00.000Z", "logging-call-at": "/Users/shivamsaraf/Desktop/work/temporal/common/log/with_logger.go:66"}
2025-03-19T11:38:43.544-0400	debug	fetched user data from parent, no change	{"host": "127.0.0.1:63279", "component": "matching-engine", "wf-task-queue-name": "/_sys/rrentVersion_Batching-564e9892_task_queue_13/2", "wf-task-queue-type": "Workflow", "wf-namespace": "namespace-ec265ab4-426c-4316-a4b3-47fc66311932", "logging-call-at": "/Users/shivamsaraf/Desktop/work/temporal/common/log/with_logger.go:61"}
2025-03-19T11:38:43.545-0400	debug	returning empty user data (no data)	{"host": "127.0.0.1:63279", "component": "matching-engine", "wf-task-queue-name": "rrentVersion_Batching-564e9892_task_queue_4", "wf-task-queue-type": "Workflow", "wf-namespace": "namespace-ec265ab4-426c-4316-a4b3-47fc66311932", "long-poll": false, "logging-call-at": "/Users/shivamsaraf/Desktop/work/temporal/common/log/with_logger.go:61"}
2025-03-19T11:38:43.545-0400	debug	returning empty user data (no data)	{"host": "127.0.0.1:63279", "component": "matching-engine", "wf-task-queue-name": "rrentVersion_Batching-564e9892_task_queue_4", "wf-task-queue-type": "Workflow", "wf-namespace": "namespace-ec265ab4-426c-4316-a4b3-47fc66311932", "long-poll": false, "logging-call-at": "/Users/shivamsaraf/Desktop/work/temporal/common/log/with_logger.go:61"}
2025-03-19T11:38:43.545-0400	debug	returning empty user data (no data)	{"host": "127.0.0.1:63279", "component": "matching-engine", "wf-task-queue-name": "rrentVersion_Batching-564e9892_task_queue_4", "wf-task-queue-type": "Workflow", "wf-namespace": "namespace-ec265ab4-426c-4316-a4b3-47fc66311932", "long-poll": false, "logging-call-at": "/Users/shivamsaraf/Desktop/work/temporal/common/log/with_logger.go:61"}
2025-03-19T11:38:43.545-0400	info	Started physicalTaskQueueManager	{"host": "127.0.0.1:63279", "component": "matching-engine", "wf-task-queue-name": "rrentVersion_Batching-564e9892_task_queue_4", "wf-task-queue-type": "Workflow", "wf-namespace": "namespace-ec265ab4-426c-4316-a4b3-47fc66311932", "worker-build-id": "rrentVersion_Batching-564e9892_deployment_series/rrentVersion_Batching-564e9892_build_id", "lifecycle": "Started", "cause": "Poll", "logging-call-at": "/Users/shivamsaraf/Desktop/work/temporal/common/log/with_logger.go:66"}
2025-03-19T11:38:43.545-0400	debug	fetched user data from parent, no change	{"host": "127.0.0.1:63279", "component": "matching-engine", "wf-task-queue-name": "/_sys/rrentVersion_Batching-564e9892_task_queue_4/2", "wf-task-queue-type": "Workflow", "wf-namespace": "namespace-ec265ab4-426c-4316-a4b3-47fc66311932", "logging-call-at": "/Users/shivamsaraf/Desktop/work/temporal/common/log/with_logger.go:61"}
2025-03-19T11:38:43.545-0400	debug	fetched user data from parent, no change	{"host": "127.0.0.1:63279", "component": "matching-engine", "wf-task-queue-name": "/_sys/rrentVersion_Batching-564e9892_task_queue_4/1", "wf-task-queue-type": "Workflow", "wf-namespace": "namespace-ec265ab4-426c-4316-a4b3-47fc66311932", "logging-call-at": "/Users/shivamsaraf/Desktop/work/temporal/common/log/with_logger.go:61"}
2025-03-19T11:38:43.545-0400	debug	fetched user data from parent, no change	{"host": "127.0.0.1:63279", "component": "matching-engine", "wf-task-queue-name": "/_sys/rrentVersion_Batching-564e9892_task_queue_4/3", "wf-task-queue-type": "Workflow", "wf-namespace": "namespace-ec265ab4-426c-4316-a4b3-47fc66311932", "logging-call-at": "/Users/shivamsaraf/Desktop/work/temporal/common/log/with_logger.go:61"}
2025-03-19T11:38:43.545-0400	info	Started physicalTaskQueueManager	{"host": "127.0.0.1:63279", "component": "matching-engine", "wf-task-queue-name": "/_sys/rrentVersion_Batching-564e9892_task_queue_13/3", "wf-task-queue-type": "Workflow", "wf-namespace": "namespace-ec265ab4-426c-4316-a4b3-47fc66311932", "worker-build-id": "rrentVersion_Batching-564e9892_deployment_series/rrentVersion_Batching-564e9892_build_id", "lifecycle": "Started", "cause": "Poll", "logging-call-at": "/Users/shivamsaraf/Desktop/work/temporal/common/log/with_logger.go:66"}
2025-03-19T11:38:43.546-0400	info	loaded user data from db	{"host": "127.0.0.1:63279", "component": "matching-engine", "wf-task-queue-name": "rrentVersion_Batching-564e9892_task_queue_40", "wf-task-queue-type": "Workflow", "wf-namespace": "namespace-ec265ab4-426c-4316-a4b3-47fc66311932", "user-data-version": 0, "timestamp": "1970-01-01T00:00:00.000Z", "logging-call-at": "/Users/shivamsaraf/Desktop/work/temporal/common/log/with_logger.go:66"}
2025-03-19T11:38:43.546-0400	debug	returning empty user data (no data)	{"host": "127.0.0.1:63279", "component": "matching-engine", "wf-task-queue-name": "rrentVersion_Batching-564e9892_task_queue_40", "wf-task-queue-type": "Workflow", "wf-namespace": "namespace-ec265ab4-426c-4316-a4b3-47fc66311932", "long-poll": false, "logging-call-at": "/Users/shivamsaraf/Desktop/work/temporal/common/log/with_logger.go:61"}
2025-03-19T11:38:43.546-0400	debug	returning empty user data (no data)	{"host": "127.0.0.1:63279", "component": "matching-engine", "wf-task-queue-name": "rrentVersion_Batching-564e9892_task_queue_40", "wf-task-queue-type": "Workflow", "wf-namespace": "namespace-ec265ab4-426c-4316-a4b3-47fc66311932", "long-poll": false, "logging-call-at": "/Users/shivamsaraf/Desktop/work/temporal/common/log/with_logger.go:61"}
2025-03-19T11:38:43.546-0400	debug	returning empty user data (no data)	{"host": "127.0.0.1:63279", "component": "matching-engine", "wf-task-queue-name": "rrentVersion_Batching-564e9892_task_queue_40", "wf-task-queue-type": "Workflow", "wf-namespace": "namespace-ec265ab4-426c-4316-a4b3-47fc66311932", "long-poll": false, "logging-call-at": "/Users/shivamsaraf/Desktop/work/temporal/common/log/with_logger.go:61"}
2025-03-19T11:38:43.546-0400	info	Started physicalTaskQueueManager	{"host": "127.0.0.1:63279", "component": "matching-engine", "wf-task-queue-name": "rrentVersion_Batching-564e9892_task_queue_40", "wf-task-queue-type": "Workflow", "wf-namespace": "namespace-ec265ab4-426c-4316-a4b3-47fc66311932", "worker-build-id": "rrentVersion_Batching-564e9892_deployment_series/rrentVersion_Batching-564e9892_build_id", "lifecycle": "Started", "cause": "Poll", "logging-call-at": "/Users/shivamsaraf/Desktop/work/temporal/common/log/with_logger.go:66"}
2025-03-19T11:38:43.546-0400	debug	fetched user data from parent, no change	{"host": "127.0.0.1:63279", "component": "matching-engine", "wf-task-queue-name": "/_sys/rrentVersion_Batching-564e9892_task_queue_40/2", "wf-task-queue-type": "Workflow", "wf-namespace": "namespace-ec265ab4-426c-4316-a4b3-47fc66311932", "logging-call-at": "/Users/shivamsaraf/Desktop/work/temporal/common/log/with_logger.go:61"}
2025-03-19T11:38:43.546-0400	debug	fetched user data from parent, no change	{"host": "127.0.0.1:63279", "component": "matching-engine", "wf-task-queue-name": "/_sys/rrentVersion_Batching-564e9892_task_queue_40/3", "wf-task-queue-type": "Workflow", "wf-namespace": "namespace-ec265ab4-426c-4316-a4b3-47fc66311932", "logging-call-at": "/Users/shivamsaraf/Desktop/work/temporal/common/log/with_logger.go:61"}
2025-03-19T11:38:43.546-0400	debug	fetched user data from parent, no change	{"host": "127.0.0.1:63279", "component": "matching-engine", "wf-task-queue-name": "/_sys/rrentVersion_Batching-564e9892_task_queue_40/1", "wf-task-queue-type": "Workflow", "wf-namespace": "namespace-ec265ab4-426c-4316-a4b3-47fc66311932", "logging-call-at": "/Users/shivamsaraf/Desktop/work/temporal/common/log/with_logger.go:61"}
2025-03-19T11:38:43.547-0400	info	Started physicalTaskQueueManager	{"host": "127.0.0.1:63279", "component": "matching-engine", "wf-task-queue-name": "/_sys/rrentVersion_Batching-564e9892_task_queue_26/2", "wf-task-queue-type": "Workflow", "wf-namespace": "namespace-ec265ab4-426c-4316-a4b3-47fc66311932", "worker-build-id": "rrentVersion_Batching-564e9892_deployment_series/rrentVersion_Batching-564e9892_build_id", "lifecycle": "Started", "cause": "Poll", "logging-call-at": "/Users/shivamsaraf/Desktop/work/temporal/common/log/with_logger.go:66"}
2025-03-19T11:38:43.549-0400	info	loaded user data from db	{"host": "127.0.0.1:63279", "component": "matching-engine", "wf-task-queue-name": "rrentVersion_Batching-564e9892_task_queue_28", "wf-task-queue-type": "Workflow", "wf-namespace": "namespace-ec265ab4-426c-4316-a4b3-47fc66311932", "user-data-version": 0, "timestamp": "1970-01-01T00:00:00.000Z", "logging-call-at": "/Users/shivamsaraf/Desktop/work/temporal/common/log/with_logger.go:66"}
2025-03-19T11:38:43.549-0400	debug	returning empty user data (no data)	{"host": "127.0.0.1:63279", "component": "matching-engine", "wf-task-queue-name": "rrentVersion_Batching-564e9892_task_queue_28", "wf-task-queue-type": "Workflow", "wf-namespace": "namespace-ec265ab4-426c-4316-a4b3-47fc66311932", "long-poll": false, "logging-call-at": "/Users/shivamsaraf/Desktop/work/temporal/common/log/with_logger.go:61"}
2025-03-19T11:38:43.549-0400	debug	returning empty user data (no data)	{"host": "127.0.0.1:63279", "component": "matching-engine", "wf-task-queue-name": "rrentVersion_Batching-564e9892_task_queue_28", "wf-task-queue-type": "Workflow", "wf-namespace": "namespace-ec265ab4-426c-4316-a4b3-47fc66311932", "long-poll": false, "logging-call-at": "/Users/shivamsaraf/Desktop/work/temporal/common/log/with_logger.go:61"}
2025-03-19T11:38:43.549-0400	debug	returning empty user data (no data)	{"host": "127.0.0.1:63279", "component": "matching-engine", "wf-task-queue-name": "rrentVersion_Batching-564e9892_task_queue_28", "wf-task-queue-type": "Workflow", "wf-namespace": "namespace-ec265ab4-426c-4316-a4b3-47fc66311932", "long-poll": false, "logging-call-at": "/Users/shivamsaraf/Desktop/work/temporal/common/log/with_logger.go:61"}
2025-03-19T11:38:43.549-0400	debug	fetched user data from parent, no change	{"host": "127.0.0.1:63279", "component": "matching-engine", "wf-task-queue-name": "/_sys/rrentVersion_Batching-564e9892_task_queue_28/3", "wf-task-queue-type": "Workflow", "wf-namespace": "namespace-ec265ab4-426c-4316-a4b3-47fc66311932", "logging-call-at": "/Users/shivamsaraf/Desktop/work/temporal/common/log/with_logger.go:61"}
2025-03-19T11:38:43.549-0400	debug	fetched user data from parent, no change	{"host": "127.0.0.1:63279", "component": "matching-engine", "wf-task-queue-name": "/_sys/rrentVersion_Batching-564e9892_task_queue_28/2", "wf-task-queue-type": "Workflow", "wf-namespace": "namespace-ec265ab4-426c-4316-a4b3-47fc66311932", "logging-call-at": "/Users/shivamsaraf/Desktop/work/temporal/common/log/with_logger.go:61"}
2025-03-19T11:38:43.549-0400	debug	fetched user data from parent, no change	{"host": "127.0.0.1:63279", "component": "matching-engine", "wf-task-queue-name": "/_sys/rrentVersion_Batching-564e9892_task_queue_28/1", "wf-task-queue-type": "Workflow", "wf-namespace": "namespace-ec265ab4-426c-4316-a4b3-47fc66311932", "logging-call-at": "/Users/shivamsaraf/Desktop/work/temporal/common/log/with_logger.go:61"}
2025-03-19T11:38:43.549-0400	info	Started physicalTaskQueueManager	{"host": "127.0.0.1:63279", "component": "matching-engine", "wf-task-queue-name": "/_sys/rrentVersion_Batching-564e9892_task_queue_28/3", "wf-task-queue-type": "Workflow", "wf-namespace": "namespace-ec265ab4-426c-4316-a4b3-47fc66311932", "worker-build-id": "rrentVersion_Batching-564e9892_deployment_series/rrentVersion_Batching-564e9892_build_id", "lifecycle": "Started", "cause": "Poll", "logging-call-at": "/Users/shivamsaraf/Desktop/work/temporal/common/log/with_logger.go:66"}
2025-03-19T11:38:43.551-0400	debug	returning empty user data (no data)	{"host": "127.0.0.1:63279", "component": "matching-engine", "wf-task-queue-name": "rrentVersion_Batching-564e9892_task_queue_41", "wf-task-queue-type": "Workflow", "wf-namespace": "namespace-ec265ab4-426c-4316-a4b3-47fc66311932", "long-poll": false, "logging-call-at": "/Users/shivamsaraf/Desktop/work/temporal/common/log/with_logger.go:61"}
2025-03-19T11:38:43.551-0400	debug	returning empty user data (no data)	{"host": "127.0.0.1:63279", "component": "matching-engine", "wf-task-queue-name": "rrentVersion_Batching-564e9892_task_queue_41", "wf-task-queue-type": "Workflow", "wf-namespace": "namespace-ec265ab4-426c-4316-a4b3-47fc66311932", "long-poll": false, "logging-call-at": "/Users/shivamsaraf/Desktop/work/temporal/common/log/with_logger.go:61"}
2025-03-19T11:38:43.551-0400	debug	returning empty user data (no data)	{"host": "127.0.0.1:63279", "component": "matching-engine", "wf-task-queue-name": "rrentVersion_Batching-564e9892_task_queue_41", "wf-task-queue-type": "Workflow", "wf-namespace": "namespace-ec265ab4-426c-4316-a4b3-47fc66311932", "long-poll": false, "logging-call-at": "/Users/shivamsaraf/Desktop/work/temporal/common/log/with_logger.go:61"}
2025-03-19T11:38:43.552-0400	debug	fetched user data from parent, no change	{"host": "127.0.0.1:63279", "component": "matching-engine", "wf-task-queue-name": "/_sys/rrentVersion_Batching-564e9892_task_queue_41/1", "wf-task-queue-type": "Workflow", "wf-namespace": "namespace-ec265ab4-426c-4316-a4b3-47fc66311932", "logging-call-at": "/Users/shivamsaraf/Desktop/work/temporal/common/log/with_logger.go:61"}
2025-03-19T11:38:43.552-0400	debug	fetched user data from parent, no change	{"host": "127.0.0.1:63279", "component": "matching-engine", "wf-task-queue-name": "/_sys/rrentVersion_Batching-564e9892_task_queue_41/2", "wf-task-queue-type": "Workflow", "wf-namespace": "namespace-ec265ab4-426c-4316-a4b3-47fc66311932", "logging-call-at": "/Users/shivamsaraf/Desktop/work/temporal/common/log/with_logger.go:61"}
2025-03-19T11:38:43.552-0400	debug	fetched user data from parent, no change	{"host": "127.0.0.1:63279", "component": "matching-engine", "wf-task-queue-name": "/_sys/rrentVersion_Batching-564e9892_task_queue_41/3", "wf-task-queue-type": "Workflow", "wf-namespace": "namespace-ec265ab4-426c-4316-a4b3-47fc66311932", "logging-call-at": "/Users/shivamsaraf/Desktop/work/temporal/common/log/with_logger.go:61"}
2025-03-19T11:38:43.552-0400	info	Started physicalTaskQueueManager	{"host": "127.0.0.1:63279", "component": "matching-engine", "wf-task-queue-name": "/_sys/rrentVersion_Batching-564e9892_task_queue_41/3", "wf-task-queue-type": "Workflow", "wf-namespace": "namespace-ec265ab4-426c-4316-a4b3-47fc66311932", "worker-build-id": "rrentVersion_Batching-564e9892_deployment_series/rrentVersion_Batching-564e9892_build_id", "lifecycle": "Started", "cause": "Poll", "logging-call-at": "/Users/shivamsaraf/Desktop/work/temporal/common/log/with_logger.go:66"}
2025-03-19T11:38:43.556-0400	debug	returning empty user data (no data)	{"host": "127.0.0.1:63279", "component": "matching-engine", "wf-task-queue-name": "rrentVersion_Batching-564e9892_task_queue_25", "wf-task-queue-type": "Workflow", "wf-namespace": "namespace-ec265ab4-426c-4316-a4b3-47fc66311932", "long-poll": false, "logging-call-at": "/Users/shivamsaraf/Desktop/work/temporal/common/log/with_logger.go:61"}
2025-03-19T11:38:43.556-0400	debug	returning empty user data (no data)	{"host": "127.0.0.1:63279", "component": "matching-engine", "wf-task-queue-name": "rrentVersion_Batching-564e9892_task_queue_25", "wf-task-queue-type": "Workflow", "wf-namespace": "namespace-ec265ab4-426c-4316-a4b3-47fc66311932", "long-poll": false, "logging-call-at": "/Users/shivamsaraf/Desktop/work/temporal/common/log/with_logger.go:61"}
2025-03-19T11:38:43.556-0400	debug	returning empty user data (no data)	{"host": "127.0.0.1:63279", "component": "matching-engine", "wf-task-queue-name": "rrentVersion_Batching-564e9892_task_queue_25", "wf-task-queue-type": "Workflow", "wf-namespace": "namespace-ec265ab4-426c-4316-a4b3-47fc66311932", "long-poll": false, "logging-call-at": "/Users/shivamsaraf/Desktop/work/temporal/common/log/with_logger.go:61"}
2025-03-19T11:38:43.556-0400	info	Started physicalTaskQueueManager	{"host": "127.0.0.1:63279", "component": "matching-engine", "wf-task-queue-name": "rrentVersion_Batching-564e9892_task_queue_25", "wf-task-queue-type": "Workflow", "wf-namespace": "namespace-ec265ab4-426c-4316-a4b3-47fc66311932", "worker-build-id": "rrentVersion_Batching-564e9892_deployment_series/rrentVersion_Batching-564e9892_build_id", "lifecycle": "Started", "cause": "Poll", "logging-call-at": "/Users/shivamsaraf/Desktop/work/temporal/common/log/with_logger.go:66"}
2025-03-19T11:38:43.557-0400	debug	fetched user data from parent, no change	{"host": "127.0.0.1:63279", "component": "matching-engine", "wf-task-queue-name": "/_sys/rrentVersion_Batching-564e9892_task_queue_25/3", "wf-task-queue-type": "Workflow", "wf-namespace": "namespace-ec265ab4-426c-4316-a4b3-47fc66311932", "logging-call-at": "/Users/shivamsaraf/Desktop/work/temporal/common/log/with_logger.go:61"}
2025-03-19T11:38:43.557-0400	debug	fetched user data from parent, no change	{"host": "127.0.0.1:63279", "component": "matching-engine", "wf-task-queue-name": "/_sys/rrentVersion_Batching-564e9892_task_queue_25/1", "wf-task-queue-type": "Workflow", "wf-namespace": "namespace-ec265ab4-426c-4316-a4b3-47fc66311932", "logging-call-at": "/Users/shivamsaraf/Desktop/work/temporal/common/log/with_logger.go:61"}
2025-03-19T11:38:43.557-0400	debug	fetched user data from parent, no change	{"host": "127.0.0.1:63279", "component": "matching-engine", "wf-task-queue-name": "/_sys/rrentVersion_Batching-564e9892_task_queue_25/2", "wf-task-queue-type": "Workflow", "wf-namespace": "namespace-ec265ab4-426c-4316-a4b3-47fc66311932", "logging-call-at": "/Users/shivamsaraf/Desktop/work/temporal/common/log/with_logger.go:61"}
2025-03-19T11:38:43.558-0400	info	Started physicalTaskQueueManager	{"host": "127.0.0.1:63279", "component": "matching-engine", "wf-task-queue-name": "/_sys/rrentVersion_Batching-564e9892_task_queue_1/2", "wf-task-queue-type": "Workflow", "wf-namespace": "namespace-ec265ab4-426c-4316-a4b3-47fc66311932", "worker-build-id": "rrentVersion_Batching-564e9892_deployment_series/rrentVersion_Batching-564e9892_build_id", "lifecycle": "Started", "cause": "Poll", "logging-call-at": "/Users/shivamsaraf/Desktop/work/temporal/common/log/with_logger.go:66"}
2025-03-19T11:38:43.561-0400	debug	returning empty user data (no data)	{"host": "127.0.0.1:63279", "component": "matching-engine", "wf-task-queue-name": "rrentVersion_Batching-564e9892_task_queue_34", "wf-task-queue-type": "Workflow", "wf-namespace": "namespace-ec265ab4-426c-4316-a4b3-47fc66311932", "long-poll": false, "logging-call-at": "/Users/shivamsaraf/Desktop/work/temporal/common/log/with_logger.go:61"}
2025-03-19T11:38:43.561-0400	debug	returning empty user data (no data)	{"host": "127.0.0.1:63279", "component": "matching-engine", "wf-task-queue-name": "rrentVersion_Batching-564e9892_task_queue_34", "wf-task-queue-type": "Workflow", "wf-namespace": "namespace-ec265ab4-426c-4316-a4b3-47fc66311932", "long-poll": false, "logging-call-at": "/Users/shivamsaraf/Desktop/work/temporal/common/log/with_logger.go:61"}
2025-03-19T11:38:43.561-0400	debug	returning empty user data (no data)	{"host": "127.0.0.1:63279", "component": "matching-engine", "wf-task-queue-name": "rrentVersion_Batching-564e9892_task_queue_34", "wf-task-queue-type": "Workflow", "wf-namespace": "namespace-ec265ab4-426c-4316-a4b3-47fc66311932", "long-poll": false, "logging-call-at": "/Users/shivamsaraf/Desktop/work/temporal/common/log/with_logger.go:61"}
2025-03-19T11:38:43.561-0400	info	loaded user data from db	{"host": "127.0.0.1:63279", "component": "matching-engine", "wf-task-queue-name": "rrentVersion_Batching-564e9892_task_queue_10", "wf-task-queue-type": "Workflow", "wf-namespace": "namespace-ec265ab4-426c-4316-a4b3-47fc66311932", "user-data-version": 0, "timestamp": "1970-01-01T00:00:00.000Z", "logging-call-at": "/Users/shivamsaraf/Desktop/work/temporal/common/log/with_logger.go:66"}
2025-03-19T11:38:43.561-0400	debug	fetched user data from parent, no change	{"host": "127.0.0.1:63279", "component": "matching-engine", "wf-task-queue-name": "/_sys/rrentVersion_Batching-564e9892_task_queue_34/2", "wf-task-queue-type": "Workflow", "wf-namespace": "namespace-ec265ab4-426c-4316-a4b3-47fc66311932", "logging-call-at": "/Users/shivamsaraf/Desktop/work/temporal/common/log/with_logger.go:61"}
2025-03-19T11:38:43.561-0400	debug	returning empty user data (no data)	{"host": "127.0.0.1:63279", "component": "matching-engine", "wf-task-queue-name": "rrentVersion_Batching-564e9892_task_queue_10", "wf-task-queue-type": "Workflow", "wf-namespace": "namespace-ec265ab4-426c-4316-a4b3-47fc66311932", "long-poll": false, "logging-call-at": "/Users/shivamsaraf/Desktop/work/temporal/common/log/with_logger.go:61"}
2025-03-19T11:38:43.561-0400	debug	fetched user data from parent, no change	{"host": "127.0.0.1:63279", "component": "matching-engine", "wf-task-queue-name": "/_sys/rrentVersion_Batching-564e9892_task_queue_34/3", "wf-task-queue-type": "Workflow", "wf-namespace": "namespace-ec265ab4-426c-4316-a4b3-47fc66311932", "logging-call-at": "/Users/shivamsaraf/Desktop/work/temporal/common/log/with_logger.go:61"}
2025-03-19T11:38:43.561-0400	debug	returning empty user data (no data)	{"host": "127.0.0.1:63279", "component": "matching-engine", "wf-task-queue-name": "rrentVersion_Batching-564e9892_task_queue_10", "wf-task-queue-type": "Workflow", "wf-namespace": "namespace-ec265ab4-426c-4316-a4b3-47fc66311932", "long-poll": false, "logging-call-at": "/Users/shivamsaraf/Desktop/work/temporal/common/log/with_logger.go:61"}
2025-03-19T11:38:43.561-0400	debug	fetched user data from parent, no change	{"host": "127.0.0.1:63279", "component": "matching-engine", "wf-task-queue-name": "/_sys/rrentVersion_Batching-564e9892_task_queue_34/1", "wf-task-queue-type": "Workflow", "wf-namespace": "namespace-ec265ab4-426c-4316-a4b3-47fc66311932", "logging-call-at": "/Users/shivamsaraf/Desktop/work/temporal/common/log/with_logger.go:61"}
2025-03-19T11:38:43.561-0400	debug	returning empty user data (no data)	{"host": "127.0.0.1:63279", "component": "matching-engine", "wf-task-queue-name": "rrentVersion_Batching-564e9892_task_queue_10", "wf-task-queue-type": "Workflow", "wf-namespace": "namespace-ec265ab4-426c-4316-a4b3-47fc66311932", "long-poll": false, "logging-call-at": "/Users/shivamsaraf/Desktop/work/temporal/common/log/with_logger.go:61"}
2025-03-19T11:38:43.562-0400	info	Started physicalTaskQueueManager	{"host": "127.0.0.1:63279", "component": "matching-engine", "wf-task-queue-name": "/_sys/rrentVersion_Batching-564e9892_task_queue_34/3", "wf-task-queue-type": "Workflow", "wf-namespace": "namespace-ec265ab4-426c-4316-a4b3-47fc66311932", "worker-build-id": "rrentVersion_Batching-564e9892_deployment_series/rrentVersion_Batching-564e9892_build_id", "lifecycle": "Started", "cause": "Poll", "logging-call-at": "/Users/shivamsaraf/Desktop/work/temporal/common/log/with_logger.go:66"}
2025-03-19T11:38:43.562-0400	debug	fetched user data from parent, no change	{"host": "127.0.0.1:63279", "component": "matching-engine", "wf-task-queue-name": "/_sys/rrentVersion_Batching-564e9892_task_queue_10/3", "wf-task-queue-type": "Workflow", "wf-namespace": "namespace-ec265ab4-426c-4316-a4b3-47fc66311932", "logging-call-at": "/Users/shivamsaraf/Desktop/work/temporal/common/log/with_logger.go:61"}
2025-03-19T11:38:43.562-0400	debug	fetched user data from parent, no change	{"host": "127.0.0.1:63279", "component": "matching-engine", "wf-task-queue-name": "/_sys/rrentVersion_Batching-564e9892_task_queue_10/2", "wf-task-queue-type": "Workflow", "wf-namespace": "namespace-ec265ab4-426c-4316-a4b3-47fc66311932", "logging-call-at": "/Users/shivamsaraf/Desktop/work/temporal/common/log/with_logger.go:61"}
2025-03-19T11:38:43.562-0400	debug	fetched user data from parent, no change	{"host": "127.0.0.1:63279", "component": "matching-engine", "wf-task-queue-name": "/_sys/rrentVersion_Batching-564e9892_task_queue_10/1", "wf-task-queue-type": "Workflow", "wf-namespace": "namespace-ec265ab4-426c-4316-a4b3-47fc66311932", "logging-call-at": "/Users/shivamsaraf/Desktop/work/temporal/common/log/with_logger.go:61"}
2025-03-19T11:38:43.562-0400	info	Started physicalTaskQueueManager	{"host": "127.0.0.1:63279", "component": "matching-engine", "wf-task-queue-name": "/_sys/rrentVersion_Batching-564e9892_task_queue_10/2", "wf-task-queue-type": "Workflow", "wf-namespace": "namespace-ec265ab4-426c-4316-a4b3-47fc66311932", "worker-build-id": "rrentVersion_Batching-564e9892_deployment_series/rrentVersion_Batching-564e9892_build_id", "lifecycle": "Started", "cause": "Poll", "logging-call-at": "/Users/shivamsaraf/Desktop/work/temporal/common/log/with_logger.go:66"}
2025-03-19T11:38:43.581-0400	debug	Frontend method invoked.	{"host": "127.0.0.1:63278", "wf-namespace": "namespace-ec265ab4-426c-4316-a4b3-47fc66311932", "operation": "DescribeWorkerDeployment", "server-name": "", "cert-thumbprint": "", "logging-call-at": "/Users/shivamsaraf/Desktop/work/temporal/common/log/with_logger.go:61"}
2025-03-19T11:38:43.583-0400	error	deployment client error	{"host": "127.0.0.1:63278", "error": "Worker Deployment not found", "operation": "DescribeWorkerDeployment", "elapsed": 0.001780042, "args": ["rrentVersion_Batching-564e9892_deployment_series"], "logging-call-at": "/Users/shivamsaraf/Desktop/work/temporal/common/log/with_logger.go:76"}
go.temporal.io/server/common/log.(*zapLogger).Error
	/Users/shivamsaraf/Desktop/work/temporal/common/log/zap_logger.go:156
go.temporal.io/server/common/testing/testlogger.(*TestLogger).Error
	/Users/shivamsaraf/Desktop/work/temporal/common/testing/testlogger/testlogger.go:366
go.temporal.io/server/common/log.(*withLogger).Error
	/Users/shivamsaraf/Desktop/work/temporal/common/log/with_logger.go:76
go.temporal.io/server/service/worker/workerdeployment.(*ClientImpl).DescribeWorkerDeployment.(*ClientImpl).record.func1
	/Users/shivamsaraf/Desktop/work/temporal/service/worker/workerdeployment/client.go:1270
go.temporal.io/server/service/worker/workerdeployment.(*ClientImpl).DescribeWorkerDeployment
	/Users/shivamsaraf/Desktop/work/temporal/service/worker/workerdeployment/client.go:414
go.temporal.io/server/service/frontend.(*WorkflowHandler).DescribeWorkerDeployment
	/Users/shivamsaraf/Desktop/work/temporal/service/frontend/workflow_handler.go:3517
go.temporal.io/api/workflowservice/v1._WorkflowService_DescribeWorkerDeployment_Handler.func1
	/Users/shivamsaraf/go/pkg/mod/go.temporal.io/api@v1.45.0/workflowservice/v1/service_grpc.pb.go:3429
go.temporal.io/server/common/rpc/interceptor.(*RetryableInterceptor).Intercept.func1
	/Users/shivamsaraf/Desktop/work/temporal/common/rpc/interceptor/retry.go:62
go.temporal.io/server/common/backoff.ThrottleRetryContext
	/Users/shivamsaraf/Desktop/work/temporal/common/backoff/retry.go:89
go.temporal.io/server/common/rpc/interceptor.(*RetryableInterceptor).Intercept
	/Users/shivamsaraf/Desktop/work/temporal/common/rpc/interceptor/retry.go:66
google.golang.org/grpc.getChainUnaryHandler.func1
	/Users/shivamsaraf/go/pkg/mod/google.golang.org/grpc@v1.70.0/server.go:1212
go.temporal.io/server/common/rpc/interceptor.(*CallerInfoInterceptor).Intercept
	/Users/shivamsaraf/Desktop/work/temporal/common/rpc/interceptor/caller_info.go:64
google.golang.org/grpc.getChainUnaryHandler.func1
	/Users/shivamsaraf/go/pkg/mod/google.golang.org/grpc@v1.70.0/server.go:1212
go.temporal.io/server/common/rpc/interceptor.(*SDKVersionInterceptor).Intercept
	/Users/shivamsaraf/Desktop/work/temporal/common/rpc/interceptor/sdk_version.go:68
google.golang.org/grpc.getChainUnaryHandler.func1
	/Users/shivamsaraf/go/pkg/mod/google.golang.org/grpc@v1.70.0/server.go:1212
go.temporal.io/server/common/rpc/interceptor.(*RateLimitInterceptor).Intercept
	/Users/shivamsaraf/Desktop/work/temporal/common/rpc/interceptor/rate_limit.go:88
google.golang.org/grpc.getChainUnaryHandler.func1
	/Users/shivamsaraf/go/pkg/mod/google.golang.org/grpc@v1.70.0/server.go:1212
go.temporal.io/server/common/rpc/interceptor.(*NamespaceRateLimitInterceptor).Intercept
	/Users/shivamsaraf/Desktop/work/temporal/common/rpc/interceptor/namespace_rate_limit.go:85
google.golang.org/grpc.getChainUnaryHandler.func1
	/Users/shivamsaraf/go/pkg/mod/google.golang.org/grpc@v1.70.0/server.go:1212
go.temporal.io/server/common/rpc/interceptor.(*ConcurrentRequestLimitInterceptor).Intercept
	/Users/shivamsaraf/Desktop/work/temporal/common/rpc/interceptor/concurrent_request_limit.go:107
google.golang.org/grpc.getChainUnaryHandler.func1
	/Users/shivamsaraf/go/pkg/mod/google.golang.org/grpc@v1.70.0/server.go:1212
go.temporal.io/server/common/rpc/interceptor.(*NamespaceValidatorInterceptor).StateValidationIntercept
	/Users/shivamsaraf/Desktop/work/temporal/common/rpc/interceptor/namespace_validator.go:234
google.golang.org/grpc.getChainUnaryHandler.func1
	/Users/shivamsaraf/go/pkg/mod/google.golang.org/grpc@v1.70.0/server.go:1212
go.temporal.io/server/common/rpc/interceptor.(*HealthInterceptor).Intercept
	/Users/shivamsaraf/Desktop/work/temporal/common/rpc/interceptor/health.go:65
google.golang.org/grpc.getChainUnaryHandler.func1
	/Users/shivamsaraf/go/pkg/mod/google.golang.org/grpc@v1.70.0/server.go:1212
go.temporal.io/server/common/rpc/interceptor.(*TelemetryInterceptor).UnaryIntercept
	/Users/shivamsaraf/Desktop/work/temporal/common/rpc/interceptor/telemetry.go:198
google.golang.org/grpc.getChainUnaryHandler.func1
	/Users/shivamsaraf/go/pkg/mod/google.golang.org/grpc@v1.70.0/server.go:1212
go.temporal.io/server/common/rpc/interceptor.(*Redirection).handleRedirectAPIInvocation.func2
	/Users/shivamsaraf/Desktop/work/temporal/common/rpc/interceptor/redirection.go:265
go.temporal.io/server/common/rpc/interceptor.(*NoopRedirectionPolicy).WithNamespaceRedirect
	/Users/shivamsaraf/Desktop/work/temporal/common/rpc/interceptor/dc_redirection_policy.go:125
go.temporal.io/server/common/rpc/interceptor.(*Redirection).handleRedirectAPIInvocation
	/Users/shivamsaraf/Desktop/work/temporal/common/rpc/interceptor/redirection.go:262
go.temporal.io/server/common/rpc/interceptor.(*Redirection).Intercept
	/Users/shivamsaraf/Desktop/work/temporal/common/rpc/interceptor/redirection.go:222
google.golang.org/grpc.getChainUnaryHandler.func1
	/Users/shivamsaraf/go/pkg/mod/google.golang.org/grpc@v1.70.0/server.go:1212
go.temporal.io/server/common/rpc/interceptor.(*NamespaceHandoverInterceptor).Intercept
	/Users/shivamsaraf/Desktop/work/temporal/common/rpc/interceptor/namespace_handover.go:109
google.golang.org/grpc.getChainUnaryHandler.func1
	/Users/shivamsaraf/go/pkg/mod/google.golang.org/grpc@v1.70.0/server.go:1212
go.temporal.io/server/common/authorization.(*Interceptor).Intercept
	/Users/shivamsaraf/Desktop/work/temporal/common/authorization/interceptor.go:178
google.golang.org/grpc.getChainUnaryHandler.func1
	/Users/shivamsaraf/go/pkg/mod/google.golang.org/grpc@v1.70.0/server.go:1212
go.temporal.io/server/service/frontend.GrpcServerOptionsProvider.NewServerMetricsContextInjectorInterceptor.func2
	/Users/shivamsaraf/Desktop/work/temporal/common/metrics/grpc.go:65
google.golang.org/grpc.getChainUnaryHandler.func1
	/Users/shivamsaraf/go/pkg/mod/google.golang.org/grpc@v1.70.0/server.go:1212
go.temporal.io/server/common/rpc/interceptor.(*NamespaceLogInterceptor).Intercept
	/Users/shivamsaraf/Desktop/work/temporal/common/rpc/interceptor/namespace_logger.go:84
google.golang.org/grpc.getChainUnaryHandler.func1
	/Users/shivamsaraf/go/pkg/mod/google.golang.org/grpc@v1.70.0/server.go:1212
go.temporal.io/server/common/rpc/interceptor.(*NamespaceValidatorInterceptor).NamespaceValidateIntercept
	/Users/shivamsaraf/Desktop/work/temporal/common/rpc/interceptor/namespace_validator.go:145
google.golang.org/grpc.getChainUnaryHandler.func1
	/Users/shivamsaraf/go/pkg/mod/google.golang.org/grpc@v1.70.0/server.go:1212
go.temporal.io/server/service/frontend.GrpcServerOptionsProvider.NewFrontendServiceErrorInterceptor.func1
	/Users/shivamsaraf/Desktop/work/temporal/common/rpc/grpc.go:178
google.golang.org/grpc.getChainUnaryHandler.func1
	/Users/shivamsaraf/go/pkg/mod/google.golang.org/grpc@v1.70.0/server.go:1212
go.temporal.io/server/common/rpc.ServiceErrorInterceptor
	/Users/shivamsaraf/Desktop/work/temporal/common/rpc/grpc.go:157
google.golang.org/grpc.getChainUnaryHandler.func1
	/Users/shivamsaraf/go/pkg/mod/google.golang.org/grpc@v1.70.0/server.go:1212
go.temporal.io/server/common/rpc/interceptor.(*MaskInternalErrorDetailsInterceptor).Intercept
	/Users/shivamsaraf/Desktop/work/temporal/common/rpc/interceptor/mask_internal_error.go:65
google.golang.org/grpc.NewServer.chainUnaryServerInterceptors.chainUnaryInterceptors.func1
	/Users/shivamsaraf/go/pkg/mod/google.golang.org/grpc@v1.70.0/server.go:1203
go.temporal.io/api/workflowservice/v1._WorkflowService_DescribeWorkerDeployment_Handler
	/Users/shivamsaraf/go/pkg/mod/go.temporal.io/api@v1.45.0/workflowservice/v1/service_grpc.pb.go:3431
google.golang.org/grpc.(*Server).processUnaryRPC
	/Users/shivamsaraf/go/pkg/mod/google.golang.org/grpc@v1.70.0/server.go:1400
google.golang.org/grpc.(*Server).handleStream
	/Users/shivamsaraf/go/pkg/mod/google.golang.org/grpc@v1.70.0/server.go:1810
google.golang.org/grpc.(*Server).serveStreams.func2.1
	/Users/shivamsaraf/go/pkg/mod/google.golang.org/grpc@v1.70.0/server.go:1030
2025-03-19T11:38:43.590-0400	debug	deployment client success	{"host": "127.0.0.1:63279", "operation": "ListWorkerDeployments", "elapsed": 0.119550583, "args": null, "logging-call-at": "/Users/shivamsaraf/Desktop/work/temporal/common/log/with_logger.go:61"}
2025-03-19T11:38:43.595-0400	debug	deployment client success	{"host": "127.0.0.1:63279", "operation": "ListWorkerDeployments", "elapsed": 0.111016042, "args": null, "logging-call-at": "/Users/shivamsaraf/Desktop/work/temporal/common/log/with_logger.go:61"}
2025-03-19T11:38:43.600-0400	debug	deployment client success	{"host": "127.0.0.1:63279", "operation": "ListWorkerDeployments", "elapsed": 0.105536875, "args": null, "logging-call-at": "/Users/shivamsaraf/Desktop/work/temporal/common/log/with_logger.go:61"}
2025-03-19T11:38:43.601-0400	debug	Workflow task updated	{"host": "127.0.0.1:63280", "shard-id": 1, "address": "127.0.0.1:63280", "wf-scheduled-event-id": 2, "wf-started-event-id": 0, "workflow-task-request-id": "emptyUuid", "workflow-task-timeout": 10, "attempt": 1, "wf-started-timestamp": "0001-01-01T00:00:00.000Z", "wt-type": "Normal", "logging-call-at": "/Users/shivamsaraf/Desktop/work/temporal/common/log/with_logger.go:61"}
2025-03-19T11:38:43.601-0400	debug	update state change	{"host": "127.0.0.1:63280", "shard-id": 1, "address": "127.0.0.1:63280", "wf-namespace-id": "d0b550e3-6091-4a9b-a9aa-3d80ffb24954", "wf-id": "temporal-sys-worker-deployment:rrentVersion_Batching-564e9892_deployment_series", "wf-run-id": "0195af0e-960d-715f-b6c6-08dcdf4b78ec", "update-id": "99d49536-da69-44f5-8785-a581f5cf7195", "from-state": "Created", "to-state": "ProvisionallyAdmitted", "logging-call-at": "/Users/shivamsaraf/Desktop/work/temporal/common/log/with_logger.go:61"}
2025-03-19T11:38:43.601-0400	debug	update state change	{"host": "127.0.0.1:63280", "shard-id": 1, "address": "127.0.0.1:63280", "wf-namespace-id": "d0b550e3-6091-4a9b-a9aa-3d80ffb24954", "wf-id": "temporal-sys-worker-deployment:rrentVersion_Batching-564e9892_deployment_series", "wf-run-id": "0195af0e-960d-715f-b6c6-08dcdf4b78ec", "update-id": "99d49536-da69-44f5-8785-a581f5cf7195", "from-state": "ProvisionallyAdmitted", "to-state": "Admitted", "logging-call-at": "/Users/shivamsaraf/Desktop/work/temporal/common/log/with_logger.go:61"}
2025-03-19T11:38:43.603-0400	debug	deployment client success	{"host": "127.0.0.1:63279", "operation": "ListWorkerDeployments", "elapsed": 0.1098325, "args": null, "logging-call-at": "/Users/shivamsaraf/Desktop/work/temporal/common/log/with_logger.go:61"}
2025-03-19T11:38:43.604-0400	debug	Workflow task updated	{"host": "127.0.0.1:63280", "shard-id": 1, "address": "127.0.0.1:63280", "wf-scheduled-event-id": 2, "wf-started-event-id": 0, "workflow-task-request-id": "emptyUuid", "workflow-task-timeout": 10, "attempt": 1, "wf-started-timestamp": "0001-01-01T00:00:00.000Z", "wt-type": "Normal", "logging-call-at": "/Users/shivamsaraf/Desktop/work/temporal/common/log/with_logger.go:61"}
2025-03-19T11:38:43.604-0400	debug	update state change	{"host": "127.0.0.1:63280", "shard-id": 1, "address": "127.0.0.1:63280", "wf-namespace-id": "d0b550e3-6091-4a9b-a9aa-3d80ffb24954", "wf-id": "temporal-sys-worker-deployment:rrentVersion_Batching-564e9892_deployment_series", "wf-run-id": "0195af0e-9614-71b5-8e24-5bb7fe0bf356", "update-id": "66636524-9b56-4fce-aafb-50ad1a620dc0", "from-state": "Created", "to-state": "ProvisionallyAdmitted", "logging-call-at": "/Users/shivamsaraf/Desktop/work/temporal/common/log/with_logger.go:61"}
2025-03-19T11:38:43.604-0400	debug	update state change	{"host": "127.0.0.1:63280", "shard-id": 1, "address": "127.0.0.1:63280", "wf-namespace-id": "d0b550e3-6091-4a9b-a9aa-3d80ffb24954", "wf-id": "temporal-sys-worker-deployment:rrentVersion_Batching-564e9892_deployment_series", "wf-run-id": "0195af0e-9614-71b5-8e24-5bb7fe0bf356", "update-id": "66636524-9b56-4fce-aafb-50ad1a620dc0", "from-state": "ProvisionallyAdmitted", "to-state": "Admitted", "logging-call-at": "/Users/shivamsaraf/Desktop/work/temporal/common/log/with_logger.go:61"}
2025-03-19T11:38:43.605-0400	debug	Assigning new task key	{"host": "127.0.0.1:63280", "shard-id": 1, "address": "127.0.0.1:63280", "wf-namespace-id": "d0b550e3-6091-4a9b-a9aa-3d80ffb24954", "wf-id": "temporal-sys-worker-deployment:rrentVersion_Batching-564e9892_deployment_series", "wf-run-id": "0195af0e-960d-715f-b6c6-08dcdf4b78ec", "queue-task-type": "VisibilityStartExecution", "queue-task-id": 1048582, "timestamp": "2025-03-19T15:38:43.605Z", "cursor-timestamp": "2025-03-19T15:38:44.104Z", "logging-call-at": "/Users/shivamsaraf/Desktop/work/temporal/common/log/with_logger.go:61"}
2025-03-19T11:38:43.605-0400	debug	Assigning new task key	{"host": "127.0.0.1:63280", "shard-id": 1, "address": "127.0.0.1:63280", "wf-namespace-id": "d0b550e3-6091-4a9b-a9aa-3d80ffb24954", "wf-id": "temporal-sys-worker-deployment:rrentVersion_Batching-564e9892_deployment_series", "wf-run-id": "0195af0e-960d-715f-b6c6-08dcdf4b78ec", "queue-task-type": "TransferWorkflowTask", "queue-task-id": 1048583, "timestamp": "2025-03-19T15:38:43.605Z", "cursor-timestamp": "2025-03-19T15:38:44.104Z", "logging-call-at": "/Users/shivamsaraf/Desktop/work/temporal/common/log/with_logger.go:61"}
2025-03-19T11:38:43.605-0400	debug	Workflow task updated	{"host": "127.0.0.1:63280", "shard-id": 1, "address": "127.0.0.1:63280", "wf-scheduled-event-id": 2, "wf-started-event-id": 0, "workflow-task-request-id": "emptyUuid", "workflow-task-timeout": 10, "attempt": 1, "wf-started-timestamp": "0001-01-01T00:00:00.000Z", "wt-type": "Normal", "logging-call-at": "/Users/shivamsaraf/Desktop/work/temporal/common/log/with_logger.go:61"}
2025-03-19T11:38:43.605-0400	debug	update state change	{"host": "127.0.0.1:63280", "shard-id": 1, "address": "127.0.0.1:63280", "wf-namespace-id": "d0b550e3-6091-4a9b-a9aa-3d80ffb24954", "wf-id": "temporal-sys-worker-deployment:rrentVersion_Batching-564e9892_deployment_series", "wf-run-id": "0195af0e-9615-760e-bc9d-2e364fb72ac2", "update-id": "51690446-6731-46d6-a1ef-a3a4cf2ed8d9", "from-state": "Created", "to-state": "ProvisionallyAdmitted", "logging-call-at": "/Users/shivamsaraf/Desktop/work/temporal/common/log/with_logger.go:61"}
2025-03-19T11:38:43.605-0400	debug	update state change	{"host": "127.0.0.1:63280", "shard-id": 1, "address": "127.0.0.1:63280", "wf-namespace-id": "d0b550e3-6091-4a9b-a9aa-3d80ffb24954", "wf-id": "temporal-sys-worker-deployment:rrentVersion_Batching-564e9892_deployment_series", "wf-run-id": "0195af0e-9615-760e-bc9d-2e364fb72ac2", "update-id": "51690446-6731-46d6-a1ef-a3a4cf2ed8d9", "from-state": "ProvisionallyAdmitted", "to-state": "Admitted", "logging-call-at": "/Users/shivamsaraf/Desktop/work/temporal/common/log/with_logger.go:61"}
2025-03-19T11:38:43.611-0400	debug	Assigning new task key	{"host": "127.0.0.1:63280", "shard-id": 1, "address": "127.0.0.1:63280", "wf-namespace-id": "d0b550e3-6091-4a9b-a9aa-3d80ffb24954", "wf-id": "temporal-sys-worker-deployment:rrentVersion_Batching-564e9892_deployment_series", "wf-run-id": "0195af0e-9614-71b5-8e24-5bb7fe0bf356", "queue-task-type": "VisibilityStartExecution", "queue-task-id": 1048587, "timestamp": "2025-03-19T15:38:43.611Z", "cursor-timestamp": "2025-03-19T15:38:44.610Z", "logging-call-at": "/Users/shivamsaraf/Desktop/work/temporal/common/log/with_logger.go:61"}
2025-03-19T11:38:43.611-0400	debug	update state change	{"host": "127.0.0.1:63280", "shard-id": 1, "address": "127.0.0.1:63280", "wf-namespace-id": "d0b550e3-6091-4a9b-a9aa-3d80ffb24954", "wf-id": "temporal-sys-worker-deployment:rrentVersion_Batching-564e9892_deployment_series", "wf-run-id": "0195af0e-960d-715f-b6c6-08dcdf4b78ec", "update-id": "efd6d16f-fabe-47ab-bfdc-4a35179cde45", "from-state": "Created", "to-state": "ProvisionallyAdmitted", "logging-call-at": "/Users/shivamsaraf/Desktop/work/temporal/common/log/with_logger.go:61"}
2025-03-19T11:38:43.611-0400	debug	Assigning new task key	{"host": "127.0.0.1:63280", "shard-id": 1, "address": "127.0.0.1:63280", "wf-namespace-id": "d0b550e3-6091-4a9b-a9aa-3d80ffb24954", "wf-id": "temporal-sys-worker-deployment:rrentVersion_Batching-564e9892_deployment_series", "wf-run-id": "0195af0e-9614-71b5-8e24-5bb7fe0bf356", "queue-task-type": "TransferWorkflowTask", "queue-task-id": 1048588, "timestamp": "2025-03-19T15:38:43.611Z", "cursor-timestamp": "2025-03-19T15:38:44.610Z", "logging-call-at": "/Users/shivamsaraf/Desktop/work/temporal/common/log/with_logger.go:61"}
2025-03-19T11:38:43.611-0400	debug	update state change	{"host": "127.0.0.1:63280", "shard-id": 1, "address": "127.0.0.1:63280", "wf-namespace-id": "d0b550e3-6091-4a9b-a9aa-3d80ffb24954", "wf-id": "temporal-sys-worker-deployment:rrentVersion_Batching-564e9892_deployment_series", "wf-run-id": "0195af0e-960d-715f-b6c6-08dcdf4b78ec", "update-id": "efd6d16f-fabe-47ab-bfdc-4a35179cde45", "from-state": "ProvisionallyAdmitted", "to-state": "Admitted", "logging-call-at": "/Users/shivamsaraf/Desktop/work/temporal/common/log/with_logger.go:61"}
2025-03-19T11:38:43.612-0400	debug	Process task as active.	{"host": "127.0.0.1:63280", "shard-id": 1, "address": "127.0.0.1:63280", "component": "transfer-queue-processor", "wf-namespace-id": "d0b550e3-6091-4a9b-a9aa-3d80ffb24954", "value": "d0b550e3-6091-4a9b-a9aa-3d80ffb24954/temporal-sys-worker-deployment:rrentVersion_Batching-564e9892_deployment_series/0195af0e-960d-715f-b6c6-08dcdf4b78ec", "logging-call-at": "/Users/shivamsaraf/Desktop/work/temporal/common/log/with_logger.go:61"}
2025-03-19T11:38:43.613-0400	info	Started physicalTaskQueueManager	{"host": "127.0.0.1:63279", "component": "matching-engine", "wf-task-queue-name": "temporal-sys-per-ns-tq", "wf-task-queue-type": "Workflow", "wf-namespace": "namespace-ec265ab4-426c-4316-a4b3-47fc66311932", "worker-build-id": "_unversioned_", "lifecycle": "Started", "cause": "Task", "logging-call-at": "/Users/shivamsaraf/Desktop/work/temporal/common/log/with_logger.go:66"}
2025-03-19T11:38:43.616-0400	debug	update state change	{"host": "127.0.0.1:63280", "shard-id": 1, "address": "127.0.0.1:63280", "wf-namespace-id": "d0b550e3-6091-4a9b-a9aa-3d80ffb24954", "wf-id": "temporal-sys-worker-deployment:rrentVersion_Batching-564e9892_deployment_series", "wf-run-id": "0195af0e-9614-71b5-8e24-5bb7fe0bf356", "update-id": "66636524-9b56-4fce-aafb-50ad1a620dc0", "from-state": "Admitted", "to-state": "ProvisionallyAborted", "logging-call-at": "/Users/shivamsaraf/Desktop/work/temporal/common/log/with_logger.go:61"}
2025-03-19T11:38:43.616-0400	debug	update state change	{"host": "127.0.0.1:63280", "shard-id": 1, "address": "127.0.0.1:63280", "wf-namespace-id": "d0b550e3-6091-4a9b-a9aa-3d80ffb24954", "wf-id": "temporal-sys-worker-deployment:rrentVersion_Batching-564e9892_deployment_series", "wf-run-id": "0195af0e-9614-71b5-8e24-5bb7fe0bf356", "update-id": "66636524-9b56-4fce-aafb-50ad1a620dc0", "from-state": "ProvisionallyAborted", "to-state": "Aborted", "logging-call-at": "/Users/shivamsaraf/Desktop/work/temporal/common/log/with_logger.go:61"}
2025-03-19T11:38:43.616-0400	debug	Assigning new task key	{"host": "127.0.0.1:63280", "shard-id": 1, "address": "127.0.0.1:63280", "wf-namespace-id": "d0b550e3-6091-4a9b-a9aa-3d80ffb24954", "wf-id": "temporal-sys-worker-deployment:rrentVersion_Batching-564e9892_deployment_series", "wf-run-id": "0195af0e-9615-760e-bc9d-2e364fb72ac2", "queue-task-type": "VisibilityStartExecution", "queue-task-id": 1048589, "timestamp": "2025-03-19T15:38:43.616Z", "cursor-timestamp": "2025-03-19T15:38:44.610Z", "logging-call-at": "/Users/shivamsaraf/Desktop/work/temporal/common/log/with_logger.go:61"}
2025-03-19T11:38:43.616-0400	debug	Assigning new task key	{"host": "127.0.0.1:63280", "shard-id": 1, "address": "127.0.0.1:63280", "wf-namespace-id": "d0b550e3-6091-4a9b-a9aa-3d80ffb24954", "wf-id": "temporal-sys-worker-deployment:rrentVersion_Batching-564e9892_deployment_series", "wf-run-id": "0195af0e-9615-760e-bc9d-2e364fb72ac2", "queue-task-type": "TransferWorkflowTask", "queue-task-id": 1048590, "timestamp": "2025-03-19T15:38:43.616Z", "cursor-timestamp": "2025-03-19T15:38:44.610Z", "logging-call-at": "/Users/shivamsaraf/Desktop/work/temporal/common/log/with_logger.go:61"}
2025-03-19T11:38:43.616-0400	info	loaded user data from db	{"host": "127.0.0.1:63279", "component": "matching-engine", "wf-task-queue-name": "temporal-sys-per-ns-tq", "wf-task-queue-type": "Workflow", "wf-namespace": "namespace-ec265ab4-426c-4316-a4b3-47fc66311932", "user-data-version": 0, "timestamp": "1970-01-01T00:00:00.000Z", "logging-call-at": "/Users/shivamsaraf/Desktop/work/temporal/common/log/with_logger.go:66"}
2025-03-19T11:38:43.619-0400	debug	update state change	{"host": "127.0.0.1:63280", "shard-id": 1, "address": "127.0.0.1:63280", "wf-namespace-id": "d0b550e3-6091-4a9b-a9aa-3d80ffb24954", "wf-id": "temporal-sys-worker-deployment:rrentVersion_Batching-564e9892_deployment_series", "wf-run-id": "0195af0e-9615-760e-bc9d-2e364fb72ac2", "update-id": "51690446-6731-46d6-a1ef-a3a4cf2ed8d9", "from-state": "Admitted", "to-state": "ProvisionallyAborted", "logging-call-at": "/Users/shivamsaraf/Desktop/work/temporal/common/log/with_logger.go:61"}
2025-03-19T11:38:43.619-0400	debug	update state change	{"host": "127.0.0.1:63280", "shard-id": 1, "address": "127.0.0.1:63280", "wf-namespace-id": "d0b550e3-6091-4a9b-a9aa-3d80ffb24954", "wf-id": "temporal-sys-worker-deployment:rrentVersion_Batching-564e9892_deployment_series", "wf-run-id": "0195af0e-9615-760e-bc9d-2e364fb72ac2", "update-id": "51690446-6731-46d6-a1ef-a3a4cf2ed8d9", "from-state": "ProvisionallyAborted", "to-state": "Aborted", "logging-call-at": "/Users/shivamsaraf/Desktop/work/temporal/common/log/with_logger.go:61"}
2025-03-19T11:38:43.665-0400	debug	update state change	{"host": "127.0.0.1:63280", "shard-id": 1, "address": "127.0.0.1:63280", "wf-namespace-id": "d0b550e3-6091-4a9b-a9aa-3d80ffb24954", "wf-id": "temporal-sys-worker-deployment:rrentVersion_Batching-564e9892_deployment_series", "wf-run-id": "0195af0e-960d-715f-b6c6-08dcdf4b78ec", "update-id": "66636524-9b56-4fce-aafb-50ad1a620dc0", "from-state": "Created", "to-state": "ProvisionallyAdmitted", "logging-call-at": "/Users/shivamsaraf/Desktop/work/temporal/common/log/with_logger.go:61"}
2025-03-19T11:38:43.665-0400	debug	update state change	{"host": "127.0.0.1:63280", "shard-id": 1, "address": "127.0.0.1:63280", "wf-namespace-id": "d0b550e3-6091-4a9b-a9aa-3d80ffb24954", "wf-id": "temporal-sys-worker-deployment:rrentVersion_Batching-564e9892_deployment_series", "wf-run-id": "0195af0e-960d-715f-b6c6-08dcdf4b78ec", "update-id": "66636524-9b56-4fce-aafb-50ad1a620dc0", "from-state": "ProvisionallyAdmitted", "to-state": "Admitted", "logging-call-at": "/Users/shivamsaraf/Desktop/work/temporal/common/log/with_logger.go:61"}
2025-03-19T11:38:43.682-0400	debug	Frontend method invoked.	{"host": "127.0.0.1:63278", "wf-namespace": "namespace-ec265ab4-426c-4316-a4b3-47fc66311932", "operation": "DescribeWorkerDeployment", "server-name": "", "cert-thumbprint": "", "logging-call-at": "/Users/shivamsaraf/Desktop/work/temporal/common/log/with_logger.go:61"}
2025-03-19T11:38:43.682-0400	debug	update state change	{"host": "127.0.0.1:63280", "shard-id": 1, "address": "127.0.0.1:63280", "wf-namespace-id": "d0b550e3-6091-4a9b-a9aa-3d80ffb24954", "wf-id": "temporal-sys-worker-deployment:rrentVersion_Batching-564e9892_deployment_series", "wf-run-id": "0195af0e-960d-715f-b6c6-08dcdf4b78ec", "update-id": "51690446-6731-46d6-a1ef-a3a4cf2ed8d9", "from-state": "Created", "to-state": "ProvisionallyAdmitted", "logging-call-at": "/Users/shivamsaraf/Desktop/work/temporal/common/log/with_logger.go:61"}
2025-03-19T11:38:43.682-0400	debug	update state change	{"host": "127.0.0.1:63280", "shard-id": 1, "address": "127.0.0.1:63280", "wf-namespace-id": "d0b550e3-6091-4a9b-a9aa-3d80ffb24954", "wf-id": "temporal-sys-worker-deployment:rrentVersion_Batching-564e9892_deployment_series", "wf-run-id": "0195af0e-960d-715f-b6c6-08dcdf4b78ec", "update-id": "51690446-6731-46d6-a1ef-a3a4cf2ed8d9", "from-state": "ProvisionallyAdmitted", "to-state": "Admitted", "logging-call-at": "/Users/shivamsaraf/Desktop/work/temporal/common/log/with_logger.go:61"}
2025-03-19T11:38:43.812-0400	debug	deployment client success	{"host": "127.0.0.1:63279", "operation": "ListWorkerDeployments", "elapsed": 0.315701, "args": null, "logging-call-at": "/Users/shivamsaraf/Desktop/work/temporal/common/log/with_logger.go:61"}
2025-03-19T11:38:43.813-0400	debug	update state change	{"host": "127.0.0.1:63280", "shard-id": 1, "address": "127.0.0.1:63280", "wf-namespace-id": "d0b550e3-6091-4a9b-a9aa-3d80ffb24954", "wf-id": "temporal-sys-worker-deployment:rrentVersion_Batching-564e9892_deployment_series", "wf-run-id": "0195af0e-960d-715f-b6c6-08dcdf4b78ec", "update-id": "87c63f8e-c44a-489d-8336-83e52d215ca9", "from-state": "Created", "to-state": "ProvisionallyAdmitted", "logging-call-at": "/Users/shivamsaraf/Desktop/work/temporal/common/log/with_logger.go:61"}
2025-03-19T11:38:43.813-0400	debug	update state change	{"host": "127.0.0.1:63280", "shard-id": 1, "address": "127.0.0.1:63280", "wf-namespace-id": "d0b550e3-6091-4a9b-a9aa-3d80ffb24954", "wf-id": "temporal-sys-worker-deployment:rrentVersion_Batching-564e9892_deployment_series", "wf-run-id": "0195af0e-960d-715f-b6c6-08dcdf4b78ec", "update-id": "87c63f8e-c44a-489d-8336-83e52d215ca9", "from-state": "ProvisionallyAdmitted", "to-state": "Admitted", "logging-call-at": "/Users/shivamsaraf/Desktop/work/temporal/common/log/with_logger.go:61"}
2025-03-19T11:38:43.815-0400	debug	deployment client success	{"host": "127.0.0.1:63279", "operation": "ListWorkerDeployments", "elapsed": 0.314206208, "args": null, "logging-call-at": "/Users/shivamsaraf/Desktop/work/temporal/common/log/with_logger.go:61"}
2025-03-19T11:38:43.816-0400	debug	update state change	{"host": "127.0.0.1:63280", "shard-id": 1, "address": "127.0.0.1:63280", "wf-namespace-id": "d0b550e3-6091-4a9b-a9aa-3d80ffb24954", "wf-id": "temporal-sys-worker-deployment:rrentVersion_Batching-564e9892_deployment_series", "wf-run-id": "0195af0e-960d-715f-b6c6-08dcdf4b78ec", "update-id": "1174c555-dc6d-44d3-b61b-6a642cc728d1", "from-state": "Created", "to-state": "ProvisionallyAdmitted", "logging-call-at": "/Users/shivamsaraf/Desktop/work/temporal/common/log/with_logger.go:61"}
2025-03-19T11:38:43.816-0400	debug	update state change	{"host": "127.0.0.1:63280", "shard-id": 1, "address": "127.0.0.1:63280", "wf-namespace-id": "d0b550e3-6091-4a9b-a9aa-3d80ffb24954", "wf-id": "temporal-sys-worker-deployment:rrentVersion_Batching-564e9892_deployment_series", "wf-run-id": "0195af0e-960d-715f-b6c6-08dcdf4b78ec", "update-id": "1174c555-dc6d-44d3-b61b-6a642cc728d1", "from-state": "ProvisionallyAdmitted", "to-state": "Admitted", "logging-call-at": "/Users/shivamsaraf/Desktop/work/temporal/common/log/with_logger.go:61"}
2025-03-19T11:38:43.817-0400	debug	deployment client success	{"host": "127.0.0.1:63279", "operation": "ListWorkerDeployments", "elapsed": 0.307170292, "args": null, "logging-call-at": "/Users/shivamsaraf/Desktop/work/temporal/common/log/with_logger.go:61"}
2025-03-19T11:38:43.817-0400	debug	deployment client success	{"host": "127.0.0.1:63279", "operation": "ListWorkerDeployments", "elapsed": 0.305793292, "args": null, "logging-call-at": "/Users/shivamsaraf/Desktop/work/temporal/common/log/with_logger.go:61"}
2025-03-19T11:38:43.818-0400	debug	update state change	{"host": "127.0.0.1:63280", "shard-id": 1, "address": "127.0.0.1:63280", "wf-namespace-id": "d0b550e3-6091-4a9b-a9aa-3d80ffb24954", "wf-id": "temporal-sys-worker-deployment:rrentVersion_Batching-564e9892_deployment_series", "wf-run-id": "0195af0e-960d-715f-b6c6-08dcdf4b78ec", "update-id": "7a82e5d4-5ca9-4909-a1cc-1ed8157e4eb5", "from-state": "Created", "to-state": "ProvisionallyAdmitted", "logging-call-at": "/Users/shivamsaraf/Desktop/work/temporal/common/log/with_logger.go:61"}
2025-03-19T11:38:43.818-0400	debug	update state change	{"host": "127.0.0.1:63280", "shard-id": 1, "address": "127.0.0.1:63280", "wf-namespace-id": "d0b550e3-6091-4a9b-a9aa-3d80ffb24954", "wf-id": "temporal-sys-worker-deployment:rrentVersion_Batching-564e9892_deployment_series", "wf-run-id": "0195af0e-960d-715f-b6c6-08dcdf4b78ec", "update-id": "7a82e5d4-5ca9-4909-a1cc-1ed8157e4eb5", "from-state": "ProvisionallyAdmitted", "to-state": "Admitted", "logging-call-at": "/Users/shivamsaraf/Desktop/work/temporal/common/log/with_logger.go:61"}
2025-03-19T11:38:43.818-0400	debug	deployment client success	{"host": "127.0.0.1:63279", "operation": "ListWorkerDeployments", "elapsed": 0.305366959, "args": null, "logging-call-at": "/Users/shivamsaraf/Desktop/work/temporal/common/log/with_logger.go:61"}
2025-03-19T11:38:43.819-0400	debug	update state change	{"host": "127.0.0.1:63280", "shard-id": 1, "address": "127.0.0.1:63280", "wf-namespace-id": "d0b550e3-6091-4a9b-a9aa-3d80ffb24954", "wf-id": "temporal-sys-worker-deployment:rrentVersion_Batching-564e9892_deployment_series", "wf-run-id": "0195af0e-960d-715f-b6c6-08dcdf4b78ec", "update-id": "c105565e-33ca-4ce5-bbae-9143a99839c1", "from-state": "Created", "to-state": "ProvisionallyAdmitted", "logging-call-at": "/Users/shivamsaraf/Desktop/work/temporal/common/log/with_logger.go:61"}
2025-03-19T11:38:43.819-0400	debug	update state change	{"host": "127.0.0.1:63280", "shard-id": 1, "address": "127.0.0.1:63280", "wf-namespace-id": "d0b550e3-6091-4a9b-a9aa-3d80ffb24954", "wf-id": "temporal-sys-worker-deployment:rrentVersion_Batching-564e9892_deployment_series", "wf-run-id": "0195af0e-960d-715f-b6c6-08dcdf4b78ec", "update-id": "c105565e-33ca-4ce5-bbae-9143a99839c1", "from-state": "ProvisionallyAdmitted", "to-state": "Admitted", "logging-call-at": "/Users/shivamsaraf/Desktop/work/temporal/common/log/with_logger.go:61"}
2025-03-19T11:38:43.819-0400	debug	deployment client success	{"host": "127.0.0.1:63279", "operation": "ListWorkerDeployments", "elapsed": 0.303558791, "args": null, "logging-call-at": "/Users/shivamsaraf/Desktop/work/temporal/common/log/with_logger.go:61"}
2025-03-19T11:38:43.820-0400	debug	update state change	{"host": "127.0.0.1:63280", "shard-id": 1, "address": "127.0.0.1:63280", "wf-namespace-id": "d0b550e3-6091-4a9b-a9aa-3d80ffb24954", "wf-id": "temporal-sys-worker-deployment:rrentVersion_Batching-564e9892_deployment_series", "wf-run-id": "0195af0e-960d-715f-b6c6-08dcdf4b78ec", "update-id": "0d1a920b-8f1a-4409-b50f-56e42ce82b89", "from-state": "Created", "to-state": "ProvisionallyAdmitted", "logging-call-at": "/Users/shivamsaraf/Desktop/work/temporal/common/log/with_logger.go:61"}
2025-03-19T11:38:43.820-0400	debug	update state change	{"host": "127.0.0.1:63280", "shard-id": 1, "address": "127.0.0.1:63280", "wf-namespace-id": "d0b550e3-6091-4a9b-a9aa-3d80ffb24954", "wf-id": "temporal-sys-worker-deployment:rrentVersion_Batching-564e9892_deployment_series", "wf-run-id": "0195af0e-960d-715f-b6c6-08dcdf4b78ec", "update-id": "0d1a920b-8f1a-4409-b50f-56e42ce82b89", "from-state": "ProvisionallyAdmitted", "to-state": "Admitted", "logging-call-at": "/Users/shivamsaraf/Desktop/work/temporal/common/log/with_logger.go:61"}
2025-03-19T11:38:43.821-0400	debug	deployment client success	{"host": "127.0.0.1:63279", "operation": "ListWorkerDeployments", "elapsed": 0.301001625, "args": null, "logging-call-at": "/Users/shivamsaraf/Desktop/work/temporal/common/log/with_logger.go:61"}
2025-03-19T11:38:43.822-0400	debug	update state change	{"host": "127.0.0.1:63280", "shard-id": 1, "address": "127.0.0.1:63280", "wf-namespace-id": "d0b550e3-6091-4a9b-a9aa-3d80ffb24954", "wf-id": "temporal-sys-worker-deployment:rrentVersion_Batching-564e9892_deployment_series", "wf-run-id": "0195af0e-960d-715f-b6c6-08dcdf4b78ec", "update-id": "40fc86d5-6226-4924-aa65-668931e9010f", "from-state": "Created", "to-state": "ProvisionallyAdmitted", "logging-call-at": "/Users/shivamsaraf/Desktop/work/temporal/common/log/with_logger.go:61"}
2025-03-19T11:38:43.822-0400	debug	update state change	{"host": "127.0.0.1:63280", "shard-id": 1, "address": "127.0.0.1:63280", "wf-namespace-id": "d0b550e3-6091-4a9b-a9aa-3d80ffb24954", "wf-id": "temporal-sys-worker-deployment:rrentVersion_Batching-564e9892_deployment_series", "wf-run-id": "0195af0e-960d-715f-b6c6-08dcdf4b78ec", "update-id": "40fc86d5-6226-4924-aa65-668931e9010f", "from-state": "ProvisionallyAdmitted", "to-state": "Admitted", "logging-call-at": "/Users/shivamsaraf/Desktop/work/temporal/common/log/with_logger.go:61"}
2025-03-19T11:38:43.822-0400	debug	deployment client success	{"host": "127.0.0.1:63279", "operation": "ListWorkerDeployments", "elapsed": 0.287901333, "args": null, "logging-call-at": "/Users/shivamsaraf/Desktop/work/temporal/common/log/with_logger.go:61"}
2025-03-19T11:38:43.823-0400	debug	update state change	{"host": "127.0.0.1:63280", "shard-id": 1, "address": "127.0.0.1:63280", "wf-namespace-id": "d0b550e3-6091-4a9b-a9aa-3d80ffb24954", "wf-id": "temporal-sys-worker-deployment:rrentVersion_Batching-564e9892_deployment_series", "wf-run-id": "0195af0e-960d-715f-b6c6-08dcdf4b78ec", "update-id": "ea0527ef-6733-4fcf-ae7a-c3ad034fab46", "from-state": "Created", "to-state": "ProvisionallyAdmitted", "logging-call-at": "/Users/shivamsaraf/Desktop/work/temporal/common/log/with_logger.go:61"}
2025-03-19T11:38:43.823-0400	debug	update state change	{"host": "127.0.0.1:63280", "shard-id": 1, "address": "127.0.0.1:63280", "wf-namespace-id": "d0b550e3-6091-4a9b-a9aa-3d80ffb24954", "wf-id": "temporal-sys-worker-deployment:rrentVersion_Batching-564e9892_deployment_series", "wf-run-id": "0195af0e-960d-715f-b6c6-08dcdf4b78ec", "update-id": "ea0527ef-6733-4fcf-ae7a-c3ad034fab46", "from-state": "ProvisionallyAdmitted", "to-state": "Admitted", "logging-call-at": "/Users/shivamsaraf/Desktop/work/temporal/common/log/with_logger.go:61"}
2025-03-19T11:38:43.823-0400	debug	deployment client success	{"host": "127.0.0.1:63279", "operation": "ListWorkerDeployments", "elapsed": 0.287657083, "args": null, "logging-call-at": "/Users/shivamsaraf/Desktop/work/temporal/common/log/with_logger.go:61"}
2025-03-19T11:38:43.824-0400	debug	update state change	{"host": "127.0.0.1:63280", "shard-id": 1, "address": "127.0.0.1:63280", "wf-namespace-id": "d0b550e3-6091-4a9b-a9aa-3d80ffb24954", "wf-id": "temporal-sys-worker-deployment:rrentVersion_Batching-564e9892_deployment_series", "wf-run-id": "0195af0e-960d-715f-b6c6-08dcdf4b78ec", "update-id": "c34494a9-38b9-4608-aef4-c140d3f849bb", "from-state": "Created", "to-state": "ProvisionallyAdmitted", "logging-call-at": "/Users/shivamsaraf/Desktop/work/temporal/common/log/with_logger.go:61"}
2025-03-19T11:38:43.824-0400	debug	update state change	{"host": "127.0.0.1:63280", "shard-id": 1, "address": "127.0.0.1:63280", "wf-namespace-id": "d0b550e3-6091-4a9b-a9aa-3d80ffb24954", "wf-id": "temporal-sys-worker-deployment:rrentVersion_Batching-564e9892_deployment_series", "wf-run-id": "0195af0e-960d-715f-b6c6-08dcdf4b78ec", "update-id": "c34494a9-38b9-4608-aef4-c140d3f849bb", "from-state": "ProvisionallyAdmitted", "to-state": "Admitted", "logging-call-at": "/Users/shivamsaraf/Desktop/work/temporal/common/log/with_logger.go:61"}
2025-03-19T11:38:43.824-0400	debug	deployment client success	{"host": "127.0.0.1:63279", "operation": "ListWorkerDeployments", "elapsed": 0.2883745, "args": null, "logging-call-at": "/Users/shivamsaraf/Desktop/work/temporal/common/log/with_logger.go:61"}
2025-03-19T11:38:43.825-0400	debug	update state change	{"host": "127.0.0.1:63280", "shard-id": 1, "address": "127.0.0.1:63280", "wf-namespace-id": "d0b550e3-6091-4a9b-a9aa-3d80ffb24954", "wf-id": "temporal-sys-worker-deployment:rrentVersion_Batching-564e9892_deployment_series", "wf-run-id": "0195af0e-960d-715f-b6c6-08dcdf4b78ec", "update-id": "5eee725c-4a09-4d74-a3c3-6d64c2683085", "from-state": "Created", "to-state": "ProvisionallyAdmitted", "logging-call-at": "/Users/shivamsaraf/Desktop/work/temporal/common/log/with_logger.go:61"}
2025-03-19T11:38:43.825-0400	debug	update state change	{"host": "127.0.0.1:63280", "shard-id": 1, "address": "127.0.0.1:63280", "wf-namespace-id": "d0b550e3-6091-4a9b-a9aa-3d80ffb24954", "wf-id": "temporal-sys-worker-deployment:rrentVersion_Batching-564e9892_deployment_series", "wf-run-id": "0195af0e-960d-715f-b6c6-08dcdf4b78ec", "update-id": "5eee725c-4a09-4d74-a3c3-6d64c2683085", "from-state": "ProvisionallyAdmitted", "to-state": "Admitted", "logging-call-at": "/Users/shivamsaraf/Desktop/work/temporal/common/log/with_logger.go:61"}
2025-03-19T11:38:43.825-0400	debug	deployment client success	{"host": "127.0.0.1:63279", "operation": "ListWorkerDeployments", "elapsed": 0.287539917, "args": null, "logging-call-at": "/Users/shivamsaraf/Desktop/work/temporal/common/log/with_logger.go:61"}
2025-03-19T11:38:43.826-0400	debug	update state change	{"host": "127.0.0.1:63280", "shard-id": 1, "address": "127.0.0.1:63280", "wf-namespace-id": "d0b550e3-6091-4a9b-a9aa-3d80ffb24954", "wf-id": "temporal-sys-worker-deployment:rrentVersion_Batching-564e9892_deployment_series", "wf-run-id": "0195af0e-960d-715f-b6c6-08dcdf4b78ec", "update-id": "fc0e739b-fa58-480b-b8d7-4d0425bc2db6", "from-state": "Created", "to-state": "ProvisionallyAdmitted", "logging-call-at": "/Users/shivamsaraf/Desktop/work/temporal/common/log/with_logger.go:61"}
2025-03-19T11:38:43.826-0400	debug	update state change	{"host": "127.0.0.1:63280", "shard-id": 1, "address": "127.0.0.1:63280", "wf-namespace-id": "d0b550e3-6091-4a9b-a9aa-3d80ffb24954", "wf-id": "temporal-sys-worker-deployment:rrentVersion_Batching-564e9892_deployment_series", "wf-run-id": "0195af0e-960d-715f-b6c6-08dcdf4b78ec", "update-id": "fc0e739b-fa58-480b-b8d7-4d0425bc2db6", "from-state": "ProvisionallyAdmitted", "to-state": "Admitted", "logging-call-at": "/Users/shivamsaraf/Desktop/work/temporal/common/log/with_logger.go:61"}
2025-03-19T11:38:43.826-0400	debug	deployment client success	{"host": "127.0.0.1:63279", "operation": "ListWorkerDeployments", "elapsed": 0.288095209, "args": null, "logging-call-at": "/Users/shivamsaraf/Desktop/work/temporal/common/log/with_logger.go:61"}
2025-03-19T11:38:43.826-0400	debug	update state change	{"host": "127.0.0.1:63280", "shard-id": 1, "address": "127.0.0.1:63280", "wf-namespace-id": "d0b550e3-6091-4a9b-a9aa-3d80ffb24954", "wf-id": "temporal-sys-worker-deployment:rrentVersion_Batching-564e9892_deployment_series", "wf-run-id": "0195af0e-960d-715f-b6c6-08dcdf4b78ec", "update-id": "3dec0fcd-14f3-4373-bc17-04ac2c734044", "from-state": "Created", "to-state": "ProvisionallyAdmitted", "logging-call-at": "/Users/shivamsaraf/Desktop/work/temporal/common/log/with_logger.go:61"}
2025-03-19T11:38:43.827-0400	debug	update state change	{"host": "127.0.0.1:63280", "shard-id": 1, "address": "127.0.0.1:63280", "wf-namespace-id": "d0b550e3-6091-4a9b-a9aa-3d80ffb24954", "wf-id": "temporal-sys-worker-deployment:rrentVersion_Batching-564e9892_deployment_series", "wf-run-id": "0195af0e-960d-715f-b6c6-08dcdf4b78ec", "update-id": "3dec0fcd-14f3-4373-bc17-04ac2c734044", "from-state": "ProvisionallyAdmitted", "to-state": "Admitted", "logging-call-at": "/Users/shivamsaraf/Desktop/work/temporal/common/log/with_logger.go:61"}
2025-03-19T11:38:43.827-0400	debug	deployment client success	{"host": "127.0.0.1:63279", "operation": "ListWorkerDeployments", "elapsed": 0.287339, "args": null, "logging-call-at": "/Users/shivamsaraf/Desktop/work/temporal/common/log/with_logger.go:61"}
2025-03-19T11:38:43.827-0400	debug	update state change	{"host": "127.0.0.1:63280", "shard-id": 1, "address": "127.0.0.1:63280", "wf-namespace-id": "d0b550e3-6091-4a9b-a9aa-3d80ffb24954", "wf-id": "temporal-sys-worker-deployment:rrentVersion_Batching-564e9892_deployment_series", "wf-run-id": "0195af0e-960d-715f-b6c6-08dcdf4b78ec", "update-id": "b40d524d-961f-4213-b31c-31402f440efd", "from-state": "Created", "to-state": "ProvisionallyAdmitted", "logging-call-at": "/Users/shivamsaraf/Desktop/work/temporal/common/log/with_logger.go:61"}
2025-03-19T11:38:43.827-0400	debug	update state change	{"host": "127.0.0.1:63280", "shard-id": 1, "address": "127.0.0.1:63280", "wf-namespace-id": "d0b550e3-6091-4a9b-a9aa-3d80ffb24954", "wf-id": "temporal-sys-worker-deployment:rrentVersion_Batching-564e9892_deployment_series", "wf-run-id": "0195af0e-960d-715f-b6c6-08dcdf4b78ec", "update-id": "b40d524d-961f-4213-b31c-31402f440efd", "from-state": "ProvisionallyAdmitted", "to-state": "Admitted", "logging-call-at": "/Users/shivamsaraf/Desktop/work/temporal/common/log/with_logger.go:61"}
2025-03-19T11:38:43.828-0400	debug	deployment client success	{"host": "127.0.0.1:63279", "operation": "ListWorkerDeployments", "elapsed": 0.287908709, "args": null, "logging-call-at": "/Users/shivamsaraf/Desktop/work/temporal/common/log/with_logger.go:61"}
2025-03-19T11:38:43.828-0400	debug	update state change	{"host": "127.0.0.1:63280", "shard-id": 1, "address": "127.0.0.1:63280", "wf-namespace-id": "d0b550e3-6091-4a9b-a9aa-3d80ffb24954", "wf-id": "temporal-sys-worker-deployment:rrentVersion_Batching-564e9892_deployment_series", "wf-run-id": "0195af0e-960d-715f-b6c6-08dcdf4b78ec", "update-id": "c151f798-f9c4-4ae1-b818-82ad1000bc51", "from-state": "Created", "to-state": "ProvisionallyAdmitted", "logging-call-at": "/Users/shivamsaraf/Desktop/work/temporal/common/log/with_logger.go:61"}
2025-03-19T11:38:43.828-0400	debug	update state change	{"host": "127.0.0.1:63280", "shard-id": 1, "address": "127.0.0.1:63280", "wf-namespace-id": "d0b550e3-6091-4a9b-a9aa-3d80ffb24954", "wf-id": "temporal-sys-worker-deployment:rrentVersion_Batching-564e9892_deployment_series", "wf-run-id": "0195af0e-960d-715f-b6c6-08dcdf4b78ec", "update-id": "c151f798-f9c4-4ae1-b818-82ad1000bc51", "from-state": "ProvisionallyAdmitted", "to-state": "Admitted", "logging-call-at": "/Users/shivamsaraf/Desktop/work/temporal/common/log/with_logger.go:61"}
2025-03-19T11:38:43.829-0400	debug	deployment client success	{"host": "127.0.0.1:63279", "operation": "ListWorkerDeployments", "elapsed": 0.288483917, "args": null, "logging-call-at": "/Users/shivamsaraf/Desktop/work/temporal/common/log/with_logger.go:61"}
2025-03-19T11:38:43.829-0400	debug	update state change	{"host": "127.0.0.1:63280", "shard-id": 1, "address": "127.0.0.1:63280", "wf-namespace-id": "d0b550e3-6091-4a9b-a9aa-3d80ffb24954", "wf-id": "temporal-sys-worker-deployment:rrentVersion_Batching-564e9892_deployment_series", "wf-run-id": "0195af0e-960d-715f-b6c6-08dcdf4b78ec", "update-id": "1e572c41-7ea6-479e-8374-807d998a78df", "from-state": "Created", "to-state": "ProvisionallyAdmitted", "logging-call-at": "/Users/shivamsaraf/Desktop/work/temporal/common/log/with_logger.go:61"}
2025-03-19T11:38:43.829-0400	debug	update state change	{"host": "127.0.0.1:63280", "shard-id": 1, "address": "127.0.0.1:63280", "wf-namespace-id": "d0b550e3-6091-4a9b-a9aa-3d80ffb24954", "wf-id": "temporal-sys-worker-deployment:rrentVersion_Batching-564e9892_deployment_series", "wf-run-id": "0195af0e-960d-715f-b6c6-08dcdf4b78ec", "update-id": "1e572c41-7ea6-479e-8374-807d998a78df", "from-state": "ProvisionallyAdmitted", "to-state": "Admitted", "logging-call-at": "/Users/shivamsaraf/Desktop/work/temporal/common/log/with_logger.go:61"}
2025-03-19T11:38:43.829-0400	debug	deployment client success	{"host": "127.0.0.1:63279", "operation": "ListWorkerDeployments", "elapsed": 0.289122833, "args": null, "logging-call-at": "/Users/shivamsaraf/Desktop/work/temporal/common/log/with_logger.go:61"}
2025-03-19T11:38:43.830-0400	debug	update state change	{"host": "127.0.0.1:63280", "shard-id": 1, "address": "127.0.0.1:63280", "wf-namespace-id": "d0b550e3-6091-4a9b-a9aa-3d80ffb24954", "wf-id": "temporal-sys-worker-deployment:rrentVersion_Batching-564e9892_deployment_series", "wf-run-id": "0195af0e-960d-715f-b6c6-08dcdf4b78ec", "update-id": "987217d9-e73b-45cf-91b5-dfcc9eaef6dc", "from-state": "Created", "to-state": "ProvisionallyAdmitted", "logging-call-at": "/Users/shivamsaraf/Desktop/work/temporal/common/log/with_logger.go:61"}
2025-03-19T11:38:43.830-0400	debug	update state change	{"host": "127.0.0.1:63280", "shard-id": 1, "address": "127.0.0.1:63280", "wf-namespace-id": "d0b550e3-6091-4a9b-a9aa-3d80ffb24954", "wf-id": "temporal-sys-worker-deployment:rrentVersion_Batching-564e9892_deployment_series", "wf-run-id": "0195af0e-960d-715f-b6c6-08dcdf4b78ec", "update-id": "987217d9-e73b-45cf-91b5-dfcc9eaef6dc", "from-state": "ProvisionallyAdmitted", "to-state": "Admitted", "logging-call-at": "/Users/shivamsaraf/Desktop/work/temporal/common/log/with_logger.go:61"}
2025-03-19T11:38:43.831-0400	debug	deployment client success	{"host": "127.0.0.1:63279", "operation": "ListWorkerDeployments", "elapsed": 0.288587083, "args": null, "logging-call-at": "/Users/shivamsaraf/Desktop/work/temporal/common/log/with_logger.go:61"}
2025-03-19T11:38:43.831-0400	debug	update state change	{"host": "127.0.0.1:63280", "shard-id": 1, "address": "127.0.0.1:63280", "wf-namespace-id": "d0b550e3-6091-4a9b-a9aa-3d80ffb24954", "wf-id": "temporal-sys-worker-deployment:rrentVersion_Batching-564e9892_deployment_series", "wf-run-id": "0195af0e-960d-715f-b6c6-08dcdf4b78ec", "update-id": "92938727-a666-41be-9404-32ca97b2ec5a", "from-state": "Created", "to-state": "ProvisionallyAdmitted", "logging-call-at": "/Users/shivamsaraf/Desktop/work/temporal/common/log/with_logger.go:61"}
2025-03-19T11:38:43.831-0400	debug	update state change	{"host": "127.0.0.1:63280", "shard-id": 1, "address": "127.0.0.1:63280", "wf-namespace-id": "d0b550e3-6091-4a9b-a9aa-3d80ffb24954", "wf-id": "temporal-sys-worker-deployment:rrentVersion_Batching-564e9892_deployment_series", "wf-run-id": "0195af0e-960d-715f-b6c6-08dcdf4b78ec", "update-id": "92938727-a666-41be-9404-32ca97b2ec5a", "from-state": "ProvisionallyAdmitted", "to-state": "Admitted", "logging-call-at": "/Users/shivamsaraf/Desktop/work/temporal/common/log/with_logger.go:61"}
2025-03-19T11:38:43.832-0400	debug	deployment client success	{"host": "127.0.0.1:63279", "operation": "ListWorkerDeployments", "elapsed": 0.289175833, "args": null, "logging-call-at": "/Users/shivamsaraf/Desktop/work/temporal/common/log/with_logger.go:61"}
2025-03-19T11:38:43.832-0400	debug	update state change	{"host": "127.0.0.1:63280", "shard-id": 1, "address": "127.0.0.1:63280", "wf-namespace-id": "d0b550e3-6091-4a9b-a9aa-3d80ffb24954", "wf-id": "temporal-sys-worker-deployment:rrentVersion_Batching-564e9892_deployment_series", "wf-run-id": "0195af0e-960d-715f-b6c6-08dcdf4b78ec", "update-id": "ac6c8eef-bace-4b87-b87d-8f77b3e3b92d", "from-state": "Created", "to-state": "ProvisionallyAdmitted", "logging-call-at": "/Users/shivamsaraf/Desktop/work/temporal/common/log/with_logger.go:61"}
2025-03-19T11:38:43.832-0400	debug	update state change	{"host": "127.0.0.1:63280", "shard-id": 1, "address": "127.0.0.1:63280", "wf-namespace-id": "d0b550e3-6091-4a9b-a9aa-3d80ffb24954", "wf-id": "temporal-sys-worker-deployment:rrentVersion_Batching-564e9892_deployment_series", "wf-run-id": "0195af0e-960d-715f-b6c6-08dcdf4b78ec", "update-id": "ac6c8eef-bace-4b87-b87d-8f77b3e3b92d", "from-state": "ProvisionallyAdmitted", "to-state": "Admitted", "logging-call-at": "/Users/shivamsaraf/Desktop/work/temporal/common/log/with_logger.go:61"}
2025-03-19T11:38:43.832-0400	debug	deployment client success	{"host": "127.0.0.1:63279", "operation": "ListWorkerDeployments", "elapsed": 0.28940075, "args": null, "logging-call-at": "/Users/shivamsaraf/Desktop/work/temporal/common/log/with_logger.go:61"}
2025-03-19T11:38:43.833-0400	debug	update state change	{"host": "127.0.0.1:63280", "shard-id": 1, "address": "127.0.0.1:63280", "wf-namespace-id": "d0b550e3-6091-4a9b-a9aa-3d80ffb24954", "wf-id": "temporal-sys-worker-deployment:rrentVersion_Batching-564e9892_deployment_series", "wf-run-id": "0195af0e-960d-715f-b6c6-08dcdf4b78ec", "update-id": "e1d04e2e-0be4-420b-8176-c54ea4849abf", "from-state": "Created", "to-state": "ProvisionallyAdmitted", "logging-call-at": "/Users/shivamsaraf/Desktop/work/temporal/common/log/with_logger.go:61"}
2025-03-19T11:38:43.833-0400	debug	update state change	{"host": "127.0.0.1:63280", "shard-id": 1, "address": "127.0.0.1:63280", "wf-namespace-id": "d0b550e3-6091-4a9b-a9aa-3d80ffb24954", "wf-id": "temporal-sys-worker-deployment:rrentVersion_Batching-564e9892_deployment_series", "wf-run-id": "0195af0e-960d-715f-b6c6-08dcdf4b78ec", "update-id": "e1d04e2e-0be4-420b-8176-c54ea4849abf", "from-state": "ProvisionallyAdmitted", "to-state": "Admitted", "logging-call-at": "/Users/shivamsaraf/Desktop/work/temporal/common/log/with_logger.go:61"}
2025-03-19T11:38:43.833-0400	debug	deployment client success	{"host": "127.0.0.1:63279", "operation": "ListWorkerDeployments", "elapsed": 0.285586333, "args": null, "logging-call-at": "/Users/shivamsaraf/Desktop/work/temporal/common/log/with_logger.go:61"}
2025-03-19T11:38:43.834-0400	debug	update state change	{"host": "127.0.0.1:63280", "shard-id": 1, "address": "127.0.0.1:63280", "wf-namespace-id": "d0b550e3-6091-4a9b-a9aa-3d80ffb24954", "wf-id": "temporal-sys-worker-deployment:rrentVersion_Batching-564e9892_deployment_series", "wf-run-id": "0195af0e-960d-715f-b6c6-08dcdf4b78ec", "update-id": "29835abf-2036-415f-9b24-f89a7959bd06", "from-state": "Created", "to-state": "ProvisionallyAdmitted", "logging-call-at": "/Users/shivamsaraf/Desktop/work/temporal/common/log/with_logger.go:61"}
2025-03-19T11:38:43.834-0400	debug	update state change	{"host": "127.0.0.1:63280", "shard-id": 1, "address": "127.0.0.1:63280", "wf-namespace-id": "d0b550e3-6091-4a9b-a9aa-3d80ffb24954", "wf-id": "temporal-sys-worker-deployment:rrentVersion_Batching-564e9892_deployment_series", "wf-run-id": "0195af0e-960d-715f-b6c6-08dcdf4b78ec", "update-id": "29835abf-2036-415f-9b24-f89a7959bd06", "from-state": "ProvisionallyAdmitted", "to-state": "Admitted", "logging-call-at": "/Users/shivamsaraf/Desktop/work/temporal/common/log/with_logger.go:61"}
2025-03-19T11:38:43.834-0400	debug	deployment client success	{"host": "127.0.0.1:63279", "operation": "ListWorkerDeployments", "elapsed": 0.284142708, "args": null, "logging-call-at": "/Users/shivamsaraf/Desktop/work/temporal/common/log/with_logger.go:61"}
2025-03-19T11:38:43.835-0400	debug	update state change	{"host": "127.0.0.1:63280", "shard-id": 1, "address": "127.0.0.1:63280", "wf-namespace-id": "d0b550e3-6091-4a9b-a9aa-3d80ffb24954", "wf-id": "temporal-sys-worker-deployment:rrentVersion_Batching-564e9892_deployment_series", "wf-run-id": "0195af0e-960d-715f-b6c6-08dcdf4b78ec", "update-id": "a8f1eb17-6855-4795-926b-a0ea4553e07d", "from-state": "Created", "to-state": "ProvisionallyAdmitted", "logging-call-at": "/Users/shivamsaraf/Desktop/work/temporal/common/log/with_logger.go:61"}
2025-03-19T11:38:43.835-0400	debug	update state change	{"host": "127.0.0.1:63280", "shard-id": 1, "address": "127.0.0.1:63280", "wf-namespace-id": "d0b550e3-6091-4a9b-a9aa-3d80ffb24954", "wf-id": "temporal-sys-worker-deployment:rrentVersion_Batching-564e9892_deployment_series", "wf-run-id": "0195af0e-960d-715f-b6c6-08dcdf4b78ec", "update-id": "a8f1eb17-6855-4795-926b-a0ea4553e07d", "from-state": "ProvisionallyAdmitted", "to-state": "Admitted", "logging-call-at": "/Users/shivamsaraf/Desktop/work/temporal/common/log/with_logger.go:61"}
2025-03-19T11:38:43.835-0400	debug	deployment client success	{"host": "127.0.0.1:63279", "operation": "ListWorkerDeployments", "elapsed": 0.28424275, "args": null, "logging-call-at": "/Users/shivamsaraf/Desktop/work/temporal/common/log/with_logger.go:61"}
2025-03-19T11:38:43.836-0400	debug	update state change	{"host": "127.0.0.1:63280", "shard-id": 1, "address": "127.0.0.1:63280", "wf-namespace-id": "d0b550e3-6091-4a9b-a9aa-3d80ffb24954", "wf-id": "temporal-sys-worker-deployment:rrentVersion_Batching-564e9892_deployment_series", "wf-run-id": "0195af0e-960d-715f-b6c6-08dcdf4b78ec", "update-id": "dd8ac291-1c6d-40ec-b357-7677a4689ef3", "from-state": "Created", "to-state": "ProvisionallyAdmitted", "logging-call-at": "/Users/shivamsaraf/Desktop/work/temporal/common/log/with_logger.go:61"}
2025-03-19T11:38:43.836-0400	debug	update state change	{"host": "127.0.0.1:63280", "shard-id": 1, "address": "127.0.0.1:63280", "wf-namespace-id": "d0b550e3-6091-4a9b-a9aa-3d80ffb24954", "wf-id": "temporal-sys-worker-deployment:rrentVersion_Batching-564e9892_deployment_series", "wf-run-id": "0195af0e-960d-715f-b6c6-08dcdf4b78ec", "update-id": "dd8ac291-1c6d-40ec-b357-7677a4689ef3", "from-state": "ProvisionallyAdmitted", "to-state": "Admitted", "logging-call-at": "/Users/shivamsaraf/Desktop/work/temporal/common/log/with_logger.go:61"}
2025-03-19T11:38:43.836-0400	debug	deployment client success	{"host": "127.0.0.1:63279", "operation": "ListWorkerDeployments", "elapsed": 0.284552959, "args": null, "logging-call-at": "/Users/shivamsaraf/Desktop/work/temporal/common/log/with_logger.go:61"}
2025-03-19T11:38:43.836-0400	debug	update state change	{"host": "127.0.0.1:63280", "shard-id": 1, "address": "127.0.0.1:63280", "wf-namespace-id": "d0b550e3-6091-4a9b-a9aa-3d80ffb24954", "wf-id": "temporal-sys-worker-deployment:rrentVersion_Batching-564e9892_deployment_series", "wf-run-id": "0195af0e-960d-715f-b6c6-08dcdf4b78ec", "update-id": "73874772-a972-4192-bc29-aab20397e64b", "from-state": "Created", "to-state": "ProvisionallyAdmitted", "logging-call-at": "/Users/shivamsaraf/Desktop/work/temporal/common/log/with_logger.go:61"}
2025-03-19T11:38:43.836-0400	debug	update state change	{"host": "127.0.0.1:63280", "shard-id": 1, "address": "127.0.0.1:63280", "wf-namespace-id": "d0b550e3-6091-4a9b-a9aa-3d80ffb24954", "wf-id": "temporal-sys-worker-deployment:rrentVersion_Batching-564e9892_deployment_series", "wf-run-id": "0195af0e-960d-715f-b6c6-08dcdf4b78ec", "update-id": "73874772-a972-4192-bc29-aab20397e64b", "from-state": "ProvisionallyAdmitted", "to-state": "Admitted", "logging-call-at": "/Users/shivamsaraf/Desktop/work/temporal/common/log/with_logger.go:61"}
2025-03-19T11:38:43.837-0400	debug	deployment client success	{"host": "127.0.0.1:63279", "operation": "ListWorkerDeployments", "elapsed": 0.283132208, "args": null, "logging-call-at": "/Users/shivamsaraf/Desktop/work/temporal/common/log/with_logger.go:61"}
2025-03-19T11:38:43.837-0400	debug	update state change	{"host": "127.0.0.1:63280", "shard-id": 1, "address": "127.0.0.1:63280", "wf-namespace-id": "d0b550e3-6091-4a9b-a9aa-3d80ffb24954", "wf-id": "temporal-sys-worker-deployment:rrentVersion_Batching-564e9892_deployment_series", "wf-run-id": "0195af0e-960d-715f-b6c6-08dcdf4b78ec", "update-id": "c7f71060-e4c3-4e3e-b980-35a33a0f51d6", "from-state": "Created", "to-state": "ProvisionallyAdmitted", "logging-call-at": "/Users/shivamsaraf/Desktop/work/temporal/common/log/with_logger.go:61"}
2025-03-19T11:38:43.837-0400	debug	update state change	{"host": "127.0.0.1:63280", "shard-id": 1, "address": "127.0.0.1:63280", "wf-namespace-id": "d0b550e3-6091-4a9b-a9aa-3d80ffb24954", "wf-id": "temporal-sys-worker-deployment:rrentVersion_Batching-564e9892_deployment_series", "wf-run-id": "0195af0e-960d-715f-b6c6-08dcdf4b78ec", "update-id": "c7f71060-e4c3-4e3e-b980-35a33a0f51d6", "from-state": "ProvisionallyAdmitted", "to-state": "Admitted", "logging-call-at": "/Users/shivamsaraf/Desktop/work/temporal/common/log/with_logger.go:61"}
2025-03-19T11:38:43.838-0400	debug	deployment client success	{"host": "127.0.0.1:63279", "operation": "ListWorkerDeployments", "elapsed": 0.283188334, "args": null, "logging-call-at": "/Users/shivamsaraf/Desktop/work/temporal/common/log/with_logger.go:61"}
2025-03-19T11:38:43.838-0400	debug	update state change	{"host": "127.0.0.1:63280", "shard-id": 1, "address": "127.0.0.1:63280", "wf-namespace-id": "d0b550e3-6091-4a9b-a9aa-3d80ffb24954", "wf-id": "temporal-sys-worker-deployment:rrentVersion_Batching-564e9892_deployment_series", "wf-run-id": "0195af0e-960d-715f-b6c6-08dcdf4b78ec", "update-id": "37bf7d9d-11da-4cee-aed6-0ba5fe99dfd4", "from-state": "Created", "to-state": "ProvisionallyAdmitted", "logging-call-at": "/Users/shivamsaraf/Desktop/work/temporal/common/log/with_logger.go:61"}
2025-03-19T11:38:43.838-0400	debug	update state change	{"host": "127.0.0.1:63280", "shard-id": 1, "address": "127.0.0.1:63280", "wf-namespace-id": "d0b550e3-6091-4a9b-a9aa-3d80ffb24954", "wf-id": "temporal-sys-worker-deployment:rrentVersion_Batching-564e9892_deployment_series", "wf-run-id": "0195af0e-960d-715f-b6c6-08dcdf4b78ec", "update-id": "37bf7d9d-11da-4cee-aed6-0ba5fe99dfd4", "from-state": "ProvisionallyAdmitted", "to-state": "Admitted", "logging-call-at": "/Users/shivamsaraf/Desktop/work/temporal/common/log/with_logger.go:61"}
2025-03-19T11:38:43.838-0400	debug	deployment client success	{"host": "127.0.0.1:63279", "operation": "ListWorkerDeployments", "elapsed": 0.283526083, "args": null, "logging-call-at": "/Users/shivamsaraf/Desktop/work/temporal/common/log/with_logger.go:61"}
2025-03-19T11:38:43.839-0400	debug	update state change	{"host": "127.0.0.1:63280", "shard-id": 1, "address": "127.0.0.1:63280", "wf-namespace-id": "d0b550e3-6091-4a9b-a9aa-3d80ffb24954", "wf-id": "temporal-sys-worker-deployment:rrentVersion_Batching-564e9892_deployment_series", "wf-run-id": "0195af0e-960d-715f-b6c6-08dcdf4b78ec", "update-id": "3eab6cf8-d8c9-4243-ba72-71c1deb85821", "from-state": "Created", "to-state": "ProvisionallyAdmitted", "logging-call-at": "/Users/shivamsaraf/Desktop/work/temporal/common/log/with_logger.go:61"}
2025-03-19T11:38:43.839-0400	debug	update state change	{"host": "127.0.0.1:63280", "shard-id": 1, "address": "127.0.0.1:63280", "wf-namespace-id": "d0b550e3-6091-4a9b-a9aa-3d80ffb24954", "wf-id": "temporal-sys-worker-deployment:rrentVersion_Batching-564e9892_deployment_series", "wf-run-id": "0195af0e-960d-715f-b6c6-08dcdf4b78ec", "update-id": "3eab6cf8-d8c9-4243-ba72-71c1deb85821", "from-state": "ProvisionallyAdmitted", "to-state": "Admitted", "logging-call-at": "/Users/shivamsaraf/Desktop/work/temporal/common/log/with_logger.go:61"}
2025-03-19T11:38:43.839-0400	debug	deployment client success	{"host": "127.0.0.1:63279", "operation": "ListWorkerDeployments", "elapsed": 0.284125375, "args": null, "logging-call-at": "/Users/shivamsaraf/Desktop/work/temporal/common/log/with_logger.go:61"}
2025-03-19T11:38:43.840-0400	debug	update state change	{"host": "127.0.0.1:63280", "shard-id": 1, "address": "127.0.0.1:63280", "wf-namespace-id": "d0b550e3-6091-4a9b-a9aa-3d80ffb24954", "wf-id": "temporal-sys-worker-deployment:rrentVersion_Batching-564e9892_deployment_series", "wf-run-id": "0195af0e-960d-715f-b6c6-08dcdf4b78ec", "update-id": "9c21dbe2-62d2-4aa3-8233-6dc7e2b2cf06", "from-state": "Created", "to-state": "ProvisionallyAdmitted", "logging-call-at": "/Users/shivamsaraf/Desktop/work/temporal/common/log/with_logger.go:61"}
2025-03-19T11:38:43.840-0400	debug	update state change	{"host": "127.0.0.1:63280", "shard-id": 1, "address": "127.0.0.1:63280", "wf-namespace-id": "d0b550e3-6091-4a9b-a9aa-3d80ffb24954", "wf-id": "temporal-sys-worker-deployment:rrentVersion_Batching-564e9892_deployment_series", "wf-run-id": "0195af0e-960d-715f-b6c6-08dcdf4b78ec", "update-id": "9c21dbe2-62d2-4aa3-8233-6dc7e2b2cf06", "from-state": "ProvisionallyAdmitted", "to-state": "Admitted", "logging-call-at": "/Users/shivamsaraf/Desktop/work/temporal/common/log/with_logger.go:61"}
2025-03-19T11:38:43.840-0400	debug	deployment client success	{"host": "127.0.0.1:63279", "operation": "ListWorkerDeployments", "elapsed": 0.28296625, "args": null, "logging-call-at": "/Users/shivamsaraf/Desktop/work/temporal/common/log/with_logger.go:61"}
2025-03-19T11:38:43.841-0400	debug	update state change	{"host": "127.0.0.1:63280", "shard-id": 1, "address": "127.0.0.1:63280", "wf-namespace-id": "d0b550e3-6091-4a9b-a9aa-3d80ffb24954", "wf-id": "temporal-sys-worker-deployment:rrentVersion_Batching-564e9892_deployment_series", "wf-run-id": "0195af0e-960d-715f-b6c6-08dcdf4b78ec", "update-id": "a7ee590a-dc02-4b6f-b87b-f039316a5f73", "from-state": "Created", "to-state": "ProvisionallyAdmitted", "logging-call-at": "/Users/shivamsaraf/Desktop/work/temporal/common/log/with_logger.go:61"}
2025-03-19T11:38:43.841-0400	debug	update state change	{"host": "127.0.0.1:63280", "shard-id": 1, "address": "127.0.0.1:63280", "wf-namespace-id": "d0b550e3-6091-4a9b-a9aa-3d80ffb24954", "wf-id": "temporal-sys-worker-deployment:rrentVersion_Batching-564e9892_deployment_series", "wf-run-id": "0195af0e-960d-715f-b6c6-08dcdf4b78ec", "update-id": "a7ee590a-dc02-4b6f-b87b-f039316a5f73", "from-state": "ProvisionallyAdmitted", "to-state": "Admitted", "logging-call-at": "/Users/shivamsaraf/Desktop/work/temporal/common/log/with_logger.go:61"}
2025-03-19T11:38:43.841-0400	debug	deployment client success	{"host": "127.0.0.1:63279", "operation": "ListWorkerDeployments", "elapsed": 0.283139459, "args": null, "logging-call-at": "/Users/shivamsaraf/Desktop/work/temporal/common/log/with_logger.go:61"}
2025-03-19T11:38:43.842-0400	debug	update state change	{"host": "127.0.0.1:63280", "shard-id": 1, "address": "127.0.0.1:63280", "wf-namespace-id": "d0b550e3-6091-4a9b-a9aa-3d80ffb24954", "wf-id": "temporal-sys-worker-deployment:rrentVersion_Batching-564e9892_deployment_series", "wf-run-id": "0195af0e-960d-715f-b6c6-08dcdf4b78ec", "update-id": "5e4ec173-39a4-4612-a708-bbd512c321e1", "from-state": "Created", "to-state": "ProvisionallyAdmitted", "logging-call-at": "/Users/shivamsaraf/Desktop/work/temporal/common/log/with_logger.go:61"}
2025-03-19T11:38:43.842-0400	debug	update state change	{"host": "127.0.0.1:63280", "shard-id": 1, "address": "127.0.0.1:63280", "wf-namespace-id": "d0b550e3-6091-4a9b-a9aa-3d80ffb24954", "wf-id": "temporal-sys-worker-deployment:rrentVersion_Batching-564e9892_deployment_series", "wf-run-id": "0195af0e-960d-715f-b6c6-08dcdf4b78ec", "update-id": "5e4ec173-39a4-4612-a708-bbd512c321e1", "from-state": "ProvisionallyAdmitted", "to-state": "Admitted", "logging-call-at": "/Users/shivamsaraf/Desktop/work/temporal/common/log/with_logger.go:61"}
2025-03-19T11:38:43.842-0400	debug	deployment client success	{"host": "127.0.0.1:63279", "operation": "ListWorkerDeployments", "elapsed": 0.283073083, "args": null, "logging-call-at": "/Users/shivamsaraf/Desktop/work/temporal/common/log/with_logger.go:61"}
2025-03-19T11:38:43.842-0400	debug	update state change	{"host": "127.0.0.1:63280", "shard-id": 1, "address": "127.0.0.1:63280", "wf-namespace-id": "d0b550e3-6091-4a9b-a9aa-3d80ffb24954", "wf-id": "temporal-sys-worker-deployment:rrentVersion_Batching-564e9892_deployment_series", "wf-run-id": "0195af0e-960d-715f-b6c6-08dcdf4b78ec", "update-id": "ace1d476-5d82-4241-9ec4-edab86299532", "from-state": "Created", "to-state": "ProvisionallyAdmitted", "logging-call-at": "/Users/shivamsaraf/Desktop/work/temporal/common/log/with_logger.go:61"}
2025-03-19T11:38:43.842-0400	debug	update state change	{"host": "127.0.0.1:63280", "shard-id": 1, "address": "127.0.0.1:63280", "wf-namespace-id": "d0b550e3-6091-4a9b-a9aa-3d80ffb24954", "wf-id": "temporal-sys-worker-deployment:rrentVersion_Batching-564e9892_deployment_series", "wf-run-id": "0195af0e-960d-715f-b6c6-08dcdf4b78ec", "update-id": "ace1d476-5d82-4241-9ec4-edab86299532", "from-state": "ProvisionallyAdmitted", "to-state": "Admitted", "logging-call-at": "/Users/shivamsaraf/Desktop/work/temporal/common/log/with_logger.go:61"}
2025-03-19T11:38:43.843-0400	debug	deployment client success	{"host": "127.0.0.1:63279", "operation": "ListWorkerDeployments", "elapsed": 0.282257042, "args": null, "logging-call-at": "/Users/shivamsaraf/Desktop/work/temporal/common/log/with_logger.go:61"}
2025-03-19T11:38:43.843-0400	debug	update state change	{"host": "127.0.0.1:63280", "shard-id": 1, "address": "127.0.0.1:63280", "wf-namespace-id": "d0b550e3-6091-4a9b-a9aa-3d80ffb24954", "wf-id": "temporal-sys-worker-deployment:rrentVersion_Batching-564e9892_deployment_series", "wf-run-id": "0195af0e-960d-715f-b6c6-08dcdf4b78ec", "update-id": "c3b97d0e-5447-4a39-84bc-c4588a2c3ec0", "from-state": "Created", "to-state": "ProvisionallyAdmitted", "logging-call-at": "/Users/shivamsaraf/Desktop/work/temporal/common/log/with_logger.go:61"}
2025-03-19T11:38:43.843-0400	debug	update state change	{"host": "127.0.0.1:63280", "shard-id": 1, "address": "127.0.0.1:63280", "wf-namespace-id": "d0b550e3-6091-4a9b-a9aa-3d80ffb24954", "wf-id": "temporal-sys-worker-deployment:rrentVersion_Batching-564e9892_deployment_series", "wf-run-id": "0195af0e-960d-715f-b6c6-08dcdf4b78ec", "update-id": "c3b97d0e-5447-4a39-84bc-c4588a2c3ec0", "from-state": "ProvisionallyAdmitted", "to-state": "Admitted", "logging-call-at": "/Users/shivamsaraf/Desktop/work/temporal/common/log/with_logger.go:61"}
2025-03-19T11:38:43.844-0400	debug	deployment client success	{"host": "127.0.0.1:63279", "operation": "ListWorkerDeployments", "elapsed": 0.282770542, "args": null, "logging-call-at": "/Users/shivamsaraf/Desktop/work/temporal/common/log/with_logger.go:61"}
2025-03-19T11:38:43.844-0400	debug	update state change	{"host": "127.0.0.1:63280", "shard-id": 1, "address": "127.0.0.1:63280", "wf-namespace-id": "d0b550e3-6091-4a9b-a9aa-3d80ffb24954", "wf-id": "temporal-sys-worker-deployment:rrentVersion_Batching-564e9892_deployment_series", "wf-run-id": "0195af0e-960d-715f-b6c6-08dcdf4b78ec", "update-id": "a74b88b9-5211-42c5-ae19-231c02a855fa", "from-state": "Created", "to-state": "ProvisionallyAdmitted", "logging-call-at": "/Users/shivamsaraf/Desktop/work/temporal/common/log/with_logger.go:61"}
2025-03-19T11:38:43.844-0400	debug	update state change	{"host": "127.0.0.1:63280", "shard-id": 1, "address": "127.0.0.1:63280", "wf-namespace-id": "d0b550e3-6091-4a9b-a9aa-3d80ffb24954", "wf-id": "temporal-sys-worker-deployment:rrentVersion_Batching-564e9892_deployment_series", "wf-run-id": "0195af0e-960d-715f-b6c6-08dcdf4b78ec", "update-id": "a74b88b9-5211-42c5-ae19-231c02a855fa", "from-state": "ProvisionallyAdmitted", "to-state": "Admitted", "logging-call-at": "/Users/shivamsaraf/Desktop/work/temporal/common/log/with_logger.go:61"}
2025-03-19T11:38:43.844-0400	debug	deployment client success	{"host": "127.0.0.1:63279", "operation": "ListWorkerDeployments", "elapsed": 0.282365541, "args": null, "logging-call-at": "/Users/shivamsaraf/Desktop/work/temporal/common/log/with_logger.go:61"}
2025-03-19T11:38:43.845-0400	debug	update state change	{"host": "127.0.0.1:63280", "shard-id": 1, "address": "127.0.0.1:63280", "wf-namespace-id": "d0b550e3-6091-4a9b-a9aa-3d80ffb24954", "wf-id": "temporal-sys-worker-deployment:rrentVersion_Batching-564e9892_deployment_series", "wf-run-id": "0195af0e-960d-715f-b6c6-08dcdf4b78ec", "update-id": "39857642-e39f-4b78-ab97-211e57e209b9", "from-state": "Created", "to-state": "ProvisionallyAdmitted", "logging-call-at": "/Users/shivamsaraf/Desktop/work/temporal/common/log/with_logger.go:61"}
2025-03-19T11:38:43.845-0400	debug	update state change	{"host": "127.0.0.1:63280", "shard-id": 1, "address": "127.0.0.1:63280", "wf-namespace-id": "d0b550e3-6091-4a9b-a9aa-3d80ffb24954", "wf-id": "temporal-sys-worker-deployment:rrentVersion_Batching-564e9892_deployment_series", "wf-run-id": "0195af0e-960d-715f-b6c6-08dcdf4b78ec", "update-id": "39857642-e39f-4b78-ab97-211e57e209b9", "from-state": "ProvisionallyAdmitted", "to-state": "Admitted", "logging-call-at": "/Users/shivamsaraf/Desktop/work/temporal/common/log/with_logger.go:61"}
2025-03-19T11:38:43.845-0400	debug	deployment client success	{"host": "127.0.0.1:63279", "operation": "ListWorkerDeployments", "elapsed": 0.282956666, "args": null, "logging-call-at": "/Users/shivamsaraf/Desktop/work/temporal/common/log/with_logger.go:61"}
2025-03-19T11:38:43.846-0400	debug	update state change	{"host": "127.0.0.1:63280", "shard-id": 1, "address": "127.0.0.1:63280", "wf-namespace-id": "d0b550e3-6091-4a9b-a9aa-3d80ffb24954", "wf-id": "temporal-sys-worker-deployment:rrentVersion_Batching-564e9892_deployment_series", "wf-run-id": "0195af0e-960d-715f-b6c6-08dcdf4b78ec", "update-id": "5c6ffcd0-4e1e-46df-b8ae-8b400d21eaec", "from-state": "Created", "to-state": "ProvisionallyAdmitted", "logging-call-at": "/Users/shivamsaraf/Desktop/work/temporal/common/log/with_logger.go:61"}
2025-03-19T11:38:43.846-0400	debug	update state change	{"host": "127.0.0.1:63280", "shard-id": 1, "address": "127.0.0.1:63280", "wf-namespace-id": "d0b550e3-6091-4a9b-a9aa-3d80ffb24954", "wf-id": "temporal-sys-worker-deployment:rrentVersion_Batching-564e9892_deployment_series", "wf-run-id": "0195af0e-960d-715f-b6c6-08dcdf4b78ec", "update-id": "5c6ffcd0-4e1e-46df-b8ae-8b400d21eaec", "from-state": "ProvisionallyAdmitted", "to-state": "Admitted", "logging-call-at": "/Users/shivamsaraf/Desktop/work/temporal/common/log/with_logger.go:61"}
2025-03-19T11:38:43.846-0400	debug	deployment client success	{"host": "127.0.0.1:63279", "operation": "ListWorkerDeployments", "elapsed": 0.282382834, "args": null, "logging-call-at": "/Users/shivamsaraf/Desktop/work/temporal/common/log/with_logger.go:61"}
2025-03-19T11:38:43.847-0400	debug	update state change	{"host": "127.0.0.1:63280", "shard-id": 1, "address": "127.0.0.1:63280", "wf-namespace-id": "d0b550e3-6091-4a9b-a9aa-3d80ffb24954", "wf-id": "temporal-sys-worker-deployment:rrentVersion_Batching-564e9892_deployment_series", "wf-run-id": "0195af0e-960d-715f-b6c6-08dcdf4b78ec", "update-id": "43e06db3-3619-46f9-a2b1-e5e11157d908", "from-state": "Created", "to-state": "ProvisionallyAdmitted", "logging-call-at": "/Users/shivamsaraf/Desktop/work/temporal/common/log/with_logger.go:61"}
2025-03-19T11:38:43.847-0400	debug	update state change	{"host": "127.0.0.1:63280", "shard-id": 1, "address": "127.0.0.1:63280", "wf-namespace-id": "d0b550e3-6091-4a9b-a9aa-3d80ffb24954", "wf-id": "temporal-sys-worker-deployment:rrentVersion_Batching-564e9892_deployment_series", "wf-run-id": "0195af0e-960d-715f-b6c6-08dcdf4b78ec", "update-id": "43e06db3-3619-46f9-a2b1-e5e11157d908", "from-state": "ProvisionallyAdmitted", "to-state": "Admitted", "logging-call-at": "/Users/shivamsaraf/Desktop/work/temporal/common/log/with_logger.go:61"}
2025-03-19T11:38:43.847-0400	debug	deployment client success	{"host": "127.0.0.1:63279", "operation": "ListWorkerDeployments", "elapsed": 0.28293675, "args": null, "logging-call-at": "/Users/shivamsaraf/Desktop/work/temporal/common/log/with_logger.go:61"}
2025-03-19T11:38:43.848-0400	debug	update state change	{"host": "127.0.0.1:63280", "shard-id": 1, "address": "127.0.0.1:63280", "wf-namespace-id": "d0b550e3-6091-4a9b-a9aa-3d80ffb24954", "wf-id": "temporal-sys-worker-deployment:rrentVersion_Batching-564e9892_deployment_series", "wf-run-id": "0195af0e-960d-715f-b6c6-08dcdf4b78ec", "update-id": "0c93e254-d10a-4a54-bc70-88b3b78e71e9", "from-state": "Created", "to-state": "ProvisionallyAdmitted", "logging-call-at": "/Users/shivamsaraf/Desktop/work/temporal/common/log/with_logger.go:61"}
2025-03-19T11:38:43.848-0400	debug	update state change	{"host": "127.0.0.1:63280", "shard-id": 1, "address": "127.0.0.1:63280", "wf-namespace-id": "d0b550e3-6091-4a9b-a9aa-3d80ffb24954", "wf-id": "temporal-sys-worker-deployment:rrentVersion_Batching-564e9892_deployment_series", "wf-run-id": "0195af0e-960d-715f-b6c6-08dcdf4b78ec", "update-id": "0c93e254-d10a-4a54-bc70-88b3b78e71e9", "from-state": "ProvisionallyAdmitted", "to-state": "Admitted", "logging-call-at": "/Users/shivamsaraf/Desktop/work/temporal/common/log/with_logger.go:61"}
2025-03-19T11:38:43.848-0400	debug	deployment client success	{"host": "127.0.0.1:63279", "operation": "ListWorkerDeployments", "elapsed": 0.282995625, "args": null, "logging-call-at": "/Users/shivamsaraf/Desktop/work/temporal/common/log/with_logger.go:61"}
2025-03-19T11:38:43.848-0400	debug	update state change	{"host": "127.0.0.1:63280", "shard-id": 1, "address": "127.0.0.1:63280", "wf-namespace-id": "d0b550e3-6091-4a9b-a9aa-3d80ffb24954", "wf-id": "temporal-sys-worker-deployment:rrentVersion_Batching-564e9892_deployment_series", "wf-run-id": "0195af0e-960d-715f-b6c6-08dcdf4b78ec", "update-id": "fa94f501-9163-4772-9810-f4c1dc7df2b9", "from-state": "Created", "to-state": "ProvisionallyAdmitted", "logging-call-at": "/Users/shivamsaraf/Desktop/work/temporal/common/log/with_logger.go:61"}
2025-03-19T11:38:43.848-0400	debug	update state change	{"host": "127.0.0.1:63280", "shard-id": 1, "address": "127.0.0.1:63280", "wf-namespace-id": "d0b550e3-6091-4a9b-a9aa-3d80ffb24954", "wf-id": "temporal-sys-worker-deployment:rrentVersion_Batching-564e9892_deployment_series", "wf-run-id": "0195af0e-960d-715f-b6c6-08dcdf4b78ec", "update-id": "fa94f501-9163-4772-9810-f4c1dc7df2b9", "from-state": "ProvisionallyAdmitted", "to-state": "Admitted", "logging-call-at": "/Users/shivamsaraf/Desktop/work/temporal/common/log/with_logger.go:61"}
2025-03-19T11:38:43.849-0400	debug	deployment client success	{"host": "127.0.0.1:63279", "operation": "ListWorkerDeployments", "elapsed": 0.283550917, "args": null, "logging-call-at": "/Users/shivamsaraf/Desktop/work/temporal/common/log/with_logger.go:61"}
2025-03-19T11:38:43.849-0400	debug	update state change	{"host": "127.0.0.1:63280", "shard-id": 1, "address": "127.0.0.1:63280", "wf-namespace-id": "d0b550e3-6091-4a9b-a9aa-3d80ffb24954", "wf-id": "temporal-sys-worker-deployment:rrentVersion_Batching-564e9892_deployment_series", "wf-run-id": "0195af0e-960d-715f-b6c6-08dcdf4b78ec", "update-id": "7932537f-98c5-477d-b4ab-2ca1d386c12f", "from-state": "Created", "to-state": "ProvisionallyAdmitted", "logging-call-at": "/Users/shivamsaraf/Desktop/work/temporal/common/log/with_logger.go:61"}
2025-03-19T11:38:43.849-0400	debug	update state change	{"host": "127.0.0.1:63280", "shard-id": 1, "address": "127.0.0.1:63280", "wf-namespace-id": "d0b550e3-6091-4a9b-a9aa-3d80ffb24954", "wf-id": "temporal-sys-worker-deployment:rrentVersion_Batching-564e9892_deployment_series", "wf-run-id": "0195af0e-960d-715f-b6c6-08dcdf4b78ec", "update-id": "7932537f-98c5-477d-b4ab-2ca1d386c12f", "from-state": "ProvisionallyAdmitted", "to-state": "Admitted", "logging-call-at": "/Users/shivamsaraf/Desktop/work/temporal/common/log/with_logger.go:61"}
2025-03-19T11:38:43.850-0400	debug	deployment client success	{"host": "127.0.0.1:63279", "operation": "ListWorkerDeployments", "elapsed": 0.2840995, "args": null, "logging-call-at": "/Users/shivamsaraf/Desktop/work/temporal/common/log/with_logger.go:61"}
2025-03-19T11:38:43.850-0400	debug	update state change	{"host": "127.0.0.1:63280", "shard-id": 1, "address": "127.0.0.1:63280", "wf-namespace-id": "d0b550e3-6091-4a9b-a9aa-3d80ffb24954", "wf-id": "temporal-sys-worker-deployment:rrentVersion_Batching-564e9892_deployment_series", "wf-run-id": "0195af0e-960d-715f-b6c6-08dcdf4b78ec", "update-id": "48fccdc9-1ffd-406f-bf8f-2da635c8cdb3", "from-state": "Created", "to-state": "ProvisionallyAdmitted", "logging-call-at": "/Users/shivamsaraf/Desktop/work/temporal/common/log/with_logger.go:61"}
2025-03-19T11:38:43.850-0400	debug	update state change	{"host": "127.0.0.1:63280", "shard-id": 1, "address": "127.0.0.1:63280", "wf-namespace-id": "d0b550e3-6091-4a9b-a9aa-3d80ffb24954", "wf-id": "temporal-sys-worker-deployment:rrentVersion_Batching-564e9892_deployment_series", "wf-run-id": "0195af0e-960d-715f-b6c6-08dcdf4b78ec", "update-id": "48fccdc9-1ffd-406f-bf8f-2da635c8cdb3", "from-state": "ProvisionallyAdmitted", "to-state": "Admitted", "logging-call-at": "/Users/shivamsaraf/Desktop/work/temporal/common/log/with_logger.go:61"}
2025-03-19T11:38:43.850-0400	debug	deployment client success	{"host": "127.0.0.1:63279", "operation": "ListWorkerDeployments", "elapsed": 0.284651875, "args": null, "logging-call-at": "/Users/shivamsaraf/Desktop/work/temporal/common/log/with_logger.go:61"}
2025-03-19T11:38:43.851-0400	debug	update state change	{"host": "127.0.0.1:63280", "shard-id": 1, "address": "127.0.0.1:63280", "wf-namespace-id": "d0b550e3-6091-4a9b-a9aa-3d80ffb24954", "wf-id": "temporal-sys-worker-deployment:rrentVersion_Batching-564e9892_deployment_series", "wf-run-id": "0195af0e-960d-715f-b6c6-08dcdf4b78ec", "update-id": "fd30188f-c065-4aa1-8804-f789be417bf1", "from-state": "Created", "to-state": "ProvisionallyAdmitted", "logging-call-at": "/Users/shivamsaraf/Desktop/work/temporal/common/log/with_logger.go:61"}
2025-03-19T11:38:43.851-0400	debug	update state change	{"host": "127.0.0.1:63280", "shard-id": 1, "address": "127.0.0.1:63280", "wf-namespace-id": "d0b550e3-6091-4a9b-a9aa-3d80ffb24954", "wf-id": "temporal-sys-worker-deployment:rrentVersion_Batching-564e9892_deployment_series", "wf-run-id": "0195af0e-960d-715f-b6c6-08dcdf4b78ec", "update-id": "fd30188f-c065-4aa1-8804-f789be417bf1", "from-state": "ProvisionallyAdmitted", "to-state": "Admitted", "logging-call-at": "/Users/shivamsaraf/Desktop/work/temporal/common/log/with_logger.go:61"}
2025-03-19T11:38:43.851-0400	debug	deployment client success	{"host": "127.0.0.1:63279", "operation": "ListWorkerDeployments", "elapsed": 0.284858125, "args": null, "logging-call-at": "/Users/shivamsaraf/Desktop/work/temporal/common/log/with_logger.go:61"}
2025-03-19T11:38:43.852-0400	debug	update state change	{"host": "127.0.0.1:63280", "shard-id": 1, "address": "127.0.0.1:63280", "wf-namespace-id": "d0b550e3-6091-4a9b-a9aa-3d80ffb24954", "wf-id": "temporal-sys-worker-deployment:rrentVersion_Batching-564e9892_deployment_series", "wf-run-id": "0195af0e-960d-715f-b6c6-08dcdf4b78ec", "update-id": "98fbf57f-ac90-4572-baa7-46f25d346d84", "from-state": "Created", "to-state": "ProvisionallyAdmitted", "logging-call-at": "/Users/shivamsaraf/Desktop/work/temporal/common/log/with_logger.go:61"}
2025-03-19T11:38:43.852-0400	debug	update state change	{"host": "127.0.0.1:63280", "shard-id": 1, "address": "127.0.0.1:63280", "wf-namespace-id": "d0b550e3-6091-4a9b-a9aa-3d80ffb24954", "wf-id": "temporal-sys-worker-deployment:rrentVersion_Batching-564e9892_deployment_series", "wf-run-id": "0195af0e-960d-715f-b6c6-08dcdf4b78ec", "update-id": "98fbf57f-ac90-4572-baa7-46f25d346d84", "from-state": "ProvisionallyAdmitted", "to-state": "Admitted", "logging-call-at": "/Users/shivamsaraf/Desktop/work/temporal/common/log/with_logger.go:61"}
2025-03-19T11:38:43.852-0400	debug	deployment client success	{"host": "127.0.0.1:63279", "operation": "ListWorkerDeployments", "elapsed": 0.285232333, "args": null, "logging-call-at": "/Users/shivamsaraf/Desktop/work/temporal/common/log/with_logger.go:61"}
2025-03-19T11:38:43.853-0400	debug	update state change	{"host": "127.0.0.1:63280", "shard-id": 1, "address": "127.0.0.1:63280", "wf-namespace-id": "d0b550e3-6091-4a9b-a9aa-3d80ffb24954", "wf-id": "temporal-sys-worker-deployment:rrentVersion_Batching-564e9892_deployment_series", "wf-run-id": "0195af0e-960d-715f-b6c6-08dcdf4b78ec", "update-id": "f24af414-ccc1-4fdf-a8e3-d0be5b7f98d3", "from-state": "Created", "to-state": "ProvisionallyAdmitted", "logging-call-at": "/Users/shivamsaraf/Desktop/work/temporal/common/log/with_logger.go:61"}
2025-03-19T11:38:43.853-0400	debug	update state change	{"host": "127.0.0.1:63280", "shard-id": 1, "address": "127.0.0.1:63280", "wf-namespace-id": "d0b550e3-6091-4a9b-a9aa-3d80ffb24954", "wf-id": "temporal-sys-worker-deployment:rrentVersion_Batching-564e9892_deployment_series", "wf-run-id": "0195af0e-960d-715f-b6c6-08dcdf4b78ec", "update-id": "f24af414-ccc1-4fdf-a8e3-d0be5b7f98d3", "from-state": "ProvisionallyAdmitted", "to-state": "Admitted", "logging-call-at": "/Users/shivamsaraf/Desktop/work/temporal/common/log/with_logger.go:61"}
2025-03-19T11:38:43.853-0400	debug	deployment client success	{"host": "127.0.0.1:63279", "operation": "ListWorkerDeployments", "elapsed": 0.285773208, "args": null, "logging-call-at": "/Users/shivamsaraf/Desktop/work/temporal/common/log/with_logger.go:61"}
2025-03-19T11:38:43.854-0400	debug	update state change	{"host": "127.0.0.1:63280", "shard-id": 1, "address": "127.0.0.1:63280", "wf-namespace-id": "d0b550e3-6091-4a9b-a9aa-3d80ffb24954", "wf-id": "temporal-sys-worker-deployment:rrentVersion_Batching-564e9892_deployment_series", "wf-run-id": "0195af0e-960d-715f-b6c6-08dcdf4b78ec", "update-id": "280f93c4-1c97-43a0-a1f4-c8323b08c607", "from-state": "Created", "to-state": "ProvisionallyAdmitted", "logging-call-at": "/Users/shivamsaraf/Desktop/work/temporal/common/log/with_logger.go:61"}
2025-03-19T11:38:43.854-0400	debug	update state change	{"host": "127.0.0.1:63280", "shard-id": 1, "address": "127.0.0.1:63280", "wf-namespace-id": "d0b550e3-6091-4a9b-a9aa-3d80ffb24954", "wf-id": "temporal-sys-worker-deployment:rrentVersion_Batching-564e9892_deployment_series", "wf-run-id": "0195af0e-960d-715f-b6c6-08dcdf4b78ec", "update-id": "280f93c4-1c97-43a0-a1f4-c8323b08c607", "from-state": "ProvisionallyAdmitted", "to-state": "Admitted", "logging-call-at": "/Users/shivamsaraf/Desktop/work/temporal/common/log/with_logger.go:61"}
2025-03-19T11:38:43.854-0400	debug	deployment client success	{"host": "127.0.0.1:63279", "operation": "ListWorkerDeployments", "elapsed": 0.286257209, "args": null, "logging-call-at": "/Users/shivamsaraf/Desktop/work/temporal/common/log/with_logger.go:61"}
2025-03-19T11:38:43.854-0400	debug	deployment client success	{"host": "127.0.0.1:63279", "operation": "ListWorkerDeployments", "elapsed": 0.2858775, "args": null, "logging-call-at": "/Users/shivamsaraf/Desktop/work/temporal/common/log/with_logger.go:61"}
2025-03-19T11:38:43.855-0400	debug	update state change	{"host": "127.0.0.1:63280", "shard-id": 1, "address": "127.0.0.1:63280", "wf-namespace-id": "d0b550e3-6091-4a9b-a9aa-3d80ffb24954", "wf-id": "temporal-sys-worker-deployment:rrentVersion_Batching-564e9892_deployment_series", "wf-run-id": "0195af0e-960d-715f-b6c6-08dcdf4b78ec", "update-id": "20348106-f3d1-4431-aeed-560101a6a101", "from-state": "Created", "to-state": "ProvisionallyAdmitted", "logging-call-at": "/Users/shivamsaraf/Desktop/work/temporal/common/log/with_logger.go:61"}
2025-03-19T11:38:43.855-0400	debug	update state change	{"host": "127.0.0.1:63280", "shard-id": 1, "address": "127.0.0.1:63280", "wf-namespace-id": "d0b550e3-6091-4a9b-a9aa-3d80ffb24954", "wf-id": "temporal-sys-worker-deployment:rrentVersion_Batching-564e9892_deployment_series", "wf-run-id": "0195af0e-960d-715f-b6c6-08dcdf4b78ec", "update-id": "20348106-f3d1-4431-aeed-560101a6a101", "from-state": "ProvisionallyAdmitted", "to-state": "Admitted", "logging-call-at": "/Users/shivamsaraf/Desktop/work/temporal/common/log/with_logger.go:61"}
2025-03-19T11:38:43.856-0400	debug	update state change	{"host": "127.0.0.1:63280", "shard-id": 1, "address": "127.0.0.1:63280", "wf-namespace-id": "d0b550e3-6091-4a9b-a9aa-3d80ffb24954", "wf-id": "temporal-sys-worker-deployment:rrentVersion_Batching-564e9892_deployment_series", "wf-run-id": "0195af0e-960d-715f-b6c6-08dcdf4b78ec", "update-id": "557eef32-da18-44c2-8085-b1bdf10064ca", "from-state": "Created", "to-state": "ProvisionallyAdmitted", "logging-call-at": "/Users/shivamsaraf/Desktop/work/temporal/common/log/with_logger.go:61"}
2025-03-19T11:38:43.856-0400	debug	update state change	{"host": "127.0.0.1:63280", "shard-id": 1, "address": "127.0.0.1:63280", "wf-namespace-id": "d0b550e3-6091-4a9b-a9aa-3d80ffb24954", "wf-id": "temporal-sys-worker-deployment:rrentVersion_Batching-564e9892_deployment_series", "wf-run-id": "0195af0e-960d-715f-b6c6-08dcdf4b78ec", "update-id": "557eef32-da18-44c2-8085-b1bdf10064ca", "from-state": "ProvisionallyAdmitted", "to-state": "Admitted", "logging-call-at": "/Users/shivamsaraf/Desktop/work/temporal/common/log/with_logger.go:61"}
2025-03-19T11:38:43.856-0400	debug	deployment client success	{"host": "127.0.0.1:63279", "operation": "ListWorkerDeployments", "elapsed": 0.286856667, "args": null, "logging-call-at": "/Users/shivamsaraf/Desktop/work/temporal/common/log/with_logger.go:61"}
2025-03-19T11:38:43.857-0400	debug	update state change	{"host": "127.0.0.1:63280", "shard-id": 1, "address": "127.0.0.1:63280", "wf-namespace-id": "d0b550e3-6091-4a9b-a9aa-3d80ffb24954", "wf-id": "temporal-sys-worker-deployment:rrentVersion_Batching-564e9892_deployment_series", "wf-run-id": "0195af0e-960d-715f-b6c6-08dcdf4b78ec", "update-id": "319c7e71-c714-42d4-93e5-bf88796829e4", "from-state": "Created", "to-state": "ProvisionallyAdmitted", "logging-call-at": "/Users/shivamsaraf/Desktop/work/temporal/common/log/with_logger.go:61"}
2025-03-19T11:38:43.857-0400	debug	update state change	{"host": "127.0.0.1:63280", "shard-id": 1, "address": "127.0.0.1:63280", "wf-namespace-id": "d0b550e3-6091-4a9b-a9aa-3d80ffb24954", "wf-id": "temporal-sys-worker-deployment:rrentVersion_Batching-564e9892_deployment_series", "wf-run-id": "0195af0e-960d-715f-b6c6-08dcdf4b78ec", "update-id": "319c7e71-c714-42d4-93e5-bf88796829e4", "from-state": "ProvisionallyAdmitted", "to-state": "Admitted", "logging-call-at": "/Users/shivamsaraf/Desktop/work/temporal/common/log/with_logger.go:61"}
2025-03-19T11:38:43.857-0400	debug	update state change	{"host": "127.0.0.1:63280", "shard-id": 1, "address": "127.0.0.1:63280", "wf-namespace-id": "d0b550e3-6091-4a9b-a9aa-3d80ffb24954", "wf-id": "temporal-sys-worker-deployment:rrentVersion_Batching-564e9892_deployment_series", "wf-run-id": "0195af0e-960d-715f-b6c6-08dcdf4b78ec", "update-id": "2dc764cd-7bb4-4ef4-8a8d-e0c98a978be1", "from-state": "Created", "to-state": "ProvisionallyAdmitted", "logging-call-at": "/Users/shivamsaraf/Desktop/work/temporal/common/log/with_logger.go:61"}
2025-03-19T11:38:43.857-0400	debug	update state change	{"host": "127.0.0.1:63280", "shard-id": 1, "address": "127.0.0.1:63280", "wf-namespace-id": "d0b550e3-6091-4a9b-a9aa-3d80ffb24954", "wf-id": "temporal-sys-worker-deployment:rrentVersion_Batching-564e9892_deployment_series", "wf-run-id": "0195af0e-960d-715f-b6c6-08dcdf4b78ec", "update-id": "2dc764cd-7bb4-4ef4-8a8d-e0c98a978be1", "from-state": "ProvisionallyAdmitted", "to-state": "Admitted", "logging-call-at": "/Users/shivamsaraf/Desktop/work/temporal/common/log/with_logger.go:61"}
2025-03-19T11:38:44.163-0400	debug	Frontend method invoked.	{"host": "127.0.0.1:63278", "wf-namespace": "foreign-namespace-01904a55-3eaf-4534-97d1-6df9a70b29a5", "operation": "DescribeNamespace", "server-name": "", "cert-thumbprint": "", "logging-call-at": "/Users/shivamsaraf/Desktop/work/temporal/common/log/with_logger.go:61"}
2025-03-19T11:38:44.163-0400	debug	Frontend method invoked.	{"host": "127.0.0.1:63278", "wf-namespace": "namespace-ec265ab4-426c-4316-a4b3-47fc66311932", "operation": "DescribeNamespace", "server-name": "", "cert-thumbprint": "", "logging-call-at": "/Users/shivamsaraf/Desktop/work/temporal/common/log/with_logger.go:61"}
2025-03-19T11:38:44.164-0400	info	Quota changed	{"host": "127.0.0.1:63278", "service": "frontend", "component": "rpc-handler", "scope": "namespace", "wf-namespace": "foreign-namespace-01904a55-3eaf-4534-97d1-6df9a70b29a5", "current-quota": null, "new-quota": 2400, "logging-call-at": "/Users/shivamsaraf/Desktop/work/temporal/common/log/with_logger.go:66"}
2025-03-19T11:38:44.164-0400	info	Quota changed	{"host": "127.0.0.1:63278", "service": "frontend", "component": "persistence", "scope": "namespace", "wf-namespace": "namespace-ec265ab4-426c-4316-a4b3-47fc66311932", "current-quota": null, "new-quota": 0, "logging-call-at": "/Users/shivamsaraf/Desktop/work/temporal/common/log/with_logger.go:66"}
2025-03-19T11:38:44.165-0400	info	Quota changed	{"host": "127.0.0.1:63278", "service": "frontend", "component": "visibility-handler", "scope": "namespace", "wf-namespace": "foreign-namespace-01904a55-3eaf-4534-97d1-6df9a70b29a5", "current-quota": null, "new-quota": 50, "logging-call-at": "/Users/shivamsaraf/Desktop/work/temporal/common/log/with_logger.go:66"}
2025-03-19T11:38:44.165-0400	info	Quota changed	{"host": "127.0.0.1:63278", "service": "frontend", "component": "namespace-replication", "scope": "namespace", "wf-namespace": "foreign-namespace-01904a55-3eaf-4534-97d1-6df9a70b29a5", "current-quota": null, "new-quota": 1000, "logging-call-at": "/Users/shivamsaraf/Desktop/work/temporal/common/log/with_logger.go:66"}
2025-03-19T11:38:44.166-0400	info	Quota changed	{"host": "127.0.0.1:63278", "service": "frontend", "component": "persistence", "scope": "namespace", "wf-namespace": "foreign-namespace-01904a55-3eaf-4534-97d1-6df9a70b29a5", "current-quota": null, "new-quota": 0, "logging-call-at": "/Users/shivamsaraf/Desktop/work/temporal/common/log/with_logger.go:66"}
2025-03-19T11:38:44.169-0400	debug	Frontend method invoked.	{"host": "127.0.0.1:63278", "wf-namespace": "namespace-ec265ab4-426c-4316-a4b3-47fc66311932", "operation": "PollWorkflowTaskQueue", "server-name": "", "cert-thumbprint": "", "logging-call-at": "/Users/shivamsaraf/Desktop/work/temporal/common/log/with_logger.go:61"}
2025-03-19T11:38:44.170-0400	debug	Received PollWorkflowTaskQueue	{"host": "127.0.0.1:63278", "service": "frontend", "logging-call-at": "/Users/shivamsaraf/Desktop/work/temporal/common/log/with_logger.go:61"}
2025-03-19T11:38:44.170-0400	debug	Poll workflow task queue.	{"host": "127.0.0.1:63278", "service": "frontend", "wf-namespace": "namespace-ec265ab4-426c-4316-a4b3-47fc66311932", "wf-namespace-id": "d0b550e3-6091-4a9b-a9aa-3d80ffb24954", "logging-call-at": "/Users/shivamsaraf/Desktop/work/temporal/common/log/with_logger.go:61"}
2025-03-19T11:38:44.170-0400	debug	Frontend method invoked.	{"host": "127.0.0.1:63278", "wf-namespace": "foreign-namespace-01904a55-3eaf-4534-97d1-6df9a70b29a5", "operation": "DescribeNamespace", "server-name": "", "cert-thumbprint": "", "logging-call-at": "/Users/shivamsaraf/Desktop/work/temporal/common/log/with_logger.go:61"}
2025-03-19T11:38:44.170-0400	debug	Frontend method invoked.	{"host": "127.0.0.1:63278", "wf-namespace": "foreign-namespace-01904a55-3eaf-4534-97d1-6df9a70b29a5", "operation": "PollWorkflowTaskQueue", "server-name": "", "cert-thumbprint": "", "logging-call-at": "/Users/shivamsaraf/Desktop/work/temporal/common/log/with_logger.go:61"}
2025-03-19T11:38:44.171-0400	debug	Frontend method invoked.	{"host": "127.0.0.1:63278", "wf-namespace": "namespace-ec265ab4-426c-4316-a4b3-47fc66311932", "operation": "DescribeNamespace", "server-name": "", "cert-thumbprint": "", "logging-call-at": "/Users/shivamsaraf/Desktop/work/temporal/common/log/with_logger.go:61"}
2025-03-19T11:38:44.172-0400	debug	Frontend method invoked.	{"host": "127.0.0.1:63278", "wf-namespace": "foreign-namespace-01904a55-3eaf-4534-97d1-6df9a70b29a5", "operation": "PollWorkflowTaskQueue", "server-name": "", "cert-thumbprint": "", "logging-call-at": "/Users/shivamsaraf/Desktop/work/temporal/common/log/with_logger.go:61"}
2025-03-19T11:38:44.173-0400	debug	Received PollWorkflowTaskQueue	{"host": "127.0.0.1:63278", "service": "frontend", "logging-call-at": "/Users/shivamsaraf/Desktop/work/temporal/common/log/with_logger.go:61"}
2025-03-19T11:38:44.173-0400	debug	Poll workflow task queue.	{"host": "127.0.0.1:63278", "service": "frontend", "wf-namespace": "foreign-namespace-01904a55-3eaf-4534-97d1-6df9a70b29a5", "wf-namespace-id": "0d31ac7b-499e-481f-8ff5-ffa7b3f6e2dc", "logging-call-at": "/Users/shivamsaraf/Desktop/work/temporal/common/log/with_logger.go:61"}
2025-03-19T11:38:44.174-0400	info	Started Worker	{"host": "127.0.0.1:63281", "Namespace": "foreign-namespace-01904a55-3eaf-4534-97d1-6df9a70b29a5", "TaskQueue": "temporal-sys-per-ns-tq", "WorkerID": "temporal-system@Shivams-MacBook-Pro.local@foreign-namespace-01904a55-3eaf-4534-97d1-6df9a70b29a5", "logging-call-at": "/Users/shivamsaraf/Desktop/work/temporal/common/log/with_logger.go:66"}
2025-03-19T11:38:44.171-0400	info	Quota changed	{"host": "127.0.0.1:63278", "service": "frontend", "component": "long-poll-handler", "scope": "namespace", "wf-namespace": "foreign-namespace-01904a55-3eaf-4534-97d1-6df9a70b29a5", "current-quota": null, "new-quota": 1200, "logging-call-at": "/Users/shivamsaraf/Desktop/work/temporal/common/log/with_logger.go:66"}
2025-03-19T11:38:44.177-0400	debug	Received PollWorkflowTaskQueue	{"host": "127.0.0.1:63278", "service": "frontend", "logging-call-at": "/Users/shivamsaraf/Desktop/work/temporal/common/log/with_logger.go:61"}
2025-03-19T11:38:44.177-0400	debug	Poll workflow task queue.	{"host": "127.0.0.1:63278", "service": "frontend", "wf-namespace": "foreign-namespace-01904a55-3eaf-4534-97d1-6df9a70b29a5", "wf-namespace-id": "0d31ac7b-499e-481f-8ff5-ffa7b3f6e2dc", "logging-call-at": "/Users/shivamsaraf/Desktop/work/temporal/common/log/with_logger.go:61"}
2025-03-19T11:38:44.178-0400	info	Started physicalTaskQueueManager	{"host": "127.0.0.1:63279", "component": "matching-engine", "wf-task-queue-name": "Shivams-MacBook-Pro.local:8f9d9348-c26b-4324-ad8b-a2d4cc7a761e", "wf-task-queue-type": "Workflow", "wf-namespace": "namespace-ec265ab4-426c-4316-a4b3-47fc66311932", "worker-build-id": "_unversioned_", "lifecycle": "Started", "cause": "Poll", "logging-call-at": "/Users/shivamsaraf/Desktop/work/temporal/common/log/with_logger.go:66"}
2025-03-19T11:38:44.178-0400	debug	Frontend method invoked.	{"host": "127.0.0.1:63278", "wf-namespace": "foreign-namespace-01904a55-3eaf-4534-97d1-6df9a70b29a5", "operation": "PollActivityTaskQueue", "server-name": "", "cert-thumbprint": "", "logging-call-at": "/Users/shivamsaraf/Desktop/work/temporal/common/log/with_logger.go:61"}
2025-03-19T11:38:44.178-0400	debug	Frontend method invoked.	{"host": "127.0.0.1:63278", "wf-namespace": "foreign-namespace-01904a55-3eaf-4534-97d1-6df9a70b29a5", "operation": "PollActivityTaskQueue", "server-name": "", "cert-thumbprint": "", "logging-call-at": "/Users/shivamsaraf/Desktop/work/temporal/common/log/with_logger.go:61"}
2025-03-19T11:38:44.178-0400	debug	Received PollActivityTaskQueue	{"host": "127.0.0.1:63278", "service": "frontend", "logging-call-at": "/Users/shivamsaraf/Desktop/work/temporal/common/log/with_logger.go:61"}
2025-03-19T11:38:44.178-0400	debug	Received PollActivityTaskQueue	{"host": "127.0.0.1:63278", "service": "frontend", "logging-call-at": "/Users/shivamsaraf/Desktop/work/temporal/common/log/with_logger.go:61"}
2025-03-19T11:38:44.180-0400	debug	returning empty user data (no data)	{"host": "127.0.0.1:63279", "component": "matching-engine", "wf-task-queue-name": "temporal-sys-per-ns-tq", "wf-task-queue-type": "Workflow", "wf-namespace": "namespace-ec265ab4-426c-4316-a4b3-47fc66311932", "long-poll": false, "logging-call-at": "/Users/shivamsaraf/Desktop/work/temporal/common/log/with_logger.go:61"}
2025-03-19T11:38:44.181-0400	debug	fetched user data from parent, no change	{"host": "127.0.0.1:63279", "component": "matching-engine", "wf-task-queue-name": "Shivams-MacBook-Pro.local:8f9d9348-c26b-4324-ad8b-a2d4cc7a761e", "wf-task-queue-type": "Workflow", "wf-namespace": "namespace-ec265ab4-426c-4316-a4b3-47fc66311932", "logging-call-at": "/Users/shivamsaraf/Desktop/work/temporal/common/log/with_logger.go:61"}
2025-03-19T11:38:44.181-0400	info	Started physicalTaskQueueManager	{"host": "127.0.0.1:63279", "component": "matching-engine", "wf-task-queue-name": "temporal-sys-per-ns-tq", "wf-task-queue-type": "Activity", "wf-namespace": "foreign-namespace-01904a55-3eaf-4534-97d1-6df9a70b29a5", "worker-build-id": "_unversioned_", "lifecycle": "Started", "cause": "Poll", "logging-call-at": "/Users/shivamsaraf/Desktop/work/temporal/common/log/with_logger.go:66"}
2025-03-19T11:38:44.181-0400	debug	Frontend method invoked.	{"host": "127.0.0.1:63278", "wf-namespace": "namespace-ec265ab4-426c-4316-a4b3-47fc66311932", "operation": "PollWorkflowTaskQueue", "server-name": "", "cert-thumbprint": "", "logging-call-at": "/Users/shivamsaraf/Desktop/work/temporal/common/log/with_logger.go:61"}
2025-03-19T11:38:44.181-0400	info	Started Worker	{"host": "127.0.0.1:63281", "Namespace": "namespace-ec265ab4-426c-4316-a4b3-47fc66311932", "TaskQueue": "temporal-sys-per-ns-tq", "WorkerID": "temporal-system@Shivams-MacBook-Pro.local@namespace-ec265ab4-426c-4316-a4b3-47fc66311932", "logging-call-at": "/Users/shivamsaraf/Desktop/work/temporal/common/log/with_logger.go:66"}
2025-03-19T11:38:44.181-0400	info	Quota changed	{"host": "127.0.0.1:63279", "service": "matching", "component": "persistence", "scope": "namespace", "wf-namespace": "foreign-namespace-01904a55-3eaf-4534-97d1-6df9a70b29a5", "current-quota": null, "new-quota": 0, "logging-call-at": "/Users/shivamsaraf/Desktop/work/temporal/common/log/with_logger.go:66"}
2025-03-19T11:38:44.181-0400	debug	Received PollWorkflowTaskQueue	{"host": "127.0.0.1:63278", "service": "frontend", "logging-call-at": "/Users/shivamsaraf/Desktop/work/temporal/common/log/with_logger.go:61"}
2025-03-19T11:38:44.181-0400	debug	Poll workflow task queue.	{"host": "127.0.0.1:63278", "service": "frontend", "wf-namespace": "namespace-ec265ab4-426c-4316-a4b3-47fc66311932", "wf-namespace-id": "d0b550e3-6091-4a9b-a9aa-3d80ffb24954", "logging-call-at": "/Users/shivamsaraf/Desktop/work/temporal/common/log/with_logger.go:61"}
2025-03-19T11:38:44.181-0400	info	Started physicalTaskQueueManager	{"host": "127.0.0.1:63279", "component": "matching-engine", "wf-task-queue-name": "temporal-sys-per-ns-tq", "wf-task-queue-type": "Workflow", "wf-namespace": "foreign-namespace-01904a55-3eaf-4534-97d1-6df9a70b29a5", "worker-build-id": "_unversioned_", "lifecycle": "Started", "cause": "Poll", "logging-call-at": "/Users/shivamsaraf/Desktop/work/temporal/common/log/with_logger.go:66"}
2025-03-19T11:38:44.181-0400	info	Started physicalTaskQueueManager	{"host": "127.0.0.1:63279", "component": "matching-engine", "wf-task-queue-name": "Shivams-MacBook-Pro.local:4e44ae41-2312-49d9-b212-2493761b11a4", "wf-task-queue-type": "Workflow", "wf-namespace": "foreign-namespace-01904a55-3eaf-4534-97d1-6df9a70b29a5", "worker-build-id": "_unversioned_", "lifecycle": "Started", "cause": "Poll", "logging-call-at": "/Users/shivamsaraf/Desktop/work/temporal/common/log/with_logger.go:66"}
2025-03-19T11:38:44.182-0400	debug	Frontend method invoked.	{"host": "127.0.0.1:63278", "wf-namespace": "namespace-ec265ab4-426c-4316-a4b3-47fc66311932", "operation": "PollActivityTaskQueue", "server-name": "", "cert-thumbprint": "", "logging-call-at": "/Users/shivamsaraf/Desktop/work/temporal/common/log/with_logger.go:61"}
2025-03-19T11:38:44.182-0400	debug	Received PollActivityTaskQueue	{"host": "127.0.0.1:63278", "service": "frontend", "logging-call-at": "/Users/shivamsaraf/Desktop/work/temporal/common/log/with_logger.go:61"}
2025-03-19T11:38:44.182-0400	debug	Frontend method invoked.	{"host": "127.0.0.1:63278", "wf-namespace": "namespace-ec265ab4-426c-4316-a4b3-47fc66311932", "operation": "PollActivityTaskQueue", "server-name": "", "cert-thumbprint": "", "logging-call-at": "/Users/shivamsaraf/Desktop/work/temporal/common/log/with_logger.go:61"}
2025-03-19T11:38:44.183-0400	debug	Received PollActivityTaskQueue	{"host": "127.0.0.1:63278", "service": "frontend", "logging-call-at": "/Users/shivamsaraf/Desktop/work/temporal/common/log/with_logger.go:61"}
2025-03-19T11:38:44.183-0400	info	loaded user data from db	{"host": "127.0.0.1:63279", "component": "matching-engine", "wf-task-queue-name": "temporal-sys-per-ns-tq", "wf-task-queue-type": "Workflow", "wf-namespace": "foreign-namespace-01904a55-3eaf-4534-97d1-6df9a70b29a5", "user-data-version": 0, "timestamp": "1970-01-01T00:00:00.000Z", "logging-call-at": "/Users/shivamsaraf/Desktop/work/temporal/common/log/with_logger.go:66"}
2025-03-19T11:38:44.183-0400	info	Started physicalTaskQueueManager	{"host": "127.0.0.1:63279", "component": "matching-engine", "wf-task-queue-name": "temporal-sys-per-ns-tq", "wf-task-queue-type": "Activity", "wf-namespace": "namespace-ec265ab4-426c-4316-a4b3-47fc66311932", "worker-build-id": "_unversioned_", "lifecycle": "Started", "cause": "Poll", "logging-call-at": "/Users/shivamsaraf/Desktop/work/temporal/common/log/with_logger.go:66"}
2025-03-19T11:38:44.184-0400	debug	returning empty user data (no data)	{"host": "127.0.0.1:63279", "component": "matching-engine", "wf-task-queue-name": "temporal-sys-per-ns-tq", "wf-task-queue-type": "Workflow", "wf-namespace": "namespace-ec265ab4-426c-4316-a4b3-47fc66311932", "long-poll": false, "logging-call-at": "/Users/shivamsaraf/Desktop/work/temporal/common/log/with_logger.go:61"}
2025-03-19T11:38:44.184-0400	debug	Workflow task updated	{"host": "127.0.0.1:63280", "shard-id": 1, "address": "127.0.0.1:63280", "wf-scheduled-event-id": 2, "wf-started-event-id": 3, "workflow-task-request-id": "6dd853b4-fec0-4cd3-ae8e-d3fcae7b1240", "workflow-task-timeout": 10, "attempt": 1, "wf-started-timestamp": "2025-03-19T15:38:44.184Z", "wt-type": "Normal", "logging-call-at": "/Users/shivamsaraf/Desktop/work/temporal/common/log/with_logger.go:61"}
2025-03-19T11:38:44.184-0400	debug	fetched user data from parent, no change	{"host": "127.0.0.1:63279", "component": "matching-engine", "wf-task-queue-name": "temporal-sys-per-ns-tq", "wf-task-queue-type": "Activity", "wf-namespace": "namespace-ec265ab4-426c-4316-a4b3-47fc66311932", "logging-call-at": "/Users/shivamsaraf/Desktop/work/temporal/common/log/with_logger.go:61"}
2025-03-19T11:38:44.184-0400	debug	update state change	{"host": "127.0.0.1:63280", "shard-id": 1, "address": "127.0.0.1:63280", "wf-namespace-id": "d0b550e3-6091-4a9b-a9aa-3d80ffb24954", "wf-id": "temporal-sys-worker-deployment:rrentVersion_Batching-564e9892_deployment_series", "wf-run-id": "0195af0e-960d-715f-b6c6-08dcdf4b78ec", "update-id": "99d49536-da69-44f5-8785-a581f5cf7195", "from-state": "Admitted", "to-state": "Sent", "logging-call-at": "/Users/shivamsaraf/Desktop/work/temporal/common/log/with_logger.go:61"}
2025-03-19T11:38:44.184-0400	debug	update state change	{"host": "127.0.0.1:63280", "shard-id": 1, "address": "127.0.0.1:63280", "wf-namespace-id": "d0b550e3-6091-4a9b-a9aa-3d80ffb24954", "wf-id": "temporal-sys-worker-deployment:rrentVersion_Batching-564e9892_deployment_series", "wf-run-id": "0195af0e-960d-715f-b6c6-08dcdf4b78ec", "update-id": "efd6d16f-fabe-47ab-bfdc-4a35179cde45", "from-state": "Admitted", "to-state": "Sent", "logging-call-at": "/Users/shivamsaraf/Desktop/work/temporal/common/log/with_logger.go:61"}
2025-03-19T11:38:44.184-0400	debug	update state change	{"host": "127.0.0.1:63280", "shard-id": 1, "address": "127.0.0.1:63280", "wf-namespace-id": "d0b550e3-6091-4a9b-a9aa-3d80ffb24954", "wf-id": "temporal-sys-worker-deployment:rrentVersion_Batching-564e9892_deployment_series", "wf-run-id": "0195af0e-960d-715f-b6c6-08dcdf4b78ec", "update-id": "66636524-9b56-4fce-aafb-50ad1a620dc0", "from-state": "Admitted", "to-state": "Sent", "logging-call-at": "/Users/shivamsaraf/Desktop/work/temporal/common/log/with_logger.go:61"}
2025-03-19T11:38:44.184-0400	debug	update state change	{"host": "127.0.0.1:63280", "shard-id": 1, "address": "127.0.0.1:63280", "wf-namespace-id": "d0b550e3-6091-4a9b-a9aa-3d80ffb24954", "wf-id": "temporal-sys-worker-deployment:rrentVersion_Batching-564e9892_deployment_series", "wf-run-id": "0195af0e-960d-715f-b6c6-08dcdf4b78ec", "update-id": "51690446-6731-46d6-a1ef-a3a4cf2ed8d9", "from-state": "Admitted", "to-state": "Sent", "logging-call-at": "/Users/shivamsaraf/Desktop/work/temporal/common/log/with_logger.go:61"}
2025-03-19T11:38:44.185-0400	debug	update state change	{"host": "127.0.0.1:63280", "shard-id": 1, "address": "127.0.0.1:63280", "wf-namespace-id": "d0b550e3-6091-4a9b-a9aa-3d80ffb24954", "wf-id": "temporal-sys-worker-deployment:rrentVersion_Batching-564e9892_deployment_series", "wf-run-id": "0195af0e-960d-715f-b6c6-08dcdf4b78ec", "update-id": "87c63f8e-c44a-489d-8336-83e52d215ca9", "from-state": "Admitted", "to-state": "Sent", "logging-call-at": "/Users/shivamsaraf/Desktop/work/temporal/common/log/with_logger.go:61"}
2025-03-19T11:38:44.185-0400	debug	update state change	{"host": "127.0.0.1:63280", "shard-id": 1, "address": "127.0.0.1:63280", "wf-namespace-id": "d0b550e3-6091-4a9b-a9aa-3d80ffb24954", "wf-id": "temporal-sys-worker-deployment:rrentVersion_Batching-564e9892_deployment_series", "wf-run-id": "0195af0e-960d-715f-b6c6-08dcdf4b78ec", "update-id": "1174c555-dc6d-44d3-b61b-6a642cc728d1", "from-state": "Admitted", "to-state": "Sent", "logging-call-at": "/Users/shivamsaraf/Desktop/work/temporal/common/log/with_logger.go:61"}
2025-03-19T11:38:44.185-0400	debug	update state change	{"host": "127.0.0.1:63280", "shard-id": 1, "address": "127.0.0.1:63280", "wf-namespace-id": "d0b550e3-6091-4a9b-a9aa-3d80ffb24954", "wf-id": "temporal-sys-worker-deployment:rrentVersion_Batching-564e9892_deployment_series", "wf-run-id": "0195af0e-960d-715f-b6c6-08dcdf4b78ec", "update-id": "7a82e5d4-5ca9-4909-a1cc-1ed8157e4eb5", "from-state": "Admitted", "to-state": "Sent", "logging-call-at": "/Users/shivamsaraf/Desktop/work/temporal/common/log/with_logger.go:61"}
2025-03-19T11:38:44.185-0400	debug	update state change	{"host": "127.0.0.1:63280", "shard-id": 1, "address": "127.0.0.1:63280", "wf-namespace-id": "d0b550e3-6091-4a9b-a9aa-3d80ffb24954", "wf-id": "temporal-sys-worker-deployment:rrentVersion_Batching-564e9892_deployment_series", "wf-run-id": "0195af0e-960d-715f-b6c6-08dcdf4b78ec", "update-id": "c105565e-33ca-4ce5-bbae-9143a99839c1", "from-state": "Admitted", "to-state": "Sent", "logging-call-at": "/Users/shivamsaraf/Desktop/work/temporal/common/log/with_logger.go:61"}
2025-03-19T11:38:44.185-0400	debug	update state change	{"host": "127.0.0.1:63280", "shard-id": 1, "address": "127.0.0.1:63280", "wf-namespace-id": "d0b550e3-6091-4a9b-a9aa-3d80ffb24954", "wf-id": "temporal-sys-worker-deployment:rrentVersion_Batching-564e9892_deployment_series", "wf-run-id": "0195af0e-960d-715f-b6c6-08dcdf4b78ec", "update-id": "0d1a920b-8f1a-4409-b50f-56e42ce82b89", "from-state": "Admitted", "to-state": "Sent", "logging-call-at": "/Users/shivamsaraf/Desktop/work/temporal/common/log/with_logger.go:61"}
2025-03-19T11:38:44.185-0400	debug	update state change	{"host": "127.0.0.1:63280", "shard-id": 1, "address": "127.0.0.1:63280", "wf-namespace-id": "d0b550e3-6091-4a9b-a9aa-3d80ffb24954", "wf-id": "temporal-sys-worker-deployment:rrentVersion_Batching-564e9892_deployment_series", "wf-run-id": "0195af0e-960d-715f-b6c6-08dcdf4b78ec", "update-id": "40fc86d5-6226-4924-aa65-668931e9010f", "from-state": "Admitted", "to-state": "Sent", "logging-call-at": "/Users/shivamsaraf/Desktop/work/temporal/common/log/with_logger.go:61"}
2025-03-19T11:38:44.185-0400	debug	returning empty user data (no data)	{"host": "127.0.0.1:63279", "component": "matching-engine", "wf-task-queue-name": "temporal-sys-per-ns-tq", "wf-task-queue-type": "Workflow", "wf-namespace": "foreign-namespace-01904a55-3eaf-4534-97d1-6df9a70b29a5", "long-poll": false, "logging-call-at": "/Users/shivamsaraf/Desktop/work/temporal/common/log/with_logger.go:61"}
2025-03-19T11:38:44.185-0400	debug	update state change	{"host": "127.0.0.1:63280", "shard-id": 1, "address": "127.0.0.1:63280", "wf-namespace-id": "d0b550e3-6091-4a9b-a9aa-3d80ffb24954", "wf-id": "temporal-sys-worker-deployment:rrentVersion_Batching-564e9892_deployment_series", "wf-run-id": "0195af0e-960d-715f-b6c6-08dcdf4b78ec", "update-id": "ea0527ef-6733-4fcf-ae7a-c3ad034fab46", "from-state": "Admitted", "to-state": "Sent", "logging-call-at": "/Users/shivamsaraf/Desktop/work/temporal/common/log/with_logger.go:61"}
2025-03-19T11:38:44.185-0400	debug	update state change	{"host": "127.0.0.1:63280", "shard-id": 1, "address": "127.0.0.1:63280", "wf-namespace-id": "d0b550e3-6091-4a9b-a9aa-3d80ffb24954", "wf-id": "temporal-sys-worker-deployment:rrentVersion_Batching-564e9892_deployment_series", "wf-run-id": "0195af0e-960d-715f-b6c6-08dcdf4b78ec", "update-id": "c34494a9-38b9-4608-aef4-c140d3f849bb", "from-state": "Admitted", "to-state": "Sent", "logging-call-at": "/Users/shivamsaraf/Desktop/work/temporal/common/log/with_logger.go:61"}
2025-03-19T11:38:44.185-0400	debug	returning empty user data (no data)	{"host": "127.0.0.1:63279", "component": "matching-engine", "wf-task-queue-name": "temporal-sys-per-ns-tq", "wf-task-queue-type": "Workflow", "wf-namespace": "foreign-namespace-01904a55-3eaf-4534-97d1-6df9a70b29a5", "long-poll": false, "logging-call-at": "/Users/shivamsaraf/Desktop/work/temporal/common/log/with_logger.go:61"}
2025-03-19T11:38:44.185-0400	debug	update state change	{"host": "127.0.0.1:63280", "shard-id": 1, "address": "127.0.0.1:63280", "wf-namespace-id": "d0b550e3-6091-4a9b-a9aa-3d80ffb24954", "wf-id": "temporal-sys-worker-deployment:rrentVersion_Batching-564e9892_deployment_series", "wf-run-id": "0195af0e-960d-715f-b6c6-08dcdf4b78ec", "update-id": "5eee725c-4a09-4d74-a3c3-6d64c2683085", "from-state": "Admitted", "to-state": "Sent", "logging-call-at": "/Users/shivamsaraf/Desktop/work/temporal/common/log/with_logger.go:61"}
2025-03-19T11:38:44.185-0400	debug	update state change	{"host": "127.0.0.1:63280", "shard-id": 1, "address": "127.0.0.1:63280", "wf-namespace-id": "d0b550e3-6091-4a9b-a9aa-3d80ffb24954", "wf-id": "temporal-sys-worker-deployment:rrentVersion_Batching-564e9892_deployment_series", "wf-run-id": "0195af0e-960d-715f-b6c6-08dcdf4b78ec", "update-id": "fc0e739b-fa58-480b-b8d7-4d0425bc2db6", "from-state": "Admitted", "to-state": "Sent", "logging-call-at": "/Users/shivamsaraf/Desktop/work/temporal/common/log/with_logger.go:61"}
2025-03-19T11:38:44.185-0400	debug	update state change	{"host": "127.0.0.1:63280", "shard-id": 1, "address": "127.0.0.1:63280", "wf-namespace-id": "d0b550e3-6091-4a9b-a9aa-3d80ffb24954", "wf-id": "temporal-sys-worker-deployment:rrentVersion_Batching-564e9892_deployment_series", "wf-run-id": "0195af0e-960d-715f-b6c6-08dcdf4b78ec", "update-id": "3dec0fcd-14f3-4373-bc17-04ac2c734044", "from-state": "Admitted", "to-state": "Sent", "logging-call-at": "/Users/shivamsaraf/Desktop/work/temporal/common/log/with_logger.go:61"}
2025-03-19T11:38:44.185-0400	debug	fetched user data from parent, no change	{"host": "127.0.0.1:63279", "component": "matching-engine", "wf-task-queue-name": "Shivams-MacBook-Pro.local:4e44ae41-2312-49d9-b212-2493761b11a4", "wf-task-queue-type": "Workflow", "wf-namespace": "foreign-namespace-01904a55-3eaf-4534-97d1-6df9a70b29a5", "logging-call-at": "/Users/shivamsaraf/Desktop/work/temporal/common/log/with_logger.go:61"}
2025-03-19T11:38:44.185-0400	debug	update state change	{"host": "127.0.0.1:63280", "shard-id": 1, "address": "127.0.0.1:63280", "wf-namespace-id": "d0b550e3-6091-4a9b-a9aa-3d80ffb24954", "wf-id": "temporal-sys-worker-deployment:rrentVersion_Batching-564e9892_deployment_series", "wf-run-id": "0195af0e-960d-715f-b6c6-08dcdf4b78ec", "update-id": "b40d524d-961f-4213-b31c-31402f440efd", "from-state": "Admitted", "to-state": "Sent", "logging-call-at": "/Users/shivamsaraf/Desktop/work/temporal/common/log/with_logger.go:61"}
2025-03-19T11:38:44.185-0400	debug	update state change	{"host": "127.0.0.1:63280", "shard-id": 1, "address": "127.0.0.1:63280", "wf-namespace-id": "d0b550e3-6091-4a9b-a9aa-3d80ffb24954", "wf-id": "temporal-sys-worker-deployment:rrentVersion_Batching-564e9892_deployment_series", "wf-run-id": "0195af0e-960d-715f-b6c6-08dcdf4b78ec", "update-id": "c151f798-f9c4-4ae1-b818-82ad1000bc51", "from-state": "Admitted", "to-state": "Sent", "logging-call-at": "/Users/shivamsaraf/Desktop/work/temporal/common/log/with_logger.go:61"}
2025-03-19T11:38:44.185-0400	debug	update state change	{"host": "127.0.0.1:63280", "shard-id": 1, "address": "127.0.0.1:63280", "wf-namespace-id": "d0b550e3-6091-4a9b-a9aa-3d80ffb24954", "wf-id": "temporal-sys-worker-deployment:rrentVersion_Batching-564e9892_deployment_series", "wf-run-id": "0195af0e-960d-715f-b6c6-08dcdf4b78ec", "update-id": "1e572c41-7ea6-479e-8374-807d998a78df", "from-state": "Admitted", "to-state": "Sent", "logging-call-at": "/Users/shivamsaraf/Desktop/work/temporal/common/log/with_logger.go:61"}
2025-03-19T11:38:44.185-0400	debug	fetched user data from parent, no change	{"host": "127.0.0.1:63279", "component": "matching-engine", "wf-task-queue-name": "temporal-sys-per-ns-tq", "wf-task-queue-type": "Activity", "wf-namespace": "foreign-namespace-01904a55-3eaf-4534-97d1-6df9a70b29a5", "logging-call-at": "/Users/shivamsaraf/Desktop/work/temporal/common/log/with_logger.go:61"}
2025-03-19T11:38:44.185-0400	debug	update state change	{"host": "127.0.0.1:63280", "shard-id": 1, "address": "127.0.0.1:63280", "wf-namespace-id": "d0b550e3-6091-4a9b-a9aa-3d80ffb24954", "wf-id": "temporal-sys-worker-deployment:rrentVersion_Batching-564e9892_deployment_series", "wf-run-id": "0195af0e-960d-715f-b6c6-08dcdf4b78ec", "update-id": "987217d9-e73b-45cf-91b5-dfcc9eaef6dc", "from-state": "Admitted", "to-state": "Sent", "logging-call-at": "/Users/shivamsaraf/Desktop/work/temporal/common/log/with_logger.go:61"}
2025-03-19T11:38:44.186-0400	debug	update state change	{"host": "127.0.0.1:63280", "shard-id": 1, "address": "127.0.0.1:63280", "wf-namespace-id": "d0b550e3-6091-4a9b-a9aa-3d80ffb24954", "wf-id": "temporal-sys-worker-deployment:rrentVersion_Batching-564e9892_deployment_series", "wf-run-id": "0195af0e-960d-715f-b6c6-08dcdf4b78ec", "update-id": "92938727-a666-41be-9404-32ca97b2ec5a", "from-state": "Admitted", "to-state": "Sent", "logging-call-at": "/Users/shivamsaraf/Desktop/work/temporal/common/log/with_logger.go:61"}
2025-03-19T11:38:44.186-0400	debug	update state change	{"host": "127.0.0.1:63280", "shard-id": 1, "address": "127.0.0.1:63280", "wf-namespace-id": "d0b550e3-6091-4a9b-a9aa-3d80ffb24954", "wf-id": "temporal-sys-worker-deployment:rrentVersion_Batching-564e9892_deployment_series", "wf-run-id": "0195af0e-960d-715f-b6c6-08dcdf4b78ec", "update-id": "ac6c8eef-bace-4b87-b87d-8f77b3e3b92d", "from-state": "Admitted", "to-state": "Sent", "logging-call-at": "/Users/shivamsaraf/Desktop/work/temporal/common/log/with_logger.go:61"}
2025-03-19T11:38:44.186-0400	debug	update state change	{"host": "127.0.0.1:63280", "shard-id": 1, "address": "127.0.0.1:63280", "wf-namespace-id": "d0b550e3-6091-4a9b-a9aa-3d80ffb24954", "wf-id": "temporal-sys-worker-deployment:rrentVersion_Batching-564e9892_deployment_series", "wf-run-id": "0195af0e-960d-715f-b6c6-08dcdf4b78ec", "update-id": "e1d04e2e-0be4-420b-8176-c54ea4849abf", "from-state": "Admitted", "to-state": "Sent", "logging-call-at": "/Users/shivamsaraf/Desktop/work/temporal/common/log/with_logger.go:61"}
2025-03-19T11:38:44.186-0400	debug	update state change	{"host": "127.0.0.1:63280", "shard-id": 1, "address": "127.0.0.1:63280", "wf-namespace-id": "d0b550e3-6091-4a9b-a9aa-3d80ffb24954", "wf-id": "temporal-sys-worker-deployment:rrentVersion_Batching-564e9892_deployment_series", "wf-run-id": "0195af0e-960d-715f-b6c6-08dcdf4b78ec", "update-id": "29835abf-2036-415f-9b24-f89a7959bd06", "from-state": "Admitted", "to-state": "Sent", "logging-call-at": "/Users/shivamsaraf/Desktop/work/temporal/common/log/with_logger.go:61"}
2025-03-19T11:38:44.186-0400	debug	update state change	{"host": "127.0.0.1:63280", "shard-id": 1, "address": "127.0.0.1:63280", "wf-namespace-id": "d0b550e3-6091-4a9b-a9aa-3d80ffb24954", "wf-id": "temporal-sys-worker-deployment:rrentVersion_Batching-564e9892_deployment_series", "wf-run-id": "0195af0e-960d-715f-b6c6-08dcdf4b78ec", "update-id": "a8f1eb17-6855-4795-926b-a0ea4553e07d", "from-state": "Admitted", "to-state": "Sent", "logging-call-at": "/Users/shivamsaraf/Desktop/work/temporal/common/log/with_logger.go:61"}
2025-03-19T11:38:44.186-0400	debug	update state change	{"host": "127.0.0.1:63280", "shard-id": 1, "address": "127.0.0.1:63280", "wf-namespace-id": "d0b550e3-6091-4a9b-a9aa-3d80ffb24954", "wf-id": "temporal-sys-worker-deployment:rrentVersion_Batching-564e9892_deployment_series", "wf-run-id": "0195af0e-960d-715f-b6c6-08dcdf4b78ec", "update-id": "dd8ac291-1c6d-40ec-b357-7677a4689ef3", "from-state": "Admitted", "to-state": "Sent", "logging-call-at": "/Users/shivamsaraf/Desktop/work/temporal/common/log/with_logger.go:61"}
2025-03-19T11:38:44.186-0400	debug	update state change	{"host": "127.0.0.1:63280", "shard-id": 1, "address": "127.0.0.1:63280", "wf-namespace-id": "d0b550e3-6091-4a9b-a9aa-3d80ffb24954", "wf-id": "temporal-sys-worker-deployment:rrentVersion_Batching-564e9892_deployment_series", "wf-run-id": "0195af0e-960d-715f-b6c6-08dcdf4b78ec", "update-id": "73874772-a972-4192-bc29-aab20397e64b", "from-state": "Admitted", "to-state": "Sent", "logging-call-at": "/Users/shivamsaraf/Desktop/work/temporal/common/log/with_logger.go:61"}
2025-03-19T11:38:44.186-0400	debug	update state change	{"host": "127.0.0.1:63280", "shard-id": 1, "address": "127.0.0.1:63280", "wf-namespace-id": "d0b550e3-6091-4a9b-a9aa-3d80ffb24954", "wf-id": "temporal-sys-worker-deployment:rrentVersion_Batching-564e9892_deployment_series", "wf-run-id": "0195af0e-960d-715f-b6c6-08dcdf4b78ec", "update-id": "c7f71060-e4c3-4e3e-b980-35a33a0f51d6", "from-state": "Admitted", "to-state": "Sent", "logging-call-at": "/Users/shivamsaraf/Desktop/work/temporal/common/log/with_logger.go:61"}
2025-03-19T11:38:44.186-0400	debug	update state change	{"host": "127.0.0.1:63280", "shard-id": 1, "address": "127.0.0.1:63280", "wf-namespace-id": "d0b550e3-6091-4a9b-a9aa-3d80ffb24954", "wf-id": "temporal-sys-worker-deployment:rrentVersion_Batching-564e9892_deployment_series", "wf-run-id": "0195af0e-960d-715f-b6c6-08dcdf4b78ec", "update-id": "37bf7d9d-11da-4cee-aed6-0ba5fe99dfd4", "from-state": "Admitted", "to-state": "Sent", "logging-call-at": "/Users/shivamsaraf/Desktop/work/temporal/common/log/with_logger.go:61"}
2025-03-19T11:38:44.186-0400	debug	update state change	{"host": "127.0.0.1:63280", "shard-id": 1, "address": "127.0.0.1:63280", "wf-namespace-id": "d0b550e3-6091-4a9b-a9aa-3d80ffb24954", "wf-id": "temporal-sys-worker-deployment:rrentVersion_Batching-564e9892_deployment_series", "wf-run-id": "0195af0e-960d-715f-b6c6-08dcdf4b78ec", "update-id": "3eab6cf8-d8c9-4243-ba72-71c1deb85821", "from-state": "Admitted", "to-state": "Sent", "logging-call-at": "/Users/shivamsaraf/Desktop/work/temporal/common/log/with_logger.go:61"}
2025-03-19T11:38:44.186-0400	debug	update state change	{"host": "127.0.0.1:63280", "shard-id": 1, "address": "127.0.0.1:63280", "wf-namespace-id": "d0b550e3-6091-4a9b-a9aa-3d80ffb24954", "wf-id": "temporal-sys-worker-deployment:rrentVersion_Batching-564e9892_deployment_series", "wf-run-id": "0195af0e-960d-715f-b6c6-08dcdf4b78ec", "update-id": "9c21dbe2-62d2-4aa3-8233-6dc7e2b2cf06", "from-state": "Admitted", "to-state": "Sent", "logging-call-at": "/Users/shivamsaraf/Desktop/work/temporal/common/log/with_logger.go:61"}
2025-03-19T11:38:44.186-0400	debug	update state change	{"host": "127.0.0.1:63280", "shard-id": 1, "address": "127.0.0.1:63280", "wf-namespace-id": "d0b550e3-6091-4a9b-a9aa-3d80ffb24954", "wf-id": "temporal-sys-worker-deployment:rrentVersion_Batching-564e9892_deployment_series", "wf-run-id": "0195af0e-960d-715f-b6c6-08dcdf4b78ec", "update-id": "a7ee590a-dc02-4b6f-b87b-f039316a5f73", "from-state": "Admitted", "to-state": "Sent", "logging-call-at": "/Users/shivamsaraf/Desktop/work/temporal/common/log/with_logger.go:61"}
2025-03-19T11:38:44.186-0400	debug	update state change	{"host": "127.0.0.1:63280", "shard-id": 1, "address": "127.0.0.1:63280", "wf-namespace-id": "d0b550e3-6091-4a9b-a9aa-3d80ffb24954", "wf-id": "temporal-sys-worker-deployment:rrentVersion_Batching-564e9892_deployment_series", "wf-run-id": "0195af0e-960d-715f-b6c6-08dcdf4b78ec", "update-id": "5e4ec173-39a4-4612-a708-bbd512c321e1", "from-state": "Admitted", "to-state": "Sent", "logging-call-at": "/Users/shivamsaraf/Desktop/work/temporal/common/log/with_logger.go:61"}
2025-03-19T11:38:44.186-0400	debug	update state change	{"host": "127.0.0.1:63280", "shard-id": 1, "address": "127.0.0.1:63280", "wf-namespace-id": "d0b550e3-6091-4a9b-a9aa-3d80ffb24954", "wf-id": "temporal-sys-worker-deployment:rrentVersion_Batching-564e9892_deployment_series", "wf-run-id": "0195af0e-960d-715f-b6c6-08dcdf4b78ec", "update-id": "ace1d476-5d82-4241-9ec4-edab86299532", "from-state": "Admitted", "to-state": "Sent", "logging-call-at": "/Users/shivamsaraf/Desktop/work/temporal/common/log/with_logger.go:61"}
2025-03-19T11:38:44.186-0400	debug	update state change	{"host": "127.0.0.1:63280", "shard-id": 1, "address": "127.0.0.1:63280", "wf-namespace-id": "d0b550e3-6091-4a9b-a9aa-3d80ffb24954", "wf-id": "temporal-sys-worker-deployment:rrentVersion_Batching-564e9892_deployment_series", "wf-run-id": "0195af0e-960d-715f-b6c6-08dcdf4b78ec", "update-id": "c3b97d0e-5447-4a39-84bc-c4588a2c3ec0", "from-state": "Admitted", "to-state": "Sent", "logging-call-at": "/Users/shivamsaraf/Desktop/work/temporal/common/log/with_logger.go:61"}
2025-03-19T11:38:44.186-0400	debug	update state change	{"host": "127.0.0.1:63280", "shard-id": 1, "address": "127.0.0.1:63280", "wf-namespace-id": "d0b550e3-6091-4a9b-a9aa-3d80ffb24954", "wf-id": "temporal-sys-worker-deployment:rrentVersion_Batching-564e9892_deployment_series", "wf-run-id": "0195af0e-960d-715f-b6c6-08dcdf4b78ec", "update-id": "a74b88b9-5211-42c5-ae19-231c02a855fa", "from-state": "Admitted", "to-state": "Sent", "logging-call-at": "/Users/shivamsaraf/Desktop/work/temporal/common/log/with_logger.go:61"}
2025-03-19T11:38:44.187-0400	debug	update state change	{"host": "127.0.0.1:63280", "shard-id": 1, "address": "127.0.0.1:63280", "wf-namespace-id": "d0b550e3-6091-4a9b-a9aa-3d80ffb24954", "wf-id": "temporal-sys-worker-deployment:rrentVersion_Batching-564e9892_deployment_series", "wf-run-id": "0195af0e-960d-715f-b6c6-08dcdf4b78ec", "update-id": "39857642-e39f-4b78-ab97-211e57e209b9", "from-state": "Admitted", "to-state": "Sent", "logging-call-at": "/Users/shivamsaraf/Desktop/work/temporal/common/log/with_logger.go:61"}
2025-03-19T11:38:44.187-0400	debug	update state change	{"host": "127.0.0.1:63280", "shard-id": 1, "address": "127.0.0.1:63280", "wf-namespace-id": "d0b550e3-6091-4a9b-a9aa-3d80ffb24954", "wf-id": "temporal-sys-worker-deployment:rrentVersion_Batching-564e9892_deployment_series", "wf-run-id": "0195af0e-960d-715f-b6c6-08dcdf4b78ec", "update-id": "5c6ffcd0-4e1e-46df-b8ae-8b400d21eaec", "from-state": "Admitted", "to-state": "Sent", "logging-call-at": "/Users/shivamsaraf/Desktop/work/temporal/common/log/with_logger.go:61"}
2025-03-19T11:38:44.187-0400	debug	update state change	{"host": "127.0.0.1:63280", "shard-id": 1, "address": "127.0.0.1:63280", "wf-namespace-id": "d0b550e3-6091-4a9b-a9aa-3d80ffb24954", "wf-id": "temporal-sys-worker-deployment:rrentVersion_Batching-564e9892_deployment_series", "wf-run-id": "0195af0e-960d-715f-b6c6-08dcdf4b78ec", "update-id": "43e06db3-3619-46f9-a2b1-e5e11157d908", "from-state": "Admitted", "to-state": "Sent", "logging-call-at": "/Users/shivamsaraf/Desktop/work/temporal/common/log/with_logger.go:61"}
2025-03-19T11:38:44.187-0400	debug	update state change	{"host": "127.0.0.1:63280", "shard-id": 1, "address": "127.0.0.1:63280", "wf-namespace-id": "d0b550e3-6091-4a9b-a9aa-3d80ffb24954", "wf-id": "temporal-sys-worker-deployment:rrentVersion_Batching-564e9892_deployment_series", "wf-run-id": "0195af0e-960d-715f-b6c6-08dcdf4b78ec", "update-id": "0c93e254-d10a-4a54-bc70-88b3b78e71e9", "from-state": "Admitted", "to-state": "Sent", "logging-call-at": "/Users/shivamsaraf/Desktop/work/temporal/common/log/with_logger.go:61"}
2025-03-19T11:38:44.187-0400	debug	update state change	{"host": "127.0.0.1:63280", "shard-id": 1, "address": "127.0.0.1:63280", "wf-namespace-id": "d0b550e3-6091-4a9b-a9aa-3d80ffb24954", "wf-id": "temporal-sys-worker-deployment:rrentVersion_Batching-564e9892_deployment_series", "wf-run-id": "0195af0e-960d-715f-b6c6-08dcdf4b78ec", "update-id": "fa94f501-9163-4772-9810-f4c1dc7df2b9", "from-state": "Admitted", "to-state": "Sent", "logging-call-at": "/Users/shivamsaraf/Desktop/work/temporal/common/log/with_logger.go:61"}
2025-03-19T11:38:44.187-0400	debug	update state change	{"host": "127.0.0.1:63280", "shard-id": 1, "address": "127.0.0.1:63280", "wf-namespace-id": "d0b550e3-6091-4a9b-a9aa-3d80ffb24954", "wf-id": "temporal-sys-worker-deployment:rrentVersion_Batching-564e9892_deployment_series", "wf-run-id": "0195af0e-960d-715f-b6c6-08dcdf4b78ec", "update-id": "7932537f-98c5-477d-b4ab-2ca1d386c12f", "from-state": "Admitted", "to-state": "Sent", "logging-call-at": "/Users/shivamsaraf/Desktop/work/temporal/common/log/with_logger.go:61"}
2025-03-19T11:38:44.187-0400	debug	update state change	{"host": "127.0.0.1:63280", "shard-id": 1, "address": "127.0.0.1:63280", "wf-namespace-id": "d0b550e3-6091-4a9b-a9aa-3d80ffb24954", "wf-id": "temporal-sys-worker-deployment:rrentVersion_Batching-564e9892_deployment_series", "wf-run-id": "0195af0e-960d-715f-b6c6-08dcdf4b78ec", "update-id": "48fccdc9-1ffd-406f-bf8f-2da635c8cdb3", "from-state": "Admitted", "to-state": "Sent", "logging-call-at": "/Users/shivamsaraf/Desktop/work/temporal/common/log/with_logger.go:61"}
2025-03-19T11:38:44.187-0400	debug	update state change	{"host": "127.0.0.1:63280", "shard-id": 1, "address": "127.0.0.1:63280", "wf-namespace-id": "d0b550e3-6091-4a9b-a9aa-3d80ffb24954", "wf-id": "temporal-sys-worker-deployment:rrentVersion_Batching-564e9892_deployment_series", "wf-run-id": "0195af0e-960d-715f-b6c6-08dcdf4b78ec", "update-id": "fd30188f-c065-4aa1-8804-f789be417bf1", "from-state": "Admitted", "to-state": "Sent", "logging-call-at": "/Users/shivamsaraf/Desktop/work/temporal/common/log/with_logger.go:61"}
2025-03-19T11:38:44.187-0400	debug	update state change	{"host": "127.0.0.1:63280", "shard-id": 1, "address": "127.0.0.1:63280", "wf-namespace-id": "d0b550e3-6091-4a9b-a9aa-3d80ffb24954", "wf-id": "temporal-sys-worker-deployment:rrentVersion_Batching-564e9892_deployment_series", "wf-run-id": "0195af0e-960d-715f-b6c6-08dcdf4b78ec", "update-id": "98fbf57f-ac90-4572-baa7-46f25d346d84", "from-state": "Admitted", "to-state": "Sent", "logging-call-at": "/Users/shivamsaraf/Desktop/work/temporal/common/log/with_logger.go:61"}
2025-03-19T11:38:44.187-0400	debug	update state change	{"host": "127.0.0.1:63280", "shard-id": 1, "address": "127.0.0.1:63280", "wf-namespace-id": "d0b550e3-6091-4a9b-a9aa-3d80ffb24954", "wf-id": "temporal-sys-worker-deployment:rrentVersion_Batching-564e9892_deployment_series", "wf-run-id": "0195af0e-960d-715f-b6c6-08dcdf4b78ec", "update-id": "f24af414-ccc1-4fdf-a8e3-d0be5b7f98d3", "from-state": "Admitted", "to-state": "Sent", "logging-call-at": "/Users/shivamsaraf/Desktop/work/temporal/common/log/with_logger.go:61"}
2025-03-19T11:38:44.187-0400	debug	update state change	{"host": "127.0.0.1:63280", "shard-id": 1, "address": "127.0.0.1:63280", "wf-namespace-id": "d0b550e3-6091-4a9b-a9aa-3d80ffb24954", "wf-id": "temporal-sys-worker-deployment:rrentVersion_Batching-564e9892_deployment_series", "wf-run-id": "0195af0e-960d-715f-b6c6-08dcdf4b78ec", "update-id": "280f93c4-1c97-43a0-a1f4-c8323b08c607", "from-state": "Admitted", "to-state": "Sent", "logging-call-at": "/Users/shivamsaraf/Desktop/work/temporal/common/log/with_logger.go:61"}
2025-03-19T11:38:44.187-0400	debug	update state change	{"host": "127.0.0.1:63280", "shard-id": 1, "address": "127.0.0.1:63280", "wf-namespace-id": "d0b550e3-6091-4a9b-a9aa-3d80ffb24954", "wf-id": "temporal-sys-worker-deployment:rrentVersion_Batching-564e9892_deployment_series", "wf-run-id": "0195af0e-960d-715f-b6c6-08dcdf4b78ec", "update-id": "20348106-f3d1-4431-aeed-560101a6a101", "from-state": "Admitted", "to-state": "Sent", "logging-call-at": "/Users/shivamsaraf/Desktop/work/temporal/common/log/with_logger.go:61"}
2025-03-19T11:38:44.187-0400	debug	update state change	{"host": "127.0.0.1:63280", "shard-id": 1, "address": "127.0.0.1:63280", "wf-namespace-id": "d0b550e3-6091-4a9b-a9aa-3d80ffb24954", "wf-id": "temporal-sys-worker-deployment:rrentVersion_Batching-564e9892_deployment_series", "wf-run-id": "0195af0e-960d-715f-b6c6-08dcdf4b78ec", "update-id": "557eef32-da18-44c2-8085-b1bdf10064ca", "from-state": "Admitted", "to-state": "Sent", "logging-call-at": "/Users/shivamsaraf/Desktop/work/temporal/common/log/with_logger.go:61"}
2025-03-19T11:38:44.187-0400	debug	update state change	{"host": "127.0.0.1:63280", "shard-id": 1, "address": "127.0.0.1:63280", "wf-namespace-id": "d0b550e3-6091-4a9b-a9aa-3d80ffb24954", "wf-id": "temporal-sys-worker-deployment:rrentVersion_Batching-564e9892_deployment_series", "wf-run-id": "0195af0e-960d-715f-b6c6-08dcdf4b78ec", "update-id": "319c7e71-c714-42d4-93e5-bf88796829e4", "from-state": "Admitted", "to-state": "Sent", "logging-call-at": "/Users/shivamsaraf/Desktop/work/temporal/common/log/with_logger.go:61"}
2025-03-19T11:38:44.187-0400	debug	update state change	{"host": "127.0.0.1:63280", "shard-id": 1, "address": "127.0.0.1:63280", "wf-namespace-id": "d0b550e3-6091-4a9b-a9aa-3d80ffb24954", "wf-id": "temporal-sys-worker-deployment:rrentVersion_Batching-564e9892_deployment_series", "wf-run-id": "0195af0e-960d-715f-b6c6-08dcdf4b78ec", "update-id": "2dc764cd-7bb4-4ef4-8a8d-e0c98a978be1", "from-state": "Admitted", "to-state": "Sent", "logging-call-at": "/Users/shivamsaraf/Desktop/work/temporal/common/log/with_logger.go:61"}
2025-03-19T11:38:44.188-0400	debug	Assigning new task key	{"host": "127.0.0.1:63280", "shard-id": 1, "address": "127.0.0.1:63280", "wf-namespace-id": "d0b550e3-6091-4a9b-a9aa-3d80ffb24954", "wf-id": "temporal-sys-worker-deployment:rrentVersion_Batching-564e9892_deployment_series", "wf-run-id": "0195af0e-960d-715f-b6c6-08dcdf4b78ec", "queue-task-type": "WorkflowTaskTimeout", "queue-task-id": 1048593, "timestamp": "2025-03-19T15:38:54.185Z", "cursor-timestamp": "2025-03-19T15:38:44.610Z", "logging-call-at": "/Users/shivamsaraf/Desktop/work/temporal/common/log/with_logger.go:61"}
2025-03-19T11:38:44.207-0400	debug	Frontend method invoked.	{"host": "127.0.0.1:63278", "wf-namespace": "namespace-ec265ab4-426c-4316-a4b3-47fc66311932", "operation": "PollWorkflowTaskQueue", "server-name": "", "cert-thumbprint": "", "logging-call-at": "/Users/shivamsaraf/Desktop/work/temporal/common/log/with_logger.go:61"}
2025-03-19T11:38:44.207-0400	debug	Received PollWorkflowTaskQueue	{"host": "127.0.0.1:63278", "service": "frontend", "logging-call-at": "/Users/shivamsaraf/Desktop/work/temporal/common/log/with_logger.go:61"}
2025-03-19T11:38:44.207-0400	debug	Poll workflow task queue.	{"host": "127.0.0.1:63278", "service": "frontend", "wf-namespace": "namespace-ec265ab4-426c-4316-a4b3-47fc66311932", "wf-namespace-id": "d0b550e3-6091-4a9b-a9aa-3d80ffb24954", "logging-call-at": "/Users/shivamsaraf/Desktop/work/temporal/common/log/with_logger.go:61"}
2025-03-19T11:38:44.209-0400	debug	ExecuteActivity	{"host": "127.0.0.1:63281", "Namespace": "namespace-ec265ab4-426c-4316-a4b3-47fc66311932", "TaskQueue": "temporal-sys-per-ns-tq", "WorkerID": "temporal-system@Shivams-MacBook-Pro.local@namespace-ec265ab4-426c-4316-a4b3-47fc66311932", "WorkflowType": "temporal-sys-worker-deployment-workflow", "WorkflowID": "temporal-sys-worker-deployment:rrentVersion_Batching-564e9892_deployment_series", "RunID": "0195af0e-960d-715f-b6c6-08dcdf4b78ec", "Attempt": 0, "ActivityID": "8", "ActivityType": "RegisterWorkerInVersion", "logging-call-at": "/Users/shivamsaraf/Desktop/work/temporal/common/log/with_logger.go:61"}
2025-03-19T11:38:44.220-0400	debug	Frontend method invoked.	{"host": "127.0.0.1:63278", "wf-namespace": "namespace-ec265ab4-426c-4316-a4b3-47fc66311932", "operation": "RespondWorkflowTaskCompleted", "server-name": "", "cert-thumbprint": "", "logging-call-at": "/Users/shivamsaraf/Desktop/work/temporal/common/log/with_logger.go:61"}
2025-03-19T11:38:44.222-0400	debug	RespondWorkflowTaskCompleted	{"host": "127.0.0.1:63280", "service": "history", "wf-namespace-id": "d0b550e3-6091-4a9b-a9aa-3d80ffb24954", "wf-id": "temporal-sys-worker-deployment:rrentVersion_Batching-564e9892_deployment_series", "wf-run-id": "0195af0e-960d-715f-b6c6-08dcdf4b78ec", "wf-scheduled-event-id": 2, "logging-call-at": "/Users/shivamsaraf/Desktop/work/temporal/common/log/with_logger.go:61"}
2025-03-19T11:38:44.222-0400	debug	Workflow task updated	{"host": "127.0.0.1:63280", "shard-id": 1, "address": "127.0.0.1:63280", "wf-scheduled-event-id": 0, "wf-started-event-id": 0, "workflow-task-request-id": "emptyUuid", "workflow-task-timeout": 0, "attempt": 1, "wf-started-timestamp": "1970-01-01T00:00:00.000Z", "wt-type": "Unspecified", "logging-call-at": "/Users/shivamsaraf/Desktop/work/temporal/common/log/with_logger.go:61"}
2025-03-19T11:38:44.223-0400	debug	update state change	{"host": "127.0.0.1:63280", "shard-id": 1, "address": "127.0.0.1:63280", "wf-namespace-id": "d0b550e3-6091-4a9b-a9aa-3d80ffb24954", "wf-id": "temporal-sys-worker-deployment:rrentVersion_Batching-564e9892_deployment_series", "wf-run-id": "0195af0e-960d-715f-b6c6-08dcdf4b78ec", "update-id": "99d49536-da69-44f5-8785-a581f5cf7195", "from-state": "Sent", "to-state": "ProvisionallyAccepted", "logging-call-at": "/Users/shivamsaraf/Desktop/work/temporal/common/log/with_logger.go:61"}
2025-03-19T11:38:44.224-0400	debug	update state change	{"host": "127.0.0.1:63280", "shard-id": 1, "address": "127.0.0.1:63280", "wf-namespace-id": "d0b550e3-6091-4a9b-a9aa-3d80ffb24954", "wf-id": "temporal-sys-worker-deployment:rrentVersion_Batching-564e9892_deployment_series", "wf-run-id": "0195af0e-960d-715f-b6c6-08dcdf4b78ec", "update-id": "efd6d16f-fabe-47ab-bfdc-4a35179cde45", "from-state": "Sent", "to-state": "ProvisionallyAccepted", "logging-call-at": "/Users/shivamsaraf/Desktop/work/temporal/common/log/with_logger.go:61"}
2025-03-19T11:38:44.224-0400	debug	update state change	{"host": "127.0.0.1:63280", "shard-id": 1, "address": "127.0.0.1:63280", "wf-namespace-id": "d0b550e3-6091-4a9b-a9aa-3d80ffb24954", "wf-id": "temporal-sys-worker-deployment:rrentVersion_Batching-564e9892_deployment_series", "wf-run-id": "0195af0e-960d-715f-b6c6-08dcdf4b78ec", "update-id": "66636524-9b56-4fce-aafb-50ad1a620dc0", "from-state": "Sent", "to-state": "ProvisionallyAccepted", "logging-call-at": "/Users/shivamsaraf/Desktop/work/temporal/common/log/with_logger.go:61"}
2025-03-19T11:38:44.224-0400	debug	update state change	{"host": "127.0.0.1:63280", "shard-id": 1, "address": "127.0.0.1:63280", "wf-namespace-id": "d0b550e3-6091-4a9b-a9aa-3d80ffb24954", "wf-id": "temporal-sys-worker-deployment:rrentVersion_Batching-564e9892_deployment_series", "wf-run-id": "0195af0e-960d-715f-b6c6-08dcdf4b78ec", "update-id": "51690446-6731-46d6-a1ef-a3a4cf2ed8d9", "from-state": "Sent", "to-state": "ProvisionallyAccepted", "logging-call-at": "/Users/shivamsaraf/Desktop/work/temporal/common/log/with_logger.go:61"}
2025-03-19T11:38:44.224-0400	debug	update state change	{"host": "127.0.0.1:63280", "shard-id": 1, "address": "127.0.0.1:63280", "wf-namespace-id": "d0b550e3-6091-4a9b-a9aa-3d80ffb24954", "wf-id": "temporal-sys-worker-deployment:rrentVersion_Batching-564e9892_deployment_series", "wf-run-id": "0195af0e-960d-715f-b6c6-08dcdf4b78ec", "update-id": "87c63f8e-c44a-489d-8336-83e52d215ca9", "from-state": "Sent", "to-state": "ProvisionallyAccepted", "logging-call-at": "/Users/shivamsaraf/Desktop/work/temporal/common/log/with_logger.go:61"}
2025-03-19T11:38:44.224-0400	debug	update state change	{"host": "127.0.0.1:63280", "shard-id": 1, "address": "127.0.0.1:63280", "wf-namespace-id": "d0b550e3-6091-4a9b-a9aa-3d80ffb24954", "wf-id": "temporal-sys-worker-deployment:rrentVersion_Batching-564e9892_deployment_series", "wf-run-id": "0195af0e-960d-715f-b6c6-08dcdf4b78ec", "update-id": "1174c555-dc6d-44d3-b61b-6a642cc728d1", "from-state": "Sent", "to-state": "ProvisionallyAccepted", "logging-call-at": "/Users/shivamsaraf/Desktop/work/temporal/common/log/with_logger.go:61"}
2025-03-19T11:38:44.224-0400	debug	update state change	{"host": "127.0.0.1:63280", "shard-id": 1, "address": "127.0.0.1:63280", "wf-namespace-id": "d0b550e3-6091-4a9b-a9aa-3d80ffb24954", "wf-id": "temporal-sys-worker-deployment:rrentVersion_Batching-564e9892_deployment_series", "wf-run-id": "0195af0e-960d-715f-b6c6-08dcdf4b78ec", "update-id": "7a82e5d4-5ca9-4909-a1cc-1ed8157e4eb5", "from-state": "Sent", "to-state": "ProvisionallyAccepted", "logging-call-at": "/Users/shivamsaraf/Desktop/work/temporal/common/log/with_logger.go:61"}
2025-03-19T11:38:44.225-0400	debug	update state change	{"host": "127.0.0.1:63280", "shard-id": 1, "address": "127.0.0.1:63280", "wf-namespace-id": "d0b550e3-6091-4a9b-a9aa-3d80ffb24954", "wf-id": "temporal-sys-worker-deployment:rrentVersion_Batching-564e9892_deployment_series", "wf-run-id": "0195af0e-960d-715f-b6c6-08dcdf4b78ec", "update-id": "c105565e-33ca-4ce5-bbae-9143a99839c1", "from-state": "Sent", "to-state": "ProvisionallyAccepted", "logging-call-at": "/Users/shivamsaraf/Desktop/work/temporal/common/log/with_logger.go:61"}
2025-03-19T11:38:44.225-0400	debug	update state change	{"host": "127.0.0.1:63280", "shard-id": 1, "address": "127.0.0.1:63280", "wf-namespace-id": "d0b550e3-6091-4a9b-a9aa-3d80ffb24954", "wf-id": "temporal-sys-worker-deployment:rrentVersion_Batching-564e9892_deployment_series", "wf-run-id": "0195af0e-960d-715f-b6c6-08dcdf4b78ec", "update-id": "0d1a920b-8f1a-4409-b50f-56e42ce82b89", "from-state": "Sent", "to-state": "ProvisionallyAccepted", "logging-call-at": "/Users/shivamsaraf/Desktop/work/temporal/common/log/with_logger.go:61"}
2025-03-19T11:38:44.225-0400	debug	update state change	{"host": "127.0.0.1:63280", "shard-id": 1, "address": "127.0.0.1:63280", "wf-namespace-id": "d0b550e3-6091-4a9b-a9aa-3d80ffb24954", "wf-id": "temporal-sys-worker-deployment:rrentVersion_Batching-564e9892_deployment_series", "wf-run-id": "0195af0e-960d-715f-b6c6-08dcdf4b78ec", "update-id": "40fc86d5-6226-4924-aa65-668931e9010f", "from-state": "Sent", "to-state": "ProvisionallyAccepted", "logging-call-at": "/Users/shivamsaraf/Desktop/work/temporal/common/log/with_logger.go:61"}
2025-03-19T11:38:44.225-0400	debug	update state change	{"host": "127.0.0.1:63280", "shard-id": 1, "address": "127.0.0.1:63280", "wf-namespace-id": "d0b550e3-6091-4a9b-a9aa-3d80ffb24954", "wf-id": "temporal-sys-worker-deployment:rrentVersion_Batching-564e9892_deployment_series", "wf-run-id": "0195af0e-960d-715f-b6c6-08dcdf4b78ec", "update-id": "ea0527ef-6733-4fcf-ae7a-c3ad034fab46", "from-state": "Sent", "to-state": "ProvisionallyAccepted", "logging-call-at": "/Users/shivamsaraf/Desktop/work/temporal/common/log/with_logger.go:61"}
2025-03-19T11:38:44.225-0400	debug	update state change	{"host": "127.0.0.1:63280", "shard-id": 1, "address": "127.0.0.1:63280", "wf-namespace-id": "d0b550e3-6091-4a9b-a9aa-3d80ffb24954", "wf-id": "temporal-sys-worker-deployment:rrentVersion_Batching-564e9892_deployment_series", "wf-run-id": "0195af0e-960d-715f-b6c6-08dcdf4b78ec", "update-id": "c34494a9-38b9-4608-aef4-c140d3f849bb", "from-state": "Sent", "to-state": "ProvisionallyAccepted", "logging-call-at": "/Users/shivamsaraf/Desktop/work/temporal/common/log/with_logger.go:61"}
2025-03-19T11:38:44.225-0400	debug	update state change	{"host": "127.0.0.1:63280", "shard-id": 1, "address": "127.0.0.1:63280", "wf-namespace-id": "d0b550e3-6091-4a9b-a9aa-3d80ffb24954", "wf-id": "temporal-sys-worker-deployment:rrentVersion_Batching-564e9892_deployment_series", "wf-run-id": "0195af0e-960d-715f-b6c6-08dcdf4b78ec", "update-id": "5eee725c-4a09-4d74-a3c3-6d64c2683085", "from-state": "Sent", "to-state": "ProvisionallyAccepted", "logging-call-at": "/Users/shivamsaraf/Desktop/work/temporal/common/log/with_logger.go:61"}
2025-03-19T11:38:44.225-0400	debug	update state change	{"host": "127.0.0.1:63280", "shard-id": 1, "address": "127.0.0.1:63280", "wf-namespace-id": "d0b550e3-6091-4a9b-a9aa-3d80ffb24954", "wf-id": "temporal-sys-worker-deployment:rrentVersion_Batching-564e9892_deployment_series", "wf-run-id": "0195af0e-960d-715f-b6c6-08dcdf4b78ec", "update-id": "fc0e739b-fa58-480b-b8d7-4d0425bc2db6", "from-state": "Sent", "to-state": "ProvisionallyAccepted", "logging-call-at": "/Users/shivamsaraf/Desktop/work/temporal/common/log/with_logger.go:61"}
2025-03-19T11:38:44.225-0400	debug	update state change	{"host": "127.0.0.1:63280", "shard-id": 1, "address": "127.0.0.1:63280", "wf-namespace-id": "d0b550e3-6091-4a9b-a9aa-3d80ffb24954", "wf-id": "temporal-sys-worker-deployment:rrentVersion_Batching-564e9892_deployment_series", "wf-run-id": "0195af0e-960d-715f-b6c6-08dcdf4b78ec", "update-id": "3dec0fcd-14f3-4373-bc17-04ac2c734044", "from-state": "Sent", "to-state": "ProvisionallyAccepted", "logging-call-at": "/Users/shivamsaraf/Desktop/work/temporal/common/log/with_logger.go:61"}
2025-03-19T11:38:44.226-0400	debug	update state change	{"host": "127.0.0.1:63280", "shard-id": 1, "address": "127.0.0.1:63280", "wf-namespace-id": "d0b550e3-6091-4a9b-a9aa-3d80ffb24954", "wf-id": "temporal-sys-worker-deployment:rrentVersion_Batching-564e9892_deployment_series", "wf-run-id": "0195af0e-960d-715f-b6c6-08dcdf4b78ec", "update-id": "b40d524d-961f-4213-b31c-31402f440efd", "from-state": "Sent", "to-state": "ProvisionallyAccepted", "logging-call-at": "/Users/shivamsaraf/Desktop/work/temporal/common/log/with_logger.go:61"}
2025-03-19T11:38:44.226-0400	debug	update state change	{"host": "127.0.0.1:63280", "shard-id": 1, "address": "127.0.0.1:63280", "wf-namespace-id": "d0b550e3-6091-4a9b-a9aa-3d80ffb24954", "wf-id": "temporal-sys-worker-deployment:rrentVersion_Batching-564e9892_deployment_series", "wf-run-id": "0195af0e-960d-715f-b6c6-08dcdf4b78ec", "update-id": "c151f798-f9c4-4ae1-b818-82ad1000bc51", "from-state": "Sent", "to-state": "ProvisionallyAccepted", "logging-call-at": "/Users/shivamsaraf/Desktop/work/temporal/common/log/with_logger.go:61"}
2025-03-19T11:38:44.226-0400	debug	update state change	{"host": "127.0.0.1:63280", "shard-id": 1, "address": "127.0.0.1:63280", "wf-namespace-id": "d0b550e3-6091-4a9b-a9aa-3d80ffb24954", "wf-id": "temporal-sys-worker-deployment:rrentVersion_Batching-564e9892_deployment_series", "wf-run-id": "0195af0e-960d-715f-b6c6-08dcdf4b78ec", "update-id": "1e572c41-7ea6-479e-8374-807d998a78df", "from-state": "Sent", "to-state": "ProvisionallyAccepted", "logging-call-at": "/Users/shivamsaraf/Desktop/work/temporal/common/log/with_logger.go:61"}
2025-03-19T11:38:44.226-0400	debug	update state change	{"host": "127.0.0.1:63280", "shard-id": 1, "address": "127.0.0.1:63280", "wf-namespace-id": "d0b550e3-6091-4a9b-a9aa-3d80ffb24954", "wf-id": "temporal-sys-worker-deployment:rrentVersion_Batching-564e9892_deployment_series", "wf-run-id": "0195af0e-960d-715f-b6c6-08dcdf4b78ec", "update-id": "987217d9-e73b-45cf-91b5-dfcc9eaef6dc", "from-state": "Sent", "to-state": "ProvisionallyAccepted", "logging-call-at": "/Users/shivamsaraf/Desktop/work/temporal/common/log/with_logger.go:61"}
2025-03-19T11:38:44.226-0400	debug	update state change	{"host": "127.0.0.1:63280", "shard-id": 1, "address": "127.0.0.1:63280", "wf-namespace-id": "d0b550e3-6091-4a9b-a9aa-3d80ffb24954", "wf-id": "temporal-sys-worker-deployment:rrentVersion_Batching-564e9892_deployment_series", "wf-run-id": "0195af0e-960d-715f-b6c6-08dcdf4b78ec", "update-id": "92938727-a666-41be-9404-32ca97b2ec5a", "from-state": "Sent", "to-state": "ProvisionallyAccepted", "logging-call-at": "/Users/shivamsaraf/Desktop/work/temporal/common/log/with_logger.go:61"}
2025-03-19T11:38:44.226-0400	debug	update state change	{"host": "127.0.0.1:63280", "shard-id": 1, "address": "127.0.0.1:63280", "wf-namespace-id": "d0b550e3-6091-4a9b-a9aa-3d80ffb24954", "wf-id": "temporal-sys-worker-deployment:rrentVersion_Batching-564e9892_deployment_series", "wf-run-id": "0195af0e-960d-715f-b6c6-08dcdf4b78ec", "update-id": "ac6c8eef-bace-4b87-b87d-8f77b3e3b92d", "from-state": "Sent", "to-state": "ProvisionallyAccepted", "logging-call-at": "/Users/shivamsaraf/Desktop/work/temporal/common/log/with_logger.go:61"}
2025-03-19T11:38:44.226-0400	debug	update state change	{"host": "127.0.0.1:63280", "shard-id": 1, "address": "127.0.0.1:63280", "wf-namespace-id": "d0b550e3-6091-4a9b-a9aa-3d80ffb24954", "wf-id": "temporal-sys-worker-deployment:rrentVersion_Batching-564e9892_deployment_series", "wf-run-id": "0195af0e-960d-715f-b6c6-08dcdf4b78ec", "update-id": "e1d04e2e-0be4-420b-8176-c54ea4849abf", "from-state": "Sent", "to-state": "ProvisionallyAccepted", "logging-call-at": "/Users/shivamsaraf/Desktop/work/temporal/common/log/with_logger.go:61"}
2025-03-19T11:38:44.226-0400	debug	update state change	{"host": "127.0.0.1:63280", "shard-id": 1, "address": "127.0.0.1:63280", "wf-namespace-id": "d0b550e3-6091-4a9b-a9aa-3d80ffb24954", "wf-id": "temporal-sys-worker-deployment:rrentVersion_Batching-564e9892_deployment_series", "wf-run-id": "0195af0e-960d-715f-b6c6-08dcdf4b78ec", "update-id": "29835abf-2036-415f-9b24-f89a7959bd06", "from-state": "Sent", "to-state": "ProvisionallyAccepted", "logging-call-at": "/Users/shivamsaraf/Desktop/work/temporal/common/log/with_logger.go:61"}
2025-03-19T11:38:44.226-0400	debug	update state change	{"host": "127.0.0.1:63280", "shard-id": 1, "address": "127.0.0.1:63280", "wf-namespace-id": "d0b550e3-6091-4a9b-a9aa-3d80ffb24954", "wf-id": "temporal-sys-worker-deployment:rrentVersion_Batching-564e9892_deployment_series", "wf-run-id": "0195af0e-960d-715f-b6c6-08dcdf4b78ec", "update-id": "a8f1eb17-6855-4795-926b-a0ea4553e07d", "from-state": "Sent", "to-state": "ProvisionallyAccepted", "logging-call-at": "/Users/shivamsaraf/Desktop/work/temporal/common/log/with_logger.go:61"}
2025-03-19T11:38:44.227-0400	debug	update state change	{"host": "127.0.0.1:63280", "shard-id": 1, "address": "127.0.0.1:63280", "wf-namespace-id": "d0b550e3-6091-4a9b-a9aa-3d80ffb24954", "wf-id": "temporal-sys-worker-deployment:rrentVersion_Batching-564e9892_deployment_series", "wf-run-id": "0195af0e-960d-715f-b6c6-08dcdf4b78ec", "update-id": "dd8ac291-1c6d-40ec-b357-7677a4689ef3", "from-state": "Sent", "to-state": "ProvisionallyAccepted", "logging-call-at": "/Users/shivamsaraf/Desktop/work/temporal/common/log/with_logger.go:61"}
2025-03-19T11:38:44.227-0400	debug	update state change	{"host": "127.0.0.1:63280", "shard-id": 1, "address": "127.0.0.1:63280", "wf-namespace-id": "d0b550e3-6091-4a9b-a9aa-3d80ffb24954", "wf-id": "temporal-sys-worker-deployment:rrentVersion_Batching-564e9892_deployment_series", "wf-run-id": "0195af0e-960d-715f-b6c6-08dcdf4b78ec", "update-id": "73874772-a972-4192-bc29-aab20397e64b", "from-state": "Sent", "to-state": "ProvisionallyAccepted", "logging-call-at": "/Users/shivamsaraf/Desktop/work/temporal/common/log/with_logger.go:61"}
2025-03-19T11:38:44.227-0400	debug	update state change	{"host": "127.0.0.1:63280", "shard-id": 1, "address": "127.0.0.1:63280", "wf-namespace-id": "d0b550e3-6091-4a9b-a9aa-3d80ffb24954", "wf-id": "temporal-sys-worker-deployment:rrentVersion_Batching-564e9892_deployment_series", "wf-run-id": "0195af0e-960d-715f-b6c6-08dcdf4b78ec", "update-id": "c7f71060-e4c3-4e3e-b980-35a33a0f51d6", "from-state": "Sent", "to-state": "ProvisionallyAccepted", "logging-call-at": "/Users/shivamsaraf/Desktop/work/temporal/common/log/with_logger.go:61"}
2025-03-19T11:38:44.227-0400	debug	update state change	{"host": "127.0.0.1:63280", "shard-id": 1, "address": "127.0.0.1:63280", "wf-namespace-id": "d0b550e3-6091-4a9b-a9aa-3d80ffb24954", "wf-id": "temporal-sys-worker-deployment:rrentVersion_Batching-564e9892_deployment_series", "wf-run-id": "0195af0e-960d-715f-b6c6-08dcdf4b78ec", "update-id": "37bf7d9d-11da-4cee-aed6-0ba5fe99dfd4", "from-state": "Sent", "to-state": "ProvisionallyAccepted", "logging-call-at": "/Users/shivamsaraf/Desktop/work/temporal/common/log/with_logger.go:61"}
2025-03-19T11:38:44.227-0400	debug	update state change	{"host": "127.0.0.1:63280", "shard-id": 1, "address": "127.0.0.1:63280", "wf-namespace-id": "d0b550e3-6091-4a9b-a9aa-3d80ffb24954", "wf-id": "temporal-sys-worker-deployment:rrentVersion_Batching-564e9892_deployment_series", "wf-run-id": "0195af0e-960d-715f-b6c6-08dcdf4b78ec", "update-id": "3eab6cf8-d8c9-4243-ba72-71c1deb85821", "from-state": "Sent", "to-state": "ProvisionallyAccepted", "logging-call-at": "/Users/shivamsaraf/Desktop/work/temporal/common/log/with_logger.go:61"}
2025-03-19T11:38:44.227-0400	debug	update state change	{"host": "127.0.0.1:63280", "shard-id": 1, "address": "127.0.0.1:63280", "wf-namespace-id": "d0b550e3-6091-4a9b-a9aa-3d80ffb24954", "wf-id": "temporal-sys-worker-deployment:rrentVersion_Batching-564e9892_deployment_series", "wf-run-id": "0195af0e-960d-715f-b6c6-08dcdf4b78ec", "update-id": "9c21dbe2-62d2-4aa3-8233-6dc7e2b2cf06", "from-state": "Sent", "to-state": "ProvisionallyAccepted", "logging-call-at": "/Users/shivamsaraf/Desktop/work/temporal/common/log/with_logger.go:61"}
2025-03-19T11:38:44.227-0400	debug	update state change	{"host": "127.0.0.1:63280", "shard-id": 1, "address": "127.0.0.1:63280", "wf-namespace-id": "d0b550e3-6091-4a9b-a9aa-3d80ffb24954", "wf-id": "temporal-sys-worker-deployment:rrentVersion_Batching-564e9892_deployment_series", "wf-run-id": "0195af0e-960d-715f-b6c6-08dcdf4b78ec", "update-id": "a7ee590a-dc02-4b6f-b87b-f039316a5f73", "from-state": "Sent", "to-state": "ProvisionallyAccepted", "logging-call-at": "/Users/shivamsaraf/Desktop/work/temporal/common/log/with_logger.go:61"}
2025-03-19T11:38:44.227-0400	debug	update state change	{"host": "127.0.0.1:63280", "shard-id": 1, "address": "127.0.0.1:63280", "wf-namespace-id": "d0b550e3-6091-4a9b-a9aa-3d80ffb24954", "wf-id": "temporal-sys-worker-deployment:rrentVersion_Batching-564e9892_deployment_series", "wf-run-id": "0195af0e-960d-715f-b6c6-08dcdf4b78ec", "update-id": "5e4ec173-39a4-4612-a708-bbd512c321e1", "from-state": "Sent", "to-state": "ProvisionallyAccepted", "logging-call-at": "/Users/shivamsaraf/Desktop/work/temporal/common/log/with_logger.go:61"}
2025-03-19T11:38:44.227-0400	debug	update state change	{"host": "127.0.0.1:63280", "shard-id": 1, "address": "127.0.0.1:63280", "wf-namespace-id": "d0b550e3-6091-4a9b-a9aa-3d80ffb24954", "wf-id": "temporal-sys-worker-deployment:rrentVersion_Batching-564e9892_deployment_series", "wf-run-id": "0195af0e-960d-715f-b6c6-08dcdf4b78ec", "update-id": "ace1d476-5d82-4241-9ec4-edab86299532", "from-state": "Sent", "to-state": "ProvisionallyAccepted", "logging-call-at": "/Users/shivamsaraf/Desktop/work/temporal/common/log/with_logger.go:61"}
2025-03-19T11:38:44.228-0400	debug	update state change	{"host": "127.0.0.1:63280", "shard-id": 1, "address": "127.0.0.1:63280", "wf-namespace-id": "d0b550e3-6091-4a9b-a9aa-3d80ffb24954", "wf-id": "temporal-sys-worker-deployment:rrentVersion_Batching-564e9892_deployment_series", "wf-run-id": "0195af0e-960d-715f-b6c6-08dcdf4b78ec", "update-id": "c3b97d0e-5447-4a39-84bc-c4588a2c3ec0", "from-state": "Sent", "to-state": "ProvisionallyAccepted", "logging-call-at": "/Users/shivamsaraf/Desktop/work/temporal/common/log/with_logger.go:61"}
2025-03-19T11:38:44.228-0400	debug	update state change	{"host": "127.0.0.1:63280", "shard-id": 1, "address": "127.0.0.1:63280", "wf-namespace-id": "d0b550e3-6091-4a9b-a9aa-3d80ffb24954", "wf-id": "temporal-sys-worker-deployment:rrentVersion_Batching-564e9892_deployment_series", "wf-run-id": "0195af0e-960d-715f-b6c6-08dcdf4b78ec", "update-id": "a74b88b9-5211-42c5-ae19-231c02a855fa", "from-state": "Sent", "to-state": "ProvisionallyAccepted", "logging-call-at": "/Users/shivamsaraf/Desktop/work/temporal/common/log/with_logger.go:61"}
2025-03-19T11:38:44.228-0400	debug	update state change	{"host": "127.0.0.1:63280", "shard-id": 1, "address": "127.0.0.1:63280", "wf-namespace-id": "d0b550e3-6091-4a9b-a9aa-3d80ffb24954", "wf-id": "temporal-sys-worker-deployment:rrentVersion_Batching-564e9892_deployment_series", "wf-run-id": "0195af0e-960d-715f-b6c6-08dcdf4b78ec", "update-id": "39857642-e39f-4b78-ab97-211e57e209b9", "from-state": "Sent", "to-state": "ProvisionallyAccepted", "logging-call-at": "/Users/shivamsaraf/Desktop/work/temporal/common/log/with_logger.go:61"}
2025-03-19T11:38:44.228-0400	debug	update state change	{"host": "127.0.0.1:63280", "shard-id": 1, "address": "127.0.0.1:63280", "wf-namespace-id": "d0b550e3-6091-4a9b-a9aa-3d80ffb24954", "wf-id": "temporal-sys-worker-deployment:rrentVersion_Batching-564e9892_deployment_series", "wf-run-id": "0195af0e-960d-715f-b6c6-08dcdf4b78ec", "update-id": "5c6ffcd0-4e1e-46df-b8ae-8b400d21eaec", "from-state": "Sent", "to-state": "ProvisionallyAccepted", "logging-call-at": "/Users/shivamsaraf/Desktop/work/temporal/common/log/with_logger.go:61"}
2025-03-19T11:38:44.228-0400	debug	update state change	{"host": "127.0.0.1:63280", "shard-id": 1, "address": "127.0.0.1:63280", "wf-namespace-id": "d0b550e3-6091-4a9b-a9aa-3d80ffb24954", "wf-id": "temporal-sys-worker-deployment:rrentVersion_Batching-564e9892_deployment_series", "wf-run-id": "0195af0e-960d-715f-b6c6-08dcdf4b78ec", "update-id": "43e06db3-3619-46f9-a2b1-e5e11157d908", "from-state": "Sent", "to-state": "ProvisionallyAccepted", "logging-call-at": "/Users/shivamsaraf/Desktop/work/temporal/common/log/with_logger.go:61"}
2025-03-19T11:38:44.228-0400	debug	update state change	{"host": "127.0.0.1:63280", "shard-id": 1, "address": "127.0.0.1:63280", "wf-namespace-id": "d0b550e3-6091-4a9b-a9aa-3d80ffb24954", "wf-id": "temporal-sys-worker-deployment:rrentVersion_Batching-564e9892_deployment_series", "wf-run-id": "0195af0e-960d-715f-b6c6-08dcdf4b78ec", "update-id": "0c93e254-d10a-4a54-bc70-88b3b78e71e9", "from-state": "Sent", "to-state": "ProvisionallyAccepted", "logging-call-at": "/Users/shivamsaraf/Desktop/work/temporal/common/log/with_logger.go:61"}
2025-03-19T11:38:44.228-0400	debug	update state change	{"host": "127.0.0.1:63280", "shard-id": 1, "address": "127.0.0.1:63280", "wf-namespace-id": "d0b550e3-6091-4a9b-a9aa-3d80ffb24954", "wf-id": "temporal-sys-worker-deployment:rrentVersion_Batching-564e9892_deployment_series", "wf-run-id": "0195af0e-960d-715f-b6c6-08dcdf4b78ec", "update-id": "fa94f501-9163-4772-9810-f4c1dc7df2b9", "from-state": "Sent", "to-state": "ProvisionallyAccepted", "logging-call-at": "/Users/shivamsaraf/Desktop/work/temporal/common/log/with_logger.go:61"}
2025-03-19T11:38:44.228-0400	debug	update state change	{"host": "127.0.0.1:63280", "shard-id": 1, "address": "127.0.0.1:63280", "wf-namespace-id": "d0b550e3-6091-4a9b-a9aa-3d80ffb24954", "wf-id": "temporal-sys-worker-deployment:rrentVersion_Batching-564e9892_deployment_series", "wf-run-id": "0195af0e-960d-715f-b6c6-08dcdf4b78ec", "update-id": "7932537f-98c5-477d-b4ab-2ca1d386c12f", "from-state": "Sent", "to-state": "ProvisionallyAccepted", "logging-call-at": "/Users/shivamsaraf/Desktop/work/temporal/common/log/with_logger.go:61"}
2025-03-19T11:38:44.228-0400	debug	update state change	{"host": "127.0.0.1:63280", "shard-id": 1, "address": "127.0.0.1:63280", "wf-namespace-id": "d0b550e3-6091-4a9b-a9aa-3d80ffb24954", "wf-id": "temporal-sys-worker-deployment:rrentVersion_Batching-564e9892_deployment_series", "wf-run-id": "0195af0e-960d-715f-b6c6-08dcdf4b78ec", "update-id": "48fccdc9-1ffd-406f-bf8f-2da635c8cdb3", "from-state": "Sent", "to-state": "ProvisionallyAccepted", "logging-call-at": "/Users/shivamsaraf/Desktop/work/temporal/common/log/with_logger.go:61"}
2025-03-19T11:38:44.228-0400	debug	update state change	{"host": "127.0.0.1:63280", "shard-id": 1, "address": "127.0.0.1:63280", "wf-namespace-id": "d0b550e3-6091-4a9b-a9aa-3d80ffb24954", "wf-id": "temporal-sys-worker-deployment:rrentVersion_Batching-564e9892_deployment_series", "wf-run-id": "0195af0e-960d-715f-b6c6-08dcdf4b78ec", "update-id": "fd30188f-c065-4aa1-8804-f789be417bf1", "from-state": "Sent", "to-state": "ProvisionallyAccepted", "logging-call-at": "/Users/shivamsaraf/Desktop/work/temporal/common/log/with_logger.go:61"}
2025-03-19T11:38:44.229-0400	debug	update state change	{"host": "127.0.0.1:63280", "shard-id": 1, "address": "127.0.0.1:63280", "wf-namespace-id": "d0b550e3-6091-4a9b-a9aa-3d80ffb24954", "wf-id": "temporal-sys-worker-deployment:rrentVersion_Batching-564e9892_deployment_series", "wf-run-id": "0195af0e-960d-715f-b6c6-08dcdf4b78ec", "update-id": "98fbf57f-ac90-4572-baa7-46f25d346d84", "from-state": "Sent", "to-state": "ProvisionallyAccepted", "logging-call-at": "/Users/shivamsaraf/Desktop/work/temporal/common/log/with_logger.go:61"}
2025-03-19T11:38:44.229-0400	debug	update state change	{"host": "127.0.0.1:63280", "shard-id": 1, "address": "127.0.0.1:63280", "wf-namespace-id": "d0b550e3-6091-4a9b-a9aa-3d80ffb24954", "wf-id": "temporal-sys-worker-deployment:rrentVersion_Batching-564e9892_deployment_series", "wf-run-id": "0195af0e-960d-715f-b6c6-08dcdf4b78ec", "update-id": "f24af414-ccc1-4fdf-a8e3-d0be5b7f98d3", "from-state": "Sent", "to-state": "ProvisionallyAccepted", "logging-call-at": "/Users/shivamsaraf/Desktop/work/temporal/common/log/with_logger.go:61"}
2025-03-19T11:38:44.229-0400	debug	update state change	{"host": "127.0.0.1:63280", "shard-id": 1, "address": "127.0.0.1:63280", "wf-namespace-id": "d0b550e3-6091-4a9b-a9aa-3d80ffb24954", "wf-id": "temporal-sys-worker-deployment:rrentVersion_Batching-564e9892_deployment_series", "wf-run-id": "0195af0e-960d-715f-b6c6-08dcdf4b78ec", "update-id": "280f93c4-1c97-43a0-a1f4-c8323b08c607", "from-state": "Sent", "to-state": "ProvisionallyAccepted", "logging-call-at": "/Users/shivamsaraf/Desktop/work/temporal/common/log/with_logger.go:61"}
2025-03-19T11:38:44.229-0400	debug	update state change	{"host": "127.0.0.1:63280", "shard-id": 1, "address": "127.0.0.1:63280", "wf-namespace-id": "d0b550e3-6091-4a9b-a9aa-3d80ffb24954", "wf-id": "temporal-sys-worker-deployment:rrentVersion_Batching-564e9892_deployment_series", "wf-run-id": "0195af0e-960d-715f-b6c6-08dcdf4b78ec", "update-id": "20348106-f3d1-4431-aeed-560101a6a101", "from-state": "Sent", "to-state": "ProvisionallyAccepted", "logging-call-at": "/Users/shivamsaraf/Desktop/work/temporal/common/log/with_logger.go:61"}
2025-03-19T11:38:44.229-0400	debug	update state change	{"host": "127.0.0.1:63280", "shard-id": 1, "address": "127.0.0.1:63280", "wf-namespace-id": "d0b550e3-6091-4a9b-a9aa-3d80ffb24954", "wf-id": "temporal-sys-worker-deployment:rrentVersion_Batching-564e9892_deployment_series", "wf-run-id": "0195af0e-960d-715f-b6c6-08dcdf4b78ec", "update-id": "557eef32-da18-44c2-8085-b1bdf10064ca", "from-state": "Sent", "to-state": "ProvisionallyAccepted", "logging-call-at": "/Users/shivamsaraf/Desktop/work/temporal/common/log/with_logger.go:61"}
2025-03-19T11:38:44.229-0400	debug	update state change	{"host": "127.0.0.1:63280", "shard-id": 1, "address": "127.0.0.1:63280", "wf-namespace-id": "d0b550e3-6091-4a9b-a9aa-3d80ffb24954", "wf-id": "temporal-sys-worker-deployment:rrentVersion_Batching-564e9892_deployment_series", "wf-run-id": "0195af0e-960d-715f-b6c6-08dcdf4b78ec", "update-id": "319c7e71-c714-42d4-93e5-bf88796829e4", "from-state": "Sent", "to-state": "ProvisionallyAccepted", "logging-call-at": "/Users/shivamsaraf/Desktop/work/temporal/common/log/with_logger.go:61"}
2025-03-19T11:38:44.229-0400	debug	update state change	{"host": "127.0.0.1:63280", "shard-id": 1, "address": "127.0.0.1:63280", "wf-namespace-id": "d0b550e3-6091-4a9b-a9aa-3d80ffb24954", "wf-id": "temporal-sys-worker-deployment:rrentVersion_Batching-564e9892_deployment_series", "wf-run-id": "0195af0e-960d-715f-b6c6-08dcdf4b78ec", "update-id": "2dc764cd-7bb4-4ef4-8a8d-e0c98a978be1", "from-state": "Sent", "to-state": "ProvisionallyAccepted", "logging-call-at": "/Users/shivamsaraf/Desktop/work/temporal/common/log/with_logger.go:61"}
2025-03-19T11:38:44.229-0400	debug	Assigning new task key	{"host": "127.0.0.1:63280", "shard-id": 1, "address": "127.0.0.1:63280", "wf-namespace-id": "d0b550e3-6091-4a9b-a9aa-3d80ffb24954", "wf-id": "temporal-sys-worker-deployment:rrentVersion_Batching-564e9892_deployment_series", "wf-run-id": "0195af0e-960d-715f-b6c6-08dcdf4b78ec", "queue-task-type": "VisibilityUpsertExecution", "queue-task-id": 1048650, "timestamp": "2025-03-19T15:38:44.229Z", "cursor-timestamp": "2025-03-19T15:38:44.610Z", "logging-call-at": "/Users/shivamsaraf/Desktop/work/temporal/common/log/with_logger.go:61"}
2025-03-19T11:38:44.229-0400	debug	Assigning new task key	{"host": "127.0.0.1:63280", "shard-id": 1, "address": "127.0.0.1:63280", "wf-namespace-id": "d0b550e3-6091-4a9b-a9aa-3d80ffb24954", "wf-id": "temporal-sys-worker-deployment:rrentVersion_Batching-564e9892_deployment_series", "wf-run-id": "0195af0e-960d-715f-b6c6-08dcdf4b78ec", "queue-task-type": "TransferActivityTask", "queue-task-id": 1048651, "timestamp": "2025-03-19T15:38:44.229Z", "cursor-timestamp": "2025-03-19T15:38:44.610Z", "logging-call-at": "/Users/shivamsaraf/Desktop/work/temporal/common/log/with_logger.go:61"}
2025-03-19T11:38:44.235-0400	debug	update state change	{"host": "127.0.0.1:63280", "shard-id": 1, "address": "127.0.0.1:63280", "wf-namespace-id": "d0b550e3-6091-4a9b-a9aa-3d80ffb24954", "wf-id": "temporal-sys-worker-deployment:rrentVersion_Batching-564e9892_deployment_series", "wf-run-id": "0195af0e-960d-715f-b6c6-08dcdf4b78ec", "update-id": "99d49536-da69-44f5-8785-a581f5cf7195", "from-state": "ProvisionallyAccepted", "to-state": "Accepted", "logging-call-at": "/Users/shivamsaraf/Desktop/work/temporal/common/log/with_logger.go:61"}
2025-03-19T11:38:44.235-0400	debug	update state change	{"host": "127.0.0.1:63280", "shard-id": 1, "address": "127.0.0.1:63280", "wf-namespace-id": "d0b550e3-6091-4a9b-a9aa-3d80ffb24954", "wf-id": "temporal-sys-worker-deployment:rrentVersion_Batching-564e9892_deployment_series", "wf-run-id": "0195af0e-960d-715f-b6c6-08dcdf4b78ec", "update-id": "efd6d16f-fabe-47ab-bfdc-4a35179cde45", "from-state": "ProvisionallyAccepted", "to-state": "Accepted", "logging-call-at": "/Users/shivamsaraf/Desktop/work/temporal/common/log/with_logger.go:61"}
2025-03-19T11:38:44.235-0400	debug	update state change	{"host": "127.0.0.1:63280", "shard-id": 1, "address": "127.0.0.1:63280", "wf-namespace-id": "d0b550e3-6091-4a9b-a9aa-3d80ffb24954", "wf-id": "temporal-sys-worker-deployment:rrentVersion_Batching-564e9892_deployment_series", "wf-run-id": "0195af0e-960d-715f-b6c6-08dcdf4b78ec", "update-id": "66636524-9b56-4fce-aafb-50ad1a620dc0", "from-state": "ProvisionallyAccepted", "to-state": "Accepted", "logging-call-at": "/Users/shivamsaraf/Desktop/work/temporal/common/log/with_logger.go:61"}
2025-03-19T11:38:44.235-0400	debug	update state change	{"host": "127.0.0.1:63280", "shard-id": 1, "address": "127.0.0.1:63280", "wf-namespace-id": "d0b550e3-6091-4a9b-a9aa-3d80ffb24954", "wf-id": "temporal-sys-worker-deployment:rrentVersion_Batching-564e9892_deployment_series", "wf-run-id": "0195af0e-960d-715f-b6c6-08dcdf4b78ec", "update-id": "51690446-6731-46d6-a1ef-a3a4cf2ed8d9", "from-state": "ProvisionallyAccepted", "to-state": "Accepted", "logging-call-at": "/Users/shivamsaraf/Desktop/work/temporal/common/log/with_logger.go:61"}
2025-03-19T11:38:44.235-0400	debug	update state change	{"host": "127.0.0.1:63280", "shard-id": 1, "address": "127.0.0.1:63280", "wf-namespace-id": "d0b550e3-6091-4a9b-a9aa-3d80ffb24954", "wf-id": "temporal-sys-worker-deployment:rrentVersion_Batching-564e9892_deployment_series", "wf-run-id": "0195af0e-960d-715f-b6c6-08dcdf4b78ec", "update-id": "87c63f8e-c44a-489d-8336-83e52d215ca9", "from-state": "ProvisionallyAccepted", "to-state": "Accepted", "logging-call-at": "/Users/shivamsaraf/Desktop/work/temporal/common/log/with_logger.go:61"}
2025-03-19T11:38:44.235-0400	debug	update state change	{"host": "127.0.0.1:63280", "shard-id": 1, "address": "127.0.0.1:63280", "wf-namespace-id": "d0b550e3-6091-4a9b-a9aa-3d80ffb24954", "wf-id": "temporal-sys-worker-deployment:rrentVersion_Batching-564e9892_deployment_series", "wf-run-id": "0195af0e-960d-715f-b6c6-08dcdf4b78ec", "update-id": "1174c555-dc6d-44d3-b61b-6a642cc728d1", "from-state": "ProvisionallyAccepted", "to-state": "Accepted", "logging-call-at": "/Users/shivamsaraf/Desktop/work/temporal/common/log/with_logger.go:61"}
2025-03-19T11:38:44.235-0400	debug	update state change	{"host": "127.0.0.1:63280", "shard-id": 1, "address": "127.0.0.1:63280", "wf-namespace-id": "d0b550e3-6091-4a9b-a9aa-3d80ffb24954", "wf-id": "temporal-sys-worker-deployment:rrentVersion_Batching-564e9892_deployment_series", "wf-run-id": "0195af0e-960d-715f-b6c6-08dcdf4b78ec", "update-id": "7a82e5d4-5ca9-4909-a1cc-1ed8157e4eb5", "from-state": "ProvisionallyAccepted", "to-state": "Accepted", "logging-call-at": "/Users/shivamsaraf/Desktop/work/temporal/common/log/with_logger.go:61"}
2025-03-19T11:38:44.235-0400	debug	update state change	{"host": "127.0.0.1:63280", "shard-id": 1, "address": "127.0.0.1:63280", "wf-namespace-id": "d0b550e3-6091-4a9b-a9aa-3d80ffb24954", "wf-id": "temporal-sys-worker-deployment:rrentVersion_Batching-564e9892_deployment_series", "wf-run-id": "0195af0e-960d-715f-b6c6-08dcdf4b78ec", "update-id": "c105565e-33ca-4ce5-bbae-9143a99839c1", "from-state": "ProvisionallyAccepted", "to-state": "Accepted", "logging-call-at": "/Users/shivamsaraf/Desktop/work/temporal/common/log/with_logger.go:61"}
2025-03-19T11:38:44.235-0400	debug	update state change	{"host": "127.0.0.1:63280", "shard-id": 1, "address": "127.0.0.1:63280", "wf-namespace-id": "d0b550e3-6091-4a9b-a9aa-3d80ffb24954", "wf-id": "temporal-sys-worker-deployment:rrentVersion_Batching-564e9892_deployment_series", "wf-run-id": "0195af0e-960d-715f-b6c6-08dcdf4b78ec", "update-id": "0d1a920b-8f1a-4409-b50f-56e42ce82b89", "from-state": "ProvisionallyAccepted", "to-state": "Accepted", "logging-call-at": "/Users/shivamsaraf/Desktop/work/temporal/common/log/with_logger.go:61"}
2025-03-19T11:38:44.235-0400	debug	update state change	{"host": "127.0.0.1:63280", "shard-id": 1, "address": "127.0.0.1:63280", "wf-namespace-id": "d0b550e3-6091-4a9b-a9aa-3d80ffb24954", "wf-id": "temporal-sys-worker-deployment:rrentVersion_Batching-564e9892_deployment_series", "wf-run-id": "0195af0e-960d-715f-b6c6-08dcdf4b78ec", "update-id": "40fc86d5-6226-4924-aa65-668931e9010f", "from-state": "ProvisionallyAccepted", "to-state": "Accepted", "logging-call-at": "/Users/shivamsaraf/Desktop/work/temporal/common/log/with_logger.go:61"}
2025-03-19T11:38:44.235-0400	debug	update state change	{"host": "127.0.0.1:63280", "shard-id": 1, "address": "127.0.0.1:63280", "wf-namespace-id": "d0b550e3-6091-4a9b-a9aa-3d80ffb24954", "wf-id": "temporal-sys-worker-deployment:rrentVersion_Batching-564e9892_deployment_series", "wf-run-id": "0195af0e-960d-715f-b6c6-08dcdf4b78ec", "update-id": "ea0527ef-6733-4fcf-ae7a-c3ad034fab46", "from-state": "ProvisionallyAccepted", "to-state": "Accepted", "logging-call-at": "/Users/shivamsaraf/Desktop/work/temporal/common/log/with_logger.go:61"}
2025-03-19T11:38:44.235-0400	debug	update state change	{"host": "127.0.0.1:63280", "shard-id": 1, "address": "127.0.0.1:63280", "wf-namespace-id": "d0b550e3-6091-4a9b-a9aa-3d80ffb24954", "wf-id": "temporal-sys-worker-deployment:rrentVersion_Batching-564e9892_deployment_series", "wf-run-id": "0195af0e-960d-715f-b6c6-08dcdf4b78ec", "update-id": "c34494a9-38b9-4608-aef4-c140d3f849bb", "from-state": "ProvisionallyAccepted", "to-state": "Accepted", "logging-call-at": "/Users/shivamsaraf/Desktop/work/temporal/common/log/with_logger.go:61"}
2025-03-19T11:38:44.235-0400	debug	update state change	{"host": "127.0.0.1:63280", "shard-id": 1, "address": "127.0.0.1:63280", "wf-namespace-id": "d0b550e3-6091-4a9b-a9aa-3d80ffb24954", "wf-id": "temporal-sys-worker-deployment:rrentVersion_Batching-564e9892_deployment_series", "wf-run-id": "0195af0e-960d-715f-b6c6-08dcdf4b78ec", "update-id": "5eee725c-4a09-4d74-a3c3-6d64c2683085", "from-state": "ProvisionallyAccepted", "to-state": "Accepted", "logging-call-at": "/Users/shivamsaraf/Desktop/work/temporal/common/log/with_logger.go:61"}
2025-03-19T11:38:44.235-0400	debug	update state change	{"host": "127.0.0.1:63280", "shard-id": 1, "address": "127.0.0.1:63280", "wf-namespace-id": "d0b550e3-6091-4a9b-a9aa-3d80ffb24954", "wf-id": "temporal-sys-worker-deployment:rrentVersion_Batching-564e9892_deployment_series", "wf-run-id": "0195af0e-960d-715f-b6c6-08dcdf4b78ec", "update-id": "fc0e739b-fa58-480b-b8d7-4d0425bc2db6", "from-state": "ProvisionallyAccepted", "to-state": "Accepted", "logging-call-at": "/Users/shivamsaraf/Desktop/work/temporal/common/log/with_logger.go:61"}
2025-03-19T11:38:44.235-0400	debug	update state change	{"host": "127.0.0.1:63280", "shard-id": 1, "address": "127.0.0.1:63280", "wf-namespace-id": "d0b550e3-6091-4a9b-a9aa-3d80ffb24954", "wf-id": "temporal-sys-worker-deployment:rrentVersion_Batching-564e9892_deployment_series", "wf-run-id": "0195af0e-960d-715f-b6c6-08dcdf4b78ec", "update-id": "3dec0fcd-14f3-4373-bc17-04ac2c734044", "from-state": "ProvisionallyAccepted", "to-state": "Accepted", "logging-call-at": "/Users/shivamsaraf/Desktop/work/temporal/common/log/with_logger.go:61"}
2025-03-19T11:38:44.235-0400	debug	update state change	{"host": "127.0.0.1:63280", "shard-id": 1, "address": "127.0.0.1:63280", "wf-namespace-id": "d0b550e3-6091-4a9b-a9aa-3d80ffb24954", "wf-id": "temporal-sys-worker-deployment:rrentVersion_Batching-564e9892_deployment_series", "wf-run-id": "0195af0e-960d-715f-b6c6-08dcdf4b78ec", "update-id": "b40d524d-961f-4213-b31c-31402f440efd", "from-state": "ProvisionallyAccepted", "to-state": "Accepted", "logging-call-at": "/Users/shivamsaraf/Desktop/work/temporal/common/log/with_logger.go:61"}
2025-03-19T11:38:44.235-0400	debug	update state change	{"host": "127.0.0.1:63280", "shard-id": 1, "address": "127.0.0.1:63280", "wf-namespace-id": "d0b550e3-6091-4a9b-a9aa-3d80ffb24954", "wf-id": "temporal-sys-worker-deployment:rrentVersion_Batching-564e9892_deployment_series", "wf-run-id": "0195af0e-960d-715f-b6c6-08dcdf4b78ec", "update-id": "c151f798-f9c4-4ae1-b818-82ad1000bc51", "from-state": "ProvisionallyAccepted", "to-state": "Accepted", "logging-call-at": "/Users/shivamsaraf/Desktop/work/temporal/common/log/with_logger.go:61"}
2025-03-19T11:38:44.235-0400	debug	update state change	{"host": "127.0.0.1:63280", "shard-id": 1, "address": "127.0.0.1:63280", "wf-namespace-id": "d0b550e3-6091-4a9b-a9aa-3d80ffb24954", "wf-id": "temporal-sys-worker-deployment:rrentVersion_Batching-564e9892_deployment_series", "wf-run-id": "0195af0e-960d-715f-b6c6-08dcdf4b78ec", "update-id": "1e572c41-7ea6-479e-8374-807d998a78df", "from-state": "ProvisionallyAccepted", "to-state": "Accepted", "logging-call-at": "/Users/shivamsaraf/Desktop/work/temporal/common/log/with_logger.go:61"}
2025-03-19T11:38:44.235-0400	debug	update state change	{"host": "127.0.0.1:63280", "shard-id": 1, "address": "127.0.0.1:63280", "wf-namespace-id": "d0b550e3-6091-4a9b-a9aa-3d80ffb24954", "wf-id": "temporal-sys-worker-deployment:rrentVersion_Batching-564e9892_deployment_series", "wf-run-id": "0195af0e-960d-715f-b6c6-08dcdf4b78ec", "update-id": "987217d9-e73b-45cf-91b5-dfcc9eaef6dc", "from-state": "ProvisionallyAccepted", "to-state": "Accepted", "logging-call-at": "/Users/shivamsaraf/Desktop/work/temporal/common/log/with_logger.go:61"}
2025-03-19T11:38:44.235-0400	debug	update state change	{"host": "127.0.0.1:63280", "shard-id": 1, "address": "127.0.0.1:63280", "wf-namespace-id": "d0b550e3-6091-4a9b-a9aa-3d80ffb24954", "wf-id": "temporal-sys-worker-deployment:rrentVersion_Batching-564e9892_deployment_series", "wf-run-id": "0195af0e-960d-715f-b6c6-08dcdf4b78ec", "update-id": "92938727-a666-41be-9404-32ca97b2ec5a", "from-state": "ProvisionallyAccepted", "to-state": "Accepted", "logging-call-at": "/Users/shivamsaraf/Desktop/work/temporal/common/log/with_logger.go:61"}
2025-03-19T11:38:44.235-0400	debug	update state change	{"host": "127.0.0.1:63280", "shard-id": 1, "address": "127.0.0.1:63280", "wf-namespace-id": "d0b550e3-6091-4a9b-a9aa-3d80ffb24954", "wf-id": "temporal-sys-worker-deployment:rrentVersion_Batching-564e9892_deployment_series", "wf-run-id": "0195af0e-960d-715f-b6c6-08dcdf4b78ec", "update-id": "ac6c8eef-bace-4b87-b87d-8f77b3e3b92d", "from-state": "ProvisionallyAccepted", "to-state": "Accepted", "logging-call-at": "/Users/shivamsaraf/Desktop/work/temporal/common/log/with_logger.go:61"}
2025-03-19T11:38:44.235-0400	debug	update state change	{"host": "127.0.0.1:63280", "shard-id": 1, "address": "127.0.0.1:63280", "wf-namespace-id": "d0b550e3-6091-4a9b-a9aa-3d80ffb24954", "wf-id": "temporal-sys-worker-deployment:rrentVersion_Batching-564e9892_deployment_series", "wf-run-id": "0195af0e-960d-715f-b6c6-08dcdf4b78ec", "update-id": "e1d04e2e-0be4-420b-8176-c54ea4849abf", "from-state": "ProvisionallyAccepted", "to-state": "Accepted", "logging-call-at": "/Users/shivamsaraf/Desktop/work/temporal/common/log/with_logger.go:61"}
2025-03-19T11:38:44.236-0400	debug	update state change	{"host": "127.0.0.1:63280", "shard-id": 1, "address": "127.0.0.1:63280", "wf-namespace-id": "d0b550e3-6091-4a9b-a9aa-3d80ffb24954", "wf-id": "temporal-sys-worker-deployment:rrentVersion_Batching-564e9892_deployment_series", "wf-run-id": "0195af0e-960d-715f-b6c6-08dcdf4b78ec", "update-id": "29835abf-2036-415f-9b24-f89a7959bd06", "from-state": "ProvisionallyAccepted", "to-state": "Accepted", "logging-call-at": "/Users/shivamsaraf/Desktop/work/temporal/common/log/with_logger.go:61"}
2025-03-19T11:38:44.236-0400	debug	update state change	{"host": "127.0.0.1:63280", "shard-id": 1, "address": "127.0.0.1:63280", "wf-namespace-id": "d0b550e3-6091-4a9b-a9aa-3d80ffb24954", "wf-id": "temporal-sys-worker-deployment:rrentVersion_Batching-564e9892_deployment_series", "wf-run-id": "0195af0e-960d-715f-b6c6-08dcdf4b78ec", "update-id": "a8f1eb17-6855-4795-926b-a0ea4553e07d", "from-state": "ProvisionallyAccepted", "to-state": "Accepted", "logging-call-at": "/Users/shivamsaraf/Desktop/work/temporal/common/log/with_logger.go:61"}
2025-03-19T11:38:44.236-0400	debug	update state change	{"host": "127.0.0.1:63280", "shard-id": 1, "address": "127.0.0.1:63280", "wf-namespace-id": "d0b550e3-6091-4a9b-a9aa-3d80ffb24954", "wf-id": "temporal-sys-worker-deployment:rrentVersion_Batching-564e9892_deployment_series", "wf-run-id": "0195af0e-960d-715f-b6c6-08dcdf4b78ec", "update-id": "dd8ac291-1c6d-40ec-b357-7677a4689ef3", "from-state": "ProvisionallyAccepted", "to-state": "Accepted", "logging-call-at": "/Users/shivamsaraf/Desktop/work/temporal/common/log/with_logger.go:61"}
2025-03-19T11:38:44.236-0400	debug	update state change	{"host": "127.0.0.1:63280", "shard-id": 1, "address": "127.0.0.1:63280", "wf-namespace-id": "d0b550e3-6091-4a9b-a9aa-3d80ffb24954", "wf-id": "temporal-sys-worker-deployment:rrentVersion_Batching-564e9892_deployment_series", "wf-run-id": "0195af0e-960d-715f-b6c6-08dcdf4b78ec", "update-id": "73874772-a972-4192-bc29-aab20397e64b", "from-state": "ProvisionallyAccepted", "to-state": "Accepted", "logging-call-at": "/Users/shivamsaraf/Desktop/work/temporal/common/log/with_logger.go:61"}
2025-03-19T11:38:44.236-0400	debug	update state change	{"host": "127.0.0.1:63280", "shard-id": 1, "address": "127.0.0.1:63280", "wf-namespace-id": "d0b550e3-6091-4a9b-a9aa-3d80ffb24954", "wf-id": "temporal-sys-worker-deployment:rrentVersion_Batching-564e9892_deployment_series", "wf-run-id": "0195af0e-960d-715f-b6c6-08dcdf4b78ec", "update-id": "c7f71060-e4c3-4e3e-b980-35a33a0f51d6", "from-state": "ProvisionallyAccepted", "to-state": "Accepted", "logging-call-at": "/Users/shivamsaraf/Desktop/work/temporal/common/log/with_logger.go:61"}
2025-03-19T11:38:44.236-0400	debug	update state change	{"host": "127.0.0.1:63280", "shard-id": 1, "address": "127.0.0.1:63280", "wf-namespace-id": "d0b550e3-6091-4a9b-a9aa-3d80ffb24954", "wf-id": "temporal-sys-worker-deployment:rrentVersion_Batching-564e9892_deployment_series", "wf-run-id": "0195af0e-960d-715f-b6c6-08dcdf4b78ec", "update-id": "37bf7d9d-11da-4cee-aed6-0ba5fe99dfd4", "from-state": "ProvisionallyAccepted", "to-state": "Accepted", "logging-call-at": "/Users/shivamsaraf/Desktop/work/temporal/common/log/with_logger.go:61"}
2025-03-19T11:38:44.236-0400	debug	update state change	{"host": "127.0.0.1:63280", "shard-id": 1, "address": "127.0.0.1:63280", "wf-namespace-id": "d0b550e3-6091-4a9b-a9aa-3d80ffb24954", "wf-id": "temporal-sys-worker-deployment:rrentVersion_Batching-564e9892_deployment_series", "wf-run-id": "0195af0e-960d-715f-b6c6-08dcdf4b78ec", "update-id": "3eab6cf8-d8c9-4243-ba72-71c1deb85821", "from-state": "ProvisionallyAccepted", "to-state": "Accepted", "logging-call-at": "/Users/shivamsaraf/Desktop/work/temporal/common/log/with_logger.go:61"}
2025-03-19T11:38:44.236-0400	debug	update state change	{"host": "127.0.0.1:63280", "shard-id": 1, "address": "127.0.0.1:63280", "wf-namespace-id": "d0b550e3-6091-4a9b-a9aa-3d80ffb24954", "wf-id": "temporal-sys-worker-deployment:rrentVersion_Batching-564e9892_deployment_series", "wf-run-id": "0195af0e-960d-715f-b6c6-08dcdf4b78ec", "update-id": "9c21dbe2-62d2-4aa3-8233-6dc7e2b2cf06", "from-state": "ProvisionallyAccepted", "to-state": "Accepted", "logging-call-at": "/Users/shivamsaraf/Desktop/work/temporal/common/log/with_logger.go:61"}
2025-03-19T11:38:44.236-0400	debug	update state change	{"host": "127.0.0.1:63280", "shard-id": 1, "address": "127.0.0.1:63280", "wf-namespace-id": "d0b550e3-6091-4a9b-a9aa-3d80ffb24954", "wf-id": "temporal-sys-worker-deployment:rrentVersion_Batching-564e9892_deployment_series", "wf-run-id": "0195af0e-960d-715f-b6c6-08dcdf4b78ec", "update-id": "a7ee590a-dc02-4b6f-b87b-f039316a5f73", "from-state": "ProvisionallyAccepted", "to-state": "Accepted", "logging-call-at": "/Users/shivamsaraf/Desktop/work/temporal/common/log/with_logger.go:61"}
2025-03-19T11:38:44.236-0400	debug	update state change	{"host": "127.0.0.1:63280", "shard-id": 1, "address": "127.0.0.1:63280", "wf-namespace-id": "d0b550e3-6091-4a9b-a9aa-3d80ffb24954", "wf-id": "temporal-sys-worker-deployment:rrentVersion_Batching-564e9892_deployment_series", "wf-run-id": "0195af0e-960d-715f-b6c6-08dcdf4b78ec", "update-id": "5e4ec173-39a4-4612-a708-bbd512c321e1", "from-state": "ProvisionallyAccepted", "to-state": "Accepted", "logging-call-at": "/Users/shivamsaraf/Desktop/work/temporal/common/log/with_logger.go:61"}
2025-03-19T11:38:44.236-0400	debug	update state change	{"host": "127.0.0.1:63280", "shard-id": 1, "address": "127.0.0.1:63280", "wf-namespace-id": "d0b550e3-6091-4a9b-a9aa-3d80ffb24954", "wf-id": "temporal-sys-worker-deployment:rrentVersion_Batching-564e9892_deployment_series", "wf-run-id": "0195af0e-960d-715f-b6c6-08dcdf4b78ec", "update-id": "ace1d476-5d82-4241-9ec4-edab86299532", "from-state": "ProvisionallyAccepted", "to-state": "Accepted", "logging-call-at": "/Users/shivamsaraf/Desktop/work/temporal/common/log/with_logger.go:61"}
2025-03-19T11:38:44.236-0400	debug	update state change	{"host": "127.0.0.1:63280", "shard-id": 1, "address": "127.0.0.1:63280", "wf-namespace-id": "d0b550e3-6091-4a9b-a9aa-3d80ffb24954", "wf-id": "temporal-sys-worker-deployment:rrentVersion_Batching-564e9892_deployment_series", "wf-run-id": "0195af0e-960d-715f-b6c6-08dcdf4b78ec", "update-id": "c3b97d0e-5447-4a39-84bc-c4588a2c3ec0", "from-state": "ProvisionallyAccepted", "to-state": "Accepted", "logging-call-at": "/Users/shivamsaraf/Desktop/work/temporal/common/log/with_logger.go:61"}
2025-03-19T11:38:44.236-0400	debug	update state change	{"host": "127.0.0.1:63280", "shard-id": 1, "address": "127.0.0.1:63280", "wf-namespace-id": "d0b550e3-6091-4a9b-a9aa-3d80ffb24954", "wf-id": "temporal-sys-worker-deployment:rrentVersion_Batching-564e9892_deployment_series", "wf-run-id": "0195af0e-960d-715f-b6c6-08dcdf4b78ec", "update-id": "a74b88b9-5211-42c5-ae19-231c02a855fa", "from-state": "ProvisionallyAccepted", "to-state": "Accepted", "logging-call-at": "/Users/shivamsaraf/Desktop/work/temporal/common/log/with_logger.go:61"}
2025-03-19T11:38:44.236-0400	debug	Process task as active.	{"host": "127.0.0.1:63280", "shard-id": 1, "address": "127.0.0.1:63280", "component": "transfer-queue-processor", "wf-namespace-id": "d0b550e3-6091-4a9b-a9aa-3d80ffb24954", "value": "d0b550e3-6091-4a9b-a9aa-3d80ffb24954/temporal-sys-worker-deployment:rrentVersion_Batching-564e9892_deployment_series/0195af0e-960d-715f-b6c6-08dcdf4b78ec", "logging-call-at": "/Users/shivamsaraf/Desktop/work/temporal/common/log/with_logger.go:61"}
2025-03-19T11:38:44.236-0400	debug	update state change	{"host": "127.0.0.1:63280", "shard-id": 1, "address": "127.0.0.1:63280", "wf-namespace-id": "d0b550e3-6091-4a9b-a9aa-3d80ffb24954", "wf-id": "temporal-sys-worker-deployment:rrentVersion_Batching-564e9892_deployment_series", "wf-run-id": "0195af0e-960d-715f-b6c6-08dcdf4b78ec", "update-id": "39857642-e39f-4b78-ab97-211e57e209b9", "from-state": "ProvisionallyAccepted", "to-state": "Accepted", "logging-call-at": "/Users/shivamsaraf/Desktop/work/temporal/common/log/with_logger.go:61"}
2025-03-19T11:38:44.236-0400	debug	update state change	{"host": "127.0.0.1:63280", "shard-id": 1, "address": "127.0.0.1:63280", "wf-namespace-id": "d0b550e3-6091-4a9b-a9aa-3d80ffb24954", "wf-id": "temporal-sys-worker-deployment:rrentVersion_Batching-564e9892_deployment_series", "wf-run-id": "0195af0e-960d-715f-b6c6-08dcdf4b78ec", "update-id": "5c6ffcd0-4e1e-46df-b8ae-8b400d21eaec", "from-state": "ProvisionallyAccepted", "to-state": "Accepted", "logging-call-at": "/Users/shivamsaraf/Desktop/work/temporal/common/log/with_logger.go:61"}
2025-03-19T11:38:44.236-0400	debug	update state change	{"host": "127.0.0.1:63280", "shard-id": 1, "address": "127.0.0.1:63280", "wf-namespace-id": "d0b550e3-6091-4a9b-a9aa-3d80ffb24954", "wf-id": "temporal-sys-worker-deployment:rrentVersion_Batching-564e9892_deployment_series", "wf-run-id": "0195af0e-960d-715f-b6c6-08dcdf4b78ec", "update-id": "43e06db3-3619-46f9-a2b1-e5e11157d908", "from-state": "ProvisionallyAccepted", "to-state": "Accepted", "logging-call-at": "/Users/shivamsaraf/Desktop/work/temporal/common/log/with_logger.go:61"}
2025-03-19T11:38:44.236-0400	debug	update state change	{"host": "127.0.0.1:63280", "shard-id": 1, "address": "127.0.0.1:63280", "wf-namespace-id": "d0b550e3-6091-4a9b-a9aa-3d80ffb24954", "wf-id": "temporal-sys-worker-deployment:rrentVersion_Batching-564e9892_deployment_series", "wf-run-id": "0195af0e-960d-715f-b6c6-08dcdf4b78ec", "update-id": "0c93e254-d10a-4a54-bc70-88b3b78e71e9", "from-state": "ProvisionallyAccepted", "to-state": "Accepted", "logging-call-at": "/Users/shivamsaraf/Desktop/work/temporal/common/log/with_logger.go:61"}
2025-03-19T11:38:44.236-0400	debug	update state change	{"host": "127.0.0.1:63280", "shard-id": 1, "address": "127.0.0.1:63280", "wf-namespace-id": "d0b550e3-6091-4a9b-a9aa-3d80ffb24954", "wf-id": "temporal-sys-worker-deployment:rrentVersion_Batching-564e9892_deployment_series", "wf-run-id": "0195af0e-960d-715f-b6c6-08dcdf4b78ec", "update-id": "fa94f501-9163-4772-9810-f4c1dc7df2b9", "from-state": "ProvisionallyAccepted", "to-state": "Accepted", "logging-call-at": "/Users/shivamsaraf/Desktop/work/temporal/common/log/with_logger.go:61"}
2025-03-19T11:38:44.236-0400	debug	update state change	{"host": "127.0.0.1:63280", "shard-id": 1, "address": "127.0.0.1:63280", "wf-namespace-id": "d0b550e3-6091-4a9b-a9aa-3d80ffb24954", "wf-id": "temporal-sys-worker-deployment:rrentVersion_Batching-564e9892_deployment_series", "wf-run-id": "0195af0e-960d-715f-b6c6-08dcdf4b78ec", "update-id": "7932537f-98c5-477d-b4ab-2ca1d386c12f", "from-state": "ProvisionallyAccepted", "to-state": "Accepted", "logging-call-at": "/Users/shivamsaraf/Desktop/work/temporal/common/log/with_logger.go:61"}
2025-03-19T11:38:44.236-0400	debug	update state change	{"host": "127.0.0.1:63280", "shard-id": 1, "address": "127.0.0.1:63280", "wf-namespace-id": "d0b550e3-6091-4a9b-a9aa-3d80ffb24954", "wf-id": "temporal-sys-worker-deployment:rrentVersion_Batching-564e9892_deployment_series", "wf-run-id": "0195af0e-960d-715f-b6c6-08dcdf4b78ec", "update-id": "48fccdc9-1ffd-406f-bf8f-2da635c8cdb3", "from-state": "ProvisionallyAccepted", "to-state": "Accepted", "logging-call-at": "/Users/shivamsaraf/Desktop/work/temporal/common/log/with_logger.go:61"}
2025-03-19T11:38:44.236-0400	debug	update state change	{"host": "127.0.0.1:63280", "shard-id": 1, "address": "127.0.0.1:63280", "wf-namespace-id": "d0b550e3-6091-4a9b-a9aa-3d80ffb24954", "wf-id": "temporal-sys-worker-deployment:rrentVersion_Batching-564e9892_deployment_series", "wf-run-id": "0195af0e-960d-715f-b6c6-08dcdf4b78ec", "update-id": "fd30188f-c065-4aa1-8804-f789be417bf1", "from-state": "ProvisionallyAccepted", "to-state": "Accepted", "logging-call-at": "/Users/shivamsaraf/Desktop/work/temporal/common/log/with_logger.go:61"}
2025-03-19T11:38:44.236-0400	debug	update state change	{"host": "127.0.0.1:63280", "shard-id": 1, "address": "127.0.0.1:63280", "wf-namespace-id": "d0b550e3-6091-4a9b-a9aa-3d80ffb24954", "wf-id": "temporal-sys-worker-deployment:rrentVersion_Batching-564e9892_deployment_series", "wf-run-id": "0195af0e-960d-715f-b6c6-08dcdf4b78ec", "update-id": "98fbf57f-ac90-4572-baa7-46f25d346d84", "from-state": "ProvisionallyAccepted", "to-state": "Accepted", "logging-call-at": "/Users/shivamsaraf/Desktop/work/temporal/common/log/with_logger.go:61"}
2025-03-19T11:38:44.236-0400	debug	update state change	{"host": "127.0.0.1:63280", "shard-id": 1, "address": "127.0.0.1:63280", "wf-namespace-id": "d0b550e3-6091-4a9b-a9aa-3d80ffb24954", "wf-id": "temporal-sys-worker-deployment:rrentVersion_Batching-564e9892_deployment_series", "wf-run-id": "0195af0e-960d-715f-b6c6-08dcdf4b78ec", "update-id": "f24af414-ccc1-4fdf-a8e3-d0be5b7f98d3", "from-state": "ProvisionallyAccepted", "to-state": "Accepted", "logging-call-at": "/Users/shivamsaraf/Desktop/work/temporal/common/log/with_logger.go:61"}
2025-03-19T11:38:44.236-0400	debug	update state change	{"host": "127.0.0.1:63280", "shard-id": 1, "address": "127.0.0.1:63280", "wf-namespace-id": "d0b550e3-6091-4a9b-a9aa-3d80ffb24954", "wf-id": "temporal-sys-worker-deployment:rrentVersion_Batching-564e9892_deployment_series", "wf-run-id": "0195af0e-960d-715f-b6c6-08dcdf4b78ec", "update-id": "280f93c4-1c97-43a0-a1f4-c8323b08c607", "from-state": "ProvisionallyAccepted", "to-state": "Accepted", "logging-call-at": "/Users/shivamsaraf/Desktop/work/temporal/common/log/with_logger.go:61"}
2025-03-19T11:38:44.236-0400	debug	update state change	{"host": "127.0.0.1:63280", "shard-id": 1, "address": "127.0.0.1:63280", "wf-namespace-id": "d0b550e3-6091-4a9b-a9aa-3d80ffb24954", "wf-id": "temporal-sys-worker-deployment:rrentVersion_Batching-564e9892_deployment_series", "wf-run-id": "0195af0e-960d-715f-b6c6-08dcdf4b78ec", "update-id": "20348106-f3d1-4431-aeed-560101a6a101", "from-state": "ProvisionallyAccepted", "to-state": "Accepted", "logging-call-at": "/Users/shivamsaraf/Desktop/work/temporal/common/log/with_logger.go:61"}
2025-03-19T11:38:44.236-0400	debug	update state change	{"host": "127.0.0.1:63280", "shard-id": 1, "address": "127.0.0.1:63280", "wf-namespace-id": "d0b550e3-6091-4a9b-a9aa-3d80ffb24954", "wf-id": "temporal-sys-worker-deployment:rrentVersion_Batching-564e9892_deployment_series", "wf-run-id": "0195af0e-960d-715f-b6c6-08dcdf4b78ec", "update-id": "557eef32-da18-44c2-8085-b1bdf10064ca", "from-state": "ProvisionallyAccepted", "to-state": "Accepted", "logging-call-at": "/Users/shivamsaraf/Desktop/work/temporal/common/log/with_logger.go:61"}
2025-03-19T11:38:44.236-0400	debug	update state change	{"host": "127.0.0.1:63280", "shard-id": 1, "address": "127.0.0.1:63280", "wf-namespace-id": "d0b550e3-6091-4a9b-a9aa-3d80ffb24954", "wf-id": "temporal-sys-worker-deployment:rrentVersion_Batching-564e9892_deployment_series", "wf-run-id": "0195af0e-960d-715f-b6c6-08dcdf4b78ec", "update-id": "319c7e71-c714-42d4-93e5-bf88796829e4", "from-state": "ProvisionallyAccepted", "to-state": "Accepted", "logging-call-at": "/Users/shivamsaraf/Desktop/work/temporal/common/log/with_logger.go:61"}
2025-03-19T11:38:44.236-0400	debug	update state change	{"host": "127.0.0.1:63280", "shard-id": 1, "address": "127.0.0.1:63280", "wf-namespace-id": "d0b550e3-6091-4a9b-a9aa-3d80ffb24954", "wf-id": "temporal-sys-worker-deployment:rrentVersion_Batching-564e9892_deployment_series", "wf-run-id": "0195af0e-960d-715f-b6c6-08dcdf4b78ec", "update-id": "2dc764cd-7bb4-4ef4-8a8d-e0c98a978be1", "from-state": "ProvisionallyAccepted", "to-state": "Accepted", "logging-call-at": "/Users/shivamsaraf/Desktop/work/temporal/common/log/with_logger.go:61"}
2025-03-19T11:38:44.237-0400	debug	deployment client success	{"host": "127.0.0.1:63278", "operation": "DescribeWorkerDeployment", "elapsed": 0.555086208, "args": ["rrentVersion_Batching-564e9892_deployment_series"], "logging-call-at": "/Users/shivamsaraf/Desktop/work/temporal/common/log/with_logger.go:61"}
2025-03-19T11:38:44.237-0400	debug	Assigning new task key	{"host": "127.0.0.1:63280", "shard-id": 1, "address": "127.0.0.1:63280", "wf-namespace-id": "d0b550e3-6091-4a9b-a9aa-3d80ffb24954", "wf-id": "temporal-sys-worker-deployment:rrentVersion_Batching-564e9892_deployment_series", "wf-run-id": "0195af0e-960d-715f-b6c6-08dcdf4b78ec", "queue-task-type": "ActivityTimeout", "queue-task-id": 1048652, "timestamp": "2025-03-19T15:39:44.238Z", "cursor-timestamp": "2025-03-19T15:38:45.235Z", "logging-call-at": "/Users/shivamsaraf/Desktop/work/temporal/common/log/with_logger.go:61"}
2025-03-19T11:38:44.254-0400	debug	Frontend method invoked.	{"host": "127.0.0.1:63278", "wf-namespace": "namespace-ec265ab4-426c-4316-a4b3-47fc66311932", "operation": "PollActivityTaskQueue", "server-name": "", "cert-thumbprint": "", "logging-call-at": "/Users/shivamsaraf/Desktop/work/temporal/common/log/with_logger.go:61"}
2025-03-19T11:38:44.254-0400	debug	Received PollActivityTaskQueue	{"host": "127.0.0.1:63278", "service": "frontend", "logging-call-at": "/Users/shivamsaraf/Desktop/work/temporal/common/log/with_logger.go:61"}
2025-03-19T11:38:44.257-0400	debug	Workflow task updated	{"host": "127.0.0.1:63280", "shard-id": 4, "address": "127.0.0.1:63280", "wf-scheduled-event-id": 2, "wf-started-event-id": 0, "workflow-task-request-id": "emptyUuid", "workflow-task-timeout": 10, "attempt": 1, "wf-started-timestamp": "0001-01-01T00:00:00.000Z", "wt-type": "Normal", "logging-call-at": "/Users/shivamsaraf/Desktop/work/temporal/common/log/with_logger.go:61"}
2025-03-19T11:38:44.257-0400	debug	update state change	{"host": "127.0.0.1:63280", "shard-id": 4, "address": "127.0.0.1:63280", "wf-namespace-id": "d0b550e3-6091-4a9b-a9aa-3d80ffb24954", "wf-id": "temporal-sys-worker-deployment-version:rrentVersion_Batching-564e9892_deployment_series.rrentVersion_Batching-564e9892_build_id", "wf-run-id": "0195af0e-98a0-7d94-93e5-2a1d2e5942f8", "update-id": "69f4d1c2-0d64-43ad-bbbb-71d3de086faa", "from-state": "Created", "to-state": "ProvisionallyAdmitted", "logging-call-at": "/Users/shivamsaraf/Desktop/work/temporal/common/log/with_logger.go:61"}
2025-03-19T11:38:44.257-0400	debug	update state change	{"host": "127.0.0.1:63280", "shard-id": 4, "address": "127.0.0.1:63280", "wf-namespace-id": "d0b550e3-6091-4a9b-a9aa-3d80ffb24954", "wf-id": "temporal-sys-worker-deployment-version:rrentVersion_Batching-564e9892_deployment_series.rrentVersion_Batching-564e9892_build_id", "wf-run-id": "0195af0e-98a0-7d94-93e5-2a1d2e5942f8", "update-id": "69f4d1c2-0d64-43ad-bbbb-71d3de086faa", "from-state": "ProvisionallyAdmitted", "to-state": "Admitted", "logging-call-at": "/Users/shivamsaraf/Desktop/work/temporal/common/log/with_logger.go:61"}
2025-03-19T11:38:44.257-0400	debug	Assigning new task key	{"host": "127.0.0.1:63280", "shard-id": 4, "address": "127.0.0.1:63280", "wf-namespace-id": "d0b550e3-6091-4a9b-a9aa-3d80ffb24954", "wf-id": "temporal-sys-worker-deployment-version:rrentVersion_Batching-564e9892_deployment_series.rrentVersion_Batching-564e9892_build_id", "wf-run-id": "0195af0e-98a0-7d94-93e5-2a1d2e5942f8", "queue-task-type": "VisibilityStartExecution", "queue-task-id": 1048579, "timestamp": "2025-03-19T15:38:44.257Z", "cursor-timestamp": "2025-03-19T15:38:44.257Z", "logging-call-at": "/Users/shivamsaraf/Desktop/work/temporal/common/log/with_logger.go:61"}
2025-03-19T11:38:44.257-0400	debug	Assigning new task key	{"host": "127.0.0.1:63280", "shard-id": 4, "address": "127.0.0.1:63280", "wf-namespace-id": "d0b550e3-6091-4a9b-a9aa-3d80ffb24954", "wf-id": "temporal-sys-worker-deployment-version:rrentVersion_Batching-564e9892_deployment_series.rrentVersion_Batching-564e9892_build_id", "wf-run-id": "0195af0e-98a0-7d94-93e5-2a1d2e5942f8", "queue-task-type": "TransferWorkflowTask", "queue-task-id": 1048580, "timestamp": "2025-03-19T15:38:44.257Z", "cursor-timestamp": "2025-03-19T15:38:44.257Z", "logging-call-at": "/Users/shivamsaraf/Desktop/work/temporal/common/log/with_logger.go:61"}
2025-03-19T11:38:44.261-0400	debug	Process task as active.	{"host": "127.0.0.1:63280", "shard-id": 4, "address": "127.0.0.1:63280", "component": "transfer-queue-processor", "wf-namespace-id": "d0b550e3-6091-4a9b-a9aa-3d80ffb24954", "value": "d0b550e3-6091-4a9b-a9aa-3d80ffb24954/temporal-sys-worker-deployment-version:rrentVersion_Batching-564e9892_deployment_series.rrentVersion_Batching-564e9892_build_id/0195af0e-98a0-7d94-93e5-2a1d2e5942f8", "logging-call-at": "/Users/shivamsaraf/Desktop/work/temporal/common/log/with_logger.go:61"}
2025-03-19T11:38:44.262-0400	debug	Workflow task updated	{"host": "127.0.0.1:63280", "shard-id": 4, "address": "127.0.0.1:63280", "wf-scheduled-event-id": 2, "wf-started-event-id": 3, "workflow-task-request-id": "4cf6b3f0-db96-449a-8a13-b956dc611f10", "workflow-task-timeout": 10, "attempt": 1, "wf-started-timestamp": "2025-03-19T15:38:44.262Z", "wt-type": "Normal", "logging-call-at": "/Users/shivamsaraf/Desktop/work/temporal/common/log/with_logger.go:61"}
2025-03-19T11:38:44.262-0400	debug	update state change	{"host": "127.0.0.1:63280", "shard-id": 4, "address": "127.0.0.1:63280", "wf-namespace-id": "d0b550e3-6091-4a9b-a9aa-3d80ffb24954", "wf-id": "temporal-sys-worker-deployment-version:rrentVersion_Batching-564e9892_deployment_series.rrentVersion_Batching-564e9892_build_id", "wf-run-id": "0195af0e-98a0-7d94-93e5-2a1d2e5942f8", "update-id": "69f4d1c2-0d64-43ad-bbbb-71d3de086faa", "from-state": "Admitted", "to-state": "Sent", "logging-call-at": "/Users/shivamsaraf/Desktop/work/temporal/common/log/with_logger.go:61"}
2025-03-19T11:38:44.262-0400	debug	Assigning new task key	{"host": "127.0.0.1:63280", "shard-id": 4, "address": "127.0.0.1:63280", "wf-namespace-id": "d0b550e3-6091-4a9b-a9aa-3d80ffb24954", "wf-id": "temporal-sys-worker-deployment-version:rrentVersion_Batching-564e9892_deployment_series.rrentVersion_Batching-564e9892_build_id", "wf-run-id": "0195af0e-98a0-7d94-93e5-2a1d2e5942f8", "queue-task-type": "WorkflowTaskTimeout", "queue-task-id": 1048583, "timestamp": "2025-03-19T15:38:54.263Z", "cursor-timestamp": "2025-03-19T15:38:45.260Z", "logging-call-at": "/Users/shivamsaraf/Desktop/work/temporal/common/log/with_logger.go:61"}
2025-03-19T11:38:44.272-0400	debug	Frontend method invoked.	{"host": "127.0.0.1:63278", "wf-namespace": "namespace-ec265ab4-426c-4316-a4b3-47fc66311932", "operation": "PollWorkflowTaskQueue", "server-name": "", "cert-thumbprint": "", "logging-call-at": "/Users/shivamsaraf/Desktop/work/temporal/common/log/with_logger.go:61"}
2025-03-19T11:38:44.272-0400	debug	Received PollWorkflowTaskQueue	{"host": "127.0.0.1:63278", "service": "frontend", "logging-call-at": "/Users/shivamsaraf/Desktop/work/temporal/common/log/with_logger.go:61"}
2025-03-19T11:38:44.272-0400	debug	Poll workflow task queue.	{"host": "127.0.0.1:63278", "service": "frontend", "wf-namespace": "namespace-ec265ab4-426c-4316-a4b3-47fc66311932", "wf-namespace-id": "d0b550e3-6091-4a9b-a9aa-3d80ffb24954", "logging-call-at": "/Users/shivamsaraf/Desktop/work/temporal/common/log/with_logger.go:61"}
2025-03-19T11:38:44.272-0400	debug	ExecuteActivity	{"host": "127.0.0.1:63281", "Namespace": "namespace-ec265ab4-426c-4316-a4b3-47fc66311932", "TaskQueue": "temporal-sys-per-ns-tq", "WorkerID": "temporal-system@Shivams-MacBook-Pro.local@namespace-ec265ab4-426c-4316-a4b3-47fc66311932", "WorkflowType": "temporal-sys-worker-deployment-version-workflow", "WorkflowID": "temporal-sys-worker-deployment-version:rrentVersion_Batching-564e9892_deployment_series.rrentVersion_Batching-564e9892_build_id", "RunID": "0195af0e-98a0-7d94-93e5-2a1d2e5942f8", "Attempt": 0, "ActivityID": "8", "ActivityType": "SyncDeploymentVersionUserData", "logging-call-at": "/Users/shivamsaraf/Desktop/work/temporal/common/log/with_logger.go:61"}
2025-03-19T11:38:44.272-0400	debug	SideEffect Marker added	{"host": "127.0.0.1:63281", "Namespace": "namespace-ec265ab4-426c-4316-a4b3-47fc66311932", "TaskQueue": "temporal-sys-per-ns-tq", "WorkerID": "temporal-system@Shivams-MacBook-Pro.local@namespace-ec265ab4-426c-4316-a4b3-47fc66311932", "WorkflowType": "temporal-sys-worker-deployment-version-workflow", "WorkflowID": "temporal-sys-worker-deployment-version:rrentVersion_Batching-564e9892_deployment_series.rrentVersion_Batching-564e9892_build_id", "RunID": "0195af0e-98a0-7d94-93e5-2a1d2e5942f8", "Attempt": 0, "SideEffectID": 1, "logging-call-at": "/Users/shivamsaraf/Desktop/work/temporal/common/log/with_logger.go:61"}
2025-03-19T11:38:44.272-0400	debug	ExecuteActivity	{"host": "127.0.0.1:63281", "Namespace": "namespace-ec265ab4-426c-4316-a4b3-47fc66311932", "TaskQueue": "temporal-sys-per-ns-tq", "WorkerID": "temporal-system@Shivams-MacBook-Pro.local@namespace-ec265ab4-426c-4316-a4b3-47fc66311932", "WorkflowType": "temporal-sys-worker-deployment-version-workflow", "WorkflowID": "temporal-sys-worker-deployment-version:rrentVersion_Batching-564e9892_deployment_series.rrentVersion_Batching-564e9892_build_id", "RunID": "0195af0e-98a0-7d94-93e5-2a1d2e5942f8", "Attempt": 0, "ActivityID": "10", "ActivityType": "StartWorkerDeploymentWorkflow", "logging-call-at": "/Users/shivamsaraf/Desktop/work/temporal/common/log/with_logger.go:61"}
2025-03-19T11:38:44.273-0400	debug	Frontend method invoked.	{"host": "127.0.0.1:63278", "wf-namespace": "namespace-ec265ab4-426c-4316-a4b3-47fc66311932", "operation": "RespondWorkflowTaskCompleted", "server-name": "", "cert-thumbprint": "", "logging-call-at": "/Users/shivamsaraf/Desktop/work/temporal/common/log/with_logger.go:61"}
2025-03-19T11:38:44.274-0400	debug	RespondWorkflowTaskCompleted	{"host": "127.0.0.1:63280", "service": "history", "wf-namespace-id": "d0b550e3-6091-4a9b-a9aa-3d80ffb24954", "wf-id": "temporal-sys-worker-deployment-version:rrentVersion_Batching-564e9892_deployment_series.rrentVersion_Batching-564e9892_build_id", "wf-run-id": "0195af0e-98a0-7d94-93e5-2a1d2e5942f8", "wf-scheduled-event-id": 2, "logging-call-at": "/Users/shivamsaraf/Desktop/work/temporal/common/log/with_logger.go:61"}
2025-03-19T11:38:44.274-0400	debug	Workflow task updated	{"host": "127.0.0.1:63280", "shard-id": 4, "address": "127.0.0.1:63280", "wf-scheduled-event-id": 0, "wf-started-event-id": 0, "workflow-task-request-id": "emptyUuid", "workflow-task-timeout": 0, "attempt": 1, "wf-started-timestamp": "1970-01-01T00:00:00.000Z", "wt-type": "Unspecified", "logging-call-at": "/Users/shivamsaraf/Desktop/work/temporal/common/log/with_logger.go:61"}
2025-03-19T11:38:44.274-0400	debug	update state change	{"host": "127.0.0.1:63280", "shard-id": 4, "address": "127.0.0.1:63280", "wf-namespace-id": "d0b550e3-6091-4a9b-a9aa-3d80ffb24954", "wf-id": "temporal-sys-worker-deployment-version:rrentVersion_Batching-564e9892_deployment_series.rrentVersion_Batching-564e9892_build_id", "wf-run-id": "0195af0e-98a0-7d94-93e5-2a1d2e5942f8", "update-id": "69f4d1c2-0d64-43ad-bbbb-71d3de086faa", "from-state": "Sent", "to-state": "ProvisionallyAccepted", "logging-call-at": "/Users/shivamsaraf/Desktop/work/temporal/common/log/with_logger.go:61"}
2025-03-19T11:38:44.276-0400	debug	Assigning new task key	{"host": "127.0.0.1:63280", "shard-id": 4, "address": "127.0.0.1:63280", "wf-namespace-id": "d0b550e3-6091-4a9b-a9aa-3d80ffb24954", "wf-id": "temporal-sys-worker-deployment-version:rrentVersion_Batching-564e9892_deployment_series.rrentVersion_Batching-564e9892_build_id", "wf-run-id": "0195af0e-98a0-7d94-93e5-2a1d2e5942f8", "queue-task-type": "VisibilityUpsertExecution", "queue-task-id": 1048593, "timestamp": "2025-03-19T15:38:44.276Z", "cursor-timestamp": "2025-03-19T15:38:45.260Z", "logging-call-at": "/Users/shivamsaraf/Desktop/work/temporal/common/log/with_logger.go:61"}
2025-03-19T11:38:44.276-0400	debug	Assigning new task key	{"host": "127.0.0.1:63280", "shard-id": 4, "address": "127.0.0.1:63280", "wf-namespace-id": "d0b550e3-6091-4a9b-a9aa-3d80ffb24954", "wf-id": "temporal-sys-worker-deployment-version:rrentVersion_Batching-564e9892_deployment_series.rrentVersion_Batching-564e9892_build_id", "wf-run-id": "0195af0e-98a0-7d94-93e5-2a1d2e5942f8", "queue-task-type": "TransferActivityTask", "queue-task-id": 1048594, "timestamp": "2025-03-19T15:38:44.276Z", "cursor-timestamp": "2025-03-19T15:38:45.260Z", "logging-call-at": "/Users/shivamsaraf/Desktop/work/temporal/common/log/with_logger.go:61"}
2025-03-19T11:38:44.276-0400	debug	Assigning new task key	{"host": "127.0.0.1:63280", "shard-id": 4, "address": "127.0.0.1:63280", "wf-namespace-id": "d0b550e3-6091-4a9b-a9aa-3d80ffb24954", "wf-id": "temporal-sys-worker-deployment-version:rrentVersion_Batching-564e9892_deployment_series.rrentVersion_Batching-564e9892_build_id", "wf-run-id": "0195af0e-98a0-7d94-93e5-2a1d2e5942f8", "queue-task-type": "TransferActivityTask", "queue-task-id": 1048595, "timestamp": "2025-03-19T15:38:44.276Z", "cursor-timestamp": "2025-03-19T15:38:45.260Z", "logging-call-at": "/Users/shivamsaraf/Desktop/work/temporal/common/log/with_logger.go:61"}
2025-03-19T11:38:44.279-0400	debug	update state change	{"host": "127.0.0.1:63280", "shard-id": 4, "address": "127.0.0.1:63280", "wf-namespace-id": "d0b550e3-6091-4a9b-a9aa-3d80ffb24954", "wf-id": "temporal-sys-worker-deployment-version:rrentVersion_Batching-564e9892_deployment_series.rrentVersion_Batching-564e9892_build_id", "wf-run-id": "0195af0e-98a0-7d94-93e5-2a1d2e5942f8", "update-id": "69f4d1c2-0d64-43ad-bbbb-71d3de086faa", "from-state": "ProvisionallyAccepted", "to-state": "Accepted", "logging-call-at": "/Users/shivamsaraf/Desktop/work/temporal/common/log/with_logger.go:61"}
2025-03-19T11:38:44.280-0400	debug	Process task as active.	{"host": "127.0.0.1:63280", "shard-id": 4, "address": "127.0.0.1:63280", "component": "transfer-queue-processor", "wf-namespace-id": "d0b550e3-6091-4a9b-a9aa-3d80ffb24954", "value": "d0b550e3-6091-4a9b-a9aa-3d80ffb24954/temporal-sys-worker-deployment-version:rrentVersion_Batching-564e9892_deployment_series.rrentVersion_Batching-564e9892_build_id/0195af0e-98a0-7d94-93e5-2a1d2e5942f8", "logging-call-at": "/Users/shivamsaraf/Desktop/work/temporal/common/log/with_logger.go:61"}
2025-03-19T11:38:44.280-0400	debug	Process task as active.	{"host": "127.0.0.1:63280", "shard-id": 4, "address": "127.0.0.1:63280", "component": "transfer-queue-processor", "wf-namespace-id": "d0b550e3-6091-4a9b-a9aa-3d80ffb24954", "value": "d0b550e3-6091-4a9b-a9aa-3d80ffb24954/temporal-sys-worker-deployment-version:rrentVersion_Batching-564e9892_deployment_series.rrentVersion_Batching-564e9892_build_id/0195af0e-98a0-7d94-93e5-2a1d2e5942f8", "logging-call-at": "/Users/shivamsaraf/Desktop/work/temporal/common/log/with_logger.go:61"}
2025-03-19T11:38:44.281-0400	debug	Assigning new task key	{"host": "127.0.0.1:63280", "shard-id": 4, "address": "127.0.0.1:63280", "wf-namespace-id": "d0b550e3-6091-4a9b-a9aa-3d80ffb24954", "wf-id": "temporal-sys-worker-deployment-version:rrentVersion_Batching-564e9892_deployment_series.rrentVersion_Batching-564e9892_build_id", "wf-run-id": "0195af0e-98a0-7d94-93e5-2a1d2e5942f8", "queue-task-type": "ActivityTimeout", "queue-task-id": 1048596, "timestamp": "2025-03-19T15:39:44.282Z", "cursor-timestamp": "2025-03-19T15:38:45.279Z", "logging-call-at": "/Users/shivamsaraf/Desktop/work/temporal/common/log/with_logger.go:61"}
2025-03-19T11:38:44.296-0400	info	starting worker-deployment workflow	{"host": "127.0.0.1:63281", "Namespace": "namespace-ec265ab4-426c-4316-a4b3-47fc66311932", "TaskQueue": "temporal-sys-per-ns-tq", "WorkerID": "temporal-system@Shivams-MacBook-Pro.local@namespace-ec265ab4-426c-4316-a4b3-47fc66311932", "ActivityID": "10", "ActivityType": "StartWorkerDeploymentWorkflow", "Attempt": 1, "WorkflowType": "temporal-sys-worker-deployment-version-workflow", "WorkflowID": "temporal-sys-worker-deployment-version:rrentVersion_Batching-564e9892_deployment_series.rrentVersion_Batching-564e9892_build_id", "RunID": "0195af0e-98a0-7d94-93e5-2a1d2e5942f8", "deploymentName": "rrentVersion_Batching-564e9892_deployment_series", "logging-call-at": "/Users/shivamsaraf/Desktop/work/temporal/common/log/with_logger.go:66"}
2025-03-19T11:38:44.296-0400	debug	Frontend method invoked.	{"host": "127.0.0.1:63278", "wf-namespace": "namespace-ec265ab4-426c-4316-a4b3-47fc66311932", "operation": "PollActivityTaskQueue", "server-name": "", "cert-thumbprint": "", "logging-call-at": "/Users/shivamsaraf/Desktop/work/temporal/common/log/with_logger.go:61"}
2025-03-19T11:38:44.296-0400	debug	Received PollActivityTaskQueue	{"host": "127.0.0.1:63278", "service": "frontend", "logging-call-at": "/Users/shivamsaraf/Desktop/work/temporal/common/log/with_logger.go:61"}
2025-03-19T11:38:44.299-0400	info	syncing task queue userdata for deployment version	{"host": "127.0.0.1:63281", "Namespace": "namespace-ec265ab4-426c-4316-a4b3-47fc66311932", "TaskQueue": "temporal-sys-per-ns-tq", "WorkerID": "temporal-system@Shivams-MacBook-Pro.local@namespace-ec265ab4-426c-4316-a4b3-47fc66311932", "ActivityID": "8", "ActivityType": "SyncDeploymentVersionUserData", "Attempt": 1, "WorkflowType": "temporal-sys-worker-deployment-version-workflow", "WorkflowID": "temporal-sys-worker-deployment-version:rrentVersion_Batching-564e9892_deployment_series.rrentVersion_Batching-564e9892_build_id", "RunID": "0195af0e-98a0-7d94-93e5-2a1d2e5942f8", "taskQueue": "rrentVersion_Batching-564e9892_task_queue_22", "types": [1], "logging-call-at": "/Users/shivamsaraf/Desktop/work/temporal/common/log/with_logger.go:66"}
2025-03-19T11:38:44.299-0400	debug	Frontend method invoked.	{"host": "127.0.0.1:63278", "wf-namespace": "namespace-ec265ab4-426c-4316-a4b3-47fc66311932", "operation": "PollActivityTaskQueue", "server-name": "", "cert-thumbprint": "", "logging-call-at": "/Users/shivamsaraf/Desktop/work/temporal/common/log/with_logger.go:61"}
2025-03-19T11:38:44.299-0400	debug	Received PollActivityTaskQueue	{"host": "127.0.0.1:63278", "service": "frontend", "logging-call-at": "/Users/shivamsaraf/Desktop/work/temporal/common/log/with_logger.go:61"}
2025-03-19T11:38:44.303-0400	debug	deployment client success	{"host": "127.0.0.1:63281", "operation": "ListWorkerDeployments", "elapsed": 0.007196041, "args": null, "logging-call-at": "/Users/shivamsaraf/Desktop/work/temporal/common/log/with_logger.go:61"}
2025-03-19T11:38:44.304-0400	debug	Workflow task updated	{"host": "127.0.0.1:63280", "shard-id": 1, "address": "127.0.0.1:63280", "wf-scheduled-event-id": 2, "wf-started-event-id": 0, "workflow-task-request-id": "emptyUuid", "workflow-task-timeout": 10, "attempt": 1, "wf-started-timestamp": "0001-01-01T00:00:00.000Z", "wt-type": "Normal", "logging-call-at": "/Users/shivamsaraf/Desktop/work/temporal/common/log/with_logger.go:61"}
2025-03-19T11:38:44.304-0400	debug	Assigning new task key	{"host": "127.0.0.1:63280", "shard-id": 1, "address": "127.0.0.1:63280", "wf-namespace-id": "d0b550e3-6091-4a9b-a9aa-3d80ffb24954", "wf-id": "temporal-sys-worker-deployment:rrentVersion_Batching-564e9892_deployment_series", "wf-run-id": "0195af0e-98d0-7294-bf29-9e22dd40b3ea", "queue-task-type": "TransferWorkflowTask", "queue-task-id": 1048657, "timestamp": "2025-03-19T15:38:44.304Z", "cursor-timestamp": "2025-03-19T15:38:45.235Z", "logging-call-at": "/Users/shivamsaraf/Desktop/work/temporal/common/log/with_logger.go:61"}
2025-03-19T11:38:44.304-0400	debug	Assigning new task key	{"host": "127.0.0.1:63280", "shard-id": 1, "address": "127.0.0.1:63280", "wf-namespace-id": "d0b550e3-6091-4a9b-a9aa-3d80ffb24954", "wf-id": "temporal-sys-worker-deployment:rrentVersion_Batching-564e9892_deployment_series", "wf-run-id": "0195af0e-98d0-7294-bf29-9e22dd40b3ea", "queue-task-type": "VisibilityStartExecution", "queue-task-id": 1048658, "timestamp": "2025-03-19T15:38:44.304Z", "cursor-timestamp": "2025-03-19T15:38:45.235Z", "logging-call-at": "/Users/shivamsaraf/Desktop/work/temporal/common/log/with_logger.go:61"}
2025-03-19T11:38:44.306-0400	debug	deployment client success	{"host": "127.0.0.1:63281", "operation": "StartWorkerDeployment", "elapsed": 0.010189209, "args": ["namespace-ec265ab4-426c-4316-a4b3-47fc66311932","rrentVersion_Batching-564e9892_deployment_series","deployment-version workflow temporal-sys-worker-deployment-version:rrentVersion_Batching-564e9892_deployment_series.rrentVersion_Batching-564e9892_build_id"], "logging-call-at": "/Users/shivamsaraf/Desktop/work/temporal/common/log/with_logger.go:61"}
2025-03-19T11:38:44.307-0400	debug	Frontend method invoked.	{"host": "127.0.0.1:63278", "wf-namespace": "namespace-ec265ab4-426c-4316-a4b3-47fc66311932", "operation": "RespondActivityTaskCompleted", "server-name": "", "cert-thumbprint": "", "logging-call-at": "/Users/shivamsaraf/Desktop/work/temporal/common/log/with_logger.go:61"}
2025-03-19T11:38:44.307-0400	debug	Workflow task updated	{"host": "127.0.0.1:63280", "shard-id": 4, "address": "127.0.0.1:63280", "wf-scheduled-event-id": 13, "wf-started-event-id": 0, "workflow-task-request-id": "emptyUuid", "workflow-task-timeout": 10, "attempt": 1, "wf-started-timestamp": "0001-01-01T00:00:00.000Z", "wt-type": "Normal", "logging-call-at": "/Users/shivamsaraf/Desktop/work/temporal/common/log/with_logger.go:61"}
2025-03-19T11:38:44.307-0400	debug	Assigning new task key	{"host": "127.0.0.1:63280", "shard-id": 4, "address": "127.0.0.1:63280", "wf-namespace-id": "d0b550e3-6091-4a9b-a9aa-3d80ffb24954", "wf-id": "temporal-sys-worker-deployment-version:rrentVersion_Batching-564e9892_deployment_series.rrentVersion_Batching-564e9892_build_id", "wf-run-id": "0195af0e-98a0-7d94-93e5-2a1d2e5942f8", "queue-task-type": "WorkflowTaskTimeout", "queue-task-id": 1048603, "timestamp": "2025-03-19T15:38:49.308Z", "cursor-timestamp": "2025-03-19T15:38:45.279Z", "logging-call-at": "/Users/shivamsaraf/Desktop/work/temporal/common/log/with_logger.go:61"}
2025-03-19T11:38:44.307-0400	debug	Assigning new task key	{"host": "127.0.0.1:63280", "shard-id": 4, "address": "127.0.0.1:63280", "wf-namespace-id": "d0b550e3-6091-4a9b-a9aa-3d80ffb24954", "wf-id": "temporal-sys-worker-deployment-version:rrentVersion_Batching-564e9892_deployment_series.rrentVersion_Batching-564e9892_build_id", "wf-run-id": "0195af0e-98a0-7d94-93e5-2a1d2e5942f8", "queue-task-type": "ActivityTimeout", "queue-task-id": 1048604, "timestamp": "2025-03-19T15:39:44.296Z", "cursor-timestamp": "2025-03-19T15:38:45.279Z", "logging-call-at": "/Users/shivamsaraf/Desktop/work/temporal/common/log/with_logger.go:61"}
2025-03-19T11:38:44.307-0400	debug	Assigning new task key	{"host": "127.0.0.1:63280", "shard-id": 4, "address": "127.0.0.1:63280", "wf-namespace-id": "d0b550e3-6091-4a9b-a9aa-3d80ffb24954", "wf-id": "temporal-sys-worker-deployment-version:rrentVersion_Batching-564e9892_deployment_series.rrentVersion_Batching-564e9892_build_id", "wf-run-id": "0195af0e-98a0-7d94-93e5-2a1d2e5942f8", "queue-task-type": "TransferWorkflowTask", "queue-task-id": 1048605, "timestamp": "2025-03-19T15:38:44.307Z", "cursor-timestamp": "2025-03-19T15:38:45.279Z", "logging-call-at": "/Users/shivamsaraf/Desktop/work/temporal/common/log/with_logger.go:61"}
2025-03-19T11:38:44.311-0400	debug	Process task as active.	{"host": "127.0.0.1:63280", "shard-id": 4, "address": "127.0.0.1:63280", "component": "transfer-queue-processor", "wf-namespace-id": "d0b550e3-6091-4a9b-a9aa-3d80ffb24954", "value": "d0b550e3-6091-4a9b-a9aa-3d80ffb24954/temporal-sys-worker-deployment-version:rrentVersion_Batching-564e9892_deployment_series.rrentVersion_Batching-564e9892_build_id/0195af0e-98a0-7d94-93e5-2a1d2e5942f8", "logging-call-at": "/Users/shivamsaraf/Desktop/work/temporal/common/log/with_logger.go:61"}
2025-03-19T11:38:44.312-0400	debug	Workflow task updated	{"host": "127.0.0.1:63280", "shard-id": 4, "address": "127.0.0.1:63280", "wf-scheduled-event-id": 13, "wf-started-event-id": 14, "workflow-task-request-id": "6ee3a80f-6ac6-4a36-b535-663b3711a69b", "workflow-task-timeout": 10, "attempt": 1, "wf-started-timestamp": "2025-03-19T15:38:44.312Z", "wt-type": "Normal", "logging-call-at": "/Users/shivamsaraf/Desktop/work/temporal/common/log/with_logger.go:61"}
2025-03-19T11:38:44.312-0400	debug	Assigning new task key	{"host": "127.0.0.1:63280", "shard-id": 4, "address": "127.0.0.1:63280", "wf-namespace-id": "d0b550e3-6091-4a9b-a9aa-3d80ffb24954", "wf-id": "temporal-sys-worker-deployment-version:rrentVersion_Batching-564e9892_deployment_series.rrentVersion_Batching-564e9892_build_id", "wf-run-id": "0195af0e-98a0-7d94-93e5-2a1d2e5942f8", "queue-task-type": "WorkflowTaskTimeout", "queue-task-id": 1048608, "timestamp": "2025-03-19T15:38:54.313Z", "cursor-timestamp": "2025-03-19T15:38:45.311Z", "logging-call-at": "/Users/shivamsaraf/Desktop/work/temporal/common/log/with_logger.go:61"}
2025-03-19T11:38:44.319-0400	debug	Frontend method invoked.	{"host": "127.0.0.1:63278", "wf-namespace": "namespace-ec265ab4-426c-4316-a4b3-47fc66311932", "operation": "PollWorkflowTaskQueue", "server-name": "", "cert-thumbprint": "", "logging-call-at": "/Users/shivamsaraf/Desktop/work/temporal/common/log/with_logger.go:61"}
2025-03-19T11:38:44.319-0400	debug	Received PollWorkflowTaskQueue	{"host": "127.0.0.1:63278", "service": "frontend", "logging-call-at": "/Users/shivamsaraf/Desktop/work/temporal/common/log/with_logger.go:61"}
2025-03-19T11:38:44.319-0400	debug	Poll workflow task queue.	{"host": "127.0.0.1:63278", "service": "frontend", "wf-namespace": "namespace-ec265ab4-426c-4316-a4b3-47fc66311932", "wf-namespace-id": "d0b550e3-6091-4a9b-a9aa-3d80ffb24954", "logging-call-at": "/Users/shivamsaraf/Desktop/work/temporal/common/log/with_logger.go:61"}
2025-03-19T11:38:44.320-0400	debug	Frontend method invoked.	{"host": "127.0.0.1:63278", "wf-namespace": "namespace-ec265ab4-426c-4316-a4b3-47fc66311932", "operation": "RespondWorkflowTaskCompleted", "server-name": "", "cert-thumbprint": "", "logging-call-at": "/Users/shivamsaraf/Desktop/work/temporal/common/log/with_logger.go:61"}
2025-03-19T11:38:44.320-0400	debug	RespondWorkflowTaskCompleted	{"host": "127.0.0.1:63280", "service": "history", "wf-namespace-id": "d0b550e3-6091-4a9b-a9aa-3d80ffb24954", "wf-id": "temporal-sys-worker-deployment-version:rrentVersion_Batching-564e9892_deployment_series.rrentVersion_Batching-564e9892_build_id", "wf-run-id": "0195af0e-98a0-7d94-93e5-2a1d2e5942f8", "wf-scheduled-event-id": 13, "logging-call-at": "/Users/shivamsaraf/Desktop/work/temporal/common/log/with_logger.go:61"}
2025-03-19T11:38:44.320-0400	debug	Workflow task updated	{"host": "127.0.0.1:63280", "shard-id": 4, "address": "127.0.0.1:63280", "wf-scheduled-event-id": 0, "wf-started-event-id": 0, "workflow-task-request-id": "emptyUuid", "workflow-task-timeout": 0, "attempt": 1, "wf-started-timestamp": "1970-01-01T00:00:00.000Z", "wt-type": "Unspecified", "logging-call-at": "/Users/shivamsaraf/Desktop/work/temporal/common/log/with_logger.go:61"}
2025-03-19T11:38:44.401-0400	info	Quota changed	{"host": "127.0.0.1:63279", "service": "matching", "component": "persistence", "scope": "namespace", "wf-namespace": "d0b550e3-6091-4a9b-a9aa-3d80ffb24954", "current-quota": null, "new-quota": 0, "logging-call-at": "/Users/shivamsaraf/Desktop/work/temporal/common/log/with_logger.go:66"}
2025-03-19T11:38:44.402-0400	info	modified user data	{"host": "127.0.0.1:63279", "component": "matching-engine", "wf-task-queue-name": "rrentVersion_Batching-564e9892_task_queue_22", "wf-task-queue-type": "Workflow", "wf-namespace": "namespace-ec265ab4-426c-4316-a4b3-47fc66311932", "user-data-update-source": "SyncDeploymentUserData", "user-data-version": 1, "timestamp": "2025-03-19T15:38:44.300Z", "logging-call-at": "/Users/shivamsaraf/Desktop/work/temporal/common/log/with_logger.go:66"}
2025-03-19T11:38:44.402-0400	debug	user data changed while blocked in long poll	{"host": "127.0.0.1:63279", "component": "matching-engine", "wf-task-queue-name": "rrentVersion_Batching-564e9892_task_queue_22", "wf-task-queue-type": "Workflow", "wf-namespace": "namespace-ec265ab4-426c-4316-a4b3-47fc66311932", "logging-call-at": "/Users/shivamsaraf/Desktop/work/temporal/common/log/with_logger.go:61"}
2025-03-19T11:38:44.402-0400	debug	user data changed while blocked in long poll	{"host": "127.0.0.1:63279", "component": "matching-engine", "wf-task-queue-name": "rrentVersion_Batching-564e9892_task_queue_22", "wf-task-queue-type": "Workflow", "wf-namespace": "namespace-ec265ab4-426c-4316-a4b3-47fc66311932", "logging-call-at": "/Users/shivamsaraf/Desktop/work/temporal/common/log/with_logger.go:61"}
2025-03-19T11:38:44.402-0400	debug	user data changed while blocked in long poll	{"host": "127.0.0.1:63279", "component": "matching-engine", "wf-task-queue-name": "rrentVersion_Batching-564e9892_task_queue_22", "wf-task-queue-type": "Workflow", "wf-namespace": "namespace-ec265ab4-426c-4316-a4b3-47fc66311932", "logging-call-at": "/Users/shivamsaraf/Desktop/work/temporal/common/log/with_logger.go:61"}
2025-03-19T11:38:44.402-0400	info	returning user data	{"host": "127.0.0.1:63279", "component": "matching-engine", "wf-task-queue-name": "rrentVersion_Batching-564e9892_task_queue_22", "wf-task-queue-type": "Workflow", "wf-namespace": "namespace-ec265ab4-426c-4316-a4b3-47fc66311932", "long-poll": true, "request-known-version": 0, "user-data-version": 1, "logging-call-at": "/Users/shivamsaraf/Desktop/work/temporal/common/log/with_logger.go:66"}
2025-03-19T11:38:44.402-0400	info	returning user data	{"host": "127.0.0.1:63279", "component": "matching-engine", "wf-task-queue-name": "rrentVersion_Batching-564e9892_task_queue_22", "wf-task-queue-type": "Workflow", "wf-namespace": "namespace-ec265ab4-426c-4316-a4b3-47fc66311932", "long-poll": true, "request-known-version": 0, "user-data-version": 1, "logging-call-at": "/Users/shivamsaraf/Desktop/work/temporal/common/log/with_logger.go:66"}
2025-03-19T11:38:44.402-0400	info	returning user data	{"host": "127.0.0.1:63279", "component": "matching-engine", "wf-task-queue-name": "rrentVersion_Batching-564e9892_task_queue_22", "wf-task-queue-type": "Workflow", "wf-namespace": "namespace-ec265ab4-426c-4316-a4b3-47fc66311932", "long-poll": true, "request-known-version": 0, "user-data-version": 1, "logging-call-at": "/Users/shivamsaraf/Desktop/work/temporal/common/log/with_logger.go:66"}
2025-03-19T11:38:44.403-0400	info	fetched user data from parent	{"host": "127.0.0.1:63279", "component": "matching-engine", "wf-task-queue-name": "/_sys/rrentVersion_Batching-564e9892_task_queue_22/3", "wf-task-queue-type": "Workflow", "wf-namespace": "namespace-ec265ab4-426c-4316-a4b3-47fc66311932", "user-data-version": 1, "timestamp": "2025-03-19T15:38:44.300Z", "logging-call-at": "/Users/shivamsaraf/Desktop/work/temporal/common/log/with_logger.go:66"}
2025-03-19T11:38:44.403-0400	info	fetched user data from parent	{"host": "127.0.0.1:63279", "component": "matching-engine", "wf-task-queue-name": "/_sys/rrentVersion_Batching-564e9892_task_queue_22/2", "wf-task-queue-type": "Workflow", "wf-namespace": "namespace-ec265ab4-426c-4316-a4b3-47fc66311932", "user-data-version": 1, "timestamp": "2025-03-19T15:38:44.300Z", "logging-call-at": "/Users/shivamsaraf/Desktop/work/temporal/common/log/with_logger.go:66"}
2025-03-19T11:38:44.403-0400	info	fetched user data from parent	{"host": "127.0.0.1:63279", "component": "matching-engine", "wf-task-queue-name": "/_sys/rrentVersion_Batching-564e9892_task_queue_22/1", "wf-task-queue-type": "Workflow", "wf-namespace": "namespace-ec265ab4-426c-4316-a4b3-47fc66311932", "user-data-version": 1, "timestamp": "2025-03-19T15:38:44.300Z", "logging-call-at": "/Users/shivamsaraf/Desktop/work/temporal/common/log/with_logger.go:66"}
2025-03-19T11:38:44.403-0400	debug	Frontend method invoked.	{"host": "127.0.0.1:63278", "wf-namespace": "namespace-ec265ab4-426c-4316-a4b3-47fc66311932", "operation": "RespondActivityTaskCompleted", "server-name": "", "cert-thumbprint": "", "logging-call-at": "/Users/shivamsaraf/Desktop/work/temporal/common/log/with_logger.go:61"}
2025-03-19T11:38:44.404-0400	debug	Workflow task updated	{"host": "127.0.0.1:63280", "shard-id": 4, "address": "127.0.0.1:63280", "wf-scheduled-event-id": 18, "wf-started-event-id": 0, "workflow-task-request-id": "emptyUuid", "workflow-task-timeout": 10, "attempt": 1, "wf-started-timestamp": "0001-01-01T00:00:00.000Z", "wt-type": "Normal", "logging-call-at": "/Users/shivamsaraf/Desktop/work/temporal/common/log/with_logger.go:61"}
2025-03-19T11:38:44.404-0400	debug	Assigning new task key	{"host": "127.0.0.1:63280", "shard-id": 4, "address": "127.0.0.1:63280", "wf-namespace-id": "d0b550e3-6091-4a9b-a9aa-3d80ffb24954", "wf-id": "temporal-sys-worker-deployment-version:rrentVersion_Batching-564e9892_deployment_series.rrentVersion_Batching-564e9892_build_id", "wf-run-id": "0195af0e-98a0-7d94-93e5-2a1d2e5942f8", "queue-task-type": "WorkflowTaskTimeout", "queue-task-id": 1048616, "timestamp": "2025-03-19T15:38:49.405Z", "cursor-timestamp": "2025-03-19T15:38:45.311Z", "logging-call-at": "/Users/shivamsaraf/Desktop/work/temporal/common/log/with_logger.go:61"}
2025-03-19T11:38:44.404-0400	debug	Assigning new task key	{"host": "127.0.0.1:63280", "shard-id": 4, "address": "127.0.0.1:63280", "wf-namespace-id": "d0b550e3-6091-4a9b-a9aa-3d80ffb24954", "wf-id": "temporal-sys-worker-deployment-version:rrentVersion_Batching-564e9892_deployment_series.rrentVersion_Batching-564e9892_build_id", "wf-run-id": "0195af0e-98a0-7d94-93e5-2a1d2e5942f8", "queue-task-type": "TransferWorkflowTask", "queue-task-id": 1048617, "timestamp": "2025-03-19T15:38:44.404Z", "cursor-timestamp": "2025-03-19T15:38:45.311Z", "logging-call-at": "/Users/shivamsaraf/Desktop/work/temporal/common/log/with_logger.go:61"}
2025-03-19T11:38:44.409-0400	debug	Process task as active.	{"host": "127.0.0.1:63280", "shard-id": 4, "address": "127.0.0.1:63280", "component": "transfer-queue-processor", "wf-namespace-id": "d0b550e3-6091-4a9b-a9aa-3d80ffb24954", "value": "d0b550e3-6091-4a9b-a9aa-3d80ffb24954/temporal-sys-worker-deployment-version:rrentVersion_Batching-564e9892_deployment_series.rrentVersion_Batching-564e9892_build_id/0195af0e-98a0-7d94-93e5-2a1d2e5942f8", "logging-call-at": "/Users/shivamsaraf/Desktop/work/temporal/common/log/with_logger.go:61"}
2025-03-19T11:38:44.410-0400	debug	Workflow task updated	{"host": "127.0.0.1:63280", "shard-id": 4, "address": "127.0.0.1:63280", "wf-scheduled-event-id": 18, "wf-started-event-id": 19, "workflow-task-request-id": "1cbd1a6c-136a-4897-80a6-d736f77571d2", "workflow-task-timeout": 10, "attempt": 1, "wf-started-timestamp": "2025-03-19T15:38:44.410Z", "wt-type": "Normal", "logging-call-at": "/Users/shivamsaraf/Desktop/work/temporal/common/log/with_logger.go:61"}
2025-03-19T11:38:44.410-0400	debug	Assigning new task key	{"host": "127.0.0.1:63280", "shard-id": 4, "address": "127.0.0.1:63280", "wf-namespace-id": "d0b550e3-6091-4a9b-a9aa-3d80ffb24954", "wf-id": "temporal-sys-worker-deployment-version:rrentVersion_Batching-564e9892_deployment_series.rrentVersion_Batching-564e9892_build_id", "wf-run-id": "0195af0e-98a0-7d94-93e5-2a1d2e5942f8", "queue-task-type": "WorkflowTaskTimeout", "queue-task-id": 1048620, "timestamp": "2025-03-19T15:38:54.411Z", "cursor-timestamp": "2025-03-19T15:38:45.408Z", "logging-call-at": "/Users/shivamsaraf/Desktop/work/temporal/common/log/with_logger.go:61"}
2025-03-19T11:38:44.416-0400	debug	ExecuteActivity	{"host": "127.0.0.1:63281", "Namespace": "namespace-ec265ab4-426c-4316-a4b3-47fc66311932", "TaskQueue": "temporal-sys-per-ns-tq", "WorkerID": "temporal-system@Shivams-MacBook-Pro.local@namespace-ec265ab4-426c-4316-a4b3-47fc66311932", "WorkflowType": "temporal-sys-worker-deployment-version-workflow", "WorkflowID": "temporal-sys-worker-deployment-version:rrentVersion_Batching-564e9892_deployment_series.rrentVersion_Batching-564e9892_build_id", "RunID": "0195af0e-98a0-7d94-93e5-2a1d2e5942f8", "Attempt": 0, "ActivityID": "21", "ActivityType": "CheckWorkerDeploymentUserDataPropagation", "logging-call-at": "/Users/shivamsaraf/Desktop/work/temporal/common/log/with_logger.go:61"}
2025-03-19T11:38:44.416-0400	debug	Frontend method invoked.	{"host": "127.0.0.1:63278", "wf-namespace": "namespace-ec265ab4-426c-4316-a4b3-47fc66311932", "operation": "PollWorkflowTaskQueue", "server-name": "", "cert-thumbprint": "", "logging-call-at": "/Users/shivamsaraf/Desktop/work/temporal/common/log/with_logger.go:61"}
2025-03-19T11:38:44.416-0400	debug	Received PollWorkflowTaskQueue	{"host": "127.0.0.1:63278", "service": "frontend", "logging-call-at": "/Users/shivamsaraf/Desktop/work/temporal/common/log/with_logger.go:61"}
2025-03-19T11:38:44.416-0400	debug	Poll workflow task queue.	{"host": "127.0.0.1:63278", "service": "frontend", "wf-namespace": "namespace-ec265ab4-426c-4316-a4b3-47fc66311932", "wf-namespace-id": "d0b550e3-6091-4a9b-a9aa-3d80ffb24954", "logging-call-at": "/Users/shivamsaraf/Desktop/work/temporal/common/log/with_logger.go:61"}
2025-03-19T11:38:44.416-0400	debug	Frontend method invoked.	{"host": "127.0.0.1:63278", "wf-namespace": "namespace-ec265ab4-426c-4316-a4b3-47fc66311932", "operation": "RespondWorkflowTaskCompleted", "server-name": "", "cert-thumbprint": "", "logging-call-at": "/Users/shivamsaraf/Desktop/work/temporal/common/log/with_logger.go:61"}
2025-03-19T11:38:44.417-0400	debug	RespondWorkflowTaskCompleted	{"host": "127.0.0.1:63280", "service": "history", "wf-namespace-id": "d0b550e3-6091-4a9b-a9aa-3d80ffb24954", "wf-id": "temporal-sys-worker-deployment-version:rrentVersion_Batching-564e9892_deployment_series.rrentVersion_Batching-564e9892_build_id", "wf-run-id": "0195af0e-98a0-7d94-93e5-2a1d2e5942f8", "wf-scheduled-event-id": 18, "logging-call-at": "/Users/shivamsaraf/Desktop/work/temporal/common/log/with_logger.go:61"}
2025-03-19T11:38:44.417-0400	debug	Workflow task updated	{"host": "127.0.0.1:63280", "shard-id": 4, "address": "127.0.0.1:63280", "wf-scheduled-event-id": 0, "wf-started-event-id": 0, "workflow-task-request-id": "emptyUuid", "workflow-task-timeout": 0, "attempt": 1, "wf-started-timestamp": "1970-01-01T00:00:00.000Z", "wt-type": "Unspecified", "logging-call-at": "/Users/shivamsaraf/Desktop/work/temporal/common/log/with_logger.go:61"}
2025-03-19T11:38:44.417-0400	debug	Assigning new task key	{"host": "127.0.0.1:63280", "shard-id": 4, "address": "127.0.0.1:63280", "wf-namespace-id": "d0b550e3-6091-4a9b-a9aa-3d80ffb24954", "wf-id": "temporal-sys-worker-deployment-version:rrentVersion_Batching-564e9892_deployment_series.rrentVersion_Batching-564e9892_build_id", "wf-run-id": "0195af0e-98a0-7d94-93e5-2a1d2e5942f8", "queue-task-type": "TransferActivityTask", "queue-task-id": 1048625, "timestamp": "2025-03-19T15:38:44.417Z", "cursor-timestamp": "2025-03-19T15:38:45.408Z", "logging-call-at": "/Users/shivamsaraf/Desktop/work/temporal/common/log/with_logger.go:61"}
2025-03-19T11:38:44.421-0400	debug	Process task as active.	{"host": "127.0.0.1:63280", "shard-id": 4, "address": "127.0.0.1:63280", "component": "transfer-queue-processor", "wf-namespace-id": "d0b550e3-6091-4a9b-a9aa-3d80ffb24954", "value": "d0b550e3-6091-4a9b-a9aa-3d80ffb24954/temporal-sys-worker-deployment-version:rrentVersion_Batching-564e9892_deployment_series.rrentVersion_Batching-564e9892_build_id/0195af0e-98a0-7d94-93e5-2a1d2e5942f8", "logging-call-at": "/Users/shivamsaraf/Desktop/work/temporal/common/log/with_logger.go:61"}
2025-03-19T11:38:44.422-0400	debug	Assigning new task key	{"host": "127.0.0.1:63280", "shard-id": 4, "address": "127.0.0.1:63280", "wf-namespace-id": "d0b550e3-6091-4a9b-a9aa-3d80ffb24954", "wf-id": "temporal-sys-worker-deployment-version:rrentVersion_Batching-564e9892_deployment_series.rrentVersion_Batching-564e9892_build_id", "wf-run-id": "0195af0e-98a0-7d94-93e5-2a1d2e5942f8", "queue-task-type": "ActivityTimeout", "queue-task-id": 1048626, "timestamp": "2025-03-19T15:39:44.423Z", "cursor-timestamp": "2025-03-19T15:38:45.421Z", "logging-call-at": "/Users/shivamsaraf/Desktop/work/temporal/common/log/with_logger.go:61"}
2025-03-19T11:38:44.426-0400	info	waiting for userdata propagation	{"host": "127.0.0.1:63281", "Namespace": "namespace-ec265ab4-426c-4316-a4b3-47fc66311932", "TaskQueue": "temporal-sys-per-ns-tq", "WorkerID": "temporal-system@Shivams-MacBook-Pro.local@namespace-ec265ab4-426c-4316-a4b3-47fc66311932", "ActivityID": "21", "ActivityType": "CheckWorkerDeploymentUserDataPropagation", "Attempt": 1, "WorkflowType": "temporal-sys-worker-deployment-version-workflow", "WorkflowID": "temporal-sys-worker-deployment-version:rrentVersion_Batching-564e9892_deployment_series.rrentVersion_Batching-564e9892_build_id", "RunID": "0195af0e-98a0-7d94-93e5-2a1d2e5942f8", "taskQueue": "rrentVersion_Batching-564e9892_task_queue_22", "version": 1, "logging-call-at": "/Users/shivamsaraf/Desktop/work/temporal/common/log/with_logger.go:66"}
2025-03-19T11:38:44.426-0400	debug	Frontend method invoked.	{"host": "127.0.0.1:63278", "wf-namespace": "namespace-ec265ab4-426c-4316-a4b3-47fc66311932", "operation": "PollActivityTaskQueue", "server-name": "", "cert-thumbprint": "", "logging-call-at": "/Users/shivamsaraf/Desktop/work/temporal/common/log/with_logger.go:61"}
2025-03-19T11:38:44.426-0400	debug	Received PollActivityTaskQueue	{"host": "127.0.0.1:63278", "service": "frontend", "logging-call-at": "/Users/shivamsaraf/Desktop/work/temporal/common/log/with_logger.go:61"}
2025-03-19T11:38:44.427-0400	info	returning user data	{"host": "127.0.0.1:63279", "component": "matching-engine", "wf-task-queue-name": "/_sys/rrentVersion_Batching-564e9892_task_queue_22/1", "wf-task-queue-type": "Workflow", "wf-namespace": "namespace-ec265ab4-426c-4316-a4b3-47fc66311932", "long-poll": true, "request-known-version": 0, "user-data-version": 1, "logging-call-at": "/Users/shivamsaraf/Desktop/work/temporal/common/log/with_logger.go:66"}
2025-03-19T11:38:44.427-0400	info	matching client encountered error	{"host": "127.0.0.1:63279", "error": "partition was not loaded", "service-error-type": "serviceerror.FailedPrecondition", "logging-call-at": "/Users/shivamsaraf/Desktop/work/temporal/common/log/with_logger.go:66"}
2025-03-19T11:38:44.427-0400	info	returning user data	{"host": "127.0.0.1:63279", "component": "matching-engine", "wf-task-queue-name": "/_sys/rrentVersion_Batching-564e9892_task_queue_22/2", "wf-task-queue-type": "Workflow", "wf-namespace": "namespace-ec265ab4-426c-4316-a4b3-47fc66311932", "long-poll": true, "request-known-version": 0, "user-data-version": 1, "logging-call-at": "/Users/shivamsaraf/Desktop/work/temporal/common/log/with_logger.go:66"}
2025-03-19T11:38:44.427-0400	info	matching client encountered error	{"host": "127.0.0.1:63279", "error": "partition was not loaded", "service-error-type": "serviceerror.FailedPrecondition", "logging-call-at": "/Users/shivamsaraf/Desktop/work/temporal/common/log/with_logger.go:66"}
2025-03-19T11:38:44.427-0400	info	returning user data	{"host": "127.0.0.1:63279", "component": "matching-engine", "wf-task-queue-name": "/_sys/rrentVersion_Batching-564e9892_task_queue_22/3", "wf-task-queue-type": "Workflow", "wf-namespace": "namespace-ec265ab4-426c-4316-a4b3-47fc66311932", "long-poll": true, "request-known-version": 0, "user-data-version": 1, "logging-call-at": "/Users/shivamsaraf/Desktop/work/temporal/common/log/with_logger.go:66"}
2025-03-19T11:38:44.427-0400	info	matching client encountered error	{"host": "127.0.0.1:63279", "error": "partition was not loaded", "service-error-type": "serviceerror.FailedPrecondition", "logging-call-at": "/Users/shivamsaraf/Desktop/work/temporal/common/log/with_logger.go:66"}
2025-03-19T11:38:44.427-0400	info	matching client encountered error	{"host": "127.0.0.1:63279", "error": "partition was not loaded", "service-error-type": "serviceerror.FailedPrecondition", "logging-call-at": "/Users/shivamsaraf/Desktop/work/temporal/common/log/with_logger.go:66"}
2025-03-19T11:38:44.428-0400	debug	Frontend method invoked.	{"host": "127.0.0.1:63278", "wf-namespace": "namespace-ec265ab4-426c-4316-a4b3-47fc66311932", "operation": "RespondActivityTaskCompleted", "server-name": "", "cert-thumbprint": "", "logging-call-at": "/Users/shivamsaraf/Desktop/work/temporal/common/log/with_logger.go:61"}
2025-03-19T11:38:44.428-0400	debug	Workflow task updated	{"host": "127.0.0.1:63280", "shard-id": 4, "address": "127.0.0.1:63280", "wf-scheduled-event-id": 24, "wf-started-event-id": 0, "workflow-task-request-id": "emptyUuid", "workflow-task-timeout": 10, "attempt": 1, "wf-started-timestamp": "0001-01-01T00:00:00.000Z", "wt-type": "Normal", "logging-call-at": "/Users/shivamsaraf/Desktop/work/temporal/common/log/with_logger.go:61"}
2025-03-19T11:38:44.429-0400	debug	Assigning new task key	{"host": "127.0.0.1:63280", "shard-id": 4, "address": "127.0.0.1:63280", "wf-namespace-id": "d0b550e3-6091-4a9b-a9aa-3d80ffb24954", "wf-id": "temporal-sys-worker-deployment-version:rrentVersion_Batching-564e9892_deployment_series.rrentVersion_Batching-564e9892_build_id", "wf-run-id": "0195af0e-98a0-7d94-93e5-2a1d2e5942f8", "queue-task-type": "WorkflowTaskTimeout", "queue-task-id": 1048632, "timestamp": "2025-03-19T15:38:49.429Z", "cursor-timestamp": "2025-03-19T15:38:45.421Z", "logging-call-at": "/Users/shivamsaraf/Desktop/work/temporal/common/log/with_logger.go:61"}
2025-03-19T11:38:44.429-0400	debug	Assigning new task key	{"host": "127.0.0.1:63280", "shard-id": 4, "address": "127.0.0.1:63280", "wf-namespace-id": "d0b550e3-6091-4a9b-a9aa-3d80ffb24954", "wf-id": "temporal-sys-worker-deployment-version:rrentVersion_Batching-564e9892_deployment_series.rrentVersion_Batching-564e9892_build_id", "wf-run-id": "0195af0e-98a0-7d94-93e5-2a1d2e5942f8", "queue-task-type": "TransferWorkflowTask", "queue-task-id": 1048633, "timestamp": "2025-03-19T15:38:44.429Z", "cursor-timestamp": "2025-03-19T15:38:45.421Z", "logging-call-at": "/Users/shivamsaraf/Desktop/work/temporal/common/log/with_logger.go:61"}
2025-03-19T11:38:44.434-0400	debug	Process task as active.	{"host": "127.0.0.1:63280", "shard-id": 4, "address": "127.0.0.1:63280", "component": "transfer-queue-processor", "wf-namespace-id": "d0b550e3-6091-4a9b-a9aa-3d80ffb24954", "value": "d0b550e3-6091-4a9b-a9aa-3d80ffb24954/temporal-sys-worker-deployment-version:rrentVersion_Batching-564e9892_deployment_series.rrentVersion_Batching-564e9892_build_id/0195af0e-98a0-7d94-93e5-2a1d2e5942f8", "logging-call-at": "/Users/shivamsaraf/Desktop/work/temporal/common/log/with_logger.go:61"}
2025-03-19T11:38:44.435-0400	debug	Workflow task updated	{"host": "127.0.0.1:63280", "shard-id": 4, "address": "127.0.0.1:63280", "wf-scheduled-event-id": 24, "wf-started-event-id": 25, "workflow-task-request-id": "5a5f9c5f-cf63-43ae-8ac1-0f4dc5354545", "workflow-task-timeout": 10, "attempt": 1, "wf-started-timestamp": "2025-03-19T15:38:44.434Z", "wt-type": "Normal", "logging-call-at": "/Users/shivamsaraf/Desktop/work/temporal/common/log/with_logger.go:61"}
2025-03-19T11:38:44.435-0400	debug	Assigning new task key	{"host": "127.0.0.1:63280", "shard-id": 4, "address": "127.0.0.1:63280", "wf-namespace-id": "d0b550e3-6091-4a9b-a9aa-3d80ffb24954", "wf-id": "temporal-sys-worker-deployment-version:rrentVersion_Batching-564e9892_deployment_series.rrentVersion_Batching-564e9892_build_id", "wf-run-id": "0195af0e-98a0-7d94-93e5-2a1d2e5942f8", "queue-task-type": "WorkflowTaskTimeout", "queue-task-id": 1048636, "timestamp": "2025-03-19T15:38:54.435Z", "cursor-timestamp": "2025-03-19T15:38:45.433Z", "logging-call-at": "/Users/shivamsaraf/Desktop/work/temporal/common/log/with_logger.go:61"}
2025-03-19T11:38:44.441-0400	debug	Frontend method invoked.	{"host": "127.0.0.1:63278", "wf-namespace": "namespace-ec265ab4-426c-4316-a4b3-47fc66311932", "operation": "PollWorkflowTaskQueue", "server-name": "", "cert-thumbprint": "", "logging-call-at": "/Users/shivamsaraf/Desktop/work/temporal/common/log/with_logger.go:61"}
2025-03-19T11:38:44.441-0400	debug	Received PollWorkflowTaskQueue	{"host": "127.0.0.1:63278", "service": "frontend", "logging-call-at": "/Users/shivamsaraf/Desktop/work/temporal/common/log/with_logger.go:61"}
2025-03-19T11:38:44.441-0400	debug	Poll workflow task queue.	{"host": "127.0.0.1:63278", "service": "frontend", "wf-namespace": "namespace-ec265ab4-426c-4316-a4b3-47fc66311932", "wf-namespace-id": "d0b550e3-6091-4a9b-a9aa-3d80ffb24954", "logging-call-at": "/Users/shivamsaraf/Desktop/work/temporal/common/log/with_logger.go:61"}
2025-03-19T11:38:44.441-0400	debug	Frontend method invoked.	{"host": "127.0.0.1:63278", "wf-namespace": "namespace-ec265ab4-426c-4316-a4b3-47fc66311932", "operation": "RespondWorkflowTaskCompleted", "server-name": "", "cert-thumbprint": "", "logging-call-at": "/Users/shivamsaraf/Desktop/work/temporal/common/log/with_logger.go:61"}
2025-03-19T11:38:44.441-0400	debug	RespondWorkflowTaskCompleted	{"host": "127.0.0.1:63280", "service": "history", "wf-namespace-id": "d0b550e3-6091-4a9b-a9aa-3d80ffb24954", "wf-id": "temporal-sys-worker-deployment-version:rrentVersion_Batching-564e9892_deployment_series.rrentVersion_Batching-564e9892_build_id", "wf-run-id": "0195af0e-98a0-7d94-93e5-2a1d2e5942f8", "wf-scheduled-event-id": 24, "logging-call-at": "/Users/shivamsaraf/Desktop/work/temporal/common/log/with_logger.go:61"}
2025-03-19T11:38:44.442-0400	debug	Workflow task updated	{"host": "127.0.0.1:63280", "shard-id": 4, "address": "127.0.0.1:63280", "wf-scheduled-event-id": 0, "wf-started-event-id": 0, "workflow-task-request-id": "emptyUuid", "workflow-task-timeout": 0, "attempt": 1, "wf-started-timestamp": "1970-01-01T00:00:00.000Z", "wt-type": "Unspecified", "logging-call-at": "/Users/shivamsaraf/Desktop/work/temporal/common/log/with_logger.go:61"}
2025-03-19T11:38:44.442-0400	debug	update state change	{"host": "127.0.0.1:63280", "shard-id": 4, "address": "127.0.0.1:63280", "wf-namespace-id": "d0b550e3-6091-4a9b-a9aa-3d80ffb24954", "wf-id": "temporal-sys-worker-deployment-version:rrentVersion_Batching-564e9892_deployment_series.rrentVersion_Batching-564e9892_build_id", "wf-run-id": "0195af0e-98a0-7d94-93e5-2a1d2e5942f8", "update-id": "69f4d1c2-0d64-43ad-bbbb-71d3de086faa", "from-state": "Accepted", "to-state": "ProvisionallyCompleted", "logging-call-at": "/Users/shivamsaraf/Desktop/work/temporal/common/log/with_logger.go:61"}
2025-03-19T11:38:44.444-0400	debug	update state change	{"host": "127.0.0.1:63280", "shard-id": 4, "address": "127.0.0.1:63280", "wf-namespace-id": "d0b550e3-6091-4a9b-a9aa-3d80ffb24954", "wf-id": "temporal-sys-worker-deployment-version:rrentVersion_Batching-564e9892_deployment_series.rrentVersion_Batching-564e9892_build_id", "wf-run-id": "0195af0e-98a0-7d94-93e5-2a1d2e5942f8", "update-id": "69f4d1c2-0d64-43ad-bbbb-71d3de086faa", "from-state": "ProvisionallyCompleted", "to-state": "Completed", "logging-call-at": "/Users/shivamsaraf/Desktop/work/temporal/common/log/with_logger.go:61"}
2025-03-19T11:38:44.445-0400	debug	Frontend method invoked.	{"host": "127.0.0.1:63278", "wf-namespace": "namespace-ec265ab4-426c-4316-a4b3-47fc66311932", "operation": "RespondActivityTaskCompleted", "server-name": "", "cert-thumbprint": "", "logging-call-at": "/Users/shivamsaraf/Desktop/work/temporal/common/log/with_logger.go:61"}
2025-03-19T11:38:44.446-0400	debug	Workflow task updated	{"host": "127.0.0.1:63280", "shard-id": 1, "address": "127.0.0.1:63280", "wf-scheduled-event-id": 60, "wf-started-event-id": 0, "workflow-task-request-id": "emptyUuid", "workflow-task-timeout": 10, "attempt": 1, "wf-started-timestamp": "0001-01-01T00:00:00.000Z", "wt-type": "Normal", "logging-call-at": "/Users/shivamsaraf/Desktop/work/temporal/common/log/with_logger.go:61"}
2025-03-19T11:38:44.446-0400	debug	Assigning new task key	{"host": "127.0.0.1:63280", "shard-id": 1, "address": "127.0.0.1:63280", "wf-namespace-id": "d0b550e3-6091-4a9b-a9aa-3d80ffb24954", "wf-id": "temporal-sys-worker-deployment:rrentVersion_Batching-564e9892_deployment_series", "wf-run-id": "0195af0e-960d-715f-b6c6-08dcdf4b78ec", "queue-task-type": "WorkflowTaskTimeout", "queue-task-id": 1048664, "timestamp": "2025-03-19T15:38:49.447Z", "cursor-timestamp": "2025-03-19T15:38:45.235Z", "logging-call-at": "/Users/shivamsaraf/Desktop/work/temporal/common/log/with_logger.go:61"}
2025-03-19T11:38:44.446-0400	debug	Assigning new task key	{"host": "127.0.0.1:63280", "shard-id": 1, "address": "127.0.0.1:63280", "wf-namespace-id": "d0b550e3-6091-4a9b-a9aa-3d80ffb24954", "wf-id": "temporal-sys-worker-deployment:rrentVersion_Batching-564e9892_deployment_series", "wf-run-id": "0195af0e-960d-715f-b6c6-08dcdf4b78ec", "queue-task-type": "TransferWorkflowTask", "queue-task-id": 1048665, "timestamp": "2025-03-19T15:38:44.446Z", "cursor-timestamp": "2025-03-19T15:38:45.235Z", "logging-call-at": "/Users/shivamsaraf/Desktop/work/temporal/common/log/with_logger.go:61"}
2025-03-19T11:38:44.450-0400	debug	Process task as active.	{"host": "127.0.0.1:63280", "shard-id": 1, "address": "127.0.0.1:63280", "component": "transfer-queue-processor", "wf-namespace-id": "d0b550e3-6091-4a9b-a9aa-3d80ffb24954", "value": "d0b550e3-6091-4a9b-a9aa-3d80ffb24954/temporal-sys-worker-deployment:rrentVersion_Batching-564e9892_deployment_series/0195af0e-960d-715f-b6c6-08dcdf4b78ec", "logging-call-at": "/Users/shivamsaraf/Desktop/work/temporal/common/log/with_logger.go:61"}
2025-03-19T11:38:44.451-0400	debug	Workflow task updated	{"host": "127.0.0.1:63280", "shard-id": 1, "address": "127.0.0.1:63280", "wf-scheduled-event-id": 60, "wf-started-event-id": 61, "workflow-task-request-id": "9a5fc8d8-69e8-4cdc-a85b-6cd55e4cccb0", "workflow-task-timeout": 10, "attempt": 1, "wf-started-timestamp": "2025-03-19T15:38:44.451Z", "wt-type": "Normal", "logging-call-at": "/Users/shivamsaraf/Desktop/work/temporal/common/log/with_logger.go:61"}
2025-03-19T11:38:44.452-0400	debug	Assigning new task key	{"host": "127.0.0.1:63280", "shard-id": 1, "address": "127.0.0.1:63280", "wf-namespace-id": "d0b550e3-6091-4a9b-a9aa-3d80ffb24954", "wf-id": "temporal-sys-worker-deployment:rrentVersion_Batching-564e9892_deployment_series", "wf-run-id": "0195af0e-960d-715f-b6c6-08dcdf4b78ec", "queue-task-type": "WorkflowTaskTimeout", "queue-task-id": 1048668, "timestamp": "2025-03-19T15:38:54.452Z", "cursor-timestamp": "2025-03-19T15:38:45.450Z", "logging-call-at": "/Users/shivamsaraf/Desktop/work/temporal/common/log/with_logger.go:61"}
2025-03-19T11:38:44.465-0400	debug	Frontend method invoked.	{"host": "127.0.0.1:63278", "wf-namespace": "namespace-ec265ab4-426c-4316-a4b3-47fc66311932", "operation": "PollWorkflowTaskQueue", "server-name": "", "cert-thumbprint": "", "logging-call-at": "/Users/shivamsaraf/Desktop/work/temporal/common/log/with_logger.go:61"}
2025-03-19T11:38:44.465-0400	debug	Received PollWorkflowTaskQueue	{"host": "127.0.0.1:63278", "service": "frontend", "logging-call-at": "/Users/shivamsaraf/Desktop/work/temporal/common/log/with_logger.go:61"}
2025-03-19T11:38:44.465-0400	debug	Poll workflow task queue.	{"host": "127.0.0.1:63278", "service": "frontend", "wf-namespace": "namespace-ec265ab4-426c-4316-a4b3-47fc66311932", "wf-namespace-id": "d0b550e3-6091-4a9b-a9aa-3d80ffb24954", "logging-call-at": "/Users/shivamsaraf/Desktop/work/temporal/common/log/with_logger.go:61"}
2025-03-19T11:38:44.465-0400	debug	ExecuteActivity	{"host": "127.0.0.1:63281", "Namespace": "namespace-ec265ab4-426c-4316-a4b3-47fc66311932", "TaskQueue": "temporal-sys-per-ns-tq", "WorkerID": "temporal-system@Shivams-MacBook-Pro.local@namespace-ec265ab4-426c-4316-a4b3-47fc66311932", "WorkflowType": "temporal-sys-worker-deployment-workflow", "WorkflowID": "temporal-sys-worker-deployment:rrentVersion_Batching-564e9892_deployment_series", "RunID": "0195af0e-960d-715f-b6c6-08dcdf4b78ec", "Attempt": 0, "ActivityID": "64", "ActivityType": "RegisterWorkerInVersion", "logging-call-at": "/Users/shivamsaraf/Desktop/work/temporal/common/log/with_logger.go:61"}
2025-03-19T11:38:44.467-0400	debug	Frontend method invoked.	{"host": "127.0.0.1:63278", "wf-namespace": "namespace-ec265ab4-426c-4316-a4b3-47fc66311932", "operation": "RespondWorkflowTaskCompleted", "server-name": "", "cert-thumbprint": "", "logging-call-at": "/Users/shivamsaraf/Desktop/work/temporal/common/log/with_logger.go:61"}
2025-03-19T11:38:44.467-0400	debug	RespondWorkflowTaskCompleted	{"host": "127.0.0.1:63280", "service": "history", "wf-namespace-id": "d0b550e3-6091-4a9b-a9aa-3d80ffb24954", "wf-id": "temporal-sys-worker-deployment:rrentVersion_Batching-564e9892_deployment_series", "wf-run-id": "0195af0e-960d-715f-b6c6-08dcdf4b78ec", "wf-scheduled-event-id": 60, "logging-call-at": "/Users/shivamsaraf/Desktop/work/temporal/common/log/with_logger.go:61"}
2025-03-19T11:38:44.467-0400	debug	Workflow task updated	{"host": "127.0.0.1:63280", "shard-id": 1, "address": "127.0.0.1:63280", "wf-scheduled-event-id": 0, "wf-started-event-id": 0, "workflow-task-request-id": "emptyUuid", "workflow-task-timeout": 0, "attempt": 1, "wf-started-timestamp": "1970-01-01T00:00:00.000Z", "wt-type": "Unspecified", "logging-call-at": "/Users/shivamsaraf/Desktop/work/temporal/common/log/with_logger.go:61"}
2025-03-19T11:38:44.467-0400	debug	update state change	{"host": "127.0.0.1:63280", "shard-id": 1, "address": "127.0.0.1:63280", "wf-namespace-id": "d0b550e3-6091-4a9b-a9aa-3d80ffb24954", "wf-id": "temporal-sys-worker-deployment:rrentVersion_Batching-564e9892_deployment_series", "wf-run-id": "0195af0e-960d-715f-b6c6-08dcdf4b78ec", "update-id": "99d49536-da69-44f5-8785-a581f5cf7195", "from-state": "Accepted", "to-state": "ProvisionallyCompleted", "logging-call-at": "/Users/shivamsaraf/Desktop/work/temporal/common/log/with_logger.go:61"}
2025-03-19T11:38:44.468-0400	debug	Assigning new task key	{"host": "127.0.0.1:63280", "shard-id": 1, "address": "127.0.0.1:63280", "wf-namespace-id": "d0b550e3-6091-4a9b-a9aa-3d80ffb24954", "wf-id": "temporal-sys-worker-deployment:rrentVersion_Batching-564e9892_deployment_series", "wf-run-id": "0195af0e-960d-715f-b6c6-08dcdf4b78ec", "queue-task-type": "TransferActivityTask", "queue-task-id": 1048674, "timestamp": "2025-03-19T15:38:44.468Z", "cursor-timestamp": "2025-03-19T15:38:45.450Z", "logging-call-at": "/Users/shivamsaraf/Desktop/work/temporal/common/log/with_logger.go:61"}
2025-03-19T11:38:44.471-0400	debug	update state change	{"host": "127.0.0.1:63280", "shard-id": 1, "address": "127.0.0.1:63280", "wf-namespace-id": "d0b550e3-6091-4a9b-a9aa-3d80ffb24954", "wf-id": "temporal-sys-worker-deployment:rrentVersion_Batching-564e9892_deployment_series", "wf-run-id": "0195af0e-960d-715f-b6c6-08dcdf4b78ec", "update-id": "99d49536-da69-44f5-8785-a581f5cf7195", "from-state": "ProvisionallyCompleted", "to-state": "Completed", "logging-call-at": "/Users/shivamsaraf/Desktop/work/temporal/common/log/with_logger.go:61"}
2025-03-19T11:38:44.472-0400	debug	deployment client success	{"host": "127.0.0.1:63279", "operation": "RegisterTaskQueueWorker", "elapsed": 1.001199333, "args": ["rrentVersion_Batching-564e9892_task_queue_22",1,"matching service"], "logging-call-at": "/Users/shivamsaraf/Desktop/work/temporal/common/log/with_logger.go:61"}
2025-03-19T11:38:44.472-0400	debug	Process task as active.	{"host": "127.0.0.1:63280", "shard-id": 1, "address": "127.0.0.1:63280", "component": "transfer-queue-processor", "wf-namespace-id": "d0b550e3-6091-4a9b-a9aa-3d80ffb24954", "value": "d0b550e3-6091-4a9b-a9aa-3d80ffb24954/temporal-sys-worker-deployment:rrentVersion_Batching-564e9892_deployment_series/0195af0e-960d-715f-b6c6-08dcdf4b78ec", "logging-call-at": "/Users/shivamsaraf/Desktop/work/temporal/common/log/with_logger.go:61"}
2025-03-19T11:38:44.472-0400	info	Started physicalTaskQueueManager	{"host": "127.0.0.1:63279", "component": "matching-engine", "wf-task-queue-name": "rrentVersion_Batching-564e9892_task_queue_22", "wf-task-queue-type": "Workflow", "wf-namespace": "namespace-ec265ab4-426c-4316-a4b3-47fc66311932", "worker-build-id": "rrentVersion_Batching-564e9892_deployment_series/rrentVersion_Batching-564e9892_build_id", "lifecycle": "Started", "cause": "UserData", "logging-call-at": "/Users/shivamsaraf/Desktop/work/temporal/common/log/with_logger.go:66"}
2025-03-19T11:38:44.473-0400	debug	Assigning new task key	{"host": "127.0.0.1:63280", "shard-id": 1, "address": "127.0.0.1:63280", "wf-namespace-id": "d0b550e3-6091-4a9b-a9aa-3d80ffb24954", "wf-id": "temporal-sys-worker-deployment:rrentVersion_Batching-564e9892_deployment_series", "wf-run-id": "0195af0e-960d-715f-b6c6-08dcdf4b78ec", "queue-task-type": "ActivityTimeout", "queue-task-id": 1048676, "timestamp": "2025-03-19T15:39:44.474Z", "cursor-timestamp": "2025-03-19T15:38:45.471Z", "logging-call-at": "/Users/shivamsaraf/Desktop/work/temporal/common/log/with_logger.go:61"}
2025-03-19T11:38:44.477-0400	debug	Frontend method invoked.	{"host": "127.0.0.1:63278", "wf-namespace": "namespace-ec265ab4-426c-4316-a4b3-47fc66311932", "operation": "PollActivityTaskQueue", "server-name": "", "cert-thumbprint": "", "logging-call-at": "/Users/shivamsaraf/Desktop/work/temporal/common/log/with_logger.go:61"}
2025-03-19T11:38:44.477-0400	debug	Received PollActivityTaskQueue	{"host": "127.0.0.1:63278", "service": "frontend", "logging-call-at": "/Users/shivamsaraf/Desktop/work/temporal/common/log/with_logger.go:61"}
2025-03-19T11:38:44.478-0400	debug	update state change	{"host": "127.0.0.1:63280", "shard-id": 4, "address": "127.0.0.1:63280", "wf-namespace-id": "d0b550e3-6091-4a9b-a9aa-3d80ffb24954", "wf-id": "temporal-sys-worker-deployment-version:rrentVersion_Batching-564e9892_deployment_series.rrentVersion_Batching-564e9892_build_id", "wf-run-id": "0195af0e-98a0-7d94-93e5-2a1d2e5942f8", "update-id": "e1038a7d-8bb9-4c72-accb-8c8dc3a2de30", "from-state": "Created", "to-state": "ProvisionallyAdmitted", "logging-call-at": "/Users/shivamsaraf/Desktop/work/temporal/common/log/with_logger.go:61"}
2025-03-19T11:38:44.478-0400	debug	update state change	{"host": "127.0.0.1:63280", "shard-id": 4, "address": "127.0.0.1:63280", "wf-namespace-id": "d0b550e3-6091-4a9b-a9aa-3d80ffb24954", "wf-id": "temporal-sys-worker-deployment-version:rrentVersion_Batching-564e9892_deployment_series.rrentVersion_Batching-564e9892_build_id", "wf-run-id": "0195af0e-98a0-7d94-93e5-2a1d2e5942f8", "update-id": "e1038a7d-8bb9-4c72-accb-8c8dc3a2de30", "from-state": "ProvisionallyAdmitted", "to-state": "Admitted", "logging-call-at": "/Users/shivamsaraf/Desktop/work/temporal/common/log/with_logger.go:61"}
2025-03-19T11:38:44.478-0400	debug	Workflow task updated	{"host": "127.0.0.1:63280", "shard-id": 4, "address": "127.0.0.1:63280", "wf-scheduled-event-id": 28, "wf-started-event-id": 0, "workflow-task-request-id": "emptyUuid", "workflow-task-timeout": 10, "attempt": 1, "wf-started-timestamp": "0001-01-01T00:00:00.000Z", "wt-type": "Speculative", "logging-call-at": "/Users/shivamsaraf/Desktop/work/temporal/common/log/with_logger.go:61"}
2025-03-19T11:38:44.479-0400	debug	Workflow task updated	{"host": "127.0.0.1:63280", "shard-id": 4, "address": "127.0.0.1:63280", "wf-scheduled-event-id": 28, "wf-started-event-id": 29, "workflow-task-request-id": "7df1949a-5dbd-4036-9821-0a9ace439fbd", "workflow-task-timeout": 10, "attempt": 1, "wf-started-timestamp": "2025-03-19T15:38:44.479Z", "wt-type": "Speculative", "logging-call-at": "/Users/shivamsaraf/Desktop/work/temporal/common/log/with_logger.go:61"}
2025-03-19T11:38:44.479-0400	debug	update state change	{"host": "127.0.0.1:63280", "shard-id": 4, "address": "127.0.0.1:63280", "wf-namespace-id": "d0b550e3-6091-4a9b-a9aa-3d80ffb24954", "wf-id": "temporal-sys-worker-deployment-version:rrentVersion_Batching-564e9892_deployment_series.rrentVersion_Batching-564e9892_build_id", "wf-run-id": "0195af0e-98a0-7d94-93e5-2a1d2e5942f8", "update-id": "e1038a7d-8bb9-4c72-accb-8c8dc3a2de30", "from-state": "Admitted", "to-state": "Sent", "logging-call-at": "/Users/shivamsaraf/Desktop/work/temporal/common/log/with_logger.go:61"}
2025-03-19T11:38:44.482-0400	debug	ExecuteActivity	{"host": "127.0.0.1:63281", "Namespace": "namespace-ec265ab4-426c-4316-a4b3-47fc66311932", "TaskQueue": "temporal-sys-per-ns-tq", "WorkerID": "temporal-system@Shivams-MacBook-Pro.local@namespace-ec265ab4-426c-4316-a4b3-47fc66311932", "WorkflowType": "temporal-sys-worker-deployment-version-workflow", "WorkflowID": "temporal-sys-worker-deployment-version:rrentVersion_Batching-564e9892_deployment_series.rrentVersion_Batching-564e9892_build_id", "RunID": "0195af0e-98a0-7d94-93e5-2a1d2e5942f8", "Attempt": 0, "ActivityID": "32", "ActivityType": "SyncDeploymentVersionUserData", "logging-call-at": "/Users/shivamsaraf/Desktop/work/temporal/common/log/with_logger.go:61"}
2025-03-19T11:38:44.482-0400	debug	Frontend method invoked.	{"host": "127.0.0.1:63278", "wf-namespace": "namespace-ec265ab4-426c-4316-a4b3-47fc66311932", "operation": "PollWorkflowTaskQueue", "server-name": "", "cert-thumbprint": "", "logging-call-at": "/Users/shivamsaraf/Desktop/work/temporal/common/log/with_logger.go:61"}
2025-03-19T11:38:44.482-0400	debug	Received PollWorkflowTaskQueue	{"host": "127.0.0.1:63278", "service": "frontend", "logging-call-at": "/Users/shivamsaraf/Desktop/work/temporal/common/log/with_logger.go:61"}
2025-03-19T11:38:44.482-0400	debug	Poll workflow task queue.	{"host": "127.0.0.1:63278", "service": "frontend", "wf-namespace": "namespace-ec265ab4-426c-4316-a4b3-47fc66311932", "wf-namespace-id": "d0b550e3-6091-4a9b-a9aa-3d80ffb24954", "logging-call-at": "/Users/shivamsaraf/Desktop/work/temporal/common/log/with_logger.go:61"}
2025-03-19T11:38:44.482-0400	debug	Frontend method invoked.	{"host": "127.0.0.1:63278", "wf-namespace": "namespace-ec265ab4-426c-4316-a4b3-47fc66311932", "operation": "RespondWorkflowTaskCompleted", "server-name": "", "cert-thumbprint": "", "logging-call-at": "/Users/shivamsaraf/Desktop/work/temporal/common/log/with_logger.go:61"}
2025-03-19T11:38:44.483-0400	debug	RespondWorkflowTaskCompleted	{"host": "127.0.0.1:63280", "service": "history", "wf-namespace-id": "d0b550e3-6091-4a9b-a9aa-3d80ffb24954", "wf-id": "temporal-sys-worker-deployment-version:rrentVersion_Batching-564e9892_deployment_series.rrentVersion_Batching-564e9892_build_id", "wf-run-id": "0195af0e-98a0-7d94-93e5-2a1d2e5942f8", "wf-scheduled-event-id": 28, "logging-call-at": "/Users/shivamsaraf/Desktop/work/temporal/common/log/with_logger.go:61"}
2025-03-19T11:38:44.483-0400	debug	Workflow task updated	{"host": "127.0.0.1:63280", "shard-id": 4, "address": "127.0.0.1:63280", "wf-scheduled-event-id": 0, "wf-started-event-id": 0, "workflow-task-request-id": "emptyUuid", "workflow-task-timeout": 0, "attempt": 1, "wf-started-timestamp": "1970-01-01T00:00:00.000Z", "wt-type": "Unspecified", "logging-call-at": "/Users/shivamsaraf/Desktop/work/temporal/common/log/with_logger.go:61"}
2025-03-19T11:38:44.483-0400	debug	update state change	{"host": "127.0.0.1:63280", "shard-id": 4, "address": "127.0.0.1:63280", "wf-namespace-id": "d0b550e3-6091-4a9b-a9aa-3d80ffb24954", "wf-id": "temporal-sys-worker-deployment-version:rrentVersion_Batching-564e9892_deployment_series.rrentVersion_Batching-564e9892_build_id", "wf-run-id": "0195af0e-98a0-7d94-93e5-2a1d2e5942f8", "update-id": "e1038a7d-8bb9-4c72-accb-8c8dc3a2de30", "from-state": "Sent", "to-state": "ProvisionallyAccepted", "logging-call-at": "/Users/shivamsaraf/Desktop/work/temporal/common/log/with_logger.go:61"}
2025-03-19T11:38:44.483-0400	debug	Assigning new task key	{"host": "127.0.0.1:63280", "shard-id": 4, "address": "127.0.0.1:63280", "wf-namespace-id": "d0b550e3-6091-4a9b-a9aa-3d80ffb24954", "wf-id": "temporal-sys-worker-deployment-version:rrentVersion_Batching-564e9892_deployment_series.rrentVersion_Batching-564e9892_build_id", "wf-run-id": "0195af0e-98a0-7d94-93e5-2a1d2e5942f8", "queue-task-type": "TransferActivityTask", "queue-task-id": 1048653, "timestamp": "2025-03-19T15:38:44.483Z", "cursor-timestamp": "2025-03-19T15:38:45.433Z", "logging-call-at": "/Users/shivamsaraf/Desktop/work/temporal/common/log/with_logger.go:61"}
2025-03-19T11:38:44.487-0400	debug	update state change	{"host": "127.0.0.1:63280", "shard-id": 4, "address": "127.0.0.1:63280", "wf-namespace-id": "d0b550e3-6091-4a9b-a9aa-3d80ffb24954", "wf-id": "temporal-sys-worker-deployment-version:rrentVersion_Batching-564e9892_deployment_series.rrentVersion_Batching-564e9892_build_id", "wf-run-id": "0195af0e-98a0-7d94-93e5-2a1d2e5942f8", "update-id": "e1038a7d-8bb9-4c72-accb-8c8dc3a2de30", "from-state": "ProvisionallyAccepted", "to-state": "Accepted", "logging-call-at": "/Users/shivamsaraf/Desktop/work/temporal/common/log/with_logger.go:61"}
2025-03-19T11:38:44.487-0400	debug	Process task as active.	{"host": "127.0.0.1:63280", "shard-id": 4, "address": "127.0.0.1:63280", "component": "transfer-queue-processor", "wf-namespace-id": "d0b550e3-6091-4a9b-a9aa-3d80ffb24954", "value": "d0b550e3-6091-4a9b-a9aa-3d80ffb24954/temporal-sys-worker-deployment-version:rrentVersion_Batching-564e9892_deployment_series.rrentVersion_Batching-564e9892_build_id/0195af0e-98a0-7d94-93e5-2a1d2e5942f8", "logging-call-at": "/Users/shivamsaraf/Desktop/work/temporal/common/log/with_logger.go:61"}
2025-03-19T11:38:44.488-0400	debug	Assigning new task key	{"host": "127.0.0.1:63280", "shard-id": 4, "address": "127.0.0.1:63280", "wf-namespace-id": "d0b550e3-6091-4a9b-a9aa-3d80ffb24954", "wf-id": "temporal-sys-worker-deployment-version:rrentVersion_Batching-564e9892_deployment_series.rrentVersion_Batching-564e9892_build_id", "wf-run-id": "0195af0e-98a0-7d94-93e5-2a1d2e5942f8", "queue-task-type": "ActivityTimeout", "queue-task-id": 1048654, "timestamp": "2025-03-19T15:39:44.489Z", "cursor-timestamp": "2025-03-19T15:38:45.487Z", "logging-call-at": "/Users/shivamsaraf/Desktop/work/temporal/common/log/with_logger.go:61"}
2025-03-19T11:38:44.492-0400	info	syncing task queue userdata for deployment version	{"host": "127.0.0.1:63281", "Namespace": "namespace-ec265ab4-426c-4316-a4b3-47fc66311932", "TaskQueue": "temporal-sys-per-ns-tq", "WorkerID": "temporal-system@Shivams-MacBook-Pro.local@namespace-ec265ab4-426c-4316-a4b3-47fc66311932", "ActivityID": "32", "ActivityType": "SyncDeploymentVersionUserData", "Attempt": 1, "WorkflowType": "temporal-sys-worker-deployment-version-workflow", "WorkflowID": "temporal-sys-worker-deployment-version:rrentVersion_Batching-564e9892_deployment_series.rrentVersion_Batching-564e9892_build_id", "RunID": "0195af0e-98a0-7d94-93e5-2a1d2e5942f8", "taskQueue": "rrentVersion_Batching-564e9892_task_queue_2", "types": [1], "logging-call-at": "/Users/shivamsaraf/Desktop/work/temporal/common/log/with_logger.go:66"}
2025-03-19T11:38:44.492-0400	debug	Frontend method invoked.	{"host": "127.0.0.1:63278", "wf-namespace": "namespace-ec265ab4-426c-4316-a4b3-47fc66311932", "operation": "PollActivityTaskQueue", "server-name": "", "cert-thumbprint": "", "logging-call-at": "/Users/shivamsaraf/Desktop/work/temporal/common/log/with_logger.go:61"}
2025-03-19T11:38:44.492-0400	debug	Received PollActivityTaskQueue	{"host": "127.0.0.1:63278", "service": "frontend", "logging-call-at": "/Users/shivamsaraf/Desktop/work/temporal/common/log/with_logger.go:61"}
2025-03-19T11:38:44.594-0400	info	modified user data	{"host": "127.0.0.1:63279", "component": "matching-engine", "wf-task-queue-name": "rrentVersion_Batching-564e9892_task_queue_2", "wf-task-queue-type": "Workflow", "wf-namespace": "namespace-ec265ab4-426c-4316-a4b3-47fc66311932", "user-data-update-source": "SyncDeploymentUserData", "user-data-version": 1, "timestamp": "2025-03-19T15:38:44.492Z", "logging-call-at": "/Users/shivamsaraf/Desktop/work/temporal/common/log/with_logger.go:66"}
2025-03-19T11:38:44.594-0400	debug	user data changed while blocked in long poll	{"host": "127.0.0.1:63279", "component": "matching-engine", "wf-task-queue-name": "rrentVersion_Batching-564e9892_task_queue_2", "wf-task-queue-type": "Workflow", "wf-namespace": "namespace-ec265ab4-426c-4316-a4b3-47fc66311932", "logging-call-at": "/Users/shivamsaraf/Desktop/work/temporal/common/log/with_logger.go:61"}
2025-03-19T11:38:44.594-0400	debug	user data changed while blocked in long poll	{"host": "127.0.0.1:63279", "component": "matching-engine", "wf-task-queue-name": "rrentVersion_Batching-564e9892_task_queue_2", "wf-task-queue-type": "Workflow", "wf-namespace": "namespace-ec265ab4-426c-4316-a4b3-47fc66311932", "logging-call-at": "/Users/shivamsaraf/Desktop/work/temporal/common/log/with_logger.go:61"}
2025-03-19T11:38:44.594-0400	debug	user data changed while blocked in long poll	{"host": "127.0.0.1:63279", "component": "matching-engine", "wf-task-queue-name": "rrentVersion_Batching-564e9892_task_queue_2", "wf-task-queue-type": "Workflow", "wf-namespace": "namespace-ec265ab4-426c-4316-a4b3-47fc66311932", "logging-call-at": "/Users/shivamsaraf/Desktop/work/temporal/common/log/with_logger.go:61"}
2025-03-19T11:38:44.595-0400	info	returning user data	{"host": "127.0.0.1:63279", "component": "matching-engine", "wf-task-queue-name": "rrentVersion_Batching-564e9892_task_queue_2", "wf-task-queue-type": "Workflow", "wf-namespace": "namespace-ec265ab4-426c-4316-a4b3-47fc66311932", "long-poll": true, "request-known-version": 0, "user-data-version": 1, "logging-call-at": "/Users/shivamsaraf/Desktop/work/temporal/common/log/with_logger.go:66"}
2025-03-19T11:38:44.595-0400	info	returning user data	{"host": "127.0.0.1:63279", "component": "matching-engine", "wf-task-queue-name": "rrentVersion_Batching-564e9892_task_queue_2", "wf-task-queue-type": "Workflow", "wf-namespace": "namespace-ec265ab4-426c-4316-a4b3-47fc66311932", "long-poll": true, "request-known-version": 0, "user-data-version": 1, "logging-call-at": "/Users/shivamsaraf/Desktop/work/temporal/common/log/with_logger.go:66"}
2025-03-19T11:38:44.595-0400	info	returning user data	{"host": "127.0.0.1:63279", "component": "matching-engine", "wf-task-queue-name": "rrentVersion_Batching-564e9892_task_queue_2", "wf-task-queue-type": "Workflow", "wf-namespace": "namespace-ec265ab4-426c-4316-a4b3-47fc66311932", "long-poll": true, "request-known-version": 0, "user-data-version": 1, "logging-call-at": "/Users/shivamsaraf/Desktop/work/temporal/common/log/with_logger.go:66"}
2025-03-19T11:38:44.595-0400	info	fetched user data from parent	{"host": "127.0.0.1:63279", "component": "matching-engine", "wf-task-queue-name": "/_sys/rrentVersion_Batching-564e9892_task_queue_2/3", "wf-task-queue-type": "Workflow", "wf-namespace": "namespace-ec265ab4-426c-4316-a4b3-47fc66311932", "user-data-version": 1, "timestamp": "2025-03-19T15:38:44.492Z", "logging-call-at": "/Users/shivamsaraf/Desktop/work/temporal/common/log/with_logger.go:66"}
2025-03-19T11:38:44.595-0400	info	fetched user data from parent	{"host": "127.0.0.1:63279", "component": "matching-engine", "wf-task-queue-name": "/_sys/rrentVersion_Batching-564e9892_task_queue_2/1", "wf-task-queue-type": "Workflow", "wf-namespace": "namespace-ec265ab4-426c-4316-a4b3-47fc66311932", "user-data-version": 1, "timestamp": "2025-03-19T15:38:44.492Z", "logging-call-at": "/Users/shivamsaraf/Desktop/work/temporal/common/log/with_logger.go:66"}
2025-03-19T11:38:44.595-0400	info	fetched user data from parent	{"host": "127.0.0.1:63279", "component": "matching-engine", "wf-task-queue-name": "/_sys/rrentVersion_Batching-564e9892_task_queue_2/2", "wf-task-queue-type": "Workflow", "wf-namespace": "namespace-ec265ab4-426c-4316-a4b3-47fc66311932", "user-data-version": 1, "timestamp": "2025-03-19T15:38:44.492Z", "logging-call-at": "/Users/shivamsaraf/Desktop/work/temporal/common/log/with_logger.go:66"}
2025-03-19T11:38:44.595-0400	debug	Frontend method invoked.	{"host": "127.0.0.1:63278", "wf-namespace": "namespace-ec265ab4-426c-4316-a4b3-47fc66311932", "operation": "RespondActivityTaskCompleted", "server-name": "", "cert-thumbprint": "", "logging-call-at": "/Users/shivamsaraf/Desktop/work/temporal/common/log/with_logger.go:61"}
2025-03-19T11:38:44.596-0400	debug	Workflow task updated	{"host": "127.0.0.1:63280", "shard-id": 4, "address": "127.0.0.1:63280", "wf-scheduled-event-id": 35, "wf-started-event-id": 0, "workflow-task-request-id": "emptyUuid", "workflow-task-timeout": 10, "attempt": 1, "wf-started-timestamp": "0001-01-01T00:00:00.000Z", "wt-type": "Normal", "logging-call-at": "/Users/shivamsaraf/Desktop/work/temporal/common/log/with_logger.go:61"}
2025-03-19T11:38:44.596-0400	debug	Assigning new task key	{"host": "127.0.0.1:63280", "shard-id": 4, "address": "127.0.0.1:63280", "wf-namespace-id": "d0b550e3-6091-4a9b-a9aa-3d80ffb24954", "wf-id": "temporal-sys-worker-deployment-version:rrentVersion_Batching-564e9892_deployment_series.rrentVersion_Batching-564e9892_build_id", "wf-run-id": "0195af0e-98a0-7d94-93e5-2a1d2e5942f8", "queue-task-type": "WorkflowTaskTimeout", "queue-task-id": 1048660, "timestamp": "2025-03-19T15:38:49.597Z", "cursor-timestamp": "2025-03-19T15:38:45.487Z", "logging-call-at": "/Users/shivamsaraf/Desktop/work/temporal/common/log/with_logger.go:61"}
2025-03-19T11:38:44.596-0400	debug	Assigning new task key	{"host": "127.0.0.1:63280", "shard-id": 4, "address": "127.0.0.1:63280", "wf-namespace-id": "d0b550e3-6091-4a9b-a9aa-3d80ffb24954", "wf-id": "temporal-sys-worker-deployment-version:rrentVersion_Batching-564e9892_deployment_series.rrentVersion_Batching-564e9892_build_id", "wf-run-id": "0195af0e-98a0-7d94-93e5-2a1d2e5942f8", "queue-task-type": "TransferWorkflowTask", "queue-task-id": 1048661, "timestamp": "2025-03-19T15:38:44.596Z", "cursor-timestamp": "2025-03-19T15:38:45.487Z", "logging-call-at": "/Users/shivamsaraf/Desktop/work/temporal/common/log/with_logger.go:61"}
2025-03-19T11:38:44.601-0400	debug	Process task as active.	{"host": "127.0.0.1:63280", "shard-id": 4, "address": "127.0.0.1:63280", "component": "transfer-queue-processor", "wf-namespace-id": "d0b550e3-6091-4a9b-a9aa-3d80ffb24954", "value": "d0b550e3-6091-4a9b-a9aa-3d80ffb24954/temporal-sys-worker-deployment-version:rrentVersion_Batching-564e9892_deployment_series.rrentVersion_Batching-564e9892_build_id/0195af0e-98a0-7d94-93e5-2a1d2e5942f8", "logging-call-at": "/Users/shivamsaraf/Desktop/work/temporal/common/log/with_logger.go:61"}
2025-03-19T11:38:44.602-0400	debug	Workflow task updated	{"host": "127.0.0.1:63280", "shard-id": 4, "address": "127.0.0.1:63280", "wf-scheduled-event-id": 35, "wf-started-event-id": 36, "workflow-task-request-id": "486a22b8-4c38-44bd-92d3-b059ccd39394", "workflow-task-timeout": 10, "attempt": 1, "wf-started-timestamp": "2025-03-19T15:38:44.602Z", "wt-type": "Normal", "logging-call-at": "/Users/shivamsaraf/Desktop/work/temporal/common/log/with_logger.go:61"}
2025-03-19T11:38:44.603-0400	debug	Assigning new task key	{"host": "127.0.0.1:63280", "shard-id": 4, "address": "127.0.0.1:63280", "wf-namespace-id": "d0b550e3-6091-4a9b-a9aa-3d80ffb24954", "wf-id": "temporal-sys-worker-deployment-version:rrentVersion_Batching-564e9892_deployment_series.rrentVersion_Batching-564e9892_build_id", "wf-run-id": "0195af0e-98a0-7d94-93e5-2a1d2e5942f8", "queue-task-type": "WorkflowTaskTimeout", "queue-task-id": 1048664, "timestamp": "2025-03-19T15:38:54.603Z", "cursor-timestamp": "2025-03-19T15:38:45.601Z", "logging-call-at": "/Users/shivamsaraf/Desktop/work/temporal/common/log/with_logger.go:61"}
2025-03-19T11:38:44.610-0400	debug	ExecuteActivity	{"host": "127.0.0.1:63281", "Namespace": "namespace-ec265ab4-426c-4316-a4b3-47fc66311932", "TaskQueue": "temporal-sys-per-ns-tq", "WorkerID": "temporal-system@Shivams-MacBook-Pro.local@namespace-ec265ab4-426c-4316-a4b3-47fc66311932", "WorkflowType": "temporal-sys-worker-deployment-version-workflow", "WorkflowID": "temporal-sys-worker-deployment-version:rrentVersion_Batching-564e9892_deployment_series.rrentVersion_Batching-564e9892_build_id", "RunID": "0195af0e-98a0-7d94-93e5-2a1d2e5942f8", "Attempt": 0, "ActivityID": "38", "ActivityType": "CheckWorkerDeploymentUserDataPropagation", "logging-call-at": "/Users/shivamsaraf/Desktop/work/temporal/common/log/with_logger.go:61"}
2025-03-19T11:38:44.610-0400	debug	Frontend method invoked.	{"host": "127.0.0.1:63278", "wf-namespace": "namespace-ec265ab4-426c-4316-a4b3-47fc66311932", "operation": "PollWorkflowTaskQueue", "server-name": "", "cert-thumbprint": "", "logging-call-at": "/Users/shivamsaraf/Desktop/work/temporal/common/log/with_logger.go:61"}
2025-03-19T11:38:44.610-0400	debug	Received PollWorkflowTaskQueue	{"host": "127.0.0.1:63278", "service": "frontend", "logging-call-at": "/Users/shivamsaraf/Desktop/work/temporal/common/log/with_logger.go:61"}
2025-03-19T11:38:44.610-0400	debug	Poll workflow task queue.	{"host": "127.0.0.1:63278", "service": "frontend", "wf-namespace": "namespace-ec265ab4-426c-4316-a4b3-47fc66311932", "wf-namespace-id": "d0b550e3-6091-4a9b-a9aa-3d80ffb24954", "logging-call-at": "/Users/shivamsaraf/Desktop/work/temporal/common/log/with_logger.go:61"}
2025-03-19T11:38:44.610-0400	debug	Frontend method invoked.	{"host": "127.0.0.1:63278", "wf-namespace": "namespace-ec265ab4-426c-4316-a4b3-47fc66311932", "operation": "RespondWorkflowTaskCompleted", "server-name": "", "cert-thumbprint": "", "logging-call-at": "/Users/shivamsaraf/Desktop/work/temporal/common/log/with_logger.go:61"}
2025-03-19T11:38:44.611-0400	debug	RespondWorkflowTaskCompleted	{"host": "127.0.0.1:63280", "service": "history", "wf-namespace-id": "d0b550e3-6091-4a9b-a9aa-3d80ffb24954", "wf-id": "temporal-sys-worker-deployment-version:rrentVersion_Batching-564e9892_deployment_series.rrentVersion_Batching-564e9892_build_id", "wf-run-id": "0195af0e-98a0-7d94-93e5-2a1d2e5942f8", "wf-scheduled-event-id": 35, "logging-call-at": "/Users/shivamsaraf/Desktop/work/temporal/common/log/with_logger.go:61"}
2025-03-19T11:38:44.611-0400	debug	Workflow task updated	{"host": "127.0.0.1:63280", "shard-id": 4, "address": "127.0.0.1:63280", "wf-scheduled-event-id": 0, "wf-started-event-id": 0, "workflow-task-request-id": "emptyUuid", "workflow-task-timeout": 0, "attempt": 1, "wf-started-timestamp": "1970-01-01T00:00:00.000Z", "wt-type": "Unspecified", "logging-call-at": "/Users/shivamsaraf/Desktop/work/temporal/common/log/with_logger.go:61"}
2025-03-19T11:38:44.611-0400	debug	Assigning new task key	{"host": "127.0.0.1:63280", "shard-id": 4, "address": "127.0.0.1:63280", "wf-namespace-id": "d0b550e3-6091-4a9b-a9aa-3d80ffb24954", "wf-id": "temporal-sys-worker-deployment-version:rrentVersion_Batching-564e9892_deployment_series.rrentVersion_Batching-564e9892_build_id", "wf-run-id": "0195af0e-98a0-7d94-93e5-2a1d2e5942f8", "queue-task-type": "TransferActivityTask", "queue-task-id": 1048669, "timestamp": "2025-03-19T15:38:44.611Z", "cursor-timestamp": "2025-03-19T15:38:45.601Z", "logging-call-at": "/Users/shivamsaraf/Desktop/work/temporal/common/log/with_logger.go:61"}
2025-03-19T11:38:44.615-0400	debug	Process task as active.	{"host": "127.0.0.1:63280", "shard-id": 4, "address": "127.0.0.1:63280", "component": "transfer-queue-processor", "wf-namespace-id": "d0b550e3-6091-4a9b-a9aa-3d80ffb24954", "value": "d0b550e3-6091-4a9b-a9aa-3d80ffb24954/temporal-sys-worker-deployment-version:rrentVersion_Batching-564e9892_deployment_series.rrentVersion_Batching-564e9892_build_id/0195af0e-98a0-7d94-93e5-2a1d2e5942f8", "logging-call-at": "/Users/shivamsaraf/Desktop/work/temporal/common/log/with_logger.go:61"}
2025-03-19T11:38:44.616-0400	debug	Assigning new task key	{"host": "127.0.0.1:63280", "shard-id": 4, "address": "127.0.0.1:63280", "wf-namespace-id": "d0b550e3-6091-4a9b-a9aa-3d80ffb24954", "wf-id": "temporal-sys-worker-deployment-version:rrentVersion_Batching-564e9892_deployment_series.rrentVersion_Batching-564e9892_build_id", "wf-run-id": "0195af0e-98a0-7d94-93e5-2a1d2e5942f8", "queue-task-type": "ActivityTimeout", "queue-task-id": 1048670, "timestamp": "2025-03-19T15:39:44.617Z", "cursor-timestamp": "2025-03-19T15:38:45.615Z", "logging-call-at": "/Users/shivamsaraf/Desktop/work/temporal/common/log/with_logger.go:61"}
2025-03-19T11:38:44.620-0400	info	waiting for userdata propagation	{"host": "127.0.0.1:63281", "Namespace": "namespace-ec265ab4-426c-4316-a4b3-47fc66311932", "TaskQueue": "temporal-sys-per-ns-tq", "WorkerID": "temporal-system@Shivams-MacBook-Pro.local@namespace-ec265ab4-426c-4316-a4b3-47fc66311932", "ActivityID": "38", "ActivityType": "CheckWorkerDeploymentUserDataPropagation", "Attempt": 1, "WorkflowType": "temporal-sys-worker-deployment-version-workflow", "WorkflowID": "temporal-sys-worker-deployment-version:rrentVersion_Batching-564e9892_deployment_series.rrentVersion_Batching-564e9892_build_id", "RunID": "0195af0e-98a0-7d94-93e5-2a1d2e5942f8", "taskQueue": "rrentVersion_Batching-564e9892_task_queue_2", "version": 1, "logging-call-at": "/Users/shivamsaraf/Desktop/work/temporal/common/log/with_logger.go:66"}
2025-03-19T11:38:44.620-0400	debug	Frontend method invoked.	{"host": "127.0.0.1:63278", "wf-namespace": "namespace-ec265ab4-426c-4316-a4b3-47fc66311932", "operation": "PollActivityTaskQueue", "server-name": "", "cert-thumbprint": "", "logging-call-at": "/Users/shivamsaraf/Desktop/work/temporal/common/log/with_logger.go:61"}
2025-03-19T11:38:44.620-0400	debug	Received PollActivityTaskQueue	{"host": "127.0.0.1:63278", "service": "frontend", "logging-call-at": "/Users/shivamsaraf/Desktop/work/temporal/common/log/with_logger.go:61"}
2025-03-19T11:38:44.621-0400	info	returning user data	{"host": "127.0.0.1:63279", "component": "matching-engine", "wf-task-queue-name": "/_sys/rrentVersion_Batching-564e9892_task_queue_2/2", "wf-task-queue-type": "Workflow", "wf-namespace": "namespace-ec265ab4-426c-4316-a4b3-47fc66311932", "long-poll": true, "request-known-version": 0, "user-data-version": 1, "logging-call-at": "/Users/shivamsaraf/Desktop/work/temporal/common/log/with_logger.go:66"}
2025-03-19T11:38:44.621-0400	info	returning user data	{"host": "127.0.0.1:63279", "component": "matching-engine", "wf-task-queue-name": "/_sys/rrentVersion_Batching-564e9892_task_queue_2/3", "wf-task-queue-type": "Workflow", "wf-namespace": "namespace-ec265ab4-426c-4316-a4b3-47fc66311932", "long-poll": true, "request-known-version": 0, "user-data-version": 1, "logging-call-at": "/Users/shivamsaraf/Desktop/work/temporal/common/log/with_logger.go:66"}
2025-03-19T11:38:44.621-0400	info	matching client encountered error	{"host": "127.0.0.1:63279", "error": "partition was not loaded", "service-error-type": "serviceerror.FailedPrecondition", "logging-call-at": "/Users/shivamsaraf/Desktop/work/temporal/common/log/with_logger.go:66"}
2025-03-19T11:38:44.621-0400	info	matching client encountered error	{"host": "127.0.0.1:63279", "error": "partition was not loaded", "service-error-type": "serviceerror.FailedPrecondition", "logging-call-at": "/Users/shivamsaraf/Desktop/work/temporal/common/log/with_logger.go:66"}
2025-03-19T11:38:44.621-0400	info	returning user data	{"host": "127.0.0.1:63279", "component": "matching-engine", "wf-task-queue-name": "/_sys/rrentVersion_Batching-564e9892_task_queue_2/1", "wf-task-queue-type": "Workflow", "wf-namespace": "namespace-ec265ab4-426c-4316-a4b3-47fc66311932", "long-poll": true, "request-known-version": 0, "user-data-version": 1, "logging-call-at": "/Users/shivamsaraf/Desktop/work/temporal/common/log/with_logger.go:66"}
2025-03-19T11:38:44.621-0400	info	matching client encountered error	{"host": "127.0.0.1:63279", "error": "partition was not loaded", "service-error-type": "serviceerror.FailedPrecondition", "logging-call-at": "/Users/shivamsaraf/Desktop/work/temporal/common/log/with_logger.go:66"}
2025-03-19T11:38:44.621-0400	info	matching client encountered error	{"host": "127.0.0.1:63279", "error": "partition was not loaded", "service-error-type": "serviceerror.FailedPrecondition", "logging-call-at": "/Users/shivamsaraf/Desktop/work/temporal/common/log/with_logger.go:66"}
2025-03-19T11:38:44.622-0400	debug	Frontend method invoked.	{"host": "127.0.0.1:63278", "wf-namespace": "namespace-ec265ab4-426c-4316-a4b3-47fc66311932", "operation": "RespondActivityTaskCompleted", "server-name": "", "cert-thumbprint": "", "logging-call-at": "/Users/shivamsaraf/Desktop/work/temporal/common/log/with_logger.go:61"}
2025-03-19T11:38:44.622-0400	debug	Workflow task updated	{"host": "127.0.0.1:63280", "shard-id": 4, "address": "127.0.0.1:63280", "wf-scheduled-event-id": 41, "wf-started-event-id": 0, "workflow-task-request-id": "emptyUuid", "workflow-task-timeout": 10, "attempt": 1, "wf-started-timestamp": "0001-01-01T00:00:00.000Z", "wt-type": "Normal", "logging-call-at": "/Users/shivamsaraf/Desktop/work/temporal/common/log/with_logger.go:61"}
2025-03-19T11:38:44.622-0400	debug	Assigning new task key	{"host": "127.0.0.1:63280", "shard-id": 4, "address": "127.0.0.1:63280", "wf-namespace-id": "d0b550e3-6091-4a9b-a9aa-3d80ffb24954", "wf-id": "temporal-sys-worker-deployment-version:rrentVersion_Batching-564e9892_deployment_series.rrentVersion_Batching-564e9892_build_id", "wf-run-id": "0195af0e-98a0-7d94-93e5-2a1d2e5942f8", "queue-task-type": "WorkflowTaskTimeout", "queue-task-id": 1048676, "timestamp": "2025-03-19T15:38:49.623Z", "cursor-timestamp": "2025-03-19T15:38:45.615Z", "logging-call-at": "/Users/shivamsaraf/Desktop/work/temporal/common/log/with_logger.go:61"}
2025-03-19T11:38:44.622-0400	debug	Assigning new task key	{"host": "127.0.0.1:63280", "shard-id": 4, "address": "127.0.0.1:63280", "wf-namespace-id": "d0b550e3-6091-4a9b-a9aa-3d80ffb24954", "wf-id": "temporal-sys-worker-deployment-version:rrentVersion_Batching-564e9892_deployment_series.rrentVersion_Batching-564e9892_build_id", "wf-run-id": "0195af0e-98a0-7d94-93e5-2a1d2e5942f8", "queue-task-type": "TransferWorkflowTask", "queue-task-id": 1048677, "timestamp": "2025-03-19T15:38:44.622Z", "cursor-timestamp": "2025-03-19T15:38:45.615Z", "logging-call-at": "/Users/shivamsaraf/Desktop/work/temporal/common/log/with_logger.go:61"}
2025-03-19T11:38:44.626-0400	debug	Process task as active.	{"host": "127.0.0.1:63280", "shard-id": 4, "address": "127.0.0.1:63280", "component": "transfer-queue-processor", "wf-namespace-id": "d0b550e3-6091-4a9b-a9aa-3d80ffb24954", "value": "d0b550e3-6091-4a9b-a9aa-3d80ffb24954/temporal-sys-worker-deployment-version:rrentVersion_Batching-564e9892_deployment_series.rrentVersion_Batching-564e9892_build_id/0195af0e-98a0-7d94-93e5-2a1d2e5942f8", "logging-call-at": "/Users/shivamsaraf/Desktop/work/temporal/common/log/with_logger.go:61"}
2025-03-19T11:38:44.627-0400	debug	Workflow task updated	{"host": "127.0.0.1:63280", "shard-id": 4, "address": "127.0.0.1:63280", "wf-scheduled-event-id": 41, "wf-started-event-id": 42, "workflow-task-request-id": "2760ba95-287d-458b-9476-d10b9fcd033c", "workflow-task-timeout": 10, "attempt": 1, "wf-started-timestamp": "2025-03-19T15:38:44.627Z", "wt-type": "Normal", "logging-call-at": "/Users/shivamsaraf/Desktop/work/temporal/common/log/with_logger.go:61"}
2025-03-19T11:38:44.627-0400	debug	Assigning new task key	{"host": "127.0.0.1:63280", "shard-id": 4, "address": "127.0.0.1:63280", "wf-namespace-id": "d0b550e3-6091-4a9b-a9aa-3d80ffb24954", "wf-id": "temporal-sys-worker-deployment-version:rrentVersion_Batching-564e9892_deployment_series.rrentVersion_Batching-564e9892_build_id", "wf-run-id": "0195af0e-98a0-7d94-93e5-2a1d2e5942f8", "queue-task-type": "WorkflowTaskTimeout", "queue-task-id": 1048680, "timestamp": "2025-03-19T15:38:54.628Z", "cursor-timestamp": "2025-03-19T15:38:45.626Z", "logging-call-at": "/Users/shivamsaraf/Desktop/work/temporal/common/log/with_logger.go:61"}
2025-03-19T11:38:44.633-0400	debug	Frontend method invoked.	{"host": "127.0.0.1:63278", "wf-namespace": "namespace-ec265ab4-426c-4316-a4b3-47fc66311932", "operation": "PollWorkflowTaskQueue", "server-name": "", "cert-thumbprint": "", "logging-call-at": "/Users/shivamsaraf/Desktop/work/temporal/common/log/with_logger.go:61"}
2025-03-19T11:38:44.633-0400	debug	Received PollWorkflowTaskQueue	{"host": "127.0.0.1:63278", "service": "frontend", "logging-call-at": "/Users/shivamsaraf/Desktop/work/temporal/common/log/with_logger.go:61"}
2025-03-19T11:38:44.633-0400	debug	Frontend method invoked.	{"host": "127.0.0.1:63278", "wf-namespace": "namespace-ec265ab4-426c-4316-a4b3-47fc66311932", "operation": "RespondWorkflowTaskCompleted", "server-name": "", "cert-thumbprint": "", "logging-call-at": "/Users/shivamsaraf/Desktop/work/temporal/common/log/with_logger.go:61"}
2025-03-19T11:38:44.633-0400	debug	Poll workflow task queue.	{"host": "127.0.0.1:63278", "service": "frontend", "wf-namespace": "namespace-ec265ab4-426c-4316-a4b3-47fc66311932", "wf-namespace-id": "d0b550e3-6091-4a9b-a9aa-3d80ffb24954", "logging-call-at": "/Users/shivamsaraf/Desktop/work/temporal/common/log/with_logger.go:61"}
2025-03-19T11:38:44.634-0400	debug	RespondWorkflowTaskCompleted	{"host": "127.0.0.1:63280", "service": "history", "wf-namespace-id": "d0b550e3-6091-4a9b-a9aa-3d80ffb24954", "wf-id": "temporal-sys-worker-deployment-version:rrentVersion_Batching-564e9892_deployment_series.rrentVersion_Batching-564e9892_build_id", "wf-run-id": "0195af0e-98a0-7d94-93e5-2a1d2e5942f8", "wf-scheduled-event-id": 41, "logging-call-at": "/Users/shivamsaraf/Desktop/work/temporal/common/log/with_logger.go:61"}
2025-03-19T11:38:44.634-0400	debug	Workflow task updated	{"host": "127.0.0.1:63280", "shard-id": 4, "address": "127.0.0.1:63280", "wf-scheduled-event-id": 0, "wf-started-event-id": 0, "workflow-task-request-id": "emptyUuid", "workflow-task-timeout": 0, "attempt": 1, "wf-started-timestamp": "1970-01-01T00:00:00.000Z", "wt-type": "Unspecified", "logging-call-at": "/Users/shivamsaraf/Desktop/work/temporal/common/log/with_logger.go:61"}
2025-03-19T11:38:44.634-0400	debug	update state change	{"host": "127.0.0.1:63280", "shard-id": 4, "address": "127.0.0.1:63280", "wf-namespace-id": "d0b550e3-6091-4a9b-a9aa-3d80ffb24954", "wf-id": "temporal-sys-worker-deployment-version:rrentVersion_Batching-564e9892_deployment_series.rrentVersion_Batching-564e9892_build_id", "wf-run-id": "0195af0e-98a0-7d94-93e5-2a1d2e5942f8", "update-id": "e1038a7d-8bb9-4c72-accb-8c8dc3a2de30", "from-state": "Accepted", "to-state": "ProvisionallyCompleted", "logging-call-at": "/Users/shivamsaraf/Desktop/work/temporal/common/log/with_logger.go:61"}
2025-03-19T11:38:44.636-0400	debug	update state change	{"host": "127.0.0.1:63280", "shard-id": 4, "address": "127.0.0.1:63280", "wf-namespace-id": "d0b550e3-6091-4a9b-a9aa-3d80ffb24954", "wf-id": "temporal-sys-worker-deployment-version:rrentVersion_Batching-564e9892_deployment_series.rrentVersion_Batching-564e9892_build_id", "wf-run-id": "0195af0e-98a0-7d94-93e5-2a1d2e5942f8", "update-id": "e1038a7d-8bb9-4c72-accb-8c8dc3a2de30", "from-state": "ProvisionallyCompleted", "to-state": "Completed", "logging-call-at": "/Users/shivamsaraf/Desktop/work/temporal/common/log/with_logger.go:61"}
2025-03-19T11:38:44.637-0400	debug	Frontend method invoked.	{"host": "127.0.0.1:63278", "wf-namespace": "namespace-ec265ab4-426c-4316-a4b3-47fc66311932", "operation": "RespondActivityTaskCompleted", "server-name": "", "cert-thumbprint": "", "logging-call-at": "/Users/shivamsaraf/Desktop/work/temporal/common/log/with_logger.go:61"}
2025-03-19T11:38:44.637-0400	debug	Workflow task updated	{"host": "127.0.0.1:63280", "shard-id": 1, "address": "127.0.0.1:63280", "wf-scheduled-event-id": 67, "wf-started-event-id": 0, "workflow-task-request-id": "emptyUuid", "workflow-task-timeout": 10, "attempt": 1, "wf-started-timestamp": "0001-01-01T00:00:00.000Z", "wt-type": "Normal", "logging-call-at": "/Users/shivamsaraf/Desktop/work/temporal/common/log/with_logger.go:61"}
2025-03-19T11:38:44.638-0400	debug	Assigning new task key	{"host": "127.0.0.1:63280", "shard-id": 1, "address": "127.0.0.1:63280", "wf-namespace-id": "d0b550e3-6091-4a9b-a9aa-3d80ffb24954", "wf-id": "temporal-sys-worker-deployment:rrentVersion_Batching-564e9892_deployment_series", "wf-run-id": "0195af0e-960d-715f-b6c6-08dcdf4b78ec", "queue-task-type": "WorkflowTaskTimeout", "queue-task-id": 1048682, "timestamp": "2025-03-19T15:38:49.638Z", "cursor-timestamp": "2025-03-19T15:38:45.471Z", "logging-call-at": "/Users/shivamsaraf/Desktop/work/temporal/common/log/with_logger.go:61"}
2025-03-19T11:38:44.638-0400	debug	Assigning new task key	{"host": "127.0.0.1:63280", "shard-id": 1, "address": "127.0.0.1:63280", "wf-namespace-id": "d0b550e3-6091-4a9b-a9aa-3d80ffb24954", "wf-id": "temporal-sys-worker-deployment:rrentVersion_Batching-564e9892_deployment_series", "wf-run-id": "0195af0e-960d-715f-b6c6-08dcdf4b78ec", "queue-task-type": "TransferWorkflowTask", "queue-task-id": 1048683, "timestamp": "2025-03-19T15:38:44.638Z", "cursor-timestamp": "2025-03-19T15:38:45.471Z", "logging-call-at": "/Users/shivamsaraf/Desktop/work/temporal/common/log/with_logger.go:61"}
2025-03-19T11:38:44.642-0400	debug	Process task as active.	{"host": "127.0.0.1:63280", "shard-id": 1, "address": "127.0.0.1:63280", "component": "transfer-queue-processor", "wf-namespace-id": "d0b550e3-6091-4a9b-a9aa-3d80ffb24954", "value": "d0b550e3-6091-4a9b-a9aa-3d80ffb24954/temporal-sys-worker-deployment:rrentVersion_Batching-564e9892_deployment_series/0195af0e-960d-715f-b6c6-08dcdf4b78ec", "logging-call-at": "/Users/shivamsaraf/Desktop/work/temporal/common/log/with_logger.go:61"}
2025-03-19T11:38:44.642-0400	debug	Workflow task updated	{"host": "127.0.0.1:63280", "shard-id": 1, "address": "127.0.0.1:63280", "wf-scheduled-event-id": 67, "wf-started-event-id": 68, "workflow-task-request-id": "e180560b-0297-438e-8f1d-80098f3807ad", "workflow-task-timeout": 10, "attempt": 1, "wf-started-timestamp": "2025-03-19T15:38:44.642Z", "wt-type": "Normal", "logging-call-at": "/Users/shivamsaraf/Desktop/work/temporal/common/log/with_logger.go:61"}
2025-03-19T11:38:44.643-0400	debug	Assigning new task key	{"host": "127.0.0.1:63280", "shard-id": 1, "address": "127.0.0.1:63280", "wf-namespace-id": "d0b550e3-6091-4a9b-a9aa-3d80ffb24954", "wf-id": "temporal-sys-worker-deployment:rrentVersion_Batching-564e9892_deployment_series", "wf-run-id": "0195af0e-960d-715f-b6c6-08dcdf4b78ec", "queue-task-type": "WorkflowTaskTimeout", "queue-task-id": 1048686, "timestamp": "2025-03-19T15:38:54.643Z", "cursor-timestamp": "2025-03-19T15:38:45.641Z", "logging-call-at": "/Users/shivamsaraf/Desktop/work/temporal/common/log/with_logger.go:61"}
2025-03-19T11:38:44.648-0400	debug	ExecuteActivity	{"host": "127.0.0.1:63281", "Namespace": "namespace-ec265ab4-426c-4316-a4b3-47fc66311932", "TaskQueue": "temporal-sys-per-ns-tq", "WorkerID": "temporal-system@Shivams-MacBook-Pro.local@namespace-ec265ab4-426c-4316-a4b3-47fc66311932", "WorkflowType": "temporal-sys-worker-deployment-workflow", "WorkflowID": "temporal-sys-worker-deployment:rrentVersion_Batching-564e9892_deployment_series", "RunID": "0195af0e-960d-715f-b6c6-08dcdf4b78ec", "Attempt": 0, "ActivityID": "71", "ActivityType": "RegisterWorkerInVersion", "logging-call-at": "/Users/shivamsaraf/Desktop/work/temporal/common/log/with_logger.go:61"}
2025-03-19T11:38:44.648-0400	debug	Frontend method invoked.	{"host": "127.0.0.1:63278", "wf-namespace": "namespace-ec265ab4-426c-4316-a4b3-47fc66311932", "operation": "PollWorkflowTaskQueue", "server-name": "", "cert-thumbprint": "", "logging-call-at": "/Users/shivamsaraf/Desktop/work/temporal/common/log/with_logger.go:61"}
2025-03-19T11:38:44.648-0400	debug	Received PollWorkflowTaskQueue	{"host": "127.0.0.1:63278", "service": "frontend", "logging-call-at": "/Users/shivamsaraf/Desktop/work/temporal/common/log/with_logger.go:61"}
2025-03-19T11:38:44.648-0400	debug	Poll workflow task queue.	{"host": "127.0.0.1:63278", "service": "frontend", "wf-namespace": "namespace-ec265ab4-426c-4316-a4b3-47fc66311932", "wf-namespace-id": "d0b550e3-6091-4a9b-a9aa-3d80ffb24954", "logging-call-at": "/Users/shivamsaraf/Desktop/work/temporal/common/log/with_logger.go:61"}
2025-03-19T11:38:44.649-0400	debug	Frontend method invoked.	{"host": "127.0.0.1:63278", "wf-namespace": "namespace-ec265ab4-426c-4316-a4b3-47fc66311932", "operation": "RespondWorkflowTaskCompleted", "server-name": "", "cert-thumbprint": "", "logging-call-at": "/Users/shivamsaraf/Desktop/work/temporal/common/log/with_logger.go:61"}
2025-03-19T11:38:44.650-0400	debug	RespondWorkflowTaskCompleted	{"host": "127.0.0.1:63280", "service": "history", "wf-namespace-id": "d0b550e3-6091-4a9b-a9aa-3d80ffb24954", "wf-id": "temporal-sys-worker-deployment:rrentVersion_Batching-564e9892_deployment_series", "wf-run-id": "0195af0e-960d-715f-b6c6-08dcdf4b78ec", "wf-scheduled-event-id": 67, "logging-call-at": "/Users/shivamsaraf/Desktop/work/temporal/common/log/with_logger.go:61"}
2025-03-19T11:38:44.650-0400	debug	Workflow task updated	{"host": "127.0.0.1:63280", "shard-id": 1, "address": "127.0.0.1:63280", "wf-scheduled-event-id": 0, "wf-started-event-id": 0, "workflow-task-request-id": "emptyUuid", "workflow-task-timeout": 0, "attempt": 1, "wf-started-timestamp": "1970-01-01T00:00:00.000Z", "wt-type": "Unspecified", "logging-call-at": "/Users/shivamsaraf/Desktop/work/temporal/common/log/with_logger.go:61"}
2025-03-19T11:38:44.650-0400	debug	update state change	{"host": "127.0.0.1:63280", "shard-id": 1, "address": "127.0.0.1:63280", "wf-namespace-id": "d0b550e3-6091-4a9b-a9aa-3d80ffb24954", "wf-id": "temporal-sys-worker-deployment:rrentVersion_Batching-564e9892_deployment_series", "wf-run-id": "0195af0e-960d-715f-b6c6-08dcdf4b78ec", "update-id": "efd6d16f-fabe-47ab-bfdc-4a35179cde45", "from-state": "Accepted", "to-state": "ProvisionallyCompleted", "logging-call-at": "/Users/shivamsaraf/Desktop/work/temporal/common/log/with_logger.go:61"}
2025-03-19T11:38:44.650-0400	debug	Assigning new task key	{"host": "127.0.0.1:63280", "shard-id": 1, "address": "127.0.0.1:63280", "wf-namespace-id": "d0b550e3-6091-4a9b-a9aa-3d80ffb24954", "wf-id": "temporal-sys-worker-deployment:rrentVersion_Batching-564e9892_deployment_series", "wf-run-id": "0195af0e-960d-715f-b6c6-08dcdf4b78ec", "queue-task-type": "TransferActivityTask", "queue-task-id": 1048692, "timestamp": "2025-03-19T15:38:44.650Z", "cursor-timestamp": "2025-03-19T15:38:45.641Z", "logging-call-at": "/Users/shivamsaraf/Desktop/work/temporal/common/log/with_logger.go:61"}
2025-03-19T11:38:44.653-0400	debug	update state change	{"host": "127.0.0.1:63280", "shard-id": 1, "address": "127.0.0.1:63280", "wf-namespace-id": "d0b550e3-6091-4a9b-a9aa-3d80ffb24954", "wf-id": "temporal-sys-worker-deployment:rrentVersion_Batching-564e9892_deployment_series", "wf-run-id": "0195af0e-960d-715f-b6c6-08dcdf4b78ec", "update-id": "efd6d16f-fabe-47ab-bfdc-4a35179cde45", "from-state": "ProvisionallyCompleted", "to-state": "Completed", "logging-call-at": "/Users/shivamsaraf/Desktop/work/temporal/common/log/with_logger.go:61"}
2025-03-19T11:38:44.654-0400	debug	deployment client success	{"host": "127.0.0.1:63279", "operation": "RegisterTaskQueueWorker", "elapsed": 1.160517666, "args": ["rrentVersion_Batching-564e9892_task_queue_2",1,"matching service"], "logging-call-at": "/Users/shivamsaraf/Desktop/work/temporal/common/log/with_logger.go:61"}
2025-03-19T11:38:44.654-0400	debug	Process task as active.	{"host": "127.0.0.1:63280", "shard-id": 1, "address": "127.0.0.1:63280", "component": "transfer-queue-processor", "wf-namespace-id": "d0b550e3-6091-4a9b-a9aa-3d80ffb24954", "value": "d0b550e3-6091-4a9b-a9aa-3d80ffb24954/temporal-sys-worker-deployment:rrentVersion_Batching-564e9892_deployment_series/0195af0e-960d-715f-b6c6-08dcdf4b78ec", "logging-call-at": "/Users/shivamsaraf/Desktop/work/temporal/common/log/with_logger.go:61"}
2025-03-19T11:38:44.655-0400	debug	Assigning new task key	{"host": "127.0.0.1:63280", "shard-id": 1, "address": "127.0.0.1:63280", "wf-namespace-id": "d0b550e3-6091-4a9b-a9aa-3d80ffb24954", "wf-id": "temporal-sys-worker-deployment:rrentVersion_Batching-564e9892_deployment_series", "wf-run-id": "0195af0e-960d-715f-b6c6-08dcdf4b78ec", "queue-task-type": "ActivityTimeout", "queue-task-id": 1048694, "timestamp": "2025-03-19T15:39:44.656Z", "cursor-timestamp": "2025-03-19T15:38:45.653Z", "logging-call-at": "/Users/shivamsaraf/Desktop/work/temporal/common/log/with_logger.go:61"}
2025-03-19T11:38:44.659-0400	debug	Frontend method invoked.	{"host": "127.0.0.1:63278", "wf-namespace": "namespace-ec265ab4-426c-4316-a4b3-47fc66311932", "operation": "PollActivityTaskQueue", "server-name": "", "cert-thumbprint": "", "logging-call-at": "/Users/shivamsaraf/Desktop/work/temporal/common/log/with_logger.go:61"}
2025-03-19T11:38:44.659-0400	debug	Received PollActivityTaskQueue	{"host": "127.0.0.1:63278", "service": "frontend", "logging-call-at": "/Users/shivamsaraf/Desktop/work/temporal/common/log/with_logger.go:61"}
2025-03-19T11:38:44.660-0400	debug	update state change	{"host": "127.0.0.1:63280", "shard-id": 4, "address": "127.0.0.1:63280", "wf-namespace-id": "d0b550e3-6091-4a9b-a9aa-3d80ffb24954", "wf-id": "temporal-sys-worker-deployment-version:rrentVersion_Batching-564e9892_deployment_series.rrentVersion_Batching-564e9892_build_id", "wf-run-id": "0195af0e-98a0-7d94-93e5-2a1d2e5942f8", "update-id": "454b9efb-cc3f-42a0-ac6f-9a06d592d190", "from-state": "Created", "to-state": "ProvisionallyAdmitted", "logging-call-at": "/Users/shivamsaraf/Desktop/work/temporal/common/log/with_logger.go:61"}
2025-03-19T11:38:44.660-0400	debug	update state change	{"host": "127.0.0.1:63280", "shard-id": 4, "address": "127.0.0.1:63280", "wf-namespace-id": "d0b550e3-6091-4a9b-a9aa-3d80ffb24954", "wf-id": "temporal-sys-worker-deployment-version:rrentVersion_Batching-564e9892_deployment_series.rrentVersion_Batching-564e9892_build_id", "wf-run-id": "0195af0e-98a0-7d94-93e5-2a1d2e5942f8", "update-id": "454b9efb-cc3f-42a0-ac6f-9a06d592d190", "from-state": "ProvisionallyAdmitted", "to-state": "Admitted", "logging-call-at": "/Users/shivamsaraf/Desktop/work/temporal/common/log/with_logger.go:61"}
2025-03-19T11:38:44.660-0400	debug	Workflow task updated	{"host": "127.0.0.1:63280", "shard-id": 4, "address": "127.0.0.1:63280", "wf-scheduled-event-id": 45, "wf-started-event-id": 0, "workflow-task-request-id": "emptyUuid", "workflow-task-timeout": 10, "attempt": 1, "wf-started-timestamp": "0001-01-01T00:00:00.000Z", "wt-type": "Speculative", "logging-call-at": "/Users/shivamsaraf/Desktop/work/temporal/common/log/with_logger.go:61"}
2025-03-19T11:38:44.661-0400	debug	Workflow task updated	{"host": "127.0.0.1:63280", "shard-id": 4, "address": "127.0.0.1:63280", "wf-scheduled-event-id": 45, "wf-started-event-id": 46, "workflow-task-request-id": "b4a265a6-f003-4e6b-a30e-02fed9d09b4d", "workflow-task-timeout": 10, "attempt": 1, "wf-started-timestamp": "2025-03-19T15:38:44.660Z", "wt-type": "Speculative", "logging-call-at": "/Users/shivamsaraf/Desktop/work/temporal/common/log/with_logger.go:61"}
2025-03-19T11:38:44.661-0400	debug	update state change	{"host": "127.0.0.1:63280", "shard-id": 4, "address": "127.0.0.1:63280", "wf-namespace-id": "d0b550e3-6091-4a9b-a9aa-3d80ffb24954", "wf-id": "temporal-sys-worker-deployment-version:rrentVersion_Batching-564e9892_deployment_series.rrentVersion_Batching-564e9892_build_id", "wf-run-id": "0195af0e-98a0-7d94-93e5-2a1d2e5942f8", "update-id": "454b9efb-cc3f-42a0-ac6f-9a06d592d190", "from-state": "Admitted", "to-state": "Sent", "logging-call-at": "/Users/shivamsaraf/Desktop/work/temporal/common/log/with_logger.go:61"}
2025-03-19T11:38:44.663-0400	debug	Frontend method invoked.	{"host": "127.0.0.1:63278", "wf-namespace": "namespace-ec265ab4-426c-4316-a4b3-47fc66311932", "operation": "PollWorkflowTaskQueue", "server-name": "", "cert-thumbprint": "", "logging-call-at": "/Users/shivamsaraf/Desktop/work/temporal/common/log/with_logger.go:61"}
2025-03-19T11:38:44.663-0400	debug	ExecuteActivity	{"host": "127.0.0.1:63281", "Namespace": "namespace-ec265ab4-426c-4316-a4b3-47fc66311932", "TaskQueue": "temporal-sys-per-ns-tq", "WorkerID": "temporal-system@Shivams-MacBook-Pro.local@namespace-ec265ab4-426c-4316-a4b3-47fc66311932", "WorkflowType": "temporal-sys-worker-deployment-version-workflow", "WorkflowID": "temporal-sys-worker-deployment-version:rrentVersion_Batching-564e9892_deployment_series.rrentVersion_Batching-564e9892_build_id", "RunID": "0195af0e-98a0-7d94-93e5-2a1d2e5942f8", "Attempt": 0, "ActivityID": "49", "ActivityType": "SyncDeploymentVersionUserData", "logging-call-at": "/Users/shivamsaraf/Desktop/work/temporal/common/log/with_logger.go:61"}
2025-03-19T11:38:44.663-0400	debug	Received PollWorkflowTaskQueue	{"host": "127.0.0.1:63278", "service": "frontend", "logging-call-at": "/Users/shivamsaraf/Desktop/work/temporal/common/log/with_logger.go:61"}
2025-03-19T11:38:44.664-0400	debug	Poll workflow task queue.	{"host": "127.0.0.1:63278", "service": "frontend", "wf-namespace": "namespace-ec265ab4-426c-4316-a4b3-47fc66311932", "wf-namespace-id": "d0b550e3-6091-4a9b-a9aa-3d80ffb24954", "logging-call-at": "/Users/shivamsaraf/Desktop/work/temporal/common/log/with_logger.go:61"}
2025-03-19T11:38:44.664-0400	debug	Frontend method invoked.	{"host": "127.0.0.1:63278", "wf-namespace": "namespace-ec265ab4-426c-4316-a4b3-47fc66311932", "operation": "RespondWorkflowTaskCompleted", "server-name": "", "cert-thumbprint": "", "logging-call-at": "/Users/shivamsaraf/Desktop/work/temporal/common/log/with_logger.go:61"}
2025-03-19T11:38:44.664-0400	debug	RespondWorkflowTaskCompleted	{"host": "127.0.0.1:63280", "service": "history", "wf-namespace-id": "d0b550e3-6091-4a9b-a9aa-3d80ffb24954", "wf-id": "temporal-sys-worker-deployment-version:rrentVersion_Batching-564e9892_deployment_series.rrentVersion_Batching-564e9892_build_id", "wf-run-id": "0195af0e-98a0-7d94-93e5-2a1d2e5942f8", "wf-scheduled-event-id": 45, "logging-call-at": "/Users/shivamsaraf/Desktop/work/temporal/common/log/with_logger.go:61"}
2025-03-19T11:38:44.664-0400	debug	Workflow task updated	{"host": "127.0.0.1:63280", "shard-id": 4, "address": "127.0.0.1:63280", "wf-scheduled-event-id": 0, "wf-started-event-id": 0, "workflow-task-request-id": "emptyUuid", "workflow-task-timeout": 0, "attempt": 1, "wf-started-timestamp": "1970-01-01T00:00:00.000Z", "wt-type": "Unspecified", "logging-call-at": "/Users/shivamsaraf/Desktop/work/temporal/common/log/with_logger.go:61"}
2025-03-19T11:38:44.665-0400	debug	update state change	{"host": "127.0.0.1:63280", "shard-id": 4, "address": "127.0.0.1:63280", "wf-namespace-id": "d0b550e3-6091-4a9b-a9aa-3d80ffb24954", "wf-id": "temporal-sys-worker-deployment-version:rrentVersion_Batching-564e9892_deployment_series.rrentVersion_Batching-564e9892_build_id", "wf-run-id": "0195af0e-98a0-7d94-93e5-2a1d2e5942f8", "update-id": "454b9efb-cc3f-42a0-ac6f-9a06d592d190", "from-state": "Sent", "to-state": "ProvisionallyAccepted", "logging-call-at": "/Users/shivamsaraf/Desktop/work/temporal/common/log/with_logger.go:61"}
2025-03-19T11:38:44.665-0400	debug	Assigning new task key	{"host": "127.0.0.1:63280", "shard-id": 4, "address": "127.0.0.1:63280", "wf-namespace-id": "d0b550e3-6091-4a9b-a9aa-3d80ffb24954", "wf-id": "temporal-sys-worker-deployment-version:rrentVersion_Batching-564e9892_deployment_series.rrentVersion_Batching-564e9892_build_id", "wf-run-id": "0195af0e-98a0-7d94-93e5-2a1d2e5942f8", "queue-task-type": "TransferActivityTask", "queue-task-id": 1048697, "timestamp": "2025-03-19T15:38:44.665Z", "cursor-timestamp": "2025-03-19T15:38:45.626Z", "logging-call-at": "/Users/shivamsaraf/Desktop/work/temporal/common/log/with_logger.go:61"}
2025-03-19T11:38:44.668-0400	debug	update state change	{"host": "127.0.0.1:63280", "shard-id": 4, "address": "127.0.0.1:63280", "wf-namespace-id": "d0b550e3-6091-4a9b-a9aa-3d80ffb24954", "wf-id": "temporal-sys-worker-deployment-version:rrentVersion_Batching-564e9892_deployment_series.rrentVersion_Batching-564e9892_build_id", "wf-run-id": "0195af0e-98a0-7d94-93e5-2a1d2e5942f8", "update-id": "454b9efb-cc3f-42a0-ac6f-9a06d592d190", "from-state": "ProvisionallyAccepted", "to-state": "Accepted", "logging-call-at": "/Users/shivamsaraf/Desktop/work/temporal/common/log/with_logger.go:61"}
2025-03-19T11:38:44.669-0400	debug	Process task as active.	{"host": "127.0.0.1:63280", "shard-id": 4, "address": "127.0.0.1:63280", "component": "transfer-queue-processor", "wf-namespace-id": "d0b550e3-6091-4a9b-a9aa-3d80ffb24954", "value": "d0b550e3-6091-4a9b-a9aa-3d80ffb24954/temporal-sys-worker-deployment-version:rrentVersion_Batching-564e9892_deployment_series.rrentVersion_Batching-564e9892_build_id/0195af0e-98a0-7d94-93e5-2a1d2e5942f8", "logging-call-at": "/Users/shivamsaraf/Desktop/work/temporal/common/log/with_logger.go:61"}
2025-03-19T11:38:44.670-0400	debug	Assigning new task key	{"host": "127.0.0.1:63280", "shard-id": 4, "address": "127.0.0.1:63280", "wf-namespace-id": "d0b550e3-6091-4a9b-a9aa-3d80ffb24954", "wf-id": "temporal-sys-worker-deployment-version:rrentVersion_Batching-564e9892_deployment_series.rrentVersion_Batching-564e9892_build_id", "wf-run-id": "0195af0e-98a0-7d94-93e5-2a1d2e5942f8", "queue-task-type": "ActivityTimeout", "queue-task-id": 1048698, "timestamp": "2025-03-19T15:39:44.670Z", "cursor-timestamp": "2025-03-19T15:38:45.668Z", "logging-call-at": "/Users/shivamsaraf/Desktop/work/temporal/common/log/with_logger.go:61"}
2025-03-19T11:38:44.673-0400	info	syncing task queue userdata for deployment version	{"host": "127.0.0.1:63281", "Namespace": "namespace-ec265ab4-426c-4316-a4b3-47fc66311932", "TaskQueue": "temporal-sys-per-ns-tq", "WorkerID": "temporal-system@Shivams-MacBook-Pro.local@namespace-ec265ab4-426c-4316-a4b3-47fc66311932", "ActivityID": "49", "ActivityType": "SyncDeploymentVersionUserData", "Attempt": 1, "WorkflowType": "temporal-sys-worker-deployment-version-workflow", "WorkflowID": "temporal-sys-worker-deployment-version:rrentVersion_Batching-564e9892_deployment_series.rrentVersion_Batching-564e9892_build_id", "RunID": "0195af0e-98a0-7d94-93e5-2a1d2e5942f8", "taskQueue": "rrentVersion_Batching-564e9892_task_queue_9", "types": [1], "logging-call-at": "/Users/shivamsaraf/Desktop/work/temporal/common/log/with_logger.go:66"}
2025-03-19T11:38:44.673-0400	debug	Frontend method invoked.	{"host": "127.0.0.1:63278", "wf-namespace": "namespace-ec265ab4-426c-4316-a4b3-47fc66311932", "operation": "PollActivityTaskQueue", "server-name": "", "cert-thumbprint": "", "logging-call-at": "/Users/shivamsaraf/Desktop/work/temporal/common/log/with_logger.go:61"}
2025-03-19T11:38:44.673-0400	debug	Received PollActivityTaskQueue	{"host": "127.0.0.1:63278", "service": "frontend", "logging-call-at": "/Users/shivamsaraf/Desktop/work/temporal/common/log/with_logger.go:61"}
2025-03-19T11:38:44.738-0400	debug	Frontend method invoked.	{"host": "127.0.0.1:63278", "wf-namespace": "namespace-ec265ab4-426c-4316-a4b3-47fc66311932", "operation": "DescribeWorkerDeploymentVersion", "server-name": "", "cert-thumbprint": "", "logging-call-at": "/Users/shivamsaraf/Desktop/work/temporal/common/log/with_logger.go:61"}
2025-03-19T11:38:44.742-0400	debug	Frontend method invoked.	{"host": "127.0.0.1:63278", "wf-namespace": "namespace-ec265ab4-426c-4316-a4b3-47fc66311932", "operation": "PollWorkflowTaskQueue", "server-name": "", "cert-thumbprint": "", "logging-call-at": "/Users/shivamsaraf/Desktop/work/temporal/common/log/with_logger.go:61"}
2025-03-19T11:38:44.742-0400	debug	Received PollWorkflowTaskQueue	{"host": "127.0.0.1:63278", "service": "frontend", "logging-call-at": "/Users/shivamsaraf/Desktop/work/temporal/common/log/with_logger.go:61"}
2025-03-19T11:38:44.742-0400	debug	Poll workflow task queue.	{"host": "127.0.0.1:63278", "service": "frontend", "wf-namespace": "namespace-ec265ab4-426c-4316-a4b3-47fc66311932", "wf-namespace-id": "d0b550e3-6091-4a9b-a9aa-3d80ffb24954", "logging-call-at": "/Users/shivamsaraf/Desktop/work/temporal/common/log/with_logger.go:61"}
2025-03-19T11:38:44.742-0400	debug	Frontend method invoked.	{"host": "127.0.0.1:63278", "wf-namespace": "namespace-ec265ab4-426c-4316-a4b3-47fc66311932", "operation": "RespondQueryTaskCompleted", "server-name": "", "cert-thumbprint": "", "logging-call-at": "/Users/shivamsaraf/Desktop/work/temporal/common/log/with_logger.go:61"}
2025-03-19T11:38:44.743-0400	debug	deployment client success	{"host": "127.0.0.1:63278", "operation": "DescribeVersion", "elapsed": 0.004497875, "args": ["rrentVersion_Batching-564e9892_deployment_series","rrentVersion_Batching-564e9892_build_id"], "logging-call-at": "/Users/shivamsaraf/Desktop/work/temporal/common/log/with_logger.go:61"}
2025-03-19T11:38:44.776-0400	info	modified user data	{"host": "127.0.0.1:63279", "component": "matching-engine", "wf-task-queue-name": "rrentVersion_Batching-564e9892_task_queue_9", "wf-task-queue-type": "Workflow", "wf-namespace": "namespace-ec265ab4-426c-4316-a4b3-47fc66311932", "user-data-update-source": "SyncDeploymentUserData", "user-data-version": 1, "timestamp": "2025-03-19T15:38:44.673Z", "logging-call-at": "/Users/shivamsaraf/Desktop/work/temporal/common/log/with_logger.go:66"}
2025-03-19T11:38:44.776-0400	debug	user data changed while blocked in long poll	{"host": "127.0.0.1:63279", "component": "matching-engine", "wf-task-queue-name": "rrentVersion_Batching-564e9892_task_queue_9", "wf-task-queue-type": "Workflow", "wf-namespace": "namespace-ec265ab4-426c-4316-a4b3-47fc66311932", "logging-call-at": "/Users/shivamsaraf/Desktop/work/temporal/common/log/with_logger.go:61"}
2025-03-19T11:38:44.776-0400	debug	user data changed while blocked in long poll	{"host": "127.0.0.1:63279", "component": "matching-engine", "wf-task-queue-name": "rrentVersion_Batching-564e9892_task_queue_9", "wf-task-queue-type": "Workflow", "wf-namespace": "namespace-ec265ab4-426c-4316-a4b3-47fc66311932", "logging-call-at": "/Users/shivamsaraf/Desktop/work/temporal/common/log/with_logger.go:61"}
2025-03-19T11:38:44.776-0400	debug	user data changed while blocked in long poll	{"host": "127.0.0.1:63279", "component": "matching-engine", "wf-task-queue-name": "rrentVersion_Batching-564e9892_task_queue_9", "wf-task-queue-type": "Workflow", "wf-namespace": "namespace-ec265ab4-426c-4316-a4b3-47fc66311932", "logging-call-at": "/Users/shivamsaraf/Desktop/work/temporal/common/log/with_logger.go:61"}
2025-03-19T11:38:44.776-0400	info	returning user data	{"host": "127.0.0.1:63279", "component": "matching-engine", "wf-task-queue-name": "rrentVersion_Batching-564e9892_task_queue_9", "wf-task-queue-type": "Workflow", "wf-namespace": "namespace-ec265ab4-426c-4316-a4b3-47fc66311932", "long-poll": true, "request-known-version": 0, "user-data-version": 1, "logging-call-at": "/Users/shivamsaraf/Desktop/work/temporal/common/log/with_logger.go:66"}
2025-03-19T11:38:44.776-0400	info	returning user data	{"host": "127.0.0.1:63279", "component": "matching-engine", "wf-task-queue-name": "rrentVersion_Batching-564e9892_task_queue_9", "wf-task-queue-type": "Workflow", "wf-namespace": "namespace-ec265ab4-426c-4316-a4b3-47fc66311932", "long-poll": true, "request-known-version": 0, "user-data-version": 1, "logging-call-at": "/Users/shivamsaraf/Desktop/work/temporal/common/log/with_logger.go:66"}
2025-03-19T11:38:44.776-0400	info	returning user data	{"host": "127.0.0.1:63279", "component": "matching-engine", "wf-task-queue-name": "rrentVersion_Batching-564e9892_task_queue_9", "wf-task-queue-type": "Workflow", "wf-namespace": "namespace-ec265ab4-426c-4316-a4b3-47fc66311932", "long-poll": true, "request-known-version": 0, "user-data-version": 1, "logging-call-at": "/Users/shivamsaraf/Desktop/work/temporal/common/log/with_logger.go:66"}
2025-03-19T11:38:44.776-0400	info	fetched user data from parent	{"host": "127.0.0.1:63279", "component": "matching-engine", "wf-task-queue-name": "/_sys/rrentVersion_Batching-564e9892_task_queue_9/3", "wf-task-queue-type": "Workflow", "wf-namespace": "namespace-ec265ab4-426c-4316-a4b3-47fc66311932", "user-data-version": 1, "timestamp": "2025-03-19T15:38:44.673Z", "logging-call-at": "/Users/shivamsaraf/Desktop/work/temporal/common/log/with_logger.go:66"}
2025-03-19T11:38:44.776-0400	info	fetched user data from parent	{"host": "127.0.0.1:63279", "component": "matching-engine", "wf-task-queue-name": "/_sys/rrentVersion_Batching-564e9892_task_queue_9/2", "wf-task-queue-type": "Workflow", "wf-namespace": "namespace-ec265ab4-426c-4316-a4b3-47fc66311932", "user-data-version": 1, "timestamp": "2025-03-19T15:38:44.673Z", "logging-call-at": "/Users/shivamsaraf/Desktop/work/temporal/common/log/with_logger.go:66"}
2025-03-19T11:38:44.776-0400	info	fetched user data from parent	{"host": "127.0.0.1:63279", "component": "matching-engine", "wf-task-queue-name": "/_sys/rrentVersion_Batching-564e9892_task_queue_9/1", "wf-task-queue-type": "Workflow", "wf-namespace": "namespace-ec265ab4-426c-4316-a4b3-47fc66311932", "user-data-version": 1, "timestamp": "2025-03-19T15:38:44.673Z", "logging-call-at": "/Users/shivamsaraf/Desktop/work/temporal/common/log/with_logger.go:66"}
2025-03-19T11:38:44.776-0400	debug	Frontend method invoked.	{"host": "127.0.0.1:63278", "wf-namespace": "namespace-ec265ab4-426c-4316-a4b3-47fc66311932", "operation": "RespondActivityTaskCompleted", "server-name": "", "cert-thumbprint": "", "logging-call-at": "/Users/shivamsaraf/Desktop/work/temporal/common/log/with_logger.go:61"}
2025-03-19T11:38:44.777-0400	debug	Workflow task updated	{"host": "127.0.0.1:63280", "shard-id": 4, "address": "127.0.0.1:63280", "wf-scheduled-event-id": 52, "wf-started-event-id": 0, "workflow-task-request-id": "emptyUuid", "workflow-task-timeout": 10, "attempt": 1, "wf-started-timestamp": "0001-01-01T00:00:00.000Z", "wt-type": "Normal", "logging-call-at": "/Users/shivamsaraf/Desktop/work/temporal/common/log/with_logger.go:61"}
2025-03-19T11:38:44.777-0400	debug	Assigning new task key	{"host": "127.0.0.1:63280", "shard-id": 4, "address": "127.0.0.1:63280", "wf-namespace-id": "d0b550e3-6091-4a9b-a9aa-3d80ffb24954", "wf-id": "temporal-sys-worker-deployment-version:rrentVersion_Batching-564e9892_deployment_series.rrentVersion_Batching-564e9892_build_id", "wf-run-id": "0195af0e-98a0-7d94-93e5-2a1d2e5942f8", "queue-task-type": "WorkflowTaskTimeout", "queue-task-id": 1048704, "timestamp": "2025-03-19T15:38:49.778Z", "cursor-timestamp": "2025-03-19T15:38:45.668Z", "logging-call-at": "/Users/shivamsaraf/Desktop/work/temporal/common/log/with_logger.go:61"}
2025-03-19T11:38:44.777-0400	debug	Assigning new task key	{"host": "127.0.0.1:63280", "shard-id": 4, "address": "127.0.0.1:63280", "wf-namespace-id": "d0b550e3-6091-4a9b-a9aa-3d80ffb24954", "wf-id": "temporal-sys-worker-deployment-version:rrentVersion_Batching-564e9892_deployment_series.rrentVersion_Batching-564e9892_build_id", "wf-run-id": "0195af0e-98a0-7d94-93e5-2a1d2e5942f8", "queue-task-type": "TransferWorkflowTask", "queue-task-id": 1048705, "timestamp": "2025-03-19T15:38:44.777Z", "cursor-timestamp": "2025-03-19T15:38:45.668Z", "logging-call-at": "/Users/shivamsaraf/Desktop/work/temporal/common/log/with_logger.go:61"}
2025-03-19T11:38:44.783-0400	debug	Process task as active.	{"host": "127.0.0.1:63280", "shard-id": 4, "address": "127.0.0.1:63280", "component": "transfer-queue-processor", "wf-namespace-id": "d0b550e3-6091-4a9b-a9aa-3d80ffb24954", "value": "d0b550e3-6091-4a9b-a9aa-3d80ffb24954/temporal-sys-worker-deployment-version:rrentVersion_Batching-564e9892_deployment_series.rrentVersion_Batching-564e9892_build_id/0195af0e-98a0-7d94-93e5-2a1d2e5942f8", "logging-call-at": "/Users/shivamsaraf/Desktop/work/temporal/common/log/with_logger.go:61"}
2025-03-19T11:38:44.784-0400	debug	Workflow task updated	{"host": "127.0.0.1:63280", "shard-id": 4, "address": "127.0.0.1:63280", "wf-scheduled-event-id": 52, "wf-started-event-id": 53, "workflow-task-request-id": "d7dfb325-828f-4fbd-b2c5-b0cdc546f186", "workflow-task-timeout": 10, "attempt": 1, "wf-started-timestamp": "2025-03-19T15:38:44.784Z", "wt-type": "Normal", "logging-call-at": "/Users/shivamsaraf/Desktop/work/temporal/common/log/with_logger.go:61"}
2025-03-19T11:38:44.784-0400	debug	Assigning new task key	{"host": "127.0.0.1:63280", "shard-id": 4, "address": "127.0.0.1:63280", "wf-namespace-id": "d0b550e3-6091-4a9b-a9aa-3d80ffb24954", "wf-id": "temporal-sys-worker-deployment-version:rrentVersion_Batching-564e9892_deployment_series.rrentVersion_Batching-564e9892_build_id", "wf-run-id": "0195af0e-98a0-7d94-93e5-2a1d2e5942f8", "queue-task-type": "WorkflowTaskTimeout", "queue-task-id": 1048708, "timestamp": "2025-03-19T15:38:54.785Z", "cursor-timestamp": "2025-03-19T15:38:45.782Z", "logging-call-at": "/Users/shivamsaraf/Desktop/work/temporal/common/log/with_logger.go:61"}
2025-03-19T11:38:44.791-0400	debug	ExecuteActivity	{"host": "127.0.0.1:63281", "Namespace": "namespace-ec265ab4-426c-4316-a4b3-47fc66311932", "TaskQueue": "temporal-sys-per-ns-tq", "WorkerID": "temporal-system@Shivams-MacBook-Pro.local@namespace-ec265ab4-426c-4316-a4b3-47fc66311932", "WorkflowType": "temporal-sys-worker-deployment-version-workflow", "WorkflowID": "temporal-sys-worker-deployment-version:rrentVersion_Batching-564e9892_deployment_series.rrentVersion_Batching-564e9892_build_id", "RunID": "0195af0e-98a0-7d94-93e5-2a1d2e5942f8", "Attempt": 0, "ActivityID": "55", "ActivityType": "CheckWorkerDeploymentUserDataPropagation", "logging-call-at": "/Users/shivamsaraf/Desktop/work/temporal/common/log/with_logger.go:61"}
2025-03-19T11:38:44.792-0400	debug	Frontend method invoked.	{"host": "127.0.0.1:63278", "wf-namespace": "namespace-ec265ab4-426c-4316-a4b3-47fc66311932", "operation": "PollWorkflowTaskQueue", "server-name": "", "cert-thumbprint": "", "logging-call-at": "/Users/shivamsaraf/Desktop/work/temporal/common/log/with_logger.go:61"}
2025-03-19T11:38:44.792-0400	debug	Received PollWorkflowTaskQueue	{"host": "127.0.0.1:63278", "service": "frontend", "logging-call-at": "/Users/shivamsaraf/Desktop/work/temporal/common/log/with_logger.go:61"}
2025-03-19T11:38:44.792-0400	debug	Poll workflow task queue.	{"host": "127.0.0.1:63278", "service": "frontend", "wf-namespace": "namespace-ec265ab4-426c-4316-a4b3-47fc66311932", "wf-namespace-id": "d0b550e3-6091-4a9b-a9aa-3d80ffb24954", "logging-call-at": "/Users/shivamsaraf/Desktop/work/temporal/common/log/with_logger.go:61"}
2025-03-19T11:38:44.792-0400	debug	Frontend method invoked.	{"host": "127.0.0.1:63278", "wf-namespace": "namespace-ec265ab4-426c-4316-a4b3-47fc66311932", "operation": "RespondWorkflowTaskCompleted", "server-name": "", "cert-thumbprint": "", "logging-call-at": "/Users/shivamsaraf/Desktop/work/temporal/common/log/with_logger.go:61"}
2025-03-19T11:38:44.792-0400	debug	RespondWorkflowTaskCompleted	{"host": "127.0.0.1:63280", "service": "history", "wf-namespace-id": "d0b550e3-6091-4a9b-a9aa-3d80ffb24954", "wf-id": "temporal-sys-worker-deployment-version:rrentVersion_Batching-564e9892_deployment_series.rrentVersion_Batching-564e9892_build_id", "wf-run-id": "0195af0e-98a0-7d94-93e5-2a1d2e5942f8", "wf-scheduled-event-id": 52, "logging-call-at": "/Users/shivamsaraf/Desktop/work/temporal/common/log/with_logger.go:61"}
2025-03-19T11:38:44.793-0400	debug	Workflow task updated	{"host": "127.0.0.1:63280", "shard-id": 4, "address": "127.0.0.1:63280", "wf-scheduled-event-id": 0, "wf-started-event-id": 0, "workflow-task-request-id": "emptyUuid", "workflow-task-timeout": 0, "attempt": 1, "wf-started-timestamp": "1970-01-01T00:00:00.000Z", "wt-type": "Unspecified", "logging-call-at": "/Users/shivamsaraf/Desktop/work/temporal/common/log/with_logger.go:61"}
2025-03-19T11:38:44.793-0400	debug	Assigning new task key	{"host": "127.0.0.1:63280", "shard-id": 4, "address": "127.0.0.1:63280", "wf-namespace-id": "d0b550e3-6091-4a9b-a9aa-3d80ffb24954", "wf-id": "temporal-sys-worker-deployment-version:rrentVersion_Batching-564e9892_deployment_series.rrentVersion_Batching-564e9892_build_id", "wf-run-id": "0195af0e-98a0-7d94-93e5-2a1d2e5942f8", "queue-task-type": "TransferActivityTask", "queue-task-id": 1048713, "timestamp": "2025-03-19T15:38:44.793Z", "cursor-timestamp": "2025-03-19T15:38:45.782Z", "logging-call-at": "/Users/shivamsaraf/Desktop/work/temporal/common/log/with_logger.go:61"}
2025-03-19T11:38:44.797-0400	debug	Process task as active.	{"host": "127.0.0.1:63280", "shard-id": 4, "address": "127.0.0.1:63280", "component": "transfer-queue-processor", "wf-namespace-id": "d0b550e3-6091-4a9b-a9aa-3d80ffb24954", "value": "d0b550e3-6091-4a9b-a9aa-3d80ffb24954/temporal-sys-worker-deployment-version:rrentVersion_Batching-564e9892_deployment_series.rrentVersion_Batching-564e9892_build_id/0195af0e-98a0-7d94-93e5-2a1d2e5942f8", "logging-call-at": "/Users/shivamsaraf/Desktop/work/temporal/common/log/with_logger.go:61"}
2025-03-19T11:38:44.798-0400	debug	Assigning new task key	{"host": "127.0.0.1:63280", "shard-id": 4, "address": "127.0.0.1:63280", "wf-namespace-id": "d0b550e3-6091-4a9b-a9aa-3d80ffb24954", "wf-id": "temporal-sys-worker-deployment-version:rrentVersion_Batching-564e9892_deployment_series.rrentVersion_Batching-564e9892_build_id", "wf-run-id": "0195af0e-98a0-7d94-93e5-2a1d2e5942f8", "queue-task-type": "ActivityTimeout", "queue-task-id": 1048714, "timestamp": "2025-03-19T15:39:44.799Z", "cursor-timestamp": "2025-03-19T15:38:45.796Z", "logging-call-at": "/Users/shivamsaraf/Desktop/work/temporal/common/log/with_logger.go:61"}
2025-03-19T11:38:44.802-0400	info	waiting for userdata propagation	{"host": "127.0.0.1:63281", "Namespace": "namespace-ec265ab4-426c-4316-a4b3-47fc66311932", "TaskQueue": "temporal-sys-per-ns-tq", "WorkerID": "temporal-system@Shivams-MacBook-Pro.local@namespace-ec265ab4-426c-4316-a4b3-47fc66311932", "ActivityID": "55", "ActivityType": "CheckWorkerDeploymentUserDataPropagation", "Attempt": 1, "WorkflowType": "temporal-sys-worker-deployment-version-workflow", "WorkflowID": "temporal-sys-worker-deployment-version:rrentVersion_Batching-564e9892_deployment_series.rrentVersion_Batching-564e9892_build_id", "RunID": "0195af0e-98a0-7d94-93e5-2a1d2e5942f8", "taskQueue": "rrentVersion_Batching-564e9892_task_queue_9", "version": 1, "logging-call-at": "/Users/shivamsaraf/Desktop/work/temporal/common/log/with_logger.go:66"}
2025-03-19T11:38:44.802-0400	debug	Frontend method invoked.	{"host": "127.0.0.1:63278", "wf-namespace": "namespace-ec265ab4-426c-4316-a4b3-47fc66311932", "operation": "PollActivityTaskQueue", "server-name": "", "cert-thumbprint": "", "logging-call-at": "/Users/shivamsaraf/Desktop/work/temporal/common/log/with_logger.go:61"}
2025-03-19T11:38:44.802-0400	debug	Received PollActivityTaskQueue	{"host": "127.0.0.1:63278", "service": "frontend", "logging-call-at": "/Users/shivamsaraf/Desktop/work/temporal/common/log/with_logger.go:61"}
2025-03-19T11:38:44.803-0400	info	returning user data	{"host": "127.0.0.1:63279", "component": "matching-engine", "wf-task-queue-name": "/_sys/rrentVersion_Batching-564e9892_task_queue_9/1", "wf-task-queue-type": "Workflow", "wf-namespace": "namespace-ec265ab4-426c-4316-a4b3-47fc66311932", "long-poll": true, "request-known-version": 0, "user-data-version": 1, "logging-call-at": "/Users/shivamsaraf/Desktop/work/temporal/common/log/with_logger.go:66"}
2025-03-19T11:38:44.803-0400	info	matching client encountered error	{"host": "127.0.0.1:63279", "error": "partition was not loaded", "service-error-type": "serviceerror.FailedPrecondition", "logging-call-at": "/Users/shivamsaraf/Desktop/work/temporal/common/log/with_logger.go:66"}
2025-03-19T11:38:44.803-0400	info	matching client encountered error	{"host": "127.0.0.1:63279", "error": "partition was not loaded", "service-error-type": "serviceerror.FailedPrecondition", "logging-call-at": "/Users/shivamsaraf/Desktop/work/temporal/common/log/with_logger.go:66"}
2025-03-19T11:38:44.803-0400	info	returning user data	{"host": "127.0.0.1:63279", "component": "matching-engine", "wf-task-queue-name": "/_sys/rrentVersion_Batching-564e9892_task_queue_9/2", "wf-task-queue-type": "Workflow", "wf-namespace": "namespace-ec265ab4-426c-4316-a4b3-47fc66311932", "long-poll": true, "request-known-version": 0, "user-data-version": 1, "logging-call-at": "/Users/shivamsaraf/Desktop/work/temporal/common/log/with_logger.go:66"}
2025-03-19T11:38:44.803-0400	info	returning user data	{"host": "127.0.0.1:63279", "component": "matching-engine", "wf-task-queue-name": "/_sys/rrentVersion_Batching-564e9892_task_queue_9/3", "wf-task-queue-type": "Workflow", "wf-namespace": "namespace-ec265ab4-426c-4316-a4b3-47fc66311932", "long-poll": true, "request-known-version": 0, "user-data-version": 1, "logging-call-at": "/Users/shivamsaraf/Desktop/work/temporal/common/log/with_logger.go:66"}
2025-03-19T11:38:44.803-0400	info	matching client encountered error	{"host": "127.0.0.1:63279", "error": "partition was not loaded", "service-error-type": "serviceerror.FailedPrecondition", "logging-call-at": "/Users/shivamsaraf/Desktop/work/temporal/common/log/with_logger.go:66"}
2025-03-19T11:38:44.803-0400	info	matching client encountered error	{"host": "127.0.0.1:63279", "error": "partition was not loaded", "service-error-type": "serviceerror.FailedPrecondition", "logging-call-at": "/Users/shivamsaraf/Desktop/work/temporal/common/log/with_logger.go:66"}
2025-03-19T11:38:44.804-0400	debug	Frontend method invoked.	{"host": "127.0.0.1:63278", "wf-namespace": "namespace-ec265ab4-426c-4316-a4b3-47fc66311932", "operation": "RespondActivityTaskCompleted", "server-name": "", "cert-thumbprint": "", "logging-call-at": "/Users/shivamsaraf/Desktop/work/temporal/common/log/with_logger.go:61"}
2025-03-19T11:38:44.804-0400	debug	Workflow task updated	{"host": "127.0.0.1:63280", "shard-id": 4, "address": "127.0.0.1:63280", "wf-scheduled-event-id": 58, "wf-started-event-id": 0, "workflow-task-request-id": "emptyUuid", "workflow-task-timeout": 10, "attempt": 1, "wf-started-timestamp": "0001-01-01T00:00:00.000Z", "wt-type": "Normal", "logging-call-at": "/Users/shivamsaraf/Desktop/work/temporal/common/log/with_logger.go:61"}
2025-03-19T11:38:44.805-0400	debug	Assigning new task key	{"host": "127.0.0.1:63280", "shard-id": 4, "address": "127.0.0.1:63280", "wf-namespace-id": "d0b550e3-6091-4a9b-a9aa-3d80ffb24954", "wf-id": "temporal-sys-worker-deployment-version:rrentVersion_Batching-564e9892_deployment_series.rrentVersion_Batching-564e9892_build_id", "wf-run-id": "0195af0e-98a0-7d94-93e5-2a1d2e5942f8", "queue-task-type": "TransferWorkflowTask", "queue-task-id": 1048720, "timestamp": "2025-03-19T15:38:44.805Z", "cursor-timestamp": "2025-03-19T15:38:45.796Z", "logging-call-at": "/Users/shivamsaraf/Desktop/work/temporal/common/log/with_logger.go:61"}
2025-03-19T11:38:44.805-0400	debug	Assigning new task key	{"host": "127.0.0.1:63280", "shard-id": 4, "address": "127.0.0.1:63280", "wf-namespace-id": "d0b550e3-6091-4a9b-a9aa-3d80ffb24954", "wf-id": "temporal-sys-worker-deployment-version:rrentVersion_Batching-564e9892_deployment_series.rrentVersion_Batching-564e9892_build_id", "wf-run-id": "0195af0e-98a0-7d94-93e5-2a1d2e5942f8", "queue-task-type": "WorkflowTaskTimeout", "queue-task-id": 1048721, "timestamp": "2025-03-19T15:38:49.805Z", "cursor-timestamp": "2025-03-19T15:38:45.796Z", "logging-call-at": "/Users/shivamsaraf/Desktop/work/temporal/common/log/with_logger.go:61"}
2025-03-19T11:38:44.809-0400	debug	Process task as active.	{"host": "127.0.0.1:63280", "shard-id": 4, "address": "127.0.0.1:63280", "component": "transfer-queue-processor", "wf-namespace-id": "d0b550e3-6091-4a9b-a9aa-3d80ffb24954", "value": "d0b550e3-6091-4a9b-a9aa-3d80ffb24954/temporal-sys-worker-deployment-version:rrentVersion_Batching-564e9892_deployment_series.rrentVersion_Batching-564e9892_build_id/0195af0e-98a0-7d94-93e5-2a1d2e5942f8", "logging-call-at": "/Users/shivamsaraf/Desktop/work/temporal/common/log/with_logger.go:61"}
2025-03-19T11:38:44.810-0400	debug	Workflow task updated	{"host": "127.0.0.1:63280", "shard-id": 4, "address": "127.0.0.1:63280", "wf-scheduled-event-id": 58, "wf-started-event-id": 59, "workflow-task-request-id": "8127b12e-1996-4dd5-8e3c-f97b5152010a", "workflow-task-timeout": 10, "attempt": 1, "wf-started-timestamp": "2025-03-19T15:38:44.810Z", "wt-type": "Normal", "logging-call-at": "/Users/shivamsaraf/Desktop/work/temporal/common/log/with_logger.go:61"}
2025-03-19T11:38:44.810-0400	debug	Assigning new task key	{"host": "127.0.0.1:63280", "shard-id": 4, "address": "127.0.0.1:63280", "wf-namespace-id": "d0b550e3-6091-4a9b-a9aa-3d80ffb24954", "wf-id": "temporal-sys-worker-deployment-version:rrentVersion_Batching-564e9892_deployment_series.rrentVersion_Batching-564e9892_build_id", "wf-run-id": "0195af0e-98a0-7d94-93e5-2a1d2e5942f8", "queue-task-type": "WorkflowTaskTimeout", "queue-task-id": 1048724, "timestamp": "2025-03-19T15:38:54.811Z", "cursor-timestamp": "2025-03-19T15:38:45.808Z", "logging-call-at": "/Users/shivamsaraf/Desktop/work/temporal/common/log/with_logger.go:61"}
2025-03-19T11:38:44.816-0400	debug	Frontend method invoked.	{"host": "127.0.0.1:63278", "wf-namespace": "namespace-ec265ab4-426c-4316-a4b3-47fc66311932", "operation": "PollWorkflowTaskQueue", "server-name": "", "cert-thumbprint": "", "logging-call-at": "/Users/shivamsaraf/Desktop/work/temporal/common/log/with_logger.go:61"}
2025-03-19T11:38:44.816-0400	debug	Received PollWorkflowTaskQueue	{"host": "127.0.0.1:63278", "service": "frontend", "logging-call-at": "/Users/shivamsaraf/Desktop/work/temporal/common/log/with_logger.go:61"}
2025-03-19T11:38:44.816-0400	debug	Poll workflow task queue.	{"host": "127.0.0.1:63278", "service": "frontend", "wf-namespace": "namespace-ec265ab4-426c-4316-a4b3-47fc66311932", "wf-namespace-id": "d0b550e3-6091-4a9b-a9aa-3d80ffb24954", "logging-call-at": "/Users/shivamsaraf/Desktop/work/temporal/common/log/with_logger.go:61"}
2025-03-19T11:38:44.816-0400	debug	Frontend method invoked.	{"host": "127.0.0.1:63278", "wf-namespace": "namespace-ec265ab4-426c-4316-a4b3-47fc66311932", "operation": "RespondWorkflowTaskCompleted", "server-name": "", "cert-thumbprint": "", "logging-call-at": "/Users/shivamsaraf/Desktop/work/temporal/common/log/with_logger.go:61"}
2025-03-19T11:38:44.816-0400	debug	RespondWorkflowTaskCompleted	{"host": "127.0.0.1:63280", "service": "history", "wf-namespace-id": "d0b550e3-6091-4a9b-a9aa-3d80ffb24954", "wf-id": "temporal-sys-worker-deployment-version:rrentVersion_Batching-564e9892_deployment_series.rrentVersion_Batching-564e9892_build_id", "wf-run-id": "0195af0e-98a0-7d94-93e5-2a1d2e5942f8", "wf-scheduled-event-id": 58, "logging-call-at": "/Users/shivamsaraf/Desktop/work/temporal/common/log/with_logger.go:61"}
2025-03-19T11:38:44.816-0400	debug	Workflow task updated	{"host": "127.0.0.1:63280", "shard-id": 4, "address": "127.0.0.1:63280", "wf-scheduled-event-id": 0, "wf-started-event-id": 0, "workflow-task-request-id": "emptyUuid", "workflow-task-timeout": 0, "attempt": 1, "wf-started-timestamp": "1970-01-01T00:00:00.000Z", "wt-type": "Unspecified", "logging-call-at": "/Users/shivamsaraf/Desktop/work/temporal/common/log/with_logger.go:61"}
2025-03-19T11:38:44.816-0400	debug	update state change	{"host": "127.0.0.1:63280", "shard-id": 4, "address": "127.0.0.1:63280", "wf-namespace-id": "d0b550e3-6091-4a9b-a9aa-3d80ffb24954", "wf-id": "temporal-sys-worker-deployment-version:rrentVersion_Batching-564e9892_deployment_series.rrentVersion_Batching-564e9892_build_id", "wf-run-id": "0195af0e-98a0-7d94-93e5-2a1d2e5942f8", "update-id": "454b9efb-cc3f-42a0-ac6f-9a06d592d190", "from-state": "Accepted", "to-state": "ProvisionallyCompleted", "logging-call-at": "/Users/shivamsaraf/Desktop/work/temporal/common/log/with_logger.go:61"}
2025-03-19T11:38:44.819-0400	debug	update state change	{"host": "127.0.0.1:63280", "shard-id": 4, "address": "127.0.0.1:63280", "wf-namespace-id": "d0b550e3-6091-4a9b-a9aa-3d80ffb24954", "wf-id": "temporal-sys-worker-deployment-version:rrentVersion_Batching-564e9892_deployment_series.rrentVersion_Batching-564e9892_build_id", "wf-run-id": "0195af0e-98a0-7d94-93e5-2a1d2e5942f8", "update-id": "454b9efb-cc3f-42a0-ac6f-9a06d592d190", "from-state": "ProvisionallyCompleted", "to-state": "Completed", "logging-call-at": "/Users/shivamsaraf/Desktop/work/temporal/common/log/with_logger.go:61"}
2025-03-19T11:38:44.820-0400	debug	Frontend method invoked.	{"host": "127.0.0.1:63278", "wf-namespace": "namespace-ec265ab4-426c-4316-a4b3-47fc66311932", "operation": "RespondActivityTaskCompleted", "server-name": "", "cert-thumbprint": "", "logging-call-at": "/Users/shivamsaraf/Desktop/work/temporal/common/log/with_logger.go:61"}
2025-03-19T11:38:44.820-0400	debug	Workflow task updated	{"host": "127.0.0.1:63280", "shard-id": 1, "address": "127.0.0.1:63280", "wf-scheduled-event-id": 74, "wf-started-event-id": 0, "workflow-task-request-id": "emptyUuid", "workflow-task-timeout": 10, "attempt": 1, "wf-started-timestamp": "0001-01-01T00:00:00.000Z", "wt-type": "Normal", "logging-call-at": "/Users/shivamsaraf/Desktop/work/temporal/common/log/with_logger.go:61"}
2025-03-19T11:38:44.820-0400	debug	Assigning new task key	{"host": "127.0.0.1:63280", "shard-id": 1, "address": "127.0.0.1:63280", "wf-namespace-id": "d0b550e3-6091-4a9b-a9aa-3d80ffb24954", "wf-id": "temporal-sys-worker-deployment:rrentVersion_Batching-564e9892_deployment_series", "wf-run-id": "0195af0e-960d-715f-b6c6-08dcdf4b78ec", "queue-task-type": "TransferWorkflowTask", "queue-task-id": 1048700, "timestamp": "2025-03-19T15:38:44.820Z", "cursor-timestamp": "2025-03-19T15:38:45.653Z", "logging-call-at": "/Users/shivamsaraf/Desktop/work/temporal/common/log/with_logger.go:61"}
2025-03-19T11:38:44.820-0400	debug	Assigning new task key	{"host": "127.0.0.1:63280", "shard-id": 1, "address": "127.0.0.1:63280", "wf-namespace-id": "d0b550e3-6091-4a9b-a9aa-3d80ffb24954", "wf-id": "temporal-sys-worker-deployment:rrentVersion_Batching-564e9892_deployment_series", "wf-run-id": "0195af0e-960d-715f-b6c6-08dcdf4b78ec", "queue-task-type": "WorkflowTaskTimeout", "queue-task-id": 1048701, "timestamp": "2025-03-19T15:38:49.821Z", "cursor-timestamp": "2025-03-19T15:38:45.653Z", "logging-call-at": "/Users/shivamsaraf/Desktop/work/temporal/common/log/with_logger.go:61"}
2025-03-19T11:38:44.824-0400	debug	Process task as active.	{"host": "127.0.0.1:63280", "shard-id": 1, "address": "127.0.0.1:63280", "component": "transfer-queue-processor", "wf-namespace-id": "d0b550e3-6091-4a9b-a9aa-3d80ffb24954", "value": "d0b550e3-6091-4a9b-a9aa-3d80ffb24954/temporal-sys-worker-deployment:rrentVersion_Batching-564e9892_deployment_series/0195af0e-960d-715f-b6c6-08dcdf4b78ec", "logging-call-at": "/Users/shivamsaraf/Desktop/work/temporal/common/log/with_logger.go:61"}
2025-03-19T11:38:44.825-0400	debug	Workflow task updated	{"host": "127.0.0.1:63280", "shard-id": 1, "address": "127.0.0.1:63280", "wf-scheduled-event-id": 74, "wf-started-event-id": 75, "workflow-task-request-id": "76afd9f4-1eaa-4fbd-b5aa-63b9f97e4b72", "workflow-task-timeout": 10, "attempt": 1, "wf-started-timestamp": "2025-03-19T15:38:44.825Z", "wt-type": "Normal", "logging-call-at": "/Users/shivamsaraf/Desktop/work/temporal/common/log/with_logger.go:61"}
2025-03-19T11:38:44.825-0400	debug	Assigning new task key	{"host": "127.0.0.1:63280", "shard-id": 1, "address": "127.0.0.1:63280", "wf-namespace-id": "d0b550e3-6091-4a9b-a9aa-3d80ffb24954", "wf-id": "temporal-sys-worker-deployment:rrentVersion_Batching-564e9892_deployment_series", "wf-run-id": "0195af0e-960d-715f-b6c6-08dcdf4b78ec", "queue-task-type": "WorkflowTaskTimeout", "queue-task-id": 1048704, "timestamp": "2025-03-19T15:38:54.826Z", "cursor-timestamp": "2025-03-19T15:38:45.824Z", "logging-call-at": "/Users/shivamsaraf/Desktop/work/temporal/common/log/with_logger.go:61"}
2025-03-19T11:38:44.831-0400	debug	ExecuteActivity	{"host": "127.0.0.1:63281", "Namespace": "namespace-ec265ab4-426c-4316-a4b3-47fc66311932", "TaskQueue": "temporal-sys-per-ns-tq", "WorkerID": "temporal-system@Shivams-MacBook-Pro.local@namespace-ec265ab4-426c-4316-a4b3-47fc66311932", "WorkflowType": "temporal-sys-worker-deployment-workflow", "WorkflowID": "temporal-sys-worker-deployment:rrentVersion_Batching-564e9892_deployment_series", "RunID": "0195af0e-960d-715f-b6c6-08dcdf4b78ec", "Attempt": 0, "ActivityID": "78", "ActivityType": "RegisterWorkerInVersion", "logging-call-at": "/Users/shivamsaraf/Desktop/work/temporal/common/log/with_logger.go:61"}
2025-03-19T11:38:44.831-0400	debug	Frontend method invoked.	{"host": "127.0.0.1:63278", "wf-namespace": "namespace-ec265ab4-426c-4316-a4b3-47fc66311932", "operation": "PollWorkflowTaskQueue", "server-name": "", "cert-thumbprint": "", "logging-call-at": "/Users/shivamsaraf/Desktop/work/temporal/common/log/with_logger.go:61"}
2025-03-19T11:38:44.831-0400	debug	Received PollWorkflowTaskQueue	{"host": "127.0.0.1:63278", "service": "frontend", "logging-call-at": "/Users/shivamsaraf/Desktop/work/temporal/common/log/with_logger.go:61"}
2025-03-19T11:38:44.831-0400	debug	Poll workflow task queue.	{"host": "127.0.0.1:63278", "service": "frontend", "wf-namespace": "namespace-ec265ab4-426c-4316-a4b3-47fc66311932", "wf-namespace-id": "d0b550e3-6091-4a9b-a9aa-3d80ffb24954", "logging-call-at": "/Users/shivamsaraf/Desktop/work/temporal/common/log/with_logger.go:61"}
2025-03-19T11:38:44.832-0400	debug	Frontend method invoked.	{"host": "127.0.0.1:63278", "wf-namespace": "namespace-ec265ab4-426c-4316-a4b3-47fc66311932", "operation": "RespondWorkflowTaskCompleted", "server-name": "", "cert-thumbprint": "", "logging-call-at": "/Users/shivamsaraf/Desktop/work/temporal/common/log/with_logger.go:61"}
2025-03-19T11:38:44.833-0400	debug	RespondWorkflowTaskCompleted	{"host": "127.0.0.1:63280", "service": "history", "wf-namespace-id": "d0b550e3-6091-4a9b-a9aa-3d80ffb24954", "wf-id": "temporal-sys-worker-deployment:rrentVersion_Batching-564e9892_deployment_series", "wf-run-id": "0195af0e-960d-715f-b6c6-08dcdf4b78ec", "wf-scheduled-event-id": 74, "logging-call-at": "/Users/shivamsaraf/Desktop/work/temporal/common/log/with_logger.go:61"}
2025-03-19T11:38:44.833-0400	debug	Workflow task updated	{"host": "127.0.0.1:63280", "shard-id": 1, "address": "127.0.0.1:63280", "wf-scheduled-event-id": 0, "wf-started-event-id": 0, "workflow-task-request-id": "emptyUuid", "workflow-task-timeout": 0, "attempt": 1, "wf-started-timestamp": "1970-01-01T00:00:00.000Z", "wt-type": "Unspecified", "logging-call-at": "/Users/shivamsaraf/Desktop/work/temporal/common/log/with_logger.go:61"}
2025-03-19T11:38:44.833-0400	debug	update state change	{"host": "127.0.0.1:63280", "shard-id": 1, "address": "127.0.0.1:63280", "wf-namespace-id": "d0b550e3-6091-4a9b-a9aa-3d80ffb24954", "wf-id": "temporal-sys-worker-deployment:rrentVersion_Batching-564e9892_deployment_series", "wf-run-id": "0195af0e-960d-715f-b6c6-08dcdf4b78ec", "update-id": "66636524-9b56-4fce-aafb-50ad1a620dc0", "from-state": "Accepted", "to-state": "ProvisionallyCompleted", "logging-call-at": "/Users/shivamsaraf/Desktop/work/temporal/common/log/with_logger.go:61"}
2025-03-19T11:38:44.833-0400	debug	Assigning new task key	{"host": "127.0.0.1:63280", "shard-id": 1, "address": "127.0.0.1:63280", "wf-namespace-id": "d0b550e3-6091-4a9b-a9aa-3d80ffb24954", "wf-id": "temporal-sys-worker-deployment:rrentVersion_Batching-564e9892_deployment_series", "wf-run-id": "0195af0e-960d-715f-b6c6-08dcdf4b78ec", "queue-task-type": "TransferActivityTask", "queue-task-id": 1048710, "timestamp": "2025-03-19T15:38:44.833Z", "cursor-timestamp": "2025-03-19T15:38:45.824Z", "logging-call-at": "/Users/shivamsaraf/Desktop/work/temporal/common/log/with_logger.go:61"}
2025-03-19T11:38:44.836-0400	debug	update state change	{"host": "127.0.0.1:63280", "shard-id": 1, "address": "127.0.0.1:63280", "wf-namespace-id": "d0b550e3-6091-4a9b-a9aa-3d80ffb24954", "wf-id": "temporal-sys-worker-deployment:rrentVersion_Batching-564e9892_deployment_series", "wf-run-id": "0195af0e-960d-715f-b6c6-08dcdf4b78ec", "update-id": "66636524-9b56-4fce-aafb-50ad1a620dc0", "from-state": "ProvisionallyCompleted", "to-state": "Completed", "logging-call-at": "/Users/shivamsaraf/Desktop/work/temporal/common/log/with_logger.go:61"}
2025-03-19T11:38:44.837-0400	debug	deployment client success	{"host": "127.0.0.1:63279", "operation": "RegisterTaskQueueWorker", "elapsed": 1.352340208, "args": ["rrentVersion_Batching-564e9892_task_queue_9",1,"matching service"], "logging-call-at": "/Users/shivamsaraf/Desktop/work/temporal/common/log/with_logger.go:61"}
2025-03-19T11:38:44.837-0400	debug	Process task as active.	{"host": "127.0.0.1:63280", "shard-id": 1, "address": "127.0.0.1:63280", "component": "transfer-queue-processor", "wf-namespace-id": "d0b550e3-6091-4a9b-a9aa-3d80ffb24954", "value": "d0b550e3-6091-4a9b-a9aa-3d80ffb24954/temporal-sys-worker-deployment:rrentVersion_Batching-564e9892_deployment_series/0195af0e-960d-715f-b6c6-08dcdf4b78ec", "logging-call-at": "/Users/shivamsaraf/Desktop/work/temporal/common/log/with_logger.go:61"}
2025-03-19T11:38:44.837-0400	info	Started physicalTaskQueueManager	{"host": "127.0.0.1:63279", "component": "matching-engine", "wf-task-queue-name": "rrentVersion_Batching-564e9892_task_queue_9", "wf-task-queue-type": "Workflow", "wf-namespace": "namespace-ec265ab4-426c-4316-a4b3-47fc66311932", "worker-build-id": "rrentVersion_Batching-564e9892_deployment_series/rrentVersion_Batching-564e9892_build_id", "lifecycle": "Started", "cause": "UserData", "logging-call-at": "/Users/shivamsaraf/Desktop/work/temporal/common/log/with_logger.go:66"}
2025-03-19T11:38:44.838-0400	debug	Assigning new task key	{"host": "127.0.0.1:63280", "shard-id": 1, "address": "127.0.0.1:63280", "wf-namespace-id": "d0b550e3-6091-4a9b-a9aa-3d80ffb24954", "wf-id": "temporal-sys-worker-deployment:rrentVersion_Batching-564e9892_deployment_series", "wf-run-id": "0195af0e-960d-715f-b6c6-08dcdf4b78ec", "queue-task-type": "ActivityTimeout", "queue-task-id": 1048712, "timestamp": "2025-03-19T15:39:44.839Z", "cursor-timestamp": "2025-03-19T15:38:45.836Z", "logging-call-at": "/Users/shivamsaraf/Desktop/work/temporal/common/log/with_logger.go:61"}
2025-03-19T11:38:44.842-0400	debug	Frontend method invoked.	{"host": "127.0.0.1:63278", "wf-namespace": "namespace-ec265ab4-426c-4316-a4b3-47fc66311932", "operation": "PollActivityTaskQueue", "server-name": "", "cert-thumbprint": "", "logging-call-at": "/Users/shivamsaraf/Desktop/work/temporal/common/log/with_logger.go:61"}
2025-03-19T11:38:44.842-0400	debug	Received PollActivityTaskQueue	{"host": "127.0.0.1:63278", "service": "frontend", "logging-call-at": "/Users/shivamsaraf/Desktop/work/temporal/common/log/with_logger.go:61"}
2025-03-19T11:38:44.843-0400	debug	update state change	{"host": "127.0.0.1:63280", "shard-id": 4, "address": "127.0.0.1:63280", "wf-namespace-id": "d0b550e3-6091-4a9b-a9aa-3d80ffb24954", "wf-id": "temporal-sys-worker-deployment-version:rrentVersion_Batching-564e9892_deployment_series.rrentVersion_Batching-564e9892_build_id", "wf-run-id": "0195af0e-98a0-7d94-93e5-2a1d2e5942f8", "update-id": "f0d36b19-cd1f-4a45-b1ba-fca57022382d", "from-state": "Created", "to-state": "ProvisionallyAdmitted", "logging-call-at": "/Users/shivamsaraf/Desktop/work/temporal/common/log/with_logger.go:61"}
2025-03-19T11:38:44.843-0400	debug	update state change	{"host": "127.0.0.1:63280", "shard-id": 4, "address": "127.0.0.1:63280", "wf-namespace-id": "d0b550e3-6091-4a9b-a9aa-3d80ffb24954", "wf-id": "temporal-sys-worker-deployment-version:rrentVersion_Batching-564e9892_deployment_series.rrentVersion_Batching-564e9892_build_id", "wf-run-id": "0195af0e-98a0-7d94-93e5-2a1d2e5942f8", "update-id": "f0d36b19-cd1f-4a45-b1ba-fca57022382d", "from-state": "ProvisionallyAdmitted", "to-state": "Admitted", "logging-call-at": "/Users/shivamsaraf/Desktop/work/temporal/common/log/with_logger.go:61"}
2025-03-19T11:38:44.843-0400	debug	Workflow task updated	{"host": "127.0.0.1:63280", "shard-id": 4, "address": "127.0.0.1:63280", "wf-scheduled-event-id": 62, "wf-started-event-id": 0, "workflow-task-request-id": "emptyUuid", "workflow-task-timeout": 10, "attempt": 1, "wf-started-timestamp": "0001-01-01T00:00:00.000Z", "wt-type": "Speculative", "logging-call-at": "/Users/shivamsaraf/Desktop/work/temporal/common/log/with_logger.go:61"}
2025-03-19T11:38:44.844-0400	debug	Workflow task updated	{"host": "127.0.0.1:63280", "shard-id": 4, "address": "127.0.0.1:63280", "wf-scheduled-event-id": 62, "wf-started-event-id": 63, "workflow-task-request-id": "634dfe33-53d8-402e-af8b-dd2cb1bfc9e4", "workflow-task-timeout": 10, "attempt": 1, "wf-started-timestamp": "2025-03-19T15:38:44.844Z", "wt-type": "Speculative", "logging-call-at": "/Users/shivamsaraf/Desktop/work/temporal/common/log/with_logger.go:61"}
2025-03-19T11:38:44.844-0400	debug	update state change	{"host": "127.0.0.1:63280", "shard-id": 4, "address": "127.0.0.1:63280", "wf-namespace-id": "d0b550e3-6091-4a9b-a9aa-3d80ffb24954", "wf-id": "temporal-sys-worker-deployment-version:rrentVersion_Batching-564e9892_deployment_series.rrentVersion_Batching-564e9892_build_id", "wf-run-id": "0195af0e-98a0-7d94-93e5-2a1d2e5942f8", "update-id": "f0d36b19-cd1f-4a45-b1ba-fca57022382d", "from-state": "Admitted", "to-state": "Sent", "logging-call-at": "/Users/shivamsaraf/Desktop/work/temporal/common/log/with_logger.go:61"}
2025-03-19T11:38:44.846-0400	debug	ExecuteActivity	{"host": "127.0.0.1:63281", "Namespace": "namespace-ec265ab4-426c-4316-a4b3-47fc66311932", "TaskQueue": "temporal-sys-per-ns-tq", "WorkerID": "temporal-system@Shivams-MacBook-Pro.local@namespace-ec265ab4-426c-4316-a4b3-47fc66311932", "WorkflowType": "temporal-sys-worker-deployment-version-workflow", "WorkflowID": "temporal-sys-worker-deployment-version:rrentVersion_Batching-564e9892_deployment_series.rrentVersion_Batching-564e9892_build_id", "RunID": "0195af0e-98a0-7d94-93e5-2a1d2e5942f8", "Attempt": 0, "ActivityID": "66", "ActivityType": "SyncDeploymentVersionUserData", "logging-call-at": "/Users/shivamsaraf/Desktop/work/temporal/common/log/with_logger.go:61"}
2025-03-19T11:38:44.846-0400	debug	Frontend method invoked.	{"host": "127.0.0.1:63278", "wf-namespace": "namespace-ec265ab4-426c-4316-a4b3-47fc66311932", "operation": "PollWorkflowTaskQueue", "server-name": "", "cert-thumbprint": "", "logging-call-at": "/Users/shivamsaraf/Desktop/work/temporal/common/log/with_logger.go:61"}
2025-03-19T11:38:44.847-0400	debug	Received PollWorkflowTaskQueue	{"host": "127.0.0.1:63278", "service": "frontend", "logging-call-at": "/Users/shivamsaraf/Desktop/work/temporal/common/log/with_logger.go:61"}
2025-03-19T11:38:44.847-0400	debug	Poll workflow task queue.	{"host": "127.0.0.1:63278", "service": "frontend", "wf-namespace": "namespace-ec265ab4-426c-4316-a4b3-47fc66311932", "wf-namespace-id": "d0b550e3-6091-4a9b-a9aa-3d80ffb24954", "logging-call-at": "/Users/shivamsaraf/Desktop/work/temporal/common/log/with_logger.go:61"}
2025-03-19T11:38:44.847-0400	debug	Frontend method invoked.	{"host": "127.0.0.1:63278", "wf-namespace": "namespace-ec265ab4-426c-4316-a4b3-47fc66311932", "operation": "RespondWorkflowTaskCompleted", "server-name": "", "cert-thumbprint": "", "logging-call-at": "/Users/shivamsaraf/Desktop/work/temporal/common/log/with_logger.go:61"}
2025-03-19T11:38:44.847-0400	debug	RespondWorkflowTaskCompleted	{"host": "127.0.0.1:63280", "service": "history", "wf-namespace-id": "d0b550e3-6091-4a9b-a9aa-3d80ffb24954", "wf-id": "temporal-sys-worker-deployment-version:rrentVersion_Batching-564e9892_deployment_series.rrentVersion_Batching-564e9892_build_id", "wf-run-id": "0195af0e-98a0-7d94-93e5-2a1d2e5942f8", "wf-scheduled-event-id": 62, "logging-call-at": "/Users/shivamsaraf/Desktop/work/temporal/common/log/with_logger.go:61"}
2025-03-19T11:38:44.848-0400	debug	Workflow task updated	{"host": "127.0.0.1:63280", "shard-id": 4, "address": "127.0.0.1:63280", "wf-scheduled-event-id": 0, "wf-started-event-id": 0, "workflow-task-request-id": "emptyUuid", "workflow-task-timeout": 0, "attempt": 1, "wf-started-timestamp": "1970-01-01T00:00:00.000Z", "wt-type": "Unspecified", "logging-call-at": "/Users/shivamsaraf/Desktop/work/temporal/common/log/with_logger.go:61"}
2025-03-19T11:38:44.848-0400	debug	update state change	{"host": "127.0.0.1:63280", "shard-id": 4, "address": "127.0.0.1:63280", "wf-namespace-id": "d0b550e3-6091-4a9b-a9aa-3d80ffb24954", "wf-id": "temporal-sys-worker-deployment-version:rrentVersion_Batching-564e9892_deployment_series.rrentVersion_Batching-564e9892_build_id", "wf-run-id": "0195af0e-98a0-7d94-93e5-2a1d2e5942f8", "update-id": "f0d36b19-cd1f-4a45-b1ba-fca57022382d", "from-state": "Sent", "to-state": "ProvisionallyAccepted", "logging-call-at": "/Users/shivamsaraf/Desktop/work/temporal/common/log/with_logger.go:61"}
2025-03-19T11:38:44.848-0400	debug	Assigning new task key	{"host": "127.0.0.1:63280", "shard-id": 4, "address": "127.0.0.1:63280", "wf-namespace-id": "d0b550e3-6091-4a9b-a9aa-3d80ffb24954", "wf-id": "temporal-sys-worker-deployment-version:rrentVersion_Batching-564e9892_deployment_series.rrentVersion_Batching-564e9892_build_id", "wf-run-id": "0195af0e-98a0-7d94-93e5-2a1d2e5942f8", "queue-task-type": "TransferActivityTask", "queue-task-id": 1048741, "timestamp": "2025-03-19T15:38:44.848Z", "cursor-timestamp": "2025-03-19T15:38:45.808Z", "logging-call-at": "/Users/shivamsaraf/Desktop/work/temporal/common/log/with_logger.go:61"}
2025-03-19T11:38:44.851-0400	debug	update state change	{"host": "127.0.0.1:63280", "shard-id": 4, "address": "127.0.0.1:63280", "wf-namespace-id": "d0b550e3-6091-4a9b-a9aa-3d80ffb24954", "wf-id": "temporal-sys-worker-deployment-version:rrentVersion_Batching-564e9892_deployment_series.rrentVersion_Batching-564e9892_build_id", "wf-run-id": "0195af0e-98a0-7d94-93e5-2a1d2e5942f8", "update-id": "f0d36b19-cd1f-4a45-b1ba-fca57022382d", "from-state": "ProvisionallyAccepted", "to-state": "Accepted", "logging-call-at": "/Users/shivamsaraf/Desktop/work/temporal/common/log/with_logger.go:61"}
2025-03-19T11:38:44.852-0400	debug	Process task as active.	{"host": "127.0.0.1:63280", "shard-id": 4, "address": "127.0.0.1:63280", "component": "transfer-queue-processor", "wf-namespace-id": "d0b550e3-6091-4a9b-a9aa-3d80ffb24954", "value": "d0b550e3-6091-4a9b-a9aa-3d80ffb24954/temporal-sys-worker-deployment-version:rrentVersion_Batching-564e9892_deployment_series.rrentVersion_Batching-564e9892_build_id/0195af0e-98a0-7d94-93e5-2a1d2e5942f8", "logging-call-at": "/Users/shivamsaraf/Desktop/work/temporal/common/log/with_logger.go:61"}
2025-03-19T11:38:44.853-0400	debug	Assigning new task key	{"host": "127.0.0.1:63280", "shard-id": 4, "address": "127.0.0.1:63280", "wf-namespace-id": "d0b550e3-6091-4a9b-a9aa-3d80ffb24954", "wf-id": "temporal-sys-worker-deployment-version:rrentVersion_Batching-564e9892_deployment_series.rrentVersion_Batching-564e9892_build_id", "wf-run-id": "0195af0e-98a0-7d94-93e5-2a1d2e5942f8", "queue-task-type": "ActivityTimeout", "queue-task-id": 1048742, "timestamp": "2025-03-19T15:39:44.853Z", "cursor-timestamp": "2025-03-19T15:38:45.851Z", "logging-call-at": "/Users/shivamsaraf/Desktop/work/temporal/common/log/with_logger.go:61"}
2025-03-19T11:38:44.856-0400	info	syncing task queue userdata for deployment version	{"host": "127.0.0.1:63281", "Namespace": "namespace-ec265ab4-426c-4316-a4b3-47fc66311932", "TaskQueue": "temporal-sys-per-ns-tq", "WorkerID": "temporal-system@Shivams-MacBook-Pro.local@namespace-ec265ab4-426c-4316-a4b3-47fc66311932", "ActivityID": "66", "ActivityType": "SyncDeploymentVersionUserData", "Attempt": 1, "WorkflowType": "temporal-sys-worker-deployment-version-workflow", "WorkflowID": "temporal-sys-worker-deployment-version:rrentVersion_Batching-564e9892_deployment_series.rrentVersion_Batching-564e9892_build_id", "RunID": "0195af0e-98a0-7d94-93e5-2a1d2e5942f8", "taskQueue": "rrentVersion_Batching-564e9892_task_queue_0", "types": [1], "logging-call-at": "/Users/shivamsaraf/Desktop/work/temporal/common/log/with_logger.go:66"}
2025-03-19T11:38:44.856-0400	debug	Frontend method invoked.	{"host": "127.0.0.1:63278", "wf-namespace": "namespace-ec265ab4-426c-4316-a4b3-47fc66311932", "operation": "PollActivityTaskQueue", "server-name": "", "cert-thumbprint": "", "logging-call-at": "/Users/shivamsaraf/Desktop/work/temporal/common/log/with_logger.go:61"}
2025-03-19T11:38:44.856-0400	debug	Received PollActivityTaskQueue	{"host": "127.0.0.1:63278", "service": "frontend", "logging-call-at": "/Users/shivamsaraf/Desktop/work/temporal/common/log/with_logger.go:61"}
2025-03-19T11:38:44.958-0400	info	modified user data	{"host": "127.0.0.1:63279", "component": "matching-engine", "wf-task-queue-name": "rrentVersion_Batching-564e9892_task_queue_0", "wf-task-queue-type": "Workflow", "wf-namespace": "namespace-ec265ab4-426c-4316-a4b3-47fc66311932", "user-data-update-source": "SyncDeploymentUserData", "user-data-version": 1, "timestamp": "2025-03-19T15:38:44.856Z", "logging-call-at": "/Users/shivamsaraf/Desktop/work/temporal/common/log/with_logger.go:66"}
2025-03-19T11:38:44.958-0400	debug	user data changed while blocked in long poll	{"host": "127.0.0.1:63279", "component": "matching-engine", "wf-task-queue-name": "rrentVersion_Batching-564e9892_task_queue_0", "wf-task-queue-type": "Workflow", "wf-namespace": "namespace-ec265ab4-426c-4316-a4b3-47fc66311932", "logging-call-at": "/Users/shivamsaraf/Desktop/work/temporal/common/log/with_logger.go:61"}
2025-03-19T11:38:44.958-0400	debug	user data changed while blocked in long poll	{"host": "127.0.0.1:63279", "component": "matching-engine", "wf-task-queue-name": "rrentVersion_Batching-564e9892_task_queue_0", "wf-task-queue-type": "Workflow", "wf-namespace": "namespace-ec265ab4-426c-4316-a4b3-47fc66311932", "logging-call-at": "/Users/shivamsaraf/Desktop/work/temporal/common/log/with_logger.go:61"}
2025-03-19T11:38:44.958-0400	info	returning user data	{"host": "127.0.0.1:63279", "component": "matching-engine", "wf-task-queue-name": "rrentVersion_Batching-564e9892_task_queue_0", "wf-task-queue-type": "Workflow", "wf-namespace": "namespace-ec265ab4-426c-4316-a4b3-47fc66311932", "long-poll": true, "request-known-version": 0, "user-data-version": 1, "logging-call-at": "/Users/shivamsaraf/Desktop/work/temporal/common/log/with_logger.go:66"}
2025-03-19T11:38:44.958-0400	debug	user data changed while blocked in long poll	{"host": "127.0.0.1:63279", "component": "matching-engine", "wf-task-queue-name": "rrentVersion_Batching-564e9892_task_queue_0", "wf-task-queue-type": "Workflow", "wf-namespace": "namespace-ec265ab4-426c-4316-a4b3-47fc66311932", "logging-call-at": "/Users/shivamsaraf/Desktop/work/temporal/common/log/with_logger.go:61"}
2025-03-19T11:38:44.958-0400	info	returning user data	{"host": "127.0.0.1:63279", "component": "matching-engine", "wf-task-queue-name": "rrentVersion_Batching-564e9892_task_queue_0", "wf-task-queue-type": "Workflow", "wf-namespace": "namespace-ec265ab4-426c-4316-a4b3-47fc66311932", "long-poll": true, "request-known-version": 0, "user-data-version": 1, "logging-call-at": "/Users/shivamsaraf/Desktop/work/temporal/common/log/with_logger.go:66"}
2025-03-19T11:38:44.958-0400	info	returning user data	{"host": "127.0.0.1:63279", "component": "matching-engine", "wf-task-queue-name": "rrentVersion_Batching-564e9892_task_queue_0", "wf-task-queue-type": "Workflow", "wf-namespace": "namespace-ec265ab4-426c-4316-a4b3-47fc66311932", "long-poll": true, "request-known-version": 0, "user-data-version": 1, "logging-call-at": "/Users/shivamsaraf/Desktop/work/temporal/common/log/with_logger.go:66"}
2025-03-19T11:38:44.958-0400	info	fetched user data from parent	{"host": "127.0.0.1:63279", "component": "matching-engine", "wf-task-queue-name": "/_sys/rrentVersion_Batching-564e9892_task_queue_0/1", "wf-task-queue-type": "Workflow", "wf-namespace": "namespace-ec265ab4-426c-4316-a4b3-47fc66311932", "user-data-version": 1, "timestamp": "2025-03-19T15:38:44.856Z", "logging-call-at": "/Users/shivamsaraf/Desktop/work/temporal/common/log/with_logger.go:66"}
2025-03-19T11:38:44.958-0400	info	fetched user data from parent	{"host": "127.0.0.1:63279", "component": "matching-engine", "wf-task-queue-name": "/_sys/rrentVersion_Batching-564e9892_task_queue_0/2", "wf-task-queue-type": "Workflow", "wf-namespace": "namespace-ec265ab4-426c-4316-a4b3-47fc66311932", "user-data-version": 1, "timestamp": "2025-03-19T15:38:44.856Z", "logging-call-at": "/Users/shivamsaraf/Desktop/work/temporal/common/log/with_logger.go:66"}
2025-03-19T11:38:44.958-0400	info	fetched user data from parent	{"host": "127.0.0.1:63279", "component": "matching-engine", "wf-task-queue-name": "/_sys/rrentVersion_Batching-564e9892_task_queue_0/3", "wf-task-queue-type": "Workflow", "wf-namespace": "namespace-ec265ab4-426c-4316-a4b3-47fc66311932", "user-data-version": 1, "timestamp": "2025-03-19T15:38:44.856Z", "logging-call-at": "/Users/shivamsaraf/Desktop/work/temporal/common/log/with_logger.go:66"}
2025-03-19T11:38:44.958-0400	debug	Frontend method invoked.	{"host": "127.0.0.1:63278", "wf-namespace": "namespace-ec265ab4-426c-4316-a4b3-47fc66311932", "operation": "RespondActivityTaskCompleted", "server-name": "", "cert-thumbprint": "", "logging-call-at": "/Users/shivamsaraf/Desktop/work/temporal/common/log/with_logger.go:61"}
2025-03-19T11:38:44.959-0400	debug	Workflow task updated	{"host": "127.0.0.1:63280", "shard-id": 4, "address": "127.0.0.1:63280", "wf-scheduled-event-id": 69, "wf-started-event-id": 0, "workflow-task-request-id": "emptyUuid", "workflow-task-timeout": 10, "attempt": 1, "wf-started-timestamp": "0001-01-01T00:00:00.000Z", "wt-type": "Normal", "logging-call-at": "/Users/shivamsaraf/Desktop/work/temporal/common/log/with_logger.go:61"}
2025-03-19T11:38:44.959-0400	debug	Assigning new task key	{"host": "127.0.0.1:63280", "shard-id": 4, "address": "127.0.0.1:63280", "wf-namespace-id": "d0b550e3-6091-4a9b-a9aa-3d80ffb24954", "wf-id": "temporal-sys-worker-deployment-version:rrentVersion_Batching-564e9892_deployment_series.rrentVersion_Batching-564e9892_build_id", "wf-run-id": "0195af0e-98a0-7d94-93e5-2a1d2e5942f8", "queue-task-type": "WorkflowTaskTimeout", "queue-task-id": 1048748, "timestamp": "2025-03-19T15:38:49.960Z", "cursor-timestamp": "2025-03-19T15:38:45.851Z", "logging-call-at": "/Users/shivamsaraf/Desktop/work/temporal/common/log/with_logger.go:61"}
2025-03-19T11:38:44.959-0400	debug	Assigning new task key	{"host": "127.0.0.1:63280", "shard-id": 4, "address": "127.0.0.1:63280", "wf-namespace-id": "d0b550e3-6091-4a9b-a9aa-3d80ffb24954", "wf-id": "temporal-sys-worker-deployment-version:rrentVersion_Batching-564e9892_deployment_series.rrentVersion_Batching-564e9892_build_id", "wf-run-id": "0195af0e-98a0-7d94-93e5-2a1d2e5942f8", "queue-task-type": "TransferWorkflowTask", "queue-task-id": 1048749, "timestamp": "2025-03-19T15:38:44.959Z", "cursor-timestamp": "2025-03-19T15:38:45.851Z", "logging-call-at": "/Users/shivamsaraf/Desktop/work/temporal/common/log/with_logger.go:61"}
2025-03-19T11:38:44.965-0400	debug	Process task as active.	{"host": "127.0.0.1:63280", "shard-id": 4, "address": "127.0.0.1:63280", "component": "transfer-queue-processor", "wf-namespace-id": "d0b550e3-6091-4a9b-a9aa-3d80ffb24954", "value": "d0b550e3-6091-4a9b-a9aa-3d80ffb24954/temporal-sys-worker-deployment-version:rrentVersion_Batching-564e9892_deployment_series.rrentVersion_Batching-564e9892_build_id/0195af0e-98a0-7d94-93e5-2a1d2e5942f8", "logging-call-at": "/Users/shivamsaraf/Desktop/work/temporal/common/log/with_logger.go:61"}
2025-03-19T11:38:44.966-0400	debug	Workflow task updated	{"host": "127.0.0.1:63280", "shard-id": 4, "address": "127.0.0.1:63280", "wf-scheduled-event-id": 69, "wf-started-event-id": 70, "workflow-task-request-id": "d8ba3d23-e88f-4bcd-ad7b-2d8852eba6d9", "workflow-task-timeout": 10, "attempt": 1, "wf-started-timestamp": "2025-03-19T15:38:44.966Z", "wt-type": "Normal", "logging-call-at": "/Users/shivamsaraf/Desktop/work/temporal/common/log/with_logger.go:61"}
2025-03-19T11:38:44.966-0400	debug	Assigning new task key	{"host": "127.0.0.1:63280", "shard-id": 4, "address": "127.0.0.1:63280", "wf-namespace-id": "d0b550e3-6091-4a9b-a9aa-3d80ffb24954", "wf-id": "temporal-sys-worker-deployment-version:rrentVersion_Batching-564e9892_deployment_series.rrentVersion_Batching-564e9892_build_id", "wf-run-id": "0195af0e-98a0-7d94-93e5-2a1d2e5942f8", "queue-task-type": "WorkflowTaskTimeout", "queue-task-id": 1048752, "timestamp": "2025-03-19T15:38:54.967Z", "cursor-timestamp": "2025-03-19T15:38:45.964Z", "logging-call-at": "/Users/shivamsaraf/Desktop/work/temporal/common/log/with_logger.go:61"}
2025-03-19T11:38:44.974-0400	debug	ExecuteActivity	{"host": "127.0.0.1:63281", "Namespace": "namespace-ec265ab4-426c-4316-a4b3-47fc66311932", "TaskQueue": "temporal-sys-per-ns-tq", "WorkerID": "temporal-system@Shivams-MacBook-Pro.local@namespace-ec265ab4-426c-4316-a4b3-47fc66311932", "WorkflowType": "temporal-sys-worker-deployment-version-workflow", "WorkflowID": "temporal-sys-worker-deployment-version:rrentVersion_Batching-564e9892_deployment_series.rrentVersion_Batching-564e9892_build_id", "RunID": "0195af0e-98a0-7d94-93e5-2a1d2e5942f8", "Attempt": 0, "ActivityID": "72", "ActivityType": "CheckWorkerDeploymentUserDataPropagation", "logging-call-at": "/Users/shivamsaraf/Desktop/work/temporal/common/log/with_logger.go:61"}
2025-03-19T11:38:44.974-0400	debug	Frontend method invoked.	{"host": "127.0.0.1:63278", "wf-namespace": "namespace-ec265ab4-426c-4316-a4b3-47fc66311932", "operation": "PollWorkflowTaskQueue", "server-name": "", "cert-thumbprint": "", "logging-call-at": "/Users/shivamsaraf/Desktop/work/temporal/common/log/with_logger.go:61"}
2025-03-19T11:38:44.974-0400	debug	Received PollWorkflowTaskQueue	{"host": "127.0.0.1:63278", "service": "frontend", "logging-call-at": "/Users/shivamsaraf/Desktop/work/temporal/common/log/with_logger.go:61"}
2025-03-19T11:38:44.974-0400	debug	Poll workflow task queue.	{"host": "127.0.0.1:63278", "service": "frontend", "wf-namespace": "namespace-ec265ab4-426c-4316-a4b3-47fc66311932", "wf-namespace-id": "d0b550e3-6091-4a9b-a9aa-3d80ffb24954", "logging-call-at": "/Users/shivamsaraf/Desktop/work/temporal/common/log/with_logger.go:61"}
2025-03-19T11:38:44.975-0400	debug	Frontend method invoked.	{"host": "127.0.0.1:63278", "wf-namespace": "namespace-ec265ab4-426c-4316-a4b3-47fc66311932", "operation": "RespondWorkflowTaskCompleted", "server-name": "", "cert-thumbprint": "", "logging-call-at": "/Users/shivamsaraf/Desktop/work/temporal/common/log/with_logger.go:61"}
2025-03-19T11:38:44.975-0400	debug	RespondWorkflowTaskCompleted	{"host": "127.0.0.1:63280", "service": "history", "wf-namespace-id": "d0b550e3-6091-4a9b-a9aa-3d80ffb24954", "wf-id": "temporal-sys-worker-deployment-version:rrentVersion_Batching-564e9892_deployment_series.rrentVersion_Batching-564e9892_build_id", "wf-run-id": "0195af0e-98a0-7d94-93e5-2a1d2e5942f8", "wf-scheduled-event-id": 69, "logging-call-at": "/Users/shivamsaraf/Desktop/work/temporal/common/log/with_logger.go:61"}
2025-03-19T11:38:44.975-0400	debug	Workflow task updated	{"host": "127.0.0.1:63280", "shard-id": 4, "address": "127.0.0.1:63280", "wf-scheduled-event-id": 0, "wf-started-event-id": 0, "workflow-task-request-id": "emptyUuid", "workflow-task-timeout": 0, "attempt": 1, "wf-started-timestamp": "1970-01-01T00:00:00.000Z", "wt-type": "Unspecified", "logging-call-at": "/Users/shivamsaraf/Desktop/work/temporal/common/log/with_logger.go:61"}
2025-03-19T11:38:44.976-0400	debug	Assigning new task key	{"host": "127.0.0.1:63280", "shard-id": 4, "address": "127.0.0.1:63280", "wf-namespace-id": "d0b550e3-6091-4a9b-a9aa-3d80ffb24954", "wf-id": "temporal-sys-worker-deployment-version:rrentVersion_Batching-564e9892_deployment_series.rrentVersion_Batching-564e9892_build_id", "wf-run-id": "0195af0e-98a0-7d94-93e5-2a1d2e5942f8", "queue-task-type": "TransferActivityTask", "queue-task-id": 1048757, "timestamp": "2025-03-19T15:38:44.976Z", "cursor-timestamp": "2025-03-19T15:38:45.964Z", "logging-call-at": "/Users/shivamsaraf/Desktop/work/temporal/common/log/with_logger.go:61"}
2025-03-19T11:38:44.980-0400	debug	Process task as active.	{"host": "127.0.0.1:63280", "shard-id": 4, "address": "127.0.0.1:63280", "component": "transfer-queue-processor", "wf-namespace-id": "d0b550e3-6091-4a9b-a9aa-3d80ffb24954", "value": "d0b550e3-6091-4a9b-a9aa-3d80ffb24954/temporal-sys-worker-deployment-version:rrentVersion_Batching-564e9892_deployment_series.rrentVersion_Batching-564e9892_build_id/0195af0e-98a0-7d94-93e5-2a1d2e5942f8", "logging-call-at": "/Users/shivamsaraf/Desktop/work/temporal/common/log/with_logger.go:61"}
2025-03-19T11:38:44.981-0400	debug	Assigning new task key	{"host": "127.0.0.1:63280", "shard-id": 4, "address": "127.0.0.1:63280", "wf-namespace-id": "d0b550e3-6091-4a9b-a9aa-3d80ffb24954", "wf-id": "temporal-sys-worker-deployment-version:rrentVersion_Batching-564e9892_deployment_series.rrentVersion_Batching-564e9892_build_id", "wf-run-id": "0195af0e-98a0-7d94-93e5-2a1d2e5942f8", "queue-task-type": "ActivityTimeout", "queue-task-id": 1048758, "timestamp": "2025-03-19T15:39:44.982Z", "cursor-timestamp": "2025-03-19T15:38:45.979Z", "logging-call-at": "/Users/shivamsaraf/Desktop/work/temporal/common/log/with_logger.go:61"}
2025-03-19T11:38:44.985-0400	info	waiting for userdata propagation	{"host": "127.0.0.1:63281", "Namespace": "namespace-ec265ab4-426c-4316-a4b3-47fc66311932", "TaskQueue": "temporal-sys-per-ns-tq", "WorkerID": "temporal-system@Shivams-MacBook-Pro.local@namespace-ec265ab4-426c-4316-a4b3-47fc66311932", "ActivityID": "72", "ActivityType": "CheckWorkerDeploymentUserDataPropagation", "Attempt": 1, "WorkflowType": "temporal-sys-worker-deployment-version-workflow", "WorkflowID": "temporal-sys-worker-deployment-version:rrentVersion_Batching-564e9892_deployment_series.rrentVersion_Batching-564e9892_build_id", "RunID": "0195af0e-98a0-7d94-93e5-2a1d2e5942f8", "taskQueue": "rrentVersion_Batching-564e9892_task_queue_0", "version": 1, "logging-call-at": "/Users/shivamsaraf/Desktop/work/temporal/common/log/with_logger.go:66"}
2025-03-19T11:38:44.985-0400	debug	Frontend method invoked.	{"host": "127.0.0.1:63278", "wf-namespace": "namespace-ec265ab4-426c-4316-a4b3-47fc66311932", "operation": "PollActivityTaskQueue", "server-name": "", "cert-thumbprint": "", "logging-call-at": "/Users/shivamsaraf/Desktop/work/temporal/common/log/with_logger.go:61"}
2025-03-19T11:38:44.985-0400	debug	Received PollActivityTaskQueue	{"host": "127.0.0.1:63278", "service": "frontend", "logging-call-at": "/Users/shivamsaraf/Desktop/work/temporal/common/log/with_logger.go:61"}
2025-03-19T11:38:44.986-0400	info	matching client encountered error	{"host": "127.0.0.1:63279", "error": "partition was not loaded", "service-error-type": "serviceerror.FailedPrecondition", "logging-call-at": "/Users/shivamsaraf/Desktop/work/temporal/common/log/with_logger.go:66"}
2025-03-19T11:38:44.986-0400	info	returning user data	{"host": "127.0.0.1:63279", "component": "matching-engine", "wf-task-queue-name": "/_sys/rrentVersion_Batching-564e9892_task_queue_0/1", "wf-task-queue-type": "Workflow", "wf-namespace": "namespace-ec265ab4-426c-4316-a4b3-47fc66311932", "long-poll": true, "request-known-version": 0, "user-data-version": 1, "logging-call-at": "/Users/shivamsaraf/Desktop/work/temporal/common/log/with_logger.go:66"}
2025-03-19T11:38:44.986-0400	info	returning user data	{"host": "127.0.0.1:63279", "component": "matching-engine", "wf-task-queue-name": "/_sys/rrentVersion_Batching-564e9892_task_queue_0/3", "wf-task-queue-type": "Workflow", "wf-namespace": "namespace-ec265ab4-426c-4316-a4b3-47fc66311932", "long-poll": true, "request-known-version": 0, "user-data-version": 1, "logging-call-at": "/Users/shivamsaraf/Desktop/work/temporal/common/log/with_logger.go:66"}
2025-03-19T11:38:44.986-0400	info	matching client encountered error	{"host": "127.0.0.1:63279", "error": "partition was not loaded", "service-error-type": "serviceerror.FailedPrecondition", "logging-call-at": "/Users/shivamsaraf/Desktop/work/temporal/common/log/with_logger.go:66"}
2025-03-19T11:38:44.986-0400	info	returning user data	{"host": "127.0.0.1:63279", "component": "matching-engine", "wf-task-queue-name": "/_sys/rrentVersion_Batching-564e9892_task_queue_0/2", "wf-task-queue-type": "Workflow", "wf-namespace": "namespace-ec265ab4-426c-4316-a4b3-47fc66311932", "long-poll": true, "request-known-version": 0, "user-data-version": 1, "logging-call-at": "/Users/shivamsaraf/Desktop/work/temporal/common/log/with_logger.go:66"}
2025-03-19T11:38:44.986-0400	info	matching client encountered error	{"host": "127.0.0.1:63279", "error": "partition was not loaded", "service-error-type": "serviceerror.FailedPrecondition", "logging-call-at": "/Users/shivamsaraf/Desktop/work/temporal/common/log/with_logger.go:66"}
2025-03-19T11:38:44.986-0400	info	matching client encountered error	{"host": "127.0.0.1:63279", "error": "partition was not loaded", "service-error-type": "serviceerror.FailedPrecondition", "logging-call-at": "/Users/shivamsaraf/Desktop/work/temporal/common/log/with_logger.go:66"}
2025-03-19T11:38:44.987-0400	debug	Frontend method invoked.	{"host": "127.0.0.1:63278", "wf-namespace": "namespace-ec265ab4-426c-4316-a4b3-47fc66311932", "operation": "RespondActivityTaskCompleted", "server-name": "", "cert-thumbprint": "", "logging-call-at": "/Users/shivamsaraf/Desktop/work/temporal/common/log/with_logger.go:61"}
2025-03-19T11:38:44.987-0400	debug	Workflow task updated	{"host": "127.0.0.1:63280", "shard-id": 4, "address": "127.0.0.1:63280", "wf-scheduled-event-id": 75, "wf-started-event-id": 0, "workflow-task-request-id": "emptyUuid", "workflow-task-timeout": 10, "attempt": 1, "wf-started-timestamp": "0001-01-01T00:00:00.000Z", "wt-type": "Normal", "logging-call-at": "/Users/shivamsaraf/Desktop/work/temporal/common/log/with_logger.go:61"}
2025-03-19T11:38:44.987-0400	debug	Assigning new task key	{"host": "127.0.0.1:63280", "shard-id": 4, "address": "127.0.0.1:63280", "wf-namespace-id": "d0b550e3-6091-4a9b-a9aa-3d80ffb24954", "wf-id": "temporal-sys-worker-deployment-version:rrentVersion_Batching-564e9892_deployment_series.rrentVersion_Batching-564e9892_build_id", "wf-run-id": "0195af0e-98a0-7d94-93e5-2a1d2e5942f8", "queue-task-type": "WorkflowTaskTimeout", "queue-task-id": 1048764, "timestamp": "2025-03-19T15:38:49.988Z", "cursor-timestamp": "2025-03-19T15:38:45.979Z", "logging-call-at": "/Users/shivamsaraf/Desktop/work/temporal/common/log/with_logger.go:61"}
2025-03-19T11:38:44.987-0400	debug	Assigning new task key	{"host": "127.0.0.1:63280", "shard-id": 4, "address": "127.0.0.1:63280", "wf-namespace-id": "d0b550e3-6091-4a9b-a9aa-3d80ffb24954", "wf-id": "temporal-sys-worker-deployment-version:rrentVersion_Batching-564e9892_deployment_series.rrentVersion_Batching-564e9892_build_id", "wf-run-id": "0195af0e-98a0-7d94-93e5-2a1d2e5942f8", "queue-task-type": "TransferWorkflowTask", "queue-task-id": 1048765, "timestamp": "2025-03-19T15:38:44.987Z", "cursor-timestamp": "2025-03-19T15:38:45.979Z", "logging-call-at": "/Users/shivamsaraf/Desktop/work/temporal/common/log/with_logger.go:61"}
2025-03-19T11:38:44.992-0400	debug	Process task as active.	{"host": "127.0.0.1:63280", "shard-id": 4, "address": "127.0.0.1:63280", "component": "transfer-queue-processor", "wf-namespace-id": "d0b550e3-6091-4a9b-a9aa-3d80ffb24954", "value": "d0b550e3-6091-4a9b-a9aa-3d80ffb24954/temporal-sys-worker-deployment-version:rrentVersion_Batching-564e9892_deployment_series.rrentVersion_Batching-564e9892_build_id/0195af0e-98a0-7d94-93e5-2a1d2e5942f8", "logging-call-at": "/Users/shivamsaraf/Desktop/work/temporal/common/log/with_logger.go:61"}
2025-03-19T11:38:44.992-0400	debug	Workflow task updated	{"host": "127.0.0.1:63280", "shard-id": 4, "address": "127.0.0.1:63280", "wf-scheduled-event-id": 75, "wf-started-event-id": 76, "workflow-task-request-id": "19e49a55-96ae-432c-b17e-4c6e3ab806d4", "workflow-task-timeout": 10, "attempt": 1, "wf-started-timestamp": "2025-03-19T15:38:44.992Z", "wt-type": "Normal", "logging-call-at": "/Users/shivamsaraf/Desktop/work/temporal/common/log/with_logger.go:61"}
2025-03-19T11:38:44.993-0400	debug	Assigning new task key	{"host": "127.0.0.1:63280", "shard-id": 4, "address": "127.0.0.1:63280", "wf-namespace-id": "d0b550e3-6091-4a9b-a9aa-3d80ffb24954", "wf-id": "temporal-sys-worker-deployment-version:rrentVersion_Batching-564e9892_deployment_series.rrentVersion_Batching-564e9892_build_id", "wf-run-id": "0195af0e-98a0-7d94-93e5-2a1d2e5942f8", "queue-task-type": "WorkflowTaskTimeout", "queue-task-id": 1048768, "timestamp": "2025-03-19T15:38:54.993Z", "cursor-timestamp": "2025-03-19T15:38:45.991Z", "logging-call-at": "/Users/shivamsaraf/Desktop/work/temporal/common/log/with_logger.go:61"}
2025-03-19T11:38:44.999-0400	debug	Frontend method invoked.	{"host": "127.0.0.1:63278", "wf-namespace": "namespace-ec265ab4-426c-4316-a4b3-47fc66311932", "operation": "PollWorkflowTaskQueue", "server-name": "", "cert-thumbprint": "", "logging-call-at": "/Users/shivamsaraf/Desktop/work/temporal/common/log/with_logger.go:61"}
2025-03-19T11:38:44.999-0400	debug	Received PollWorkflowTaskQueue	{"host": "127.0.0.1:63278", "service": "frontend", "logging-call-at": "/Users/shivamsaraf/Desktop/work/temporal/common/log/with_logger.go:61"}
2025-03-19T11:38:44.999-0400	debug	Poll workflow task queue.	{"host": "127.0.0.1:63278", "service": "frontend", "wf-namespace": "namespace-ec265ab4-426c-4316-a4b3-47fc66311932", "wf-namespace-id": "d0b550e3-6091-4a9b-a9aa-3d80ffb24954", "logging-call-at": "/Users/shivamsaraf/Desktop/work/temporal/common/log/with_logger.go:61"}
2025-03-19T11:38:44.999-0400	debug	Frontend method invoked.	{"host": "127.0.0.1:63278", "wf-namespace": "namespace-ec265ab4-426c-4316-a4b3-47fc66311932", "operation": "RespondWorkflowTaskCompleted", "server-name": "", "cert-thumbprint": "", "logging-call-at": "/Users/shivamsaraf/Desktop/work/temporal/common/log/with_logger.go:61"}
2025-03-19T11:38:44.999-0400	debug	RespondWorkflowTaskCompleted	{"host": "127.0.0.1:63280", "service": "history", "wf-namespace-id": "d0b550e3-6091-4a9b-a9aa-3d80ffb24954", "wf-id": "temporal-sys-worker-deployment-version:rrentVersion_Batching-564e9892_deployment_series.rrentVersion_Batching-564e9892_build_id", "wf-run-id": "0195af0e-98a0-7d94-93e5-2a1d2e5942f8", "wf-scheduled-event-id": 75, "logging-call-at": "/Users/shivamsaraf/Desktop/work/temporal/common/log/with_logger.go:61"}
2025-03-19T11:38:44.999-0400	debug	Workflow task updated	{"host": "127.0.0.1:63280", "shard-id": 4, "address": "127.0.0.1:63280", "wf-scheduled-event-id": 0, "wf-started-event-id": 0, "workflow-task-request-id": "emptyUuid", "workflow-task-timeout": 0, "attempt": 1, "wf-started-timestamp": "1970-01-01T00:00:00.000Z", "wt-type": "Unspecified", "logging-call-at": "/Users/shivamsaraf/Desktop/work/temporal/common/log/with_logger.go:61"}
2025-03-19T11:38:45.000-0400	debug	update state change	{"host": "127.0.0.1:63280", "shard-id": 4, "address": "127.0.0.1:63280", "wf-namespace-id": "d0b550e3-6091-4a9b-a9aa-3d80ffb24954", "wf-id": "temporal-sys-worker-deployment-version:rrentVersion_Batching-564e9892_deployment_series.rrentVersion_Batching-564e9892_build_id", "wf-run-id": "0195af0e-98a0-7d94-93e5-2a1d2e5942f8", "update-id": "f0d36b19-cd1f-4a45-b1ba-fca57022382d", "from-state": "Accepted", "to-state": "ProvisionallyCompleted", "logging-call-at": "/Users/shivamsaraf/Desktop/work/temporal/common/log/with_logger.go:61"}
2025-03-19T11:38:45.002-0400	debug	update state change	{"host": "127.0.0.1:63280", "shard-id": 4, "address": "127.0.0.1:63280", "wf-namespace-id": "d0b550e3-6091-4a9b-a9aa-3d80ffb24954", "wf-id": "temporal-sys-worker-deployment-version:rrentVersion_Batching-564e9892_deployment_series.rrentVersion_Batching-564e9892_build_id", "wf-run-id": "0195af0e-98a0-7d94-93e5-2a1d2e5942f8", "update-id": "f0d36b19-cd1f-4a45-b1ba-fca57022382d", "from-state": "ProvisionallyCompleted", "to-state": "Completed", "logging-call-at": "/Users/shivamsaraf/Desktop/work/temporal/common/log/with_logger.go:61"}
2025-03-19T11:38:45.003-0400	debug	Frontend method invoked.	{"host": "127.0.0.1:63278", "wf-namespace": "namespace-ec265ab4-426c-4316-a4b3-47fc66311932", "operation": "RespondActivityTaskCompleted", "server-name": "", "cert-thumbprint": "", "logging-call-at": "/Users/shivamsaraf/Desktop/work/temporal/common/log/with_logger.go:61"}
2025-03-19T11:38:45.003-0400	debug	Workflow task updated	{"host": "127.0.0.1:63280", "shard-id": 1, "address": "127.0.0.1:63280", "wf-scheduled-event-id": 81, "wf-started-event-id": 0, "workflow-task-request-id": "emptyUuid", "workflow-task-timeout": 10, "attempt": 1, "wf-started-timestamp": "0001-01-01T00:00:00.000Z", "wt-type": "Normal", "logging-call-at": "/Users/shivamsaraf/Desktop/work/temporal/common/log/with_logger.go:61"}
2025-03-19T11:38:45.003-0400	debug	Assigning new task key	{"host": "127.0.0.1:63280", "shard-id": 1, "address": "127.0.0.1:63280", "wf-namespace-id": "d0b550e3-6091-4a9b-a9aa-3d80ffb24954", "wf-id": "temporal-sys-worker-deployment:rrentVersion_Batching-564e9892_deployment_series", "wf-run-id": "0195af0e-960d-715f-b6c6-08dcdf4b78ec", "queue-task-type": "WorkflowTaskTimeout", "queue-task-id": 1048718, "timestamp": "2025-03-19T15:38:50.004Z", "cursor-timestamp": "2025-03-19T15:38:45.836Z", "logging-call-at": "/Users/shivamsaraf/Desktop/work/temporal/common/log/with_logger.go:61"}
2025-03-19T11:38:45.003-0400	debug	Assigning new task key	{"host": "127.0.0.1:63280", "shard-id": 1, "address": "127.0.0.1:63280", "wf-namespace-id": "d0b550e3-6091-4a9b-a9aa-3d80ffb24954", "wf-id": "temporal-sys-worker-deployment:rrentVersion_Batching-564e9892_deployment_series", "wf-run-id": "0195af0e-960d-715f-b6c6-08dcdf4b78ec", "queue-task-type": "TransferWorkflowTask", "queue-task-id": 1048719, "timestamp": "2025-03-19T15:38:45.003Z", "cursor-timestamp": "2025-03-19T15:38:45.836Z", "logging-call-at": "/Users/shivamsaraf/Desktop/work/temporal/common/log/with_logger.go:61"}
2025-03-19T11:38:45.007-0400	debug	Process task as active.	{"host": "127.0.0.1:63280", "shard-id": 1, "address": "127.0.0.1:63280", "component": "transfer-queue-processor", "wf-namespace-id": "d0b550e3-6091-4a9b-a9aa-3d80ffb24954", "value": "d0b550e3-6091-4a9b-a9aa-3d80ffb24954/temporal-sys-worker-deployment:rrentVersion_Batching-564e9892_deployment_series/0195af0e-960d-715f-b6c6-08dcdf4b78ec", "logging-call-at": "/Users/shivamsaraf/Desktop/work/temporal/common/log/with_logger.go:61"}
2025-03-19T11:38:45.008-0400	debug	Workflow task updated	{"host": "127.0.0.1:63280", "shard-id": 1, "address": "127.0.0.1:63280", "wf-scheduled-event-id": 81, "wf-started-event-id": 82, "workflow-task-request-id": "cbce0a52-b35f-4ec2-8eb0-aa37aad1c801", "workflow-task-timeout": 10, "attempt": 1, "wf-started-timestamp": "2025-03-19T15:38:45.008Z", "wt-type": "Normal", "logging-call-at": "/Users/shivamsaraf/Desktop/work/temporal/common/log/with_logger.go:61"}
2025-03-19T11:38:45.008-0400	debug	Assigning new task key	{"host": "127.0.0.1:63280", "shard-id": 1, "address": "127.0.0.1:63280", "wf-namespace-id": "d0b550e3-6091-4a9b-a9aa-3d80ffb24954", "wf-id": "temporal-sys-worker-deployment:rrentVersion_Batching-564e9892_deployment_series", "wf-run-id": "0195af0e-960d-715f-b6c6-08dcdf4b78ec", "queue-task-type": "WorkflowTaskTimeout", "queue-task-id": 1048722, "timestamp": "2025-03-19T15:38:55.009Z", "cursor-timestamp": "2025-03-19T15:38:46.007Z", "logging-call-at": "/Users/shivamsaraf/Desktop/work/temporal/common/log/with_logger.go:61"}
2025-03-19T11:38:45.014-0400	debug	ExecuteActivity	{"host": "127.0.0.1:63281", "Namespace": "namespace-ec265ab4-426c-4316-a4b3-47fc66311932", "TaskQueue": "temporal-sys-per-ns-tq", "WorkerID": "temporal-system@Shivams-MacBook-Pro.local@namespace-ec265ab4-426c-4316-a4b3-47fc66311932", "WorkflowType": "temporal-sys-worker-deployment-workflow", "WorkflowID": "temporal-sys-worker-deployment:rrentVersion_Batching-564e9892_deployment_series", "RunID": "0195af0e-960d-715f-b6c6-08dcdf4b78ec", "Attempt": 0, "ActivityID": "85", "ActivityType": "RegisterWorkerInVersion", "logging-call-at": "/Users/shivamsaraf/Desktop/work/temporal/common/log/with_logger.go:61"}
2025-03-19T11:38:45.014-0400	debug	Frontend method invoked.	{"host": "127.0.0.1:63278", "wf-namespace": "namespace-ec265ab4-426c-4316-a4b3-47fc66311932", "operation": "PollWorkflowTaskQueue", "server-name": "", "cert-thumbprint": "", "logging-call-at": "/Users/shivamsaraf/Desktop/work/temporal/common/log/with_logger.go:61"}
2025-03-19T11:38:45.014-0400	debug	Received PollWorkflowTaskQueue	{"host": "127.0.0.1:63278", "service": "frontend", "logging-call-at": "/Users/shivamsaraf/Desktop/work/temporal/common/log/with_logger.go:61"}
2025-03-19T11:38:45.014-0400	debug	Poll workflow task queue.	{"host": "127.0.0.1:63278", "service": "frontend", "wf-namespace": "namespace-ec265ab4-426c-4316-a4b3-47fc66311932", "wf-namespace-id": "d0b550e3-6091-4a9b-a9aa-3d80ffb24954", "logging-call-at": "/Users/shivamsaraf/Desktop/work/temporal/common/log/with_logger.go:61"}
2025-03-19T11:38:45.015-0400	debug	Frontend method invoked.	{"host": "127.0.0.1:63278", "wf-namespace": "namespace-ec265ab4-426c-4316-a4b3-47fc66311932", "operation": "RespondWorkflowTaskCompleted", "server-name": "", "cert-thumbprint": "", "logging-call-at": "/Users/shivamsaraf/Desktop/work/temporal/common/log/with_logger.go:61"}
2025-03-19T11:38:45.015-0400	debug	RespondWorkflowTaskCompleted	{"host": "127.0.0.1:63280", "service": "history", "wf-namespace-id": "d0b550e3-6091-4a9b-a9aa-3d80ffb24954", "wf-id": "temporal-sys-worker-deployment:rrentVersion_Batching-564e9892_deployment_series", "wf-run-id": "0195af0e-960d-715f-b6c6-08dcdf4b78ec", "wf-scheduled-event-id": 81, "logging-call-at": "/Users/shivamsaraf/Desktop/work/temporal/common/log/with_logger.go:61"}
2025-03-19T11:38:45.016-0400	debug	Workflow task updated	{"host": "127.0.0.1:63280", "shard-id": 1, "address": "127.0.0.1:63280", "wf-scheduled-event-id": 0, "wf-started-event-id": 0, "workflow-task-request-id": "emptyUuid", "workflow-task-timeout": 0, "attempt": 1, "wf-started-timestamp": "1970-01-01T00:00:00.000Z", "wt-type": "Unspecified", "logging-call-at": "/Users/shivamsaraf/Desktop/work/temporal/common/log/with_logger.go:61"}
2025-03-19T11:38:45.016-0400	debug	update state change	{"host": "127.0.0.1:63280", "shard-id": 1, "address": "127.0.0.1:63280", "wf-namespace-id": "d0b550e3-6091-4a9b-a9aa-3d80ffb24954", "wf-id": "temporal-sys-worker-deployment:rrentVersion_Batching-564e9892_deployment_series", "wf-run-id": "0195af0e-960d-715f-b6c6-08dcdf4b78ec", "update-id": "51690446-6731-46d6-a1ef-a3a4cf2ed8d9", "from-state": "Accepted", "to-state": "ProvisionallyCompleted", "logging-call-at": "/Users/shivamsaraf/Desktop/work/temporal/common/log/with_logger.go:61"}
2025-03-19T11:38:45.016-0400	debug	Assigning new task key	{"host": "127.0.0.1:63280", "shard-id": 1, "address": "127.0.0.1:63280", "wf-namespace-id": "d0b550e3-6091-4a9b-a9aa-3d80ffb24954", "wf-id": "temporal-sys-worker-deployment:rrentVersion_Batching-564e9892_deployment_series", "wf-run-id": "0195af0e-960d-715f-b6c6-08dcdf4b78ec", "queue-task-type": "TransferActivityTask", "queue-task-id": 1048728, "timestamp": "2025-03-19T15:38:45.016Z", "cursor-timestamp": "2025-03-19T15:38:46.007Z", "logging-call-at": "/Users/shivamsaraf/Desktop/work/temporal/common/log/with_logger.go:61"}
2025-03-19T11:38:45.019-0400	debug	update state change	{"host": "127.0.0.1:63280", "shard-id": 1, "address": "127.0.0.1:63280", "wf-namespace-id": "d0b550e3-6091-4a9b-a9aa-3d80ffb24954", "wf-id": "temporal-sys-worker-deployment:rrentVersion_Batching-564e9892_deployment_series", "wf-run-id": "0195af0e-960d-715f-b6c6-08dcdf4b78ec", "update-id": "51690446-6731-46d6-a1ef-a3a4cf2ed8d9", "from-state": "ProvisionallyCompleted", "to-state": "Completed", "logging-call-at": "/Users/shivamsaraf/Desktop/work/temporal/common/log/with_logger.go:61"}
2025-03-19T11:38:45.019-0400	debug	deployment client success	{"host": "127.0.0.1:63279", "operation": "RegisterTaskQueueWorker", "elapsed": 1.525287417, "args": ["rrentVersion_Batching-564e9892_task_queue_0",1,"matching service"], "logging-call-at": "/Users/shivamsaraf/Desktop/work/temporal/common/log/with_logger.go:61"}
2025-03-19T11:38:45.020-0400	debug	Process task as active.	{"host": "127.0.0.1:63280", "shard-id": 1, "address": "127.0.0.1:63280", "component": "transfer-queue-processor", "wf-namespace-id": "d0b550e3-6091-4a9b-a9aa-3d80ffb24954", "value": "d0b550e3-6091-4a9b-a9aa-3d80ffb24954/temporal-sys-worker-deployment:rrentVersion_Batching-564e9892_deployment_series/0195af0e-960d-715f-b6c6-08dcdf4b78ec", "logging-call-at": "/Users/shivamsaraf/Desktop/work/temporal/common/log/with_logger.go:61"}
2025-03-19T11:38:45.020-0400	debug	Assigning new task key	{"host": "127.0.0.1:63280", "shard-id": 1, "address": "127.0.0.1:63280", "wf-namespace-id": "d0b550e3-6091-4a9b-a9aa-3d80ffb24954", "wf-id": "temporal-sys-worker-deployment:rrentVersion_Batching-564e9892_deployment_series", "wf-run-id": "0195af0e-960d-715f-b6c6-08dcdf4b78ec", "queue-task-type": "ActivityTimeout", "queue-task-id": 1048730, "timestamp": "2025-03-19T15:39:45.021Z", "cursor-timestamp": "2025-03-19T15:38:46.019Z", "logging-call-at": "/Users/shivamsaraf/Desktop/work/temporal/common/log/with_logger.go:61"}
2025-03-19T11:38:45.024-0400	debug	Frontend method invoked.	{"host": "127.0.0.1:63278", "wf-namespace": "namespace-ec265ab4-426c-4316-a4b3-47fc66311932", "operation": "PollActivityTaskQueue", "server-name": "", "cert-thumbprint": "", "logging-call-at": "/Users/shivamsaraf/Desktop/work/temporal/common/log/with_logger.go:61"}
2025-03-19T11:38:45.024-0400	debug	Received PollActivityTaskQueue	{"host": "127.0.0.1:63278", "service": "frontend", "logging-call-at": "/Users/shivamsaraf/Desktop/work/temporal/common/log/with_logger.go:61"}
2025-03-19T11:38:45.025-0400	debug	update state change	{"host": "127.0.0.1:63280", "shard-id": 4, "address": "127.0.0.1:63280", "wf-namespace-id": "d0b550e3-6091-4a9b-a9aa-3d80ffb24954", "wf-id": "temporal-sys-worker-deployment-version:rrentVersion_Batching-564e9892_deployment_series.rrentVersion_Batching-564e9892_build_id", "wf-run-id": "0195af0e-98a0-7d94-93e5-2a1d2e5942f8", "update-id": "e32f6436-c3cd-4512-a728-6fba6091a525", "from-state": "Created", "to-state": "ProvisionallyAdmitted", "logging-call-at": "/Users/shivamsaraf/Desktop/work/temporal/common/log/with_logger.go:61"}
2025-03-19T11:38:45.025-0400	debug	update state change	{"host": "127.0.0.1:63280", "shard-id": 4, "address": "127.0.0.1:63280", "wf-namespace-id": "d0b550e3-6091-4a9b-a9aa-3d80ffb24954", "wf-id": "temporal-sys-worker-deployment-version:rrentVersion_Batching-564e9892_deployment_series.rrentVersion_Batching-564e9892_build_id", "wf-run-id": "0195af0e-98a0-7d94-93e5-2a1d2e5942f8", "update-id": "e32f6436-c3cd-4512-a728-6fba6091a525", "from-state": "ProvisionallyAdmitted", "to-state": "Admitted", "logging-call-at": "/Users/shivamsaraf/Desktop/work/temporal/common/log/with_logger.go:61"}
2025-03-19T11:38:45.025-0400	debug	Workflow task updated	{"host": "127.0.0.1:63280", "shard-id": 4, "address": "127.0.0.1:63280", "wf-scheduled-event-id": 79, "wf-started-event-id": 0, "workflow-task-request-id": "emptyUuid", "workflow-task-timeout": 10, "attempt": 1, "wf-started-timestamp": "0001-01-01T00:00:00.000Z", "wt-type": "Speculative", "logging-call-at": "/Users/shivamsaraf/Desktop/work/temporal/common/log/with_logger.go:61"}
2025-03-19T11:38:45.026-0400	debug	Workflow task updated	{"host": "127.0.0.1:63280", "shard-id": 4, "address": "127.0.0.1:63280", "wf-scheduled-event-id": 79, "wf-started-event-id": 80, "workflow-task-request-id": "1ac8fabb-4b3c-459c-903b-0a03773f2761", "workflow-task-timeout": 10, "attempt": 1, "wf-started-timestamp": "2025-03-19T15:38:45.026Z", "wt-type": "Speculative", "logging-call-at": "/Users/shivamsaraf/Desktop/work/temporal/common/log/with_logger.go:61"}
2025-03-19T11:38:45.026-0400	debug	update state change	{"host": "127.0.0.1:63280", "shard-id": 4, "address": "127.0.0.1:63280", "wf-namespace-id": "d0b550e3-6091-4a9b-a9aa-3d80ffb24954", "wf-id": "temporal-sys-worker-deployment-version:rrentVersion_Batching-564e9892_deployment_series.rrentVersion_Batching-564e9892_build_id", "wf-run-id": "0195af0e-98a0-7d94-93e5-2a1d2e5942f8", "update-id": "e32f6436-c3cd-4512-a728-6fba6091a525", "from-state": "Admitted", "to-state": "Sent", "logging-call-at": "/Users/shivamsaraf/Desktop/work/temporal/common/log/with_logger.go:61"}
2025-03-19T11:38:45.029-0400	debug	ExecuteActivity	{"host": "127.0.0.1:63281", "Namespace": "namespace-ec265ab4-426c-4316-a4b3-47fc66311932", "TaskQueue": "temporal-sys-per-ns-tq", "WorkerID": "temporal-system@Shivams-MacBook-Pro.local@namespace-ec265ab4-426c-4316-a4b3-47fc66311932", "WorkflowType": "temporal-sys-worker-deployment-version-workflow", "WorkflowID": "temporal-sys-worker-deployment-version:rrentVersion_Batching-564e9892_deployment_series.rrentVersion_Batching-564e9892_build_id", "RunID": "0195af0e-98a0-7d94-93e5-2a1d2e5942f8", "Attempt": 0, "ActivityID": "83", "ActivityType": "SyncDeploymentVersionUserData", "logging-call-at": "/Users/shivamsaraf/Desktop/work/temporal/common/log/with_logger.go:61"}
2025-03-19T11:38:45.029-0400	debug	Frontend method invoked.	{"host": "127.0.0.1:63278", "wf-namespace": "namespace-ec265ab4-426c-4316-a4b3-47fc66311932", "operation": "PollWorkflowTaskQueue", "server-name": "", "cert-thumbprint": "", "logging-call-at": "/Users/shivamsaraf/Desktop/work/temporal/common/log/with_logger.go:61"}
2025-03-19T11:38:45.029-0400	debug	Received PollWorkflowTaskQueue	{"host": "127.0.0.1:63278", "service": "frontend", "logging-call-at": "/Users/shivamsaraf/Desktop/work/temporal/common/log/with_logger.go:61"}
2025-03-19T11:38:45.029-0400	debug	Poll workflow task queue.	{"host": "127.0.0.1:63278", "service": "frontend", "wf-namespace": "namespace-ec265ab4-426c-4316-a4b3-47fc66311932", "wf-namespace-id": "d0b550e3-6091-4a9b-a9aa-3d80ffb24954", "logging-call-at": "/Users/shivamsaraf/Desktop/work/temporal/common/log/with_logger.go:61"}
2025-03-19T11:38:45.029-0400	debug	Frontend method invoked.	{"host": "127.0.0.1:63278", "wf-namespace": "namespace-ec265ab4-426c-4316-a4b3-47fc66311932", "operation": "RespondWorkflowTaskCompleted", "server-name": "", "cert-thumbprint": "", "logging-call-at": "/Users/shivamsaraf/Desktop/work/temporal/common/log/with_logger.go:61"}
2025-03-19T11:38:45.030-0400	debug	RespondWorkflowTaskCompleted	{"host": "127.0.0.1:63280", "service": "history", "wf-namespace-id": "d0b550e3-6091-4a9b-a9aa-3d80ffb24954", "wf-id": "temporal-sys-worker-deployment-version:rrentVersion_Batching-564e9892_deployment_series.rrentVersion_Batching-564e9892_build_id", "wf-run-id": "0195af0e-98a0-7d94-93e5-2a1d2e5942f8", "wf-scheduled-event-id": 79, "logging-call-at": "/Users/shivamsaraf/Desktop/work/temporal/common/log/with_logger.go:61"}
2025-03-19T11:38:45.030-0400	debug	Workflow task updated	{"host": "127.0.0.1:63280", "shard-id": 4, "address": "127.0.0.1:63280", "wf-scheduled-event-id": 0, "wf-started-event-id": 0, "workflow-task-request-id": "emptyUuid", "workflow-task-timeout": 0, "attempt": 1, "wf-started-timestamp": "1970-01-01T00:00:00.000Z", "wt-type": "Unspecified", "logging-call-at": "/Users/shivamsaraf/Desktop/work/temporal/common/log/with_logger.go:61"}
2025-03-19T11:38:45.030-0400	debug	update state change	{"host": "127.0.0.1:63280", "shard-id": 4, "address": "127.0.0.1:63280", "wf-namespace-id": "d0b550e3-6091-4a9b-a9aa-3d80ffb24954", "wf-id": "temporal-sys-worker-deployment-version:rrentVersion_Batching-564e9892_deployment_series.rrentVersion_Batching-564e9892_build_id", "wf-run-id": "0195af0e-98a0-7d94-93e5-2a1d2e5942f8", "update-id": "e32f6436-c3cd-4512-a728-6fba6091a525", "from-state": "Sent", "to-state": "ProvisionallyAccepted", "logging-call-at": "/Users/shivamsaraf/Desktop/work/temporal/common/log/with_logger.go:61"}
2025-03-19T11:38:45.030-0400	debug	Assigning new task key	{"host": "127.0.0.1:63280", "shard-id": 4, "address": "127.0.0.1:63280", "wf-namespace-id": "d0b550e3-6091-4a9b-a9aa-3d80ffb24954", "wf-id": "temporal-sys-worker-deployment-version:rrentVersion_Batching-564e9892_deployment_series.rrentVersion_Batching-564e9892_build_id", "wf-run-id": "0195af0e-98a0-7d94-93e5-2a1d2e5942f8", "queue-task-type": "TransferActivityTask", "queue-task-id": 1048785, "timestamp": "2025-03-19T15:38:45.030Z", "cursor-timestamp": "2025-03-19T15:38:45.991Z", "logging-call-at": "/Users/shivamsaraf/Desktop/work/temporal/common/log/with_logger.go:61"}
2025-03-19T11:38:45.033-0400	debug	update state change	{"host": "127.0.0.1:63280", "shard-id": 4, "address": "127.0.0.1:63280", "wf-namespace-id": "d0b550e3-6091-4a9b-a9aa-3d80ffb24954", "wf-id": "temporal-sys-worker-deployment-version:rrentVersion_Batching-564e9892_deployment_series.rrentVersion_Batching-564e9892_build_id", "wf-run-id": "0195af0e-98a0-7d94-93e5-2a1d2e5942f8", "update-id": "e32f6436-c3cd-4512-a728-6fba6091a525", "from-state": "ProvisionallyAccepted", "to-state": "Accepted", "logging-call-at": "/Users/shivamsaraf/Desktop/work/temporal/common/log/with_logger.go:61"}
2025-03-19T11:38:45.034-0400	debug	Process task as active.	{"host": "127.0.0.1:63280", "shard-id": 4, "address": "127.0.0.1:63280", "component": "transfer-queue-processor", "wf-namespace-id": "d0b550e3-6091-4a9b-a9aa-3d80ffb24954", "value": "d0b550e3-6091-4a9b-a9aa-3d80ffb24954/temporal-sys-worker-deployment-version:rrentVersion_Batching-564e9892_deployment_series.rrentVersion_Batching-564e9892_build_id/0195af0e-98a0-7d94-93e5-2a1d2e5942f8", "logging-call-at": "/Users/shivamsaraf/Desktop/work/temporal/common/log/with_logger.go:61"}
2025-03-19T11:38:45.035-0400	debug	Assigning new task key	{"host": "127.0.0.1:63280", "shard-id": 4, "address": "127.0.0.1:63280", "wf-namespace-id": "d0b550e3-6091-4a9b-a9aa-3d80ffb24954", "wf-id": "temporal-sys-worker-deployment-version:rrentVersion_Batching-564e9892_deployment_series.rrentVersion_Batching-564e9892_build_id", "wf-run-id": "0195af0e-98a0-7d94-93e5-2a1d2e5942f8", "queue-task-type": "ActivityTimeout", "queue-task-id": 1048786, "timestamp": "2025-03-19T15:39:45.036Z", "cursor-timestamp": "2025-03-19T15:38:46.033Z", "logging-call-at": "/Users/shivamsaraf/Desktop/work/temporal/common/log/with_logger.go:61"}
2025-03-19T11:38:45.038-0400	info	syncing task queue userdata for deployment version	{"host": "127.0.0.1:63281", "Namespace": "namespace-ec265ab4-426c-4316-a4b3-47fc66311932", "TaskQueue": "temporal-sys-per-ns-tq", "WorkerID": "temporal-system@Shivams-MacBook-Pro.local@namespace-ec265ab4-426c-4316-a4b3-47fc66311932", "ActivityID": "83", "ActivityType": "SyncDeploymentVersionUserData", "Attempt": 1, "WorkflowType": "temporal-sys-worker-deployment-version-workflow", "WorkflowID": "temporal-sys-worker-deployment-version:rrentVersion_Batching-564e9892_deployment_series.rrentVersion_Batching-564e9892_build_id", "RunID": "0195af0e-98a0-7d94-93e5-2a1d2e5942f8", "taskQueue": "rrentVersion_Batching-564e9892_task_queue_33", "types": [1], "logging-call-at": "/Users/shivamsaraf/Desktop/work/temporal/common/log/with_logger.go:66"}
2025-03-19T11:38:45.039-0400	debug	Frontend method invoked.	{"host": "127.0.0.1:63278", "wf-namespace": "namespace-ec265ab4-426c-4316-a4b3-47fc66311932", "operation": "PollActivityTaskQueue", "server-name": "", "cert-thumbprint": "", "logging-call-at": "/Users/shivamsaraf/Desktop/work/temporal/common/log/with_logger.go:61"}
2025-03-19T11:38:45.039-0400	debug	Received PollActivityTaskQueue	{"host": "127.0.0.1:63278", "service": "frontend", "logging-call-at": "/Users/shivamsaraf/Desktop/work/temporal/common/log/with_logger.go:61"}
2025-03-19T11:38:45.140-0400	info	modified user data	{"host": "127.0.0.1:63279", "component": "matching-engine", "wf-task-queue-name": "rrentVersion_Batching-564e9892_task_queue_33", "wf-task-queue-type": "Workflow", "wf-namespace": "namespace-ec265ab4-426c-4316-a4b3-47fc66311932", "user-data-update-source": "SyncDeploymentUserData", "user-data-version": 1, "timestamp": "2025-03-19T15:38:45.039Z", "logging-call-at": "/Users/shivamsaraf/Desktop/work/temporal/common/log/with_logger.go:66"}
2025-03-19T11:38:45.141-0400	debug	user data changed while blocked in long poll	{"host": "127.0.0.1:63279", "component": "matching-engine", "wf-task-queue-name": "rrentVersion_Batching-564e9892_task_queue_33", "wf-task-queue-type": "Workflow", "wf-namespace": "namespace-ec265ab4-426c-4316-a4b3-47fc66311932", "logging-call-at": "/Users/shivamsaraf/Desktop/work/temporal/common/log/with_logger.go:61"}
2025-03-19T11:38:45.141-0400	debug	user data changed while blocked in long poll	{"host": "127.0.0.1:63279", "component": "matching-engine", "wf-task-queue-name": "rrentVersion_Batching-564e9892_task_queue_33", "wf-task-queue-type": "Workflow", "wf-namespace": "namespace-ec265ab4-426c-4316-a4b3-47fc66311932", "logging-call-at": "/Users/shivamsaraf/Desktop/work/temporal/common/log/with_logger.go:61"}
2025-03-19T11:38:45.141-0400	debug	user data changed while blocked in long poll	{"host": "127.0.0.1:63279", "component": "matching-engine", "wf-task-queue-name": "rrentVersion_Batching-564e9892_task_queue_33", "wf-task-queue-type": "Workflow", "wf-namespace": "namespace-ec265ab4-426c-4316-a4b3-47fc66311932", "logging-call-at": "/Users/shivamsaraf/Desktop/work/temporal/common/log/with_logger.go:61"}
2025-03-19T11:38:45.141-0400	info	returning user data	{"host": "127.0.0.1:63279", "component": "matching-engine", "wf-task-queue-name": "rrentVersion_Batching-564e9892_task_queue_33", "wf-task-queue-type": "Workflow", "wf-namespace": "namespace-ec265ab4-426c-4316-a4b3-47fc66311932", "long-poll": true, "request-known-version": 0, "user-data-version": 1, "logging-call-at": "/Users/shivamsaraf/Desktop/work/temporal/common/log/with_logger.go:66"}
2025-03-19T11:38:45.141-0400	info	returning user data	{"host": "127.0.0.1:63279", "component": "matching-engine", "wf-task-queue-name": "rrentVersion_Batching-564e9892_task_queue_33", "wf-task-queue-type": "Workflow", "wf-namespace": "namespace-ec265ab4-426c-4316-a4b3-47fc66311932", "long-poll": true, "request-known-version": 0, "user-data-version": 1, "logging-call-at": "/Users/shivamsaraf/Desktop/work/temporal/common/log/with_logger.go:66"}
2025-03-19T11:38:45.141-0400	info	returning user data	{"host": "127.0.0.1:63279", "component": "matching-engine", "wf-task-queue-name": "rrentVersion_Batching-564e9892_task_queue_33", "wf-task-queue-type": "Workflow", "wf-namespace": "namespace-ec265ab4-426c-4316-a4b3-47fc66311932", "long-poll": true, "request-known-version": 0, "user-data-version": 1, "logging-call-at": "/Users/shivamsaraf/Desktop/work/temporal/common/log/with_logger.go:66"}
2025-03-19T11:38:45.141-0400	info	fetched user data from parent	{"host": "127.0.0.1:63279", "component": "matching-engine", "wf-task-queue-name": "/_sys/rrentVersion_Batching-564e9892_task_queue_33/3", "wf-task-queue-type": "Workflow", "wf-namespace": "namespace-ec265ab4-426c-4316-a4b3-47fc66311932", "user-data-version": 1, "timestamp": "2025-03-19T15:38:45.039Z", "logging-call-at": "/Users/shivamsaraf/Desktop/work/temporal/common/log/with_logger.go:66"}
2025-03-19T11:38:45.141-0400	info	fetched user data from parent	{"host": "127.0.0.1:63279", "component": "matching-engine", "wf-task-queue-name": "/_sys/rrentVersion_Batching-564e9892_task_queue_33/1", "wf-task-queue-type": "Workflow", "wf-namespace": "namespace-ec265ab4-426c-4316-a4b3-47fc66311932", "user-data-version": 1, "timestamp": "2025-03-19T15:38:45.039Z", "logging-call-at": "/Users/shivamsaraf/Desktop/work/temporal/common/log/with_logger.go:66"}
2025-03-19T11:38:45.141-0400	info	fetched user data from parent	{"host": "127.0.0.1:63279", "component": "matching-engine", "wf-task-queue-name": "/_sys/rrentVersion_Batching-564e9892_task_queue_33/2", "wf-task-queue-type": "Workflow", "wf-namespace": "namespace-ec265ab4-426c-4316-a4b3-47fc66311932", "user-data-version": 1, "timestamp": "2025-03-19T15:38:45.039Z", "logging-call-at": "/Users/shivamsaraf/Desktop/work/temporal/common/log/with_logger.go:66"}
2025-03-19T11:38:45.141-0400	debug	Frontend method invoked.	{"host": "127.0.0.1:63278", "wf-namespace": "namespace-ec265ab4-426c-4316-a4b3-47fc66311932", "operation": "RespondActivityTaskCompleted", "server-name": "", "cert-thumbprint": "", "logging-call-at": "/Users/shivamsaraf/Desktop/work/temporal/common/log/with_logger.go:61"}
2025-03-19T11:38:45.142-0400	debug	Workflow task updated	{"host": "127.0.0.1:63280", "shard-id": 4, "address": "127.0.0.1:63280", "wf-scheduled-event-id": 86, "wf-started-event-id": 0, "workflow-task-request-id": "emptyUuid", "workflow-task-timeout": 10, "attempt": 1, "wf-started-timestamp": "0001-01-01T00:00:00.000Z", "wt-type": "Normal", "logging-call-at": "/Users/shivamsaraf/Desktop/work/temporal/common/log/with_logger.go:61"}
2025-03-19T11:38:45.142-0400	debug	Assigning new task key	{"host": "127.0.0.1:63280", "shard-id": 4, "address": "127.0.0.1:63280", "wf-namespace-id": "d0b550e3-6091-4a9b-a9aa-3d80ffb24954", "wf-id": "temporal-sys-worker-deployment-version:rrentVersion_Batching-564e9892_deployment_series.rrentVersion_Batching-564e9892_build_id", "wf-run-id": "0195af0e-98a0-7d94-93e5-2a1d2e5942f8", "queue-task-type": "WorkflowTaskTimeout", "queue-task-id": 1048792, "timestamp": "2025-03-19T15:38:50.143Z", "cursor-timestamp": "2025-03-19T15:38:46.033Z", "logging-call-at": "/Users/shivamsaraf/Desktop/work/temporal/common/log/with_logger.go:61"}
2025-03-19T11:38:45.142-0400	debug	Assigning new task key	{"host": "127.0.0.1:63280", "shard-id": 4, "address": "127.0.0.1:63280", "wf-namespace-id": "d0b550e3-6091-4a9b-a9aa-3d80ffb24954", "wf-id": "temporal-sys-worker-deployment-version:rrentVersion_Batching-564e9892_deployment_series.rrentVersion_Batching-564e9892_build_id", "wf-run-id": "0195af0e-98a0-7d94-93e5-2a1d2e5942f8", "queue-task-type": "TransferWorkflowTask", "queue-task-id": 1048793, "timestamp": "2025-03-19T15:38:45.142Z", "cursor-timestamp": "2025-03-19T15:38:46.033Z", "logging-call-at": "/Users/shivamsaraf/Desktop/work/temporal/common/log/with_logger.go:61"}
2025-03-19T11:38:45.148-0400	debug	Process task as active.	{"host": "127.0.0.1:63280", "shard-id": 4, "address": "127.0.0.1:63280", "component": "transfer-queue-processor", "wf-namespace-id": "d0b550e3-6091-4a9b-a9aa-3d80ffb24954", "value": "d0b550e3-6091-4a9b-a9aa-3d80ffb24954/temporal-sys-worker-deployment-version:rrentVersion_Batching-564e9892_deployment_series.rrentVersion_Batching-564e9892_build_id/0195af0e-98a0-7d94-93e5-2a1d2e5942f8", "logging-call-at": "/Users/shivamsaraf/Desktop/work/temporal/common/log/with_logger.go:61"}
2025-03-19T11:38:45.149-0400	debug	Workflow task updated	{"host": "127.0.0.1:63280", "shard-id": 4, "address": "127.0.0.1:63280", "wf-scheduled-event-id": 86, "wf-started-event-id": 87, "workflow-task-request-id": "6c158263-0ea5-4071-9e1f-5edc6dfb667d", "workflow-task-timeout": 10, "attempt": 1, "wf-started-timestamp": "2025-03-19T15:38:45.149Z", "wt-type": "Normal", "logging-call-at": "/Users/shivamsaraf/Desktop/work/temporal/common/log/with_logger.go:61"}
2025-03-19T11:38:45.149-0400	debug	Assigning new task key	{"host": "127.0.0.1:63280", "shard-id": 4, "address": "127.0.0.1:63280", "wf-namespace-id": "d0b550e3-6091-4a9b-a9aa-3d80ffb24954", "wf-id": "temporal-sys-worker-deployment-version:rrentVersion_Batching-564e9892_deployment_series.rrentVersion_Batching-564e9892_build_id", "wf-run-id": "0195af0e-98a0-7d94-93e5-2a1d2e5942f8", "queue-task-type": "WorkflowTaskTimeout", "queue-task-id": 1048796, "timestamp": "2025-03-19T15:38:55.150Z", "cursor-timestamp": "2025-03-19T15:38:46.147Z", "logging-call-at": "/Users/shivamsaraf/Desktop/work/temporal/common/log/with_logger.go:61"}
2025-03-19T11:38:45.157-0400	debug	ExecuteActivity	{"host": "127.0.0.1:63281", "Namespace": "namespace-ec265ab4-426c-4316-a4b3-47fc66311932", "TaskQueue": "temporal-sys-per-ns-tq", "WorkerID": "temporal-system@Shivams-MacBook-Pro.local@namespace-ec265ab4-426c-4316-a4b3-47fc66311932", "WorkflowType": "temporal-sys-worker-deployment-version-workflow", "WorkflowID": "temporal-sys-worker-deployment-version:rrentVersion_Batching-564e9892_deployment_series.rrentVersion_Batching-564e9892_build_id", "RunID": "0195af0e-98a0-7d94-93e5-2a1d2e5942f8", "Attempt": 0, "ActivityID": "89", "ActivityType": "CheckWorkerDeploymentUserDataPropagation", "logging-call-at": "/Users/shivamsaraf/Desktop/work/temporal/common/log/with_logger.go:61"}
2025-03-19T11:38:45.157-0400	debug	Frontend method invoked.	{"host": "127.0.0.1:63278", "wf-namespace": "namespace-ec265ab4-426c-4316-a4b3-47fc66311932", "operation": "PollWorkflowTaskQueue", "server-name": "", "cert-thumbprint": "", "logging-call-at": "/Users/shivamsaraf/Desktop/work/temporal/common/log/with_logger.go:61"}
2025-03-19T11:38:45.157-0400	debug	Received PollWorkflowTaskQueue	{"host": "127.0.0.1:63278", "service": "frontend", "logging-call-at": "/Users/shivamsaraf/Desktop/work/temporal/common/log/with_logger.go:61"}
2025-03-19T11:38:45.157-0400	debug	Poll workflow task queue.	{"host": "127.0.0.1:63278", "service": "frontend", "wf-namespace": "namespace-ec265ab4-426c-4316-a4b3-47fc66311932", "wf-namespace-id": "d0b550e3-6091-4a9b-a9aa-3d80ffb24954", "logging-call-at": "/Users/shivamsaraf/Desktop/work/temporal/common/log/with_logger.go:61"}
2025-03-19T11:38:45.157-0400	debug	Frontend method invoked.	{"host": "127.0.0.1:63278", "wf-namespace": "namespace-ec265ab4-426c-4316-a4b3-47fc66311932", "operation": "RespondWorkflowTaskCompleted", "server-name": "", "cert-thumbprint": "", "logging-call-at": "/Users/shivamsaraf/Desktop/work/temporal/common/log/with_logger.go:61"}
2025-03-19T11:38:45.158-0400	debug	RespondWorkflowTaskCompleted	{"host": "127.0.0.1:63280", "service": "history", "wf-namespace-id": "d0b550e3-6091-4a9b-a9aa-3d80ffb24954", "wf-id": "temporal-sys-worker-deployment-version:rrentVersion_Batching-564e9892_deployment_series.rrentVersion_Batching-564e9892_build_id", "wf-run-id": "0195af0e-98a0-7d94-93e5-2a1d2e5942f8", "wf-scheduled-event-id": 86, "logging-call-at": "/Users/shivamsaraf/Desktop/work/temporal/common/log/with_logger.go:61"}
2025-03-19T11:38:45.158-0400	debug	Workflow task updated	{"host": "127.0.0.1:63280", "shard-id": 4, "address": "127.0.0.1:63280", "wf-scheduled-event-id": 0, "wf-started-event-id": 0, "workflow-task-request-id": "emptyUuid", "workflow-task-timeout": 0, "attempt": 1, "wf-started-timestamp": "1970-01-01T00:00:00.000Z", "wt-type": "Unspecified", "logging-call-at": "/Users/shivamsaraf/Desktop/work/temporal/common/log/with_logger.go:61"}
2025-03-19T11:38:45.158-0400	debug	Assigning new task key	{"host": "127.0.0.1:63280", "shard-id": 4, "address": "127.0.0.1:63280", "wf-namespace-id": "d0b550e3-6091-4a9b-a9aa-3d80ffb24954", "wf-id": "temporal-sys-worker-deployment-version:rrentVersion_Batching-564e9892_deployment_series.rrentVersion_Batching-564e9892_build_id", "wf-run-id": "0195af0e-98a0-7d94-93e5-2a1d2e5942f8", "queue-task-type": "TransferActivityTask", "queue-task-id": 1048801, "timestamp": "2025-03-19T15:38:45.158Z", "cursor-timestamp": "2025-03-19T15:38:46.147Z", "logging-call-at": "/Users/shivamsaraf/Desktop/work/temporal/common/log/with_logger.go:61"}
2025-03-19T11:38:45.163-0400	debug	Process task as active.	{"host": "127.0.0.1:63280", "shard-id": 4, "address": "127.0.0.1:63280", "component": "transfer-queue-processor", "wf-namespace-id": "d0b550e3-6091-4a9b-a9aa-3d80ffb24954", "value": "d0b550e3-6091-4a9b-a9aa-3d80ffb24954/temporal-sys-worker-deployment-version:rrentVersion_Batching-564e9892_deployment_series.rrentVersion_Batching-564e9892_build_id/0195af0e-98a0-7d94-93e5-2a1d2e5942f8", "logging-call-at": "/Users/shivamsaraf/Desktop/work/temporal/common/log/with_logger.go:61"}
2025-03-19T11:38:45.164-0400	debug	Assigning new task key	{"host": "127.0.0.1:63280", "shard-id": 4, "address": "127.0.0.1:63280", "wf-namespace-id": "d0b550e3-6091-4a9b-a9aa-3d80ffb24954", "wf-id": "temporal-sys-worker-deployment-version:rrentVersion_Batching-564e9892_deployment_series.rrentVersion_Batching-564e9892_build_id", "wf-run-id": "0195af0e-98a0-7d94-93e5-2a1d2e5942f8", "queue-task-type": "ActivityTimeout", "queue-task-id": 1048802, "timestamp": "2025-03-19T15:39:45.165Z", "cursor-timestamp": "2025-03-19T15:38:46.162Z", "logging-call-at": "/Users/shivamsaraf/Desktop/work/temporal/common/log/with_logger.go:61"}
2025-03-19T11:38:45.168-0400	info	waiting for userdata propagation	{"host": "127.0.0.1:63281", "Namespace": "namespace-ec265ab4-426c-4316-a4b3-47fc66311932", "TaskQueue": "temporal-sys-per-ns-tq", "WorkerID": "temporal-system@Shivams-MacBook-Pro.local@namespace-ec265ab4-426c-4316-a4b3-47fc66311932", "ActivityID": "89", "ActivityType": "CheckWorkerDeploymentUserDataPropagation", "Attempt": 1, "WorkflowType": "temporal-sys-worker-deployment-version-workflow", "WorkflowID": "temporal-sys-worker-deployment-version:rrentVersion_Batching-564e9892_deployment_series.rrentVersion_Batching-564e9892_build_id", "RunID": "0195af0e-98a0-7d94-93e5-2a1d2e5942f8", "taskQueue": "rrentVersion_Batching-564e9892_task_queue_33", "version": 1, "logging-call-at": "/Users/shivamsaraf/Desktop/work/temporal/common/log/with_logger.go:66"}
2025-03-19T11:38:45.168-0400	debug	Frontend method invoked.	{"host": "127.0.0.1:63278", "wf-namespace": "namespace-ec265ab4-426c-4316-a4b3-47fc66311932", "operation": "PollActivityTaskQueue", "server-name": "", "cert-thumbprint": "", "logging-call-at": "/Users/shivamsaraf/Desktop/work/temporal/common/log/with_logger.go:61"}
2025-03-19T11:38:45.168-0400	debug	Received PollActivityTaskQueue	{"host": "127.0.0.1:63278", "service": "frontend", "logging-call-at": "/Users/shivamsaraf/Desktop/work/temporal/common/log/with_logger.go:61"}
2025-03-19T11:38:45.169-0400	info	returning user data	{"host": "127.0.0.1:63279", "component": "matching-engine", "wf-task-queue-name": "/_sys/rrentVersion_Batching-564e9892_task_queue_33/3", "wf-task-queue-type": "Workflow", "wf-namespace": "namespace-ec265ab4-426c-4316-a4b3-47fc66311932", "long-poll": true, "request-known-version": 0, "user-data-version": 1, "logging-call-at": "/Users/shivamsaraf/Desktop/work/temporal/common/log/with_logger.go:66"}
2025-03-19T11:38:45.169-0400	info	matching client encountered error	{"host": "127.0.0.1:63279", "error": "partition was not loaded", "service-error-type": "serviceerror.FailedPrecondition", "logging-call-at": "/Users/shivamsaraf/Desktop/work/temporal/common/log/with_logger.go:66"}
2025-03-19T11:38:45.169-0400	info	matching client encountered error	{"host": "127.0.0.1:63279", "error": "partition was not loaded", "service-error-type": "serviceerror.FailedPrecondition", "logging-call-at": "/Users/shivamsaraf/Desktop/work/temporal/common/log/with_logger.go:66"}
2025-03-19T11:38:45.169-0400	info	matching client encountered error	{"host": "127.0.0.1:63279", "error": "partition was not loaded", "service-error-type": "serviceerror.FailedPrecondition", "logging-call-at": "/Users/shivamsaraf/Desktop/work/temporal/common/log/with_logger.go:66"}
2025-03-19T11:38:45.169-0400	info	returning user data	{"host": "127.0.0.1:63279", "component": "matching-engine", "wf-task-queue-name": "/_sys/rrentVersion_Batching-564e9892_task_queue_33/2", "wf-task-queue-type": "Workflow", "wf-namespace": "namespace-ec265ab4-426c-4316-a4b3-47fc66311932", "long-poll": true, "request-known-version": 0, "user-data-version": 1, "logging-call-at": "/Users/shivamsaraf/Desktop/work/temporal/common/log/with_logger.go:66"}
2025-03-19T11:38:45.169-0400	info	returning user data	{"host": "127.0.0.1:63279", "component": "matching-engine", "wf-task-queue-name": "/_sys/rrentVersion_Batching-564e9892_task_queue_33/1", "wf-task-queue-type": "Workflow", "wf-namespace": "namespace-ec265ab4-426c-4316-a4b3-47fc66311932", "long-poll": true, "request-known-version": 0, "user-data-version": 1, "logging-call-at": "/Users/shivamsaraf/Desktop/work/temporal/common/log/with_logger.go:66"}
2025-03-19T11:38:45.169-0400	info	matching client encountered error	{"host": "127.0.0.1:63279", "error": "partition was not loaded", "service-error-type": "serviceerror.FailedPrecondition", "logging-call-at": "/Users/shivamsaraf/Desktop/work/temporal/common/log/with_logger.go:66"}
2025-03-19T11:38:45.170-0400	debug	Frontend method invoked.	{"host": "127.0.0.1:63278", "wf-namespace": "namespace-ec265ab4-426c-4316-a4b3-47fc66311932", "operation": "RespondActivityTaskCompleted", "server-name": "", "cert-thumbprint": "", "logging-call-at": "/Users/shivamsaraf/Desktop/work/temporal/common/log/with_logger.go:61"}
2025-03-19T11:38:45.170-0400	debug	Workflow task updated	{"host": "127.0.0.1:63280", "shard-id": 4, "address": "127.0.0.1:63280", "wf-scheduled-event-id": 92, "wf-started-event-id": 0, "workflow-task-request-id": "emptyUuid", "workflow-task-timeout": 10, "attempt": 1, "wf-started-timestamp": "0001-01-01T00:00:00.000Z", "wt-type": "Normal", "logging-call-at": "/Users/shivamsaraf/Desktop/work/temporal/common/log/with_logger.go:61"}
2025-03-19T11:38:45.170-0400	debug	Assigning new task key	{"host": "127.0.0.1:63280", "shard-id": 4, "address": "127.0.0.1:63280", "wf-namespace-id": "d0b550e3-6091-4a9b-a9aa-3d80ffb24954", "wf-id": "temporal-sys-worker-deployment-version:rrentVersion_Batching-564e9892_deployment_series.rrentVersion_Batching-564e9892_build_id", "wf-run-id": "0195af0e-98a0-7d94-93e5-2a1d2e5942f8", "queue-task-type": "WorkflowTaskTimeout", "queue-task-id": 1048808, "timestamp": "2025-03-19T15:38:50.171Z", "cursor-timestamp": "2025-03-19T15:38:46.162Z", "logging-call-at": "/Users/shivamsaraf/Desktop/work/temporal/common/log/with_logger.go:61"}
2025-03-19T11:38:45.170-0400	debug	Assigning new task key	{"host": "127.0.0.1:63280", "shard-id": 4, "address": "127.0.0.1:63280", "wf-namespace-id": "d0b550e3-6091-4a9b-a9aa-3d80ffb24954", "wf-id": "temporal-sys-worker-deployment-version:rrentVersion_Batching-564e9892_deployment_series.rrentVersion_Batching-564e9892_build_id", "wf-run-id": "0195af0e-98a0-7d94-93e5-2a1d2e5942f8", "queue-task-type": "TransferWorkflowTask", "queue-task-id": 1048809, "timestamp": "2025-03-19T15:38:45.170Z", "cursor-timestamp": "2025-03-19T15:38:46.162Z", "logging-call-at": "/Users/shivamsaraf/Desktop/work/temporal/common/log/with_logger.go:61"}
2025-03-19T11:38:45.174-0400	debug	Process task as active.	{"host": "127.0.0.1:63280", "shard-id": 4, "address": "127.0.0.1:63280", "component": "transfer-queue-processor", "wf-namespace-id": "d0b550e3-6091-4a9b-a9aa-3d80ffb24954", "value": "d0b550e3-6091-4a9b-a9aa-3d80ffb24954/temporal-sys-worker-deployment-version:rrentVersion_Batching-564e9892_deployment_series.rrentVersion_Batching-564e9892_build_id/0195af0e-98a0-7d94-93e5-2a1d2e5942f8", "logging-call-at": "/Users/shivamsaraf/Desktop/work/temporal/common/log/with_logger.go:61"}
2025-03-19T11:38:45.175-0400	debug	Workflow task updated	{"host": "127.0.0.1:63280", "shard-id": 4, "address": "127.0.0.1:63280", "wf-scheduled-event-id": 92, "wf-started-event-id": 93, "workflow-task-request-id": "b8338f43-7dd6-4f7b-9368-1f894c0ba2f4", "workflow-task-timeout": 10, "attempt": 1, "wf-started-timestamp": "2025-03-19T15:38:45.175Z", "wt-type": "Normal", "logging-call-at": "/Users/shivamsaraf/Desktop/work/temporal/common/log/with_logger.go:61"}
2025-03-19T11:38:45.175-0400	debug	Assigning new task key	{"host": "127.0.0.1:63280", "shard-id": 4, "address": "127.0.0.1:63280", "wf-namespace-id": "d0b550e3-6091-4a9b-a9aa-3d80ffb24954", "wf-id": "temporal-sys-worker-deployment-version:rrentVersion_Batching-564e9892_deployment_series.rrentVersion_Batching-564e9892_build_id", "wf-run-id": "0195af0e-98a0-7d94-93e5-2a1d2e5942f8", "queue-task-type": "WorkflowTaskTimeout", "queue-task-id": 1048812, "timestamp": "2025-03-19T15:38:55.176Z", "cursor-timestamp": "2025-03-19T15:38:46.174Z", "logging-call-at": "/Users/shivamsaraf/Desktop/work/temporal/common/log/with_logger.go:61"}
2025-03-19T11:38:45.181-0400	debug	Frontend method invoked.	{"host": "127.0.0.1:63278", "wf-namespace": "namespace-ec265ab4-426c-4316-a4b3-47fc66311932", "operation": "PollWorkflowTaskQueue", "server-name": "", "cert-thumbprint": "", "logging-call-at": "/Users/shivamsaraf/Desktop/work/temporal/common/log/with_logger.go:61"}
2025-03-19T11:38:45.181-0400	debug	Received PollWorkflowTaskQueue	{"host": "127.0.0.1:63278", "service": "frontend", "logging-call-at": "/Users/shivamsaraf/Desktop/work/temporal/common/log/with_logger.go:61"}
2025-03-19T11:38:45.181-0400	debug	Poll workflow task queue.	{"host": "127.0.0.1:63278", "service": "frontend", "wf-namespace": "namespace-ec265ab4-426c-4316-a4b3-47fc66311932", "wf-namespace-id": "d0b550e3-6091-4a9b-a9aa-3d80ffb24954", "logging-call-at": "/Users/shivamsaraf/Desktop/work/temporal/common/log/with_logger.go:61"}
2025-03-19T11:38:45.181-0400	debug	Frontend method invoked.	{"host": "127.0.0.1:63278", "wf-namespace": "namespace-ec265ab4-426c-4316-a4b3-47fc66311932", "operation": "RespondWorkflowTaskCompleted", "server-name": "", "cert-thumbprint": "", "logging-call-at": "/Users/shivamsaraf/Desktop/work/temporal/common/log/with_logger.go:61"}
2025-03-19T11:38:45.182-0400	debug	RespondWorkflowTaskCompleted	{"host": "127.0.0.1:63280", "service": "history", "wf-namespace-id": "d0b550e3-6091-4a9b-a9aa-3d80ffb24954", "wf-id": "temporal-sys-worker-deployment-version:rrentVersion_Batching-564e9892_deployment_series.rrentVersion_Batching-564e9892_build_id", "wf-run-id": "0195af0e-98a0-7d94-93e5-2a1d2e5942f8", "wf-scheduled-event-id": 92, "logging-call-at": "/Users/shivamsaraf/Desktop/work/temporal/common/log/with_logger.go:61"}
2025-03-19T11:38:45.182-0400	debug	Workflow task updated	{"host": "127.0.0.1:63280", "shard-id": 4, "address": "127.0.0.1:63280", "wf-scheduled-event-id": 0, "wf-started-event-id": 0, "workflow-task-request-id": "emptyUuid", "workflow-task-timeout": 0, "attempt": 1, "wf-started-timestamp": "1970-01-01T00:00:00.000Z", "wt-type": "Unspecified", "logging-call-at": "/Users/shivamsaraf/Desktop/work/temporal/common/log/with_logger.go:61"}
2025-03-19T11:38:45.182-0400	debug	update state change	{"host": "127.0.0.1:63280", "shard-id": 4, "address": "127.0.0.1:63280", "wf-namespace-id": "d0b550e3-6091-4a9b-a9aa-3d80ffb24954", "wf-id": "temporal-sys-worker-deployment-version:rrentVersion_Batching-564e9892_deployment_series.rrentVersion_Batching-564e9892_build_id", "wf-run-id": "0195af0e-98a0-7d94-93e5-2a1d2e5942f8", "update-id": "e32f6436-c3cd-4512-a728-6fba6091a525", "from-state": "Accepted", "to-state": "ProvisionallyCompleted", "logging-call-at": "/Users/shivamsaraf/Desktop/work/temporal/common/log/with_logger.go:61"}
2025-03-19T11:38:45.184-0400	debug	update state change	{"host": "127.0.0.1:63280", "shard-id": 4, "address": "127.0.0.1:63280", "wf-namespace-id": "d0b550e3-6091-4a9b-a9aa-3d80ffb24954", "wf-id": "temporal-sys-worker-deployment-version:rrentVersion_Batching-564e9892_deployment_series.rrentVersion_Batching-564e9892_build_id", "wf-run-id": "0195af0e-98a0-7d94-93e5-2a1d2e5942f8", "update-id": "e32f6436-c3cd-4512-a728-6fba6091a525", "from-state": "ProvisionallyCompleted", "to-state": "Completed", "logging-call-at": "/Users/shivamsaraf/Desktop/work/temporal/common/log/with_logger.go:61"}
2025-03-19T11:38:45.185-0400	debug	Frontend method invoked.	{"host": "127.0.0.1:63278", "wf-namespace": "namespace-ec265ab4-426c-4316-a4b3-47fc66311932", "operation": "RespondActivityTaskCompleted", "server-name": "", "cert-thumbprint": "", "logging-call-at": "/Users/shivamsaraf/Desktop/work/temporal/common/log/with_logger.go:61"}
2025-03-19T11:38:45.186-0400	debug	Workflow task updated	{"host": "127.0.0.1:63280", "shard-id": 1, "address": "127.0.0.1:63280", "wf-scheduled-event-id": 88, "wf-started-event-id": 0, "workflow-task-request-id": "emptyUuid", "workflow-task-timeout": 10, "attempt": 1, "wf-started-timestamp": "0001-01-01T00:00:00.000Z", "wt-type": "Normal", "logging-call-at": "/Users/shivamsaraf/Desktop/work/temporal/common/log/with_logger.go:61"}
2025-03-19T11:38:45.186-0400	debug	Assigning new task key	{"host": "127.0.0.1:63280", "shard-id": 1, "address": "127.0.0.1:63280", "wf-namespace-id": "d0b550e3-6091-4a9b-a9aa-3d80ffb24954", "wf-id": "temporal-sys-worker-deployment:rrentVersion_Batching-564e9892_deployment_series", "wf-run-id": "0195af0e-960d-715f-b6c6-08dcdf4b78ec", "queue-task-type": "WorkflowTaskTimeout", "queue-task-id": 1048736, "timestamp": "2025-03-19T15:38:50.187Z", "cursor-timestamp": "2025-03-19T15:38:46.019Z", "logging-call-at": "/Users/shivamsaraf/Desktop/work/temporal/common/log/with_logger.go:61"}
2025-03-19T11:38:45.186-0400	debug	Assigning new task key	{"host": "127.0.0.1:63280", "shard-id": 1, "address": "127.0.0.1:63280", "wf-namespace-id": "d0b550e3-6091-4a9b-a9aa-3d80ffb24954", "wf-id": "temporal-sys-worker-deployment:rrentVersion_Batching-564e9892_deployment_series", "wf-run-id": "0195af0e-960d-715f-b6c6-08dcdf4b78ec", "queue-task-type": "TransferWorkflowTask", "queue-task-id": 1048737, "timestamp": "2025-03-19T15:38:45.186Z", "cursor-timestamp": "2025-03-19T15:38:46.019Z", "logging-call-at": "/Users/shivamsaraf/Desktop/work/temporal/common/log/with_logger.go:61"}
2025-03-19T11:38:45.190-0400	debug	Process task as active.	{"host": "127.0.0.1:63280", "shard-id": 1, "address": "127.0.0.1:63280", "component": "transfer-queue-processor", "wf-namespace-id": "d0b550e3-6091-4a9b-a9aa-3d80ffb24954", "value": "d0b550e3-6091-4a9b-a9aa-3d80ffb24954/temporal-sys-worker-deployment:rrentVersion_Batching-564e9892_deployment_series/0195af0e-960d-715f-b6c6-08dcdf4b78ec", "logging-call-at": "/Users/shivamsaraf/Desktop/work/temporal/common/log/with_logger.go:61"}
2025-03-19T11:38:45.190-0400	debug	Workflow task updated	{"host": "127.0.0.1:63280", "shard-id": 1, "address": "127.0.0.1:63280", "wf-scheduled-event-id": 88, "wf-started-event-id": 89, "workflow-task-request-id": "ee8fdca0-3a31-4732-bfac-e999931e1229", "workflow-task-timeout": 10, "attempt": 1, "wf-started-timestamp": "2025-03-19T15:38:45.190Z", "wt-type": "Normal", "logging-call-at": "/Users/shivamsaraf/Desktop/work/temporal/common/log/with_logger.go:61"}
2025-03-19T11:38:45.191-0400	debug	Assigning new task key	{"host": "127.0.0.1:63280", "shard-id": 1, "address": "127.0.0.1:63280", "wf-namespace-id": "d0b550e3-6091-4a9b-a9aa-3d80ffb24954", "wf-id": "temporal-sys-worker-deployment:rrentVersion_Batching-564e9892_deployment_series", "wf-run-id": "0195af0e-960d-715f-b6c6-08dcdf4b78ec", "queue-task-type": "WorkflowTaskTimeout", "queue-task-id": 1048740, "timestamp": "2025-03-19T15:38:55.191Z", "cursor-timestamp": "2025-03-19T15:38:46.189Z", "logging-call-at": "/Users/shivamsaraf/Desktop/work/temporal/common/log/with_logger.go:61"}
2025-03-19T11:38:45.196-0400	debug	ExecuteActivity	{"host": "127.0.0.1:63281", "Namespace": "namespace-ec265ab4-426c-4316-a4b3-47fc66311932", "TaskQueue": "temporal-sys-per-ns-tq", "WorkerID": "temporal-system@Shivams-MacBook-Pro.local@namespace-ec265ab4-426c-4316-a4b3-47fc66311932", "WorkflowType": "temporal-sys-worker-deployment-workflow", "WorkflowID": "temporal-sys-worker-deployment:rrentVersion_Batching-564e9892_deployment_series", "RunID": "0195af0e-960d-715f-b6c6-08dcdf4b78ec", "Attempt": 0, "ActivityID": "92", "ActivityType": "RegisterWorkerInVersion", "logging-call-at": "/Users/shivamsaraf/Desktop/work/temporal/common/log/with_logger.go:61"}
2025-03-19T11:38:45.196-0400	debug	Frontend method invoked.	{"host": "127.0.0.1:63278", "wf-namespace": "namespace-ec265ab4-426c-4316-a4b3-47fc66311932", "operation": "PollWorkflowTaskQueue", "server-name": "", "cert-thumbprint": "", "logging-call-at": "/Users/shivamsaraf/Desktop/work/temporal/common/log/with_logger.go:61"}
2025-03-19T11:38:45.196-0400	debug	Received PollWorkflowTaskQueue	{"host": "127.0.0.1:63278", "service": "frontend", "logging-call-at": "/Users/shivamsaraf/Desktop/work/temporal/common/log/with_logger.go:61"}
2025-03-19T11:38:45.196-0400	debug	Poll workflow task queue.	{"host": "127.0.0.1:63278", "service": "frontend", "wf-namespace": "namespace-ec265ab4-426c-4316-a4b3-47fc66311932", "wf-namespace-id": "d0b550e3-6091-4a9b-a9aa-3d80ffb24954", "logging-call-at": "/Users/shivamsaraf/Desktop/work/temporal/common/log/with_logger.go:61"}
2025-03-19T11:38:45.197-0400	debug	Frontend method invoked.	{"host": "127.0.0.1:63278", "wf-namespace": "namespace-ec265ab4-426c-4316-a4b3-47fc66311932", "operation": "RespondWorkflowTaskCompleted", "server-name": "", "cert-thumbprint": "", "logging-call-at": "/Users/shivamsaraf/Desktop/work/temporal/common/log/with_logger.go:61"}
2025-03-19T11:38:45.198-0400	debug	RespondWorkflowTaskCompleted	{"host": "127.0.0.1:63280", "service": "history", "wf-namespace-id": "d0b550e3-6091-4a9b-a9aa-3d80ffb24954", "wf-id": "temporal-sys-worker-deployment:rrentVersion_Batching-564e9892_deployment_series", "wf-run-id": "0195af0e-960d-715f-b6c6-08dcdf4b78ec", "wf-scheduled-event-id": 88, "logging-call-at": "/Users/shivamsaraf/Desktop/work/temporal/common/log/with_logger.go:61"}
2025-03-19T11:38:45.198-0400	debug	Workflow task updated	{"host": "127.0.0.1:63280", "shard-id": 1, "address": "127.0.0.1:63280", "wf-scheduled-event-id": 0, "wf-started-event-id": 0, "workflow-task-request-id": "emptyUuid", "workflow-task-timeout": 0, "attempt": 1, "wf-started-timestamp": "1970-01-01T00:00:00.000Z", "wt-type": "Unspecified", "logging-call-at": "/Users/shivamsaraf/Desktop/work/temporal/common/log/with_logger.go:61"}
2025-03-19T11:38:45.198-0400	debug	update state change	{"host": "127.0.0.1:63280", "shard-id": 1, "address": "127.0.0.1:63280", "wf-namespace-id": "d0b550e3-6091-4a9b-a9aa-3d80ffb24954", "wf-id": "temporal-sys-worker-deployment:rrentVersion_Batching-564e9892_deployment_series", "wf-run-id": "0195af0e-960d-715f-b6c6-08dcdf4b78ec", "update-id": "87c63f8e-c44a-489d-8336-83e52d215ca9", "from-state": "Accepted", "to-state": "ProvisionallyCompleted", "logging-call-at": "/Users/shivamsaraf/Desktop/work/temporal/common/log/with_logger.go:61"}
2025-03-19T11:38:45.198-0400	debug	Assigning new task key	{"host": "127.0.0.1:63280", "shard-id": 1, "address": "127.0.0.1:63280", "wf-namespace-id": "d0b550e3-6091-4a9b-a9aa-3d80ffb24954", "wf-id": "temporal-sys-worker-deployment:rrentVersion_Batching-564e9892_deployment_series", "wf-run-id": "0195af0e-960d-715f-b6c6-08dcdf4b78ec", "queue-task-type": "TransferActivityTask", "queue-task-id": 1048746, "timestamp": "2025-03-19T15:38:45.198Z", "cursor-timestamp": "2025-03-19T15:38:46.189Z", "logging-call-at": "/Users/shivamsaraf/Desktop/work/temporal/common/log/with_logger.go:61"}
2025-03-19T11:38:45.201-0400	debug	update state change	{"host": "127.0.0.1:63280", "shard-id": 1, "address": "127.0.0.1:63280", "wf-namespace-id": "d0b550e3-6091-4a9b-a9aa-3d80ffb24954", "wf-id": "temporal-sys-worker-deployment:rrentVersion_Batching-564e9892_deployment_series", "wf-run-id": "0195af0e-960d-715f-b6c6-08dcdf4b78ec", "update-id": "87c63f8e-c44a-489d-8336-83e52d215ca9", "from-state": "ProvisionallyCompleted", "to-state": "Completed", "logging-call-at": "/Users/shivamsaraf/Desktop/work/temporal/common/log/with_logger.go:61"}
2025-03-19T11:38:45.202-0400	debug	deployment client success	{"host": "127.0.0.1:63279", "operation": "RegisterTaskQueueWorker", "elapsed": 1.705663, "args": ["rrentVersion_Batching-564e9892_task_queue_33",1,"matching service"], "logging-call-at": "/Users/shivamsaraf/Desktop/work/temporal/common/log/with_logger.go:61"}
2025-03-19T11:38:45.202-0400	debug	Process task as active.	{"host": "127.0.0.1:63280", "shard-id": 1, "address": "127.0.0.1:63280", "component": "transfer-queue-processor", "wf-namespace-id": "d0b550e3-6091-4a9b-a9aa-3d80ffb24954", "value": "d0b550e3-6091-4a9b-a9aa-3d80ffb24954/temporal-sys-worker-deployment:rrentVersion_Batching-564e9892_deployment_series/0195af0e-960d-715f-b6c6-08dcdf4b78ec", "logging-call-at": "/Users/shivamsaraf/Desktop/work/temporal/common/log/with_logger.go:61"}
2025-03-19T11:38:45.203-0400	debug	Assigning new task key	{"host": "127.0.0.1:63280", "shard-id": 1, "address": "127.0.0.1:63280", "wf-namespace-id": "d0b550e3-6091-4a9b-a9aa-3d80ffb24954", "wf-id": "temporal-sys-worker-deployment:rrentVersion_Batching-564e9892_deployment_series", "wf-run-id": "0195af0e-960d-715f-b6c6-08dcdf4b78ec", "queue-task-type": "ActivityTimeout", "queue-task-id": 1048748, "timestamp": "2025-03-19T15:39:45.204Z", "cursor-timestamp": "2025-03-19T15:38:46.201Z", "logging-call-at": "/Users/shivamsaraf/Desktop/work/temporal/common/log/with_logger.go:61"}
2025-03-19T11:38:45.207-0400	debug	Frontend method invoked.	{"host": "127.0.0.1:63278", "wf-namespace": "namespace-ec265ab4-426c-4316-a4b3-47fc66311932", "operation": "PollActivityTaskQueue", "server-name": "", "cert-thumbprint": "", "logging-call-at": "/Users/shivamsaraf/Desktop/work/temporal/common/log/with_logger.go:61"}
2025-03-19T11:38:45.207-0400	debug	Received PollActivityTaskQueue	{"host": "127.0.0.1:63278", "service": "frontend", "logging-call-at": "/Users/shivamsaraf/Desktop/work/temporal/common/log/with_logger.go:61"}
2025-03-19T11:38:45.208-0400	debug	update state change	{"host": "127.0.0.1:63280", "shard-id": 4, "address": "127.0.0.1:63280", "wf-namespace-id": "d0b550e3-6091-4a9b-a9aa-3d80ffb24954", "wf-id": "temporal-sys-worker-deployment-version:rrentVersion_Batching-564e9892_deployment_series.rrentVersion_Batching-564e9892_build_id", "wf-run-id": "0195af0e-98a0-7d94-93e5-2a1d2e5942f8", "update-id": "47620173-51a4-4779-882d-dc50253efee5", "from-state": "Created", "to-state": "ProvisionallyAdmitted", "logging-call-at": "/Users/shivamsaraf/Desktop/work/temporal/common/log/with_logger.go:61"}
2025-03-19T11:38:45.208-0400	debug	update state change	{"host": "127.0.0.1:63280", "shard-id": 4, "address": "127.0.0.1:63280", "wf-namespace-id": "d0b550e3-6091-4a9b-a9aa-3d80ffb24954", "wf-id": "temporal-sys-worker-deployment-version:rrentVersion_Batching-564e9892_deployment_series.rrentVersion_Batching-564e9892_build_id", "wf-run-id": "0195af0e-98a0-7d94-93e5-2a1d2e5942f8", "update-id": "47620173-51a4-4779-882d-dc50253efee5", "from-state": "ProvisionallyAdmitted", "to-state": "Admitted", "logging-call-at": "/Users/shivamsaraf/Desktop/work/temporal/common/log/with_logger.go:61"}
2025-03-19T11:38:45.208-0400	debug	Workflow task updated	{"host": "127.0.0.1:63280", "shard-id": 4, "address": "127.0.0.1:63280", "wf-scheduled-event-id": 96, "wf-started-event-id": 0, "workflow-task-request-id": "emptyUuid", "workflow-task-timeout": 10, "attempt": 1, "wf-started-timestamp": "0001-01-01T00:00:00.000Z", "wt-type": "Speculative", "logging-call-at": "/Users/shivamsaraf/Desktop/work/temporal/common/log/with_logger.go:61"}
2025-03-19T11:38:45.208-0400	debug	Workflow task updated	{"host": "127.0.0.1:63280", "shard-id": 4, "address": "127.0.0.1:63280", "wf-scheduled-event-id": 96, "wf-started-event-id": 97, "workflow-task-request-id": "042192fa-c89c-4bb9-82ac-45e3162b394a", "workflow-task-timeout": 10, "attempt": 1, "wf-started-timestamp": "2025-03-19T15:38:45.208Z", "wt-type": "Speculative", "logging-call-at": "/Users/shivamsaraf/Desktop/work/temporal/common/log/with_logger.go:61"}
2025-03-19T11:38:45.208-0400	debug	update state change	{"host": "127.0.0.1:63280", "shard-id": 4, "address": "127.0.0.1:63280", "wf-namespace-id": "d0b550e3-6091-4a9b-a9aa-3d80ffb24954", "wf-id": "temporal-sys-worker-deployment-version:rrentVersion_Batching-564e9892_deployment_series.rrentVersion_Batching-564e9892_build_id", "wf-run-id": "0195af0e-98a0-7d94-93e5-2a1d2e5942f8", "update-id": "47620173-51a4-4779-882d-dc50253efee5", "from-state": "Admitted", "to-state": "Sent", "logging-call-at": "/Users/shivamsaraf/Desktop/work/temporal/common/log/with_logger.go:61"}
2025-03-19T11:38:45.211-0400	debug	ExecuteActivity	{"host": "127.0.0.1:63281", "Namespace": "namespace-ec265ab4-426c-4316-a4b3-47fc66311932", "TaskQueue": "temporal-sys-per-ns-tq", "WorkerID": "temporal-system@Shivams-MacBook-Pro.local@namespace-ec265ab4-426c-4316-a4b3-47fc66311932", "WorkflowType": "temporal-sys-worker-deployment-version-workflow", "WorkflowID": "temporal-sys-worker-deployment-version:rrentVersion_Batching-564e9892_deployment_series.rrentVersion_Batching-564e9892_build_id", "RunID": "0195af0e-98a0-7d94-93e5-2a1d2e5942f8", "Attempt": 0, "ActivityID": "100", "ActivityType": "SyncDeploymentVersionUserData", "logging-call-at": "/Users/shivamsaraf/Desktop/work/temporal/common/log/with_logger.go:61"}
2025-03-19T11:38:45.211-0400	debug	Frontend method invoked.	{"host": "127.0.0.1:63278", "wf-namespace": "namespace-ec265ab4-426c-4316-a4b3-47fc66311932", "operation": "PollWorkflowTaskQueue", "server-name": "", "cert-thumbprint": "", "logging-call-at": "/Users/shivamsaraf/Desktop/work/temporal/common/log/with_logger.go:61"}
2025-03-19T11:38:45.212-0400	debug	Received PollWorkflowTaskQueue	{"host": "127.0.0.1:63278", "service": "frontend", "logging-call-at": "/Users/shivamsaraf/Desktop/work/temporal/common/log/with_logger.go:61"}
2025-03-19T11:38:45.212-0400	debug	Poll workflow task queue.	{"host": "127.0.0.1:63278", "service": "frontend", "wf-namespace": "namespace-ec265ab4-426c-4316-a4b3-47fc66311932", "wf-namespace-id": "d0b550e3-6091-4a9b-a9aa-3d80ffb24954", "logging-call-at": "/Users/shivamsaraf/Desktop/work/temporal/common/log/with_logger.go:61"}
2025-03-19T11:38:45.212-0400	debug	Frontend method invoked.	{"host": "127.0.0.1:63278", "wf-namespace": "namespace-ec265ab4-426c-4316-a4b3-47fc66311932", "operation": "RespondWorkflowTaskCompleted", "server-name": "", "cert-thumbprint": "", "logging-call-at": "/Users/shivamsaraf/Desktop/work/temporal/common/log/with_logger.go:61"}
2025-03-19T11:38:45.212-0400	debug	RespondWorkflowTaskCompleted	{"host": "127.0.0.1:63280", "service": "history", "wf-namespace-id": "d0b550e3-6091-4a9b-a9aa-3d80ffb24954", "wf-id": "temporal-sys-worker-deployment-version:rrentVersion_Batching-564e9892_deployment_series.rrentVersion_Batching-564e9892_build_id", "wf-run-id": "0195af0e-98a0-7d94-93e5-2a1d2e5942f8", "wf-scheduled-event-id": 96, "logging-call-at": "/Users/shivamsaraf/Desktop/work/temporal/common/log/with_logger.go:61"}
2025-03-19T11:38:45.212-0400	debug	Workflow task updated	{"host": "127.0.0.1:63280", "shard-id": 4, "address": "127.0.0.1:63280", "wf-scheduled-event-id": 0, "wf-started-event-id": 0, "workflow-task-request-id": "emptyUuid", "workflow-task-timeout": 0, "attempt": 1, "wf-started-timestamp": "1970-01-01T00:00:00.000Z", "wt-type": "Unspecified", "logging-call-at": "/Users/shivamsaraf/Desktop/work/temporal/common/log/with_logger.go:61"}
2025-03-19T11:38:45.213-0400	debug	update state change	{"host": "127.0.0.1:63280", "shard-id": 4, "address": "127.0.0.1:63280", "wf-namespace-id": "d0b550e3-6091-4a9b-a9aa-3d80ffb24954", "wf-id": "temporal-sys-worker-deployment-version:rrentVersion_Batching-564e9892_deployment_series.rrentVersion_Batching-564e9892_build_id", "wf-run-id": "0195af0e-98a0-7d94-93e5-2a1d2e5942f8", "update-id": "47620173-51a4-4779-882d-dc50253efee5", "from-state": "Sent", "to-state": "ProvisionallyAccepted", "logging-call-at": "/Users/shivamsaraf/Desktop/work/temporal/common/log/with_logger.go:61"}
2025-03-19T11:38:45.213-0400	debug	Assigning new task key	{"host": "127.0.0.1:63280", "shard-id": 4, "address": "127.0.0.1:63280", "wf-namespace-id": "d0b550e3-6091-4a9b-a9aa-3d80ffb24954", "wf-id": "temporal-sys-worker-deployment-version:rrentVersion_Batching-564e9892_deployment_series.rrentVersion_Batching-564e9892_build_id", "wf-run-id": "0195af0e-98a0-7d94-93e5-2a1d2e5942f8", "queue-task-type": "TransferActivityTask", "queue-task-id": 1048829, "timestamp": "2025-03-19T15:38:45.213Z", "cursor-timestamp": "2025-03-19T15:38:46.174Z", "logging-call-at": "/Users/shivamsaraf/Desktop/work/temporal/common/log/with_logger.go:61"}
2025-03-19T11:38:45.216-0400	debug	update state change	{"host": "127.0.0.1:63280", "shard-id": 4, "address": "127.0.0.1:63280", "wf-namespace-id": "d0b550e3-6091-4a9b-a9aa-3d80ffb24954", "wf-id": "temporal-sys-worker-deployment-version:rrentVersion_Batching-564e9892_deployment_series.rrentVersion_Batching-564e9892_build_id", "wf-run-id": "0195af0e-98a0-7d94-93e5-2a1d2e5942f8", "update-id": "47620173-51a4-4779-882d-dc50253efee5", "from-state": "ProvisionallyAccepted", "to-state": "Accepted", "logging-call-at": "/Users/shivamsaraf/Desktop/work/temporal/common/log/with_logger.go:61"}
2025-03-19T11:38:45.217-0400	debug	Process task as active.	{"host": "127.0.0.1:63280", "shard-id": 4, "address": "127.0.0.1:63280", "component": "transfer-queue-processor", "wf-namespace-id": "d0b550e3-6091-4a9b-a9aa-3d80ffb24954", "value": "d0b550e3-6091-4a9b-a9aa-3d80ffb24954/temporal-sys-worker-deployment-version:rrentVersion_Batching-564e9892_deployment_series.rrentVersion_Batching-564e9892_build_id/0195af0e-98a0-7d94-93e5-2a1d2e5942f8", "logging-call-at": "/Users/shivamsaraf/Desktop/work/temporal/common/log/with_logger.go:61"}
2025-03-19T11:38:45.217-0400	debug	Assigning new task key	{"host": "127.0.0.1:63280", "shard-id": 4, "address": "127.0.0.1:63280", "wf-namespace-id": "d0b550e3-6091-4a9b-a9aa-3d80ffb24954", "wf-id": "temporal-sys-worker-deployment-version:rrentVersion_Batching-564e9892_deployment_series.rrentVersion_Batching-564e9892_build_id", "wf-run-id": "0195af0e-98a0-7d94-93e5-2a1d2e5942f8", "queue-task-type": "ActivityTimeout", "queue-task-id": 1048830, "timestamp": "2025-03-19T15:39:45.218Z", "cursor-timestamp": "2025-03-19T15:38:46.216Z", "logging-call-at": "/Users/shivamsaraf/Desktop/work/temporal/common/log/with_logger.go:61"}
2025-03-19T11:38:45.221-0400	info	syncing task queue userdata for deployment version	{"host": "127.0.0.1:63281", "Namespace": "namespace-ec265ab4-426c-4316-a4b3-47fc66311932", "TaskQueue": "temporal-sys-per-ns-tq", "WorkerID": "temporal-system@Shivams-MacBook-Pro.local@namespace-ec265ab4-426c-4316-a4b3-47fc66311932", "ActivityID": "100", "ActivityType": "SyncDeploymentVersionUserData", "Attempt": 1, "WorkflowType": "temporal-sys-worker-deployment-version-workflow", "WorkflowID": "temporal-sys-worker-deployment-version:rrentVersion_Batching-564e9892_deployment_series.rrentVersion_Batching-564e9892_build_id", "RunID": "0195af0e-98a0-7d94-93e5-2a1d2e5942f8", "taskQueue": "rrentVersion_Batching-564e9892_task_queue_23", "types": [1], "logging-call-at": "/Users/shivamsaraf/Desktop/work/temporal/common/log/with_logger.go:66"}
2025-03-19T11:38:45.221-0400	debug	Frontend method invoked.	{"host": "127.0.0.1:63278", "wf-namespace": "namespace-ec265ab4-426c-4316-a4b3-47fc66311932", "operation": "PollActivityTaskQueue", "server-name": "", "cert-thumbprint": "", "logging-call-at": "/Users/shivamsaraf/Desktop/work/temporal/common/log/with_logger.go:61"}
2025-03-19T11:38:45.221-0400	debug	Received PollActivityTaskQueue	{"host": "127.0.0.1:63278", "service": "frontend", "logging-call-at": "/Users/shivamsaraf/Desktop/work/temporal/common/log/with_logger.go:61"}
2025-03-19T11:38:45.238-0400	debug	Frontend method invoked.	{"host": "127.0.0.1:63278", "wf-namespace": "namespace-ec265ab4-426c-4316-a4b3-47fc66311932", "operation": "DescribeWorkerDeploymentVersion", "server-name": "", "cert-thumbprint": "", "logging-call-at": "/Users/shivamsaraf/Desktop/work/temporal/common/log/with_logger.go:61"}
2025-03-19T11:38:45.241-0400	debug	Frontend method invoked.	{"host": "127.0.0.1:63278", "wf-namespace": "namespace-ec265ab4-426c-4316-a4b3-47fc66311932", "operation": "PollWorkflowTaskQueue", "server-name": "", "cert-thumbprint": "", "logging-call-at": "/Users/shivamsaraf/Desktop/work/temporal/common/log/with_logger.go:61"}
2025-03-19T11:38:45.241-0400	debug	Received PollWorkflowTaskQueue	{"host": "127.0.0.1:63278", "service": "frontend", "logging-call-at": "/Users/shivamsaraf/Desktop/work/temporal/common/log/with_logger.go:61"}
2025-03-19T11:38:45.241-0400	debug	Poll workflow task queue.	{"host": "127.0.0.1:63278", "service": "frontend", "wf-namespace": "namespace-ec265ab4-426c-4316-a4b3-47fc66311932", "wf-namespace-id": "d0b550e3-6091-4a9b-a9aa-3d80ffb24954", "logging-call-at": "/Users/shivamsaraf/Desktop/work/temporal/common/log/with_logger.go:61"}
2025-03-19T11:38:45.241-0400	debug	Frontend method invoked.	{"host": "127.0.0.1:63278", "wf-namespace": "namespace-ec265ab4-426c-4316-a4b3-47fc66311932", "operation": "RespondQueryTaskCompleted", "server-name": "", "cert-thumbprint": "", "logging-call-at": "/Users/shivamsaraf/Desktop/work/temporal/common/log/with_logger.go:61"}
2025-03-19T11:38:45.242-0400	debug	deployment client success	{"host": "127.0.0.1:63278", "operation": "DescribeVersion", "elapsed": 0.003377291, "args": ["rrentVersion_Batching-564e9892_deployment_series","rrentVersion_Batching-564e9892_build_id"], "logging-call-at": "/Users/shivamsaraf/Desktop/work/temporal/common/log/with_logger.go:61"}
2025-03-19T11:38:45.323-0400	info	modified user data	{"host": "127.0.0.1:63279", "component": "matching-engine", "wf-task-queue-name": "rrentVersion_Batching-564e9892_task_queue_23", "wf-task-queue-type": "Workflow", "wf-namespace": "namespace-ec265ab4-426c-4316-a4b3-47fc66311932", "user-data-update-source": "SyncDeploymentUserData", "user-data-version": 1, "timestamp": "2025-03-19T15:38:45.221Z", "logging-call-at": "/Users/shivamsaraf/Desktop/work/temporal/common/log/with_logger.go:66"}
2025-03-19T11:38:45.323-0400	debug	user data changed while blocked in long poll	{"host": "127.0.0.1:63279", "component": "matching-engine", "wf-task-queue-name": "rrentVersion_Batching-564e9892_task_queue_23", "wf-task-queue-type": "Workflow", "wf-namespace": "namespace-ec265ab4-426c-4316-a4b3-47fc66311932", "logging-call-at": "/Users/shivamsaraf/Desktop/work/temporal/common/log/with_logger.go:61"}
2025-03-19T11:38:45.324-0400	debug	user data changed while blocked in long poll	{"host": "127.0.0.1:63279", "component": "matching-engine", "wf-task-queue-name": "rrentVersion_Batching-564e9892_task_queue_23", "wf-task-queue-type": "Workflow", "wf-namespace": "namespace-ec265ab4-426c-4316-a4b3-47fc66311932", "logging-call-at": "/Users/shivamsaraf/Desktop/work/temporal/common/log/with_logger.go:61"}
2025-03-19T11:38:45.324-0400	debug	user data changed while blocked in long poll	{"host": "127.0.0.1:63279", "component": "matching-engine", "wf-task-queue-name": "rrentVersion_Batching-564e9892_task_queue_23", "wf-task-queue-type": "Workflow", "wf-namespace": "namespace-ec265ab4-426c-4316-a4b3-47fc66311932", "logging-call-at": "/Users/shivamsaraf/Desktop/work/temporal/common/log/with_logger.go:61"}
2025-03-19T11:38:45.324-0400	info	returning user data	{"host": "127.0.0.1:63279", "component": "matching-engine", "wf-task-queue-name": "rrentVersion_Batching-564e9892_task_queue_23", "wf-task-queue-type": "Workflow", "wf-namespace": "namespace-ec265ab4-426c-4316-a4b3-47fc66311932", "long-poll": true, "request-known-version": 0, "user-data-version": 1, "logging-call-at": "/Users/shivamsaraf/Desktop/work/temporal/common/log/with_logger.go:66"}
2025-03-19T11:38:45.324-0400	info	returning user data	{"host": "127.0.0.1:63279", "component": "matching-engine", "wf-task-queue-name": "rrentVersion_Batching-564e9892_task_queue_23", "wf-task-queue-type": "Workflow", "wf-namespace": "namespace-ec265ab4-426c-4316-a4b3-47fc66311932", "long-poll": true, "request-known-version": 0, "user-data-version": 1, "logging-call-at": "/Users/shivamsaraf/Desktop/work/temporal/common/log/with_logger.go:66"}
2025-03-19T11:38:45.324-0400	info	returning user data	{"host": "127.0.0.1:63279", "component": "matching-engine", "wf-task-queue-name": "rrentVersion_Batching-564e9892_task_queue_23", "wf-task-queue-type": "Workflow", "wf-namespace": "namespace-ec265ab4-426c-4316-a4b3-47fc66311932", "long-poll": true, "request-known-version": 0, "user-data-version": 1, "logging-call-at": "/Users/shivamsaraf/Desktop/work/temporal/common/log/with_logger.go:66"}
2025-03-19T11:38:45.324-0400	info	fetched user data from parent	{"host": "127.0.0.1:63279", "component": "matching-engine", "wf-task-queue-name": "/_sys/rrentVersion_Batching-564e9892_task_queue_23/2", "wf-task-queue-type": "Workflow", "wf-namespace": "namespace-ec265ab4-426c-4316-a4b3-47fc66311932", "user-data-version": 1, "timestamp": "2025-03-19T15:38:45.221Z", "logging-call-at": "/Users/shivamsaraf/Desktop/work/temporal/common/log/with_logger.go:66"}
2025-03-19T11:38:45.324-0400	info	fetched user data from parent	{"host": "127.0.0.1:63279", "component": "matching-engine", "wf-task-queue-name": "/_sys/rrentVersion_Batching-564e9892_task_queue_23/1", "wf-task-queue-type": "Workflow", "wf-namespace": "namespace-ec265ab4-426c-4316-a4b3-47fc66311932", "user-data-version": 1, "timestamp": "2025-03-19T15:38:45.221Z", "logging-call-at": "/Users/shivamsaraf/Desktop/work/temporal/common/log/with_logger.go:66"}
2025-03-19T11:38:45.324-0400	info	fetched user data from parent	{"host": "127.0.0.1:63279", "component": "matching-engine", "wf-task-queue-name": "/_sys/rrentVersion_Batching-564e9892_task_queue_23/3", "wf-task-queue-type": "Workflow", "wf-namespace": "namespace-ec265ab4-426c-4316-a4b3-47fc66311932", "user-data-version": 1, "timestamp": "2025-03-19T15:38:45.221Z", "logging-call-at": "/Users/shivamsaraf/Desktop/work/temporal/common/log/with_logger.go:66"}
2025-03-19T11:38:45.324-0400	debug	Frontend method invoked.	{"host": "127.0.0.1:63278", "wf-namespace": "namespace-ec265ab4-426c-4316-a4b3-47fc66311932", "operation": "RespondActivityTaskCompleted", "server-name": "", "cert-thumbprint": "", "logging-call-at": "/Users/shivamsaraf/Desktop/work/temporal/common/log/with_logger.go:61"}
2025-03-19T11:38:45.325-0400	debug	Workflow task updated	{"host": "127.0.0.1:63280", "shard-id": 4, "address": "127.0.0.1:63280", "wf-scheduled-event-id": 103, "wf-started-event-id": 0, "workflow-task-request-id": "emptyUuid", "workflow-task-timeout": 10, "attempt": 1, "wf-started-timestamp": "0001-01-01T00:00:00.000Z", "wt-type": "Normal", "logging-call-at": "/Users/shivamsaraf/Desktop/work/temporal/common/log/with_logger.go:61"}
2025-03-19T11:38:45.325-0400	debug	Assigning new task key	{"host": "127.0.0.1:63280", "shard-id": 4, "address": "127.0.0.1:63280", "wf-namespace-id": "d0b550e3-6091-4a9b-a9aa-3d80ffb24954", "wf-id": "temporal-sys-worker-deployment-version:rrentVersion_Batching-564e9892_deployment_series.rrentVersion_Batching-564e9892_build_id", "wf-run-id": "0195af0e-98a0-7d94-93e5-2a1d2e5942f8", "queue-task-type": "WorkflowTaskTimeout", "queue-task-id": 1048836, "timestamp": "2025-03-19T15:38:50.326Z", "cursor-timestamp": "2025-03-19T15:38:46.216Z", "logging-call-at": "/Users/shivamsaraf/Desktop/work/temporal/common/log/with_logger.go:61"}
2025-03-19T11:38:45.325-0400	debug	Assigning new task key	{"host": "127.0.0.1:63280", "shard-id": 4, "address": "127.0.0.1:63280", "wf-namespace-id": "d0b550e3-6091-4a9b-a9aa-3d80ffb24954", "wf-id": "temporal-sys-worker-deployment-version:rrentVersion_Batching-564e9892_deployment_series.rrentVersion_Batching-564e9892_build_id", "wf-run-id": "0195af0e-98a0-7d94-93e5-2a1d2e5942f8", "queue-task-type": "TransferWorkflowTask", "queue-task-id": 1048837, "timestamp": "2025-03-19T15:38:45.325Z", "cursor-timestamp": "2025-03-19T15:38:46.216Z", "logging-call-at": "/Users/shivamsaraf/Desktop/work/temporal/common/log/with_logger.go:61"}
2025-03-19T11:38:45.331-0400	debug	Process task as active.	{"host": "127.0.0.1:63280", "shard-id": 4, "address": "127.0.0.1:63280", "component": "transfer-queue-processor", "wf-namespace-id": "d0b550e3-6091-4a9b-a9aa-3d80ffb24954", "value": "d0b550e3-6091-4a9b-a9aa-3d80ffb24954/temporal-sys-worker-deployment-version:rrentVersion_Batching-564e9892_deployment_series.rrentVersion_Batching-564e9892_build_id/0195af0e-98a0-7d94-93e5-2a1d2e5942f8", "logging-call-at": "/Users/shivamsaraf/Desktop/work/temporal/common/log/with_logger.go:61"}
2025-03-19T11:38:45.332-0400	debug	Workflow task updated	{"host": "127.0.0.1:63280", "shard-id": 4, "address": "127.0.0.1:63280", "wf-scheduled-event-id": 103, "wf-started-event-id": 104, "workflow-task-request-id": "493e059b-383b-4bdf-9de5-08679eab9110", "workflow-task-timeout": 10, "attempt": 1, "wf-started-timestamp": "2025-03-19T15:38:45.332Z", "wt-type": "Normal", "logging-call-at": "/Users/shivamsaraf/Desktop/work/temporal/common/log/with_logger.go:61"}
2025-03-19T11:38:45.332-0400	debug	Assigning new task key	{"host": "127.0.0.1:63280", "shard-id": 4, "address": "127.0.0.1:63280", "wf-namespace-id": "d0b550e3-6091-4a9b-a9aa-3d80ffb24954", "wf-id": "temporal-sys-worker-deployment-version:rrentVersion_Batching-564e9892_deployment_series.rrentVersion_Batching-564e9892_build_id", "wf-run-id": "0195af0e-98a0-7d94-93e5-2a1d2e5942f8", "queue-task-type": "WorkflowTaskTimeout", "queue-task-id": 1048840, "timestamp": "2025-03-19T15:38:55.333Z", "cursor-timestamp": "2025-03-19T15:38:46.330Z", "logging-call-at": "/Users/shivamsaraf/Desktop/work/temporal/common/log/with_logger.go:61"}
2025-03-19T11:38:45.339-0400	debug	ExecuteActivity	{"host": "127.0.0.1:63281", "Namespace": "namespace-ec265ab4-426c-4316-a4b3-47fc66311932", "TaskQueue": "temporal-sys-per-ns-tq", "WorkerID": "temporal-system@Shivams-MacBook-Pro.local@namespace-ec265ab4-426c-4316-a4b3-47fc66311932", "WorkflowType": "temporal-sys-worker-deployment-version-workflow", "WorkflowID": "temporal-sys-worker-deployment-version:rrentVersion_Batching-564e9892_deployment_series.rrentVersion_Batching-564e9892_build_id", "RunID": "0195af0e-98a0-7d94-93e5-2a1d2e5942f8", "Attempt": 0, "ActivityID": "106", "ActivityType": "CheckWorkerDeploymentUserDataPropagation", "logging-call-at": "/Users/shivamsaraf/Desktop/work/temporal/common/log/with_logger.go:61"}
2025-03-19T11:38:45.340-0400	debug	Frontend method invoked.	{"host": "127.0.0.1:63278", "wf-namespace": "namespace-ec265ab4-426c-4316-a4b3-47fc66311932", "operation": "PollWorkflowTaskQueue", "server-name": "", "cert-thumbprint": "", "logging-call-at": "/Users/shivamsaraf/Desktop/work/temporal/common/log/with_logger.go:61"}
2025-03-19T11:38:45.340-0400	debug	Received PollWorkflowTaskQueue	{"host": "127.0.0.1:63278", "service": "frontend", "logging-call-at": "/Users/shivamsaraf/Desktop/work/temporal/common/log/with_logger.go:61"}
2025-03-19T11:38:45.340-0400	debug	Poll workflow task queue.	{"host": "127.0.0.1:63278", "service": "frontend", "wf-namespace": "namespace-ec265ab4-426c-4316-a4b3-47fc66311932", "wf-namespace-id": "d0b550e3-6091-4a9b-a9aa-3d80ffb24954", "logging-call-at": "/Users/shivamsaraf/Desktop/work/temporal/common/log/with_logger.go:61"}
2025-03-19T11:38:45.340-0400	debug	Frontend method invoked.	{"host": "127.0.0.1:63278", "wf-namespace": "namespace-ec265ab4-426c-4316-a4b3-47fc66311932", "operation": "RespondWorkflowTaskCompleted", "server-name": "", "cert-thumbprint": "", "logging-call-at": "/Users/shivamsaraf/Desktop/work/temporal/common/log/with_logger.go:61"}
2025-03-19T11:38:45.340-0400	debug	RespondWorkflowTaskCompleted	{"host": "127.0.0.1:63280", "service": "history", "wf-namespace-id": "d0b550e3-6091-4a9b-a9aa-3d80ffb24954", "wf-id": "temporal-sys-worker-deployment-version:rrentVersion_Batching-564e9892_deployment_series.rrentVersion_Batching-564e9892_build_id", "wf-run-id": "0195af0e-98a0-7d94-93e5-2a1d2e5942f8", "wf-scheduled-event-id": 103, "logging-call-at": "/Users/shivamsaraf/Desktop/work/temporal/common/log/with_logger.go:61"}
2025-03-19T11:38:45.341-0400	debug	Workflow task updated	{"host": "127.0.0.1:63280", "shard-id": 4, "address": "127.0.0.1:63280", "wf-scheduled-event-id": 0, "wf-started-event-id": 0, "workflow-task-request-id": "emptyUuid", "workflow-task-timeout": 0, "attempt": 1, "wf-started-timestamp": "1970-01-01T00:00:00.000Z", "wt-type": "Unspecified", "logging-call-at": "/Users/shivamsaraf/Desktop/work/temporal/common/log/with_logger.go:61"}
2025-03-19T11:38:45.341-0400	debug	Assigning new task key	{"host": "127.0.0.1:63280", "shard-id": 4, "address": "127.0.0.1:63280", "wf-namespace-id": "d0b550e3-6091-4a9b-a9aa-3d80ffb24954", "wf-id": "temporal-sys-worker-deployment-version:rrentVersion_Batching-564e9892_deployment_series.rrentVersion_Batching-564e9892_build_id", "wf-run-id": "0195af0e-98a0-7d94-93e5-2a1d2e5942f8", "queue-task-type": "TransferActivityTask", "queue-task-id": 1048845, "timestamp": "2025-03-19T15:38:45.341Z", "cursor-timestamp": "2025-03-19T15:38:46.330Z", "logging-call-at": "/Users/shivamsaraf/Desktop/work/temporal/common/log/with_logger.go:61"}
2025-03-19T11:38:45.345-0400	debug	Process task as active.	{"host": "127.0.0.1:63280", "shard-id": 4, "address": "127.0.0.1:63280", "component": "transfer-queue-processor", "wf-namespace-id": "d0b550e3-6091-4a9b-a9aa-3d80ffb24954", "value": "d0b550e3-6091-4a9b-a9aa-3d80ffb24954/temporal-sys-worker-deployment-version:rrentVersion_Batching-564e9892_deployment_series.rrentVersion_Batching-564e9892_build_id/0195af0e-98a0-7d94-93e5-2a1d2e5942f8", "logging-call-at": "/Users/shivamsaraf/Desktop/work/temporal/common/log/with_logger.go:61"}
2025-03-19T11:38:45.346-0400	debug	Assigning new task key	{"host": "127.0.0.1:63280", "shard-id": 4, "address": "127.0.0.1:63280", "wf-namespace-id": "d0b550e3-6091-4a9b-a9aa-3d80ffb24954", "wf-id": "temporal-sys-worker-deployment-version:rrentVersion_Batching-564e9892_deployment_series.rrentVersion_Batching-564e9892_build_id", "wf-run-id": "0195af0e-98a0-7d94-93e5-2a1d2e5942f8", "queue-task-type": "ActivityTimeout", "queue-task-id": 1048846, "timestamp": "2025-03-19T15:39:45.347Z", "cursor-timestamp": "2025-03-19T15:38:46.344Z", "logging-call-at": "/Users/shivamsaraf/Desktop/work/temporal/common/log/with_logger.go:61"}
2025-03-19T11:38:45.350-0400	info	waiting for userdata propagation	{"host": "127.0.0.1:63281", "Namespace": "namespace-ec265ab4-426c-4316-a4b3-47fc66311932", "TaskQueue": "temporal-sys-per-ns-tq", "WorkerID": "temporal-system@Shivams-MacBook-Pro.local@namespace-ec265ab4-426c-4316-a4b3-47fc66311932", "ActivityID": "106", "ActivityType": "CheckWorkerDeploymentUserDataPropagation", "Attempt": 1, "WorkflowType": "temporal-sys-worker-deployment-version-workflow", "WorkflowID": "temporal-sys-worker-deployment-version:rrentVersion_Batching-564e9892_deployment_series.rrentVersion_Batching-564e9892_build_id", "RunID": "0195af0e-98a0-7d94-93e5-2a1d2e5942f8", "taskQueue": "rrentVersion_Batching-564e9892_task_queue_23", "version": 1, "logging-call-at": "/Users/shivamsaraf/Desktop/work/temporal/common/log/with_logger.go:66"}
2025-03-19T11:38:45.350-0400	debug	Frontend method invoked.	{"host": "127.0.0.1:63278", "wf-namespace": "namespace-ec265ab4-426c-4316-a4b3-47fc66311932", "operation": "PollActivityTaskQueue", "server-name": "", "cert-thumbprint": "", "logging-call-at": "/Users/shivamsaraf/Desktop/work/temporal/common/log/with_logger.go:61"}
2025-03-19T11:38:45.350-0400	debug	Received PollActivityTaskQueue	{"host": "127.0.0.1:63278", "service": "frontend", "logging-call-at": "/Users/shivamsaraf/Desktop/work/temporal/common/log/with_logger.go:61"}
2025-03-19T11:38:45.350-0400	info	returning user data	{"host": "127.0.0.1:63279", "component": "matching-engine", "wf-task-queue-name": "/_sys/rrentVersion_Batching-564e9892_task_queue_23/3", "wf-task-queue-type": "Workflow", "wf-namespace": "namespace-ec265ab4-426c-4316-a4b3-47fc66311932", "long-poll": true, "request-known-version": 0, "user-data-version": 1, "logging-call-at": "/Users/shivamsaraf/Desktop/work/temporal/common/log/with_logger.go:66"}
2025-03-19T11:38:45.350-0400	info	returning user data	{"host": "127.0.0.1:63279", "component": "matching-engine", "wf-task-queue-name": "/_sys/rrentVersion_Batching-564e9892_task_queue_23/2", "wf-task-queue-type": "Workflow", "wf-namespace": "namespace-ec265ab4-426c-4316-a4b3-47fc66311932", "long-poll": true, "request-known-version": 0, "user-data-version": 1, "logging-call-at": "/Users/shivamsaraf/Desktop/work/temporal/common/log/with_logger.go:66"}
2025-03-19T11:38:45.351-0400	info	matching client encountered error	{"host": "127.0.0.1:63279", "error": "partition was not loaded", "service-error-type": "serviceerror.FailedPrecondition", "logging-call-at": "/Users/shivamsaraf/Desktop/work/temporal/common/log/with_logger.go:66"}
2025-03-19T11:38:45.351-0400	info	returning user data	{"host": "127.0.0.1:63279", "component": "matching-engine", "wf-task-queue-name": "/_sys/rrentVersion_Batching-564e9892_task_queue_23/1", "wf-task-queue-type": "Workflow", "wf-namespace": "namespace-ec265ab4-426c-4316-a4b3-47fc66311932", "long-poll": true, "request-known-version": 0, "user-data-version": 1, "logging-call-at": "/Users/shivamsaraf/Desktop/work/temporal/common/log/with_logger.go:66"}
2025-03-19T11:38:45.351-0400	info	matching client encountered error	{"host": "127.0.0.1:63279", "error": "partition was not loaded", "service-error-type": "serviceerror.FailedPrecondition", "logging-call-at": "/Users/shivamsaraf/Desktop/work/temporal/common/log/with_logger.go:66"}
2025-03-19T11:38:45.351-0400	info	matching client encountered error	{"host": "127.0.0.1:63279", "error": "partition was not loaded", "service-error-type": "serviceerror.FailedPrecondition", "logging-call-at": "/Users/shivamsaraf/Desktop/work/temporal/common/log/with_logger.go:66"}
2025-03-19T11:38:45.351-0400	info	matching client encountered error	{"host": "127.0.0.1:63279", "error": "partition was not loaded", "service-error-type": "serviceerror.FailedPrecondition", "logging-call-at": "/Users/shivamsaraf/Desktop/work/temporal/common/log/with_logger.go:66"}
2025-03-19T11:38:45.351-0400	debug	Frontend method invoked.	{"host": "127.0.0.1:63278", "wf-namespace": "namespace-ec265ab4-426c-4316-a4b3-47fc66311932", "operation": "RespondActivityTaskCompleted", "server-name": "", "cert-thumbprint": "", "logging-call-at": "/Users/shivamsaraf/Desktop/work/temporal/common/log/with_logger.go:61"}
2025-03-19T11:38:45.352-0400	debug	Workflow task updated	{"host": "127.0.0.1:63280", "shard-id": 4, "address": "127.0.0.1:63280", "wf-scheduled-event-id": 109, "wf-started-event-id": 0, "workflow-task-request-id": "emptyUuid", "workflow-task-timeout": 10, "attempt": 1, "wf-started-timestamp": "0001-01-01T00:00:00.000Z", "wt-type": "Normal", "logging-call-at": "/Users/shivamsaraf/Desktop/work/temporal/common/log/with_logger.go:61"}
2025-03-19T11:38:45.352-0400	debug	Assigning new task key	{"host": "127.0.0.1:63280", "shard-id": 4, "address": "127.0.0.1:63280", "wf-namespace-id": "d0b550e3-6091-4a9b-a9aa-3d80ffb24954", "wf-id": "temporal-sys-worker-deployment-version:rrentVersion_Batching-564e9892_deployment_series.rrentVersion_Batching-564e9892_build_id", "wf-run-id": "0195af0e-98a0-7d94-93e5-2a1d2e5942f8", "queue-task-type": "TransferWorkflowTask", "queue-task-id": 1048852, "timestamp": "2025-03-19T15:38:45.352Z", "cursor-timestamp": "2025-03-19T15:38:46.344Z", "logging-call-at": "/Users/shivamsaraf/Desktop/work/temporal/common/log/with_logger.go:61"}
2025-03-19T11:38:45.352-0400	debug	Assigning new task key	{"host": "127.0.0.1:63280", "shard-id": 4, "address": "127.0.0.1:63280", "wf-namespace-id": "d0b550e3-6091-4a9b-a9aa-3d80ffb24954", "wf-id": "temporal-sys-worker-deployment-version:rrentVersion_Batching-564e9892_deployment_series.rrentVersion_Batching-564e9892_build_id", "wf-run-id": "0195af0e-98a0-7d94-93e5-2a1d2e5942f8", "queue-task-type": "WorkflowTaskTimeout", "queue-task-id": 1048853, "timestamp": "2025-03-19T15:38:50.353Z", "cursor-timestamp": "2025-03-19T15:38:46.344Z", "logging-call-at": "/Users/shivamsaraf/Desktop/work/temporal/common/log/with_logger.go:61"}
2025-03-19T11:38:45.356-0400	debug	Process task as active.	{"host": "127.0.0.1:63280", "shard-id": 4, "address": "127.0.0.1:63280", "component": "transfer-queue-processor", "wf-namespace-id": "d0b550e3-6091-4a9b-a9aa-3d80ffb24954", "value": "d0b550e3-6091-4a9b-a9aa-3d80ffb24954/temporal-sys-worker-deployment-version:rrentVersion_Batching-564e9892_deployment_series.rrentVersion_Batching-564e9892_build_id/0195af0e-98a0-7d94-93e5-2a1d2e5942f8", "logging-call-at": "/Users/shivamsaraf/Desktop/work/temporal/common/log/with_logger.go:61"}
2025-03-19T11:38:45.357-0400	debug	Workflow task updated	{"host": "127.0.0.1:63280", "shard-id": 4, "address": "127.0.0.1:63280", "wf-scheduled-event-id": 109, "wf-started-event-id": 110, "workflow-task-request-id": "5a3e819d-7fde-47bb-a3c9-2e96c8e7c563", "workflow-task-timeout": 10, "attempt": 1, "wf-started-timestamp": "2025-03-19T15:38:45.357Z", "wt-type": "Normal", "logging-call-at": "/Users/shivamsaraf/Desktop/work/temporal/common/log/with_logger.go:61"}
2025-03-19T11:38:45.357-0400	debug	Assigning new task key	{"host": "127.0.0.1:63280", "shard-id": 4, "address": "127.0.0.1:63280", "wf-namespace-id": "d0b550e3-6091-4a9b-a9aa-3d80ffb24954", "wf-id": "temporal-sys-worker-deployment-version:rrentVersion_Batching-564e9892_deployment_series.rrentVersion_Batching-564e9892_build_id", "wf-run-id": "0195af0e-98a0-7d94-93e5-2a1d2e5942f8", "queue-task-type": "WorkflowTaskTimeout", "queue-task-id": 1048856, "timestamp": "2025-03-19T15:38:55.358Z", "cursor-timestamp": "2025-03-19T15:38:46.356Z", "logging-call-at": "/Users/shivamsaraf/Desktop/work/temporal/common/log/with_logger.go:61"}
2025-03-19T11:38:45.363-0400	debug	Frontend method invoked.	{"host": "127.0.0.1:63278", "wf-namespace": "namespace-ec265ab4-426c-4316-a4b3-47fc66311932", "operation": "PollWorkflowTaskQueue", "server-name": "", "cert-thumbprint": "", "logging-call-at": "/Users/shivamsaraf/Desktop/work/temporal/common/log/with_logger.go:61"}
2025-03-19T11:38:45.363-0400	debug	Received PollWorkflowTaskQueue	{"host": "127.0.0.1:63278", "service": "frontend", "logging-call-at": "/Users/shivamsaraf/Desktop/work/temporal/common/log/with_logger.go:61"}
2025-03-19T11:38:45.363-0400	debug	Poll workflow task queue.	{"host": "127.0.0.1:63278", "service": "frontend", "wf-namespace": "namespace-ec265ab4-426c-4316-a4b3-47fc66311932", "wf-namespace-id": "d0b550e3-6091-4a9b-a9aa-3d80ffb24954", "logging-call-at": "/Users/shivamsaraf/Desktop/work/temporal/common/log/with_logger.go:61"}
2025-03-19T11:38:45.363-0400	debug	Frontend method invoked.	{"host": "127.0.0.1:63278", "wf-namespace": "namespace-ec265ab4-426c-4316-a4b3-47fc66311932", "operation": "RespondWorkflowTaskCompleted", "server-name": "", "cert-thumbprint": "", "logging-call-at": "/Users/shivamsaraf/Desktop/work/temporal/common/log/with_logger.go:61"}
2025-03-19T11:38:45.364-0400	debug	RespondWorkflowTaskCompleted	{"host": "127.0.0.1:63280", "service": "history", "wf-namespace-id": "d0b550e3-6091-4a9b-a9aa-3d80ffb24954", "wf-id": "temporal-sys-worker-deployment-version:rrentVersion_Batching-564e9892_deployment_series.rrentVersion_Batching-564e9892_build_id", "wf-run-id": "0195af0e-98a0-7d94-93e5-2a1d2e5942f8", "wf-scheduled-event-id": 109, "logging-call-at": "/Users/shivamsaraf/Desktop/work/temporal/common/log/with_logger.go:61"}
2025-03-19T11:38:45.364-0400	debug	Workflow task updated	{"host": "127.0.0.1:63280", "shard-id": 4, "address": "127.0.0.1:63280", "wf-scheduled-event-id": 0, "wf-started-event-id": 0, "workflow-task-request-id": "emptyUuid", "workflow-task-timeout": 0, "attempt": 1, "wf-started-timestamp": "1970-01-01T00:00:00.000Z", "wt-type": "Unspecified", "logging-call-at": "/Users/shivamsaraf/Desktop/work/temporal/common/log/with_logger.go:61"}
2025-03-19T11:38:45.364-0400	debug	update state change	{"host": "127.0.0.1:63280", "shard-id": 4, "address": "127.0.0.1:63280", "wf-namespace-id": "d0b550e3-6091-4a9b-a9aa-3d80ffb24954", "wf-id": "temporal-sys-worker-deployment-version:rrentVersion_Batching-564e9892_deployment_series.rrentVersion_Batching-564e9892_build_id", "wf-run-id": "0195af0e-98a0-7d94-93e5-2a1d2e5942f8", "update-id": "47620173-51a4-4779-882d-dc50253efee5", "from-state": "Accepted", "to-state": "ProvisionallyCompleted", "logging-call-at": "/Users/shivamsaraf/Desktop/work/temporal/common/log/with_logger.go:61"}
2025-03-19T11:38:45.367-0400	debug	update state change	{"host": "127.0.0.1:63280", "shard-id": 4, "address": "127.0.0.1:63280", "wf-namespace-id": "d0b550e3-6091-4a9b-a9aa-3d80ffb24954", "wf-id": "temporal-sys-worker-deployment-version:rrentVersion_Batching-564e9892_deployment_series.rrentVersion_Batching-564e9892_build_id", "wf-run-id": "0195af0e-98a0-7d94-93e5-2a1d2e5942f8", "update-id": "47620173-51a4-4779-882d-dc50253efee5", "from-state": "ProvisionallyCompleted", "to-state": "Completed", "logging-call-at": "/Users/shivamsaraf/Desktop/work/temporal/common/log/with_logger.go:61"}
2025-03-19T11:38:45.367-0400	debug	Frontend method invoked.	{"host": "127.0.0.1:63278", "wf-namespace": "namespace-ec265ab4-426c-4316-a4b3-47fc66311932", "operation": "RespondActivityTaskCompleted", "server-name": "", "cert-thumbprint": "", "logging-call-at": "/Users/shivamsaraf/Desktop/work/temporal/common/log/with_logger.go:61"}
2025-03-19T11:38:45.368-0400	debug	Workflow task updated	{"host": "127.0.0.1:63280", "shard-id": 1, "address": "127.0.0.1:63280", "wf-scheduled-event-id": 95, "wf-started-event-id": 0, "workflow-task-request-id": "emptyUuid", "workflow-task-timeout": 10, "attempt": 1, "wf-started-timestamp": "0001-01-01T00:00:00.000Z", "wt-type": "Normal", "logging-call-at": "/Users/shivamsaraf/Desktop/work/temporal/common/log/with_logger.go:61"}
2025-03-19T11:38:45.368-0400	debug	Assigning new task key	{"host": "127.0.0.1:63280", "shard-id": 1, "address": "127.0.0.1:63280", "wf-namespace-id": "d0b550e3-6091-4a9b-a9aa-3d80ffb24954", "wf-id": "temporal-sys-worker-deployment:rrentVersion_Batching-564e9892_deployment_series", "wf-run-id": "0195af0e-960d-715f-b6c6-08dcdf4b78ec", "queue-task-type": "WorkflowTaskTimeout", "queue-task-id": 1048754, "timestamp": "2025-03-19T15:38:50.369Z", "cursor-timestamp": "2025-03-19T15:38:46.201Z", "logging-call-at": "/Users/shivamsaraf/Desktop/work/temporal/common/log/with_logger.go:61"}
2025-03-19T11:38:45.368-0400	debug	Assigning new task key	{"host": "127.0.0.1:63280", "shard-id": 1, "address": "127.0.0.1:63280", "wf-namespace-id": "d0b550e3-6091-4a9b-a9aa-3d80ffb24954", "wf-id": "temporal-sys-worker-deployment:rrentVersion_Batching-564e9892_deployment_series", "wf-run-id": "0195af0e-960d-715f-b6c6-08dcdf4b78ec", "queue-task-type": "TransferWorkflowTask", "queue-task-id": 1048755, "timestamp": "2025-03-19T15:38:45.368Z", "cursor-timestamp": "2025-03-19T15:38:46.201Z", "logging-call-at": "/Users/shivamsaraf/Desktop/work/temporal/common/log/with_logger.go:61"}
2025-03-19T11:38:45.372-0400	debug	Process task as active.	{"host": "127.0.0.1:63280", "shard-id": 1, "address": "127.0.0.1:63280", "component": "transfer-queue-processor", "wf-namespace-id": "d0b550e3-6091-4a9b-a9aa-3d80ffb24954", "value": "d0b550e3-6091-4a9b-a9aa-3d80ffb24954/temporal-sys-worker-deployment:rrentVersion_Batching-564e9892_deployment_series/0195af0e-960d-715f-b6c6-08dcdf4b78ec", "logging-call-at": "/Users/shivamsaraf/Desktop/work/temporal/common/log/with_logger.go:61"}
2025-03-19T11:38:45.372-0400	debug	Workflow task updated	{"host": "127.0.0.1:63280", "shard-id": 1, "address": "127.0.0.1:63280", "wf-scheduled-event-id": 95, "wf-started-event-id": 96, "workflow-task-request-id": "2dc2a045-b428-4621-8795-8f42e6262f3e", "workflow-task-timeout": 10, "attempt": 1, "wf-started-timestamp": "2025-03-19T15:38:45.372Z", "wt-type": "Normal", "logging-call-at": "/Users/shivamsaraf/Desktop/work/temporal/common/log/with_logger.go:61"}
2025-03-19T11:38:45.373-0400	debug	Assigning new task key	{"host": "127.0.0.1:63280", "shard-id": 1, "address": "127.0.0.1:63280", "wf-namespace-id": "d0b550e3-6091-4a9b-a9aa-3d80ffb24954", "wf-id": "temporal-sys-worker-deployment:rrentVersion_Batching-564e9892_deployment_series", "wf-run-id": "0195af0e-960d-715f-b6c6-08dcdf4b78ec", "queue-task-type": "WorkflowTaskTimeout", "queue-task-id": 1048758, "timestamp": "2025-03-19T15:38:55.373Z", "cursor-timestamp": "2025-03-19T15:38:46.371Z", "logging-call-at": "/Users/shivamsaraf/Desktop/work/temporal/common/log/with_logger.go:61"}
2025-03-19T11:38:45.378-0400	debug	ExecuteActivity	{"host": "127.0.0.1:63281", "Namespace": "namespace-ec265ab4-426c-4316-a4b3-47fc66311932", "TaskQueue": "temporal-sys-per-ns-tq", "WorkerID": "temporal-system@Shivams-MacBook-Pro.local@namespace-ec265ab4-426c-4316-a4b3-47fc66311932", "WorkflowType": "temporal-sys-worker-deployment-workflow", "WorkflowID": "temporal-sys-worker-deployment:rrentVersion_Batching-564e9892_deployment_series", "RunID": "0195af0e-960d-715f-b6c6-08dcdf4b78ec", "Attempt": 0, "ActivityID": "99", "ActivityType": "RegisterWorkerInVersion", "logging-call-at": "/Users/shivamsaraf/Desktop/work/temporal/common/log/with_logger.go:61"}
2025-03-19T11:38:45.378-0400	debug	Frontend method invoked.	{"host": "127.0.0.1:63278", "wf-namespace": "namespace-ec265ab4-426c-4316-a4b3-47fc66311932", "operation": "PollWorkflowTaskQueue", "server-name": "", "cert-thumbprint": "", "logging-call-at": "/Users/shivamsaraf/Desktop/work/temporal/common/log/with_logger.go:61"}
2025-03-19T11:38:45.378-0400	debug	Received PollWorkflowTaskQueue	{"host": "127.0.0.1:63278", "service": "frontend", "logging-call-at": "/Users/shivamsaraf/Desktop/work/temporal/common/log/with_logger.go:61"}
2025-03-19T11:38:45.378-0400	debug	Poll workflow task queue.	{"host": "127.0.0.1:63278", "service": "frontend", "wf-namespace": "namespace-ec265ab4-426c-4316-a4b3-47fc66311932", "wf-namespace-id": "d0b550e3-6091-4a9b-a9aa-3d80ffb24954", "logging-call-at": "/Users/shivamsaraf/Desktop/work/temporal/common/log/with_logger.go:61"}
2025-03-19T11:38:45.379-0400	debug	Frontend method invoked.	{"host": "127.0.0.1:63278", "wf-namespace": "namespace-ec265ab4-426c-4316-a4b3-47fc66311932", "operation": "RespondWorkflowTaskCompleted", "server-name": "", "cert-thumbprint": "", "logging-call-at": "/Users/shivamsaraf/Desktop/work/temporal/common/log/with_logger.go:61"}
2025-03-19T11:38:45.380-0400	debug	RespondWorkflowTaskCompleted	{"host": "127.0.0.1:63280", "service": "history", "wf-namespace-id": "d0b550e3-6091-4a9b-a9aa-3d80ffb24954", "wf-id": "temporal-sys-worker-deployment:rrentVersion_Batching-564e9892_deployment_series", "wf-run-id": "0195af0e-960d-715f-b6c6-08dcdf4b78ec", "wf-scheduled-event-id": 95, "logging-call-at": "/Users/shivamsaraf/Desktop/work/temporal/common/log/with_logger.go:61"}
2025-03-19T11:38:45.380-0400	debug	Workflow task updated	{"host": "127.0.0.1:63280", "shard-id": 1, "address": "127.0.0.1:63280", "wf-scheduled-event-id": 0, "wf-started-event-id": 0, "workflow-task-request-id": "emptyUuid", "workflow-task-timeout": 0, "attempt": 1, "wf-started-timestamp": "1970-01-01T00:00:00.000Z", "wt-type": "Unspecified", "logging-call-at": "/Users/shivamsaraf/Desktop/work/temporal/common/log/with_logger.go:61"}
2025-03-19T11:38:45.380-0400	debug	update state change	{"host": "127.0.0.1:63280", "shard-id": 1, "address": "127.0.0.1:63280", "wf-namespace-id": "d0b550e3-6091-4a9b-a9aa-3d80ffb24954", "wf-id": "temporal-sys-worker-deployment:rrentVersion_Batching-564e9892_deployment_series", "wf-run-id": "0195af0e-960d-715f-b6c6-08dcdf4b78ec", "update-id": "1174c555-dc6d-44d3-b61b-6a642cc728d1", "from-state": "Accepted", "to-state": "ProvisionallyCompleted", "logging-call-at": "/Users/shivamsaraf/Desktop/work/temporal/common/log/with_logger.go:61"}
2025-03-19T11:38:45.380-0400	debug	Assigning new task key	{"host": "127.0.0.1:63280", "shard-id": 1, "address": "127.0.0.1:63280", "wf-namespace-id": "d0b550e3-6091-4a9b-a9aa-3d80ffb24954", "wf-id": "temporal-sys-worker-deployment:rrentVersion_Batching-564e9892_deployment_series", "wf-run-id": "0195af0e-960d-715f-b6c6-08dcdf4b78ec", "queue-task-type": "TransferActivityTask", "queue-task-id": 1048764, "timestamp": "2025-03-19T15:38:45.380Z", "cursor-timestamp": "2025-03-19T15:38:46.371Z", "logging-call-at": "/Users/shivamsaraf/Desktop/work/temporal/common/log/with_logger.go:61"}
2025-03-19T11:38:45.383-0400	debug	update state change	{"host": "127.0.0.1:63280", "shard-id": 1, "address": "127.0.0.1:63280", "wf-namespace-id": "d0b550e3-6091-4a9b-a9aa-3d80ffb24954", "wf-id": "temporal-sys-worker-deployment:rrentVersion_Batching-564e9892_deployment_series", "wf-run-id": "0195af0e-960d-715f-b6c6-08dcdf4b78ec", "update-id": "1174c555-dc6d-44d3-b61b-6a642cc728d1", "from-state": "ProvisionallyCompleted", "to-state": "Completed", "logging-call-at": "/Users/shivamsaraf/Desktop/work/temporal/common/log/with_logger.go:61"}
2025-03-19T11:38:45.384-0400	debug	deployment client success	{"host": "127.0.0.1:63279", "operation": "RegisterTaskQueueWorker", "elapsed": 1.883312208, "args": ["rrentVersion_Batching-564e9892_task_queue_23",1,"matching service"], "logging-call-at": "/Users/shivamsaraf/Desktop/work/temporal/common/log/with_logger.go:61"}
2025-03-19T11:38:45.384-0400	debug	Process task as active.	{"host": "127.0.0.1:63280", "shard-id": 1, "address": "127.0.0.1:63280", "component": "transfer-queue-processor", "wf-namespace-id": "d0b550e3-6091-4a9b-a9aa-3d80ffb24954", "value": "d0b550e3-6091-4a9b-a9aa-3d80ffb24954/temporal-sys-worker-deployment:rrentVersion_Batching-564e9892_deployment_series/0195af0e-960d-715f-b6c6-08dcdf4b78ec", "logging-call-at": "/Users/shivamsaraf/Desktop/work/temporal/common/log/with_logger.go:61"}
2025-03-19T11:38:45.384-0400	info	Started physicalTaskQueueManager	{"host": "127.0.0.1:63279", "component": "matching-engine", "wf-task-queue-name": "rrentVersion_Batching-564e9892_task_queue_23", "wf-task-queue-type": "Workflow", "wf-namespace": "namespace-ec265ab4-426c-4316-a4b3-47fc66311932", "worker-build-id": "rrentVersion_Batching-564e9892_deployment_series/rrentVersion_Batching-564e9892_build_id", "lifecycle": "Started", "cause": "UserData", "logging-call-at": "/Users/shivamsaraf/Desktop/work/temporal/common/log/with_logger.go:66"}
2025-03-19T11:38:45.385-0400	debug	Assigning new task key	{"host": "127.0.0.1:63280", "shard-id": 1, "address": "127.0.0.1:63280", "wf-namespace-id": "d0b550e3-6091-4a9b-a9aa-3d80ffb24954", "wf-id": "temporal-sys-worker-deployment:rrentVersion_Batching-564e9892_deployment_series", "wf-run-id": "0195af0e-960d-715f-b6c6-08dcdf4b78ec", "queue-task-type": "ActivityTimeout", "queue-task-id": 1048766, "timestamp": "2025-03-19T15:39:45.386Z", "cursor-timestamp": "2025-03-19T15:38:46.383Z", "logging-call-at": "/Users/shivamsaraf/Desktop/work/temporal/common/log/with_logger.go:61"}
2025-03-19T11:38:45.389-0400	debug	Frontend method invoked.	{"host": "127.0.0.1:63278", "wf-namespace": "namespace-ec265ab4-426c-4316-a4b3-47fc66311932", "operation": "PollActivityTaskQueue", "server-name": "", "cert-thumbprint": "", "logging-call-at": "/Users/shivamsaraf/Desktop/work/temporal/common/log/with_logger.go:61"}
2025-03-19T11:38:45.389-0400	debug	Received PollActivityTaskQueue	{"host": "127.0.0.1:63278", "service": "frontend", "logging-call-at": "/Users/shivamsaraf/Desktop/work/temporal/common/log/with_logger.go:61"}
2025-03-19T11:38:45.390-0400	debug	update state change	{"host": "127.0.0.1:63280", "shard-id": 4, "address": "127.0.0.1:63280", "wf-namespace-id": "d0b550e3-6091-4a9b-a9aa-3d80ffb24954", "wf-id": "temporal-sys-worker-deployment-version:rrentVersion_Batching-564e9892_deployment_series.rrentVersion_Batching-564e9892_build_id", "wf-run-id": "0195af0e-98a0-7d94-93e5-2a1d2e5942f8", "update-id": "be11c60b-2235-41c3-a4cf-7931ac23b93d", "from-state": "Created", "to-state": "ProvisionallyAdmitted", "logging-call-at": "/Users/shivamsaraf/Desktop/work/temporal/common/log/with_logger.go:61"}
2025-03-19T11:38:45.390-0400	debug	update state change	{"host": "127.0.0.1:63280", "shard-id": 4, "address": "127.0.0.1:63280", "wf-namespace-id": "d0b550e3-6091-4a9b-a9aa-3d80ffb24954", "wf-id": "temporal-sys-worker-deployment-version:rrentVersion_Batching-564e9892_deployment_series.rrentVersion_Batching-564e9892_build_id", "wf-run-id": "0195af0e-98a0-7d94-93e5-2a1d2e5942f8", "update-id": "be11c60b-2235-41c3-a4cf-7931ac23b93d", "from-state": "ProvisionallyAdmitted", "to-state": "Admitted", "logging-call-at": "/Users/shivamsaraf/Desktop/work/temporal/common/log/with_logger.go:61"}
2025-03-19T11:38:45.390-0400	debug	Workflow task updated	{"host": "127.0.0.1:63280", "shard-id": 4, "address": "127.0.0.1:63280", "wf-scheduled-event-id": 113, "wf-started-event-id": 0, "workflow-task-request-id": "emptyUuid", "workflow-task-timeout": 10, "attempt": 1, "wf-started-timestamp": "0001-01-01T00:00:00.000Z", "wt-type": "Speculative", "logging-call-at": "/Users/shivamsaraf/Desktop/work/temporal/common/log/with_logger.go:61"}
2025-03-19T11:38:45.390-0400	debug	Workflow task updated	{"host": "127.0.0.1:63280", "shard-id": 4, "address": "127.0.0.1:63280", "wf-scheduled-event-id": 113, "wf-started-event-id": 114, "workflow-task-request-id": "cbebd0b7-5074-4054-9a02-2bccbde99142", "workflow-task-timeout": 10, "attempt": 1, "wf-started-timestamp": "2025-03-19T15:38:45.390Z", "wt-type": "Speculative", "logging-call-at": "/Users/shivamsaraf/Desktop/work/temporal/common/log/with_logger.go:61"}
2025-03-19T11:38:45.390-0400	debug	update state change	{"host": "127.0.0.1:63280", "shard-id": 4, "address": "127.0.0.1:63280", "wf-namespace-id": "d0b550e3-6091-4a9b-a9aa-3d80ffb24954", "wf-id": "temporal-sys-worker-deployment-version:rrentVersion_Batching-564e9892_deployment_series.rrentVersion_Batching-564e9892_build_id", "wf-run-id": "0195af0e-98a0-7d94-93e5-2a1d2e5942f8", "update-id": "be11c60b-2235-41c3-a4cf-7931ac23b93d", "from-state": "Admitted", "to-state": "Sent", "logging-call-at": "/Users/shivamsaraf/Desktop/work/temporal/common/log/with_logger.go:61"}
2025-03-19T11:38:45.393-0400	debug	ExecuteActivity	{"host": "127.0.0.1:63281", "Namespace": "namespace-ec265ab4-426c-4316-a4b3-47fc66311932", "TaskQueue": "temporal-sys-per-ns-tq", "WorkerID": "temporal-system@Shivams-MacBook-Pro.local@namespace-ec265ab4-426c-4316-a4b3-47fc66311932", "WorkflowType": "temporal-sys-worker-deployment-version-workflow", "WorkflowID": "temporal-sys-worker-deployment-version:rrentVersion_Batching-564e9892_deployment_series.rrentVersion_Batching-564e9892_build_id", "RunID": "0195af0e-98a0-7d94-93e5-2a1d2e5942f8", "Attempt": 0, "ActivityID": "117", "ActivityType": "SyncDeploymentVersionUserData", "logging-call-at": "/Users/shivamsaraf/Desktop/work/temporal/common/log/with_logger.go:61"}
2025-03-19T11:38:45.393-0400	debug	Frontend method invoked.	{"host": "127.0.0.1:63278", "wf-namespace": "namespace-ec265ab4-426c-4316-a4b3-47fc66311932", "operation": "PollWorkflowTaskQueue", "server-name": "", "cert-thumbprint": "", "logging-call-at": "/Users/shivamsaraf/Desktop/work/temporal/common/log/with_logger.go:61"}
2025-03-19T11:38:45.393-0400	debug	Received PollWorkflowTaskQueue	{"host": "127.0.0.1:63278", "service": "frontend", "logging-call-at": "/Users/shivamsaraf/Desktop/work/temporal/common/log/with_logger.go:61"}
2025-03-19T11:38:45.393-0400	debug	Poll workflow task queue.	{"host": "127.0.0.1:63278", "service": "frontend", "wf-namespace": "namespace-ec265ab4-426c-4316-a4b3-47fc66311932", "wf-namespace-id": "d0b550e3-6091-4a9b-a9aa-3d80ffb24954", "logging-call-at": "/Users/shivamsaraf/Desktop/work/temporal/common/log/with_logger.go:61"}
2025-03-19T11:38:45.394-0400	debug	Frontend method invoked.	{"host": "127.0.0.1:63278", "wf-namespace": "namespace-ec265ab4-426c-4316-a4b3-47fc66311932", "operation": "RespondWorkflowTaskCompleted", "server-name": "", "cert-thumbprint": "", "logging-call-at": "/Users/shivamsaraf/Desktop/work/temporal/common/log/with_logger.go:61"}
2025-03-19T11:38:45.394-0400	debug	RespondWorkflowTaskCompleted	{"host": "127.0.0.1:63280", "service": "history", "wf-namespace-id": "d0b550e3-6091-4a9b-a9aa-3d80ffb24954", "wf-id": "temporal-sys-worker-deployment-version:rrentVersion_Batching-564e9892_deployment_series.rrentVersion_Batching-564e9892_build_id", "wf-run-id": "0195af0e-98a0-7d94-93e5-2a1d2e5942f8", "wf-scheduled-event-id": 113, "logging-call-at": "/Users/shivamsaraf/Desktop/work/temporal/common/log/with_logger.go:61"}
2025-03-19T11:38:45.394-0400	debug	Workflow task updated	{"host": "127.0.0.1:63280", "shard-id": 4, "address": "127.0.0.1:63280", "wf-scheduled-event-id": 0, "wf-started-event-id": 0, "workflow-task-request-id": "emptyUuid", "workflow-task-timeout": 0, "attempt": 1, "wf-started-timestamp": "1970-01-01T00:00:00.000Z", "wt-type": "Unspecified", "logging-call-at": "/Users/shivamsaraf/Desktop/work/temporal/common/log/with_logger.go:61"}
2025-03-19T11:38:45.394-0400	debug	update state change	{"host": "127.0.0.1:63280", "shard-id": 4, "address": "127.0.0.1:63280", "wf-namespace-id": "d0b550e3-6091-4a9b-a9aa-3d80ffb24954", "wf-id": "temporal-sys-worker-deployment-version:rrentVersion_Batching-564e9892_deployment_series.rrentVersion_Batching-564e9892_build_id", "wf-run-id": "0195af0e-98a0-7d94-93e5-2a1d2e5942f8", "update-id": "be11c60b-2235-41c3-a4cf-7931ac23b93d", "from-state": "Sent", "to-state": "ProvisionallyAccepted", "logging-call-at": "/Users/shivamsaraf/Desktop/work/temporal/common/log/with_logger.go:61"}
2025-03-19T11:38:45.395-0400	debug	Assigning new task key	{"host": "127.0.0.1:63280", "shard-id": 4, "address": "127.0.0.1:63280", "wf-namespace-id": "d0b550e3-6091-4a9b-a9aa-3d80ffb24954", "wf-id": "temporal-sys-worker-deployment-version:rrentVersion_Batching-564e9892_deployment_series.rrentVersion_Batching-564e9892_build_id", "wf-run-id": "0195af0e-98a0-7d94-93e5-2a1d2e5942f8", "queue-task-type": "TransferActivityTask", "queue-task-id": 1048873, "timestamp": "2025-03-19T15:38:45.395Z", "cursor-timestamp": "2025-03-19T15:38:46.356Z", "logging-call-at": "/Users/shivamsaraf/Desktop/work/temporal/common/log/with_logger.go:61"}
2025-03-19T11:38:45.398-0400	debug	update state change	{"host": "127.0.0.1:63280", "shard-id": 4, "address": "127.0.0.1:63280", "wf-namespace-id": "d0b550e3-6091-4a9b-a9aa-3d80ffb24954", "wf-id": "temporal-sys-worker-deployment-version:rrentVersion_Batching-564e9892_deployment_series.rrentVersion_Batching-564e9892_build_id", "wf-run-id": "0195af0e-98a0-7d94-93e5-2a1d2e5942f8", "update-id": "be11c60b-2235-41c3-a4cf-7931ac23b93d", "from-state": "ProvisionallyAccepted", "to-state": "Accepted", "logging-call-at": "/Users/shivamsaraf/Desktop/work/temporal/common/log/with_logger.go:61"}
2025-03-19T11:38:45.399-0400	debug	Process task as active.	{"host": "127.0.0.1:63280", "shard-id": 4, "address": "127.0.0.1:63280", "component": "transfer-queue-processor", "wf-namespace-id": "d0b550e3-6091-4a9b-a9aa-3d80ffb24954", "value": "d0b550e3-6091-4a9b-a9aa-3d80ffb24954/temporal-sys-worker-deployment-version:rrentVersion_Batching-564e9892_deployment_series.rrentVersion_Batching-564e9892_build_id/0195af0e-98a0-7d94-93e5-2a1d2e5942f8", "logging-call-at": "/Users/shivamsaraf/Desktop/work/temporal/common/log/with_logger.go:61"}
2025-03-19T11:38:45.399-0400	debug	Assigning new task key	{"host": "127.0.0.1:63280", "shard-id": 4, "address": "127.0.0.1:63280", "wf-namespace-id": "d0b550e3-6091-4a9b-a9aa-3d80ffb24954", "wf-id": "temporal-sys-worker-deployment-version:rrentVersion_Batching-564e9892_deployment_series.rrentVersion_Batching-564e9892_build_id", "wf-run-id": "0195af0e-98a0-7d94-93e5-2a1d2e5942f8", "queue-task-type": "ActivityTimeout", "queue-task-id": 1048874, "timestamp": "2025-03-19T15:39:45.400Z", "cursor-timestamp": "2025-03-19T15:38:46.398Z", "logging-call-at": "/Users/shivamsaraf/Desktop/work/temporal/common/log/with_logger.go:61"}
2025-03-19T11:38:45.403-0400	info	syncing task queue userdata for deployment version	{"host": "127.0.0.1:63281", "Namespace": "namespace-ec265ab4-426c-4316-a4b3-47fc66311932", "TaskQueue": "temporal-sys-per-ns-tq", "WorkerID": "temporal-system@Shivams-MacBook-Pro.local@namespace-ec265ab4-426c-4316-a4b3-47fc66311932", "ActivityID": "117", "ActivityType": "SyncDeploymentVersionUserData", "Attempt": 1, "WorkflowType": "temporal-sys-worker-deployment-version-workflow", "WorkflowID": "temporal-sys-worker-deployment-version:rrentVersion_Batching-564e9892_deployment_series.rrentVersion_Batching-564e9892_build_id", "RunID": "0195af0e-98a0-7d94-93e5-2a1d2e5942f8", "taskQueue": "rrentVersion_Batching-564e9892_task_queue_24", "types": [1], "logging-call-at": "/Users/shivamsaraf/Desktop/work/temporal/common/log/with_logger.go:66"}
2025-03-19T11:38:45.403-0400	debug	Frontend method invoked.	{"host": "127.0.0.1:63278", "wf-namespace": "namespace-ec265ab4-426c-4316-a4b3-47fc66311932", "operation": "PollActivityTaskQueue", "server-name": "", "cert-thumbprint": "", "logging-call-at": "/Users/shivamsaraf/Desktop/work/temporal/common/log/with_logger.go:61"}
2025-03-19T11:38:45.403-0400	debug	Received PollActivityTaskQueue	{"host": "127.0.0.1:63278", "service": "frontend", "logging-call-at": "/Users/shivamsaraf/Desktop/work/temporal/common/log/with_logger.go:61"}
2025-03-19T11:38:45.505-0400	info	modified user data	{"host": "127.0.0.1:63279", "component": "matching-engine", "wf-task-queue-name": "rrentVersion_Batching-564e9892_task_queue_24", "wf-task-queue-type": "Workflow", "wf-namespace": "namespace-ec265ab4-426c-4316-a4b3-47fc66311932", "user-data-update-source": "SyncDeploymentUserData", "user-data-version": 1, "timestamp": "2025-03-19T15:38:45.403Z", "logging-call-at": "/Users/shivamsaraf/Desktop/work/temporal/common/log/with_logger.go:66"}
2025-03-19T11:38:45.505-0400	debug	user data changed while blocked in long poll	{"host": "127.0.0.1:63279", "component": "matching-engine", "wf-task-queue-name": "rrentVersion_Batching-564e9892_task_queue_24", "wf-task-queue-type": "Workflow", "wf-namespace": "namespace-ec265ab4-426c-4316-a4b3-47fc66311932", "logging-call-at": "/Users/shivamsaraf/Desktop/work/temporal/common/log/with_logger.go:61"}
2025-03-19T11:38:45.505-0400	debug	user data changed while blocked in long poll	{"host": "127.0.0.1:63279", "component": "matching-engine", "wf-task-queue-name": "rrentVersion_Batching-564e9892_task_queue_24", "wf-task-queue-type": "Workflow", "wf-namespace": "namespace-ec265ab4-426c-4316-a4b3-47fc66311932", "logging-call-at": "/Users/shivamsaraf/Desktop/work/temporal/common/log/with_logger.go:61"}
2025-03-19T11:38:45.505-0400	debug	user data changed while blocked in long poll	{"host": "127.0.0.1:63279", "component": "matching-engine", "wf-task-queue-name": "rrentVersion_Batching-564e9892_task_queue_24", "wf-task-queue-type": "Workflow", "wf-namespace": "namespace-ec265ab4-426c-4316-a4b3-47fc66311932", "logging-call-at": "/Users/shivamsaraf/Desktop/work/temporal/common/log/with_logger.go:61"}
2025-03-19T11:38:45.505-0400	info	returning user data	{"host": "127.0.0.1:63279", "component": "matching-engine", "wf-task-queue-name": "rrentVersion_Batching-564e9892_task_queue_24", "wf-task-queue-type": "Workflow", "wf-namespace": "namespace-ec265ab4-426c-4316-a4b3-47fc66311932", "long-poll": true, "request-known-version": 0, "user-data-version": 1, "logging-call-at": "/Users/shivamsaraf/Desktop/work/temporal/common/log/with_logger.go:66"}
2025-03-19T11:38:45.505-0400	info	returning user data	{"host": "127.0.0.1:63279", "component": "matching-engine", "wf-task-queue-name": "rrentVersion_Batching-564e9892_task_queue_24", "wf-task-queue-type": "Workflow", "wf-namespace": "namespace-ec265ab4-426c-4316-a4b3-47fc66311932", "long-poll": true, "request-known-version": 0, "user-data-version": 1, "logging-call-at": "/Users/shivamsaraf/Desktop/work/temporal/common/log/with_logger.go:66"}
2025-03-19T11:38:45.505-0400	info	returning user data	{"host": "127.0.0.1:63279", "component": "matching-engine", "wf-task-queue-name": "rrentVersion_Batching-564e9892_task_queue_24", "wf-task-queue-type": "Workflow", "wf-namespace": "namespace-ec265ab4-426c-4316-a4b3-47fc66311932", "long-poll": true, "request-known-version": 0, "user-data-version": 1, "logging-call-at": "/Users/shivamsaraf/Desktop/work/temporal/common/log/with_logger.go:66"}
2025-03-19T11:38:45.506-0400	info	fetched user data from parent	{"host": "127.0.0.1:63279", "component": "matching-engine", "wf-task-queue-name": "/_sys/rrentVersion_Batching-564e9892_task_queue_24/2", "wf-task-queue-type": "Workflow", "wf-namespace": "namespace-ec265ab4-426c-4316-a4b3-47fc66311932", "user-data-version": 1, "timestamp": "2025-03-19T15:38:45.403Z", "logging-call-at": "/Users/shivamsaraf/Desktop/work/temporal/common/log/with_logger.go:66"}
2025-03-19T11:38:45.506-0400	info	fetched user data from parent	{"host": "127.0.0.1:63279", "component": "matching-engine", "wf-task-queue-name": "/_sys/rrentVersion_Batching-564e9892_task_queue_24/3", "wf-task-queue-type": "Workflow", "wf-namespace": "namespace-ec265ab4-426c-4316-a4b3-47fc66311932", "user-data-version": 1, "timestamp": "2025-03-19T15:38:45.403Z", "logging-call-at": "/Users/shivamsaraf/Desktop/work/temporal/common/log/with_logger.go:66"}
2025-03-19T11:38:45.506-0400	debug	Frontend method invoked.	{"host": "127.0.0.1:63278", "wf-namespace": "namespace-ec265ab4-426c-4316-a4b3-47fc66311932", "operation": "RespondActivityTaskCompleted", "server-name": "", "cert-thumbprint": "", "logging-call-at": "/Users/shivamsaraf/Desktop/work/temporal/common/log/with_logger.go:61"}
2025-03-19T11:38:45.506-0400	info	fetched user data from parent	{"host": "127.0.0.1:63279", "component": "matching-engine", "wf-task-queue-name": "/_sys/rrentVersion_Batching-564e9892_task_queue_24/1", "wf-task-queue-type": "Workflow", "wf-namespace": "namespace-ec265ab4-426c-4316-a4b3-47fc66311932", "user-data-version": 1, "timestamp": "2025-03-19T15:38:45.403Z", "logging-call-at": "/Users/shivamsaraf/Desktop/work/temporal/common/log/with_logger.go:66"}
2025-03-19T11:38:45.507-0400	debug	Workflow task updated	{"host": "127.0.0.1:63280", "shard-id": 4, "address": "127.0.0.1:63280", "wf-scheduled-event-id": 120, "wf-started-event-id": 0, "workflow-task-request-id": "emptyUuid", "workflow-task-timeout": 10, "attempt": 1, "wf-started-timestamp": "0001-01-01T00:00:00.000Z", "wt-type": "Normal", "logging-call-at": "/Users/shivamsaraf/Desktop/work/temporal/common/log/with_logger.go:61"}
2025-03-19T11:38:45.507-0400	debug	Assigning new task key	{"host": "127.0.0.1:63280", "shard-id": 4, "address": "127.0.0.1:63280", "wf-namespace-id": "d0b550e3-6091-4a9b-a9aa-3d80ffb24954", "wf-id": "temporal-sys-worker-deployment-version:rrentVersion_Batching-564e9892_deployment_series.rrentVersion_Batching-564e9892_build_id", "wf-run-id": "0195af0e-98a0-7d94-93e5-2a1d2e5942f8", "queue-task-type": "WorkflowTaskTimeout", "queue-task-id": 1048880, "timestamp": "2025-03-19T15:38:50.508Z", "cursor-timestamp": "2025-03-19T15:38:46.398Z", "logging-call-at": "/Users/shivamsaraf/Desktop/work/temporal/common/log/with_logger.go:61"}
2025-03-19T11:38:45.507-0400	debug	Assigning new task key	{"host": "127.0.0.1:63280", "shard-id": 4, "address": "127.0.0.1:63280", "wf-namespace-id": "d0b550e3-6091-4a9b-a9aa-3d80ffb24954", "wf-id": "temporal-sys-worker-deployment-version:rrentVersion_Batching-564e9892_deployment_series.rrentVersion_Batching-564e9892_build_id", "wf-run-id": "0195af0e-98a0-7d94-93e5-2a1d2e5942f8", "queue-task-type": "TransferWorkflowTask", "queue-task-id": 1048881, "timestamp": "2025-03-19T15:38:45.507Z", "cursor-timestamp": "2025-03-19T15:38:46.398Z", "logging-call-at": "/Users/shivamsaraf/Desktop/work/temporal/common/log/with_logger.go:61"}
2025-03-19T11:38:45.513-0400	debug	Process task as active.	{"host": "127.0.0.1:63280", "shard-id": 4, "address": "127.0.0.1:63280", "component": "transfer-queue-processor", "wf-namespace-id": "d0b550e3-6091-4a9b-a9aa-3d80ffb24954", "value": "d0b550e3-6091-4a9b-a9aa-3d80ffb24954/temporal-sys-worker-deployment-version:rrentVersion_Batching-564e9892_deployment_series.rrentVersion_Batching-564e9892_build_id/0195af0e-98a0-7d94-93e5-2a1d2e5942f8", "logging-call-at": "/Users/shivamsaraf/Desktop/work/temporal/common/log/with_logger.go:61"}
2025-03-19T11:38:45.514-0400	debug	Workflow task updated	{"host": "127.0.0.1:63280", "shard-id": 4, "address": "127.0.0.1:63280", "wf-scheduled-event-id": 120, "wf-started-event-id": 121, "workflow-task-request-id": "ef88e81f-db6f-4a11-965f-ae28c2dfb962", "workflow-task-timeout": 10, "attempt": 1, "wf-started-timestamp": "2025-03-19T15:38:45.514Z", "wt-type": "Normal", "logging-call-at": "/Users/shivamsaraf/Desktop/work/temporal/common/log/with_logger.go:61"}
2025-03-19T11:38:45.514-0400	debug	Assigning new task key	{"host": "127.0.0.1:63280", "shard-id": 4, "address": "127.0.0.1:63280", "wf-namespace-id": "d0b550e3-6091-4a9b-a9aa-3d80ffb24954", "wf-id": "temporal-sys-worker-deployment-version:rrentVersion_Batching-564e9892_deployment_series.rrentVersion_Batching-564e9892_build_id", "wf-run-id": "0195af0e-98a0-7d94-93e5-2a1d2e5942f8", "queue-task-type": "WorkflowTaskTimeout", "queue-task-id": 1048884, "timestamp": "2025-03-19T15:38:55.515Z", "cursor-timestamp": "2025-03-19T15:38:46.512Z", "logging-call-at": "/Users/shivamsaraf/Desktop/work/temporal/common/log/with_logger.go:61"}
2025-03-19T11:38:45.522-0400	debug	ExecuteActivity	{"host": "127.0.0.1:63281", "Namespace": "namespace-ec265ab4-426c-4316-a4b3-47fc66311932", "TaskQueue": "temporal-sys-per-ns-tq", "WorkerID": "temporal-system@Shivams-MacBook-Pro.local@namespace-ec265ab4-426c-4316-a4b3-47fc66311932", "WorkflowType": "temporal-sys-worker-deployment-version-workflow", "WorkflowID": "temporal-sys-worker-deployment-version:rrentVersion_Batching-564e9892_deployment_series.rrentVersion_Batching-564e9892_build_id", "RunID": "0195af0e-98a0-7d94-93e5-2a1d2e5942f8", "Attempt": 0, "ActivityID": "123", "ActivityType": "CheckWorkerDeploymentUserDataPropagation", "logging-call-at": "/Users/shivamsaraf/Desktop/work/temporal/common/log/with_logger.go:61"}
2025-03-19T11:38:45.522-0400	debug	Frontend method invoked.	{"host": "127.0.0.1:63278", "wf-namespace": "namespace-ec265ab4-426c-4316-a4b3-47fc66311932", "operation": "PollWorkflowTaskQueue", "server-name": "", "cert-thumbprint": "", "logging-call-at": "/Users/shivamsaraf/Desktop/work/temporal/common/log/with_logger.go:61"}
2025-03-19T11:38:45.522-0400	debug	Received PollWorkflowTaskQueue	{"host": "127.0.0.1:63278", "service": "frontend", "logging-call-at": "/Users/shivamsaraf/Desktop/work/temporal/common/log/with_logger.go:61"}
2025-03-19T11:38:45.522-0400	debug	Poll workflow task queue.	{"host": "127.0.0.1:63278", "service": "frontend", "wf-namespace": "namespace-ec265ab4-426c-4316-a4b3-47fc66311932", "wf-namespace-id": "d0b550e3-6091-4a9b-a9aa-3d80ffb24954", "logging-call-at": "/Users/shivamsaraf/Desktop/work/temporal/common/log/with_logger.go:61"}
2025-03-19T11:38:45.522-0400	debug	Frontend method invoked.	{"host": "127.0.0.1:63278", "wf-namespace": "namespace-ec265ab4-426c-4316-a4b3-47fc66311932", "operation": "RespondWorkflowTaskCompleted", "server-name": "", "cert-thumbprint": "", "logging-call-at": "/Users/shivamsaraf/Desktop/work/temporal/common/log/with_logger.go:61"}
2025-03-19T11:38:45.523-0400	debug	RespondWorkflowTaskCompleted	{"host": "127.0.0.1:63280", "service": "history", "wf-namespace-id": "d0b550e3-6091-4a9b-a9aa-3d80ffb24954", "wf-id": "temporal-sys-worker-deployment-version:rrentVersion_Batching-564e9892_deployment_series.rrentVersion_Batching-564e9892_build_id", "wf-run-id": "0195af0e-98a0-7d94-93e5-2a1d2e5942f8", "wf-scheduled-event-id": 120, "logging-call-at": "/Users/shivamsaraf/Desktop/work/temporal/common/log/with_logger.go:61"}
2025-03-19T11:38:45.523-0400	debug	Workflow task updated	{"host": "127.0.0.1:63280", "shard-id": 4, "address": "127.0.0.1:63280", "wf-scheduled-event-id": 0, "wf-started-event-id": 0, "workflow-task-request-id": "emptyUuid", "workflow-task-timeout": 0, "attempt": 1, "wf-started-timestamp": "1970-01-01T00:00:00.000Z", "wt-type": "Unspecified", "logging-call-at": "/Users/shivamsaraf/Desktop/work/temporal/common/log/with_logger.go:61"}
2025-03-19T11:38:45.523-0400	debug	Assigning new task key	{"host": "127.0.0.1:63280", "shard-id": 4, "address": "127.0.0.1:63280", "wf-namespace-id": "d0b550e3-6091-4a9b-a9aa-3d80ffb24954", "wf-id": "temporal-sys-worker-deployment-version:rrentVersion_Batching-564e9892_deployment_series.rrentVersion_Batching-564e9892_build_id", "wf-run-id": "0195af0e-98a0-7d94-93e5-2a1d2e5942f8", "queue-task-type": "TransferActivityTask", "queue-task-id": 1048889, "timestamp": "2025-03-19T15:38:45.523Z", "cursor-timestamp": "2025-03-19T15:38:46.512Z", "logging-call-at": "/Users/shivamsaraf/Desktop/work/temporal/common/log/with_logger.go:61"}
2025-03-19T11:38:45.528-0400	debug	Process task as active.	{"host": "127.0.0.1:63280", "shard-id": 4, "address": "127.0.0.1:63280", "component": "transfer-queue-processor", "wf-namespace-id": "d0b550e3-6091-4a9b-a9aa-3d80ffb24954", "value": "d0b550e3-6091-4a9b-a9aa-3d80ffb24954/temporal-sys-worker-deployment-version:rrentVersion_Batching-564e9892_deployment_series.rrentVersion_Batching-564e9892_build_id/0195af0e-98a0-7d94-93e5-2a1d2e5942f8", "logging-call-at": "/Users/shivamsaraf/Desktop/work/temporal/common/log/with_logger.go:61"}
2025-03-19T11:38:45.528-0400	debug	Assigning new task key	{"host": "127.0.0.1:63280", "shard-id": 4, "address": "127.0.0.1:63280", "wf-namespace-id": "d0b550e3-6091-4a9b-a9aa-3d80ffb24954", "wf-id": "temporal-sys-worker-deployment-version:rrentVersion_Batching-564e9892_deployment_series.rrentVersion_Batching-564e9892_build_id", "wf-run-id": "0195af0e-98a0-7d94-93e5-2a1d2e5942f8", "queue-task-type": "ActivityTimeout", "queue-task-id": 1048890, "timestamp": "2025-03-19T15:39:45.529Z", "cursor-timestamp": "2025-03-19T15:38:46.527Z", "logging-call-at": "/Users/shivamsaraf/Desktop/work/temporal/common/log/with_logger.go:61"}
2025-03-19T11:38:45.532-0400	info	waiting for userdata propagation	{"host": "127.0.0.1:63281", "Namespace": "namespace-ec265ab4-426c-4316-a4b3-47fc66311932", "TaskQueue": "temporal-sys-per-ns-tq", "WorkerID": "temporal-system@Shivams-MacBook-Pro.local@namespace-ec265ab4-426c-4316-a4b3-47fc66311932", "ActivityID": "123", "ActivityType": "CheckWorkerDeploymentUserDataPropagation", "Attempt": 1, "WorkflowType": "temporal-sys-worker-deployment-version-workflow", "WorkflowID": "temporal-sys-worker-deployment-version:rrentVersion_Batching-564e9892_deployment_series.rrentVersion_Batching-564e9892_build_id", "RunID": "0195af0e-98a0-7d94-93e5-2a1d2e5942f8", "taskQueue": "rrentVersion_Batching-564e9892_task_queue_24", "version": 1, "logging-call-at": "/Users/shivamsaraf/Desktop/work/temporal/common/log/with_logger.go:66"}
2025-03-19T11:38:45.532-0400	debug	Frontend method invoked.	{"host": "127.0.0.1:63278", "wf-namespace": "namespace-ec265ab4-426c-4316-a4b3-47fc66311932", "operation": "PollActivityTaskQueue", "server-name": "", "cert-thumbprint": "", "logging-call-at": "/Users/shivamsaraf/Desktop/work/temporal/common/log/with_logger.go:61"}
2025-03-19T11:38:45.533-0400	debug	Received PollActivityTaskQueue	{"host": "127.0.0.1:63278", "service": "frontend", "logging-call-at": "/Users/shivamsaraf/Desktop/work/temporal/common/log/with_logger.go:61"}
2025-03-19T11:38:45.533-0400	info	returning user data	{"host": "127.0.0.1:63279", "component": "matching-engine", "wf-task-queue-name": "/_sys/rrentVersion_Batching-564e9892_task_queue_24/3", "wf-task-queue-type": "Workflow", "wf-namespace": "namespace-ec265ab4-426c-4316-a4b3-47fc66311932", "long-poll": true, "request-known-version": 0, "user-data-version": 1, "logging-call-at": "/Users/shivamsaraf/Desktop/work/temporal/common/log/with_logger.go:66"}
2025-03-19T11:38:45.533-0400	info	matching client encountered error	{"host": "127.0.0.1:63279", "error": "partition was not loaded", "service-error-type": "serviceerror.FailedPrecondition", "logging-call-at": "/Users/shivamsaraf/Desktop/work/temporal/common/log/with_logger.go:66"}
2025-03-19T11:38:45.533-0400	info	matching client encountered error	{"host": "127.0.0.1:63279", "error": "partition was not loaded", "service-error-type": "serviceerror.FailedPrecondition", "logging-call-at": "/Users/shivamsaraf/Desktop/work/temporal/common/log/with_logger.go:66"}
2025-03-19T11:38:45.533-0400	info	returning user data	{"host": "127.0.0.1:63279", "component": "matching-engine", "wf-task-queue-name": "/_sys/rrentVersion_Batching-564e9892_task_queue_24/1", "wf-task-queue-type": "Workflow", "wf-namespace": "namespace-ec265ab4-426c-4316-a4b3-47fc66311932", "long-poll": true, "request-known-version": 0, "user-data-version": 1, "logging-call-at": "/Users/shivamsaraf/Desktop/work/temporal/common/log/with_logger.go:66"}
2025-03-19T11:38:45.533-0400	info	returning user data	{"host": "127.0.0.1:63279", "component": "matching-engine", "wf-task-queue-name": "/_sys/rrentVersion_Batching-564e9892_task_queue_24/2", "wf-task-queue-type": "Workflow", "wf-namespace": "namespace-ec265ab4-426c-4316-a4b3-47fc66311932", "long-poll": true, "request-known-version": 0, "user-data-version": 1, "logging-call-at": "/Users/shivamsaraf/Desktop/work/temporal/common/log/with_logger.go:66"}
2025-03-19T11:38:45.533-0400	info	matching client encountered error	{"host": "127.0.0.1:63279", "error": "partition was not loaded", "service-error-type": "serviceerror.FailedPrecondition", "logging-call-at": "/Users/shivamsaraf/Desktop/work/temporal/common/log/with_logger.go:66"}
2025-03-19T11:38:45.533-0400	info	matching client encountered error	{"host": "127.0.0.1:63279", "error": "partition was not loaded", "service-error-type": "serviceerror.FailedPrecondition", "logging-call-at": "/Users/shivamsaraf/Desktop/work/temporal/common/log/with_logger.go:66"}
2025-03-19T11:38:45.534-0400	debug	Frontend method invoked.	{"host": "127.0.0.1:63278", "wf-namespace": "namespace-ec265ab4-426c-4316-a4b3-47fc66311932", "operation": "RespondActivityTaskCompleted", "server-name": "", "cert-thumbprint": "", "logging-call-at": "/Users/shivamsaraf/Desktop/work/temporal/common/log/with_logger.go:61"}
2025-03-19T11:38:45.534-0400	debug	Workflow task updated	{"host": "127.0.0.1:63280", "shard-id": 4, "address": "127.0.0.1:63280", "wf-scheduled-event-id": 126, "wf-started-event-id": 0, "workflow-task-request-id": "emptyUuid", "workflow-task-timeout": 10, "attempt": 1, "wf-started-timestamp": "0001-01-01T00:00:00.000Z", "wt-type": "Normal", "logging-call-at": "/Users/shivamsaraf/Desktop/work/temporal/common/log/with_logger.go:61"}
2025-03-19T11:38:45.535-0400	debug	Assigning new task key	{"host": "127.0.0.1:63280", "shard-id": 4, "address": "127.0.0.1:63280", "wf-namespace-id": "d0b550e3-6091-4a9b-a9aa-3d80ffb24954", "wf-id": "temporal-sys-worker-deployment-version:rrentVersion_Batching-564e9892_deployment_series.rrentVersion_Batching-564e9892_build_id", "wf-run-id": "0195af0e-98a0-7d94-93e5-2a1d2e5942f8", "queue-task-type": "TransferWorkflowTask", "queue-task-id": 1048896, "timestamp": "2025-03-19T15:38:45.535Z", "cursor-timestamp": "2025-03-19T15:38:46.527Z", "logging-call-at": "/Users/shivamsaraf/Desktop/work/temporal/common/log/with_logger.go:61"}
2025-03-19T11:38:45.535-0400	debug	Assigning new task key	{"host": "127.0.0.1:63280", "shard-id": 4, "address": "127.0.0.1:63280", "wf-namespace-id": "d0b550e3-6091-4a9b-a9aa-3d80ffb24954", "wf-id": "temporal-sys-worker-deployment-version:rrentVersion_Batching-564e9892_deployment_series.rrentVersion_Batching-564e9892_build_id", "wf-run-id": "0195af0e-98a0-7d94-93e5-2a1d2e5942f8", "queue-task-type": "WorkflowTaskTimeout", "queue-task-id": 1048897, "timestamp": "2025-03-19T15:38:50.535Z", "cursor-timestamp": "2025-03-19T15:38:46.527Z", "logging-call-at": "/Users/shivamsaraf/Desktop/work/temporal/common/log/with_logger.go:61"}
2025-03-19T11:38:45.539-0400	debug	Process task as active.	{"host": "127.0.0.1:63280", "shard-id": 4, "address": "127.0.0.1:63280", "component": "transfer-queue-processor", "wf-namespace-id": "d0b550e3-6091-4a9b-a9aa-3d80ffb24954", "value": "d0b550e3-6091-4a9b-a9aa-3d80ffb24954/temporal-sys-worker-deployment-version:rrentVersion_Batching-564e9892_deployment_series.rrentVersion_Batching-564e9892_build_id/0195af0e-98a0-7d94-93e5-2a1d2e5942f8", "logging-call-at": "/Users/shivamsaraf/Desktop/work/temporal/common/log/with_logger.go:61"}
2025-03-19T11:38:45.540-0400	debug	Workflow task updated	{"host": "127.0.0.1:63280", "shard-id": 4, "address": "127.0.0.1:63280", "wf-scheduled-event-id": 126, "wf-started-event-id": 127, "workflow-task-request-id": "f3d691bb-4494-49c8-a9af-6a6a1944d4ff", "workflow-task-timeout": 10, "attempt": 1, "wf-started-timestamp": "2025-03-19T15:38:45.540Z", "wt-type": "Normal", "logging-call-at": "/Users/shivamsaraf/Desktop/work/temporal/common/log/with_logger.go:61"}
2025-03-19T11:38:45.540-0400	debug	Assigning new task key	{"host": "127.0.0.1:63280", "shard-id": 4, "address": "127.0.0.1:63280", "wf-namespace-id": "d0b550e3-6091-4a9b-a9aa-3d80ffb24954", "wf-id": "temporal-sys-worker-deployment-version:rrentVersion_Batching-564e9892_deployment_series.rrentVersion_Batching-564e9892_build_id", "wf-run-id": "0195af0e-98a0-7d94-93e5-2a1d2e5942f8", "queue-task-type": "WorkflowTaskTimeout", "queue-task-id": 1048900, "timestamp": "2025-03-19T15:38:55.541Z", "cursor-timestamp": "2025-03-19T15:38:46.538Z", "logging-call-at": "/Users/shivamsaraf/Desktop/work/temporal/common/log/with_logger.go:61"}
2025-03-19T11:38:45.546-0400	debug	Frontend method invoked.	{"host": "127.0.0.1:63278", "wf-namespace": "namespace-ec265ab4-426c-4316-a4b3-47fc66311932", "operation": "PollWorkflowTaskQueue", "server-name": "", "cert-thumbprint": "", "logging-call-at": "/Users/shivamsaraf/Desktop/work/temporal/common/log/with_logger.go:61"}
2025-03-19T11:38:45.546-0400	debug	Received PollWorkflowTaskQueue	{"host": "127.0.0.1:63278", "service": "frontend", "logging-call-at": "/Users/shivamsaraf/Desktop/work/temporal/common/log/with_logger.go:61"}
2025-03-19T11:38:45.546-0400	debug	Poll workflow task queue.	{"host": "127.0.0.1:63278", "service": "frontend", "wf-namespace": "namespace-ec265ab4-426c-4316-a4b3-47fc66311932", "wf-namespace-id": "d0b550e3-6091-4a9b-a9aa-3d80ffb24954", "logging-call-at": "/Users/shivamsaraf/Desktop/work/temporal/common/log/with_logger.go:61"}
2025-03-19T11:38:45.546-0400	debug	Frontend method invoked.	{"host": "127.0.0.1:63278", "wf-namespace": "namespace-ec265ab4-426c-4316-a4b3-47fc66311932", "operation": "RespondWorkflowTaskCompleted", "server-name": "", "cert-thumbprint": "", "logging-call-at": "/Users/shivamsaraf/Desktop/work/temporal/common/log/with_logger.go:61"}
2025-03-19T11:38:45.546-0400	debug	RespondWorkflowTaskCompleted	{"host": "127.0.0.1:63280", "service": "history", "wf-namespace-id": "d0b550e3-6091-4a9b-a9aa-3d80ffb24954", "wf-id": "temporal-sys-worker-deployment-version:rrentVersion_Batching-564e9892_deployment_series.rrentVersion_Batching-564e9892_build_id", "wf-run-id": "0195af0e-98a0-7d94-93e5-2a1d2e5942f8", "wf-scheduled-event-id": 126, "logging-call-at": "/Users/shivamsaraf/Desktop/work/temporal/common/log/with_logger.go:61"}
2025-03-19T11:38:45.547-0400	debug	Workflow task updated	{"host": "127.0.0.1:63280", "shard-id": 4, "address": "127.0.0.1:63280", "wf-scheduled-event-id": 0, "wf-started-event-id": 0, "workflow-task-request-id": "emptyUuid", "workflow-task-timeout": 0, "attempt": 1, "wf-started-timestamp": "1970-01-01T00:00:00.000Z", "wt-type": "Unspecified", "logging-call-at": "/Users/shivamsaraf/Desktop/work/temporal/common/log/with_logger.go:61"}
2025-03-19T11:38:45.547-0400	debug	update state change	{"host": "127.0.0.1:63280", "shard-id": 4, "address": "127.0.0.1:63280", "wf-namespace-id": "d0b550e3-6091-4a9b-a9aa-3d80ffb24954", "wf-id": "temporal-sys-worker-deployment-version:rrentVersion_Batching-564e9892_deployment_series.rrentVersion_Batching-564e9892_build_id", "wf-run-id": "0195af0e-98a0-7d94-93e5-2a1d2e5942f8", "update-id": "be11c60b-2235-41c3-a4cf-7931ac23b93d", "from-state": "Accepted", "to-state": "ProvisionallyCompleted", "logging-call-at": "/Users/shivamsaraf/Desktop/work/temporal/common/log/with_logger.go:61"}
2025-03-19T11:38:45.549-0400	debug	update state change	{"host": "127.0.0.1:63280", "shard-id": 4, "address": "127.0.0.1:63280", "wf-namespace-id": "d0b550e3-6091-4a9b-a9aa-3d80ffb24954", "wf-id": "temporal-sys-worker-deployment-version:rrentVersion_Batching-564e9892_deployment_series.rrentVersion_Batching-564e9892_build_id", "wf-run-id": "0195af0e-98a0-7d94-93e5-2a1d2e5942f8", "update-id": "be11c60b-2235-41c3-a4cf-7931ac23b93d", "from-state": "ProvisionallyCompleted", "to-state": "Completed", "logging-call-at": "/Users/shivamsaraf/Desktop/work/temporal/common/log/with_logger.go:61"}
2025-03-19T11:38:45.550-0400	debug	Frontend method invoked.	{"host": "127.0.0.1:63278", "wf-namespace": "namespace-ec265ab4-426c-4316-a4b3-47fc66311932", "operation": "RespondActivityTaskCompleted", "server-name": "", "cert-thumbprint": "", "logging-call-at": "/Users/shivamsaraf/Desktop/work/temporal/common/log/with_logger.go:61"}
2025-03-19T11:38:45.550-0400	debug	Workflow task updated	{"host": "127.0.0.1:63280", "shard-id": 1, "address": "127.0.0.1:63280", "wf-scheduled-event-id": 102, "wf-started-event-id": 0, "workflow-task-request-id": "emptyUuid", "workflow-task-timeout": 10, "attempt": 1, "wf-started-timestamp": "0001-01-01T00:00:00.000Z", "wt-type": "Normal", "logging-call-at": "/Users/shivamsaraf/Desktop/work/temporal/common/log/with_logger.go:61"}
2025-03-19T11:38:45.551-0400	debug	Assigning new task key	{"host": "127.0.0.1:63280", "shard-id": 1, "address": "127.0.0.1:63280", "wf-namespace-id": "d0b550e3-6091-4a9b-a9aa-3d80ffb24954", "wf-id": "temporal-sys-worker-deployment:rrentVersion_Batching-564e9892_deployment_series", "wf-run-id": "0195af0e-960d-715f-b6c6-08dcdf4b78ec", "queue-task-type": "WorkflowTaskTimeout", "queue-task-id": 1048772, "timestamp": "2025-03-19T15:38:50.551Z", "cursor-timestamp": "2025-03-19T15:38:46.383Z", "logging-call-at": "/Users/shivamsaraf/Desktop/work/temporal/common/log/with_logger.go:61"}
2025-03-19T11:38:45.551-0400	debug	Assigning new task key	{"host": "127.0.0.1:63280", "shard-id": 1, "address": "127.0.0.1:63280", "wf-namespace-id": "d0b550e3-6091-4a9b-a9aa-3d80ffb24954", "wf-id": "temporal-sys-worker-deployment:rrentVersion_Batching-564e9892_deployment_series", "wf-run-id": "0195af0e-960d-715f-b6c6-08dcdf4b78ec", "queue-task-type": "TransferWorkflowTask", "queue-task-id": 1048773, "timestamp": "2025-03-19T15:38:45.550Z", "cursor-timestamp": "2025-03-19T15:38:46.383Z", "logging-call-at": "/Users/shivamsaraf/Desktop/work/temporal/common/log/with_logger.go:61"}
2025-03-19T11:38:45.555-0400	debug	Process task as active.	{"host": "127.0.0.1:63280", "shard-id": 1, "address": "127.0.0.1:63280", "component": "transfer-queue-processor", "wf-namespace-id": "d0b550e3-6091-4a9b-a9aa-3d80ffb24954", "value": "d0b550e3-6091-4a9b-a9aa-3d80ffb24954/temporal-sys-worker-deployment:rrentVersion_Batching-564e9892_deployment_series/0195af0e-960d-715f-b6c6-08dcdf4b78ec", "logging-call-at": "/Users/shivamsaraf/Desktop/work/temporal/common/log/with_logger.go:61"}
2025-03-19T11:38:45.555-0400	debug	Workflow task updated	{"host": "127.0.0.1:63280", "shard-id": 1, "address": "127.0.0.1:63280", "wf-scheduled-event-id": 102, "wf-started-event-id": 103, "workflow-task-request-id": "8496e9f6-ca17-4eac-9e43-b00a2e887e92", "workflow-task-timeout": 10, "attempt": 1, "wf-started-timestamp": "2025-03-19T15:38:45.555Z", "wt-type": "Normal", "logging-call-at": "/Users/shivamsaraf/Desktop/work/temporal/common/log/with_logger.go:61"}
2025-03-19T11:38:45.556-0400	debug	Assigning new task key	{"host": "127.0.0.1:63280", "shard-id": 1, "address": "127.0.0.1:63280", "wf-namespace-id": "d0b550e3-6091-4a9b-a9aa-3d80ffb24954", "wf-id": "temporal-sys-worker-deployment:rrentVersion_Batching-564e9892_deployment_series", "wf-run-id": "0195af0e-960d-715f-b6c6-08dcdf4b78ec", "queue-task-type": "WorkflowTaskTimeout", "queue-task-id": 1048776, "timestamp": "2025-03-19T15:38:55.556Z", "cursor-timestamp": "2025-03-19T15:38:46.554Z", "logging-call-at": "/Users/shivamsaraf/Desktop/work/temporal/common/log/with_logger.go:61"}
2025-03-19T11:38:45.561-0400	debug	ExecuteActivity	{"host": "127.0.0.1:63281", "Namespace": "namespace-ec265ab4-426c-4316-a4b3-47fc66311932", "TaskQueue": "temporal-sys-per-ns-tq", "WorkerID": "temporal-system@Shivams-MacBook-Pro.local@namespace-ec265ab4-426c-4316-a4b3-47fc66311932", "WorkflowType": "temporal-sys-worker-deployment-workflow", "WorkflowID": "temporal-sys-worker-deployment:rrentVersion_Batching-564e9892_deployment_series", "RunID": "0195af0e-960d-715f-b6c6-08dcdf4b78ec", "Attempt": 0, "ActivityID": "106", "ActivityType": "RegisterWorkerInVersion", "logging-call-at": "/Users/shivamsaraf/Desktop/work/temporal/common/log/with_logger.go:61"}
2025-03-19T11:38:45.561-0400	debug	Frontend method invoked.	{"host": "127.0.0.1:63278", "wf-namespace": "namespace-ec265ab4-426c-4316-a4b3-47fc66311932", "operation": "PollWorkflowTaskQueue", "server-name": "", "cert-thumbprint": "", "logging-call-at": "/Users/shivamsaraf/Desktop/work/temporal/common/log/with_logger.go:61"}
2025-03-19T11:38:45.561-0400	debug	Received PollWorkflowTaskQueue	{"host": "127.0.0.1:63278", "service": "frontend", "logging-call-at": "/Users/shivamsaraf/Desktop/work/temporal/common/log/with_logger.go:61"}
2025-03-19T11:38:45.561-0400	debug	Poll workflow task queue.	{"host": "127.0.0.1:63278", "service": "frontend", "wf-namespace": "namespace-ec265ab4-426c-4316-a4b3-47fc66311932", "wf-namespace-id": "d0b550e3-6091-4a9b-a9aa-3d80ffb24954", "logging-call-at": "/Users/shivamsaraf/Desktop/work/temporal/common/log/with_logger.go:61"}
2025-03-19T11:38:45.562-0400	debug	Frontend method invoked.	{"host": "127.0.0.1:63278", "wf-namespace": "namespace-ec265ab4-426c-4316-a4b3-47fc66311932", "operation": "RespondWorkflowTaskCompleted", "server-name": "", "cert-thumbprint": "", "logging-call-at": "/Users/shivamsaraf/Desktop/work/temporal/common/log/with_logger.go:61"}
2025-03-19T11:38:45.563-0400	debug	RespondWorkflowTaskCompleted	{"host": "127.0.0.1:63280", "service": "history", "wf-namespace-id": "d0b550e3-6091-4a9b-a9aa-3d80ffb24954", "wf-id": "temporal-sys-worker-deployment:rrentVersion_Batching-564e9892_deployment_series", "wf-run-id": "0195af0e-960d-715f-b6c6-08dcdf4b78ec", "wf-scheduled-event-id": 102, "logging-call-at": "/Users/shivamsaraf/Desktop/work/temporal/common/log/with_logger.go:61"}
2025-03-19T11:38:45.563-0400	debug	Workflow task updated	{"host": "127.0.0.1:63280", "shard-id": 1, "address": "127.0.0.1:63280", "wf-scheduled-event-id": 0, "wf-started-event-id": 0, "workflow-task-request-id": "emptyUuid", "workflow-task-timeout": 0, "attempt": 1, "wf-started-timestamp": "1970-01-01T00:00:00.000Z", "wt-type": "Unspecified", "logging-call-at": "/Users/shivamsaraf/Desktop/work/temporal/common/log/with_logger.go:61"}
2025-03-19T11:38:45.563-0400	debug	update state change	{"host": "127.0.0.1:63280", "shard-id": 1, "address": "127.0.0.1:63280", "wf-namespace-id": "d0b550e3-6091-4a9b-a9aa-3d80ffb24954", "wf-id": "temporal-sys-worker-deployment:rrentVersion_Batching-564e9892_deployment_series", "wf-run-id": "0195af0e-960d-715f-b6c6-08dcdf4b78ec", "update-id": "7a82e5d4-5ca9-4909-a1cc-1ed8157e4eb5", "from-state": "Accepted", "to-state": "ProvisionallyCompleted", "logging-call-at": "/Users/shivamsaraf/Desktop/work/temporal/common/log/with_logger.go:61"}
2025-03-19T11:38:45.563-0400	debug	Assigning new task key	{"host": "127.0.0.1:63280", "shard-id": 1, "address": "127.0.0.1:63280", "wf-namespace-id": "d0b550e3-6091-4a9b-a9aa-3d80ffb24954", "wf-id": "temporal-sys-worker-deployment:rrentVersion_Batching-564e9892_deployment_series", "wf-run-id": "0195af0e-960d-715f-b6c6-08dcdf4b78ec", "queue-task-type": "TransferActivityTask", "queue-task-id": 1048782, "timestamp": "2025-03-19T15:38:45.563Z", "cursor-timestamp": "2025-03-19T15:38:46.554Z", "logging-call-at": "/Users/shivamsaraf/Desktop/work/temporal/common/log/with_logger.go:61"}
2025-03-19T11:38:45.566-0400	debug	update state change	{"host": "127.0.0.1:63280", "shard-id": 1, "address": "127.0.0.1:63280", "wf-namespace-id": "d0b550e3-6091-4a9b-a9aa-3d80ffb24954", "wf-id": "temporal-sys-worker-deployment:rrentVersion_Batching-564e9892_deployment_series", "wf-run-id": "0195af0e-960d-715f-b6c6-08dcdf4b78ec", "update-id": "7a82e5d4-5ca9-4909-a1cc-1ed8157e4eb5", "from-state": "ProvisionallyCompleted", "to-state": "Completed", "logging-call-at": "/Users/shivamsaraf/Desktop/work/temporal/common/log/with_logger.go:61"}
2025-03-19T11:38:45.566-0400	debug	deployment client success	{"host": "127.0.0.1:63279", "operation": "RegisterTaskQueueWorker", "elapsed": 2.057067625, "args": ["rrentVersion_Batching-564e9892_task_queue_24",1,"matching service"], "logging-call-at": "/Users/shivamsaraf/Desktop/work/temporal/common/log/with_logger.go:61"}
2025-03-19T11:38:45.567-0400	debug	Process task as active.	{"host": "127.0.0.1:63280", "shard-id": 1, "address": "127.0.0.1:63280", "component": "transfer-queue-processor", "wf-namespace-id": "d0b550e3-6091-4a9b-a9aa-3d80ffb24954", "value": "d0b550e3-6091-4a9b-a9aa-3d80ffb24954/temporal-sys-worker-deployment:rrentVersion_Batching-564e9892_deployment_series/0195af0e-960d-715f-b6c6-08dcdf4b78ec", "logging-call-at": "/Users/shivamsaraf/Desktop/work/temporal/common/log/with_logger.go:61"}
2025-03-19T11:38:45.567-0400	info	Started physicalTaskQueueManager	{"host": "127.0.0.1:63279", "component": "matching-engine", "wf-task-queue-name": "rrentVersion_Batching-564e9892_task_queue_24", "wf-task-queue-type": "Workflow", "wf-namespace": "namespace-ec265ab4-426c-4316-a4b3-47fc66311932", "worker-build-id": "rrentVersion_Batching-564e9892_deployment_series/rrentVersion_Batching-564e9892_build_id", "lifecycle": "Started", "cause": "UserData", "logging-call-at": "/Users/shivamsaraf/Desktop/work/temporal/common/log/with_logger.go:66"}
2025-03-19T11:38:45.568-0400	debug	Assigning new task key	{"host": "127.0.0.1:63280", "shard-id": 1, "address": "127.0.0.1:63280", "wf-namespace-id": "d0b550e3-6091-4a9b-a9aa-3d80ffb24954", "wf-id": "temporal-sys-worker-deployment:rrentVersion_Batching-564e9892_deployment_series", "wf-run-id": "0195af0e-960d-715f-b6c6-08dcdf4b78ec", "queue-task-type": "ActivityTimeout", "queue-task-id": 1048784, "timestamp": "2025-03-19T15:39:45.568Z", "cursor-timestamp": "2025-03-19T15:38:46.566Z", "logging-call-at": "/Users/shivamsaraf/Desktop/work/temporal/common/log/with_logger.go:61"}
2025-03-19T11:38:45.571-0400	debug	Frontend method invoked.	{"host": "127.0.0.1:63278", "wf-namespace": "namespace-ec265ab4-426c-4316-a4b3-47fc66311932", "operation": "PollActivityTaskQueue", "server-name": "", "cert-thumbprint": "", "logging-call-at": "/Users/shivamsaraf/Desktop/work/temporal/common/log/with_logger.go:61"}
2025-03-19T11:38:45.572-0400	debug	Received PollActivityTaskQueue	{"host": "127.0.0.1:63278", "service": "frontend", "logging-call-at": "/Users/shivamsaraf/Desktop/work/temporal/common/log/with_logger.go:61"}
2025-03-19T11:38:45.572-0400	debug	update state change	{"host": "127.0.0.1:63280", "shard-id": 4, "address": "127.0.0.1:63280", "wf-namespace-id": "d0b550e3-6091-4a9b-a9aa-3d80ffb24954", "wf-id": "temporal-sys-worker-deployment-version:rrentVersion_Batching-564e9892_deployment_series.rrentVersion_Batching-564e9892_build_id", "wf-run-id": "0195af0e-98a0-7d94-93e5-2a1d2e5942f8", "update-id": "8ab5d995-e6c6-44ac-90d2-909486f959b4", "from-state": "Created", "to-state": "ProvisionallyAdmitted", "logging-call-at": "/Users/shivamsaraf/Desktop/work/temporal/common/log/with_logger.go:61"}
2025-03-19T11:38:45.572-0400	debug	update state change	{"host": "127.0.0.1:63280", "shard-id": 4, "address": "127.0.0.1:63280", "wf-namespace-id": "d0b550e3-6091-4a9b-a9aa-3d80ffb24954", "wf-id": "temporal-sys-worker-deployment-version:rrentVersion_Batching-564e9892_deployment_series.rrentVersion_Batching-564e9892_build_id", "wf-run-id": "0195af0e-98a0-7d94-93e5-2a1d2e5942f8", "update-id": "8ab5d995-e6c6-44ac-90d2-909486f959b4", "from-state": "ProvisionallyAdmitted", "to-state": "Admitted", "logging-call-at": "/Users/shivamsaraf/Desktop/work/temporal/common/log/with_logger.go:61"}
2025-03-19T11:38:45.572-0400	debug	Workflow task updated	{"host": "127.0.0.1:63280", "shard-id": 4, "address": "127.0.0.1:63280", "wf-scheduled-event-id": 130, "wf-started-event-id": 0, "workflow-task-request-id": "emptyUuid", "workflow-task-timeout": 10, "attempt": 1, "wf-started-timestamp": "0001-01-01T00:00:00.000Z", "wt-type": "Speculative", "logging-call-at": "/Users/shivamsaraf/Desktop/work/temporal/common/log/with_logger.go:61"}
2025-03-19T11:38:45.573-0400	debug	Workflow task updated	{"host": "127.0.0.1:63280", "shard-id": 4, "address": "127.0.0.1:63280", "wf-scheduled-event-id": 130, "wf-started-event-id": 131, "workflow-task-request-id": "28ed38af-9551-4195-b70a-8615fd71a08f", "workflow-task-timeout": 10, "attempt": 1, "wf-started-timestamp": "2025-03-19T15:38:45.573Z", "wt-type": "Speculative", "logging-call-at": "/Users/shivamsaraf/Desktop/work/temporal/common/log/with_logger.go:61"}
2025-03-19T11:38:45.573-0400	debug	update state change	{"host": "127.0.0.1:63280", "shard-id": 4, "address": "127.0.0.1:63280", "wf-namespace-id": "d0b550e3-6091-4a9b-a9aa-3d80ffb24954", "wf-id": "temporal-sys-worker-deployment-version:rrentVersion_Batching-564e9892_deployment_series.rrentVersion_Batching-564e9892_build_id", "wf-run-id": "0195af0e-98a0-7d94-93e5-2a1d2e5942f8", "update-id": "8ab5d995-e6c6-44ac-90d2-909486f959b4", "from-state": "Admitted", "to-state": "Sent", "logging-call-at": "/Users/shivamsaraf/Desktop/work/temporal/common/log/with_logger.go:61"}
2025-03-19T11:38:45.576-0400	debug	ExecuteActivity	{"host": "127.0.0.1:63281", "Namespace": "namespace-ec265ab4-426c-4316-a4b3-47fc66311932", "TaskQueue": "temporal-sys-per-ns-tq", "WorkerID": "temporal-system@Shivams-MacBook-Pro.local@namespace-ec265ab4-426c-4316-a4b3-47fc66311932", "WorkflowType": "temporal-sys-worker-deployment-version-workflow", "WorkflowID": "temporal-sys-worker-deployment-version:rrentVersion_Batching-564e9892_deployment_series.rrentVersion_Batching-564e9892_build_id", "RunID": "0195af0e-98a0-7d94-93e5-2a1d2e5942f8", "Attempt": 0, "ActivityID": "134", "ActivityType": "SyncDeploymentVersionUserData", "logging-call-at": "/Users/shivamsaraf/Desktop/work/temporal/common/log/with_logger.go:61"}
2025-03-19T11:38:45.576-0400	debug	Frontend method invoked.	{"host": "127.0.0.1:63278", "wf-namespace": "namespace-ec265ab4-426c-4316-a4b3-47fc66311932", "operation": "PollWorkflowTaskQueue", "server-name": "", "cert-thumbprint": "", "logging-call-at": "/Users/shivamsaraf/Desktop/work/temporal/common/log/with_logger.go:61"}
2025-03-19T11:38:45.576-0400	debug	Received PollWorkflowTaskQueue	{"host": "127.0.0.1:63278", "service": "frontend", "logging-call-at": "/Users/shivamsaraf/Desktop/work/temporal/common/log/with_logger.go:61"}
2025-03-19T11:38:45.576-0400	debug	Poll workflow task queue.	{"host": "127.0.0.1:63278", "service": "frontend", "wf-namespace": "namespace-ec265ab4-426c-4316-a4b3-47fc66311932", "wf-namespace-id": "d0b550e3-6091-4a9b-a9aa-3d80ffb24954", "logging-call-at": "/Users/shivamsaraf/Desktop/work/temporal/common/log/with_logger.go:61"}
2025-03-19T11:38:45.577-0400	debug	Frontend method invoked.	{"host": "127.0.0.1:63278", "wf-namespace": "namespace-ec265ab4-426c-4316-a4b3-47fc66311932", "operation": "RespondWorkflowTaskCompleted", "server-name": "", "cert-thumbprint": "", "logging-call-at": "/Users/shivamsaraf/Desktop/work/temporal/common/log/with_logger.go:61"}
2025-03-19T11:38:45.577-0400	debug	RespondWorkflowTaskCompleted	{"host": "127.0.0.1:63280", "service": "history", "wf-namespace-id": "d0b550e3-6091-4a9b-a9aa-3d80ffb24954", "wf-id": "temporal-sys-worker-deployment-version:rrentVersion_Batching-564e9892_deployment_series.rrentVersion_Batching-564e9892_build_id", "wf-run-id": "0195af0e-98a0-7d94-93e5-2a1d2e5942f8", "wf-scheduled-event-id": 130, "logging-call-at": "/Users/shivamsaraf/Desktop/work/temporal/common/log/with_logger.go:61"}
2025-03-19T11:38:45.577-0400	debug	Workflow task updated	{"host": "127.0.0.1:63280", "shard-id": 4, "address": "127.0.0.1:63280", "wf-scheduled-event-id": 0, "wf-started-event-id": 0, "workflow-task-request-id": "emptyUuid", "workflow-task-timeout": 0, "attempt": 1, "wf-started-timestamp": "1970-01-01T00:00:00.000Z", "wt-type": "Unspecified", "logging-call-at": "/Users/shivamsaraf/Desktop/work/temporal/common/log/with_logger.go:61"}
2025-03-19T11:38:45.577-0400	debug	update state change	{"host": "127.0.0.1:63280", "shard-id": 4, "address": "127.0.0.1:63280", "wf-namespace-id": "d0b550e3-6091-4a9b-a9aa-3d80ffb24954", "wf-id": "temporal-sys-worker-deployment-version:rrentVersion_Batching-564e9892_deployment_series.rrentVersion_Batching-564e9892_build_id", "wf-run-id": "0195af0e-98a0-7d94-93e5-2a1d2e5942f8", "update-id": "8ab5d995-e6c6-44ac-90d2-909486f959b4", "from-state": "Sent", "to-state": "ProvisionallyAccepted", "logging-call-at": "/Users/shivamsaraf/Desktop/work/temporal/common/log/with_logger.go:61"}
2025-03-19T11:38:45.578-0400	debug	Assigning new task key	{"host": "127.0.0.1:63280", "shard-id": 4, "address": "127.0.0.1:63280", "wf-namespace-id": "d0b550e3-6091-4a9b-a9aa-3d80ffb24954", "wf-id": "temporal-sys-worker-deployment-version:rrentVersion_Batching-564e9892_deployment_series.rrentVersion_Batching-564e9892_build_id", "wf-run-id": "0195af0e-98a0-7d94-93e5-2a1d2e5942f8", "queue-task-type": "TransferActivityTask", "queue-task-id": 1048917, "timestamp": "2025-03-19T15:38:45.578Z", "cursor-timestamp": "2025-03-19T15:38:46.538Z", "logging-call-at": "/Users/shivamsaraf/Desktop/work/temporal/common/log/with_logger.go:61"}
2025-03-19T11:38:45.581-0400	debug	update state change	{"host": "127.0.0.1:63280", "shard-id": 4, "address": "127.0.0.1:63280", "wf-namespace-id": "d0b550e3-6091-4a9b-a9aa-3d80ffb24954", "wf-id": "temporal-sys-worker-deployment-version:rrentVersion_Batching-564e9892_deployment_series.rrentVersion_Batching-564e9892_build_id", "wf-run-id": "0195af0e-98a0-7d94-93e5-2a1d2e5942f8", "update-id": "8ab5d995-e6c6-44ac-90d2-909486f959b4", "from-state": "ProvisionallyAccepted", "to-state": "Accepted", "logging-call-at": "/Users/shivamsaraf/Desktop/work/temporal/common/log/with_logger.go:61"}
2025-03-19T11:38:45.581-0400	debug	Process task as active.	{"host": "127.0.0.1:63280", "shard-id": 4, "address": "127.0.0.1:63280", "component": "transfer-queue-processor", "wf-namespace-id": "d0b550e3-6091-4a9b-a9aa-3d80ffb24954", "value": "d0b550e3-6091-4a9b-a9aa-3d80ffb24954/temporal-sys-worker-deployment-version:rrentVersion_Batching-564e9892_deployment_series.rrentVersion_Batching-564e9892_build_id/0195af0e-98a0-7d94-93e5-2a1d2e5942f8", "logging-call-at": "/Users/shivamsaraf/Desktop/work/temporal/common/log/with_logger.go:61"}
2025-03-19T11:38:45.582-0400	debug	Assigning new task key	{"host": "127.0.0.1:63280", "shard-id": 4, "address": "127.0.0.1:63280", "wf-namespace-id": "d0b550e3-6091-4a9b-a9aa-3d80ffb24954", "wf-id": "temporal-sys-worker-deployment-version:rrentVersion_Batching-564e9892_deployment_series.rrentVersion_Batching-564e9892_build_id", "wf-run-id": "0195af0e-98a0-7d94-93e5-2a1d2e5942f8", "queue-task-type": "ActivityTimeout", "queue-task-id": 1048918, "timestamp": "2025-03-19T15:39:45.583Z", "cursor-timestamp": "2025-03-19T15:38:46.581Z", "logging-call-at": "/Users/shivamsaraf/Desktop/work/temporal/common/log/with_logger.go:61"}
2025-03-19T11:38:45.586-0400	info	syncing task queue userdata for deployment version	{"host": "127.0.0.1:63281", "Namespace": "namespace-ec265ab4-426c-4316-a4b3-47fc66311932", "TaskQueue": "temporal-sys-per-ns-tq", "WorkerID": "temporal-system@Shivams-MacBook-Pro.local@namespace-ec265ab4-426c-4316-a4b3-47fc66311932", "ActivityID": "134", "ActivityType": "SyncDeploymentVersionUserData", "Attempt": 1, "WorkflowType": "temporal-sys-worker-deployment-version-workflow", "WorkflowID": "temporal-sys-worker-deployment-version:rrentVersion_Batching-564e9892_deployment_series.rrentVersion_Batching-564e9892_build_id", "RunID": "0195af0e-98a0-7d94-93e5-2a1d2e5942f8", "taskQueue": "rrentVersion_Batching-564e9892_task_queue_14", "types": [1], "logging-call-at": "/Users/shivamsaraf/Desktop/work/temporal/common/log/with_logger.go:66"}
2025-03-19T11:38:45.586-0400	debug	Frontend method invoked.	{"host": "127.0.0.1:63278", "wf-namespace": "namespace-ec265ab4-426c-4316-a4b3-47fc66311932", "operation": "PollActivityTaskQueue", "server-name": "", "cert-thumbprint": "", "logging-call-at": "/Users/shivamsaraf/Desktop/work/temporal/common/log/with_logger.go:61"}
2025-03-19T11:38:45.586-0400	debug	Received PollActivityTaskQueue	{"host": "127.0.0.1:63278", "service": "frontend", "logging-call-at": "/Users/shivamsaraf/Desktop/work/temporal/common/log/with_logger.go:61"}
2025-03-19T11:38:45.688-0400	info	modified user data	{"host": "127.0.0.1:63279", "component": "matching-engine", "wf-task-queue-name": "rrentVersion_Batching-564e9892_task_queue_14", "wf-task-queue-type": "Workflow", "wf-namespace": "namespace-ec265ab4-426c-4316-a4b3-47fc66311932", "user-data-update-source": "SyncDeploymentUserData", "user-data-version": 1, "timestamp": "2025-03-19T15:38:45.586Z", "logging-call-at": "/Users/shivamsaraf/Desktop/work/temporal/common/log/with_logger.go:66"}
2025-03-19T11:38:45.688-0400	debug	user data changed while blocked in long poll	{"host": "127.0.0.1:63279", "component": "matching-engine", "wf-task-queue-name": "rrentVersion_Batching-564e9892_task_queue_14", "wf-task-queue-type": "Workflow", "wf-namespace": "namespace-ec265ab4-426c-4316-a4b3-47fc66311932", "logging-call-at": "/Users/shivamsaraf/Desktop/work/temporal/common/log/with_logger.go:61"}
2025-03-19T11:38:45.688-0400	debug	user data changed while blocked in long poll	{"host": "127.0.0.1:63279", "component": "matching-engine", "wf-task-queue-name": "rrentVersion_Batching-564e9892_task_queue_14", "wf-task-queue-type": "Workflow", "wf-namespace": "namespace-ec265ab4-426c-4316-a4b3-47fc66311932", "logging-call-at": "/Users/shivamsaraf/Desktop/work/temporal/common/log/with_logger.go:61"}
2025-03-19T11:38:45.688-0400	debug	user data changed while blocked in long poll	{"host": "127.0.0.1:63279", "component": "matching-engine", "wf-task-queue-name": "rrentVersion_Batching-564e9892_task_queue_14", "wf-task-queue-type": "Workflow", "wf-namespace": "namespace-ec265ab4-426c-4316-a4b3-47fc66311932", "logging-call-at": "/Users/shivamsaraf/Desktop/work/temporal/common/log/with_logger.go:61"}
2025-03-19T11:38:45.688-0400	info	returning user data	{"host": "127.0.0.1:63279", "component": "matching-engine", "wf-task-queue-name": "rrentVersion_Batching-564e9892_task_queue_14", "wf-task-queue-type": "Workflow", "wf-namespace": "namespace-ec265ab4-426c-4316-a4b3-47fc66311932", "long-poll": true, "request-known-version": 0, "user-data-version": 1, "logging-call-at": "/Users/shivamsaraf/Desktop/work/temporal/common/log/with_logger.go:66"}
2025-03-19T11:38:45.688-0400	info	returning user data	{"host": "127.0.0.1:63279", "component": "matching-engine", "wf-task-queue-name": "rrentVersion_Batching-564e9892_task_queue_14", "wf-task-queue-type": "Workflow", "wf-namespace": "namespace-ec265ab4-426c-4316-a4b3-47fc66311932", "long-poll": true, "request-known-version": 0, "user-data-version": 1, "logging-call-at": "/Users/shivamsaraf/Desktop/work/temporal/common/log/with_logger.go:66"}
2025-03-19T11:38:45.688-0400	info	returning user data	{"host": "127.0.0.1:63279", "component": "matching-engine", "wf-task-queue-name": "rrentVersion_Batching-564e9892_task_queue_14", "wf-task-queue-type": "Workflow", "wf-namespace": "namespace-ec265ab4-426c-4316-a4b3-47fc66311932", "long-poll": true, "request-known-version": 0, "user-data-version": 1, "logging-call-at": "/Users/shivamsaraf/Desktop/work/temporal/common/log/with_logger.go:66"}
2025-03-19T11:38:45.689-0400	info	fetched user data from parent	{"host": "127.0.0.1:63279", "component": "matching-engine", "wf-task-queue-name": "/_sys/rrentVersion_Batching-564e9892_task_queue_14/1", "wf-task-queue-type": "Workflow", "wf-namespace": "namespace-ec265ab4-426c-4316-a4b3-47fc66311932", "user-data-version": 1, "timestamp": "2025-03-19T15:38:45.586Z", "logging-call-at": "/Users/shivamsaraf/Desktop/work/temporal/common/log/with_logger.go:66"}
2025-03-19T11:38:45.689-0400	info	fetched user data from parent	{"host": "127.0.0.1:63279", "component": "matching-engine", "wf-task-queue-name": "/_sys/rrentVersion_Batching-564e9892_task_queue_14/3", "wf-task-queue-type": "Workflow", "wf-namespace": "namespace-ec265ab4-426c-4316-a4b3-47fc66311932", "user-data-version": 1, "timestamp": "2025-03-19T15:38:45.586Z", "logging-call-at": "/Users/shivamsaraf/Desktop/work/temporal/common/log/with_logger.go:66"}
2025-03-19T11:38:45.689-0400	debug	Frontend method invoked.	{"host": "127.0.0.1:63278", "wf-namespace": "namespace-ec265ab4-426c-4316-a4b3-47fc66311932", "operation": "RespondActivityTaskCompleted", "server-name": "", "cert-thumbprint": "", "logging-call-at": "/Users/shivamsaraf/Desktop/work/temporal/common/log/with_logger.go:61"}
2025-03-19T11:38:45.689-0400	info	fetched user data from parent	{"host": "127.0.0.1:63279", "component": "matching-engine", "wf-task-queue-name": "/_sys/rrentVersion_Batching-564e9892_task_queue_14/2", "wf-task-queue-type": "Workflow", "wf-namespace": "namespace-ec265ab4-426c-4316-a4b3-47fc66311932", "user-data-version": 1, "timestamp": "2025-03-19T15:38:45.586Z", "logging-call-at": "/Users/shivamsaraf/Desktop/work/temporal/common/log/with_logger.go:66"}
2025-03-19T11:38:45.690-0400	debug	Workflow task updated	{"host": "127.0.0.1:63280", "shard-id": 4, "address": "127.0.0.1:63280", "wf-scheduled-event-id": 137, "wf-started-event-id": 0, "workflow-task-request-id": "emptyUuid", "workflow-task-timeout": 10, "attempt": 1, "wf-started-timestamp": "0001-01-01T00:00:00.000Z", "wt-type": "Normal", "logging-call-at": "/Users/shivamsaraf/Desktop/work/temporal/common/log/with_logger.go:61"}
2025-03-19T11:38:45.690-0400	debug	Assigning new task key	{"host": "127.0.0.1:63280", "shard-id": 4, "address": "127.0.0.1:63280", "wf-namespace-id": "d0b550e3-6091-4a9b-a9aa-3d80ffb24954", "wf-id": "temporal-sys-worker-deployment-version:rrentVersion_Batching-564e9892_deployment_series.rrentVersion_Batching-564e9892_build_id", "wf-run-id": "0195af0e-98a0-7d94-93e5-2a1d2e5942f8", "queue-task-type": "WorkflowTaskTimeout", "queue-task-id": 1048924, "timestamp": "2025-03-19T15:38:50.691Z", "cursor-timestamp": "2025-03-19T15:38:46.581Z", "logging-call-at": "/Users/shivamsaraf/Desktop/work/temporal/common/log/with_logger.go:61"}
2025-03-19T11:38:45.690-0400	debug	Assigning new task key	{"host": "127.0.0.1:63280", "shard-id": 4, "address": "127.0.0.1:63280", "wf-namespace-id": "d0b550e3-6091-4a9b-a9aa-3d80ffb24954", "wf-id": "temporal-sys-worker-deployment-version:rrentVersion_Batching-564e9892_deployment_series.rrentVersion_Batching-564e9892_build_id", "wf-run-id": "0195af0e-98a0-7d94-93e5-2a1d2e5942f8", "queue-task-type": "TransferWorkflowTask", "queue-task-id": 1048925, "timestamp": "2025-03-19T15:38:45.690Z", "cursor-timestamp": "2025-03-19T15:38:46.581Z", "logging-call-at": "/Users/shivamsaraf/Desktop/work/temporal/common/log/with_logger.go:61"}
2025-03-19T11:38:45.696-0400	debug	Process task as active.	{"host": "127.0.0.1:63280", "shard-id": 4, "address": "127.0.0.1:63280", "component": "transfer-queue-processor", "wf-namespace-id": "d0b550e3-6091-4a9b-a9aa-3d80ffb24954", "value": "d0b550e3-6091-4a9b-a9aa-3d80ffb24954/temporal-sys-worker-deployment-version:rrentVersion_Batching-564e9892_deployment_series.rrentVersion_Batching-564e9892_build_id/0195af0e-98a0-7d94-93e5-2a1d2e5942f8", "logging-call-at": "/Users/shivamsaraf/Desktop/work/temporal/common/log/with_logger.go:61"}
2025-03-19T11:38:45.697-0400	debug	Workflow task updated	{"host": "127.0.0.1:63280", "shard-id": 4, "address": "127.0.0.1:63280", "wf-scheduled-event-id": 137, "wf-started-event-id": 138, "workflow-task-request-id": "9dc0e8e7-a867-4c6b-b017-d5f3c9be200c", "workflow-task-timeout": 10, "attempt": 1, "wf-started-timestamp": "2025-03-19T15:38:45.697Z", "wt-type": "Normal", "logging-call-at": "/Users/shivamsaraf/Desktop/work/temporal/common/log/with_logger.go:61"}
2025-03-19T11:38:45.697-0400	debug	Assigning new task key	{"host": "127.0.0.1:63280", "shard-id": 4, "address": "127.0.0.1:63280", "wf-namespace-id": "d0b550e3-6091-4a9b-a9aa-3d80ffb24954", "wf-id": "temporal-sys-worker-deployment-version:rrentVersion_Batching-564e9892_deployment_series.rrentVersion_Batching-564e9892_build_id", "wf-run-id": "0195af0e-98a0-7d94-93e5-2a1d2e5942f8", "queue-task-type": "WorkflowTaskTimeout", "queue-task-id": 1048928, "timestamp": "2025-03-19T15:38:55.698Z", "cursor-timestamp": "2025-03-19T15:38:46.695Z", "logging-call-at": "/Users/shivamsaraf/Desktop/work/temporal/common/log/with_logger.go:61"}
2025-03-19T11:38:45.705-0400	debug	ExecuteActivity	{"host": "127.0.0.1:63281", "Namespace": "namespace-ec265ab4-426c-4316-a4b3-47fc66311932", "TaskQueue": "temporal-sys-per-ns-tq", "WorkerID": "temporal-system@Shivams-MacBook-Pro.local@namespace-ec265ab4-426c-4316-a4b3-47fc66311932", "WorkflowType": "temporal-sys-worker-deployment-version-workflow", "WorkflowID": "temporal-sys-worker-deployment-version:rrentVersion_Batching-564e9892_deployment_series.rrentVersion_Batching-564e9892_build_id", "RunID": "0195af0e-98a0-7d94-93e5-2a1d2e5942f8", "Attempt": 0, "ActivityID": "140", "ActivityType": "CheckWorkerDeploymentUserDataPropagation", "logging-call-at": "/Users/shivamsaraf/Desktop/work/temporal/common/log/with_logger.go:61"}
2025-03-19T11:38:45.705-0400	debug	Frontend method invoked.	{"host": "127.0.0.1:63278", "wf-namespace": "namespace-ec265ab4-426c-4316-a4b3-47fc66311932", "operation": "PollWorkflowTaskQueue", "server-name": "", "cert-thumbprint": "", "logging-call-at": "/Users/shivamsaraf/Desktop/work/temporal/common/log/with_logger.go:61"}
2025-03-19T11:38:45.705-0400	debug	Received PollWorkflowTaskQueue	{"host": "127.0.0.1:63278", "service": "frontend", "logging-call-at": "/Users/shivamsaraf/Desktop/work/temporal/common/log/with_logger.go:61"}
2025-03-19T11:38:45.705-0400	debug	Poll workflow task queue.	{"host": "127.0.0.1:63278", "service": "frontend", "wf-namespace": "namespace-ec265ab4-426c-4316-a4b3-47fc66311932", "wf-namespace-id": "d0b550e3-6091-4a9b-a9aa-3d80ffb24954", "logging-call-at": "/Users/shivamsaraf/Desktop/work/temporal/common/log/with_logger.go:61"}
2025-03-19T11:38:45.705-0400	debug	Frontend method invoked.	{"host": "127.0.0.1:63278", "wf-namespace": "namespace-ec265ab4-426c-4316-a4b3-47fc66311932", "operation": "RespondWorkflowTaskCompleted", "server-name": "", "cert-thumbprint": "", "logging-call-at": "/Users/shivamsaraf/Desktop/work/temporal/common/log/with_logger.go:61"}
2025-03-19T11:38:45.706-0400	debug	RespondWorkflowTaskCompleted	{"host": "127.0.0.1:63280", "service": "history", "wf-namespace-id": "d0b550e3-6091-4a9b-a9aa-3d80ffb24954", "wf-id": "temporal-sys-worker-deployment-version:rrentVersion_Batching-564e9892_deployment_series.rrentVersion_Batching-564e9892_build_id", "wf-run-id": "0195af0e-98a0-7d94-93e5-2a1d2e5942f8", "wf-scheduled-event-id": 137, "logging-call-at": "/Users/shivamsaraf/Desktop/work/temporal/common/log/with_logger.go:61"}
2025-03-19T11:38:45.706-0400	debug	Workflow task updated	{"host": "127.0.0.1:63280", "shard-id": 4, "address": "127.0.0.1:63280", "wf-scheduled-event-id": 0, "wf-started-event-id": 0, "workflow-task-request-id": "emptyUuid", "workflow-task-timeout": 0, "attempt": 1, "wf-started-timestamp": "1970-01-01T00:00:00.000Z", "wt-type": "Unspecified", "logging-call-at": "/Users/shivamsaraf/Desktop/work/temporal/common/log/with_logger.go:61"}
2025-03-19T11:38:45.706-0400	debug	Assigning new task key	{"host": "127.0.0.1:63280", "shard-id": 4, "address": "127.0.0.1:63280", "wf-namespace-id": "d0b550e3-6091-4a9b-a9aa-3d80ffb24954", "wf-id": "temporal-sys-worker-deployment-version:rrentVersion_Batching-564e9892_deployment_series.rrentVersion_Batching-564e9892_build_id", "wf-run-id": "0195af0e-98a0-7d94-93e5-2a1d2e5942f8", "queue-task-type": "TransferActivityTask", "queue-task-id": 1048933, "timestamp": "2025-03-19T15:38:45.706Z", "cursor-timestamp": "2025-03-19T15:38:46.695Z", "logging-call-at": "/Users/shivamsaraf/Desktop/work/temporal/common/log/with_logger.go:61"}
2025-03-19T11:38:45.710-0400	debug	Process task as active.	{"host": "127.0.0.1:63280", "shard-id": 4, "address": "127.0.0.1:63280", "component": "transfer-queue-processor", "wf-namespace-id": "d0b550e3-6091-4a9b-a9aa-3d80ffb24954", "value": "d0b550e3-6091-4a9b-a9aa-3d80ffb24954/temporal-sys-worker-deployment-version:rrentVersion_Batching-564e9892_deployment_series.rrentVersion_Batching-564e9892_build_id/0195af0e-98a0-7d94-93e5-2a1d2e5942f8", "logging-call-at": "/Users/shivamsaraf/Desktop/work/temporal/common/log/with_logger.go:61"}
2025-03-19T11:38:45.711-0400	debug	Assigning new task key	{"host": "127.0.0.1:63280", "shard-id": 4, "address": "127.0.0.1:63280", "wf-namespace-id": "d0b550e3-6091-4a9b-a9aa-3d80ffb24954", "wf-id": "temporal-sys-worker-deployment-version:rrentVersion_Batching-564e9892_deployment_series.rrentVersion_Batching-564e9892_build_id", "wf-run-id": "0195af0e-98a0-7d94-93e5-2a1d2e5942f8", "queue-task-type": "ActivityTimeout", "queue-task-id": 1048934, "timestamp": "2025-03-19T15:39:45.712Z", "cursor-timestamp": "2025-03-19T15:38:46.709Z", "logging-call-at": "/Users/shivamsaraf/Desktop/work/temporal/common/log/with_logger.go:61"}
2025-03-19T11:38:45.715-0400	info	waiting for userdata propagation	{"host": "127.0.0.1:63281", "Namespace": "namespace-ec265ab4-426c-4316-a4b3-47fc66311932", "TaskQueue": "temporal-sys-per-ns-tq", "WorkerID": "temporal-system@Shivams-MacBook-Pro.local@namespace-ec265ab4-426c-4316-a4b3-47fc66311932", "ActivityID": "140", "ActivityType": "CheckWorkerDeploymentUserDataPropagation", "Attempt": 1, "WorkflowType": "temporal-sys-worker-deployment-version-workflow", "WorkflowID": "temporal-sys-worker-deployment-version:rrentVersion_Batching-564e9892_deployment_series.rrentVersion_Batching-564e9892_build_id", "RunID": "0195af0e-98a0-7d94-93e5-2a1d2e5942f8", "taskQueue": "rrentVersion_Batching-564e9892_task_queue_14", "version": 1, "logging-call-at": "/Users/shivamsaraf/Desktop/work/temporal/common/log/with_logger.go:66"}
2025-03-19T11:38:45.715-0400	debug	Frontend method invoked.	{"host": "127.0.0.1:63278", "wf-namespace": "namespace-ec265ab4-426c-4316-a4b3-47fc66311932", "operation": "PollActivityTaskQueue", "server-name": "", "cert-thumbprint": "", "logging-call-at": "/Users/shivamsaraf/Desktop/work/temporal/common/log/with_logger.go:61"}
2025-03-19T11:38:45.715-0400	debug	Received PollActivityTaskQueue	{"host": "127.0.0.1:63278", "service": "frontend", "logging-call-at": "/Users/shivamsaraf/Desktop/work/temporal/common/log/with_logger.go:61"}
2025-03-19T11:38:45.716-0400	info	returning user data	{"host": "127.0.0.1:63279", "component": "matching-engine", "wf-task-queue-name": "/_sys/rrentVersion_Batching-564e9892_task_queue_14/3", "wf-task-queue-type": "Workflow", "wf-namespace": "namespace-ec265ab4-426c-4316-a4b3-47fc66311932", "long-poll": true, "request-known-version": 0, "user-data-version": 1, "logging-call-at": "/Users/shivamsaraf/Desktop/work/temporal/common/log/with_logger.go:66"}
2025-03-19T11:38:45.716-0400	info	returning user data	{"host": "127.0.0.1:63279", "component": "matching-engine", "wf-task-queue-name": "/_sys/rrentVersion_Batching-564e9892_task_queue_14/2", "wf-task-queue-type": "Workflow", "wf-namespace": "namespace-ec265ab4-426c-4316-a4b3-47fc66311932", "long-poll": true, "request-known-version": 0, "user-data-version": 1, "logging-call-at": "/Users/shivamsaraf/Desktop/work/temporal/common/log/with_logger.go:66"}
2025-03-19T11:38:45.716-0400	info	returning user data	{"host": "127.0.0.1:63279", "component": "matching-engine", "wf-task-queue-name": "/_sys/rrentVersion_Batching-564e9892_task_queue_14/1", "wf-task-queue-type": "Workflow", "wf-namespace": "namespace-ec265ab4-426c-4316-a4b3-47fc66311932", "long-poll": true, "request-known-version": 0, "user-data-version": 1, "logging-call-at": "/Users/shivamsaraf/Desktop/work/temporal/common/log/with_logger.go:66"}
2025-03-19T11:38:45.716-0400	info	matching client encountered error	{"host": "127.0.0.1:63279", "error": "partition was not loaded", "service-error-type": "serviceerror.FailedPrecondition", "logging-call-at": "/Users/shivamsaraf/Desktop/work/temporal/common/log/with_logger.go:66"}
2025-03-19T11:38:45.716-0400	info	matching client encountered error	{"host": "127.0.0.1:63279", "error": "partition was not loaded", "service-error-type": "serviceerror.FailedPrecondition", "logging-call-at": "/Users/shivamsaraf/Desktop/work/temporal/common/log/with_logger.go:66"}
2025-03-19T11:38:45.716-0400	info	matching client encountered error	{"host": "127.0.0.1:63279", "error": "partition was not loaded", "service-error-type": "serviceerror.FailedPrecondition", "logging-call-at": "/Users/shivamsaraf/Desktop/work/temporal/common/log/with_logger.go:66"}
2025-03-19T11:38:45.716-0400	info	matching client encountered error	{"host": "127.0.0.1:63279", "error": "partition was not loaded", "service-error-type": "serviceerror.FailedPrecondition", "logging-call-at": "/Users/shivamsaraf/Desktop/work/temporal/common/log/with_logger.go:66"}
2025-03-19T11:38:45.716-0400	debug	Frontend method invoked.	{"host": "127.0.0.1:63278", "wf-namespace": "namespace-ec265ab4-426c-4316-a4b3-47fc66311932", "operation": "RespondActivityTaskCompleted", "server-name": "", "cert-thumbprint": "", "logging-call-at": "/Users/shivamsaraf/Desktop/work/temporal/common/log/with_logger.go:61"}
2025-03-19T11:38:45.717-0400	debug	Workflow task updated	{"host": "127.0.0.1:63280", "shard-id": 4, "address": "127.0.0.1:63280", "wf-scheduled-event-id": 143, "wf-started-event-id": 0, "workflow-task-request-id": "emptyUuid", "workflow-task-timeout": 10, "attempt": 1, "wf-started-timestamp": "0001-01-01T00:00:00.000Z", "wt-type": "Normal", "logging-call-at": "/Users/shivamsaraf/Desktop/work/temporal/common/log/with_logger.go:61"}
2025-03-19T11:38:45.717-0400	debug	Assigning new task key	{"host": "127.0.0.1:63280", "shard-id": 4, "address": "127.0.0.1:63280", "wf-namespace-id": "d0b550e3-6091-4a9b-a9aa-3d80ffb24954", "wf-id": "temporal-sys-worker-deployment-version:rrentVersion_Batching-564e9892_deployment_series.rrentVersion_Batching-564e9892_build_id", "wf-run-id": "0195af0e-98a0-7d94-93e5-2a1d2e5942f8", "queue-task-type": "WorkflowTaskTimeout", "queue-task-id": 1048940, "timestamp": "2025-03-19T15:38:50.718Z", "cursor-timestamp": "2025-03-19T15:38:46.709Z", "logging-call-at": "/Users/shivamsaraf/Desktop/work/temporal/common/log/with_logger.go:61"}
2025-03-19T11:38:45.717-0400	debug	Assigning new task key	{"host": "127.0.0.1:63280", "shard-id": 4, "address": "127.0.0.1:63280", "wf-namespace-id": "d0b550e3-6091-4a9b-a9aa-3d80ffb24954", "wf-id": "temporal-sys-worker-deployment-version:rrentVersion_Batching-564e9892_deployment_series.rrentVersion_Batching-564e9892_build_id", "wf-run-id": "0195af0e-98a0-7d94-93e5-2a1d2e5942f8", "queue-task-type": "TransferWorkflowTask", "queue-task-id": 1048941, "timestamp": "2025-03-19T15:38:45.717Z", "cursor-timestamp": "2025-03-19T15:38:46.709Z", "logging-call-at": "/Users/shivamsaraf/Desktop/work/temporal/common/log/with_logger.go:61"}
2025-03-19T11:38:45.721-0400	debug	Process task as active.	{"host": "127.0.0.1:63280", "shard-id": 4, "address": "127.0.0.1:63280", "component": "transfer-queue-processor", "wf-namespace-id": "d0b550e3-6091-4a9b-a9aa-3d80ffb24954", "value": "d0b550e3-6091-4a9b-a9aa-3d80ffb24954/temporal-sys-worker-deployment-version:rrentVersion_Batching-564e9892_deployment_series.rrentVersion_Batching-564e9892_build_id/0195af0e-98a0-7d94-93e5-2a1d2e5942f8", "logging-call-at": "/Users/shivamsaraf/Desktop/work/temporal/common/log/with_logger.go:61"}
2025-03-19T11:38:45.722-0400	debug	Workflow task updated	{"host": "127.0.0.1:63280", "shard-id": 4, "address": "127.0.0.1:63280", "wf-scheduled-event-id": 143, "wf-started-event-id": 144, "workflow-task-request-id": "3dae8bf9-753e-4a70-9bd9-a85410d1a9c3", "workflow-task-timeout": 10, "attempt": 1, "wf-started-timestamp": "2025-03-19T15:38:45.722Z", "wt-type": "Normal", "logging-call-at": "/Users/shivamsaraf/Desktop/work/temporal/common/log/with_logger.go:61"}
2025-03-19T11:38:45.722-0400	debug	Assigning new task key	{"host": "127.0.0.1:63280", "shard-id": 4, "address": "127.0.0.1:63280", "wf-namespace-id": "d0b550e3-6091-4a9b-a9aa-3d80ffb24954", "wf-id": "temporal-sys-worker-deployment-version:rrentVersion_Batching-564e9892_deployment_series.rrentVersion_Batching-564e9892_build_id", "wf-run-id": "0195af0e-98a0-7d94-93e5-2a1d2e5942f8", "queue-task-type": "WorkflowTaskTimeout", "queue-task-id": 1048944, "timestamp": "2025-03-19T15:38:55.723Z", "cursor-timestamp": "2025-03-19T15:38:46.721Z", "logging-call-at": "/Users/shivamsaraf/Desktop/work/temporal/common/log/with_logger.go:61"}
2025-03-19T11:38:45.728-0400	debug	Frontend method invoked.	{"host": "127.0.0.1:63278", "wf-namespace": "namespace-ec265ab4-426c-4316-a4b3-47fc66311932", "operation": "PollWorkflowTaskQueue", "server-name": "", "cert-thumbprint": "", "logging-call-at": "/Users/shivamsaraf/Desktop/work/temporal/common/log/with_logger.go:61"}
2025-03-19T11:38:45.728-0400	debug	Received PollWorkflowTaskQueue	{"host": "127.0.0.1:63278", "service": "frontend", "logging-call-at": "/Users/shivamsaraf/Desktop/work/temporal/common/log/with_logger.go:61"}
2025-03-19T11:38:45.728-0400	debug	Frontend method invoked.	{"host": "127.0.0.1:63278", "wf-namespace": "namespace-ec265ab4-426c-4316-a4b3-47fc66311932", "operation": "RespondWorkflowTaskCompleted", "server-name": "", "cert-thumbprint": "", "logging-call-at": "/Users/shivamsaraf/Desktop/work/temporal/common/log/with_logger.go:61"}
2025-03-19T11:38:45.728-0400	debug	Poll workflow task queue.	{"host": "127.0.0.1:63278", "service": "frontend", "wf-namespace": "namespace-ec265ab4-426c-4316-a4b3-47fc66311932", "wf-namespace-id": "d0b550e3-6091-4a9b-a9aa-3d80ffb24954", "logging-call-at": "/Users/shivamsaraf/Desktop/work/temporal/common/log/with_logger.go:61"}
2025-03-19T11:38:45.729-0400	debug	RespondWorkflowTaskCompleted	{"host": "127.0.0.1:63280", "service": "history", "wf-namespace-id": "d0b550e3-6091-4a9b-a9aa-3d80ffb24954", "wf-id": "temporal-sys-worker-deployment-version:rrentVersion_Batching-564e9892_deployment_series.rrentVersion_Batching-564e9892_build_id", "wf-run-id": "0195af0e-98a0-7d94-93e5-2a1d2e5942f8", "wf-scheduled-event-id": 143, "logging-call-at": "/Users/shivamsaraf/Desktop/work/temporal/common/log/with_logger.go:61"}
2025-03-19T11:38:45.729-0400	debug	Workflow task updated	{"host": "127.0.0.1:63280", "shard-id": 4, "address": "127.0.0.1:63280", "wf-scheduled-event-id": 0, "wf-started-event-id": 0, "workflow-task-request-id": "emptyUuid", "workflow-task-timeout": 0, "attempt": 1, "wf-started-timestamp": "1970-01-01T00:00:00.000Z", "wt-type": "Unspecified", "logging-call-at": "/Users/shivamsaraf/Desktop/work/temporal/common/log/with_logger.go:61"}
2025-03-19T11:38:45.729-0400	debug	update state change	{"host": "127.0.0.1:63280", "shard-id": 4, "address": "127.0.0.1:63280", "wf-namespace-id": "d0b550e3-6091-4a9b-a9aa-3d80ffb24954", "wf-id": "temporal-sys-worker-deployment-version:rrentVersion_Batching-564e9892_deployment_series.rrentVersion_Batching-564e9892_build_id", "wf-run-id": "0195af0e-98a0-7d94-93e5-2a1d2e5942f8", "update-id": "8ab5d995-e6c6-44ac-90d2-909486f959b4", "from-state": "Accepted", "to-state": "ProvisionallyCompleted", "logging-call-at": "/Users/shivamsaraf/Desktop/work/temporal/common/log/with_logger.go:61"}
2025-03-19T11:38:45.731-0400	debug	update state change	{"host": "127.0.0.1:63280", "shard-id": 4, "address": "127.0.0.1:63280", "wf-namespace-id": "d0b550e3-6091-4a9b-a9aa-3d80ffb24954", "wf-id": "temporal-sys-worker-deployment-version:rrentVersion_Batching-564e9892_deployment_series.rrentVersion_Batching-564e9892_build_id", "wf-run-id": "0195af0e-98a0-7d94-93e5-2a1d2e5942f8", "update-id": "8ab5d995-e6c6-44ac-90d2-909486f959b4", "from-state": "ProvisionallyCompleted", "to-state": "Completed", "logging-call-at": "/Users/shivamsaraf/Desktop/work/temporal/common/log/with_logger.go:61"}
2025-03-19T11:38:45.732-0400	debug	Frontend method invoked.	{"host": "127.0.0.1:63278", "wf-namespace": "namespace-ec265ab4-426c-4316-a4b3-47fc66311932", "operation": "RespondActivityTaskCompleted", "server-name": "", "cert-thumbprint": "", "logging-call-at": "/Users/shivamsaraf/Desktop/work/temporal/common/log/with_logger.go:61"}
2025-03-19T11:38:45.732-0400	debug	Workflow task updated	{"host": "127.0.0.1:63280", "shard-id": 1, "address": "127.0.0.1:63280", "wf-scheduled-event-id": 109, "wf-started-event-id": 0, "workflow-task-request-id": "emptyUuid", "workflow-task-timeout": 10, "attempt": 1, "wf-started-timestamp": "0001-01-01T00:00:00.000Z", "wt-type": "Normal", "logging-call-at": "/Users/shivamsaraf/Desktop/work/temporal/common/log/with_logger.go:61"}
2025-03-19T11:38:45.733-0400	debug	Assigning new task key	{"host": "127.0.0.1:63280", "shard-id": 1, "address": "127.0.0.1:63280", "wf-namespace-id": "d0b550e3-6091-4a9b-a9aa-3d80ffb24954", "wf-id": "temporal-sys-worker-deployment:rrentVersion_Batching-564e9892_deployment_series", "wf-run-id": "0195af0e-960d-715f-b6c6-08dcdf4b78ec", "queue-task-type": "WorkflowTaskTimeout", "queue-task-id": 1048790, "timestamp": "2025-03-19T15:38:50.733Z", "cursor-timestamp": "2025-03-19T15:38:46.566Z", "logging-call-at": "/Users/shivamsaraf/Desktop/work/temporal/common/log/with_logger.go:61"}
2025-03-19T11:38:45.733-0400	debug	Assigning new task key	{"host": "127.0.0.1:63280", "shard-id": 1, "address": "127.0.0.1:63280", "wf-namespace-id": "d0b550e3-6091-4a9b-a9aa-3d80ffb24954", "wf-id": "temporal-sys-worker-deployment:rrentVersion_Batching-564e9892_deployment_series", "wf-run-id": "0195af0e-960d-715f-b6c6-08dcdf4b78ec", "queue-task-type": "TransferWorkflowTask", "queue-task-id": 1048791, "timestamp": "2025-03-19T15:38:45.733Z", "cursor-timestamp": "2025-03-19T15:38:46.566Z", "logging-call-at": "/Users/shivamsaraf/Desktop/work/temporal/common/log/with_logger.go:61"}
2025-03-19T11:38:45.737-0400	debug	Process task as active.	{"host": "127.0.0.1:63280", "shard-id": 1, "address": "127.0.0.1:63280", "component": "transfer-queue-processor", "wf-namespace-id": "d0b550e3-6091-4a9b-a9aa-3d80ffb24954", "value": "d0b550e3-6091-4a9b-a9aa-3d80ffb24954/temporal-sys-worker-deployment:rrentVersion_Batching-564e9892_deployment_series/0195af0e-960d-715f-b6c6-08dcdf4b78ec", "logging-call-at": "/Users/shivamsaraf/Desktop/work/temporal/common/log/with_logger.go:61"}
2025-03-19T11:38:45.737-0400	debug	Frontend method invoked.	{"host": "127.0.0.1:63278", "wf-namespace": "namespace-ec265ab4-426c-4316-a4b3-47fc66311932", "operation": "DescribeWorkerDeploymentVersion", "server-name": "", "cert-thumbprint": "", "logging-call-at": "/Users/shivamsaraf/Desktop/work/temporal/common/log/with_logger.go:61"}
2025-03-19T11:38:45.737-0400	debug	Workflow task updated	{"host": "127.0.0.1:63280", "shard-id": 1, "address": "127.0.0.1:63280", "wf-scheduled-event-id": 109, "wf-started-event-id": 110, "workflow-task-request-id": "de22976b-c3e7-4d7b-8108-c70cb990bbaf", "workflow-task-timeout": 10, "attempt": 1, "wf-started-timestamp": "2025-03-19T15:38:45.737Z", "wt-type": "Normal", "logging-call-at": "/Users/shivamsaraf/Desktop/work/temporal/common/log/with_logger.go:61"}
2025-03-19T11:38:45.738-0400	debug	Assigning new task key	{"host": "127.0.0.1:63280", "shard-id": 1, "address": "127.0.0.1:63280", "wf-namespace-id": "d0b550e3-6091-4a9b-a9aa-3d80ffb24954", "wf-id": "temporal-sys-worker-deployment:rrentVersion_Batching-564e9892_deployment_series", "wf-run-id": "0195af0e-960d-715f-b6c6-08dcdf4b78ec", "queue-task-type": "WorkflowTaskTimeout", "queue-task-id": 1048794, "timestamp": "2025-03-19T15:38:55.738Z", "cursor-timestamp": "2025-03-19T15:38:46.736Z", "logging-call-at": "/Users/shivamsaraf/Desktop/work/temporal/common/log/with_logger.go:61"}
2025-03-19T11:38:45.744-0400	debug	ExecuteActivity	{"host": "127.0.0.1:63281", "Namespace": "namespace-ec265ab4-426c-4316-a4b3-47fc66311932", "TaskQueue": "temporal-sys-per-ns-tq", "WorkerID": "temporal-system@Shivams-MacBook-Pro.local@namespace-ec265ab4-426c-4316-a4b3-47fc66311932", "WorkflowType": "temporal-sys-worker-deployment-workflow", "WorkflowID": "temporal-sys-worker-deployment:rrentVersion_Batching-564e9892_deployment_series", "RunID": "0195af0e-960d-715f-b6c6-08dcdf4b78ec", "Attempt": 0, "ActivityID": "113", "ActivityType": "RegisterWorkerInVersion", "logging-call-at": "/Users/shivamsaraf/Desktop/work/temporal/common/log/with_logger.go:61"}
2025-03-19T11:38:45.744-0400	debug	Frontend method invoked.	{"host": "127.0.0.1:63278", "wf-namespace": "namespace-ec265ab4-426c-4316-a4b3-47fc66311932", "operation": "PollWorkflowTaskQueue", "server-name": "", "cert-thumbprint": "", "logging-call-at": "/Users/shivamsaraf/Desktop/work/temporal/common/log/with_logger.go:61"}
2025-03-19T11:38:45.744-0400	debug	Received PollWorkflowTaskQueue	{"host": "127.0.0.1:63278", "service": "frontend", "logging-call-at": "/Users/shivamsaraf/Desktop/work/temporal/common/log/with_logger.go:61"}
2025-03-19T11:38:45.744-0400	debug	Poll workflow task queue.	{"host": "127.0.0.1:63278", "service": "frontend", "wf-namespace": "namespace-ec265ab4-426c-4316-a4b3-47fc66311932", "wf-namespace-id": "d0b550e3-6091-4a9b-a9aa-3d80ffb24954", "logging-call-at": "/Users/shivamsaraf/Desktop/work/temporal/common/log/with_logger.go:61"}
2025-03-19T11:38:45.745-0400	debug	Frontend method invoked.	{"host": "127.0.0.1:63278", "wf-namespace": "namespace-ec265ab4-426c-4316-a4b3-47fc66311932", "operation": "RespondWorkflowTaskCompleted", "server-name": "", "cert-thumbprint": "", "logging-call-at": "/Users/shivamsaraf/Desktop/work/temporal/common/log/with_logger.go:61"}
2025-03-19T11:38:45.745-0400	debug	RespondWorkflowTaskCompleted	{"host": "127.0.0.1:63280", "service": "history", "wf-namespace-id": "d0b550e3-6091-4a9b-a9aa-3d80ffb24954", "wf-id": "temporal-sys-worker-deployment:rrentVersion_Batching-564e9892_deployment_series", "wf-run-id": "0195af0e-960d-715f-b6c6-08dcdf4b78ec", "wf-scheduled-event-id": 109, "logging-call-at": "/Users/shivamsaraf/Desktop/work/temporal/common/log/with_logger.go:61"}
2025-03-19T11:38:45.745-0400	debug	Workflow task updated	{"host": "127.0.0.1:63280", "shard-id": 1, "address": "127.0.0.1:63280", "wf-scheduled-event-id": 0, "wf-started-event-id": 0, "workflow-task-request-id": "emptyUuid", "workflow-task-timeout": 0, "attempt": 1, "wf-started-timestamp": "1970-01-01T00:00:00.000Z", "wt-type": "Unspecified", "logging-call-at": "/Users/shivamsaraf/Desktop/work/temporal/common/log/with_logger.go:61"}
2025-03-19T11:38:45.746-0400	debug	update state change	{"host": "127.0.0.1:63280", "shard-id": 1, "address": "127.0.0.1:63280", "wf-namespace-id": "d0b550e3-6091-4a9b-a9aa-3d80ffb24954", "wf-id": "temporal-sys-worker-deployment:rrentVersion_Batching-564e9892_deployment_series", "wf-run-id": "0195af0e-960d-715f-b6c6-08dcdf4b78ec", "update-id": "c105565e-33ca-4ce5-bbae-9143a99839c1", "from-state": "Accepted", "to-state": "ProvisionallyCompleted", "logging-call-at": "/Users/shivamsaraf/Desktop/work/temporal/common/log/with_logger.go:61"}
2025-03-19T11:38:45.746-0400	debug	Frontend method invoked.	{"host": "127.0.0.1:63278", "wf-namespace": "namespace-ec265ab4-426c-4316-a4b3-47fc66311932", "operation": "PollWorkflowTaskQueue", "server-name": "", "cert-thumbprint": "", "logging-call-at": "/Users/shivamsaraf/Desktop/work/temporal/common/log/with_logger.go:61"}
2025-03-19T11:38:45.746-0400	debug	Received PollWorkflowTaskQueue	{"host": "127.0.0.1:63278", "service": "frontend", "logging-call-at": "/Users/shivamsaraf/Desktop/work/temporal/common/log/with_logger.go:61"}
2025-03-19T11:38:45.746-0400	debug	Poll workflow task queue.	{"host": "127.0.0.1:63278", "service": "frontend", "wf-namespace": "namespace-ec265ab4-426c-4316-a4b3-47fc66311932", "wf-namespace-id": "d0b550e3-6091-4a9b-a9aa-3d80ffb24954", "logging-call-at": "/Users/shivamsaraf/Desktop/work/temporal/common/log/with_logger.go:61"}
2025-03-19T11:38:45.746-0400	debug	Frontend method invoked.	{"host": "127.0.0.1:63278", "wf-namespace": "namespace-ec265ab4-426c-4316-a4b3-47fc66311932", "operation": "RespondQueryTaskCompleted", "server-name": "", "cert-thumbprint": "", "logging-call-at": "/Users/shivamsaraf/Desktop/work/temporal/common/log/with_logger.go:61"}
2025-03-19T11:38:45.746-0400	debug	Assigning new task key	{"host": "127.0.0.1:63280", "shard-id": 1, "address": "127.0.0.1:63280", "wf-namespace-id": "d0b550e3-6091-4a9b-a9aa-3d80ffb24954", "wf-id": "temporal-sys-worker-deployment:rrentVersion_Batching-564e9892_deployment_series", "wf-run-id": "0195af0e-960d-715f-b6c6-08dcdf4b78ec", "queue-task-type": "TransferActivityTask", "queue-task-id": 1048800, "timestamp": "2025-03-19T15:38:45.746Z", "cursor-timestamp": "2025-03-19T15:38:46.736Z", "logging-call-at": "/Users/shivamsaraf/Desktop/work/temporal/common/log/with_logger.go:61"}
2025-03-19T11:38:45.747-0400	debug	deployment client success	{"host": "127.0.0.1:63278", "operation": "DescribeVersion", "elapsed": 0.00930825, "args": ["rrentVersion_Batching-564e9892_deployment_series","rrentVersion_Batching-564e9892_build_id"], "logging-call-at": "/Users/shivamsaraf/Desktop/work/temporal/common/log/with_logger.go:61"}
2025-03-19T11:38:45.749-0400	debug	update state change	{"host": "127.0.0.1:63280", "shard-id": 1, "address": "127.0.0.1:63280", "wf-namespace-id": "d0b550e3-6091-4a9b-a9aa-3d80ffb24954", "wf-id": "temporal-sys-worker-deployment:rrentVersion_Batching-564e9892_deployment_series", "wf-run-id": "0195af0e-960d-715f-b6c6-08dcdf4b78ec", "update-id": "c105565e-33ca-4ce5-bbae-9143a99839c1", "from-state": "ProvisionallyCompleted", "to-state": "Completed", "logging-call-at": "/Users/shivamsaraf/Desktop/work/temporal/common/log/with_logger.go:61"}
2025-03-19T11:38:45.749-0400	debug	deployment client success	{"host": "127.0.0.1:63279", "operation": "RegisterTaskQueueWorker", "elapsed": 2.237944375, "args": ["rrentVersion_Batching-564e9892_task_queue_14",1,"matching service"], "logging-call-at": "/Users/shivamsaraf/Desktop/work/temporal/common/log/with_logger.go:61"}
2025-03-19T11:38:45.750-0400	debug	Process task as active.	{"host": "127.0.0.1:63280", "shard-id": 1, "address": "127.0.0.1:63280", "component": "transfer-queue-processor", "wf-namespace-id": "d0b550e3-6091-4a9b-a9aa-3d80ffb24954", "value": "d0b550e3-6091-4a9b-a9aa-3d80ffb24954/temporal-sys-worker-deployment:rrentVersion_Batching-564e9892_deployment_series/0195af0e-960d-715f-b6c6-08dcdf4b78ec", "logging-call-at": "/Users/shivamsaraf/Desktop/work/temporal/common/log/with_logger.go:61"}
2025-03-19T11:38:45.751-0400	debug	Assigning new task key	{"host": "127.0.0.1:63280", "shard-id": 1, "address": "127.0.0.1:63280", "wf-namespace-id": "d0b550e3-6091-4a9b-a9aa-3d80ffb24954", "wf-id": "temporal-sys-worker-deployment:rrentVersion_Batching-564e9892_deployment_series", "wf-run-id": "0195af0e-960d-715f-b6c6-08dcdf4b78ec", "queue-task-type": "ActivityTimeout", "queue-task-id": 1048802, "timestamp": "2025-03-19T15:39:45.752Z", "cursor-timestamp": "2025-03-19T15:38:46.749Z", "logging-call-at": "/Users/shivamsaraf/Desktop/work/temporal/common/log/with_logger.go:61"}
2025-03-19T11:38:45.755-0400	debug	Frontend method invoked.	{"host": "127.0.0.1:63278", "wf-namespace": "namespace-ec265ab4-426c-4316-a4b3-47fc66311932", "operation": "PollActivityTaskQueue", "server-name": "", "cert-thumbprint": "", "logging-call-at": "/Users/shivamsaraf/Desktop/work/temporal/common/log/with_logger.go:61"}
2025-03-19T11:38:45.755-0400	debug	Received PollActivityTaskQueue	{"host": "127.0.0.1:63278", "service": "frontend", "logging-call-at": "/Users/shivamsaraf/Desktop/work/temporal/common/log/with_logger.go:61"}
2025-03-19T11:38:45.756-0400	debug	update state change	{"host": "127.0.0.1:63280", "shard-id": 4, "address": "127.0.0.1:63280", "wf-namespace-id": "d0b550e3-6091-4a9b-a9aa-3d80ffb24954", "wf-id": "temporal-sys-worker-deployment-version:rrentVersion_Batching-564e9892_deployment_series.rrentVersion_Batching-564e9892_build_id", "wf-run-id": "0195af0e-98a0-7d94-93e5-2a1d2e5942f8", "update-id": "2331acd0-6264-4e0a-99db-1b016ec43996", "from-state": "Created", "to-state": "ProvisionallyAdmitted", "logging-call-at": "/Users/shivamsaraf/Desktop/work/temporal/common/log/with_logger.go:61"}
2025-03-19T11:38:45.756-0400	debug	update state change	{"host": "127.0.0.1:63280", "shard-id": 4, "address": "127.0.0.1:63280", "wf-namespace-id": "d0b550e3-6091-4a9b-a9aa-3d80ffb24954", "wf-id": "temporal-sys-worker-deployment-version:rrentVersion_Batching-564e9892_deployment_series.rrentVersion_Batching-564e9892_build_id", "wf-run-id": "0195af0e-98a0-7d94-93e5-2a1d2e5942f8", "update-id": "2331acd0-6264-4e0a-99db-1b016ec43996", "from-state": "ProvisionallyAdmitted", "to-state": "Admitted", "logging-call-at": "/Users/shivamsaraf/Desktop/work/temporal/common/log/with_logger.go:61"}
2025-03-19T11:38:45.756-0400	debug	Workflow task updated	{"host": "127.0.0.1:63280", "shard-id": 4, "address": "127.0.0.1:63280", "wf-scheduled-event-id": 147, "wf-started-event-id": 0, "workflow-task-request-id": "emptyUuid", "workflow-task-timeout": 10, "attempt": 1, "wf-started-timestamp": "0001-01-01T00:00:00.000Z", "wt-type": "Speculative", "logging-call-at": "/Users/shivamsaraf/Desktop/work/temporal/common/log/with_logger.go:61"}
2025-03-19T11:38:45.757-0400	debug	Workflow task updated	{"host": "127.0.0.1:63280", "shard-id": 4, "address": "127.0.0.1:63280", "wf-scheduled-event-id": 147, "wf-started-event-id": 148, "workflow-task-request-id": "9d5b44be-7357-4e2b-a0b1-bdd77df0639c", "workflow-task-timeout": 10, "attempt": 1, "wf-started-timestamp": "2025-03-19T15:38:45.757Z", "wt-type": "Speculative", "logging-call-at": "/Users/shivamsaraf/Desktop/work/temporal/common/log/with_logger.go:61"}
2025-03-19T11:38:45.757-0400	debug	update state change	{"host": "127.0.0.1:63280", "shard-id": 4, "address": "127.0.0.1:63280", "wf-namespace-id": "d0b550e3-6091-4a9b-a9aa-3d80ffb24954", "wf-id": "temporal-sys-worker-deployment-version:rrentVersion_Batching-564e9892_deployment_series.rrentVersion_Batching-564e9892_build_id", "wf-run-id": "0195af0e-98a0-7d94-93e5-2a1d2e5942f8", "update-id": "2331acd0-6264-4e0a-99db-1b016ec43996", "from-state": "Admitted", "to-state": "Sent", "logging-call-at": "/Users/shivamsaraf/Desktop/work/temporal/common/log/with_logger.go:61"}
2025-03-19T11:38:45.760-0400	debug	ExecuteActivity	{"host": "127.0.0.1:63281", "Namespace": "namespace-ec265ab4-426c-4316-a4b3-47fc66311932", "TaskQueue": "temporal-sys-per-ns-tq", "WorkerID": "temporal-system@Shivams-MacBook-Pro.local@namespace-ec265ab4-426c-4316-a4b3-47fc66311932", "WorkflowType": "temporal-sys-worker-deployment-version-workflow", "WorkflowID": "temporal-sys-worker-deployment-version:rrentVersion_Batching-564e9892_deployment_series.rrentVersion_Batching-564e9892_build_id", "RunID": "0195af0e-98a0-7d94-93e5-2a1d2e5942f8", "Attempt": 0, "ActivityID": "151", "ActivityType": "SyncDeploymentVersionUserData", "logging-call-at": "/Users/shivamsaraf/Desktop/work/temporal/common/log/with_logger.go:61"}
2025-03-19T11:38:45.760-0400	debug	Frontend method invoked.	{"host": "127.0.0.1:63278", "wf-namespace": "namespace-ec265ab4-426c-4316-a4b3-47fc66311932", "operation": "PollWorkflowTaskQueue", "server-name": "", "cert-thumbprint": "", "logging-call-at": "/Users/shivamsaraf/Desktop/work/temporal/common/log/with_logger.go:61"}
2025-03-19T11:38:45.760-0400	debug	Received PollWorkflowTaskQueue	{"host": "127.0.0.1:63278", "service": "frontend", "logging-call-at": "/Users/shivamsaraf/Desktop/work/temporal/common/log/with_logger.go:61"}
2025-03-19T11:38:45.760-0400	debug	Poll workflow task queue.	{"host": "127.0.0.1:63278", "service": "frontend", "wf-namespace": "namespace-ec265ab4-426c-4316-a4b3-47fc66311932", "wf-namespace-id": "d0b550e3-6091-4a9b-a9aa-3d80ffb24954", "logging-call-at": "/Users/shivamsaraf/Desktop/work/temporal/common/log/with_logger.go:61"}
2025-03-19T11:38:45.761-0400	debug	Frontend method invoked.	{"host": "127.0.0.1:63278", "wf-namespace": "namespace-ec265ab4-426c-4316-a4b3-47fc66311932", "operation": "RespondWorkflowTaskCompleted", "server-name": "", "cert-thumbprint": "", "logging-call-at": "/Users/shivamsaraf/Desktop/work/temporal/common/log/with_logger.go:61"}
2025-03-19T11:38:45.761-0400	debug	RespondWorkflowTaskCompleted	{"host": "127.0.0.1:63280", "service": "history", "wf-namespace-id": "d0b550e3-6091-4a9b-a9aa-3d80ffb24954", "wf-id": "temporal-sys-worker-deployment-version:rrentVersion_Batching-564e9892_deployment_series.rrentVersion_Batching-564e9892_build_id", "wf-run-id": "0195af0e-98a0-7d94-93e5-2a1d2e5942f8", "wf-scheduled-event-id": 147, "logging-call-at": "/Users/shivamsaraf/Desktop/work/temporal/common/log/with_logger.go:61"}
2025-03-19T11:38:45.761-0400	debug	Workflow task updated	{"host": "127.0.0.1:63280", "shard-id": 4, "address": "127.0.0.1:63280", "wf-scheduled-event-id": 0, "wf-started-event-id": 0, "workflow-task-request-id": "emptyUuid", "workflow-task-timeout": 0, "attempt": 1, "wf-started-timestamp": "1970-01-01T00:00:00.000Z", "wt-type": "Unspecified", "logging-call-at": "/Users/shivamsaraf/Desktop/work/temporal/common/log/with_logger.go:61"}
2025-03-19T11:38:45.762-0400	debug	update state change	{"host": "127.0.0.1:63280", "shard-id": 4, "address": "127.0.0.1:63280", "wf-namespace-id": "d0b550e3-6091-4a9b-a9aa-3d80ffb24954", "wf-id": "temporal-sys-worker-deployment-version:rrentVersion_Batching-564e9892_deployment_series.rrentVersion_Batching-564e9892_build_id", "wf-run-id": "0195af0e-98a0-7d94-93e5-2a1d2e5942f8", "update-id": "2331acd0-6264-4e0a-99db-1b016ec43996", "from-state": "Sent", "to-state": "ProvisionallyAccepted", "logging-call-at": "/Users/shivamsaraf/Desktop/work/temporal/common/log/with_logger.go:61"}
2025-03-19T11:38:45.762-0400	debug	Assigning new task key	{"host": "127.0.0.1:63280", "shard-id": 4, "address": "127.0.0.1:63280", "wf-namespace-id": "d0b550e3-6091-4a9b-a9aa-3d80ffb24954", "wf-id": "temporal-sys-worker-deployment-version:rrentVersion_Batching-564e9892_deployment_series.rrentVersion_Batching-564e9892_build_id", "wf-run-id": "0195af0e-98a0-7d94-93e5-2a1d2e5942f8", "queue-task-type": "TransferActivityTask", "queue-task-id": 1048961, "timestamp": "2025-03-19T15:38:45.762Z", "cursor-timestamp": "2025-03-19T15:38:46.721Z", "logging-call-at": "/Users/shivamsaraf/Desktop/work/temporal/common/log/with_logger.go:61"}
2025-03-19T11:38:45.765-0400	debug	update state change	{"host": "127.0.0.1:63280", "shard-id": 4, "address": "127.0.0.1:63280", "wf-namespace-id": "d0b550e3-6091-4a9b-a9aa-3d80ffb24954", "wf-id": "temporal-sys-worker-deployment-version:rrentVersion_Batching-564e9892_deployment_series.rrentVersion_Batching-564e9892_build_id", "wf-run-id": "0195af0e-98a0-7d94-93e5-2a1d2e5942f8", "update-id": "2331acd0-6264-4e0a-99db-1b016ec43996", "from-state": "ProvisionallyAccepted", "to-state": "Accepted", "logging-call-at": "/Users/shivamsaraf/Desktop/work/temporal/common/log/with_logger.go:61"}
2025-03-19T11:38:45.766-0400	debug	Process task as active.	{"host": "127.0.0.1:63280", "shard-id": 4, "address": "127.0.0.1:63280", "component": "transfer-queue-processor", "wf-namespace-id": "d0b550e3-6091-4a9b-a9aa-3d80ffb24954", "value": "d0b550e3-6091-4a9b-a9aa-3d80ffb24954/temporal-sys-worker-deployment-version:rrentVersion_Batching-564e9892_deployment_series.rrentVersion_Batching-564e9892_build_id/0195af0e-98a0-7d94-93e5-2a1d2e5942f8", "logging-call-at": "/Users/shivamsaraf/Desktop/work/temporal/common/log/with_logger.go:61"}
2025-03-19T11:38:45.767-0400	debug	Assigning new task key	{"host": "127.0.0.1:63280", "shard-id": 4, "address": "127.0.0.1:63280", "wf-namespace-id": "d0b550e3-6091-4a9b-a9aa-3d80ffb24954", "wf-id": "temporal-sys-worker-deployment-version:rrentVersion_Batching-564e9892_deployment_series.rrentVersion_Batching-564e9892_build_id", "wf-run-id": "0195af0e-98a0-7d94-93e5-2a1d2e5942f8", "queue-task-type": "ActivityTimeout", "queue-task-id": 1048962, "timestamp": "2025-03-19T15:39:45.767Z", "cursor-timestamp": "2025-03-19T15:38:46.765Z", "logging-call-at": "/Users/shivamsaraf/Desktop/work/temporal/common/log/with_logger.go:61"}
2025-03-19T11:38:45.770-0400	info	syncing task queue userdata for deployment version	{"host": "127.0.0.1:63281", "Namespace": "namespace-ec265ab4-426c-4316-a4b3-47fc66311932", "TaskQueue": "temporal-sys-per-ns-tq", "WorkerID": "temporal-system@Shivams-MacBook-Pro.local@namespace-ec265ab4-426c-4316-a4b3-47fc66311932", "ActivityID": "151", "ActivityType": "SyncDeploymentVersionUserData", "Attempt": 1, "WorkflowType": "temporal-sys-worker-deployment-version-workflow", "WorkflowID": "temporal-sys-worker-deployment-version:rrentVersion_Batching-564e9892_deployment_series.rrentVersion_Batching-564e9892_build_id", "RunID": "0195af0e-98a0-7d94-93e5-2a1d2e5942f8", "taskQueue": "rrentVersion_Batching-564e9892_task_queue_45", "types": [1], "logging-call-at": "/Users/shivamsaraf/Desktop/work/temporal/common/log/with_logger.go:66"}
2025-03-19T11:38:45.770-0400	debug	Frontend method invoked.	{"host": "127.0.0.1:63278", "wf-namespace": "namespace-ec265ab4-426c-4316-a4b3-47fc66311932", "operation": "PollActivityTaskQueue", "server-name": "", "cert-thumbprint": "", "logging-call-at": "/Users/shivamsaraf/Desktop/work/temporal/common/log/with_logger.go:61"}
2025-03-19T11:38:45.770-0400	debug	Received PollActivityTaskQueue	{"host": "127.0.0.1:63278", "service": "frontend", "logging-call-at": "/Users/shivamsaraf/Desktop/work/temporal/common/log/with_logger.go:61"}
2025-03-19T11:38:45.873-0400	info	modified user data	{"host": "127.0.0.1:63279", "component": "matching-engine", "wf-task-queue-name": "rrentVersion_Batching-564e9892_task_queue_45", "wf-task-queue-type": "Workflow", "wf-namespace": "namespace-ec265ab4-426c-4316-a4b3-47fc66311932", "user-data-update-source": "SyncDeploymentUserData", "user-data-version": 1, "timestamp": "2025-03-19T15:38:45.770Z", "logging-call-at": "/Users/shivamsaraf/Desktop/work/temporal/common/log/with_logger.go:66"}
2025-03-19T11:38:45.873-0400	debug	user data changed while blocked in long poll	{"host": "127.0.0.1:63279", "component": "matching-engine", "wf-task-queue-name": "rrentVersion_Batching-564e9892_task_queue_45", "wf-task-queue-type": "Workflow", "wf-namespace": "namespace-ec265ab4-426c-4316-a4b3-47fc66311932", "logging-call-at": "/Users/shivamsaraf/Desktop/work/temporal/common/log/with_logger.go:61"}
2025-03-19T11:38:45.873-0400	debug	user data changed while blocked in long poll	{"host": "127.0.0.1:63279", "component": "matching-engine", "wf-task-queue-name": "rrentVersion_Batching-564e9892_task_queue_45", "wf-task-queue-type": "Workflow", "wf-namespace": "namespace-ec265ab4-426c-4316-a4b3-47fc66311932", "logging-call-at": "/Users/shivamsaraf/Desktop/work/temporal/common/log/with_logger.go:61"}
2025-03-19T11:38:45.873-0400	debug	user data changed while blocked in long poll	{"host": "127.0.0.1:63279", "component": "matching-engine", "wf-task-queue-name": "rrentVersion_Batching-564e9892_task_queue_45", "wf-task-queue-type": "Workflow", "wf-namespace": "namespace-ec265ab4-426c-4316-a4b3-47fc66311932", "logging-call-at": "/Users/shivamsaraf/Desktop/work/temporal/common/log/with_logger.go:61"}
2025-03-19T11:38:45.873-0400	info	returning user data	{"host": "127.0.0.1:63279", "component": "matching-engine", "wf-task-queue-name": "rrentVersion_Batching-564e9892_task_queue_45", "wf-task-queue-type": "Workflow", "wf-namespace": "namespace-ec265ab4-426c-4316-a4b3-47fc66311932", "long-poll": true, "request-known-version": 0, "user-data-version": 1, "logging-call-at": "/Users/shivamsaraf/Desktop/work/temporal/common/log/with_logger.go:66"}
2025-03-19T11:38:45.873-0400	info	returning user data	{"host": "127.0.0.1:63279", "component": "matching-engine", "wf-task-queue-name": "rrentVersion_Batching-564e9892_task_queue_45", "wf-task-queue-type": "Workflow", "wf-namespace": "namespace-ec265ab4-426c-4316-a4b3-47fc66311932", "long-poll": true, "request-known-version": 0, "user-data-version": 1, "logging-call-at": "/Users/shivamsaraf/Desktop/work/temporal/common/log/with_logger.go:66"}
2025-03-19T11:38:45.873-0400	info	returning user data	{"host": "127.0.0.1:63279", "component": "matching-engine", "wf-task-queue-name": "rrentVersion_Batching-564e9892_task_queue_45", "wf-task-queue-type": "Workflow", "wf-namespace": "namespace-ec265ab4-426c-4316-a4b3-47fc66311932", "long-poll": true, "request-known-version": 0, "user-data-version": 1, "logging-call-at": "/Users/shivamsaraf/Desktop/work/temporal/common/log/with_logger.go:66"}
2025-03-19T11:38:45.873-0400	info	fetched user data from parent	{"host": "127.0.0.1:63279", "component": "matching-engine", "wf-task-queue-name": "/_sys/rrentVersion_Batching-564e9892_task_queue_45/2", "wf-task-queue-type": "Workflow", "wf-namespace": "namespace-ec265ab4-426c-4316-a4b3-47fc66311932", "user-data-version": 1, "timestamp": "2025-03-19T15:38:45.770Z", "logging-call-at": "/Users/shivamsaraf/Desktop/work/temporal/common/log/with_logger.go:66"}
2025-03-19T11:38:45.873-0400	debug	Frontend method invoked.	{"host": "127.0.0.1:63278", "wf-namespace": "namespace-ec265ab4-426c-4316-a4b3-47fc66311932", "operation": "RespondActivityTaskCompleted", "server-name": "", "cert-thumbprint": "", "logging-call-at": "/Users/shivamsaraf/Desktop/work/temporal/common/log/with_logger.go:61"}
2025-03-19T11:38:45.873-0400	info	fetched user data from parent	{"host": "127.0.0.1:63279", "component": "matching-engine", "wf-task-queue-name": "/_sys/rrentVersion_Batching-564e9892_task_queue_45/3", "wf-task-queue-type": "Workflow", "wf-namespace": "namespace-ec265ab4-426c-4316-a4b3-47fc66311932", "user-data-version": 1, "timestamp": "2025-03-19T15:38:45.770Z", "logging-call-at": "/Users/shivamsaraf/Desktop/work/temporal/common/log/with_logger.go:66"}
2025-03-19T11:38:45.873-0400	info	fetched user data from parent	{"host": "127.0.0.1:63279", "component": "matching-engine", "wf-task-queue-name": "/_sys/rrentVersion_Batching-564e9892_task_queue_45/1", "wf-task-queue-type": "Workflow", "wf-namespace": "namespace-ec265ab4-426c-4316-a4b3-47fc66311932", "user-data-version": 1, "timestamp": "2025-03-19T15:38:45.770Z", "logging-call-at": "/Users/shivamsaraf/Desktop/work/temporal/common/log/with_logger.go:66"}
2025-03-19T11:38:45.874-0400	debug	Workflow task updated	{"host": "127.0.0.1:63280", "shard-id": 4, "address": "127.0.0.1:63280", "wf-scheduled-event-id": 154, "wf-started-event-id": 0, "workflow-task-request-id": "emptyUuid", "workflow-task-timeout": 10, "attempt": 1, "wf-started-timestamp": "0001-01-01T00:00:00.000Z", "wt-type": "Normal", "logging-call-at": "/Users/shivamsaraf/Desktop/work/temporal/common/log/with_logger.go:61"}
2025-03-19T11:38:45.874-0400	debug	Assigning new task key	{"host": "127.0.0.1:63280", "shard-id": 4, "address": "127.0.0.1:63280", "wf-namespace-id": "d0b550e3-6091-4a9b-a9aa-3d80ffb24954", "wf-id": "temporal-sys-worker-deployment-version:rrentVersion_Batching-564e9892_deployment_series.rrentVersion_Batching-564e9892_build_id", "wf-run-id": "0195af0e-98a0-7d94-93e5-2a1d2e5942f8", "queue-task-type": "WorkflowTaskTimeout", "queue-task-id": 1048968, "timestamp": "2025-03-19T15:38:50.875Z", "cursor-timestamp": "2025-03-19T15:38:46.765Z", "logging-call-at": "/Users/shivamsaraf/Desktop/work/temporal/common/log/with_logger.go:61"}
2025-03-19T11:38:45.874-0400	debug	Assigning new task key	{"host": "127.0.0.1:63280", "shard-id": 4, "address": "127.0.0.1:63280", "wf-namespace-id": "d0b550e3-6091-4a9b-a9aa-3d80ffb24954", "wf-id": "temporal-sys-worker-deployment-version:rrentVersion_Batching-564e9892_deployment_series.rrentVersion_Batching-564e9892_build_id", "wf-run-id": "0195af0e-98a0-7d94-93e5-2a1d2e5942f8", "queue-task-type": "TransferWorkflowTask", "queue-task-id": 1048969, "timestamp": "2025-03-19T15:38:45.874Z", "cursor-timestamp": "2025-03-19T15:38:46.765Z", "logging-call-at": "/Users/shivamsaraf/Desktop/work/temporal/common/log/with_logger.go:61"}
2025-03-19T11:38:45.880-0400	debug	Process task as active.	{"host": "127.0.0.1:63280", "shard-id": 4, "address": "127.0.0.1:63280", "component": "transfer-queue-processor", "wf-namespace-id": "d0b550e3-6091-4a9b-a9aa-3d80ffb24954", "value": "d0b550e3-6091-4a9b-a9aa-3d80ffb24954/temporal-sys-worker-deployment-version:rrentVersion_Batching-564e9892_deployment_series.rrentVersion_Batching-564e9892_build_id/0195af0e-98a0-7d94-93e5-2a1d2e5942f8", "logging-call-at": "/Users/shivamsaraf/Desktop/work/temporal/common/log/with_logger.go:61"}
2025-03-19T11:38:45.881-0400	debug	Workflow task updated	{"host": "127.0.0.1:63280", "shard-id": 4, "address": "127.0.0.1:63280", "wf-scheduled-event-id": 154, "wf-started-event-id": 155, "workflow-task-request-id": "82d1f7db-4817-4610-9a59-73e2cd662803", "workflow-task-timeout": 10, "attempt": 1, "wf-started-timestamp": "2025-03-19T15:38:45.881Z", "wt-type": "Normal", "logging-call-at": "/Users/shivamsaraf/Desktop/work/temporal/common/log/with_logger.go:61"}
2025-03-19T11:38:45.881-0400	debug	Assigning new task key	{"host": "127.0.0.1:63280", "shard-id": 4, "address": "127.0.0.1:63280", "wf-namespace-id": "d0b550e3-6091-4a9b-a9aa-3d80ffb24954", "wf-id": "temporal-sys-worker-deployment-version:rrentVersion_Batching-564e9892_deployment_series.rrentVersion_Batching-564e9892_build_id", "wf-run-id": "0195af0e-98a0-7d94-93e5-2a1d2e5942f8", "queue-task-type": "WorkflowTaskTimeout", "queue-task-id": 1048972, "timestamp": "2025-03-19T15:38:55.882Z", "cursor-timestamp": "2025-03-19T15:38:46.879Z", "logging-call-at": "/Users/shivamsaraf/Desktop/work/temporal/common/log/with_logger.go:61"}
2025-03-19T11:38:45.890-0400	debug	ExecuteActivity	{"host": "127.0.0.1:63281", "Namespace": "namespace-ec265ab4-426c-4316-a4b3-47fc66311932", "TaskQueue": "temporal-sys-per-ns-tq", "WorkerID": "temporal-system@Shivams-MacBook-Pro.local@namespace-ec265ab4-426c-4316-a4b3-47fc66311932", "WorkflowType": "temporal-sys-worker-deployment-version-workflow", "WorkflowID": "temporal-sys-worker-deployment-version:rrentVersion_Batching-564e9892_deployment_series.rrentVersion_Batching-564e9892_build_id", "RunID": "0195af0e-98a0-7d94-93e5-2a1d2e5942f8", "Attempt": 0, "ActivityID": "157", "ActivityType": "CheckWorkerDeploymentUserDataPropagation", "logging-call-at": "/Users/shivamsaraf/Desktop/work/temporal/common/log/with_logger.go:61"}
2025-03-19T11:38:45.890-0400	debug	Frontend method invoked.	{"host": "127.0.0.1:63278", "wf-namespace": "namespace-ec265ab4-426c-4316-a4b3-47fc66311932", "operation": "PollWorkflowTaskQueue", "server-name": "", "cert-thumbprint": "", "logging-call-at": "/Users/shivamsaraf/Desktop/work/temporal/common/log/with_logger.go:61"}
2025-03-19T11:38:45.890-0400	debug	Received PollWorkflowTaskQueue	{"host": "127.0.0.1:63278", "service": "frontend", "logging-call-at": "/Users/shivamsaraf/Desktop/work/temporal/common/log/with_logger.go:61"}
2025-03-19T11:38:45.890-0400	debug	Poll workflow task queue.	{"host": "127.0.0.1:63278", "service": "frontend", "wf-namespace": "namespace-ec265ab4-426c-4316-a4b3-47fc66311932", "wf-namespace-id": "d0b550e3-6091-4a9b-a9aa-3d80ffb24954", "logging-call-at": "/Users/shivamsaraf/Desktop/work/temporal/common/log/with_logger.go:61"}
2025-03-19T11:38:45.890-0400	debug	Frontend method invoked.	{"host": "127.0.0.1:63278", "wf-namespace": "namespace-ec265ab4-426c-4316-a4b3-47fc66311932", "operation": "RespondWorkflowTaskCompleted", "server-name": "", "cert-thumbprint": "", "logging-call-at": "/Users/shivamsaraf/Desktop/work/temporal/common/log/with_logger.go:61"}
2025-03-19T11:38:45.891-0400	debug	RespondWorkflowTaskCompleted	{"host": "127.0.0.1:63280", "service": "history", "wf-namespace-id": "d0b550e3-6091-4a9b-a9aa-3d80ffb24954", "wf-id": "temporal-sys-worker-deployment-version:rrentVersion_Batching-564e9892_deployment_series.rrentVersion_Batching-564e9892_build_id", "wf-run-id": "0195af0e-98a0-7d94-93e5-2a1d2e5942f8", "wf-scheduled-event-id": 154, "logging-call-at": "/Users/shivamsaraf/Desktop/work/temporal/common/log/with_logger.go:61"}
2025-03-19T11:38:45.891-0400	debug	Workflow task updated	{"host": "127.0.0.1:63280", "shard-id": 4, "address": "127.0.0.1:63280", "wf-scheduled-event-id": 0, "wf-started-event-id": 0, "workflow-task-request-id": "emptyUuid", "workflow-task-timeout": 0, "attempt": 1, "wf-started-timestamp": "1970-01-01T00:00:00.000Z", "wt-type": "Unspecified", "logging-call-at": "/Users/shivamsaraf/Desktop/work/temporal/common/log/with_logger.go:61"}
2025-03-19T11:38:45.891-0400	debug	Assigning new task key	{"host": "127.0.0.1:63280", "shard-id": 4, "address": "127.0.0.1:63280", "wf-namespace-id": "d0b550e3-6091-4a9b-a9aa-3d80ffb24954", "wf-id": "temporal-sys-worker-deployment-version:rrentVersion_Batching-564e9892_deployment_series.rrentVersion_Batching-564e9892_build_id", "wf-run-id": "0195af0e-98a0-7d94-93e5-2a1d2e5942f8", "queue-task-type": "TransferActivityTask", "queue-task-id": 1048977, "timestamp": "2025-03-19T15:38:45.891Z", "cursor-timestamp": "2025-03-19T15:38:46.879Z", "logging-call-at": "/Users/shivamsaraf/Desktop/work/temporal/common/log/with_logger.go:61"}
2025-03-19T11:38:45.896-0400	debug	Process task as active.	{"host": "127.0.0.1:63280", "shard-id": 4, "address": "127.0.0.1:63280", "component": "transfer-queue-processor", "wf-namespace-id": "d0b550e3-6091-4a9b-a9aa-3d80ffb24954", "value": "d0b550e3-6091-4a9b-a9aa-3d80ffb24954/temporal-sys-worker-deployment-version:rrentVersion_Batching-564e9892_deployment_series.rrentVersion_Batching-564e9892_build_id/0195af0e-98a0-7d94-93e5-2a1d2e5942f8", "logging-call-at": "/Users/shivamsaraf/Desktop/work/temporal/common/log/with_logger.go:61"}
2025-03-19T11:38:45.897-0400	debug	Assigning new task key	{"host": "127.0.0.1:63280", "shard-id": 4, "address": "127.0.0.1:63280", "wf-namespace-id": "d0b550e3-6091-4a9b-a9aa-3d80ffb24954", "wf-id": "temporal-sys-worker-deployment-version:rrentVersion_Batching-564e9892_deployment_series.rrentVersion_Batching-564e9892_build_id", "wf-run-id": "0195af0e-98a0-7d94-93e5-2a1d2e5942f8", "queue-task-type": "ActivityTimeout", "queue-task-id": 1048978, "timestamp": "2025-03-19T15:39:45.898Z", "cursor-timestamp": "2025-03-19T15:38:46.895Z", "logging-call-at": "/Users/shivamsaraf/Desktop/work/temporal/common/log/with_logger.go:61"}
2025-03-19T11:38:45.901-0400	info	waiting for userdata propagation	{"host": "127.0.0.1:63281", "Namespace": "namespace-ec265ab4-426c-4316-a4b3-47fc66311932", "TaskQueue": "temporal-sys-per-ns-tq", "WorkerID": "temporal-system@Shivams-MacBook-Pro.local@namespace-ec265ab4-426c-4316-a4b3-47fc66311932", "ActivityID": "157", "ActivityType": "CheckWorkerDeploymentUserDataPropagation", "Attempt": 1, "WorkflowType": "temporal-sys-worker-deployment-version-workflow", "WorkflowID": "temporal-sys-worker-deployment-version:rrentVersion_Batching-564e9892_deployment_series.rrentVersion_Batching-564e9892_build_id", "RunID": "0195af0e-98a0-7d94-93e5-2a1d2e5942f8", "taskQueue": "rrentVersion_Batching-564e9892_task_queue_45", "version": 1, "logging-call-at": "/Users/shivamsaraf/Desktop/work/temporal/common/log/with_logger.go:66"}
2025-03-19T11:38:45.901-0400	debug	Frontend method invoked.	{"host": "127.0.0.1:63278", "wf-namespace": "namespace-ec265ab4-426c-4316-a4b3-47fc66311932", "operation": "PollActivityTaskQueue", "server-name": "", "cert-thumbprint": "", "logging-call-at": "/Users/shivamsaraf/Desktop/work/temporal/common/log/with_logger.go:61"}
2025-03-19T11:38:45.901-0400	debug	Received PollActivityTaskQueue	{"host": "127.0.0.1:63278", "service": "frontend", "logging-call-at": "/Users/shivamsaraf/Desktop/work/temporal/common/log/with_logger.go:61"}
2025-03-19T11:38:45.902-0400	info	returning user data	{"host": "127.0.0.1:63279", "component": "matching-engine", "wf-task-queue-name": "/_sys/rrentVersion_Batching-564e9892_task_queue_45/1", "wf-task-queue-type": "Workflow", "wf-namespace": "namespace-ec265ab4-426c-4316-a4b3-47fc66311932", "long-poll": true, "request-known-version": 0, "user-data-version": 1, "logging-call-at": "/Users/shivamsaraf/Desktop/work/temporal/common/log/with_logger.go:66"}
2025-03-19T11:38:45.902-0400	info	returning user data	{"host": "127.0.0.1:63279", "component": "matching-engine", "wf-task-queue-name": "/_sys/rrentVersion_Batching-564e9892_task_queue_45/2", "wf-task-queue-type": "Workflow", "wf-namespace": "namespace-ec265ab4-426c-4316-a4b3-47fc66311932", "long-poll": true, "request-known-version": 0, "user-data-version": 1, "logging-call-at": "/Users/shivamsaraf/Desktop/work/temporal/common/log/with_logger.go:66"}
2025-03-19T11:38:45.902-0400	info	matching client encountered error	{"host": "127.0.0.1:63279", "error": "partition was not loaded", "service-error-type": "serviceerror.FailedPrecondition", "logging-call-at": "/Users/shivamsaraf/Desktop/work/temporal/common/log/with_logger.go:66"}
2025-03-19T11:38:45.902-0400	info	returning user data	{"host": "127.0.0.1:63279", "component": "matching-engine", "wf-task-queue-name": "/_sys/rrentVersion_Batching-564e9892_task_queue_45/3", "wf-task-queue-type": "Workflow", "wf-namespace": "namespace-ec265ab4-426c-4316-a4b3-47fc66311932", "long-poll": true, "request-known-version": 0, "user-data-version": 1, "logging-call-at": "/Users/shivamsaraf/Desktop/work/temporal/common/log/with_logger.go:66"}
2025-03-19T11:38:45.902-0400	info	matching client encountered error	{"host": "127.0.0.1:63279", "error": "partition was not loaded", "service-error-type": "serviceerror.FailedPrecondition", "logging-call-at": "/Users/shivamsaraf/Desktop/work/temporal/common/log/with_logger.go:66"}
2025-03-19T11:38:45.902-0400	info	matching client encountered error	{"host": "127.0.0.1:63279", "error": "partition was not loaded", "service-error-type": "serviceerror.FailedPrecondition", "logging-call-at": "/Users/shivamsaraf/Desktop/work/temporal/common/log/with_logger.go:66"}
2025-03-19T11:38:45.902-0400	info	matching client encountered error	{"host": "127.0.0.1:63279", "error": "partition was not loaded", "service-error-type": "serviceerror.FailedPrecondition", "logging-call-at": "/Users/shivamsaraf/Desktop/work/temporal/common/log/with_logger.go:66"}
2025-03-19T11:38:45.902-0400	debug	Frontend method invoked.	{"host": "127.0.0.1:63278", "wf-namespace": "namespace-ec265ab4-426c-4316-a4b3-47fc66311932", "operation": "RespondActivityTaskCompleted", "server-name": "", "cert-thumbprint": "", "logging-call-at": "/Users/shivamsaraf/Desktop/work/temporal/common/log/with_logger.go:61"}
2025-03-19T11:38:45.903-0400	debug	Workflow task updated	{"host": "127.0.0.1:63280", "shard-id": 4, "address": "127.0.0.1:63280", "wf-scheduled-event-id": 160, "wf-started-event-id": 0, "workflow-task-request-id": "emptyUuid", "workflow-task-timeout": 10, "attempt": 1, "wf-started-timestamp": "0001-01-01T00:00:00.000Z", "wt-type": "Normal", "logging-call-at": "/Users/shivamsaraf/Desktop/work/temporal/common/log/with_logger.go:61"}
2025-03-19T11:38:45.903-0400	debug	Assigning new task key	{"host": "127.0.0.1:63280", "shard-id": 4, "address": "127.0.0.1:63280", "wf-namespace-id": "d0b550e3-6091-4a9b-a9aa-3d80ffb24954", "wf-id": "temporal-sys-worker-deployment-version:rrentVersion_Batching-564e9892_deployment_series.rrentVersion_Batching-564e9892_build_id", "wf-run-id": "0195af0e-98a0-7d94-93e5-2a1d2e5942f8", "queue-task-type": "WorkflowTaskTimeout", "queue-task-id": 1048984, "timestamp": "2025-03-19T15:38:50.904Z", "cursor-timestamp": "2025-03-19T15:38:46.895Z", "logging-call-at": "/Users/shivamsaraf/Desktop/work/temporal/common/log/with_logger.go:61"}
2025-03-19T11:38:45.903-0400	debug	Assigning new task key	{"host": "127.0.0.1:63280", "shard-id": 4, "address": "127.0.0.1:63280", "wf-namespace-id": "d0b550e3-6091-4a9b-a9aa-3d80ffb24954", "wf-id": "temporal-sys-worker-deployment-version:rrentVersion_Batching-564e9892_deployment_series.rrentVersion_Batching-564e9892_build_id", "wf-run-id": "0195af0e-98a0-7d94-93e5-2a1d2e5942f8", "queue-task-type": "TransferWorkflowTask", "queue-task-id": 1048985, "timestamp": "2025-03-19T15:38:45.903Z", "cursor-timestamp": "2025-03-19T15:38:46.895Z", "logging-call-at": "/Users/shivamsaraf/Desktop/work/temporal/common/log/with_logger.go:61"}
2025-03-19T11:38:45.907-0400	debug	Process task as active.	{"host": "127.0.0.1:63280", "shard-id": 4, "address": "127.0.0.1:63280", "component": "transfer-queue-processor", "wf-namespace-id": "d0b550e3-6091-4a9b-a9aa-3d80ffb24954", "value": "d0b550e3-6091-4a9b-a9aa-3d80ffb24954/temporal-sys-worker-deployment-version:rrentVersion_Batching-564e9892_deployment_series.rrentVersion_Batching-564e9892_build_id/0195af0e-98a0-7d94-93e5-2a1d2e5942f8", "logging-call-at": "/Users/shivamsaraf/Desktop/work/temporal/common/log/with_logger.go:61"}
2025-03-19T11:38:45.908-0400	debug	Workflow task updated	{"host": "127.0.0.1:63280", "shard-id": 4, "address": "127.0.0.1:63280", "wf-scheduled-event-id": 160, "wf-started-event-id": 161, "workflow-task-request-id": "af33c2c3-59d1-43d3-abef-40f7e1b7cf54", "workflow-task-timeout": 10, "attempt": 1, "wf-started-timestamp": "2025-03-19T15:38:45.908Z", "wt-type": "Normal", "logging-call-at": "/Users/shivamsaraf/Desktop/work/temporal/common/log/with_logger.go:61"}
2025-03-19T11:38:45.908-0400	debug	Assigning new task key	{"host": "127.0.0.1:63280", "shard-id": 4, "address": "127.0.0.1:63280", "wf-namespace-id": "d0b550e3-6091-4a9b-a9aa-3d80ffb24954", "wf-id": "temporal-sys-worker-deployment-version:rrentVersion_Batching-564e9892_deployment_series.rrentVersion_Batching-564e9892_build_id", "wf-run-id": "0195af0e-98a0-7d94-93e5-2a1d2e5942f8", "queue-task-type": "WorkflowTaskTimeout", "queue-task-id": 1048988, "timestamp": "2025-03-19T15:38:55.909Z", "cursor-timestamp": "2025-03-19T15:38:46.907Z", "logging-call-at": "/Users/shivamsaraf/Desktop/work/temporal/common/log/with_logger.go:61"}
2025-03-19T11:38:45.915-0400	debug	Frontend method invoked.	{"host": "127.0.0.1:63278", "wf-namespace": "namespace-ec265ab4-426c-4316-a4b3-47fc66311932", "operation": "PollWorkflowTaskQueue", "server-name": "", "cert-thumbprint": "", "logging-call-at": "/Users/shivamsaraf/Desktop/work/temporal/common/log/with_logger.go:61"}
2025-03-19T11:38:45.915-0400	debug	Received PollWorkflowTaskQueue	{"host": "127.0.0.1:63278", "service": "frontend", "logging-call-at": "/Users/shivamsaraf/Desktop/work/temporal/common/log/with_logger.go:61"}
2025-03-19T11:38:45.915-0400	debug	Poll workflow task queue.	{"host": "127.0.0.1:63278", "service": "frontend", "wf-namespace": "namespace-ec265ab4-426c-4316-a4b3-47fc66311932", "wf-namespace-id": "d0b550e3-6091-4a9b-a9aa-3d80ffb24954", "logging-call-at": "/Users/shivamsaraf/Desktop/work/temporal/common/log/with_logger.go:61"}
2025-03-19T11:38:45.916-0400	debug	Frontend method invoked.	{"host": "127.0.0.1:63278", "wf-namespace": "namespace-ec265ab4-426c-4316-a4b3-47fc66311932", "operation": "RespondWorkflowTaskCompleted", "server-name": "", "cert-thumbprint": "", "logging-call-at": "/Users/shivamsaraf/Desktop/work/temporal/common/log/with_logger.go:61"}
2025-03-19T11:38:45.916-0400	debug	RespondWorkflowTaskCompleted	{"host": "127.0.0.1:63280", "service": "history", "wf-namespace-id": "d0b550e3-6091-4a9b-a9aa-3d80ffb24954", "wf-id": "temporal-sys-worker-deployment-version:rrentVersion_Batching-564e9892_deployment_series.rrentVersion_Batching-564e9892_build_id", "wf-run-id": "0195af0e-98a0-7d94-93e5-2a1d2e5942f8", "wf-scheduled-event-id": 160, "logging-call-at": "/Users/shivamsaraf/Desktop/work/temporal/common/log/with_logger.go:61"}
2025-03-19T11:38:45.916-0400	debug	Workflow task updated	{"host": "127.0.0.1:63280", "shard-id": 4, "address": "127.0.0.1:63280", "wf-scheduled-event-id": 0, "wf-started-event-id": 0, "workflow-task-request-id": "emptyUuid", "workflow-task-timeout": 0, "attempt": 1, "wf-started-timestamp": "1970-01-01T00:00:00.000Z", "wt-type": "Unspecified", "logging-call-at": "/Users/shivamsaraf/Desktop/work/temporal/common/log/with_logger.go:61"}
2025-03-19T11:38:45.916-0400	debug	update state change	{"host": "127.0.0.1:63280", "shard-id": 4, "address": "127.0.0.1:63280", "wf-namespace-id": "d0b550e3-6091-4a9b-a9aa-3d80ffb24954", "wf-id": "temporal-sys-worker-deployment-version:rrentVersion_Batching-564e9892_deployment_series.rrentVersion_Batching-564e9892_build_id", "wf-run-id": "0195af0e-98a0-7d94-93e5-2a1d2e5942f8", "update-id": "2331acd0-6264-4e0a-99db-1b016ec43996", "from-state": "Accepted", "to-state": "ProvisionallyCompleted", "logging-call-at": "/Users/shivamsaraf/Desktop/work/temporal/common/log/with_logger.go:61"}
2025-03-19T11:38:45.919-0400	debug	update state change	{"host": "127.0.0.1:63280", "shard-id": 4, "address": "127.0.0.1:63280", "wf-namespace-id": "d0b550e3-6091-4a9b-a9aa-3d80ffb24954", "wf-id": "temporal-sys-worker-deployment-version:rrentVersion_Batching-564e9892_deployment_series.rrentVersion_Batching-564e9892_build_id", "wf-run-id": "0195af0e-98a0-7d94-93e5-2a1d2e5942f8", "update-id": "2331acd0-6264-4e0a-99db-1b016ec43996", "from-state": "ProvisionallyCompleted", "to-state": "Completed", "logging-call-at": "/Users/shivamsaraf/Desktop/work/temporal/common/log/with_logger.go:61"}
2025-03-19T11:38:45.921-0400	debug	Frontend method invoked.	{"host": "127.0.0.1:63278", "wf-namespace": "namespace-ec265ab4-426c-4316-a4b3-47fc66311932", "operation": "RespondActivityTaskCompleted", "server-name": "", "cert-thumbprint": "", "logging-call-at": "/Users/shivamsaraf/Desktop/work/temporal/common/log/with_logger.go:61"}
2025-03-19T11:38:45.921-0400	debug	Workflow task updated	{"host": "127.0.0.1:63280", "shard-id": 1, "address": "127.0.0.1:63280", "wf-scheduled-event-id": 116, "wf-started-event-id": 0, "workflow-task-request-id": "emptyUuid", "workflow-task-timeout": 10, "attempt": 1, "wf-started-timestamp": "0001-01-01T00:00:00.000Z", "wt-type": "Normal", "logging-call-at": "/Users/shivamsaraf/Desktop/work/temporal/common/log/with_logger.go:61"}
2025-03-19T11:38:45.921-0400	debug	Assigning new task key	{"host": "127.0.0.1:63280", "shard-id": 1, "address": "127.0.0.1:63280", "wf-namespace-id": "d0b550e3-6091-4a9b-a9aa-3d80ffb24954", "wf-id": "temporal-sys-worker-deployment:rrentVersion_Batching-564e9892_deployment_series", "wf-run-id": "0195af0e-960d-715f-b6c6-08dcdf4b78ec", "queue-task-type": "WorkflowTaskTimeout", "queue-task-id": 1048808, "timestamp": "2025-03-19T15:38:50.922Z", "cursor-timestamp": "2025-03-19T15:38:46.749Z", "logging-call-at": "/Users/shivamsaraf/Desktop/work/temporal/common/log/with_logger.go:61"}
2025-03-19T11:38:45.921-0400	debug	Assigning new task key	{"host": "127.0.0.1:63280", "shard-id": 1, "address": "127.0.0.1:63280", "wf-namespace-id": "d0b550e3-6091-4a9b-a9aa-3d80ffb24954", "wf-id": "temporal-sys-worker-deployment:rrentVersion_Batching-564e9892_deployment_series", "wf-run-id": "0195af0e-960d-715f-b6c6-08dcdf4b78ec", "queue-task-type": "TransferWorkflowTask", "queue-task-id": 1048809, "timestamp": "2025-03-19T15:38:45.921Z", "cursor-timestamp": "2025-03-19T15:38:46.749Z", "logging-call-at": "/Users/shivamsaraf/Desktop/work/temporal/common/log/with_logger.go:61"}
2025-03-19T11:38:45.925-0400	debug	Process task as active.	{"host": "127.0.0.1:63280", "shard-id": 1, "address": "127.0.0.1:63280", "component": "transfer-queue-processor", "wf-namespace-id": "d0b550e3-6091-4a9b-a9aa-3d80ffb24954", "value": "d0b550e3-6091-4a9b-a9aa-3d80ffb24954/temporal-sys-worker-deployment:rrentVersion_Batching-564e9892_deployment_series/0195af0e-960d-715f-b6c6-08dcdf4b78ec", "logging-call-at": "/Users/shivamsaraf/Desktop/work/temporal/common/log/with_logger.go:61"}
2025-03-19T11:38:45.926-0400	debug	Workflow task updated	{"host": "127.0.0.1:63280", "shard-id": 1, "address": "127.0.0.1:63280", "wf-scheduled-event-id": 116, "wf-started-event-id": 117, "workflow-task-request-id": "f47f1b76-2f35-4fb1-83c2-3b6d98c36971", "workflow-task-timeout": 10, "attempt": 1, "wf-started-timestamp": "2025-03-19T15:38:45.926Z", "wt-type": "Normal", "logging-call-at": "/Users/shivamsaraf/Desktop/work/temporal/common/log/with_logger.go:61"}
2025-03-19T11:38:45.926-0400	debug	Assigning new task key	{"host": "127.0.0.1:63280", "shard-id": 1, "address": "127.0.0.1:63280", "wf-namespace-id": "d0b550e3-6091-4a9b-a9aa-3d80ffb24954", "wf-id": "temporal-sys-worker-deployment:rrentVersion_Batching-564e9892_deployment_series", "wf-run-id": "0195af0e-960d-715f-b6c6-08dcdf4b78ec", "queue-task-type": "WorkflowTaskTimeout", "queue-task-id": 1048812, "timestamp": "2025-03-19T15:38:55.927Z", "cursor-timestamp": "2025-03-19T15:38:46.925Z", "logging-call-at": "/Users/shivamsaraf/Desktop/work/temporal/common/log/with_logger.go:61"}
2025-03-19T11:38:45.933-0400	debug	ExecuteActivity	{"host": "127.0.0.1:63281", "Namespace": "namespace-ec265ab4-426c-4316-a4b3-47fc66311932", "TaskQueue": "temporal-sys-per-ns-tq", "WorkerID": "temporal-system@Shivams-MacBook-Pro.local@namespace-ec265ab4-426c-4316-a4b3-47fc66311932", "WorkflowType": "temporal-sys-worker-deployment-workflow", "WorkflowID": "temporal-sys-worker-deployment:rrentVersion_Batching-564e9892_deployment_series", "RunID": "0195af0e-960d-715f-b6c6-08dcdf4b78ec", "Attempt": 0, "ActivityID": "120", "ActivityType": "RegisterWorkerInVersion", "logging-call-at": "/Users/shivamsaraf/Desktop/work/temporal/common/log/with_logger.go:61"}
2025-03-19T11:38:45.933-0400	debug	Frontend method invoked.	{"host": "127.0.0.1:63278", "wf-namespace": "namespace-ec265ab4-426c-4316-a4b3-47fc66311932", "operation": "PollWorkflowTaskQueue", "server-name": "", "cert-thumbprint": "", "logging-call-at": "/Users/shivamsaraf/Desktop/work/temporal/common/log/with_logger.go:61"}
2025-03-19T11:38:45.933-0400	debug	Received PollWorkflowTaskQueue	{"host": "127.0.0.1:63278", "service": "frontend", "logging-call-at": "/Users/shivamsaraf/Desktop/work/temporal/common/log/with_logger.go:61"}
2025-03-19T11:38:45.933-0400	debug	Poll workflow task queue.	{"host": "127.0.0.1:63278", "service": "frontend", "wf-namespace": "namespace-ec265ab4-426c-4316-a4b3-47fc66311932", "wf-namespace-id": "d0b550e3-6091-4a9b-a9aa-3d80ffb24954", "logging-call-at": "/Users/shivamsaraf/Desktop/work/temporal/common/log/with_logger.go:61"}
2025-03-19T11:38:45.934-0400	debug	Frontend method invoked.	{"host": "127.0.0.1:63278", "wf-namespace": "namespace-ec265ab4-426c-4316-a4b3-47fc66311932", "operation": "RespondWorkflowTaskCompleted", "server-name": "", "cert-thumbprint": "", "logging-call-at": "/Users/shivamsaraf/Desktop/work/temporal/common/log/with_logger.go:61"}
2025-03-19T11:38:45.934-0400	debug	RespondWorkflowTaskCompleted	{"host": "127.0.0.1:63280", "service": "history", "wf-namespace-id": "d0b550e3-6091-4a9b-a9aa-3d80ffb24954", "wf-id": "temporal-sys-worker-deployment:rrentVersion_Batching-564e9892_deployment_series", "wf-run-id": "0195af0e-960d-715f-b6c6-08dcdf4b78ec", "wf-scheduled-event-id": 116, "logging-call-at": "/Users/shivamsaraf/Desktop/work/temporal/common/log/with_logger.go:61"}
2025-03-19T11:38:45.934-0400	debug	Workflow task updated	{"host": "127.0.0.1:63280", "shard-id": 1, "address": "127.0.0.1:63280", "wf-scheduled-event-id": 0, "wf-started-event-id": 0, "workflow-task-request-id": "emptyUuid", "workflow-task-timeout": 0, "attempt": 1, "wf-started-timestamp": "1970-01-01T00:00:00.000Z", "wt-type": "Unspecified", "logging-call-at": "/Users/shivamsaraf/Desktop/work/temporal/common/log/with_logger.go:61"}
2025-03-19T11:38:45.935-0400	debug	update state change	{"host": "127.0.0.1:63280", "shard-id": 1, "address": "127.0.0.1:63280", "wf-namespace-id": "d0b550e3-6091-4a9b-a9aa-3d80ffb24954", "wf-id": "temporal-sys-worker-deployment:rrentVersion_Batching-564e9892_deployment_series", "wf-run-id": "0195af0e-960d-715f-b6c6-08dcdf4b78ec", "update-id": "0d1a920b-8f1a-4409-b50f-56e42ce82b89", "from-state": "Accepted", "to-state": "ProvisionallyCompleted", "logging-call-at": "/Users/shivamsaraf/Desktop/work/temporal/common/log/with_logger.go:61"}
2025-03-19T11:38:45.935-0400	debug	Assigning new task key	{"host": "127.0.0.1:63280", "shard-id": 1, "address": "127.0.0.1:63280", "wf-namespace-id": "d0b550e3-6091-4a9b-a9aa-3d80ffb24954", "wf-id": "temporal-sys-worker-deployment:rrentVersion_Batching-564e9892_deployment_series", "wf-run-id": "0195af0e-960d-715f-b6c6-08dcdf4b78ec", "queue-task-type": "TransferActivityTask", "queue-task-id": 1048818, "timestamp": "2025-03-19T15:38:45.935Z", "cursor-timestamp": "2025-03-19T15:38:46.925Z", "logging-call-at": "/Users/shivamsaraf/Desktop/work/temporal/common/log/with_logger.go:61"}
2025-03-19T11:38:45.938-0400	debug	update state change	{"host": "127.0.0.1:63280", "shard-id": 1, "address": "127.0.0.1:63280", "wf-namespace-id": "d0b550e3-6091-4a9b-a9aa-3d80ffb24954", "wf-id": "temporal-sys-worker-deployment:rrentVersion_Batching-564e9892_deployment_series", "wf-run-id": "0195af0e-960d-715f-b6c6-08dcdf4b78ec", "update-id": "0d1a920b-8f1a-4409-b50f-56e42ce82b89", "from-state": "ProvisionallyCompleted", "to-state": "Completed", "logging-call-at": "/Users/shivamsaraf/Desktop/work/temporal/common/log/with_logger.go:61"}
2025-03-19T11:38:45.939-0400	debug	Process task as active.	{"host": "127.0.0.1:63280", "shard-id": 1, "address": "127.0.0.1:63280", "component": "transfer-queue-processor", "wf-namespace-id": "d0b550e3-6091-4a9b-a9aa-3d80ffb24954", "value": "d0b550e3-6091-4a9b-a9aa-3d80ffb24954/temporal-sys-worker-deployment:rrentVersion_Batching-564e9892_deployment_series/0195af0e-960d-715f-b6c6-08dcdf4b78ec", "logging-call-at": "/Users/shivamsaraf/Desktop/work/temporal/common/log/with_logger.go:61"}
2025-03-19T11:38:45.940-0400	debug	Assigning new task key	{"host": "127.0.0.1:63280", "shard-id": 1, "address": "127.0.0.1:63280", "wf-namespace-id": "d0b550e3-6091-4a9b-a9aa-3d80ffb24954", "wf-id": "temporal-sys-worker-deployment:rrentVersion_Batching-564e9892_deployment_series", "wf-run-id": "0195af0e-960d-715f-b6c6-08dcdf4b78ec", "queue-task-type": "ActivityTimeout", "queue-task-id": 1048820, "timestamp": "2025-03-19T15:39:45.941Z", "cursor-timestamp": "2025-03-19T15:38:46.938Z", "logging-call-at": "/Users/shivamsaraf/Desktop/work/temporal/common/log/with_logger.go:61"}
2025-03-19T11:38:45.940-0400	debug	deployment client success	{"host": "127.0.0.1:63279", "operation": "RegisterTaskQueueWorker", "elapsed": 2.427258708, "args": ["rrentVersion_Batching-564e9892_task_queue_45",1,"matching service"], "logging-call-at": "/Users/shivamsaraf/Desktop/work/temporal/common/log/with_logger.go:61"}
2025-03-19T11:38:45.949-0400	debug	Frontend method invoked.	{"host": "127.0.0.1:63278", "wf-namespace": "namespace-ec265ab4-426c-4316-a4b3-47fc66311932", "operation": "PollActivityTaskQueue", "server-name": "", "cert-thumbprint": "", "logging-call-at": "/Users/shivamsaraf/Desktop/work/temporal/common/log/with_logger.go:61"}
2025-03-19T11:38:45.949-0400	debug	Received PollActivityTaskQueue	{"host": "127.0.0.1:63278", "service": "frontend", "logging-call-at": "/Users/shivamsaraf/Desktop/work/temporal/common/log/with_logger.go:61"}
2025-03-19T11:38:45.950-0400	debug	update state change	{"host": "127.0.0.1:63280", "shard-id": 4, "address": "127.0.0.1:63280", "wf-namespace-id": "d0b550e3-6091-4a9b-a9aa-3d80ffb24954", "wf-id": "temporal-sys-worker-deployment-version:rrentVersion_Batching-564e9892_deployment_series.rrentVersion_Batching-564e9892_build_id", "wf-run-id": "0195af0e-98a0-7d94-93e5-2a1d2e5942f8", "update-id": "87e535c0-7869-4c68-9ffd-7031f96e6a84", "from-state": "Created", "to-state": "ProvisionallyAdmitted", "logging-call-at": "/Users/shivamsaraf/Desktop/work/temporal/common/log/with_logger.go:61"}
2025-03-19T11:38:45.950-0400	debug	update state change	{"host": "127.0.0.1:63280", "shard-id": 4, "address": "127.0.0.1:63280", "wf-namespace-id": "d0b550e3-6091-4a9b-a9aa-3d80ffb24954", "wf-id": "temporal-sys-worker-deployment-version:rrentVersion_Batching-564e9892_deployment_series.rrentVersion_Batching-564e9892_build_id", "wf-run-id": "0195af0e-98a0-7d94-93e5-2a1d2e5942f8", "update-id": "87e535c0-7869-4c68-9ffd-7031f96e6a84", "from-state": "ProvisionallyAdmitted", "to-state": "Admitted", "logging-call-at": "/Users/shivamsaraf/Desktop/work/temporal/common/log/with_logger.go:61"}
2025-03-19T11:38:45.950-0400	debug	Workflow task updated	{"host": "127.0.0.1:63280", "shard-id": 4, "address": "127.0.0.1:63280", "wf-scheduled-event-id": 164, "wf-started-event-id": 0, "workflow-task-request-id": "emptyUuid", "workflow-task-timeout": 10, "attempt": 1, "wf-started-timestamp": "0001-01-01T00:00:00.000Z", "wt-type": "Speculative", "logging-call-at": "/Users/shivamsaraf/Desktop/work/temporal/common/log/with_logger.go:61"}
2025-03-19T11:38:45.954-0400	debug	Workflow task updated	{"host": "127.0.0.1:63280", "shard-id": 4, "address": "127.0.0.1:63280", "wf-scheduled-event-id": 164, "wf-started-event-id": 165, "workflow-task-request-id": "7ab68086-0f48-4734-a423-578a56d031c4", "workflow-task-timeout": 10, "attempt": 1, "wf-started-timestamp": "2025-03-19T15:38:45.954Z", "wt-type": "Speculative", "logging-call-at": "/Users/shivamsaraf/Desktop/work/temporal/common/log/with_logger.go:61"}
2025-03-19T11:38:45.959-0400	debug	update state change	{"host": "127.0.0.1:63280", "shard-id": 4, "address": "127.0.0.1:63280", "wf-namespace-id": "d0b550e3-6091-4a9b-a9aa-3d80ffb24954", "wf-id": "temporal-sys-worker-deployment-version:rrentVersion_Batching-564e9892_deployment_series.rrentVersion_Batching-564e9892_build_id", "wf-run-id": "0195af0e-98a0-7d94-93e5-2a1d2e5942f8", "update-id": "87e535c0-7869-4c68-9ffd-7031f96e6a84", "from-state": "Admitted", "to-state": "Sent", "logging-call-at": "/Users/shivamsaraf/Desktop/work/temporal/common/log/with_logger.go:61"}
2025-03-19T11:38:45.972-0400	debug	ExecuteActivity	{"host": "127.0.0.1:63281", "Namespace": "namespace-ec265ab4-426c-4316-a4b3-47fc66311932", "TaskQueue": "temporal-sys-per-ns-tq", "WorkerID": "temporal-system@Shivams-MacBook-Pro.local@namespace-ec265ab4-426c-4316-a4b3-47fc66311932", "WorkflowType": "temporal-sys-worker-deployment-version-workflow", "WorkflowID": "temporal-sys-worker-deployment-version:rrentVersion_Batching-564e9892_deployment_series.rrentVersion_Batching-564e9892_build_id", "RunID": "0195af0e-98a0-7d94-93e5-2a1d2e5942f8", "Attempt": 0, "ActivityID": "168", "ActivityType": "SyncDeploymentVersionUserData", "logging-call-at": "/Users/shivamsaraf/Desktop/work/temporal/common/log/with_logger.go:61"}
2025-03-19T11:38:45.974-0400	debug	Frontend method invoked.	{"host": "127.0.0.1:63278", "wf-namespace": "namespace-ec265ab4-426c-4316-a4b3-47fc66311932", "operation": "PollWorkflowTaskQueue", "server-name": "", "cert-thumbprint": "", "logging-call-at": "/Users/shivamsaraf/Desktop/work/temporal/common/log/with_logger.go:61"}
2025-03-19T11:38:45.974-0400	debug	Frontend method invoked.	{"host": "127.0.0.1:63278", "wf-namespace": "namespace-ec265ab4-426c-4316-a4b3-47fc66311932", "operation": "RespondWorkflowTaskCompleted", "server-name": "", "cert-thumbprint": "", "logging-call-at": "/Users/shivamsaraf/Desktop/work/temporal/common/log/with_logger.go:61"}
2025-03-19T11:38:45.975-0400	debug	Received PollWorkflowTaskQueue	{"host": "127.0.0.1:63278", "service": "frontend", "logging-call-at": "/Users/shivamsaraf/Desktop/work/temporal/common/log/with_logger.go:61"}
2025-03-19T11:38:45.975-0400	debug	Poll workflow task queue.	{"host": "127.0.0.1:63278", "service": "frontend", "wf-namespace": "namespace-ec265ab4-426c-4316-a4b3-47fc66311932", "wf-namespace-id": "d0b550e3-6091-4a9b-a9aa-3d80ffb24954", "logging-call-at": "/Users/shivamsaraf/Desktop/work/temporal/common/log/with_logger.go:61"}
2025-03-19T11:38:45.977-0400	debug	RespondWorkflowTaskCompleted	{"host": "127.0.0.1:63280", "service": "history", "wf-namespace-id": "d0b550e3-6091-4a9b-a9aa-3d80ffb24954", "wf-id": "temporal-sys-worker-deployment-version:rrentVersion_Batching-564e9892_deployment_series.rrentVersion_Batching-564e9892_build_id", "wf-run-id": "0195af0e-98a0-7d94-93e5-2a1d2e5942f8", "wf-scheduled-event-id": 164, "logging-call-at": "/Users/shivamsaraf/Desktop/work/temporal/common/log/with_logger.go:61"}
2025-03-19T11:38:45.978-0400	debug	Workflow task updated	{"host": "127.0.0.1:63280", "shard-id": 4, "address": "127.0.0.1:63280", "wf-scheduled-event-id": 0, "wf-started-event-id": 0, "workflow-task-request-id": "emptyUuid", "workflow-task-timeout": 0, "attempt": 1, "wf-started-timestamp": "1970-01-01T00:00:00.000Z", "wt-type": "Unspecified", "logging-call-at": "/Users/shivamsaraf/Desktop/work/temporal/common/log/with_logger.go:61"}
2025-03-19T11:38:45.978-0400	debug	update state change	{"host": "127.0.0.1:63280", "shard-id": 4, "address": "127.0.0.1:63280", "wf-namespace-id": "d0b550e3-6091-4a9b-a9aa-3d80ffb24954", "wf-id": "temporal-sys-worker-deployment-version:rrentVersion_Batching-564e9892_deployment_series.rrentVersion_Batching-564e9892_build_id", "wf-run-id": "0195af0e-98a0-7d94-93e5-2a1d2e5942f8", "update-id": "87e535c0-7869-4c68-9ffd-7031f96e6a84", "from-state": "Sent", "to-state": "ProvisionallyAccepted", "logging-call-at": "/Users/shivamsaraf/Desktop/work/temporal/common/log/with_logger.go:61"}
2025-03-19T11:38:45.978-0400	debug	Assigning new task key	{"host": "127.0.0.1:63280", "shard-id": 4, "address": "127.0.0.1:63280", "wf-namespace-id": "d0b550e3-6091-4a9b-a9aa-3d80ffb24954", "wf-id": "temporal-sys-worker-deployment-version:rrentVersion_Batching-564e9892_deployment_series.rrentVersion_Batching-564e9892_build_id", "wf-run-id": "0195af0e-98a0-7d94-93e5-2a1d2e5942f8", "queue-task-type": "TransferActivityTask", "queue-task-id": 1049005, "timestamp": "2025-03-19T15:38:45.978Z", "cursor-timestamp": "2025-03-19T15:38:46.907Z", "logging-call-at": "/Users/shivamsaraf/Desktop/work/temporal/common/log/with_logger.go:61"}
2025-03-19T11:38:45.982-0400	debug	update state change	{"host": "127.0.0.1:63280", "shard-id": 4, "address": "127.0.0.1:63280", "wf-namespace-id": "d0b550e3-6091-4a9b-a9aa-3d80ffb24954", "wf-id": "temporal-sys-worker-deployment-version:rrentVersion_Batching-564e9892_deployment_series.rrentVersion_Batching-564e9892_build_id", "wf-run-id": "0195af0e-98a0-7d94-93e5-2a1d2e5942f8", "update-id": "87e535c0-7869-4c68-9ffd-7031f96e6a84", "from-state": "ProvisionallyAccepted", "to-state": "Accepted", "logging-call-at": "/Users/shivamsaraf/Desktop/work/temporal/common/log/with_logger.go:61"}
2025-03-19T11:38:45.982-0400	debug	Process task as active.	{"host": "127.0.0.1:63280", "shard-id": 4, "address": "127.0.0.1:63280", "component": "transfer-queue-processor", "wf-namespace-id": "d0b550e3-6091-4a9b-a9aa-3d80ffb24954", "value": "d0b550e3-6091-4a9b-a9aa-3d80ffb24954/temporal-sys-worker-deployment-version:rrentVersion_Batching-564e9892_deployment_series.rrentVersion_Batching-564e9892_build_id/0195af0e-98a0-7d94-93e5-2a1d2e5942f8", "logging-call-at": "/Users/shivamsaraf/Desktop/work/temporal/common/log/with_logger.go:61"}
2025-03-19T11:38:45.983-0400	debug	Assigning new task key	{"host": "127.0.0.1:63280", "shard-id": 4, "address": "127.0.0.1:63280", "wf-namespace-id": "d0b550e3-6091-4a9b-a9aa-3d80ffb24954", "wf-id": "temporal-sys-worker-deployment-version:rrentVersion_Batching-564e9892_deployment_series.rrentVersion_Batching-564e9892_build_id", "wf-run-id": "0195af0e-98a0-7d94-93e5-2a1d2e5942f8", "queue-task-type": "ActivityTimeout", "queue-task-id": 1049006, "timestamp": "2025-03-19T15:39:45.984Z", "cursor-timestamp": "2025-03-19T15:38:46.982Z", "logging-call-at": "/Users/shivamsaraf/Desktop/work/temporal/common/log/with_logger.go:61"}
2025-03-19T11:38:45.991-0400	info	syncing task queue userdata for deployment version	{"host": "127.0.0.1:63281", "Namespace": "namespace-ec265ab4-426c-4316-a4b3-47fc66311932", "TaskQueue": "temporal-sys-per-ns-tq", "WorkerID": "temporal-system@Shivams-MacBook-Pro.local@namespace-ec265ab4-426c-4316-a4b3-47fc66311932", "ActivityID": "168", "ActivityType": "SyncDeploymentVersionUserData", "Attempt": 1, "WorkflowType": "temporal-sys-worker-deployment-version-workflow", "WorkflowID": "temporal-sys-worker-deployment-version:rrentVersion_Batching-564e9892_deployment_series.rrentVersion_Batching-564e9892_build_id", "RunID": "0195af0e-98a0-7d94-93e5-2a1d2e5942f8", "taskQueue": "rrentVersion_Batching-564e9892_task_queue_18", "types": [1], "logging-call-at": "/Users/shivamsaraf/Desktop/work/temporal/common/log/with_logger.go:66"}
2025-03-19T11:38:45.992-0400	debug	Frontend method invoked.	{"host": "127.0.0.1:63278", "wf-namespace": "namespace-ec265ab4-426c-4316-a4b3-47fc66311932", "operation": "PollActivityTaskQueue", "server-name": "", "cert-thumbprint": "", "logging-call-at": "/Users/shivamsaraf/Desktop/work/temporal/common/log/with_logger.go:61"}
2025-03-19T11:38:45.992-0400	debug	Received PollActivityTaskQueue	{"host": "127.0.0.1:63278", "service": "frontend", "logging-call-at": "/Users/shivamsaraf/Desktop/work/temporal/common/log/with_logger.go:61"}
2025-03-19T11:38:46.095-0400	info	modified user data	{"host": "127.0.0.1:63279", "component": "matching-engine", "wf-task-queue-name": "rrentVersion_Batching-564e9892_task_queue_18", "wf-task-queue-type": "Workflow", "wf-namespace": "namespace-ec265ab4-426c-4316-a4b3-47fc66311932", "user-data-update-source": "SyncDeploymentUserData", "user-data-version": 1, "timestamp": "2025-03-19T15:38:45.992Z", "logging-call-at": "/Users/shivamsaraf/Desktop/work/temporal/common/log/with_logger.go:66"}
2025-03-19T11:38:46.095-0400	debug	user data changed while blocked in long poll	{"host": "127.0.0.1:63279", "component": "matching-engine", "wf-task-queue-name": "rrentVersion_Batching-564e9892_task_queue_18", "wf-task-queue-type": "Workflow", "wf-namespace": "namespace-ec265ab4-426c-4316-a4b3-47fc66311932", "logging-call-at": "/Users/shivamsaraf/Desktop/work/temporal/common/log/with_logger.go:61"}
2025-03-19T11:38:46.095-0400	debug	user data changed while blocked in long poll	{"host": "127.0.0.1:63279", "component": "matching-engine", "wf-task-queue-name": "rrentVersion_Batching-564e9892_task_queue_18", "wf-task-queue-type": "Workflow", "wf-namespace": "namespace-ec265ab4-426c-4316-a4b3-47fc66311932", "logging-call-at": "/Users/shivamsaraf/Desktop/work/temporal/common/log/with_logger.go:61"}
2025-03-19T11:38:46.095-0400	debug	user data changed while blocked in long poll	{"host": "127.0.0.1:63279", "component": "matching-engine", "wf-task-queue-name": "rrentVersion_Batching-564e9892_task_queue_18", "wf-task-queue-type": "Workflow", "wf-namespace": "namespace-ec265ab4-426c-4316-a4b3-47fc66311932", "logging-call-at": "/Users/shivamsaraf/Desktop/work/temporal/common/log/with_logger.go:61"}
2025-03-19T11:38:46.095-0400	info	returning user data	{"host": "127.0.0.1:63279", "component": "matching-engine", "wf-task-queue-name": "rrentVersion_Batching-564e9892_task_queue_18", "wf-task-queue-type": "Workflow", "wf-namespace": "namespace-ec265ab4-426c-4316-a4b3-47fc66311932", "long-poll": true, "request-known-version": 0, "user-data-version": 1, "logging-call-at": "/Users/shivamsaraf/Desktop/work/temporal/common/log/with_logger.go:66"}
2025-03-19T11:38:46.095-0400	info	returning user data	{"host": "127.0.0.1:63279", "component": "matching-engine", "wf-task-queue-name": "rrentVersion_Batching-564e9892_task_queue_18", "wf-task-queue-type": "Workflow", "wf-namespace": "namespace-ec265ab4-426c-4316-a4b3-47fc66311932", "long-poll": true, "request-known-version": 0, "user-data-version": 1, "logging-call-at": "/Users/shivamsaraf/Desktop/work/temporal/common/log/with_logger.go:66"}
2025-03-19T11:38:46.095-0400	info	returning user data	{"host": "127.0.0.1:63279", "component": "matching-engine", "wf-task-queue-name": "rrentVersion_Batching-564e9892_task_queue_18", "wf-task-queue-type": "Workflow", "wf-namespace": "namespace-ec265ab4-426c-4316-a4b3-47fc66311932", "long-poll": true, "request-known-version": 0, "user-data-version": 1, "logging-call-at": "/Users/shivamsaraf/Desktop/work/temporal/common/log/with_logger.go:66"}
2025-03-19T11:38:46.096-0400	info	fetched user data from parent	{"host": "127.0.0.1:63279", "component": "matching-engine", "wf-task-queue-name": "/_sys/rrentVersion_Batching-564e9892_task_queue_18/1", "wf-task-queue-type": "Workflow", "wf-namespace": "namespace-ec265ab4-426c-4316-a4b3-47fc66311932", "user-data-version": 1, "timestamp": "2025-03-19T15:38:45.992Z", "logging-call-at": "/Users/shivamsaraf/Desktop/work/temporal/common/log/with_logger.go:66"}
2025-03-19T11:38:46.096-0400	info	fetched user data from parent	{"host": "127.0.0.1:63279", "component": "matching-engine", "wf-task-queue-name": "/_sys/rrentVersion_Batching-564e9892_task_queue_18/2", "wf-task-queue-type": "Workflow", "wf-namespace": "namespace-ec265ab4-426c-4316-a4b3-47fc66311932", "user-data-version": 1, "timestamp": "2025-03-19T15:38:45.992Z", "logging-call-at": "/Users/shivamsaraf/Desktop/work/temporal/common/log/with_logger.go:66"}
2025-03-19T11:38:46.096-0400	info	fetched user data from parent	{"host": "127.0.0.1:63279", "component": "matching-engine", "wf-task-queue-name": "/_sys/rrentVersion_Batching-564e9892_task_queue_18/3", "wf-task-queue-type": "Workflow", "wf-namespace": "namespace-ec265ab4-426c-4316-a4b3-47fc66311932", "user-data-version": 1, "timestamp": "2025-03-19T15:38:45.992Z", "logging-call-at": "/Users/shivamsaraf/Desktop/work/temporal/common/log/with_logger.go:66"}
2025-03-19T11:38:46.096-0400	debug	Frontend method invoked.	{"host": "127.0.0.1:63278", "wf-namespace": "namespace-ec265ab4-426c-4316-a4b3-47fc66311932", "operation": "RespondActivityTaskCompleted", "server-name": "", "cert-thumbprint": "", "logging-call-at": "/Users/shivamsaraf/Desktop/work/temporal/common/log/with_logger.go:61"}
2025-03-19T11:38:46.097-0400	debug	Workflow task updated	{"host": "127.0.0.1:63280", "shard-id": 4, "address": "127.0.0.1:63280", "wf-scheduled-event-id": 171, "wf-started-event-id": 0, "workflow-task-request-id": "emptyUuid", "workflow-task-timeout": 10, "attempt": 1, "wf-started-timestamp": "0001-01-01T00:00:00.000Z", "wt-type": "Normal", "logging-call-at": "/Users/shivamsaraf/Desktop/work/temporal/common/log/with_logger.go:61"}
2025-03-19T11:38:46.097-0400	debug	Assigning new task key	{"host": "127.0.0.1:63280", "shard-id": 4, "address": "127.0.0.1:63280", "wf-namespace-id": "d0b550e3-6091-4a9b-a9aa-3d80ffb24954", "wf-id": "temporal-sys-worker-deployment-version:rrentVersion_Batching-564e9892_deployment_series.rrentVersion_Batching-564e9892_build_id", "wf-run-id": "0195af0e-98a0-7d94-93e5-2a1d2e5942f8", "queue-task-type": "WorkflowTaskTimeout", "queue-task-id": 1049012, "timestamp": "2025-03-19T15:38:51.098Z", "cursor-timestamp": "2025-03-19T15:38:46.982Z", "logging-call-at": "/Users/shivamsaraf/Desktop/work/temporal/common/log/with_logger.go:61"}
2025-03-19T11:38:46.097-0400	debug	Assigning new task key	{"host": "127.0.0.1:63280", "shard-id": 4, "address": "127.0.0.1:63280", "wf-namespace-id": "d0b550e3-6091-4a9b-a9aa-3d80ffb24954", "wf-id": "temporal-sys-worker-deployment-version:rrentVersion_Batching-564e9892_deployment_series.rrentVersion_Batching-564e9892_build_id", "wf-run-id": "0195af0e-98a0-7d94-93e5-2a1d2e5942f8", "queue-task-type": "TransferWorkflowTask", "queue-task-id": 1049013, "timestamp": "2025-03-19T15:38:46.097Z", "cursor-timestamp": "2025-03-19T15:38:46.982Z", "logging-call-at": "/Users/shivamsaraf/Desktop/work/temporal/common/log/with_logger.go:61"}
2025-03-19T11:38:46.101-0400	debug	Process task as active.	{"host": "127.0.0.1:63280", "shard-id": 4, "address": "127.0.0.1:63280", "component": "transfer-queue-processor", "wf-namespace-id": "d0b550e3-6091-4a9b-a9aa-3d80ffb24954", "value": "d0b550e3-6091-4a9b-a9aa-3d80ffb24954/temporal-sys-worker-deployment-version:rrentVersion_Batching-564e9892_deployment_series.rrentVersion_Batching-564e9892_build_id/0195af0e-98a0-7d94-93e5-2a1d2e5942f8", "logging-call-at": "/Users/shivamsaraf/Desktop/work/temporal/common/log/with_logger.go:61"}
2025-03-19T11:38:46.102-0400	debug	Workflow task updated	{"host": "127.0.0.1:63280", "shard-id": 4, "address": "127.0.0.1:63280", "wf-scheduled-event-id": 171, "wf-started-event-id": 172, "workflow-task-request-id": "21f06168-949c-40aa-8760-fc31e65161d6", "workflow-task-timeout": 10, "attempt": 1, "wf-started-timestamp": "2025-03-19T15:38:46.102Z", "wt-type": "Normal", "logging-call-at": "/Users/shivamsaraf/Desktop/work/temporal/common/log/with_logger.go:61"}
2025-03-19T11:38:46.102-0400	debug	Assigning new task key	{"host": "127.0.0.1:63280", "shard-id": 4, "address": "127.0.0.1:63280", "wf-namespace-id": "d0b550e3-6091-4a9b-a9aa-3d80ffb24954", "wf-id": "temporal-sys-worker-deployment-version:rrentVersion_Batching-564e9892_deployment_series.rrentVersion_Batching-564e9892_build_id", "wf-run-id": "0195af0e-98a0-7d94-93e5-2a1d2e5942f8", "queue-task-type": "WorkflowTaskTimeout", "queue-task-id": 1049016, "timestamp": "2025-03-19T15:38:56.103Z", "cursor-timestamp": "2025-03-19T15:38:47.100Z", "logging-call-at": "/Users/shivamsaraf/Desktop/work/temporal/common/log/with_logger.go:61"}
2025-03-19T11:38:46.109-0400	debug	ExecuteActivity	{"host": "127.0.0.1:63281", "Namespace": "namespace-ec265ab4-426c-4316-a4b3-47fc66311932", "TaskQueue": "temporal-sys-per-ns-tq", "WorkerID": "temporal-system@Shivams-MacBook-Pro.local@namespace-ec265ab4-426c-4316-a4b3-47fc66311932", "WorkflowType": "temporal-sys-worker-deployment-version-workflow", "WorkflowID": "temporal-sys-worker-deployment-version:rrentVersion_Batching-564e9892_deployment_series.rrentVersion_Batching-564e9892_build_id", "RunID": "0195af0e-98a0-7d94-93e5-2a1d2e5942f8", "Attempt": 0, "ActivityID": "174", "ActivityType": "CheckWorkerDeploymentUserDataPropagation", "logging-call-at": "/Users/shivamsaraf/Desktop/work/temporal/common/log/with_logger.go:61"}
2025-03-19T11:38:46.109-0400	debug	Frontend method invoked.	{"host": "127.0.0.1:63278", "wf-namespace": "namespace-ec265ab4-426c-4316-a4b3-47fc66311932", "operation": "PollWorkflowTaskQueue", "server-name": "", "cert-thumbprint": "", "logging-call-at": "/Users/shivamsaraf/Desktop/work/temporal/common/log/with_logger.go:61"}
2025-03-19T11:38:46.109-0400	debug	Received PollWorkflowTaskQueue	{"host": "127.0.0.1:63278", "service": "frontend", "logging-call-at": "/Users/shivamsaraf/Desktop/work/temporal/common/log/with_logger.go:61"}
2025-03-19T11:38:46.109-0400	debug	Poll workflow task queue.	{"host": "127.0.0.1:63278", "service": "frontend", "wf-namespace": "namespace-ec265ab4-426c-4316-a4b3-47fc66311932", "wf-namespace-id": "d0b550e3-6091-4a9b-a9aa-3d80ffb24954", "logging-call-at": "/Users/shivamsaraf/Desktop/work/temporal/common/log/with_logger.go:61"}
2025-03-19T11:38:46.109-0400	debug	Frontend method invoked.	{"host": "127.0.0.1:63278", "wf-namespace": "namespace-ec265ab4-426c-4316-a4b3-47fc66311932", "operation": "RespondWorkflowTaskCompleted", "server-name": "", "cert-thumbprint": "", "logging-call-at": "/Users/shivamsaraf/Desktop/work/temporal/common/log/with_logger.go:61"}
2025-03-19T11:38:46.110-0400	debug	RespondWorkflowTaskCompleted	{"host": "127.0.0.1:63280", "service": "history", "wf-namespace-id": "d0b550e3-6091-4a9b-a9aa-3d80ffb24954", "wf-id": "temporal-sys-worker-deployment-version:rrentVersion_Batching-564e9892_deployment_series.rrentVersion_Batching-564e9892_build_id", "wf-run-id": "0195af0e-98a0-7d94-93e5-2a1d2e5942f8", "wf-scheduled-event-id": 171, "logging-call-at": "/Users/shivamsaraf/Desktop/work/temporal/common/log/with_logger.go:61"}
2025-03-19T11:38:46.110-0400	debug	Workflow task updated	{"host": "127.0.0.1:63280", "shard-id": 4, "address": "127.0.0.1:63280", "wf-scheduled-event-id": 0, "wf-started-event-id": 0, "workflow-task-request-id": "emptyUuid", "workflow-task-timeout": 0, "attempt": 1, "wf-started-timestamp": "1970-01-01T00:00:00.000Z", "wt-type": "Unspecified", "logging-call-at": "/Users/shivamsaraf/Desktop/work/temporal/common/log/with_logger.go:61"}
2025-03-19T11:38:46.110-0400	debug	Assigning new task key	{"host": "127.0.0.1:63280", "shard-id": 4, "address": "127.0.0.1:63280", "wf-namespace-id": "d0b550e3-6091-4a9b-a9aa-3d80ffb24954", "wf-id": "temporal-sys-worker-deployment-version:rrentVersion_Batching-564e9892_deployment_series.rrentVersion_Batching-564e9892_build_id", "wf-run-id": "0195af0e-98a0-7d94-93e5-2a1d2e5942f8", "queue-task-type": "TransferActivityTask", "queue-task-id": 1049021, "timestamp": "2025-03-19T15:38:46.110Z", "cursor-timestamp": "2025-03-19T15:38:47.100Z", "logging-call-at": "/Users/shivamsaraf/Desktop/work/temporal/common/log/with_logger.go:61"}
2025-03-19T11:38:46.114-0400	debug	Process task as active.	{"host": "127.0.0.1:63280", "shard-id": 4, "address": "127.0.0.1:63280", "component": "transfer-queue-processor", "wf-namespace-id": "d0b550e3-6091-4a9b-a9aa-3d80ffb24954", "value": "d0b550e3-6091-4a9b-a9aa-3d80ffb24954/temporal-sys-worker-deployment-version:rrentVersion_Batching-564e9892_deployment_series.rrentVersion_Batching-564e9892_build_id/0195af0e-98a0-7d94-93e5-2a1d2e5942f8", "logging-call-at": "/Users/shivamsaraf/Desktop/work/temporal/common/log/with_logger.go:61"}
2025-03-19T11:38:46.115-0400	debug	Assigning new task key	{"host": "127.0.0.1:63280", "shard-id": 4, "address": "127.0.0.1:63280", "wf-namespace-id": "d0b550e3-6091-4a9b-a9aa-3d80ffb24954", "wf-id": "temporal-sys-worker-deployment-version:rrentVersion_Batching-564e9892_deployment_series.rrentVersion_Batching-564e9892_build_id", "wf-run-id": "0195af0e-98a0-7d94-93e5-2a1d2e5942f8", "queue-task-type": "ActivityTimeout", "queue-task-id": 1049022, "timestamp": "2025-03-19T15:39:46.116Z", "cursor-timestamp": "2025-03-19T15:38:47.113Z", "logging-call-at": "/Users/shivamsaraf/Desktop/work/temporal/common/log/with_logger.go:61"}
2025-03-19T11:38:46.119-0400	info	waiting for userdata propagation	{"host": "127.0.0.1:63281", "Namespace": "namespace-ec265ab4-426c-4316-a4b3-47fc66311932", "TaskQueue": "temporal-sys-per-ns-tq", "WorkerID": "temporal-system@Shivams-MacBook-Pro.local@namespace-ec265ab4-426c-4316-a4b3-47fc66311932", "ActivityID": "174", "ActivityType": "CheckWorkerDeploymentUserDataPropagation", "Attempt": 1, "WorkflowType": "temporal-sys-worker-deployment-version-workflow", "WorkflowID": "temporal-sys-worker-deployment-version:rrentVersion_Batching-564e9892_deployment_series.rrentVersion_Batching-564e9892_build_id", "RunID": "0195af0e-98a0-7d94-93e5-2a1d2e5942f8", "taskQueue": "rrentVersion_Batching-564e9892_task_queue_18", "version": 1, "logging-call-at": "/Users/shivamsaraf/Desktop/work/temporal/common/log/with_logger.go:66"}
2025-03-19T11:38:46.119-0400	debug	Frontend method invoked.	{"host": "127.0.0.1:63278", "wf-namespace": "namespace-ec265ab4-426c-4316-a4b3-47fc66311932", "operation": "PollActivityTaskQueue", "server-name": "", "cert-thumbprint": "", "logging-call-at": "/Users/shivamsaraf/Desktop/work/temporal/common/log/with_logger.go:61"}
2025-03-19T11:38:46.119-0400	debug	Received PollActivityTaskQueue	{"host": "127.0.0.1:63278", "service": "frontend", "logging-call-at": "/Users/shivamsaraf/Desktop/work/temporal/common/log/with_logger.go:61"}
2025-03-19T11:38:46.119-0400	info	returning user data	{"host": "127.0.0.1:63279", "component": "matching-engine", "wf-task-queue-name": "/_sys/rrentVersion_Batching-564e9892_task_queue_18/2", "wf-task-queue-type": "Workflow", "wf-namespace": "namespace-ec265ab4-426c-4316-a4b3-47fc66311932", "long-poll": true, "request-known-version": 0, "user-data-version": 1, "logging-call-at": "/Users/shivamsaraf/Desktop/work/temporal/common/log/with_logger.go:66"}
2025-03-19T11:38:46.120-0400	info	returning user data	{"host": "127.0.0.1:63279", "component": "matching-engine", "wf-task-queue-name": "/_sys/rrentVersion_Batching-564e9892_task_queue_18/1", "wf-task-queue-type": "Workflow", "wf-namespace": "namespace-ec265ab4-426c-4316-a4b3-47fc66311932", "long-poll": true, "request-known-version": 0, "user-data-version": 1, "logging-call-at": "/Users/shivamsaraf/Desktop/work/temporal/common/log/with_logger.go:66"}
2025-03-19T11:38:46.120-0400	info	matching client encountered error	{"host": "127.0.0.1:63279", "error": "partition was not loaded", "service-error-type": "serviceerror.FailedPrecondition", "logging-call-at": "/Users/shivamsaraf/Desktop/work/temporal/common/log/with_logger.go:66"}
2025-03-19T11:38:46.120-0400	info	returning user data	{"host": "127.0.0.1:63279", "component": "matching-engine", "wf-task-queue-name": "/_sys/rrentVersion_Batching-564e9892_task_queue_18/3", "wf-task-queue-type": "Workflow", "wf-namespace": "namespace-ec265ab4-426c-4316-a4b3-47fc66311932", "long-poll": true, "request-known-version": 0, "user-data-version": 1, "logging-call-at": "/Users/shivamsaraf/Desktop/work/temporal/common/log/with_logger.go:66"}
2025-03-19T11:38:46.120-0400	info	matching client encountered error	{"host": "127.0.0.1:63279", "error": "partition was not loaded", "service-error-type": "serviceerror.FailedPrecondition", "logging-call-at": "/Users/shivamsaraf/Desktop/work/temporal/common/log/with_logger.go:66"}
2025-03-19T11:38:46.120-0400	info	matching client encountered error	{"host": "127.0.0.1:63279", "error": "partition was not loaded", "service-error-type": "serviceerror.FailedPrecondition", "logging-call-at": "/Users/shivamsaraf/Desktop/work/temporal/common/log/with_logger.go:66"}
2025-03-19T11:38:46.120-0400	info	matching client encountered error	{"host": "127.0.0.1:63279", "error": "partition was not loaded", "service-error-type": "serviceerror.FailedPrecondition", "logging-call-at": "/Users/shivamsaraf/Desktop/work/temporal/common/log/with_logger.go:66"}
2025-03-19T11:38:46.120-0400	debug	Frontend method invoked.	{"host": "127.0.0.1:63278", "wf-namespace": "namespace-ec265ab4-426c-4316-a4b3-47fc66311932", "operation": "RespondActivityTaskCompleted", "server-name": "", "cert-thumbprint": "", "logging-call-at": "/Users/shivamsaraf/Desktop/work/temporal/common/log/with_logger.go:61"}
2025-03-19T11:38:46.121-0400	debug	Workflow task updated	{"host": "127.0.0.1:63280", "shard-id": 4, "address": "127.0.0.1:63280", "wf-scheduled-event-id": 177, "wf-started-event-id": 0, "workflow-task-request-id": "emptyUuid", "workflow-task-timeout": 10, "attempt": 1, "wf-started-timestamp": "0001-01-01T00:00:00.000Z", "wt-type": "Normal", "logging-call-at": "/Users/shivamsaraf/Desktop/work/temporal/common/log/with_logger.go:61"}
2025-03-19T11:38:46.121-0400	debug	Assigning new task key	{"host": "127.0.0.1:63280", "shard-id": 4, "address": "127.0.0.1:63280", "wf-namespace-id": "d0b550e3-6091-4a9b-a9aa-3d80ffb24954", "wf-id": "temporal-sys-worker-deployment-version:rrentVersion_Batching-564e9892_deployment_series.rrentVersion_Batching-564e9892_build_id", "wf-run-id": "0195af0e-98a0-7d94-93e5-2a1d2e5942f8", "queue-task-type": "TransferWorkflowTask", "queue-task-id": 1049028, "timestamp": "2025-03-19T15:38:46.121Z", "cursor-timestamp": "2025-03-19T15:38:47.113Z", "logging-call-at": "/Users/shivamsaraf/Desktop/work/temporal/common/log/with_logger.go:61"}
2025-03-19T11:38:46.121-0400	debug	Assigning new task key	{"host": "127.0.0.1:63280", "shard-id": 4, "address": "127.0.0.1:63280", "wf-namespace-id": "d0b550e3-6091-4a9b-a9aa-3d80ffb24954", "wf-id": "temporal-sys-worker-deployment-version:rrentVersion_Batching-564e9892_deployment_series.rrentVersion_Batching-564e9892_build_id", "wf-run-id": "0195af0e-98a0-7d94-93e5-2a1d2e5942f8", "queue-task-type": "WorkflowTaskTimeout", "queue-task-id": 1049029, "timestamp": "2025-03-19T15:38:51.122Z", "cursor-timestamp": "2025-03-19T15:38:47.113Z", "logging-call-at": "/Users/shivamsaraf/Desktop/work/temporal/common/log/with_logger.go:61"}
2025-03-19T11:38:46.125-0400	debug	Process task as active.	{"host": "127.0.0.1:63280", "shard-id": 4, "address": "127.0.0.1:63280", "component": "transfer-queue-processor", "wf-namespace-id": "d0b550e3-6091-4a9b-a9aa-3d80ffb24954", "value": "d0b550e3-6091-4a9b-a9aa-3d80ffb24954/temporal-sys-worker-deployment-version:rrentVersion_Batching-564e9892_deployment_series.rrentVersion_Batching-564e9892_build_id/0195af0e-98a0-7d94-93e5-2a1d2e5942f8", "logging-call-at": "/Users/shivamsaraf/Desktop/work/temporal/common/log/with_logger.go:61"}
2025-03-19T11:38:46.126-0400	debug	Workflow task updated	{"host": "127.0.0.1:63280", "shard-id": 4, "address": "127.0.0.1:63280", "wf-scheduled-event-id": 177, "wf-started-event-id": 178, "workflow-task-request-id": "2dbef54e-836f-43d0-9a05-ad57a656a39d", "workflow-task-timeout": 10, "attempt": 1, "wf-started-timestamp": "2025-03-19T15:38:46.126Z", "wt-type": "Normal", "logging-call-at": "/Users/shivamsaraf/Desktop/work/temporal/common/log/with_logger.go:61"}
2025-03-19T11:38:46.126-0400	debug	Assigning new task key	{"host": "127.0.0.1:63280", "shard-id": 4, "address": "127.0.0.1:63280", "wf-namespace-id": "d0b550e3-6091-4a9b-a9aa-3d80ffb24954", "wf-id": "temporal-sys-worker-deployment-version:rrentVersion_Batching-564e9892_deployment_series.rrentVersion_Batching-564e9892_build_id", "wf-run-id": "0195af0e-98a0-7d94-93e5-2a1d2e5942f8", "queue-task-type": "WorkflowTaskTimeout", "queue-task-id": 1049032, "timestamp": "2025-03-19T15:38:56.127Z", "cursor-timestamp": "2025-03-19T15:38:47.125Z", "logging-call-at": "/Users/shivamsaraf/Desktop/work/temporal/common/log/with_logger.go:61"}
2025-03-19T11:38:46.132-0400	debug	Frontend method invoked.	{"host": "127.0.0.1:63278", "wf-namespace": "namespace-ec265ab4-426c-4316-a4b3-47fc66311932", "operation": "PollWorkflowTaskQueue", "server-name": "", "cert-thumbprint": "", "logging-call-at": "/Users/shivamsaraf/Desktop/work/temporal/common/log/with_logger.go:61"}
2025-03-19T11:38:46.132-0400	debug	Received PollWorkflowTaskQueue	{"host": "127.0.0.1:63278", "service": "frontend", "logging-call-at": "/Users/shivamsaraf/Desktop/work/temporal/common/log/with_logger.go:61"}
2025-03-19T11:38:46.132-0400	debug	Poll workflow task queue.	{"host": "127.0.0.1:63278", "service": "frontend", "wf-namespace": "namespace-ec265ab4-426c-4316-a4b3-47fc66311932", "wf-namespace-id": "d0b550e3-6091-4a9b-a9aa-3d80ffb24954", "logging-call-at": "/Users/shivamsaraf/Desktop/work/temporal/common/log/with_logger.go:61"}
2025-03-19T11:38:46.132-0400	debug	Frontend method invoked.	{"host": "127.0.0.1:63278", "wf-namespace": "namespace-ec265ab4-426c-4316-a4b3-47fc66311932", "operation": "RespondWorkflowTaskCompleted", "server-name": "", "cert-thumbprint": "", "logging-call-at": "/Users/shivamsaraf/Desktop/work/temporal/common/log/with_logger.go:61"}
2025-03-19T11:38:46.133-0400	debug	RespondWorkflowTaskCompleted	{"host": "127.0.0.1:63280", "service": "history", "wf-namespace-id": "d0b550e3-6091-4a9b-a9aa-3d80ffb24954", "wf-id": "temporal-sys-worker-deployment-version:rrentVersion_Batching-564e9892_deployment_series.rrentVersion_Batching-564e9892_build_id", "wf-run-id": "0195af0e-98a0-7d94-93e5-2a1d2e5942f8", "wf-scheduled-event-id": 177, "logging-call-at": "/Users/shivamsaraf/Desktop/work/temporal/common/log/with_logger.go:61"}
2025-03-19T11:38:46.133-0400	debug	Workflow task updated	{"host": "127.0.0.1:63280", "shard-id": 4, "address": "127.0.0.1:63280", "wf-scheduled-event-id": 0, "wf-started-event-id": 0, "workflow-task-request-id": "emptyUuid", "workflow-task-timeout": 0, "attempt": 1, "wf-started-timestamp": "1970-01-01T00:00:00.000Z", "wt-type": "Unspecified", "logging-call-at": "/Users/shivamsaraf/Desktop/work/temporal/common/log/with_logger.go:61"}
2025-03-19T11:38:46.133-0400	debug	update state change	{"host": "127.0.0.1:63280", "shard-id": 4, "address": "127.0.0.1:63280", "wf-namespace-id": "d0b550e3-6091-4a9b-a9aa-3d80ffb24954", "wf-id": "temporal-sys-worker-deployment-version:rrentVersion_Batching-564e9892_deployment_series.rrentVersion_Batching-564e9892_build_id", "wf-run-id": "0195af0e-98a0-7d94-93e5-2a1d2e5942f8", "update-id": "87e535c0-7869-4c68-9ffd-7031f96e6a84", "from-state": "Accepted", "to-state": "ProvisionallyCompleted", "logging-call-at": "/Users/shivamsaraf/Desktop/work/temporal/common/log/with_logger.go:61"}
2025-03-19T11:38:46.136-0400	debug	update state change	{"host": "127.0.0.1:63280", "shard-id": 4, "address": "127.0.0.1:63280", "wf-namespace-id": "d0b550e3-6091-4a9b-a9aa-3d80ffb24954", "wf-id": "temporal-sys-worker-deployment-version:rrentVersion_Batching-564e9892_deployment_series.rrentVersion_Batching-564e9892_build_id", "wf-run-id": "0195af0e-98a0-7d94-93e5-2a1d2e5942f8", "update-id": "87e535c0-7869-4c68-9ffd-7031f96e6a84", "from-state": "ProvisionallyCompleted", "to-state": "Completed", "logging-call-at": "/Users/shivamsaraf/Desktop/work/temporal/common/log/with_logger.go:61"}
2025-03-19T11:38:46.136-0400	debug	Frontend method invoked.	{"host": "127.0.0.1:63278", "wf-namespace": "namespace-ec265ab4-426c-4316-a4b3-47fc66311932", "operation": "RespondActivityTaskCompleted", "server-name": "", "cert-thumbprint": "", "logging-call-at": "/Users/shivamsaraf/Desktop/work/temporal/common/log/with_logger.go:61"}
2025-03-19T11:38:46.137-0400	debug	Workflow task updated	{"host": "127.0.0.1:63280", "shard-id": 1, "address": "127.0.0.1:63280", "wf-scheduled-event-id": 123, "wf-started-event-id": 0, "workflow-task-request-id": "emptyUuid", "workflow-task-timeout": 10, "attempt": 1, "wf-started-timestamp": "0001-01-01T00:00:00.000Z", "wt-type": "Normal", "logging-call-at": "/Users/shivamsaraf/Desktop/work/temporal/common/log/with_logger.go:61"}
2025-03-19T11:38:46.137-0400	debug	Assigning new task key	{"host": "127.0.0.1:63280", "shard-id": 1, "address": "127.0.0.1:63280", "wf-namespace-id": "d0b550e3-6091-4a9b-a9aa-3d80ffb24954", "wf-id": "temporal-sys-worker-deployment:rrentVersion_Batching-564e9892_deployment_series", "wf-run-id": "0195af0e-960d-715f-b6c6-08dcdf4b78ec", "queue-task-type": "WorkflowTaskTimeout", "queue-task-id": 1048826, "timestamp": "2025-03-19T15:38:51.138Z", "cursor-timestamp": "2025-03-19T15:38:46.938Z", "logging-call-at": "/Users/shivamsaraf/Desktop/work/temporal/common/log/with_logger.go:61"}
2025-03-19T11:38:46.137-0400	debug	Assigning new task key	{"host": "127.0.0.1:63280", "shard-id": 1, "address": "127.0.0.1:63280", "wf-namespace-id": "d0b550e3-6091-4a9b-a9aa-3d80ffb24954", "wf-id": "temporal-sys-worker-deployment:rrentVersion_Batching-564e9892_deployment_series", "wf-run-id": "0195af0e-960d-715f-b6c6-08dcdf4b78ec", "queue-task-type": "TransferWorkflowTask", "queue-task-id": 1048827, "timestamp": "2025-03-19T15:38:46.137Z", "cursor-timestamp": "2025-03-19T15:38:46.938Z", "logging-call-at": "/Users/shivamsaraf/Desktop/work/temporal/common/log/with_logger.go:61"}
2025-03-19T11:38:46.141-0400	debug	Process task as active.	{"host": "127.0.0.1:63280", "shard-id": 1, "address": "127.0.0.1:63280", "component": "transfer-queue-processor", "wf-namespace-id": "d0b550e3-6091-4a9b-a9aa-3d80ffb24954", "value": "d0b550e3-6091-4a9b-a9aa-3d80ffb24954/temporal-sys-worker-deployment:rrentVersion_Batching-564e9892_deployment_series/0195af0e-960d-715f-b6c6-08dcdf4b78ec", "logging-call-at": "/Users/shivamsaraf/Desktop/work/temporal/common/log/with_logger.go:61"}
2025-03-19T11:38:46.142-0400	debug	Workflow task updated	{"host": "127.0.0.1:63280", "shard-id": 1, "address": "127.0.0.1:63280", "wf-scheduled-event-id": 123, "wf-started-event-id": 124, "workflow-task-request-id": "55045c1e-4730-4a4b-b6c7-effdaffcf492", "workflow-task-timeout": 10, "attempt": 1, "wf-started-timestamp": "2025-03-19T15:38:46.142Z", "wt-type": "Normal", "logging-call-at": "/Users/shivamsaraf/Desktop/work/temporal/common/log/with_logger.go:61"}
2025-03-19T11:38:46.142-0400	debug	Assigning new task key	{"host": "127.0.0.1:63280", "shard-id": 1, "address": "127.0.0.1:63280", "wf-namespace-id": "d0b550e3-6091-4a9b-a9aa-3d80ffb24954", "wf-id": "temporal-sys-worker-deployment:rrentVersion_Batching-564e9892_deployment_series", "wf-run-id": "0195af0e-960d-715f-b6c6-08dcdf4b78ec", "queue-task-type": "WorkflowTaskTimeout", "queue-task-id": 1048830, "timestamp": "2025-03-19T15:38:56.143Z", "cursor-timestamp": "2025-03-19T15:38:47.141Z", "logging-call-at": "/Users/shivamsaraf/Desktop/work/temporal/common/log/with_logger.go:61"}
2025-03-19T11:38:46.148-0400	debug	ExecuteActivity	{"host": "127.0.0.1:63281", "Namespace": "namespace-ec265ab4-426c-4316-a4b3-47fc66311932", "TaskQueue": "temporal-sys-per-ns-tq", "WorkerID": "temporal-system@Shivams-MacBook-Pro.local@namespace-ec265ab4-426c-4316-a4b3-47fc66311932", "WorkflowType": "temporal-sys-worker-deployment-workflow", "WorkflowID": "temporal-sys-worker-deployment:rrentVersion_Batching-564e9892_deployment_series", "RunID": "0195af0e-960d-715f-b6c6-08dcdf4b78ec", "Attempt": 0, "ActivityID": "127", "ActivityType": "RegisterWorkerInVersion", "logging-call-at": "/Users/shivamsaraf/Desktop/work/temporal/common/log/with_logger.go:61"}
2025-03-19T11:38:46.149-0400	debug	Frontend method invoked.	{"host": "127.0.0.1:63278", "wf-namespace": "namespace-ec265ab4-426c-4316-a4b3-47fc66311932", "operation": "PollWorkflowTaskQueue", "server-name": "", "cert-thumbprint": "", "logging-call-at": "/Users/shivamsaraf/Desktop/work/temporal/common/log/with_logger.go:61"}
2025-03-19T11:38:46.149-0400	debug	Received PollWorkflowTaskQueue	{"host": "127.0.0.1:63278", "service": "frontend", "logging-call-at": "/Users/shivamsaraf/Desktop/work/temporal/common/log/with_logger.go:61"}
2025-03-19T11:38:46.149-0400	debug	Poll workflow task queue.	{"host": "127.0.0.1:63278", "service": "frontend", "wf-namespace": "namespace-ec265ab4-426c-4316-a4b3-47fc66311932", "wf-namespace-id": "d0b550e3-6091-4a9b-a9aa-3d80ffb24954", "logging-call-at": "/Users/shivamsaraf/Desktop/work/temporal/common/log/with_logger.go:61"}
2025-03-19T11:38:46.149-0400	debug	Frontend method invoked.	{"host": "127.0.0.1:63278", "wf-namespace": "namespace-ec265ab4-426c-4316-a4b3-47fc66311932", "operation": "RespondWorkflowTaskCompleted", "server-name": "", "cert-thumbprint": "", "logging-call-at": "/Users/shivamsaraf/Desktop/work/temporal/common/log/with_logger.go:61"}
2025-03-19T11:38:46.150-0400	debug	RespondWorkflowTaskCompleted	{"host": "127.0.0.1:63280", "service": "history", "wf-namespace-id": "d0b550e3-6091-4a9b-a9aa-3d80ffb24954", "wf-id": "temporal-sys-worker-deployment:rrentVersion_Batching-564e9892_deployment_series", "wf-run-id": "0195af0e-960d-715f-b6c6-08dcdf4b78ec", "wf-scheduled-event-id": 123, "logging-call-at": "/Users/shivamsaraf/Desktop/work/temporal/common/log/with_logger.go:61"}
2025-03-19T11:38:46.150-0400	debug	Workflow task updated	{"host": "127.0.0.1:63280", "shard-id": 1, "address": "127.0.0.1:63280", "wf-scheduled-event-id": 0, "wf-started-event-id": 0, "workflow-task-request-id": "emptyUuid", "workflow-task-timeout": 0, "attempt": 1, "wf-started-timestamp": "1970-01-01T00:00:00.000Z", "wt-type": "Unspecified", "logging-call-at": "/Users/shivamsaraf/Desktop/work/temporal/common/log/with_logger.go:61"}
2025-03-19T11:38:46.150-0400	debug	update state change	{"host": "127.0.0.1:63280", "shard-id": 1, "address": "127.0.0.1:63280", "wf-namespace-id": "d0b550e3-6091-4a9b-a9aa-3d80ffb24954", "wf-id": "temporal-sys-worker-deployment:rrentVersion_Batching-564e9892_deployment_series", "wf-run-id": "0195af0e-960d-715f-b6c6-08dcdf4b78ec", "update-id": "40fc86d5-6226-4924-aa65-668931e9010f", "from-state": "Accepted", "to-state": "ProvisionallyCompleted", "logging-call-at": "/Users/shivamsaraf/Desktop/work/temporal/common/log/with_logger.go:61"}
2025-03-19T11:38:46.150-0400	debug	Assigning new task key	{"host": "127.0.0.1:63280", "shard-id": 1, "address": "127.0.0.1:63280", "wf-namespace-id": "d0b550e3-6091-4a9b-a9aa-3d80ffb24954", "wf-id": "temporal-sys-worker-deployment:rrentVersion_Batching-564e9892_deployment_series", "wf-run-id": "0195af0e-960d-715f-b6c6-08dcdf4b78ec", "queue-task-type": "TransferActivityTask", "queue-task-id": 1048836, "timestamp": "2025-03-19T15:38:46.150Z", "cursor-timestamp": "2025-03-19T15:38:47.141Z", "logging-call-at": "/Users/shivamsaraf/Desktop/work/temporal/common/log/with_logger.go:61"}
2025-03-19T11:38:46.154-0400	debug	update state change	{"host": "127.0.0.1:63280", "shard-id": 1, "address": "127.0.0.1:63280", "wf-namespace-id": "d0b550e3-6091-4a9b-a9aa-3d80ffb24954", "wf-id": "temporal-sys-worker-deployment:rrentVersion_Batching-564e9892_deployment_series", "wf-run-id": "0195af0e-960d-715f-b6c6-08dcdf4b78ec", "update-id": "40fc86d5-6226-4924-aa65-668931e9010f", "from-state": "ProvisionallyCompleted", "to-state": "Completed", "logging-call-at": "/Users/shivamsaraf/Desktop/work/temporal/common/log/with_logger.go:61"}
2025-03-19T11:38:46.154-0400	debug	deployment client success	{"host": "127.0.0.1:63279", "operation": "RegisterTaskQueueWorker", "elapsed": 2.638609583, "args": ["rrentVersion_Batching-564e9892_task_queue_18",1,"matching service"], "logging-call-at": "/Users/shivamsaraf/Desktop/work/temporal/common/log/with_logger.go:61"}
2025-03-19T11:38:46.155-0400	debug	Process task as active.	{"host": "127.0.0.1:63280", "shard-id": 1, "address": "127.0.0.1:63280", "component": "transfer-queue-processor", "wf-namespace-id": "d0b550e3-6091-4a9b-a9aa-3d80ffb24954", "value": "d0b550e3-6091-4a9b-a9aa-3d80ffb24954/temporal-sys-worker-deployment:rrentVersion_Batching-564e9892_deployment_series/0195af0e-960d-715f-b6c6-08dcdf4b78ec", "logging-call-at": "/Users/shivamsaraf/Desktop/work/temporal/common/log/with_logger.go:61"}
2025-03-19T11:38:46.155-0400	info	Started physicalTaskQueueManager	{"host": "127.0.0.1:63279", "component": "matching-engine", "wf-task-queue-name": "rrentVersion_Batching-564e9892_task_queue_18", "wf-task-queue-type": "Workflow", "wf-namespace": "namespace-ec265ab4-426c-4316-a4b3-47fc66311932", "worker-build-id": "rrentVersion_Batching-564e9892_deployment_series/rrentVersion_Batching-564e9892_build_id", "lifecycle": "Started", "cause": "UserData", "logging-call-at": "/Users/shivamsaraf/Desktop/work/temporal/common/log/with_logger.go:66"}
2025-03-19T11:38:46.155-0400	debug	Assigning new task key	{"host": "127.0.0.1:63280", "shard-id": 1, "address": "127.0.0.1:63280", "wf-namespace-id": "d0b550e3-6091-4a9b-a9aa-3d80ffb24954", "wf-id": "temporal-sys-worker-deployment:rrentVersion_Batching-564e9892_deployment_series", "wf-run-id": "0195af0e-960d-715f-b6c6-08dcdf4b78ec", "queue-task-type": "ActivityTimeout", "queue-task-id": 1048838, "timestamp": "2025-03-19T15:39:46.156Z", "cursor-timestamp": "2025-03-19T15:38:47.154Z", "logging-call-at": "/Users/shivamsaraf/Desktop/work/temporal/common/log/with_logger.go:61"}
2025-03-19T11:38:46.160-0400	debug	Frontend method invoked.	{"host": "127.0.0.1:63278", "wf-namespace": "namespace-ec265ab4-426c-4316-a4b3-47fc66311932", "operation": "PollActivityTaskQueue", "server-name": "", "cert-thumbprint": "", "logging-call-at": "/Users/shivamsaraf/Desktop/work/temporal/common/log/with_logger.go:61"}
2025-03-19T11:38:46.160-0400	debug	Received PollActivityTaskQueue	{"host": "127.0.0.1:63278", "service": "frontend", "logging-call-at": "/Users/shivamsaraf/Desktop/work/temporal/common/log/with_logger.go:61"}
2025-03-19T11:38:46.161-0400	debug	update state change	{"host": "127.0.0.1:63280", "shard-id": 4, "address": "127.0.0.1:63280", "wf-namespace-id": "d0b550e3-6091-4a9b-a9aa-3d80ffb24954", "wf-id": "temporal-sys-worker-deployment-version:rrentVersion_Batching-564e9892_deployment_series.rrentVersion_Batching-564e9892_build_id", "wf-run-id": "0195af0e-98a0-7d94-93e5-2a1d2e5942f8", "update-id": "9944d6e0-7e67-498c-b15f-6c9cdf94be73", "from-state": "Created", "to-state": "ProvisionallyAdmitted", "logging-call-at": "/Users/shivamsaraf/Desktop/work/temporal/common/log/with_logger.go:61"}
2025-03-19T11:38:46.161-0400	debug	update state change	{"host": "127.0.0.1:63280", "shard-id": 4, "address": "127.0.0.1:63280", "wf-namespace-id": "d0b550e3-6091-4a9b-a9aa-3d80ffb24954", "wf-id": "temporal-sys-worker-deployment-version:rrentVersion_Batching-564e9892_deployment_series.rrentVersion_Batching-564e9892_build_id", "wf-run-id": "0195af0e-98a0-7d94-93e5-2a1d2e5942f8", "update-id": "9944d6e0-7e67-498c-b15f-6c9cdf94be73", "from-state": "ProvisionallyAdmitted", "to-state": "Admitted", "logging-call-at": "/Users/shivamsaraf/Desktop/work/temporal/common/log/with_logger.go:61"}
2025-03-19T11:38:46.161-0400	debug	Workflow task updated	{"host": "127.0.0.1:63280", "shard-id": 4, "address": "127.0.0.1:63280", "wf-scheduled-event-id": 181, "wf-started-event-id": 0, "workflow-task-request-id": "emptyUuid", "workflow-task-timeout": 10, "attempt": 1, "wf-started-timestamp": "0001-01-01T00:00:00.000Z", "wt-type": "Speculative", "logging-call-at": "/Users/shivamsaraf/Desktop/work/temporal/common/log/with_logger.go:61"}
2025-03-19T11:38:46.162-0400	debug	Workflow task updated	{"host": "127.0.0.1:63280", "shard-id": 4, "address": "127.0.0.1:63280", "wf-scheduled-event-id": 181, "wf-started-event-id": 182, "workflow-task-request-id": "6e998e1c-4290-4c91-a2f1-5e1460a8f484", "workflow-task-timeout": 10, "attempt": 1, "wf-started-timestamp": "2025-03-19T15:38:46.162Z", "wt-type": "Speculative", "logging-call-at": "/Users/shivamsaraf/Desktop/work/temporal/common/log/with_logger.go:61"}
2025-03-19T11:38:46.162-0400	debug	update state change	{"host": "127.0.0.1:63280", "shard-id": 4, "address": "127.0.0.1:63280", "wf-namespace-id": "d0b550e3-6091-4a9b-a9aa-3d80ffb24954", "wf-id": "temporal-sys-worker-deployment-version:rrentVersion_Batching-564e9892_deployment_series.rrentVersion_Batching-564e9892_build_id", "wf-run-id": "0195af0e-98a0-7d94-93e5-2a1d2e5942f8", "update-id": "9944d6e0-7e67-498c-b15f-6c9cdf94be73", "from-state": "Admitted", "to-state": "Sent", "logging-call-at": "/Users/shivamsaraf/Desktop/work/temporal/common/log/with_logger.go:61"}
2025-03-19T11:38:46.165-0400	debug	ExecuteActivity	{"host": "127.0.0.1:63281", "Namespace": "namespace-ec265ab4-426c-4316-a4b3-47fc66311932", "TaskQueue": "temporal-sys-per-ns-tq", "WorkerID": "temporal-system@Shivams-MacBook-Pro.local@namespace-ec265ab4-426c-4316-a4b3-47fc66311932", "WorkflowType": "temporal-sys-worker-deployment-version-workflow", "WorkflowID": "temporal-sys-worker-deployment-version:rrentVersion_Batching-564e9892_deployment_series.rrentVersion_Batching-564e9892_build_id", "RunID": "0195af0e-98a0-7d94-93e5-2a1d2e5942f8", "Attempt": 0, "ActivityID": "185", "ActivityType": "SyncDeploymentVersionUserData", "logging-call-at": "/Users/shivamsaraf/Desktop/work/temporal/common/log/with_logger.go:61"}
2025-03-19T11:38:46.165-0400	debug	Frontend method invoked.	{"host": "127.0.0.1:63278", "wf-namespace": "namespace-ec265ab4-426c-4316-a4b3-47fc66311932", "operation": "PollWorkflowTaskQueue", "server-name": "", "cert-thumbprint": "", "logging-call-at": "/Users/shivamsaraf/Desktop/work/temporal/common/log/with_logger.go:61"}
2025-03-19T11:38:46.165-0400	debug	Received PollWorkflowTaskQueue	{"host": "127.0.0.1:63278", "service": "frontend", "logging-call-at": "/Users/shivamsaraf/Desktop/work/temporal/common/log/with_logger.go:61"}
2025-03-19T11:38:46.165-0400	debug	Poll workflow task queue.	{"host": "127.0.0.1:63278", "service": "frontend", "wf-namespace": "namespace-ec265ab4-426c-4316-a4b3-47fc66311932", "wf-namespace-id": "d0b550e3-6091-4a9b-a9aa-3d80ffb24954", "logging-call-at": "/Users/shivamsaraf/Desktop/work/temporal/common/log/with_logger.go:61"}
2025-03-19T11:38:46.166-0400	debug	Frontend method invoked.	{"host": "127.0.0.1:63278", "wf-namespace": "namespace-ec265ab4-426c-4316-a4b3-47fc66311932", "operation": "RespondWorkflowTaskCompleted", "server-name": "", "cert-thumbprint": "", "logging-call-at": "/Users/shivamsaraf/Desktop/work/temporal/common/log/with_logger.go:61"}
2025-03-19T11:38:46.166-0400	debug	RespondWorkflowTaskCompleted	{"host": "127.0.0.1:63280", "service": "history", "wf-namespace-id": "d0b550e3-6091-4a9b-a9aa-3d80ffb24954", "wf-id": "temporal-sys-worker-deployment-version:rrentVersion_Batching-564e9892_deployment_series.rrentVersion_Batching-564e9892_build_id", "wf-run-id": "0195af0e-98a0-7d94-93e5-2a1d2e5942f8", "wf-scheduled-event-id": 181, "logging-call-at": "/Users/shivamsaraf/Desktop/work/temporal/common/log/with_logger.go:61"}
2025-03-19T11:38:46.166-0400	debug	Workflow task updated	{"host": "127.0.0.1:63280", "shard-id": 4, "address": "127.0.0.1:63280", "wf-scheduled-event-id": 0, "wf-started-event-id": 0, "workflow-task-request-id": "emptyUuid", "workflow-task-timeout": 0, "attempt": 1, "wf-started-timestamp": "1970-01-01T00:00:00.000Z", "wt-type": "Unspecified", "logging-call-at": "/Users/shivamsaraf/Desktop/work/temporal/common/log/with_logger.go:61"}
2025-03-19T11:38:46.166-0400	debug	update state change	{"host": "127.0.0.1:63280", "shard-id": 4, "address": "127.0.0.1:63280", "wf-namespace-id": "d0b550e3-6091-4a9b-a9aa-3d80ffb24954", "wf-id": "temporal-sys-worker-deployment-version:rrentVersion_Batching-564e9892_deployment_series.rrentVersion_Batching-564e9892_build_id", "wf-run-id": "0195af0e-98a0-7d94-93e5-2a1d2e5942f8", "update-id": "9944d6e0-7e67-498c-b15f-6c9cdf94be73", "from-state": "Sent", "to-state": "ProvisionallyAccepted", "logging-call-at": "/Users/shivamsaraf/Desktop/work/temporal/common/log/with_logger.go:61"}
2025-03-19T11:38:46.167-0400	debug	Assigning new task key	{"host": "127.0.0.1:63280", "shard-id": 4, "address": "127.0.0.1:63280", "wf-namespace-id": "d0b550e3-6091-4a9b-a9aa-3d80ffb24954", "wf-id": "temporal-sys-worker-deployment-version:rrentVersion_Batching-564e9892_deployment_series.rrentVersion_Batching-564e9892_build_id", "wf-run-id": "0195af0e-98a0-7d94-93e5-2a1d2e5942f8", "queue-task-type": "TransferActivityTask", "queue-task-id": 1049049, "timestamp": "2025-03-19T15:38:46.167Z", "cursor-timestamp": "2025-03-19T15:38:47.125Z", "logging-call-at": "/Users/shivamsaraf/Desktop/work/temporal/common/log/with_logger.go:61"}
2025-03-19T11:38:46.170-0400	debug	update state change	{"host": "127.0.0.1:63280", "shard-id": 4, "address": "127.0.0.1:63280", "wf-namespace-id": "d0b550e3-6091-4a9b-a9aa-3d80ffb24954", "wf-id": "temporal-sys-worker-deployment-version:rrentVersion_Batching-564e9892_deployment_series.rrentVersion_Batching-564e9892_build_id", "wf-run-id": "0195af0e-98a0-7d94-93e5-2a1d2e5942f8", "update-id": "9944d6e0-7e67-498c-b15f-6c9cdf94be73", "from-state": "ProvisionallyAccepted", "to-state": "Accepted", "logging-call-at": "/Users/shivamsaraf/Desktop/work/temporal/common/log/with_logger.go:61"}
2025-03-19T11:38:46.171-0400	debug	Process task as active.	{"host": "127.0.0.1:63280", "shard-id": 4, "address": "127.0.0.1:63280", "component": "transfer-queue-processor", "wf-namespace-id": "d0b550e3-6091-4a9b-a9aa-3d80ffb24954", "value": "d0b550e3-6091-4a9b-a9aa-3d80ffb24954/temporal-sys-worker-deployment-version:rrentVersion_Batching-564e9892_deployment_series.rrentVersion_Batching-564e9892_build_id/0195af0e-98a0-7d94-93e5-2a1d2e5942f8", "logging-call-at": "/Users/shivamsaraf/Desktop/work/temporal/common/log/with_logger.go:61"}
2025-03-19T11:38:46.172-0400	debug	Assigning new task key	{"host": "127.0.0.1:63280", "shard-id": 4, "address": "127.0.0.1:63280", "wf-namespace-id": "d0b550e3-6091-4a9b-a9aa-3d80ffb24954", "wf-id": "temporal-sys-worker-deployment-version:rrentVersion_Batching-564e9892_deployment_series.rrentVersion_Batching-564e9892_build_id", "wf-run-id": "0195af0e-98a0-7d94-93e5-2a1d2e5942f8", "queue-task-type": "ActivityTimeout", "queue-task-id": 1049050, "timestamp": "2025-03-19T15:39:46.173Z", "cursor-timestamp": "2025-03-19T15:38:47.170Z", "logging-call-at": "/Users/shivamsaraf/Desktop/work/temporal/common/log/with_logger.go:61"}
2025-03-19T11:38:46.176-0400	info	syncing task queue userdata for deployment version	{"host": "127.0.0.1:63281", "Namespace": "namespace-ec265ab4-426c-4316-a4b3-47fc66311932", "TaskQueue": "temporal-sys-per-ns-tq", "WorkerID": "temporal-system@Shivams-MacBook-Pro.local@namespace-ec265ab4-426c-4316-a4b3-47fc66311932", "ActivityID": "185", "ActivityType": "SyncDeploymentVersionUserData", "Attempt": 1, "WorkflowType": "temporal-sys-worker-deployment-version-workflow", "WorkflowID": "temporal-sys-worker-deployment-version:rrentVersion_Batching-564e9892_deployment_series.rrentVersion_Batching-564e9892_build_id", "RunID": "0195af0e-98a0-7d94-93e5-2a1d2e5942f8", "taskQueue": "rrentVersion_Batching-564e9892_task_queue_15", "types": [1], "logging-call-at": "/Users/shivamsaraf/Desktop/work/temporal/common/log/with_logger.go:66"}
2025-03-19T11:38:46.176-0400	debug	Frontend method invoked.	{"host": "127.0.0.1:63278", "wf-namespace": "namespace-ec265ab4-426c-4316-a4b3-47fc66311932", "operation": "PollActivityTaskQueue", "server-name": "", "cert-thumbprint": "", "logging-call-at": "/Users/shivamsaraf/Desktop/work/temporal/common/log/with_logger.go:61"}
2025-03-19T11:38:46.176-0400	debug	Received PollActivityTaskQueue	{"host": "127.0.0.1:63278", "service": "frontend", "logging-call-at": "/Users/shivamsaraf/Desktop/work/temporal/common/log/with_logger.go:61"}
2025-03-19T11:38:46.239-0400	debug	Frontend method invoked.	{"host": "127.0.0.1:63278", "wf-namespace": "namespace-ec265ab4-426c-4316-a4b3-47fc66311932", "operation": "DescribeWorkerDeploymentVersion", "server-name": "", "cert-thumbprint": "", "logging-call-at": "/Users/shivamsaraf/Desktop/work/temporal/common/log/with_logger.go:61"}
2025-03-19T11:38:46.242-0400	debug	Frontend method invoked.	{"host": "127.0.0.1:63278", "wf-namespace": "namespace-ec265ab4-426c-4316-a4b3-47fc66311932", "operation": "PollWorkflowTaskQueue", "server-name": "", "cert-thumbprint": "", "logging-call-at": "/Users/shivamsaraf/Desktop/work/temporal/common/log/with_logger.go:61"}
2025-03-19T11:38:46.242-0400	debug	Received PollWorkflowTaskQueue	{"host": "127.0.0.1:63278", "service": "frontend", "logging-call-at": "/Users/shivamsaraf/Desktop/work/temporal/common/log/with_logger.go:61"}
2025-03-19T11:38:46.242-0400	debug	Poll workflow task queue.	{"host": "127.0.0.1:63278", "service": "frontend", "wf-namespace": "namespace-ec265ab4-426c-4316-a4b3-47fc66311932", "wf-namespace-id": "d0b550e3-6091-4a9b-a9aa-3d80ffb24954", "logging-call-at": "/Users/shivamsaraf/Desktop/work/temporal/common/log/with_logger.go:61"}
2025-03-19T11:38:46.242-0400	debug	Frontend method invoked.	{"host": "127.0.0.1:63278", "wf-namespace": "namespace-ec265ab4-426c-4316-a4b3-47fc66311932", "operation": "RespondQueryTaskCompleted", "server-name": "", "cert-thumbprint": "", "logging-call-at": "/Users/shivamsaraf/Desktop/work/temporal/common/log/with_logger.go:61"}
2025-03-19T11:38:46.243-0400	debug	deployment client success	{"host": "127.0.0.1:63278", "operation": "DescribeVersion", "elapsed": 0.004524792, "args": ["rrentVersion_Batching-564e9892_deployment_series","rrentVersion_Batching-564e9892_build_id"], "logging-call-at": "/Users/shivamsaraf/Desktop/work/temporal/common/log/with_logger.go:61"}
2025-03-19T11:38:46.278-0400	info	modified user data	{"host": "127.0.0.1:63279", "component": "matching-engine", "wf-task-queue-name": "rrentVersion_Batching-564e9892_task_queue_15", "wf-task-queue-type": "Workflow", "wf-namespace": "namespace-ec265ab4-426c-4316-a4b3-47fc66311932", "user-data-update-source": "SyncDeploymentUserData", "user-data-version": 1, "timestamp": "2025-03-19T15:38:46.176Z", "logging-call-at": "/Users/shivamsaraf/Desktop/work/temporal/common/log/with_logger.go:66"}
2025-03-19T11:38:46.278-0400	debug	user data changed while blocked in long poll	{"host": "127.0.0.1:63279", "component": "matching-engine", "wf-task-queue-name": "rrentVersion_Batching-564e9892_task_queue_15", "wf-task-queue-type": "Workflow", "wf-namespace": "namespace-ec265ab4-426c-4316-a4b3-47fc66311932", "logging-call-at": "/Users/shivamsaraf/Desktop/work/temporal/common/log/with_logger.go:61"}
2025-03-19T11:38:46.278-0400	debug	user data changed while blocked in long poll	{"host": "127.0.0.1:63279", "component": "matching-engine", "wf-task-queue-name": "rrentVersion_Batching-564e9892_task_queue_15", "wf-task-queue-type": "Workflow", "wf-namespace": "namespace-ec265ab4-426c-4316-a4b3-47fc66311932", "logging-call-at": "/Users/shivamsaraf/Desktop/work/temporal/common/log/with_logger.go:61"}
2025-03-19T11:38:46.278-0400	debug	user data changed while blocked in long poll	{"host": "127.0.0.1:63279", "component": "matching-engine", "wf-task-queue-name": "rrentVersion_Batching-564e9892_task_queue_15", "wf-task-queue-type": "Workflow", "wf-namespace": "namespace-ec265ab4-426c-4316-a4b3-47fc66311932", "logging-call-at": "/Users/shivamsaraf/Desktop/work/temporal/common/log/with_logger.go:61"}
2025-03-19T11:38:46.279-0400	info	returning user data	{"host": "127.0.0.1:63279", "component": "matching-engine", "wf-task-queue-name": "rrentVersion_Batching-564e9892_task_queue_15", "wf-task-queue-type": "Workflow", "wf-namespace": "namespace-ec265ab4-426c-4316-a4b3-47fc66311932", "long-poll": true, "request-known-version": 0, "user-data-version": 1, "logging-call-at": "/Users/shivamsaraf/Desktop/work/temporal/common/log/with_logger.go:66"}
2025-03-19T11:38:46.279-0400	info	returning user data	{"host": "127.0.0.1:63279", "component": "matching-engine", "wf-task-queue-name": "rrentVersion_Batching-564e9892_task_queue_15", "wf-task-queue-type": "Workflow", "wf-namespace": "namespace-ec265ab4-426c-4316-a4b3-47fc66311932", "long-poll": true, "request-known-version": 0, "user-data-version": 1, "logging-call-at": "/Users/shivamsaraf/Desktop/work/temporal/common/log/with_logger.go:66"}
2025-03-19T11:38:46.279-0400	info	returning user data	{"host": "127.0.0.1:63279", "component": "matching-engine", "wf-task-queue-name": "rrentVersion_Batching-564e9892_task_queue_15", "wf-task-queue-type": "Workflow", "wf-namespace": "namespace-ec265ab4-426c-4316-a4b3-47fc66311932", "long-poll": true, "request-known-version": 0, "user-data-version": 1, "logging-call-at": "/Users/shivamsaraf/Desktop/work/temporal/common/log/with_logger.go:66"}
2025-03-19T11:38:46.279-0400	info	fetched user data from parent	{"host": "127.0.0.1:63279", "component": "matching-engine", "wf-task-queue-name": "/_sys/rrentVersion_Batching-564e9892_task_queue_15/3", "wf-task-queue-type": "Workflow", "wf-namespace": "namespace-ec265ab4-426c-4316-a4b3-47fc66311932", "user-data-version": 1, "timestamp": "2025-03-19T15:38:46.176Z", "logging-call-at": "/Users/shivamsaraf/Desktop/work/temporal/common/log/with_logger.go:66"}
2025-03-19T11:38:46.279-0400	info	fetched user data from parent	{"host": "127.0.0.1:63279", "component": "matching-engine", "wf-task-queue-name": "/_sys/rrentVersion_Batching-564e9892_task_queue_15/1", "wf-task-queue-type": "Workflow", "wf-namespace": "namespace-ec265ab4-426c-4316-a4b3-47fc66311932", "user-data-version": 1, "timestamp": "2025-03-19T15:38:46.176Z", "logging-call-at": "/Users/shivamsaraf/Desktop/work/temporal/common/log/with_logger.go:66"}
2025-03-19T11:38:46.279-0400	info	fetched user data from parent	{"host": "127.0.0.1:63279", "component": "matching-engine", "wf-task-queue-name": "/_sys/rrentVersion_Batching-564e9892_task_queue_15/2", "wf-task-queue-type": "Workflow", "wf-namespace": "namespace-ec265ab4-426c-4316-a4b3-47fc66311932", "user-data-version": 1, "timestamp": "2025-03-19T15:38:46.176Z", "logging-call-at": "/Users/shivamsaraf/Desktop/work/temporal/common/log/with_logger.go:66"}
2025-03-19T11:38:46.279-0400	debug	Frontend method invoked.	{"host": "127.0.0.1:63278", "wf-namespace": "namespace-ec265ab4-426c-4316-a4b3-47fc66311932", "operation": "RespondActivityTaskCompleted", "server-name": "", "cert-thumbprint": "", "logging-call-at": "/Users/shivamsaraf/Desktop/work/temporal/common/log/with_logger.go:61"}
2025-03-19T11:38:46.280-0400	debug	Workflow task updated	{"host": "127.0.0.1:63280", "shard-id": 4, "address": "127.0.0.1:63280", "wf-scheduled-event-id": 188, "wf-started-event-id": 0, "workflow-task-request-id": "emptyUuid", "workflow-task-timeout": 10, "attempt": 1, "wf-started-timestamp": "0001-01-01T00:00:00.000Z", "wt-type": "Normal", "logging-call-at": "/Users/shivamsaraf/Desktop/work/temporal/common/log/with_logger.go:61"}
2025-03-19T11:38:46.280-0400	debug	Assigning new task key	{"host": "127.0.0.1:63280", "shard-id": 4, "address": "127.0.0.1:63280", "wf-namespace-id": "d0b550e3-6091-4a9b-a9aa-3d80ffb24954", "wf-id": "temporal-sys-worker-deployment-version:rrentVersion_Batching-564e9892_deployment_series.rrentVersion_Batching-564e9892_build_id", "wf-run-id": "0195af0e-98a0-7d94-93e5-2a1d2e5942f8", "queue-task-type": "TransferWorkflowTask", "queue-task-id": 1049056, "timestamp": "2025-03-19T15:38:46.280Z", "cursor-timestamp": "2025-03-19T15:38:47.170Z", "logging-call-at": "/Users/shivamsaraf/Desktop/work/temporal/common/log/with_logger.go:61"}
2025-03-19T11:38:46.280-0400	debug	Assigning new task key	{"host": "127.0.0.1:63280", "shard-id": 4, "address": "127.0.0.1:63280", "wf-namespace-id": "d0b550e3-6091-4a9b-a9aa-3d80ffb24954", "wf-id": "temporal-sys-worker-deployment-version:rrentVersion_Batching-564e9892_deployment_series.rrentVersion_Batching-564e9892_build_id", "wf-run-id": "0195af0e-98a0-7d94-93e5-2a1d2e5942f8", "queue-task-type": "WorkflowTaskTimeout", "queue-task-id": 1049057, "timestamp": "2025-03-19T15:38:51.281Z", "cursor-timestamp": "2025-03-19T15:38:47.170Z", "logging-call-at": "/Users/shivamsaraf/Desktop/work/temporal/common/log/with_logger.go:61"}
2025-03-19T11:38:46.286-0400	debug	Process task as active.	{"host": "127.0.0.1:63280", "shard-id": 4, "address": "127.0.0.1:63280", "component": "transfer-queue-processor", "wf-namespace-id": "d0b550e3-6091-4a9b-a9aa-3d80ffb24954", "value": "d0b550e3-6091-4a9b-a9aa-3d80ffb24954/temporal-sys-worker-deployment-version:rrentVersion_Batching-564e9892_deployment_series.rrentVersion_Batching-564e9892_build_id/0195af0e-98a0-7d94-93e5-2a1d2e5942f8", "logging-call-at": "/Users/shivamsaraf/Desktop/work/temporal/common/log/with_logger.go:61"}
2025-03-19T11:38:46.287-0400	debug	Workflow task updated	{"host": "127.0.0.1:63280", "shard-id": 4, "address": "127.0.0.1:63280", "wf-scheduled-event-id": 188, "wf-started-event-id": 189, "workflow-task-request-id": "8b144a28-e0d7-45ed-8dca-31a99ee0da1c", "workflow-task-timeout": 10, "attempt": 1, "wf-started-timestamp": "2025-03-19T15:38:46.287Z", "wt-type": "Normal", "logging-call-at": "/Users/shivamsaraf/Desktop/work/temporal/common/log/with_logger.go:61"}
2025-03-19T11:38:46.287-0400	debug	Assigning new task key	{"host": "127.0.0.1:63280", "shard-id": 4, "address": "127.0.0.1:63280", "wf-namespace-id": "d0b550e3-6091-4a9b-a9aa-3d80ffb24954", "wf-id": "temporal-sys-worker-deployment-version:rrentVersion_Batching-564e9892_deployment_series.rrentVersion_Batching-564e9892_build_id", "wf-run-id": "0195af0e-98a0-7d94-93e5-2a1d2e5942f8", "queue-task-type": "WorkflowTaskTimeout", "queue-task-id": 1049060, "timestamp": "2025-03-19T15:38:56.288Z", "cursor-timestamp": "2025-03-19T15:38:47.285Z", "logging-call-at": "/Users/shivamsaraf/Desktop/work/temporal/common/log/with_logger.go:61"}
2025-03-19T11:38:46.295-0400	debug	ExecuteActivity	{"host": "127.0.0.1:63281", "Namespace": "namespace-ec265ab4-426c-4316-a4b3-47fc66311932", "TaskQueue": "temporal-sys-per-ns-tq", "WorkerID": "temporal-system@Shivams-MacBook-Pro.local@namespace-ec265ab4-426c-4316-a4b3-47fc66311932", "WorkflowType": "temporal-sys-worker-deployment-version-workflow", "WorkflowID": "temporal-sys-worker-deployment-version:rrentVersion_Batching-564e9892_deployment_series.rrentVersion_Batching-564e9892_build_id", "RunID": "0195af0e-98a0-7d94-93e5-2a1d2e5942f8", "Attempt": 0, "ActivityID": "191", "ActivityType": "CheckWorkerDeploymentUserDataPropagation", "logging-call-at": "/Users/shivamsaraf/Desktop/work/temporal/common/log/with_logger.go:61"}
2025-03-19T11:38:46.295-0400	debug	Frontend method invoked.	{"host": "127.0.0.1:63278", "wf-namespace": "namespace-ec265ab4-426c-4316-a4b3-47fc66311932", "operation": "PollWorkflowTaskQueue", "server-name": "", "cert-thumbprint": "", "logging-call-at": "/Users/shivamsaraf/Desktop/work/temporal/common/log/with_logger.go:61"}
2025-03-19T11:38:46.295-0400	debug	Received PollWorkflowTaskQueue	{"host": "127.0.0.1:63278", "service": "frontend", "logging-call-at": "/Users/shivamsaraf/Desktop/work/temporal/common/log/with_logger.go:61"}
2025-03-19T11:38:46.295-0400	debug	Poll workflow task queue.	{"host": "127.0.0.1:63278", "service": "frontend", "wf-namespace": "namespace-ec265ab4-426c-4316-a4b3-47fc66311932", "wf-namespace-id": "d0b550e3-6091-4a9b-a9aa-3d80ffb24954", "logging-call-at": "/Users/shivamsaraf/Desktop/work/temporal/common/log/with_logger.go:61"}
2025-03-19T11:38:46.296-0400	debug	Frontend method invoked.	{"host": "127.0.0.1:63278", "wf-namespace": "namespace-ec265ab4-426c-4316-a4b3-47fc66311932", "operation": "RespondWorkflowTaskCompleted", "server-name": "", "cert-thumbprint": "", "logging-call-at": "/Users/shivamsaraf/Desktop/work/temporal/common/log/with_logger.go:61"}
2025-03-19T11:38:46.296-0400	debug	RespondWorkflowTaskCompleted	{"host": "127.0.0.1:63280", "service": "history", "wf-namespace-id": "d0b550e3-6091-4a9b-a9aa-3d80ffb24954", "wf-id": "temporal-sys-worker-deployment-version:rrentVersion_Batching-564e9892_deployment_series.rrentVersion_Batching-564e9892_build_id", "wf-run-id": "0195af0e-98a0-7d94-93e5-2a1d2e5942f8", "wf-scheduled-event-id": 188, "logging-call-at": "/Users/shivamsaraf/Desktop/work/temporal/common/log/with_logger.go:61"}
2025-03-19T11:38:46.296-0400	debug	Workflow task updated	{"host": "127.0.0.1:63280", "shard-id": 4, "address": "127.0.0.1:63280", "wf-scheduled-event-id": 0, "wf-started-event-id": 0, "workflow-task-request-id": "emptyUuid", "workflow-task-timeout": 0, "attempt": 1, "wf-started-timestamp": "1970-01-01T00:00:00.000Z", "wt-type": "Unspecified", "logging-call-at": "/Users/shivamsaraf/Desktop/work/temporal/common/log/with_logger.go:61"}
2025-03-19T11:38:46.297-0400	debug	Assigning new task key	{"host": "127.0.0.1:63280", "shard-id": 4, "address": "127.0.0.1:63280", "wf-namespace-id": "d0b550e3-6091-4a9b-a9aa-3d80ffb24954", "wf-id": "temporal-sys-worker-deployment-version:rrentVersion_Batching-564e9892_deployment_series.rrentVersion_Batching-564e9892_build_id", "wf-run-id": "0195af0e-98a0-7d94-93e5-2a1d2e5942f8", "queue-task-type": "TransferActivityTask", "queue-task-id": 1049065, "timestamp": "2025-03-19T15:38:46.297Z", "cursor-timestamp": "2025-03-19T15:38:47.285Z", "logging-call-at": "/Users/shivamsaraf/Desktop/work/temporal/common/log/with_logger.go:61"}
2025-03-19T11:38:46.301-0400	debug	Process task as active.	{"host": "127.0.0.1:63280", "shard-id": 4, "address": "127.0.0.1:63280", "component": "transfer-queue-processor", "wf-namespace-id": "d0b550e3-6091-4a9b-a9aa-3d80ffb24954", "value": "d0b550e3-6091-4a9b-a9aa-3d80ffb24954/temporal-sys-worker-deployment-version:rrentVersion_Batching-564e9892_deployment_series.rrentVersion_Batching-564e9892_build_id/0195af0e-98a0-7d94-93e5-2a1d2e5942f8", "logging-call-at": "/Users/shivamsaraf/Desktop/work/temporal/common/log/with_logger.go:61"}
2025-03-19T11:38:46.302-0400	debug	Assigning new task key	{"host": "127.0.0.1:63280", "shard-id": 4, "address": "127.0.0.1:63280", "wf-namespace-id": "d0b550e3-6091-4a9b-a9aa-3d80ffb24954", "wf-id": "temporal-sys-worker-deployment-version:rrentVersion_Batching-564e9892_deployment_series.rrentVersion_Batching-564e9892_build_id", "wf-run-id": "0195af0e-98a0-7d94-93e5-2a1d2e5942f8", "queue-task-type": "ActivityTimeout", "queue-task-id": 1049066, "timestamp": "2025-03-19T15:39:46.302Z", "cursor-timestamp": "2025-03-19T15:38:47.300Z", "logging-call-at": "/Users/shivamsaraf/Desktop/work/temporal/common/log/with_logger.go:61"}
2025-03-19T11:38:46.306-0400	info	waiting for userdata propagation	{"host": "127.0.0.1:63281", "Namespace": "namespace-ec265ab4-426c-4316-a4b3-47fc66311932", "TaskQueue": "temporal-sys-per-ns-tq", "WorkerID": "temporal-system@Shivams-MacBook-Pro.local@namespace-ec265ab4-426c-4316-a4b3-47fc66311932", "ActivityID": "191", "ActivityType": "CheckWorkerDeploymentUserDataPropagation", "Attempt": 1, "WorkflowType": "temporal-sys-worker-deployment-version-workflow", "WorkflowID": "temporal-sys-worker-deployment-version:rrentVersion_Batching-564e9892_deployment_series.rrentVersion_Batching-564e9892_build_id", "RunID": "0195af0e-98a0-7d94-93e5-2a1d2e5942f8", "taskQueue": "rrentVersion_Batching-564e9892_task_queue_15", "version": 1, "logging-call-at": "/Users/shivamsaraf/Desktop/work/temporal/common/log/with_logger.go:66"}
2025-03-19T11:38:46.306-0400	debug	Frontend method invoked.	{"host": "127.0.0.1:63278", "wf-namespace": "namespace-ec265ab4-426c-4316-a4b3-47fc66311932", "operation": "PollActivityTaskQueue", "server-name": "", "cert-thumbprint": "", "logging-call-at": "/Users/shivamsaraf/Desktop/work/temporal/common/log/with_logger.go:61"}
2025-03-19T11:38:46.306-0400	debug	Received PollActivityTaskQueue	{"host": "127.0.0.1:63278", "service": "frontend", "logging-call-at": "/Users/shivamsaraf/Desktop/work/temporal/common/log/with_logger.go:61"}
2025-03-19T11:38:46.306-0400	info	returning user data	{"host": "127.0.0.1:63279", "component": "matching-engine", "wf-task-queue-name": "/_sys/rrentVersion_Batching-564e9892_task_queue_15/3", "wf-task-queue-type": "Workflow", "wf-namespace": "namespace-ec265ab4-426c-4316-a4b3-47fc66311932", "long-poll": true, "request-known-version": 0, "user-data-version": 1, "logging-call-at": "/Users/shivamsaraf/Desktop/work/temporal/common/log/with_logger.go:66"}
2025-03-19T11:38:46.306-0400	info	matching client encountered error	{"host": "127.0.0.1:63279", "error": "partition was not loaded", "service-error-type": "serviceerror.FailedPrecondition", "logging-call-at": "/Users/shivamsaraf/Desktop/work/temporal/common/log/with_logger.go:66"}
2025-03-19T11:38:46.307-0400	info	returning user data	{"host": "127.0.0.1:63279", "component": "matching-engine", "wf-task-queue-name": "/_sys/rrentVersion_Batching-564e9892_task_queue_15/2", "wf-task-queue-type": "Workflow", "wf-namespace": "namespace-ec265ab4-426c-4316-a4b3-47fc66311932", "long-poll": true, "request-known-version": 0, "user-data-version": 1, "logging-call-at": "/Users/shivamsaraf/Desktop/work/temporal/common/log/with_logger.go:66"}
2025-03-19T11:38:46.307-0400	info	returning user data	{"host": "127.0.0.1:63279", "component": "matching-engine", "wf-task-queue-name": "/_sys/rrentVersion_Batching-564e9892_task_queue_15/1", "wf-task-queue-type": "Workflow", "wf-namespace": "namespace-ec265ab4-426c-4316-a4b3-47fc66311932", "long-poll": true, "request-known-version": 0, "user-data-version": 1, "logging-call-at": "/Users/shivamsaraf/Desktop/work/temporal/common/log/with_logger.go:66"}
2025-03-19T11:38:46.307-0400	info	matching client encountered error	{"host": "127.0.0.1:63279", "error": "partition was not loaded", "service-error-type": "serviceerror.FailedPrecondition", "logging-call-at": "/Users/shivamsaraf/Desktop/work/temporal/common/log/with_logger.go:66"}
2025-03-19T11:38:46.307-0400	info	matching client encountered error	{"host": "127.0.0.1:63279", "error": "partition was not loaded", "service-error-type": "serviceerror.FailedPrecondition", "logging-call-at": "/Users/shivamsaraf/Desktop/work/temporal/common/log/with_logger.go:66"}
2025-03-19T11:38:46.307-0400	info	matching client encountered error	{"host": "127.0.0.1:63279", "error": "partition was not loaded", "service-error-type": "serviceerror.FailedPrecondition", "logging-call-at": "/Users/shivamsaraf/Desktop/work/temporal/common/log/with_logger.go:66"}
2025-03-19T11:38:46.307-0400	debug	Frontend method invoked.	{"host": "127.0.0.1:63278", "wf-namespace": "namespace-ec265ab4-426c-4316-a4b3-47fc66311932", "operation": "RespondActivityTaskCompleted", "server-name": "", "cert-thumbprint": "", "logging-call-at": "/Users/shivamsaraf/Desktop/work/temporal/common/log/with_logger.go:61"}
2025-03-19T11:38:46.308-0400	debug	Workflow task updated	{"host": "127.0.0.1:63280", "shard-id": 4, "address": "127.0.0.1:63280", "wf-scheduled-event-id": 194, "wf-started-event-id": 0, "workflow-task-request-id": "emptyUuid", "workflow-task-timeout": 10, "attempt": 1, "wf-started-timestamp": "0001-01-01T00:00:00.000Z", "wt-type": "Normal", "logging-call-at": "/Users/shivamsaraf/Desktop/work/temporal/common/log/with_logger.go:61"}
2025-03-19T11:38:46.308-0400	debug	Assigning new task key	{"host": "127.0.0.1:63280", "shard-id": 4, "address": "127.0.0.1:63280", "wf-namespace-id": "d0b550e3-6091-4a9b-a9aa-3d80ffb24954", "wf-id": "temporal-sys-worker-deployment-version:rrentVersion_Batching-564e9892_deployment_series.rrentVersion_Batching-564e9892_build_id", "wf-run-id": "0195af0e-98a0-7d94-93e5-2a1d2e5942f8", "queue-task-type": "WorkflowTaskTimeout", "queue-task-id": 1049072, "timestamp": "2025-03-19T15:38:51.309Z", "cursor-timestamp": "2025-03-19T15:38:47.300Z", "logging-call-at": "/Users/shivamsaraf/Desktop/work/temporal/common/log/with_logger.go:61"}
2025-03-19T11:38:46.308-0400	debug	Assigning new task key	{"host": "127.0.0.1:63280", "shard-id": 4, "address": "127.0.0.1:63280", "wf-namespace-id": "d0b550e3-6091-4a9b-a9aa-3d80ffb24954", "wf-id": "temporal-sys-worker-deployment-version:rrentVersion_Batching-564e9892_deployment_series.rrentVersion_Batching-564e9892_build_id", "wf-run-id": "0195af0e-98a0-7d94-93e5-2a1d2e5942f8", "queue-task-type": "TransferWorkflowTask", "queue-task-id": 1049073, "timestamp": "2025-03-19T15:38:46.308Z", "cursor-timestamp": "2025-03-19T15:38:47.300Z", "logging-call-at": "/Users/shivamsaraf/Desktop/work/temporal/common/log/with_logger.go:61"}
2025-03-19T11:38:46.312-0400	debug	Process task as active.	{"host": "127.0.0.1:63280", "shard-id": 4, "address": "127.0.0.1:63280", "component": "transfer-queue-processor", "wf-namespace-id": "d0b550e3-6091-4a9b-a9aa-3d80ffb24954", "value": "d0b550e3-6091-4a9b-a9aa-3d80ffb24954/temporal-sys-worker-deployment-version:rrentVersion_Batching-564e9892_deployment_series.rrentVersion_Batching-564e9892_build_id/0195af0e-98a0-7d94-93e5-2a1d2e5942f8", "logging-call-at": "/Users/shivamsaraf/Desktop/work/temporal/common/log/with_logger.go:61"}
2025-03-19T11:38:46.313-0400	debug	Workflow task updated	{"host": "127.0.0.1:63280", "shard-id": 4, "address": "127.0.0.1:63280", "wf-scheduled-event-id": 194, "wf-started-event-id": 195, "workflow-task-request-id": "b5bdeb29-6cd7-4079-8d7a-f25f6dd90f7f", "workflow-task-timeout": 10, "attempt": 1, "wf-started-timestamp": "2025-03-19T15:38:46.313Z", "wt-type": "Normal", "logging-call-at": "/Users/shivamsaraf/Desktop/work/temporal/common/log/with_logger.go:61"}
2025-03-19T11:38:46.313-0400	debug	Assigning new task key	{"host": "127.0.0.1:63280", "shard-id": 4, "address": "127.0.0.1:63280", "wf-namespace-id": "d0b550e3-6091-4a9b-a9aa-3d80ffb24954", "wf-id": "temporal-sys-worker-deployment-version:rrentVersion_Batching-564e9892_deployment_series.rrentVersion_Batching-564e9892_build_id", "wf-run-id": "0195af0e-98a0-7d94-93e5-2a1d2e5942f8", "queue-task-type": "WorkflowTaskTimeout", "queue-task-id": 1049076, "timestamp": "2025-03-19T15:38:56.314Z", "cursor-timestamp": "2025-03-19T15:38:47.312Z", "logging-call-at": "/Users/shivamsaraf/Desktop/work/temporal/common/log/with_logger.go:61"}
2025-03-19T11:38:46.320-0400	debug	Frontend method invoked.	{"host": "127.0.0.1:63278", "wf-namespace": "namespace-ec265ab4-426c-4316-a4b3-47fc66311932", "operation": "PollWorkflowTaskQueue", "server-name": "", "cert-thumbprint": "", "logging-call-at": "/Users/shivamsaraf/Desktop/work/temporal/common/log/with_logger.go:61"}
2025-03-19T11:38:46.320-0400	debug	Received PollWorkflowTaskQueue	{"host": "127.0.0.1:63278", "service": "frontend", "logging-call-at": "/Users/shivamsaraf/Desktop/work/temporal/common/log/with_logger.go:61"}
2025-03-19T11:38:46.320-0400	debug	Poll workflow task queue.	{"host": "127.0.0.1:63278", "service": "frontend", "wf-namespace": "namespace-ec265ab4-426c-4316-a4b3-47fc66311932", "wf-namespace-id": "d0b550e3-6091-4a9b-a9aa-3d80ffb24954", "logging-call-at": "/Users/shivamsaraf/Desktop/work/temporal/common/log/with_logger.go:61"}
2025-03-19T11:38:46.320-0400	debug	Frontend method invoked.	{"host": "127.0.0.1:63278", "wf-namespace": "namespace-ec265ab4-426c-4316-a4b3-47fc66311932", "operation": "RespondWorkflowTaskCompleted", "server-name": "", "cert-thumbprint": "", "logging-call-at": "/Users/shivamsaraf/Desktop/work/temporal/common/log/with_logger.go:61"}
2025-03-19T11:38:46.321-0400	debug	RespondWorkflowTaskCompleted	{"host": "127.0.0.1:63280", "service": "history", "wf-namespace-id": "d0b550e3-6091-4a9b-a9aa-3d80ffb24954", "wf-id": "temporal-sys-worker-deployment-version:rrentVersion_Batching-564e9892_deployment_series.rrentVersion_Batching-564e9892_build_id", "wf-run-id": "0195af0e-98a0-7d94-93e5-2a1d2e5942f8", "wf-scheduled-event-id": 194, "logging-call-at": "/Users/shivamsaraf/Desktop/work/temporal/common/log/with_logger.go:61"}
2025-03-19T11:38:46.321-0400	debug	Workflow task updated	{"host": "127.0.0.1:63280", "shard-id": 4, "address": "127.0.0.1:63280", "wf-scheduled-event-id": 0, "wf-started-event-id": 0, "workflow-task-request-id": "emptyUuid", "workflow-task-timeout": 0, "attempt": 1, "wf-started-timestamp": "1970-01-01T00:00:00.000Z", "wt-type": "Unspecified", "logging-call-at": "/Users/shivamsaraf/Desktop/work/temporal/common/log/with_logger.go:61"}
2025-03-19T11:38:46.321-0400	debug	update state change	{"host": "127.0.0.1:63280", "shard-id": 4, "address": "127.0.0.1:63280", "wf-namespace-id": "d0b550e3-6091-4a9b-a9aa-3d80ffb24954", "wf-id": "temporal-sys-worker-deployment-version:rrentVersion_Batching-564e9892_deployment_series.rrentVersion_Batching-564e9892_build_id", "wf-run-id": "0195af0e-98a0-7d94-93e5-2a1d2e5942f8", "update-id": "9944d6e0-7e67-498c-b15f-6c9cdf94be73", "from-state": "Accepted", "to-state": "ProvisionallyCompleted", "logging-call-at": "/Users/shivamsaraf/Desktop/work/temporal/common/log/with_logger.go:61"}
2025-03-19T11:38:46.324-0400	debug	update state change	{"host": "127.0.0.1:63280", "shard-id": 4, "address": "127.0.0.1:63280", "wf-namespace-id": "d0b550e3-6091-4a9b-a9aa-3d80ffb24954", "wf-id": "temporal-sys-worker-deployment-version:rrentVersion_Batching-564e9892_deployment_series.rrentVersion_Batching-564e9892_build_id", "wf-run-id": "0195af0e-98a0-7d94-93e5-2a1d2e5942f8", "update-id": "9944d6e0-7e67-498c-b15f-6c9cdf94be73", "from-state": "ProvisionallyCompleted", "to-state": "Completed", "logging-call-at": "/Users/shivamsaraf/Desktop/work/temporal/common/log/with_logger.go:61"}
2025-03-19T11:38:46.326-0400	debug	Frontend method invoked.	{"host": "127.0.0.1:63278", "wf-namespace": "namespace-ec265ab4-426c-4316-a4b3-47fc66311932", "operation": "RespondActivityTaskCompleted", "server-name": "", "cert-thumbprint": "", "logging-call-at": "/Users/shivamsaraf/Desktop/work/temporal/common/log/with_logger.go:61"}
2025-03-19T11:38:46.327-0400	debug	Workflow task updated	{"host": "127.0.0.1:63280", "shard-id": 1, "address": "127.0.0.1:63280", "wf-scheduled-event-id": 130, "wf-started-event-id": 0, "workflow-task-request-id": "emptyUuid", "workflow-task-timeout": 10, "attempt": 1, "wf-started-timestamp": "0001-01-01T00:00:00.000Z", "wt-type": "Normal", "logging-call-at": "/Users/shivamsaraf/Desktop/work/temporal/common/log/with_logger.go:61"}
2025-03-19T11:38:46.327-0400	debug	Assigning new task key	{"host": "127.0.0.1:63280", "shard-id": 1, "address": "127.0.0.1:63280", "wf-namespace-id": "d0b550e3-6091-4a9b-a9aa-3d80ffb24954", "wf-id": "temporal-sys-worker-deployment:rrentVersion_Batching-564e9892_deployment_series", "wf-run-id": "0195af0e-960d-715f-b6c6-08dcdf4b78ec", "queue-task-type": "WorkflowTaskTimeout", "queue-task-id": 1048844, "timestamp": "2025-03-19T15:38:51.328Z", "cursor-timestamp": "2025-03-19T15:38:47.154Z", "logging-call-at": "/Users/shivamsaraf/Desktop/work/temporal/common/log/with_logger.go:61"}
2025-03-19T11:38:46.327-0400	debug	Assigning new task key	{"host": "127.0.0.1:63280", "shard-id": 1, "address": "127.0.0.1:63280", "wf-namespace-id": "d0b550e3-6091-4a9b-a9aa-3d80ffb24954", "wf-id": "temporal-sys-worker-deployment:rrentVersion_Batching-564e9892_deployment_series", "wf-run-id": "0195af0e-960d-715f-b6c6-08dcdf4b78ec", "queue-task-type": "TransferWorkflowTask", "queue-task-id": 1048845, "timestamp": "2025-03-19T15:38:46.327Z", "cursor-timestamp": "2025-03-19T15:38:47.154Z", "logging-call-at": "/Users/shivamsaraf/Desktop/work/temporal/common/log/with_logger.go:61"}
2025-03-19T11:38:46.332-0400	debug	Process task as active.	{"host": "127.0.0.1:63280", "shard-id": 1, "address": "127.0.0.1:63280", "component": "transfer-queue-processor", "wf-namespace-id": "d0b550e3-6091-4a9b-a9aa-3d80ffb24954", "value": "d0b550e3-6091-4a9b-a9aa-3d80ffb24954/temporal-sys-worker-deployment:rrentVersion_Batching-564e9892_deployment_series/0195af0e-960d-715f-b6c6-08dcdf4b78ec", "logging-call-at": "/Users/shivamsaraf/Desktop/work/temporal/common/log/with_logger.go:61"}
2025-03-19T11:38:46.332-0400	debug	Workflow task updated	{"host": "127.0.0.1:63280", "shard-id": 1, "address": "127.0.0.1:63280", "wf-scheduled-event-id": 130, "wf-started-event-id": 131, "workflow-task-request-id": "e0cd5432-4a13-47ea-b4a6-3e6740c7df65", "workflow-task-timeout": 10, "attempt": 1, "wf-started-timestamp": "2025-03-19T15:38:46.332Z", "wt-type": "Normal", "logging-call-at": "/Users/shivamsaraf/Desktop/work/temporal/common/log/with_logger.go:61"}
2025-03-19T11:38:46.333-0400	debug	Assigning new task key	{"host": "127.0.0.1:63280", "shard-id": 1, "address": "127.0.0.1:63280", "wf-namespace-id": "d0b550e3-6091-4a9b-a9aa-3d80ffb24954", "wf-id": "temporal-sys-worker-deployment:rrentVersion_Batching-564e9892_deployment_series", "wf-run-id": "0195af0e-960d-715f-b6c6-08dcdf4b78ec", "queue-task-type": "WorkflowTaskTimeout", "queue-task-id": 1048848, "timestamp": "2025-03-19T15:38:56.333Z", "cursor-timestamp": "2025-03-19T15:38:47.331Z", "logging-call-at": "/Users/shivamsaraf/Desktop/work/temporal/common/log/with_logger.go:61"}
2025-03-19T11:38:46.339-0400	debug	ExecuteActivity	{"host": "127.0.0.1:63281", "Namespace": "namespace-ec265ab4-426c-4316-a4b3-47fc66311932", "TaskQueue": "temporal-sys-per-ns-tq", "WorkerID": "temporal-system@Shivams-MacBook-Pro.local@namespace-ec265ab4-426c-4316-a4b3-47fc66311932", "WorkflowType": "temporal-sys-worker-deployment-workflow", "WorkflowID": "temporal-sys-worker-deployment:rrentVersion_Batching-564e9892_deployment_series", "RunID": "0195af0e-960d-715f-b6c6-08dcdf4b78ec", "Attempt": 0, "ActivityID": "134", "ActivityType": "RegisterWorkerInVersion", "logging-call-at": "/Users/shivamsaraf/Desktop/work/temporal/common/log/with_logger.go:61"}
2025-03-19T11:38:46.339-0400	debug	Frontend method invoked.	{"host": "127.0.0.1:63278", "wf-namespace": "namespace-ec265ab4-426c-4316-a4b3-47fc66311932", "operation": "PollWorkflowTaskQueue", "server-name": "", "cert-thumbprint": "", "logging-call-at": "/Users/shivamsaraf/Desktop/work/temporal/common/log/with_logger.go:61"}
2025-03-19T11:38:46.339-0400	debug	Received PollWorkflowTaskQueue	{"host": "127.0.0.1:63278", "service": "frontend", "logging-call-at": "/Users/shivamsaraf/Desktop/work/temporal/common/log/with_logger.go:61"}
2025-03-19T11:38:46.339-0400	debug	Poll workflow task queue.	{"host": "127.0.0.1:63278", "service": "frontend", "wf-namespace": "namespace-ec265ab4-426c-4316-a4b3-47fc66311932", "wf-namespace-id": "d0b550e3-6091-4a9b-a9aa-3d80ffb24954", "logging-call-at": "/Users/shivamsaraf/Desktop/work/temporal/common/log/with_logger.go:61"}
2025-03-19T11:38:46.340-0400	debug	Frontend method invoked.	{"host": "127.0.0.1:63278", "wf-namespace": "namespace-ec265ab4-426c-4316-a4b3-47fc66311932", "operation": "RespondWorkflowTaskCompleted", "server-name": "", "cert-thumbprint": "", "logging-call-at": "/Users/shivamsaraf/Desktop/work/temporal/common/log/with_logger.go:61"}
2025-03-19T11:38:46.341-0400	debug	RespondWorkflowTaskCompleted	{"host": "127.0.0.1:63280", "service": "history", "wf-namespace-id": "d0b550e3-6091-4a9b-a9aa-3d80ffb24954", "wf-id": "temporal-sys-worker-deployment:rrentVersion_Batching-564e9892_deployment_series", "wf-run-id": "0195af0e-960d-715f-b6c6-08dcdf4b78ec", "wf-scheduled-event-id": 130, "logging-call-at": "/Users/shivamsaraf/Desktop/work/temporal/common/log/with_logger.go:61"}
2025-03-19T11:38:46.341-0400	debug	Workflow task updated	{"host": "127.0.0.1:63280", "shard-id": 1, "address": "127.0.0.1:63280", "wf-scheduled-event-id": 0, "wf-started-event-id": 0, "workflow-task-request-id": "emptyUuid", "workflow-task-timeout": 0, "attempt": 1, "wf-started-timestamp": "1970-01-01T00:00:00.000Z", "wt-type": "Unspecified", "logging-call-at": "/Users/shivamsaraf/Desktop/work/temporal/common/log/with_logger.go:61"}
2025-03-19T11:38:46.341-0400	debug	update state change	{"host": "127.0.0.1:63280", "shard-id": 1, "address": "127.0.0.1:63280", "wf-namespace-id": "d0b550e3-6091-4a9b-a9aa-3d80ffb24954", "wf-id": "temporal-sys-worker-deployment:rrentVersion_Batching-564e9892_deployment_series", "wf-run-id": "0195af0e-960d-715f-b6c6-08dcdf4b78ec", "update-id": "ea0527ef-6733-4fcf-ae7a-c3ad034fab46", "from-state": "Accepted", "to-state": "ProvisionallyCompleted", "logging-call-at": "/Users/shivamsaraf/Desktop/work/temporal/common/log/with_logger.go:61"}
2025-03-19T11:38:46.341-0400	debug	Assigning new task key	{"host": "127.0.0.1:63280", "shard-id": 1, "address": "127.0.0.1:63280", "wf-namespace-id": "d0b550e3-6091-4a9b-a9aa-3d80ffb24954", "wf-id": "temporal-sys-worker-deployment:rrentVersion_Batching-564e9892_deployment_series", "wf-run-id": "0195af0e-960d-715f-b6c6-08dcdf4b78ec", "queue-task-type": "TransferActivityTask", "queue-task-id": 1048854, "timestamp": "2025-03-19T15:38:46.341Z", "cursor-timestamp": "2025-03-19T15:38:47.331Z", "logging-call-at": "/Users/shivamsaraf/Desktop/work/temporal/common/log/with_logger.go:61"}
2025-03-19T11:38:46.344-0400	debug	update state change	{"host": "127.0.0.1:63280", "shard-id": 1, "address": "127.0.0.1:63280", "wf-namespace-id": "d0b550e3-6091-4a9b-a9aa-3d80ffb24954", "wf-id": "temporal-sys-worker-deployment:rrentVersion_Batching-564e9892_deployment_series", "wf-run-id": "0195af0e-960d-715f-b6c6-08dcdf4b78ec", "update-id": "ea0527ef-6733-4fcf-ae7a-c3ad034fab46", "from-state": "ProvisionallyCompleted", "to-state": "Completed", "logging-call-at": "/Users/shivamsaraf/Desktop/work/temporal/common/log/with_logger.go:61"}
2025-03-19T11:38:46.345-0400	debug	deployment client success	{"host": "127.0.0.1:63279", "operation": "RegisterTaskQueueWorker", "elapsed": 2.82478525, "args": ["rrentVersion_Batching-564e9892_task_queue_15",1,"matching service"], "logging-call-at": "/Users/shivamsaraf/Desktop/work/temporal/common/log/with_logger.go:61"}
2025-03-19T11:38:46.345-0400	debug	Process task as active.	{"host": "127.0.0.1:63280", "shard-id": 1, "address": "127.0.0.1:63280", "component": "transfer-queue-processor", "wf-namespace-id": "d0b550e3-6091-4a9b-a9aa-3d80ffb24954", "value": "d0b550e3-6091-4a9b-a9aa-3d80ffb24954/temporal-sys-worker-deployment:rrentVersion_Batching-564e9892_deployment_series/0195af0e-960d-715f-b6c6-08dcdf4b78ec", "logging-call-at": "/Users/shivamsaraf/Desktop/work/temporal/common/log/with_logger.go:61"}
2025-03-19T11:38:46.346-0400	debug	Assigning new task key	{"host": "127.0.0.1:63280", "shard-id": 1, "address": "127.0.0.1:63280", "wf-namespace-id": "d0b550e3-6091-4a9b-a9aa-3d80ffb24954", "wf-id": "temporal-sys-worker-deployment:rrentVersion_Batching-564e9892_deployment_series", "wf-run-id": "0195af0e-960d-715f-b6c6-08dcdf4b78ec", "queue-task-type": "ActivityTimeout", "queue-task-id": 1048856, "timestamp": "2025-03-19T15:39:46.347Z", "cursor-timestamp": "2025-03-19T15:38:47.344Z", "logging-call-at": "/Users/shivamsaraf/Desktop/work/temporal/common/log/with_logger.go:61"}
2025-03-19T11:38:46.350-0400	debug	Frontend method invoked.	{"host": "127.0.0.1:63278", "wf-namespace": "namespace-ec265ab4-426c-4316-a4b3-47fc66311932", "operation": "PollActivityTaskQueue", "server-name": "", "cert-thumbprint": "", "logging-call-at": "/Users/shivamsaraf/Desktop/work/temporal/common/log/with_logger.go:61"}
2025-03-19T11:38:46.350-0400	debug	Received PollActivityTaskQueue	{"host": "127.0.0.1:63278", "service": "frontend", "logging-call-at": "/Users/shivamsaraf/Desktop/work/temporal/common/log/with_logger.go:61"}
2025-03-19T11:38:46.351-0400	debug	update state change	{"host": "127.0.0.1:63280", "shard-id": 4, "address": "127.0.0.1:63280", "wf-namespace-id": "d0b550e3-6091-4a9b-a9aa-3d80ffb24954", "wf-id": "temporal-sys-worker-deployment-version:rrentVersion_Batching-564e9892_deployment_series.rrentVersion_Batching-564e9892_build_id", "wf-run-id": "0195af0e-98a0-7d94-93e5-2a1d2e5942f8", "update-id": "57d2f3db-3230-48c7-9f88-018f4e609d96", "from-state": "Created", "to-state": "ProvisionallyAdmitted", "logging-call-at": "/Users/shivamsaraf/Desktop/work/temporal/common/log/with_logger.go:61"}
2025-03-19T11:38:46.351-0400	debug	update state change	{"host": "127.0.0.1:63280", "shard-id": 4, "address": "127.0.0.1:63280", "wf-namespace-id": "d0b550e3-6091-4a9b-a9aa-3d80ffb24954", "wf-id": "temporal-sys-worker-deployment-version:rrentVersion_Batching-564e9892_deployment_series.rrentVersion_Batching-564e9892_build_id", "wf-run-id": "0195af0e-98a0-7d94-93e5-2a1d2e5942f8", "update-id": "57d2f3db-3230-48c7-9f88-018f4e609d96", "from-state": "ProvisionallyAdmitted", "to-state": "Admitted", "logging-call-at": "/Users/shivamsaraf/Desktop/work/temporal/common/log/with_logger.go:61"}
2025-03-19T11:38:46.351-0400	debug	Workflow task updated	{"host": "127.0.0.1:63280", "shard-id": 4, "address": "127.0.0.1:63280", "wf-scheduled-event-id": 198, "wf-started-event-id": 0, "workflow-task-request-id": "emptyUuid", "workflow-task-timeout": 10, "attempt": 1, "wf-started-timestamp": "0001-01-01T00:00:00.000Z", "wt-type": "Speculative", "logging-call-at": "/Users/shivamsaraf/Desktop/work/temporal/common/log/with_logger.go:61"}
2025-03-19T11:38:46.352-0400	debug	Workflow task updated	{"host": "127.0.0.1:63280", "shard-id": 4, "address": "127.0.0.1:63280", "wf-scheduled-event-id": 198, "wf-started-event-id": 199, "workflow-task-request-id": "3ff49711-0fc8-449f-8996-5f9c6e23be4a", "workflow-task-timeout": 10, "attempt": 1, "wf-started-timestamp": "2025-03-19T15:38:46.352Z", "wt-type": "Speculative", "logging-call-at": "/Users/shivamsaraf/Desktop/work/temporal/common/log/with_logger.go:61"}
2025-03-19T11:38:46.352-0400	debug	update state change	{"host": "127.0.0.1:63280", "shard-id": 4, "address": "127.0.0.1:63280", "wf-namespace-id": "d0b550e3-6091-4a9b-a9aa-3d80ffb24954", "wf-id": "temporal-sys-worker-deployment-version:rrentVersion_Batching-564e9892_deployment_series.rrentVersion_Batching-564e9892_build_id", "wf-run-id": "0195af0e-98a0-7d94-93e5-2a1d2e5942f8", "update-id": "57d2f3db-3230-48c7-9f88-018f4e609d96", "from-state": "Admitted", "to-state": "Sent", "logging-call-at": "/Users/shivamsaraf/Desktop/work/temporal/common/log/with_logger.go:61"}
2025-03-19T11:38:46.355-0400	debug	ExecuteActivity	{"host": "127.0.0.1:63281", "Namespace": "namespace-ec265ab4-426c-4316-a4b3-47fc66311932", "TaskQueue": "temporal-sys-per-ns-tq", "WorkerID": "temporal-system@Shivams-MacBook-Pro.local@namespace-ec265ab4-426c-4316-a4b3-47fc66311932", "WorkflowType": "temporal-sys-worker-deployment-version-workflow", "WorkflowID": "temporal-sys-worker-deployment-version:rrentVersion_Batching-564e9892_deployment_series.rrentVersion_Batching-564e9892_build_id", "RunID": "0195af0e-98a0-7d94-93e5-2a1d2e5942f8", "Attempt": 0, "ActivityID": "202", "ActivityType": "SyncDeploymentVersionUserData", "logging-call-at": "/Users/shivamsaraf/Desktop/work/temporal/common/log/with_logger.go:61"}
2025-03-19T11:38:46.355-0400	debug	Frontend method invoked.	{"host": "127.0.0.1:63278", "wf-namespace": "namespace-ec265ab4-426c-4316-a4b3-47fc66311932", "operation": "PollWorkflowTaskQueue", "server-name": "", "cert-thumbprint": "", "logging-call-at": "/Users/shivamsaraf/Desktop/work/temporal/common/log/with_logger.go:61"}
2025-03-19T11:38:46.355-0400	debug	Received PollWorkflowTaskQueue	{"host": "127.0.0.1:63278", "service": "frontend", "logging-call-at": "/Users/shivamsaraf/Desktop/work/temporal/common/log/with_logger.go:61"}
2025-03-19T11:38:46.355-0400	debug	Poll workflow task queue.	{"host": "127.0.0.1:63278", "service": "frontend", "wf-namespace": "namespace-ec265ab4-426c-4316-a4b3-47fc66311932", "wf-namespace-id": "d0b550e3-6091-4a9b-a9aa-3d80ffb24954", "logging-call-at": "/Users/shivamsaraf/Desktop/work/temporal/common/log/with_logger.go:61"}
2025-03-19T11:38:46.356-0400	debug	Frontend method invoked.	{"host": "127.0.0.1:63278", "wf-namespace": "namespace-ec265ab4-426c-4316-a4b3-47fc66311932", "operation": "RespondWorkflowTaskCompleted", "server-name": "", "cert-thumbprint": "", "logging-call-at": "/Users/shivamsaraf/Desktop/work/temporal/common/log/with_logger.go:61"}
2025-03-19T11:38:46.356-0400	debug	RespondWorkflowTaskCompleted	{"host": "127.0.0.1:63280", "service": "history", "wf-namespace-id": "d0b550e3-6091-4a9b-a9aa-3d80ffb24954", "wf-id": "temporal-sys-worker-deployment-version:rrentVersion_Batching-564e9892_deployment_series.rrentVersion_Batching-564e9892_build_id", "wf-run-id": "0195af0e-98a0-7d94-93e5-2a1d2e5942f8", "wf-scheduled-event-id": 198, "logging-call-at": "/Users/shivamsaraf/Desktop/work/temporal/common/log/with_logger.go:61"}
2025-03-19T11:38:46.356-0400	debug	Workflow task updated	{"host": "127.0.0.1:63280", "shard-id": 4, "address": "127.0.0.1:63280", "wf-scheduled-event-id": 0, "wf-started-event-id": 0, "workflow-task-request-id": "emptyUuid", "workflow-task-timeout": 0, "attempt": 1, "wf-started-timestamp": "1970-01-01T00:00:00.000Z", "wt-type": "Unspecified", "logging-call-at": "/Users/shivamsaraf/Desktop/work/temporal/common/log/with_logger.go:61"}
2025-03-19T11:38:46.356-0400	debug	update state change	{"host": "127.0.0.1:63280", "shard-id": 4, "address": "127.0.0.1:63280", "wf-namespace-id": "d0b550e3-6091-4a9b-a9aa-3d80ffb24954", "wf-id": "temporal-sys-worker-deployment-version:rrentVersion_Batching-564e9892_deployment_series.rrentVersion_Batching-564e9892_build_id", "wf-run-id": "0195af0e-98a0-7d94-93e5-2a1d2e5942f8", "update-id": "57d2f3db-3230-48c7-9f88-018f4e609d96", "from-state": "Sent", "to-state": "ProvisionallyAccepted", "logging-call-at": "/Users/shivamsaraf/Desktop/work/temporal/common/log/with_logger.go:61"}
2025-03-19T11:38:46.357-0400	debug	Assigning new task key	{"host": "127.0.0.1:63280", "shard-id": 4, "address": "127.0.0.1:63280", "wf-namespace-id": "d0b550e3-6091-4a9b-a9aa-3d80ffb24954", "wf-id": "temporal-sys-worker-deployment-version:rrentVersion_Batching-564e9892_deployment_series.rrentVersion_Batching-564e9892_build_id", "wf-run-id": "0195af0e-98a0-7d94-93e5-2a1d2e5942f8", "queue-task-type": "TransferActivityTask", "queue-task-id": 1049093, "timestamp": "2025-03-19T15:38:46.357Z", "cursor-timestamp": "2025-03-19T15:38:47.312Z", "logging-call-at": "/Users/shivamsaraf/Desktop/work/temporal/common/log/with_logger.go:61"}
2025-03-19T11:38:46.360-0400	debug	update state change	{"host": "127.0.0.1:63280", "shard-id": 4, "address": "127.0.0.1:63280", "wf-namespace-id": "d0b550e3-6091-4a9b-a9aa-3d80ffb24954", "wf-id": "temporal-sys-worker-deployment-version:rrentVersion_Batching-564e9892_deployment_series.rrentVersion_Batching-564e9892_build_id", "wf-run-id": "0195af0e-98a0-7d94-93e5-2a1d2e5942f8", "update-id": "57d2f3db-3230-48c7-9f88-018f4e609d96", "from-state": "ProvisionallyAccepted", "to-state": "Accepted", "logging-call-at": "/Users/shivamsaraf/Desktop/work/temporal/common/log/with_logger.go:61"}
2025-03-19T11:38:46.361-0400	debug	Process task as active.	{"host": "127.0.0.1:63280", "shard-id": 4, "address": "127.0.0.1:63280", "component": "transfer-queue-processor", "wf-namespace-id": "d0b550e3-6091-4a9b-a9aa-3d80ffb24954", "value": "d0b550e3-6091-4a9b-a9aa-3d80ffb24954/temporal-sys-worker-deployment-version:rrentVersion_Batching-564e9892_deployment_series.rrentVersion_Batching-564e9892_build_id/0195af0e-98a0-7d94-93e5-2a1d2e5942f8", "logging-call-at": "/Users/shivamsaraf/Desktop/work/temporal/common/log/with_logger.go:61"}
2025-03-19T11:38:46.361-0400	debug	Assigning new task key	{"host": "127.0.0.1:63280", "shard-id": 4, "address": "127.0.0.1:63280", "wf-namespace-id": "d0b550e3-6091-4a9b-a9aa-3d80ffb24954", "wf-id": "temporal-sys-worker-deployment-version:rrentVersion_Batching-564e9892_deployment_series.rrentVersion_Batching-564e9892_build_id", "wf-run-id": "0195af0e-98a0-7d94-93e5-2a1d2e5942f8", "queue-task-type": "ActivityTimeout", "queue-task-id": 1049094, "timestamp": "2025-03-19T15:39:46.362Z", "cursor-timestamp": "2025-03-19T15:38:47.360Z", "logging-call-at": "/Users/shivamsaraf/Desktop/work/temporal/common/log/with_logger.go:61"}
2025-03-19T11:38:46.365-0400	info	syncing task queue userdata for deployment version	{"host": "127.0.0.1:63281", "Namespace": "namespace-ec265ab4-426c-4316-a4b3-47fc66311932", "TaskQueue": "temporal-sys-per-ns-tq", "WorkerID": "temporal-system@Shivams-MacBook-Pro.local@namespace-ec265ab4-426c-4316-a4b3-47fc66311932", "ActivityID": "202", "ActivityType": "SyncDeploymentVersionUserData", "Attempt": 1, "WorkflowType": "temporal-sys-worker-deployment-version-workflow", "WorkflowID": "temporal-sys-worker-deployment-version:rrentVersion_Batching-564e9892_deployment_series.rrentVersion_Batching-564e9892_build_id", "RunID": "0195af0e-98a0-7d94-93e5-2a1d2e5942f8", "taskQueue": "rrentVersion_Batching-564e9892_task_queue_8", "types": [1], "logging-call-at": "/Users/shivamsaraf/Desktop/work/temporal/common/log/with_logger.go:66"}
2025-03-19T11:38:46.365-0400	debug	Frontend method invoked.	{"host": "127.0.0.1:63278", "wf-namespace": "namespace-ec265ab4-426c-4316-a4b3-47fc66311932", "operation": "PollActivityTaskQueue", "server-name": "", "cert-thumbprint": "", "logging-call-at": "/Users/shivamsaraf/Desktop/work/temporal/common/log/with_logger.go:61"}
2025-03-19T11:38:46.365-0400	debug	Received PollActivityTaskQueue	{"host": "127.0.0.1:63278", "service": "frontend", "logging-call-at": "/Users/shivamsaraf/Desktop/work/temporal/common/log/with_logger.go:61"}
2025-03-19T11:38:46.467-0400	info	modified user data	{"host": "127.0.0.1:63279", "component": "matching-engine", "wf-task-queue-name": "rrentVersion_Batching-564e9892_task_queue_8", "wf-task-queue-type": "Workflow", "wf-namespace": "namespace-ec265ab4-426c-4316-a4b3-47fc66311932", "user-data-update-source": "SyncDeploymentUserData", "user-data-version": 1, "timestamp": "2025-03-19T15:38:46.365Z", "logging-call-at": "/Users/shivamsaraf/Desktop/work/temporal/common/log/with_logger.go:66"}
2025-03-19T11:38:46.467-0400	debug	user data changed while blocked in long poll	{"host": "127.0.0.1:63279", "component": "matching-engine", "wf-task-queue-name": "rrentVersion_Batching-564e9892_task_queue_8", "wf-task-queue-type": "Workflow", "wf-namespace": "namespace-ec265ab4-426c-4316-a4b3-47fc66311932", "logging-call-at": "/Users/shivamsaraf/Desktop/work/temporal/common/log/with_logger.go:61"}
2025-03-19T11:38:46.467-0400	debug	user data changed while blocked in long poll	{"host": "127.0.0.1:63279", "component": "matching-engine", "wf-task-queue-name": "rrentVersion_Batching-564e9892_task_queue_8", "wf-task-queue-type": "Workflow", "wf-namespace": "namespace-ec265ab4-426c-4316-a4b3-47fc66311932", "logging-call-at": "/Users/shivamsaraf/Desktop/work/temporal/common/log/with_logger.go:61"}
2025-03-19T11:38:46.467-0400	info	returning user data	{"host": "127.0.0.1:63279", "component": "matching-engine", "wf-task-queue-name": "rrentVersion_Batching-564e9892_task_queue_8", "wf-task-queue-type": "Workflow", "wf-namespace": "namespace-ec265ab4-426c-4316-a4b3-47fc66311932", "long-poll": true, "request-known-version": 0, "user-data-version": 1, "logging-call-at": "/Users/shivamsaraf/Desktop/work/temporal/common/log/with_logger.go:66"}
2025-03-19T11:38:46.467-0400	debug	user data changed while blocked in long poll	{"host": "127.0.0.1:63279", "component": "matching-engine", "wf-task-queue-name": "rrentVersion_Batching-564e9892_task_queue_8", "wf-task-queue-type": "Workflow", "wf-namespace": "namespace-ec265ab4-426c-4316-a4b3-47fc66311932", "logging-call-at": "/Users/shivamsaraf/Desktop/work/temporal/common/log/with_logger.go:61"}
2025-03-19T11:38:46.467-0400	info	returning user data	{"host": "127.0.0.1:63279", "component": "matching-engine", "wf-task-queue-name": "rrentVersion_Batching-564e9892_task_queue_8", "wf-task-queue-type": "Workflow", "wf-namespace": "namespace-ec265ab4-426c-4316-a4b3-47fc66311932", "long-poll": true, "request-known-version": 0, "user-data-version": 1, "logging-call-at": "/Users/shivamsaraf/Desktop/work/temporal/common/log/with_logger.go:66"}
2025-03-19T11:38:46.468-0400	info	returning user data	{"host": "127.0.0.1:63279", "component": "matching-engine", "wf-task-queue-name": "rrentVersion_Batching-564e9892_task_queue_8", "wf-task-queue-type": "Workflow", "wf-namespace": "namespace-ec265ab4-426c-4316-a4b3-47fc66311932", "long-poll": true, "request-known-version": 0, "user-data-version": 1, "logging-call-at": "/Users/shivamsaraf/Desktop/work/temporal/common/log/with_logger.go:66"}
2025-03-19T11:38:46.468-0400	info	fetched user data from parent	{"host": "127.0.0.1:63279", "component": "matching-engine", "wf-task-queue-name": "/_sys/rrentVersion_Batching-564e9892_task_queue_8/2", "wf-task-queue-type": "Workflow", "wf-namespace": "namespace-ec265ab4-426c-4316-a4b3-47fc66311932", "user-data-version": 1, "timestamp": "2025-03-19T15:38:46.365Z", "logging-call-at": "/Users/shivamsaraf/Desktop/work/temporal/common/log/with_logger.go:66"}
2025-03-19T11:38:46.468-0400	info	fetched user data from parent	{"host": "127.0.0.1:63279", "component": "matching-engine", "wf-task-queue-name": "/_sys/rrentVersion_Batching-564e9892_task_queue_8/3", "wf-task-queue-type": "Workflow", "wf-namespace": "namespace-ec265ab4-426c-4316-a4b3-47fc66311932", "user-data-version": 1, "timestamp": "2025-03-19T15:38:46.365Z", "logging-call-at": "/Users/shivamsaraf/Desktop/work/temporal/common/log/with_logger.go:66"}
2025-03-19T11:38:46.468-0400	info	fetched user data from parent	{"host": "127.0.0.1:63279", "component": "matching-engine", "wf-task-queue-name": "/_sys/rrentVersion_Batching-564e9892_task_queue_8/1", "wf-task-queue-type": "Workflow", "wf-namespace": "namespace-ec265ab4-426c-4316-a4b3-47fc66311932", "user-data-version": 1, "timestamp": "2025-03-19T15:38:46.365Z", "logging-call-at": "/Users/shivamsaraf/Desktop/work/temporal/common/log/with_logger.go:66"}
2025-03-19T11:38:46.468-0400	debug	Frontend method invoked.	{"host": "127.0.0.1:63278", "wf-namespace": "namespace-ec265ab4-426c-4316-a4b3-47fc66311932", "operation": "RespondActivityTaskCompleted", "server-name": "", "cert-thumbprint": "", "logging-call-at": "/Users/shivamsaraf/Desktop/work/temporal/common/log/with_logger.go:61"}
2025-03-19T11:38:46.469-0400	debug	Workflow task updated	{"host": "127.0.0.1:63280", "shard-id": 4, "address": "127.0.0.1:63280", "wf-scheduled-event-id": 205, "wf-started-event-id": 0, "workflow-task-request-id": "emptyUuid", "workflow-task-timeout": 10, "attempt": 1, "wf-started-timestamp": "0001-01-01T00:00:00.000Z", "wt-type": "Normal", "logging-call-at": "/Users/shivamsaraf/Desktop/work/temporal/common/log/with_logger.go:61"}
2025-03-19T11:38:46.469-0400	debug	Assigning new task key	{"host": "127.0.0.1:63280", "shard-id": 4, "address": "127.0.0.1:63280", "wf-namespace-id": "d0b550e3-6091-4a9b-a9aa-3d80ffb24954", "wf-id": "temporal-sys-worker-deployment-version:rrentVersion_Batching-564e9892_deployment_series.rrentVersion_Batching-564e9892_build_id", "wf-run-id": "0195af0e-98a0-7d94-93e5-2a1d2e5942f8", "queue-task-type": "TransferWorkflowTask", "queue-task-id": 1049100, "timestamp": "2025-03-19T15:38:46.469Z", "cursor-timestamp": "2025-03-19T15:38:47.360Z", "logging-call-at": "/Users/shivamsaraf/Desktop/work/temporal/common/log/with_logger.go:61"}
2025-03-19T11:38:46.469-0400	debug	Assigning new task key	{"host": "127.0.0.1:63280", "shard-id": 4, "address": "127.0.0.1:63280", "wf-namespace-id": "d0b550e3-6091-4a9b-a9aa-3d80ffb24954", "wf-id": "temporal-sys-worker-deployment-version:rrentVersion_Batching-564e9892_deployment_series.rrentVersion_Batching-564e9892_build_id", "wf-run-id": "0195af0e-98a0-7d94-93e5-2a1d2e5942f8", "queue-task-type": "WorkflowTaskTimeout", "queue-task-id": 1049101, "timestamp": "2025-03-19T15:38:51.470Z", "cursor-timestamp": "2025-03-19T15:38:47.360Z", "logging-call-at": "/Users/shivamsaraf/Desktop/work/temporal/common/log/with_logger.go:61"}
2025-03-19T11:38:46.476-0400	debug	Process task as active.	{"host": "127.0.0.1:63280", "shard-id": 4, "address": "127.0.0.1:63280", "component": "transfer-queue-processor", "wf-namespace-id": "d0b550e3-6091-4a9b-a9aa-3d80ffb24954", "value": "d0b550e3-6091-4a9b-a9aa-3d80ffb24954/temporal-sys-worker-deployment-version:rrentVersion_Batching-564e9892_deployment_series.rrentVersion_Batching-564e9892_build_id/0195af0e-98a0-7d94-93e5-2a1d2e5942f8", "logging-call-at": "/Users/shivamsaraf/Desktop/work/temporal/common/log/with_logger.go:61"}
2025-03-19T11:38:46.477-0400	debug	Workflow task updated	{"host": "127.0.0.1:63280", "shard-id": 4, "address": "127.0.0.1:63280", "wf-scheduled-event-id": 205, "wf-started-event-id": 206, "workflow-task-request-id": "d1c582f0-81d9-40f8-9dce-64963d6921bf", "workflow-task-timeout": 10, "attempt": 1, "wf-started-timestamp": "2025-03-19T15:38:46.477Z", "wt-type": "Normal", "logging-call-at": "/Users/shivamsaraf/Desktop/work/temporal/common/log/with_logger.go:61"}
2025-03-19T11:38:46.477-0400	debug	Assigning new task key	{"host": "127.0.0.1:63280", "shard-id": 4, "address": "127.0.0.1:63280", "wf-namespace-id": "d0b550e3-6091-4a9b-a9aa-3d80ffb24954", "wf-id": "temporal-sys-worker-deployment-version:rrentVersion_Batching-564e9892_deployment_series.rrentVersion_Batching-564e9892_build_id", "wf-run-id": "0195af0e-98a0-7d94-93e5-2a1d2e5942f8", "queue-task-type": "WorkflowTaskTimeout", "queue-task-id": 1049104, "timestamp": "2025-03-19T15:38:56.478Z", "cursor-timestamp": "2025-03-19T15:38:47.475Z", "logging-call-at": "/Users/shivamsaraf/Desktop/work/temporal/common/log/with_logger.go:61"}
2025-03-19T11:38:46.486-0400	debug	ExecuteActivity	{"host": "127.0.0.1:63281", "Namespace": "namespace-ec265ab4-426c-4316-a4b3-47fc66311932", "TaskQueue": "temporal-sys-per-ns-tq", "WorkerID": "temporal-system@Shivams-MacBook-Pro.local@namespace-ec265ab4-426c-4316-a4b3-47fc66311932", "WorkflowType": "temporal-sys-worker-deployment-version-workflow", "WorkflowID": "temporal-sys-worker-deployment-version:rrentVersion_Batching-564e9892_deployment_series.rrentVersion_Batching-564e9892_build_id", "RunID": "0195af0e-98a0-7d94-93e5-2a1d2e5942f8", "Attempt": 0, "ActivityID": "208", "ActivityType": "CheckWorkerDeploymentUserDataPropagation", "logging-call-at": "/Users/shivamsaraf/Desktop/work/temporal/common/log/with_logger.go:61"}
2025-03-19T11:38:46.486-0400	debug	Frontend method invoked.	{"host": "127.0.0.1:63278", "wf-namespace": "namespace-ec265ab4-426c-4316-a4b3-47fc66311932", "operation": "PollWorkflowTaskQueue", "server-name": "", "cert-thumbprint": "", "logging-call-at": "/Users/shivamsaraf/Desktop/work/temporal/common/log/with_logger.go:61"}
2025-03-19T11:38:46.486-0400	debug	Received PollWorkflowTaskQueue	{"host": "127.0.0.1:63278", "service": "frontend", "logging-call-at": "/Users/shivamsaraf/Desktop/work/temporal/common/log/with_logger.go:61"}
2025-03-19T11:38:46.486-0400	debug	Poll workflow task queue.	{"host": "127.0.0.1:63278", "service": "frontend", "wf-namespace": "namespace-ec265ab4-426c-4316-a4b3-47fc66311932", "wf-namespace-id": "d0b550e3-6091-4a9b-a9aa-3d80ffb24954", "logging-call-at": "/Users/shivamsaraf/Desktop/work/temporal/common/log/with_logger.go:61"}
2025-03-19T11:38:46.486-0400	debug	Frontend method invoked.	{"host": "127.0.0.1:63278", "wf-namespace": "namespace-ec265ab4-426c-4316-a4b3-47fc66311932", "operation": "RespondWorkflowTaskCompleted", "server-name": "", "cert-thumbprint": "", "logging-call-at": "/Users/shivamsaraf/Desktop/work/temporal/common/log/with_logger.go:61"}
2025-03-19T11:38:46.487-0400	debug	RespondWorkflowTaskCompleted	{"host": "127.0.0.1:63280", "service": "history", "wf-namespace-id": "d0b550e3-6091-4a9b-a9aa-3d80ffb24954", "wf-id": "temporal-sys-worker-deployment-version:rrentVersion_Batching-564e9892_deployment_series.rrentVersion_Batching-564e9892_build_id", "wf-run-id": "0195af0e-98a0-7d94-93e5-2a1d2e5942f8", "wf-scheduled-event-id": 205, "logging-call-at": "/Users/shivamsaraf/Desktop/work/temporal/common/log/with_logger.go:61"}
2025-03-19T11:38:46.487-0400	debug	Workflow task updated	{"host": "127.0.0.1:63280", "shard-id": 4, "address": "127.0.0.1:63280", "wf-scheduled-event-id": 0, "wf-started-event-id": 0, "workflow-task-request-id": "emptyUuid", "workflow-task-timeout": 0, "attempt": 1, "wf-started-timestamp": "1970-01-01T00:00:00.000Z", "wt-type": "Unspecified", "logging-call-at": "/Users/shivamsaraf/Desktop/work/temporal/common/log/with_logger.go:61"}
2025-03-19T11:38:46.487-0400	debug	Assigning new task key	{"host": "127.0.0.1:63280", "shard-id": 4, "address": "127.0.0.1:63280", "wf-namespace-id": "d0b550e3-6091-4a9b-a9aa-3d80ffb24954", "wf-id": "temporal-sys-worker-deployment-version:rrentVersion_Batching-564e9892_deployment_series.rrentVersion_Batching-564e9892_build_id", "wf-run-id": "0195af0e-98a0-7d94-93e5-2a1d2e5942f8", "queue-task-type": "TransferActivityTask", "queue-task-id": 1049109, "timestamp": "2025-03-19T15:38:46.487Z", "cursor-timestamp": "2025-03-19T15:38:47.475Z", "logging-call-at": "/Users/shivamsaraf/Desktop/work/temporal/common/log/with_logger.go:61"}
2025-03-19T11:38:46.491-0400	debug	Process task as active.	{"host": "127.0.0.1:63280", "shard-id": 4, "address": "127.0.0.1:63280", "component": "transfer-queue-processor", "wf-namespace-id": "d0b550e3-6091-4a9b-a9aa-3d80ffb24954", "value": "d0b550e3-6091-4a9b-a9aa-3d80ffb24954/temporal-sys-worker-deployment-version:rrentVersion_Batching-564e9892_deployment_series.rrentVersion_Batching-564e9892_build_id/0195af0e-98a0-7d94-93e5-2a1d2e5942f8", "logging-call-at": "/Users/shivamsaraf/Desktop/work/temporal/common/log/with_logger.go:61"}
2025-03-19T11:38:46.492-0400	debug	Assigning new task key	{"host": "127.0.0.1:63280", "shard-id": 4, "address": "127.0.0.1:63280", "wf-namespace-id": "d0b550e3-6091-4a9b-a9aa-3d80ffb24954", "wf-id": "temporal-sys-worker-deployment-version:rrentVersion_Batching-564e9892_deployment_series.rrentVersion_Batching-564e9892_build_id", "wf-run-id": "0195af0e-98a0-7d94-93e5-2a1d2e5942f8", "queue-task-type": "ActivityTimeout", "queue-task-id": 1049110, "timestamp": "2025-03-19T15:39:46.493Z", "cursor-timestamp": "2025-03-19T15:38:47.491Z", "logging-call-at": "/Users/shivamsaraf/Desktop/work/temporal/common/log/with_logger.go:61"}
2025-03-19T11:38:46.496-0400	info	waiting for userdata propagation	{"host": "127.0.0.1:63281", "Namespace": "namespace-ec265ab4-426c-4316-a4b3-47fc66311932", "TaskQueue": "temporal-sys-per-ns-tq", "WorkerID": "temporal-system@Shivams-MacBook-Pro.local@namespace-ec265ab4-426c-4316-a4b3-47fc66311932", "ActivityID": "208", "ActivityType": "CheckWorkerDeploymentUserDataPropagation", "Attempt": 1, "WorkflowType": "temporal-sys-worker-deployment-version-workflow", "WorkflowID": "temporal-sys-worker-deployment-version:rrentVersion_Batching-564e9892_deployment_series.rrentVersion_Batching-564e9892_build_id", "RunID": "0195af0e-98a0-7d94-93e5-2a1d2e5942f8", "taskQueue": "rrentVersion_Batching-564e9892_task_queue_8", "version": 1, "logging-call-at": "/Users/shivamsaraf/Desktop/work/temporal/common/log/with_logger.go:66"}
2025-03-19T11:38:46.496-0400	debug	Frontend method invoked.	{"host": "127.0.0.1:63278", "wf-namespace": "namespace-ec265ab4-426c-4316-a4b3-47fc66311932", "operation": "PollActivityTaskQueue", "server-name": "", "cert-thumbprint": "", "logging-call-at": "/Users/shivamsaraf/Desktop/work/temporal/common/log/with_logger.go:61"}
2025-03-19T11:38:46.497-0400	debug	Received PollActivityTaskQueue	{"host": "127.0.0.1:63278", "service": "frontend", "logging-call-at": "/Users/shivamsaraf/Desktop/work/temporal/common/log/with_logger.go:61"}
2025-03-19T11:38:46.497-0400	info	returning user data	{"host": "127.0.0.1:63279", "component": "matching-engine", "wf-task-queue-name": "/_sys/rrentVersion_Batching-564e9892_task_queue_8/1", "wf-task-queue-type": "Workflow", "wf-namespace": "namespace-ec265ab4-426c-4316-a4b3-47fc66311932", "long-poll": true, "request-known-version": 0, "user-data-version": 1, "logging-call-at": "/Users/shivamsaraf/Desktop/work/temporal/common/log/with_logger.go:66"}
2025-03-19T11:38:46.497-0400	info	returning user data	{"host": "127.0.0.1:63279", "component": "matching-engine", "wf-task-queue-name": "/_sys/rrentVersion_Batching-564e9892_task_queue_8/2", "wf-task-queue-type": "Workflow", "wf-namespace": "namespace-ec265ab4-426c-4316-a4b3-47fc66311932", "long-poll": true, "request-known-version": 0, "user-data-version": 1, "logging-call-at": "/Users/shivamsaraf/Desktop/work/temporal/common/log/with_logger.go:66"}
2025-03-19T11:38:46.497-0400	info	returning user data	{"host": "127.0.0.1:63279", "component": "matching-engine", "wf-task-queue-name": "/_sys/rrentVersion_Batching-564e9892_task_queue_8/3", "wf-task-queue-type": "Workflow", "wf-namespace": "namespace-ec265ab4-426c-4316-a4b3-47fc66311932", "long-poll": true, "request-known-version": 0, "user-data-version": 1, "logging-call-at": "/Users/shivamsaraf/Desktop/work/temporal/common/log/with_logger.go:66"}
2025-03-19T11:38:46.497-0400	info	matching client encountered error	{"host": "127.0.0.1:63279", "error": "partition was not loaded", "service-error-type": "serviceerror.FailedPrecondition", "logging-call-at": "/Users/shivamsaraf/Desktop/work/temporal/common/log/with_logger.go:66"}
2025-03-19T11:38:46.497-0400	info	matching client encountered error	{"host": "127.0.0.1:63279", "error": "partition was not loaded", "service-error-type": "serviceerror.FailedPrecondition", "logging-call-at": "/Users/shivamsaraf/Desktop/work/temporal/common/log/with_logger.go:66"}
2025-03-19T11:38:46.497-0400	info	matching client encountered error	{"host": "127.0.0.1:63279", "error": "partition was not loaded", "service-error-type": "serviceerror.FailedPrecondition", "logging-call-at": "/Users/shivamsaraf/Desktop/work/temporal/common/log/with_logger.go:66"}
2025-03-19T11:38:46.497-0400	info	matching client encountered error	{"host": "127.0.0.1:63279", "error": "partition was not loaded", "service-error-type": "serviceerror.FailedPrecondition", "logging-call-at": "/Users/shivamsaraf/Desktop/work/temporal/common/log/with_logger.go:66"}
2025-03-19T11:38:46.498-0400	debug	Frontend method invoked.	{"host": "127.0.0.1:63278", "wf-namespace": "namespace-ec265ab4-426c-4316-a4b3-47fc66311932", "operation": "RespondActivityTaskCompleted", "server-name": "", "cert-thumbprint": "", "logging-call-at": "/Users/shivamsaraf/Desktop/work/temporal/common/log/with_logger.go:61"}
2025-03-19T11:38:46.498-0400	debug	Workflow task updated	{"host": "127.0.0.1:63280", "shard-id": 4, "address": "127.0.0.1:63280", "wf-scheduled-event-id": 211, "wf-started-event-id": 0, "workflow-task-request-id": "emptyUuid", "workflow-task-timeout": 10, "attempt": 1, "wf-started-timestamp": "0001-01-01T00:00:00.000Z", "wt-type": "Normal", "logging-call-at": "/Users/shivamsaraf/Desktop/work/temporal/common/log/with_logger.go:61"}
2025-03-19T11:38:46.499-0400	debug	Assigning new task key	{"host": "127.0.0.1:63280", "shard-id": 4, "address": "127.0.0.1:63280", "wf-namespace-id": "d0b550e3-6091-4a9b-a9aa-3d80ffb24954", "wf-id": "temporal-sys-worker-deployment-version:rrentVersion_Batching-564e9892_deployment_series.rrentVersion_Batching-564e9892_build_id", "wf-run-id": "0195af0e-98a0-7d94-93e5-2a1d2e5942f8", "queue-task-type": "TransferWorkflowTask", "queue-task-id": 1049116, "timestamp": "2025-03-19T15:38:46.499Z", "cursor-timestamp": "2025-03-19T15:38:47.491Z", "logging-call-at": "/Users/shivamsaraf/Desktop/work/temporal/common/log/with_logger.go:61"}
2025-03-19T11:38:46.499-0400	debug	Assigning new task key	{"host": "127.0.0.1:63280", "shard-id": 4, "address": "127.0.0.1:63280", "wf-namespace-id": "d0b550e3-6091-4a9b-a9aa-3d80ffb24954", "wf-id": "temporal-sys-worker-deployment-version:rrentVersion_Batching-564e9892_deployment_series.rrentVersion_Batching-564e9892_build_id", "wf-run-id": "0195af0e-98a0-7d94-93e5-2a1d2e5942f8", "queue-task-type": "WorkflowTaskTimeout", "queue-task-id": 1049117, "timestamp": "2025-03-19T15:38:51.499Z", "cursor-timestamp": "2025-03-19T15:38:47.491Z", "logging-call-at": "/Users/shivamsaraf/Desktop/work/temporal/common/log/with_logger.go:61"}
2025-03-19T11:38:46.503-0400	debug	Process task as active.	{"host": "127.0.0.1:63280", "shard-id": 4, "address": "127.0.0.1:63280", "component": "transfer-queue-processor", "wf-namespace-id": "d0b550e3-6091-4a9b-a9aa-3d80ffb24954", "value": "d0b550e3-6091-4a9b-a9aa-3d80ffb24954/temporal-sys-worker-deployment-version:rrentVersion_Batching-564e9892_deployment_series.rrentVersion_Batching-564e9892_build_id/0195af0e-98a0-7d94-93e5-2a1d2e5942f8", "logging-call-at": "/Users/shivamsaraf/Desktop/work/temporal/common/log/with_logger.go:61"}
2025-03-19T11:38:46.504-0400	debug	Workflow task updated	{"host": "127.0.0.1:63280", "shard-id": 4, "address": "127.0.0.1:63280", "wf-scheduled-event-id": 211, "wf-started-event-id": 212, "workflow-task-request-id": "fc941313-615a-4072-90cc-828bddc4e6b7", "workflow-task-timeout": 10, "attempt": 1, "wf-started-timestamp": "2025-03-19T15:38:46.504Z", "wt-type": "Normal", "logging-call-at": "/Users/shivamsaraf/Desktop/work/temporal/common/log/with_logger.go:61"}
2025-03-19T11:38:46.504-0400	debug	Assigning new task key	{"host": "127.0.0.1:63280", "shard-id": 4, "address": "127.0.0.1:63280", "wf-namespace-id": "d0b550e3-6091-4a9b-a9aa-3d80ffb24954", "wf-id": "temporal-sys-worker-deployment-version:rrentVersion_Batching-564e9892_deployment_series.rrentVersion_Batching-564e9892_build_id", "wf-run-id": "0195af0e-98a0-7d94-93e5-2a1d2e5942f8", "queue-task-type": "WorkflowTaskTimeout", "queue-task-id": 1049120, "timestamp": "2025-03-19T15:38:56.505Z", "cursor-timestamp": "2025-03-19T15:38:47.502Z", "logging-call-at": "/Users/shivamsaraf/Desktop/work/temporal/common/log/with_logger.go:61"}
2025-03-19T11:38:46.510-0400	debug	Frontend method invoked.	{"host": "127.0.0.1:63278", "wf-namespace": "namespace-ec265ab4-426c-4316-a4b3-47fc66311932", "operation": "PollWorkflowTaskQueue", "server-name": "", "cert-thumbprint": "", "logging-call-at": "/Users/shivamsaraf/Desktop/work/temporal/common/log/with_logger.go:61"}
2025-03-19T11:38:46.510-0400	debug	Received PollWorkflowTaskQueue	{"host": "127.0.0.1:63278", "service": "frontend", "logging-call-at": "/Users/shivamsaraf/Desktop/work/temporal/common/log/with_logger.go:61"}
2025-03-19T11:38:46.510-0400	debug	Frontend method invoked.	{"host": "127.0.0.1:63278", "wf-namespace": "namespace-ec265ab4-426c-4316-a4b3-47fc66311932", "operation": "RespondWorkflowTaskCompleted", "server-name": "", "cert-thumbprint": "", "logging-call-at": "/Users/shivamsaraf/Desktop/work/temporal/common/log/with_logger.go:61"}
2025-03-19T11:38:46.510-0400	debug	Poll workflow task queue.	{"host": "127.0.0.1:63278", "service": "frontend", "wf-namespace": "namespace-ec265ab4-426c-4316-a4b3-47fc66311932", "wf-namespace-id": "d0b550e3-6091-4a9b-a9aa-3d80ffb24954", "logging-call-at": "/Users/shivamsaraf/Desktop/work/temporal/common/log/with_logger.go:61"}
2025-03-19T11:38:46.511-0400	debug	RespondWorkflowTaskCompleted	{"host": "127.0.0.1:63280", "service": "history", "wf-namespace-id": "d0b550e3-6091-4a9b-a9aa-3d80ffb24954", "wf-id": "temporal-sys-worker-deployment-version:rrentVersion_Batching-564e9892_deployment_series.rrentVersion_Batching-564e9892_build_id", "wf-run-id": "0195af0e-98a0-7d94-93e5-2a1d2e5942f8", "wf-scheduled-event-id": 211, "logging-call-at": "/Users/shivamsaraf/Desktop/work/temporal/common/log/with_logger.go:61"}
2025-03-19T11:38:46.511-0400	debug	Workflow task updated	{"host": "127.0.0.1:63280", "shard-id": 4, "address": "127.0.0.1:63280", "wf-scheduled-event-id": 0, "wf-started-event-id": 0, "workflow-task-request-id": "emptyUuid", "workflow-task-timeout": 0, "attempt": 1, "wf-started-timestamp": "1970-01-01T00:00:00.000Z", "wt-type": "Unspecified", "logging-call-at": "/Users/shivamsaraf/Desktop/work/temporal/common/log/with_logger.go:61"}
2025-03-19T11:38:46.511-0400	debug	update state change	{"host": "127.0.0.1:63280", "shard-id": 4, "address": "127.0.0.1:63280", "wf-namespace-id": "d0b550e3-6091-4a9b-a9aa-3d80ffb24954", "wf-id": "temporal-sys-worker-deployment-version:rrentVersion_Batching-564e9892_deployment_series.rrentVersion_Batching-564e9892_build_id", "wf-run-id": "0195af0e-98a0-7d94-93e5-2a1d2e5942f8", "update-id": "57d2f3db-3230-48c7-9f88-018f4e609d96", "from-state": "Accepted", "to-state": "ProvisionallyCompleted", "logging-call-at": "/Users/shivamsaraf/Desktop/work/temporal/common/log/with_logger.go:61"}
2025-03-19T11:38:46.513-0400	debug	update state change	{"host": "127.0.0.1:63280", "shard-id": 4, "address": "127.0.0.1:63280", "wf-namespace-id": "d0b550e3-6091-4a9b-a9aa-3d80ffb24954", "wf-id": "temporal-sys-worker-deployment-version:rrentVersion_Batching-564e9892_deployment_series.rrentVersion_Batching-564e9892_build_id", "wf-run-id": "0195af0e-98a0-7d94-93e5-2a1d2e5942f8", "update-id": "57d2f3db-3230-48c7-9f88-018f4e609d96", "from-state": "ProvisionallyCompleted", "to-state": "Completed", "logging-call-at": "/Users/shivamsaraf/Desktop/work/temporal/common/log/with_logger.go:61"}
2025-03-19T11:38:46.514-0400	debug	Frontend method invoked.	{"host": "127.0.0.1:63278", "wf-namespace": "namespace-ec265ab4-426c-4316-a4b3-47fc66311932", "operation": "RespondActivityTaskCompleted", "server-name": "", "cert-thumbprint": "", "logging-call-at": "/Users/shivamsaraf/Desktop/work/temporal/common/log/with_logger.go:61"}
2025-03-19T11:38:46.515-0400	debug	Workflow task updated	{"host": "127.0.0.1:63280", "shard-id": 1, "address": "127.0.0.1:63280", "wf-scheduled-event-id": 137, "wf-started-event-id": 0, "workflow-task-request-id": "emptyUuid", "workflow-task-timeout": 10, "attempt": 1, "wf-started-timestamp": "0001-01-01T00:00:00.000Z", "wt-type": "Normal", "logging-call-at": "/Users/shivamsaraf/Desktop/work/temporal/common/log/with_logger.go:61"}
2025-03-19T11:38:46.515-0400	debug	Assigning new task key	{"host": "127.0.0.1:63280", "shard-id": 1, "address": "127.0.0.1:63280", "wf-namespace-id": "d0b550e3-6091-4a9b-a9aa-3d80ffb24954", "wf-id": "temporal-sys-worker-deployment:rrentVersion_Batching-564e9892_deployment_series", "wf-run-id": "0195af0e-960d-715f-b6c6-08dcdf4b78ec", "queue-task-type": "WorkflowTaskTimeout", "queue-task-id": 1048862, "timestamp": "2025-03-19T15:38:51.516Z", "cursor-timestamp": "2025-03-19T15:38:47.344Z", "logging-call-at": "/Users/shivamsaraf/Desktop/work/temporal/common/log/with_logger.go:61"}
2025-03-19T11:38:46.515-0400	debug	Assigning new task key	{"host": "127.0.0.1:63280", "shard-id": 1, "address": "127.0.0.1:63280", "wf-namespace-id": "d0b550e3-6091-4a9b-a9aa-3d80ffb24954", "wf-id": "temporal-sys-worker-deployment:rrentVersion_Batching-564e9892_deployment_series", "wf-run-id": "0195af0e-960d-715f-b6c6-08dcdf4b78ec", "queue-task-type": "TransferWorkflowTask", "queue-task-id": 1048863, "timestamp": "2025-03-19T15:38:46.515Z", "cursor-timestamp": "2025-03-19T15:38:47.344Z", "logging-call-at": "/Users/shivamsaraf/Desktop/work/temporal/common/log/with_logger.go:61"}
2025-03-19T11:38:46.519-0400	debug	Process task as active.	{"host": "127.0.0.1:63280", "shard-id": 1, "address": "127.0.0.1:63280", "component": "transfer-queue-processor", "wf-namespace-id": "d0b550e3-6091-4a9b-a9aa-3d80ffb24954", "value": "d0b550e3-6091-4a9b-a9aa-3d80ffb24954/temporal-sys-worker-deployment:rrentVersion_Batching-564e9892_deployment_series/0195af0e-960d-715f-b6c6-08dcdf4b78ec", "logging-call-at": "/Users/shivamsaraf/Desktop/work/temporal/common/log/with_logger.go:61"}
2025-03-19T11:38:46.520-0400	debug	Workflow task updated	{"host": "127.0.0.1:63280", "shard-id": 1, "address": "127.0.0.1:63280", "wf-scheduled-event-id": 137, "wf-started-event-id": 138, "workflow-task-request-id": "e97742db-89b0-4010-b187-3ea2d128e5fc", "workflow-task-timeout": 10, "attempt": 1, "wf-started-timestamp": "2025-03-19T15:38:46.520Z", "wt-type": "Normal", "logging-call-at": "/Users/shivamsaraf/Desktop/work/temporal/common/log/with_logger.go:61"}
2025-03-19T11:38:46.520-0400	debug	Assigning new task key	{"host": "127.0.0.1:63280", "shard-id": 1, "address": "127.0.0.1:63280", "wf-namespace-id": "d0b550e3-6091-4a9b-a9aa-3d80ffb24954", "wf-id": "temporal-sys-worker-deployment:rrentVersion_Batching-564e9892_deployment_series", "wf-run-id": "0195af0e-960d-715f-b6c6-08dcdf4b78ec", "queue-task-type": "WorkflowTaskTimeout", "queue-task-id": 1048866, "timestamp": "2025-03-19T15:38:56.521Z", "cursor-timestamp": "2025-03-19T15:38:47.518Z", "logging-call-at": "/Users/shivamsaraf/Desktop/work/temporal/common/log/with_logger.go:61"}
2025-03-19T11:38:46.526-0400	debug	ExecuteActivity	{"host": "127.0.0.1:63281", "Namespace": "namespace-ec265ab4-426c-4316-a4b3-47fc66311932", "TaskQueue": "temporal-sys-per-ns-tq", "WorkerID": "temporal-system@Shivams-MacBook-Pro.local@namespace-ec265ab4-426c-4316-a4b3-47fc66311932", "WorkflowType": "temporal-sys-worker-deployment-workflow", "WorkflowID": "temporal-sys-worker-deployment:rrentVersion_Batching-564e9892_deployment_series", "RunID": "0195af0e-960d-715f-b6c6-08dcdf4b78ec", "Attempt": 0, "ActivityID": "141", "ActivityType": "RegisterWorkerInVersion", "logging-call-at": "/Users/shivamsaraf/Desktop/work/temporal/common/log/with_logger.go:61"}
2025-03-19T11:38:46.526-0400	debug	Frontend method invoked.	{"host": "127.0.0.1:63278", "wf-namespace": "namespace-ec265ab4-426c-4316-a4b3-47fc66311932", "operation": "PollWorkflowTaskQueue", "server-name": "", "cert-thumbprint": "", "logging-call-at": "/Users/shivamsaraf/Desktop/work/temporal/common/log/with_logger.go:61"}
2025-03-19T11:38:46.526-0400	debug	Received PollWorkflowTaskQueue	{"host": "127.0.0.1:63278", "service": "frontend", "logging-call-at": "/Users/shivamsaraf/Desktop/work/temporal/common/log/with_logger.go:61"}
2025-03-19T11:38:46.526-0400	debug	Poll workflow task queue.	{"host": "127.0.0.1:63278", "service": "frontend", "wf-namespace": "namespace-ec265ab4-426c-4316-a4b3-47fc66311932", "wf-namespace-id": "d0b550e3-6091-4a9b-a9aa-3d80ffb24954", "logging-call-at": "/Users/shivamsaraf/Desktop/work/temporal/common/log/with_logger.go:61"}
2025-03-19T11:38:46.527-0400	debug	Frontend method invoked.	{"host": "127.0.0.1:63278", "wf-namespace": "namespace-ec265ab4-426c-4316-a4b3-47fc66311932", "operation": "RespondWorkflowTaskCompleted", "server-name": "", "cert-thumbprint": "", "logging-call-at": "/Users/shivamsaraf/Desktop/work/temporal/common/log/with_logger.go:61"}
2025-03-19T11:38:46.527-0400	debug	RespondWorkflowTaskCompleted	{"host": "127.0.0.1:63280", "service": "history", "wf-namespace-id": "d0b550e3-6091-4a9b-a9aa-3d80ffb24954", "wf-id": "temporal-sys-worker-deployment:rrentVersion_Batching-564e9892_deployment_series", "wf-run-id": "0195af0e-960d-715f-b6c6-08dcdf4b78ec", "wf-scheduled-event-id": 137, "logging-call-at": "/Users/shivamsaraf/Desktop/work/temporal/common/log/with_logger.go:61"}
2025-03-19T11:38:46.527-0400	debug	Workflow task updated	{"host": "127.0.0.1:63280", "shard-id": 1, "address": "127.0.0.1:63280", "wf-scheduled-event-id": 0, "wf-started-event-id": 0, "workflow-task-request-id": "emptyUuid", "workflow-task-timeout": 0, "attempt": 1, "wf-started-timestamp": "1970-01-01T00:00:00.000Z", "wt-type": "Unspecified", "logging-call-at": "/Users/shivamsaraf/Desktop/work/temporal/common/log/with_logger.go:61"}
2025-03-19T11:38:46.527-0400	debug	update state change	{"host": "127.0.0.1:63280", "shard-id": 1, "address": "127.0.0.1:63280", "wf-namespace-id": "d0b550e3-6091-4a9b-a9aa-3d80ffb24954", "wf-id": "temporal-sys-worker-deployment:rrentVersion_Batching-564e9892_deployment_series", "wf-run-id": "0195af0e-960d-715f-b6c6-08dcdf4b78ec", "update-id": "c34494a9-38b9-4608-aef4-c140d3f849bb", "from-state": "Accepted", "to-state": "ProvisionallyCompleted", "logging-call-at": "/Users/shivamsaraf/Desktop/work/temporal/common/log/with_logger.go:61"}
2025-03-19T11:38:46.528-0400	debug	Assigning new task key	{"host": "127.0.0.1:63280", "shard-id": 1, "address": "127.0.0.1:63280", "wf-namespace-id": "d0b550e3-6091-4a9b-a9aa-3d80ffb24954", "wf-id": "temporal-sys-worker-deployment:rrentVersion_Batching-564e9892_deployment_series", "wf-run-id": "0195af0e-960d-715f-b6c6-08dcdf4b78ec", "queue-task-type": "TransferActivityTask", "queue-task-id": 1048872, "timestamp": "2025-03-19T15:38:46.528Z", "cursor-timestamp": "2025-03-19T15:38:47.518Z", "logging-call-at": "/Users/shivamsaraf/Desktop/work/temporal/common/log/with_logger.go:61"}
2025-03-19T11:38:46.531-0400	debug	update state change	{"host": "127.0.0.1:63280", "shard-id": 1, "address": "127.0.0.1:63280", "wf-namespace-id": "d0b550e3-6091-4a9b-a9aa-3d80ffb24954", "wf-id": "temporal-sys-worker-deployment:rrentVersion_Batching-564e9892_deployment_series", "wf-run-id": "0195af0e-960d-715f-b6c6-08dcdf4b78ec", "update-id": "c34494a9-38b9-4608-aef4-c140d3f849bb", "from-state": "ProvisionallyCompleted", "to-state": "Completed", "logging-call-at": "/Users/shivamsaraf/Desktop/work/temporal/common/log/with_logger.go:61"}
2025-03-19T11:38:46.531-0400	debug	deployment client success	{"host": "127.0.0.1:63279", "operation": "RegisterTaskQueueWorker", "elapsed": 2.997021333, "args": ["rrentVersion_Batching-564e9892_task_queue_8",1,"matching service"], "logging-call-at": "/Users/shivamsaraf/Desktop/work/temporal/common/log/with_logger.go:61"}
2025-03-19T11:38:46.531-0400	debug	Process task as active.	{"host": "127.0.0.1:63280", "shard-id": 1, "address": "127.0.0.1:63280", "component": "transfer-queue-processor", "wf-namespace-id": "d0b550e3-6091-4a9b-a9aa-3d80ffb24954", "value": "d0b550e3-6091-4a9b-a9aa-3d80ffb24954/temporal-sys-worker-deployment:rrentVersion_Batching-564e9892_deployment_series/0195af0e-960d-715f-b6c6-08dcdf4b78ec", "logging-call-at": "/Users/shivamsaraf/Desktop/work/temporal/common/log/with_logger.go:61"}
2025-03-19T11:38:46.532-0400	debug	Assigning new task key	{"host": "127.0.0.1:63280", "shard-id": 1, "address": "127.0.0.1:63280", "wf-namespace-id": "d0b550e3-6091-4a9b-a9aa-3d80ffb24954", "wf-id": "temporal-sys-worker-deployment:rrentVersion_Batching-564e9892_deployment_series", "wf-run-id": "0195af0e-960d-715f-b6c6-08dcdf4b78ec", "queue-task-type": "ActivityTimeout", "queue-task-id": 1048874, "timestamp": "2025-03-19T15:39:46.533Z", "cursor-timestamp": "2025-03-19T15:38:47.531Z", "logging-call-at": "/Users/shivamsaraf/Desktop/work/temporal/common/log/with_logger.go:61"}
2025-03-19T11:38:46.536-0400	debug	Frontend method invoked.	{"host": "127.0.0.1:63278", "wf-namespace": "namespace-ec265ab4-426c-4316-a4b3-47fc66311932", "operation": "PollActivityTaskQueue", "server-name": "", "cert-thumbprint": "", "logging-call-at": "/Users/shivamsaraf/Desktop/work/temporal/common/log/with_logger.go:61"}
2025-03-19T11:38:46.536-0400	debug	Received PollActivityTaskQueue	{"host": "127.0.0.1:63278", "service": "frontend", "logging-call-at": "/Users/shivamsaraf/Desktop/work/temporal/common/log/with_logger.go:61"}
2025-03-19T11:38:46.537-0400	debug	update state change	{"host": "127.0.0.1:63280", "shard-id": 4, "address": "127.0.0.1:63280", "wf-namespace-id": "d0b550e3-6091-4a9b-a9aa-3d80ffb24954", "wf-id": "temporal-sys-worker-deployment-version:rrentVersion_Batching-564e9892_deployment_series.rrentVersion_Batching-564e9892_build_id", "wf-run-id": "0195af0e-98a0-7d94-93e5-2a1d2e5942f8", "update-id": "673785c1-1d4f-4010-97f8-b24827aea33f", "from-state": "Created", "to-state": "ProvisionallyAdmitted", "logging-call-at": "/Users/shivamsaraf/Desktop/work/temporal/common/log/with_logger.go:61"}
2025-03-19T11:38:46.537-0400	debug	update state change	{"host": "127.0.0.1:63280", "shard-id": 4, "address": "127.0.0.1:63280", "wf-namespace-id": "d0b550e3-6091-4a9b-a9aa-3d80ffb24954", "wf-id": "temporal-sys-worker-deployment-version:rrentVersion_Batching-564e9892_deployment_series.rrentVersion_Batching-564e9892_build_id", "wf-run-id": "0195af0e-98a0-7d94-93e5-2a1d2e5942f8", "update-id": "673785c1-1d4f-4010-97f8-b24827aea33f", "from-state": "ProvisionallyAdmitted", "to-state": "Admitted", "logging-call-at": "/Users/shivamsaraf/Desktop/work/temporal/common/log/with_logger.go:61"}
2025-03-19T11:38:46.537-0400	debug	Workflow task updated	{"host": "127.0.0.1:63280", "shard-id": 4, "address": "127.0.0.1:63280", "wf-scheduled-event-id": 215, "wf-started-event-id": 0, "workflow-task-request-id": "emptyUuid", "workflow-task-timeout": 10, "attempt": 1, "wf-started-timestamp": "0001-01-01T00:00:00.000Z", "wt-type": "Speculative", "logging-call-at": "/Users/shivamsaraf/Desktop/work/temporal/common/log/with_logger.go:61"}
2025-03-19T11:38:46.538-0400	debug	Workflow task updated	{"host": "127.0.0.1:63280", "shard-id": 4, "address": "127.0.0.1:63280", "wf-scheduled-event-id": 215, "wf-started-event-id": 216, "workflow-task-request-id": "91c9e16e-e33c-4515-9f7d-7ace1bb2ea48", "workflow-task-timeout": 10, "attempt": 1, "wf-started-timestamp": "2025-03-19T15:38:46.538Z", "wt-type": "Speculative", "logging-call-at": "/Users/shivamsaraf/Desktop/work/temporal/common/log/with_logger.go:61"}
2025-03-19T11:38:46.538-0400	debug	update state change	{"host": "127.0.0.1:63280", "shard-id": 4, "address": "127.0.0.1:63280", "wf-namespace-id": "d0b550e3-6091-4a9b-a9aa-3d80ffb24954", "wf-id": "temporal-sys-worker-deployment-version:rrentVersion_Batching-564e9892_deployment_series.rrentVersion_Batching-564e9892_build_id", "wf-run-id": "0195af0e-98a0-7d94-93e5-2a1d2e5942f8", "update-id": "673785c1-1d4f-4010-97f8-b24827aea33f", "from-state": "Admitted", "to-state": "Sent", "logging-call-at": "/Users/shivamsaraf/Desktop/work/temporal/common/log/with_logger.go:61"}
2025-03-19T11:38:46.541-0400	debug	ExecuteActivity	{"host": "127.0.0.1:63281", "Namespace": "namespace-ec265ab4-426c-4316-a4b3-47fc66311932", "TaskQueue": "temporal-sys-per-ns-tq", "WorkerID": "temporal-system@Shivams-MacBook-Pro.local@namespace-ec265ab4-426c-4316-a4b3-47fc66311932", "WorkflowType": "temporal-sys-worker-deployment-version-workflow", "WorkflowID": "temporal-sys-worker-deployment-version:rrentVersion_Batching-564e9892_deployment_series.rrentVersion_Batching-564e9892_build_id", "RunID": "0195af0e-98a0-7d94-93e5-2a1d2e5942f8", "Attempt": 0, "ActivityID": "219", "ActivityType": "SyncDeploymentVersionUserData", "logging-call-at": "/Users/shivamsaraf/Desktop/work/temporal/common/log/with_logger.go:61"}
2025-03-19T11:38:46.541-0400	debug	Frontend method invoked.	{"host": "127.0.0.1:63278", "wf-namespace": "namespace-ec265ab4-426c-4316-a4b3-47fc66311932", "operation": "PollWorkflowTaskQueue", "server-name": "", "cert-thumbprint": "", "logging-call-at": "/Users/shivamsaraf/Desktop/work/temporal/common/log/with_logger.go:61"}
2025-03-19T11:38:46.541-0400	debug	Received PollWorkflowTaskQueue	{"host": "127.0.0.1:63278", "service": "frontend", "logging-call-at": "/Users/shivamsaraf/Desktop/work/temporal/common/log/with_logger.go:61"}
2025-03-19T11:38:46.542-0400	debug	Poll workflow task queue.	{"host": "127.0.0.1:63278", "service": "frontend", "wf-namespace": "namespace-ec265ab4-426c-4316-a4b3-47fc66311932", "wf-namespace-id": "d0b550e3-6091-4a9b-a9aa-3d80ffb24954", "logging-call-at": "/Users/shivamsaraf/Desktop/work/temporal/common/log/with_logger.go:61"}
2025-03-19T11:38:46.542-0400	debug	Frontend method invoked.	{"host": "127.0.0.1:63278", "wf-namespace": "namespace-ec265ab4-426c-4316-a4b3-47fc66311932", "operation": "RespondWorkflowTaskCompleted", "server-name": "", "cert-thumbprint": "", "logging-call-at": "/Users/shivamsaraf/Desktop/work/temporal/common/log/with_logger.go:61"}
2025-03-19T11:38:46.542-0400	debug	RespondWorkflowTaskCompleted	{"host": "127.0.0.1:63280", "service": "history", "wf-namespace-id": "d0b550e3-6091-4a9b-a9aa-3d80ffb24954", "wf-id": "temporal-sys-worker-deployment-version:rrentVersion_Batching-564e9892_deployment_series.rrentVersion_Batching-564e9892_build_id", "wf-run-id": "0195af0e-98a0-7d94-93e5-2a1d2e5942f8", "wf-scheduled-event-id": 215, "logging-call-at": "/Users/shivamsaraf/Desktop/work/temporal/common/log/with_logger.go:61"}
2025-03-19T11:38:46.543-0400	debug	Workflow task updated	{"host": "127.0.0.1:63280", "shard-id": 4, "address": "127.0.0.1:63280", "wf-scheduled-event-id": 0, "wf-started-event-id": 0, "workflow-task-request-id": "emptyUuid", "workflow-task-timeout": 0, "attempt": 1, "wf-started-timestamp": "1970-01-01T00:00:00.000Z", "wt-type": "Unspecified", "logging-call-at": "/Users/shivamsaraf/Desktop/work/temporal/common/log/with_logger.go:61"}
2025-03-19T11:38:46.543-0400	debug	update state change	{"host": "127.0.0.1:63280", "shard-id": 4, "address": "127.0.0.1:63280", "wf-namespace-id": "d0b550e3-6091-4a9b-a9aa-3d80ffb24954", "wf-id": "temporal-sys-worker-deployment-version:rrentVersion_Batching-564e9892_deployment_series.rrentVersion_Batching-564e9892_build_id", "wf-run-id": "0195af0e-98a0-7d94-93e5-2a1d2e5942f8", "update-id": "673785c1-1d4f-4010-97f8-b24827aea33f", "from-state": "Sent", "to-state": "ProvisionallyAccepted", "logging-call-at": "/Users/shivamsaraf/Desktop/work/temporal/common/log/with_logger.go:61"}
2025-03-19T11:38:46.543-0400	debug	Assigning new task key	{"host": "127.0.0.1:63280", "shard-id": 4, "address": "127.0.0.1:63280", "wf-namespace-id": "d0b550e3-6091-4a9b-a9aa-3d80ffb24954", "wf-id": "temporal-sys-worker-deployment-version:rrentVersion_Batching-564e9892_deployment_series.rrentVersion_Batching-564e9892_build_id", "wf-run-id": "0195af0e-98a0-7d94-93e5-2a1d2e5942f8", "queue-task-type": "TransferActivityTask", "queue-task-id": 1049137, "timestamp": "2025-03-19T15:38:46.543Z", "cursor-timestamp": "2025-03-19T15:38:47.502Z", "logging-call-at": "/Users/shivamsaraf/Desktop/work/temporal/common/log/with_logger.go:61"}
2025-03-19T11:38:46.546-0400	debug	update state change	{"host": "127.0.0.1:63280", "shard-id": 4, "address": "127.0.0.1:63280", "wf-namespace-id": "d0b550e3-6091-4a9b-a9aa-3d80ffb24954", "wf-id": "temporal-sys-worker-deployment-version:rrentVersion_Batching-564e9892_deployment_series.rrentVersion_Batching-564e9892_build_id", "wf-run-id": "0195af0e-98a0-7d94-93e5-2a1d2e5942f8", "update-id": "673785c1-1d4f-4010-97f8-b24827aea33f", "from-state": "ProvisionallyAccepted", "to-state": "Accepted", "logging-call-at": "/Users/shivamsaraf/Desktop/work/temporal/common/log/with_logger.go:61"}
2025-03-19T11:38:46.547-0400	debug	Process task as active.	{"host": "127.0.0.1:63280", "shard-id": 4, "address": "127.0.0.1:63280", "component": "transfer-queue-processor", "wf-namespace-id": "d0b550e3-6091-4a9b-a9aa-3d80ffb24954", "value": "d0b550e3-6091-4a9b-a9aa-3d80ffb24954/temporal-sys-worker-deployment-version:rrentVersion_Batching-564e9892_deployment_series.rrentVersion_Batching-564e9892_build_id/0195af0e-98a0-7d94-93e5-2a1d2e5942f8", "logging-call-at": "/Users/shivamsaraf/Desktop/work/temporal/common/log/with_logger.go:61"}
2025-03-19T11:38:46.548-0400	debug	Assigning new task key	{"host": "127.0.0.1:63280", "shard-id": 4, "address": "127.0.0.1:63280", "wf-namespace-id": "d0b550e3-6091-4a9b-a9aa-3d80ffb24954", "wf-id": "temporal-sys-worker-deployment-version:rrentVersion_Batching-564e9892_deployment_series.rrentVersion_Batching-564e9892_build_id", "wf-run-id": "0195af0e-98a0-7d94-93e5-2a1d2e5942f8", "queue-task-type": "ActivityTimeout", "queue-task-id": 1049138, "timestamp": "2025-03-19T15:39:46.549Z", "cursor-timestamp": "2025-03-19T15:38:47.546Z", "logging-call-at": "/Users/shivamsaraf/Desktop/work/temporal/common/log/with_logger.go:61"}
2025-03-19T11:38:46.551-0400	info	syncing task queue userdata for deployment version	{"host": "127.0.0.1:63281", "Namespace": "namespace-ec265ab4-426c-4316-a4b3-47fc66311932", "TaskQueue": "temporal-sys-per-ns-tq", "WorkerID": "temporal-system@Shivams-MacBook-Pro.local@namespace-ec265ab4-426c-4316-a4b3-47fc66311932", "ActivityID": "219", "ActivityType": "SyncDeploymentVersionUserData", "Attempt": 1, "WorkflowType": "temporal-sys-worker-deployment-version-workflow", "WorkflowID": "temporal-sys-worker-deployment-version:rrentVersion_Batching-564e9892_deployment_series.rrentVersion_Batching-564e9892_build_id", "RunID": "0195af0e-98a0-7d94-93e5-2a1d2e5942f8", "taskQueue": "rrentVersion_Batching-564e9892_task_queue_29", "types": [1], "logging-call-at": "/Users/shivamsaraf/Desktop/work/temporal/common/log/with_logger.go:66"}
2025-03-19T11:38:46.552-0400	debug	Frontend method invoked.	{"host": "127.0.0.1:63278", "wf-namespace": "namespace-ec265ab4-426c-4316-a4b3-47fc66311932", "operation": "PollActivityTaskQueue", "server-name": "", "cert-thumbprint": "", "logging-call-at": "/Users/shivamsaraf/Desktop/work/temporal/common/log/with_logger.go:61"}
2025-03-19T11:38:46.552-0400	debug	Received PollActivityTaskQueue	{"host": "127.0.0.1:63278", "service": "frontend", "logging-call-at": "/Users/shivamsaraf/Desktop/work/temporal/common/log/with_logger.go:61"}
2025-03-19T11:38:46.654-0400	info	modified user data	{"host": "127.0.0.1:63279", "component": "matching-engine", "wf-task-queue-name": "rrentVersion_Batching-564e9892_task_queue_29", "wf-task-queue-type": "Workflow", "wf-namespace": "namespace-ec265ab4-426c-4316-a4b3-47fc66311932", "user-data-update-source": "SyncDeploymentUserData", "user-data-version": 1, "timestamp": "2025-03-19T15:38:46.552Z", "logging-call-at": "/Users/shivamsaraf/Desktop/work/temporal/common/log/with_logger.go:66"}
2025-03-19T11:38:46.655-0400	debug	user data changed while blocked in long poll	{"host": "127.0.0.1:63279", "component": "matching-engine", "wf-task-queue-name": "rrentVersion_Batching-564e9892_task_queue_29", "wf-task-queue-type": "Workflow", "wf-namespace": "namespace-ec265ab4-426c-4316-a4b3-47fc66311932", "logging-call-at": "/Users/shivamsaraf/Desktop/work/temporal/common/log/with_logger.go:61"}
2025-03-19T11:38:46.655-0400	debug	user data changed while blocked in long poll	{"host": "127.0.0.1:63279", "component": "matching-engine", "wf-task-queue-name": "rrentVersion_Batching-564e9892_task_queue_29", "wf-task-queue-type": "Workflow", "wf-namespace": "namespace-ec265ab4-426c-4316-a4b3-47fc66311932", "logging-call-at": "/Users/shivamsaraf/Desktop/work/temporal/common/log/with_logger.go:61"}
2025-03-19T11:38:46.655-0400	debug	user data changed while blocked in long poll	{"host": "127.0.0.1:63279", "component": "matching-engine", "wf-task-queue-name": "rrentVersion_Batching-564e9892_task_queue_29", "wf-task-queue-type": "Workflow", "wf-namespace": "namespace-ec265ab4-426c-4316-a4b3-47fc66311932", "logging-call-at": "/Users/shivamsaraf/Desktop/work/temporal/common/log/with_logger.go:61"}
2025-03-19T11:38:46.655-0400	info	returning user data	{"host": "127.0.0.1:63279", "component": "matching-engine", "wf-task-queue-name": "rrentVersion_Batching-564e9892_task_queue_29", "wf-task-queue-type": "Workflow", "wf-namespace": "namespace-ec265ab4-426c-4316-a4b3-47fc66311932", "long-poll": true, "request-known-version": 0, "user-data-version": 1, "logging-call-at": "/Users/shivamsaraf/Desktop/work/temporal/common/log/with_logger.go:66"}
2025-03-19T11:38:46.655-0400	info	returning user data	{"host": "127.0.0.1:63279", "component": "matching-engine", "wf-task-queue-name": "rrentVersion_Batching-564e9892_task_queue_29", "wf-task-queue-type": "Workflow", "wf-namespace": "namespace-ec265ab4-426c-4316-a4b3-47fc66311932", "long-poll": true, "request-known-version": 0, "user-data-version": 1, "logging-call-at": "/Users/shivamsaraf/Desktop/work/temporal/common/log/with_logger.go:66"}
2025-03-19T11:38:46.655-0400	info	returning user data	{"host": "127.0.0.1:63279", "component": "matching-engine", "wf-task-queue-name": "rrentVersion_Batching-564e9892_task_queue_29", "wf-task-queue-type": "Workflow", "wf-namespace": "namespace-ec265ab4-426c-4316-a4b3-47fc66311932", "long-poll": true, "request-known-version": 0, "user-data-version": 1, "logging-call-at": "/Users/shivamsaraf/Desktop/work/temporal/common/log/with_logger.go:66"}
2025-03-19T11:38:46.655-0400	info	fetched user data from parent	{"host": "127.0.0.1:63279", "component": "matching-engine", "wf-task-queue-name": "/_sys/rrentVersion_Batching-564e9892_task_queue_29/2", "wf-task-queue-type": "Workflow", "wf-namespace": "namespace-ec265ab4-426c-4316-a4b3-47fc66311932", "user-data-version": 1, "timestamp": "2025-03-19T15:38:46.552Z", "logging-call-at": "/Users/shivamsaraf/Desktop/work/temporal/common/log/with_logger.go:66"}
2025-03-19T11:38:46.655-0400	info	fetched user data from parent	{"host": "127.0.0.1:63279", "component": "matching-engine", "wf-task-queue-name": "/_sys/rrentVersion_Batching-564e9892_task_queue_29/3", "wf-task-queue-type": "Workflow", "wf-namespace": "namespace-ec265ab4-426c-4316-a4b3-47fc66311932", "user-data-version": 1, "timestamp": "2025-03-19T15:38:46.552Z", "logging-call-at": "/Users/shivamsaraf/Desktop/work/temporal/common/log/with_logger.go:66"}
2025-03-19T11:38:46.655-0400	debug	Frontend method invoked.	{"host": "127.0.0.1:63278", "wf-namespace": "namespace-ec265ab4-426c-4316-a4b3-47fc66311932", "operation": "RespondActivityTaskCompleted", "server-name": "", "cert-thumbprint": "", "logging-call-at": "/Users/shivamsaraf/Desktop/work/temporal/common/log/with_logger.go:61"}
2025-03-19T11:38:46.655-0400	info	fetched user data from parent	{"host": "127.0.0.1:63279", "component": "matching-engine", "wf-task-queue-name": "/_sys/rrentVersion_Batching-564e9892_task_queue_29/1", "wf-task-queue-type": "Workflow", "wf-namespace": "namespace-ec265ab4-426c-4316-a4b3-47fc66311932", "user-data-version": 1, "timestamp": "2025-03-19T15:38:46.552Z", "logging-call-at": "/Users/shivamsaraf/Desktop/work/temporal/common/log/with_logger.go:66"}
2025-03-19T11:38:46.656-0400	debug	Workflow task updated	{"host": "127.0.0.1:63280", "shard-id": 4, "address": "127.0.0.1:63280", "wf-scheduled-event-id": 222, "wf-started-event-id": 0, "workflow-task-request-id": "emptyUuid", "workflow-task-timeout": 10, "attempt": 1, "wf-started-timestamp": "0001-01-01T00:00:00.000Z", "wt-type": "Normal", "logging-call-at": "/Users/shivamsaraf/Desktop/work/temporal/common/log/with_logger.go:61"}
2025-03-19T11:38:46.656-0400	debug	Assigning new task key	{"host": "127.0.0.1:63280", "shard-id": 4, "address": "127.0.0.1:63280", "wf-namespace-id": "d0b550e3-6091-4a9b-a9aa-3d80ffb24954", "wf-id": "temporal-sys-worker-deployment-version:rrentVersion_Batching-564e9892_deployment_series.rrentVersion_Batching-564e9892_build_id", "wf-run-id": "0195af0e-98a0-7d94-93e5-2a1d2e5942f8", "queue-task-type": "WorkflowTaskTimeout", "queue-task-id": 1049144, "timestamp": "2025-03-19T15:38:51.657Z", "cursor-timestamp": "2025-03-19T15:38:47.546Z", "logging-call-at": "/Users/shivamsaraf/Desktop/work/temporal/common/log/with_logger.go:61"}
2025-03-19T11:38:46.656-0400	debug	Assigning new task key	{"host": "127.0.0.1:63280", "shard-id": 4, "address": "127.0.0.1:63280", "wf-namespace-id": "d0b550e3-6091-4a9b-a9aa-3d80ffb24954", "wf-id": "temporal-sys-worker-deployment-version:rrentVersion_Batching-564e9892_deployment_series.rrentVersion_Batching-564e9892_build_id", "wf-run-id": "0195af0e-98a0-7d94-93e5-2a1d2e5942f8", "queue-task-type": "TransferWorkflowTask", "queue-task-id": 1049145, "timestamp": "2025-03-19T15:38:46.656Z", "cursor-timestamp": "2025-03-19T15:38:47.546Z", "logging-call-at": "/Users/shivamsaraf/Desktop/work/temporal/common/log/with_logger.go:61"}
2025-03-19T11:38:46.662-0400	debug	Process task as active.	{"host": "127.0.0.1:63280", "shard-id": 4, "address": "127.0.0.1:63280", "component": "transfer-queue-processor", "wf-namespace-id": "d0b550e3-6091-4a9b-a9aa-3d80ffb24954", "value": "d0b550e3-6091-4a9b-a9aa-3d80ffb24954/temporal-sys-worker-deployment-version:rrentVersion_Batching-564e9892_deployment_series.rrentVersion_Batching-564e9892_build_id/0195af0e-98a0-7d94-93e5-2a1d2e5942f8", "logging-call-at": "/Users/shivamsaraf/Desktop/work/temporal/common/log/with_logger.go:61"}
2025-03-19T11:38:46.663-0400	debug	Workflow task updated	{"host": "127.0.0.1:63280", "shard-id": 4, "address": "127.0.0.1:63280", "wf-scheduled-event-id": 222, "wf-started-event-id": 223, "workflow-task-request-id": "b45ed069-fb9d-49af-9459-cf8ce16f33ef", "workflow-task-timeout": 10, "attempt": 1, "wf-started-timestamp": "2025-03-19T15:38:46.663Z", "wt-type": "Normal", "logging-call-at": "/Users/shivamsaraf/Desktop/work/temporal/common/log/with_logger.go:61"}
2025-03-19T11:38:46.663-0400	debug	Assigning new task key	{"host": "127.0.0.1:63280", "shard-id": 4, "address": "127.0.0.1:63280", "wf-namespace-id": "d0b550e3-6091-4a9b-a9aa-3d80ffb24954", "wf-id": "temporal-sys-worker-deployment-version:rrentVersion_Batching-564e9892_deployment_series.rrentVersion_Batching-564e9892_build_id", "wf-run-id": "0195af0e-98a0-7d94-93e5-2a1d2e5942f8", "queue-task-type": "WorkflowTaskTimeout", "queue-task-id": 1049148, "timestamp": "2025-03-19T15:38:56.664Z", "cursor-timestamp": "2025-03-19T15:38:47.661Z", "logging-call-at": "/Users/shivamsaraf/Desktop/work/temporal/common/log/with_logger.go:61"}
2025-03-19T11:38:46.672-0400	debug	ExecuteActivity	{"host": "127.0.0.1:63281", "Namespace": "namespace-ec265ab4-426c-4316-a4b3-47fc66311932", "TaskQueue": "temporal-sys-per-ns-tq", "WorkerID": "temporal-system@Shivams-MacBook-Pro.local@namespace-ec265ab4-426c-4316-a4b3-47fc66311932", "WorkflowType": "temporal-sys-worker-deployment-version-workflow", "WorkflowID": "temporal-sys-worker-deployment-version:rrentVersion_Batching-564e9892_deployment_series.rrentVersion_Batching-564e9892_build_id", "RunID": "0195af0e-98a0-7d94-93e5-2a1d2e5942f8", "Attempt": 0, "ActivityID": "225", "ActivityType": "CheckWorkerDeploymentUserDataPropagation", "logging-call-at": "/Users/shivamsaraf/Desktop/work/temporal/common/log/with_logger.go:61"}
2025-03-19T11:38:46.672-0400	debug	Frontend method invoked.	{"host": "127.0.0.1:63278", "wf-namespace": "namespace-ec265ab4-426c-4316-a4b3-47fc66311932", "operation": "PollWorkflowTaskQueue", "server-name": "", "cert-thumbprint": "", "logging-call-at": "/Users/shivamsaraf/Desktop/work/temporal/common/log/with_logger.go:61"}
2025-03-19T11:38:46.672-0400	debug	Received PollWorkflowTaskQueue	{"host": "127.0.0.1:63278", "service": "frontend", "logging-call-at": "/Users/shivamsaraf/Desktop/work/temporal/common/log/with_logger.go:61"}
2025-03-19T11:38:46.673-0400	debug	Poll workflow task queue.	{"host": "127.0.0.1:63278", "service": "frontend", "wf-namespace": "namespace-ec265ab4-426c-4316-a4b3-47fc66311932", "wf-namespace-id": "d0b550e3-6091-4a9b-a9aa-3d80ffb24954", "logging-call-at": "/Users/shivamsaraf/Desktop/work/temporal/common/log/with_logger.go:61"}
2025-03-19T11:38:46.673-0400	debug	Frontend method invoked.	{"host": "127.0.0.1:63278", "wf-namespace": "namespace-ec265ab4-426c-4316-a4b3-47fc66311932", "operation": "RespondWorkflowTaskCompleted", "server-name": "", "cert-thumbprint": "", "logging-call-at": "/Users/shivamsaraf/Desktop/work/temporal/common/log/with_logger.go:61"}
2025-03-19T11:38:46.673-0400	debug	RespondWorkflowTaskCompleted	{"host": "127.0.0.1:63280", "service": "history", "wf-namespace-id": "d0b550e3-6091-4a9b-a9aa-3d80ffb24954", "wf-id": "temporal-sys-worker-deployment-version:rrentVersion_Batching-564e9892_deployment_series.rrentVersion_Batching-564e9892_build_id", "wf-run-id": "0195af0e-98a0-7d94-93e5-2a1d2e5942f8", "wf-scheduled-event-id": 222, "logging-call-at": "/Users/shivamsaraf/Desktop/work/temporal/common/log/with_logger.go:61"}
2025-03-19T11:38:46.673-0400	debug	Workflow task updated	{"host": "127.0.0.1:63280", "shard-id": 4, "address": "127.0.0.1:63280", "wf-scheduled-event-id": 0, "wf-started-event-id": 0, "workflow-task-request-id": "emptyUuid", "workflow-task-timeout": 0, "attempt": 1, "wf-started-timestamp": "1970-01-01T00:00:00.000Z", "wt-type": "Unspecified", "logging-call-at": "/Users/shivamsaraf/Desktop/work/temporal/common/log/with_logger.go:61"}
2025-03-19T11:38:46.674-0400	debug	Assigning new task key	{"host": "127.0.0.1:63280", "shard-id": 4, "address": "127.0.0.1:63280", "wf-namespace-id": "d0b550e3-6091-4a9b-a9aa-3d80ffb24954", "wf-id": "temporal-sys-worker-deployment-version:rrentVersion_Batching-564e9892_deployment_series.rrentVersion_Batching-564e9892_build_id", "wf-run-id": "0195af0e-98a0-7d94-93e5-2a1d2e5942f8", "queue-task-type": "TransferActivityTask", "queue-task-id": 1049153, "timestamp": "2025-03-19T15:38:46.674Z", "cursor-timestamp": "2025-03-19T15:38:47.661Z", "logging-call-at": "/Users/shivamsaraf/Desktop/work/temporal/common/log/with_logger.go:61"}
2025-03-19T11:38:46.678-0400	debug	Process task as active.	{"host": "127.0.0.1:63280", "shard-id": 4, "address": "127.0.0.1:63280", "component": "transfer-queue-processor", "wf-namespace-id": "d0b550e3-6091-4a9b-a9aa-3d80ffb24954", "value": "d0b550e3-6091-4a9b-a9aa-3d80ffb24954/temporal-sys-worker-deployment-version:rrentVersion_Batching-564e9892_deployment_series.rrentVersion_Batching-564e9892_build_id/0195af0e-98a0-7d94-93e5-2a1d2e5942f8", "logging-call-at": "/Users/shivamsaraf/Desktop/work/temporal/common/log/with_logger.go:61"}
2025-03-19T11:38:46.679-0400	debug	Assigning new task key	{"host": "127.0.0.1:63280", "shard-id": 4, "address": "127.0.0.1:63280", "wf-namespace-id": "d0b550e3-6091-4a9b-a9aa-3d80ffb24954", "wf-id": "temporal-sys-worker-deployment-version:rrentVersion_Batching-564e9892_deployment_series.rrentVersion_Batching-564e9892_build_id", "wf-run-id": "0195af0e-98a0-7d94-93e5-2a1d2e5942f8", "queue-task-type": "ActivityTimeout", "queue-task-id": 1049154, "timestamp": "2025-03-19T15:39:46.680Z", "cursor-timestamp": "2025-03-19T15:38:47.677Z", "logging-call-at": "/Users/shivamsaraf/Desktop/work/temporal/common/log/with_logger.go:61"}
2025-03-19T11:38:46.683-0400	info	waiting for userdata propagation	{"host": "127.0.0.1:63281", "Namespace": "namespace-ec265ab4-426c-4316-a4b3-47fc66311932", "TaskQueue": "temporal-sys-per-ns-tq", "WorkerID": "temporal-system@Shivams-MacBook-Pro.local@namespace-ec265ab4-426c-4316-a4b3-47fc66311932", "ActivityID": "225", "ActivityType": "CheckWorkerDeploymentUserDataPropagation", "Attempt": 1, "WorkflowType": "temporal-sys-worker-deployment-version-workflow", "WorkflowID": "temporal-sys-worker-deployment-version:rrentVersion_Batching-564e9892_deployment_series.rrentVersion_Batching-564e9892_build_id", "RunID": "0195af0e-98a0-7d94-93e5-2a1d2e5942f8", "taskQueue": "rrentVersion_Batching-564e9892_task_queue_29", "version": 1, "logging-call-at": "/Users/shivamsaraf/Desktop/work/temporal/common/log/with_logger.go:66"}
2025-03-19T11:38:46.683-0400	debug	Frontend method invoked.	{"host": "127.0.0.1:63278", "wf-namespace": "namespace-ec265ab4-426c-4316-a4b3-47fc66311932", "operation": "PollActivityTaskQueue", "server-name": "", "cert-thumbprint": "", "logging-call-at": "/Users/shivamsaraf/Desktop/work/temporal/common/log/with_logger.go:61"}
2025-03-19T11:38:46.683-0400	debug	Received PollActivityTaskQueue	{"host": "127.0.0.1:63278", "service": "frontend", "logging-call-at": "/Users/shivamsaraf/Desktop/work/temporal/common/log/with_logger.go:61"}
2025-03-19T11:38:46.684-0400	info	returning user data	{"host": "127.0.0.1:63279", "component": "matching-engine", "wf-task-queue-name": "/_sys/rrentVersion_Batching-564e9892_task_queue_29/2", "wf-task-queue-type": "Workflow", "wf-namespace": "namespace-ec265ab4-426c-4316-a4b3-47fc66311932", "long-poll": true, "request-known-version": 0, "user-data-version": 1, "logging-call-at": "/Users/shivamsaraf/Desktop/work/temporal/common/log/with_logger.go:66"}
2025-03-19T11:38:46.684-0400	info	matching client encountered error	{"host": "127.0.0.1:63279", "error": "partition was not loaded", "service-error-type": "serviceerror.FailedPrecondition", "logging-call-at": "/Users/shivamsaraf/Desktop/work/temporal/common/log/with_logger.go:66"}
2025-03-19T11:38:46.684-0400	info	matching client encountered error	{"host": "127.0.0.1:63279", "error": "partition was not loaded", "service-error-type": "serviceerror.FailedPrecondition", "logging-call-at": "/Users/shivamsaraf/Desktop/work/temporal/common/log/with_logger.go:66"}
2025-03-19T11:38:46.684-0400	info	returning user data	{"host": "127.0.0.1:63279", "component": "matching-engine", "wf-task-queue-name": "/_sys/rrentVersion_Batching-564e9892_task_queue_29/1", "wf-task-queue-type": "Workflow", "wf-namespace": "namespace-ec265ab4-426c-4316-a4b3-47fc66311932", "long-poll": true, "request-known-version": 0, "user-data-version": 1, "logging-call-at": "/Users/shivamsaraf/Desktop/work/temporal/common/log/with_logger.go:66"}
2025-03-19T11:38:46.684-0400	info	returning user data	{"host": "127.0.0.1:63279", "component": "matching-engine", "wf-task-queue-name": "/_sys/rrentVersion_Batching-564e9892_task_queue_29/3", "wf-task-queue-type": "Workflow", "wf-namespace": "namespace-ec265ab4-426c-4316-a4b3-47fc66311932", "long-poll": true, "request-known-version": 0, "user-data-version": 1, "logging-call-at": "/Users/shivamsaraf/Desktop/work/temporal/common/log/with_logger.go:66"}
2025-03-19T11:38:46.684-0400	info	matching client encountered error	{"host": "127.0.0.1:63279", "error": "partition was not loaded", "service-error-type": "serviceerror.FailedPrecondition", "logging-call-at": "/Users/shivamsaraf/Desktop/work/temporal/common/log/with_logger.go:66"}
2025-03-19T11:38:46.684-0400	info	matching client encountered error	{"host": "127.0.0.1:63279", "error": "partition was not loaded", "service-error-type": "serviceerror.FailedPrecondition", "logging-call-at": "/Users/shivamsaraf/Desktop/work/temporal/common/log/with_logger.go:66"}
2025-03-19T11:38:46.684-0400	debug	Frontend method invoked.	{"host": "127.0.0.1:63278", "wf-namespace": "namespace-ec265ab4-426c-4316-a4b3-47fc66311932", "operation": "RespondActivityTaskCompleted", "server-name": "", "cert-thumbprint": "", "logging-call-at": "/Users/shivamsaraf/Desktop/work/temporal/common/log/with_logger.go:61"}
2025-03-19T11:38:46.685-0400	debug	Workflow task updated	{"host": "127.0.0.1:63280", "shard-id": 4, "address": "127.0.0.1:63280", "wf-scheduled-event-id": 228, "wf-started-event-id": 0, "workflow-task-request-id": "emptyUuid", "workflow-task-timeout": 10, "attempt": 1, "wf-started-timestamp": "0001-01-01T00:00:00.000Z", "wt-type": "Normal", "logging-call-at": "/Users/shivamsaraf/Desktop/work/temporal/common/log/with_logger.go:61"}
2025-03-19T11:38:46.685-0400	debug	Assigning new task key	{"host": "127.0.0.1:63280", "shard-id": 4, "address": "127.0.0.1:63280", "wf-namespace-id": "d0b550e3-6091-4a9b-a9aa-3d80ffb24954", "wf-id": "temporal-sys-worker-deployment-version:rrentVersion_Batching-564e9892_deployment_series.rrentVersion_Batching-564e9892_build_id", "wf-run-id": "0195af0e-98a0-7d94-93e5-2a1d2e5942f8", "queue-task-type": "WorkflowTaskTimeout", "queue-task-id": 1049160, "timestamp": "2025-03-19T15:38:51.686Z", "cursor-timestamp": "2025-03-19T15:38:47.677Z", "logging-call-at": "/Users/shivamsaraf/Desktop/work/temporal/common/log/with_logger.go:61"}
2025-03-19T11:38:46.685-0400	debug	Assigning new task key	{"host": "127.0.0.1:63280", "shard-id": 4, "address": "127.0.0.1:63280", "wf-namespace-id": "d0b550e3-6091-4a9b-a9aa-3d80ffb24954", "wf-id": "temporal-sys-worker-deployment-version:rrentVersion_Batching-564e9892_deployment_series.rrentVersion_Batching-564e9892_build_id", "wf-run-id": "0195af0e-98a0-7d94-93e5-2a1d2e5942f8", "queue-task-type": "TransferWorkflowTask", "queue-task-id": 1049161, "timestamp": "2025-03-19T15:38:46.685Z", "cursor-timestamp": "2025-03-19T15:38:47.677Z", "logging-call-at": "/Users/shivamsaraf/Desktop/work/temporal/common/log/with_logger.go:61"}
2025-03-19T11:38:46.689-0400	debug	Process task as active.	{"host": "127.0.0.1:63280", "shard-id": 4, "address": "127.0.0.1:63280", "component": "transfer-queue-processor", "wf-namespace-id": "d0b550e3-6091-4a9b-a9aa-3d80ffb24954", "value": "d0b550e3-6091-4a9b-a9aa-3d80ffb24954/temporal-sys-worker-deployment-version:rrentVersion_Batching-564e9892_deployment_series.rrentVersion_Batching-564e9892_build_id/0195af0e-98a0-7d94-93e5-2a1d2e5942f8", "logging-call-at": "/Users/shivamsaraf/Desktop/work/temporal/common/log/with_logger.go:61"}
2025-03-19T11:38:46.690-0400	debug	Workflow task updated	{"host": "127.0.0.1:63280", "shard-id": 4, "address": "127.0.0.1:63280", "wf-scheduled-event-id": 228, "wf-started-event-id": 229, "workflow-task-request-id": "cfde65df-a231-4335-a71a-218dd52c2f5d", "workflow-task-timeout": 10, "attempt": 1, "wf-started-timestamp": "2025-03-19T15:38:46.690Z", "wt-type": "Normal", "logging-call-at": "/Users/shivamsaraf/Desktop/work/temporal/common/log/with_logger.go:61"}
2025-03-19T11:38:46.690-0400	debug	Assigning new task key	{"host": "127.0.0.1:63280", "shard-id": 4, "address": "127.0.0.1:63280", "wf-namespace-id": "d0b550e3-6091-4a9b-a9aa-3d80ffb24954", "wf-id": "temporal-sys-worker-deployment-version:rrentVersion_Batching-564e9892_deployment_series.rrentVersion_Batching-564e9892_build_id", "wf-run-id": "0195af0e-98a0-7d94-93e5-2a1d2e5942f8", "queue-task-type": "WorkflowTaskTimeout", "queue-task-id": 1049164, "timestamp": "2025-03-19T15:38:56.691Z", "cursor-timestamp": "2025-03-19T15:38:47.689Z", "logging-call-at": "/Users/shivamsaraf/Desktop/work/temporal/common/log/with_logger.go:61"}
2025-03-19T11:38:46.697-0400	debug	Frontend method invoked.	{"host": "127.0.0.1:63278", "wf-namespace": "namespace-ec265ab4-426c-4316-a4b3-47fc66311932", "operation": "PollWorkflowTaskQueue", "server-name": "", "cert-thumbprint": "", "logging-call-at": "/Users/shivamsaraf/Desktop/work/temporal/common/log/with_logger.go:61"}
2025-03-19T11:38:46.697-0400	debug	Received PollWorkflowTaskQueue	{"host": "127.0.0.1:63278", "service": "frontend", "logging-call-at": "/Users/shivamsaraf/Desktop/work/temporal/common/log/with_logger.go:61"}
2025-03-19T11:38:46.697-0400	debug	Poll workflow task queue.	{"host": "127.0.0.1:63278", "service": "frontend", "wf-namespace": "namespace-ec265ab4-426c-4316-a4b3-47fc66311932", "wf-namespace-id": "d0b550e3-6091-4a9b-a9aa-3d80ffb24954", "logging-call-at": "/Users/shivamsaraf/Desktop/work/temporal/common/log/with_logger.go:61"}
2025-03-19T11:38:46.697-0400	debug	Frontend method invoked.	{"host": "127.0.0.1:63278", "wf-namespace": "namespace-ec265ab4-426c-4316-a4b3-47fc66311932", "operation": "RespondWorkflowTaskCompleted", "server-name": "", "cert-thumbprint": "", "logging-call-at": "/Users/shivamsaraf/Desktop/work/temporal/common/log/with_logger.go:61"}
2025-03-19T11:38:46.697-0400	debug	RespondWorkflowTaskCompleted	{"host": "127.0.0.1:63280", "service": "history", "wf-namespace-id": "d0b550e3-6091-4a9b-a9aa-3d80ffb24954", "wf-id": "temporal-sys-worker-deployment-version:rrentVersion_Batching-564e9892_deployment_series.rrentVersion_Batching-564e9892_build_id", "wf-run-id": "0195af0e-98a0-7d94-93e5-2a1d2e5942f8", "wf-scheduled-event-id": 228, "logging-call-at": "/Users/shivamsaraf/Desktop/work/temporal/common/log/with_logger.go:61"}
2025-03-19T11:38:46.697-0400	debug	Workflow task updated	{"host": "127.0.0.1:63280", "shard-id": 4, "address": "127.0.0.1:63280", "wf-scheduled-event-id": 0, "wf-started-event-id": 0, "workflow-task-request-id": "emptyUuid", "workflow-task-timeout": 0, "attempt": 1, "wf-started-timestamp": "1970-01-01T00:00:00.000Z", "wt-type": "Unspecified", "logging-call-at": "/Users/shivamsaraf/Desktop/work/temporal/common/log/with_logger.go:61"}
2025-03-19T11:38:46.697-0400	debug	update state change	{"host": "127.0.0.1:63280", "shard-id": 4, "address": "127.0.0.1:63280", "wf-namespace-id": "d0b550e3-6091-4a9b-a9aa-3d80ffb24954", "wf-id": "temporal-sys-worker-deployment-version:rrentVersion_Batching-564e9892_deployment_series.rrentVersion_Batching-564e9892_build_id", "wf-run-id": "0195af0e-98a0-7d94-93e5-2a1d2e5942f8", "update-id": "673785c1-1d4f-4010-97f8-b24827aea33f", "from-state": "Accepted", "to-state": "ProvisionallyCompleted", "logging-call-at": "/Users/shivamsaraf/Desktop/work/temporal/common/log/with_logger.go:61"}
2025-03-19T11:38:46.700-0400	debug	update state change	{"host": "127.0.0.1:63280", "shard-id": 4, "address": "127.0.0.1:63280", "wf-namespace-id": "d0b550e3-6091-4a9b-a9aa-3d80ffb24954", "wf-id": "temporal-sys-worker-deployment-version:rrentVersion_Batching-564e9892_deployment_series.rrentVersion_Batching-564e9892_build_id", "wf-run-id": "0195af0e-98a0-7d94-93e5-2a1d2e5942f8", "update-id": "673785c1-1d4f-4010-97f8-b24827aea33f", "from-state": "ProvisionallyCompleted", "to-state": "Completed", "logging-call-at": "/Users/shivamsaraf/Desktop/work/temporal/common/log/with_logger.go:61"}
2025-03-19T11:38:46.701-0400	debug	Frontend method invoked.	{"host": "127.0.0.1:63278", "wf-namespace": "namespace-ec265ab4-426c-4316-a4b3-47fc66311932", "operation": "RespondActivityTaskCompleted", "server-name": "", "cert-thumbprint": "", "logging-call-at": "/Users/shivamsaraf/Desktop/work/temporal/common/log/with_logger.go:61"}
2025-03-19T11:38:46.701-0400	debug	Workflow task updated	{"host": "127.0.0.1:63280", "shard-id": 1, "address": "127.0.0.1:63280", "wf-scheduled-event-id": 144, "wf-started-event-id": 0, "workflow-task-request-id": "emptyUuid", "workflow-task-timeout": 10, "attempt": 1, "wf-started-timestamp": "0001-01-01T00:00:00.000Z", "wt-type": "Normal", "logging-call-at": "/Users/shivamsaraf/Desktop/work/temporal/common/log/with_logger.go:61"}
2025-03-19T11:38:46.701-0400	debug	Assigning new task key	{"host": "127.0.0.1:63280", "shard-id": 1, "address": "127.0.0.1:63280", "wf-namespace-id": "d0b550e3-6091-4a9b-a9aa-3d80ffb24954", "wf-id": "temporal-sys-worker-deployment:rrentVersion_Batching-564e9892_deployment_series", "wf-run-id": "0195af0e-960d-715f-b6c6-08dcdf4b78ec", "queue-task-type": "WorkflowTaskTimeout", "queue-task-id": 1048880, "timestamp": "2025-03-19T15:38:51.702Z", "cursor-timestamp": "2025-03-19T15:38:47.531Z", "logging-call-at": "/Users/shivamsaraf/Desktop/work/temporal/common/log/with_logger.go:61"}
2025-03-19T11:38:46.701-0400	debug	Assigning new task key	{"host": "127.0.0.1:63280", "shard-id": 1, "address": "127.0.0.1:63280", "wf-namespace-id": "d0b550e3-6091-4a9b-a9aa-3d80ffb24954", "wf-id": "temporal-sys-worker-deployment:rrentVersion_Batching-564e9892_deployment_series", "wf-run-id": "0195af0e-960d-715f-b6c6-08dcdf4b78ec", "queue-task-type": "TransferWorkflowTask", "queue-task-id": 1048881, "timestamp": "2025-03-19T15:38:46.701Z", "cursor-timestamp": "2025-03-19T15:38:47.531Z", "logging-call-at": "/Users/shivamsaraf/Desktop/work/temporal/common/log/with_logger.go:61"}
2025-03-19T11:38:46.705-0400	debug	Process task as active.	{"host": "127.0.0.1:63280", "shard-id": 1, "address": "127.0.0.1:63280", "component": "transfer-queue-processor", "wf-namespace-id": "d0b550e3-6091-4a9b-a9aa-3d80ffb24954", "value": "d0b550e3-6091-4a9b-a9aa-3d80ffb24954/temporal-sys-worker-deployment:rrentVersion_Batching-564e9892_deployment_series/0195af0e-960d-715f-b6c6-08dcdf4b78ec", "logging-call-at": "/Users/shivamsaraf/Desktop/work/temporal/common/log/with_logger.go:61"}
2025-03-19T11:38:46.706-0400	debug	Workflow task updated	{"host": "127.0.0.1:63280", "shard-id": 1, "address": "127.0.0.1:63280", "wf-scheduled-event-id": 144, "wf-started-event-id": 145, "workflow-task-request-id": "5bc2acdf-8abb-4819-8813-19730ecd351d", "workflow-task-timeout": 10, "attempt": 1, "wf-started-timestamp": "2025-03-19T15:38:46.706Z", "wt-type": "Normal", "logging-call-at": "/Users/shivamsaraf/Desktop/work/temporal/common/log/with_logger.go:61"}
2025-03-19T11:38:46.706-0400	debug	Assigning new task key	{"host": "127.0.0.1:63280", "shard-id": 1, "address": "127.0.0.1:63280", "wf-namespace-id": "d0b550e3-6091-4a9b-a9aa-3d80ffb24954", "wf-id": "temporal-sys-worker-deployment:rrentVersion_Batching-564e9892_deployment_series", "wf-run-id": "0195af0e-960d-715f-b6c6-08dcdf4b78ec", "queue-task-type": "WorkflowTaskTimeout", "queue-task-id": 1048884, "timestamp": "2025-03-19T15:38:56.707Z", "cursor-timestamp": "2025-03-19T15:38:47.705Z", "logging-call-at": "/Users/shivamsaraf/Desktop/work/temporal/common/log/with_logger.go:61"}
2025-03-19T11:38:46.712-0400	debug	ExecuteActivity	{"host": "127.0.0.1:63281", "Namespace": "namespace-ec265ab4-426c-4316-a4b3-47fc66311932", "TaskQueue": "temporal-sys-per-ns-tq", "WorkerID": "temporal-system@Shivams-MacBook-Pro.local@namespace-ec265ab4-426c-4316-a4b3-47fc66311932", "WorkflowType": "temporal-sys-worker-deployment-workflow", "WorkflowID": "temporal-sys-worker-deployment:rrentVersion_Batching-564e9892_deployment_series", "RunID": "0195af0e-960d-715f-b6c6-08dcdf4b78ec", "Attempt": 0, "ActivityID": "148", "ActivityType": "RegisterWorkerInVersion", "logging-call-at": "/Users/shivamsaraf/Desktop/work/temporal/common/log/with_logger.go:61"}
2025-03-19T11:38:46.712-0400	debug	Frontend method invoked.	{"host": "127.0.0.1:63278", "wf-namespace": "namespace-ec265ab4-426c-4316-a4b3-47fc66311932", "operation": "PollWorkflowTaskQueue", "server-name": "", "cert-thumbprint": "", "logging-call-at": "/Users/shivamsaraf/Desktop/work/temporal/common/log/with_logger.go:61"}
2025-03-19T11:38:46.712-0400	debug	Received PollWorkflowTaskQueue	{"host": "127.0.0.1:63278", "service": "frontend", "logging-call-at": "/Users/shivamsaraf/Desktop/work/temporal/common/log/with_logger.go:61"}
2025-03-19T11:38:46.712-0400	debug	Poll workflow task queue.	{"host": "127.0.0.1:63278", "service": "frontend", "wf-namespace": "namespace-ec265ab4-426c-4316-a4b3-47fc66311932", "wf-namespace-id": "d0b550e3-6091-4a9b-a9aa-3d80ffb24954", "logging-call-at": "/Users/shivamsaraf/Desktop/work/temporal/common/log/with_logger.go:61"}
2025-03-19T11:38:46.713-0400	debug	Frontend method invoked.	{"host": "127.0.0.1:63278", "wf-namespace": "namespace-ec265ab4-426c-4316-a4b3-47fc66311932", "operation": "RespondWorkflowTaskCompleted", "server-name": "", "cert-thumbprint": "", "logging-call-at": "/Users/shivamsaraf/Desktop/work/temporal/common/log/with_logger.go:61"}
2025-03-19T11:38:46.713-0400	debug	RespondWorkflowTaskCompleted	{"host": "127.0.0.1:63280", "service": "history", "wf-namespace-id": "d0b550e3-6091-4a9b-a9aa-3d80ffb24954", "wf-id": "temporal-sys-worker-deployment:rrentVersion_Batching-564e9892_deployment_series", "wf-run-id": "0195af0e-960d-715f-b6c6-08dcdf4b78ec", "wf-scheduled-event-id": 144, "logging-call-at": "/Users/shivamsaraf/Desktop/work/temporal/common/log/with_logger.go:61"}
2025-03-19T11:38:46.714-0400	debug	Workflow task updated	{"host": "127.0.0.1:63280", "shard-id": 1, "address": "127.0.0.1:63280", "wf-scheduled-event-id": 0, "wf-started-event-id": 0, "workflow-task-request-id": "emptyUuid", "workflow-task-timeout": 0, "attempt": 1, "wf-started-timestamp": "1970-01-01T00:00:00.000Z", "wt-type": "Unspecified", "logging-call-at": "/Users/shivamsaraf/Desktop/work/temporal/common/log/with_logger.go:61"}
2025-03-19T11:38:46.714-0400	debug	update state change	{"host": "127.0.0.1:63280", "shard-id": 1, "address": "127.0.0.1:63280", "wf-namespace-id": "d0b550e3-6091-4a9b-a9aa-3d80ffb24954", "wf-id": "temporal-sys-worker-deployment:rrentVersion_Batching-564e9892_deployment_series", "wf-run-id": "0195af0e-960d-715f-b6c6-08dcdf4b78ec", "update-id": "5eee725c-4a09-4d74-a3c3-6d64c2683085", "from-state": "Accepted", "to-state": "ProvisionallyCompleted", "logging-call-at": "/Users/shivamsaraf/Desktop/work/temporal/common/log/with_logger.go:61"}
2025-03-19T11:38:46.714-0400	debug	Assigning new task key	{"host": "127.0.0.1:63280", "shard-id": 1, "address": "127.0.0.1:63280", "wf-namespace-id": "d0b550e3-6091-4a9b-a9aa-3d80ffb24954", "wf-id": "temporal-sys-worker-deployment:rrentVersion_Batching-564e9892_deployment_series", "wf-run-id": "0195af0e-960d-715f-b6c6-08dcdf4b78ec", "queue-task-type": "TransferActivityTask", "queue-task-id": 1048890, "timestamp": "2025-03-19T15:38:46.714Z", "cursor-timestamp": "2025-03-19T15:38:47.705Z", "logging-call-at": "/Users/shivamsaraf/Desktop/work/temporal/common/log/with_logger.go:61"}
2025-03-19T11:38:46.717-0400	debug	update state change	{"host": "127.0.0.1:63280", "shard-id": 1, "address": "127.0.0.1:63280", "wf-namespace-id": "d0b550e3-6091-4a9b-a9aa-3d80ffb24954", "wf-id": "temporal-sys-worker-deployment:rrentVersion_Batching-564e9892_deployment_series", "wf-run-id": "0195af0e-960d-715f-b6c6-08dcdf4b78ec", "update-id": "5eee725c-4a09-4d74-a3c3-6d64c2683085", "from-state": "ProvisionallyCompleted", "to-state": "Completed", "logging-call-at": "/Users/shivamsaraf/Desktop/work/temporal/common/log/with_logger.go:61"}
2025-03-19T11:38:46.717-0400	debug	deployment client success	{"host": "127.0.0.1:63279", "operation": "RegisterTaskQueueWorker", "elapsed": 3.182056, "args": ["rrentVersion_Batching-564e9892_task_queue_29",1,"matching service"], "logging-call-at": "/Users/shivamsaraf/Desktop/work/temporal/common/log/with_logger.go:61"}
2025-03-19T11:38:46.718-0400	debug	Process task as active.	{"host": "127.0.0.1:63280", "shard-id": 1, "address": "127.0.0.1:63280", "component": "transfer-queue-processor", "wf-namespace-id": "d0b550e3-6091-4a9b-a9aa-3d80ffb24954", "value": "d0b550e3-6091-4a9b-a9aa-3d80ffb24954/temporal-sys-worker-deployment:rrentVersion_Batching-564e9892_deployment_series/0195af0e-960d-715f-b6c6-08dcdf4b78ec", "logging-call-at": "/Users/shivamsaraf/Desktop/work/temporal/common/log/with_logger.go:61"}
2025-03-19T11:38:46.718-0400	info	Started physicalTaskQueueManager	{"host": "127.0.0.1:63279", "component": "matching-engine", "wf-task-queue-name": "rrentVersion_Batching-564e9892_task_queue_29", "wf-task-queue-type": "Workflow", "wf-namespace": "namespace-ec265ab4-426c-4316-a4b3-47fc66311932", "worker-build-id": "rrentVersion_Batching-564e9892_deployment_series/rrentVersion_Batching-564e9892_build_id", "lifecycle": "Started", "cause": "UserData", "logging-call-at": "/Users/shivamsaraf/Desktop/work/temporal/common/log/with_logger.go:66"}
2025-03-19T11:38:46.718-0400	debug	Assigning new task key	{"host": "127.0.0.1:63280", "shard-id": 1, "address": "127.0.0.1:63280", "wf-namespace-id": "d0b550e3-6091-4a9b-a9aa-3d80ffb24954", "wf-id": "temporal-sys-worker-deployment:rrentVersion_Batching-564e9892_deployment_series", "wf-run-id": "0195af0e-960d-715f-b6c6-08dcdf4b78ec", "queue-task-type": "ActivityTimeout", "queue-task-id": 1048892, "timestamp": "2025-03-19T15:39:46.719Z", "cursor-timestamp": "2025-03-19T15:38:47.717Z", "logging-call-at": "/Users/shivamsaraf/Desktop/work/temporal/common/log/with_logger.go:61"}
2025-03-19T11:38:46.722-0400	debug	Frontend method invoked.	{"host": "127.0.0.1:63278", "wf-namespace": "namespace-ec265ab4-426c-4316-a4b3-47fc66311932", "operation": "PollActivityTaskQueue", "server-name": "", "cert-thumbprint": "", "logging-call-at": "/Users/shivamsaraf/Desktop/work/temporal/common/log/with_logger.go:61"}
2025-03-19T11:38:46.722-0400	debug	Received PollActivityTaskQueue	{"host": "127.0.0.1:63278", "service": "frontend", "logging-call-at": "/Users/shivamsaraf/Desktop/work/temporal/common/log/with_logger.go:61"}
2025-03-19T11:38:46.723-0400	debug	update state change	{"host": "127.0.0.1:63280", "shard-id": 4, "address": "127.0.0.1:63280", "wf-namespace-id": "d0b550e3-6091-4a9b-a9aa-3d80ffb24954", "wf-id": "temporal-sys-worker-deployment-version:rrentVersion_Batching-564e9892_deployment_series.rrentVersion_Batching-564e9892_build_id", "wf-run-id": "0195af0e-98a0-7d94-93e5-2a1d2e5942f8", "update-id": "30fa83ed-cca9-4541-83f3-586f9015db97", "from-state": "Created", "to-state": "ProvisionallyAdmitted", "logging-call-at": "/Users/shivamsaraf/Desktop/work/temporal/common/log/with_logger.go:61"}
2025-03-19T11:38:46.723-0400	debug	update state change	{"host": "127.0.0.1:63280", "shard-id": 4, "address": "127.0.0.1:63280", "wf-namespace-id": "d0b550e3-6091-4a9b-a9aa-3d80ffb24954", "wf-id": "temporal-sys-worker-deployment-version:rrentVersion_Batching-564e9892_deployment_series.rrentVersion_Batching-564e9892_build_id", "wf-run-id": "0195af0e-98a0-7d94-93e5-2a1d2e5942f8", "update-id": "30fa83ed-cca9-4541-83f3-586f9015db97", "from-state": "ProvisionallyAdmitted", "to-state": "Admitted", "logging-call-at": "/Users/shivamsaraf/Desktop/work/temporal/common/log/with_logger.go:61"}
2025-03-19T11:38:46.723-0400	debug	Workflow task updated	{"host": "127.0.0.1:63280", "shard-id": 4, "address": "127.0.0.1:63280", "wf-scheduled-event-id": 232, "wf-started-event-id": 0, "workflow-task-request-id": "emptyUuid", "workflow-task-timeout": 10, "attempt": 1, "wf-started-timestamp": "0001-01-01T00:00:00.000Z", "wt-type": "Speculative", "logging-call-at": "/Users/shivamsaraf/Desktop/work/temporal/common/log/with_logger.go:61"}
2025-03-19T11:38:46.724-0400	debug	Workflow task updated	{"host": "127.0.0.1:63280", "shard-id": 4, "address": "127.0.0.1:63280", "wf-scheduled-event-id": 232, "wf-started-event-id": 233, "workflow-task-request-id": "eb9deee1-b0e3-41fe-877b-745ece0c07df", "workflow-task-timeout": 10, "attempt": 1, "wf-started-timestamp": "2025-03-19T15:38:46.724Z", "wt-type": "Speculative", "logging-call-at": "/Users/shivamsaraf/Desktop/work/temporal/common/log/with_logger.go:61"}
2025-03-19T11:38:46.724-0400	debug	update state change	{"host": "127.0.0.1:63280", "shard-id": 4, "address": "127.0.0.1:63280", "wf-namespace-id": "d0b550e3-6091-4a9b-a9aa-3d80ffb24954", "wf-id": "temporal-sys-worker-deployment-version:rrentVersion_Batching-564e9892_deployment_series.rrentVersion_Batching-564e9892_build_id", "wf-run-id": "0195af0e-98a0-7d94-93e5-2a1d2e5942f8", "update-id": "30fa83ed-cca9-4541-83f3-586f9015db97", "from-state": "Admitted", "to-state": "Sent", "logging-call-at": "/Users/shivamsaraf/Desktop/work/temporal/common/log/with_logger.go:61"}
2025-03-19T11:38:46.728-0400	debug	ExecuteActivity	{"host": "127.0.0.1:63281", "Namespace": "namespace-ec265ab4-426c-4316-a4b3-47fc66311932", "TaskQueue": "temporal-sys-per-ns-tq", "WorkerID": "temporal-system@Shivams-MacBook-Pro.local@namespace-ec265ab4-426c-4316-a4b3-47fc66311932", "WorkflowType": "temporal-sys-worker-deployment-version-workflow", "WorkflowID": "temporal-sys-worker-deployment-version:rrentVersion_Batching-564e9892_deployment_series.rrentVersion_Batching-564e9892_build_id", "RunID": "0195af0e-98a0-7d94-93e5-2a1d2e5942f8", "Attempt": 0, "ActivityID": "236", "ActivityType": "SyncDeploymentVersionUserData", "logging-call-at": "/Users/shivamsaraf/Desktop/work/temporal/common/log/with_logger.go:61"}
2025-03-19T11:38:46.728-0400	debug	Frontend method invoked.	{"host": "127.0.0.1:63278", "wf-namespace": "namespace-ec265ab4-426c-4316-a4b3-47fc66311932", "operation": "PollWorkflowTaskQueue", "server-name": "", "cert-thumbprint": "", "logging-call-at": "/Users/shivamsaraf/Desktop/work/temporal/common/log/with_logger.go:61"}
2025-03-19T11:38:46.728-0400	debug	Received PollWorkflowTaskQueue	{"host": "127.0.0.1:63278", "service": "frontend", "logging-call-at": "/Users/shivamsaraf/Desktop/work/temporal/common/log/with_logger.go:61"}
2025-03-19T11:38:46.728-0400	debug	Poll workflow task queue.	{"host": "127.0.0.1:63278", "service": "frontend", "wf-namespace": "namespace-ec265ab4-426c-4316-a4b3-47fc66311932", "wf-namespace-id": "d0b550e3-6091-4a9b-a9aa-3d80ffb24954", "logging-call-at": "/Users/shivamsaraf/Desktop/work/temporal/common/log/with_logger.go:61"}
2025-03-19T11:38:46.728-0400	debug	Frontend method invoked.	{"host": "127.0.0.1:63278", "wf-namespace": "namespace-ec265ab4-426c-4316-a4b3-47fc66311932", "operation": "RespondWorkflowTaskCompleted", "server-name": "", "cert-thumbprint": "", "logging-call-at": "/Users/shivamsaraf/Desktop/work/temporal/common/log/with_logger.go:61"}
2025-03-19T11:38:46.729-0400	debug	RespondWorkflowTaskCompleted	{"host": "127.0.0.1:63280", "service": "history", "wf-namespace-id": "d0b550e3-6091-4a9b-a9aa-3d80ffb24954", "wf-id": "temporal-sys-worker-deployment-version:rrentVersion_Batching-564e9892_deployment_series.rrentVersion_Batching-564e9892_build_id", "wf-run-id": "0195af0e-98a0-7d94-93e5-2a1d2e5942f8", "wf-scheduled-event-id": 232, "logging-call-at": "/Users/shivamsaraf/Desktop/work/temporal/common/log/with_logger.go:61"}
2025-03-19T11:38:46.729-0400	debug	Workflow task updated	{"host": "127.0.0.1:63280", "shard-id": 4, "address": "127.0.0.1:63280", "wf-scheduled-event-id": 0, "wf-started-event-id": 0, "workflow-task-request-id": "emptyUuid", "workflow-task-timeout": 0, "attempt": 1, "wf-started-timestamp": "1970-01-01T00:00:00.000Z", "wt-type": "Unspecified", "logging-call-at": "/Users/shivamsaraf/Desktop/work/temporal/common/log/with_logger.go:61"}
2025-03-19T11:38:46.729-0400	debug	update state change	{"host": "127.0.0.1:63280", "shard-id": 4, "address": "127.0.0.1:63280", "wf-namespace-id": "d0b550e3-6091-4a9b-a9aa-3d80ffb24954", "wf-id": "temporal-sys-worker-deployment-version:rrentVersion_Batching-564e9892_deployment_series.rrentVersion_Batching-564e9892_build_id", "wf-run-id": "0195af0e-98a0-7d94-93e5-2a1d2e5942f8", "update-id": "30fa83ed-cca9-4541-83f3-586f9015db97", "from-state": "Sent", "to-state": "ProvisionallyAccepted", "logging-call-at": "/Users/shivamsaraf/Desktop/work/temporal/common/log/with_logger.go:61"}
2025-03-19T11:38:46.729-0400	debug	Assigning new task key	{"host": "127.0.0.1:63280", "shard-id": 4, "address": "127.0.0.1:63280", "wf-namespace-id": "d0b550e3-6091-4a9b-a9aa-3d80ffb24954", "wf-id": "temporal-sys-worker-deployment-version:rrentVersion_Batching-564e9892_deployment_series.rrentVersion_Batching-564e9892_build_id", "wf-run-id": "0195af0e-98a0-7d94-93e5-2a1d2e5942f8", "queue-task-type": "TransferActivityTask", "queue-task-id": 1049181, "timestamp": "2025-03-19T15:38:46.729Z", "cursor-timestamp": "2025-03-19T15:38:47.689Z", "logging-call-at": "/Users/shivamsaraf/Desktop/work/temporal/common/log/with_logger.go:61"}
2025-03-19T11:38:46.733-0400	debug	update state change	{"host": "127.0.0.1:63280", "shard-id": 4, "address": "127.0.0.1:63280", "wf-namespace-id": "d0b550e3-6091-4a9b-a9aa-3d80ffb24954", "wf-id": "temporal-sys-worker-deployment-version:rrentVersion_Batching-564e9892_deployment_series.rrentVersion_Batching-564e9892_build_id", "wf-run-id": "0195af0e-98a0-7d94-93e5-2a1d2e5942f8", "update-id": "30fa83ed-cca9-4541-83f3-586f9015db97", "from-state": "ProvisionallyAccepted", "to-state": "Accepted", "logging-call-at": "/Users/shivamsaraf/Desktop/work/temporal/common/log/with_logger.go:61"}
2025-03-19T11:38:46.733-0400	debug	Process task as active.	{"host": "127.0.0.1:63280", "shard-id": 4, "address": "127.0.0.1:63280", "component": "transfer-queue-processor", "wf-namespace-id": "d0b550e3-6091-4a9b-a9aa-3d80ffb24954", "value": "d0b550e3-6091-4a9b-a9aa-3d80ffb24954/temporal-sys-worker-deployment-version:rrentVersion_Batching-564e9892_deployment_series.rrentVersion_Batching-564e9892_build_id/0195af0e-98a0-7d94-93e5-2a1d2e5942f8", "logging-call-at": "/Users/shivamsaraf/Desktop/work/temporal/common/log/with_logger.go:61"}
2025-03-19T11:38:46.734-0400	debug	Assigning new task key	{"host": "127.0.0.1:63280", "shard-id": 4, "address": "127.0.0.1:63280", "wf-namespace-id": "d0b550e3-6091-4a9b-a9aa-3d80ffb24954", "wf-id": "temporal-sys-worker-deployment-version:rrentVersion_Batching-564e9892_deployment_series.rrentVersion_Batching-564e9892_build_id", "wf-run-id": "0195af0e-98a0-7d94-93e5-2a1d2e5942f8", "queue-task-type": "ActivityTimeout", "queue-task-id": 1049182, "timestamp": "2025-03-19T15:39:46.735Z", "cursor-timestamp": "2025-03-19T15:38:47.733Z", "logging-call-at": "/Users/shivamsaraf/Desktop/work/temporal/common/log/with_logger.go:61"}
2025-03-19T11:38:46.738-0400	debug	Frontend method invoked.	{"host": "127.0.0.1:63278", "wf-namespace": "namespace-ec265ab4-426c-4316-a4b3-47fc66311932", "operation": "DescribeWorkerDeploymentVersion", "server-name": "", "cert-thumbprint": "", "logging-call-at": "/Users/shivamsaraf/Desktop/work/temporal/common/log/with_logger.go:61"}
2025-03-19T11:38:46.738-0400	info	syncing task queue userdata for deployment version	{"host": "127.0.0.1:63281", "Namespace": "namespace-ec265ab4-426c-4316-a4b3-47fc66311932", "TaskQueue": "temporal-sys-per-ns-tq", "WorkerID": "temporal-system@Shivams-MacBook-Pro.local@namespace-ec265ab4-426c-4316-a4b3-47fc66311932", "ActivityID": "236", "ActivityType": "SyncDeploymentVersionUserData", "Attempt": 1, "WorkflowType": "temporal-sys-worker-deployment-version-workflow", "WorkflowID": "temporal-sys-worker-deployment-version:rrentVersion_Batching-564e9892_deployment_series.rrentVersion_Batching-564e9892_build_id", "RunID": "0195af0e-98a0-7d94-93e5-2a1d2e5942f8", "taskQueue": "rrentVersion_Batching-564e9892_task_queue_19", "types": [1], "logging-call-at": "/Users/shivamsaraf/Desktop/work/temporal/common/log/with_logger.go:66"}
2025-03-19T11:38:46.738-0400	debug	Frontend method invoked.	{"host": "127.0.0.1:63278", "wf-namespace": "namespace-ec265ab4-426c-4316-a4b3-47fc66311932", "operation": "PollActivityTaskQueue", "server-name": "", "cert-thumbprint": "", "logging-call-at": "/Users/shivamsaraf/Desktop/work/temporal/common/log/with_logger.go:61"}
2025-03-19T11:38:46.738-0400	debug	Received PollActivityTaskQueue	{"host": "127.0.0.1:63278", "service": "frontend", "logging-call-at": "/Users/shivamsaraf/Desktop/work/temporal/common/log/with_logger.go:61"}
2025-03-19T11:38:46.740-0400	debug	Frontend method invoked.	{"host": "127.0.0.1:63278", "wf-namespace": "namespace-ec265ab4-426c-4316-a4b3-47fc66311932", "operation": "PollWorkflowTaskQueue", "server-name": "", "cert-thumbprint": "", "logging-call-at": "/Users/shivamsaraf/Desktop/work/temporal/common/log/with_logger.go:61"}
2025-03-19T11:38:46.740-0400	debug	Received PollWorkflowTaskQueue	{"host": "127.0.0.1:63278", "service": "frontend", "logging-call-at": "/Users/shivamsaraf/Desktop/work/temporal/common/log/with_logger.go:61"}
2025-03-19T11:38:46.740-0400	debug	Poll workflow task queue.	{"host": "127.0.0.1:63278", "service": "frontend", "wf-namespace": "namespace-ec265ab4-426c-4316-a4b3-47fc66311932", "wf-namespace-id": "d0b550e3-6091-4a9b-a9aa-3d80ffb24954", "logging-call-at": "/Users/shivamsaraf/Desktop/work/temporal/common/log/with_logger.go:61"}
2025-03-19T11:38:46.740-0400	debug	Frontend method invoked.	{"host": "127.0.0.1:63278", "wf-namespace": "namespace-ec265ab4-426c-4316-a4b3-47fc66311932", "operation": "RespondQueryTaskCompleted", "server-name": "", "cert-thumbprint": "", "logging-call-at": "/Users/shivamsaraf/Desktop/work/temporal/common/log/with_logger.go:61"}
2025-03-19T11:38:46.741-0400	debug	deployment client success	{"host": "127.0.0.1:63278", "operation": "DescribeVersion", "elapsed": 0.003742958, "args": ["rrentVersion_Batching-564e9892_deployment_series","rrentVersion_Batching-564e9892_build_id"], "logging-call-at": "/Users/shivamsaraf/Desktop/work/temporal/common/log/with_logger.go:61"}
2025-03-19T11:38:46.840-0400	info	modified user data	{"host": "127.0.0.1:63279", "component": "matching-engine", "wf-task-queue-name": "rrentVersion_Batching-564e9892_task_queue_19", "wf-task-queue-type": "Workflow", "wf-namespace": "namespace-ec265ab4-426c-4316-a4b3-47fc66311932", "user-data-update-source": "SyncDeploymentUserData", "user-data-version": 1, "timestamp": "2025-03-19T15:38:46.738Z", "logging-call-at": "/Users/shivamsaraf/Desktop/work/temporal/common/log/with_logger.go:66"}
2025-03-19T11:38:46.840-0400	debug	user data changed while blocked in long poll	{"host": "127.0.0.1:63279", "component": "matching-engine", "wf-task-queue-name": "rrentVersion_Batching-564e9892_task_queue_19", "wf-task-queue-type": "Workflow", "wf-namespace": "namespace-ec265ab4-426c-4316-a4b3-47fc66311932", "logging-call-at": "/Users/shivamsaraf/Desktop/work/temporal/common/log/with_logger.go:61"}
2025-03-19T11:38:46.840-0400	debug	user data changed while blocked in long poll	{"host": "127.0.0.1:63279", "component": "matching-engine", "wf-task-queue-name": "rrentVersion_Batching-564e9892_task_queue_19", "wf-task-queue-type": "Workflow", "wf-namespace": "namespace-ec265ab4-426c-4316-a4b3-47fc66311932", "logging-call-at": "/Users/shivamsaraf/Desktop/work/temporal/common/log/with_logger.go:61"}
2025-03-19T11:38:46.840-0400	debug	user data changed while blocked in long poll	{"host": "127.0.0.1:63279", "component": "matching-engine", "wf-task-queue-name": "rrentVersion_Batching-564e9892_task_queue_19", "wf-task-queue-type": "Workflow", "wf-namespace": "namespace-ec265ab4-426c-4316-a4b3-47fc66311932", "logging-call-at": "/Users/shivamsaraf/Desktop/work/temporal/common/log/with_logger.go:61"}
2025-03-19T11:38:46.840-0400	info	returning user data	{"host": "127.0.0.1:63279", "component": "matching-engine", "wf-task-queue-name": "rrentVersion_Batching-564e9892_task_queue_19", "wf-task-queue-type": "Workflow", "wf-namespace": "namespace-ec265ab4-426c-4316-a4b3-47fc66311932", "long-poll": true, "request-known-version": 0, "user-data-version": 1, "logging-call-at": "/Users/shivamsaraf/Desktop/work/temporal/common/log/with_logger.go:66"}
2025-03-19T11:38:46.840-0400	info	returning user data	{"host": "127.0.0.1:63279", "component": "matching-engine", "wf-task-queue-name": "rrentVersion_Batching-564e9892_task_queue_19", "wf-task-queue-type": "Workflow", "wf-namespace": "namespace-ec265ab4-426c-4316-a4b3-47fc66311932", "long-poll": true, "request-known-version": 0, "user-data-version": 1, "logging-call-at": "/Users/shivamsaraf/Desktop/work/temporal/common/log/with_logger.go:66"}
2025-03-19T11:38:46.840-0400	info	returning user data	{"host": "127.0.0.1:63279", "component": "matching-engine", "wf-task-queue-name": "rrentVersion_Batching-564e9892_task_queue_19", "wf-task-queue-type": "Workflow", "wf-namespace": "namespace-ec265ab4-426c-4316-a4b3-47fc66311932", "long-poll": true, "request-known-version": 0, "user-data-version": 1, "logging-call-at": "/Users/shivamsaraf/Desktop/work/temporal/common/log/with_logger.go:66"}
2025-03-19T11:38:46.841-0400	info	fetched user data from parent	{"host": "127.0.0.1:63279", "component": "matching-engine", "wf-task-queue-name": "/_sys/rrentVersion_Batching-564e9892_task_queue_19/2", "wf-task-queue-type": "Workflow", "wf-namespace": "namespace-ec265ab4-426c-4316-a4b3-47fc66311932", "user-data-version": 1, "timestamp": "2025-03-19T15:38:46.738Z", "logging-call-at": "/Users/shivamsaraf/Desktop/work/temporal/common/log/with_logger.go:66"}
2025-03-19T11:38:46.841-0400	info	fetched user data from parent	{"host": "127.0.0.1:63279", "component": "matching-engine", "wf-task-queue-name": "/_sys/rrentVersion_Batching-564e9892_task_queue_19/3", "wf-task-queue-type": "Workflow", "wf-namespace": "namespace-ec265ab4-426c-4316-a4b3-47fc66311932", "user-data-version": 1, "timestamp": "2025-03-19T15:38:46.738Z", "logging-call-at": "/Users/shivamsaraf/Desktop/work/temporal/common/log/with_logger.go:66"}
2025-03-19T11:38:46.841-0400	debug	Frontend method invoked.	{"host": "127.0.0.1:63278", "wf-namespace": "namespace-ec265ab4-426c-4316-a4b3-47fc66311932", "operation": "RespondActivityTaskCompleted", "server-name": "", "cert-thumbprint": "", "logging-call-at": "/Users/shivamsaraf/Desktop/work/temporal/common/log/with_logger.go:61"}
2025-03-19T11:38:46.841-0400	info	fetched user data from parent	{"host": "127.0.0.1:63279", "component": "matching-engine", "wf-task-queue-name": "/_sys/rrentVersion_Batching-564e9892_task_queue_19/1", "wf-task-queue-type": "Workflow", "wf-namespace": "namespace-ec265ab4-426c-4316-a4b3-47fc66311932", "user-data-version": 1, "timestamp": "2025-03-19T15:38:46.738Z", "logging-call-at": "/Users/shivamsaraf/Desktop/work/temporal/common/log/with_logger.go:66"}
2025-03-19T11:38:46.842-0400	debug	Workflow task updated	{"host": "127.0.0.1:63280", "shard-id": 4, "address": "127.0.0.1:63280", "wf-scheduled-event-id": 239, "wf-started-event-id": 0, "workflow-task-request-id": "emptyUuid", "workflow-task-timeout": 10, "attempt": 1, "wf-started-timestamp": "0001-01-01T00:00:00.000Z", "wt-type": "Normal", "logging-call-at": "/Users/shivamsaraf/Desktop/work/temporal/common/log/with_logger.go:61"}
2025-03-19T11:38:46.842-0400	debug	Assigning new task key	{"host": "127.0.0.1:63280", "shard-id": 4, "address": "127.0.0.1:63280", "wf-namespace-id": "d0b550e3-6091-4a9b-a9aa-3d80ffb24954", "wf-id": "temporal-sys-worker-deployment-version:rrentVersion_Batching-564e9892_deployment_series.rrentVersion_Batching-564e9892_build_id", "wf-run-id": "0195af0e-98a0-7d94-93e5-2a1d2e5942f8", "queue-task-type": "TransferWorkflowTask", "queue-task-id": 1049188, "timestamp": "2025-03-19T15:38:46.842Z", "cursor-timestamp": "2025-03-19T15:38:47.733Z", "logging-call-at": "/Users/shivamsaraf/Desktop/work/temporal/common/log/with_logger.go:61"}
2025-03-19T11:38:46.842-0400	debug	Assigning new task key	{"host": "127.0.0.1:63280", "shard-id": 4, "address": "127.0.0.1:63280", "wf-namespace-id": "d0b550e3-6091-4a9b-a9aa-3d80ffb24954", "wf-id": "temporal-sys-worker-deployment-version:rrentVersion_Batching-564e9892_deployment_series.rrentVersion_Batching-564e9892_build_id", "wf-run-id": "0195af0e-98a0-7d94-93e5-2a1d2e5942f8", "queue-task-type": "WorkflowTaskTimeout", "queue-task-id": 1049189, "timestamp": "2025-03-19T15:38:51.843Z", "cursor-timestamp": "2025-03-19T15:38:47.733Z", "logging-call-at": "/Users/shivamsaraf/Desktop/work/temporal/common/log/with_logger.go:61"}
2025-03-19T11:38:46.847-0400	debug	Process task as active.	{"host": "127.0.0.1:63280", "shard-id": 4, "address": "127.0.0.1:63280", "component": "transfer-queue-processor", "wf-namespace-id": "d0b550e3-6091-4a9b-a9aa-3d80ffb24954", "value": "d0b550e3-6091-4a9b-a9aa-3d80ffb24954/temporal-sys-worker-deployment-version:rrentVersion_Batching-564e9892_deployment_series.rrentVersion_Batching-564e9892_build_id/0195af0e-98a0-7d94-93e5-2a1d2e5942f8", "logging-call-at": "/Users/shivamsaraf/Desktop/work/temporal/common/log/with_logger.go:61"}
2025-03-19T11:38:46.848-0400	debug	Workflow task updated	{"host": "127.0.0.1:63280", "shard-id": 4, "address": "127.0.0.1:63280", "wf-scheduled-event-id": 239, "wf-started-event-id": 240, "workflow-task-request-id": "15f13b7a-4d32-4a4f-ad8c-6a4a0bbcda74", "workflow-task-timeout": 10, "attempt": 1, "wf-started-timestamp": "2025-03-19T15:38:46.848Z", "wt-type": "Normal", "logging-call-at": "/Users/shivamsaraf/Desktop/work/temporal/common/log/with_logger.go:61"}
2025-03-19T11:38:46.849-0400	debug	Assigning new task key	{"host": "127.0.0.1:63280", "shard-id": 4, "address": "127.0.0.1:63280", "wf-namespace-id": "d0b550e3-6091-4a9b-a9aa-3d80ffb24954", "wf-id": "temporal-sys-worker-deployment-version:rrentVersion_Batching-564e9892_deployment_series.rrentVersion_Batching-564e9892_build_id", "wf-run-id": "0195af0e-98a0-7d94-93e5-2a1d2e5942f8", "queue-task-type": "WorkflowTaskTimeout", "queue-task-id": 1049192, "timestamp": "2025-03-19T15:38:56.849Z", "cursor-timestamp": "2025-03-19T15:38:47.847Z", "logging-call-at": "/Users/shivamsaraf/Desktop/work/temporal/common/log/with_logger.go:61"}
2025-03-19T11:38:46.857-0400	debug	ExecuteActivity	{"host": "127.0.0.1:63281", "Namespace": "namespace-ec265ab4-426c-4316-a4b3-47fc66311932", "TaskQueue": "temporal-sys-per-ns-tq", "WorkerID": "temporal-system@Shivams-MacBook-Pro.local@namespace-ec265ab4-426c-4316-a4b3-47fc66311932", "WorkflowType": "temporal-sys-worker-deployment-version-workflow", "WorkflowID": "temporal-sys-worker-deployment-version:rrentVersion_Batching-564e9892_deployment_series.rrentVersion_Batching-564e9892_build_id", "RunID": "0195af0e-98a0-7d94-93e5-2a1d2e5942f8", "Attempt": 0, "ActivityID": "242", "ActivityType": "CheckWorkerDeploymentUserDataPropagation", "logging-call-at": "/Users/shivamsaraf/Desktop/work/temporal/common/log/with_logger.go:61"}
2025-03-19T11:38:46.857-0400	debug	Frontend method invoked.	{"host": "127.0.0.1:63278", "wf-namespace": "namespace-ec265ab4-426c-4316-a4b3-47fc66311932", "operation": "PollWorkflowTaskQueue", "server-name": "", "cert-thumbprint": "", "logging-call-at": "/Users/shivamsaraf/Desktop/work/temporal/common/log/with_logger.go:61"}
2025-03-19T11:38:46.857-0400	debug	Received PollWorkflowTaskQueue	{"host": "127.0.0.1:63278", "service": "frontend", "logging-call-at": "/Users/shivamsaraf/Desktop/work/temporal/common/log/with_logger.go:61"}
2025-03-19T11:38:46.857-0400	debug	Poll workflow task queue.	{"host": "127.0.0.1:63278", "service": "frontend", "wf-namespace": "namespace-ec265ab4-426c-4316-a4b3-47fc66311932", "wf-namespace-id": "d0b550e3-6091-4a9b-a9aa-3d80ffb24954", "logging-call-at": "/Users/shivamsaraf/Desktop/work/temporal/common/log/with_logger.go:61"}
2025-03-19T11:38:46.857-0400	debug	Frontend method invoked.	{"host": "127.0.0.1:63278", "wf-namespace": "namespace-ec265ab4-426c-4316-a4b3-47fc66311932", "operation": "RespondWorkflowTaskCompleted", "server-name": "", "cert-thumbprint": "", "logging-call-at": "/Users/shivamsaraf/Desktop/work/temporal/common/log/with_logger.go:61"}
2025-03-19T11:38:46.858-0400	debug	RespondWorkflowTaskCompleted	{"host": "127.0.0.1:63280", "service": "history", "wf-namespace-id": "d0b550e3-6091-4a9b-a9aa-3d80ffb24954", "wf-id": "temporal-sys-worker-deployment-version:rrentVersion_Batching-564e9892_deployment_series.rrentVersion_Batching-564e9892_build_id", "wf-run-id": "0195af0e-98a0-7d94-93e5-2a1d2e5942f8", "wf-scheduled-event-id": 239, "logging-call-at": "/Users/shivamsaraf/Desktop/work/temporal/common/log/with_logger.go:61"}
2025-03-19T11:38:46.858-0400	debug	Workflow task updated	{"host": "127.0.0.1:63280", "shard-id": 4, "address": "127.0.0.1:63280", "wf-scheduled-event-id": 0, "wf-started-event-id": 0, "workflow-task-request-id": "emptyUuid", "workflow-task-timeout": 0, "attempt": 1, "wf-started-timestamp": "1970-01-01T00:00:00.000Z", "wt-type": "Unspecified", "logging-call-at": "/Users/shivamsaraf/Desktop/work/temporal/common/log/with_logger.go:61"}
2025-03-19T11:38:46.858-0400	debug	Assigning new task key	{"host": "127.0.0.1:63280", "shard-id": 4, "address": "127.0.0.1:63280", "wf-namespace-id": "d0b550e3-6091-4a9b-a9aa-3d80ffb24954", "wf-id": "temporal-sys-worker-deployment-version:rrentVersion_Batching-564e9892_deployment_series.rrentVersion_Batching-564e9892_build_id", "wf-run-id": "0195af0e-98a0-7d94-93e5-2a1d2e5942f8", "queue-task-type": "TransferActivityTask", "queue-task-id": 1049197, "timestamp": "2025-03-19T15:38:46.858Z", "cursor-timestamp": "2025-03-19T15:38:47.847Z", "logging-call-at": "/Users/shivamsaraf/Desktop/work/temporal/common/log/with_logger.go:61"}
2025-03-19T11:38:46.863-0400	debug	Process task as active.	{"host": "127.0.0.1:63280", "shard-id": 4, "address": "127.0.0.1:63280", "component": "transfer-queue-processor", "wf-namespace-id": "d0b550e3-6091-4a9b-a9aa-3d80ffb24954", "value": "d0b550e3-6091-4a9b-a9aa-3d80ffb24954/temporal-sys-worker-deployment-version:rrentVersion_Batching-564e9892_deployment_series.rrentVersion_Batching-564e9892_build_id/0195af0e-98a0-7d94-93e5-2a1d2e5942f8", "logging-call-at": "/Users/shivamsaraf/Desktop/work/temporal/common/log/with_logger.go:61"}
2025-03-19T11:38:46.863-0400	debug	Assigning new task key	{"host": "127.0.0.1:63280", "shard-id": 4, "address": "127.0.0.1:63280", "wf-namespace-id": "d0b550e3-6091-4a9b-a9aa-3d80ffb24954", "wf-id": "temporal-sys-worker-deployment-version:rrentVersion_Batching-564e9892_deployment_series.rrentVersion_Batching-564e9892_build_id", "wf-run-id": "0195af0e-98a0-7d94-93e5-2a1d2e5942f8", "queue-task-type": "ActivityTimeout", "queue-task-id": 1049198, "timestamp": "2025-03-19T15:39:46.864Z", "cursor-timestamp": "2025-03-19T15:38:47.862Z", "logging-call-at": "/Users/shivamsaraf/Desktop/work/temporal/common/log/with_logger.go:61"}
2025-03-19T11:38:46.867-0400	info	waiting for userdata propagation	{"host": "127.0.0.1:63281", "Namespace": "namespace-ec265ab4-426c-4316-a4b3-47fc66311932", "TaskQueue": "temporal-sys-per-ns-tq", "WorkerID": "temporal-system@Shivams-MacBook-Pro.local@namespace-ec265ab4-426c-4316-a4b3-47fc66311932", "ActivityID": "242", "ActivityType": "CheckWorkerDeploymentUserDataPropagation", "Attempt": 1, "WorkflowType": "temporal-sys-worker-deployment-version-workflow", "WorkflowID": "temporal-sys-worker-deployment-version:rrentVersion_Batching-564e9892_deployment_series.rrentVersion_Batching-564e9892_build_id", "RunID": "0195af0e-98a0-7d94-93e5-2a1d2e5942f8", "taskQueue": "rrentVersion_Batching-564e9892_task_queue_19", "version": 1, "logging-call-at": "/Users/shivamsaraf/Desktop/work/temporal/common/log/with_logger.go:66"}
2025-03-19T11:38:46.868-0400	debug	Frontend method invoked.	{"host": "127.0.0.1:63278", "wf-namespace": "namespace-ec265ab4-426c-4316-a4b3-47fc66311932", "operation": "PollActivityTaskQueue", "server-name": "", "cert-thumbprint": "", "logging-call-at": "/Users/shivamsaraf/Desktop/work/temporal/common/log/with_logger.go:61"}
2025-03-19T11:38:46.868-0400	debug	Received PollActivityTaskQueue	{"host": "127.0.0.1:63278", "service": "frontend", "logging-call-at": "/Users/shivamsaraf/Desktop/work/temporal/common/log/with_logger.go:61"}
2025-03-19T11:38:46.868-0400	info	returning user data	{"host": "127.0.0.1:63279", "component": "matching-engine", "wf-task-queue-name": "/_sys/rrentVersion_Batching-564e9892_task_queue_19/2", "wf-task-queue-type": "Workflow", "wf-namespace": "namespace-ec265ab4-426c-4316-a4b3-47fc66311932", "long-poll": true, "request-known-version": 0, "user-data-version": 1, "logging-call-at": "/Users/shivamsaraf/Desktop/work/temporal/common/log/with_logger.go:66"}
2025-03-19T11:38:46.868-0400	info	returning user data	{"host": "127.0.0.1:63279", "component": "matching-engine", "wf-task-queue-name": "/_sys/rrentVersion_Batching-564e9892_task_queue_19/3", "wf-task-queue-type": "Workflow", "wf-namespace": "namespace-ec265ab4-426c-4316-a4b3-47fc66311932", "long-poll": true, "request-known-version": 0, "user-data-version": 1, "logging-call-at": "/Users/shivamsaraf/Desktop/work/temporal/common/log/with_logger.go:66"}
2025-03-19T11:38:46.868-0400	info	returning user data	{"host": "127.0.0.1:63279", "component": "matching-engine", "wf-task-queue-name": "/_sys/rrentVersion_Batching-564e9892_task_queue_19/1", "wf-task-queue-type": "Workflow", "wf-namespace": "namespace-ec265ab4-426c-4316-a4b3-47fc66311932", "long-poll": true, "request-known-version": 0, "user-data-version": 1, "logging-call-at": "/Users/shivamsaraf/Desktop/work/temporal/common/log/with_logger.go:66"}
2025-03-19T11:38:46.868-0400	info	matching client encountered error	{"host": "127.0.0.1:63279", "error": "partition was not loaded", "service-error-type": "serviceerror.FailedPrecondition", "logging-call-at": "/Users/shivamsaraf/Desktop/work/temporal/common/log/with_logger.go:66"}
2025-03-19T11:38:46.868-0400	info	matching client encountered error	{"host": "127.0.0.1:63279", "error": "partition was not loaded", "service-error-type": "serviceerror.FailedPrecondition", "logging-call-at": "/Users/shivamsaraf/Desktop/work/temporal/common/log/with_logger.go:66"}
2025-03-19T11:38:46.868-0400	info	matching client encountered error	{"host": "127.0.0.1:63279", "error": "partition was not loaded", "service-error-type": "serviceerror.FailedPrecondition", "logging-call-at": "/Users/shivamsaraf/Desktop/work/temporal/common/log/with_logger.go:66"}
2025-03-19T11:38:46.869-0400	info	matching client encountered error	{"host": "127.0.0.1:63279", "error": "partition was not loaded", "service-error-type": "serviceerror.FailedPrecondition", "logging-call-at": "/Users/shivamsaraf/Desktop/work/temporal/common/log/with_logger.go:66"}
2025-03-19T11:38:46.869-0400	debug	Frontend method invoked.	{"host": "127.0.0.1:63278", "wf-namespace": "namespace-ec265ab4-426c-4316-a4b3-47fc66311932", "operation": "RespondActivityTaskCompleted", "server-name": "", "cert-thumbprint": "", "logging-call-at": "/Users/shivamsaraf/Desktop/work/temporal/common/log/with_logger.go:61"}
2025-03-19T11:38:46.870-0400	debug	Workflow task updated	{"host": "127.0.0.1:63280", "shard-id": 4, "address": "127.0.0.1:63280", "wf-scheduled-event-id": 245, "wf-started-event-id": 0, "workflow-task-request-id": "emptyUuid", "workflow-task-timeout": 10, "attempt": 1, "wf-started-timestamp": "0001-01-01T00:00:00.000Z", "wt-type": "Normal", "logging-call-at": "/Users/shivamsaraf/Desktop/work/temporal/common/log/with_logger.go:61"}
2025-03-19T11:38:46.870-0400	debug	Assigning new task key	{"host": "127.0.0.1:63280", "shard-id": 4, "address": "127.0.0.1:63280", "wf-namespace-id": "d0b550e3-6091-4a9b-a9aa-3d80ffb24954", "wf-id": "temporal-sys-worker-deployment-version:rrentVersion_Batching-564e9892_deployment_series.rrentVersion_Batching-564e9892_build_id", "wf-run-id": "0195af0e-98a0-7d94-93e5-2a1d2e5942f8", "queue-task-type": "WorkflowTaskTimeout", "queue-task-id": 1049204, "timestamp": "2025-03-19T15:38:51.871Z", "cursor-timestamp": "2025-03-19T15:38:47.862Z", "logging-call-at": "/Users/shivamsaraf/Desktop/work/temporal/common/log/with_logger.go:61"}
2025-03-19T11:38:46.870-0400	debug	Assigning new task key	{"host": "127.0.0.1:63280", "shard-id": 4, "address": "127.0.0.1:63280", "wf-namespace-id": "d0b550e3-6091-4a9b-a9aa-3d80ffb24954", "wf-id": "temporal-sys-worker-deployment-version:rrentVersion_Batching-564e9892_deployment_series.rrentVersion_Batching-564e9892_build_id", "wf-run-id": "0195af0e-98a0-7d94-93e5-2a1d2e5942f8", "queue-task-type": "TransferWorkflowTask", "queue-task-id": 1049205, "timestamp": "2025-03-19T15:38:46.870Z", "cursor-timestamp": "2025-03-19T15:38:47.862Z", "logging-call-at": "/Users/shivamsaraf/Desktop/work/temporal/common/log/with_logger.go:61"}
2025-03-19T11:38:46.874-0400	debug	Process task as active.	{"host": "127.0.0.1:63280", "shard-id": 4, "address": "127.0.0.1:63280", "component": "transfer-queue-processor", "wf-namespace-id": "d0b550e3-6091-4a9b-a9aa-3d80ffb24954", "value": "d0b550e3-6091-4a9b-a9aa-3d80ffb24954/temporal-sys-worker-deployment-version:rrentVersion_Batching-564e9892_deployment_series.rrentVersion_Batching-564e9892_build_id/0195af0e-98a0-7d94-93e5-2a1d2e5942f8", "logging-call-at": "/Users/shivamsaraf/Desktop/work/temporal/common/log/with_logger.go:61"}
2025-03-19T11:38:46.875-0400	debug	Workflow task updated	{"host": "127.0.0.1:63280", "shard-id": 4, "address": "127.0.0.1:63280", "wf-scheduled-event-id": 245, "wf-started-event-id": 246, "workflow-task-request-id": "2b3583c6-b159-4c35-b28f-8916177fa295", "workflow-task-timeout": 10, "attempt": 1, "wf-started-timestamp": "2025-03-19T15:38:46.875Z", "wt-type": "Normal", "logging-call-at": "/Users/shivamsaraf/Desktop/work/temporal/common/log/with_logger.go:61"}
2025-03-19T11:38:46.875-0400	debug	Assigning new task key	{"host": "127.0.0.1:63280", "shard-id": 4, "address": "127.0.0.1:63280", "wf-namespace-id": "d0b550e3-6091-4a9b-a9aa-3d80ffb24954", "wf-id": "temporal-sys-worker-deployment-version:rrentVersion_Batching-564e9892_deployment_series.rrentVersion_Batching-564e9892_build_id", "wf-run-id": "0195af0e-98a0-7d94-93e5-2a1d2e5942f8", "queue-task-type": "WorkflowTaskTimeout", "queue-task-id": 1049208, "timestamp": "2025-03-19T15:38:56.876Z", "cursor-timestamp": "2025-03-19T15:38:47.873Z", "logging-call-at": "/Users/shivamsaraf/Desktop/work/temporal/common/log/with_logger.go:61"}
2025-03-19T11:38:46.881-0400	debug	Frontend method invoked.	{"host": "127.0.0.1:63278", "wf-namespace": "namespace-ec265ab4-426c-4316-a4b3-47fc66311932", "operation": "PollWorkflowTaskQueue", "server-name": "", "cert-thumbprint": "", "logging-call-at": "/Users/shivamsaraf/Desktop/work/temporal/common/log/with_logger.go:61"}
2025-03-19T11:38:46.881-0400	debug	Received PollWorkflowTaskQueue	{"host": "127.0.0.1:63278", "service": "frontend", "logging-call-at": "/Users/shivamsaraf/Desktop/work/temporal/common/log/with_logger.go:61"}
2025-03-19T11:38:46.881-0400	debug	Poll workflow task queue.	{"host": "127.0.0.1:63278", "service": "frontend", "wf-namespace": "namespace-ec265ab4-426c-4316-a4b3-47fc66311932", "wf-namespace-id": "d0b550e3-6091-4a9b-a9aa-3d80ffb24954", "logging-call-at": "/Users/shivamsaraf/Desktop/work/temporal/common/log/with_logger.go:61"}
2025-03-19T11:38:46.881-0400	debug	Frontend method invoked.	{"host": "127.0.0.1:63278", "wf-namespace": "namespace-ec265ab4-426c-4316-a4b3-47fc66311932", "operation": "RespondWorkflowTaskCompleted", "server-name": "", "cert-thumbprint": "", "logging-call-at": "/Users/shivamsaraf/Desktop/work/temporal/common/log/with_logger.go:61"}
2025-03-19T11:38:46.882-0400	debug	RespondWorkflowTaskCompleted	{"host": "127.0.0.1:63280", "service": "history", "wf-namespace-id": "d0b550e3-6091-4a9b-a9aa-3d80ffb24954", "wf-id": "temporal-sys-worker-deployment-version:rrentVersion_Batching-564e9892_deployment_series.rrentVersion_Batching-564e9892_build_id", "wf-run-id": "0195af0e-98a0-7d94-93e5-2a1d2e5942f8", "wf-scheduled-event-id": 245, "logging-call-at": "/Users/shivamsaraf/Desktop/work/temporal/common/log/with_logger.go:61"}
2025-03-19T11:38:46.882-0400	debug	Workflow task updated	{"host": "127.0.0.1:63280", "shard-id": 4, "address": "127.0.0.1:63280", "wf-scheduled-event-id": 0, "wf-started-event-id": 0, "workflow-task-request-id": "emptyUuid", "workflow-task-timeout": 0, "attempt": 1, "wf-started-timestamp": "1970-01-01T00:00:00.000Z", "wt-type": "Unspecified", "logging-call-at": "/Users/shivamsaraf/Desktop/work/temporal/common/log/with_logger.go:61"}
2025-03-19T11:38:46.882-0400	debug	update state change	{"host": "127.0.0.1:63280", "shard-id": 4, "address": "127.0.0.1:63280", "wf-namespace-id": "d0b550e3-6091-4a9b-a9aa-3d80ffb24954", "wf-id": "temporal-sys-worker-deployment-version:rrentVersion_Batching-564e9892_deployment_series.rrentVersion_Batching-564e9892_build_id", "wf-run-id": "0195af0e-98a0-7d94-93e5-2a1d2e5942f8", "update-id": "30fa83ed-cca9-4541-83f3-586f9015db97", "from-state": "Accepted", "to-state": "ProvisionallyCompleted", "logging-call-at": "/Users/shivamsaraf/Desktop/work/temporal/common/log/with_logger.go:61"}
2025-03-19T11:38:46.885-0400	debug	update state change	{"host": "127.0.0.1:63280", "shard-id": 4, "address": "127.0.0.1:63280", "wf-namespace-id": "d0b550e3-6091-4a9b-a9aa-3d80ffb24954", "wf-id": "temporal-sys-worker-deployment-version:rrentVersion_Batching-564e9892_deployment_series.rrentVersion_Batching-564e9892_build_id", "wf-run-id": "0195af0e-98a0-7d94-93e5-2a1d2e5942f8", "update-id": "30fa83ed-cca9-4541-83f3-586f9015db97", "from-state": "ProvisionallyCompleted", "to-state": "Completed", "logging-call-at": "/Users/shivamsaraf/Desktop/work/temporal/common/log/with_logger.go:61"}
2025-03-19T11:38:46.885-0400	debug	Frontend method invoked.	{"host": "127.0.0.1:63278", "wf-namespace": "namespace-ec265ab4-426c-4316-a4b3-47fc66311932", "operation": "RespondActivityTaskCompleted", "server-name": "", "cert-thumbprint": "", "logging-call-at": "/Users/shivamsaraf/Desktop/work/temporal/common/log/with_logger.go:61"}
2025-03-19T11:38:46.886-0400	debug	Workflow task updated	{"host": "127.0.0.1:63280", "shard-id": 1, "address": "127.0.0.1:63280", "wf-scheduled-event-id": 151, "wf-started-event-id": 0, "workflow-task-request-id": "emptyUuid", "workflow-task-timeout": 10, "attempt": 1, "wf-started-timestamp": "0001-01-01T00:00:00.000Z", "wt-type": "Normal", "logging-call-at": "/Users/shivamsaraf/Desktop/work/temporal/common/log/with_logger.go:61"}
2025-03-19T11:38:46.886-0400	debug	Assigning new task key	{"host": "127.0.0.1:63280", "shard-id": 1, "address": "127.0.0.1:63280", "wf-namespace-id": "d0b550e3-6091-4a9b-a9aa-3d80ffb24954", "wf-id": "temporal-sys-worker-deployment:rrentVersion_Batching-564e9892_deployment_series", "wf-run-id": "0195af0e-960d-715f-b6c6-08dcdf4b78ec", "queue-task-type": "WorkflowTaskTimeout", "queue-task-id": 1048898, "timestamp": "2025-03-19T15:38:51.887Z", "cursor-timestamp": "2025-03-19T15:38:47.717Z", "logging-call-at": "/Users/shivamsaraf/Desktop/work/temporal/common/log/with_logger.go:61"}
2025-03-19T11:38:46.886-0400	debug	Assigning new task key	{"host": "127.0.0.1:63280", "shard-id": 1, "address": "127.0.0.1:63280", "wf-namespace-id": "d0b550e3-6091-4a9b-a9aa-3d80ffb24954", "wf-id": "temporal-sys-worker-deployment:rrentVersion_Batching-564e9892_deployment_series", "wf-run-id": "0195af0e-960d-715f-b6c6-08dcdf4b78ec", "queue-task-type": "TransferWorkflowTask", "queue-task-id": 1048899, "timestamp": "2025-03-19T15:38:46.886Z", "cursor-timestamp": "2025-03-19T15:38:47.717Z", "logging-call-at": "/Users/shivamsaraf/Desktop/work/temporal/common/log/with_logger.go:61"}
2025-03-19T11:38:46.890-0400	debug	Process task as active.	{"host": "127.0.0.1:63280", "shard-id": 1, "address": "127.0.0.1:63280", "component": "transfer-queue-processor", "wf-namespace-id": "d0b550e3-6091-4a9b-a9aa-3d80ffb24954", "value": "d0b550e3-6091-4a9b-a9aa-3d80ffb24954/temporal-sys-worker-deployment:rrentVersion_Batching-564e9892_deployment_series/0195af0e-960d-715f-b6c6-08dcdf4b78ec", "logging-call-at": "/Users/shivamsaraf/Desktop/work/temporal/common/log/with_logger.go:61"}
2025-03-19T11:38:46.891-0400	debug	Workflow task updated	{"host": "127.0.0.1:63280", "shard-id": 1, "address": "127.0.0.1:63280", "wf-scheduled-event-id": 151, "wf-started-event-id": 152, "workflow-task-request-id": "84900483-1dcb-470e-9284-f61055378229", "workflow-task-timeout": 10, "attempt": 1, "wf-started-timestamp": "2025-03-19T15:38:46.891Z", "wt-type": "Normal", "logging-call-at": "/Users/shivamsaraf/Desktop/work/temporal/common/log/with_logger.go:61"}
2025-03-19T11:38:46.891-0400	debug	Assigning new task key	{"host": "127.0.0.1:63280", "shard-id": 1, "address": "127.0.0.1:63280", "wf-namespace-id": "d0b550e3-6091-4a9b-a9aa-3d80ffb24954", "wf-id": "temporal-sys-worker-deployment:rrentVersion_Batching-564e9892_deployment_series", "wf-run-id": "0195af0e-960d-715f-b6c6-08dcdf4b78ec", "queue-task-type": "WorkflowTaskTimeout", "queue-task-id": 1048902, "timestamp": "2025-03-19T15:38:56.892Z", "cursor-timestamp": "2025-03-19T15:38:47.889Z", "logging-call-at": "/Users/shivamsaraf/Desktop/work/temporal/common/log/with_logger.go:61"}
2025-03-19T11:38:46.897-0400	debug	ExecuteActivity	{"host": "127.0.0.1:63281", "Namespace": "namespace-ec265ab4-426c-4316-a4b3-47fc66311932", "TaskQueue": "temporal-sys-per-ns-tq", "WorkerID": "temporal-system@Shivams-MacBook-Pro.local@namespace-ec265ab4-426c-4316-a4b3-47fc66311932", "WorkflowType": "temporal-sys-worker-deployment-workflow", "WorkflowID": "temporal-sys-worker-deployment:rrentVersion_Batching-564e9892_deployment_series", "RunID": "0195af0e-960d-715f-b6c6-08dcdf4b78ec", "Attempt": 0, "ActivityID": "155", "ActivityType": "RegisterWorkerInVersion", "logging-call-at": "/Users/shivamsaraf/Desktop/work/temporal/common/log/with_logger.go:61"}
2025-03-19T11:38:46.897-0400	debug	Frontend method invoked.	{"host": "127.0.0.1:63278", "wf-namespace": "namespace-ec265ab4-426c-4316-a4b3-47fc66311932", "operation": "PollWorkflowTaskQueue", "server-name": "", "cert-thumbprint": "", "logging-call-at": "/Users/shivamsaraf/Desktop/work/temporal/common/log/with_logger.go:61"}
2025-03-19T11:38:46.897-0400	debug	Received PollWorkflowTaskQueue	{"host": "127.0.0.1:63278", "service": "frontend", "logging-call-at": "/Users/shivamsaraf/Desktop/work/temporal/common/log/with_logger.go:61"}
2025-03-19T11:38:46.897-0400	debug	Poll workflow task queue.	{"host": "127.0.0.1:63278", "service": "frontend", "wf-namespace": "namespace-ec265ab4-426c-4316-a4b3-47fc66311932", "wf-namespace-id": "d0b550e3-6091-4a9b-a9aa-3d80ffb24954", "logging-call-at": "/Users/shivamsaraf/Desktop/work/temporal/common/log/with_logger.go:61"}
2025-03-19T11:38:46.898-0400	debug	Frontend method invoked.	{"host": "127.0.0.1:63278", "wf-namespace": "namespace-ec265ab4-426c-4316-a4b3-47fc66311932", "operation": "RespondWorkflowTaskCompleted", "server-name": "", "cert-thumbprint": "", "logging-call-at": "/Users/shivamsaraf/Desktop/work/temporal/common/log/with_logger.go:61"}
2025-03-19T11:38:46.898-0400	debug	RespondWorkflowTaskCompleted	{"host": "127.0.0.1:63280", "service": "history", "wf-namespace-id": "d0b550e3-6091-4a9b-a9aa-3d80ffb24954", "wf-id": "temporal-sys-worker-deployment:rrentVersion_Batching-564e9892_deployment_series", "wf-run-id": "0195af0e-960d-715f-b6c6-08dcdf4b78ec", "wf-scheduled-event-id": 151, "logging-call-at": "/Users/shivamsaraf/Desktop/work/temporal/common/log/with_logger.go:61"}
2025-03-19T11:38:46.898-0400	debug	Workflow task updated	{"host": "127.0.0.1:63280", "shard-id": 1, "address": "127.0.0.1:63280", "wf-scheduled-event-id": 0, "wf-started-event-id": 0, "workflow-task-request-id": "emptyUuid", "workflow-task-timeout": 0, "attempt": 1, "wf-started-timestamp": "1970-01-01T00:00:00.000Z", "wt-type": "Unspecified", "logging-call-at": "/Users/shivamsaraf/Desktop/work/temporal/common/log/with_logger.go:61"}
2025-03-19T11:38:46.898-0400	debug	update state change	{"host": "127.0.0.1:63280", "shard-id": 1, "address": "127.0.0.1:63280", "wf-namespace-id": "d0b550e3-6091-4a9b-a9aa-3d80ffb24954", "wf-id": "temporal-sys-worker-deployment:rrentVersion_Batching-564e9892_deployment_series", "wf-run-id": "0195af0e-960d-715f-b6c6-08dcdf4b78ec", "update-id": "fc0e739b-fa58-480b-b8d7-4d0425bc2db6", "from-state": "Accepted", "to-state": "ProvisionallyCompleted", "logging-call-at": "/Users/shivamsaraf/Desktop/work/temporal/common/log/with_logger.go:61"}
2025-03-19T11:38:46.898-0400	debug	Assigning new task key	{"host": "127.0.0.1:63280", "shard-id": 1, "address": "127.0.0.1:63280", "wf-namespace-id": "d0b550e3-6091-4a9b-a9aa-3d80ffb24954", "wf-id": "temporal-sys-worker-deployment:rrentVersion_Batching-564e9892_deployment_series", "wf-run-id": "0195af0e-960d-715f-b6c6-08dcdf4b78ec", "queue-task-type": "TransferActivityTask", "queue-task-id": 1048908, "timestamp": "2025-03-19T15:38:46.898Z", "cursor-timestamp": "2025-03-19T15:38:47.889Z", "logging-call-at": "/Users/shivamsaraf/Desktop/work/temporal/common/log/with_logger.go:61"}
2025-03-19T11:38:46.902-0400	debug	update state change	{"host": "127.0.0.1:63280", "shard-id": 1, "address": "127.0.0.1:63280", "wf-namespace-id": "d0b550e3-6091-4a9b-a9aa-3d80ffb24954", "wf-id": "temporal-sys-worker-deployment:rrentVersion_Batching-564e9892_deployment_series", "wf-run-id": "0195af0e-960d-715f-b6c6-08dcdf4b78ec", "update-id": "fc0e739b-fa58-480b-b8d7-4d0425bc2db6", "from-state": "ProvisionallyCompleted", "to-state": "Completed", "logging-call-at": "/Users/shivamsaraf/Desktop/work/temporal/common/log/with_logger.go:61"}
2025-03-19T11:38:46.902-0400	debug	deployment client success	{"host": "127.0.0.1:63279", "operation": "RegisterTaskQueueWorker", "elapsed": 3.366440083, "args": ["rrentVersion_Batching-564e9892_task_queue_19",1,"matching service"], "logging-call-at": "/Users/shivamsaraf/Desktop/work/temporal/common/log/with_logger.go:61"}
2025-03-19T11:38:46.902-0400	debug	Process task as active.	{"host": "127.0.0.1:63280", "shard-id": 1, "address": "127.0.0.1:63280", "component": "transfer-queue-processor", "wf-namespace-id": "d0b550e3-6091-4a9b-a9aa-3d80ffb24954", "value": "d0b550e3-6091-4a9b-a9aa-3d80ffb24954/temporal-sys-worker-deployment:rrentVersion_Batching-564e9892_deployment_series/0195af0e-960d-715f-b6c6-08dcdf4b78ec", "logging-call-at": "/Users/shivamsaraf/Desktop/work/temporal/common/log/with_logger.go:61"}
2025-03-19T11:38:46.902-0400	info	Started physicalTaskQueueManager	{"host": "127.0.0.1:63279", "component": "matching-engine", "wf-task-queue-name": "rrentVersion_Batching-564e9892_task_queue_19", "wf-task-queue-type": "Workflow", "wf-namespace": "namespace-ec265ab4-426c-4316-a4b3-47fc66311932", "worker-build-id": "rrentVersion_Batching-564e9892_deployment_series/rrentVersion_Batching-564e9892_build_id", "lifecycle": "Started", "cause": "UserData", "logging-call-at": "/Users/shivamsaraf/Desktop/work/temporal/common/log/with_logger.go:66"}
2025-03-19T11:38:46.903-0400	debug	Assigning new task key	{"host": "127.0.0.1:63280", "shard-id": 1, "address": "127.0.0.1:63280", "wf-namespace-id": "d0b550e3-6091-4a9b-a9aa-3d80ffb24954", "wf-id": "temporal-sys-worker-deployment:rrentVersion_Batching-564e9892_deployment_series", "wf-run-id": "0195af0e-960d-715f-b6c6-08dcdf4b78ec", "queue-task-type": "ActivityTimeout", "queue-task-id": 1048910, "timestamp": "2025-03-19T15:39:46.904Z", "cursor-timestamp": "2025-03-19T15:38:47.902Z", "logging-call-at": "/Users/shivamsaraf/Desktop/work/temporal/common/log/with_logger.go:61"}
2025-03-19T11:38:46.907-0400	debug	Frontend method invoked.	{"host": "127.0.0.1:63278", "wf-namespace": "namespace-ec265ab4-426c-4316-a4b3-47fc66311932", "operation": "PollActivityTaskQueue", "server-name": "", "cert-thumbprint": "", "logging-call-at": "/Users/shivamsaraf/Desktop/work/temporal/common/log/with_logger.go:61"}
2025-03-19T11:38:46.907-0400	debug	Received PollActivityTaskQueue	{"host": "127.0.0.1:63278", "service": "frontend", "logging-call-at": "/Users/shivamsaraf/Desktop/work/temporal/common/log/with_logger.go:61"}
2025-03-19T11:38:46.908-0400	debug	update state change	{"host": "127.0.0.1:63280", "shard-id": 4, "address": "127.0.0.1:63280", "wf-namespace-id": "d0b550e3-6091-4a9b-a9aa-3d80ffb24954", "wf-id": "temporal-sys-worker-deployment-version:rrentVersion_Batching-564e9892_deployment_series.rrentVersion_Batching-564e9892_build_id", "wf-run-id": "0195af0e-98a0-7d94-93e5-2a1d2e5942f8", "update-id": "da6891fd-7f57-4385-8aae-eba8bbda6f8c", "from-state": "Created", "to-state": "ProvisionallyAdmitted", "logging-call-at": "/Users/shivamsaraf/Desktop/work/temporal/common/log/with_logger.go:61"}
2025-03-19T11:38:46.908-0400	debug	update state change	{"host": "127.0.0.1:63280", "shard-id": 4, "address": "127.0.0.1:63280", "wf-namespace-id": "d0b550e3-6091-4a9b-a9aa-3d80ffb24954", "wf-id": "temporal-sys-worker-deployment-version:rrentVersion_Batching-564e9892_deployment_series.rrentVersion_Batching-564e9892_build_id", "wf-run-id": "0195af0e-98a0-7d94-93e5-2a1d2e5942f8", "update-id": "da6891fd-7f57-4385-8aae-eba8bbda6f8c", "from-state": "ProvisionallyAdmitted", "to-state": "Admitted", "logging-call-at": "/Users/shivamsaraf/Desktop/work/temporal/common/log/with_logger.go:61"}
2025-03-19T11:38:46.908-0400	debug	Workflow task updated	{"host": "127.0.0.1:63280", "shard-id": 4, "address": "127.0.0.1:63280", "wf-scheduled-event-id": 249, "wf-started-event-id": 0, "workflow-task-request-id": "emptyUuid", "workflow-task-timeout": 10, "attempt": 1, "wf-started-timestamp": "0001-01-01T00:00:00.000Z", "wt-type": "Speculative", "logging-call-at": "/Users/shivamsaraf/Desktop/work/temporal/common/log/with_logger.go:61"}
2025-03-19T11:38:46.909-0400	debug	Workflow task updated	{"host": "127.0.0.1:63280", "shard-id": 4, "address": "127.0.0.1:63280", "wf-scheduled-event-id": 249, "wf-started-event-id": 250, "workflow-task-request-id": "5463cca8-d679-4cdb-8d62-6cf08d63c2aa", "workflow-task-timeout": 10, "attempt": 1, "wf-started-timestamp": "2025-03-19T15:38:46.909Z", "wt-type": "Speculative", "logging-call-at": "/Users/shivamsaraf/Desktop/work/temporal/common/log/with_logger.go:61"}
2025-03-19T11:38:46.909-0400	debug	update state change	{"host": "127.0.0.1:63280", "shard-id": 4, "address": "127.0.0.1:63280", "wf-namespace-id": "d0b550e3-6091-4a9b-a9aa-3d80ffb24954", "wf-id": "temporal-sys-worker-deployment-version:rrentVersion_Batching-564e9892_deployment_series.rrentVersion_Batching-564e9892_build_id", "wf-run-id": "0195af0e-98a0-7d94-93e5-2a1d2e5942f8", "update-id": "da6891fd-7f57-4385-8aae-eba8bbda6f8c", "from-state": "Admitted", "to-state": "Sent", "logging-call-at": "/Users/shivamsaraf/Desktop/work/temporal/common/log/with_logger.go:61"}
2025-03-19T11:38:46.912-0400	debug	ExecuteActivity	{"host": "127.0.0.1:63281", "Namespace": "namespace-ec265ab4-426c-4316-a4b3-47fc66311932", "TaskQueue": "temporal-sys-per-ns-tq", "WorkerID": "temporal-system@Shivams-MacBook-Pro.local@namespace-ec265ab4-426c-4316-a4b3-47fc66311932", "WorkflowType": "temporal-sys-worker-deployment-version-workflow", "WorkflowID": "temporal-sys-worker-deployment-version:rrentVersion_Batching-564e9892_deployment_series.rrentVersion_Batching-564e9892_build_id", "RunID": "0195af0e-98a0-7d94-93e5-2a1d2e5942f8", "Attempt": 0, "ActivityID": "253", "ActivityType": "SyncDeploymentVersionUserData", "logging-call-at": "/Users/shivamsaraf/Desktop/work/temporal/common/log/with_logger.go:61"}
2025-03-19T11:38:46.912-0400	debug	Frontend method invoked.	{"host": "127.0.0.1:63278", "wf-namespace": "namespace-ec265ab4-426c-4316-a4b3-47fc66311932", "operation": "PollWorkflowTaskQueue", "server-name": "", "cert-thumbprint": "", "logging-call-at": "/Users/shivamsaraf/Desktop/work/temporal/common/log/with_logger.go:61"}
2025-03-19T11:38:46.912-0400	debug	Received PollWorkflowTaskQueue	{"host": "127.0.0.1:63278", "service": "frontend", "logging-call-at": "/Users/shivamsaraf/Desktop/work/temporal/common/log/with_logger.go:61"}
2025-03-19T11:38:46.912-0400	debug	Poll workflow task queue.	{"host": "127.0.0.1:63278", "service": "frontend", "wf-namespace": "namespace-ec265ab4-426c-4316-a4b3-47fc66311932", "wf-namespace-id": "d0b550e3-6091-4a9b-a9aa-3d80ffb24954", "logging-call-at": "/Users/shivamsaraf/Desktop/work/temporal/common/log/with_logger.go:61"}
2025-03-19T11:38:46.913-0400	debug	Frontend method invoked.	{"host": "127.0.0.1:63278", "wf-namespace": "namespace-ec265ab4-426c-4316-a4b3-47fc66311932", "operation": "RespondWorkflowTaskCompleted", "server-name": "", "cert-thumbprint": "", "logging-call-at": "/Users/shivamsaraf/Desktop/work/temporal/common/log/with_logger.go:61"}
2025-03-19T11:38:46.913-0400	debug	RespondWorkflowTaskCompleted	{"host": "127.0.0.1:63280", "service": "history", "wf-namespace-id": "d0b550e3-6091-4a9b-a9aa-3d80ffb24954", "wf-id": "temporal-sys-worker-deployment-version:rrentVersion_Batching-564e9892_deployment_series.rrentVersion_Batching-564e9892_build_id", "wf-run-id": "0195af0e-98a0-7d94-93e5-2a1d2e5942f8", "wf-scheduled-event-id": 249, "logging-call-at": "/Users/shivamsaraf/Desktop/work/temporal/common/log/with_logger.go:61"}
2025-03-19T11:38:46.913-0400	debug	Workflow task updated	{"host": "127.0.0.1:63280", "shard-id": 4, "address": "127.0.0.1:63280", "wf-scheduled-event-id": 0, "wf-started-event-id": 0, "workflow-task-request-id": "emptyUuid", "workflow-task-timeout": 0, "attempt": 1, "wf-started-timestamp": "1970-01-01T00:00:00.000Z", "wt-type": "Unspecified", "logging-call-at": "/Users/shivamsaraf/Desktop/work/temporal/common/log/with_logger.go:61"}
2025-03-19T11:38:46.913-0400	debug	update state change	{"host": "127.0.0.1:63280", "shard-id": 4, "address": "127.0.0.1:63280", "wf-namespace-id": "d0b550e3-6091-4a9b-a9aa-3d80ffb24954", "wf-id": "temporal-sys-worker-deployment-version:rrentVersion_Batching-564e9892_deployment_series.rrentVersion_Batching-564e9892_build_id", "wf-run-id": "0195af0e-98a0-7d94-93e5-2a1d2e5942f8", "update-id": "da6891fd-7f57-4385-8aae-eba8bbda6f8c", "from-state": "Sent", "to-state": "ProvisionallyAccepted", "logging-call-at": "/Users/shivamsaraf/Desktop/work/temporal/common/log/with_logger.go:61"}
2025-03-19T11:38:46.914-0400	debug	Assigning new task key	{"host": "127.0.0.1:63280", "shard-id": 4, "address": "127.0.0.1:63280", "wf-namespace-id": "d0b550e3-6091-4a9b-a9aa-3d80ffb24954", "wf-id": "temporal-sys-worker-deployment-version:rrentVersion_Batching-564e9892_deployment_series.rrentVersion_Batching-564e9892_build_id", "wf-run-id": "0195af0e-98a0-7d94-93e5-2a1d2e5942f8", "queue-task-type": "TransferActivityTask", "queue-task-id": 1049225, "timestamp": "2025-03-19T15:38:46.914Z", "cursor-timestamp": "2025-03-19T15:38:47.873Z", "logging-call-at": "/Users/shivamsaraf/Desktop/work/temporal/common/log/with_logger.go:61"}
2025-03-19T11:38:46.917-0400	debug	update state change	{"host": "127.0.0.1:63280", "shard-id": 4, "address": "127.0.0.1:63280", "wf-namespace-id": "d0b550e3-6091-4a9b-a9aa-3d80ffb24954", "wf-id": "temporal-sys-worker-deployment-version:rrentVersion_Batching-564e9892_deployment_series.rrentVersion_Batching-564e9892_build_id", "wf-run-id": "0195af0e-98a0-7d94-93e5-2a1d2e5942f8", "update-id": "da6891fd-7f57-4385-8aae-eba8bbda6f8c", "from-state": "ProvisionallyAccepted", "to-state": "Accepted", "logging-call-at": "/Users/shivamsaraf/Desktop/work/temporal/common/log/with_logger.go:61"}
2025-03-19T11:38:46.918-0400	debug	Process task as active.	{"host": "127.0.0.1:63280", "shard-id": 4, "address": "127.0.0.1:63280", "component": "transfer-queue-processor", "wf-namespace-id": "d0b550e3-6091-4a9b-a9aa-3d80ffb24954", "value": "d0b550e3-6091-4a9b-a9aa-3d80ffb24954/temporal-sys-worker-deployment-version:rrentVersion_Batching-564e9892_deployment_series.rrentVersion_Batching-564e9892_build_id/0195af0e-98a0-7d94-93e5-2a1d2e5942f8", "logging-call-at": "/Users/shivamsaraf/Desktop/work/temporal/common/log/with_logger.go:61"}
2025-03-19T11:38:46.919-0400	debug	Assigning new task key	{"host": "127.0.0.1:63280", "shard-id": 4, "address": "127.0.0.1:63280", "wf-namespace-id": "d0b550e3-6091-4a9b-a9aa-3d80ffb24954", "wf-id": "temporal-sys-worker-deployment-version:rrentVersion_Batching-564e9892_deployment_series.rrentVersion_Batching-564e9892_build_id", "wf-run-id": "0195af0e-98a0-7d94-93e5-2a1d2e5942f8", "queue-task-type": "ActivityTimeout", "queue-task-id": 1049226, "timestamp": "2025-03-19T15:39:46.919Z", "cursor-timestamp": "2025-03-19T15:38:47.917Z", "logging-call-at": "/Users/shivamsaraf/Desktop/work/temporal/common/log/with_logger.go:61"}
2025-03-19T11:38:46.922-0400	info	syncing task queue userdata for deployment version	{"host": "127.0.0.1:63281", "Namespace": "namespace-ec265ab4-426c-4316-a4b3-47fc66311932", "TaskQueue": "temporal-sys-per-ns-tq", "WorkerID": "temporal-system@Shivams-MacBook-Pro.local@namespace-ec265ab4-426c-4316-a4b3-47fc66311932", "ActivityID": "253", "ActivityType": "SyncDeploymentVersionUserData", "Attempt": 1, "WorkflowType": "temporal-sys-worker-deployment-version-workflow", "WorkflowID": "temporal-sys-worker-deployment-version:rrentVersion_Batching-564e9892_deployment_series.rrentVersion_Batching-564e9892_build_id", "RunID": "0195af0e-98a0-7d94-93e5-2a1d2e5942f8", "taskQueue": "rrentVersion_Batching-564e9892_task_queue_27", "types": [1], "logging-call-at": "/Users/shivamsaraf/Desktop/work/temporal/common/log/with_logger.go:66"}
2025-03-19T11:38:46.922-0400	debug	Frontend method invoked.	{"host": "127.0.0.1:63278", "wf-namespace": "namespace-ec265ab4-426c-4316-a4b3-47fc66311932", "operation": "PollActivityTaskQueue", "server-name": "", "cert-thumbprint": "", "logging-call-at": "/Users/shivamsaraf/Desktop/work/temporal/common/log/with_logger.go:61"}
2025-03-19T11:38:46.922-0400	debug	Received PollActivityTaskQueue	{"host": "127.0.0.1:63278", "service": "frontend", "logging-call-at": "/Users/shivamsaraf/Desktop/work/temporal/common/log/with_logger.go:61"}
2025-03-19T11:38:47.025-0400	info	modified user data	{"host": "127.0.0.1:63279", "component": "matching-engine", "wf-task-queue-name": "rrentVersion_Batching-564e9892_task_queue_27", "wf-task-queue-type": "Workflow", "wf-namespace": "namespace-ec265ab4-426c-4316-a4b3-47fc66311932", "user-data-update-source": "SyncDeploymentUserData", "user-data-version": 1, "timestamp": "2025-03-19T15:38:46.922Z", "logging-call-at": "/Users/shivamsaraf/Desktop/work/temporal/common/log/with_logger.go:66"}
2025-03-19T11:38:47.025-0400	debug	user data changed while blocked in long poll	{"host": "127.0.0.1:63279", "component": "matching-engine", "wf-task-queue-name": "rrentVersion_Batching-564e9892_task_queue_27", "wf-task-queue-type": "Workflow", "wf-namespace": "namespace-ec265ab4-426c-4316-a4b3-47fc66311932", "logging-call-at": "/Users/shivamsaraf/Desktop/work/temporal/common/log/with_logger.go:61"}
2025-03-19T11:38:47.025-0400	debug	user data changed while blocked in long poll	{"host": "127.0.0.1:63279", "component": "matching-engine", "wf-task-queue-name": "rrentVersion_Batching-564e9892_task_queue_27", "wf-task-queue-type": "Workflow", "wf-namespace": "namespace-ec265ab4-426c-4316-a4b3-47fc66311932", "logging-call-at": "/Users/shivamsaraf/Desktop/work/temporal/common/log/with_logger.go:61"}
2025-03-19T11:38:47.025-0400	debug	user data changed while blocked in long poll	{"host": "127.0.0.1:63279", "component": "matching-engine", "wf-task-queue-name": "rrentVersion_Batching-564e9892_task_queue_27", "wf-task-queue-type": "Workflow", "wf-namespace": "namespace-ec265ab4-426c-4316-a4b3-47fc66311932", "logging-call-at": "/Users/shivamsaraf/Desktop/work/temporal/common/log/with_logger.go:61"}
2025-03-19T11:38:47.025-0400	info	returning user data	{"host": "127.0.0.1:63279", "component": "matching-engine", "wf-task-queue-name": "rrentVersion_Batching-564e9892_task_queue_27", "wf-task-queue-type": "Workflow", "wf-namespace": "namespace-ec265ab4-426c-4316-a4b3-47fc66311932", "long-poll": true, "request-known-version": 0, "user-data-version": 1, "logging-call-at": "/Users/shivamsaraf/Desktop/work/temporal/common/log/with_logger.go:66"}
2025-03-19T11:38:47.025-0400	info	returning user data	{"host": "127.0.0.1:63279", "component": "matching-engine", "wf-task-queue-name": "rrentVersion_Batching-564e9892_task_queue_27", "wf-task-queue-type": "Workflow", "wf-namespace": "namespace-ec265ab4-426c-4316-a4b3-47fc66311932", "long-poll": true, "request-known-version": 0, "user-data-version": 1, "logging-call-at": "/Users/shivamsaraf/Desktop/work/temporal/common/log/with_logger.go:66"}
2025-03-19T11:38:47.025-0400	info	returning user data	{"host": "127.0.0.1:63279", "component": "matching-engine", "wf-task-queue-name": "rrentVersion_Batching-564e9892_task_queue_27", "wf-task-queue-type": "Workflow", "wf-namespace": "namespace-ec265ab4-426c-4316-a4b3-47fc66311932", "long-poll": true, "request-known-version": 0, "user-data-version": 1, "logging-call-at": "/Users/shivamsaraf/Desktop/work/temporal/common/log/with_logger.go:66"}
2025-03-19T11:38:47.025-0400	info	fetched user data from parent	{"host": "127.0.0.1:63279", "component": "matching-engine", "wf-task-queue-name": "/_sys/rrentVersion_Batching-564e9892_task_queue_27/1", "wf-task-queue-type": "Workflow", "wf-namespace": "namespace-ec265ab4-426c-4316-a4b3-47fc66311932", "user-data-version": 1, "timestamp": "2025-03-19T15:38:46.922Z", "logging-call-at": "/Users/shivamsaraf/Desktop/work/temporal/common/log/with_logger.go:66"}
2025-03-19T11:38:47.025-0400	info	fetched user data from parent	{"host": "127.0.0.1:63279", "component": "matching-engine", "wf-task-queue-name": "/_sys/rrentVersion_Batching-564e9892_task_queue_27/2", "wf-task-queue-type": "Workflow", "wf-namespace": "namespace-ec265ab4-426c-4316-a4b3-47fc66311932", "user-data-version": 1, "timestamp": "2025-03-19T15:38:46.922Z", "logging-call-at": "/Users/shivamsaraf/Desktop/work/temporal/common/log/with_logger.go:66"}
2025-03-19T11:38:47.025-0400	info	fetched user data from parent	{"host": "127.0.0.1:63279", "component": "matching-engine", "wf-task-queue-name": "/_sys/rrentVersion_Batching-564e9892_task_queue_27/3", "wf-task-queue-type": "Workflow", "wf-namespace": "namespace-ec265ab4-426c-4316-a4b3-47fc66311932", "user-data-version": 1, "timestamp": "2025-03-19T15:38:46.922Z", "logging-call-at": "/Users/shivamsaraf/Desktop/work/temporal/common/log/with_logger.go:66"}
2025-03-19T11:38:47.025-0400	debug	Frontend method invoked.	{"host": "127.0.0.1:63278", "wf-namespace": "namespace-ec265ab4-426c-4316-a4b3-47fc66311932", "operation": "RespondActivityTaskCompleted", "server-name": "", "cert-thumbprint": "", "logging-call-at": "/Users/shivamsaraf/Desktop/work/temporal/common/log/with_logger.go:61"}
2025-03-19T11:38:47.026-0400	debug	Workflow task updated	{"host": "127.0.0.1:63280", "shard-id": 4, "address": "127.0.0.1:63280", "wf-scheduled-event-id": 256, "wf-started-event-id": 0, "workflow-task-request-id": "emptyUuid", "workflow-task-timeout": 10, "attempt": 1, "wf-started-timestamp": "0001-01-01T00:00:00.000Z", "wt-type": "Normal", "logging-call-at": "/Users/shivamsaraf/Desktop/work/temporal/common/log/with_logger.go:61"}
2025-03-19T11:38:47.026-0400	debug	Assigning new task key	{"host": "127.0.0.1:63280", "shard-id": 4, "address": "127.0.0.1:63280", "wf-namespace-id": "d0b550e3-6091-4a9b-a9aa-3d80ffb24954", "wf-id": "temporal-sys-worker-deployment-version:rrentVersion_Batching-564e9892_deployment_series.rrentVersion_Batching-564e9892_build_id", "wf-run-id": "0195af0e-98a0-7d94-93e5-2a1d2e5942f8", "queue-task-type": "WorkflowTaskTimeout", "queue-task-id": 1049232, "timestamp": "2025-03-19T15:38:52.027Z", "cursor-timestamp": "2025-03-19T15:38:47.917Z", "logging-call-at": "/Users/shivamsaraf/Desktop/work/temporal/common/log/with_logger.go:61"}
2025-03-19T11:38:47.026-0400	debug	Assigning new task key	{"host": "127.0.0.1:63280", "shard-id": 4, "address": "127.0.0.1:63280", "wf-namespace-id": "d0b550e3-6091-4a9b-a9aa-3d80ffb24954", "wf-id": "temporal-sys-worker-deployment-version:rrentVersion_Batching-564e9892_deployment_series.rrentVersion_Batching-564e9892_build_id", "wf-run-id": "0195af0e-98a0-7d94-93e5-2a1d2e5942f8", "queue-task-type": "TransferWorkflowTask", "queue-task-id": 1049233, "timestamp": "2025-03-19T15:38:47.026Z", "cursor-timestamp": "2025-03-19T15:38:47.917Z", "logging-call-at": "/Users/shivamsaraf/Desktop/work/temporal/common/log/with_logger.go:61"}
2025-03-19T11:38:47.032-0400	debug	Process task as active.	{"host": "127.0.0.1:63280", "shard-id": 4, "address": "127.0.0.1:63280", "component": "transfer-queue-processor", "wf-namespace-id": "d0b550e3-6091-4a9b-a9aa-3d80ffb24954", "value": "d0b550e3-6091-4a9b-a9aa-3d80ffb24954/temporal-sys-worker-deployment-version:rrentVersion_Batching-564e9892_deployment_series.rrentVersion_Batching-564e9892_build_id/0195af0e-98a0-7d94-93e5-2a1d2e5942f8", "logging-call-at": "/Users/shivamsaraf/Desktop/work/temporal/common/log/with_logger.go:61"}
2025-03-19T11:38:47.033-0400	debug	Workflow task updated	{"host": "127.0.0.1:63280", "shard-id": 4, "address": "127.0.0.1:63280", "wf-scheduled-event-id": 256, "wf-started-event-id": 257, "workflow-task-request-id": "9b667ecc-91cb-4236-8e62-87a152dbb4aa", "workflow-task-timeout": 10, "attempt": 1, "wf-started-timestamp": "2025-03-19T15:38:47.033Z", "wt-type": "Normal", "logging-call-at": "/Users/shivamsaraf/Desktop/work/temporal/common/log/with_logger.go:61"}
2025-03-19T11:38:47.034-0400	debug	Assigning new task key	{"host": "127.0.0.1:63280", "shard-id": 4, "address": "127.0.0.1:63280", "wf-namespace-id": "d0b550e3-6091-4a9b-a9aa-3d80ffb24954", "wf-id": "temporal-sys-worker-deployment-version:rrentVersion_Batching-564e9892_deployment_series.rrentVersion_Batching-564e9892_build_id", "wf-run-id": "0195af0e-98a0-7d94-93e5-2a1d2e5942f8", "queue-task-type": "WorkflowTaskTimeout", "queue-task-id": 1049236, "timestamp": "2025-03-19T15:38:57.034Z", "cursor-timestamp": "2025-03-19T15:38:48.031Z", "logging-call-at": "/Users/shivamsaraf/Desktop/work/temporal/common/log/with_logger.go:61"}
2025-03-19T11:38:47.042-0400	debug	ExecuteActivity	{"host": "127.0.0.1:63281", "Namespace": "namespace-ec265ab4-426c-4316-a4b3-47fc66311932", "TaskQueue": "temporal-sys-per-ns-tq", "WorkerID": "temporal-system@Shivams-MacBook-Pro.local@namespace-ec265ab4-426c-4316-a4b3-47fc66311932", "WorkflowType": "temporal-sys-worker-deployment-version-workflow", "WorkflowID": "temporal-sys-worker-deployment-version:rrentVersion_Batching-564e9892_deployment_series.rrentVersion_Batching-564e9892_build_id", "RunID": "0195af0e-98a0-7d94-93e5-2a1d2e5942f8", "Attempt": 0, "ActivityID": "259", "ActivityType": "CheckWorkerDeploymentUserDataPropagation", "logging-call-at": "/Users/shivamsaraf/Desktop/work/temporal/common/log/with_logger.go:61"}
2025-03-19T11:38:47.042-0400	debug	Frontend method invoked.	{"host": "127.0.0.1:63278", "wf-namespace": "namespace-ec265ab4-426c-4316-a4b3-47fc66311932", "operation": "PollWorkflowTaskQueue", "server-name": "", "cert-thumbprint": "", "logging-call-at": "/Users/shivamsaraf/Desktop/work/temporal/common/log/with_logger.go:61"}
2025-03-19T11:38:47.043-0400	debug	Received PollWorkflowTaskQueue	{"host": "127.0.0.1:63278", "service": "frontend", "logging-call-at": "/Users/shivamsaraf/Desktop/work/temporal/common/log/with_logger.go:61"}
2025-03-19T11:38:47.043-0400	debug	Poll workflow task queue.	{"host": "127.0.0.1:63278", "service": "frontend", "wf-namespace": "namespace-ec265ab4-426c-4316-a4b3-47fc66311932", "wf-namespace-id": "d0b550e3-6091-4a9b-a9aa-3d80ffb24954", "logging-call-at": "/Users/shivamsaraf/Desktop/work/temporal/common/log/with_logger.go:61"}
2025-03-19T11:38:47.043-0400	debug	Frontend method invoked.	{"host": "127.0.0.1:63278", "wf-namespace": "namespace-ec265ab4-426c-4316-a4b3-47fc66311932", "operation": "RespondWorkflowTaskCompleted", "server-name": "", "cert-thumbprint": "", "logging-call-at": "/Users/shivamsaraf/Desktop/work/temporal/common/log/with_logger.go:61"}
2025-03-19T11:38:47.043-0400	debug	RespondWorkflowTaskCompleted	{"host": "127.0.0.1:63280", "service": "history", "wf-namespace-id": "d0b550e3-6091-4a9b-a9aa-3d80ffb24954", "wf-id": "temporal-sys-worker-deployment-version:rrentVersion_Batching-564e9892_deployment_series.rrentVersion_Batching-564e9892_build_id", "wf-run-id": "0195af0e-98a0-7d94-93e5-2a1d2e5942f8", "wf-scheduled-event-id": 256, "logging-call-at": "/Users/shivamsaraf/Desktop/work/temporal/common/log/with_logger.go:61"}
2025-03-19T11:38:47.043-0400	debug	Workflow task updated	{"host": "127.0.0.1:63280", "shard-id": 4, "address": "127.0.0.1:63280", "wf-scheduled-event-id": 0, "wf-started-event-id": 0, "workflow-task-request-id": "emptyUuid", "workflow-task-timeout": 0, "attempt": 1, "wf-started-timestamp": "1970-01-01T00:00:00.000Z", "wt-type": "Unspecified", "logging-call-at": "/Users/shivamsaraf/Desktop/work/temporal/common/log/with_logger.go:61"}
2025-03-19T11:38:47.044-0400	debug	Assigning new task key	{"host": "127.0.0.1:63280", "shard-id": 4, "address": "127.0.0.1:63280", "wf-namespace-id": "d0b550e3-6091-4a9b-a9aa-3d80ffb24954", "wf-id": "temporal-sys-worker-deployment-version:rrentVersion_Batching-564e9892_deployment_series.rrentVersion_Batching-564e9892_build_id", "wf-run-id": "0195af0e-98a0-7d94-93e5-2a1d2e5942f8", "queue-task-type": "TransferActivityTask", "queue-task-id": 1049241, "timestamp": "2025-03-19T15:38:47.044Z", "cursor-timestamp": "2025-03-19T15:38:48.031Z", "logging-call-at": "/Users/shivamsaraf/Desktop/work/temporal/common/log/with_logger.go:61"}
2025-03-19T11:38:47.048-0400	debug	Process task as active.	{"host": "127.0.0.1:63280", "shard-id": 4, "address": "127.0.0.1:63280", "component": "transfer-queue-processor", "wf-namespace-id": "d0b550e3-6091-4a9b-a9aa-3d80ffb24954", "value": "d0b550e3-6091-4a9b-a9aa-3d80ffb24954/temporal-sys-worker-deployment-version:rrentVersion_Batching-564e9892_deployment_series.rrentVersion_Batching-564e9892_build_id/0195af0e-98a0-7d94-93e5-2a1d2e5942f8", "logging-call-at": "/Users/shivamsaraf/Desktop/work/temporal/common/log/with_logger.go:61"}
2025-03-19T11:38:47.049-0400	debug	Assigning new task key	{"host": "127.0.0.1:63280", "shard-id": 4, "address": "127.0.0.1:63280", "wf-namespace-id": "d0b550e3-6091-4a9b-a9aa-3d80ffb24954", "wf-id": "temporal-sys-worker-deployment-version:rrentVersion_Batching-564e9892_deployment_series.rrentVersion_Batching-564e9892_build_id", "wf-run-id": "0195af0e-98a0-7d94-93e5-2a1d2e5942f8", "queue-task-type": "ActivityTimeout", "queue-task-id": 1049242, "timestamp": "2025-03-19T15:39:47.050Z", "cursor-timestamp": "2025-03-19T15:38:48.047Z", "logging-call-at": "/Users/shivamsaraf/Desktop/work/temporal/common/log/with_logger.go:61"}
2025-03-19T11:38:47.053-0400	info	waiting for userdata propagation	{"host": "127.0.0.1:63281", "Namespace": "namespace-ec265ab4-426c-4316-a4b3-47fc66311932", "TaskQueue": "temporal-sys-per-ns-tq", "WorkerID": "temporal-system@Shivams-MacBook-Pro.local@namespace-ec265ab4-426c-4316-a4b3-47fc66311932", "ActivityID": "259", "ActivityType": "CheckWorkerDeploymentUserDataPropagation", "Attempt": 1, "WorkflowType": "temporal-sys-worker-deployment-version-workflow", "WorkflowID": "temporal-sys-worker-deployment-version:rrentVersion_Batching-564e9892_deployment_series.rrentVersion_Batching-564e9892_build_id", "RunID": "0195af0e-98a0-7d94-93e5-2a1d2e5942f8", "taskQueue": "rrentVersion_Batching-564e9892_task_queue_27", "version": 1, "logging-call-at": "/Users/shivamsaraf/Desktop/work/temporal/common/log/with_logger.go:66"}
2025-03-19T11:38:47.053-0400	debug	Frontend method invoked.	{"host": "127.0.0.1:63278", "wf-namespace": "namespace-ec265ab4-426c-4316-a4b3-47fc66311932", "operation": "PollActivityTaskQueue", "server-name": "", "cert-thumbprint": "", "logging-call-at": "/Users/shivamsaraf/Desktop/work/temporal/common/log/with_logger.go:61"}
2025-03-19T11:38:47.053-0400	debug	Received PollActivityTaskQueue	{"host": "127.0.0.1:63278", "service": "frontend", "logging-call-at": "/Users/shivamsaraf/Desktop/work/temporal/common/log/with_logger.go:61"}
2025-03-19T11:38:47.054-0400	info	returning user data	{"host": "127.0.0.1:63279", "component": "matching-engine", "wf-task-queue-name": "/_sys/rrentVersion_Batching-564e9892_task_queue_27/3", "wf-task-queue-type": "Workflow", "wf-namespace": "namespace-ec265ab4-426c-4316-a4b3-47fc66311932", "long-poll": true, "request-known-version": 0, "user-data-version": 1, "logging-call-at": "/Users/shivamsaraf/Desktop/work/temporal/common/log/with_logger.go:66"}
2025-03-19T11:38:47.054-0400	info	matching client encountered error	{"host": "127.0.0.1:63279", "error": "partition was not loaded", "service-error-type": "serviceerror.FailedPrecondition", "logging-call-at": "/Users/shivamsaraf/Desktop/work/temporal/common/log/with_logger.go:66"}
2025-03-19T11:38:47.054-0400	info	returning user data	{"host": "127.0.0.1:63279", "component": "matching-engine", "wf-task-queue-name": "/_sys/rrentVersion_Batching-564e9892_task_queue_27/1", "wf-task-queue-type": "Workflow", "wf-namespace": "namespace-ec265ab4-426c-4316-a4b3-47fc66311932", "long-poll": true, "request-known-version": 0, "user-data-version": 1, "logging-call-at": "/Users/shivamsaraf/Desktop/work/temporal/common/log/with_logger.go:66"}
2025-03-19T11:38:47.054-0400	info	matching client encountered error	{"host": "127.0.0.1:63279", "error": "partition was not loaded", "service-error-type": "serviceerror.FailedPrecondition", "logging-call-at": "/Users/shivamsaraf/Desktop/work/temporal/common/log/with_logger.go:66"}
2025-03-19T11:38:47.054-0400	info	matching client encountered error	{"host": "127.0.0.1:63279", "error": "partition was not loaded", "service-error-type": "serviceerror.FailedPrecondition", "logging-call-at": "/Users/shivamsaraf/Desktop/work/temporal/common/log/with_logger.go:66"}
2025-03-19T11:38:47.054-0400	info	returning user data	{"host": "127.0.0.1:63279", "component": "matching-engine", "wf-task-queue-name": "/_sys/rrentVersion_Batching-564e9892_task_queue_27/2", "wf-task-queue-type": "Workflow", "wf-namespace": "namespace-ec265ab4-426c-4316-a4b3-47fc66311932", "long-poll": true, "request-known-version": 0, "user-data-version": 1, "logging-call-at": "/Users/shivamsaraf/Desktop/work/temporal/common/log/with_logger.go:66"}
2025-03-19T11:38:47.054-0400	info	matching client encountered error	{"host": "127.0.0.1:63279", "error": "partition was not loaded", "service-error-type": "serviceerror.FailedPrecondition", "logging-call-at": "/Users/shivamsaraf/Desktop/work/temporal/common/log/with_logger.go:66"}
2025-03-19T11:38:47.054-0400	debug	Frontend method invoked.	{"host": "127.0.0.1:63278", "wf-namespace": "namespace-ec265ab4-426c-4316-a4b3-47fc66311932", "operation": "RespondActivityTaskCompleted", "server-name": "", "cert-thumbprint": "", "logging-call-at": "/Users/shivamsaraf/Desktop/work/temporal/common/log/with_logger.go:61"}
2025-03-19T11:38:47.055-0400	debug	Workflow task updated	{"host": "127.0.0.1:63280", "shard-id": 4, "address": "127.0.0.1:63280", "wf-scheduled-event-id": 262, "wf-started-event-id": 0, "workflow-task-request-id": "emptyUuid", "workflow-task-timeout": 10, "attempt": 1, "wf-started-timestamp": "0001-01-01T00:00:00.000Z", "wt-type": "Normal", "logging-call-at": "/Users/shivamsaraf/Desktop/work/temporal/common/log/with_logger.go:61"}
2025-03-19T11:38:47.055-0400	debug	Assigning new task key	{"host": "127.0.0.1:63280", "shard-id": 4, "address": "127.0.0.1:63280", "wf-namespace-id": "d0b550e3-6091-4a9b-a9aa-3d80ffb24954", "wf-id": "temporal-sys-worker-deployment-version:rrentVersion_Batching-564e9892_deployment_series.rrentVersion_Batching-564e9892_build_id", "wf-run-id": "0195af0e-98a0-7d94-93e5-2a1d2e5942f8", "queue-task-type": "WorkflowTaskTimeout", "queue-task-id": 1049248, "timestamp": "2025-03-19T15:38:52.056Z", "cursor-timestamp": "2025-03-19T15:38:48.047Z", "logging-call-at": "/Users/shivamsaraf/Desktop/work/temporal/common/log/with_logger.go:61"}
2025-03-19T11:38:47.055-0400	debug	Assigning new task key	{"host": "127.0.0.1:63280", "shard-id": 4, "address": "127.0.0.1:63280", "wf-namespace-id": "d0b550e3-6091-4a9b-a9aa-3d80ffb24954", "wf-id": "temporal-sys-worker-deployment-version:rrentVersion_Batching-564e9892_deployment_series.rrentVersion_Batching-564e9892_build_id", "wf-run-id": "0195af0e-98a0-7d94-93e5-2a1d2e5942f8", "queue-task-type": "TransferWorkflowTask", "queue-task-id": 1049249, "timestamp": "2025-03-19T15:38:47.055Z", "cursor-timestamp": "2025-03-19T15:38:48.047Z", "logging-call-at": "/Users/shivamsaraf/Desktop/work/temporal/common/log/with_logger.go:61"}
2025-03-19T11:38:47.059-0400	debug	Process task as active.	{"host": "127.0.0.1:63280", "shard-id": 4, "address": "127.0.0.1:63280", "component": "transfer-queue-processor", "wf-namespace-id": "d0b550e3-6091-4a9b-a9aa-3d80ffb24954", "value": "d0b550e3-6091-4a9b-a9aa-3d80ffb24954/temporal-sys-worker-deployment-version:rrentVersion_Batching-564e9892_deployment_series.rrentVersion_Batching-564e9892_build_id/0195af0e-98a0-7d94-93e5-2a1d2e5942f8", "logging-call-at": "/Users/shivamsaraf/Desktop/work/temporal/common/log/with_logger.go:61"}
2025-03-19T11:38:47.060-0400	debug	Workflow task updated	{"host": "127.0.0.1:63280", "shard-id": 4, "address": "127.0.0.1:63280", "wf-scheduled-event-id": 262, "wf-started-event-id": 263, "workflow-task-request-id": "f719edbc-5103-4369-991e-b46cb120276a", "workflow-task-timeout": 10, "attempt": 1, "wf-started-timestamp": "2025-03-19T15:38:47.060Z", "wt-type": "Normal", "logging-call-at": "/Users/shivamsaraf/Desktop/work/temporal/common/log/with_logger.go:61"}
2025-03-19T11:38:47.060-0400	debug	Assigning new task key	{"host": "127.0.0.1:63280", "shard-id": 4, "address": "127.0.0.1:63280", "wf-namespace-id": "d0b550e3-6091-4a9b-a9aa-3d80ffb24954", "wf-id": "temporal-sys-worker-deployment-version:rrentVersion_Batching-564e9892_deployment_series.rrentVersion_Batching-564e9892_build_id", "wf-run-id": "0195af0e-98a0-7d94-93e5-2a1d2e5942f8", "queue-task-type": "WorkflowTaskTimeout", "queue-task-id": 1049252, "timestamp": "2025-03-19T15:38:57.061Z", "cursor-timestamp": "2025-03-19T15:38:48.059Z", "logging-call-at": "/Users/shivamsaraf/Desktop/work/temporal/common/log/with_logger.go:61"}
2025-03-19T11:38:47.067-0400	debug	Frontend method invoked.	{"host": "127.0.0.1:63278", "wf-namespace": "namespace-ec265ab4-426c-4316-a4b3-47fc66311932", "operation": "PollWorkflowTaskQueue", "server-name": "", "cert-thumbprint": "", "logging-call-at": "/Users/shivamsaraf/Desktop/work/temporal/common/log/with_logger.go:61"}
2025-03-19T11:38:47.067-0400	debug	Received PollWorkflowTaskQueue	{"host": "127.0.0.1:63278", "service": "frontend", "logging-call-at": "/Users/shivamsaraf/Desktop/work/temporal/common/log/with_logger.go:61"}
2025-03-19T11:38:47.067-0400	debug	Poll workflow task queue.	{"host": "127.0.0.1:63278", "service": "frontend", "wf-namespace": "namespace-ec265ab4-426c-4316-a4b3-47fc66311932", "wf-namespace-id": "d0b550e3-6091-4a9b-a9aa-3d80ffb24954", "logging-call-at": "/Users/shivamsaraf/Desktop/work/temporal/common/log/with_logger.go:61"}
2025-03-19T11:38:47.067-0400	debug	Frontend method invoked.	{"host": "127.0.0.1:63278", "wf-namespace": "namespace-ec265ab4-426c-4316-a4b3-47fc66311932", "operation": "RespondWorkflowTaskCompleted", "server-name": "", "cert-thumbprint": "", "logging-call-at": "/Users/shivamsaraf/Desktop/work/temporal/common/log/with_logger.go:61"}
2025-03-19T11:38:47.068-0400	debug	RespondWorkflowTaskCompleted	{"host": "127.0.0.1:63280", "service": "history", "wf-namespace-id": "d0b550e3-6091-4a9b-a9aa-3d80ffb24954", "wf-id": "temporal-sys-worker-deployment-version:rrentVersion_Batching-564e9892_deployment_series.rrentVersion_Batching-564e9892_build_id", "wf-run-id": "0195af0e-98a0-7d94-93e5-2a1d2e5942f8", "wf-scheduled-event-id": 262, "logging-call-at": "/Users/shivamsaraf/Desktop/work/temporal/common/log/with_logger.go:61"}
2025-03-19T11:38:47.068-0400	debug	Workflow task updated	{"host": "127.0.0.1:63280", "shard-id": 4, "address": "127.0.0.1:63280", "wf-scheduled-event-id": 0, "wf-started-event-id": 0, "workflow-task-request-id": "emptyUuid", "workflow-task-timeout": 0, "attempt": 1, "wf-started-timestamp": "1970-01-01T00:00:00.000Z", "wt-type": "Unspecified", "logging-call-at": "/Users/shivamsaraf/Desktop/work/temporal/common/log/with_logger.go:61"}
2025-03-19T11:38:47.068-0400	debug	update state change	{"host": "127.0.0.1:63280", "shard-id": 4, "address": "127.0.0.1:63280", "wf-namespace-id": "d0b550e3-6091-4a9b-a9aa-3d80ffb24954", "wf-id": "temporal-sys-worker-deployment-version:rrentVersion_Batching-564e9892_deployment_series.rrentVersion_Batching-564e9892_build_id", "wf-run-id": "0195af0e-98a0-7d94-93e5-2a1d2e5942f8", "update-id": "da6891fd-7f57-4385-8aae-eba8bbda6f8c", "from-state": "Accepted", "to-state": "ProvisionallyCompleted", "logging-call-at": "/Users/shivamsaraf/Desktop/work/temporal/common/log/with_logger.go:61"}
2025-03-19T11:38:47.071-0400	debug	update state change	{"host": "127.0.0.1:63280", "shard-id": 4, "address": "127.0.0.1:63280", "wf-namespace-id": "d0b550e3-6091-4a9b-a9aa-3d80ffb24954", "wf-id": "temporal-sys-worker-deployment-version:rrentVersion_Batching-564e9892_deployment_series.rrentVersion_Batching-564e9892_build_id", "wf-run-id": "0195af0e-98a0-7d94-93e5-2a1d2e5942f8", "update-id": "da6891fd-7f57-4385-8aae-eba8bbda6f8c", "from-state": "ProvisionallyCompleted", "to-state": "Completed", "logging-call-at": "/Users/shivamsaraf/Desktop/work/temporal/common/log/with_logger.go:61"}
2025-03-19T11:38:47.071-0400	debug	Frontend method invoked.	{"host": "127.0.0.1:63278", "wf-namespace": "namespace-ec265ab4-426c-4316-a4b3-47fc66311932", "operation": "RespondActivityTaskCompleted", "server-name": "", "cert-thumbprint": "", "logging-call-at": "/Users/shivamsaraf/Desktop/work/temporal/common/log/with_logger.go:61"}
2025-03-19T11:38:47.072-0400	debug	Workflow task updated	{"host": "127.0.0.1:63280", "shard-id": 1, "address": "127.0.0.1:63280", "wf-scheduled-event-id": 158, "wf-started-event-id": 0, "workflow-task-request-id": "emptyUuid", "workflow-task-timeout": 10, "attempt": 1, "wf-started-timestamp": "0001-01-01T00:00:00.000Z", "wt-type": "Normal", "logging-call-at": "/Users/shivamsaraf/Desktop/work/temporal/common/log/with_logger.go:61"}
2025-03-19T11:38:47.072-0400	debug	Assigning new task key	{"host": "127.0.0.1:63280", "shard-id": 1, "address": "127.0.0.1:63280", "wf-namespace-id": "d0b550e3-6091-4a9b-a9aa-3d80ffb24954", "wf-id": "temporal-sys-worker-deployment:rrentVersion_Batching-564e9892_deployment_series", "wf-run-id": "0195af0e-960d-715f-b6c6-08dcdf4b78ec", "queue-task-type": "WorkflowTaskTimeout", "queue-task-id": 1048916, "timestamp": "2025-03-19T15:38:52.073Z", "cursor-timestamp": "2025-03-19T15:38:47.902Z", "logging-call-at": "/Users/shivamsaraf/Desktop/work/temporal/common/log/with_logger.go:61"}
2025-03-19T11:38:47.072-0400	debug	Assigning new task key	{"host": "127.0.0.1:63280", "shard-id": 1, "address": "127.0.0.1:63280", "wf-namespace-id": "d0b550e3-6091-4a9b-a9aa-3d80ffb24954", "wf-id": "temporal-sys-worker-deployment:rrentVersion_Batching-564e9892_deployment_series", "wf-run-id": "0195af0e-960d-715f-b6c6-08dcdf4b78ec", "queue-task-type": "TransferWorkflowTask", "queue-task-id": 1048917, "timestamp": "2025-03-19T15:38:47.072Z", "cursor-timestamp": "2025-03-19T15:38:47.902Z", "logging-call-at": "/Users/shivamsaraf/Desktop/work/temporal/common/log/with_logger.go:61"}
2025-03-19T11:38:47.076-0400	debug	Process task as active.	{"host": "127.0.0.1:63280", "shard-id": 1, "address": "127.0.0.1:63280", "component": "transfer-queue-processor", "wf-namespace-id": "d0b550e3-6091-4a9b-a9aa-3d80ffb24954", "value": "d0b550e3-6091-4a9b-a9aa-3d80ffb24954/temporal-sys-worker-deployment:rrentVersion_Batching-564e9892_deployment_series/0195af0e-960d-715f-b6c6-08dcdf4b78ec", "logging-call-at": "/Users/shivamsaraf/Desktop/work/temporal/common/log/with_logger.go:61"}
2025-03-19T11:38:47.076-0400	debug	Workflow task updated	{"host": "127.0.0.1:63280", "shard-id": 1, "address": "127.0.0.1:63280", "wf-scheduled-event-id": 158, "wf-started-event-id": 159, "workflow-task-request-id": "4ccbe99b-9312-465a-86ac-35c1d51f17bc", "workflow-task-timeout": 10, "attempt": 1, "wf-started-timestamp": "2025-03-19T15:38:47.076Z", "wt-type": "Normal", "logging-call-at": "/Users/shivamsaraf/Desktop/work/temporal/common/log/with_logger.go:61"}
2025-03-19T11:38:47.077-0400	debug	Assigning new task key	{"host": "127.0.0.1:63280", "shard-id": 1, "address": "127.0.0.1:63280", "wf-namespace-id": "d0b550e3-6091-4a9b-a9aa-3d80ffb24954", "wf-id": "temporal-sys-worker-deployment:rrentVersion_Batching-564e9892_deployment_series", "wf-run-id": "0195af0e-960d-715f-b6c6-08dcdf4b78ec", "queue-task-type": "WorkflowTaskTimeout", "queue-task-id": 1048920, "timestamp": "2025-03-19T15:38:57.077Z", "cursor-timestamp": "2025-03-19T15:38:48.075Z", "logging-call-at": "/Users/shivamsaraf/Desktop/work/temporal/common/log/with_logger.go:61"}
2025-03-19T11:38:47.082-0400	debug	ExecuteActivity	{"host": "127.0.0.1:63281", "Namespace": "namespace-ec265ab4-426c-4316-a4b3-47fc66311932", "TaskQueue": "temporal-sys-per-ns-tq", "WorkerID": "temporal-system@Shivams-MacBook-Pro.local@namespace-ec265ab4-426c-4316-a4b3-47fc66311932", "WorkflowType": "temporal-sys-worker-deployment-workflow", "WorkflowID": "temporal-sys-worker-deployment:rrentVersion_Batching-564e9892_deployment_series", "RunID": "0195af0e-960d-715f-b6c6-08dcdf4b78ec", "Attempt": 0, "ActivityID": "162", "ActivityType": "RegisterWorkerInVersion", "logging-call-at": "/Users/shivamsaraf/Desktop/work/temporal/common/log/with_logger.go:61"}
2025-03-19T11:38:47.083-0400	debug	Frontend method invoked.	{"host": "127.0.0.1:63278", "wf-namespace": "namespace-ec265ab4-426c-4316-a4b3-47fc66311932", "operation": "PollWorkflowTaskQueue", "server-name": "", "cert-thumbprint": "", "logging-call-at": "/Users/shivamsaraf/Desktop/work/temporal/common/log/with_logger.go:61"}
2025-03-19T11:38:47.083-0400	debug	Received PollWorkflowTaskQueue	{"host": "127.0.0.1:63278", "service": "frontend", "logging-call-at": "/Users/shivamsaraf/Desktop/work/temporal/common/log/with_logger.go:61"}
2025-03-19T11:38:47.083-0400	debug	Poll workflow task queue.	{"host": "127.0.0.1:63278", "service": "frontend", "wf-namespace": "namespace-ec265ab4-426c-4316-a4b3-47fc66311932", "wf-namespace-id": "d0b550e3-6091-4a9b-a9aa-3d80ffb24954", "logging-call-at": "/Users/shivamsaraf/Desktop/work/temporal/common/log/with_logger.go:61"}
2025-03-19T11:38:47.083-0400	debug	Frontend method invoked.	{"host": "127.0.0.1:63278", "wf-namespace": "namespace-ec265ab4-426c-4316-a4b3-47fc66311932", "operation": "RespondWorkflowTaskCompleted", "server-name": "", "cert-thumbprint": "", "logging-call-at": "/Users/shivamsaraf/Desktop/work/temporal/common/log/with_logger.go:61"}
2025-03-19T11:38:47.084-0400	debug	RespondWorkflowTaskCompleted	{"host": "127.0.0.1:63280", "service": "history", "wf-namespace-id": "d0b550e3-6091-4a9b-a9aa-3d80ffb24954", "wf-id": "temporal-sys-worker-deployment:rrentVersion_Batching-564e9892_deployment_series", "wf-run-id": "0195af0e-960d-715f-b6c6-08dcdf4b78ec", "wf-scheduled-event-id": 158, "logging-call-at": "/Users/shivamsaraf/Desktop/work/temporal/common/log/with_logger.go:61"}
2025-03-19T11:38:47.084-0400	debug	Workflow task updated	{"host": "127.0.0.1:63280", "shard-id": 1, "address": "127.0.0.1:63280", "wf-scheduled-event-id": 0, "wf-started-event-id": 0, "workflow-task-request-id": "emptyUuid", "workflow-task-timeout": 0, "attempt": 1, "wf-started-timestamp": "1970-01-01T00:00:00.000Z", "wt-type": "Unspecified", "logging-call-at": "/Users/shivamsaraf/Desktop/work/temporal/common/log/with_logger.go:61"}
2025-03-19T11:38:47.084-0400	debug	update state change	{"host": "127.0.0.1:63280", "shard-id": 1, "address": "127.0.0.1:63280", "wf-namespace-id": "d0b550e3-6091-4a9b-a9aa-3d80ffb24954", "wf-id": "temporal-sys-worker-deployment:rrentVersion_Batching-564e9892_deployment_series", "wf-run-id": "0195af0e-960d-715f-b6c6-08dcdf4b78ec", "update-id": "3dec0fcd-14f3-4373-bc17-04ac2c734044", "from-state": "Accepted", "to-state": "ProvisionallyCompleted", "logging-call-at": "/Users/shivamsaraf/Desktop/work/temporal/common/log/with_logger.go:61"}
2025-03-19T11:38:47.084-0400	debug	Assigning new task key	{"host": "127.0.0.1:63280", "shard-id": 1, "address": "127.0.0.1:63280", "wf-namespace-id": "d0b550e3-6091-4a9b-a9aa-3d80ffb24954", "wf-id": "temporal-sys-worker-deployment:rrentVersion_Batching-564e9892_deployment_series", "wf-run-id": "0195af0e-960d-715f-b6c6-08dcdf4b78ec", "queue-task-type": "TransferActivityTask", "queue-task-id": 1048926, "timestamp": "2025-03-19T15:38:47.084Z", "cursor-timestamp": "2025-03-19T15:38:48.075Z", "logging-call-at": "/Users/shivamsaraf/Desktop/work/temporal/common/log/with_logger.go:61"}
2025-03-19T11:38:47.087-0400	debug	update state change	{"host": "127.0.0.1:63280", "shard-id": 1, "address": "127.0.0.1:63280", "wf-namespace-id": "d0b550e3-6091-4a9b-a9aa-3d80ffb24954", "wf-id": "temporal-sys-worker-deployment:rrentVersion_Batching-564e9892_deployment_series", "wf-run-id": "0195af0e-960d-715f-b6c6-08dcdf4b78ec", "update-id": "3dec0fcd-14f3-4373-bc17-04ac2c734044", "from-state": "ProvisionallyCompleted", "to-state": "Completed", "logging-call-at": "/Users/shivamsaraf/Desktop/work/temporal/common/log/with_logger.go:61"}
2025-03-19T11:38:47.088-0400	debug	deployment client success	{"host": "127.0.0.1:63279", "operation": "RegisterTaskQueueWorker", "elapsed": 3.550413875, "args": ["rrentVersion_Batching-564e9892_task_queue_27",1,"matching service"], "logging-call-at": "/Users/shivamsaraf/Desktop/work/temporal/common/log/with_logger.go:61"}
2025-03-19T11:38:47.088-0400	debug	Process task as active.	{"host": "127.0.0.1:63280", "shard-id": 1, "address": "127.0.0.1:63280", "component": "transfer-queue-processor", "wf-namespace-id": "d0b550e3-6091-4a9b-a9aa-3d80ffb24954", "value": "d0b550e3-6091-4a9b-a9aa-3d80ffb24954/temporal-sys-worker-deployment:rrentVersion_Batching-564e9892_deployment_series/0195af0e-960d-715f-b6c6-08dcdf4b78ec", "logging-call-at": "/Users/shivamsaraf/Desktop/work/temporal/common/log/with_logger.go:61"}
2025-03-19T11:38:47.088-0400	info	Started physicalTaskQueueManager	{"host": "127.0.0.1:63279", "component": "matching-engine", "wf-task-queue-name": "rrentVersion_Batching-564e9892_task_queue_27", "wf-task-queue-type": "Workflow", "wf-namespace": "namespace-ec265ab4-426c-4316-a4b3-47fc66311932", "worker-build-id": "rrentVersion_Batching-564e9892_deployment_series/rrentVersion_Batching-564e9892_build_id", "lifecycle": "Started", "cause": "UserData", "logging-call-at": "/Users/shivamsaraf/Desktop/work/temporal/common/log/with_logger.go:66"}
2025-03-19T11:38:47.089-0400	debug	Assigning new task key	{"host": "127.0.0.1:63280", "shard-id": 1, "address": "127.0.0.1:63280", "wf-namespace-id": "d0b550e3-6091-4a9b-a9aa-3d80ffb24954", "wf-id": "temporal-sys-worker-deployment:rrentVersion_Batching-564e9892_deployment_series", "wf-run-id": "0195af0e-960d-715f-b6c6-08dcdf4b78ec", "queue-task-type": "ActivityTimeout", "queue-task-id": 1048928, "timestamp": "2025-03-19T15:39:47.090Z", "cursor-timestamp": "2025-03-19T15:38:48.087Z", "logging-call-at": "/Users/shivamsaraf/Desktop/work/temporal/common/log/with_logger.go:61"}
2025-03-19T11:38:47.093-0400	debug	Frontend method invoked.	{"host": "127.0.0.1:63278", "wf-namespace": "namespace-ec265ab4-426c-4316-a4b3-47fc66311932", "operation": "PollActivityTaskQueue", "server-name": "", "cert-thumbprint": "", "logging-call-at": "/Users/shivamsaraf/Desktop/work/temporal/common/log/with_logger.go:61"}
2025-03-19T11:38:47.093-0400	debug	Received PollActivityTaskQueue	{"host": "127.0.0.1:63278", "service": "frontend", "logging-call-at": "/Users/shivamsaraf/Desktop/work/temporal/common/log/with_logger.go:61"}
2025-03-19T11:38:47.094-0400	debug	update state change	{"host": "127.0.0.1:63280", "shard-id": 4, "address": "127.0.0.1:63280", "wf-namespace-id": "d0b550e3-6091-4a9b-a9aa-3d80ffb24954", "wf-id": "temporal-sys-worker-deployment-version:rrentVersion_Batching-564e9892_deployment_series.rrentVersion_Batching-564e9892_build_id", "wf-run-id": "0195af0e-98a0-7d94-93e5-2a1d2e5942f8", "update-id": "f3b1385e-241b-4bfc-9bb0-a273356ffa74", "from-state": "Created", "to-state": "ProvisionallyAdmitted", "logging-call-at": "/Users/shivamsaraf/Desktop/work/temporal/common/log/with_logger.go:61"}
2025-03-19T11:38:47.094-0400	debug	update state change	{"host": "127.0.0.1:63280", "shard-id": 4, "address": "127.0.0.1:63280", "wf-namespace-id": "d0b550e3-6091-4a9b-a9aa-3d80ffb24954", "wf-id": "temporal-sys-worker-deployment-version:rrentVersion_Batching-564e9892_deployment_series.rrentVersion_Batching-564e9892_build_id", "wf-run-id": "0195af0e-98a0-7d94-93e5-2a1d2e5942f8", "update-id": "f3b1385e-241b-4bfc-9bb0-a273356ffa74", "from-state": "ProvisionallyAdmitted", "to-state": "Admitted", "logging-call-at": "/Users/shivamsaraf/Desktop/work/temporal/common/log/with_logger.go:61"}
2025-03-19T11:38:47.094-0400	debug	Workflow task updated	{"host": "127.0.0.1:63280", "shard-id": 4, "address": "127.0.0.1:63280", "wf-scheduled-event-id": 266, "wf-started-event-id": 0, "workflow-task-request-id": "emptyUuid", "workflow-task-timeout": 10, "attempt": 1, "wf-started-timestamp": "0001-01-01T00:00:00.000Z", "wt-type": "Speculative", "logging-call-at": "/Users/shivamsaraf/Desktop/work/temporal/common/log/with_logger.go:61"}
2025-03-19T11:38:47.094-0400	debug	Workflow task updated	{"host": "127.0.0.1:63280", "shard-id": 4, "address": "127.0.0.1:63280", "wf-scheduled-event-id": 266, "wf-started-event-id": 267, "workflow-task-request-id": "824b0f0b-7d40-43e1-8220-f3ff35108368", "workflow-task-timeout": 10, "attempt": 1, "wf-started-timestamp": "2025-03-19T15:38:47.094Z", "wt-type": "Speculative", "logging-call-at": "/Users/shivamsaraf/Desktop/work/temporal/common/log/with_logger.go:61"}
2025-03-19T11:38:47.094-0400	debug	update state change	{"host": "127.0.0.1:63280", "shard-id": 4, "address": "127.0.0.1:63280", "wf-namespace-id": "d0b550e3-6091-4a9b-a9aa-3d80ffb24954", "wf-id": "temporal-sys-worker-deployment-version:rrentVersion_Batching-564e9892_deployment_series.rrentVersion_Batching-564e9892_build_id", "wf-run-id": "0195af0e-98a0-7d94-93e5-2a1d2e5942f8", "update-id": "f3b1385e-241b-4bfc-9bb0-a273356ffa74", "from-state": "Admitted", "to-state": "Sent", "logging-call-at": "/Users/shivamsaraf/Desktop/work/temporal/common/log/with_logger.go:61"}
2025-03-19T11:38:47.098-0400	debug	Frontend method invoked.	{"host": "127.0.0.1:63278", "wf-namespace": "namespace-ec265ab4-426c-4316-a4b3-47fc66311932", "operation": "PollWorkflowTaskQueue", "server-name": "", "cert-thumbprint": "", "logging-call-at": "/Users/shivamsaraf/Desktop/work/temporal/common/log/with_logger.go:61"}
2025-03-19T11:38:47.098-0400	debug	ExecuteActivity	{"host": "127.0.0.1:63281", "Namespace": "namespace-ec265ab4-426c-4316-a4b3-47fc66311932", "TaskQueue": "temporal-sys-per-ns-tq", "WorkerID": "temporal-system@Shivams-MacBook-Pro.local@namespace-ec265ab4-426c-4316-a4b3-47fc66311932", "WorkflowType": "temporal-sys-worker-deployment-version-workflow", "WorkflowID": "temporal-sys-worker-deployment-version:rrentVersion_Batching-564e9892_deployment_series.rrentVersion_Batching-564e9892_build_id", "RunID": "0195af0e-98a0-7d94-93e5-2a1d2e5942f8", "Attempt": 0, "ActivityID": "270", "ActivityType": "SyncDeploymentVersionUserData", "logging-call-at": "/Users/shivamsaraf/Desktop/work/temporal/common/log/with_logger.go:61"}
2025-03-19T11:38:47.098-0400	debug	Received PollWorkflowTaskQueue	{"host": "127.0.0.1:63278", "service": "frontend", "logging-call-at": "/Users/shivamsaraf/Desktop/work/temporal/common/log/with_logger.go:61"}
2025-03-19T11:38:47.098-0400	debug	Poll workflow task queue.	{"host": "127.0.0.1:63278", "service": "frontend", "wf-namespace": "namespace-ec265ab4-426c-4316-a4b3-47fc66311932", "wf-namespace-id": "d0b550e3-6091-4a9b-a9aa-3d80ffb24954", "logging-call-at": "/Users/shivamsaraf/Desktop/work/temporal/common/log/with_logger.go:61"}
2025-03-19T11:38:47.098-0400	debug	Frontend method invoked.	{"host": "127.0.0.1:63278", "wf-namespace": "namespace-ec265ab4-426c-4316-a4b3-47fc66311932", "operation": "RespondWorkflowTaskCompleted", "server-name": "", "cert-thumbprint": "", "logging-call-at": "/Users/shivamsaraf/Desktop/work/temporal/common/log/with_logger.go:61"}
2025-03-19T11:38:47.099-0400	debug	RespondWorkflowTaskCompleted	{"host": "127.0.0.1:63280", "service": "history", "wf-namespace-id": "d0b550e3-6091-4a9b-a9aa-3d80ffb24954", "wf-id": "temporal-sys-worker-deployment-version:rrentVersion_Batching-564e9892_deployment_series.rrentVersion_Batching-564e9892_build_id", "wf-run-id": "0195af0e-98a0-7d94-93e5-2a1d2e5942f8", "wf-scheduled-event-id": 266, "logging-call-at": "/Users/shivamsaraf/Desktop/work/temporal/common/log/with_logger.go:61"}
2025-03-19T11:38:47.099-0400	debug	Workflow task updated	{"host": "127.0.0.1:63280", "shard-id": 4, "address": "127.0.0.1:63280", "wf-scheduled-event-id": 0, "wf-started-event-id": 0, "workflow-task-request-id": "emptyUuid", "workflow-task-timeout": 0, "attempt": 1, "wf-started-timestamp": "1970-01-01T00:00:00.000Z", "wt-type": "Unspecified", "logging-call-at": "/Users/shivamsaraf/Desktop/work/temporal/common/log/with_logger.go:61"}
2025-03-19T11:38:47.099-0400	debug	update state change	{"host": "127.0.0.1:63280", "shard-id": 4, "address": "127.0.0.1:63280", "wf-namespace-id": "d0b550e3-6091-4a9b-a9aa-3d80ffb24954", "wf-id": "temporal-sys-worker-deployment-version:rrentVersion_Batching-564e9892_deployment_series.rrentVersion_Batching-564e9892_build_id", "wf-run-id": "0195af0e-98a0-7d94-93e5-2a1d2e5942f8", "update-id": "f3b1385e-241b-4bfc-9bb0-a273356ffa74", "from-state": "Sent", "to-state": "ProvisionallyAccepted", "logging-call-at": "/Users/shivamsaraf/Desktop/work/temporal/common/log/with_logger.go:61"}
2025-03-19T11:38:47.099-0400	debug	Assigning new task key	{"host": "127.0.0.1:63280", "shard-id": 4, "address": "127.0.0.1:63280", "wf-namespace-id": "d0b550e3-6091-4a9b-a9aa-3d80ffb24954", "wf-id": "temporal-sys-worker-deployment-version:rrentVersion_Batching-564e9892_deployment_series.rrentVersion_Batching-564e9892_build_id", "wf-run-id": "0195af0e-98a0-7d94-93e5-2a1d2e5942f8", "queue-task-type": "TransferActivityTask", "queue-task-id": 1049269, "timestamp": "2025-03-19T15:38:47.099Z", "cursor-timestamp": "2025-03-19T15:38:48.059Z", "logging-call-at": "/Users/shivamsaraf/Desktop/work/temporal/common/log/with_logger.go:61"}
2025-03-19T11:38:47.103-0400	debug	update state change	{"host": "127.0.0.1:63280", "shard-id": 4, "address": "127.0.0.1:63280", "wf-namespace-id": "d0b550e3-6091-4a9b-a9aa-3d80ffb24954", "wf-id": "temporal-sys-worker-deployment-version:rrentVersion_Batching-564e9892_deployment_series.rrentVersion_Batching-564e9892_build_id", "wf-run-id": "0195af0e-98a0-7d94-93e5-2a1d2e5942f8", "update-id": "f3b1385e-241b-4bfc-9bb0-a273356ffa74", "from-state": "ProvisionallyAccepted", "to-state": "Accepted", "logging-call-at": "/Users/shivamsaraf/Desktop/work/temporal/common/log/with_logger.go:61"}
2025-03-19T11:38:47.104-0400	debug	Process task as active.	{"host": "127.0.0.1:63280", "shard-id": 4, "address": "127.0.0.1:63280", "component": "transfer-queue-processor", "wf-namespace-id": "d0b550e3-6091-4a9b-a9aa-3d80ffb24954", "value": "d0b550e3-6091-4a9b-a9aa-3d80ffb24954/temporal-sys-worker-deployment-version:rrentVersion_Batching-564e9892_deployment_series.rrentVersion_Batching-564e9892_build_id/0195af0e-98a0-7d94-93e5-2a1d2e5942f8", "logging-call-at": "/Users/shivamsaraf/Desktop/work/temporal/common/log/with_logger.go:61"}
2025-03-19T11:38:47.104-0400	debug	Assigning new task key	{"host": "127.0.0.1:63280", "shard-id": 4, "address": "127.0.0.1:63280", "wf-namespace-id": "d0b550e3-6091-4a9b-a9aa-3d80ffb24954", "wf-id": "temporal-sys-worker-deployment-version:rrentVersion_Batching-564e9892_deployment_series.rrentVersion_Batching-564e9892_build_id", "wf-run-id": "0195af0e-98a0-7d94-93e5-2a1d2e5942f8", "queue-task-type": "ActivityTimeout", "queue-task-id": 1049270, "timestamp": "2025-03-19T15:39:47.105Z", "cursor-timestamp": "2025-03-19T15:38:48.103Z", "logging-call-at": "/Users/shivamsaraf/Desktop/work/temporal/common/log/with_logger.go:61"}
2025-03-19T11:38:47.108-0400	info	syncing task queue userdata for deployment version	{"host": "127.0.0.1:63281", "Namespace": "namespace-ec265ab4-426c-4316-a4b3-47fc66311932", "TaskQueue": "temporal-sys-per-ns-tq", "WorkerID": "temporal-system@Shivams-MacBook-Pro.local@namespace-ec265ab4-426c-4316-a4b3-47fc66311932", "ActivityID": "270", "ActivityType": "SyncDeploymentVersionUserData", "Attempt": 1, "WorkflowType": "temporal-sys-worker-deployment-version-workflow", "WorkflowID": "temporal-sys-worker-deployment-version:rrentVersion_Batching-564e9892_deployment_series.rrentVersion_Batching-564e9892_build_id", "RunID": "0195af0e-98a0-7d94-93e5-2a1d2e5942f8", "taskQueue": "rrentVersion_Batching-564e9892_task_queue_48", "types": [1], "logging-call-at": "/Users/shivamsaraf/Desktop/work/temporal/common/log/with_logger.go:66"}
2025-03-19T11:38:47.108-0400	debug	Frontend method invoked.	{"host": "127.0.0.1:63278", "wf-namespace": "namespace-ec265ab4-426c-4316-a4b3-47fc66311932", "operation": "PollActivityTaskQueue", "server-name": "", "cert-thumbprint": "", "logging-call-at": "/Users/shivamsaraf/Desktop/work/temporal/common/log/with_logger.go:61"}
2025-03-19T11:38:47.108-0400	debug	Received PollActivityTaskQueue	{"host": "127.0.0.1:63278", "service": "frontend", "logging-call-at": "/Users/shivamsaraf/Desktop/work/temporal/common/log/with_logger.go:61"}
2025-03-19T11:38:47.210-0400	info	modified user data	{"host": "127.0.0.1:63279", "component": "matching-engine", "wf-task-queue-name": "rrentVersion_Batching-564e9892_task_queue_48", "wf-task-queue-type": "Workflow", "wf-namespace": "namespace-ec265ab4-426c-4316-a4b3-47fc66311932", "user-data-update-source": "SyncDeploymentUserData", "user-data-version": 1, "timestamp": "2025-03-19T15:38:47.108Z", "logging-call-at": "/Users/shivamsaraf/Desktop/work/temporal/common/log/with_logger.go:66"}
2025-03-19T11:38:47.210-0400	debug	user data changed while blocked in long poll	{"host": "127.0.0.1:63279", "component": "matching-engine", "wf-task-queue-name": "rrentVersion_Batching-564e9892_task_queue_48", "wf-task-queue-type": "Workflow", "wf-namespace": "namespace-ec265ab4-426c-4316-a4b3-47fc66311932", "logging-call-at": "/Users/shivamsaraf/Desktop/work/temporal/common/log/with_logger.go:61"}
2025-03-19T11:38:47.210-0400	debug	user data changed while blocked in long poll	{"host": "127.0.0.1:63279", "component": "matching-engine", "wf-task-queue-name": "rrentVersion_Batching-564e9892_task_queue_48", "wf-task-queue-type": "Workflow", "wf-namespace": "namespace-ec265ab4-426c-4316-a4b3-47fc66311932", "logging-call-at": "/Users/shivamsaraf/Desktop/work/temporal/common/log/with_logger.go:61"}
2025-03-19T11:38:47.210-0400	debug	user data changed while blocked in long poll	{"host": "127.0.0.1:63279", "component": "matching-engine", "wf-task-queue-name": "rrentVersion_Batching-564e9892_task_queue_48", "wf-task-queue-type": "Workflow", "wf-namespace": "namespace-ec265ab4-426c-4316-a4b3-47fc66311932", "logging-call-at": "/Users/shivamsaraf/Desktop/work/temporal/common/log/with_logger.go:61"}
2025-03-19T11:38:47.210-0400	info	returning user data	{"host": "127.0.0.1:63279", "component": "matching-engine", "wf-task-queue-name": "rrentVersion_Batching-564e9892_task_queue_48", "wf-task-queue-type": "Workflow", "wf-namespace": "namespace-ec265ab4-426c-4316-a4b3-47fc66311932", "long-poll": true, "request-known-version": 0, "user-data-version": 1, "logging-call-at": "/Users/shivamsaraf/Desktop/work/temporal/common/log/with_logger.go:66"}
2025-03-19T11:38:47.210-0400	info	returning user data	{"host": "127.0.0.1:63279", "component": "matching-engine", "wf-task-queue-name": "rrentVersion_Batching-564e9892_task_queue_48", "wf-task-queue-type": "Workflow", "wf-namespace": "namespace-ec265ab4-426c-4316-a4b3-47fc66311932", "long-poll": true, "request-known-version": 0, "user-data-version": 1, "logging-call-at": "/Users/shivamsaraf/Desktop/work/temporal/common/log/with_logger.go:66"}
2025-03-19T11:38:47.211-0400	info	returning user data	{"host": "127.0.0.1:63279", "component": "matching-engine", "wf-task-queue-name": "rrentVersion_Batching-564e9892_task_queue_48", "wf-task-queue-type": "Workflow", "wf-namespace": "namespace-ec265ab4-426c-4316-a4b3-47fc66311932", "long-poll": true, "request-known-version": 0, "user-data-version": 1, "logging-call-at": "/Users/shivamsaraf/Desktop/work/temporal/common/log/with_logger.go:66"}
2025-03-19T11:38:47.211-0400	info	fetched user data from parent	{"host": "127.0.0.1:63279", "component": "matching-engine", "wf-task-queue-name": "/_sys/rrentVersion_Batching-564e9892_task_queue_48/1", "wf-task-queue-type": "Workflow", "wf-namespace": "namespace-ec265ab4-426c-4316-a4b3-47fc66311932", "user-data-version": 1, "timestamp": "2025-03-19T15:38:47.108Z", "logging-call-at": "/Users/shivamsaraf/Desktop/work/temporal/common/log/with_logger.go:66"}
2025-03-19T11:38:47.211-0400	info	fetched user data from parent	{"host": "127.0.0.1:63279", "component": "matching-engine", "wf-task-queue-name": "/_sys/rrentVersion_Batching-564e9892_task_queue_48/3", "wf-task-queue-type": "Workflow", "wf-namespace": "namespace-ec265ab4-426c-4316-a4b3-47fc66311932", "user-data-version": 1, "timestamp": "2025-03-19T15:38:47.108Z", "logging-call-at": "/Users/shivamsaraf/Desktop/work/temporal/common/log/with_logger.go:66"}
2025-03-19T11:38:47.211-0400	info	fetched user data from parent	{"host": "127.0.0.1:63279", "component": "matching-engine", "wf-task-queue-name": "/_sys/rrentVersion_Batching-564e9892_task_queue_48/2", "wf-task-queue-type": "Workflow", "wf-namespace": "namespace-ec265ab4-426c-4316-a4b3-47fc66311932", "user-data-version": 1, "timestamp": "2025-03-19T15:38:47.108Z", "logging-call-at": "/Users/shivamsaraf/Desktop/work/temporal/common/log/with_logger.go:66"}
2025-03-19T11:38:47.211-0400	debug	Frontend method invoked.	{"host": "127.0.0.1:63278", "wf-namespace": "namespace-ec265ab4-426c-4316-a4b3-47fc66311932", "operation": "RespondActivityTaskCompleted", "server-name": "", "cert-thumbprint": "", "logging-call-at": "/Users/shivamsaraf/Desktop/work/temporal/common/log/with_logger.go:61"}
2025-03-19T11:38:47.212-0400	debug	Workflow task updated	{"host": "127.0.0.1:63280", "shard-id": 4, "address": "127.0.0.1:63280", "wf-scheduled-event-id": 273, "wf-started-event-id": 0, "workflow-task-request-id": "emptyUuid", "workflow-task-timeout": 10, "attempt": 1, "wf-started-timestamp": "0001-01-01T00:00:00.000Z", "wt-type": "Normal", "logging-call-at": "/Users/shivamsaraf/Desktop/work/temporal/common/log/with_logger.go:61"}
2025-03-19T11:38:47.212-0400	debug	Assigning new task key	{"host": "127.0.0.1:63280", "shard-id": 4, "address": "127.0.0.1:63280", "wf-namespace-id": "d0b550e3-6091-4a9b-a9aa-3d80ffb24954", "wf-id": "temporal-sys-worker-deployment-version:rrentVersion_Batching-564e9892_deployment_series.rrentVersion_Batching-564e9892_build_id", "wf-run-id": "0195af0e-98a0-7d94-93e5-2a1d2e5942f8", "queue-task-type": "WorkflowTaskTimeout", "queue-task-id": 1049276, "timestamp": "2025-03-19T15:38:52.213Z", "cursor-timestamp": "2025-03-19T15:38:48.103Z", "logging-call-at": "/Users/shivamsaraf/Desktop/work/temporal/common/log/with_logger.go:61"}
2025-03-19T11:38:47.212-0400	debug	Assigning new task key	{"host": "127.0.0.1:63280", "shard-id": 4, "address": "127.0.0.1:63280", "wf-namespace-id": "d0b550e3-6091-4a9b-a9aa-3d80ffb24954", "wf-id": "temporal-sys-worker-deployment-version:rrentVersion_Batching-564e9892_deployment_series.rrentVersion_Batching-564e9892_build_id", "wf-run-id": "0195af0e-98a0-7d94-93e5-2a1d2e5942f8", "queue-task-type": "TransferWorkflowTask", "queue-task-id": 1049277, "timestamp": "2025-03-19T15:38:47.212Z", "cursor-timestamp": "2025-03-19T15:38:48.103Z", "logging-call-at": "/Users/shivamsaraf/Desktop/work/temporal/common/log/with_logger.go:61"}
2025-03-19T11:38:47.218-0400	debug	Process task as active.	{"host": "127.0.0.1:63280", "shard-id": 4, "address": "127.0.0.1:63280", "component": "transfer-queue-processor", "wf-namespace-id": "d0b550e3-6091-4a9b-a9aa-3d80ffb24954", "value": "d0b550e3-6091-4a9b-a9aa-3d80ffb24954/temporal-sys-worker-deployment-version:rrentVersion_Batching-564e9892_deployment_series.rrentVersion_Batching-564e9892_build_id/0195af0e-98a0-7d94-93e5-2a1d2e5942f8", "logging-call-at": "/Users/shivamsaraf/Desktop/work/temporal/common/log/with_logger.go:61"}
2025-03-19T11:38:47.219-0400	debug	Workflow task updated	{"host": "127.0.0.1:63280", "shard-id": 4, "address": "127.0.0.1:63280", "wf-scheduled-event-id": 273, "wf-started-event-id": 274, "workflow-task-request-id": "c02f6101-ba69-4286-a4d7-4aafd4070b78", "workflow-task-timeout": 10, "attempt": 1, "wf-started-timestamp": "2025-03-19T15:38:47.219Z", "wt-type": "Normal", "logging-call-at": "/Users/shivamsaraf/Desktop/work/temporal/common/log/with_logger.go:61"}
2025-03-19T11:38:47.219-0400	debug	Assigning new task key	{"host": "127.0.0.1:63280", "shard-id": 4, "address": "127.0.0.1:63280", "wf-namespace-id": "d0b550e3-6091-4a9b-a9aa-3d80ffb24954", "wf-id": "temporal-sys-worker-deployment-version:rrentVersion_Batching-564e9892_deployment_series.rrentVersion_Batching-564e9892_build_id", "wf-run-id": "0195af0e-98a0-7d94-93e5-2a1d2e5942f8", "queue-task-type": "WorkflowTaskTimeout", "queue-task-id": 1049280, "timestamp": "2025-03-19T15:38:57.220Z", "cursor-timestamp": "2025-03-19T15:38:48.217Z", "logging-call-at": "/Users/shivamsaraf/Desktop/work/temporal/common/log/with_logger.go:61"}
2025-03-19T11:38:47.227-0400	debug	ExecuteActivity	{"host": "127.0.0.1:63281", "Namespace": "namespace-ec265ab4-426c-4316-a4b3-47fc66311932", "TaskQueue": "temporal-sys-per-ns-tq", "WorkerID": "temporal-system@Shivams-MacBook-Pro.local@namespace-ec265ab4-426c-4316-a4b3-47fc66311932", "WorkflowType": "temporal-sys-worker-deployment-version-workflow", "WorkflowID": "temporal-sys-worker-deployment-version:rrentVersion_Batching-564e9892_deployment_series.rrentVersion_Batching-564e9892_build_id", "RunID": "0195af0e-98a0-7d94-93e5-2a1d2e5942f8", "Attempt": 0, "ActivityID": "276", "ActivityType": "CheckWorkerDeploymentUserDataPropagation", "logging-call-at": "/Users/shivamsaraf/Desktop/work/temporal/common/log/with_logger.go:61"}
2025-03-19T11:38:47.227-0400	debug	Frontend method invoked.	{"host": "127.0.0.1:63278", "wf-namespace": "namespace-ec265ab4-426c-4316-a4b3-47fc66311932", "operation": "PollWorkflowTaskQueue", "server-name": "", "cert-thumbprint": "", "logging-call-at": "/Users/shivamsaraf/Desktop/work/temporal/common/log/with_logger.go:61"}
2025-03-19T11:38:47.227-0400	debug	Received PollWorkflowTaskQueue	{"host": "127.0.0.1:63278", "service": "frontend", "logging-call-at": "/Users/shivamsaraf/Desktop/work/temporal/common/log/with_logger.go:61"}
2025-03-19T11:38:47.227-0400	debug	Poll workflow task queue.	{"host": "127.0.0.1:63278", "service": "frontend", "wf-namespace": "namespace-ec265ab4-426c-4316-a4b3-47fc66311932", "wf-namespace-id": "d0b550e3-6091-4a9b-a9aa-3d80ffb24954", "logging-call-at": "/Users/shivamsaraf/Desktop/work/temporal/common/log/with_logger.go:61"}
2025-03-19T11:38:47.228-0400	debug	Frontend method invoked.	{"host": "127.0.0.1:63278", "wf-namespace": "namespace-ec265ab4-426c-4316-a4b3-47fc66311932", "operation": "RespondWorkflowTaskCompleted", "server-name": "", "cert-thumbprint": "", "logging-call-at": "/Users/shivamsaraf/Desktop/work/temporal/common/log/with_logger.go:61"}
2025-03-19T11:38:47.228-0400	debug	RespondWorkflowTaskCompleted	{"host": "127.0.0.1:63280", "service": "history", "wf-namespace-id": "d0b550e3-6091-4a9b-a9aa-3d80ffb24954", "wf-id": "temporal-sys-worker-deployment-version:rrentVersion_Batching-564e9892_deployment_series.rrentVersion_Batching-564e9892_build_id", "wf-run-id": "0195af0e-98a0-7d94-93e5-2a1d2e5942f8", "wf-scheduled-event-id": 273, "logging-call-at": "/Users/shivamsaraf/Desktop/work/temporal/common/log/with_logger.go:61"}
2025-03-19T11:38:47.228-0400	debug	Workflow task updated	{"host": "127.0.0.1:63280", "shard-id": 4, "address": "127.0.0.1:63280", "wf-scheduled-event-id": 0, "wf-started-event-id": 0, "workflow-task-request-id": "emptyUuid", "workflow-task-timeout": 0, "attempt": 1, "wf-started-timestamp": "1970-01-01T00:00:00.000Z", "wt-type": "Unspecified", "logging-call-at": "/Users/shivamsaraf/Desktop/work/temporal/common/log/with_logger.go:61"}
2025-03-19T11:38:47.229-0400	debug	Assigning new task key	{"host": "127.0.0.1:63280", "shard-id": 4, "address": "127.0.0.1:63280", "wf-namespace-id": "d0b550e3-6091-4a9b-a9aa-3d80ffb24954", "wf-id": "temporal-sys-worker-deployment-version:rrentVersion_Batching-564e9892_deployment_series.rrentVersion_Batching-564e9892_build_id", "wf-run-id": "0195af0e-98a0-7d94-93e5-2a1d2e5942f8", "queue-task-type": "TransferActivityTask", "queue-task-id": 1049285, "timestamp": "2025-03-19T15:38:47.229Z", "cursor-timestamp": "2025-03-19T15:38:48.217Z", "logging-call-at": "/Users/shivamsaraf/Desktop/work/temporal/common/log/with_logger.go:61"}
2025-03-19T11:38:47.233-0400	debug	Process task as active.	{"host": "127.0.0.1:63280", "shard-id": 4, "address": "127.0.0.1:63280", "component": "transfer-queue-processor", "wf-namespace-id": "d0b550e3-6091-4a9b-a9aa-3d80ffb24954", "value": "d0b550e3-6091-4a9b-a9aa-3d80ffb24954/temporal-sys-worker-deployment-version:rrentVersion_Batching-564e9892_deployment_series.rrentVersion_Batching-564e9892_build_id/0195af0e-98a0-7d94-93e5-2a1d2e5942f8", "logging-call-at": "/Users/shivamsaraf/Desktop/work/temporal/common/log/with_logger.go:61"}
2025-03-19T11:38:47.234-0400	debug	Assigning new task key	{"host": "127.0.0.1:63280", "shard-id": 4, "address": "127.0.0.1:63280", "wf-namespace-id": "d0b550e3-6091-4a9b-a9aa-3d80ffb24954", "wf-id": "temporal-sys-worker-deployment-version:rrentVersion_Batching-564e9892_deployment_series.rrentVersion_Batching-564e9892_build_id", "wf-run-id": "0195af0e-98a0-7d94-93e5-2a1d2e5942f8", "queue-task-type": "ActivityTimeout", "queue-task-id": 1049286, "timestamp": "2025-03-19T15:39:47.234Z", "cursor-timestamp": "2025-03-19T15:38:48.232Z", "logging-call-at": "/Users/shivamsaraf/Desktop/work/temporal/common/log/with_logger.go:61"}
2025-03-19T11:38:47.237-0400	info	waiting for userdata propagation	{"host": "127.0.0.1:63281", "Namespace": "namespace-ec265ab4-426c-4316-a4b3-47fc66311932", "TaskQueue": "temporal-sys-per-ns-tq", "WorkerID": "temporal-system@Shivams-MacBook-Pro.local@namespace-ec265ab4-426c-4316-a4b3-47fc66311932", "ActivityID": "276", "ActivityType": "CheckWorkerDeploymentUserDataPropagation", "Attempt": 1, "WorkflowType": "temporal-sys-worker-deployment-version-workflow", "WorkflowID": "temporal-sys-worker-deployment-version:rrentVersion_Batching-564e9892_deployment_series.rrentVersion_Batching-564e9892_build_id", "RunID": "0195af0e-98a0-7d94-93e5-2a1d2e5942f8", "taskQueue": "rrentVersion_Batching-564e9892_task_queue_48", "version": 1, "logging-call-at": "/Users/shivamsaraf/Desktop/work/temporal/common/log/with_logger.go:66"}
2025-03-19T11:38:47.237-0400	debug	Frontend method invoked.	{"host": "127.0.0.1:63278", "wf-namespace": "namespace-ec265ab4-426c-4316-a4b3-47fc66311932", "operation": "DescribeWorkerDeploymentVersion", "server-name": "", "cert-thumbprint": "", "logging-call-at": "/Users/shivamsaraf/Desktop/work/temporal/common/log/with_logger.go:61"}
2025-03-19T11:38:47.237-0400	debug	Frontend method invoked.	{"host": "127.0.0.1:63278", "wf-namespace": "namespace-ec265ab4-426c-4316-a4b3-47fc66311932", "operation": "PollActivityTaskQueue", "server-name": "", "cert-thumbprint": "", "logging-call-at": "/Users/shivamsaraf/Desktop/work/temporal/common/log/with_logger.go:61"}
2025-03-19T11:38:47.238-0400	debug	Received PollActivityTaskQueue	{"host": "127.0.0.1:63278", "service": "frontend", "logging-call-at": "/Users/shivamsaraf/Desktop/work/temporal/common/log/with_logger.go:61"}
2025-03-19T11:38:47.238-0400	info	returning user data	{"host": "127.0.0.1:63279", "component": "matching-engine", "wf-task-queue-name": "/_sys/rrentVersion_Batching-564e9892_task_queue_48/3", "wf-task-queue-type": "Workflow", "wf-namespace": "namespace-ec265ab4-426c-4316-a4b3-47fc66311932", "long-poll": true, "request-known-version": 0, "user-data-version": 1, "logging-call-at": "/Users/shivamsaraf/Desktop/work/temporal/common/log/with_logger.go:66"}
2025-03-19T11:38:47.238-0400	info	returning user data	{"host": "127.0.0.1:63279", "component": "matching-engine", "wf-task-queue-name": "/_sys/rrentVersion_Batching-564e9892_task_queue_48/1", "wf-task-queue-type": "Workflow", "wf-namespace": "namespace-ec265ab4-426c-4316-a4b3-47fc66311932", "long-poll": true, "request-known-version": 0, "user-data-version": 1, "logging-call-at": "/Users/shivamsaraf/Desktop/work/temporal/common/log/with_logger.go:66"}
2025-03-19T11:38:47.238-0400	info	matching client encountered error	{"host": "127.0.0.1:63279", "error": "partition was not loaded", "service-error-type": "serviceerror.FailedPrecondition", "logging-call-at": "/Users/shivamsaraf/Desktop/work/temporal/common/log/with_logger.go:66"}
2025-03-19T11:38:47.238-0400	info	returning user data	{"host": "127.0.0.1:63279", "component": "matching-engine", "wf-task-queue-name": "/_sys/rrentVersion_Batching-564e9892_task_queue_48/2", "wf-task-queue-type": "Workflow", "wf-namespace": "namespace-ec265ab4-426c-4316-a4b3-47fc66311932", "long-poll": true, "request-known-version": 0, "user-data-version": 1, "logging-call-at": "/Users/shivamsaraf/Desktop/work/temporal/common/log/with_logger.go:66"}
2025-03-19T11:38:47.238-0400	info	matching client encountered error	{"host": "127.0.0.1:63279", "error": "partition was not loaded", "service-error-type": "serviceerror.FailedPrecondition", "logging-call-at": "/Users/shivamsaraf/Desktop/work/temporal/common/log/with_logger.go:66"}
2025-03-19T11:38:47.238-0400	info	matching client encountered error	{"host": "127.0.0.1:63279", "error": "partition was not loaded", "service-error-type": "serviceerror.FailedPrecondition", "logging-call-at": "/Users/shivamsaraf/Desktop/work/temporal/common/log/with_logger.go:66"}
2025-03-19T11:38:47.238-0400	info	matching client encountered error	{"host": "127.0.0.1:63279", "error": "partition was not loaded", "service-error-type": "serviceerror.FailedPrecondition", "logging-call-at": "/Users/shivamsaraf/Desktop/work/temporal/common/log/with_logger.go:66"}
2025-03-19T11:38:47.239-0400	debug	Frontend method invoked.	{"host": "127.0.0.1:63278", "wf-namespace": "namespace-ec265ab4-426c-4316-a4b3-47fc66311932", "operation": "RespondActivityTaskCompleted", "server-name": "", "cert-thumbprint": "", "logging-call-at": "/Users/shivamsaraf/Desktop/work/temporal/common/log/with_logger.go:61"}
2025-03-19T11:38:47.239-0400	debug	Workflow task updated	{"host": "127.0.0.1:63280", "shard-id": 4, "address": "127.0.0.1:63280", "wf-scheduled-event-id": 279, "wf-started-event-id": 0, "workflow-task-request-id": "emptyUuid", "workflow-task-timeout": 10, "attempt": 1, "wf-started-timestamp": "0001-01-01T00:00:00.000Z", "wt-type": "Normal", "logging-call-at": "/Users/shivamsaraf/Desktop/work/temporal/common/log/with_logger.go:61"}
2025-03-19T11:38:47.240-0400	debug	Assigning new task key	{"host": "127.0.0.1:63280", "shard-id": 4, "address": "127.0.0.1:63280", "wf-namespace-id": "d0b550e3-6091-4a9b-a9aa-3d80ffb24954", "wf-id": "temporal-sys-worker-deployment-version:rrentVersion_Batching-564e9892_deployment_series.rrentVersion_Batching-564e9892_build_id", "wf-run-id": "0195af0e-98a0-7d94-93e5-2a1d2e5942f8", "queue-task-type": "WorkflowTaskTimeout", "queue-task-id": 1049292, "timestamp": "2025-03-19T15:38:52.240Z", "cursor-timestamp": "2025-03-19T15:38:48.232Z", "logging-call-at": "/Users/shivamsaraf/Desktop/work/temporal/common/log/with_logger.go:61"}
2025-03-19T11:38:47.240-0400	debug	Assigning new task key	{"host": "127.0.0.1:63280", "shard-id": 4, "address": "127.0.0.1:63280", "wf-namespace-id": "d0b550e3-6091-4a9b-a9aa-3d80ffb24954", "wf-id": "temporal-sys-worker-deployment-version:rrentVersion_Batching-564e9892_deployment_series.rrentVersion_Batching-564e9892_build_id", "wf-run-id": "0195af0e-98a0-7d94-93e5-2a1d2e5942f8", "queue-task-type": "TransferWorkflowTask", "queue-task-id": 1049293, "timestamp": "2025-03-19T15:38:47.240Z", "cursor-timestamp": "2025-03-19T15:38:48.232Z", "logging-call-at": "/Users/shivamsaraf/Desktop/work/temporal/common/log/with_logger.go:61"}
2025-03-19T11:38:47.240-0400	debug	Frontend method invoked.	{"host": "127.0.0.1:63278", "wf-namespace": "namespace-ec265ab4-426c-4316-a4b3-47fc66311932", "operation": "PollWorkflowTaskQueue", "server-name": "", "cert-thumbprint": "", "logging-call-at": "/Users/shivamsaraf/Desktop/work/temporal/common/log/with_logger.go:61"}
2025-03-19T11:38:47.240-0400	debug	Received PollWorkflowTaskQueue	{"host": "127.0.0.1:63278", "service": "frontend", "logging-call-at": "/Users/shivamsaraf/Desktop/work/temporal/common/log/with_logger.go:61"}
2025-03-19T11:38:47.240-0400	debug	Poll workflow task queue.	{"host": "127.0.0.1:63278", "service": "frontend", "wf-namespace": "namespace-ec265ab4-426c-4316-a4b3-47fc66311932", "wf-namespace-id": "d0b550e3-6091-4a9b-a9aa-3d80ffb24954", "logging-call-at": "/Users/shivamsaraf/Desktop/work/temporal/common/log/with_logger.go:61"}
2025-03-19T11:38:47.240-0400	debug	Frontend method invoked.	{"host": "127.0.0.1:63278", "wf-namespace": "namespace-ec265ab4-426c-4316-a4b3-47fc66311932", "operation": "RespondQueryTaskCompleted", "server-name": "", "cert-thumbprint": "", "logging-call-at": "/Users/shivamsaraf/Desktop/work/temporal/common/log/with_logger.go:61"}
2025-03-19T11:38:47.241-0400	debug	deployment client success	{"host": "127.0.0.1:63278", "operation": "DescribeVersion", "elapsed": 0.003890541, "args": ["rrentVersion_Batching-564e9892_deployment_series","rrentVersion_Batching-564e9892_build_id"], "logging-call-at": "/Users/shivamsaraf/Desktop/work/temporal/common/log/with_logger.go:61"}
2025-03-19T11:38:47.244-0400	debug	Process task as active.	{"host": "127.0.0.1:63280", "shard-id": 4, "address": "127.0.0.1:63280", "component": "transfer-queue-processor", "wf-namespace-id": "d0b550e3-6091-4a9b-a9aa-3d80ffb24954", "value": "d0b550e3-6091-4a9b-a9aa-3d80ffb24954/temporal-sys-worker-deployment-version:rrentVersion_Batching-564e9892_deployment_series.rrentVersion_Batching-564e9892_build_id/0195af0e-98a0-7d94-93e5-2a1d2e5942f8", "logging-call-at": "/Users/shivamsaraf/Desktop/work/temporal/common/log/with_logger.go:61"}
2025-03-19T11:38:47.245-0400	debug	Workflow task updated	{"host": "127.0.0.1:63280", "shard-id": 4, "address": "127.0.0.1:63280", "wf-scheduled-event-id": 279, "wf-started-event-id": 280, "workflow-task-request-id": "dd417695-c212-4931-88b7-5a90a883e2ae", "workflow-task-timeout": 10, "attempt": 1, "wf-started-timestamp": "2025-03-19T15:38:47.245Z", "wt-type": "Normal", "logging-call-at": "/Users/shivamsaraf/Desktop/work/temporal/common/log/with_logger.go:61"}
2025-03-19T11:38:47.245-0400	debug	Assigning new task key	{"host": "127.0.0.1:63280", "shard-id": 4, "address": "127.0.0.1:63280", "wf-namespace-id": "d0b550e3-6091-4a9b-a9aa-3d80ffb24954", "wf-id": "temporal-sys-worker-deployment-version:rrentVersion_Batching-564e9892_deployment_series.rrentVersion_Batching-564e9892_build_id", "wf-run-id": "0195af0e-98a0-7d94-93e5-2a1d2e5942f8", "queue-task-type": "WorkflowTaskTimeout", "queue-task-id": 1049296, "timestamp": "2025-03-19T15:38:57.246Z", "cursor-timestamp": "2025-03-19T15:38:48.243Z", "logging-call-at": "/Users/shivamsaraf/Desktop/work/temporal/common/log/with_logger.go:61"}
2025-03-19T11:38:47.251-0400	debug	Frontend method invoked.	{"host": "127.0.0.1:63278", "wf-namespace": "namespace-ec265ab4-426c-4316-a4b3-47fc66311932", "operation": "PollWorkflowTaskQueue", "server-name": "", "cert-thumbprint": "", "logging-call-at": "/Users/shivamsaraf/Desktop/work/temporal/common/log/with_logger.go:61"}
2025-03-19T11:38:47.251-0400	debug	Received PollWorkflowTaskQueue	{"host": "127.0.0.1:63278", "service": "frontend", "logging-call-at": "/Users/shivamsaraf/Desktop/work/temporal/common/log/with_logger.go:61"}
2025-03-19T11:38:47.251-0400	debug	Poll workflow task queue.	{"host": "127.0.0.1:63278", "service": "frontend", "wf-namespace": "namespace-ec265ab4-426c-4316-a4b3-47fc66311932", "wf-namespace-id": "d0b550e3-6091-4a9b-a9aa-3d80ffb24954", "logging-call-at": "/Users/shivamsaraf/Desktop/work/temporal/common/log/with_logger.go:61"}
2025-03-19T11:38:47.251-0400	debug	Frontend method invoked.	{"host": "127.0.0.1:63278", "wf-namespace": "namespace-ec265ab4-426c-4316-a4b3-47fc66311932", "operation": "RespondWorkflowTaskCompleted", "server-name": "", "cert-thumbprint": "", "logging-call-at": "/Users/shivamsaraf/Desktop/work/temporal/common/log/with_logger.go:61"}
2025-03-19T11:38:47.252-0400	debug	RespondWorkflowTaskCompleted	{"host": "127.0.0.1:63280", "service": "history", "wf-namespace-id": "d0b550e3-6091-4a9b-a9aa-3d80ffb24954", "wf-id": "temporal-sys-worker-deployment-version:rrentVersion_Batching-564e9892_deployment_series.rrentVersion_Batching-564e9892_build_id", "wf-run-id": "0195af0e-98a0-7d94-93e5-2a1d2e5942f8", "wf-scheduled-event-id": 279, "logging-call-at": "/Users/shivamsaraf/Desktop/work/temporal/common/log/with_logger.go:61"}
2025-03-19T11:38:47.252-0400	debug	Workflow task updated	{"host": "127.0.0.1:63280", "shard-id": 4, "address": "127.0.0.1:63280", "wf-scheduled-event-id": 0, "wf-started-event-id": 0, "workflow-task-request-id": "emptyUuid", "workflow-task-timeout": 0, "attempt": 1, "wf-started-timestamp": "1970-01-01T00:00:00.000Z", "wt-type": "Unspecified", "logging-call-at": "/Users/shivamsaraf/Desktop/work/temporal/common/log/with_logger.go:61"}
2025-03-19T11:38:47.252-0400	debug	update state change	{"host": "127.0.0.1:63280", "shard-id": 4, "address": "127.0.0.1:63280", "wf-namespace-id": "d0b550e3-6091-4a9b-a9aa-3d80ffb24954", "wf-id": "temporal-sys-worker-deployment-version:rrentVersion_Batching-564e9892_deployment_series.rrentVersion_Batching-564e9892_build_id", "wf-run-id": "0195af0e-98a0-7d94-93e5-2a1d2e5942f8", "update-id": "f3b1385e-241b-4bfc-9bb0-a273356ffa74", "from-state": "Accepted", "to-state": "ProvisionallyCompleted", "logging-call-at": "/Users/shivamsaraf/Desktop/work/temporal/common/log/with_logger.go:61"}
2025-03-19T11:38:47.255-0400	debug	update state change	{"host": "127.0.0.1:63280", "shard-id": 4, "address": "127.0.0.1:63280", "wf-namespace-id": "d0b550e3-6091-4a9b-a9aa-3d80ffb24954", "wf-id": "temporal-sys-worker-deployment-version:rrentVersion_Batching-564e9892_deployment_series.rrentVersion_Batching-564e9892_build_id", "wf-run-id": "0195af0e-98a0-7d94-93e5-2a1d2e5942f8", "update-id": "f3b1385e-241b-4bfc-9bb0-a273356ffa74", "from-state": "ProvisionallyCompleted", "to-state": "Completed", "logging-call-at": "/Users/shivamsaraf/Desktop/work/temporal/common/log/with_logger.go:61"}
2025-03-19T11:38:47.255-0400	debug	Frontend method invoked.	{"host": "127.0.0.1:63278", "wf-namespace": "namespace-ec265ab4-426c-4316-a4b3-47fc66311932", "operation": "RespondActivityTaskCompleted", "server-name": "", "cert-thumbprint": "", "logging-call-at": "/Users/shivamsaraf/Desktop/work/temporal/common/log/with_logger.go:61"}
2025-03-19T11:38:47.256-0400	debug	Workflow task updated	{"host": "127.0.0.1:63280", "shard-id": 1, "address": "127.0.0.1:63280", "wf-scheduled-event-id": 165, "wf-started-event-id": 0, "workflow-task-request-id": "emptyUuid", "workflow-task-timeout": 10, "attempt": 1, "wf-started-timestamp": "0001-01-01T00:00:00.000Z", "wt-type": "Normal", "logging-call-at": "/Users/shivamsaraf/Desktop/work/temporal/common/log/with_logger.go:61"}
2025-03-19T11:38:47.256-0400	debug	Assigning new task key	{"host": "127.0.0.1:63280", "shard-id": 1, "address": "127.0.0.1:63280", "wf-namespace-id": "d0b550e3-6091-4a9b-a9aa-3d80ffb24954", "wf-id": "temporal-sys-worker-deployment:rrentVersion_Batching-564e9892_deployment_series", "wf-run-id": "0195af0e-960d-715f-b6c6-08dcdf4b78ec", "queue-task-type": "WorkflowTaskTimeout", "queue-task-id": 1048934, "timestamp": "2025-03-19T15:38:52.257Z", "cursor-timestamp": "2025-03-19T15:38:48.087Z", "logging-call-at": "/Users/shivamsaraf/Desktop/work/temporal/common/log/with_logger.go:61"}
2025-03-19T11:38:47.256-0400	debug	Assigning new task key	{"host": "127.0.0.1:63280", "shard-id": 1, "address": "127.0.0.1:63280", "wf-namespace-id": "d0b550e3-6091-4a9b-a9aa-3d80ffb24954", "wf-id": "temporal-sys-worker-deployment:rrentVersion_Batching-564e9892_deployment_series", "wf-run-id": "0195af0e-960d-715f-b6c6-08dcdf4b78ec", "queue-task-type": "TransferWorkflowTask", "queue-task-id": 1048935, "timestamp": "2025-03-19T15:38:47.256Z", "cursor-timestamp": "2025-03-19T15:38:48.087Z", "logging-call-at": "/Users/shivamsaraf/Desktop/work/temporal/common/log/with_logger.go:61"}
2025-03-19T11:38:47.260-0400	debug	Process task as active.	{"host": "127.0.0.1:63280", "shard-id": 1, "address": "127.0.0.1:63280", "component": "transfer-queue-processor", "wf-namespace-id": "d0b550e3-6091-4a9b-a9aa-3d80ffb24954", "value": "d0b550e3-6091-4a9b-a9aa-3d80ffb24954/temporal-sys-worker-deployment:rrentVersion_Batching-564e9892_deployment_series/0195af0e-960d-715f-b6c6-08dcdf4b78ec", "logging-call-at": "/Users/shivamsaraf/Desktop/work/temporal/common/log/with_logger.go:61"}
2025-03-19T11:38:47.261-0400	debug	Workflow task updated	{"host": "127.0.0.1:63280", "shard-id": 1, "address": "127.0.0.1:63280", "wf-scheduled-event-id": 165, "wf-started-event-id": 166, "workflow-task-request-id": "4104c986-8d23-4aa9-8bd9-cbf899242964", "workflow-task-timeout": 10, "attempt": 1, "wf-started-timestamp": "2025-03-19T15:38:47.261Z", "wt-type": "Normal", "logging-call-at": "/Users/shivamsaraf/Desktop/work/temporal/common/log/with_logger.go:61"}
2025-03-19T11:38:47.261-0400	debug	Assigning new task key	{"host": "127.0.0.1:63280", "shard-id": 1, "address": "127.0.0.1:63280", "wf-namespace-id": "d0b550e3-6091-4a9b-a9aa-3d80ffb24954", "wf-id": "temporal-sys-worker-deployment:rrentVersion_Batching-564e9892_deployment_series", "wf-run-id": "0195af0e-960d-715f-b6c6-08dcdf4b78ec", "queue-task-type": "WorkflowTaskTimeout", "queue-task-id": 1048938, "timestamp": "2025-03-19T15:38:57.262Z", "cursor-timestamp": "2025-03-19T15:38:48.260Z", "logging-call-at": "/Users/shivamsaraf/Desktop/work/temporal/common/log/with_logger.go:61"}
2025-03-19T11:38:47.267-0400	debug	ExecuteActivity	{"host": "127.0.0.1:63281", "Namespace": "namespace-ec265ab4-426c-4316-a4b3-47fc66311932", "TaskQueue": "temporal-sys-per-ns-tq", "WorkerID": "temporal-system@Shivams-MacBook-Pro.local@namespace-ec265ab4-426c-4316-a4b3-47fc66311932", "WorkflowType": "temporal-sys-worker-deployment-workflow", "WorkflowID": "temporal-sys-worker-deployment:rrentVersion_Batching-564e9892_deployment_series", "RunID": "0195af0e-960d-715f-b6c6-08dcdf4b78ec", "Attempt": 0, "ActivityID": "169", "ActivityType": "RegisterWorkerInVersion", "logging-call-at": "/Users/shivamsaraf/Desktop/work/temporal/common/log/with_logger.go:61"}
2025-03-19T11:38:47.267-0400	debug	Frontend method invoked.	{"host": "127.0.0.1:63278", "wf-namespace": "namespace-ec265ab4-426c-4316-a4b3-47fc66311932", "operation": "PollWorkflowTaskQueue", "server-name": "", "cert-thumbprint": "", "logging-call-at": "/Users/shivamsaraf/Desktop/work/temporal/common/log/with_logger.go:61"}
2025-03-19T11:38:47.267-0400	debug	Received PollWorkflowTaskQueue	{"host": "127.0.0.1:63278", "service": "frontend", "logging-call-at": "/Users/shivamsaraf/Desktop/work/temporal/common/log/with_logger.go:61"}
2025-03-19T11:38:47.267-0400	debug	Poll workflow task queue.	{"host": "127.0.0.1:63278", "service": "frontend", "wf-namespace": "namespace-ec265ab4-426c-4316-a4b3-47fc66311932", "wf-namespace-id": "d0b550e3-6091-4a9b-a9aa-3d80ffb24954", "logging-call-at": "/Users/shivamsaraf/Desktop/work/temporal/common/log/with_logger.go:61"}
2025-03-19T11:38:47.268-0400	debug	Frontend method invoked.	{"host": "127.0.0.1:63278", "wf-namespace": "namespace-ec265ab4-426c-4316-a4b3-47fc66311932", "operation": "RespondWorkflowTaskCompleted", "server-name": "", "cert-thumbprint": "", "logging-call-at": "/Users/shivamsaraf/Desktop/work/temporal/common/log/with_logger.go:61"}
2025-03-19T11:38:47.268-0400	debug	RespondWorkflowTaskCompleted	{"host": "127.0.0.1:63280", "service": "history", "wf-namespace-id": "d0b550e3-6091-4a9b-a9aa-3d80ffb24954", "wf-id": "temporal-sys-worker-deployment:rrentVersion_Batching-564e9892_deployment_series", "wf-run-id": "0195af0e-960d-715f-b6c6-08dcdf4b78ec", "wf-scheduled-event-id": 165, "logging-call-at": "/Users/shivamsaraf/Desktop/work/temporal/common/log/with_logger.go:61"}
2025-03-19T11:38:47.268-0400	debug	Workflow task updated	{"host": "127.0.0.1:63280", "shard-id": 1, "address": "127.0.0.1:63280", "wf-scheduled-event-id": 0, "wf-started-event-id": 0, "workflow-task-request-id": "emptyUuid", "workflow-task-timeout": 0, "attempt": 1, "wf-started-timestamp": "1970-01-01T00:00:00.000Z", "wt-type": "Unspecified", "logging-call-at": "/Users/shivamsaraf/Desktop/work/temporal/common/log/with_logger.go:61"}
2025-03-19T11:38:47.268-0400	debug	update state change	{"host": "127.0.0.1:63280", "shard-id": 1, "address": "127.0.0.1:63280", "wf-namespace-id": "d0b550e3-6091-4a9b-a9aa-3d80ffb24954", "wf-id": "temporal-sys-worker-deployment:rrentVersion_Batching-564e9892_deployment_series", "wf-run-id": "0195af0e-960d-715f-b6c6-08dcdf4b78ec", "update-id": "b40d524d-961f-4213-b31c-31402f440efd", "from-state": "Accepted", "to-state": "ProvisionallyCompleted", "logging-call-at": "/Users/shivamsaraf/Desktop/work/temporal/common/log/with_logger.go:61"}
2025-03-19T11:38:47.269-0400	debug	Assigning new task key	{"host": "127.0.0.1:63280", "shard-id": 1, "address": "127.0.0.1:63280", "wf-namespace-id": "d0b550e3-6091-4a9b-a9aa-3d80ffb24954", "wf-id": "temporal-sys-worker-deployment:rrentVersion_Batching-564e9892_deployment_series", "wf-run-id": "0195af0e-960d-715f-b6c6-08dcdf4b78ec", "queue-task-type": "TransferActivityTask", "queue-task-id": 1048944, "timestamp": "2025-03-19T15:38:47.269Z", "cursor-timestamp": "2025-03-19T15:38:48.260Z", "logging-call-at": "/Users/shivamsaraf/Desktop/work/temporal/common/log/with_logger.go:61"}
2025-03-19T11:38:47.272-0400	debug	update state change	{"host": "127.0.0.1:63280", "shard-id": 1, "address": "127.0.0.1:63280", "wf-namespace-id": "d0b550e3-6091-4a9b-a9aa-3d80ffb24954", "wf-id": "temporal-sys-worker-deployment:rrentVersion_Batching-564e9892_deployment_series", "wf-run-id": "0195af0e-960d-715f-b6c6-08dcdf4b78ec", "update-id": "b40d524d-961f-4213-b31c-31402f440efd", "from-state": "ProvisionallyCompleted", "to-state": "Completed", "logging-call-at": "/Users/shivamsaraf/Desktop/work/temporal/common/log/with_logger.go:61"}
2025-03-19T11:38:47.272-0400	debug	deployment client success	{"host": "127.0.0.1:63279", "operation": "RegisterTaskQueueWorker", "elapsed": 3.734436417, "args": ["rrentVersion_Batching-564e9892_task_queue_48",1,"matching service"], "logging-call-at": "/Users/shivamsaraf/Desktop/work/temporal/common/log/with_logger.go:61"}
2025-03-19T11:38:47.272-0400	debug	Process task as active.	{"host": "127.0.0.1:63280", "shard-id": 1, "address": "127.0.0.1:63280", "component": "transfer-queue-processor", "wf-namespace-id": "d0b550e3-6091-4a9b-a9aa-3d80ffb24954", "value": "d0b550e3-6091-4a9b-a9aa-3d80ffb24954/temporal-sys-worker-deployment:rrentVersion_Batching-564e9892_deployment_series/0195af0e-960d-715f-b6c6-08dcdf4b78ec", "logging-call-at": "/Users/shivamsaraf/Desktop/work/temporal/common/log/with_logger.go:61"}
2025-03-19T11:38:47.273-0400	info	Started physicalTaskQueueManager	{"host": "127.0.0.1:63279", "component": "matching-engine", "wf-task-queue-name": "rrentVersion_Batching-564e9892_task_queue_48", "wf-task-queue-type": "Workflow", "wf-namespace": "namespace-ec265ab4-426c-4316-a4b3-47fc66311932", "worker-build-id": "rrentVersion_Batching-564e9892_deployment_series/rrentVersion_Batching-564e9892_build_id", "lifecycle": "Started", "cause": "UserData", "logging-call-at": "/Users/shivamsaraf/Desktop/work/temporal/common/log/with_logger.go:66"}
2025-03-19T11:38:47.273-0400	debug	Assigning new task key	{"host": "127.0.0.1:63280", "shard-id": 1, "address": "127.0.0.1:63280", "wf-namespace-id": "d0b550e3-6091-4a9b-a9aa-3d80ffb24954", "wf-id": "temporal-sys-worker-deployment:rrentVersion_Batching-564e9892_deployment_series", "wf-run-id": "0195af0e-960d-715f-b6c6-08dcdf4b78ec", "queue-task-type": "ActivityTimeout", "queue-task-id": 1048946, "timestamp": "2025-03-19T15:39:47.274Z", "cursor-timestamp": "2025-03-19T15:38:48.272Z", "logging-call-at": "/Users/shivamsaraf/Desktop/work/temporal/common/log/with_logger.go:61"}
2025-03-19T11:38:47.277-0400	debug	Frontend method invoked.	{"host": "127.0.0.1:63278", "wf-namespace": "namespace-ec265ab4-426c-4316-a4b3-47fc66311932", "operation": "PollActivityTaskQueue", "server-name": "", "cert-thumbprint": "", "logging-call-at": "/Users/shivamsaraf/Desktop/work/temporal/common/log/with_logger.go:61"}
2025-03-19T11:38:47.277-0400	debug	Received PollActivityTaskQueue	{"host": "127.0.0.1:63278", "service": "frontend", "logging-call-at": "/Users/shivamsaraf/Desktop/work/temporal/common/log/with_logger.go:61"}
2025-03-19T11:38:47.278-0400	debug	update state change	{"host": "127.0.0.1:63280", "shard-id": 4, "address": "127.0.0.1:63280", "wf-namespace-id": "d0b550e3-6091-4a9b-a9aa-3d80ffb24954", "wf-id": "temporal-sys-worker-deployment-version:rrentVersion_Batching-564e9892_deployment_series.rrentVersion_Batching-564e9892_build_id", "wf-run-id": "0195af0e-98a0-7d94-93e5-2a1d2e5942f8", "update-id": "a319ff3f-b3f0-40ce-b85a-7b6ebfb246bf", "from-state": "Created", "to-state": "ProvisionallyAdmitted", "logging-call-at": "/Users/shivamsaraf/Desktop/work/temporal/common/log/with_logger.go:61"}
2025-03-19T11:38:47.278-0400	debug	update state change	{"host": "127.0.0.1:63280", "shard-id": 4, "address": "127.0.0.1:63280", "wf-namespace-id": "d0b550e3-6091-4a9b-a9aa-3d80ffb24954", "wf-id": "temporal-sys-worker-deployment-version:rrentVersion_Batching-564e9892_deployment_series.rrentVersion_Batching-564e9892_build_id", "wf-run-id": "0195af0e-98a0-7d94-93e5-2a1d2e5942f8", "update-id": "a319ff3f-b3f0-40ce-b85a-7b6ebfb246bf", "from-state": "ProvisionallyAdmitted", "to-state": "Admitted", "logging-call-at": "/Users/shivamsaraf/Desktop/work/temporal/common/log/with_logger.go:61"}
2025-03-19T11:38:47.278-0400	debug	Workflow task updated	{"host": "127.0.0.1:63280", "shard-id": 4, "address": "127.0.0.1:63280", "wf-scheduled-event-id": 283, "wf-started-event-id": 0, "workflow-task-request-id": "emptyUuid", "workflow-task-timeout": 10, "attempt": 1, "wf-started-timestamp": "0001-01-01T00:00:00.000Z", "wt-type": "Speculative", "logging-call-at": "/Users/shivamsaraf/Desktop/work/temporal/common/log/with_logger.go:61"}
2025-03-19T11:38:47.279-0400	debug	Workflow task updated	{"host": "127.0.0.1:63280", "shard-id": 4, "address": "127.0.0.1:63280", "wf-scheduled-event-id": 283, "wf-started-event-id": 284, "workflow-task-request-id": "dbeb3c8c-4f16-49de-b973-9eee17c14fc3", "workflow-task-timeout": 10, "attempt": 1, "wf-started-timestamp": "2025-03-19T15:38:47.279Z", "wt-type": "Speculative", "logging-call-at": "/Users/shivamsaraf/Desktop/work/temporal/common/log/with_logger.go:61"}
2025-03-19T11:38:47.279-0400	debug	update state change	{"host": "127.0.0.1:63280", "shard-id": 4, "address": "127.0.0.1:63280", "wf-namespace-id": "d0b550e3-6091-4a9b-a9aa-3d80ffb24954", "wf-id": "temporal-sys-worker-deployment-version:rrentVersion_Batching-564e9892_deployment_series.rrentVersion_Batching-564e9892_build_id", "wf-run-id": "0195af0e-98a0-7d94-93e5-2a1d2e5942f8", "update-id": "a319ff3f-b3f0-40ce-b85a-7b6ebfb246bf", "from-state": "Admitted", "to-state": "Sent", "logging-call-at": "/Users/shivamsaraf/Desktop/work/temporal/common/log/with_logger.go:61"}
2025-03-19T11:38:47.282-0400	debug	ExecuteActivity	{"host": "127.0.0.1:63281", "Namespace": "namespace-ec265ab4-426c-4316-a4b3-47fc66311932", "TaskQueue": "temporal-sys-per-ns-tq", "WorkerID": "temporal-system@Shivams-MacBook-Pro.local@namespace-ec265ab4-426c-4316-a4b3-47fc66311932", "WorkflowType": "temporal-sys-worker-deployment-version-workflow", "WorkflowID": "temporal-sys-worker-deployment-version:rrentVersion_Batching-564e9892_deployment_series.rrentVersion_Batching-564e9892_build_id", "RunID": "0195af0e-98a0-7d94-93e5-2a1d2e5942f8", "Attempt": 0, "ActivityID": "287", "ActivityType": "SyncDeploymentVersionUserData", "logging-call-at": "/Users/shivamsaraf/Desktop/work/temporal/common/log/with_logger.go:61"}
2025-03-19T11:38:47.282-0400	debug	Frontend method invoked.	{"host": "127.0.0.1:63278", "wf-namespace": "namespace-ec265ab4-426c-4316-a4b3-47fc66311932", "operation": "PollWorkflowTaskQueue", "server-name": "", "cert-thumbprint": "", "logging-call-at": "/Users/shivamsaraf/Desktop/work/temporal/common/log/with_logger.go:61"}
2025-03-19T11:38:47.283-0400	debug	Received PollWorkflowTaskQueue	{"host": "127.0.0.1:63278", "service": "frontend", "logging-call-at": "/Users/shivamsaraf/Desktop/work/temporal/common/log/with_logger.go:61"}
2025-03-19T11:38:47.283-0400	debug	Poll workflow task queue.	{"host": "127.0.0.1:63278", "service": "frontend", "wf-namespace": "namespace-ec265ab4-426c-4316-a4b3-47fc66311932", "wf-namespace-id": "d0b550e3-6091-4a9b-a9aa-3d80ffb24954", "logging-call-at": "/Users/shivamsaraf/Desktop/work/temporal/common/log/with_logger.go:61"}
2025-03-19T11:38:47.283-0400	debug	Frontend method invoked.	{"host": "127.0.0.1:63278", "wf-namespace": "namespace-ec265ab4-426c-4316-a4b3-47fc66311932", "operation": "RespondWorkflowTaskCompleted", "server-name": "", "cert-thumbprint": "", "logging-call-at": "/Users/shivamsaraf/Desktop/work/temporal/common/log/with_logger.go:61"}
2025-03-19T11:38:47.283-0400	debug	RespondWorkflowTaskCompleted	{"host": "127.0.0.1:63280", "service": "history", "wf-namespace-id": "d0b550e3-6091-4a9b-a9aa-3d80ffb24954", "wf-id": "temporal-sys-worker-deployment-version:rrentVersion_Batching-564e9892_deployment_series.rrentVersion_Batching-564e9892_build_id", "wf-run-id": "0195af0e-98a0-7d94-93e5-2a1d2e5942f8", "wf-scheduled-event-id": 283, "logging-call-at": "/Users/shivamsaraf/Desktop/work/temporal/common/log/with_logger.go:61"}
2025-03-19T11:38:47.283-0400	debug	Workflow task updated	{"host": "127.0.0.1:63280", "shard-id": 4, "address": "127.0.0.1:63280", "wf-scheduled-event-id": 0, "wf-started-event-id": 0, "workflow-task-request-id": "emptyUuid", "workflow-task-timeout": 0, "attempt": 1, "wf-started-timestamp": "1970-01-01T00:00:00.000Z", "wt-type": "Unspecified", "logging-call-at": "/Users/shivamsaraf/Desktop/work/temporal/common/log/with_logger.go:61"}
2025-03-19T11:38:47.284-0400	debug	update state change	{"host": "127.0.0.1:63280", "shard-id": 4, "address": "127.0.0.1:63280", "wf-namespace-id": "d0b550e3-6091-4a9b-a9aa-3d80ffb24954", "wf-id": "temporal-sys-worker-deployment-version:rrentVersion_Batching-564e9892_deployment_series.rrentVersion_Batching-564e9892_build_id", "wf-run-id": "0195af0e-98a0-7d94-93e5-2a1d2e5942f8", "update-id": "a319ff3f-b3f0-40ce-b85a-7b6ebfb246bf", "from-state": "Sent", "to-state": "ProvisionallyAccepted", "logging-call-at": "/Users/shivamsaraf/Desktop/work/temporal/common/log/with_logger.go:61"}
2025-03-19T11:38:47.284-0400	debug	Assigning new task key	{"host": "127.0.0.1:63280", "shard-id": 4, "address": "127.0.0.1:63280", "wf-namespace-id": "d0b550e3-6091-4a9b-a9aa-3d80ffb24954", "wf-id": "temporal-sys-worker-deployment-version:rrentVersion_Batching-564e9892_deployment_series.rrentVersion_Batching-564e9892_build_id", "wf-run-id": "0195af0e-98a0-7d94-93e5-2a1d2e5942f8", "queue-task-type": "TransferActivityTask", "queue-task-id": 1049313, "timestamp": "2025-03-19T15:38:47.284Z", "cursor-timestamp": "2025-03-19T15:38:48.243Z", "logging-call-at": "/Users/shivamsaraf/Desktop/work/temporal/common/log/with_logger.go:61"}
2025-03-19T11:38:47.287-0400	debug	update state change	{"host": "127.0.0.1:63280", "shard-id": 4, "address": "127.0.0.1:63280", "wf-namespace-id": "d0b550e3-6091-4a9b-a9aa-3d80ffb24954", "wf-id": "temporal-sys-worker-deployment-version:rrentVersion_Batching-564e9892_deployment_series.rrentVersion_Batching-564e9892_build_id", "wf-run-id": "0195af0e-98a0-7d94-93e5-2a1d2e5942f8", "update-id": "a319ff3f-b3f0-40ce-b85a-7b6ebfb246bf", "from-state": "ProvisionallyAccepted", "to-state": "Accepted", "logging-call-at": "/Users/shivamsaraf/Desktop/work/temporal/common/log/with_logger.go:61"}
2025-03-19T11:38:47.288-0400	debug	Process task as active.	{"host": "127.0.0.1:63280", "shard-id": 4, "address": "127.0.0.1:63280", "component": "transfer-queue-processor", "wf-namespace-id": "d0b550e3-6091-4a9b-a9aa-3d80ffb24954", "value": "d0b550e3-6091-4a9b-a9aa-3d80ffb24954/temporal-sys-worker-deployment-version:rrentVersion_Batching-564e9892_deployment_series.rrentVersion_Batching-564e9892_build_id/0195af0e-98a0-7d94-93e5-2a1d2e5942f8", "logging-call-at": "/Users/shivamsaraf/Desktop/work/temporal/common/log/with_logger.go:61"}
2025-03-19T11:38:47.289-0400	debug	Assigning new task key	{"host": "127.0.0.1:63280", "shard-id": 4, "address": "127.0.0.1:63280", "wf-namespace-id": "d0b550e3-6091-4a9b-a9aa-3d80ffb24954", "wf-id": "temporal-sys-worker-deployment-version:rrentVersion_Batching-564e9892_deployment_series.rrentVersion_Batching-564e9892_build_id", "wf-run-id": "0195af0e-98a0-7d94-93e5-2a1d2e5942f8", "queue-task-type": "ActivityTimeout", "queue-task-id": 1049314, "timestamp": "2025-03-19T15:39:47.289Z", "cursor-timestamp": "2025-03-19T15:38:48.287Z", "logging-call-at": "/Users/shivamsaraf/Desktop/work/temporal/common/log/with_logger.go:61"}
2025-03-19T11:38:47.292-0400	info	syncing task queue userdata for deployment version	{"host": "127.0.0.1:63281", "Namespace": "namespace-ec265ab4-426c-4316-a4b3-47fc66311932", "TaskQueue": "temporal-sys-per-ns-tq", "WorkerID": "temporal-system@Shivams-MacBook-Pro.local@namespace-ec265ab4-426c-4316-a4b3-47fc66311932", "ActivityID": "287", "ActivityType": "SyncDeploymentVersionUserData", "Attempt": 1, "WorkflowType": "temporal-sys-worker-deployment-version-workflow", "WorkflowID": "temporal-sys-worker-deployment-version:rrentVersion_Batching-564e9892_deployment_series.rrentVersion_Batching-564e9892_build_id", "RunID": "0195af0e-98a0-7d94-93e5-2a1d2e5942f8", "taskQueue": "rrentVersion_Batching-564e9892_task_queue_42", "types": [1], "logging-call-at": "/Users/shivamsaraf/Desktop/work/temporal/common/log/with_logger.go:66"}
2025-03-19T11:38:47.292-0400	debug	Frontend method invoked.	{"host": "127.0.0.1:63278", "wf-namespace": "namespace-ec265ab4-426c-4316-a4b3-47fc66311932", "operation": "PollActivityTaskQueue", "server-name": "", "cert-thumbprint": "", "logging-call-at": "/Users/shivamsaraf/Desktop/work/temporal/common/log/with_logger.go:61"}
2025-03-19T11:38:47.292-0400	debug	Received PollActivityTaskQueue	{"host": "127.0.0.1:63278", "service": "frontend", "logging-call-at": "/Users/shivamsaraf/Desktop/work/temporal/common/log/with_logger.go:61"}
2025-03-19T11:38:47.395-0400	info	modified user data	{"host": "127.0.0.1:63279", "component": "matching-engine", "wf-task-queue-name": "rrentVersion_Batching-564e9892_task_queue_42", "wf-task-queue-type": "Workflow", "wf-namespace": "namespace-ec265ab4-426c-4316-a4b3-47fc66311932", "user-data-update-source": "SyncDeploymentUserData", "user-data-version": 1, "timestamp": "2025-03-19T15:38:47.292Z", "logging-call-at": "/Users/shivamsaraf/Desktop/work/temporal/common/log/with_logger.go:66"}
2025-03-19T11:38:47.395-0400	debug	user data changed while blocked in long poll	{"host": "127.0.0.1:63279", "component": "matching-engine", "wf-task-queue-name": "rrentVersion_Batching-564e9892_task_queue_42", "wf-task-queue-type": "Workflow", "wf-namespace": "namespace-ec265ab4-426c-4316-a4b3-47fc66311932", "logging-call-at": "/Users/shivamsaraf/Desktop/work/temporal/common/log/with_logger.go:61"}
2025-03-19T11:38:47.395-0400	debug	user data changed while blocked in long poll	{"host": "127.0.0.1:63279", "component": "matching-engine", "wf-task-queue-name": "rrentVersion_Batching-564e9892_task_queue_42", "wf-task-queue-type": "Workflow", "wf-namespace": "namespace-ec265ab4-426c-4316-a4b3-47fc66311932", "logging-call-at": "/Users/shivamsaraf/Desktop/work/temporal/common/log/with_logger.go:61"}
2025-03-19T11:38:47.395-0400	debug	user data changed while blocked in long poll	{"host": "127.0.0.1:63279", "component": "matching-engine", "wf-task-queue-name": "rrentVersion_Batching-564e9892_task_queue_42", "wf-task-queue-type": "Workflow", "wf-namespace": "namespace-ec265ab4-426c-4316-a4b3-47fc66311932", "logging-call-at": "/Users/shivamsaraf/Desktop/work/temporal/common/log/with_logger.go:61"}
2025-03-19T11:38:47.395-0400	info	returning user data	{"host": "127.0.0.1:63279", "component": "matching-engine", "wf-task-queue-name": "rrentVersion_Batching-564e9892_task_queue_42", "wf-task-queue-type": "Workflow", "wf-namespace": "namespace-ec265ab4-426c-4316-a4b3-47fc66311932", "long-poll": true, "request-known-version": 0, "user-data-version": 1, "logging-call-at": "/Users/shivamsaraf/Desktop/work/temporal/common/log/with_logger.go:66"}
2025-03-19T11:38:47.395-0400	info	returning user data	{"host": "127.0.0.1:63279", "component": "matching-engine", "wf-task-queue-name": "rrentVersion_Batching-564e9892_task_queue_42", "wf-task-queue-type": "Workflow", "wf-namespace": "namespace-ec265ab4-426c-4316-a4b3-47fc66311932", "long-poll": true, "request-known-version": 0, "user-data-version": 1, "logging-call-at": "/Users/shivamsaraf/Desktop/work/temporal/common/log/with_logger.go:66"}
2025-03-19T11:38:47.395-0400	info	returning user data	{"host": "127.0.0.1:63279", "component": "matching-engine", "wf-task-queue-name": "rrentVersion_Batching-564e9892_task_queue_42", "wf-task-queue-type": "Workflow", "wf-namespace": "namespace-ec265ab4-426c-4316-a4b3-47fc66311932", "long-poll": true, "request-known-version": 0, "user-data-version": 1, "logging-call-at": "/Users/shivamsaraf/Desktop/work/temporal/common/log/with_logger.go:66"}
2025-03-19T11:38:47.395-0400	info	fetched user data from parent	{"host": "127.0.0.1:63279", "component": "matching-engine", "wf-task-queue-name": "/_sys/rrentVersion_Batching-564e9892_task_queue_42/1", "wf-task-queue-type": "Workflow", "wf-namespace": "namespace-ec265ab4-426c-4316-a4b3-47fc66311932", "user-data-version": 1, "timestamp": "2025-03-19T15:38:47.292Z", "logging-call-at": "/Users/shivamsaraf/Desktop/work/temporal/common/log/with_logger.go:66"}
2025-03-19T11:38:47.395-0400	info	fetched user data from parent	{"host": "127.0.0.1:63279", "component": "matching-engine", "wf-task-queue-name": "/_sys/rrentVersion_Batching-564e9892_task_queue_42/2", "wf-task-queue-type": "Workflow", "wf-namespace": "namespace-ec265ab4-426c-4316-a4b3-47fc66311932", "user-data-version": 1, "timestamp": "2025-03-19T15:38:47.292Z", "logging-call-at": "/Users/shivamsaraf/Desktop/work/temporal/common/log/with_logger.go:66"}
2025-03-19T11:38:47.395-0400	info	fetched user data from parent	{"host": "127.0.0.1:63279", "component": "matching-engine", "wf-task-queue-name": "/_sys/rrentVersion_Batching-564e9892_task_queue_42/3", "wf-task-queue-type": "Workflow", "wf-namespace": "namespace-ec265ab4-426c-4316-a4b3-47fc66311932", "user-data-version": 1, "timestamp": "2025-03-19T15:38:47.292Z", "logging-call-at": "/Users/shivamsaraf/Desktop/work/temporal/common/log/with_logger.go:66"}
2025-03-19T11:38:47.396-0400	debug	Frontend method invoked.	{"host": "127.0.0.1:63278", "wf-namespace": "namespace-ec265ab4-426c-4316-a4b3-47fc66311932", "operation": "RespondActivityTaskCompleted", "server-name": "", "cert-thumbprint": "", "logging-call-at": "/Users/shivamsaraf/Desktop/work/temporal/common/log/with_logger.go:61"}
2025-03-19T11:38:47.396-0400	debug	Workflow task updated	{"host": "127.0.0.1:63280", "shard-id": 4, "address": "127.0.0.1:63280", "wf-scheduled-event-id": 290, "wf-started-event-id": 0, "workflow-task-request-id": "emptyUuid", "workflow-task-timeout": 10, "attempt": 1, "wf-started-timestamp": "0001-01-01T00:00:00.000Z", "wt-type": "Normal", "logging-call-at": "/Users/shivamsaraf/Desktop/work/temporal/common/log/with_logger.go:61"}
2025-03-19T11:38:47.397-0400	debug	Assigning new task key	{"host": "127.0.0.1:63280", "shard-id": 4, "address": "127.0.0.1:63280", "wf-namespace-id": "d0b550e3-6091-4a9b-a9aa-3d80ffb24954", "wf-id": "temporal-sys-worker-deployment-version:rrentVersion_Batching-564e9892_deployment_series.rrentVersion_Batching-564e9892_build_id", "wf-run-id": "0195af0e-98a0-7d94-93e5-2a1d2e5942f8", "queue-task-type": "WorkflowTaskTimeout", "queue-task-id": 1049320, "timestamp": "2025-03-19T15:38:52.397Z", "cursor-timestamp": "2025-03-19T15:38:48.287Z", "logging-call-at": "/Users/shivamsaraf/Desktop/work/temporal/common/log/with_logger.go:61"}
2025-03-19T11:38:47.397-0400	debug	Assigning new task key	{"host": "127.0.0.1:63280", "shard-id": 4, "address": "127.0.0.1:63280", "wf-namespace-id": "d0b550e3-6091-4a9b-a9aa-3d80ffb24954", "wf-id": "temporal-sys-worker-deployment-version:rrentVersion_Batching-564e9892_deployment_series.rrentVersion_Batching-564e9892_build_id", "wf-run-id": "0195af0e-98a0-7d94-93e5-2a1d2e5942f8", "queue-task-type": "TransferWorkflowTask", "queue-task-id": 1049321, "timestamp": "2025-03-19T15:38:47.397Z", "cursor-timestamp": "2025-03-19T15:38:48.287Z", "logging-call-at": "/Users/shivamsaraf/Desktop/work/temporal/common/log/with_logger.go:61"}
2025-03-19T11:38:47.403-0400	debug	Process task as active.	{"host": "127.0.0.1:63280", "shard-id": 4, "address": "127.0.0.1:63280", "component": "transfer-queue-processor", "wf-namespace-id": "d0b550e3-6091-4a9b-a9aa-3d80ffb24954", "value": "d0b550e3-6091-4a9b-a9aa-3d80ffb24954/temporal-sys-worker-deployment-version:rrentVersion_Batching-564e9892_deployment_series.rrentVersion_Batching-564e9892_build_id/0195af0e-98a0-7d94-93e5-2a1d2e5942f8", "logging-call-at": "/Users/shivamsaraf/Desktop/work/temporal/common/log/with_logger.go:61"}
2025-03-19T11:38:47.403-0400	debug	Workflow task updated	{"host": "127.0.0.1:63280", "shard-id": 4, "address": "127.0.0.1:63280", "wf-scheduled-event-id": 290, "wf-started-event-id": 291, "workflow-task-request-id": "5557a250-1842-4a1c-b173-89bff0b3303e", "workflow-task-timeout": 10, "attempt": 1, "wf-started-timestamp": "2025-03-19T15:38:47.403Z", "wt-type": "Normal", "logging-call-at": "/Users/shivamsaraf/Desktop/work/temporal/common/log/with_logger.go:61"}
2025-03-19T11:38:47.404-0400	debug	Assigning new task key	{"host": "127.0.0.1:63280", "shard-id": 4, "address": "127.0.0.1:63280", "wf-namespace-id": "d0b550e3-6091-4a9b-a9aa-3d80ffb24954", "wf-id": "temporal-sys-worker-deployment-version:rrentVersion_Batching-564e9892_deployment_series.rrentVersion_Batching-564e9892_build_id", "wf-run-id": "0195af0e-98a0-7d94-93e5-2a1d2e5942f8", "queue-task-type": "WorkflowTaskTimeout", "queue-task-id": 1049324, "timestamp": "2025-03-19T15:38:57.404Z", "cursor-timestamp": "2025-03-19T15:38:48.402Z", "logging-call-at": "/Users/shivamsaraf/Desktop/work/temporal/common/log/with_logger.go:61"}
2025-03-19T11:38:47.412-0400	debug	ExecuteActivity	{"host": "127.0.0.1:63281", "Namespace": "namespace-ec265ab4-426c-4316-a4b3-47fc66311932", "TaskQueue": "temporal-sys-per-ns-tq", "WorkerID": "temporal-system@Shivams-MacBook-Pro.local@namespace-ec265ab4-426c-4316-a4b3-47fc66311932", "WorkflowType": "temporal-sys-worker-deployment-version-workflow", "WorkflowID": "temporal-sys-worker-deployment-version:rrentVersion_Batching-564e9892_deployment_series.rrentVersion_Batching-564e9892_build_id", "RunID": "0195af0e-98a0-7d94-93e5-2a1d2e5942f8", "Attempt": 0, "ActivityID": "293", "ActivityType": "CheckWorkerDeploymentUserDataPropagation", "logging-call-at": "/Users/shivamsaraf/Desktop/work/temporal/common/log/with_logger.go:61"}
2025-03-19T11:38:47.412-0400	debug	Frontend method invoked.	{"host": "127.0.0.1:63278", "wf-namespace": "namespace-ec265ab4-426c-4316-a4b3-47fc66311932", "operation": "PollWorkflowTaskQueue", "server-name": "", "cert-thumbprint": "", "logging-call-at": "/Users/shivamsaraf/Desktop/work/temporal/common/log/with_logger.go:61"}
2025-03-19T11:38:47.413-0400	debug	Received PollWorkflowTaskQueue	{"host": "127.0.0.1:63278", "service": "frontend", "logging-call-at": "/Users/shivamsaraf/Desktop/work/temporal/common/log/with_logger.go:61"}
2025-03-19T11:38:47.413-0400	debug	Poll workflow task queue.	{"host": "127.0.0.1:63278", "service": "frontend", "wf-namespace": "namespace-ec265ab4-426c-4316-a4b3-47fc66311932", "wf-namespace-id": "d0b550e3-6091-4a9b-a9aa-3d80ffb24954", "logging-call-at": "/Users/shivamsaraf/Desktop/work/temporal/common/log/with_logger.go:61"}
2025-03-19T11:38:47.413-0400	debug	Frontend method invoked.	{"host": "127.0.0.1:63278", "wf-namespace": "namespace-ec265ab4-426c-4316-a4b3-47fc66311932", "operation": "RespondWorkflowTaskCompleted", "server-name": "", "cert-thumbprint": "", "logging-call-at": "/Users/shivamsaraf/Desktop/work/temporal/common/log/with_logger.go:61"}
2025-03-19T11:38:47.413-0400	debug	RespondWorkflowTaskCompleted	{"host": "127.0.0.1:63280", "service": "history", "wf-namespace-id": "d0b550e3-6091-4a9b-a9aa-3d80ffb24954", "wf-id": "temporal-sys-worker-deployment-version:rrentVersion_Batching-564e9892_deployment_series.rrentVersion_Batching-564e9892_build_id", "wf-run-id": "0195af0e-98a0-7d94-93e5-2a1d2e5942f8", "wf-scheduled-event-id": 290, "logging-call-at": "/Users/shivamsaraf/Desktop/work/temporal/common/log/with_logger.go:61"}
2025-03-19T11:38:47.414-0400	debug	Workflow task updated	{"host": "127.0.0.1:63280", "shard-id": 4, "address": "127.0.0.1:63280", "wf-scheduled-event-id": 0, "wf-started-event-id": 0, "workflow-task-request-id": "emptyUuid", "workflow-task-timeout": 0, "attempt": 1, "wf-started-timestamp": "1970-01-01T00:00:00.000Z", "wt-type": "Unspecified", "logging-call-at": "/Users/shivamsaraf/Desktop/work/temporal/common/log/with_logger.go:61"}
2025-03-19T11:38:47.414-0400	debug	Assigning new task key	{"host": "127.0.0.1:63280", "shard-id": 4, "address": "127.0.0.1:63280", "wf-namespace-id": "d0b550e3-6091-4a9b-a9aa-3d80ffb24954", "wf-id": "temporal-sys-worker-deployment-version:rrentVersion_Batching-564e9892_deployment_series.rrentVersion_Batching-564e9892_build_id", "wf-run-id": "0195af0e-98a0-7d94-93e5-2a1d2e5942f8", "queue-task-type": "TransferActivityTask", "queue-task-id": 1049329, "timestamp": "2025-03-19T15:38:47.414Z", "cursor-timestamp": "2025-03-19T15:38:48.402Z", "logging-call-at": "/Users/shivamsaraf/Desktop/work/temporal/common/log/with_logger.go:61"}
2025-03-19T11:38:47.418-0400	debug	Process task as active.	{"host": "127.0.0.1:63280", "shard-id": 4, "address": "127.0.0.1:63280", "component": "transfer-queue-processor", "wf-namespace-id": "d0b550e3-6091-4a9b-a9aa-3d80ffb24954", "value": "d0b550e3-6091-4a9b-a9aa-3d80ffb24954/temporal-sys-worker-deployment-version:rrentVersion_Batching-564e9892_deployment_series.rrentVersion_Batching-564e9892_build_id/0195af0e-98a0-7d94-93e5-2a1d2e5942f8", "logging-call-at": "/Users/shivamsaraf/Desktop/work/temporal/common/log/with_logger.go:61"}
2025-03-19T11:38:47.419-0400	debug	Assigning new task key	{"host": "127.0.0.1:63280", "shard-id": 4, "address": "127.0.0.1:63280", "wf-namespace-id": "d0b550e3-6091-4a9b-a9aa-3d80ffb24954", "wf-id": "temporal-sys-worker-deployment-version:rrentVersion_Batching-564e9892_deployment_series.rrentVersion_Batching-564e9892_build_id", "wf-run-id": "0195af0e-98a0-7d94-93e5-2a1d2e5942f8", "queue-task-type": "ActivityTimeout", "queue-task-id": 1049330, "timestamp": "2025-03-19T15:39:47.420Z", "cursor-timestamp": "2025-03-19T15:38:48.418Z", "logging-call-at": "/Users/shivamsaraf/Desktop/work/temporal/common/log/with_logger.go:61"}
2025-03-19T11:38:47.423-0400	info	waiting for userdata propagation	{"host": "127.0.0.1:63281", "Namespace": "namespace-ec265ab4-426c-4316-a4b3-47fc66311932", "TaskQueue": "temporal-sys-per-ns-tq", "WorkerID": "temporal-system@Shivams-MacBook-Pro.local@namespace-ec265ab4-426c-4316-a4b3-47fc66311932", "ActivityID": "293", "ActivityType": "CheckWorkerDeploymentUserDataPropagation", "Attempt": 1, "WorkflowType": "temporal-sys-worker-deployment-version-workflow", "WorkflowID": "temporal-sys-worker-deployment-version:rrentVersion_Batching-564e9892_deployment_series.rrentVersion_Batching-564e9892_build_id", "RunID": "0195af0e-98a0-7d94-93e5-2a1d2e5942f8", "taskQueue": "rrentVersion_Batching-564e9892_task_queue_42", "version": 1, "logging-call-at": "/Users/shivamsaraf/Desktop/work/temporal/common/log/with_logger.go:66"}
2025-03-19T11:38:47.423-0400	debug	Frontend method invoked.	{"host": "127.0.0.1:63278", "wf-namespace": "namespace-ec265ab4-426c-4316-a4b3-47fc66311932", "operation": "PollActivityTaskQueue", "server-name": "", "cert-thumbprint": "", "logging-call-at": "/Users/shivamsaraf/Desktop/work/temporal/common/log/with_logger.go:61"}
2025-03-19T11:38:47.424-0400	debug	Received PollActivityTaskQueue	{"host": "127.0.0.1:63278", "service": "frontend", "logging-call-at": "/Users/shivamsaraf/Desktop/work/temporal/common/log/with_logger.go:61"}
2025-03-19T11:38:47.424-0400	info	returning user data	{"host": "127.0.0.1:63279", "component": "matching-engine", "wf-task-queue-name": "/_sys/rrentVersion_Batching-564e9892_task_queue_42/1", "wf-task-queue-type": "Workflow", "wf-namespace": "namespace-ec265ab4-426c-4316-a4b3-47fc66311932", "long-poll": true, "request-known-version": 0, "user-data-version": 1, "logging-call-at": "/Users/shivamsaraf/Desktop/work/temporal/common/log/with_logger.go:66"}
2025-03-19T11:38:47.424-0400	info	matching client encountered error	{"host": "127.0.0.1:63279", "error": "partition was not loaded", "service-error-type": "serviceerror.FailedPrecondition", "logging-call-at": "/Users/shivamsaraf/Desktop/work/temporal/common/log/with_logger.go:66"}
2025-03-19T11:38:47.424-0400	info	returning user data	{"host": "127.0.0.1:63279", "component": "matching-engine", "wf-task-queue-name": "/_sys/rrentVersion_Batching-564e9892_task_queue_42/3", "wf-task-queue-type": "Workflow", "wf-namespace": "namespace-ec265ab4-426c-4316-a4b3-47fc66311932", "long-poll": true, "request-known-version": 0, "user-data-version": 1, "logging-call-at": "/Users/shivamsaraf/Desktop/work/temporal/common/log/with_logger.go:66"}
2025-03-19T11:38:47.424-0400	info	matching client encountered error	{"host": "127.0.0.1:63279", "error": "partition was not loaded", "service-error-type": "serviceerror.FailedPrecondition", "logging-call-at": "/Users/shivamsaraf/Desktop/work/temporal/common/log/with_logger.go:66"}
2025-03-19T11:38:47.424-0400	info	matching client encountered error	{"host": "127.0.0.1:63279", "error": "partition was not loaded", "service-error-type": "serviceerror.FailedPrecondition", "logging-call-at": "/Users/shivamsaraf/Desktop/work/temporal/common/log/with_logger.go:66"}
2025-03-19T11:38:47.424-0400	info	returning user data	{"host": "127.0.0.1:63279", "component": "matching-engine", "wf-task-queue-name": "/_sys/rrentVersion_Batching-564e9892_task_queue_42/2", "wf-task-queue-type": "Workflow", "wf-namespace": "namespace-ec265ab4-426c-4316-a4b3-47fc66311932", "long-poll": true, "request-known-version": 0, "user-data-version": 1, "logging-call-at": "/Users/shivamsaraf/Desktop/work/temporal/common/log/with_logger.go:66"}
2025-03-19T11:38:47.424-0400	info	matching client encountered error	{"host": "127.0.0.1:63279", "error": "partition was not loaded", "service-error-type": "serviceerror.FailedPrecondition", "logging-call-at": "/Users/shivamsaraf/Desktop/work/temporal/common/log/with_logger.go:66"}
2025-03-19T11:38:47.425-0400	debug	Frontend method invoked.	{"host": "127.0.0.1:63278", "wf-namespace": "namespace-ec265ab4-426c-4316-a4b3-47fc66311932", "operation": "RespondActivityTaskCompleted", "server-name": "", "cert-thumbprint": "", "logging-call-at": "/Users/shivamsaraf/Desktop/work/temporal/common/log/with_logger.go:61"}
2025-03-19T11:38:47.426-0400	debug	Workflow task updated	{"host": "127.0.0.1:63280", "shard-id": 4, "address": "127.0.0.1:63280", "wf-scheduled-event-id": 296, "wf-started-event-id": 0, "workflow-task-request-id": "emptyUuid", "workflow-task-timeout": 10, "attempt": 1, "wf-started-timestamp": "0001-01-01T00:00:00.000Z", "wt-type": "Normal", "logging-call-at": "/Users/shivamsaraf/Desktop/work/temporal/common/log/with_logger.go:61"}
2025-03-19T11:38:47.426-0400	debug	Assigning new task key	{"host": "127.0.0.1:63280", "shard-id": 4, "address": "127.0.0.1:63280", "wf-namespace-id": "d0b550e3-6091-4a9b-a9aa-3d80ffb24954", "wf-id": "temporal-sys-worker-deployment-version:rrentVersion_Batching-564e9892_deployment_series.rrentVersion_Batching-564e9892_build_id", "wf-run-id": "0195af0e-98a0-7d94-93e5-2a1d2e5942f8", "queue-task-type": "WorkflowTaskTimeout", "queue-task-id": 1049336, "timestamp": "2025-03-19T15:38:52.427Z", "cursor-timestamp": "2025-03-19T15:38:48.418Z", "logging-call-at": "/Users/shivamsaraf/Desktop/work/temporal/common/log/with_logger.go:61"}
2025-03-19T11:38:47.426-0400	debug	Assigning new task key	{"host": "127.0.0.1:63280", "shard-id": 4, "address": "127.0.0.1:63280", "wf-namespace-id": "d0b550e3-6091-4a9b-a9aa-3d80ffb24954", "wf-id": "temporal-sys-worker-deployment-version:rrentVersion_Batching-564e9892_deployment_series.rrentVersion_Batching-564e9892_build_id", "wf-run-id": "0195af0e-98a0-7d94-93e5-2a1d2e5942f8", "queue-task-type": "TransferWorkflowTask", "queue-task-id": 1049337, "timestamp": "2025-03-19T15:38:47.426Z", "cursor-timestamp": "2025-03-19T15:38:48.418Z", "logging-call-at": "/Users/shivamsaraf/Desktop/work/temporal/common/log/with_logger.go:61"}
2025-03-19T11:38:47.430-0400	debug	Process task as active.	{"host": "127.0.0.1:63280", "shard-id": 4, "address": "127.0.0.1:63280", "component": "transfer-queue-processor", "wf-namespace-id": "d0b550e3-6091-4a9b-a9aa-3d80ffb24954", "value": "d0b550e3-6091-4a9b-a9aa-3d80ffb24954/temporal-sys-worker-deployment-version:rrentVersion_Batching-564e9892_deployment_series.rrentVersion_Batching-564e9892_build_id/0195af0e-98a0-7d94-93e5-2a1d2e5942f8", "logging-call-at": "/Users/shivamsaraf/Desktop/work/temporal/common/log/with_logger.go:61"}
2025-03-19T11:38:47.431-0400	debug	Workflow task updated	{"host": "127.0.0.1:63280", "shard-id": 4, "address": "127.0.0.1:63280", "wf-scheduled-event-id": 296, "wf-started-event-id": 297, "workflow-task-request-id": "fc039f6b-e519-4420-8d8d-f619dfc2fd24", "workflow-task-timeout": 10, "attempt": 1, "wf-started-timestamp": "2025-03-19T15:38:47.431Z", "wt-type": "Normal", "logging-call-at": "/Users/shivamsaraf/Desktop/work/temporal/common/log/with_logger.go:61"}
2025-03-19T11:38:47.431-0400	debug	Assigning new task key	{"host": "127.0.0.1:63280", "shard-id": 4, "address": "127.0.0.1:63280", "wf-namespace-id": "d0b550e3-6091-4a9b-a9aa-3d80ffb24954", "wf-id": "temporal-sys-worker-deployment-version:rrentVersion_Batching-564e9892_deployment_series.rrentVersion_Batching-564e9892_build_id", "wf-run-id": "0195af0e-98a0-7d94-93e5-2a1d2e5942f8", "queue-task-type": "WorkflowTaskTimeout", "queue-task-id": 1049340, "timestamp": "2025-03-19T15:38:57.432Z", "cursor-timestamp": "2025-03-19T15:38:48.429Z", "logging-call-at": "/Users/shivamsaraf/Desktop/work/temporal/common/log/with_logger.go:61"}
2025-03-19T11:38:47.437-0400	debug	Frontend method invoked.	{"host": "127.0.0.1:63278", "wf-namespace": "namespace-ec265ab4-426c-4316-a4b3-47fc66311932", "operation": "PollWorkflowTaskQueue", "server-name": "", "cert-thumbprint": "", "logging-call-at": "/Users/shivamsaraf/Desktop/work/temporal/common/log/with_logger.go:61"}
2025-03-19T11:38:47.437-0400	debug	Received PollWorkflowTaskQueue	{"host": "127.0.0.1:63278", "service": "frontend", "logging-call-at": "/Users/shivamsaraf/Desktop/work/temporal/common/log/with_logger.go:61"}
2025-03-19T11:38:47.437-0400	debug	Poll workflow task queue.	{"host": "127.0.0.1:63278", "service": "frontend", "wf-namespace": "namespace-ec265ab4-426c-4316-a4b3-47fc66311932", "wf-namespace-id": "d0b550e3-6091-4a9b-a9aa-3d80ffb24954", "logging-call-at": "/Users/shivamsaraf/Desktop/work/temporal/common/log/with_logger.go:61"}
2025-03-19T11:38:47.438-0400	debug	Frontend method invoked.	{"host": "127.0.0.1:63278", "wf-namespace": "namespace-ec265ab4-426c-4316-a4b3-47fc66311932", "operation": "RespondWorkflowTaskCompleted", "server-name": "", "cert-thumbprint": "", "logging-call-at": "/Users/shivamsaraf/Desktop/work/temporal/common/log/with_logger.go:61"}
2025-03-19T11:38:47.438-0400	debug	RespondWorkflowTaskCompleted	{"host": "127.0.0.1:63280", "service": "history", "wf-namespace-id": "d0b550e3-6091-4a9b-a9aa-3d80ffb24954", "wf-id": "temporal-sys-worker-deployment-version:rrentVersion_Batching-564e9892_deployment_series.rrentVersion_Batching-564e9892_build_id", "wf-run-id": "0195af0e-98a0-7d94-93e5-2a1d2e5942f8", "wf-scheduled-event-id": 296, "logging-call-at": "/Users/shivamsaraf/Desktop/work/temporal/common/log/with_logger.go:61"}
2025-03-19T11:38:47.438-0400	debug	Workflow task updated	{"host": "127.0.0.1:63280", "shard-id": 4, "address": "127.0.0.1:63280", "wf-scheduled-event-id": 0, "wf-started-event-id": 0, "workflow-task-request-id": "emptyUuid", "workflow-task-timeout": 0, "attempt": 1, "wf-started-timestamp": "1970-01-01T00:00:00.000Z", "wt-type": "Unspecified", "logging-call-at": "/Users/shivamsaraf/Desktop/work/temporal/common/log/with_logger.go:61"}
2025-03-19T11:38:47.438-0400	debug	update state change	{"host": "127.0.0.1:63280", "shard-id": 4, "address": "127.0.0.1:63280", "wf-namespace-id": "d0b550e3-6091-4a9b-a9aa-3d80ffb24954", "wf-id": "temporal-sys-worker-deployment-version:rrentVersion_Batching-564e9892_deployment_series.rrentVersion_Batching-564e9892_build_id", "wf-run-id": "0195af0e-98a0-7d94-93e5-2a1d2e5942f8", "update-id": "a319ff3f-b3f0-40ce-b85a-7b6ebfb246bf", "from-state": "Accepted", "to-state": "ProvisionallyCompleted", "logging-call-at": "/Users/shivamsaraf/Desktop/work/temporal/common/log/with_logger.go:61"}
2025-03-19T11:38:47.441-0400	debug	update state change	{"host": "127.0.0.1:63280", "shard-id": 4, "address": "127.0.0.1:63280", "wf-namespace-id": "d0b550e3-6091-4a9b-a9aa-3d80ffb24954", "wf-id": "temporal-sys-worker-deployment-version:rrentVersion_Batching-564e9892_deployment_series.rrentVersion_Batching-564e9892_build_id", "wf-run-id": "0195af0e-98a0-7d94-93e5-2a1d2e5942f8", "update-id": "a319ff3f-b3f0-40ce-b85a-7b6ebfb246bf", "from-state": "ProvisionallyCompleted", "to-state": "Completed", "logging-call-at": "/Users/shivamsaraf/Desktop/work/temporal/common/log/with_logger.go:61"}
2025-03-19T11:38:47.441-0400	debug	Frontend method invoked.	{"host": "127.0.0.1:63278", "wf-namespace": "namespace-ec265ab4-426c-4316-a4b3-47fc66311932", "operation": "RespondActivityTaskCompleted", "server-name": "", "cert-thumbprint": "", "logging-call-at": "/Users/shivamsaraf/Desktop/work/temporal/common/log/with_logger.go:61"}
2025-03-19T11:38:47.442-0400	debug	Workflow task updated	{"host": "127.0.0.1:63280", "shard-id": 1, "address": "127.0.0.1:63280", "wf-scheduled-event-id": 172, "wf-started-event-id": 0, "workflow-task-request-id": "emptyUuid", "workflow-task-timeout": 10, "attempt": 1, "wf-started-timestamp": "0001-01-01T00:00:00.000Z", "wt-type": "Normal", "logging-call-at": "/Users/shivamsaraf/Desktop/work/temporal/common/log/with_logger.go:61"}
2025-03-19T11:38:47.442-0400	debug	Assigning new task key	{"host": "127.0.0.1:63280", "shard-id": 1, "address": "127.0.0.1:63280", "wf-namespace-id": "d0b550e3-6091-4a9b-a9aa-3d80ffb24954", "wf-id": "temporal-sys-worker-deployment:rrentVersion_Batching-564e9892_deployment_series", "wf-run-id": "0195af0e-960d-715f-b6c6-08dcdf4b78ec", "queue-task-type": "WorkflowTaskTimeout", "queue-task-id": 1048952, "timestamp": "2025-03-19T15:38:52.443Z", "cursor-timestamp": "2025-03-19T15:38:48.272Z", "logging-call-at": "/Users/shivamsaraf/Desktop/work/temporal/common/log/with_logger.go:61"}
2025-03-19T11:38:47.442-0400	debug	Assigning new task key	{"host": "127.0.0.1:63280", "shard-id": 1, "address": "127.0.0.1:63280", "wf-namespace-id": "d0b550e3-6091-4a9b-a9aa-3d80ffb24954", "wf-id": "temporal-sys-worker-deployment:rrentVersion_Batching-564e9892_deployment_series", "wf-run-id": "0195af0e-960d-715f-b6c6-08dcdf4b78ec", "queue-task-type": "TransferWorkflowTask", "queue-task-id": 1048953, "timestamp": "2025-03-19T15:38:47.442Z", "cursor-timestamp": "2025-03-19T15:38:48.272Z", "logging-call-at": "/Users/shivamsaraf/Desktop/work/temporal/common/log/with_logger.go:61"}
2025-03-19T11:38:47.446-0400	debug	Process task as active.	{"host": "127.0.0.1:63280", "shard-id": 1, "address": "127.0.0.1:63280", "component": "transfer-queue-processor", "wf-namespace-id": "d0b550e3-6091-4a9b-a9aa-3d80ffb24954", "value": "d0b550e3-6091-4a9b-a9aa-3d80ffb24954/temporal-sys-worker-deployment:rrentVersion_Batching-564e9892_deployment_series/0195af0e-960d-715f-b6c6-08dcdf4b78ec", "logging-call-at": "/Users/shivamsaraf/Desktop/work/temporal/common/log/with_logger.go:61"}
2025-03-19T11:38:47.447-0400	debug	Workflow task updated	{"host": "127.0.0.1:63280", "shard-id": 1, "address": "127.0.0.1:63280", "wf-scheduled-event-id": 172, "wf-started-event-id": 173, "workflow-task-request-id": "7efd7545-4aa8-49d1-87dc-57c70b45a9cf", "workflow-task-timeout": 10, "attempt": 1, "wf-started-timestamp": "2025-03-19T15:38:47.447Z", "wt-type": "Normal", "logging-call-at": "/Users/shivamsaraf/Desktop/work/temporal/common/log/with_logger.go:61"}
2025-03-19T11:38:47.447-0400	debug	Assigning new task key	{"host": "127.0.0.1:63280", "shard-id": 1, "address": "127.0.0.1:63280", "wf-namespace-id": "d0b550e3-6091-4a9b-a9aa-3d80ffb24954", "wf-id": "temporal-sys-worker-deployment:rrentVersion_Batching-564e9892_deployment_series", "wf-run-id": "0195af0e-960d-715f-b6c6-08dcdf4b78ec", "queue-task-type": "WorkflowTaskTimeout", "queue-task-id": 1048956, "timestamp": "2025-03-19T15:38:57.448Z", "cursor-timestamp": "2025-03-19T15:38:48.445Z", "logging-call-at": "/Users/shivamsaraf/Desktop/work/temporal/common/log/with_logger.go:61"}
2025-03-19T11:38:47.453-0400	debug	ExecuteActivity	{"host": "127.0.0.1:63281", "Namespace": "namespace-ec265ab4-426c-4316-a4b3-47fc66311932", "TaskQueue": "temporal-sys-per-ns-tq", "WorkerID": "temporal-system@Shivams-MacBook-Pro.local@namespace-ec265ab4-426c-4316-a4b3-47fc66311932", "WorkflowType": "temporal-sys-worker-deployment-workflow", "WorkflowID": "temporal-sys-worker-deployment:rrentVersion_Batching-564e9892_deployment_series", "RunID": "0195af0e-960d-715f-b6c6-08dcdf4b78ec", "Attempt": 0, "ActivityID": "176", "ActivityType": "RegisterWorkerInVersion", "logging-call-at": "/Users/shivamsaraf/Desktop/work/temporal/common/log/with_logger.go:61"}
2025-03-19T11:38:47.453-0400	debug	Frontend method invoked.	{"host": "127.0.0.1:63278", "wf-namespace": "namespace-ec265ab4-426c-4316-a4b3-47fc66311932", "operation": "PollWorkflowTaskQueue", "server-name": "", "cert-thumbprint": "", "logging-call-at": "/Users/shivamsaraf/Desktop/work/temporal/common/log/with_logger.go:61"}
2025-03-19T11:38:47.453-0400	debug	Received PollWorkflowTaskQueue	{"host": "127.0.0.1:63278", "service": "frontend", "logging-call-at": "/Users/shivamsaraf/Desktop/work/temporal/common/log/with_logger.go:61"}
2025-03-19T11:38:47.453-0400	debug	Poll workflow task queue.	{"host": "127.0.0.1:63278", "service": "frontend", "wf-namespace": "namespace-ec265ab4-426c-4316-a4b3-47fc66311932", "wf-namespace-id": "d0b550e3-6091-4a9b-a9aa-3d80ffb24954", "logging-call-at": "/Users/shivamsaraf/Desktop/work/temporal/common/log/with_logger.go:61"}
2025-03-19T11:38:47.454-0400	debug	Frontend method invoked.	{"host": "127.0.0.1:63278", "wf-namespace": "namespace-ec265ab4-426c-4316-a4b3-47fc66311932", "operation": "RespondWorkflowTaskCompleted", "server-name": "", "cert-thumbprint": "", "logging-call-at": "/Users/shivamsaraf/Desktop/work/temporal/common/log/with_logger.go:61"}
2025-03-19T11:38:47.454-0400	debug	RespondWorkflowTaskCompleted	{"host": "127.0.0.1:63280", "service": "history", "wf-namespace-id": "d0b550e3-6091-4a9b-a9aa-3d80ffb24954", "wf-id": "temporal-sys-worker-deployment:rrentVersion_Batching-564e9892_deployment_series", "wf-run-id": "0195af0e-960d-715f-b6c6-08dcdf4b78ec", "wf-scheduled-event-id": 172, "logging-call-at": "/Users/shivamsaraf/Desktop/work/temporal/common/log/with_logger.go:61"}
2025-03-19T11:38:47.454-0400	debug	Workflow task updated	{"host": "127.0.0.1:63280", "shard-id": 1, "address": "127.0.0.1:63280", "wf-scheduled-event-id": 0, "wf-started-event-id": 0, "workflow-task-request-id": "emptyUuid", "workflow-task-timeout": 0, "attempt": 1, "wf-started-timestamp": "1970-01-01T00:00:00.000Z", "wt-type": "Unspecified", "logging-call-at": "/Users/shivamsaraf/Desktop/work/temporal/common/log/with_logger.go:61"}
2025-03-19T11:38:47.454-0400	debug	update state change	{"host": "127.0.0.1:63280", "shard-id": 1, "address": "127.0.0.1:63280", "wf-namespace-id": "d0b550e3-6091-4a9b-a9aa-3d80ffb24954", "wf-id": "temporal-sys-worker-deployment:rrentVersion_Batching-564e9892_deployment_series", "wf-run-id": "0195af0e-960d-715f-b6c6-08dcdf4b78ec", "update-id": "c151f798-f9c4-4ae1-b818-82ad1000bc51", "from-state": "Accepted", "to-state": "ProvisionallyCompleted", "logging-call-at": "/Users/shivamsaraf/Desktop/work/temporal/common/log/with_logger.go:61"}
2025-03-19T11:38:47.455-0400	debug	Assigning new task key	{"host": "127.0.0.1:63280", "shard-id": 1, "address": "127.0.0.1:63280", "wf-namespace-id": "d0b550e3-6091-4a9b-a9aa-3d80ffb24954", "wf-id": "temporal-sys-worker-deployment:rrentVersion_Batching-564e9892_deployment_series", "wf-run-id": "0195af0e-960d-715f-b6c6-08dcdf4b78ec", "queue-task-type": "TransferActivityTask", "queue-task-id": 1048962, "timestamp": "2025-03-19T15:38:47.455Z", "cursor-timestamp": "2025-03-19T15:38:48.445Z", "logging-call-at": "/Users/shivamsaraf/Desktop/work/temporal/common/log/with_logger.go:61"}
2025-03-19T11:38:47.458-0400	debug	update state change	{"host": "127.0.0.1:63280", "shard-id": 1, "address": "127.0.0.1:63280", "wf-namespace-id": "d0b550e3-6091-4a9b-a9aa-3d80ffb24954", "wf-id": "temporal-sys-worker-deployment:rrentVersion_Batching-564e9892_deployment_series", "wf-run-id": "0195af0e-960d-715f-b6c6-08dcdf4b78ec", "update-id": "c151f798-f9c4-4ae1-b818-82ad1000bc51", "from-state": "ProvisionallyCompleted", "to-state": "Completed", "logging-call-at": "/Users/shivamsaraf/Desktop/work/temporal/common/log/with_logger.go:61"}
2025-03-19T11:38:47.458-0400	debug	deployment client success	{"host": "127.0.0.1:63279", "operation": "RegisterTaskQueueWorker", "elapsed": 3.918745333, "args": ["rrentVersion_Batching-564e9892_task_queue_42",1,"matching service"], "logging-call-at": "/Users/shivamsaraf/Desktop/work/temporal/common/log/with_logger.go:61"}
2025-03-19T11:38:47.458-0400	debug	Process task as active.	{"host": "127.0.0.1:63280", "shard-id": 1, "address": "127.0.0.1:63280", "component": "transfer-queue-processor", "wf-namespace-id": "d0b550e3-6091-4a9b-a9aa-3d80ffb24954", "value": "d0b550e3-6091-4a9b-a9aa-3d80ffb24954/temporal-sys-worker-deployment:rrentVersion_Batching-564e9892_deployment_series/0195af0e-960d-715f-b6c6-08dcdf4b78ec", "logging-call-at": "/Users/shivamsaraf/Desktop/work/temporal/common/log/with_logger.go:61"}
2025-03-19T11:38:47.459-0400	debug	Assigning new task key	{"host": "127.0.0.1:63280", "shard-id": 1, "address": "127.0.0.1:63280", "wf-namespace-id": "d0b550e3-6091-4a9b-a9aa-3d80ffb24954", "wf-id": "temporal-sys-worker-deployment:rrentVersion_Batching-564e9892_deployment_series", "wf-run-id": "0195af0e-960d-715f-b6c6-08dcdf4b78ec", "queue-task-type": "ActivityTimeout", "queue-task-id": 1048964, "timestamp": "2025-03-19T15:39:47.460Z", "cursor-timestamp": "2025-03-19T15:38:48.458Z", "logging-call-at": "/Users/shivamsaraf/Desktop/work/temporal/common/log/with_logger.go:61"}
2025-03-19T11:38:47.463-0400	debug	Frontend method invoked.	{"host": "127.0.0.1:63278", "wf-namespace": "namespace-ec265ab4-426c-4316-a4b3-47fc66311932", "operation": "PollActivityTaskQueue", "server-name": "", "cert-thumbprint": "", "logging-call-at": "/Users/shivamsaraf/Desktop/work/temporal/common/log/with_logger.go:61"}
2025-03-19T11:38:47.463-0400	debug	Received PollActivityTaskQueue	{"host": "127.0.0.1:63278", "service": "frontend", "logging-call-at": "/Users/shivamsaraf/Desktop/work/temporal/common/log/with_logger.go:61"}
2025-03-19T11:38:47.464-0400	debug	update state change	{"host": "127.0.0.1:63280", "shard-id": 4, "address": "127.0.0.1:63280", "wf-namespace-id": "d0b550e3-6091-4a9b-a9aa-3d80ffb24954", "wf-id": "temporal-sys-worker-deployment-version:rrentVersion_Batching-564e9892_deployment_series.rrentVersion_Batching-564e9892_build_id", "wf-run-id": "0195af0e-98a0-7d94-93e5-2a1d2e5942f8", "update-id": "52c09171-38a0-4ee2-bad0-865c88af24e0", "from-state": "Created", "to-state": "ProvisionallyAdmitted", "logging-call-at": "/Users/shivamsaraf/Desktop/work/temporal/common/log/with_logger.go:61"}
2025-03-19T11:38:47.464-0400	debug	update state change	{"host": "127.0.0.1:63280", "shard-id": 4, "address": "127.0.0.1:63280", "wf-namespace-id": "d0b550e3-6091-4a9b-a9aa-3d80ffb24954", "wf-id": "temporal-sys-worker-deployment-version:rrentVersion_Batching-564e9892_deployment_series.rrentVersion_Batching-564e9892_build_id", "wf-run-id": "0195af0e-98a0-7d94-93e5-2a1d2e5942f8", "update-id": "52c09171-38a0-4ee2-bad0-865c88af24e0", "from-state": "ProvisionallyAdmitted", "to-state": "Admitted", "logging-call-at": "/Users/shivamsaraf/Desktop/work/temporal/common/log/with_logger.go:61"}
2025-03-19T11:38:47.464-0400	debug	Workflow task updated	{"host": "127.0.0.1:63280", "shard-id": 4, "address": "127.0.0.1:63280", "wf-scheduled-event-id": 300, "wf-started-event-id": 0, "workflow-task-request-id": "emptyUuid", "workflow-task-timeout": 10, "attempt": 1, "wf-started-timestamp": "0001-01-01T00:00:00.000Z", "wt-type": "Speculative", "logging-call-at": "/Users/shivamsaraf/Desktop/work/temporal/common/log/with_logger.go:61"}
2025-03-19T11:38:47.465-0400	debug	Workflow task updated	{"host": "127.0.0.1:63280", "shard-id": 4, "address": "127.0.0.1:63280", "wf-scheduled-event-id": 300, "wf-started-event-id": 301, "workflow-task-request-id": "55c8db35-1d93-4880-91c7-150ed7c332fd", "workflow-task-timeout": 10, "attempt": 1, "wf-started-timestamp": "2025-03-19T15:38:47.465Z", "wt-type": "Speculative", "logging-call-at": "/Users/shivamsaraf/Desktop/work/temporal/common/log/with_logger.go:61"}
2025-03-19T11:38:47.465-0400	debug	update state change	{"host": "127.0.0.1:63280", "shard-id": 4, "address": "127.0.0.1:63280", "wf-namespace-id": "d0b550e3-6091-4a9b-a9aa-3d80ffb24954", "wf-id": "temporal-sys-worker-deployment-version:rrentVersion_Batching-564e9892_deployment_series.rrentVersion_Batching-564e9892_build_id", "wf-run-id": "0195af0e-98a0-7d94-93e5-2a1d2e5942f8", "update-id": "52c09171-38a0-4ee2-bad0-865c88af24e0", "from-state": "Admitted", "to-state": "Sent", "logging-call-at": "/Users/shivamsaraf/Desktop/work/temporal/common/log/with_logger.go:61"}
2025-03-19T11:38:47.468-0400	debug	Frontend method invoked.	{"host": "127.0.0.1:63278", "wf-namespace": "namespace-ec265ab4-426c-4316-a4b3-47fc66311932", "operation": "PollWorkflowTaskQueue", "server-name": "", "cert-thumbprint": "", "logging-call-at": "/Users/shivamsaraf/Desktop/work/temporal/common/log/with_logger.go:61"}
2025-03-19T11:38:47.468-0400	debug	ExecuteActivity	{"host": "127.0.0.1:63281", "Namespace": "namespace-ec265ab4-426c-4316-a4b3-47fc66311932", "TaskQueue": "temporal-sys-per-ns-tq", "WorkerID": "temporal-system@Shivams-MacBook-Pro.local@namespace-ec265ab4-426c-4316-a4b3-47fc66311932", "WorkflowType": "temporal-sys-worker-deployment-version-workflow", "WorkflowID": "temporal-sys-worker-deployment-version:rrentVersion_Batching-564e9892_deployment_series.rrentVersion_Batching-564e9892_build_id", "RunID": "0195af0e-98a0-7d94-93e5-2a1d2e5942f8", "Attempt": 0, "ActivityID": "304", "ActivityType": "SyncDeploymentVersionUserData", "logging-call-at": "/Users/shivamsaraf/Desktop/work/temporal/common/log/with_logger.go:61"}
2025-03-19T11:38:47.468-0400	debug	Received PollWorkflowTaskQueue	{"host": "127.0.0.1:63278", "service": "frontend", "logging-call-at": "/Users/shivamsaraf/Desktop/work/temporal/common/log/with_logger.go:61"}
2025-03-19T11:38:47.468-0400	debug	Poll workflow task queue.	{"host": "127.0.0.1:63278", "service": "frontend", "wf-namespace": "namespace-ec265ab4-426c-4316-a4b3-47fc66311932", "wf-namespace-id": "d0b550e3-6091-4a9b-a9aa-3d80ffb24954", "logging-call-at": "/Users/shivamsaraf/Desktop/work/temporal/common/log/with_logger.go:61"}
2025-03-19T11:38:47.469-0400	debug	Frontend method invoked.	{"host": "127.0.0.1:63278", "wf-namespace": "namespace-ec265ab4-426c-4316-a4b3-47fc66311932", "operation": "RespondWorkflowTaskCompleted", "server-name": "", "cert-thumbprint": "", "logging-call-at": "/Users/shivamsaraf/Desktop/work/temporal/common/log/with_logger.go:61"}
2025-03-19T11:38:47.469-0400	debug	RespondWorkflowTaskCompleted	{"host": "127.0.0.1:63280", "service": "history", "wf-namespace-id": "d0b550e3-6091-4a9b-a9aa-3d80ffb24954", "wf-id": "temporal-sys-worker-deployment-version:rrentVersion_Batching-564e9892_deployment_series.rrentVersion_Batching-564e9892_build_id", "wf-run-id": "0195af0e-98a0-7d94-93e5-2a1d2e5942f8", "wf-scheduled-event-id": 300, "logging-call-at": "/Users/shivamsaraf/Desktop/work/temporal/common/log/with_logger.go:61"}
2025-03-19T11:38:47.469-0400	debug	Workflow task updated	{"host": "127.0.0.1:63280", "shard-id": 4, "address": "127.0.0.1:63280", "wf-scheduled-event-id": 0, "wf-started-event-id": 0, "workflow-task-request-id": "emptyUuid", "workflow-task-timeout": 0, "attempt": 1, "wf-started-timestamp": "1970-01-01T00:00:00.000Z", "wt-type": "Unspecified", "logging-call-at": "/Users/shivamsaraf/Desktop/work/temporal/common/log/with_logger.go:61"}
2025-03-19T11:38:47.470-0400	debug	update state change	{"host": "127.0.0.1:63280", "shard-id": 4, "address": "127.0.0.1:63280", "wf-namespace-id": "d0b550e3-6091-4a9b-a9aa-3d80ffb24954", "wf-id": "temporal-sys-worker-deployment-version:rrentVersion_Batching-564e9892_deployment_series.rrentVersion_Batching-564e9892_build_id", "wf-run-id": "0195af0e-98a0-7d94-93e5-2a1d2e5942f8", "update-id": "52c09171-38a0-4ee2-bad0-865c88af24e0", "from-state": "Sent", "to-state": "ProvisionallyAccepted", "logging-call-at": "/Users/shivamsaraf/Desktop/work/temporal/common/log/with_logger.go:61"}
2025-03-19T11:38:47.470-0400	debug	Assigning new task key	{"host": "127.0.0.1:63280", "shard-id": 4, "address": "127.0.0.1:63280", "wf-namespace-id": "d0b550e3-6091-4a9b-a9aa-3d80ffb24954", "wf-id": "temporal-sys-worker-deployment-version:rrentVersion_Batching-564e9892_deployment_series.rrentVersion_Batching-564e9892_build_id", "wf-run-id": "0195af0e-98a0-7d94-93e5-2a1d2e5942f8", "queue-task-type": "TransferActivityTask", "queue-task-id": 1049357, "timestamp": "2025-03-19T15:38:47.470Z", "cursor-timestamp": "2025-03-19T15:38:48.429Z", "logging-call-at": "/Users/shivamsaraf/Desktop/work/temporal/common/log/with_logger.go:61"}
2025-03-19T11:38:47.473-0400	debug	update state change	{"host": "127.0.0.1:63280", "shard-id": 4, "address": "127.0.0.1:63280", "wf-namespace-id": "d0b550e3-6091-4a9b-a9aa-3d80ffb24954", "wf-id": "temporal-sys-worker-deployment-version:rrentVersion_Batching-564e9892_deployment_series.rrentVersion_Batching-564e9892_build_id", "wf-run-id": "0195af0e-98a0-7d94-93e5-2a1d2e5942f8", "update-id": "52c09171-38a0-4ee2-bad0-865c88af24e0", "from-state": "ProvisionallyAccepted", "to-state": "Accepted", "logging-call-at": "/Users/shivamsaraf/Desktop/work/temporal/common/log/with_logger.go:61"}
2025-03-19T11:38:47.474-0400	debug	Process task as active.	{"host": "127.0.0.1:63280", "shard-id": 4, "address": "127.0.0.1:63280", "component": "transfer-queue-processor", "wf-namespace-id": "d0b550e3-6091-4a9b-a9aa-3d80ffb24954", "value": "d0b550e3-6091-4a9b-a9aa-3d80ffb24954/temporal-sys-worker-deployment-version:rrentVersion_Batching-564e9892_deployment_series.rrentVersion_Batching-564e9892_build_id/0195af0e-98a0-7d94-93e5-2a1d2e5942f8", "logging-call-at": "/Users/shivamsaraf/Desktop/work/temporal/common/log/with_logger.go:61"}
2025-03-19T11:38:47.474-0400	debug	Assigning new task key	{"host": "127.0.0.1:63280", "shard-id": 4, "address": "127.0.0.1:63280", "wf-namespace-id": "d0b550e3-6091-4a9b-a9aa-3d80ffb24954", "wf-id": "temporal-sys-worker-deployment-version:rrentVersion_Batching-564e9892_deployment_series.rrentVersion_Batching-564e9892_build_id", "wf-run-id": "0195af0e-98a0-7d94-93e5-2a1d2e5942f8", "queue-task-type": "ActivityTimeout", "queue-task-id": 1049358, "timestamp": "2025-03-19T15:39:47.475Z", "cursor-timestamp": "2025-03-19T15:38:48.473Z", "logging-call-at": "/Users/shivamsaraf/Desktop/work/temporal/common/log/with_logger.go:61"}
2025-03-19T11:38:47.478-0400	info	syncing task queue userdata for deployment version	{"host": "127.0.0.1:63281", "Namespace": "namespace-ec265ab4-426c-4316-a4b3-47fc66311932", "TaskQueue": "temporal-sys-per-ns-tq", "WorkerID": "temporal-system@Shivams-MacBook-Pro.local@namespace-ec265ab4-426c-4316-a4b3-47fc66311932", "ActivityID": "304", "ActivityType": "SyncDeploymentVersionUserData", "Attempt": 1, "WorkflowType": "temporal-sys-worker-deployment-version-workflow", "WorkflowID": "temporal-sys-worker-deployment-version:rrentVersion_Batching-564e9892_deployment_series.rrentVersion_Batching-564e9892_build_id", "RunID": "0195af0e-98a0-7d94-93e5-2a1d2e5942f8", "taskQueue": "rrentVersion_Batching-564e9892_task_queue_31", "types": [1], "logging-call-at": "/Users/shivamsaraf/Desktop/work/temporal/common/log/with_logger.go:66"}
2025-03-19T11:38:47.478-0400	debug	Frontend method invoked.	{"host": "127.0.0.1:63278", "wf-namespace": "namespace-ec265ab4-426c-4316-a4b3-47fc66311932", "operation": "PollActivityTaskQueue", "server-name": "", "cert-thumbprint": "", "logging-call-at": "/Users/shivamsaraf/Desktop/work/temporal/common/log/with_logger.go:61"}
2025-03-19T11:38:47.478-0400	debug	Received PollActivityTaskQueue	{"host": "127.0.0.1:63278", "service": "frontend", "logging-call-at": "/Users/shivamsaraf/Desktop/work/temporal/common/log/with_logger.go:61"}
2025-03-19T11:38:47.580-0400	info	modified user data	{"host": "127.0.0.1:63279", "component": "matching-engine", "wf-task-queue-name": "rrentVersion_Batching-564e9892_task_queue_31", "wf-task-queue-type": "Workflow", "wf-namespace": "namespace-ec265ab4-426c-4316-a4b3-47fc66311932", "user-data-update-source": "SyncDeploymentUserData", "user-data-version": 1, "timestamp": "2025-03-19T15:38:47.478Z", "logging-call-at": "/Users/shivamsaraf/Desktop/work/temporal/common/log/with_logger.go:66"}
2025-03-19T11:38:47.580-0400	debug	user data changed while blocked in long poll	{"host": "127.0.0.1:63279", "component": "matching-engine", "wf-task-queue-name": "rrentVersion_Batching-564e9892_task_queue_31", "wf-task-queue-type": "Workflow", "wf-namespace": "namespace-ec265ab4-426c-4316-a4b3-47fc66311932", "logging-call-at": "/Users/shivamsaraf/Desktop/work/temporal/common/log/with_logger.go:61"}
2025-03-19T11:38:47.580-0400	debug	user data changed while blocked in long poll	{"host": "127.0.0.1:63279", "component": "matching-engine", "wf-task-queue-name": "rrentVersion_Batching-564e9892_task_queue_31", "wf-task-queue-type": "Workflow", "wf-namespace": "namespace-ec265ab4-426c-4316-a4b3-47fc66311932", "logging-call-at": "/Users/shivamsaraf/Desktop/work/temporal/common/log/with_logger.go:61"}
2025-03-19T11:38:47.580-0400	debug	user data changed while blocked in long poll	{"host": "127.0.0.1:63279", "component": "matching-engine", "wf-task-queue-name": "rrentVersion_Batching-564e9892_task_queue_31", "wf-task-queue-type": "Workflow", "wf-namespace": "namespace-ec265ab4-426c-4316-a4b3-47fc66311932", "logging-call-at": "/Users/shivamsaraf/Desktop/work/temporal/common/log/with_logger.go:61"}
2025-03-19T11:38:47.580-0400	info	returning user data	{"host": "127.0.0.1:63279", "component": "matching-engine", "wf-task-queue-name": "rrentVersion_Batching-564e9892_task_queue_31", "wf-task-queue-type": "Workflow", "wf-namespace": "namespace-ec265ab4-426c-4316-a4b3-47fc66311932", "long-poll": true, "request-known-version": 0, "user-data-version": 1, "logging-call-at": "/Users/shivamsaraf/Desktop/work/temporal/common/log/with_logger.go:66"}
2025-03-19T11:38:47.581-0400	info	returning user data	{"host": "127.0.0.1:63279", "component": "matching-engine", "wf-task-queue-name": "rrentVersion_Batching-564e9892_task_queue_31", "wf-task-queue-type": "Workflow", "wf-namespace": "namespace-ec265ab4-426c-4316-a4b3-47fc66311932", "long-poll": true, "request-known-version": 0, "user-data-version": 1, "logging-call-at": "/Users/shivamsaraf/Desktop/work/temporal/common/log/with_logger.go:66"}
2025-03-19T11:38:47.581-0400	info	returning user data	{"host": "127.0.0.1:63279", "component": "matching-engine", "wf-task-queue-name": "rrentVersion_Batching-564e9892_task_queue_31", "wf-task-queue-type": "Workflow", "wf-namespace": "namespace-ec265ab4-426c-4316-a4b3-47fc66311932", "long-poll": true, "request-known-version": 0, "user-data-version": 1, "logging-call-at": "/Users/shivamsaraf/Desktop/work/temporal/common/log/with_logger.go:66"}
2025-03-19T11:38:47.581-0400	info	fetched user data from parent	{"host": "127.0.0.1:63279", "component": "matching-engine", "wf-task-queue-name": "/_sys/rrentVersion_Batching-564e9892_task_queue_31/2", "wf-task-queue-type": "Workflow", "wf-namespace": "namespace-ec265ab4-426c-4316-a4b3-47fc66311932", "user-data-version": 1, "timestamp": "2025-03-19T15:38:47.478Z", "logging-call-at": "/Users/shivamsaraf/Desktop/work/temporal/common/log/with_logger.go:66"}
2025-03-19T11:38:47.581-0400	info	fetched user data from parent	{"host": "127.0.0.1:63279", "component": "matching-engine", "wf-task-queue-name": "/_sys/rrentVersion_Batching-564e9892_task_queue_31/1", "wf-task-queue-type": "Workflow", "wf-namespace": "namespace-ec265ab4-426c-4316-a4b3-47fc66311932", "user-data-version": 1, "timestamp": "2025-03-19T15:38:47.478Z", "logging-call-at": "/Users/shivamsaraf/Desktop/work/temporal/common/log/with_logger.go:66"}
2025-03-19T11:38:47.581-0400	info	fetched user data from parent	{"host": "127.0.0.1:63279", "component": "matching-engine", "wf-task-queue-name": "/_sys/rrentVersion_Batching-564e9892_task_queue_31/3", "wf-task-queue-type": "Workflow", "wf-namespace": "namespace-ec265ab4-426c-4316-a4b3-47fc66311932", "user-data-version": 1, "timestamp": "2025-03-19T15:38:47.478Z", "logging-call-at": "/Users/shivamsaraf/Desktop/work/temporal/common/log/with_logger.go:66"}
2025-03-19T11:38:47.581-0400	debug	Frontend method invoked.	{"host": "127.0.0.1:63278", "wf-namespace": "namespace-ec265ab4-426c-4316-a4b3-47fc66311932", "operation": "RespondActivityTaskCompleted", "server-name": "", "cert-thumbprint": "", "logging-call-at": "/Users/shivamsaraf/Desktop/work/temporal/common/log/with_logger.go:61"}
2025-03-19T11:38:47.582-0400	debug	Workflow task updated	{"host": "127.0.0.1:63280", "shard-id": 4, "address": "127.0.0.1:63280", "wf-scheduled-event-id": 307, "wf-started-event-id": 0, "workflow-task-request-id": "emptyUuid", "workflow-task-timeout": 10, "attempt": 1, "wf-started-timestamp": "0001-01-01T00:00:00.000Z", "wt-type": "Normal", "logging-call-at": "/Users/shivamsaraf/Desktop/work/temporal/common/log/with_logger.go:61"}
2025-03-19T11:38:47.582-0400	debug	Assigning new task key	{"host": "127.0.0.1:63280", "shard-id": 4, "address": "127.0.0.1:63280", "wf-namespace-id": "d0b550e3-6091-4a9b-a9aa-3d80ffb24954", "wf-id": "temporal-sys-worker-deployment-version:rrentVersion_Batching-564e9892_deployment_series.rrentVersion_Batching-564e9892_build_id", "wf-run-id": "0195af0e-98a0-7d94-93e5-2a1d2e5942f8", "queue-task-type": "WorkflowTaskTimeout", "queue-task-id": 1049364, "timestamp": "2025-03-19T15:38:52.583Z", "cursor-timestamp": "2025-03-19T15:38:48.473Z", "logging-call-at": "/Users/shivamsaraf/Desktop/work/temporal/common/log/with_logger.go:61"}
2025-03-19T11:38:47.582-0400	debug	Assigning new task key	{"host": "127.0.0.1:63280", "shard-id": 4, "address": "127.0.0.1:63280", "wf-namespace-id": "d0b550e3-6091-4a9b-a9aa-3d80ffb24954", "wf-id": "temporal-sys-worker-deployment-version:rrentVersion_Batching-564e9892_deployment_series.rrentVersion_Batching-564e9892_build_id", "wf-run-id": "0195af0e-98a0-7d94-93e5-2a1d2e5942f8", "queue-task-type": "TransferWorkflowTask", "queue-task-id": 1049365, "timestamp": "2025-03-19T15:38:47.582Z", "cursor-timestamp": "2025-03-19T15:38:48.473Z", "logging-call-at": "/Users/shivamsaraf/Desktop/work/temporal/common/log/with_logger.go:61"}
2025-03-19T11:38:47.588-0400	debug	Process task as active.	{"host": "127.0.0.1:63280", "shard-id": 4, "address": "127.0.0.1:63280", "component": "transfer-queue-processor", "wf-namespace-id": "d0b550e3-6091-4a9b-a9aa-3d80ffb24954", "value": "d0b550e3-6091-4a9b-a9aa-3d80ffb24954/temporal-sys-worker-deployment-version:rrentVersion_Batching-564e9892_deployment_series.rrentVersion_Batching-564e9892_build_id/0195af0e-98a0-7d94-93e5-2a1d2e5942f8", "logging-call-at": "/Users/shivamsaraf/Desktop/work/temporal/common/log/with_logger.go:61"}
2025-03-19T11:38:47.589-0400	debug	Workflow task updated	{"host": "127.0.0.1:63280", "shard-id": 4, "address": "127.0.0.1:63280", "wf-scheduled-event-id": 307, "wf-started-event-id": 308, "workflow-task-request-id": "aa2a1204-e04f-4277-9099-64caa2458f41", "workflow-task-timeout": 10, "attempt": 1, "wf-started-timestamp": "2025-03-19T15:38:47.589Z", "wt-type": "Normal", "logging-call-at": "/Users/shivamsaraf/Desktop/work/temporal/common/log/with_logger.go:61"}
2025-03-19T11:38:47.589-0400	debug	Assigning new task key	{"host": "127.0.0.1:63280", "shard-id": 4, "address": "127.0.0.1:63280", "wf-namespace-id": "d0b550e3-6091-4a9b-a9aa-3d80ffb24954", "wf-id": "temporal-sys-worker-deployment-version:rrentVersion_Batching-564e9892_deployment_series.rrentVersion_Batching-564e9892_build_id", "wf-run-id": "0195af0e-98a0-7d94-93e5-2a1d2e5942f8", "queue-task-type": "WorkflowTaskTimeout", "queue-task-id": 1049368, "timestamp": "2025-03-19T15:38:57.590Z", "cursor-timestamp": "2025-03-19T15:38:48.587Z", "logging-call-at": "/Users/shivamsaraf/Desktop/work/temporal/common/log/with_logger.go:61"}
2025-03-19T11:38:47.598-0400	debug	ExecuteActivity	{"host": "127.0.0.1:63281", "Namespace": "namespace-ec265ab4-426c-4316-a4b3-47fc66311932", "TaskQueue": "temporal-sys-per-ns-tq", "WorkerID": "temporal-system@Shivams-MacBook-Pro.local@namespace-ec265ab4-426c-4316-a4b3-47fc66311932", "WorkflowType": "temporal-sys-worker-deployment-version-workflow", "WorkflowID": "temporal-sys-worker-deployment-version:rrentVersion_Batching-564e9892_deployment_series.rrentVersion_Batching-564e9892_build_id", "RunID": "0195af0e-98a0-7d94-93e5-2a1d2e5942f8", "Attempt": 0, "ActivityID": "310", "ActivityType": "CheckWorkerDeploymentUserDataPropagation", "logging-call-at": "/Users/shivamsaraf/Desktop/work/temporal/common/log/with_logger.go:61"}
2025-03-19T11:38:47.598-0400	debug	Frontend method invoked.	{"host": "127.0.0.1:63278", "wf-namespace": "namespace-ec265ab4-426c-4316-a4b3-47fc66311932", "operation": "PollWorkflowTaskQueue", "server-name": "", "cert-thumbprint": "", "logging-call-at": "/Users/shivamsaraf/Desktop/work/temporal/common/log/with_logger.go:61"}
2025-03-19T11:38:47.598-0400	debug	Received PollWorkflowTaskQueue	{"host": "127.0.0.1:63278", "service": "frontend", "logging-call-at": "/Users/shivamsaraf/Desktop/work/temporal/common/log/with_logger.go:61"}
2025-03-19T11:38:47.598-0400	debug	Poll workflow task queue.	{"host": "127.0.0.1:63278", "service": "frontend", "wf-namespace": "namespace-ec265ab4-426c-4316-a4b3-47fc66311932", "wf-namespace-id": "d0b550e3-6091-4a9b-a9aa-3d80ffb24954", "logging-call-at": "/Users/shivamsaraf/Desktop/work/temporal/common/log/with_logger.go:61"}
2025-03-19T11:38:47.599-0400	debug	Frontend method invoked.	{"host": "127.0.0.1:63278", "wf-namespace": "namespace-ec265ab4-426c-4316-a4b3-47fc66311932", "operation": "RespondWorkflowTaskCompleted", "server-name": "", "cert-thumbprint": "", "logging-call-at": "/Users/shivamsaraf/Desktop/work/temporal/common/log/with_logger.go:61"}
2025-03-19T11:38:47.599-0400	debug	RespondWorkflowTaskCompleted	{"host": "127.0.0.1:63280", "service": "history", "wf-namespace-id": "d0b550e3-6091-4a9b-a9aa-3d80ffb24954", "wf-id": "temporal-sys-worker-deployment-version:rrentVersion_Batching-564e9892_deployment_series.rrentVersion_Batching-564e9892_build_id", "wf-run-id": "0195af0e-98a0-7d94-93e5-2a1d2e5942f8", "wf-scheduled-event-id": 307, "logging-call-at": "/Users/shivamsaraf/Desktop/work/temporal/common/log/with_logger.go:61"}
2025-03-19T11:38:47.599-0400	debug	Workflow task updated	{"host": "127.0.0.1:63280", "shard-id": 4, "address": "127.0.0.1:63280", "wf-scheduled-event-id": 0, "wf-started-event-id": 0, "workflow-task-request-id": "emptyUuid", "workflow-task-timeout": 0, "attempt": 1, "wf-started-timestamp": "1970-01-01T00:00:00.000Z", "wt-type": "Unspecified", "logging-call-at": "/Users/shivamsaraf/Desktop/work/temporal/common/log/with_logger.go:61"}
2025-03-19T11:38:47.599-0400	debug	Assigning new task key	{"host": "127.0.0.1:63280", "shard-id": 4, "address": "127.0.0.1:63280", "wf-namespace-id": "d0b550e3-6091-4a9b-a9aa-3d80ffb24954", "wf-id": "temporal-sys-worker-deployment-version:rrentVersion_Batching-564e9892_deployment_series.rrentVersion_Batching-564e9892_build_id", "wf-run-id": "0195af0e-98a0-7d94-93e5-2a1d2e5942f8", "queue-task-type": "TransferActivityTask", "queue-task-id": 1049373, "timestamp": "2025-03-19T15:38:47.599Z", "cursor-timestamp": "2025-03-19T15:38:48.587Z", "logging-call-at": "/Users/shivamsaraf/Desktop/work/temporal/common/log/with_logger.go:61"}
2025-03-19T11:38:47.604-0400	debug	Process task as active.	{"host": "127.0.0.1:63280", "shard-id": 4, "address": "127.0.0.1:63280", "component": "transfer-queue-processor", "wf-namespace-id": "d0b550e3-6091-4a9b-a9aa-3d80ffb24954", "value": "d0b550e3-6091-4a9b-a9aa-3d80ffb24954/temporal-sys-worker-deployment-version:rrentVersion_Batching-564e9892_deployment_series.rrentVersion_Batching-564e9892_build_id/0195af0e-98a0-7d94-93e5-2a1d2e5942f8", "logging-call-at": "/Users/shivamsaraf/Desktop/work/temporal/common/log/with_logger.go:61"}
2025-03-19T11:38:47.605-0400	debug	Assigning new task key	{"host": "127.0.0.1:63280", "shard-id": 4, "address": "127.0.0.1:63280", "wf-namespace-id": "d0b550e3-6091-4a9b-a9aa-3d80ffb24954", "wf-id": "temporal-sys-worker-deployment-version:rrentVersion_Batching-564e9892_deployment_series.rrentVersion_Batching-564e9892_build_id", "wf-run-id": "0195af0e-98a0-7d94-93e5-2a1d2e5942f8", "queue-task-type": "ActivityTimeout", "queue-task-id": 1049374, "timestamp": "2025-03-19T15:39:47.606Z", "cursor-timestamp": "2025-03-19T15:38:48.603Z", "logging-call-at": "/Users/shivamsaraf/Desktop/work/temporal/common/log/with_logger.go:61"}
2025-03-19T11:38:47.609-0400	info	waiting for userdata propagation	{"host": "127.0.0.1:63281", "Namespace": "namespace-ec265ab4-426c-4316-a4b3-47fc66311932", "TaskQueue": "temporal-sys-per-ns-tq", "WorkerID": "temporal-system@Shivams-MacBook-Pro.local@namespace-ec265ab4-426c-4316-a4b3-47fc66311932", "ActivityID": "310", "ActivityType": "CheckWorkerDeploymentUserDataPropagation", "Attempt": 1, "WorkflowType": "temporal-sys-worker-deployment-version-workflow", "WorkflowID": "temporal-sys-worker-deployment-version:rrentVersion_Batching-564e9892_deployment_series.rrentVersion_Batching-564e9892_build_id", "RunID": "0195af0e-98a0-7d94-93e5-2a1d2e5942f8", "taskQueue": "rrentVersion_Batching-564e9892_task_queue_31", "version": 1, "logging-call-at": "/Users/shivamsaraf/Desktop/work/temporal/common/log/with_logger.go:66"}
2025-03-19T11:38:47.609-0400	debug	Frontend method invoked.	{"host": "127.0.0.1:63278", "wf-namespace": "namespace-ec265ab4-426c-4316-a4b3-47fc66311932", "operation": "PollActivityTaskQueue", "server-name": "", "cert-thumbprint": "", "logging-call-at": "/Users/shivamsaraf/Desktop/work/temporal/common/log/with_logger.go:61"}
2025-03-19T11:38:47.609-0400	debug	Received PollActivityTaskQueue	{"host": "127.0.0.1:63278", "service": "frontend", "logging-call-at": "/Users/shivamsaraf/Desktop/work/temporal/common/log/with_logger.go:61"}
2025-03-19T11:38:47.610-0400	info	returning user data	{"host": "127.0.0.1:63279", "component": "matching-engine", "wf-task-queue-name": "/_sys/rrentVersion_Batching-564e9892_task_queue_31/2", "wf-task-queue-type": "Workflow", "wf-namespace": "namespace-ec265ab4-426c-4316-a4b3-47fc66311932", "long-poll": true, "request-known-version": 0, "user-data-version": 1, "logging-call-at": "/Users/shivamsaraf/Desktop/work/temporal/common/log/with_logger.go:66"}
2025-03-19T11:38:47.610-0400	info	returning user data	{"host": "127.0.0.1:63279", "component": "matching-engine", "wf-task-queue-name": "/_sys/rrentVersion_Batching-564e9892_task_queue_31/3", "wf-task-queue-type": "Workflow", "wf-namespace": "namespace-ec265ab4-426c-4316-a4b3-47fc66311932", "long-poll": true, "request-known-version": 0, "user-data-version": 1, "logging-call-at": "/Users/shivamsaraf/Desktop/work/temporal/common/log/with_logger.go:66"}
2025-03-19T11:38:47.610-0400	info	matching client encountered error	{"host": "127.0.0.1:63279", "error": "partition was not loaded", "service-error-type": "serviceerror.FailedPrecondition", "logging-call-at": "/Users/shivamsaraf/Desktop/work/temporal/common/log/with_logger.go:66"}
2025-03-19T11:38:47.610-0400	info	returning user data	{"host": "127.0.0.1:63279", "component": "matching-engine", "wf-task-queue-name": "/_sys/rrentVersion_Batching-564e9892_task_queue_31/1", "wf-task-queue-type": "Workflow", "wf-namespace": "namespace-ec265ab4-426c-4316-a4b3-47fc66311932", "long-poll": true, "request-known-version": 0, "user-data-version": 1, "logging-call-at": "/Users/shivamsaraf/Desktop/work/temporal/common/log/with_logger.go:66"}
2025-03-19T11:38:47.610-0400	info	matching client encountered error	{"host": "127.0.0.1:63279", "error": "partition was not loaded", "service-error-type": "serviceerror.FailedPrecondition", "logging-call-at": "/Users/shivamsaraf/Desktop/work/temporal/common/log/with_logger.go:66"}
2025-03-19T11:38:47.610-0400	info	matching client encountered error	{"host": "127.0.0.1:63279", "error": "partition was not loaded", "service-error-type": "serviceerror.FailedPrecondition", "logging-call-at": "/Users/shivamsaraf/Desktop/work/temporal/common/log/with_logger.go:66"}
2025-03-19T11:38:47.610-0400	info	matching client encountered error	{"host": "127.0.0.1:63279", "error": "partition was not loaded", "service-error-type": "serviceerror.FailedPrecondition", "logging-call-at": "/Users/shivamsaraf/Desktop/work/temporal/common/log/with_logger.go:66"}
2025-03-19T11:38:47.610-0400	debug	Frontend method invoked.	{"host": "127.0.0.1:63278", "wf-namespace": "namespace-ec265ab4-426c-4316-a4b3-47fc66311932", "operation": "RespondActivityTaskCompleted", "server-name": "", "cert-thumbprint": "", "logging-call-at": "/Users/shivamsaraf/Desktop/work/temporal/common/log/with_logger.go:61"}
2025-03-19T11:38:47.611-0400	debug	Workflow task updated	{"host": "127.0.0.1:63280", "shard-id": 4, "address": "127.0.0.1:63280", "wf-scheduled-event-id": 313, "wf-started-event-id": 0, "workflow-task-request-id": "emptyUuid", "workflow-task-timeout": 10, "attempt": 1, "wf-started-timestamp": "0001-01-01T00:00:00.000Z", "wt-type": "Normal", "logging-call-at": "/Users/shivamsaraf/Desktop/work/temporal/common/log/with_logger.go:61"}
2025-03-19T11:38:47.611-0400	debug	Assigning new task key	{"host": "127.0.0.1:63280", "shard-id": 4, "address": "127.0.0.1:63280", "wf-namespace-id": "d0b550e3-6091-4a9b-a9aa-3d80ffb24954", "wf-id": "temporal-sys-worker-deployment-version:rrentVersion_Batching-564e9892_deployment_series.rrentVersion_Batching-564e9892_build_id", "wf-run-id": "0195af0e-98a0-7d94-93e5-2a1d2e5942f8", "queue-task-type": "WorkflowTaskTimeout", "queue-task-id": 1049380, "timestamp": "2025-03-19T15:38:52.612Z", "cursor-timestamp": "2025-03-19T15:38:48.603Z", "logging-call-at": "/Users/shivamsaraf/Desktop/work/temporal/common/log/with_logger.go:61"}
2025-03-19T11:38:47.611-0400	debug	Assigning new task key	{"host": "127.0.0.1:63280", "shard-id": 4, "address": "127.0.0.1:63280", "wf-namespace-id": "d0b550e3-6091-4a9b-a9aa-3d80ffb24954", "wf-id": "temporal-sys-worker-deployment-version:rrentVersion_Batching-564e9892_deployment_series.rrentVersion_Batching-564e9892_build_id", "wf-run-id": "0195af0e-98a0-7d94-93e5-2a1d2e5942f8", "queue-task-type": "TransferWorkflowTask", "queue-task-id": 1049381, "timestamp": "2025-03-19T15:38:47.611Z", "cursor-timestamp": "2025-03-19T15:38:48.603Z", "logging-call-at": "/Users/shivamsaraf/Desktop/work/temporal/common/log/with_logger.go:61"}
2025-03-19T11:38:47.616-0400	debug	Process task as active.	{"host": "127.0.0.1:63280", "shard-id": 4, "address": "127.0.0.1:63280", "component": "transfer-queue-processor", "wf-namespace-id": "d0b550e3-6091-4a9b-a9aa-3d80ffb24954", "value": "d0b550e3-6091-4a9b-a9aa-3d80ffb24954/temporal-sys-worker-deployment-version:rrentVersion_Batching-564e9892_deployment_series.rrentVersion_Batching-564e9892_build_id/0195af0e-98a0-7d94-93e5-2a1d2e5942f8", "logging-call-at": "/Users/shivamsaraf/Desktop/work/temporal/common/log/with_logger.go:61"}
2025-03-19T11:38:47.616-0400	debug	Workflow task updated	{"host": "127.0.0.1:63280", "shard-id": 4, "address": "127.0.0.1:63280", "wf-scheduled-event-id": 313, "wf-started-event-id": 314, "workflow-task-request-id": "d1de8c51-b373-4cdc-b3cf-57f994c83cf2", "workflow-task-timeout": 10, "attempt": 1, "wf-started-timestamp": "2025-03-19T15:38:47.616Z", "wt-type": "Normal", "logging-call-at": "/Users/shivamsaraf/Desktop/work/temporal/common/log/with_logger.go:61"}
2025-03-19T11:38:47.616-0400	debug	Assigning new task key	{"host": "127.0.0.1:63280", "shard-id": 4, "address": "127.0.0.1:63280", "wf-namespace-id": "d0b550e3-6091-4a9b-a9aa-3d80ffb24954", "wf-id": "temporal-sys-worker-deployment-version:rrentVersion_Batching-564e9892_deployment_series.rrentVersion_Batching-564e9892_build_id", "wf-run-id": "0195af0e-98a0-7d94-93e5-2a1d2e5942f8", "queue-task-type": "WorkflowTaskTimeout", "queue-task-id": 1049384, "timestamp": "2025-03-19T15:38:57.617Z", "cursor-timestamp": "2025-03-19T15:38:48.615Z", "logging-call-at": "/Users/shivamsaraf/Desktop/work/temporal/common/log/with_logger.go:61"}
2025-03-19T11:38:47.623-0400	debug	Frontend method invoked.	{"host": "127.0.0.1:63278", "wf-namespace": "namespace-ec265ab4-426c-4316-a4b3-47fc66311932", "operation": "PollWorkflowTaskQueue", "server-name": "", "cert-thumbprint": "", "logging-call-at": "/Users/shivamsaraf/Desktop/work/temporal/common/log/with_logger.go:61"}
2025-03-19T11:38:47.623-0400	debug	Received PollWorkflowTaskQueue	{"host": "127.0.0.1:63278", "service": "frontend", "logging-call-at": "/Users/shivamsaraf/Desktop/work/temporal/common/log/with_logger.go:61"}
2025-03-19T11:38:47.623-0400	debug	Frontend method invoked.	{"host": "127.0.0.1:63278", "wf-namespace": "namespace-ec265ab4-426c-4316-a4b3-47fc66311932", "operation": "RespondWorkflowTaskCompleted", "server-name": "", "cert-thumbprint": "", "logging-call-at": "/Users/shivamsaraf/Desktop/work/temporal/common/log/with_logger.go:61"}
2025-03-19T11:38:47.623-0400	debug	Poll workflow task queue.	{"host": "127.0.0.1:63278", "service": "frontend", "wf-namespace": "namespace-ec265ab4-426c-4316-a4b3-47fc66311932", "wf-namespace-id": "d0b550e3-6091-4a9b-a9aa-3d80ffb24954", "logging-call-at": "/Users/shivamsaraf/Desktop/work/temporal/common/log/with_logger.go:61"}
2025-03-19T11:38:47.624-0400	debug	RespondWorkflowTaskCompleted	{"host": "127.0.0.1:63280", "service": "history", "wf-namespace-id": "d0b550e3-6091-4a9b-a9aa-3d80ffb24954", "wf-id": "temporal-sys-worker-deployment-version:rrentVersion_Batching-564e9892_deployment_series.rrentVersion_Batching-564e9892_build_id", "wf-run-id": "0195af0e-98a0-7d94-93e5-2a1d2e5942f8", "wf-scheduled-event-id": 313, "logging-call-at": "/Users/shivamsaraf/Desktop/work/temporal/common/log/with_logger.go:61"}
2025-03-19T11:38:47.624-0400	debug	Workflow task updated	{"host": "127.0.0.1:63280", "shard-id": 4, "address": "127.0.0.1:63280", "wf-scheduled-event-id": 0, "wf-started-event-id": 0, "workflow-task-request-id": "emptyUuid", "workflow-task-timeout": 0, "attempt": 1, "wf-started-timestamp": "1970-01-01T00:00:00.000Z", "wt-type": "Unspecified", "logging-call-at": "/Users/shivamsaraf/Desktop/work/temporal/common/log/with_logger.go:61"}
2025-03-19T11:38:47.624-0400	debug	update state change	{"host": "127.0.0.1:63280", "shard-id": 4, "address": "127.0.0.1:63280", "wf-namespace-id": "d0b550e3-6091-4a9b-a9aa-3d80ffb24954", "wf-id": "temporal-sys-worker-deployment-version:rrentVersion_Batching-564e9892_deployment_series.rrentVersion_Batching-564e9892_build_id", "wf-run-id": "0195af0e-98a0-7d94-93e5-2a1d2e5942f8", "update-id": "52c09171-38a0-4ee2-bad0-865c88af24e0", "from-state": "Accepted", "to-state": "ProvisionallyCompleted", "logging-call-at": "/Users/shivamsaraf/Desktop/work/temporal/common/log/with_logger.go:61"}
2025-03-19T11:38:47.627-0400	debug	update state change	{"host": "127.0.0.1:63280", "shard-id": 4, "address": "127.0.0.1:63280", "wf-namespace-id": "d0b550e3-6091-4a9b-a9aa-3d80ffb24954", "wf-id": "temporal-sys-worker-deployment-version:rrentVersion_Batching-564e9892_deployment_series.rrentVersion_Batching-564e9892_build_id", "wf-run-id": "0195af0e-98a0-7d94-93e5-2a1d2e5942f8", "update-id": "52c09171-38a0-4ee2-bad0-865c88af24e0", "from-state": "ProvisionallyCompleted", "to-state": "Completed", "logging-call-at": "/Users/shivamsaraf/Desktop/work/temporal/common/log/with_logger.go:61"}
2025-03-19T11:38:47.627-0400	debug	Frontend method invoked.	{"host": "127.0.0.1:63278", "wf-namespace": "namespace-ec265ab4-426c-4316-a4b3-47fc66311932", "operation": "RespondActivityTaskCompleted", "server-name": "", "cert-thumbprint": "", "logging-call-at": "/Users/shivamsaraf/Desktop/work/temporal/common/log/with_logger.go:61"}
2025-03-19T11:38:47.628-0400	debug	Workflow task updated	{"host": "127.0.0.1:63280", "shard-id": 1, "address": "127.0.0.1:63280", "wf-scheduled-event-id": 179, "wf-started-event-id": 0, "workflow-task-request-id": "emptyUuid", "workflow-task-timeout": 10, "attempt": 1, "wf-started-timestamp": "0001-01-01T00:00:00.000Z", "wt-type": "Normal", "logging-call-at": "/Users/shivamsaraf/Desktop/work/temporal/common/log/with_logger.go:61"}
2025-03-19T11:38:47.628-0400	debug	Assigning new task key	{"host": "127.0.0.1:63280", "shard-id": 1, "address": "127.0.0.1:63280", "wf-namespace-id": "d0b550e3-6091-4a9b-a9aa-3d80ffb24954", "wf-id": "temporal-sys-worker-deployment:rrentVersion_Batching-564e9892_deployment_series", "wf-run-id": "0195af0e-960d-715f-b6c6-08dcdf4b78ec", "queue-task-type": "WorkflowTaskTimeout", "queue-task-id": 1048970, "timestamp": "2025-03-19T15:38:52.629Z", "cursor-timestamp": "2025-03-19T15:38:48.458Z", "logging-call-at": "/Users/shivamsaraf/Desktop/work/temporal/common/log/with_logger.go:61"}
2025-03-19T11:38:47.628-0400	debug	Assigning new task key	{"host": "127.0.0.1:63280", "shard-id": 1, "address": "127.0.0.1:63280", "wf-namespace-id": "d0b550e3-6091-4a9b-a9aa-3d80ffb24954", "wf-id": "temporal-sys-worker-deployment:rrentVersion_Batching-564e9892_deployment_series", "wf-run-id": "0195af0e-960d-715f-b6c6-08dcdf4b78ec", "queue-task-type": "TransferWorkflowTask", "queue-task-id": 1048971, "timestamp": "2025-03-19T15:38:47.628Z", "cursor-timestamp": "2025-03-19T15:38:48.458Z", "logging-call-at": "/Users/shivamsaraf/Desktop/work/temporal/common/log/with_logger.go:61"}
2025-03-19T11:38:47.632-0400	debug	Process task as active.	{"host": "127.0.0.1:63280", "shard-id": 1, "address": "127.0.0.1:63280", "component": "transfer-queue-processor", "wf-namespace-id": "d0b550e3-6091-4a9b-a9aa-3d80ffb24954", "value": "d0b550e3-6091-4a9b-a9aa-3d80ffb24954/temporal-sys-worker-deployment:rrentVersion_Batching-564e9892_deployment_series/0195af0e-960d-715f-b6c6-08dcdf4b78ec", "logging-call-at": "/Users/shivamsaraf/Desktop/work/temporal/common/log/with_logger.go:61"}
2025-03-19T11:38:47.633-0400	debug	Workflow task updated	{"host": "127.0.0.1:63280", "shard-id": 1, "address": "127.0.0.1:63280", "wf-scheduled-event-id": 179, "wf-started-event-id": 180, "workflow-task-request-id": "57b3d56a-d48f-44a2-b231-9bfcaada4ea2", "workflow-task-timeout": 10, "attempt": 1, "wf-started-timestamp": "2025-03-19T15:38:47.633Z", "wt-type": "Normal", "logging-call-at": "/Users/shivamsaraf/Desktop/work/temporal/common/log/with_logger.go:61"}
2025-03-19T11:38:47.633-0400	debug	Assigning new task key	{"host": "127.0.0.1:63280", "shard-id": 1, "address": "127.0.0.1:63280", "wf-namespace-id": "d0b550e3-6091-4a9b-a9aa-3d80ffb24954", "wf-id": "temporal-sys-worker-deployment:rrentVersion_Batching-564e9892_deployment_series", "wf-run-id": "0195af0e-960d-715f-b6c6-08dcdf4b78ec", "queue-task-type": "WorkflowTaskTimeout", "queue-task-id": 1048974, "timestamp": "2025-03-19T15:38:57.634Z", "cursor-timestamp": "2025-03-19T15:38:48.632Z", "logging-call-at": "/Users/shivamsaraf/Desktop/work/temporal/common/log/with_logger.go:61"}
2025-03-19T11:38:47.639-0400	debug	ExecuteActivity	{"host": "127.0.0.1:63281", "Namespace": "namespace-ec265ab4-426c-4316-a4b3-47fc66311932", "TaskQueue": "temporal-sys-per-ns-tq", "WorkerID": "temporal-system@Shivams-MacBook-Pro.local@namespace-ec265ab4-426c-4316-a4b3-47fc66311932", "WorkflowType": "temporal-sys-worker-deployment-workflow", "WorkflowID": "temporal-sys-worker-deployment:rrentVersion_Batching-564e9892_deployment_series", "RunID": "0195af0e-960d-715f-b6c6-08dcdf4b78ec", "Attempt": 0, "ActivityID": "183", "ActivityType": "RegisterWorkerInVersion", "logging-call-at": "/Users/shivamsaraf/Desktop/work/temporal/common/log/with_logger.go:61"}
2025-03-19T11:38:47.639-0400	debug	Frontend method invoked.	{"host": "127.0.0.1:63278", "wf-namespace": "namespace-ec265ab4-426c-4316-a4b3-47fc66311932", "operation": "PollWorkflowTaskQueue", "server-name": "", "cert-thumbprint": "", "logging-call-at": "/Users/shivamsaraf/Desktop/work/temporal/common/log/with_logger.go:61"}
2025-03-19T11:38:47.639-0400	debug	Received PollWorkflowTaskQueue	{"host": "127.0.0.1:63278", "service": "frontend", "logging-call-at": "/Users/shivamsaraf/Desktop/work/temporal/common/log/with_logger.go:61"}
2025-03-19T11:38:47.639-0400	debug	Poll workflow task queue.	{"host": "127.0.0.1:63278", "service": "frontend", "wf-namespace": "namespace-ec265ab4-426c-4316-a4b3-47fc66311932", "wf-namespace-id": "d0b550e3-6091-4a9b-a9aa-3d80ffb24954", "logging-call-at": "/Users/shivamsaraf/Desktop/work/temporal/common/log/with_logger.go:61"}
2025-03-19T11:38:47.640-0400	debug	Frontend method invoked.	{"host": "127.0.0.1:63278", "wf-namespace": "namespace-ec265ab4-426c-4316-a4b3-47fc66311932", "operation": "RespondWorkflowTaskCompleted", "server-name": "", "cert-thumbprint": "", "logging-call-at": "/Users/shivamsaraf/Desktop/work/temporal/common/log/with_logger.go:61"}
2025-03-19T11:38:47.640-0400	debug	RespondWorkflowTaskCompleted	{"host": "127.0.0.1:63280", "service": "history", "wf-namespace-id": "d0b550e3-6091-4a9b-a9aa-3d80ffb24954", "wf-id": "temporal-sys-worker-deployment:rrentVersion_Batching-564e9892_deployment_series", "wf-run-id": "0195af0e-960d-715f-b6c6-08dcdf4b78ec", "wf-scheduled-event-id": 179, "logging-call-at": "/Users/shivamsaraf/Desktop/work/temporal/common/log/with_logger.go:61"}
2025-03-19T11:38:47.640-0400	debug	Workflow task updated	{"host": "127.0.0.1:63280", "shard-id": 1, "address": "127.0.0.1:63280", "wf-scheduled-event-id": 0, "wf-started-event-id": 0, "workflow-task-request-id": "emptyUuid", "workflow-task-timeout": 0, "attempt": 1, "wf-started-timestamp": "1970-01-01T00:00:00.000Z", "wt-type": "Unspecified", "logging-call-at": "/Users/shivamsaraf/Desktop/work/temporal/common/log/with_logger.go:61"}
2025-03-19T11:38:47.641-0400	debug	update state change	{"host": "127.0.0.1:63280", "shard-id": 1, "address": "127.0.0.1:63280", "wf-namespace-id": "d0b550e3-6091-4a9b-a9aa-3d80ffb24954", "wf-id": "temporal-sys-worker-deployment:rrentVersion_Batching-564e9892_deployment_series", "wf-run-id": "0195af0e-960d-715f-b6c6-08dcdf4b78ec", "update-id": "1e572c41-7ea6-479e-8374-807d998a78df", "from-state": "Accepted", "to-state": "ProvisionallyCompleted", "logging-call-at": "/Users/shivamsaraf/Desktop/work/temporal/common/log/with_logger.go:61"}
2025-03-19T11:38:47.641-0400	debug	Assigning new task key	{"host": "127.0.0.1:63280", "shard-id": 1, "address": "127.0.0.1:63280", "wf-namespace-id": "d0b550e3-6091-4a9b-a9aa-3d80ffb24954", "wf-id": "temporal-sys-worker-deployment:rrentVersion_Batching-564e9892_deployment_series", "wf-run-id": "0195af0e-960d-715f-b6c6-08dcdf4b78ec", "queue-task-type": "TransferActivityTask", "queue-task-id": 1048980, "timestamp": "2025-03-19T15:38:47.641Z", "cursor-timestamp": "2025-03-19T15:38:48.632Z", "logging-call-at": "/Users/shivamsaraf/Desktop/work/temporal/common/log/with_logger.go:61"}
2025-03-19T11:38:47.644-0400	debug	update state change	{"host": "127.0.0.1:63280", "shard-id": 1, "address": "127.0.0.1:63280", "wf-namespace-id": "d0b550e3-6091-4a9b-a9aa-3d80ffb24954", "wf-id": "temporal-sys-worker-deployment:rrentVersion_Batching-564e9892_deployment_series", "wf-run-id": "0195af0e-960d-715f-b6c6-08dcdf4b78ec", "update-id": "1e572c41-7ea6-479e-8374-807d998a78df", "from-state": "ProvisionallyCompleted", "to-state": "Completed", "logging-call-at": "/Users/shivamsaraf/Desktop/work/temporal/common/log/with_logger.go:61"}
2025-03-19T11:38:47.644-0400	debug	deployment client success	{"host": "127.0.0.1:63279", "operation": "RegisterTaskQueueWorker", "elapsed": 4.104437291, "args": ["rrentVersion_Batching-564e9892_task_queue_31",1,"matching service"], "logging-call-at": "/Users/shivamsaraf/Desktop/work/temporal/common/log/with_logger.go:61"}
2025-03-19T11:38:47.644-0400	debug	Process task as active.	{"host": "127.0.0.1:63280", "shard-id": 1, "address": "127.0.0.1:63280", "component": "transfer-queue-processor", "wf-namespace-id": "d0b550e3-6091-4a9b-a9aa-3d80ffb24954", "value": "d0b550e3-6091-4a9b-a9aa-3d80ffb24954/temporal-sys-worker-deployment:rrentVersion_Batching-564e9892_deployment_series/0195af0e-960d-715f-b6c6-08dcdf4b78ec", "logging-call-at": "/Users/shivamsaraf/Desktop/work/temporal/common/log/with_logger.go:61"}
2025-03-19T11:38:47.645-0400	info	Started physicalTaskQueueManager	{"host": "127.0.0.1:63279", "component": "matching-engine", "wf-task-queue-name": "rrentVersion_Batching-564e9892_task_queue_31", "wf-task-queue-type": "Workflow", "wf-namespace": "namespace-ec265ab4-426c-4316-a4b3-47fc66311932", "worker-build-id": "rrentVersion_Batching-564e9892_deployment_series/rrentVersion_Batching-564e9892_build_id", "lifecycle": "Started", "cause": "UserData", "logging-call-at": "/Users/shivamsaraf/Desktop/work/temporal/common/log/with_logger.go:66"}
2025-03-19T11:38:47.645-0400	debug	Assigning new task key	{"host": "127.0.0.1:63280", "shard-id": 1, "address": "127.0.0.1:63280", "wf-namespace-id": "d0b550e3-6091-4a9b-a9aa-3d80ffb24954", "wf-id": "temporal-sys-worker-deployment:rrentVersion_Batching-564e9892_deployment_series", "wf-run-id": "0195af0e-960d-715f-b6c6-08dcdf4b78ec", "queue-task-type": "ActivityTimeout", "queue-task-id": 1048982, "timestamp": "2025-03-19T15:39:47.646Z", "cursor-timestamp": "2025-03-19T15:38:48.644Z", "logging-call-at": "/Users/shivamsaraf/Desktop/work/temporal/common/log/with_logger.go:61"}
2025-03-19T11:38:47.649-0400	debug	Frontend method invoked.	{"host": "127.0.0.1:63278", "wf-namespace": "namespace-ec265ab4-426c-4316-a4b3-47fc66311932", "operation": "PollActivityTaskQueue", "server-name": "", "cert-thumbprint": "", "logging-call-at": "/Users/shivamsaraf/Desktop/work/temporal/common/log/with_logger.go:61"}
2025-03-19T11:38:47.649-0400	debug	Received PollActivityTaskQueue	{"host": "127.0.0.1:63278", "service": "frontend", "logging-call-at": "/Users/shivamsaraf/Desktop/work/temporal/common/log/with_logger.go:61"}
2025-03-19T11:38:47.650-0400	debug	update state change	{"host": "127.0.0.1:63280", "shard-id": 4, "address": "127.0.0.1:63280", "wf-namespace-id": "d0b550e3-6091-4a9b-a9aa-3d80ffb24954", "wf-id": "temporal-sys-worker-deployment-version:rrentVersion_Batching-564e9892_deployment_series.rrentVersion_Batching-564e9892_build_id", "wf-run-id": "0195af0e-98a0-7d94-93e5-2a1d2e5942f8", "update-id": "a0ef09df-ece6-4b97-a5fb-151a583e6ede", "from-state": "Created", "to-state": "ProvisionallyAdmitted", "logging-call-at": "/Users/shivamsaraf/Desktop/work/temporal/common/log/with_logger.go:61"}
2025-03-19T11:38:47.650-0400	debug	update state change	{"host": "127.0.0.1:63280", "shard-id": 4, "address": "127.0.0.1:63280", "wf-namespace-id": "d0b550e3-6091-4a9b-a9aa-3d80ffb24954", "wf-id": "temporal-sys-worker-deployment-version:rrentVersion_Batching-564e9892_deployment_series.rrentVersion_Batching-564e9892_build_id", "wf-run-id": "0195af0e-98a0-7d94-93e5-2a1d2e5942f8", "update-id": "a0ef09df-ece6-4b97-a5fb-151a583e6ede", "from-state": "ProvisionallyAdmitted", "to-state": "Admitted", "logging-call-at": "/Users/shivamsaraf/Desktop/work/temporal/common/log/with_logger.go:61"}
2025-03-19T11:38:47.650-0400	debug	Workflow task updated	{"host": "127.0.0.1:63280", "shard-id": 4, "address": "127.0.0.1:63280", "wf-scheduled-event-id": 317, "wf-started-event-id": 0, "workflow-task-request-id": "emptyUuid", "workflow-task-timeout": 10, "attempt": 1, "wf-started-timestamp": "0001-01-01T00:00:00.000Z", "wt-type": "Speculative", "logging-call-at": "/Users/shivamsaraf/Desktop/work/temporal/common/log/with_logger.go:61"}
2025-03-19T11:38:47.651-0400	debug	Workflow task updated	{"host": "127.0.0.1:63280", "shard-id": 4, "address": "127.0.0.1:63280", "wf-scheduled-event-id": 317, "wf-started-event-id": 318, "workflow-task-request-id": "bd052975-1de4-496c-b395-30c05de8e1c6", "workflow-task-timeout": 10, "attempt": 1, "wf-started-timestamp": "2025-03-19T15:38:47.651Z", "wt-type": "Speculative", "logging-call-at": "/Users/shivamsaraf/Desktop/work/temporal/common/log/with_logger.go:61"}
2025-03-19T11:38:47.651-0400	debug	update state change	{"host": "127.0.0.1:63280", "shard-id": 4, "address": "127.0.0.1:63280", "wf-namespace-id": "d0b550e3-6091-4a9b-a9aa-3d80ffb24954", "wf-id": "temporal-sys-worker-deployment-version:rrentVersion_Batching-564e9892_deployment_series.rrentVersion_Batching-564e9892_build_id", "wf-run-id": "0195af0e-98a0-7d94-93e5-2a1d2e5942f8", "update-id": "a0ef09df-ece6-4b97-a5fb-151a583e6ede", "from-state": "Admitted", "to-state": "Sent", "logging-call-at": "/Users/shivamsaraf/Desktop/work/temporal/common/log/with_logger.go:61"}
2025-03-19T11:38:47.655-0400	debug	Frontend method invoked.	{"host": "127.0.0.1:63278", "wf-namespace": "namespace-ec265ab4-426c-4316-a4b3-47fc66311932", "operation": "PollWorkflowTaskQueue", "server-name": "", "cert-thumbprint": "", "logging-call-at": "/Users/shivamsaraf/Desktop/work/temporal/common/log/with_logger.go:61"}
2025-03-19T11:38:47.655-0400	debug	ExecuteActivity	{"host": "127.0.0.1:63281", "Namespace": "namespace-ec265ab4-426c-4316-a4b3-47fc66311932", "TaskQueue": "temporal-sys-per-ns-tq", "WorkerID": "temporal-system@Shivams-MacBook-Pro.local@namespace-ec265ab4-426c-4316-a4b3-47fc66311932", "WorkflowType": "temporal-sys-worker-deployment-version-workflow", "WorkflowID": "temporal-sys-worker-deployment-version:rrentVersion_Batching-564e9892_deployment_series.rrentVersion_Batching-564e9892_build_id", "RunID": "0195af0e-98a0-7d94-93e5-2a1d2e5942f8", "Attempt": 0, "ActivityID": "321", "ActivityType": "SyncDeploymentVersionUserData", "logging-call-at": "/Users/shivamsaraf/Desktop/work/temporal/common/log/with_logger.go:61"}
2025-03-19T11:38:47.655-0400	debug	Received PollWorkflowTaskQueue	{"host": "127.0.0.1:63278", "service": "frontend", "logging-call-at": "/Users/shivamsaraf/Desktop/work/temporal/common/log/with_logger.go:61"}
2025-03-19T11:38:47.655-0400	debug	Poll workflow task queue.	{"host": "127.0.0.1:63278", "service": "frontend", "wf-namespace": "namespace-ec265ab4-426c-4316-a4b3-47fc66311932", "wf-namespace-id": "d0b550e3-6091-4a9b-a9aa-3d80ffb24954", "logging-call-at": "/Users/shivamsaraf/Desktop/work/temporal/common/log/with_logger.go:61"}
2025-03-19T11:38:47.655-0400	debug	Frontend method invoked.	{"host": "127.0.0.1:63278", "wf-namespace": "namespace-ec265ab4-426c-4316-a4b3-47fc66311932", "operation": "RespondWorkflowTaskCompleted", "server-name": "", "cert-thumbprint": "", "logging-call-at": "/Users/shivamsaraf/Desktop/work/temporal/common/log/with_logger.go:61"}
2025-03-19T11:38:47.656-0400	debug	RespondWorkflowTaskCompleted	{"host": "127.0.0.1:63280", "service": "history", "wf-namespace-id": "d0b550e3-6091-4a9b-a9aa-3d80ffb24954", "wf-id": "temporal-sys-worker-deployment-version:rrentVersion_Batching-564e9892_deployment_series.rrentVersion_Batching-564e9892_build_id", "wf-run-id": "0195af0e-98a0-7d94-93e5-2a1d2e5942f8", "wf-scheduled-event-id": 317, "logging-call-at": "/Users/shivamsaraf/Desktop/work/temporal/common/log/with_logger.go:61"}
2025-03-19T11:38:47.656-0400	debug	Workflow task updated	{"host": "127.0.0.1:63280", "shard-id": 4, "address": "127.0.0.1:63280", "wf-scheduled-event-id": 0, "wf-started-event-id": 0, "workflow-task-request-id": "emptyUuid", "workflow-task-timeout": 0, "attempt": 1, "wf-started-timestamp": "1970-01-01T00:00:00.000Z", "wt-type": "Unspecified", "logging-call-at": "/Users/shivamsaraf/Desktop/work/temporal/common/log/with_logger.go:61"}
2025-03-19T11:38:47.656-0400	debug	update state change	{"host": "127.0.0.1:63280", "shard-id": 4, "address": "127.0.0.1:63280", "wf-namespace-id": "d0b550e3-6091-4a9b-a9aa-3d80ffb24954", "wf-id": "temporal-sys-worker-deployment-version:rrentVersion_Batching-564e9892_deployment_series.rrentVersion_Batching-564e9892_build_id", "wf-run-id": "0195af0e-98a0-7d94-93e5-2a1d2e5942f8", "update-id": "a0ef09df-ece6-4b97-a5fb-151a583e6ede", "from-state": "Sent", "to-state": "ProvisionallyAccepted", "logging-call-at": "/Users/shivamsaraf/Desktop/work/temporal/common/log/with_logger.go:61"}
2025-03-19T11:38:47.656-0400	debug	Assigning new task key	{"host": "127.0.0.1:63280", "shard-id": 4, "address": "127.0.0.1:63280", "wf-namespace-id": "d0b550e3-6091-4a9b-a9aa-3d80ffb24954", "wf-id": "temporal-sys-worker-deployment-version:rrentVersion_Batching-564e9892_deployment_series.rrentVersion_Batching-564e9892_build_id", "wf-run-id": "0195af0e-98a0-7d94-93e5-2a1d2e5942f8", "queue-task-type": "TransferActivityTask", "queue-task-id": 1049401, "timestamp": "2025-03-19T15:38:47.656Z", "cursor-timestamp": "2025-03-19T15:38:48.615Z", "logging-call-at": "/Users/shivamsaraf/Desktop/work/temporal/common/log/with_logger.go:61"}
2025-03-19T11:38:47.659-0400	debug	update state change	{"host": "127.0.0.1:63280", "shard-id": 4, "address": "127.0.0.1:63280", "wf-namespace-id": "d0b550e3-6091-4a9b-a9aa-3d80ffb24954", "wf-id": "temporal-sys-worker-deployment-version:rrentVersion_Batching-564e9892_deployment_series.rrentVersion_Batching-564e9892_build_id", "wf-run-id": "0195af0e-98a0-7d94-93e5-2a1d2e5942f8", "update-id": "a0ef09df-ece6-4b97-a5fb-151a583e6ede", "from-state": "ProvisionallyAccepted", "to-state": "Accepted", "logging-call-at": "/Users/shivamsaraf/Desktop/work/temporal/common/log/with_logger.go:61"}
2025-03-19T11:38:47.660-0400	debug	Process task as active.	{"host": "127.0.0.1:63280", "shard-id": 4, "address": "127.0.0.1:63280", "component": "transfer-queue-processor", "wf-namespace-id": "d0b550e3-6091-4a9b-a9aa-3d80ffb24954", "value": "d0b550e3-6091-4a9b-a9aa-3d80ffb24954/temporal-sys-worker-deployment-version:rrentVersion_Batching-564e9892_deployment_series.rrentVersion_Batching-564e9892_build_id/0195af0e-98a0-7d94-93e5-2a1d2e5942f8", "logging-call-at": "/Users/shivamsaraf/Desktop/work/temporal/common/log/with_logger.go:61"}
2025-03-19T11:38:47.661-0400	debug	Assigning new task key	{"host": "127.0.0.1:63280", "shard-id": 4, "address": "127.0.0.1:63280", "wf-namespace-id": "d0b550e3-6091-4a9b-a9aa-3d80ffb24954", "wf-id": "temporal-sys-worker-deployment-version:rrentVersion_Batching-564e9892_deployment_series.rrentVersion_Batching-564e9892_build_id", "wf-run-id": "0195af0e-98a0-7d94-93e5-2a1d2e5942f8", "queue-task-type": "ActivityTimeout", "queue-task-id": 1049402, "timestamp": "2025-03-19T15:39:47.662Z", "cursor-timestamp": "2025-03-19T15:38:48.659Z", "logging-call-at": "/Users/shivamsaraf/Desktop/work/temporal/common/log/with_logger.go:61"}
2025-03-19T11:38:47.664-0400	info	syncing task queue userdata for deployment version	{"host": "127.0.0.1:63281", "Namespace": "namespace-ec265ab4-426c-4316-a4b3-47fc66311932", "TaskQueue": "temporal-sys-per-ns-tq", "WorkerID": "temporal-system@Shivams-MacBook-Pro.local@namespace-ec265ab4-426c-4316-a4b3-47fc66311932", "ActivityID": "321", "ActivityType": "SyncDeploymentVersionUserData", "Attempt": 1, "WorkflowType": "temporal-sys-worker-deployment-version-workflow", "WorkflowID": "temporal-sys-worker-deployment-version:rrentVersion_Batching-564e9892_deployment_series.rrentVersion_Batching-564e9892_build_id", "RunID": "0195af0e-98a0-7d94-93e5-2a1d2e5942f8", "taskQueue": "rrentVersion_Batching-564e9892_task_queue_32", "types": [1], "logging-call-at": "/Users/shivamsaraf/Desktop/work/temporal/common/log/with_logger.go:66"}
2025-03-19T11:38:47.664-0400	debug	Frontend method invoked.	{"host": "127.0.0.1:63278", "wf-namespace": "namespace-ec265ab4-426c-4316-a4b3-47fc66311932", "operation": "PollActivityTaskQueue", "server-name": "", "cert-thumbprint": "", "logging-call-at": "/Users/shivamsaraf/Desktop/work/temporal/common/log/with_logger.go:61"}
2025-03-19T11:38:47.665-0400	debug	Received PollActivityTaskQueue	{"host": "127.0.0.1:63278", "service": "frontend", "logging-call-at": "/Users/shivamsaraf/Desktop/work/temporal/common/log/with_logger.go:61"}
2025-03-19T11:38:47.738-0400	debug	Frontend method invoked.	{"host": "127.0.0.1:63278", "wf-namespace": "namespace-ec265ab4-426c-4316-a4b3-47fc66311932", "operation": "DescribeWorkerDeploymentVersion", "server-name": "", "cert-thumbprint": "", "logging-call-at": "/Users/shivamsaraf/Desktop/work/temporal/common/log/with_logger.go:61"}
2025-03-19T11:38:47.742-0400	debug	Frontend method invoked.	{"host": "127.0.0.1:63278", "wf-namespace": "namespace-ec265ab4-426c-4316-a4b3-47fc66311932", "operation": "PollWorkflowTaskQueue", "server-name": "", "cert-thumbprint": "", "logging-call-at": "/Users/shivamsaraf/Desktop/work/temporal/common/log/with_logger.go:61"}
2025-03-19T11:38:47.742-0400	debug	Received PollWorkflowTaskQueue	{"host": "127.0.0.1:63278", "service": "frontend", "logging-call-at": "/Users/shivamsaraf/Desktop/work/temporal/common/log/with_logger.go:61"}
2025-03-19T11:38:47.742-0400	debug	Poll workflow task queue.	{"host": "127.0.0.1:63278", "service": "frontend", "wf-namespace": "namespace-ec265ab4-426c-4316-a4b3-47fc66311932", "wf-namespace-id": "d0b550e3-6091-4a9b-a9aa-3d80ffb24954", "logging-call-at": "/Users/shivamsaraf/Desktop/work/temporal/common/log/with_logger.go:61"}
2025-03-19T11:38:47.742-0400	debug	Frontend method invoked.	{"host": "127.0.0.1:63278", "wf-namespace": "namespace-ec265ab4-426c-4316-a4b3-47fc66311932", "operation": "RespondQueryTaskCompleted", "server-name": "", "cert-thumbprint": "", "logging-call-at": "/Users/shivamsaraf/Desktop/work/temporal/common/log/with_logger.go:61"}
2025-03-19T11:38:47.743-0400	debug	deployment client success	{"host": "127.0.0.1:63278", "operation": "DescribeVersion", "elapsed": 0.004409584, "args": ["rrentVersion_Batching-564e9892_deployment_series","rrentVersion_Batching-564e9892_build_id"], "logging-call-at": "/Users/shivamsaraf/Desktop/work/temporal/common/log/with_logger.go:61"}
2025-03-19T11:38:47.767-0400	info	modified user data	{"host": "127.0.0.1:63279", "component": "matching-engine", "wf-task-queue-name": "rrentVersion_Batching-564e9892_task_queue_32", "wf-task-queue-type": "Workflow", "wf-namespace": "namespace-ec265ab4-426c-4316-a4b3-47fc66311932", "user-data-update-source": "SyncDeploymentUserData", "user-data-version": 1, "timestamp": "2025-03-19T15:38:47.665Z", "logging-call-at": "/Users/shivamsaraf/Desktop/work/temporal/common/log/with_logger.go:66"}
2025-03-19T11:38:47.767-0400	debug	user data changed while blocked in long poll	{"host": "127.0.0.1:63279", "component": "matching-engine", "wf-task-queue-name": "rrentVersion_Batching-564e9892_task_queue_32", "wf-task-queue-type": "Workflow", "wf-namespace": "namespace-ec265ab4-426c-4316-a4b3-47fc66311932", "logging-call-at": "/Users/shivamsaraf/Desktop/work/temporal/common/log/with_logger.go:61"}
2025-03-19T11:38:47.767-0400	debug	user data changed while blocked in long poll	{"host": "127.0.0.1:63279", "component": "matching-engine", "wf-task-queue-name": "rrentVersion_Batching-564e9892_task_queue_32", "wf-task-queue-type": "Workflow", "wf-namespace": "namespace-ec265ab4-426c-4316-a4b3-47fc66311932", "logging-call-at": "/Users/shivamsaraf/Desktop/work/temporal/common/log/with_logger.go:61"}
2025-03-19T11:38:47.767-0400	debug	user data changed while blocked in long poll	{"host": "127.0.0.1:63279", "component": "matching-engine", "wf-task-queue-name": "rrentVersion_Batching-564e9892_task_queue_32", "wf-task-queue-type": "Workflow", "wf-namespace": "namespace-ec265ab4-426c-4316-a4b3-47fc66311932", "logging-call-at": "/Users/shivamsaraf/Desktop/work/temporal/common/log/with_logger.go:61"}
2025-03-19T11:38:47.767-0400	info	returning user data	{"host": "127.0.0.1:63279", "component": "matching-engine", "wf-task-queue-name": "rrentVersion_Batching-564e9892_task_queue_32", "wf-task-queue-type": "Workflow", "wf-namespace": "namespace-ec265ab4-426c-4316-a4b3-47fc66311932", "long-poll": true, "request-known-version": 0, "user-data-version": 1, "logging-call-at": "/Users/shivamsaraf/Desktop/work/temporal/common/log/with_logger.go:66"}
2025-03-19T11:38:47.767-0400	info	returning user data	{"host": "127.0.0.1:63279", "component": "matching-engine", "wf-task-queue-name": "rrentVersion_Batching-564e9892_task_queue_32", "wf-task-queue-type": "Workflow", "wf-namespace": "namespace-ec265ab4-426c-4316-a4b3-47fc66311932", "long-poll": true, "request-known-version": 0, "user-data-version": 1, "logging-call-at": "/Users/shivamsaraf/Desktop/work/temporal/common/log/with_logger.go:66"}
2025-03-19T11:38:47.767-0400	info	returning user data	{"host": "127.0.0.1:63279", "component": "matching-engine", "wf-task-queue-name": "rrentVersion_Batching-564e9892_task_queue_32", "wf-task-queue-type": "Workflow", "wf-namespace": "namespace-ec265ab4-426c-4316-a4b3-47fc66311932", "long-poll": true, "request-known-version": 0, "user-data-version": 1, "logging-call-at": "/Users/shivamsaraf/Desktop/work/temporal/common/log/with_logger.go:66"}
2025-03-19T11:38:47.767-0400	info	fetched user data from parent	{"host": "127.0.0.1:63279", "component": "matching-engine", "wf-task-queue-name": "/_sys/rrentVersion_Batching-564e9892_task_queue_32/3", "wf-task-queue-type": "Workflow", "wf-namespace": "namespace-ec265ab4-426c-4316-a4b3-47fc66311932", "user-data-version": 1, "timestamp": "2025-03-19T15:38:47.665Z", "logging-call-at": "/Users/shivamsaraf/Desktop/work/temporal/common/log/with_logger.go:66"}
2025-03-19T11:38:47.767-0400	info	fetched user data from parent	{"host": "127.0.0.1:63279", "component": "matching-engine", "wf-task-queue-name": "/_sys/rrentVersion_Batching-564e9892_task_queue_32/2", "wf-task-queue-type": "Workflow", "wf-namespace": "namespace-ec265ab4-426c-4316-a4b3-47fc66311932", "user-data-version": 1, "timestamp": "2025-03-19T15:38:47.665Z", "logging-call-at": "/Users/shivamsaraf/Desktop/work/temporal/common/log/with_logger.go:66"}
2025-03-19T11:38:47.767-0400	info	fetched user data from parent	{"host": "127.0.0.1:63279", "component": "matching-engine", "wf-task-queue-name": "/_sys/rrentVersion_Batching-564e9892_task_queue_32/1", "wf-task-queue-type": "Workflow", "wf-namespace": "namespace-ec265ab4-426c-4316-a4b3-47fc66311932", "user-data-version": 1, "timestamp": "2025-03-19T15:38:47.665Z", "logging-call-at": "/Users/shivamsaraf/Desktop/work/temporal/common/log/with_logger.go:66"}
2025-03-19T11:38:47.767-0400	debug	Frontend method invoked.	{"host": "127.0.0.1:63278", "wf-namespace": "namespace-ec265ab4-426c-4316-a4b3-47fc66311932", "operation": "RespondActivityTaskCompleted", "server-name": "", "cert-thumbprint": "", "logging-call-at": "/Users/shivamsaraf/Desktop/work/temporal/common/log/with_logger.go:61"}
2025-03-19T11:38:47.768-0400	debug	Workflow task updated	{"host": "127.0.0.1:63280", "shard-id": 4, "address": "127.0.0.1:63280", "wf-scheduled-event-id": 324, "wf-started-event-id": 0, "workflow-task-request-id": "emptyUuid", "workflow-task-timeout": 10, "attempt": 1, "wf-started-timestamp": "0001-01-01T00:00:00.000Z", "wt-type": "Normal", "logging-call-at": "/Users/shivamsaraf/Desktop/work/temporal/common/log/with_logger.go:61"}
2025-03-19T11:38:47.768-0400	debug	Assigning new task key	{"host": "127.0.0.1:63280", "shard-id": 4, "address": "127.0.0.1:63280", "wf-namespace-id": "d0b550e3-6091-4a9b-a9aa-3d80ffb24954", "wf-id": "temporal-sys-worker-deployment-version:rrentVersion_Batching-564e9892_deployment_series.rrentVersion_Batching-564e9892_build_id", "wf-run-id": "0195af0e-98a0-7d94-93e5-2a1d2e5942f8", "queue-task-type": "WorkflowTaskTimeout", "queue-task-id": 1049408, "timestamp": "2025-03-19T15:38:52.769Z", "cursor-timestamp": "2025-03-19T15:38:48.659Z", "logging-call-at": "/Users/shivamsaraf/Desktop/work/temporal/common/log/with_logger.go:61"}
2025-03-19T11:38:47.768-0400	debug	Assigning new task key	{"host": "127.0.0.1:63280", "shard-id": 4, "address": "127.0.0.1:63280", "wf-namespace-id": "d0b550e3-6091-4a9b-a9aa-3d80ffb24954", "wf-id": "temporal-sys-worker-deployment-version:rrentVersion_Batching-564e9892_deployment_series.rrentVersion_Batching-564e9892_build_id", "wf-run-id": "0195af0e-98a0-7d94-93e5-2a1d2e5942f8", "queue-task-type": "TransferWorkflowTask", "queue-task-id": 1049409, "timestamp": "2025-03-19T15:38:47.768Z", "cursor-timestamp": "2025-03-19T15:38:48.659Z", "logging-call-at": "/Users/shivamsaraf/Desktop/work/temporal/common/log/with_logger.go:61"}
2025-03-19T11:38:47.774-0400	debug	Process task as active.	{"host": "127.0.0.1:63280", "shard-id": 4, "address": "127.0.0.1:63280", "component": "transfer-queue-processor", "wf-namespace-id": "d0b550e3-6091-4a9b-a9aa-3d80ffb24954", "value": "d0b550e3-6091-4a9b-a9aa-3d80ffb24954/temporal-sys-worker-deployment-version:rrentVersion_Batching-564e9892_deployment_series.rrentVersion_Batching-564e9892_build_id/0195af0e-98a0-7d94-93e5-2a1d2e5942f8", "logging-call-at": "/Users/shivamsaraf/Desktop/work/temporal/common/log/with_logger.go:61"}
2025-03-19T11:38:47.775-0400	debug	Workflow task updated	{"host": "127.0.0.1:63280", "shard-id": 4, "address": "127.0.0.1:63280", "wf-scheduled-event-id": 324, "wf-started-event-id": 325, "workflow-task-request-id": "bc847d24-9595-4dd7-abdd-41fe48f5c8e4", "workflow-task-timeout": 10, "attempt": 1, "wf-started-timestamp": "2025-03-19T15:38:47.775Z", "wt-type": "Normal", "logging-call-at": "/Users/shivamsaraf/Desktop/work/temporal/common/log/with_logger.go:61"}
2025-03-19T11:38:47.775-0400	debug	Assigning new task key	{"host": "127.0.0.1:63280", "shard-id": 4, "address": "127.0.0.1:63280", "wf-namespace-id": "d0b550e3-6091-4a9b-a9aa-3d80ffb24954", "wf-id": "temporal-sys-worker-deployment-version:rrentVersion_Batching-564e9892_deployment_series.rrentVersion_Batching-564e9892_build_id", "wf-run-id": "0195af0e-98a0-7d94-93e5-2a1d2e5942f8", "queue-task-type": "WorkflowTaskTimeout", "queue-task-id": 1049412, "timestamp": "2025-03-19T15:38:57.776Z", "cursor-timestamp": "2025-03-19T15:38:48.773Z", "logging-call-at": "/Users/shivamsaraf/Desktop/work/temporal/common/log/with_logger.go:61"}
2025-03-19T11:38:47.783-0400	debug	ExecuteActivity	{"host": "127.0.0.1:63281", "Namespace": "namespace-ec265ab4-426c-4316-a4b3-47fc66311932", "TaskQueue": "temporal-sys-per-ns-tq", "WorkerID": "temporal-system@Shivams-MacBook-Pro.local@namespace-ec265ab4-426c-4316-a4b3-47fc66311932", "WorkflowType": "temporal-sys-worker-deployment-version-workflow", "WorkflowID": "temporal-sys-worker-deployment-version:rrentVersion_Batching-564e9892_deployment_series.rrentVersion_Batching-564e9892_build_id", "RunID": "0195af0e-98a0-7d94-93e5-2a1d2e5942f8", "Attempt": 0, "ActivityID": "327", "ActivityType": "CheckWorkerDeploymentUserDataPropagation", "logging-call-at": "/Users/shivamsaraf/Desktop/work/temporal/common/log/with_logger.go:61"}
2025-03-19T11:38:47.784-0400	debug	Frontend method invoked.	{"host": "127.0.0.1:63278", "wf-namespace": "namespace-ec265ab4-426c-4316-a4b3-47fc66311932", "operation": "PollWorkflowTaskQueue", "server-name": "", "cert-thumbprint": "", "logging-call-at": "/Users/shivamsaraf/Desktop/work/temporal/common/log/with_logger.go:61"}
2025-03-19T11:38:47.784-0400	debug	Received PollWorkflowTaskQueue	{"host": "127.0.0.1:63278", "service": "frontend", "logging-call-at": "/Users/shivamsaraf/Desktop/work/temporal/common/log/with_logger.go:61"}
2025-03-19T11:38:47.784-0400	debug	Poll workflow task queue.	{"host": "127.0.0.1:63278", "service": "frontend", "wf-namespace": "namespace-ec265ab4-426c-4316-a4b3-47fc66311932", "wf-namespace-id": "d0b550e3-6091-4a9b-a9aa-3d80ffb24954", "logging-call-at": "/Users/shivamsaraf/Desktop/work/temporal/common/log/with_logger.go:61"}
2025-03-19T11:38:47.784-0400	debug	Frontend method invoked.	{"host": "127.0.0.1:63278", "wf-namespace": "namespace-ec265ab4-426c-4316-a4b3-47fc66311932", "operation": "RespondWorkflowTaskCompleted", "server-name": "", "cert-thumbprint": "", "logging-call-at": "/Users/shivamsaraf/Desktop/work/temporal/common/log/with_logger.go:61"}
2025-03-19T11:38:47.784-0400	debug	RespondWorkflowTaskCompleted	{"host": "127.0.0.1:63280", "service": "history", "wf-namespace-id": "d0b550e3-6091-4a9b-a9aa-3d80ffb24954", "wf-id": "temporal-sys-worker-deployment-version:rrentVersion_Batching-564e9892_deployment_series.rrentVersion_Batching-564e9892_build_id", "wf-run-id": "0195af0e-98a0-7d94-93e5-2a1d2e5942f8", "wf-scheduled-event-id": 324, "logging-call-at": "/Users/shivamsaraf/Desktop/work/temporal/common/log/with_logger.go:61"}
2025-03-19T11:38:47.785-0400	debug	Workflow task updated	{"host": "127.0.0.1:63280", "shard-id": 4, "address": "127.0.0.1:63280", "wf-scheduled-event-id": 0, "wf-started-event-id": 0, "workflow-task-request-id": "emptyUuid", "workflow-task-timeout": 0, "attempt": 1, "wf-started-timestamp": "1970-01-01T00:00:00.000Z", "wt-type": "Unspecified", "logging-call-at": "/Users/shivamsaraf/Desktop/work/temporal/common/log/with_logger.go:61"}
2025-03-19T11:38:47.785-0400	debug	Assigning new task key	{"host": "127.0.0.1:63280", "shard-id": 4, "address": "127.0.0.1:63280", "wf-namespace-id": "d0b550e3-6091-4a9b-a9aa-3d80ffb24954", "wf-id": "temporal-sys-worker-deployment-version:rrentVersion_Batching-564e9892_deployment_series.rrentVersion_Batching-564e9892_build_id", "wf-run-id": "0195af0e-98a0-7d94-93e5-2a1d2e5942f8", "queue-task-type": "TransferActivityTask", "queue-task-id": 1049417, "timestamp": "2025-03-19T15:38:47.785Z", "cursor-timestamp": "2025-03-19T15:38:48.773Z", "logging-call-at": "/Users/shivamsaraf/Desktop/work/temporal/common/log/with_logger.go:61"}
2025-03-19T11:38:47.789-0400	debug	Process task as active.	{"host": "127.0.0.1:63280", "shard-id": 4, "address": "127.0.0.1:63280", "component": "transfer-queue-processor", "wf-namespace-id": "d0b550e3-6091-4a9b-a9aa-3d80ffb24954", "value": "d0b550e3-6091-4a9b-a9aa-3d80ffb24954/temporal-sys-worker-deployment-version:rrentVersion_Batching-564e9892_deployment_series.rrentVersion_Batching-564e9892_build_id/0195af0e-98a0-7d94-93e5-2a1d2e5942f8", "logging-call-at": "/Users/shivamsaraf/Desktop/work/temporal/common/log/with_logger.go:61"}
2025-03-19T11:38:47.790-0400	debug	Assigning new task key	{"host": "127.0.0.1:63280", "shard-id": 4, "address": "127.0.0.1:63280", "wf-namespace-id": "d0b550e3-6091-4a9b-a9aa-3d80ffb24954", "wf-id": "temporal-sys-worker-deployment-version:rrentVersion_Batching-564e9892_deployment_series.rrentVersion_Batching-564e9892_build_id", "wf-run-id": "0195af0e-98a0-7d94-93e5-2a1d2e5942f8", "queue-task-type": "ActivityTimeout", "queue-task-id": 1049418, "timestamp": "2025-03-19T15:39:47.791Z", "cursor-timestamp": "2025-03-19T15:38:48.788Z", "logging-call-at": "/Users/shivamsaraf/Desktop/work/temporal/common/log/with_logger.go:61"}
2025-03-19T11:38:47.794-0400	info	waiting for userdata propagation	{"host": "127.0.0.1:63281", "Namespace": "namespace-ec265ab4-426c-4316-a4b3-47fc66311932", "TaskQueue": "temporal-sys-per-ns-tq", "WorkerID": "temporal-system@Shivams-MacBook-Pro.local@namespace-ec265ab4-426c-4316-a4b3-47fc66311932", "ActivityID": "327", "ActivityType": "CheckWorkerDeploymentUserDataPropagation", "Attempt": 1, "WorkflowType": "temporal-sys-worker-deployment-version-workflow", "WorkflowID": "temporal-sys-worker-deployment-version:rrentVersion_Batching-564e9892_deployment_series.rrentVersion_Batching-564e9892_build_id", "RunID": "0195af0e-98a0-7d94-93e5-2a1d2e5942f8", "taskQueue": "rrentVersion_Batching-564e9892_task_queue_32", "version": 1, "logging-call-at": "/Users/shivamsaraf/Desktop/work/temporal/common/log/with_logger.go:66"}
2025-03-19T11:38:47.794-0400	debug	Frontend method invoked.	{"host": "127.0.0.1:63278", "wf-namespace": "namespace-ec265ab4-426c-4316-a4b3-47fc66311932", "operation": "PollActivityTaskQueue", "server-name": "", "cert-thumbprint": "", "logging-call-at": "/Users/shivamsaraf/Desktop/work/temporal/common/log/with_logger.go:61"}
2025-03-19T11:38:47.794-0400	debug	Received PollActivityTaskQueue	{"host": "127.0.0.1:63278", "service": "frontend", "logging-call-at": "/Users/shivamsaraf/Desktop/work/temporal/common/log/with_logger.go:61"}
2025-03-19T11:38:47.795-0400	info	returning user data	{"host": "127.0.0.1:63279", "component": "matching-engine", "wf-task-queue-name": "/_sys/rrentVersion_Batching-564e9892_task_queue_32/1", "wf-task-queue-type": "Workflow", "wf-namespace": "namespace-ec265ab4-426c-4316-a4b3-47fc66311932", "long-poll": true, "request-known-version": 0, "user-data-version": 1, "logging-call-at": "/Users/shivamsaraf/Desktop/work/temporal/common/log/with_logger.go:66"}
2025-03-19T11:38:47.795-0400	info	returning user data	{"host": "127.0.0.1:63279", "component": "matching-engine", "wf-task-queue-name": "/_sys/rrentVersion_Batching-564e9892_task_queue_32/2", "wf-task-queue-type": "Workflow", "wf-namespace": "namespace-ec265ab4-426c-4316-a4b3-47fc66311932", "long-poll": true, "request-known-version": 0, "user-data-version": 1, "logging-call-at": "/Users/shivamsaraf/Desktop/work/temporal/common/log/with_logger.go:66"}
2025-03-19T11:38:47.795-0400	info	matching client encountered error	{"host": "127.0.0.1:63279", "error": "partition was not loaded", "service-error-type": "serviceerror.FailedPrecondition", "logging-call-at": "/Users/shivamsaraf/Desktop/work/temporal/common/log/with_logger.go:66"}
2025-03-19T11:38:47.795-0400	info	returning user data	{"host": "127.0.0.1:63279", "component": "matching-engine", "wf-task-queue-name": "/_sys/rrentVersion_Batching-564e9892_task_queue_32/3", "wf-task-queue-type": "Workflow", "wf-namespace": "namespace-ec265ab4-426c-4316-a4b3-47fc66311932", "long-poll": true, "request-known-version": 0, "user-data-version": 1, "logging-call-at": "/Users/shivamsaraf/Desktop/work/temporal/common/log/with_logger.go:66"}
2025-03-19T11:38:47.795-0400	info	matching client encountered error	{"host": "127.0.0.1:63279", "error": "partition was not loaded", "service-error-type": "serviceerror.FailedPrecondition", "logging-call-at": "/Users/shivamsaraf/Desktop/work/temporal/common/log/with_logger.go:66"}
2025-03-19T11:38:47.795-0400	info	matching client encountered error	{"host": "127.0.0.1:63279", "error": "partition was not loaded", "service-error-type": "serviceerror.FailedPrecondition", "logging-call-at": "/Users/shivamsaraf/Desktop/work/temporal/common/log/with_logger.go:66"}
2025-03-19T11:38:47.795-0400	info	matching client encountered error	{"host": "127.0.0.1:63279", "error": "partition was not loaded", "service-error-type": "serviceerror.FailedPrecondition", "logging-call-at": "/Users/shivamsaraf/Desktop/work/temporal/common/log/with_logger.go:66"}
2025-03-19T11:38:47.796-0400	debug	Frontend method invoked.	{"host": "127.0.0.1:63278", "wf-namespace": "namespace-ec265ab4-426c-4316-a4b3-47fc66311932", "operation": "RespondActivityTaskCompleted", "server-name": "", "cert-thumbprint": "", "logging-call-at": "/Users/shivamsaraf/Desktop/work/temporal/common/log/with_logger.go:61"}
2025-03-19T11:38:47.796-0400	debug	Workflow task updated	{"host": "127.0.0.1:63280", "shard-id": 4, "address": "127.0.0.1:63280", "wf-scheduled-event-id": 330, "wf-started-event-id": 0, "workflow-task-request-id": "emptyUuid", "workflow-task-timeout": 10, "attempt": 1, "wf-started-timestamp": "0001-01-01T00:00:00.000Z", "wt-type": "Normal", "logging-call-at": "/Users/shivamsaraf/Desktop/work/temporal/common/log/with_logger.go:61"}
2025-03-19T11:38:47.797-0400	debug	Assigning new task key	{"host": "127.0.0.1:63280", "shard-id": 4, "address": "127.0.0.1:63280", "wf-namespace-id": "d0b550e3-6091-4a9b-a9aa-3d80ffb24954", "wf-id": "temporal-sys-worker-deployment-version:rrentVersion_Batching-564e9892_deployment_series.rrentVersion_Batching-564e9892_build_id", "wf-run-id": "0195af0e-98a0-7d94-93e5-2a1d2e5942f8", "queue-task-type": "WorkflowTaskTimeout", "queue-task-id": 1049424, "timestamp": "2025-03-19T15:38:52.797Z", "cursor-timestamp": "2025-03-19T15:38:48.788Z", "logging-call-at": "/Users/shivamsaraf/Desktop/work/temporal/common/log/with_logger.go:61"}
2025-03-19T11:38:47.797-0400	debug	Assigning new task key	{"host": "127.0.0.1:63280", "shard-id": 4, "address": "127.0.0.1:63280", "wf-namespace-id": "d0b550e3-6091-4a9b-a9aa-3d80ffb24954", "wf-id": "temporal-sys-worker-deployment-version:rrentVersion_Batching-564e9892_deployment_series.rrentVersion_Batching-564e9892_build_id", "wf-run-id": "0195af0e-98a0-7d94-93e5-2a1d2e5942f8", "queue-task-type": "TransferWorkflowTask", "queue-task-id": 1049425, "timestamp": "2025-03-19T15:38:47.797Z", "cursor-timestamp": "2025-03-19T15:38:48.788Z", "logging-call-at": "/Users/shivamsaraf/Desktop/work/temporal/common/log/with_logger.go:61"}
2025-03-19T11:38:47.801-0400	debug	Process task as active.	{"host": "127.0.0.1:63280", "shard-id": 4, "address": "127.0.0.1:63280", "component": "transfer-queue-processor", "wf-namespace-id": "d0b550e3-6091-4a9b-a9aa-3d80ffb24954", "value": "d0b550e3-6091-4a9b-a9aa-3d80ffb24954/temporal-sys-worker-deployment-version:rrentVersion_Batching-564e9892_deployment_series.rrentVersion_Batching-564e9892_build_id/0195af0e-98a0-7d94-93e5-2a1d2e5942f8", "logging-call-at": "/Users/shivamsaraf/Desktop/work/temporal/common/log/with_logger.go:61"}
2025-03-19T11:38:47.801-0400	debug	Workflow task updated	{"host": "127.0.0.1:63280", "shard-id": 4, "address": "127.0.0.1:63280", "wf-scheduled-event-id": 330, "wf-started-event-id": 331, "workflow-task-request-id": "2de7595e-8c76-40a9-9f28-76ae32c151d4", "workflow-task-timeout": 10, "attempt": 1, "wf-started-timestamp": "2025-03-19T15:38:47.801Z", "wt-type": "Normal", "logging-call-at": "/Users/shivamsaraf/Desktop/work/temporal/common/log/with_logger.go:61"}
2025-03-19T11:38:47.802-0400	debug	Assigning new task key	{"host": "127.0.0.1:63280", "shard-id": 4, "address": "127.0.0.1:63280", "wf-namespace-id": "d0b550e3-6091-4a9b-a9aa-3d80ffb24954", "wf-id": "temporal-sys-worker-deployment-version:rrentVersion_Batching-564e9892_deployment_series.rrentVersion_Batching-564e9892_build_id", "wf-run-id": "0195af0e-98a0-7d94-93e5-2a1d2e5942f8", "queue-task-type": "WorkflowTaskTimeout", "queue-task-id": 1049428, "timestamp": "2025-03-19T15:38:57.802Z", "cursor-timestamp": "2025-03-19T15:38:48.800Z", "logging-call-at": "/Users/shivamsaraf/Desktop/work/temporal/common/log/with_logger.go:61"}
2025-03-19T11:38:47.808-0400	debug	Frontend method invoked.	{"host": "127.0.0.1:63278", "wf-namespace": "namespace-ec265ab4-426c-4316-a4b3-47fc66311932", "operation": "PollWorkflowTaskQueue", "server-name": "", "cert-thumbprint": "", "logging-call-at": "/Users/shivamsaraf/Desktop/work/temporal/common/log/with_logger.go:61"}
2025-03-19T11:38:47.808-0400	debug	Received PollWorkflowTaskQueue	{"host": "127.0.0.1:63278", "service": "frontend", "logging-call-at": "/Users/shivamsaraf/Desktop/work/temporal/common/log/with_logger.go:61"}
2025-03-19T11:38:47.808-0400	debug	Poll workflow task queue.	{"host": "127.0.0.1:63278", "service": "frontend", "wf-namespace": "namespace-ec265ab4-426c-4316-a4b3-47fc66311932", "wf-namespace-id": "d0b550e3-6091-4a9b-a9aa-3d80ffb24954", "logging-call-at": "/Users/shivamsaraf/Desktop/work/temporal/common/log/with_logger.go:61"}
2025-03-19T11:38:47.808-0400	debug	Frontend method invoked.	{"host": "127.0.0.1:63278", "wf-namespace": "namespace-ec265ab4-426c-4316-a4b3-47fc66311932", "operation": "RespondWorkflowTaskCompleted", "server-name": "", "cert-thumbprint": "", "logging-call-at": "/Users/shivamsaraf/Desktop/work/temporal/common/log/with_logger.go:61"}
2025-03-19T11:38:47.809-0400	debug	RespondWorkflowTaskCompleted	{"host": "127.0.0.1:63280", "service": "history", "wf-namespace-id": "d0b550e3-6091-4a9b-a9aa-3d80ffb24954", "wf-id": "temporal-sys-worker-deployment-version:rrentVersion_Batching-564e9892_deployment_series.rrentVersion_Batching-564e9892_build_id", "wf-run-id": "0195af0e-98a0-7d94-93e5-2a1d2e5942f8", "wf-scheduled-event-id": 330, "logging-call-at": "/Users/shivamsaraf/Desktop/work/temporal/common/log/with_logger.go:61"}
2025-03-19T11:38:47.809-0400	debug	Workflow task updated	{"host": "127.0.0.1:63280", "shard-id": 4, "address": "127.0.0.1:63280", "wf-scheduled-event-id": 0, "wf-started-event-id": 0, "workflow-task-request-id": "emptyUuid", "workflow-task-timeout": 0, "attempt": 1, "wf-started-timestamp": "1970-01-01T00:00:00.000Z", "wt-type": "Unspecified", "logging-call-at": "/Users/shivamsaraf/Desktop/work/temporal/common/log/with_logger.go:61"}
2025-03-19T11:38:47.809-0400	debug	update state change	{"host": "127.0.0.1:63280", "shard-id": 4, "address": "127.0.0.1:63280", "wf-namespace-id": "d0b550e3-6091-4a9b-a9aa-3d80ffb24954", "wf-id": "temporal-sys-worker-deployment-version:rrentVersion_Batching-564e9892_deployment_series.rrentVersion_Batching-564e9892_build_id", "wf-run-id": "0195af0e-98a0-7d94-93e5-2a1d2e5942f8", "update-id": "a0ef09df-ece6-4b97-a5fb-151a583e6ede", "from-state": "Accepted", "to-state": "ProvisionallyCompleted", "logging-call-at": "/Users/shivamsaraf/Desktop/work/temporal/common/log/with_logger.go:61"}
2025-03-19T11:38:47.812-0400	debug	update state change	{"host": "127.0.0.1:63280", "shard-id": 4, "address": "127.0.0.1:63280", "wf-namespace-id": "d0b550e3-6091-4a9b-a9aa-3d80ffb24954", "wf-id": "temporal-sys-worker-deployment-version:rrentVersion_Batching-564e9892_deployment_series.rrentVersion_Batching-564e9892_build_id", "wf-run-id": "0195af0e-98a0-7d94-93e5-2a1d2e5942f8", "update-id": "a0ef09df-ece6-4b97-a5fb-151a583e6ede", "from-state": "ProvisionallyCompleted", "to-state": "Completed", "logging-call-at": "/Users/shivamsaraf/Desktop/work/temporal/common/log/with_logger.go:61"}
2025-03-19T11:38:47.812-0400	debug	Frontend method invoked.	{"host": "127.0.0.1:63278", "wf-namespace": "namespace-ec265ab4-426c-4316-a4b3-47fc66311932", "operation": "RespondActivityTaskCompleted", "server-name": "", "cert-thumbprint": "", "logging-call-at": "/Users/shivamsaraf/Desktop/work/temporal/common/log/with_logger.go:61"}
2025-03-19T11:38:47.813-0400	debug	Workflow task updated	{"host": "127.0.0.1:63280", "shard-id": 1, "address": "127.0.0.1:63280", "wf-scheduled-event-id": 186, "wf-started-event-id": 0, "workflow-task-request-id": "emptyUuid", "workflow-task-timeout": 10, "attempt": 1, "wf-started-timestamp": "0001-01-01T00:00:00.000Z", "wt-type": "Normal", "logging-call-at": "/Users/shivamsaraf/Desktop/work/temporal/common/log/with_logger.go:61"}
2025-03-19T11:38:47.813-0400	debug	Assigning new task key	{"host": "127.0.0.1:63280", "shard-id": 1, "address": "127.0.0.1:63280", "wf-namespace-id": "d0b550e3-6091-4a9b-a9aa-3d80ffb24954", "wf-id": "temporal-sys-worker-deployment:rrentVersion_Batching-564e9892_deployment_series", "wf-run-id": "0195af0e-960d-715f-b6c6-08dcdf4b78ec", "queue-task-type": "WorkflowTaskTimeout", "queue-task-id": 1048988, "timestamp": "2025-03-19T15:38:52.814Z", "cursor-timestamp": "2025-03-19T15:38:48.644Z", "logging-call-at": "/Users/shivamsaraf/Desktop/work/temporal/common/log/with_logger.go:61"}
2025-03-19T11:38:47.813-0400	debug	Assigning new task key	{"host": "127.0.0.1:63280", "shard-id": 1, "address": "127.0.0.1:63280", "wf-namespace-id": "d0b550e3-6091-4a9b-a9aa-3d80ffb24954", "wf-id": "temporal-sys-worker-deployment:rrentVersion_Batching-564e9892_deployment_series", "wf-run-id": "0195af0e-960d-715f-b6c6-08dcdf4b78ec", "queue-task-type": "TransferWorkflowTask", "queue-task-id": 1048989, "timestamp": "2025-03-19T15:38:47.813Z", "cursor-timestamp": "2025-03-19T15:38:48.644Z", "logging-call-at": "/Users/shivamsaraf/Desktop/work/temporal/common/log/with_logger.go:61"}
2025-03-19T11:38:47.817-0400	debug	Process task as active.	{"host": "127.0.0.1:63280", "shard-id": 1, "address": "127.0.0.1:63280", "component": "transfer-queue-processor", "wf-namespace-id": "d0b550e3-6091-4a9b-a9aa-3d80ffb24954", "value": "d0b550e3-6091-4a9b-a9aa-3d80ffb24954/temporal-sys-worker-deployment:rrentVersion_Batching-564e9892_deployment_series/0195af0e-960d-715f-b6c6-08dcdf4b78ec", "logging-call-at": "/Users/shivamsaraf/Desktop/work/temporal/common/log/with_logger.go:61"}
2025-03-19T11:38:47.818-0400	debug	Workflow task updated	{"host": "127.0.0.1:63280", "shard-id": 1, "address": "127.0.0.1:63280", "wf-scheduled-event-id": 186, "wf-started-event-id": 187, "workflow-task-request-id": "3a55a454-aedc-4bd1-9f9d-c62d905e9ed3", "workflow-task-timeout": 10, "attempt": 1, "wf-started-timestamp": "2025-03-19T15:38:47.818Z", "wt-type": "Normal", "logging-call-at": "/Users/shivamsaraf/Desktop/work/temporal/common/log/with_logger.go:61"}
2025-03-19T11:38:47.818-0400	debug	Assigning new task key	{"host": "127.0.0.1:63280", "shard-id": 1, "address": "127.0.0.1:63280", "wf-namespace-id": "d0b550e3-6091-4a9b-a9aa-3d80ffb24954", "wf-id": "temporal-sys-worker-deployment:rrentVersion_Batching-564e9892_deployment_series", "wf-run-id": "0195af0e-960d-715f-b6c6-08dcdf4b78ec", "queue-task-type": "WorkflowTaskTimeout", "queue-task-id": 1048992, "timestamp": "2025-03-19T15:38:57.819Z", "cursor-timestamp": "2025-03-19T15:38:48.816Z", "logging-call-at": "/Users/shivamsaraf/Desktop/work/temporal/common/log/with_logger.go:61"}
2025-03-19T11:38:47.824-0400	debug	ExecuteActivity	{"host": "127.0.0.1:63281", "Namespace": "namespace-ec265ab4-426c-4316-a4b3-47fc66311932", "TaskQueue": "temporal-sys-per-ns-tq", "WorkerID": "temporal-system@Shivams-MacBook-Pro.local@namespace-ec265ab4-426c-4316-a4b3-47fc66311932", "WorkflowType": "temporal-sys-worker-deployment-workflow", "WorkflowID": "temporal-sys-worker-deployment:rrentVersion_Batching-564e9892_deployment_series", "RunID": "0195af0e-960d-715f-b6c6-08dcdf4b78ec", "Attempt": 0, "ActivityID": "190", "ActivityType": "RegisterWorkerInVersion", "logging-call-at": "/Users/shivamsaraf/Desktop/work/temporal/common/log/with_logger.go:61"}
2025-03-19T11:38:47.824-0400	debug	Frontend method invoked.	{"host": "127.0.0.1:63278", "wf-namespace": "namespace-ec265ab4-426c-4316-a4b3-47fc66311932", "operation": "PollWorkflowTaskQueue", "server-name": "", "cert-thumbprint": "", "logging-call-at": "/Users/shivamsaraf/Desktop/work/temporal/common/log/with_logger.go:61"}
2025-03-19T11:38:47.824-0400	debug	Received PollWorkflowTaskQueue	{"host": "127.0.0.1:63278", "service": "frontend", "logging-call-at": "/Users/shivamsaraf/Desktop/work/temporal/common/log/with_logger.go:61"}
2025-03-19T11:38:47.824-0400	debug	Poll workflow task queue.	{"host": "127.0.0.1:63278", "service": "frontend", "wf-namespace": "namespace-ec265ab4-426c-4316-a4b3-47fc66311932", "wf-namespace-id": "d0b550e3-6091-4a9b-a9aa-3d80ffb24954", "logging-call-at": "/Users/shivamsaraf/Desktop/work/temporal/common/log/with_logger.go:61"}
2025-03-19T11:38:47.825-0400	debug	Frontend method invoked.	{"host": "127.0.0.1:63278", "wf-namespace": "namespace-ec265ab4-426c-4316-a4b3-47fc66311932", "operation": "RespondWorkflowTaskCompleted", "server-name": "", "cert-thumbprint": "", "logging-call-at": "/Users/shivamsaraf/Desktop/work/temporal/common/log/with_logger.go:61"}
2025-03-19T11:38:47.825-0400	debug	RespondWorkflowTaskCompleted	{"host": "127.0.0.1:63280", "service": "history", "wf-namespace-id": "d0b550e3-6091-4a9b-a9aa-3d80ffb24954", "wf-id": "temporal-sys-worker-deployment:rrentVersion_Batching-564e9892_deployment_series", "wf-run-id": "0195af0e-960d-715f-b6c6-08dcdf4b78ec", "wf-scheduled-event-id": 186, "logging-call-at": "/Users/shivamsaraf/Desktop/work/temporal/common/log/with_logger.go:61"}
2025-03-19T11:38:47.825-0400	debug	Workflow task updated	{"host": "127.0.0.1:63280", "shard-id": 1, "address": "127.0.0.1:63280", "wf-scheduled-event-id": 0, "wf-started-event-id": 0, "workflow-task-request-id": "emptyUuid", "workflow-task-timeout": 0, "attempt": 1, "wf-started-timestamp": "1970-01-01T00:00:00.000Z", "wt-type": "Unspecified", "logging-call-at": "/Users/shivamsaraf/Desktop/work/temporal/common/log/with_logger.go:61"}
2025-03-19T11:38:47.826-0400	debug	update state change	{"host": "127.0.0.1:63280", "shard-id": 1, "address": "127.0.0.1:63280", "wf-namespace-id": "d0b550e3-6091-4a9b-a9aa-3d80ffb24954", "wf-id": "temporal-sys-worker-deployment:rrentVersion_Batching-564e9892_deployment_series", "wf-run-id": "0195af0e-960d-715f-b6c6-08dcdf4b78ec", "update-id": "987217d9-e73b-45cf-91b5-dfcc9eaef6dc", "from-state": "Accepted", "to-state": "ProvisionallyCompleted", "logging-call-at": "/Users/shivamsaraf/Desktop/work/temporal/common/log/with_logger.go:61"}
2025-03-19T11:38:47.826-0400	debug	Assigning new task key	{"host": "127.0.0.1:63280", "shard-id": 1, "address": "127.0.0.1:63280", "wf-namespace-id": "d0b550e3-6091-4a9b-a9aa-3d80ffb24954", "wf-id": "temporal-sys-worker-deployment:rrentVersion_Batching-564e9892_deployment_series", "wf-run-id": "0195af0e-960d-715f-b6c6-08dcdf4b78ec", "queue-task-type": "TransferActivityTask", "queue-task-id": 1048998, "timestamp": "2025-03-19T15:38:47.826Z", "cursor-timestamp": "2025-03-19T15:38:48.816Z", "logging-call-at": "/Users/shivamsaraf/Desktop/work/temporal/common/log/with_logger.go:61"}
2025-03-19T11:38:47.829-0400	debug	update state change	{"host": "127.0.0.1:63280", "shard-id": 1, "address": "127.0.0.1:63280", "wf-namespace-id": "d0b550e3-6091-4a9b-a9aa-3d80ffb24954", "wf-id": "temporal-sys-worker-deployment:rrentVersion_Batching-564e9892_deployment_series", "wf-run-id": "0195af0e-960d-715f-b6c6-08dcdf4b78ec", "update-id": "987217d9-e73b-45cf-91b5-dfcc9eaef6dc", "from-state": "ProvisionallyCompleted", "to-state": "Completed", "logging-call-at": "/Users/shivamsaraf/Desktop/work/temporal/common/log/with_logger.go:61"}
2025-03-19T11:38:47.829-0400	debug	deployment client success	{"host": "127.0.0.1:63279", "operation": "RegisterTaskQueueWorker", "elapsed": 4.289114667, "args": ["rrentVersion_Batching-564e9892_task_queue_32",1,"matching service"], "logging-call-at": "/Users/shivamsaraf/Desktop/work/temporal/common/log/with_logger.go:61"}
2025-03-19T11:38:47.829-0400	debug	Process task as active.	{"host": "127.0.0.1:63280", "shard-id": 1, "address": "127.0.0.1:63280", "component": "transfer-queue-processor", "wf-namespace-id": "d0b550e3-6091-4a9b-a9aa-3d80ffb24954", "value": "d0b550e3-6091-4a9b-a9aa-3d80ffb24954/temporal-sys-worker-deployment:rrentVersion_Batching-564e9892_deployment_series/0195af0e-960d-715f-b6c6-08dcdf4b78ec", "logging-call-at": "/Users/shivamsaraf/Desktop/work/temporal/common/log/with_logger.go:61"}
2025-03-19T11:38:47.830-0400	info	Started physicalTaskQueueManager	{"host": "127.0.0.1:63279", "component": "matching-engine", "wf-task-queue-name": "rrentVersion_Batching-564e9892_task_queue_32", "wf-task-queue-type": "Workflow", "wf-namespace": "namespace-ec265ab4-426c-4316-a4b3-47fc66311932", "worker-build-id": "rrentVersion_Batching-564e9892_deployment_series/rrentVersion_Batching-564e9892_build_id", "lifecycle": "Started", "cause": "UserData", "logging-call-at": "/Users/shivamsaraf/Desktop/work/temporal/common/log/with_logger.go:66"}
2025-03-19T11:38:47.830-0400	debug	Assigning new task key	{"host": "127.0.0.1:63280", "shard-id": 1, "address": "127.0.0.1:63280", "wf-namespace-id": "d0b550e3-6091-4a9b-a9aa-3d80ffb24954", "wf-id": "temporal-sys-worker-deployment:rrentVersion_Batching-564e9892_deployment_series", "wf-run-id": "0195af0e-960d-715f-b6c6-08dcdf4b78ec", "queue-task-type": "ActivityTimeout", "queue-task-id": 1049000, "timestamp": "2025-03-19T15:39:47.831Z", "cursor-timestamp": "2025-03-19T15:38:48.829Z", "logging-call-at": "/Users/shivamsaraf/Desktop/work/temporal/common/log/with_logger.go:61"}
2025-03-19T11:38:47.834-0400	debug	Frontend method invoked.	{"host": "127.0.0.1:63278", "wf-namespace": "namespace-ec265ab4-426c-4316-a4b3-47fc66311932", "operation": "PollActivityTaskQueue", "server-name": "", "cert-thumbprint": "", "logging-call-at": "/Users/shivamsaraf/Desktop/work/temporal/common/log/with_logger.go:61"}
2025-03-19T11:38:47.834-0400	debug	Received PollActivityTaskQueue	{"host": "127.0.0.1:63278", "service": "frontend", "logging-call-at": "/Users/shivamsaraf/Desktop/work/temporal/common/log/with_logger.go:61"}
2025-03-19T11:38:47.835-0400	debug	update state change	{"host": "127.0.0.1:63280", "shard-id": 4, "address": "127.0.0.1:63280", "wf-namespace-id": "d0b550e3-6091-4a9b-a9aa-3d80ffb24954", "wf-id": "temporal-sys-worker-deployment-version:rrentVersion_Batching-564e9892_deployment_series.rrentVersion_Batching-564e9892_build_id", "wf-run-id": "0195af0e-98a0-7d94-93e5-2a1d2e5942f8", "update-id": "dc7c6c9f-478f-4824-9622-63da737b6f76", "from-state": "Created", "to-state": "ProvisionallyAdmitted", "logging-call-at": "/Users/shivamsaraf/Desktop/work/temporal/common/log/with_logger.go:61"}
2025-03-19T11:38:47.835-0400	debug	update state change	{"host": "127.0.0.1:63280", "shard-id": 4, "address": "127.0.0.1:63280", "wf-namespace-id": "d0b550e3-6091-4a9b-a9aa-3d80ffb24954", "wf-id": "temporal-sys-worker-deployment-version:rrentVersion_Batching-564e9892_deployment_series.rrentVersion_Batching-564e9892_build_id", "wf-run-id": "0195af0e-98a0-7d94-93e5-2a1d2e5942f8", "update-id": "dc7c6c9f-478f-4824-9622-63da737b6f76", "from-state": "ProvisionallyAdmitted", "to-state": "Admitted", "logging-call-at": "/Users/shivamsaraf/Desktop/work/temporal/common/log/with_logger.go:61"}
2025-03-19T11:38:47.835-0400	debug	Workflow task updated	{"host": "127.0.0.1:63280", "shard-id": 4, "address": "127.0.0.1:63280", "wf-scheduled-event-id": 334, "wf-started-event-id": 0, "workflow-task-request-id": "emptyUuid", "workflow-task-timeout": 10, "attempt": 1, "wf-started-timestamp": "0001-01-01T00:00:00.000Z", "wt-type": "Speculative", "logging-call-at": "/Users/shivamsaraf/Desktop/work/temporal/common/log/with_logger.go:61"}
2025-03-19T11:38:47.836-0400	debug	Workflow task updated	{"host": "127.0.0.1:63280", "shard-id": 4, "address": "127.0.0.1:63280", "wf-scheduled-event-id": 334, "wf-started-event-id": 335, "workflow-task-request-id": "c4cdae45-e89c-4d4a-87df-b3debfb290d5", "workflow-task-timeout": 10, "attempt": 1, "wf-started-timestamp": "2025-03-19T15:38:47.836Z", "wt-type": "Speculative", "logging-call-at": "/Users/shivamsaraf/Desktop/work/temporal/common/log/with_logger.go:61"}
2025-03-19T11:38:47.836-0400	debug	update state change	{"host": "127.0.0.1:63280", "shard-id": 4, "address": "127.0.0.1:63280", "wf-namespace-id": "d0b550e3-6091-4a9b-a9aa-3d80ffb24954", "wf-id": "temporal-sys-worker-deployment-version:rrentVersion_Batching-564e9892_deployment_series.rrentVersion_Batching-564e9892_build_id", "wf-run-id": "0195af0e-98a0-7d94-93e5-2a1d2e5942f8", "update-id": "dc7c6c9f-478f-4824-9622-63da737b6f76", "from-state": "Admitted", "to-state": "Sent", "logging-call-at": "/Users/shivamsaraf/Desktop/work/temporal/common/log/with_logger.go:61"}
2025-03-19T11:38:47.840-0400	debug	ExecuteActivity	{"host": "127.0.0.1:63281", "Namespace": "namespace-ec265ab4-426c-4316-a4b3-47fc66311932", "TaskQueue": "temporal-sys-per-ns-tq", "WorkerID": "temporal-system@Shivams-MacBook-Pro.local@namespace-ec265ab4-426c-4316-a4b3-47fc66311932", "WorkflowType": "temporal-sys-worker-deployment-version-workflow", "WorkflowID": "temporal-sys-worker-deployment-version:rrentVersion_Batching-564e9892_deployment_series.rrentVersion_Batching-564e9892_build_id", "RunID": "0195af0e-98a0-7d94-93e5-2a1d2e5942f8", "Attempt": 0, "ActivityID": "338", "ActivityType": "SyncDeploymentVersionUserData", "logging-call-at": "/Users/shivamsaraf/Desktop/work/temporal/common/log/with_logger.go:61"}
2025-03-19T11:38:47.840-0400	debug	Frontend method invoked.	{"host": "127.0.0.1:63278", "wf-namespace": "namespace-ec265ab4-426c-4316-a4b3-47fc66311932", "operation": "PollWorkflowTaskQueue", "server-name": "", "cert-thumbprint": "", "logging-call-at": "/Users/shivamsaraf/Desktop/work/temporal/common/log/with_logger.go:61"}
2025-03-19T11:38:47.840-0400	debug	Received PollWorkflowTaskQueue	{"host": "127.0.0.1:63278", "service": "frontend", "logging-call-at": "/Users/shivamsaraf/Desktop/work/temporal/common/log/with_logger.go:61"}
2025-03-19T11:38:47.840-0400	debug	Poll workflow task queue.	{"host": "127.0.0.1:63278", "service": "frontend", "wf-namespace": "namespace-ec265ab4-426c-4316-a4b3-47fc66311932", "wf-namespace-id": "d0b550e3-6091-4a9b-a9aa-3d80ffb24954", "logging-call-at": "/Users/shivamsaraf/Desktop/work/temporal/common/log/with_logger.go:61"}
2025-03-19T11:38:47.840-0400	debug	Frontend method invoked.	{"host": "127.0.0.1:63278", "wf-namespace": "namespace-ec265ab4-426c-4316-a4b3-47fc66311932", "operation": "RespondWorkflowTaskCompleted", "server-name": "", "cert-thumbprint": "", "logging-call-at": "/Users/shivamsaraf/Desktop/work/temporal/common/log/with_logger.go:61"}
2025-03-19T11:38:47.841-0400	debug	RespondWorkflowTaskCompleted	{"host": "127.0.0.1:63280", "service": "history", "wf-namespace-id": "d0b550e3-6091-4a9b-a9aa-3d80ffb24954", "wf-id": "temporal-sys-worker-deployment-version:rrentVersion_Batching-564e9892_deployment_series.rrentVersion_Batching-564e9892_build_id", "wf-run-id": "0195af0e-98a0-7d94-93e5-2a1d2e5942f8", "wf-scheduled-event-id": 334, "logging-call-at": "/Users/shivamsaraf/Desktop/work/temporal/common/log/with_logger.go:61"}
2025-03-19T11:38:47.841-0400	debug	Workflow task updated	{"host": "127.0.0.1:63280", "shard-id": 4, "address": "127.0.0.1:63280", "wf-scheduled-event-id": 0, "wf-started-event-id": 0, "workflow-task-request-id": "emptyUuid", "workflow-task-timeout": 0, "attempt": 1, "wf-started-timestamp": "1970-01-01T00:00:00.000Z", "wt-type": "Unspecified", "logging-call-at": "/Users/shivamsaraf/Desktop/work/temporal/common/log/with_logger.go:61"}
2025-03-19T11:38:47.841-0400	debug	update state change	{"host": "127.0.0.1:63280", "shard-id": 4, "address": "127.0.0.1:63280", "wf-namespace-id": "d0b550e3-6091-4a9b-a9aa-3d80ffb24954", "wf-id": "temporal-sys-worker-deployment-version:rrentVersion_Batching-564e9892_deployment_series.rrentVersion_Batching-564e9892_build_id", "wf-run-id": "0195af0e-98a0-7d94-93e5-2a1d2e5942f8", "update-id": "dc7c6c9f-478f-4824-9622-63da737b6f76", "from-state": "Sent", "to-state": "ProvisionallyAccepted", "logging-call-at": "/Users/shivamsaraf/Desktop/work/temporal/common/log/with_logger.go:61"}
2025-03-19T11:38:47.841-0400	debug	Assigning new task key	{"host": "127.0.0.1:63280", "shard-id": 4, "address": "127.0.0.1:63280", "wf-namespace-id": "d0b550e3-6091-4a9b-a9aa-3d80ffb24954", "wf-id": "temporal-sys-worker-deployment-version:rrentVersion_Batching-564e9892_deployment_series.rrentVersion_Batching-564e9892_build_id", "wf-run-id": "0195af0e-98a0-7d94-93e5-2a1d2e5942f8", "queue-task-type": "TransferActivityTask", "queue-task-id": 1049445, "timestamp": "2025-03-19T15:38:47.841Z", "cursor-timestamp": "2025-03-19T15:38:48.800Z", "logging-call-at": "/Users/shivamsaraf/Desktop/work/temporal/common/log/with_logger.go:61"}
2025-03-19T11:38:47.845-0400	debug	update state change	{"host": "127.0.0.1:63280", "shard-id": 4, "address": "127.0.0.1:63280", "wf-namespace-id": "d0b550e3-6091-4a9b-a9aa-3d80ffb24954", "wf-id": "temporal-sys-worker-deployment-version:rrentVersion_Batching-564e9892_deployment_series.rrentVersion_Batching-564e9892_build_id", "wf-run-id": "0195af0e-98a0-7d94-93e5-2a1d2e5942f8", "update-id": "dc7c6c9f-478f-4824-9622-63da737b6f76", "from-state": "ProvisionallyAccepted", "to-state": "Accepted", "logging-call-at": "/Users/shivamsaraf/Desktop/work/temporal/common/log/with_logger.go:61"}
2025-03-19T11:38:47.845-0400	debug	Process task as active.	{"host": "127.0.0.1:63280", "shard-id": 4, "address": "127.0.0.1:63280", "component": "transfer-queue-processor", "wf-namespace-id": "d0b550e3-6091-4a9b-a9aa-3d80ffb24954", "value": "d0b550e3-6091-4a9b-a9aa-3d80ffb24954/temporal-sys-worker-deployment-version:rrentVersion_Batching-564e9892_deployment_series.rrentVersion_Batching-564e9892_build_id/0195af0e-98a0-7d94-93e5-2a1d2e5942f8", "logging-call-at": "/Users/shivamsaraf/Desktop/work/temporal/common/log/with_logger.go:61"}
2025-03-19T11:38:47.846-0400	debug	Assigning new task key	{"host": "127.0.0.1:63280", "shard-id": 4, "address": "127.0.0.1:63280", "wf-namespace-id": "d0b550e3-6091-4a9b-a9aa-3d80ffb24954", "wf-id": "temporal-sys-worker-deployment-version:rrentVersion_Batching-564e9892_deployment_series.rrentVersion_Batching-564e9892_build_id", "wf-run-id": "0195af0e-98a0-7d94-93e5-2a1d2e5942f8", "queue-task-type": "ActivityTimeout", "queue-task-id": 1049446, "timestamp": "2025-03-19T15:39:47.847Z", "cursor-timestamp": "2025-03-19T15:38:48.845Z", "logging-call-at": "/Users/shivamsaraf/Desktop/work/temporal/common/log/with_logger.go:61"}
2025-03-19T11:38:47.850-0400	info	syncing task queue userdata for deployment version	{"host": "127.0.0.1:63281", "Namespace": "namespace-ec265ab4-426c-4316-a4b3-47fc66311932", "TaskQueue": "temporal-sys-per-ns-tq", "WorkerID": "temporal-system@Shivams-MacBook-Pro.local@namespace-ec265ab4-426c-4316-a4b3-47fc66311932", "ActivityID": "338", "ActivityType": "SyncDeploymentVersionUserData", "Attempt": 1, "WorkflowType": "temporal-sys-worker-deployment-version-workflow", "WorkflowID": "temporal-sys-worker-deployment-version:rrentVersion_Batching-564e9892_deployment_series.rrentVersion_Batching-564e9892_build_id", "RunID": "0195af0e-98a0-7d94-93e5-2a1d2e5942f8", "taskQueue": "rrentVersion_Batching-564e9892_task_queue_36", "types": [1], "logging-call-at": "/Users/shivamsaraf/Desktop/work/temporal/common/log/with_logger.go:66"}
2025-03-19T11:38:47.850-0400	debug	Frontend method invoked.	{"host": "127.0.0.1:63278", "wf-namespace": "namespace-ec265ab4-426c-4316-a4b3-47fc66311932", "operation": "PollActivityTaskQueue", "server-name": "", "cert-thumbprint": "", "logging-call-at": "/Users/shivamsaraf/Desktop/work/temporal/common/log/with_logger.go:61"}
2025-03-19T11:38:47.850-0400	debug	Received PollActivityTaskQueue	{"host": "127.0.0.1:63278", "service": "frontend", "logging-call-at": "/Users/shivamsaraf/Desktop/work/temporal/common/log/with_logger.go:61"}
2025-03-19T11:38:47.952-0400	info	modified user data	{"host": "127.0.0.1:63279", "component": "matching-engine", "wf-task-queue-name": "rrentVersion_Batching-564e9892_task_queue_36", "wf-task-queue-type": "Workflow", "wf-namespace": "namespace-ec265ab4-426c-4316-a4b3-47fc66311932", "user-data-update-source": "SyncDeploymentUserData", "user-data-version": 1, "timestamp": "2025-03-19T15:38:47.850Z", "logging-call-at": "/Users/shivamsaraf/Desktop/work/temporal/common/log/with_logger.go:66"}
2025-03-19T11:38:47.952-0400	debug	user data changed while blocked in long poll	{"host": "127.0.0.1:63279", "component": "matching-engine", "wf-task-queue-name": "rrentVersion_Batching-564e9892_task_queue_36", "wf-task-queue-type": "Workflow", "wf-namespace": "namespace-ec265ab4-426c-4316-a4b3-47fc66311932", "logging-call-at": "/Users/shivamsaraf/Desktop/work/temporal/common/log/with_logger.go:61"}
2025-03-19T11:38:47.952-0400	debug	user data changed while blocked in long poll	{"host": "127.0.0.1:63279", "component": "matching-engine", "wf-task-queue-name": "rrentVersion_Batching-564e9892_task_queue_36", "wf-task-queue-type": "Workflow", "wf-namespace": "namespace-ec265ab4-426c-4316-a4b3-47fc66311932", "logging-call-at": "/Users/shivamsaraf/Desktop/work/temporal/common/log/with_logger.go:61"}
2025-03-19T11:38:47.952-0400	debug	user data changed while blocked in long poll	{"host": "127.0.0.1:63279", "component": "matching-engine", "wf-task-queue-name": "rrentVersion_Batching-564e9892_task_queue_36", "wf-task-queue-type": "Workflow", "wf-namespace": "namespace-ec265ab4-426c-4316-a4b3-47fc66311932", "logging-call-at": "/Users/shivamsaraf/Desktop/work/temporal/common/log/with_logger.go:61"}
2025-03-19T11:38:47.952-0400	info	returning user data	{"host": "127.0.0.1:63279", "component": "matching-engine", "wf-task-queue-name": "rrentVersion_Batching-564e9892_task_queue_36", "wf-task-queue-type": "Workflow", "wf-namespace": "namespace-ec265ab4-426c-4316-a4b3-47fc66311932", "long-poll": true, "request-known-version": 0, "user-data-version": 1, "logging-call-at": "/Users/shivamsaraf/Desktop/work/temporal/common/log/with_logger.go:66"}
2025-03-19T11:38:47.952-0400	info	returning user data	{"host": "127.0.0.1:63279", "component": "matching-engine", "wf-task-queue-name": "rrentVersion_Batching-564e9892_task_queue_36", "wf-task-queue-type": "Workflow", "wf-namespace": "namespace-ec265ab4-426c-4316-a4b3-47fc66311932", "long-poll": true, "request-known-version": 0, "user-data-version": 1, "logging-call-at": "/Users/shivamsaraf/Desktop/work/temporal/common/log/with_logger.go:66"}
2025-03-19T11:38:47.952-0400	info	returning user data	{"host": "127.0.0.1:63279", "component": "matching-engine", "wf-task-queue-name": "rrentVersion_Batching-564e9892_task_queue_36", "wf-task-queue-type": "Workflow", "wf-namespace": "namespace-ec265ab4-426c-4316-a4b3-47fc66311932", "long-poll": true, "request-known-version": 0, "user-data-version": 1, "logging-call-at": "/Users/shivamsaraf/Desktop/work/temporal/common/log/with_logger.go:66"}
2025-03-19T11:38:47.953-0400	debug	Frontend method invoked.	{"host": "127.0.0.1:63278", "wf-namespace": "namespace-ec265ab4-426c-4316-a4b3-47fc66311932", "operation": "RespondActivityTaskCompleted", "server-name": "", "cert-thumbprint": "", "logging-call-at": "/Users/shivamsaraf/Desktop/work/temporal/common/log/with_logger.go:61"}
2025-03-19T11:38:47.953-0400	info	fetched user data from parent	{"host": "127.0.0.1:63279", "component": "matching-engine", "wf-task-queue-name": "/_sys/rrentVersion_Batching-564e9892_task_queue_36/1", "wf-task-queue-type": "Workflow", "wf-namespace": "namespace-ec265ab4-426c-4316-a4b3-47fc66311932", "user-data-version": 1, "timestamp": "2025-03-19T15:38:47.850Z", "logging-call-at": "/Users/shivamsaraf/Desktop/work/temporal/common/log/with_logger.go:66"}
2025-03-19T11:38:47.953-0400	info	fetched user data from parent	{"host": "127.0.0.1:63279", "component": "matching-engine", "wf-task-queue-name": "/_sys/rrentVersion_Batching-564e9892_task_queue_36/2", "wf-task-queue-type": "Workflow", "wf-namespace": "namespace-ec265ab4-426c-4316-a4b3-47fc66311932", "user-data-version": 1, "timestamp": "2025-03-19T15:38:47.850Z", "logging-call-at": "/Users/shivamsaraf/Desktop/work/temporal/common/log/with_logger.go:66"}
2025-03-19T11:38:47.953-0400	info	fetched user data from parent	{"host": "127.0.0.1:63279", "component": "matching-engine", "wf-task-queue-name": "/_sys/rrentVersion_Batching-564e9892_task_queue_36/3", "wf-task-queue-type": "Workflow", "wf-namespace": "namespace-ec265ab4-426c-4316-a4b3-47fc66311932", "user-data-version": 1, "timestamp": "2025-03-19T15:38:47.850Z", "logging-call-at": "/Users/shivamsaraf/Desktop/work/temporal/common/log/with_logger.go:66"}
2025-03-19T11:38:47.953-0400	debug	Workflow task updated	{"host": "127.0.0.1:63280", "shard-id": 4, "address": "127.0.0.1:63280", "wf-scheduled-event-id": 341, "wf-started-event-id": 0, "workflow-task-request-id": "emptyUuid", "workflow-task-timeout": 10, "attempt": 1, "wf-started-timestamp": "0001-01-01T00:00:00.000Z", "wt-type": "Normal", "logging-call-at": "/Users/shivamsaraf/Desktop/work/temporal/common/log/with_logger.go:61"}
2025-03-19T11:38:47.954-0400	debug	Assigning new task key	{"host": "127.0.0.1:63280", "shard-id": 4, "address": "127.0.0.1:63280", "wf-namespace-id": "d0b550e3-6091-4a9b-a9aa-3d80ffb24954", "wf-id": "temporal-sys-worker-deployment-version:rrentVersion_Batching-564e9892_deployment_series.rrentVersion_Batching-564e9892_build_id", "wf-run-id": "0195af0e-98a0-7d94-93e5-2a1d2e5942f8", "queue-task-type": "WorkflowTaskTimeout", "queue-task-id": 1049452, "timestamp": "2025-03-19T15:38:52.954Z", "cursor-timestamp": "2025-03-19T15:38:48.845Z", "logging-call-at": "/Users/shivamsaraf/Desktop/work/temporal/common/log/with_logger.go:61"}
2025-03-19T11:38:47.954-0400	debug	Assigning new task key	{"host": "127.0.0.1:63280", "shard-id": 4, "address": "127.0.0.1:63280", "wf-namespace-id": "d0b550e3-6091-4a9b-a9aa-3d80ffb24954", "wf-id": "temporal-sys-worker-deployment-version:rrentVersion_Batching-564e9892_deployment_series.rrentVersion_Batching-564e9892_build_id", "wf-run-id": "0195af0e-98a0-7d94-93e5-2a1d2e5942f8", "queue-task-type": "TransferWorkflowTask", "queue-task-id": 1049453, "timestamp": "2025-03-19T15:38:47.954Z", "cursor-timestamp": "2025-03-19T15:38:48.845Z", "logging-call-at": "/Users/shivamsaraf/Desktop/work/temporal/common/log/with_logger.go:61"}
2025-03-19T11:38:47.960-0400	debug	Process task as active.	{"host": "127.0.0.1:63280", "shard-id": 4, "address": "127.0.0.1:63280", "component": "transfer-queue-processor", "wf-namespace-id": "d0b550e3-6091-4a9b-a9aa-3d80ffb24954", "value": "d0b550e3-6091-4a9b-a9aa-3d80ffb24954/temporal-sys-worker-deployment-version:rrentVersion_Batching-564e9892_deployment_series.rrentVersion_Batching-564e9892_build_id/0195af0e-98a0-7d94-93e5-2a1d2e5942f8", "logging-call-at": "/Users/shivamsaraf/Desktop/work/temporal/common/log/with_logger.go:61"}
2025-03-19T11:38:47.961-0400	debug	Workflow task updated	{"host": "127.0.0.1:63280", "shard-id": 4, "address": "127.0.0.1:63280", "wf-scheduled-event-id": 341, "wf-started-event-id": 342, "workflow-task-request-id": "6ee7411a-807a-407c-bcbc-93c0661a7d3d", "workflow-task-timeout": 10, "attempt": 1, "wf-started-timestamp": "2025-03-19T15:38:47.961Z", "wt-type": "Normal", "logging-call-at": "/Users/shivamsaraf/Desktop/work/temporal/common/log/with_logger.go:61"}
2025-03-19T11:38:47.961-0400	debug	Assigning new task key	{"host": "127.0.0.1:63280", "shard-id": 4, "address": "127.0.0.1:63280", "wf-namespace-id": "d0b550e3-6091-4a9b-a9aa-3d80ffb24954", "wf-id": "temporal-sys-worker-deployment-version:rrentVersion_Batching-564e9892_deployment_series.rrentVersion_Batching-564e9892_build_id", "wf-run-id": "0195af0e-98a0-7d94-93e5-2a1d2e5942f8", "queue-task-type": "WorkflowTaskTimeout", "queue-task-id": 1049456, "timestamp": "2025-03-19T15:38:57.962Z", "cursor-timestamp": "2025-03-19T15:38:48.959Z", "logging-call-at": "/Users/shivamsaraf/Desktop/work/temporal/common/log/with_logger.go:61"}
2025-03-19T11:38:47.970-0400	debug	ExecuteActivity	{"host": "127.0.0.1:63281", "Namespace": "namespace-ec265ab4-426c-4316-a4b3-47fc66311932", "TaskQueue": "temporal-sys-per-ns-tq", "WorkerID": "temporal-system@Shivams-MacBook-Pro.local@namespace-ec265ab4-426c-4316-a4b3-47fc66311932", "WorkflowType": "temporal-sys-worker-deployment-version-workflow", "WorkflowID": "temporal-sys-worker-deployment-version:rrentVersion_Batching-564e9892_deployment_series.rrentVersion_Batching-564e9892_build_id", "RunID": "0195af0e-98a0-7d94-93e5-2a1d2e5942f8", "Attempt": 0, "ActivityID": "344", "ActivityType": "CheckWorkerDeploymentUserDataPropagation", "logging-call-at": "/Users/shivamsaraf/Desktop/work/temporal/common/log/with_logger.go:61"}
2025-03-19T11:38:47.970-0400	debug	Frontend method invoked.	{"host": "127.0.0.1:63278", "wf-namespace": "namespace-ec265ab4-426c-4316-a4b3-47fc66311932", "operation": "PollWorkflowTaskQueue", "server-name": "", "cert-thumbprint": "", "logging-call-at": "/Users/shivamsaraf/Desktop/work/temporal/common/log/with_logger.go:61"}
2025-03-19T11:38:47.971-0400	debug	Received PollWorkflowTaskQueue	{"host": "127.0.0.1:63278", "service": "frontend", "logging-call-at": "/Users/shivamsaraf/Desktop/work/temporal/common/log/with_logger.go:61"}
2025-03-19T11:38:47.971-0400	debug	Poll workflow task queue.	{"host": "127.0.0.1:63278", "service": "frontend", "wf-namespace": "namespace-ec265ab4-426c-4316-a4b3-47fc66311932", "wf-namespace-id": "d0b550e3-6091-4a9b-a9aa-3d80ffb24954", "logging-call-at": "/Users/shivamsaraf/Desktop/work/temporal/common/log/with_logger.go:61"}
2025-03-19T11:38:47.971-0400	debug	Frontend method invoked.	{"host": "127.0.0.1:63278", "wf-namespace": "namespace-ec265ab4-426c-4316-a4b3-47fc66311932", "operation": "RespondWorkflowTaskCompleted", "server-name": "", "cert-thumbprint": "", "logging-call-at": "/Users/shivamsaraf/Desktop/work/temporal/common/log/with_logger.go:61"}
2025-03-19T11:38:47.971-0400	debug	RespondWorkflowTaskCompleted	{"host": "127.0.0.1:63280", "service": "history", "wf-namespace-id": "d0b550e3-6091-4a9b-a9aa-3d80ffb24954", "wf-id": "temporal-sys-worker-deployment-version:rrentVersion_Batching-564e9892_deployment_series.rrentVersion_Batching-564e9892_build_id", "wf-run-id": "0195af0e-98a0-7d94-93e5-2a1d2e5942f8", "wf-scheduled-event-id": 341, "logging-call-at": "/Users/shivamsaraf/Desktop/work/temporal/common/log/with_logger.go:61"}
2025-03-19T11:38:47.971-0400	debug	Workflow task updated	{"host": "127.0.0.1:63280", "shard-id": 4, "address": "127.0.0.1:63280", "wf-scheduled-event-id": 0, "wf-started-event-id": 0, "workflow-task-request-id": "emptyUuid", "workflow-task-timeout": 0, "attempt": 1, "wf-started-timestamp": "1970-01-01T00:00:00.000Z", "wt-type": "Unspecified", "logging-call-at": "/Users/shivamsaraf/Desktop/work/temporal/common/log/with_logger.go:61"}
2025-03-19T11:38:47.972-0400	debug	Assigning new task key	{"host": "127.0.0.1:63280", "shard-id": 4, "address": "127.0.0.1:63280", "wf-namespace-id": "d0b550e3-6091-4a9b-a9aa-3d80ffb24954", "wf-id": "temporal-sys-worker-deployment-version:rrentVersion_Batching-564e9892_deployment_series.rrentVersion_Batching-564e9892_build_id", "wf-run-id": "0195af0e-98a0-7d94-93e5-2a1d2e5942f8", "queue-task-type": "TransferActivityTask", "queue-task-id": 1049461, "timestamp": "2025-03-19T15:38:47.972Z", "cursor-timestamp": "2025-03-19T15:38:48.959Z", "logging-call-at": "/Users/shivamsaraf/Desktop/work/temporal/common/log/with_logger.go:61"}
2025-03-19T11:38:47.976-0400	debug	Process task as active.	{"host": "127.0.0.1:63280", "shard-id": 4, "address": "127.0.0.1:63280", "component": "transfer-queue-processor", "wf-namespace-id": "d0b550e3-6091-4a9b-a9aa-3d80ffb24954", "value": "d0b550e3-6091-4a9b-a9aa-3d80ffb24954/temporal-sys-worker-deployment-version:rrentVersion_Batching-564e9892_deployment_series.rrentVersion_Batching-564e9892_build_id/0195af0e-98a0-7d94-93e5-2a1d2e5942f8", "logging-call-at": "/Users/shivamsaraf/Desktop/work/temporal/common/log/with_logger.go:61"}
2025-03-19T11:38:47.977-0400	debug	Assigning new task key	{"host": "127.0.0.1:63280", "shard-id": 4, "address": "127.0.0.1:63280", "wf-namespace-id": "d0b550e3-6091-4a9b-a9aa-3d80ffb24954", "wf-id": "temporal-sys-worker-deployment-version:rrentVersion_Batching-564e9892_deployment_series.rrentVersion_Batching-564e9892_build_id", "wf-run-id": "0195af0e-98a0-7d94-93e5-2a1d2e5942f8", "queue-task-type": "ActivityTimeout", "queue-task-id": 1049462, "timestamp": "2025-03-19T15:39:47.978Z", "cursor-timestamp": "2025-03-19T15:38:48.976Z", "logging-call-at": "/Users/shivamsaraf/Desktop/work/temporal/common/log/with_logger.go:61"}
2025-03-19T11:38:47.981-0400	info	waiting for userdata propagation	{"host": "127.0.0.1:63281", "Namespace": "namespace-ec265ab4-426c-4316-a4b3-47fc66311932", "TaskQueue": "temporal-sys-per-ns-tq", "WorkerID": "temporal-system@Shivams-MacBook-Pro.local@namespace-ec265ab4-426c-4316-a4b3-47fc66311932", "ActivityID": "344", "ActivityType": "CheckWorkerDeploymentUserDataPropagation", "Attempt": 1, "WorkflowType": "temporal-sys-worker-deployment-version-workflow", "WorkflowID": "temporal-sys-worker-deployment-version:rrentVersion_Batching-564e9892_deployment_series.rrentVersion_Batching-564e9892_build_id", "RunID": "0195af0e-98a0-7d94-93e5-2a1d2e5942f8", "taskQueue": "rrentVersion_Batching-564e9892_task_queue_36", "version": 1, "logging-call-at": "/Users/shivamsaraf/Desktop/work/temporal/common/log/with_logger.go:66"}
2025-03-19T11:38:47.981-0400	debug	Frontend method invoked.	{"host": "127.0.0.1:63278", "wf-namespace": "namespace-ec265ab4-426c-4316-a4b3-47fc66311932", "operation": "PollActivityTaskQueue", "server-name": "", "cert-thumbprint": "", "logging-call-at": "/Users/shivamsaraf/Desktop/work/temporal/common/log/with_logger.go:61"}
2025-03-19T11:38:47.981-0400	debug	Received PollActivityTaskQueue	{"host": "127.0.0.1:63278", "service": "frontend", "logging-call-at": "/Users/shivamsaraf/Desktop/work/temporal/common/log/with_logger.go:61"}
2025-03-19T11:38:47.982-0400	info	returning user data	{"host": "127.0.0.1:63279", "component": "matching-engine", "wf-task-queue-name": "/_sys/rrentVersion_Batching-564e9892_task_queue_36/1", "wf-task-queue-type": "Workflow", "wf-namespace": "namespace-ec265ab4-426c-4316-a4b3-47fc66311932", "long-poll": true, "request-known-version": 0, "user-data-version": 1, "logging-call-at": "/Users/shivamsaraf/Desktop/work/temporal/common/log/with_logger.go:66"}
2025-03-19T11:38:47.982-0400	info	returning user data	{"host": "127.0.0.1:63279", "component": "matching-engine", "wf-task-queue-name": "/_sys/rrentVersion_Batching-564e9892_task_queue_36/2", "wf-task-queue-type": "Workflow", "wf-namespace": "namespace-ec265ab4-426c-4316-a4b3-47fc66311932", "long-poll": true, "request-known-version": 0, "user-data-version": 1, "logging-call-at": "/Users/shivamsaraf/Desktop/work/temporal/common/log/with_logger.go:66"}
2025-03-19T11:38:47.982-0400	info	matching client encountered error	{"host": "127.0.0.1:63279", "error": "partition was not loaded", "service-error-type": "serviceerror.FailedPrecondition", "logging-call-at": "/Users/shivamsaraf/Desktop/work/temporal/common/log/with_logger.go:66"}
2025-03-19T11:38:47.982-0400	info	returning user data	{"host": "127.0.0.1:63279", "component": "matching-engine", "wf-task-queue-name": "/_sys/rrentVersion_Batching-564e9892_task_queue_36/3", "wf-task-queue-type": "Workflow", "wf-namespace": "namespace-ec265ab4-426c-4316-a4b3-47fc66311932", "long-poll": true, "request-known-version": 0, "user-data-version": 1, "logging-call-at": "/Users/shivamsaraf/Desktop/work/temporal/common/log/with_logger.go:66"}
2025-03-19T11:38:47.982-0400	info	matching client encountered error	{"host": "127.0.0.1:63279", "error": "partition was not loaded", "service-error-type": "serviceerror.FailedPrecondition", "logging-call-at": "/Users/shivamsaraf/Desktop/work/temporal/common/log/with_logger.go:66"}
2025-03-19T11:38:47.982-0400	info	matching client encountered error	{"host": "127.0.0.1:63279", "error": "partition was not loaded", "service-error-type": "serviceerror.FailedPrecondition", "logging-call-at": "/Users/shivamsaraf/Desktop/work/temporal/common/log/with_logger.go:66"}
2025-03-19T11:38:47.983-0400	info	matching client encountered error	{"host": "127.0.0.1:63279", "error": "partition was not loaded", "service-error-type": "serviceerror.FailedPrecondition", "logging-call-at": "/Users/shivamsaraf/Desktop/work/temporal/common/log/with_logger.go:66"}
2025-03-19T11:38:47.983-0400	debug	Frontend method invoked.	{"host": "127.0.0.1:63278", "wf-namespace": "namespace-ec265ab4-426c-4316-a4b3-47fc66311932", "operation": "RespondActivityTaskCompleted", "server-name": "", "cert-thumbprint": "", "logging-call-at": "/Users/shivamsaraf/Desktop/work/temporal/common/log/with_logger.go:61"}
2025-03-19T11:38:47.984-0400	debug	Workflow task updated	{"host": "127.0.0.1:63280", "shard-id": 4, "address": "127.0.0.1:63280", "wf-scheduled-event-id": 347, "wf-started-event-id": 0, "workflow-task-request-id": "emptyUuid", "workflow-task-timeout": 10, "attempt": 1, "wf-started-timestamp": "0001-01-01T00:00:00.000Z", "wt-type": "Normal", "logging-call-at": "/Users/shivamsaraf/Desktop/work/temporal/common/log/with_logger.go:61"}
2025-03-19T11:38:47.984-0400	debug	Assigning new task key	{"host": "127.0.0.1:63280", "shard-id": 4, "address": "127.0.0.1:63280", "wf-namespace-id": "d0b550e3-6091-4a9b-a9aa-3d80ffb24954", "wf-id": "temporal-sys-worker-deployment-version:rrentVersion_Batching-564e9892_deployment_series.rrentVersion_Batching-564e9892_build_id", "wf-run-id": "0195af0e-98a0-7d94-93e5-2a1d2e5942f8", "queue-task-type": "TransferWorkflowTask", "queue-task-id": 1049468, "timestamp": "2025-03-19T15:38:47.984Z", "cursor-timestamp": "2025-03-19T15:38:48.976Z", "logging-call-at": "/Users/shivamsaraf/Desktop/work/temporal/common/log/with_logger.go:61"}
2025-03-19T11:38:47.984-0400	debug	Assigning new task key	{"host": "127.0.0.1:63280", "shard-id": 4, "address": "127.0.0.1:63280", "wf-namespace-id": "d0b550e3-6091-4a9b-a9aa-3d80ffb24954", "wf-id": "temporal-sys-worker-deployment-version:rrentVersion_Batching-564e9892_deployment_series.rrentVersion_Batching-564e9892_build_id", "wf-run-id": "0195af0e-98a0-7d94-93e5-2a1d2e5942f8", "queue-task-type": "WorkflowTaskTimeout", "queue-task-id": 1049469, "timestamp": "2025-03-19T15:38:52.985Z", "cursor-timestamp": "2025-03-19T15:38:48.976Z", "logging-call-at": "/Users/shivamsaraf/Desktop/work/temporal/common/log/with_logger.go:61"}
2025-03-19T11:38:47.988-0400	debug	Process task as active.	{"host": "127.0.0.1:63280", "shard-id": 4, "address": "127.0.0.1:63280", "component": "transfer-queue-processor", "wf-namespace-id": "d0b550e3-6091-4a9b-a9aa-3d80ffb24954", "value": "d0b550e3-6091-4a9b-a9aa-3d80ffb24954/temporal-sys-worker-deployment-version:rrentVersion_Batching-564e9892_deployment_series.rrentVersion_Batching-564e9892_build_id/0195af0e-98a0-7d94-93e5-2a1d2e5942f8", "logging-call-at": "/Users/shivamsaraf/Desktop/work/temporal/common/log/with_logger.go:61"}
2025-03-19T11:38:47.989-0400	debug	Workflow task updated	{"host": "127.0.0.1:63280", "shard-id": 4, "address": "127.0.0.1:63280", "wf-scheduled-event-id": 347, "wf-started-event-id": 348, "workflow-task-request-id": "528d3702-4ccf-4c6e-b4fe-caa00297c1c1", "workflow-task-timeout": 10, "attempt": 1, "wf-started-timestamp": "2025-03-19T15:38:47.989Z", "wt-type": "Normal", "logging-call-at": "/Users/shivamsaraf/Desktop/work/temporal/common/log/with_logger.go:61"}
2025-03-19T11:38:47.989-0400	debug	Assigning new task key	{"host": "127.0.0.1:63280", "shard-id": 4, "address": "127.0.0.1:63280", "wf-namespace-id": "d0b550e3-6091-4a9b-a9aa-3d80ffb24954", "wf-id": "temporal-sys-worker-deployment-version:rrentVersion_Batching-564e9892_deployment_series.rrentVersion_Batching-564e9892_build_id", "wf-run-id": "0195af0e-98a0-7d94-93e5-2a1d2e5942f8", "queue-task-type": "WorkflowTaskTimeout", "queue-task-id": 1049472, "timestamp": "2025-03-19T15:38:57.990Z", "cursor-timestamp": "2025-03-19T15:38:48.987Z", "logging-call-at": "/Users/shivamsaraf/Desktop/work/temporal/common/log/with_logger.go:61"}
2025-03-19T11:38:47.995-0400	debug	Frontend method invoked.	{"host": "127.0.0.1:63278", "wf-namespace": "namespace-ec265ab4-426c-4316-a4b3-47fc66311932", "operation": "PollWorkflowTaskQueue", "server-name": "", "cert-thumbprint": "", "logging-call-at": "/Users/shivamsaraf/Desktop/work/temporal/common/log/with_logger.go:61"}
2025-03-19T11:38:47.996-0400	debug	Received PollWorkflowTaskQueue	{"host": "127.0.0.1:63278", "service": "frontend", "logging-call-at": "/Users/shivamsaraf/Desktop/work/temporal/common/log/with_logger.go:61"}
2025-03-19T11:38:47.996-0400	debug	Poll workflow task queue.	{"host": "127.0.0.1:63278", "service": "frontend", "wf-namespace": "namespace-ec265ab4-426c-4316-a4b3-47fc66311932", "wf-namespace-id": "d0b550e3-6091-4a9b-a9aa-3d80ffb24954", "logging-call-at": "/Users/shivamsaraf/Desktop/work/temporal/common/log/with_logger.go:61"}
2025-03-19T11:38:47.996-0400	debug	Frontend method invoked.	{"host": "127.0.0.1:63278", "wf-namespace": "namespace-ec265ab4-426c-4316-a4b3-47fc66311932", "operation": "RespondWorkflowTaskCompleted", "server-name": "", "cert-thumbprint": "", "logging-call-at": "/Users/shivamsaraf/Desktop/work/temporal/common/log/with_logger.go:61"}
2025-03-19T11:38:47.996-0400	debug	RespondWorkflowTaskCompleted	{"host": "127.0.0.1:63280", "service": "history", "wf-namespace-id": "d0b550e3-6091-4a9b-a9aa-3d80ffb24954", "wf-id": "temporal-sys-worker-deployment-version:rrentVersion_Batching-564e9892_deployment_series.rrentVersion_Batching-564e9892_build_id", "wf-run-id": "0195af0e-98a0-7d94-93e5-2a1d2e5942f8", "wf-scheduled-event-id": 347, "logging-call-at": "/Users/shivamsaraf/Desktop/work/temporal/common/log/with_logger.go:61"}
2025-03-19T11:38:47.996-0400	debug	Workflow task updated	{"host": "127.0.0.1:63280", "shard-id": 4, "address": "127.0.0.1:63280", "wf-scheduled-event-id": 0, "wf-started-event-id": 0, "workflow-task-request-id": "emptyUuid", "workflow-task-timeout": 0, "attempt": 1, "wf-started-timestamp": "1970-01-01T00:00:00.000Z", "wt-type": "Unspecified", "logging-call-at": "/Users/shivamsaraf/Desktop/work/temporal/common/log/with_logger.go:61"}
2025-03-19T11:38:47.996-0400	debug	update state change	{"host": "127.0.0.1:63280", "shard-id": 4, "address": "127.0.0.1:63280", "wf-namespace-id": "d0b550e3-6091-4a9b-a9aa-3d80ffb24954", "wf-id": "temporal-sys-worker-deployment-version:rrentVersion_Batching-564e9892_deployment_series.rrentVersion_Batching-564e9892_build_id", "wf-run-id": "0195af0e-98a0-7d94-93e5-2a1d2e5942f8", "update-id": "dc7c6c9f-478f-4824-9622-63da737b6f76", "from-state": "Accepted", "to-state": "ProvisionallyCompleted", "logging-call-at": "/Users/shivamsaraf/Desktop/work/temporal/common/log/with_logger.go:61"}
2025-03-19T11:38:47.999-0400	debug	update state change	{"host": "127.0.0.1:63280", "shard-id": 4, "address": "127.0.0.1:63280", "wf-namespace-id": "d0b550e3-6091-4a9b-a9aa-3d80ffb24954", "wf-id": "temporal-sys-worker-deployment-version:rrentVersion_Batching-564e9892_deployment_series.rrentVersion_Batching-564e9892_build_id", "wf-run-id": "0195af0e-98a0-7d94-93e5-2a1d2e5942f8", "update-id": "dc7c6c9f-478f-4824-9622-63da737b6f76", "from-state": "ProvisionallyCompleted", "to-state": "Completed", "logging-call-at": "/Users/shivamsaraf/Desktop/work/temporal/common/log/with_logger.go:61"}
2025-03-19T11:38:48.000-0400	debug	Frontend method invoked.	{"host": "127.0.0.1:63278", "wf-namespace": "namespace-ec265ab4-426c-4316-a4b3-47fc66311932", "operation": "RespondActivityTaskCompleted", "server-name": "", "cert-thumbprint": "", "logging-call-at": "/Users/shivamsaraf/Desktop/work/temporal/common/log/with_logger.go:61"}
2025-03-19T11:38:48.001-0400	debug	Workflow task updated	{"host": "127.0.0.1:63280", "shard-id": 1, "address": "127.0.0.1:63280", "wf-scheduled-event-id": 193, "wf-started-event-id": 0, "workflow-task-request-id": "emptyUuid", "workflow-task-timeout": 10, "attempt": 1, "wf-started-timestamp": "0001-01-01T00:00:00.000Z", "wt-type": "Normal", "logging-call-at": "/Users/shivamsaraf/Desktop/work/temporal/common/log/with_logger.go:61"}
2025-03-19T11:38:48.001-0400	debug	Assigning new task key	{"host": "127.0.0.1:63280", "shard-id": 1, "address": "127.0.0.1:63280", "wf-namespace-id": "d0b550e3-6091-4a9b-a9aa-3d80ffb24954", "wf-id": "temporal-sys-worker-deployment:rrentVersion_Batching-564e9892_deployment_series", "wf-run-id": "0195af0e-960d-715f-b6c6-08dcdf4b78ec", "queue-task-type": "WorkflowTaskTimeout", "queue-task-id": 1049006, "timestamp": "2025-03-19T15:38:53.002Z", "cursor-timestamp": "2025-03-19T15:38:48.829Z", "logging-call-at": "/Users/shivamsaraf/Desktop/work/temporal/common/log/with_logger.go:61"}
2025-03-19T11:38:48.001-0400	debug	Assigning new task key	{"host": "127.0.0.1:63280", "shard-id": 1, "address": "127.0.0.1:63280", "wf-namespace-id": "d0b550e3-6091-4a9b-a9aa-3d80ffb24954", "wf-id": "temporal-sys-worker-deployment:rrentVersion_Batching-564e9892_deployment_series", "wf-run-id": "0195af0e-960d-715f-b6c6-08dcdf4b78ec", "queue-task-type": "TransferWorkflowTask", "queue-task-id": 1049007, "timestamp": "2025-03-19T15:38:48.001Z", "cursor-timestamp": "2025-03-19T15:38:48.829Z", "logging-call-at": "/Users/shivamsaraf/Desktop/work/temporal/common/log/with_logger.go:61"}
2025-03-19T11:38:48.005-0400	debug	Process task as active.	{"host": "127.0.0.1:63280", "shard-id": 1, "address": "127.0.0.1:63280", "component": "transfer-queue-processor", "wf-namespace-id": "d0b550e3-6091-4a9b-a9aa-3d80ffb24954", "value": "d0b550e3-6091-4a9b-a9aa-3d80ffb24954/temporal-sys-worker-deployment:rrentVersion_Batching-564e9892_deployment_series/0195af0e-960d-715f-b6c6-08dcdf4b78ec", "logging-call-at": "/Users/shivamsaraf/Desktop/work/temporal/common/log/with_logger.go:61"}
2025-03-19T11:38:48.005-0400	debug	Workflow task updated	{"host": "127.0.0.1:63280", "shard-id": 1, "address": "127.0.0.1:63280", "wf-scheduled-event-id": 193, "wf-started-event-id": 194, "workflow-task-request-id": "239cfceb-f7b5-4c52-8748-535b59ef1252", "workflow-task-timeout": 10, "attempt": 1, "wf-started-timestamp": "2025-03-19T15:38:48.005Z", "wt-type": "Normal", "logging-call-at": "/Users/shivamsaraf/Desktop/work/temporal/common/log/with_logger.go:61"}
2025-03-19T11:38:48.006-0400	debug	Assigning new task key	{"host": "127.0.0.1:63280", "shard-id": 1, "address": "127.0.0.1:63280", "wf-namespace-id": "d0b550e3-6091-4a9b-a9aa-3d80ffb24954", "wf-id": "temporal-sys-worker-deployment:rrentVersion_Batching-564e9892_deployment_series", "wf-run-id": "0195af0e-960d-715f-b6c6-08dcdf4b78ec", "queue-task-type": "WorkflowTaskTimeout", "queue-task-id": 1049010, "timestamp": "2025-03-19T15:38:58.006Z", "cursor-timestamp": "2025-03-19T15:38:49.004Z", "logging-call-at": "/Users/shivamsaraf/Desktop/work/temporal/common/log/with_logger.go:61"}
2025-03-19T11:38:48.012-0400	debug	ExecuteActivity	{"host": "127.0.0.1:63281", "Namespace": "namespace-ec265ab4-426c-4316-a4b3-47fc66311932", "TaskQueue": "temporal-sys-per-ns-tq", "WorkerID": "temporal-system@Shivams-MacBook-Pro.local@namespace-ec265ab4-426c-4316-a4b3-47fc66311932", "WorkflowType": "temporal-sys-worker-deployment-workflow", "WorkflowID": "temporal-sys-worker-deployment:rrentVersion_Batching-564e9892_deployment_series", "RunID": "0195af0e-960d-715f-b6c6-08dcdf4b78ec", "Attempt": 0, "ActivityID": "197", "ActivityType": "RegisterWorkerInVersion", "logging-call-at": "/Users/shivamsaraf/Desktop/work/temporal/common/log/with_logger.go:61"}
2025-03-19T11:38:48.012-0400	debug	Frontend method invoked.	{"host": "127.0.0.1:63278", "wf-namespace": "namespace-ec265ab4-426c-4316-a4b3-47fc66311932", "operation": "PollWorkflowTaskQueue", "server-name": "", "cert-thumbprint": "", "logging-call-at": "/Users/shivamsaraf/Desktop/work/temporal/common/log/with_logger.go:61"}
2025-03-19T11:38:48.012-0400	debug	Received PollWorkflowTaskQueue	{"host": "127.0.0.1:63278", "service": "frontend", "logging-call-at": "/Users/shivamsaraf/Desktop/work/temporal/common/log/with_logger.go:61"}
2025-03-19T11:38:48.012-0400	debug	Poll workflow task queue.	{"host": "127.0.0.1:63278", "service": "frontend", "wf-namespace": "namespace-ec265ab4-426c-4316-a4b3-47fc66311932", "wf-namespace-id": "d0b550e3-6091-4a9b-a9aa-3d80ffb24954", "logging-call-at": "/Users/shivamsaraf/Desktop/work/temporal/common/log/with_logger.go:61"}
2025-03-19T11:38:48.012-0400	debug	Frontend method invoked.	{"host": "127.0.0.1:63278", "wf-namespace": "namespace-ec265ab4-426c-4316-a4b3-47fc66311932", "operation": "RespondWorkflowTaskCompleted", "server-name": "", "cert-thumbprint": "", "logging-call-at": "/Users/shivamsaraf/Desktop/work/temporal/common/log/with_logger.go:61"}
2025-03-19T11:38:48.013-0400	debug	RespondWorkflowTaskCompleted	{"host": "127.0.0.1:63280", "service": "history", "wf-namespace-id": "d0b550e3-6091-4a9b-a9aa-3d80ffb24954", "wf-id": "temporal-sys-worker-deployment:rrentVersion_Batching-564e9892_deployment_series", "wf-run-id": "0195af0e-960d-715f-b6c6-08dcdf4b78ec", "wf-scheduled-event-id": 193, "logging-call-at": "/Users/shivamsaraf/Desktop/work/temporal/common/log/with_logger.go:61"}
2025-03-19T11:38:48.013-0400	debug	Workflow task updated	{"host": "127.0.0.1:63280", "shard-id": 1, "address": "127.0.0.1:63280", "wf-scheduled-event-id": 0, "wf-started-event-id": 0, "workflow-task-request-id": "emptyUuid", "workflow-task-timeout": 0, "attempt": 1, "wf-started-timestamp": "1970-01-01T00:00:00.000Z", "wt-type": "Unspecified", "logging-call-at": "/Users/shivamsaraf/Desktop/work/temporal/common/log/with_logger.go:61"}
2025-03-19T11:38:48.013-0400	debug	update state change	{"host": "127.0.0.1:63280", "shard-id": 1, "address": "127.0.0.1:63280", "wf-namespace-id": "d0b550e3-6091-4a9b-a9aa-3d80ffb24954", "wf-id": "temporal-sys-worker-deployment:rrentVersion_Batching-564e9892_deployment_series", "wf-run-id": "0195af0e-960d-715f-b6c6-08dcdf4b78ec", "update-id": "92938727-a666-41be-9404-32ca97b2ec5a", "from-state": "Accepted", "to-state": "ProvisionallyCompleted", "logging-call-at": "/Users/shivamsaraf/Desktop/work/temporal/common/log/with_logger.go:61"}
2025-03-19T11:38:48.013-0400	debug	Assigning new task key	{"host": "127.0.0.1:63280", "shard-id": 1, "address": "127.0.0.1:63280", "wf-namespace-id": "d0b550e3-6091-4a9b-a9aa-3d80ffb24954", "wf-id": "temporal-sys-worker-deployment:rrentVersion_Batching-564e9892_deployment_series", "wf-run-id": "0195af0e-960d-715f-b6c6-08dcdf4b78ec", "queue-task-type": "TransferActivityTask", "queue-task-id": 1049016, "timestamp": "2025-03-19T15:38:48.013Z", "cursor-timestamp": "2025-03-19T15:38:49.004Z", "logging-call-at": "/Users/shivamsaraf/Desktop/work/temporal/common/log/with_logger.go:61"}
2025-03-19T11:38:48.016-0400	debug	update state change	{"host": "127.0.0.1:63280", "shard-id": 1, "address": "127.0.0.1:63280", "wf-namespace-id": "d0b550e3-6091-4a9b-a9aa-3d80ffb24954", "wf-id": "temporal-sys-worker-deployment:rrentVersion_Batching-564e9892_deployment_series", "wf-run-id": "0195af0e-960d-715f-b6c6-08dcdf4b78ec", "update-id": "92938727-a666-41be-9404-32ca97b2ec5a", "from-state": "ProvisionallyCompleted", "to-state": "Completed", "logging-call-at": "/Users/shivamsaraf/Desktop/work/temporal/common/log/with_logger.go:61"}
2025-03-19T11:38:48.017-0400	debug	deployment client success	{"host": "127.0.0.1:63279", "operation": "RegisterTaskQueueWorker", "elapsed": 4.476452875, "args": ["rrentVersion_Batching-564e9892_task_queue_36",1,"matching service"], "logging-call-at": "/Users/shivamsaraf/Desktop/work/temporal/common/log/with_logger.go:61"}
2025-03-19T11:38:48.017-0400	debug	Process task as active.	{"host": "127.0.0.1:63280", "shard-id": 1, "address": "127.0.0.1:63280", "component": "transfer-queue-processor", "wf-namespace-id": "d0b550e3-6091-4a9b-a9aa-3d80ffb24954", "value": "d0b550e3-6091-4a9b-a9aa-3d80ffb24954/temporal-sys-worker-deployment:rrentVersion_Batching-564e9892_deployment_series/0195af0e-960d-715f-b6c6-08dcdf4b78ec", "logging-call-at": "/Users/shivamsaraf/Desktop/work/temporal/common/log/with_logger.go:61"}
2025-03-19T11:38:48.017-0400	info	Started physicalTaskQueueManager	{"host": "127.0.0.1:63279", "component": "matching-engine", "wf-task-queue-name": "rrentVersion_Batching-564e9892_task_queue_36", "wf-task-queue-type": "Workflow", "wf-namespace": "namespace-ec265ab4-426c-4316-a4b3-47fc66311932", "worker-build-id": "rrentVersion_Batching-564e9892_deployment_series/rrentVersion_Batching-564e9892_build_id", "lifecycle": "Started", "cause": "UserData", "logging-call-at": "/Users/shivamsaraf/Desktop/work/temporal/common/log/with_logger.go:66"}
2025-03-19T11:38:48.018-0400	debug	Assigning new task key	{"host": "127.0.0.1:63280", "shard-id": 1, "address": "127.0.0.1:63280", "wf-namespace-id": "d0b550e3-6091-4a9b-a9aa-3d80ffb24954", "wf-id": "temporal-sys-worker-deployment:rrentVersion_Batching-564e9892_deployment_series", "wf-run-id": "0195af0e-960d-715f-b6c6-08dcdf4b78ec", "queue-task-type": "ActivityTimeout", "queue-task-id": 1049018, "timestamp": "2025-03-19T15:39:48.019Z", "cursor-timestamp": "2025-03-19T15:38:49.016Z", "logging-call-at": "/Users/shivamsaraf/Desktop/work/temporal/common/log/with_logger.go:61"}
2025-03-19T11:38:48.022-0400	debug	Frontend method invoked.	{"host": "127.0.0.1:63278", "wf-namespace": "namespace-ec265ab4-426c-4316-a4b3-47fc66311932", "operation": "PollActivityTaskQueue", "server-name": "", "cert-thumbprint": "", "logging-call-at": "/Users/shivamsaraf/Desktop/work/temporal/common/log/with_logger.go:61"}
2025-03-19T11:38:48.022-0400	debug	Received PollActivityTaskQueue	{"host": "127.0.0.1:63278", "service": "frontend", "logging-call-at": "/Users/shivamsaraf/Desktop/work/temporal/common/log/with_logger.go:61"}
2025-03-19T11:38:48.023-0400	debug	update state change	{"host": "127.0.0.1:63280", "shard-id": 4, "address": "127.0.0.1:63280", "wf-namespace-id": "d0b550e3-6091-4a9b-a9aa-3d80ffb24954", "wf-id": "temporal-sys-worker-deployment-version:rrentVersion_Batching-564e9892_deployment_series.rrentVersion_Batching-564e9892_build_id", "wf-run-id": "0195af0e-98a0-7d94-93e5-2a1d2e5942f8", "update-id": "116b569e-b10c-4d53-a257-2e7af9104e5b", "from-state": "Created", "to-state": "ProvisionallyAdmitted", "logging-call-at": "/Users/shivamsaraf/Desktop/work/temporal/common/log/with_logger.go:61"}
2025-03-19T11:38:48.023-0400	debug	update state change	{"host": "127.0.0.1:63280", "shard-id": 4, "address": "127.0.0.1:63280", "wf-namespace-id": "d0b550e3-6091-4a9b-a9aa-3d80ffb24954", "wf-id": "temporal-sys-worker-deployment-version:rrentVersion_Batching-564e9892_deployment_series.rrentVersion_Batching-564e9892_build_id", "wf-run-id": "0195af0e-98a0-7d94-93e5-2a1d2e5942f8", "update-id": "116b569e-b10c-4d53-a257-2e7af9104e5b", "from-state": "ProvisionallyAdmitted", "to-state": "Admitted", "logging-call-at": "/Users/shivamsaraf/Desktop/work/temporal/common/log/with_logger.go:61"}
2025-03-19T11:38:48.023-0400	debug	Workflow task updated	{"host": "127.0.0.1:63280", "shard-id": 4, "address": "127.0.0.1:63280", "wf-scheduled-event-id": 351, "wf-started-event-id": 0, "workflow-task-request-id": "emptyUuid", "workflow-task-timeout": 10, "attempt": 1, "wf-started-timestamp": "0001-01-01T00:00:00.000Z", "wt-type": "Speculative", "logging-call-at": "/Users/shivamsaraf/Desktop/work/temporal/common/log/with_logger.go:61"}
2025-03-19T11:38:48.023-0400	debug	Workflow task updated	{"host": "127.0.0.1:63280", "shard-id": 4, "address": "127.0.0.1:63280", "wf-scheduled-event-id": 351, "wf-started-event-id": 352, "workflow-task-request-id": "6877005c-6705-4f2b-a318-dafb0d8401bd", "workflow-task-timeout": 10, "attempt": 1, "wf-started-timestamp": "2025-03-19T15:38:48.023Z", "wt-type": "Speculative", "logging-call-at": "/Users/shivamsaraf/Desktop/work/temporal/common/log/with_logger.go:61"}
2025-03-19T11:38:48.023-0400	debug	update state change	{"host": "127.0.0.1:63280", "shard-id": 4, "address": "127.0.0.1:63280", "wf-namespace-id": "d0b550e3-6091-4a9b-a9aa-3d80ffb24954", "wf-id": "temporal-sys-worker-deployment-version:rrentVersion_Batching-564e9892_deployment_series.rrentVersion_Batching-564e9892_build_id", "wf-run-id": "0195af0e-98a0-7d94-93e5-2a1d2e5942f8", "update-id": "116b569e-b10c-4d53-a257-2e7af9104e5b", "from-state": "Admitted", "to-state": "Sent", "logging-call-at": "/Users/shivamsaraf/Desktop/work/temporal/common/log/with_logger.go:61"}
2025-03-19T11:38:48.027-0400	debug	Frontend method invoked.	{"host": "127.0.0.1:63278", "wf-namespace": "namespace-ec265ab4-426c-4316-a4b3-47fc66311932", "operation": "PollWorkflowTaskQueue", "server-name": "", "cert-thumbprint": "", "logging-call-at": "/Users/shivamsaraf/Desktop/work/temporal/common/log/with_logger.go:61"}
2025-03-19T11:38:48.027-0400	debug	ExecuteActivity	{"host": "127.0.0.1:63281", "Namespace": "namespace-ec265ab4-426c-4316-a4b3-47fc66311932", "TaskQueue": "temporal-sys-per-ns-tq", "WorkerID": "temporal-system@Shivams-MacBook-Pro.local@namespace-ec265ab4-426c-4316-a4b3-47fc66311932", "WorkflowType": "temporal-sys-worker-deployment-version-workflow", "WorkflowID": "temporal-sys-worker-deployment-version:rrentVersion_Batching-564e9892_deployment_series.rrentVersion_Batching-564e9892_build_id", "RunID": "0195af0e-98a0-7d94-93e5-2a1d2e5942f8", "Attempt": 0, "ActivityID": "355", "ActivityType": "SyncDeploymentVersionUserData", "logging-call-at": "/Users/shivamsaraf/Desktop/work/temporal/common/log/with_logger.go:61"}
2025-03-19T11:38:48.027-0400	debug	Received PollWorkflowTaskQueue	{"host": "127.0.0.1:63278", "service": "frontend", "logging-call-at": "/Users/shivamsaraf/Desktop/work/temporal/common/log/with_logger.go:61"}
2025-03-19T11:38:48.027-0400	debug	Poll workflow task queue.	{"host": "127.0.0.1:63278", "service": "frontend", "wf-namespace": "namespace-ec265ab4-426c-4316-a4b3-47fc66311932", "wf-namespace-id": "d0b550e3-6091-4a9b-a9aa-3d80ffb24954", "logging-call-at": "/Users/shivamsaraf/Desktop/work/temporal/common/log/with_logger.go:61"}
2025-03-19T11:38:48.027-0400	debug	Frontend method invoked.	{"host": "127.0.0.1:63278", "wf-namespace": "namespace-ec265ab4-426c-4316-a4b3-47fc66311932", "operation": "RespondWorkflowTaskCompleted", "server-name": "", "cert-thumbprint": "", "logging-call-at": "/Users/shivamsaraf/Desktop/work/temporal/common/log/with_logger.go:61"}
2025-03-19T11:38:48.028-0400	debug	RespondWorkflowTaskCompleted	{"host": "127.0.0.1:63280", "service": "history", "wf-namespace-id": "d0b550e3-6091-4a9b-a9aa-3d80ffb24954", "wf-id": "temporal-sys-worker-deployment-version:rrentVersion_Batching-564e9892_deployment_series.rrentVersion_Batching-564e9892_build_id", "wf-run-id": "0195af0e-98a0-7d94-93e5-2a1d2e5942f8", "wf-scheduled-event-id": 351, "logging-call-at": "/Users/shivamsaraf/Desktop/work/temporal/common/log/with_logger.go:61"}
2025-03-19T11:38:48.028-0400	debug	Workflow task updated	{"host": "127.0.0.1:63280", "shard-id": 4, "address": "127.0.0.1:63280", "wf-scheduled-event-id": 0, "wf-started-event-id": 0, "workflow-task-request-id": "emptyUuid", "workflow-task-timeout": 0, "attempt": 1, "wf-started-timestamp": "1970-01-01T00:00:00.000Z", "wt-type": "Unspecified", "logging-call-at": "/Users/shivamsaraf/Desktop/work/temporal/common/log/with_logger.go:61"}
2025-03-19T11:38:48.028-0400	debug	update state change	{"host": "127.0.0.1:63280", "shard-id": 4, "address": "127.0.0.1:63280", "wf-namespace-id": "d0b550e3-6091-4a9b-a9aa-3d80ffb24954", "wf-id": "temporal-sys-worker-deployment-version:rrentVersion_Batching-564e9892_deployment_series.rrentVersion_Batching-564e9892_build_id", "wf-run-id": "0195af0e-98a0-7d94-93e5-2a1d2e5942f8", "update-id": "116b569e-b10c-4d53-a257-2e7af9104e5b", "from-state": "Sent", "to-state": "ProvisionallyAccepted", "logging-call-at": "/Users/shivamsaraf/Desktop/work/temporal/common/log/with_logger.go:61"}
2025-03-19T11:38:48.028-0400	debug	Assigning new task key	{"host": "127.0.0.1:63280", "shard-id": 4, "address": "127.0.0.1:63280", "wf-namespace-id": "d0b550e3-6091-4a9b-a9aa-3d80ffb24954", "wf-id": "temporal-sys-worker-deployment-version:rrentVersion_Batching-564e9892_deployment_series.rrentVersion_Batching-564e9892_build_id", "wf-run-id": "0195af0e-98a0-7d94-93e5-2a1d2e5942f8", "queue-task-type": "TransferActivityTask", "queue-task-id": 1049489, "timestamp": "2025-03-19T15:38:48.028Z", "cursor-timestamp": "2025-03-19T15:38:48.987Z", "logging-call-at": "/Users/shivamsaraf/Desktop/work/temporal/common/log/with_logger.go:61"}
2025-03-19T11:38:48.032-0400	debug	update state change	{"host": "127.0.0.1:63280", "shard-id": 4, "address": "127.0.0.1:63280", "wf-namespace-id": "d0b550e3-6091-4a9b-a9aa-3d80ffb24954", "wf-id": "temporal-sys-worker-deployment-version:rrentVersion_Batching-564e9892_deployment_series.rrentVersion_Batching-564e9892_build_id", "wf-run-id": "0195af0e-98a0-7d94-93e5-2a1d2e5942f8", "update-id": "116b569e-b10c-4d53-a257-2e7af9104e5b", "from-state": "ProvisionallyAccepted", "to-state": "Accepted", "logging-call-at": "/Users/shivamsaraf/Desktop/work/temporal/common/log/with_logger.go:61"}
2025-03-19T11:38:48.032-0400	debug	Process task as active.	{"host": "127.0.0.1:63280", "shard-id": 4, "address": "127.0.0.1:63280", "component": "transfer-queue-processor", "wf-namespace-id": "d0b550e3-6091-4a9b-a9aa-3d80ffb24954", "value": "d0b550e3-6091-4a9b-a9aa-3d80ffb24954/temporal-sys-worker-deployment-version:rrentVersion_Batching-564e9892_deployment_series.rrentVersion_Batching-564e9892_build_id/0195af0e-98a0-7d94-93e5-2a1d2e5942f8", "logging-call-at": "/Users/shivamsaraf/Desktop/work/temporal/common/log/with_logger.go:61"}
2025-03-19T11:38:48.033-0400	debug	Assigning new task key	{"host": "127.0.0.1:63280", "shard-id": 4, "address": "127.0.0.1:63280", "wf-namespace-id": "d0b550e3-6091-4a9b-a9aa-3d80ffb24954", "wf-id": "temporal-sys-worker-deployment-version:rrentVersion_Batching-564e9892_deployment_series.rrentVersion_Batching-564e9892_build_id", "wf-run-id": "0195af0e-98a0-7d94-93e5-2a1d2e5942f8", "queue-task-type": "ActivityTimeout", "queue-task-id": 1049490, "timestamp": "2025-03-19T15:39:48.034Z", "cursor-timestamp": "2025-03-19T15:38:49.032Z", "logging-call-at": "/Users/shivamsaraf/Desktop/work/temporal/common/log/with_logger.go:61"}
2025-03-19T11:38:48.037-0400	info	syncing task queue userdata for deployment version	{"host": "127.0.0.1:63281", "Namespace": "namespace-ec265ab4-426c-4316-a4b3-47fc66311932", "TaskQueue": "temporal-sys-per-ns-tq", "WorkerID": "temporal-system@Shivams-MacBook-Pro.local@namespace-ec265ab4-426c-4316-a4b3-47fc66311932", "ActivityID": "355", "ActivityType": "SyncDeploymentVersionUserData", "Attempt": 1, "WorkflowType": "temporal-sys-worker-deployment-version-workflow", "WorkflowID": "temporal-sys-worker-deployment-version:rrentVersion_Batching-564e9892_deployment_series.rrentVersion_Batching-564e9892_build_id", "RunID": "0195af0e-98a0-7d94-93e5-2a1d2e5942f8", "taskQueue": "rrentVersion_Batching-564e9892_task_queue_12", "types": [1], "logging-call-at": "/Users/shivamsaraf/Desktop/work/temporal/common/log/with_logger.go:66"}
2025-03-19T11:38:48.037-0400	debug	Frontend method invoked.	{"host": "127.0.0.1:63278", "wf-namespace": "namespace-ec265ab4-426c-4316-a4b3-47fc66311932", "operation": "PollActivityTaskQueue", "server-name": "", "cert-thumbprint": "", "logging-call-at": "/Users/shivamsaraf/Desktop/work/temporal/common/log/with_logger.go:61"}
2025-03-19T11:38:48.037-0400	debug	Received PollActivityTaskQueue	{"host": "127.0.0.1:63278", "service": "frontend", "logging-call-at": "/Users/shivamsaraf/Desktop/work/temporal/common/log/with_logger.go:61"}
2025-03-19T11:38:48.138-0400	info	modified user data	{"host": "127.0.0.1:63279", "component": "matching-engine", "wf-task-queue-name": "rrentVersion_Batching-564e9892_task_queue_12", "wf-task-queue-type": "Workflow", "wf-namespace": "namespace-ec265ab4-426c-4316-a4b3-47fc66311932", "user-data-update-source": "SyncDeploymentUserData", "user-data-version": 1, "timestamp": "2025-03-19T15:38:48.037Z", "logging-call-at": "/Users/shivamsaraf/Desktop/work/temporal/common/log/with_logger.go:66"}
2025-03-19T11:38:48.138-0400	debug	user data changed while blocked in long poll	{"host": "127.0.0.1:63279", "component": "matching-engine", "wf-task-queue-name": "rrentVersion_Batching-564e9892_task_queue_12", "wf-task-queue-type": "Workflow", "wf-namespace": "namespace-ec265ab4-426c-4316-a4b3-47fc66311932", "logging-call-at": "/Users/shivamsaraf/Desktop/work/temporal/common/log/with_logger.go:61"}
2025-03-19T11:38:48.138-0400	debug	user data changed while blocked in long poll	{"host": "127.0.0.1:63279", "component": "matching-engine", "wf-task-queue-name": "rrentVersion_Batching-564e9892_task_queue_12", "wf-task-queue-type": "Workflow", "wf-namespace": "namespace-ec265ab4-426c-4316-a4b3-47fc66311932", "logging-call-at": "/Users/shivamsaraf/Desktop/work/temporal/common/log/with_logger.go:61"}
2025-03-19T11:38:48.138-0400	debug	user data changed while blocked in long poll	{"host": "127.0.0.1:63279", "component": "matching-engine", "wf-task-queue-name": "rrentVersion_Batching-564e9892_task_queue_12", "wf-task-queue-type": "Workflow", "wf-namespace": "namespace-ec265ab4-426c-4316-a4b3-47fc66311932", "logging-call-at": "/Users/shivamsaraf/Desktop/work/temporal/common/log/with_logger.go:61"}
2025-03-19T11:38:48.138-0400	info	returning user data	{"host": "127.0.0.1:63279", "component": "matching-engine", "wf-task-queue-name": "rrentVersion_Batching-564e9892_task_queue_12", "wf-task-queue-type": "Workflow", "wf-namespace": "namespace-ec265ab4-426c-4316-a4b3-47fc66311932", "long-poll": true, "request-known-version": 0, "user-data-version": 1, "logging-call-at": "/Users/shivamsaraf/Desktop/work/temporal/common/log/with_logger.go:66"}
2025-03-19T11:38:48.138-0400	info	returning user data	{"host": "127.0.0.1:63279", "component": "matching-engine", "wf-task-queue-name": "rrentVersion_Batching-564e9892_task_queue_12", "wf-task-queue-type": "Workflow", "wf-namespace": "namespace-ec265ab4-426c-4316-a4b3-47fc66311932", "long-poll": true, "request-known-version": 0, "user-data-version": 1, "logging-call-at": "/Users/shivamsaraf/Desktop/work/temporal/common/log/with_logger.go:66"}
2025-03-19T11:38:48.138-0400	info	returning user data	{"host": "127.0.0.1:63279", "component": "matching-engine", "wf-task-queue-name": "rrentVersion_Batching-564e9892_task_queue_12", "wf-task-queue-type": "Workflow", "wf-namespace": "namespace-ec265ab4-426c-4316-a4b3-47fc66311932", "long-poll": true, "request-known-version": 0, "user-data-version": 1, "logging-call-at": "/Users/shivamsaraf/Desktop/work/temporal/common/log/with_logger.go:66"}
2025-03-19T11:38:48.139-0400	info	fetched user data from parent	{"host": "127.0.0.1:63279", "component": "matching-engine", "wf-task-queue-name": "/_sys/rrentVersion_Batching-564e9892_task_queue_12/2", "wf-task-queue-type": "Workflow", "wf-namespace": "namespace-ec265ab4-426c-4316-a4b3-47fc66311932", "user-data-version": 1, "timestamp": "2025-03-19T15:38:48.037Z", "logging-call-at": "/Users/shivamsaraf/Desktop/work/temporal/common/log/with_logger.go:66"}
2025-03-19T11:38:48.139-0400	info	fetched user data from parent	{"host": "127.0.0.1:63279", "component": "matching-engine", "wf-task-queue-name": "/_sys/rrentVersion_Batching-564e9892_task_queue_12/1", "wf-task-queue-type": "Workflow", "wf-namespace": "namespace-ec265ab4-426c-4316-a4b3-47fc66311932", "user-data-version": 1, "timestamp": "2025-03-19T15:38:48.037Z", "logging-call-at": "/Users/shivamsaraf/Desktop/work/temporal/common/log/with_logger.go:66"}
2025-03-19T11:38:48.139-0400	info	fetched user data from parent	{"host": "127.0.0.1:63279", "component": "matching-engine", "wf-task-queue-name": "/_sys/rrentVersion_Batching-564e9892_task_queue_12/3", "wf-task-queue-type": "Workflow", "wf-namespace": "namespace-ec265ab4-426c-4316-a4b3-47fc66311932", "user-data-version": 1, "timestamp": "2025-03-19T15:38:48.037Z", "logging-call-at": "/Users/shivamsaraf/Desktop/work/temporal/common/log/with_logger.go:66"}
2025-03-19T11:38:48.139-0400	debug	Frontend method invoked.	{"host": "127.0.0.1:63278", "wf-namespace": "namespace-ec265ab4-426c-4316-a4b3-47fc66311932", "operation": "RespondActivityTaskCompleted", "server-name": "", "cert-thumbprint": "", "logging-call-at": "/Users/shivamsaraf/Desktop/work/temporal/common/log/with_logger.go:61"}
2025-03-19T11:38:48.140-0400	debug	Workflow task updated	{"host": "127.0.0.1:63280", "shard-id": 4, "address": "127.0.0.1:63280", "wf-scheduled-event-id": 358, "wf-started-event-id": 0, "workflow-task-request-id": "emptyUuid", "workflow-task-timeout": 10, "attempt": 1, "wf-started-timestamp": "0001-01-01T00:00:00.000Z", "wt-type": "Normal", "logging-call-at": "/Users/shivamsaraf/Desktop/work/temporal/common/log/with_logger.go:61"}
2025-03-19T11:38:48.140-0400	debug	Assigning new task key	{"host": "127.0.0.1:63280", "shard-id": 4, "address": "127.0.0.1:63280", "wf-namespace-id": "d0b550e3-6091-4a9b-a9aa-3d80ffb24954", "wf-id": "temporal-sys-worker-deployment-version:rrentVersion_Batching-564e9892_deployment_series.rrentVersion_Batching-564e9892_build_id", "wf-run-id": "0195af0e-98a0-7d94-93e5-2a1d2e5942f8", "queue-task-type": "WorkflowTaskTimeout", "queue-task-id": 1049496, "timestamp": "2025-03-19T15:38:53.141Z", "cursor-timestamp": "2025-03-19T15:38:49.032Z", "logging-call-at": "/Users/shivamsaraf/Desktop/work/temporal/common/log/with_logger.go:61"}
2025-03-19T11:38:48.140-0400	debug	Assigning new task key	{"host": "127.0.0.1:63280", "shard-id": 4, "address": "127.0.0.1:63280", "wf-namespace-id": "d0b550e3-6091-4a9b-a9aa-3d80ffb24954", "wf-id": "temporal-sys-worker-deployment-version:rrentVersion_Batching-564e9892_deployment_series.rrentVersion_Batching-564e9892_build_id", "wf-run-id": "0195af0e-98a0-7d94-93e5-2a1d2e5942f8", "queue-task-type": "TransferWorkflowTask", "queue-task-id": 1049497, "timestamp": "2025-03-19T15:38:48.140Z", "cursor-timestamp": "2025-03-19T15:38:49.032Z", "logging-call-at": "/Users/shivamsaraf/Desktop/work/temporal/common/log/with_logger.go:61"}
2025-03-19T11:38:48.146-0400	debug	Process task as active.	{"host": "127.0.0.1:63280", "shard-id": 4, "address": "127.0.0.1:63280", "component": "transfer-queue-processor", "wf-namespace-id": "d0b550e3-6091-4a9b-a9aa-3d80ffb24954", "value": "d0b550e3-6091-4a9b-a9aa-3d80ffb24954/temporal-sys-worker-deployment-version:rrentVersion_Batching-564e9892_deployment_series.rrentVersion_Batching-564e9892_build_id/0195af0e-98a0-7d94-93e5-2a1d2e5942f8", "logging-call-at": "/Users/shivamsaraf/Desktop/work/temporal/common/log/with_logger.go:61"}
2025-03-19T11:38:48.147-0400	debug	Workflow task updated	{"host": "127.0.0.1:63280", "shard-id": 4, "address": "127.0.0.1:63280", "wf-scheduled-event-id": 358, "wf-started-event-id": 359, "workflow-task-request-id": "40cc49bf-9313-48c8-983d-2a4252a29e64", "workflow-task-timeout": 10, "attempt": 1, "wf-started-timestamp": "2025-03-19T15:38:48.146Z", "wt-type": "Normal", "logging-call-at": "/Users/shivamsaraf/Desktop/work/temporal/common/log/with_logger.go:61"}
2025-03-19T11:38:48.147-0400	debug	Assigning new task key	{"host": "127.0.0.1:63280", "shard-id": 4, "address": "127.0.0.1:63280", "wf-namespace-id": "d0b550e3-6091-4a9b-a9aa-3d80ffb24954", "wf-id": "temporal-sys-worker-deployment-version:rrentVersion_Batching-564e9892_deployment_series.rrentVersion_Batching-564e9892_build_id", "wf-run-id": "0195af0e-98a0-7d94-93e5-2a1d2e5942f8", "queue-task-type": "WorkflowTaskTimeout", "queue-task-id": 1049500, "timestamp": "2025-03-19T15:38:58.147Z", "cursor-timestamp": "2025-03-19T15:38:49.145Z", "logging-call-at": "/Users/shivamsaraf/Desktop/work/temporal/common/log/with_logger.go:61"}
2025-03-19T11:38:48.155-0400	debug	ExecuteActivity	{"host": "127.0.0.1:63281", "Namespace": "namespace-ec265ab4-426c-4316-a4b3-47fc66311932", "TaskQueue": "temporal-sys-per-ns-tq", "WorkerID": "temporal-system@Shivams-MacBook-Pro.local@namespace-ec265ab4-426c-4316-a4b3-47fc66311932", "WorkflowType": "temporal-sys-worker-deployment-version-workflow", "WorkflowID": "temporal-sys-worker-deployment-version:rrentVersion_Batching-564e9892_deployment_series.rrentVersion_Batching-564e9892_build_id", "RunID": "0195af0e-98a0-7d94-93e5-2a1d2e5942f8", "Attempt": 0, "ActivityID": "361", "ActivityType": "CheckWorkerDeploymentUserDataPropagation", "logging-call-at": "/Users/shivamsaraf/Desktop/work/temporal/common/log/with_logger.go:61"}
2025-03-19T11:38:48.155-0400	debug	Frontend method invoked.	{"host": "127.0.0.1:63278", "wf-namespace": "namespace-ec265ab4-426c-4316-a4b3-47fc66311932", "operation": "PollWorkflowTaskQueue", "server-name": "", "cert-thumbprint": "", "logging-call-at": "/Users/shivamsaraf/Desktop/work/temporal/common/log/with_logger.go:61"}
2025-03-19T11:38:48.156-0400	debug	Received PollWorkflowTaskQueue	{"host": "127.0.0.1:63278", "service": "frontend", "logging-call-at": "/Users/shivamsaraf/Desktop/work/temporal/common/log/with_logger.go:61"}
2025-03-19T11:38:48.156-0400	debug	Poll workflow task queue.	{"host": "127.0.0.1:63278", "service": "frontend", "wf-namespace": "namespace-ec265ab4-426c-4316-a4b3-47fc66311932", "wf-namespace-id": "d0b550e3-6091-4a9b-a9aa-3d80ffb24954", "logging-call-at": "/Users/shivamsaraf/Desktop/work/temporal/common/log/with_logger.go:61"}
2025-03-19T11:38:48.156-0400	debug	Frontend method invoked.	{"host": "127.0.0.1:63278", "wf-namespace": "namespace-ec265ab4-426c-4316-a4b3-47fc66311932", "operation": "RespondWorkflowTaskCompleted", "server-name": "", "cert-thumbprint": "", "logging-call-at": "/Users/shivamsaraf/Desktop/work/temporal/common/log/with_logger.go:61"}
2025-03-19T11:38:48.156-0400	debug	RespondWorkflowTaskCompleted	{"host": "127.0.0.1:63280", "service": "history", "wf-namespace-id": "d0b550e3-6091-4a9b-a9aa-3d80ffb24954", "wf-id": "temporal-sys-worker-deployment-version:rrentVersion_Batching-564e9892_deployment_series.rrentVersion_Batching-564e9892_build_id", "wf-run-id": "0195af0e-98a0-7d94-93e5-2a1d2e5942f8", "wf-scheduled-event-id": 358, "logging-call-at": "/Users/shivamsaraf/Desktop/work/temporal/common/log/with_logger.go:61"}
2025-03-19T11:38:48.156-0400	debug	Workflow task updated	{"host": "127.0.0.1:63280", "shard-id": 4, "address": "127.0.0.1:63280", "wf-scheduled-event-id": 0, "wf-started-event-id": 0, "workflow-task-request-id": "emptyUuid", "workflow-task-timeout": 0, "attempt": 1, "wf-started-timestamp": "1970-01-01T00:00:00.000Z", "wt-type": "Unspecified", "logging-call-at": "/Users/shivamsaraf/Desktop/work/temporal/common/log/with_logger.go:61"}
2025-03-19T11:38:48.157-0400	debug	Assigning new task key	{"host": "127.0.0.1:63280", "shard-id": 4, "address": "127.0.0.1:63280", "wf-namespace-id": "d0b550e3-6091-4a9b-a9aa-3d80ffb24954", "wf-id": "temporal-sys-worker-deployment-version:rrentVersion_Batching-564e9892_deployment_series.rrentVersion_Batching-564e9892_build_id", "wf-run-id": "0195af0e-98a0-7d94-93e5-2a1d2e5942f8", "queue-task-type": "TransferActivityTask", "queue-task-id": 1049505, "timestamp": "2025-03-19T15:38:48.157Z", "cursor-timestamp": "2025-03-19T15:38:49.145Z", "logging-call-at": "/Users/shivamsaraf/Desktop/work/temporal/common/log/with_logger.go:61"}
2025-03-19T11:38:48.161-0400	debug	Process task as active.	{"host": "127.0.0.1:63280", "shard-id": 4, "address": "127.0.0.1:63280", "component": "transfer-queue-processor", "wf-namespace-id": "d0b550e3-6091-4a9b-a9aa-3d80ffb24954", "value": "d0b550e3-6091-4a9b-a9aa-3d80ffb24954/temporal-sys-worker-deployment-version:rrentVersion_Batching-564e9892_deployment_series.rrentVersion_Batching-564e9892_build_id/0195af0e-98a0-7d94-93e5-2a1d2e5942f8", "logging-call-at": "/Users/shivamsaraf/Desktop/work/temporal/common/log/with_logger.go:61"}
2025-03-19T11:38:48.162-0400	debug	Assigning new task key	{"host": "127.0.0.1:63280", "shard-id": 4, "address": "127.0.0.1:63280", "wf-namespace-id": "d0b550e3-6091-4a9b-a9aa-3d80ffb24954", "wf-id": "temporal-sys-worker-deployment-version:rrentVersion_Batching-564e9892_deployment_series.rrentVersion_Batching-564e9892_build_id", "wf-run-id": "0195af0e-98a0-7d94-93e5-2a1d2e5942f8", "queue-task-type": "ActivityTimeout", "queue-task-id": 1049506, "timestamp": "2025-03-19T15:39:48.163Z", "cursor-timestamp": "2025-03-19T15:38:49.160Z", "logging-call-at": "/Users/shivamsaraf/Desktop/work/temporal/common/log/with_logger.go:61"}
2025-03-19T11:38:48.166-0400	info	waiting for userdata propagation	{"host": "127.0.0.1:63281", "Namespace": "namespace-ec265ab4-426c-4316-a4b3-47fc66311932", "TaskQueue": "temporal-sys-per-ns-tq", "WorkerID": "temporal-system@Shivams-MacBook-Pro.local@namespace-ec265ab4-426c-4316-a4b3-47fc66311932", "ActivityID": "361", "ActivityType": "CheckWorkerDeploymentUserDataPropagation", "Attempt": 1, "WorkflowType": "temporal-sys-worker-deployment-version-workflow", "WorkflowID": "temporal-sys-worker-deployment-version:rrentVersion_Batching-564e9892_deployment_series.rrentVersion_Batching-564e9892_build_id", "RunID": "0195af0e-98a0-7d94-93e5-2a1d2e5942f8", "taskQueue": "rrentVersion_Batching-564e9892_task_queue_12", "version": 1, "logging-call-at": "/Users/shivamsaraf/Desktop/work/temporal/common/log/with_logger.go:66"}
2025-03-19T11:38:48.166-0400	debug	Frontend method invoked.	{"host": "127.0.0.1:63278", "wf-namespace": "namespace-ec265ab4-426c-4316-a4b3-47fc66311932", "operation": "PollActivityTaskQueue", "server-name": "", "cert-thumbprint": "", "logging-call-at": "/Users/shivamsaraf/Desktop/work/temporal/common/log/with_logger.go:61"}
2025-03-19T11:38:48.166-0400	debug	Received PollActivityTaskQueue	{"host": "127.0.0.1:63278", "service": "frontend", "logging-call-at": "/Users/shivamsaraf/Desktop/work/temporal/common/log/with_logger.go:61"}
2025-03-19T11:38:48.167-0400	info	returning user data	{"host": "127.0.0.1:63279", "component": "matching-engine", "wf-task-queue-name": "/_sys/rrentVersion_Batching-564e9892_task_queue_12/3", "wf-task-queue-type": "Workflow", "wf-namespace": "namespace-ec265ab4-426c-4316-a4b3-47fc66311932", "long-poll": true, "request-known-version": 0, "user-data-version": 1, "logging-call-at": "/Users/shivamsaraf/Desktop/work/temporal/common/log/with_logger.go:66"}
2025-03-19T11:38:48.167-0400	info	matching client encountered error	{"host": "127.0.0.1:63279", "error": "partition was not loaded", "service-error-type": "serviceerror.FailedPrecondition", "logging-call-at": "/Users/shivamsaraf/Desktop/work/temporal/common/log/with_logger.go:66"}
2025-03-19T11:38:48.167-0400	info	returning user data	{"host": "127.0.0.1:63279", "component": "matching-engine", "wf-task-queue-name": "/_sys/rrentVersion_Batching-564e9892_task_queue_12/1", "wf-task-queue-type": "Workflow", "wf-namespace": "namespace-ec265ab4-426c-4316-a4b3-47fc66311932", "long-poll": true, "request-known-version": 0, "user-data-version": 1, "logging-call-at": "/Users/shivamsaraf/Desktop/work/temporal/common/log/with_logger.go:66"}
2025-03-19T11:38:48.167-0400	info	returning user data	{"host": "127.0.0.1:63279", "component": "matching-engine", "wf-task-queue-name": "/_sys/rrentVersion_Batching-564e9892_task_queue_12/2", "wf-task-queue-type": "Workflow", "wf-namespace": "namespace-ec265ab4-426c-4316-a4b3-47fc66311932", "long-poll": true, "request-known-version": 0, "user-data-version": 1, "logging-call-at": "/Users/shivamsaraf/Desktop/work/temporal/common/log/with_logger.go:66"}
2025-03-19T11:38:48.167-0400	info	matching client encountered error	{"host": "127.0.0.1:63279", "error": "partition was not loaded", "service-error-type": "serviceerror.FailedPrecondition", "logging-call-at": "/Users/shivamsaraf/Desktop/work/temporal/common/log/with_logger.go:66"}
2025-03-19T11:38:48.167-0400	info	matching client encountered error	{"host": "127.0.0.1:63279", "error": "partition was not loaded", "service-error-type": "serviceerror.FailedPrecondition", "logging-call-at": "/Users/shivamsaraf/Desktop/work/temporal/common/log/with_logger.go:66"}
2025-03-19T11:38:48.167-0400	info	matching client encountered error	{"host": "127.0.0.1:63279", "error": "partition was not loaded", "service-error-type": "serviceerror.FailedPrecondition", "logging-call-at": "/Users/shivamsaraf/Desktop/work/temporal/common/log/with_logger.go:66"}
2025-03-19T11:38:48.167-0400	debug	Frontend method invoked.	{"host": "127.0.0.1:63278", "wf-namespace": "namespace-ec265ab4-426c-4316-a4b3-47fc66311932", "operation": "RespondActivityTaskCompleted", "server-name": "", "cert-thumbprint": "", "logging-call-at": "/Users/shivamsaraf/Desktop/work/temporal/common/log/with_logger.go:61"}
2025-03-19T11:38:48.168-0400	debug	Workflow task updated	{"host": "127.0.0.1:63280", "shard-id": 4, "address": "127.0.0.1:63280", "wf-scheduled-event-id": 364, "wf-started-event-id": 0, "workflow-task-request-id": "emptyUuid", "workflow-task-timeout": 10, "attempt": 1, "wf-started-timestamp": "0001-01-01T00:00:00.000Z", "wt-type": "Normal", "logging-call-at": "/Users/shivamsaraf/Desktop/work/temporal/common/log/with_logger.go:61"}
2025-03-19T11:38:48.168-0400	debug	Assigning new task key	{"host": "127.0.0.1:63280", "shard-id": 4, "address": "127.0.0.1:63280", "wf-namespace-id": "d0b550e3-6091-4a9b-a9aa-3d80ffb24954", "wf-id": "temporal-sys-worker-deployment-version:rrentVersion_Batching-564e9892_deployment_series.rrentVersion_Batching-564e9892_build_id", "wf-run-id": "0195af0e-98a0-7d94-93e5-2a1d2e5942f8", "queue-task-type": "WorkflowTaskTimeout", "queue-task-id": 1049512, "timestamp": "2025-03-19T15:38:53.169Z", "cursor-timestamp": "2025-03-19T15:38:49.160Z", "logging-call-at": "/Users/shivamsaraf/Desktop/work/temporal/common/log/with_logger.go:61"}
2025-03-19T11:38:48.168-0400	debug	Assigning new task key	{"host": "127.0.0.1:63280", "shard-id": 4, "address": "127.0.0.1:63280", "wf-namespace-id": "d0b550e3-6091-4a9b-a9aa-3d80ffb24954", "wf-id": "temporal-sys-worker-deployment-version:rrentVersion_Batching-564e9892_deployment_series.rrentVersion_Batching-564e9892_build_id", "wf-run-id": "0195af0e-98a0-7d94-93e5-2a1d2e5942f8", "queue-task-type": "TransferWorkflowTask", "queue-task-id": 1049513, "timestamp": "2025-03-19T15:38:48.168Z", "cursor-timestamp": "2025-03-19T15:38:49.160Z", "logging-call-at": "/Users/shivamsaraf/Desktop/work/temporal/common/log/with_logger.go:61"}
2025-03-19T11:38:48.172-0400	debug	Process task as active.	{"host": "127.0.0.1:63280", "shard-id": 4, "address": "127.0.0.1:63280", "component": "transfer-queue-processor", "wf-namespace-id": "d0b550e3-6091-4a9b-a9aa-3d80ffb24954", "value": "d0b550e3-6091-4a9b-a9aa-3d80ffb24954/temporal-sys-worker-deployment-version:rrentVersion_Batching-564e9892_deployment_series.rrentVersion_Batching-564e9892_build_id/0195af0e-98a0-7d94-93e5-2a1d2e5942f8", "logging-call-at": "/Users/shivamsaraf/Desktop/work/temporal/common/log/with_logger.go:61"}
2025-03-19T11:38:48.173-0400	debug	Workflow task updated	{"host": "127.0.0.1:63280", "shard-id": 4, "address": "127.0.0.1:63280", "wf-scheduled-event-id": 364, "wf-started-event-id": 365, "workflow-task-request-id": "e67543bc-03ad-4e48-85fa-02eb0201300b", "workflow-task-timeout": 10, "attempt": 1, "wf-started-timestamp": "2025-03-19T15:38:48.173Z", "wt-type": "Normal", "logging-call-at": "/Users/shivamsaraf/Desktop/work/temporal/common/log/with_logger.go:61"}
2025-03-19T11:38:48.173-0400	debug	Assigning new task key	{"host": "127.0.0.1:63280", "shard-id": 4, "address": "127.0.0.1:63280", "wf-namespace-id": "d0b550e3-6091-4a9b-a9aa-3d80ffb24954", "wf-id": "temporal-sys-worker-deployment-version:rrentVersion_Batching-564e9892_deployment_series.rrentVersion_Batching-564e9892_build_id", "wf-run-id": "0195af0e-98a0-7d94-93e5-2a1d2e5942f8", "queue-task-type": "WorkflowTaskTimeout", "queue-task-id": 1049516, "timestamp": "2025-03-19T15:38:58.174Z", "cursor-timestamp": "2025-03-19T15:38:49.172Z", "logging-call-at": "/Users/shivamsaraf/Desktop/work/temporal/common/log/with_logger.go:61"}
2025-03-19T11:38:48.180-0400	debug	Frontend method invoked.	{"host": "127.0.0.1:63278", "wf-namespace": "namespace-ec265ab4-426c-4316-a4b3-47fc66311932", "operation": "PollWorkflowTaskQueue", "server-name": "", "cert-thumbprint": "", "logging-call-at": "/Users/shivamsaraf/Desktop/work/temporal/common/log/with_logger.go:61"}
2025-03-19T11:38:48.180-0400	debug	Received PollWorkflowTaskQueue	{"host": "127.0.0.1:63278", "service": "frontend", "logging-call-at": "/Users/shivamsaraf/Desktop/work/temporal/common/log/with_logger.go:61"}
2025-03-19T11:38:48.180-0400	debug	Poll workflow task queue.	{"host": "127.0.0.1:63278", "service": "frontend", "wf-namespace": "namespace-ec265ab4-426c-4316-a4b3-47fc66311932", "wf-namespace-id": "d0b550e3-6091-4a9b-a9aa-3d80ffb24954", "logging-call-at": "/Users/shivamsaraf/Desktop/work/temporal/common/log/with_logger.go:61"}
2025-03-19T11:38:48.180-0400	debug	Frontend method invoked.	{"host": "127.0.0.1:63278", "wf-namespace": "namespace-ec265ab4-426c-4316-a4b3-47fc66311932", "operation": "RespondWorkflowTaskCompleted", "server-name": "", "cert-thumbprint": "", "logging-call-at": "/Users/shivamsaraf/Desktop/work/temporal/common/log/with_logger.go:61"}
2025-03-19T11:38:48.181-0400	debug	RespondWorkflowTaskCompleted	{"host": "127.0.0.1:63280", "service": "history", "wf-namespace-id": "d0b550e3-6091-4a9b-a9aa-3d80ffb24954", "wf-id": "temporal-sys-worker-deployment-version:rrentVersion_Batching-564e9892_deployment_series.rrentVersion_Batching-564e9892_build_id", "wf-run-id": "0195af0e-98a0-7d94-93e5-2a1d2e5942f8", "wf-scheduled-event-id": 364, "logging-call-at": "/Users/shivamsaraf/Desktop/work/temporal/common/log/with_logger.go:61"}
2025-03-19T11:38:48.181-0400	debug	Workflow task updated	{"host": "127.0.0.1:63280", "shard-id": 4, "address": "127.0.0.1:63280", "wf-scheduled-event-id": 0, "wf-started-event-id": 0, "workflow-task-request-id": "emptyUuid", "workflow-task-timeout": 0, "attempt": 1, "wf-started-timestamp": "1970-01-01T00:00:00.000Z", "wt-type": "Unspecified", "logging-call-at": "/Users/shivamsaraf/Desktop/work/temporal/common/log/with_logger.go:61"}
2025-03-19T11:38:48.181-0400	debug	update state change	{"host": "127.0.0.1:63280", "shard-id": 4, "address": "127.0.0.1:63280", "wf-namespace-id": "d0b550e3-6091-4a9b-a9aa-3d80ffb24954", "wf-id": "temporal-sys-worker-deployment-version:rrentVersion_Batching-564e9892_deployment_series.rrentVersion_Batching-564e9892_build_id", "wf-run-id": "0195af0e-98a0-7d94-93e5-2a1d2e5942f8", "update-id": "116b569e-b10c-4d53-a257-2e7af9104e5b", "from-state": "Accepted", "to-state": "ProvisionallyCompleted", "logging-call-at": "/Users/shivamsaraf/Desktop/work/temporal/common/log/with_logger.go:61"}
2025-03-19T11:38:48.183-0400	debug	update state change	{"host": "127.0.0.1:63280", "shard-id": 4, "address": "127.0.0.1:63280", "wf-namespace-id": "d0b550e3-6091-4a9b-a9aa-3d80ffb24954", "wf-id": "temporal-sys-worker-deployment-version:rrentVersion_Batching-564e9892_deployment_series.rrentVersion_Batching-564e9892_build_id", "wf-run-id": "0195af0e-98a0-7d94-93e5-2a1d2e5942f8", "update-id": "116b569e-b10c-4d53-a257-2e7af9104e5b", "from-state": "ProvisionallyCompleted", "to-state": "Completed", "logging-call-at": "/Users/shivamsaraf/Desktop/work/temporal/common/log/with_logger.go:61"}
2025-03-19T11:38:48.184-0400	debug	Frontend method invoked.	{"host": "127.0.0.1:63278", "wf-namespace": "namespace-ec265ab4-426c-4316-a4b3-47fc66311932", "operation": "RespondActivityTaskCompleted", "server-name": "", "cert-thumbprint": "", "logging-call-at": "/Users/shivamsaraf/Desktop/work/temporal/common/log/with_logger.go:61"}
2025-03-19T11:38:48.185-0400	debug	Workflow task updated	{"host": "127.0.0.1:63280", "shard-id": 1, "address": "127.0.0.1:63280", "wf-scheduled-event-id": 200, "wf-started-event-id": 0, "workflow-task-request-id": "emptyUuid", "workflow-task-timeout": 10, "attempt": 1, "wf-started-timestamp": "0001-01-01T00:00:00.000Z", "wt-type": "Normal", "logging-call-at": "/Users/shivamsaraf/Desktop/work/temporal/common/log/with_logger.go:61"}
2025-03-19T11:38:48.185-0400	debug	Assigning new task key	{"host": "127.0.0.1:63280", "shard-id": 1, "address": "127.0.0.1:63280", "wf-namespace-id": "d0b550e3-6091-4a9b-a9aa-3d80ffb24954", "wf-id": "temporal-sys-worker-deployment:rrentVersion_Batching-564e9892_deployment_series", "wf-run-id": "0195af0e-960d-715f-b6c6-08dcdf4b78ec", "queue-task-type": "WorkflowTaskTimeout", "queue-task-id": 1049024, "timestamp": "2025-03-19T15:38:53.186Z", "cursor-timestamp": "2025-03-19T15:38:49.016Z", "logging-call-at": "/Users/shivamsaraf/Desktop/work/temporal/common/log/with_logger.go:61"}
2025-03-19T11:38:48.185-0400	debug	Assigning new task key	{"host": "127.0.0.1:63280", "shard-id": 1, "address": "127.0.0.1:63280", "wf-namespace-id": "d0b550e3-6091-4a9b-a9aa-3d80ffb24954", "wf-id": "temporal-sys-worker-deployment:rrentVersion_Batching-564e9892_deployment_series", "wf-run-id": "0195af0e-960d-715f-b6c6-08dcdf4b78ec", "queue-task-type": "TransferWorkflowTask", "queue-task-id": 1049025, "timestamp": "2025-03-19T15:38:48.185Z", "cursor-timestamp": "2025-03-19T15:38:49.016Z", "logging-call-at": "/Users/shivamsaraf/Desktop/work/temporal/common/log/with_logger.go:61"}
2025-03-19T11:38:48.189-0400	debug	Process task as active.	{"host": "127.0.0.1:63280", "shard-id": 1, "address": "127.0.0.1:63280", "component": "transfer-queue-processor", "wf-namespace-id": "d0b550e3-6091-4a9b-a9aa-3d80ffb24954", "value": "d0b550e3-6091-4a9b-a9aa-3d80ffb24954/temporal-sys-worker-deployment:rrentVersion_Batching-564e9892_deployment_series/0195af0e-960d-715f-b6c6-08dcdf4b78ec", "logging-call-at": "/Users/shivamsaraf/Desktop/work/temporal/common/log/with_logger.go:61"}
2025-03-19T11:38:48.189-0400	debug	Workflow task updated	{"host": "127.0.0.1:63280", "shard-id": 1, "address": "127.0.0.1:63280", "wf-scheduled-event-id": 200, "wf-started-event-id": 201, "workflow-task-request-id": "8e41d3a2-0cb5-41a4-9927-de06fb311dfd", "workflow-task-timeout": 10, "attempt": 1, "wf-started-timestamp": "2025-03-19T15:38:48.189Z", "wt-type": "Normal", "logging-call-at": "/Users/shivamsaraf/Desktop/work/temporal/common/log/with_logger.go:61"}
2025-03-19T11:38:48.189-0400	debug	Assigning new task key	{"host": "127.0.0.1:63280", "shard-id": 1, "address": "127.0.0.1:63280", "wf-namespace-id": "d0b550e3-6091-4a9b-a9aa-3d80ffb24954", "wf-id": "temporal-sys-worker-deployment:rrentVersion_Batching-564e9892_deployment_series", "wf-run-id": "0195af0e-960d-715f-b6c6-08dcdf4b78ec", "queue-task-type": "WorkflowTaskTimeout", "queue-task-id": 1049028, "timestamp": "2025-03-19T15:38:58.190Z", "cursor-timestamp": "2025-03-19T15:38:49.188Z", "logging-call-at": "/Users/shivamsaraf/Desktop/work/temporal/common/log/with_logger.go:61"}
2025-03-19T11:38:48.195-0400	debug	ExecuteActivity	{"host": "127.0.0.1:63281", "Namespace": "namespace-ec265ab4-426c-4316-a4b3-47fc66311932", "TaskQueue": "temporal-sys-per-ns-tq", "WorkerID": "temporal-system@Shivams-MacBook-Pro.local@namespace-ec265ab4-426c-4316-a4b3-47fc66311932", "WorkflowType": "temporal-sys-worker-deployment-workflow", "WorkflowID": "temporal-sys-worker-deployment:rrentVersion_Batching-564e9892_deployment_series", "RunID": "0195af0e-960d-715f-b6c6-08dcdf4b78ec", "Attempt": 0, "ActivityID": "204", "ActivityType": "RegisterWorkerInVersion", "logging-call-at": "/Users/shivamsaraf/Desktop/work/temporal/common/log/with_logger.go:61"}
2025-03-19T11:38:48.195-0400	debug	Frontend method invoked.	{"host": "127.0.0.1:63278", "wf-namespace": "namespace-ec265ab4-426c-4316-a4b3-47fc66311932", "operation": "PollWorkflowTaskQueue", "server-name": "", "cert-thumbprint": "", "logging-call-at": "/Users/shivamsaraf/Desktop/work/temporal/common/log/with_logger.go:61"}
2025-03-19T11:38:48.196-0400	debug	Received PollWorkflowTaskQueue	{"host": "127.0.0.1:63278", "service": "frontend", "logging-call-at": "/Users/shivamsaraf/Desktop/work/temporal/common/log/with_logger.go:61"}
2025-03-19T11:38:48.196-0400	debug	Poll workflow task queue.	{"host": "127.0.0.1:63278", "service": "frontend", "wf-namespace": "namespace-ec265ab4-426c-4316-a4b3-47fc66311932", "wf-namespace-id": "d0b550e3-6091-4a9b-a9aa-3d80ffb24954", "logging-call-at": "/Users/shivamsaraf/Desktop/work/temporal/common/log/with_logger.go:61"}
2025-03-19T11:38:48.196-0400	debug	Frontend method invoked.	{"host": "127.0.0.1:63278", "wf-namespace": "namespace-ec265ab4-426c-4316-a4b3-47fc66311932", "operation": "RespondWorkflowTaskCompleted", "server-name": "", "cert-thumbprint": "", "logging-call-at": "/Users/shivamsaraf/Desktop/work/temporal/common/log/with_logger.go:61"}
2025-03-19T11:38:48.197-0400	debug	RespondWorkflowTaskCompleted	{"host": "127.0.0.1:63280", "service": "history", "wf-namespace-id": "d0b550e3-6091-4a9b-a9aa-3d80ffb24954", "wf-id": "temporal-sys-worker-deployment:rrentVersion_Batching-564e9892_deployment_series", "wf-run-id": "0195af0e-960d-715f-b6c6-08dcdf4b78ec", "wf-scheduled-event-id": 200, "logging-call-at": "/Users/shivamsaraf/Desktop/work/temporal/common/log/with_logger.go:61"}
2025-03-19T11:38:48.197-0400	debug	Workflow task updated	{"host": "127.0.0.1:63280", "shard-id": 1, "address": "127.0.0.1:63280", "wf-scheduled-event-id": 0, "wf-started-event-id": 0, "workflow-task-request-id": "emptyUuid", "workflow-task-timeout": 0, "attempt": 1, "wf-started-timestamp": "1970-01-01T00:00:00.000Z", "wt-type": "Unspecified", "logging-call-at": "/Users/shivamsaraf/Desktop/work/temporal/common/log/with_logger.go:61"}
2025-03-19T11:38:48.197-0400	debug	update state change	{"host": "127.0.0.1:63280", "shard-id": 1, "address": "127.0.0.1:63280", "wf-namespace-id": "d0b550e3-6091-4a9b-a9aa-3d80ffb24954", "wf-id": "temporal-sys-worker-deployment:rrentVersion_Batching-564e9892_deployment_series", "wf-run-id": "0195af0e-960d-715f-b6c6-08dcdf4b78ec", "update-id": "ac6c8eef-bace-4b87-b87d-8f77b3e3b92d", "from-state": "Accepted", "to-state": "ProvisionallyCompleted", "logging-call-at": "/Users/shivamsaraf/Desktop/work/temporal/common/log/with_logger.go:61"}
2025-03-19T11:38:48.197-0400	debug	Assigning new task key	{"host": "127.0.0.1:63280", "shard-id": 1, "address": "127.0.0.1:63280", "wf-namespace-id": "d0b550e3-6091-4a9b-a9aa-3d80ffb24954", "wf-id": "temporal-sys-worker-deployment:rrentVersion_Batching-564e9892_deployment_series", "wf-run-id": "0195af0e-960d-715f-b6c6-08dcdf4b78ec", "queue-task-type": "TransferActivityTask", "queue-task-id": 1049034, "timestamp": "2025-03-19T15:38:48.197Z", "cursor-timestamp": "2025-03-19T15:38:49.188Z", "logging-call-at": "/Users/shivamsaraf/Desktop/work/temporal/common/log/with_logger.go:61"}
2025-03-19T11:38:48.200-0400	debug	update state change	{"host": "127.0.0.1:63280", "shard-id": 1, "address": "127.0.0.1:63280", "wf-namespace-id": "d0b550e3-6091-4a9b-a9aa-3d80ffb24954", "wf-id": "temporal-sys-worker-deployment:rrentVersion_Batching-564e9892_deployment_series", "wf-run-id": "0195af0e-960d-715f-b6c6-08dcdf4b78ec", "update-id": "ac6c8eef-bace-4b87-b87d-8f77b3e3b92d", "from-state": "ProvisionallyCompleted", "to-state": "Completed", "logging-call-at": "/Users/shivamsaraf/Desktop/work/temporal/common/log/with_logger.go:61"}
2025-03-19T11:38:48.201-0400	debug	deployment client success	{"host": "127.0.0.1:63279", "operation": "RegisterTaskQueueWorker", "elapsed": 4.658813833, "args": ["rrentVersion_Batching-564e9892_task_queue_12",1,"matching service"], "logging-call-at": "/Users/shivamsaraf/Desktop/work/temporal/common/log/with_logger.go:61"}
2025-03-19T11:38:48.201-0400	debug	Process task as active.	{"host": "127.0.0.1:63280", "shard-id": 1, "address": "127.0.0.1:63280", "component": "transfer-queue-processor", "wf-namespace-id": "d0b550e3-6091-4a9b-a9aa-3d80ffb24954", "value": "d0b550e3-6091-4a9b-a9aa-3d80ffb24954/temporal-sys-worker-deployment:rrentVersion_Batching-564e9892_deployment_series/0195af0e-960d-715f-b6c6-08dcdf4b78ec", "logging-call-at": "/Users/shivamsaraf/Desktop/work/temporal/common/log/with_logger.go:61"}
2025-03-19T11:38:48.201-0400	info	Started physicalTaskQueueManager	{"host": "127.0.0.1:63279", "component": "matching-engine", "wf-task-queue-name": "rrentVersion_Batching-564e9892_task_queue_12", "wf-task-queue-type": "Workflow", "wf-namespace": "namespace-ec265ab4-426c-4316-a4b3-47fc66311932", "worker-build-id": "rrentVersion_Batching-564e9892_deployment_series/rrentVersion_Batching-564e9892_build_id", "lifecycle": "Started", "cause": "UserData", "logging-call-at": "/Users/shivamsaraf/Desktop/work/temporal/common/log/with_logger.go:66"}
2025-03-19T11:38:48.202-0400	debug	Assigning new task key	{"host": "127.0.0.1:63280", "shard-id": 1, "address": "127.0.0.1:63280", "wf-namespace-id": "d0b550e3-6091-4a9b-a9aa-3d80ffb24954", "wf-id": "temporal-sys-worker-deployment:rrentVersion_Batching-564e9892_deployment_series", "wf-run-id": "0195af0e-960d-715f-b6c6-08dcdf4b78ec", "queue-task-type": "ActivityTimeout", "queue-task-id": 1049036, "timestamp": "2025-03-19T15:39:48.203Z", "cursor-timestamp": "2025-03-19T15:38:49.200Z", "logging-call-at": "/Users/shivamsaraf/Desktop/work/temporal/common/log/with_logger.go:61"}
2025-03-19T11:38:48.206-0400	debug	Frontend method invoked.	{"host": "127.0.0.1:63278", "wf-namespace": "namespace-ec265ab4-426c-4316-a4b3-47fc66311932", "operation": "PollActivityTaskQueue", "server-name": "", "cert-thumbprint": "", "logging-call-at": "/Users/shivamsaraf/Desktop/work/temporal/common/log/with_logger.go:61"}
2025-03-19T11:38:48.206-0400	debug	Received PollActivityTaskQueue	{"host": "127.0.0.1:63278", "service": "frontend", "logging-call-at": "/Users/shivamsaraf/Desktop/work/temporal/common/log/with_logger.go:61"}
2025-03-19T11:38:48.207-0400	debug	update state change	{"host": "127.0.0.1:63280", "shard-id": 4, "address": "127.0.0.1:63280", "wf-namespace-id": "d0b550e3-6091-4a9b-a9aa-3d80ffb24954", "wf-id": "temporal-sys-worker-deployment-version:rrentVersion_Batching-564e9892_deployment_series.rrentVersion_Batching-564e9892_build_id", "wf-run-id": "0195af0e-98a0-7d94-93e5-2a1d2e5942f8", "update-id": "c29c8041-3990-4a34-a568-e35e8c63c666", "from-state": "Created", "to-state": "ProvisionallyAdmitted", "logging-call-at": "/Users/shivamsaraf/Desktop/work/temporal/common/log/with_logger.go:61"}
2025-03-19T11:38:48.207-0400	debug	update state change	{"host": "127.0.0.1:63280", "shard-id": 4, "address": "127.0.0.1:63280", "wf-namespace-id": "d0b550e3-6091-4a9b-a9aa-3d80ffb24954", "wf-id": "temporal-sys-worker-deployment-version:rrentVersion_Batching-564e9892_deployment_series.rrentVersion_Batching-564e9892_build_id", "wf-run-id": "0195af0e-98a0-7d94-93e5-2a1d2e5942f8", "update-id": "c29c8041-3990-4a34-a568-e35e8c63c666", "from-state": "ProvisionallyAdmitted", "to-state": "Admitted", "logging-call-at": "/Users/shivamsaraf/Desktop/work/temporal/common/log/with_logger.go:61"}
2025-03-19T11:38:48.207-0400	debug	Workflow task updated	{"host": "127.0.0.1:63280", "shard-id": 4, "address": "127.0.0.1:63280", "wf-scheduled-event-id": 368, "wf-started-event-id": 0, "workflow-task-request-id": "emptyUuid", "workflow-task-timeout": 10, "attempt": 1, "wf-started-timestamp": "0001-01-01T00:00:00.000Z", "wt-type": "Speculative", "logging-call-at": "/Users/shivamsaraf/Desktop/work/temporal/common/log/with_logger.go:61"}
2025-03-19T11:38:48.208-0400	debug	Workflow task updated	{"host": "127.0.0.1:63280", "shard-id": 4, "address": "127.0.0.1:63280", "wf-scheduled-event-id": 368, "wf-started-event-id": 369, "workflow-task-request-id": "1d5c5cb5-d01d-401f-a15e-68f0b83f3efa", "workflow-task-timeout": 10, "attempt": 1, "wf-started-timestamp": "2025-03-19T15:38:48.208Z", "wt-type": "Speculative", "logging-call-at": "/Users/shivamsaraf/Desktop/work/temporal/common/log/with_logger.go:61"}
2025-03-19T11:38:48.208-0400	debug	update state change	{"host": "127.0.0.1:63280", "shard-id": 4, "address": "127.0.0.1:63280", "wf-namespace-id": "d0b550e3-6091-4a9b-a9aa-3d80ffb24954", "wf-id": "temporal-sys-worker-deployment-version:rrentVersion_Batching-564e9892_deployment_series.rrentVersion_Batching-564e9892_build_id", "wf-run-id": "0195af0e-98a0-7d94-93e5-2a1d2e5942f8", "update-id": "c29c8041-3990-4a34-a568-e35e8c63c666", "from-state": "Admitted", "to-state": "Sent", "logging-call-at": "/Users/shivamsaraf/Desktop/work/temporal/common/log/with_logger.go:61"}
2025-03-19T11:38:48.211-0400	debug	ExecuteActivity	{"host": "127.0.0.1:63281", "Namespace": "namespace-ec265ab4-426c-4316-a4b3-47fc66311932", "TaskQueue": "temporal-sys-per-ns-tq", "WorkerID": "temporal-system@Shivams-MacBook-Pro.local@namespace-ec265ab4-426c-4316-a4b3-47fc66311932", "WorkflowType": "temporal-sys-worker-deployment-version-workflow", "WorkflowID": "temporal-sys-worker-deployment-version:rrentVersion_Batching-564e9892_deployment_series.rrentVersion_Batching-564e9892_build_id", "RunID": "0195af0e-98a0-7d94-93e5-2a1d2e5942f8", "Attempt": 0, "ActivityID": "372", "ActivityType": "SyncDeploymentVersionUserData", "logging-call-at": "/Users/shivamsaraf/Desktop/work/temporal/common/log/with_logger.go:61"}
2025-03-19T11:38:48.212-0400	debug	Frontend method invoked.	{"host": "127.0.0.1:63278", "wf-namespace": "namespace-ec265ab4-426c-4316-a4b3-47fc66311932", "operation": "PollWorkflowTaskQueue", "server-name": "", "cert-thumbprint": "", "logging-call-at": "/Users/shivamsaraf/Desktop/work/temporal/common/log/with_logger.go:61"}
2025-03-19T11:38:48.212-0400	debug	Received PollWorkflowTaskQueue	{"host": "127.0.0.1:63278", "service": "frontend", "logging-call-at": "/Users/shivamsaraf/Desktop/work/temporal/common/log/with_logger.go:61"}
2025-03-19T11:38:48.212-0400	debug	Poll workflow task queue.	{"host": "127.0.0.1:63278", "service": "frontend", "wf-namespace": "namespace-ec265ab4-426c-4316-a4b3-47fc66311932", "wf-namespace-id": "d0b550e3-6091-4a9b-a9aa-3d80ffb24954", "logging-call-at": "/Users/shivamsaraf/Desktop/work/temporal/common/log/with_logger.go:61"}
2025-03-19T11:38:48.212-0400	debug	Frontend method invoked.	{"host": "127.0.0.1:63278", "wf-namespace": "namespace-ec265ab4-426c-4316-a4b3-47fc66311932", "operation": "RespondWorkflowTaskCompleted", "server-name": "", "cert-thumbprint": "", "logging-call-at": "/Users/shivamsaraf/Desktop/work/temporal/common/log/with_logger.go:61"}
2025-03-19T11:38:48.212-0400	debug	RespondWorkflowTaskCompleted	{"host": "127.0.0.1:63280", "service": "history", "wf-namespace-id": "d0b550e3-6091-4a9b-a9aa-3d80ffb24954", "wf-id": "temporal-sys-worker-deployment-version:rrentVersion_Batching-564e9892_deployment_series.rrentVersion_Batching-564e9892_build_id", "wf-run-id": "0195af0e-98a0-7d94-93e5-2a1d2e5942f8", "wf-scheduled-event-id": 368, "logging-call-at": "/Users/shivamsaraf/Desktop/work/temporal/common/log/with_logger.go:61"}
2025-03-19T11:38:48.213-0400	debug	Workflow task updated	{"host": "127.0.0.1:63280", "shard-id": 4, "address": "127.0.0.1:63280", "wf-scheduled-event-id": 0, "wf-started-event-id": 0, "workflow-task-request-id": "emptyUuid", "workflow-task-timeout": 0, "attempt": 1, "wf-started-timestamp": "1970-01-01T00:00:00.000Z", "wt-type": "Unspecified", "logging-call-at": "/Users/shivamsaraf/Desktop/work/temporal/common/log/with_logger.go:61"}
2025-03-19T11:38:48.213-0400	debug	update state change	{"host": "127.0.0.1:63280", "shard-id": 4, "address": "127.0.0.1:63280", "wf-namespace-id": "d0b550e3-6091-4a9b-a9aa-3d80ffb24954", "wf-id": "temporal-sys-worker-deployment-version:rrentVersion_Batching-564e9892_deployment_series.rrentVersion_Batching-564e9892_build_id", "wf-run-id": "0195af0e-98a0-7d94-93e5-2a1d2e5942f8", "update-id": "c29c8041-3990-4a34-a568-e35e8c63c666", "from-state": "Sent", "to-state": "ProvisionallyAccepted", "logging-call-at": "/Users/shivamsaraf/Desktop/work/temporal/common/log/with_logger.go:61"}
2025-03-19T11:38:48.213-0400	debug	Assigning new task key	{"host": "127.0.0.1:63280", "shard-id": 4, "address": "127.0.0.1:63280", "wf-namespace-id": "d0b550e3-6091-4a9b-a9aa-3d80ffb24954", "wf-id": "temporal-sys-worker-deployment-version:rrentVersion_Batching-564e9892_deployment_series.rrentVersion_Batching-564e9892_build_id", "wf-run-id": "0195af0e-98a0-7d94-93e5-2a1d2e5942f8", "queue-task-type": "TransferActivityTask", "queue-task-id": 1049533, "timestamp": "2025-03-19T15:38:48.213Z", "cursor-timestamp": "2025-03-19T15:38:49.172Z", "logging-call-at": "/Users/shivamsaraf/Desktop/work/temporal/common/log/with_logger.go:61"}
2025-03-19T11:38:48.216-0400	debug	update state change	{"host": "127.0.0.1:63280", "shard-id": 4, "address": "127.0.0.1:63280", "wf-namespace-id": "d0b550e3-6091-4a9b-a9aa-3d80ffb24954", "wf-id": "temporal-sys-worker-deployment-version:rrentVersion_Batching-564e9892_deployment_series.rrentVersion_Batching-564e9892_build_id", "wf-run-id": "0195af0e-98a0-7d94-93e5-2a1d2e5942f8", "update-id": "c29c8041-3990-4a34-a568-e35e8c63c666", "from-state": "ProvisionallyAccepted", "to-state": "Accepted", "logging-call-at": "/Users/shivamsaraf/Desktop/work/temporal/common/log/with_logger.go:61"}
2025-03-19T11:38:48.217-0400	debug	Process task as active.	{"host": "127.0.0.1:63280", "shard-id": 4, "address": "127.0.0.1:63280", "component": "transfer-queue-processor", "wf-namespace-id": "d0b550e3-6091-4a9b-a9aa-3d80ffb24954", "value": "d0b550e3-6091-4a9b-a9aa-3d80ffb24954/temporal-sys-worker-deployment-version:rrentVersion_Batching-564e9892_deployment_series.rrentVersion_Batching-564e9892_build_id/0195af0e-98a0-7d94-93e5-2a1d2e5942f8", "logging-call-at": "/Users/shivamsaraf/Desktop/work/temporal/common/log/with_logger.go:61"}
2025-03-19T11:38:48.218-0400	debug	Assigning new task key	{"host": "127.0.0.1:63280", "shard-id": 4, "address": "127.0.0.1:63280", "wf-namespace-id": "d0b550e3-6091-4a9b-a9aa-3d80ffb24954", "wf-id": "temporal-sys-worker-deployment-version:rrentVersion_Batching-564e9892_deployment_series.rrentVersion_Batching-564e9892_build_id", "wf-run-id": "0195af0e-98a0-7d94-93e5-2a1d2e5942f8", "queue-task-type": "ActivityTimeout", "queue-task-id": 1049534, "timestamp": "2025-03-19T15:39:48.219Z", "cursor-timestamp": "2025-03-19T15:38:49.216Z", "logging-call-at": "/Users/shivamsaraf/Desktop/work/temporal/common/log/with_logger.go:61"}
2025-03-19T11:38:48.221-0400	info	syncing task queue userdata for deployment version	{"host": "127.0.0.1:63281", "Namespace": "namespace-ec265ab4-426c-4316-a4b3-47fc66311932", "TaskQueue": "temporal-sys-per-ns-tq", "WorkerID": "temporal-system@Shivams-MacBook-Pro.local@namespace-ec265ab4-426c-4316-a4b3-47fc66311932", "ActivityID": "372", "ActivityType": "SyncDeploymentVersionUserData", "Attempt": 1, "WorkflowType": "temporal-sys-worker-deployment-version-workflow", "WorkflowID": "temporal-sys-worker-deployment-version:rrentVersion_Batching-564e9892_deployment_series.rrentVersion_Batching-564e9892_build_id", "RunID": "0195af0e-98a0-7d94-93e5-2a1d2e5942f8", "taskQueue": "rrentVersion_Batching-564e9892_task_queue_37", "types": [1], "logging-call-at": "/Users/shivamsaraf/Desktop/work/temporal/common/log/with_logger.go:66"}
2025-03-19T11:38:48.222-0400	debug	Frontend method invoked.	{"host": "127.0.0.1:63278", "wf-namespace": "namespace-ec265ab4-426c-4316-a4b3-47fc66311932", "operation": "PollActivityTaskQueue", "server-name": "", "cert-thumbprint": "", "logging-call-at": "/Users/shivamsaraf/Desktop/work/temporal/common/log/with_logger.go:61"}
2025-03-19T11:38:48.222-0400	debug	Received PollActivityTaskQueue	{"host": "127.0.0.1:63278", "service": "frontend", "logging-call-at": "/Users/shivamsaraf/Desktop/work/temporal/common/log/with_logger.go:61"}
2025-03-19T11:38:48.238-0400	debug	Frontend method invoked.	{"host": "127.0.0.1:63278", "wf-namespace": "namespace-ec265ab4-426c-4316-a4b3-47fc66311932", "operation": "DescribeWorkerDeploymentVersion", "server-name": "", "cert-thumbprint": "", "logging-call-at": "/Users/shivamsaraf/Desktop/work/temporal/common/log/with_logger.go:61"}
2025-03-19T11:38:48.241-0400	debug	Frontend method invoked.	{"host": "127.0.0.1:63278", "wf-namespace": "namespace-ec265ab4-426c-4316-a4b3-47fc66311932", "operation": "PollWorkflowTaskQueue", "server-name": "", "cert-thumbprint": "", "logging-call-at": "/Users/shivamsaraf/Desktop/work/temporal/common/log/with_logger.go:61"}
2025-03-19T11:38:48.241-0400	debug	Received PollWorkflowTaskQueue	{"host": "127.0.0.1:63278", "service": "frontend", "logging-call-at": "/Users/shivamsaraf/Desktop/work/temporal/common/log/with_logger.go:61"}
2025-03-19T11:38:48.241-0400	debug	Poll workflow task queue.	{"host": "127.0.0.1:63278", "service": "frontend", "wf-namespace": "namespace-ec265ab4-426c-4316-a4b3-47fc66311932", "wf-namespace-id": "d0b550e3-6091-4a9b-a9aa-3d80ffb24954", "logging-call-at": "/Users/shivamsaraf/Desktop/work/temporal/common/log/with_logger.go:61"}
2025-03-19T11:38:48.241-0400	debug	Frontend method invoked.	{"host": "127.0.0.1:63278", "wf-namespace": "namespace-ec265ab4-426c-4316-a4b3-47fc66311932", "operation": "RespondQueryTaskCompleted", "server-name": "", "cert-thumbprint": "", "logging-call-at": "/Users/shivamsaraf/Desktop/work/temporal/common/log/with_logger.go:61"}
2025-03-19T11:38:48.242-0400	debug	deployment client success	{"host": "127.0.0.1:63278", "operation": "DescribeVersion", "elapsed": 0.0037455, "args": ["rrentVersion_Batching-564e9892_deployment_series","rrentVersion_Batching-564e9892_build_id"], "logging-call-at": "/Users/shivamsaraf/Desktop/work/temporal/common/log/with_logger.go:61"}
2025-03-19T11:38:48.323-0400	info	modified user data	{"host": "127.0.0.1:63279", "component": "matching-engine", "wf-task-queue-name": "rrentVersion_Batching-564e9892_task_queue_37", "wf-task-queue-type": "Workflow", "wf-namespace": "namespace-ec265ab4-426c-4316-a4b3-47fc66311932", "user-data-update-source": "SyncDeploymentUserData", "user-data-version": 1, "timestamp": "2025-03-19T15:38:48.222Z", "logging-call-at": "/Users/shivamsaraf/Desktop/work/temporal/common/log/with_logger.go:66"}
2025-03-19T11:38:48.323-0400	debug	user data changed while blocked in long poll	{"host": "127.0.0.1:63279", "component": "matching-engine", "wf-task-queue-name": "rrentVersion_Batching-564e9892_task_queue_37", "wf-task-queue-type": "Workflow", "wf-namespace": "namespace-ec265ab4-426c-4316-a4b3-47fc66311932", "logging-call-at": "/Users/shivamsaraf/Desktop/work/temporal/common/log/with_logger.go:61"}
2025-03-19T11:38:48.323-0400	debug	user data changed while blocked in long poll	{"host": "127.0.0.1:63279", "component": "matching-engine", "wf-task-queue-name": "rrentVersion_Batching-564e9892_task_queue_37", "wf-task-queue-type": "Workflow", "wf-namespace": "namespace-ec265ab4-426c-4316-a4b3-47fc66311932", "logging-call-at": "/Users/shivamsaraf/Desktop/work/temporal/common/log/with_logger.go:61"}
2025-03-19T11:38:48.323-0400	debug	user data changed while blocked in long poll	{"host": "127.0.0.1:63279", "component": "matching-engine", "wf-task-queue-name": "rrentVersion_Batching-564e9892_task_queue_37", "wf-task-queue-type": "Workflow", "wf-namespace": "namespace-ec265ab4-426c-4316-a4b3-47fc66311932", "logging-call-at": "/Users/shivamsaraf/Desktop/work/temporal/common/log/with_logger.go:61"}
2025-03-19T11:38:48.323-0400	info	returning user data	{"host": "127.0.0.1:63279", "component": "matching-engine", "wf-task-queue-name": "rrentVersion_Batching-564e9892_task_queue_37", "wf-task-queue-type": "Workflow", "wf-namespace": "namespace-ec265ab4-426c-4316-a4b3-47fc66311932", "long-poll": true, "request-known-version": 0, "user-data-version": 1, "logging-call-at": "/Users/shivamsaraf/Desktop/work/temporal/common/log/with_logger.go:66"}
2025-03-19T11:38:48.323-0400	info	returning user data	{"host": "127.0.0.1:63279", "component": "matching-engine", "wf-task-queue-name": "rrentVersion_Batching-564e9892_task_queue_37", "wf-task-queue-type": "Workflow", "wf-namespace": "namespace-ec265ab4-426c-4316-a4b3-47fc66311932", "long-poll": true, "request-known-version": 0, "user-data-version": 1, "logging-call-at": "/Users/shivamsaraf/Desktop/work/temporal/common/log/with_logger.go:66"}
2025-03-19T11:38:48.323-0400	info	returning user data	{"host": "127.0.0.1:63279", "component": "matching-engine", "wf-task-queue-name": "rrentVersion_Batching-564e9892_task_queue_37", "wf-task-queue-type": "Workflow", "wf-namespace": "namespace-ec265ab4-426c-4316-a4b3-47fc66311932", "long-poll": true, "request-known-version": 0, "user-data-version": 1, "logging-call-at": "/Users/shivamsaraf/Desktop/work/temporal/common/log/with_logger.go:66"}
2025-03-19T11:38:48.324-0400	debug	Frontend method invoked.	{"host": "127.0.0.1:63278", "wf-namespace": "namespace-ec265ab4-426c-4316-a4b3-47fc66311932", "operation": "RespondActivityTaskCompleted", "server-name": "", "cert-thumbprint": "", "logging-call-at": "/Users/shivamsaraf/Desktop/work/temporal/common/log/with_logger.go:61"}
2025-03-19T11:38:48.324-0400	info	fetched user data from parent	{"host": "127.0.0.1:63279", "component": "matching-engine", "wf-task-queue-name": "/_sys/rrentVersion_Batching-564e9892_task_queue_37/1", "wf-task-queue-type": "Workflow", "wf-namespace": "namespace-ec265ab4-426c-4316-a4b3-47fc66311932", "user-data-version": 1, "timestamp": "2025-03-19T15:38:48.222Z", "logging-call-at": "/Users/shivamsaraf/Desktop/work/temporal/common/log/with_logger.go:66"}
2025-03-19T11:38:48.324-0400	info	fetched user data from parent	{"host": "127.0.0.1:63279", "component": "matching-engine", "wf-task-queue-name": "/_sys/rrentVersion_Batching-564e9892_task_queue_37/2", "wf-task-queue-type": "Workflow", "wf-namespace": "namespace-ec265ab4-426c-4316-a4b3-47fc66311932", "user-data-version": 1, "timestamp": "2025-03-19T15:38:48.222Z", "logging-call-at": "/Users/shivamsaraf/Desktop/work/temporal/common/log/with_logger.go:66"}
2025-03-19T11:38:48.324-0400	info	fetched user data from parent	{"host": "127.0.0.1:63279", "component": "matching-engine", "wf-task-queue-name": "/_sys/rrentVersion_Batching-564e9892_task_queue_37/3", "wf-task-queue-type": "Workflow", "wf-namespace": "namespace-ec265ab4-426c-4316-a4b3-47fc66311932", "user-data-version": 1, "timestamp": "2025-03-19T15:38:48.222Z", "logging-call-at": "/Users/shivamsaraf/Desktop/work/temporal/common/log/with_logger.go:66"}
2025-03-19T11:38:48.324-0400	debug	Workflow task updated	{"host": "127.0.0.1:63280", "shard-id": 4, "address": "127.0.0.1:63280", "wf-scheduled-event-id": 375, "wf-started-event-id": 0, "workflow-task-request-id": "emptyUuid", "workflow-task-timeout": 10, "attempt": 1, "wf-started-timestamp": "0001-01-01T00:00:00.000Z", "wt-type": "Normal", "logging-call-at": "/Users/shivamsaraf/Desktop/work/temporal/common/log/with_logger.go:61"}
2025-03-19T11:38:48.325-0400	debug	Assigning new task key	{"host": "127.0.0.1:63280", "shard-id": 4, "address": "127.0.0.1:63280", "wf-namespace-id": "d0b550e3-6091-4a9b-a9aa-3d80ffb24954", "wf-id": "temporal-sys-worker-deployment-version:rrentVersion_Batching-564e9892_deployment_series.rrentVersion_Batching-564e9892_build_id", "wf-run-id": "0195af0e-98a0-7d94-93e5-2a1d2e5942f8", "queue-task-type": "WorkflowTaskTimeout", "queue-task-id": 1049540, "timestamp": "2025-03-19T15:38:53.325Z", "cursor-timestamp": "2025-03-19T15:38:49.216Z", "logging-call-at": "/Users/shivamsaraf/Desktop/work/temporal/common/log/with_logger.go:61"}
2025-03-19T11:38:48.325-0400	debug	Assigning new task key	{"host": "127.0.0.1:63280", "shard-id": 4, "address": "127.0.0.1:63280", "wf-namespace-id": "d0b550e3-6091-4a9b-a9aa-3d80ffb24954", "wf-id": "temporal-sys-worker-deployment-version:rrentVersion_Batching-564e9892_deployment_series.rrentVersion_Batching-564e9892_build_id", "wf-run-id": "0195af0e-98a0-7d94-93e5-2a1d2e5942f8", "queue-task-type": "TransferWorkflowTask", "queue-task-id": 1049541, "timestamp": "2025-03-19T15:38:48.325Z", "cursor-timestamp": "2025-03-19T15:38:49.216Z", "logging-call-at": "/Users/shivamsaraf/Desktop/work/temporal/common/log/with_logger.go:61"}
2025-03-19T11:38:48.330-0400	debug	Process task as active.	{"host": "127.0.0.1:63280", "shard-id": 4, "address": "127.0.0.1:63280", "component": "transfer-queue-processor", "wf-namespace-id": "d0b550e3-6091-4a9b-a9aa-3d80ffb24954", "value": "d0b550e3-6091-4a9b-a9aa-3d80ffb24954/temporal-sys-worker-deployment-version:rrentVersion_Batching-564e9892_deployment_series.rrentVersion_Batching-564e9892_build_id/0195af0e-98a0-7d94-93e5-2a1d2e5942f8", "logging-call-at": "/Users/shivamsaraf/Desktop/work/temporal/common/log/with_logger.go:61"}
2025-03-19T11:38:48.331-0400	debug	Workflow task updated	{"host": "127.0.0.1:63280", "shard-id": 4, "address": "127.0.0.1:63280", "wf-scheduled-event-id": 375, "wf-started-event-id": 376, "workflow-task-request-id": "c4b848a0-f355-422e-89c3-61fd1e0337a6", "workflow-task-timeout": 10, "attempt": 1, "wf-started-timestamp": "2025-03-19T15:38:48.331Z", "wt-type": "Normal", "logging-call-at": "/Users/shivamsaraf/Desktop/work/temporal/common/log/with_logger.go:61"}
2025-03-19T11:38:48.331-0400	debug	Assigning new task key	{"host": "127.0.0.1:63280", "shard-id": 4, "address": "127.0.0.1:63280", "wf-namespace-id": "d0b550e3-6091-4a9b-a9aa-3d80ffb24954", "wf-id": "temporal-sys-worker-deployment-version:rrentVersion_Batching-564e9892_deployment_series.rrentVersion_Batching-564e9892_build_id", "wf-run-id": "0195af0e-98a0-7d94-93e5-2a1d2e5942f8", "queue-task-type": "WorkflowTaskTimeout", "queue-task-id": 1049544, "timestamp": "2025-03-19T15:38:58.332Z", "cursor-timestamp": "2025-03-19T15:38:49.329Z", "logging-call-at": "/Users/shivamsaraf/Desktop/work/temporal/common/log/with_logger.go:61"}
2025-03-19T11:38:48.340-0400	debug	ExecuteActivity	{"host": "127.0.0.1:63281", "Namespace": "namespace-ec265ab4-426c-4316-a4b3-47fc66311932", "TaskQueue": "temporal-sys-per-ns-tq", "WorkerID": "temporal-system@Shivams-MacBook-Pro.local@namespace-ec265ab4-426c-4316-a4b3-47fc66311932", "WorkflowType": "temporal-sys-worker-deployment-version-workflow", "WorkflowID": "temporal-sys-worker-deployment-version:rrentVersion_Batching-564e9892_deployment_series.rrentVersion_Batching-564e9892_build_id", "RunID": "0195af0e-98a0-7d94-93e5-2a1d2e5942f8", "Attempt": 0, "ActivityID": "378", "ActivityType": "CheckWorkerDeploymentUserDataPropagation", "logging-call-at": "/Users/shivamsaraf/Desktop/work/temporal/common/log/with_logger.go:61"}
2025-03-19T11:38:48.340-0400	debug	Frontend method invoked.	{"host": "127.0.0.1:63278", "wf-namespace": "namespace-ec265ab4-426c-4316-a4b3-47fc66311932", "operation": "PollWorkflowTaskQueue", "server-name": "", "cert-thumbprint": "", "logging-call-at": "/Users/shivamsaraf/Desktop/work/temporal/common/log/with_logger.go:61"}
2025-03-19T11:38:48.340-0400	debug	Received PollWorkflowTaskQueue	{"host": "127.0.0.1:63278", "service": "frontend", "logging-call-at": "/Users/shivamsaraf/Desktop/work/temporal/common/log/with_logger.go:61"}
2025-03-19T11:38:48.340-0400	debug	Poll workflow task queue.	{"host": "127.0.0.1:63278", "service": "frontend", "wf-namespace": "namespace-ec265ab4-426c-4316-a4b3-47fc66311932", "wf-namespace-id": "d0b550e3-6091-4a9b-a9aa-3d80ffb24954", "logging-call-at": "/Users/shivamsaraf/Desktop/work/temporal/common/log/with_logger.go:61"}
2025-03-19T11:38:48.340-0400	debug	Frontend method invoked.	{"host": "127.0.0.1:63278", "wf-namespace": "namespace-ec265ab4-426c-4316-a4b3-47fc66311932", "operation": "RespondWorkflowTaskCompleted", "server-name": "", "cert-thumbprint": "", "logging-call-at": "/Users/shivamsaraf/Desktop/work/temporal/common/log/with_logger.go:61"}
2025-03-19T11:38:48.340-0400	debug	RespondWorkflowTaskCompleted	{"host": "127.0.0.1:63280", "service": "history", "wf-namespace-id": "d0b550e3-6091-4a9b-a9aa-3d80ffb24954", "wf-id": "temporal-sys-worker-deployment-version:rrentVersion_Batching-564e9892_deployment_series.rrentVersion_Batching-564e9892_build_id", "wf-run-id": "0195af0e-98a0-7d94-93e5-2a1d2e5942f8", "wf-scheduled-event-id": 375, "logging-call-at": "/Users/shivamsaraf/Desktop/work/temporal/common/log/with_logger.go:61"}
2025-03-19T11:38:48.341-0400	debug	Workflow task updated	{"host": "127.0.0.1:63280", "shard-id": 4, "address": "127.0.0.1:63280", "wf-scheduled-event-id": 0, "wf-started-event-id": 0, "workflow-task-request-id": "emptyUuid", "workflow-task-timeout": 0, "attempt": 1, "wf-started-timestamp": "1970-01-01T00:00:00.000Z", "wt-type": "Unspecified", "logging-call-at": "/Users/shivamsaraf/Desktop/work/temporal/common/log/with_logger.go:61"}
2025-03-19T11:38:48.341-0400	debug	Assigning new task key	{"host": "127.0.0.1:63280", "shard-id": 4, "address": "127.0.0.1:63280", "wf-namespace-id": "d0b550e3-6091-4a9b-a9aa-3d80ffb24954", "wf-id": "temporal-sys-worker-deployment-version:rrentVersion_Batching-564e9892_deployment_series.rrentVersion_Batching-564e9892_build_id", "wf-run-id": "0195af0e-98a0-7d94-93e5-2a1d2e5942f8", "queue-task-type": "TransferActivityTask", "queue-task-id": 1049549, "timestamp": "2025-03-19T15:38:48.341Z", "cursor-timestamp": "2025-03-19T15:38:49.329Z", "logging-call-at": "/Users/shivamsaraf/Desktop/work/temporal/common/log/with_logger.go:61"}
2025-03-19T11:38:48.345-0400	debug	Process task as active.	{"host": "127.0.0.1:63280", "shard-id": 4, "address": "127.0.0.1:63280", "component": "transfer-queue-processor", "wf-namespace-id": "d0b550e3-6091-4a9b-a9aa-3d80ffb24954", "value": "d0b550e3-6091-4a9b-a9aa-3d80ffb24954/temporal-sys-worker-deployment-version:rrentVersion_Batching-564e9892_deployment_series.rrentVersion_Batching-564e9892_build_id/0195af0e-98a0-7d94-93e5-2a1d2e5942f8", "logging-call-at": "/Users/shivamsaraf/Desktop/work/temporal/common/log/with_logger.go:61"}
2025-03-19T11:38:48.346-0400	debug	Assigning new task key	{"host": "127.0.0.1:63280", "shard-id": 4, "address": "127.0.0.1:63280", "wf-namespace-id": "d0b550e3-6091-4a9b-a9aa-3d80ffb24954", "wf-id": "temporal-sys-worker-deployment-version:rrentVersion_Batching-564e9892_deployment_series.rrentVersion_Batching-564e9892_build_id", "wf-run-id": "0195af0e-98a0-7d94-93e5-2a1d2e5942f8", "queue-task-type": "ActivityTimeout", "queue-task-id": 1049550, "timestamp": "2025-03-19T15:39:48.347Z", "cursor-timestamp": "2025-03-19T15:38:49.344Z", "logging-call-at": "/Users/shivamsaraf/Desktop/work/temporal/common/log/with_logger.go:61"}
2025-03-19T11:38:48.350-0400	info	waiting for userdata propagation	{"host": "127.0.0.1:63281", "Namespace": "namespace-ec265ab4-426c-4316-a4b3-47fc66311932", "TaskQueue": "temporal-sys-per-ns-tq", "WorkerID": "temporal-system@Shivams-MacBook-Pro.local@namespace-ec265ab4-426c-4316-a4b3-47fc66311932", "ActivityID": "378", "ActivityType": "CheckWorkerDeploymentUserDataPropagation", "Attempt": 1, "WorkflowType": "temporal-sys-worker-deployment-version-workflow", "WorkflowID": "temporal-sys-worker-deployment-version:rrentVersion_Batching-564e9892_deployment_series.rrentVersion_Batching-564e9892_build_id", "RunID": "0195af0e-98a0-7d94-93e5-2a1d2e5942f8", "taskQueue": "rrentVersion_Batching-564e9892_task_queue_37", "version": 1, "logging-call-at": "/Users/shivamsaraf/Desktop/work/temporal/common/log/with_logger.go:66"}
2025-03-19T11:38:48.350-0400	debug	Frontend method invoked.	{"host": "127.0.0.1:63278", "wf-namespace": "namespace-ec265ab4-426c-4316-a4b3-47fc66311932", "operation": "PollActivityTaskQueue", "server-name": "", "cert-thumbprint": "", "logging-call-at": "/Users/shivamsaraf/Desktop/work/temporal/common/log/with_logger.go:61"}
2025-03-19T11:38:48.350-0400	debug	Received PollActivityTaskQueue	{"host": "127.0.0.1:63278", "service": "frontend", "logging-call-at": "/Users/shivamsaraf/Desktop/work/temporal/common/log/with_logger.go:61"}
2025-03-19T11:38:48.350-0400	info	returning user data	{"host": "127.0.0.1:63279", "component": "matching-engine", "wf-task-queue-name": "/_sys/rrentVersion_Batching-564e9892_task_queue_37/2", "wf-task-queue-type": "Workflow", "wf-namespace": "namespace-ec265ab4-426c-4316-a4b3-47fc66311932", "long-poll": true, "request-known-version": 0, "user-data-version": 1, "logging-call-at": "/Users/shivamsaraf/Desktop/work/temporal/common/log/with_logger.go:66"}
2025-03-19T11:38:48.351-0400	info	returning user data	{"host": "127.0.0.1:63279", "component": "matching-engine", "wf-task-queue-name": "/_sys/rrentVersion_Batching-564e9892_task_queue_37/1", "wf-task-queue-type": "Workflow", "wf-namespace": "namespace-ec265ab4-426c-4316-a4b3-47fc66311932", "long-poll": true, "request-known-version": 0, "user-data-version": 1, "logging-call-at": "/Users/shivamsaraf/Desktop/work/temporal/common/log/with_logger.go:66"}
2025-03-19T11:38:48.351-0400	info	returning user data	{"host": "127.0.0.1:63279", "component": "matching-engine", "wf-task-queue-name": "/_sys/rrentVersion_Batching-564e9892_task_queue_37/3", "wf-task-queue-type": "Workflow", "wf-namespace": "namespace-ec265ab4-426c-4316-a4b3-47fc66311932", "long-poll": true, "request-known-version": 0, "user-data-version": 1, "logging-call-at": "/Users/shivamsaraf/Desktop/work/temporal/common/log/with_logger.go:66"}
2025-03-19T11:38:48.351-0400	info	matching client encountered error	{"host": "127.0.0.1:63279", "error": "partition was not loaded", "service-error-type": "serviceerror.FailedPrecondition", "logging-call-at": "/Users/shivamsaraf/Desktop/work/temporal/common/log/with_logger.go:66"}
2025-03-19T11:38:48.351-0400	info	matching client encountered error	{"host": "127.0.0.1:63279", "error": "partition was not loaded", "service-error-type": "serviceerror.FailedPrecondition", "logging-call-at": "/Users/shivamsaraf/Desktop/work/temporal/common/log/with_logger.go:66"}
2025-03-19T11:38:48.351-0400	info	matching client encountered error	{"host": "127.0.0.1:63279", "error": "partition was not loaded", "service-error-type": "serviceerror.FailedPrecondition", "logging-call-at": "/Users/shivamsaraf/Desktop/work/temporal/common/log/with_logger.go:66"}
2025-03-19T11:38:48.351-0400	info	matching client encountered error	{"host": "127.0.0.1:63279", "error": "partition was not loaded", "service-error-type": "serviceerror.FailedPrecondition", "logging-call-at": "/Users/shivamsaraf/Desktop/work/temporal/common/log/with_logger.go:66"}
2025-03-19T11:38:48.351-0400	debug	Frontend method invoked.	{"host": "127.0.0.1:63278", "wf-namespace": "namespace-ec265ab4-426c-4316-a4b3-47fc66311932", "operation": "RespondActivityTaskCompleted", "server-name": "", "cert-thumbprint": "", "logging-call-at": "/Users/shivamsaraf/Desktop/work/temporal/common/log/with_logger.go:61"}
2025-03-19T11:38:48.352-0400	debug	Workflow task updated	{"host": "127.0.0.1:63280", "shard-id": 4, "address": "127.0.0.1:63280", "wf-scheduled-event-id": 381, "wf-started-event-id": 0, "workflow-task-request-id": "emptyUuid", "workflow-task-timeout": 10, "attempt": 1, "wf-started-timestamp": "0001-01-01T00:00:00.000Z", "wt-type": "Normal", "logging-call-at": "/Users/shivamsaraf/Desktop/work/temporal/common/log/with_logger.go:61"}
2025-03-19T11:38:48.352-0400	debug	Assigning new task key	{"host": "127.0.0.1:63280", "shard-id": 4, "address": "127.0.0.1:63280", "wf-namespace-id": "d0b550e3-6091-4a9b-a9aa-3d80ffb24954", "wf-id": "temporal-sys-worker-deployment-version:rrentVersion_Batching-564e9892_deployment_series.rrentVersion_Batching-564e9892_build_id", "wf-run-id": "0195af0e-98a0-7d94-93e5-2a1d2e5942f8", "queue-task-type": "WorkflowTaskTimeout", "queue-task-id": 1049556, "timestamp": "2025-03-19T15:38:53.353Z", "cursor-timestamp": "2025-03-19T15:38:49.344Z", "logging-call-at": "/Users/shivamsaraf/Desktop/work/temporal/common/log/with_logger.go:61"}
2025-03-19T11:38:48.352-0400	debug	Assigning new task key	{"host": "127.0.0.1:63280", "shard-id": 4, "address": "127.0.0.1:63280", "wf-namespace-id": "d0b550e3-6091-4a9b-a9aa-3d80ffb24954", "wf-id": "temporal-sys-worker-deployment-version:rrentVersion_Batching-564e9892_deployment_series.rrentVersion_Batching-564e9892_build_id", "wf-run-id": "0195af0e-98a0-7d94-93e5-2a1d2e5942f8", "queue-task-type": "TransferWorkflowTask", "queue-task-id": 1049557, "timestamp": "2025-03-19T15:38:48.352Z", "cursor-timestamp": "2025-03-19T15:38:49.344Z", "logging-call-at": "/Users/shivamsaraf/Desktop/work/temporal/common/log/with_logger.go:61"}
2025-03-19T11:38:48.357-0400	debug	Process task as active.	{"host": "127.0.0.1:63280", "shard-id": 4, "address": "127.0.0.1:63280", "component": "transfer-queue-processor", "wf-namespace-id": "d0b550e3-6091-4a9b-a9aa-3d80ffb24954", "value": "d0b550e3-6091-4a9b-a9aa-3d80ffb24954/temporal-sys-worker-deployment-version:rrentVersion_Batching-564e9892_deployment_series.rrentVersion_Batching-564e9892_build_id/0195af0e-98a0-7d94-93e5-2a1d2e5942f8", "logging-call-at": "/Users/shivamsaraf/Desktop/work/temporal/common/log/with_logger.go:61"}
2025-03-19T11:38:48.358-0400	debug	Workflow task updated	{"host": "127.0.0.1:63280", "shard-id": 4, "address": "127.0.0.1:63280", "wf-scheduled-event-id": 381, "wf-started-event-id": 382, "workflow-task-request-id": "158c654d-ae1e-40a3-8f95-20bbbc34957f", "workflow-task-timeout": 10, "attempt": 1, "wf-started-timestamp": "2025-03-19T15:38:48.357Z", "wt-type": "Normal", "logging-call-at": "/Users/shivamsaraf/Desktop/work/temporal/common/log/with_logger.go:61"}
2025-03-19T11:38:48.358-0400	debug	Assigning new task key	{"host": "127.0.0.1:63280", "shard-id": 4, "address": "127.0.0.1:63280", "wf-namespace-id": "d0b550e3-6091-4a9b-a9aa-3d80ffb24954", "wf-id": "temporal-sys-worker-deployment-version:rrentVersion_Batching-564e9892_deployment_series.rrentVersion_Batching-564e9892_build_id", "wf-run-id": "0195af0e-98a0-7d94-93e5-2a1d2e5942f8", "queue-task-type": "WorkflowTaskTimeout", "queue-task-id": 1049560, "timestamp": "2025-03-19T15:38:58.358Z", "cursor-timestamp": "2025-03-19T15:38:49.356Z", "logging-call-at": "/Users/shivamsaraf/Desktop/work/temporal/common/log/with_logger.go:61"}
2025-03-19T11:38:48.364-0400	debug	Frontend method invoked.	{"host": "127.0.0.1:63278", "wf-namespace": "namespace-ec265ab4-426c-4316-a4b3-47fc66311932", "operation": "PollWorkflowTaskQueue", "server-name": "", "cert-thumbprint": "", "logging-call-at": "/Users/shivamsaraf/Desktop/work/temporal/common/log/with_logger.go:61"}
2025-03-19T11:38:48.364-0400	debug	Received PollWorkflowTaskQueue	{"host": "127.0.0.1:63278", "service": "frontend", "logging-call-at": "/Users/shivamsaraf/Desktop/work/temporal/common/log/with_logger.go:61"}
2025-03-19T11:38:48.364-0400	debug	Poll workflow task queue.	{"host": "127.0.0.1:63278", "service": "frontend", "wf-namespace": "namespace-ec265ab4-426c-4316-a4b3-47fc66311932", "wf-namespace-id": "d0b550e3-6091-4a9b-a9aa-3d80ffb24954", "logging-call-at": "/Users/shivamsaraf/Desktop/work/temporal/common/log/with_logger.go:61"}
2025-03-19T11:38:48.365-0400	debug	Frontend method invoked.	{"host": "127.0.0.1:63278", "wf-namespace": "namespace-ec265ab4-426c-4316-a4b3-47fc66311932", "operation": "RespondWorkflowTaskCompleted", "server-name": "", "cert-thumbprint": "", "logging-call-at": "/Users/shivamsaraf/Desktop/work/temporal/common/log/with_logger.go:61"}
2025-03-19T11:38:48.365-0400	debug	RespondWorkflowTaskCompleted	{"host": "127.0.0.1:63280", "service": "history", "wf-namespace-id": "d0b550e3-6091-4a9b-a9aa-3d80ffb24954", "wf-id": "temporal-sys-worker-deployment-version:rrentVersion_Batching-564e9892_deployment_series.rrentVersion_Batching-564e9892_build_id", "wf-run-id": "0195af0e-98a0-7d94-93e5-2a1d2e5942f8", "wf-scheduled-event-id": 381, "logging-call-at": "/Users/shivamsaraf/Desktop/work/temporal/common/log/with_logger.go:61"}
2025-03-19T11:38:48.365-0400	debug	Workflow task updated	{"host": "127.0.0.1:63280", "shard-id": 4, "address": "127.0.0.1:63280", "wf-scheduled-event-id": 0, "wf-started-event-id": 0, "workflow-task-request-id": "emptyUuid", "workflow-task-timeout": 0, "attempt": 1, "wf-started-timestamp": "1970-01-01T00:00:00.000Z", "wt-type": "Unspecified", "logging-call-at": "/Users/shivamsaraf/Desktop/work/temporal/common/log/with_logger.go:61"}
2025-03-19T11:38:48.365-0400	debug	update state change	{"host": "127.0.0.1:63280", "shard-id": 4, "address": "127.0.0.1:63280", "wf-namespace-id": "d0b550e3-6091-4a9b-a9aa-3d80ffb24954", "wf-id": "temporal-sys-worker-deployment-version:rrentVersion_Batching-564e9892_deployment_series.rrentVersion_Batching-564e9892_build_id", "wf-run-id": "0195af0e-98a0-7d94-93e5-2a1d2e5942f8", "update-id": "c29c8041-3990-4a34-a568-e35e8c63c666", "from-state": "Accepted", "to-state": "ProvisionallyCompleted", "logging-call-at": "/Users/shivamsaraf/Desktop/work/temporal/common/log/with_logger.go:61"}
2025-03-19T11:38:48.368-0400	debug	update state change	{"host": "127.0.0.1:63280", "shard-id": 4, "address": "127.0.0.1:63280", "wf-namespace-id": "d0b550e3-6091-4a9b-a9aa-3d80ffb24954", "wf-id": "temporal-sys-worker-deployment-version:rrentVersion_Batching-564e9892_deployment_series.rrentVersion_Batching-564e9892_build_id", "wf-run-id": "0195af0e-98a0-7d94-93e5-2a1d2e5942f8", "update-id": "c29c8041-3990-4a34-a568-e35e8c63c666", "from-state": "ProvisionallyCompleted", "to-state": "Completed", "logging-call-at": "/Users/shivamsaraf/Desktop/work/temporal/common/log/with_logger.go:61"}
2025-03-19T11:38:48.368-0400	debug	Frontend method invoked.	{"host": "127.0.0.1:63278", "wf-namespace": "namespace-ec265ab4-426c-4316-a4b3-47fc66311932", "operation": "RespondActivityTaskCompleted", "server-name": "", "cert-thumbprint": "", "logging-call-at": "/Users/shivamsaraf/Desktop/work/temporal/common/log/with_logger.go:61"}
2025-03-19T11:38:48.369-0400	debug	Workflow task updated	{"host": "127.0.0.1:63280", "shard-id": 1, "address": "127.0.0.1:63280", "wf-scheduled-event-id": 207, "wf-started-event-id": 0, "workflow-task-request-id": "emptyUuid", "workflow-task-timeout": 10, "attempt": 1, "wf-started-timestamp": "0001-01-01T00:00:00.000Z", "wt-type": "Normal", "logging-call-at": "/Users/shivamsaraf/Desktop/work/temporal/common/log/with_logger.go:61"}
2025-03-19T11:38:48.369-0400	debug	Assigning new task key	{"host": "127.0.0.1:63280", "shard-id": 1, "address": "127.0.0.1:63280", "wf-namespace-id": "d0b550e3-6091-4a9b-a9aa-3d80ffb24954", "wf-id": "temporal-sys-worker-deployment:rrentVersion_Batching-564e9892_deployment_series", "wf-run-id": "0195af0e-960d-715f-b6c6-08dcdf4b78ec", "queue-task-type": "WorkflowTaskTimeout", "queue-task-id": 1049042, "timestamp": "2025-03-19T15:38:53.370Z", "cursor-timestamp": "2025-03-19T15:38:49.200Z", "logging-call-at": "/Users/shivamsaraf/Desktop/work/temporal/common/log/with_logger.go:61"}
2025-03-19T11:38:48.369-0400	debug	Assigning new task key	{"host": "127.0.0.1:63280", "shard-id": 1, "address": "127.0.0.1:63280", "wf-namespace-id": "d0b550e3-6091-4a9b-a9aa-3d80ffb24954", "wf-id": "temporal-sys-worker-deployment:rrentVersion_Batching-564e9892_deployment_series", "wf-run-id": "0195af0e-960d-715f-b6c6-08dcdf4b78ec", "queue-task-type": "TransferWorkflowTask", "queue-task-id": 1049043, "timestamp": "2025-03-19T15:38:48.369Z", "cursor-timestamp": "2025-03-19T15:38:49.200Z", "logging-call-at": "/Users/shivamsaraf/Desktop/work/temporal/common/log/with_logger.go:61"}
2025-03-19T11:38:48.373-0400	debug	Process task as active.	{"host": "127.0.0.1:63280", "shard-id": 1, "address": "127.0.0.1:63280", "component": "transfer-queue-processor", "wf-namespace-id": "d0b550e3-6091-4a9b-a9aa-3d80ffb24954", "value": "d0b550e3-6091-4a9b-a9aa-3d80ffb24954/temporal-sys-worker-deployment:rrentVersion_Batching-564e9892_deployment_series/0195af0e-960d-715f-b6c6-08dcdf4b78ec", "logging-call-at": "/Users/shivamsaraf/Desktop/work/temporal/common/log/with_logger.go:61"}
2025-03-19T11:38:48.374-0400	debug	Workflow task updated	{"host": "127.0.0.1:63280", "shard-id": 1, "address": "127.0.0.1:63280", "wf-scheduled-event-id": 207, "wf-started-event-id": 208, "workflow-task-request-id": "f43e220d-2148-4e38-bbca-26c55adf4545", "workflow-task-timeout": 10, "attempt": 1, "wf-started-timestamp": "2025-03-19T15:38:48.374Z", "wt-type": "Normal", "logging-call-at": "/Users/shivamsaraf/Desktop/work/temporal/common/log/with_logger.go:61"}
2025-03-19T11:38:48.374-0400	debug	Assigning new task key	{"host": "127.0.0.1:63280", "shard-id": 1, "address": "127.0.0.1:63280", "wf-namespace-id": "d0b550e3-6091-4a9b-a9aa-3d80ffb24954", "wf-id": "temporal-sys-worker-deployment:rrentVersion_Batching-564e9892_deployment_series", "wf-run-id": "0195af0e-960d-715f-b6c6-08dcdf4b78ec", "queue-task-type": "WorkflowTaskTimeout", "queue-task-id": 1049046, "timestamp": "2025-03-19T15:38:58.375Z", "cursor-timestamp": "2025-03-19T15:38:49.373Z", "logging-call-at": "/Users/shivamsaraf/Desktop/work/temporal/common/log/with_logger.go:61"}
2025-03-19T11:38:48.380-0400	debug	ExecuteActivity	{"host": "127.0.0.1:63281", "Namespace": "namespace-ec265ab4-426c-4316-a4b3-47fc66311932", "TaskQueue": "temporal-sys-per-ns-tq", "WorkerID": "temporal-system@Shivams-MacBook-Pro.local@namespace-ec265ab4-426c-4316-a4b3-47fc66311932", "WorkflowType": "temporal-sys-worker-deployment-workflow", "WorkflowID": "temporal-sys-worker-deployment:rrentVersion_Batching-564e9892_deployment_series", "RunID": "0195af0e-960d-715f-b6c6-08dcdf4b78ec", "Attempt": 0, "ActivityID": "211", "ActivityType": "RegisterWorkerInVersion", "logging-call-at": "/Users/shivamsaraf/Desktop/work/temporal/common/log/with_logger.go:61"}
2025-03-19T11:38:48.380-0400	debug	Frontend method invoked.	{"host": "127.0.0.1:63278", "wf-namespace": "namespace-ec265ab4-426c-4316-a4b3-47fc66311932", "operation": "PollWorkflowTaskQueue", "server-name": "", "cert-thumbprint": "", "logging-call-at": "/Users/shivamsaraf/Desktop/work/temporal/common/log/with_logger.go:61"}
2025-03-19T11:38:48.381-0400	debug	Received PollWorkflowTaskQueue	{"host": "127.0.0.1:63278", "service": "frontend", "logging-call-at": "/Users/shivamsaraf/Desktop/work/temporal/common/log/with_logger.go:61"}
2025-03-19T11:38:48.381-0400	debug	Poll workflow task queue.	{"host": "127.0.0.1:63278", "service": "frontend", "wf-namespace": "namespace-ec265ab4-426c-4316-a4b3-47fc66311932", "wf-namespace-id": "d0b550e3-6091-4a9b-a9aa-3d80ffb24954", "logging-call-at": "/Users/shivamsaraf/Desktop/work/temporal/common/log/with_logger.go:61"}
2025-03-19T11:38:48.381-0400	debug	Frontend method invoked.	{"host": "127.0.0.1:63278", "wf-namespace": "namespace-ec265ab4-426c-4316-a4b3-47fc66311932", "operation": "RespondWorkflowTaskCompleted", "server-name": "", "cert-thumbprint": "", "logging-call-at": "/Users/shivamsaraf/Desktop/work/temporal/common/log/with_logger.go:61"}
2025-03-19T11:38:48.382-0400	debug	RespondWorkflowTaskCompleted	{"host": "127.0.0.1:63280", "service": "history", "wf-namespace-id": "d0b550e3-6091-4a9b-a9aa-3d80ffb24954", "wf-id": "temporal-sys-worker-deployment:rrentVersion_Batching-564e9892_deployment_series", "wf-run-id": "0195af0e-960d-715f-b6c6-08dcdf4b78ec", "wf-scheduled-event-id": 207, "logging-call-at": "/Users/shivamsaraf/Desktop/work/temporal/common/log/with_logger.go:61"}
2025-03-19T11:38:48.382-0400	debug	Workflow task updated	{"host": "127.0.0.1:63280", "shard-id": 1, "address": "127.0.0.1:63280", "wf-scheduled-event-id": 0, "wf-started-event-id": 0, "workflow-task-request-id": "emptyUuid", "workflow-task-timeout": 0, "attempt": 1, "wf-started-timestamp": "1970-01-01T00:00:00.000Z", "wt-type": "Unspecified", "logging-call-at": "/Users/shivamsaraf/Desktop/work/temporal/common/log/with_logger.go:61"}
2025-03-19T11:38:48.382-0400	debug	update state change	{"host": "127.0.0.1:63280", "shard-id": 1, "address": "127.0.0.1:63280", "wf-namespace-id": "d0b550e3-6091-4a9b-a9aa-3d80ffb24954", "wf-id": "temporal-sys-worker-deployment:rrentVersion_Batching-564e9892_deployment_series", "wf-run-id": "0195af0e-960d-715f-b6c6-08dcdf4b78ec", "update-id": "e1d04e2e-0be4-420b-8176-c54ea4849abf", "from-state": "Accepted", "to-state": "ProvisionallyCompleted", "logging-call-at": "/Users/shivamsaraf/Desktop/work/temporal/common/log/with_logger.go:61"}
2025-03-19T11:38:48.382-0400	debug	Assigning new task key	{"host": "127.0.0.1:63280", "shard-id": 1, "address": "127.0.0.1:63280", "wf-namespace-id": "d0b550e3-6091-4a9b-a9aa-3d80ffb24954", "wf-id": "temporal-sys-worker-deployment:rrentVersion_Batching-564e9892_deployment_series", "wf-run-id": "0195af0e-960d-715f-b6c6-08dcdf4b78ec", "queue-task-type": "TransferActivityTask", "queue-task-id": 1049052, "timestamp": "2025-03-19T15:38:48.382Z", "cursor-timestamp": "2025-03-19T15:38:49.373Z", "logging-call-at": "/Users/shivamsaraf/Desktop/work/temporal/common/log/with_logger.go:61"}
2025-03-19T11:38:48.385-0400	debug	update state change	{"host": "127.0.0.1:63280", "shard-id": 1, "address": "127.0.0.1:63280", "wf-namespace-id": "d0b550e3-6091-4a9b-a9aa-3d80ffb24954", "wf-id": "temporal-sys-worker-deployment:rrentVersion_Batching-564e9892_deployment_series", "wf-run-id": "0195af0e-960d-715f-b6c6-08dcdf4b78ec", "update-id": "e1d04e2e-0be4-420b-8176-c54ea4849abf", "from-state": "ProvisionallyCompleted", "to-state": "Completed", "logging-call-at": "/Users/shivamsaraf/Desktop/work/temporal/common/log/with_logger.go:61"}
2025-03-19T11:38:48.386-0400	debug	deployment client success	{"host": "127.0.0.1:63279", "operation": "RegisterTaskQueueWorker", "elapsed": 4.843472583, "args": ["rrentVersion_Batching-564e9892_task_queue_37",1,"matching service"], "logging-call-at": "/Users/shivamsaraf/Desktop/work/temporal/common/log/with_logger.go:61"}
2025-03-19T11:38:48.386-0400	debug	Process task as active.	{"host": "127.0.0.1:63280", "shard-id": 1, "address": "127.0.0.1:63280", "component": "transfer-queue-processor", "wf-namespace-id": "d0b550e3-6091-4a9b-a9aa-3d80ffb24954", "value": "d0b550e3-6091-4a9b-a9aa-3d80ffb24954/temporal-sys-worker-deployment:rrentVersion_Batching-564e9892_deployment_series/0195af0e-960d-715f-b6c6-08dcdf4b78ec", "logging-call-at": "/Users/shivamsaraf/Desktop/work/temporal/common/log/with_logger.go:61"}
2025-03-19T11:38:48.386-0400	info	Started physicalTaskQueueManager	{"host": "127.0.0.1:63279", "component": "matching-engine", "wf-task-queue-name": "rrentVersion_Batching-564e9892_task_queue_37", "wf-task-queue-type": "Workflow", "wf-namespace": "namespace-ec265ab4-426c-4316-a4b3-47fc66311932", "worker-build-id": "rrentVersion_Batching-564e9892_deployment_series/rrentVersion_Batching-564e9892_build_id", "lifecycle": "Started", "cause": "UserData", "logging-call-at": "/Users/shivamsaraf/Desktop/work/temporal/common/log/with_logger.go:66"}
2025-03-19T11:38:48.387-0400	debug	Assigning new task key	{"host": "127.0.0.1:63280", "shard-id": 1, "address": "127.0.0.1:63280", "wf-namespace-id": "d0b550e3-6091-4a9b-a9aa-3d80ffb24954", "wf-id": "temporal-sys-worker-deployment:rrentVersion_Batching-564e9892_deployment_series", "wf-run-id": "0195af0e-960d-715f-b6c6-08dcdf4b78ec", "queue-task-type": "ActivityTimeout", "queue-task-id": 1049054, "timestamp": "2025-03-19T15:39:48.388Z", "cursor-timestamp": "2025-03-19T15:38:49.385Z", "logging-call-at": "/Users/shivamsaraf/Desktop/work/temporal/common/log/with_logger.go:61"}
2025-03-19T11:38:48.391-0400	debug	Frontend method invoked.	{"host": "127.0.0.1:63278", "wf-namespace": "namespace-ec265ab4-426c-4316-a4b3-47fc66311932", "operation": "PollActivityTaskQueue", "server-name": "", "cert-thumbprint": "", "logging-call-at": "/Users/shivamsaraf/Desktop/work/temporal/common/log/with_logger.go:61"}
2025-03-19T11:38:48.391-0400	debug	Received PollActivityTaskQueue	{"host": "127.0.0.1:63278", "service": "frontend", "logging-call-at": "/Users/shivamsaraf/Desktop/work/temporal/common/log/with_logger.go:61"}
2025-03-19T11:38:48.392-0400	debug	update state change	{"host": "127.0.0.1:63280", "shard-id": 4, "address": "127.0.0.1:63280", "wf-namespace-id": "d0b550e3-6091-4a9b-a9aa-3d80ffb24954", "wf-id": "temporal-sys-worker-deployment-version:rrentVersion_Batching-564e9892_deployment_series.rrentVersion_Batching-564e9892_build_id", "wf-run-id": "0195af0e-98a0-7d94-93e5-2a1d2e5942f8", "update-id": "2ffc068f-b766-409e-9b17-bdeb9df94ceb", "from-state": "Created", "to-state": "ProvisionallyAdmitted", "logging-call-at": "/Users/shivamsaraf/Desktop/work/temporal/common/log/with_logger.go:61"}
2025-03-19T11:38:48.392-0400	debug	update state change	{"host": "127.0.0.1:63280", "shard-id": 4, "address": "127.0.0.1:63280", "wf-namespace-id": "d0b550e3-6091-4a9b-a9aa-3d80ffb24954", "wf-id": "temporal-sys-worker-deployment-version:rrentVersion_Batching-564e9892_deployment_series.rrentVersion_Batching-564e9892_build_id", "wf-run-id": "0195af0e-98a0-7d94-93e5-2a1d2e5942f8", "update-id": "2ffc068f-b766-409e-9b17-bdeb9df94ceb", "from-state": "ProvisionallyAdmitted", "to-state": "Admitted", "logging-call-at": "/Users/shivamsaraf/Desktop/work/temporal/common/log/with_logger.go:61"}
2025-03-19T11:38:48.392-0400	debug	Workflow task updated	{"host": "127.0.0.1:63280", "shard-id": 4, "address": "127.0.0.1:63280", "wf-scheduled-event-id": 385, "wf-started-event-id": 0, "workflow-task-request-id": "emptyUuid", "workflow-task-timeout": 10, "attempt": 1, "wf-started-timestamp": "0001-01-01T00:00:00.000Z", "wt-type": "Speculative", "logging-call-at": "/Users/shivamsaraf/Desktop/work/temporal/common/log/with_logger.go:61"}
2025-03-19T11:38:48.392-0400	debug	Workflow task updated	{"host": "127.0.0.1:63280", "shard-id": 4, "address": "127.0.0.1:63280", "wf-scheduled-event-id": 385, "wf-started-event-id": 386, "workflow-task-request-id": "6a653901-05b6-4a46-a490-67742806e26e", "workflow-task-timeout": 10, "attempt": 1, "wf-started-timestamp": "2025-03-19T15:38:48.392Z", "wt-type": "Speculative", "logging-call-at": "/Users/shivamsaraf/Desktop/work/temporal/common/log/with_logger.go:61"}
2025-03-19T11:38:48.392-0400	debug	update state change	{"host": "127.0.0.1:63280", "shard-id": 4, "address": "127.0.0.1:63280", "wf-namespace-id": "d0b550e3-6091-4a9b-a9aa-3d80ffb24954", "wf-id": "temporal-sys-worker-deployment-version:rrentVersion_Batching-564e9892_deployment_series.rrentVersion_Batching-564e9892_build_id", "wf-run-id": "0195af0e-98a0-7d94-93e5-2a1d2e5942f8", "update-id": "2ffc068f-b766-409e-9b17-bdeb9df94ceb", "from-state": "Admitted", "to-state": "Sent", "logging-call-at": "/Users/shivamsaraf/Desktop/work/temporal/common/log/with_logger.go:61"}
2025-03-19T11:38:48.396-0400	debug	ExecuteActivity	{"host": "127.0.0.1:63281", "Namespace": "namespace-ec265ab4-426c-4316-a4b3-47fc66311932", "TaskQueue": "temporal-sys-per-ns-tq", "WorkerID": "temporal-system@Shivams-MacBook-Pro.local@namespace-ec265ab4-426c-4316-a4b3-47fc66311932", "WorkflowType": "temporal-sys-worker-deployment-version-workflow", "WorkflowID": "temporal-sys-worker-deployment-version:rrentVersion_Batching-564e9892_deployment_series.rrentVersion_Batching-564e9892_build_id", "RunID": "0195af0e-98a0-7d94-93e5-2a1d2e5942f8", "Attempt": 0, "ActivityID": "389", "ActivityType": "SyncDeploymentVersionUserData", "logging-call-at": "/Users/shivamsaraf/Desktop/work/temporal/common/log/with_logger.go:61"}
2025-03-19T11:38:48.396-0400	debug	Frontend method invoked.	{"host": "127.0.0.1:63278", "wf-namespace": "namespace-ec265ab4-426c-4316-a4b3-47fc66311932", "operation": "PollWorkflowTaskQueue", "server-name": "", "cert-thumbprint": "", "logging-call-at": "/Users/shivamsaraf/Desktop/work/temporal/common/log/with_logger.go:61"}
2025-03-19T11:38:48.396-0400	debug	Received PollWorkflowTaskQueue	{"host": "127.0.0.1:63278", "service": "frontend", "logging-call-at": "/Users/shivamsaraf/Desktop/work/temporal/common/log/with_logger.go:61"}
2025-03-19T11:38:48.396-0400	debug	Poll workflow task queue.	{"host": "127.0.0.1:63278", "service": "frontend", "wf-namespace": "namespace-ec265ab4-426c-4316-a4b3-47fc66311932", "wf-namespace-id": "d0b550e3-6091-4a9b-a9aa-3d80ffb24954", "logging-call-at": "/Users/shivamsaraf/Desktop/work/temporal/common/log/with_logger.go:61"}
2025-03-19T11:38:48.397-0400	debug	Frontend method invoked.	{"host": "127.0.0.1:63278", "wf-namespace": "namespace-ec265ab4-426c-4316-a4b3-47fc66311932", "operation": "RespondWorkflowTaskCompleted", "server-name": "", "cert-thumbprint": "", "logging-call-at": "/Users/shivamsaraf/Desktop/work/temporal/common/log/with_logger.go:61"}
2025-03-19T11:38:48.397-0400	debug	RespondWorkflowTaskCompleted	{"host": "127.0.0.1:63280", "service": "history", "wf-namespace-id": "d0b550e3-6091-4a9b-a9aa-3d80ffb24954", "wf-id": "temporal-sys-worker-deployment-version:rrentVersion_Batching-564e9892_deployment_series.rrentVersion_Batching-564e9892_build_id", "wf-run-id": "0195af0e-98a0-7d94-93e5-2a1d2e5942f8", "wf-scheduled-event-id": 385, "logging-call-at": "/Users/shivamsaraf/Desktop/work/temporal/common/log/with_logger.go:61"}
2025-03-19T11:38:48.397-0400	debug	Workflow task updated	{"host": "127.0.0.1:63280", "shard-id": 4, "address": "127.0.0.1:63280", "wf-scheduled-event-id": 0, "wf-started-event-id": 0, "workflow-task-request-id": "emptyUuid", "workflow-task-timeout": 0, "attempt": 1, "wf-started-timestamp": "1970-01-01T00:00:00.000Z", "wt-type": "Unspecified", "logging-call-at": "/Users/shivamsaraf/Desktop/work/temporal/common/log/with_logger.go:61"}
2025-03-19T11:38:48.397-0400	debug	update state change	{"host": "127.0.0.1:63280", "shard-id": 4, "address": "127.0.0.1:63280", "wf-namespace-id": "d0b550e3-6091-4a9b-a9aa-3d80ffb24954", "wf-id": "temporal-sys-worker-deployment-version:rrentVersion_Batching-564e9892_deployment_series.rrentVersion_Batching-564e9892_build_id", "wf-run-id": "0195af0e-98a0-7d94-93e5-2a1d2e5942f8", "update-id": "2ffc068f-b766-409e-9b17-bdeb9df94ceb", "from-state": "Sent", "to-state": "ProvisionallyAccepted", "logging-call-at": "/Users/shivamsaraf/Desktop/work/temporal/common/log/with_logger.go:61"}
2025-03-19T11:38:48.398-0400	debug	Assigning new task key	{"host": "127.0.0.1:63280", "shard-id": 4, "address": "127.0.0.1:63280", "wf-namespace-id": "d0b550e3-6091-4a9b-a9aa-3d80ffb24954", "wf-id": "temporal-sys-worker-deployment-version:rrentVersion_Batching-564e9892_deployment_series.rrentVersion_Batching-564e9892_build_id", "wf-run-id": "0195af0e-98a0-7d94-93e5-2a1d2e5942f8", "queue-task-type": "TransferActivityTask", "queue-task-id": 1049577, "timestamp": "2025-03-19T15:38:48.398Z", "cursor-timestamp": "2025-03-19T15:38:49.356Z", "logging-call-at": "/Users/shivamsaraf/Desktop/work/temporal/common/log/with_logger.go:61"}
2025-03-19T11:38:48.401-0400	debug	update state change	{"host": "127.0.0.1:63280", "shard-id": 4, "address": "127.0.0.1:63280", "wf-namespace-id": "d0b550e3-6091-4a9b-a9aa-3d80ffb24954", "wf-id": "temporal-sys-worker-deployment-version:rrentVersion_Batching-564e9892_deployment_series.rrentVersion_Batching-564e9892_build_id", "wf-run-id": "0195af0e-98a0-7d94-93e5-2a1d2e5942f8", "update-id": "2ffc068f-b766-409e-9b17-bdeb9df94ceb", "from-state": "ProvisionallyAccepted", "to-state": "Accepted", "logging-call-at": "/Users/shivamsaraf/Desktop/work/temporal/common/log/with_logger.go:61"}
2025-03-19T11:38:48.402-0400	debug	Process task as active.	{"host": "127.0.0.1:63280", "shard-id": 4, "address": "127.0.0.1:63280", "component": "transfer-queue-processor", "wf-namespace-id": "d0b550e3-6091-4a9b-a9aa-3d80ffb24954", "value": "d0b550e3-6091-4a9b-a9aa-3d80ffb24954/temporal-sys-worker-deployment-version:rrentVersion_Batching-564e9892_deployment_series.rrentVersion_Batching-564e9892_build_id/0195af0e-98a0-7d94-93e5-2a1d2e5942f8", "logging-call-at": "/Users/shivamsaraf/Desktop/work/temporal/common/log/with_logger.go:61"}
2025-03-19T11:38:48.403-0400	debug	Assigning new task key	{"host": "127.0.0.1:63280", "shard-id": 4, "address": "127.0.0.1:63280", "wf-namespace-id": "d0b550e3-6091-4a9b-a9aa-3d80ffb24954", "wf-id": "temporal-sys-worker-deployment-version:rrentVersion_Batching-564e9892_deployment_series.rrentVersion_Batching-564e9892_build_id", "wf-run-id": "0195af0e-98a0-7d94-93e5-2a1d2e5942f8", "queue-task-type": "ActivityTimeout", "queue-task-id": 1049578, "timestamp": "2025-03-19T15:39:48.404Z", "cursor-timestamp": "2025-03-19T15:38:49.401Z", "logging-call-at": "/Users/shivamsaraf/Desktop/work/temporal/common/log/with_logger.go:61"}
2025-03-19T11:38:48.406-0400	info	syncing task queue userdata for deployment version	{"host": "127.0.0.1:63281", "Namespace": "namespace-ec265ab4-426c-4316-a4b3-47fc66311932", "TaskQueue": "temporal-sys-per-ns-tq", "WorkerID": "temporal-system@Shivams-MacBook-Pro.local@namespace-ec265ab4-426c-4316-a4b3-47fc66311932", "ActivityID": "389", "ActivityType": "SyncDeploymentVersionUserData", "Attempt": 1, "WorkflowType": "temporal-sys-worker-deployment-version-workflow", "WorkflowID": "temporal-sys-worker-deployment-version:rrentVersion_Batching-564e9892_deployment_series.rrentVersion_Batching-564e9892_build_id", "RunID": "0195af0e-98a0-7d94-93e5-2a1d2e5942f8", "taskQueue": "rrentVersion_Batching-564e9892_task_queue_44", "types": [1], "logging-call-at": "/Users/shivamsaraf/Desktop/work/temporal/common/log/with_logger.go:66"}
2025-03-19T11:38:48.406-0400	debug	Frontend method invoked.	{"host": "127.0.0.1:63278", "wf-namespace": "namespace-ec265ab4-426c-4316-a4b3-47fc66311932", "operation": "PollActivityTaskQueue", "server-name": "", "cert-thumbprint": "", "logging-call-at": "/Users/shivamsaraf/Desktop/work/temporal/common/log/with_logger.go:61"}
2025-03-19T11:38:48.407-0400	debug	Received PollActivityTaskQueue	{"host": "127.0.0.1:63278", "service": "frontend", "logging-call-at": "/Users/shivamsaraf/Desktop/work/temporal/common/log/with_logger.go:61"}
2025-03-19T11:38:48.509-0400	info	modified user data	{"host": "127.0.0.1:63279", "component": "matching-engine", "wf-task-queue-name": "rrentVersion_Batching-564e9892_task_queue_44", "wf-task-queue-type": "Workflow", "wf-namespace": "namespace-ec265ab4-426c-4316-a4b3-47fc66311932", "user-data-update-source": "SyncDeploymentUserData", "user-data-version": 1, "timestamp": "2025-03-19T15:38:48.407Z", "logging-call-at": "/Users/shivamsaraf/Desktop/work/temporal/common/log/with_logger.go:66"}
2025-03-19T11:38:48.509-0400	debug	user data changed while blocked in long poll	{"host": "127.0.0.1:63279", "component": "matching-engine", "wf-task-queue-name": "rrentVersion_Batching-564e9892_task_queue_44", "wf-task-queue-type": "Workflow", "wf-namespace": "namespace-ec265ab4-426c-4316-a4b3-47fc66311932", "logging-call-at": "/Users/shivamsaraf/Desktop/work/temporal/common/log/with_logger.go:61"}
2025-03-19T11:38:48.509-0400	debug	user data changed while blocked in long poll	{"host": "127.0.0.1:63279", "component": "matching-engine", "wf-task-queue-name": "rrentVersion_Batching-564e9892_task_queue_44", "wf-task-queue-type": "Workflow", "wf-namespace": "namespace-ec265ab4-426c-4316-a4b3-47fc66311932", "logging-call-at": "/Users/shivamsaraf/Desktop/work/temporal/common/log/with_logger.go:61"}
2025-03-19T11:38:48.509-0400	debug	user data changed while blocked in long poll	{"host": "127.0.0.1:63279", "component": "matching-engine", "wf-task-queue-name": "rrentVersion_Batching-564e9892_task_queue_44", "wf-task-queue-type": "Workflow", "wf-namespace": "namespace-ec265ab4-426c-4316-a4b3-47fc66311932", "logging-call-at": "/Users/shivamsaraf/Desktop/work/temporal/common/log/with_logger.go:61"}
2025-03-19T11:38:48.509-0400	info	returning user data	{"host": "127.0.0.1:63279", "component": "matching-engine", "wf-task-queue-name": "rrentVersion_Batching-564e9892_task_queue_44", "wf-task-queue-type": "Workflow", "wf-namespace": "namespace-ec265ab4-426c-4316-a4b3-47fc66311932", "long-poll": true, "request-known-version": 0, "user-data-version": 1, "logging-call-at": "/Users/shivamsaraf/Desktop/work/temporal/common/log/with_logger.go:66"}
2025-03-19T11:38:48.509-0400	info	returning user data	{"host": "127.0.0.1:63279", "component": "matching-engine", "wf-task-queue-name": "rrentVersion_Batching-564e9892_task_queue_44", "wf-task-queue-type": "Workflow", "wf-namespace": "namespace-ec265ab4-426c-4316-a4b3-47fc66311932", "long-poll": true, "request-known-version": 0, "user-data-version": 1, "logging-call-at": "/Users/shivamsaraf/Desktop/work/temporal/common/log/with_logger.go:66"}
2025-03-19T11:38:48.509-0400	info	returning user data	{"host": "127.0.0.1:63279", "component": "matching-engine", "wf-task-queue-name": "rrentVersion_Batching-564e9892_task_queue_44", "wf-task-queue-type": "Workflow", "wf-namespace": "namespace-ec265ab4-426c-4316-a4b3-47fc66311932", "long-poll": true, "request-known-version": 0, "user-data-version": 1, "logging-call-at": "/Users/shivamsaraf/Desktop/work/temporal/common/log/with_logger.go:66"}
2025-03-19T11:38:48.509-0400	info	fetched user data from parent	{"host": "127.0.0.1:63279", "component": "matching-engine", "wf-task-queue-name": "/_sys/rrentVersion_Batching-564e9892_task_queue_44/3", "wf-task-queue-type": "Workflow", "wf-namespace": "namespace-ec265ab4-426c-4316-a4b3-47fc66311932", "user-data-version": 1, "timestamp": "2025-03-19T15:38:48.407Z", "logging-call-at": "/Users/shivamsaraf/Desktop/work/temporal/common/log/with_logger.go:66"}
2025-03-19T11:38:48.509-0400	info	fetched user data from parent	{"host": "127.0.0.1:63279", "component": "matching-engine", "wf-task-queue-name": "/_sys/rrentVersion_Batching-564e9892_task_queue_44/2", "wf-task-queue-type": "Workflow", "wf-namespace": "namespace-ec265ab4-426c-4316-a4b3-47fc66311932", "user-data-version": 1, "timestamp": "2025-03-19T15:38:48.407Z", "logging-call-at": "/Users/shivamsaraf/Desktop/work/temporal/common/log/with_logger.go:66"}
2025-03-19T11:38:48.509-0400	debug	Frontend method invoked.	{"host": "127.0.0.1:63278", "wf-namespace": "namespace-ec265ab4-426c-4316-a4b3-47fc66311932", "operation": "RespondActivityTaskCompleted", "server-name": "", "cert-thumbprint": "", "logging-call-at": "/Users/shivamsaraf/Desktop/work/temporal/common/log/with_logger.go:61"}
2025-03-19T11:38:48.509-0400	info	fetched user data from parent	{"host": "127.0.0.1:63279", "component": "matching-engine", "wf-task-queue-name": "/_sys/rrentVersion_Batching-564e9892_task_queue_44/1", "wf-task-queue-type": "Workflow", "wf-namespace": "namespace-ec265ab4-426c-4316-a4b3-47fc66311932", "user-data-version": 1, "timestamp": "2025-03-19T15:38:48.407Z", "logging-call-at": "/Users/shivamsaraf/Desktop/work/temporal/common/log/with_logger.go:66"}
2025-03-19T11:38:48.510-0400	debug	Workflow task updated	{"host": "127.0.0.1:63280", "shard-id": 4, "address": "127.0.0.1:63280", "wf-scheduled-event-id": 392, "wf-started-event-id": 0, "workflow-task-request-id": "emptyUuid", "workflow-task-timeout": 10, "attempt": 1, "wf-started-timestamp": "0001-01-01T00:00:00.000Z", "wt-type": "Normal", "logging-call-at": "/Users/shivamsaraf/Desktop/work/temporal/common/log/with_logger.go:61"}
2025-03-19T11:38:48.510-0400	debug	Assigning new task key	{"host": "127.0.0.1:63280", "shard-id": 4, "address": "127.0.0.1:63280", "wf-namespace-id": "d0b550e3-6091-4a9b-a9aa-3d80ffb24954", "wf-id": "temporal-sys-worker-deployment-version:rrentVersion_Batching-564e9892_deployment_series.rrentVersion_Batching-564e9892_build_id", "wf-run-id": "0195af0e-98a0-7d94-93e5-2a1d2e5942f8", "queue-task-type": "WorkflowTaskTimeout", "queue-task-id": 1049584, "timestamp": "2025-03-19T15:38:53.511Z", "cursor-timestamp": "2025-03-19T15:38:49.401Z", "logging-call-at": "/Users/shivamsaraf/Desktop/work/temporal/common/log/with_logger.go:61"}
2025-03-19T11:38:48.510-0400	debug	Assigning new task key	{"host": "127.0.0.1:63280", "shard-id": 4, "address": "127.0.0.1:63280", "wf-namespace-id": "d0b550e3-6091-4a9b-a9aa-3d80ffb24954", "wf-id": "temporal-sys-worker-deployment-version:rrentVersion_Batching-564e9892_deployment_series.rrentVersion_Batching-564e9892_build_id", "wf-run-id": "0195af0e-98a0-7d94-93e5-2a1d2e5942f8", "queue-task-type": "TransferWorkflowTask", "queue-task-id": 1049585, "timestamp": "2025-03-19T15:38:48.510Z", "cursor-timestamp": "2025-03-19T15:38:49.401Z", "logging-call-at": "/Users/shivamsaraf/Desktop/work/temporal/common/log/with_logger.go:61"}
2025-03-19T11:38:48.517-0400	debug	Process task as active.	{"host": "127.0.0.1:63280", "shard-id": 4, "address": "127.0.0.1:63280", "component": "transfer-queue-processor", "wf-namespace-id": "d0b550e3-6091-4a9b-a9aa-3d80ffb24954", "value": "d0b550e3-6091-4a9b-a9aa-3d80ffb24954/temporal-sys-worker-deployment-version:rrentVersion_Batching-564e9892_deployment_series.rrentVersion_Batching-564e9892_build_id/0195af0e-98a0-7d94-93e5-2a1d2e5942f8", "logging-call-at": "/Users/shivamsaraf/Desktop/work/temporal/common/log/with_logger.go:61"}
2025-03-19T11:38:48.518-0400	debug	Workflow task updated	{"host": "127.0.0.1:63280", "shard-id": 4, "address": "127.0.0.1:63280", "wf-scheduled-event-id": 392, "wf-started-event-id": 393, "workflow-task-request-id": "cf2a1c6f-9114-43dc-976a-2b714cdd9e5f", "workflow-task-timeout": 10, "attempt": 1, "wf-started-timestamp": "2025-03-19T15:38:48.517Z", "wt-type": "Normal", "logging-call-at": "/Users/shivamsaraf/Desktop/work/temporal/common/log/with_logger.go:61"}
2025-03-19T11:38:48.518-0400	debug	Assigning new task key	{"host": "127.0.0.1:63280", "shard-id": 4, "address": "127.0.0.1:63280", "wf-namespace-id": "d0b550e3-6091-4a9b-a9aa-3d80ffb24954", "wf-id": "temporal-sys-worker-deployment-version:rrentVersion_Batching-564e9892_deployment_series.rrentVersion_Batching-564e9892_build_id", "wf-run-id": "0195af0e-98a0-7d94-93e5-2a1d2e5942f8", "queue-task-type": "WorkflowTaskTimeout", "queue-task-id": 1049588, "timestamp": "2025-03-19T15:38:58.518Z", "cursor-timestamp": "2025-03-19T15:38:49.516Z", "logging-call-at": "/Users/shivamsaraf/Desktop/work/temporal/common/log/with_logger.go:61"}
2025-03-19T11:38:48.527-0400	debug	ExecuteActivity	{"host": "127.0.0.1:63281", "Namespace": "namespace-ec265ab4-426c-4316-a4b3-47fc66311932", "TaskQueue": "temporal-sys-per-ns-tq", "WorkerID": "temporal-system@Shivams-MacBook-Pro.local@namespace-ec265ab4-426c-4316-a4b3-47fc66311932", "WorkflowType": "temporal-sys-worker-deployment-version-workflow", "WorkflowID": "temporal-sys-worker-deployment-version:rrentVersion_Batching-564e9892_deployment_series.rrentVersion_Batching-564e9892_build_id", "RunID": "0195af0e-98a0-7d94-93e5-2a1d2e5942f8", "Attempt": 0, "ActivityID": "395", "ActivityType": "CheckWorkerDeploymentUserDataPropagation", "logging-call-at": "/Users/shivamsaraf/Desktop/work/temporal/common/log/with_logger.go:61"}
2025-03-19T11:38:48.527-0400	debug	Frontend method invoked.	{"host": "127.0.0.1:63278", "wf-namespace": "namespace-ec265ab4-426c-4316-a4b3-47fc66311932", "operation": "PollWorkflowTaskQueue", "server-name": "", "cert-thumbprint": "", "logging-call-at": "/Users/shivamsaraf/Desktop/work/temporal/common/log/with_logger.go:61"}
2025-03-19T11:38:48.527-0400	debug	Received PollWorkflowTaskQueue	{"host": "127.0.0.1:63278", "service": "frontend", "logging-call-at": "/Users/shivamsaraf/Desktop/work/temporal/common/log/with_logger.go:61"}
2025-03-19T11:38:48.527-0400	debug	Poll workflow task queue.	{"host": "127.0.0.1:63278", "service": "frontend", "wf-namespace": "namespace-ec265ab4-426c-4316-a4b3-47fc66311932", "wf-namespace-id": "d0b550e3-6091-4a9b-a9aa-3d80ffb24954", "logging-call-at": "/Users/shivamsaraf/Desktop/work/temporal/common/log/with_logger.go:61"}
2025-03-19T11:38:48.527-0400	debug	Frontend method invoked.	{"host": "127.0.0.1:63278", "wf-namespace": "namespace-ec265ab4-426c-4316-a4b3-47fc66311932", "operation": "RespondWorkflowTaskCompleted", "server-name": "", "cert-thumbprint": "", "logging-call-at": "/Users/shivamsaraf/Desktop/work/temporal/common/log/with_logger.go:61"}
2025-03-19T11:38:48.527-0400	debug	RespondWorkflowTaskCompleted	{"host": "127.0.0.1:63280", "service": "history", "wf-namespace-id": "d0b550e3-6091-4a9b-a9aa-3d80ffb24954", "wf-id": "temporal-sys-worker-deployment-version:rrentVersion_Batching-564e9892_deployment_series.rrentVersion_Batching-564e9892_build_id", "wf-run-id": "0195af0e-98a0-7d94-93e5-2a1d2e5942f8", "wf-scheduled-event-id": 392, "logging-call-at": "/Users/shivamsaraf/Desktop/work/temporal/common/log/with_logger.go:61"}
2025-03-19T11:38:48.528-0400	debug	Workflow task updated	{"host": "127.0.0.1:63280", "shard-id": 4, "address": "127.0.0.1:63280", "wf-scheduled-event-id": 0, "wf-started-event-id": 0, "workflow-task-request-id": "emptyUuid", "workflow-task-timeout": 0, "attempt": 1, "wf-started-timestamp": "1970-01-01T00:00:00.000Z", "wt-type": "Unspecified", "logging-call-at": "/Users/shivamsaraf/Desktop/work/temporal/common/log/with_logger.go:61"}
2025-03-19T11:38:48.528-0400	debug	Assigning new task key	{"host": "127.0.0.1:63280", "shard-id": 4, "address": "127.0.0.1:63280", "wf-namespace-id": "d0b550e3-6091-4a9b-a9aa-3d80ffb24954", "wf-id": "temporal-sys-worker-deployment-version:rrentVersion_Batching-564e9892_deployment_series.rrentVersion_Batching-564e9892_build_id", "wf-run-id": "0195af0e-98a0-7d94-93e5-2a1d2e5942f8", "queue-task-type": "TransferActivityTask", "queue-task-id": 1049593, "timestamp": "2025-03-19T15:38:48.528Z", "cursor-timestamp": "2025-03-19T15:38:49.516Z", "logging-call-at": "/Users/shivamsaraf/Desktop/work/temporal/common/log/with_logger.go:61"}
2025-03-19T11:38:48.533-0400	debug	Process task as active.	{"host": "127.0.0.1:63280", "shard-id": 4, "address": "127.0.0.1:63280", "component": "transfer-queue-processor", "wf-namespace-id": "d0b550e3-6091-4a9b-a9aa-3d80ffb24954", "value": "d0b550e3-6091-4a9b-a9aa-3d80ffb24954/temporal-sys-worker-deployment-version:rrentVersion_Batching-564e9892_deployment_series.rrentVersion_Batching-564e9892_build_id/0195af0e-98a0-7d94-93e5-2a1d2e5942f8", "logging-call-at": "/Users/shivamsaraf/Desktop/work/temporal/common/log/with_logger.go:61"}
2025-03-19T11:38:48.534-0400	debug	Assigning new task key	{"host": "127.0.0.1:63280", "shard-id": 4, "address": "127.0.0.1:63280", "wf-namespace-id": "d0b550e3-6091-4a9b-a9aa-3d80ffb24954", "wf-id": "temporal-sys-worker-deployment-version:rrentVersion_Batching-564e9892_deployment_series.rrentVersion_Batching-564e9892_build_id", "wf-run-id": "0195af0e-98a0-7d94-93e5-2a1d2e5942f8", "queue-task-type": "ActivityTimeout", "queue-task-id": 1049594, "timestamp": "2025-03-19T15:39:48.535Z", "cursor-timestamp": "2025-03-19T15:38:49.532Z", "logging-call-at": "/Users/shivamsaraf/Desktop/work/temporal/common/log/with_logger.go:61"}
2025-03-19T11:38:48.541-0400	info	waiting for userdata propagation	{"host": "127.0.0.1:63281", "Namespace": "namespace-ec265ab4-426c-4316-a4b3-47fc66311932", "TaskQueue": "temporal-sys-per-ns-tq", "WorkerID": "temporal-system@Shivams-MacBook-Pro.local@namespace-ec265ab4-426c-4316-a4b3-47fc66311932", "ActivityID": "395", "ActivityType": "CheckWorkerDeploymentUserDataPropagation", "Attempt": 1, "WorkflowType": "temporal-sys-worker-deployment-version-workflow", "WorkflowID": "temporal-sys-worker-deployment-version:rrentVersion_Batching-564e9892_deployment_series.rrentVersion_Batching-564e9892_build_id", "RunID": "0195af0e-98a0-7d94-93e5-2a1d2e5942f8", "taskQueue": "rrentVersion_Batching-564e9892_task_queue_44", "version": 1, "logging-call-at": "/Users/shivamsaraf/Desktop/work/temporal/common/log/with_logger.go:66"}
2025-03-19T11:38:48.541-0400	debug	Frontend method invoked.	{"host": "127.0.0.1:63278", "wf-namespace": "namespace-ec265ab4-426c-4316-a4b3-47fc66311932", "operation": "PollActivityTaskQueue", "server-name": "", "cert-thumbprint": "", "logging-call-at": "/Users/shivamsaraf/Desktop/work/temporal/common/log/with_logger.go:61"}
2025-03-19T11:38:48.541-0400	debug	Received PollActivityTaskQueue	{"host": "127.0.0.1:63278", "service": "frontend", "logging-call-at": "/Users/shivamsaraf/Desktop/work/temporal/common/log/with_logger.go:61"}
2025-03-19T11:38:48.542-0400	info	returning user data	{"host": "127.0.0.1:63279", "component": "matching-engine", "wf-task-queue-name": "/_sys/rrentVersion_Batching-564e9892_task_queue_44/1", "wf-task-queue-type": "Workflow", "wf-namespace": "namespace-ec265ab4-426c-4316-a4b3-47fc66311932", "long-poll": true, "request-known-version": 0, "user-data-version": 1, "logging-call-at": "/Users/shivamsaraf/Desktop/work/temporal/common/log/with_logger.go:66"}
2025-03-19T11:38:48.542-0400	info	returning user data	{"host": "127.0.0.1:63279", "component": "matching-engine", "wf-task-queue-name": "/_sys/rrentVersion_Batching-564e9892_task_queue_44/2", "wf-task-queue-type": "Workflow", "wf-namespace": "namespace-ec265ab4-426c-4316-a4b3-47fc66311932", "long-poll": true, "request-known-version": 0, "user-data-version": 1, "logging-call-at": "/Users/shivamsaraf/Desktop/work/temporal/common/log/with_logger.go:66"}
2025-03-19T11:38:48.542-0400	info	matching client encountered error	{"host": "127.0.0.1:63279", "error": "partition was not loaded", "service-error-type": "serviceerror.FailedPrecondition", "logging-call-at": "/Users/shivamsaraf/Desktop/work/temporal/common/log/with_logger.go:66"}
2025-03-19T11:38:48.542-0400	info	returning user data	{"host": "127.0.0.1:63279", "component": "matching-engine", "wf-task-queue-name": "/_sys/rrentVersion_Batching-564e9892_task_queue_44/3", "wf-task-queue-type": "Workflow", "wf-namespace": "namespace-ec265ab4-426c-4316-a4b3-47fc66311932", "long-poll": true, "request-known-version": 0, "user-data-version": 1, "logging-call-at": "/Users/shivamsaraf/Desktop/work/temporal/common/log/with_logger.go:66"}
2025-03-19T11:38:48.542-0400	info	matching client encountered error	{"host": "127.0.0.1:63279", "error": "partition was not loaded", "service-error-type": "serviceerror.FailedPrecondition", "logging-call-at": "/Users/shivamsaraf/Desktop/work/temporal/common/log/with_logger.go:66"}
2025-03-19T11:38:48.542-0400	info	matching client encountered error	{"host": "127.0.0.1:63279", "error": "partition was not loaded", "service-error-type": "serviceerror.FailedPrecondition", "logging-call-at": "/Users/shivamsaraf/Desktop/work/temporal/common/log/with_logger.go:66"}
2025-03-19T11:38:48.542-0400	info	matching client encountered error	{"host": "127.0.0.1:63279", "error": "partition was not loaded", "service-error-type": "serviceerror.FailedPrecondition", "logging-call-at": "/Users/shivamsaraf/Desktop/work/temporal/common/log/with_logger.go:66"}
2025-03-19T11:38:48.542-0400	debug	Frontend method invoked.	{"host": "127.0.0.1:63278", "wf-namespace": "namespace-ec265ab4-426c-4316-a4b3-47fc66311932", "operation": "RespondActivityTaskCompleted", "server-name": "", "cert-thumbprint": "", "logging-call-at": "/Users/shivamsaraf/Desktop/work/temporal/common/log/with_logger.go:61"}
2025-03-19T11:38:48.543-0400	debug	Workflow task updated	{"host": "127.0.0.1:63280", "shard-id": 4, "address": "127.0.0.1:63280", "wf-scheduled-event-id": 398, "wf-started-event-id": 0, "workflow-task-request-id": "emptyUuid", "workflow-task-timeout": 10, "attempt": 1, "wf-started-timestamp": "0001-01-01T00:00:00.000Z", "wt-type": "Normal", "logging-call-at": "/Users/shivamsaraf/Desktop/work/temporal/common/log/with_logger.go:61"}
2025-03-19T11:38:48.543-0400	debug	Assigning new task key	{"host": "127.0.0.1:63280", "shard-id": 4, "address": "127.0.0.1:63280", "wf-namespace-id": "d0b550e3-6091-4a9b-a9aa-3d80ffb24954", "wf-id": "temporal-sys-worker-deployment-version:rrentVersion_Batching-564e9892_deployment_series.rrentVersion_Batching-564e9892_build_id", "wf-run-id": "0195af0e-98a0-7d94-93e5-2a1d2e5942f8", "queue-task-type": "WorkflowTaskTimeout", "queue-task-id": 1049600, "timestamp": "2025-03-19T15:38:53.544Z", "cursor-timestamp": "2025-03-19T15:38:49.532Z", "logging-call-at": "/Users/shivamsaraf/Desktop/work/temporal/common/log/with_logger.go:61"}
2025-03-19T11:38:48.543-0400	debug	Assigning new task key	{"host": "127.0.0.1:63280", "shard-id": 4, "address": "127.0.0.1:63280", "wf-namespace-id": "d0b550e3-6091-4a9b-a9aa-3d80ffb24954", "wf-id": "temporal-sys-worker-deployment-version:rrentVersion_Batching-564e9892_deployment_series.rrentVersion_Batching-564e9892_build_id", "wf-run-id": "0195af0e-98a0-7d94-93e5-2a1d2e5942f8", "queue-task-type": "TransferWorkflowTask", "queue-task-id": 1049601, "timestamp": "2025-03-19T15:38:48.543Z", "cursor-timestamp": "2025-03-19T15:38:49.532Z", "logging-call-at": "/Users/shivamsaraf/Desktop/work/temporal/common/log/with_logger.go:61"}
2025-03-19T11:38:48.547-0400	debug	Process task as active.	{"host": "127.0.0.1:63280", "shard-id": 4, "address": "127.0.0.1:63280", "component": "transfer-queue-processor", "wf-namespace-id": "d0b550e3-6091-4a9b-a9aa-3d80ffb24954", "value": "d0b550e3-6091-4a9b-a9aa-3d80ffb24954/temporal-sys-worker-deployment-version:rrentVersion_Batching-564e9892_deployment_series.rrentVersion_Batching-564e9892_build_id/0195af0e-98a0-7d94-93e5-2a1d2e5942f8", "logging-call-at": "/Users/shivamsaraf/Desktop/work/temporal/common/log/with_logger.go:61"}
2025-03-19T11:38:48.548-0400	debug	Workflow task updated	{"host": "127.0.0.1:63280", "shard-id": 4, "address": "127.0.0.1:63280", "wf-scheduled-event-id": 398, "wf-started-event-id": 399, "workflow-task-request-id": "87031534-dcf8-42fc-ae0a-2b4bd16c740c", "workflow-task-timeout": 10, "attempt": 1, "wf-started-timestamp": "2025-03-19T15:38:48.548Z", "wt-type": "Normal", "logging-call-at": "/Users/shivamsaraf/Desktop/work/temporal/common/log/with_logger.go:61"}
2025-03-19T11:38:48.549-0400	debug	Assigning new task key	{"host": "127.0.0.1:63280", "shard-id": 4, "address": "127.0.0.1:63280", "wf-namespace-id": "d0b550e3-6091-4a9b-a9aa-3d80ffb24954", "wf-id": "temporal-sys-worker-deployment-version:rrentVersion_Batching-564e9892_deployment_series.rrentVersion_Batching-564e9892_build_id", "wf-run-id": "0195af0e-98a0-7d94-93e5-2a1d2e5942f8", "queue-task-type": "WorkflowTaskTimeout", "queue-task-id": 1049604, "timestamp": "2025-03-19T15:38:58.549Z", "cursor-timestamp": "2025-03-19T15:38:49.547Z", "logging-call-at": "/Users/shivamsaraf/Desktop/work/temporal/common/log/with_logger.go:61"}
2025-03-19T11:38:48.556-0400	debug	Frontend method invoked.	{"host": "127.0.0.1:63278", "wf-namespace": "namespace-ec265ab4-426c-4316-a4b3-47fc66311932", "operation": "PollWorkflowTaskQueue", "server-name": "", "cert-thumbprint": "", "logging-call-at": "/Users/shivamsaraf/Desktop/work/temporal/common/log/with_logger.go:61"}
2025-03-19T11:38:48.556-0400	debug	Received PollWorkflowTaskQueue	{"host": "127.0.0.1:63278", "service": "frontend", "logging-call-at": "/Users/shivamsaraf/Desktop/work/temporal/common/log/with_logger.go:61"}
2025-03-19T11:38:48.556-0400	debug	Poll workflow task queue.	{"host": "127.0.0.1:63278", "service": "frontend", "wf-namespace": "namespace-ec265ab4-426c-4316-a4b3-47fc66311932", "wf-namespace-id": "d0b550e3-6091-4a9b-a9aa-3d80ffb24954", "logging-call-at": "/Users/shivamsaraf/Desktop/work/temporal/common/log/with_logger.go:61"}
2025-03-19T11:38:48.556-0400	debug	Frontend method invoked.	{"host": "127.0.0.1:63278", "wf-namespace": "namespace-ec265ab4-426c-4316-a4b3-47fc66311932", "operation": "RespondWorkflowTaskCompleted", "server-name": "", "cert-thumbprint": "", "logging-call-at": "/Users/shivamsaraf/Desktop/work/temporal/common/log/with_logger.go:61"}
2025-03-19T11:38:48.556-0400	debug	RespondWorkflowTaskCompleted	{"host": "127.0.0.1:63280", "service": "history", "wf-namespace-id": "d0b550e3-6091-4a9b-a9aa-3d80ffb24954", "wf-id": "temporal-sys-worker-deployment-version:rrentVersion_Batching-564e9892_deployment_series.rrentVersion_Batching-564e9892_build_id", "wf-run-id": "0195af0e-98a0-7d94-93e5-2a1d2e5942f8", "wf-scheduled-event-id": 398, "logging-call-at": "/Users/shivamsaraf/Desktop/work/temporal/common/log/with_logger.go:61"}
2025-03-19T11:38:48.556-0400	debug	Workflow task updated	{"host": "127.0.0.1:63280", "shard-id": 4, "address": "127.0.0.1:63280", "wf-scheduled-event-id": 0, "wf-started-event-id": 0, "workflow-task-request-id": "emptyUuid", "workflow-task-timeout": 0, "attempt": 1, "wf-started-timestamp": "1970-01-01T00:00:00.000Z", "wt-type": "Unspecified", "logging-call-at": "/Users/shivamsaraf/Desktop/work/temporal/common/log/with_logger.go:61"}
2025-03-19T11:38:48.557-0400	debug	update state change	{"host": "127.0.0.1:63280", "shard-id": 4, "address": "127.0.0.1:63280", "wf-namespace-id": "d0b550e3-6091-4a9b-a9aa-3d80ffb24954", "wf-id": "temporal-sys-worker-deployment-version:rrentVersion_Batching-564e9892_deployment_series.rrentVersion_Batching-564e9892_build_id", "wf-run-id": "0195af0e-98a0-7d94-93e5-2a1d2e5942f8", "update-id": "2ffc068f-b766-409e-9b17-bdeb9df94ceb", "from-state": "Accepted", "to-state": "ProvisionallyCompleted", "logging-call-at": "/Users/shivamsaraf/Desktop/work/temporal/common/log/with_logger.go:61"}
2025-03-19T11:38:48.559-0400	debug	update state change	{"host": "127.0.0.1:63280", "shard-id": 4, "address": "127.0.0.1:63280", "wf-namespace-id": "d0b550e3-6091-4a9b-a9aa-3d80ffb24954", "wf-id": "temporal-sys-worker-deployment-version:rrentVersion_Batching-564e9892_deployment_series.rrentVersion_Batching-564e9892_build_id", "wf-run-id": "0195af0e-98a0-7d94-93e5-2a1d2e5942f8", "update-id": "2ffc068f-b766-409e-9b17-bdeb9df94ceb", "from-state": "ProvisionallyCompleted", "to-state": "Completed", "logging-call-at": "/Users/shivamsaraf/Desktop/work/temporal/common/log/with_logger.go:61"}
2025-03-19T11:38:48.560-0400	debug	Frontend method invoked.	{"host": "127.0.0.1:63278", "wf-namespace": "namespace-ec265ab4-426c-4316-a4b3-47fc66311932", "operation": "RespondActivityTaskCompleted", "server-name": "", "cert-thumbprint": "", "logging-call-at": "/Users/shivamsaraf/Desktop/work/temporal/common/log/with_logger.go:61"}
2025-03-19T11:38:48.560-0400	debug	Workflow task updated	{"host": "127.0.0.1:63280", "shard-id": 1, "address": "127.0.0.1:63280", "wf-scheduled-event-id": 214, "wf-started-event-id": 0, "workflow-task-request-id": "emptyUuid", "workflow-task-timeout": 10, "attempt": 1, "wf-started-timestamp": "0001-01-01T00:00:00.000Z", "wt-type": "Normal", "logging-call-at": "/Users/shivamsaraf/Desktop/work/temporal/common/log/with_logger.go:61"}
2025-03-19T11:38:48.561-0400	debug	Assigning new task key	{"host": "127.0.0.1:63280", "shard-id": 1, "address": "127.0.0.1:63280", "wf-namespace-id": "d0b550e3-6091-4a9b-a9aa-3d80ffb24954", "wf-id": "temporal-sys-worker-deployment:rrentVersion_Batching-564e9892_deployment_series", "wf-run-id": "0195af0e-960d-715f-b6c6-08dcdf4b78ec", "queue-task-type": "WorkflowTaskTimeout", "queue-task-id": 1049060, "timestamp": "2025-03-19T15:38:53.561Z", "cursor-timestamp": "2025-03-19T15:38:49.385Z", "logging-call-at": "/Users/shivamsaraf/Desktop/work/temporal/common/log/with_logger.go:61"}
2025-03-19T11:38:48.561-0400	debug	Assigning new task key	{"host": "127.0.0.1:63280", "shard-id": 1, "address": "127.0.0.1:63280", "wf-namespace-id": "d0b550e3-6091-4a9b-a9aa-3d80ffb24954", "wf-id": "temporal-sys-worker-deployment:rrentVersion_Batching-564e9892_deployment_series", "wf-run-id": "0195af0e-960d-715f-b6c6-08dcdf4b78ec", "queue-task-type": "TransferWorkflowTask", "queue-task-id": 1049061, "timestamp": "2025-03-19T15:38:48.561Z", "cursor-timestamp": "2025-03-19T15:38:49.385Z", "logging-call-at": "/Users/shivamsaraf/Desktop/work/temporal/common/log/with_logger.go:61"}
2025-03-19T11:38:48.565-0400	debug	Process task as active.	{"host": "127.0.0.1:63280", "shard-id": 1, "address": "127.0.0.1:63280", "component": "transfer-queue-processor", "wf-namespace-id": "d0b550e3-6091-4a9b-a9aa-3d80ffb24954", "value": "d0b550e3-6091-4a9b-a9aa-3d80ffb24954/temporal-sys-worker-deployment:rrentVersion_Batching-564e9892_deployment_series/0195af0e-960d-715f-b6c6-08dcdf4b78ec", "logging-call-at": "/Users/shivamsaraf/Desktop/work/temporal/common/log/with_logger.go:61"}
2025-03-19T11:38:48.565-0400	debug	Workflow task updated	{"host": "127.0.0.1:63280", "shard-id": 1, "address": "127.0.0.1:63280", "wf-scheduled-event-id": 214, "wf-started-event-id": 215, "workflow-task-request-id": "36b839f4-af9b-4740-a4dd-3a1aa23c48fa", "workflow-task-timeout": 10, "attempt": 1, "wf-started-timestamp": "2025-03-19T15:38:48.565Z", "wt-type": "Normal", "logging-call-at": "/Users/shivamsaraf/Desktop/work/temporal/common/log/with_logger.go:61"}
2025-03-19T11:38:48.566-0400	debug	Assigning new task key	{"host": "127.0.0.1:63280", "shard-id": 1, "address": "127.0.0.1:63280", "wf-namespace-id": "d0b550e3-6091-4a9b-a9aa-3d80ffb24954", "wf-id": "temporal-sys-worker-deployment:rrentVersion_Batching-564e9892_deployment_series", "wf-run-id": "0195af0e-960d-715f-b6c6-08dcdf4b78ec", "queue-task-type": "WorkflowTaskTimeout", "queue-task-id": 1049064, "timestamp": "2025-03-19T15:38:58.566Z", "cursor-timestamp": "2025-03-19T15:38:49.564Z", "logging-call-at": "/Users/shivamsaraf/Desktop/work/temporal/common/log/with_logger.go:61"}
2025-03-19T11:38:48.572-0400	debug	ExecuteActivity	{"host": "127.0.0.1:63281", "Namespace": "namespace-ec265ab4-426c-4316-a4b3-47fc66311932", "TaskQueue": "temporal-sys-per-ns-tq", "WorkerID": "temporal-system@Shivams-MacBook-Pro.local@namespace-ec265ab4-426c-4316-a4b3-47fc66311932", "WorkflowType": "temporal-sys-worker-deployment-workflow", "WorkflowID": "temporal-sys-worker-deployment:rrentVersion_Batching-564e9892_deployment_series", "RunID": "0195af0e-960d-715f-b6c6-08dcdf4b78ec", "Attempt": 0, "ActivityID": "218", "ActivityType": "RegisterWorkerInVersion", "logging-call-at": "/Users/shivamsaraf/Desktop/work/temporal/common/log/with_logger.go:61"}
2025-03-19T11:38:48.572-0400	debug	Frontend method invoked.	{"host": "127.0.0.1:63278", "wf-namespace": "namespace-ec265ab4-426c-4316-a4b3-47fc66311932", "operation": "PollWorkflowTaskQueue", "server-name": "", "cert-thumbprint": "", "logging-call-at": "/Users/shivamsaraf/Desktop/work/temporal/common/log/with_logger.go:61"}
2025-03-19T11:38:48.572-0400	debug	Received PollWorkflowTaskQueue	{"host": "127.0.0.1:63278", "service": "frontend", "logging-call-at": "/Users/shivamsaraf/Desktop/work/temporal/common/log/with_logger.go:61"}
2025-03-19T11:38:48.572-0400	debug	Poll workflow task queue.	{"host": "127.0.0.1:63278", "service": "frontend", "wf-namespace": "namespace-ec265ab4-426c-4316-a4b3-47fc66311932", "wf-namespace-id": "d0b550e3-6091-4a9b-a9aa-3d80ffb24954", "logging-call-at": "/Users/shivamsaraf/Desktop/work/temporal/common/log/with_logger.go:61"}
2025-03-19T11:38:48.573-0400	debug	Frontend method invoked.	{"host": "127.0.0.1:63278", "wf-namespace": "namespace-ec265ab4-426c-4316-a4b3-47fc66311932", "operation": "RespondWorkflowTaskCompleted", "server-name": "", "cert-thumbprint": "", "logging-call-at": "/Users/shivamsaraf/Desktop/work/temporal/common/log/with_logger.go:61"}
2025-03-19T11:38:48.573-0400	debug	RespondWorkflowTaskCompleted	{"host": "127.0.0.1:63280", "service": "history", "wf-namespace-id": "d0b550e3-6091-4a9b-a9aa-3d80ffb24954", "wf-id": "temporal-sys-worker-deployment:rrentVersion_Batching-564e9892_deployment_series", "wf-run-id": "0195af0e-960d-715f-b6c6-08dcdf4b78ec", "wf-scheduled-event-id": 214, "logging-call-at": "/Users/shivamsaraf/Desktop/work/temporal/common/log/with_logger.go:61"}
2025-03-19T11:38:48.573-0400	debug	Workflow task updated	{"host": "127.0.0.1:63280", "shard-id": 1, "address": "127.0.0.1:63280", "wf-scheduled-event-id": 0, "wf-started-event-id": 0, "workflow-task-request-id": "emptyUuid", "workflow-task-timeout": 0, "attempt": 1, "wf-started-timestamp": "1970-01-01T00:00:00.000Z", "wt-type": "Unspecified", "logging-call-at": "/Users/shivamsaraf/Desktop/work/temporal/common/log/with_logger.go:61"}
2025-03-19T11:38:48.573-0400	debug	update state change	{"host": "127.0.0.1:63280", "shard-id": 1, "address": "127.0.0.1:63280", "wf-namespace-id": "d0b550e3-6091-4a9b-a9aa-3d80ffb24954", "wf-id": "temporal-sys-worker-deployment:rrentVersion_Batching-564e9892_deployment_series", "wf-run-id": "0195af0e-960d-715f-b6c6-08dcdf4b78ec", "update-id": "29835abf-2036-415f-9b24-f89a7959bd06", "from-state": "Accepted", "to-state": "ProvisionallyCompleted", "logging-call-at": "/Users/shivamsaraf/Desktop/work/temporal/common/log/with_logger.go:61"}
2025-03-19T11:38:48.574-0400	debug	Assigning new task key	{"host": "127.0.0.1:63280", "shard-id": 1, "address": "127.0.0.1:63280", "wf-namespace-id": "d0b550e3-6091-4a9b-a9aa-3d80ffb24954", "wf-id": "temporal-sys-worker-deployment:rrentVersion_Batching-564e9892_deployment_series", "wf-run-id": "0195af0e-960d-715f-b6c6-08dcdf4b78ec", "queue-task-type": "TransferActivityTask", "queue-task-id": 1049070, "timestamp": "2025-03-19T15:38:48.574Z", "cursor-timestamp": "2025-03-19T15:38:49.564Z", "logging-call-at": "/Users/shivamsaraf/Desktop/work/temporal/common/log/with_logger.go:61"}
2025-03-19T11:38:48.577-0400	debug	update state change	{"host": "127.0.0.1:63280", "shard-id": 1, "address": "127.0.0.1:63280", "wf-namespace-id": "d0b550e3-6091-4a9b-a9aa-3d80ffb24954", "wf-id": "temporal-sys-worker-deployment:rrentVersion_Batching-564e9892_deployment_series", "wf-run-id": "0195af0e-960d-715f-b6c6-08dcdf4b78ec", "update-id": "29835abf-2036-415f-9b24-f89a7959bd06", "from-state": "ProvisionallyCompleted", "to-state": "Completed", "logging-call-at": "/Users/shivamsaraf/Desktop/work/temporal/common/log/with_logger.go:61"}
2025-03-19T11:38:48.577-0400	debug	deployment client success	{"host": "127.0.0.1:63279", "operation": "RegisterTaskQueueWorker", "elapsed": 5.034155041, "args": ["rrentVersion_Batching-564e9892_task_queue_44",1,"matching service"], "logging-call-at": "/Users/shivamsaraf/Desktop/work/temporal/common/log/with_logger.go:61"}
2025-03-19T11:38:48.577-0400	debug	Process task as active.	{"host": "127.0.0.1:63280", "shard-id": 1, "address": "127.0.0.1:63280", "component": "transfer-queue-processor", "wf-namespace-id": "d0b550e3-6091-4a9b-a9aa-3d80ffb24954", "value": "d0b550e3-6091-4a9b-a9aa-3d80ffb24954/temporal-sys-worker-deployment:rrentVersion_Batching-564e9892_deployment_series/0195af0e-960d-715f-b6c6-08dcdf4b78ec", "logging-call-at": "/Users/shivamsaraf/Desktop/work/temporal/common/log/with_logger.go:61"}
2025-03-19T11:38:48.578-0400	debug	Assigning new task key	{"host": "127.0.0.1:63280", "shard-id": 1, "address": "127.0.0.1:63280", "wf-namespace-id": "d0b550e3-6091-4a9b-a9aa-3d80ffb24954", "wf-id": "temporal-sys-worker-deployment:rrentVersion_Batching-564e9892_deployment_series", "wf-run-id": "0195af0e-960d-715f-b6c6-08dcdf4b78ec", "queue-task-type": "ActivityTimeout", "queue-task-id": 1049072, "timestamp": "2025-03-19T15:39:48.579Z", "cursor-timestamp": "2025-03-19T15:38:49.577Z", "logging-call-at": "/Users/shivamsaraf/Desktop/work/temporal/common/log/with_logger.go:61"}
2025-03-19T11:38:48.582-0400	debug	Frontend method invoked.	{"host": "127.0.0.1:63278", "wf-namespace": "namespace-ec265ab4-426c-4316-a4b3-47fc66311932", "operation": "PollActivityTaskQueue", "server-name": "", "cert-thumbprint": "", "logging-call-at": "/Users/shivamsaraf/Desktop/work/temporal/common/log/with_logger.go:61"}
2025-03-19T11:38:48.582-0400	debug	Received PollActivityTaskQueue	{"host": "127.0.0.1:63278", "service": "frontend", "logging-call-at": "/Users/shivamsaraf/Desktop/work/temporal/common/log/with_logger.go:61"}
2025-03-19T11:38:48.583-0400	debug	update state change	{"host": "127.0.0.1:63280", "shard-id": 4, "address": "127.0.0.1:63280", "wf-namespace-id": "d0b550e3-6091-4a9b-a9aa-3d80ffb24954", "wf-id": "temporal-sys-worker-deployment-version:rrentVersion_Batching-564e9892_deployment_series.rrentVersion_Batching-564e9892_build_id", "wf-run-id": "0195af0e-98a0-7d94-93e5-2a1d2e5942f8", "update-id": "6b71d30a-c526-4f65-b8cd-96cfa2deca8e", "from-state": "Created", "to-state": "ProvisionallyAdmitted", "logging-call-at": "/Users/shivamsaraf/Desktop/work/temporal/common/log/with_logger.go:61"}
2025-03-19T11:38:48.583-0400	debug	update state change	{"host": "127.0.0.1:63280", "shard-id": 4, "address": "127.0.0.1:63280", "wf-namespace-id": "d0b550e3-6091-4a9b-a9aa-3d80ffb24954", "wf-id": "temporal-sys-worker-deployment-version:rrentVersion_Batching-564e9892_deployment_series.rrentVersion_Batching-564e9892_build_id", "wf-run-id": "0195af0e-98a0-7d94-93e5-2a1d2e5942f8", "update-id": "6b71d30a-c526-4f65-b8cd-96cfa2deca8e", "from-state": "ProvisionallyAdmitted", "to-state": "Admitted", "logging-call-at": "/Users/shivamsaraf/Desktop/work/temporal/common/log/with_logger.go:61"}
2025-03-19T11:38:48.583-0400	debug	Workflow task updated	{"host": "127.0.0.1:63280", "shard-id": 4, "address": "127.0.0.1:63280", "wf-scheduled-event-id": 402, "wf-started-event-id": 0, "workflow-task-request-id": "emptyUuid", "workflow-task-timeout": 10, "attempt": 1, "wf-started-timestamp": "0001-01-01T00:00:00.000Z", "wt-type": "Speculative", "logging-call-at": "/Users/shivamsaraf/Desktop/work/temporal/common/log/with_logger.go:61"}
2025-03-19T11:38:48.584-0400	debug	Workflow task updated	{"host": "127.0.0.1:63280", "shard-id": 4, "address": "127.0.0.1:63280", "wf-scheduled-event-id": 402, "wf-started-event-id": 403, "workflow-task-request-id": "39f829b2-4076-46b4-a0f4-720e116faf12", "workflow-task-timeout": 10, "attempt": 1, "wf-started-timestamp": "2025-03-19T15:38:48.584Z", "wt-type": "Speculative", "logging-call-at": "/Users/shivamsaraf/Desktop/work/temporal/common/log/with_logger.go:61"}
2025-03-19T11:38:48.584-0400	debug	update state change	{"host": "127.0.0.1:63280", "shard-id": 4, "address": "127.0.0.1:63280", "wf-namespace-id": "d0b550e3-6091-4a9b-a9aa-3d80ffb24954", "wf-id": "temporal-sys-worker-deployment-version:rrentVersion_Batching-564e9892_deployment_series.rrentVersion_Batching-564e9892_build_id", "wf-run-id": "0195af0e-98a0-7d94-93e5-2a1d2e5942f8", "update-id": "6b71d30a-c526-4f65-b8cd-96cfa2deca8e", "from-state": "Admitted", "to-state": "Sent", "logging-call-at": "/Users/shivamsaraf/Desktop/work/temporal/common/log/with_logger.go:61"}
2025-03-19T11:38:48.588-0400	debug	Frontend method invoked.	{"host": "127.0.0.1:63278", "wf-namespace": "namespace-ec265ab4-426c-4316-a4b3-47fc66311932", "operation": "PollWorkflowTaskQueue", "server-name": "", "cert-thumbprint": "", "logging-call-at": "/Users/shivamsaraf/Desktop/work/temporal/common/log/with_logger.go:61"}
2025-03-19T11:38:48.588-0400	debug	ExecuteActivity	{"host": "127.0.0.1:63281", "Namespace": "namespace-ec265ab4-426c-4316-a4b3-47fc66311932", "TaskQueue": "temporal-sys-per-ns-tq", "WorkerID": "temporal-system@Shivams-MacBook-Pro.local@namespace-ec265ab4-426c-4316-a4b3-47fc66311932", "WorkflowType": "temporal-sys-worker-deployment-version-workflow", "WorkflowID": "temporal-sys-worker-deployment-version:rrentVersion_Batching-564e9892_deployment_series.rrentVersion_Batching-564e9892_build_id", "RunID": "0195af0e-98a0-7d94-93e5-2a1d2e5942f8", "Attempt": 0, "ActivityID": "406", "ActivityType": "SyncDeploymentVersionUserData", "logging-call-at": "/Users/shivamsaraf/Desktop/work/temporal/common/log/with_logger.go:61"}
2025-03-19T11:38:48.588-0400	debug	Received PollWorkflowTaskQueue	{"host": "127.0.0.1:63278", "service": "frontend", "logging-call-at": "/Users/shivamsaraf/Desktop/work/temporal/common/log/with_logger.go:61"}
2025-03-19T11:38:48.588-0400	debug	Poll workflow task queue.	{"host": "127.0.0.1:63278", "service": "frontend", "wf-namespace": "namespace-ec265ab4-426c-4316-a4b3-47fc66311932", "wf-namespace-id": "d0b550e3-6091-4a9b-a9aa-3d80ffb24954", "logging-call-at": "/Users/shivamsaraf/Desktop/work/temporal/common/log/with_logger.go:61"}
2025-03-19T11:38:48.589-0400	debug	Frontend method invoked.	{"host": "127.0.0.1:63278", "wf-namespace": "namespace-ec265ab4-426c-4316-a4b3-47fc66311932", "operation": "RespondWorkflowTaskCompleted", "server-name": "", "cert-thumbprint": "", "logging-call-at": "/Users/shivamsaraf/Desktop/work/temporal/common/log/with_logger.go:61"}
2025-03-19T11:38:48.589-0400	debug	RespondWorkflowTaskCompleted	{"host": "127.0.0.1:63280", "service": "history", "wf-namespace-id": "d0b550e3-6091-4a9b-a9aa-3d80ffb24954", "wf-id": "temporal-sys-worker-deployment-version:rrentVersion_Batching-564e9892_deployment_series.rrentVersion_Batching-564e9892_build_id", "wf-run-id": "0195af0e-98a0-7d94-93e5-2a1d2e5942f8", "wf-scheduled-event-id": 402, "logging-call-at": "/Users/shivamsaraf/Desktop/work/temporal/common/log/with_logger.go:61"}
2025-03-19T11:38:48.589-0400	debug	Workflow task updated	{"host": "127.0.0.1:63280", "shard-id": 4, "address": "127.0.0.1:63280", "wf-scheduled-event-id": 0, "wf-started-event-id": 0, "workflow-task-request-id": "emptyUuid", "workflow-task-timeout": 0, "attempt": 1, "wf-started-timestamp": "1970-01-01T00:00:00.000Z", "wt-type": "Unspecified", "logging-call-at": "/Users/shivamsaraf/Desktop/work/temporal/common/log/with_logger.go:61"}
2025-03-19T11:38:48.589-0400	debug	update state change	{"host": "127.0.0.1:63280", "shard-id": 4, "address": "127.0.0.1:63280", "wf-namespace-id": "d0b550e3-6091-4a9b-a9aa-3d80ffb24954", "wf-id": "temporal-sys-worker-deployment-version:rrentVersion_Batching-564e9892_deployment_series.rrentVersion_Batching-564e9892_build_id", "wf-run-id": "0195af0e-98a0-7d94-93e5-2a1d2e5942f8", "update-id": "6b71d30a-c526-4f65-b8cd-96cfa2deca8e", "from-state": "Sent", "to-state": "ProvisionallyAccepted", "logging-call-at": "/Users/shivamsaraf/Desktop/work/temporal/common/log/with_logger.go:61"}
2025-03-19T11:38:48.590-0400	debug	Assigning new task key	{"host": "127.0.0.1:63280", "shard-id": 4, "address": "127.0.0.1:63280", "wf-namespace-id": "d0b550e3-6091-4a9b-a9aa-3d80ffb24954", "wf-id": "temporal-sys-worker-deployment-version:rrentVersion_Batching-564e9892_deployment_series.rrentVersion_Batching-564e9892_build_id", "wf-run-id": "0195af0e-98a0-7d94-93e5-2a1d2e5942f8", "queue-task-type": "TransferActivityTask", "queue-task-id": 1049621, "timestamp": "2025-03-19T15:38:48.590Z", "cursor-timestamp": "2025-03-19T15:38:49.547Z", "logging-call-at": "/Users/shivamsaraf/Desktop/work/temporal/common/log/with_logger.go:61"}
2025-03-19T11:38:48.593-0400	debug	update state change	{"host": "127.0.0.1:63280", "shard-id": 4, "address": "127.0.0.1:63280", "wf-namespace-id": "d0b550e3-6091-4a9b-a9aa-3d80ffb24954", "wf-id": "temporal-sys-worker-deployment-version:rrentVersion_Batching-564e9892_deployment_series.rrentVersion_Batching-564e9892_build_id", "wf-run-id": "0195af0e-98a0-7d94-93e5-2a1d2e5942f8", "update-id": "6b71d30a-c526-4f65-b8cd-96cfa2deca8e", "from-state": "ProvisionallyAccepted", "to-state": "Accepted", "logging-call-at": "/Users/shivamsaraf/Desktop/work/temporal/common/log/with_logger.go:61"}
2025-03-19T11:38:48.594-0400	debug	Process task as active.	{"host": "127.0.0.1:63280", "shard-id": 4, "address": "127.0.0.1:63280", "component": "transfer-queue-processor", "wf-namespace-id": "d0b550e3-6091-4a9b-a9aa-3d80ffb24954", "value": "d0b550e3-6091-4a9b-a9aa-3d80ffb24954/temporal-sys-worker-deployment-version:rrentVersion_Batching-564e9892_deployment_series.rrentVersion_Batching-564e9892_build_id/0195af0e-98a0-7d94-93e5-2a1d2e5942f8", "logging-call-at": "/Users/shivamsaraf/Desktop/work/temporal/common/log/with_logger.go:61"}
2025-03-19T11:38:48.594-0400	debug	Assigning new task key	{"host": "127.0.0.1:63280", "shard-id": 4, "address": "127.0.0.1:63280", "wf-namespace-id": "d0b550e3-6091-4a9b-a9aa-3d80ffb24954", "wf-id": "temporal-sys-worker-deployment-version:rrentVersion_Batching-564e9892_deployment_series.rrentVersion_Batching-564e9892_build_id", "wf-run-id": "0195af0e-98a0-7d94-93e5-2a1d2e5942f8", "queue-task-type": "ActivityTimeout", "queue-task-id": 1049622, "timestamp": "2025-03-19T15:39:48.595Z", "cursor-timestamp": "2025-03-19T15:38:49.593Z", "logging-call-at": "/Users/shivamsaraf/Desktop/work/temporal/common/log/with_logger.go:61"}
2025-03-19T11:38:48.598-0400	info	syncing task queue userdata for deployment version	{"host": "127.0.0.1:63281", "Namespace": "namespace-ec265ab4-426c-4316-a4b3-47fc66311932", "TaskQueue": "temporal-sys-per-ns-tq", "WorkerID": "temporal-system@Shivams-MacBook-Pro.local@namespace-ec265ab4-426c-4316-a4b3-47fc66311932", "ActivityID": "406", "ActivityType": "SyncDeploymentVersionUserData", "Attempt": 1, "WorkflowType": "temporal-sys-worker-deployment-version-workflow", "WorkflowID": "temporal-sys-worker-deployment-version:rrentVersion_Batching-564e9892_deployment_series.rrentVersion_Batching-564e9892_build_id", "RunID": "0195af0e-98a0-7d94-93e5-2a1d2e5942f8", "taskQueue": "rrentVersion_Batching-564e9892_task_queue_3", "types": [1], "logging-call-at": "/Users/shivamsaraf/Desktop/work/temporal/common/log/with_logger.go:66"}
2025-03-19T11:38:48.598-0400	debug	Frontend method invoked.	{"host": "127.0.0.1:63278", "wf-namespace": "namespace-ec265ab4-426c-4316-a4b3-47fc66311932", "operation": "PollActivityTaskQueue", "server-name": "", "cert-thumbprint": "", "logging-call-at": "/Users/shivamsaraf/Desktop/work/temporal/common/log/with_logger.go:61"}
2025-03-19T11:38:48.598-0400	debug	Received PollActivityTaskQueue	{"host": "127.0.0.1:63278", "service": "frontend", "logging-call-at": "/Users/shivamsaraf/Desktop/work/temporal/common/log/with_logger.go:61"}
2025-03-19T11:38:48.700-0400	info	modified user data	{"host": "127.0.0.1:63279", "component": "matching-engine", "wf-task-queue-name": "rrentVersion_Batching-564e9892_task_queue_3", "wf-task-queue-type": "Workflow", "wf-namespace": "namespace-ec265ab4-426c-4316-a4b3-47fc66311932", "user-data-update-source": "SyncDeploymentUserData", "user-data-version": 1, "timestamp": "2025-03-19T15:38:48.598Z", "logging-call-at": "/Users/shivamsaraf/Desktop/work/temporal/common/log/with_logger.go:66"}
2025-03-19T11:38:48.700-0400	debug	user data changed while blocked in long poll	{"host": "127.0.0.1:63279", "component": "matching-engine", "wf-task-queue-name": "rrentVersion_Batching-564e9892_task_queue_3", "wf-task-queue-type": "Workflow", "wf-namespace": "namespace-ec265ab4-426c-4316-a4b3-47fc66311932", "logging-call-at": "/Users/shivamsaraf/Desktop/work/temporal/common/log/with_logger.go:61"}
2025-03-19T11:38:48.700-0400	debug	user data changed while blocked in long poll	{"host": "127.0.0.1:63279", "component": "matching-engine", "wf-task-queue-name": "rrentVersion_Batching-564e9892_task_queue_3", "wf-task-queue-type": "Workflow", "wf-namespace": "namespace-ec265ab4-426c-4316-a4b3-47fc66311932", "logging-call-at": "/Users/shivamsaraf/Desktop/work/temporal/common/log/with_logger.go:61"}
2025-03-19T11:38:48.700-0400	debug	user data changed while blocked in long poll	{"host": "127.0.0.1:63279", "component": "matching-engine", "wf-task-queue-name": "rrentVersion_Batching-564e9892_task_queue_3", "wf-task-queue-type": "Workflow", "wf-namespace": "namespace-ec265ab4-426c-4316-a4b3-47fc66311932", "logging-call-at": "/Users/shivamsaraf/Desktop/work/temporal/common/log/with_logger.go:61"}
2025-03-19T11:38:48.700-0400	info	returning user data	{"host": "127.0.0.1:63279", "component": "matching-engine", "wf-task-queue-name": "rrentVersion_Batching-564e9892_task_queue_3", "wf-task-queue-type": "Workflow", "wf-namespace": "namespace-ec265ab4-426c-4316-a4b3-47fc66311932", "long-poll": true, "request-known-version": 0, "user-data-version": 1, "logging-call-at": "/Users/shivamsaraf/Desktop/work/temporal/common/log/with_logger.go:66"}
2025-03-19T11:38:48.700-0400	info	returning user data	{"host": "127.0.0.1:63279", "component": "matching-engine", "wf-task-queue-name": "rrentVersion_Batching-564e9892_task_queue_3", "wf-task-queue-type": "Workflow", "wf-namespace": "namespace-ec265ab4-426c-4316-a4b3-47fc66311932", "long-poll": true, "request-known-version": 0, "user-data-version": 1, "logging-call-at": "/Users/shivamsaraf/Desktop/work/temporal/common/log/with_logger.go:66"}
2025-03-19T11:38:48.700-0400	info	returning user data	{"host": "127.0.0.1:63279", "component": "matching-engine", "wf-task-queue-name": "rrentVersion_Batching-564e9892_task_queue_3", "wf-task-queue-type": "Workflow", "wf-namespace": "namespace-ec265ab4-426c-4316-a4b3-47fc66311932", "long-poll": true, "request-known-version": 0, "user-data-version": 1, "logging-call-at": "/Users/shivamsaraf/Desktop/work/temporal/common/log/with_logger.go:66"}
2025-03-19T11:38:48.701-0400	info	fetched user data from parent	{"host": "127.0.0.1:63279", "component": "matching-engine", "wf-task-queue-name": "/_sys/rrentVersion_Batching-564e9892_task_queue_3/1", "wf-task-queue-type": "Workflow", "wf-namespace": "namespace-ec265ab4-426c-4316-a4b3-47fc66311932", "user-data-version": 1, "timestamp": "2025-03-19T15:38:48.598Z", "logging-call-at": "/Users/shivamsaraf/Desktop/work/temporal/common/log/with_logger.go:66"}
2025-03-19T11:38:48.701-0400	info	fetched user data from parent	{"host": "127.0.0.1:63279", "component": "matching-engine", "wf-task-queue-name": "/_sys/rrentVersion_Batching-564e9892_task_queue_3/2", "wf-task-queue-type": "Workflow", "wf-namespace": "namespace-ec265ab4-426c-4316-a4b3-47fc66311932", "user-data-version": 1, "timestamp": "2025-03-19T15:38:48.598Z", "logging-call-at": "/Users/shivamsaraf/Desktop/work/temporal/common/log/with_logger.go:66"}
2025-03-19T11:38:48.701-0400	info	fetched user data from parent	{"host": "127.0.0.1:63279", "component": "matching-engine", "wf-task-queue-name": "/_sys/rrentVersion_Batching-564e9892_task_queue_3/3", "wf-task-queue-type": "Workflow", "wf-namespace": "namespace-ec265ab4-426c-4316-a4b3-47fc66311932", "user-data-version": 1, "timestamp": "2025-03-19T15:38:48.598Z", "logging-call-at": "/Users/shivamsaraf/Desktop/work/temporal/common/log/with_logger.go:66"}
2025-03-19T11:38:48.701-0400	debug	Frontend method invoked.	{"host": "127.0.0.1:63278", "wf-namespace": "namespace-ec265ab4-426c-4316-a4b3-47fc66311932", "operation": "RespondActivityTaskCompleted", "server-name": "", "cert-thumbprint": "", "logging-call-at": "/Users/shivamsaraf/Desktop/work/temporal/common/log/with_logger.go:61"}
2025-03-19T11:38:48.702-0400	debug	Workflow task updated	{"host": "127.0.0.1:63280", "shard-id": 4, "address": "127.0.0.1:63280", "wf-scheduled-event-id": 409, "wf-started-event-id": 0, "workflow-task-request-id": "emptyUuid", "workflow-task-timeout": 10, "attempt": 1, "wf-started-timestamp": "0001-01-01T00:00:00.000Z", "wt-type": "Normal", "logging-call-at": "/Users/shivamsaraf/Desktop/work/temporal/common/log/with_logger.go:61"}
2025-03-19T11:38:48.702-0400	debug	Assigning new task key	{"host": "127.0.0.1:63280", "shard-id": 4, "address": "127.0.0.1:63280", "wf-namespace-id": "d0b550e3-6091-4a9b-a9aa-3d80ffb24954", "wf-id": "temporal-sys-worker-deployment-version:rrentVersion_Batching-564e9892_deployment_series.rrentVersion_Batching-564e9892_build_id", "wf-run-id": "0195af0e-98a0-7d94-93e5-2a1d2e5942f8", "queue-task-type": "WorkflowTaskTimeout", "queue-task-id": 1049628, "timestamp": "2025-03-19T15:38:53.703Z", "cursor-timestamp": "2025-03-19T15:38:49.593Z", "logging-call-at": "/Users/shivamsaraf/Desktop/work/temporal/common/log/with_logger.go:61"}
2025-03-19T11:38:48.702-0400	debug	Assigning new task key	{"host": "127.0.0.1:63280", "shard-id": 4, "address": "127.0.0.1:63280", "wf-namespace-id": "d0b550e3-6091-4a9b-a9aa-3d80ffb24954", "wf-id": "temporal-sys-worker-deployment-version:rrentVersion_Batching-564e9892_deployment_series.rrentVersion_Batching-564e9892_build_id", "wf-run-id": "0195af0e-98a0-7d94-93e5-2a1d2e5942f8", "queue-task-type": "TransferWorkflowTask", "queue-task-id": 1049629, "timestamp": "2025-03-19T15:38:48.702Z", "cursor-timestamp": "2025-03-19T15:38:49.593Z", "logging-call-at": "/Users/shivamsaraf/Desktop/work/temporal/common/log/with_logger.go:61"}
2025-03-19T11:38:48.708-0400	debug	Process task as active.	{"host": "127.0.0.1:63280", "shard-id": 4, "address": "127.0.0.1:63280", "component": "transfer-queue-processor", "wf-namespace-id": "d0b550e3-6091-4a9b-a9aa-3d80ffb24954", "value": "d0b550e3-6091-4a9b-a9aa-3d80ffb24954/temporal-sys-worker-deployment-version:rrentVersion_Batching-564e9892_deployment_series.rrentVersion_Batching-564e9892_build_id/0195af0e-98a0-7d94-93e5-2a1d2e5942f8", "logging-call-at": "/Users/shivamsaraf/Desktop/work/temporal/common/log/with_logger.go:61"}
2025-03-19T11:38:48.709-0400	debug	Workflow task updated	{"host": "127.0.0.1:63280", "shard-id": 4, "address": "127.0.0.1:63280", "wf-scheduled-event-id": 409, "wf-started-event-id": 410, "workflow-task-request-id": "481f4a1a-a735-4041-8fa4-cf89f09fde98", "workflow-task-timeout": 10, "attempt": 1, "wf-started-timestamp": "2025-03-19T15:38:48.709Z", "wt-type": "Normal", "logging-call-at": "/Users/shivamsaraf/Desktop/work/temporal/common/log/with_logger.go:61"}
2025-03-19T11:38:48.709-0400	debug	Assigning new task key	{"host": "127.0.0.1:63280", "shard-id": 4, "address": "127.0.0.1:63280", "wf-namespace-id": "d0b550e3-6091-4a9b-a9aa-3d80ffb24954", "wf-id": "temporal-sys-worker-deployment-version:rrentVersion_Batching-564e9892_deployment_series.rrentVersion_Batching-564e9892_build_id", "wf-run-id": "0195af0e-98a0-7d94-93e5-2a1d2e5942f8", "queue-task-type": "WorkflowTaskTimeout", "queue-task-id": 1049632, "timestamp": "2025-03-19T15:38:58.710Z", "cursor-timestamp": "2025-03-19T15:38:49.707Z", "logging-call-at": "/Users/shivamsaraf/Desktop/work/temporal/common/log/with_logger.go:61"}
2025-03-19T11:38:48.718-0400	debug	ExecuteActivity	{"host": "127.0.0.1:63281", "Namespace": "namespace-ec265ab4-426c-4316-a4b3-47fc66311932", "TaskQueue": "temporal-sys-per-ns-tq", "WorkerID": "temporal-system@Shivams-MacBook-Pro.local@namespace-ec265ab4-426c-4316-a4b3-47fc66311932", "WorkflowType": "temporal-sys-worker-deployment-version-workflow", "WorkflowID": "temporal-sys-worker-deployment-version:rrentVersion_Batching-564e9892_deployment_series.rrentVersion_Batching-564e9892_build_id", "RunID": "0195af0e-98a0-7d94-93e5-2a1d2e5942f8", "Attempt": 0, "ActivityID": "412", "ActivityType": "CheckWorkerDeploymentUserDataPropagation", "logging-call-at": "/Users/shivamsaraf/Desktop/work/temporal/common/log/with_logger.go:61"}
2025-03-19T11:38:48.718-0400	debug	Frontend method invoked.	{"host": "127.0.0.1:63278", "wf-namespace": "namespace-ec265ab4-426c-4316-a4b3-47fc66311932", "operation": "PollWorkflowTaskQueue", "server-name": "", "cert-thumbprint": "", "logging-call-at": "/Users/shivamsaraf/Desktop/work/temporal/common/log/with_logger.go:61"}
2025-03-19T11:38:48.718-0400	debug	Received PollWorkflowTaskQueue	{"host": "127.0.0.1:63278", "service": "frontend", "logging-call-at": "/Users/shivamsaraf/Desktop/work/temporal/common/log/with_logger.go:61"}
2025-03-19T11:38:48.718-0400	debug	Poll workflow task queue.	{"host": "127.0.0.1:63278", "service": "frontend", "wf-namespace": "namespace-ec265ab4-426c-4316-a4b3-47fc66311932", "wf-namespace-id": "d0b550e3-6091-4a9b-a9aa-3d80ffb24954", "logging-call-at": "/Users/shivamsaraf/Desktop/work/temporal/common/log/with_logger.go:61"}
2025-03-19T11:38:48.719-0400	debug	Frontend method invoked.	{"host": "127.0.0.1:63278", "wf-namespace": "namespace-ec265ab4-426c-4316-a4b3-47fc66311932", "operation": "RespondWorkflowTaskCompleted", "server-name": "", "cert-thumbprint": "", "logging-call-at": "/Users/shivamsaraf/Desktop/work/temporal/common/log/with_logger.go:61"}
2025-03-19T11:38:48.719-0400	debug	RespondWorkflowTaskCompleted	{"host": "127.0.0.1:63280", "service": "history", "wf-namespace-id": "d0b550e3-6091-4a9b-a9aa-3d80ffb24954", "wf-id": "temporal-sys-worker-deployment-version:rrentVersion_Batching-564e9892_deployment_series.rrentVersion_Batching-564e9892_build_id", "wf-run-id": "0195af0e-98a0-7d94-93e5-2a1d2e5942f8", "wf-scheduled-event-id": 409, "logging-call-at": "/Users/shivamsaraf/Desktop/work/temporal/common/log/with_logger.go:61"}
2025-03-19T11:38:48.719-0400	debug	Workflow task updated	{"host": "127.0.0.1:63280", "shard-id": 4, "address": "127.0.0.1:63280", "wf-scheduled-event-id": 0, "wf-started-event-id": 0, "workflow-task-request-id": "emptyUuid", "workflow-task-timeout": 0, "attempt": 1, "wf-started-timestamp": "1970-01-01T00:00:00.000Z", "wt-type": "Unspecified", "logging-call-at": "/Users/shivamsaraf/Desktop/work/temporal/common/log/with_logger.go:61"}
2025-03-19T11:38:48.720-0400	debug	Assigning new task key	{"host": "127.0.0.1:63280", "shard-id": 4, "address": "127.0.0.1:63280", "wf-namespace-id": "d0b550e3-6091-4a9b-a9aa-3d80ffb24954", "wf-id": "temporal-sys-worker-deployment-version:rrentVersion_Batching-564e9892_deployment_series.rrentVersion_Batching-564e9892_build_id", "wf-run-id": "0195af0e-98a0-7d94-93e5-2a1d2e5942f8", "queue-task-type": "TransferActivityTask", "queue-task-id": 1049637, "timestamp": "2025-03-19T15:38:48.720Z", "cursor-timestamp": "2025-03-19T15:38:49.707Z", "logging-call-at": "/Users/shivamsaraf/Desktop/work/temporal/common/log/with_logger.go:61"}
2025-03-19T11:38:48.724-0400	debug	Process task as active.	{"host": "127.0.0.1:63280", "shard-id": 4, "address": "127.0.0.1:63280", "component": "transfer-queue-processor", "wf-namespace-id": "d0b550e3-6091-4a9b-a9aa-3d80ffb24954", "value": "d0b550e3-6091-4a9b-a9aa-3d80ffb24954/temporal-sys-worker-deployment-version:rrentVersion_Batching-564e9892_deployment_series.rrentVersion_Batching-564e9892_build_id/0195af0e-98a0-7d94-93e5-2a1d2e5942f8", "logging-call-at": "/Users/shivamsaraf/Desktop/work/temporal/common/log/with_logger.go:61"}
2025-03-19T11:38:48.725-0400	debug	Assigning new task key	{"host": "127.0.0.1:63280", "shard-id": 4, "address": "127.0.0.1:63280", "wf-namespace-id": "d0b550e3-6091-4a9b-a9aa-3d80ffb24954", "wf-id": "temporal-sys-worker-deployment-version:rrentVersion_Batching-564e9892_deployment_series.rrentVersion_Batching-564e9892_build_id", "wf-run-id": "0195af0e-98a0-7d94-93e5-2a1d2e5942f8", "queue-task-type": "ActivityTimeout", "queue-task-id": 1049638, "timestamp": "2025-03-19T15:39:48.726Z", "cursor-timestamp": "2025-03-19T15:38:49.723Z", "logging-call-at": "/Users/shivamsaraf/Desktop/work/temporal/common/log/with_logger.go:61"}
2025-03-19T11:38:48.729-0400	info	waiting for userdata propagation	{"host": "127.0.0.1:63281", "Namespace": "namespace-ec265ab4-426c-4316-a4b3-47fc66311932", "TaskQueue": "temporal-sys-per-ns-tq", "WorkerID": "temporal-system@Shivams-MacBook-Pro.local@namespace-ec265ab4-426c-4316-a4b3-47fc66311932", "ActivityID": "412", "ActivityType": "CheckWorkerDeploymentUserDataPropagation", "Attempt": 1, "WorkflowType": "temporal-sys-worker-deployment-version-workflow", "WorkflowID": "temporal-sys-worker-deployment-version:rrentVersion_Batching-564e9892_deployment_series.rrentVersion_Batching-564e9892_build_id", "RunID": "0195af0e-98a0-7d94-93e5-2a1d2e5942f8", "taskQueue": "rrentVersion_Batching-564e9892_task_queue_3", "version": 1, "logging-call-at": "/Users/shivamsaraf/Desktop/work/temporal/common/log/with_logger.go:66"}
2025-03-19T11:38:48.729-0400	debug	Frontend method invoked.	{"host": "127.0.0.1:63278", "wf-namespace": "namespace-ec265ab4-426c-4316-a4b3-47fc66311932", "operation": "PollActivityTaskQueue", "server-name": "", "cert-thumbprint": "", "logging-call-at": "/Users/shivamsaraf/Desktop/work/temporal/common/log/with_logger.go:61"}
2025-03-19T11:38:48.729-0400	debug	Received PollActivityTaskQueue	{"host": "127.0.0.1:63278", "service": "frontend", "logging-call-at": "/Users/shivamsaraf/Desktop/work/temporal/common/log/with_logger.go:61"}
2025-03-19T11:38:48.730-0400	info	returning user data	{"host": "127.0.0.1:63279", "component": "matching-engine", "wf-task-queue-name": "/_sys/rrentVersion_Batching-564e9892_task_queue_3/1", "wf-task-queue-type": "Workflow", "wf-namespace": "namespace-ec265ab4-426c-4316-a4b3-47fc66311932", "long-poll": true, "request-known-version": 0, "user-data-version": 1, "logging-call-at": "/Users/shivamsaraf/Desktop/work/temporal/common/log/with_logger.go:66"}
2025-03-19T11:38:48.730-0400	info	returning user data	{"host": "127.0.0.1:63279", "component": "matching-engine", "wf-task-queue-name": "/_sys/rrentVersion_Batching-564e9892_task_queue_3/2", "wf-task-queue-type": "Workflow", "wf-namespace": "namespace-ec265ab4-426c-4316-a4b3-47fc66311932", "long-poll": true, "request-known-version": 0, "user-data-version": 1, "logging-call-at": "/Users/shivamsaraf/Desktop/work/temporal/common/log/with_logger.go:66"}
2025-03-19T11:38:48.730-0400	info	matching client encountered error	{"host": "127.0.0.1:63279", "error": "partition was not loaded", "service-error-type": "serviceerror.FailedPrecondition", "logging-call-at": "/Users/shivamsaraf/Desktop/work/temporal/common/log/with_logger.go:66"}
2025-03-19T11:38:48.730-0400	info	returning user data	{"host": "127.0.0.1:63279", "component": "matching-engine", "wf-task-queue-name": "/_sys/rrentVersion_Batching-564e9892_task_queue_3/3", "wf-task-queue-type": "Workflow", "wf-namespace": "namespace-ec265ab4-426c-4316-a4b3-47fc66311932", "long-poll": true, "request-known-version": 0, "user-data-version": 1, "logging-call-at": "/Users/shivamsaraf/Desktop/work/temporal/common/log/with_logger.go:66"}
2025-03-19T11:38:48.730-0400	info	matching client encountered error	{"host": "127.0.0.1:63279", "error": "partition was not loaded", "service-error-type": "serviceerror.FailedPrecondition", "logging-call-at": "/Users/shivamsaraf/Desktop/work/temporal/common/log/with_logger.go:66"}
2025-03-19T11:38:48.730-0400	info	matching client encountered error	{"host": "127.0.0.1:63279", "error": "partition was not loaded", "service-error-type": "serviceerror.FailedPrecondition", "logging-call-at": "/Users/shivamsaraf/Desktop/work/temporal/common/log/with_logger.go:66"}
2025-03-19T11:38:48.730-0400	info	matching client encountered error	{"host": "127.0.0.1:63279", "error": "partition was not loaded", "service-error-type": "serviceerror.FailedPrecondition", "logging-call-at": "/Users/shivamsaraf/Desktop/work/temporal/common/log/with_logger.go:66"}
2025-03-19T11:38:48.730-0400	debug	Frontend method invoked.	{"host": "127.0.0.1:63278", "wf-namespace": "namespace-ec265ab4-426c-4316-a4b3-47fc66311932", "operation": "RespondActivityTaskCompleted", "server-name": "", "cert-thumbprint": "", "logging-call-at": "/Users/shivamsaraf/Desktop/work/temporal/common/log/with_logger.go:61"}
2025-03-19T11:38:48.731-0400	debug	Workflow task updated	{"host": "127.0.0.1:63280", "shard-id": 4, "address": "127.0.0.1:63280", "wf-scheduled-event-id": 415, "wf-started-event-id": 0, "workflow-task-request-id": "emptyUuid", "workflow-task-timeout": 10, "attempt": 1, "wf-started-timestamp": "0001-01-01T00:00:00.000Z", "wt-type": "Normal", "logging-call-at": "/Users/shivamsaraf/Desktop/work/temporal/common/log/with_logger.go:61"}
2025-03-19T11:38:48.731-0400	debug	Assigning new task key	{"host": "127.0.0.1:63280", "shard-id": 4, "address": "127.0.0.1:63280", "wf-namespace-id": "d0b550e3-6091-4a9b-a9aa-3d80ffb24954", "wf-id": "temporal-sys-worker-deployment-version:rrentVersion_Batching-564e9892_deployment_series.rrentVersion_Batching-564e9892_build_id", "wf-run-id": "0195af0e-98a0-7d94-93e5-2a1d2e5942f8", "queue-task-type": "WorkflowTaskTimeout", "queue-task-id": 1049644, "timestamp": "2025-03-19T15:38:53.732Z", "cursor-timestamp": "2025-03-19T15:38:49.723Z", "logging-call-at": "/Users/shivamsaraf/Desktop/work/temporal/common/log/with_logger.go:61"}
2025-03-19T11:38:48.731-0400	debug	Assigning new task key	{"host": "127.0.0.1:63280", "shard-id": 4, "address": "127.0.0.1:63280", "wf-namespace-id": "d0b550e3-6091-4a9b-a9aa-3d80ffb24954", "wf-id": "temporal-sys-worker-deployment-version:rrentVersion_Batching-564e9892_deployment_series.rrentVersion_Batching-564e9892_build_id", "wf-run-id": "0195af0e-98a0-7d94-93e5-2a1d2e5942f8", "queue-task-type": "TransferWorkflowTask", "queue-task-id": 1049645, "timestamp": "2025-03-19T15:38:48.731Z", "cursor-timestamp": "2025-03-19T15:38:49.723Z", "logging-call-at": "/Users/shivamsaraf/Desktop/work/temporal/common/log/with_logger.go:61"}
2025-03-19T11:38:48.735-0400	debug	Process task as active.	{"host": "127.0.0.1:63280", "shard-id": 4, "address": "127.0.0.1:63280", "component": "transfer-queue-processor", "wf-namespace-id": "d0b550e3-6091-4a9b-a9aa-3d80ffb24954", "value": "d0b550e3-6091-4a9b-a9aa-3d80ffb24954/temporal-sys-worker-deployment-version:rrentVersion_Batching-564e9892_deployment_series.rrentVersion_Batching-564e9892_build_id/0195af0e-98a0-7d94-93e5-2a1d2e5942f8", "logging-call-at": "/Users/shivamsaraf/Desktop/work/temporal/common/log/with_logger.go:61"}
2025-03-19T11:38:48.736-0400	debug	Workflow task updated	{"host": "127.0.0.1:63280", "shard-id": 4, "address": "127.0.0.1:63280", "wf-scheduled-event-id": 415, "wf-started-event-id": 416, "workflow-task-request-id": "a9073ea9-9158-473b-ab26-56484e9d3f89", "workflow-task-timeout": 10, "attempt": 1, "wf-started-timestamp": "2025-03-19T15:38:48.736Z", "wt-type": "Normal", "logging-call-at": "/Users/shivamsaraf/Desktop/work/temporal/common/log/with_logger.go:61"}
2025-03-19T11:38:48.736-0400	debug	Assigning new task key	{"host": "127.0.0.1:63280", "shard-id": 4, "address": "127.0.0.1:63280", "wf-namespace-id": "d0b550e3-6091-4a9b-a9aa-3d80ffb24954", "wf-id": "temporal-sys-worker-deployment-version:rrentVersion_Batching-564e9892_deployment_series.rrentVersion_Batching-564e9892_build_id", "wf-run-id": "0195af0e-98a0-7d94-93e5-2a1d2e5942f8", "queue-task-type": "WorkflowTaskTimeout", "queue-task-id": 1049648, "timestamp": "2025-03-19T15:38:58.737Z", "cursor-timestamp": "2025-03-19T15:38:49.735Z", "logging-call-at": "/Users/shivamsaraf/Desktop/work/temporal/common/log/with_logger.go:61"}
2025-03-19T11:38:48.738-0400	debug	Frontend method invoked.	{"host": "127.0.0.1:63278", "wf-namespace": "namespace-ec265ab4-426c-4316-a4b3-47fc66311932", "operation": "DescribeWorkerDeploymentVersion", "server-name": "", "cert-thumbprint": "", "logging-call-at": "/Users/shivamsaraf/Desktop/work/temporal/common/log/with_logger.go:61"}
2025-03-19T11:38:48.744-0400	debug	Frontend method invoked.	{"host": "127.0.0.1:63278", "wf-namespace": "namespace-ec265ab4-426c-4316-a4b3-47fc66311932", "operation": "PollWorkflowTaskQueue", "server-name": "", "cert-thumbprint": "", "logging-call-at": "/Users/shivamsaraf/Desktop/work/temporal/common/log/with_logger.go:61"}
2025-03-19T11:38:48.744-0400	debug	Received PollWorkflowTaskQueue	{"host": "127.0.0.1:63278", "service": "frontend", "logging-call-at": "/Users/shivamsaraf/Desktop/work/temporal/common/log/with_logger.go:61"}
2025-03-19T11:38:48.744-0400	debug	Poll workflow task queue.	{"host": "127.0.0.1:63278", "service": "frontend", "wf-namespace": "namespace-ec265ab4-426c-4316-a4b3-47fc66311932", "wf-namespace-id": "d0b550e3-6091-4a9b-a9aa-3d80ffb24954", "logging-call-at": "/Users/shivamsaraf/Desktop/work/temporal/common/log/with_logger.go:61"}
2025-03-19T11:38:48.744-0400	debug	Frontend method invoked.	{"host": "127.0.0.1:63278", "wf-namespace": "namespace-ec265ab4-426c-4316-a4b3-47fc66311932", "operation": "RespondWorkflowTaskCompleted", "server-name": "", "cert-thumbprint": "", "logging-call-at": "/Users/shivamsaraf/Desktop/work/temporal/common/log/with_logger.go:61"}
2025-03-19T11:38:48.744-0400	debug	RespondWorkflowTaskCompleted	{"host": "127.0.0.1:63280", "service": "history", "wf-namespace-id": "d0b550e3-6091-4a9b-a9aa-3d80ffb24954", "wf-id": "temporal-sys-worker-deployment-version:rrentVersion_Batching-564e9892_deployment_series.rrentVersion_Batching-564e9892_build_id", "wf-run-id": "0195af0e-98a0-7d94-93e5-2a1d2e5942f8", "wf-scheduled-event-id": 415, "logging-call-at": "/Users/shivamsaraf/Desktop/work/temporal/common/log/with_logger.go:61"}
2025-03-19T11:38:48.745-0400	debug	Workflow task updated	{"host": "127.0.0.1:63280", "shard-id": 4, "address": "127.0.0.1:63280", "wf-scheduled-event-id": 0, "wf-started-event-id": 0, "workflow-task-request-id": "emptyUuid", "workflow-task-timeout": 0, "attempt": 1, "wf-started-timestamp": "1970-01-01T00:00:00.000Z", "wt-type": "Unspecified", "logging-call-at": "/Users/shivamsaraf/Desktop/work/temporal/common/log/with_logger.go:61"}
2025-03-19T11:38:48.745-0400	debug	update state change	{"host": "127.0.0.1:63280", "shard-id": 4, "address": "127.0.0.1:63280", "wf-namespace-id": "d0b550e3-6091-4a9b-a9aa-3d80ffb24954", "wf-id": "temporal-sys-worker-deployment-version:rrentVersion_Batching-564e9892_deployment_series.rrentVersion_Batching-564e9892_build_id", "wf-run-id": "0195af0e-98a0-7d94-93e5-2a1d2e5942f8", "update-id": "6b71d30a-c526-4f65-b8cd-96cfa2deca8e", "from-state": "Accepted", "to-state": "ProvisionallyCompleted", "logging-call-at": "/Users/shivamsaraf/Desktop/work/temporal/common/log/with_logger.go:61"}
2025-03-19T11:38:48.747-0400	debug	update state change	{"host": "127.0.0.1:63280", "shard-id": 4, "address": "127.0.0.1:63280", "wf-namespace-id": "d0b550e3-6091-4a9b-a9aa-3d80ffb24954", "wf-id": "temporal-sys-worker-deployment-version:rrentVersion_Batching-564e9892_deployment_series.rrentVersion_Batching-564e9892_build_id", "wf-run-id": "0195af0e-98a0-7d94-93e5-2a1d2e5942f8", "update-id": "6b71d30a-c526-4f65-b8cd-96cfa2deca8e", "from-state": "ProvisionallyCompleted", "to-state": "Completed", "logging-call-at": "/Users/shivamsaraf/Desktop/work/temporal/common/log/with_logger.go:61"}
2025-03-19T11:38:48.748-0400	debug	Frontend method invoked.	{"host": "127.0.0.1:63278", "wf-namespace": "namespace-ec265ab4-426c-4316-a4b3-47fc66311932", "operation": "RespondActivityTaskCompleted", "server-name": "", "cert-thumbprint": "", "logging-call-at": "/Users/shivamsaraf/Desktop/work/temporal/common/log/with_logger.go:61"}
2025-03-19T11:38:48.749-0400	debug	Workflow task updated	{"host": "127.0.0.1:63280", "shard-id": 1, "address": "127.0.0.1:63280", "wf-scheduled-event-id": 221, "wf-started-event-id": 0, "workflow-task-request-id": "emptyUuid", "workflow-task-timeout": 10, "attempt": 1, "wf-started-timestamp": "0001-01-01T00:00:00.000Z", "wt-type": "Normal", "logging-call-at": "/Users/shivamsaraf/Desktop/work/temporal/common/log/with_logger.go:61"}
2025-03-19T11:38:48.749-0400	debug	Assigning new task key	{"host": "127.0.0.1:63280", "shard-id": 1, "address": "127.0.0.1:63280", "wf-namespace-id": "d0b550e3-6091-4a9b-a9aa-3d80ffb24954", "wf-id": "temporal-sys-worker-deployment:rrentVersion_Batching-564e9892_deployment_series", "wf-run-id": "0195af0e-960d-715f-b6c6-08dcdf4b78ec", "queue-task-type": "WorkflowTaskTimeout", "queue-task-id": 1049078, "timestamp": "2025-03-19T15:38:53.750Z", "cursor-timestamp": "2025-03-19T15:38:49.577Z", "logging-call-at": "/Users/shivamsaraf/Desktop/work/temporal/common/log/with_logger.go:61"}
2025-03-19T11:38:48.749-0400	debug	Assigning new task key	{"host": "127.0.0.1:63280", "shard-id": 1, "address": "127.0.0.1:63280", "wf-namespace-id": "d0b550e3-6091-4a9b-a9aa-3d80ffb24954", "wf-id": "temporal-sys-worker-deployment:rrentVersion_Batching-564e9892_deployment_series", "wf-run-id": "0195af0e-960d-715f-b6c6-08dcdf4b78ec", "queue-task-type": "TransferWorkflowTask", "queue-task-id": 1049079, "timestamp": "2025-03-19T15:38:48.749Z", "cursor-timestamp": "2025-03-19T15:38:49.577Z", "logging-call-at": "/Users/shivamsaraf/Desktop/work/temporal/common/log/with_logger.go:61"}
2025-03-19T11:38:48.749-0400	debug	Frontend method invoked.	{"host": "127.0.0.1:63278", "wf-namespace": "namespace-ec265ab4-426c-4316-a4b3-47fc66311932", "operation": "PollWorkflowTaskQueue", "server-name": "", "cert-thumbprint": "", "logging-call-at": "/Users/shivamsaraf/Desktop/work/temporal/common/log/with_logger.go:61"}
2025-03-19T11:38:48.749-0400	debug	Received PollWorkflowTaskQueue	{"host": "127.0.0.1:63278", "service": "frontend", "logging-call-at": "/Users/shivamsaraf/Desktop/work/temporal/common/log/with_logger.go:61"}
2025-03-19T11:38:48.749-0400	debug	Poll workflow task queue.	{"host": "127.0.0.1:63278", "service": "frontend", "wf-namespace": "namespace-ec265ab4-426c-4316-a4b3-47fc66311932", "wf-namespace-id": "d0b550e3-6091-4a9b-a9aa-3d80ffb24954", "logging-call-at": "/Users/shivamsaraf/Desktop/work/temporal/common/log/with_logger.go:61"}
2025-03-19T11:38:48.750-0400	debug	Frontend method invoked.	{"host": "127.0.0.1:63278", "wf-namespace": "namespace-ec265ab4-426c-4316-a4b3-47fc66311932", "operation": "RespondQueryTaskCompleted", "server-name": "", "cert-thumbprint": "", "logging-call-at": "/Users/shivamsaraf/Desktop/work/temporal/common/log/with_logger.go:61"}
2025-03-19T11:38:48.751-0400	debug	deployment client success	{"host": "127.0.0.1:63278", "operation": "DescribeVersion", "elapsed": 0.012868583, "args": ["rrentVersion_Batching-564e9892_deployment_series","rrentVersion_Batching-564e9892_build_id"], "logging-call-at": "/Users/shivamsaraf/Desktop/work/temporal/common/log/with_logger.go:61"}
2025-03-19T11:38:48.754-0400	debug	Process task as active.	{"host": "127.0.0.1:63280", "shard-id": 1, "address": "127.0.0.1:63280", "component": "transfer-queue-processor", "wf-namespace-id": "d0b550e3-6091-4a9b-a9aa-3d80ffb24954", "value": "d0b550e3-6091-4a9b-a9aa-3d80ffb24954/temporal-sys-worker-deployment:rrentVersion_Batching-564e9892_deployment_series/0195af0e-960d-715f-b6c6-08dcdf4b78ec", "logging-call-at": "/Users/shivamsaraf/Desktop/work/temporal/common/log/with_logger.go:61"}
2025-03-19T11:38:48.754-0400	debug	Workflow task updated	{"host": "127.0.0.1:63280", "shard-id": 1, "address": "127.0.0.1:63280", "wf-scheduled-event-id": 221, "wf-started-event-id": 222, "workflow-task-request-id": "71116963-9035-4c36-a096-99ac49e87d6a", "workflow-task-timeout": 10, "attempt": 1, "wf-started-timestamp": "2025-03-19T15:38:48.754Z", "wt-type": "Normal", "logging-call-at": "/Users/shivamsaraf/Desktop/work/temporal/common/log/with_logger.go:61"}
2025-03-19T11:38:48.755-0400	debug	Assigning new task key	{"host": "127.0.0.1:63280", "shard-id": 1, "address": "127.0.0.1:63280", "wf-namespace-id": "d0b550e3-6091-4a9b-a9aa-3d80ffb24954", "wf-id": "temporal-sys-worker-deployment:rrentVersion_Batching-564e9892_deployment_series", "wf-run-id": "0195af0e-960d-715f-b6c6-08dcdf4b78ec", "queue-task-type": "WorkflowTaskTimeout", "queue-task-id": 1049082, "timestamp": "2025-03-19T15:38:58.755Z", "cursor-timestamp": "2025-03-19T15:38:49.753Z", "logging-call-at": "/Users/shivamsaraf/Desktop/work/temporal/common/log/with_logger.go:61"}
2025-03-19T11:38:48.761-0400	debug	ExecuteActivity	{"host": "127.0.0.1:63281", "Namespace": "namespace-ec265ab4-426c-4316-a4b3-47fc66311932", "TaskQueue": "temporal-sys-per-ns-tq", "WorkerID": "temporal-system@Shivams-MacBook-Pro.local@namespace-ec265ab4-426c-4316-a4b3-47fc66311932", "WorkflowType": "temporal-sys-worker-deployment-workflow", "WorkflowID": "temporal-sys-worker-deployment:rrentVersion_Batching-564e9892_deployment_series", "RunID": "0195af0e-960d-715f-b6c6-08dcdf4b78ec", "Attempt": 0, "ActivityID": "225", "ActivityType": "RegisterWorkerInVersion", "logging-call-at": "/Users/shivamsaraf/Desktop/work/temporal/common/log/with_logger.go:61"}
2025-03-19T11:38:48.761-0400	debug	Frontend method invoked.	{"host": "127.0.0.1:63278", "wf-namespace": "namespace-ec265ab4-426c-4316-a4b3-47fc66311932", "operation": "PollWorkflowTaskQueue", "server-name": "", "cert-thumbprint": "", "logging-call-at": "/Users/shivamsaraf/Desktop/work/temporal/common/log/with_logger.go:61"}
2025-03-19T11:38:48.761-0400	debug	Received PollWorkflowTaskQueue	{"host": "127.0.0.1:63278", "service": "frontend", "logging-call-at": "/Users/shivamsaraf/Desktop/work/temporal/common/log/with_logger.go:61"}
2025-03-19T11:38:48.761-0400	debug	Poll workflow task queue.	{"host": "127.0.0.1:63278", "service": "frontend", "wf-namespace": "namespace-ec265ab4-426c-4316-a4b3-47fc66311932", "wf-namespace-id": "d0b550e3-6091-4a9b-a9aa-3d80ffb24954", "logging-call-at": "/Users/shivamsaraf/Desktop/work/temporal/common/log/with_logger.go:61"}
2025-03-19T11:38:48.761-0400	debug	Frontend method invoked.	{"host": "127.0.0.1:63278", "wf-namespace": "namespace-ec265ab4-426c-4316-a4b3-47fc66311932", "operation": "RespondWorkflowTaskCompleted", "server-name": "", "cert-thumbprint": "", "logging-call-at": "/Users/shivamsaraf/Desktop/work/temporal/common/log/with_logger.go:61"}
2025-03-19T11:38:48.762-0400	debug	RespondWorkflowTaskCompleted	{"host": "127.0.0.1:63280", "service": "history", "wf-namespace-id": "d0b550e3-6091-4a9b-a9aa-3d80ffb24954", "wf-id": "temporal-sys-worker-deployment:rrentVersion_Batching-564e9892_deployment_series", "wf-run-id": "0195af0e-960d-715f-b6c6-08dcdf4b78ec", "wf-scheduled-event-id": 221, "logging-call-at": "/Users/shivamsaraf/Desktop/work/temporal/common/log/with_logger.go:61"}
2025-03-19T11:38:48.762-0400	debug	Workflow task updated	{"host": "127.0.0.1:63280", "shard-id": 1, "address": "127.0.0.1:63280", "wf-scheduled-event-id": 0, "wf-started-event-id": 0, "workflow-task-request-id": "emptyUuid", "workflow-task-timeout": 0, "attempt": 1, "wf-started-timestamp": "1970-01-01T00:00:00.000Z", "wt-type": "Unspecified", "logging-call-at": "/Users/shivamsaraf/Desktop/work/temporal/common/log/with_logger.go:61"}
2025-03-19T11:38:48.762-0400	debug	update state change	{"host": "127.0.0.1:63280", "shard-id": 1, "address": "127.0.0.1:63280", "wf-namespace-id": "d0b550e3-6091-4a9b-a9aa-3d80ffb24954", "wf-id": "temporal-sys-worker-deployment:rrentVersion_Batching-564e9892_deployment_series", "wf-run-id": "0195af0e-960d-715f-b6c6-08dcdf4b78ec", "update-id": "a8f1eb17-6855-4795-926b-a0ea4553e07d", "from-state": "Accepted", "to-state": "ProvisionallyCompleted", "logging-call-at": "/Users/shivamsaraf/Desktop/work/temporal/common/log/with_logger.go:61"}
2025-03-19T11:38:48.762-0400	debug	Assigning new task key	{"host": "127.0.0.1:63280", "shard-id": 1, "address": "127.0.0.1:63280", "wf-namespace-id": "d0b550e3-6091-4a9b-a9aa-3d80ffb24954", "wf-id": "temporal-sys-worker-deployment:rrentVersion_Batching-564e9892_deployment_series", "wf-run-id": "0195af0e-960d-715f-b6c6-08dcdf4b78ec", "queue-task-type": "TransferActivityTask", "queue-task-id": 1049088, "timestamp": "2025-03-19T15:38:48.762Z", "cursor-timestamp": "2025-03-19T15:38:49.753Z", "logging-call-at": "/Users/shivamsaraf/Desktop/work/temporal/common/log/with_logger.go:61"}
2025-03-19T11:38:48.766-0400	debug	update state change	{"host": "127.0.0.1:63280", "shard-id": 1, "address": "127.0.0.1:63280", "wf-namespace-id": "d0b550e3-6091-4a9b-a9aa-3d80ffb24954", "wf-id": "temporal-sys-worker-deployment:rrentVersion_Batching-564e9892_deployment_series", "wf-run-id": "0195af0e-960d-715f-b6c6-08dcdf4b78ec", "update-id": "a8f1eb17-6855-4795-926b-a0ea4553e07d", "from-state": "ProvisionallyCompleted", "to-state": "Completed", "logging-call-at": "/Users/shivamsaraf/Desktop/work/temporal/common/log/with_logger.go:61"}
2025-03-19T11:38:48.766-0400	debug	deployment client success	{"host": "127.0.0.1:63279", "operation": "RegisterTaskQueueWorker", "elapsed": 5.218276917, "args": ["rrentVersion_Batching-564e9892_task_queue_3",1,"matching service"], "logging-call-at": "/Users/shivamsaraf/Desktop/work/temporal/common/log/with_logger.go:61"}
2025-03-19T11:38:48.766-0400	debug	Process task as active.	{"host": "127.0.0.1:63280", "shard-id": 1, "address": "127.0.0.1:63280", "component": "transfer-queue-processor", "wf-namespace-id": "d0b550e3-6091-4a9b-a9aa-3d80ffb24954", "value": "d0b550e3-6091-4a9b-a9aa-3d80ffb24954/temporal-sys-worker-deployment:rrentVersion_Batching-564e9892_deployment_series/0195af0e-960d-715f-b6c6-08dcdf4b78ec", "logging-call-at": "/Users/shivamsaraf/Desktop/work/temporal/common/log/with_logger.go:61"}
2025-03-19T11:38:48.766-0400	info	Started physicalTaskQueueManager	{"host": "127.0.0.1:63279", "component": "matching-engine", "wf-task-queue-name": "rrentVersion_Batching-564e9892_task_queue_3", "wf-task-queue-type": "Workflow", "wf-namespace": "namespace-ec265ab4-426c-4316-a4b3-47fc66311932", "worker-build-id": "rrentVersion_Batching-564e9892_deployment_series/rrentVersion_Batching-564e9892_build_id", "lifecycle": "Started", "cause": "UserData", "logging-call-at": "/Users/shivamsaraf/Desktop/work/temporal/common/log/with_logger.go:66"}
2025-03-19T11:38:48.767-0400	debug	Assigning new task key	{"host": "127.0.0.1:63280", "shard-id": 1, "address": "127.0.0.1:63280", "wf-namespace-id": "d0b550e3-6091-4a9b-a9aa-3d80ffb24954", "wf-id": "temporal-sys-worker-deployment:rrentVersion_Batching-564e9892_deployment_series", "wf-run-id": "0195af0e-960d-715f-b6c6-08dcdf4b78ec", "queue-task-type": "ActivityTimeout", "queue-task-id": 1049090, "timestamp": "2025-03-19T15:39:48.768Z", "cursor-timestamp": "2025-03-19T15:38:49.766Z", "logging-call-at": "/Users/shivamsaraf/Desktop/work/temporal/common/log/with_logger.go:61"}
2025-03-19T11:38:48.771-0400	debug	Frontend method invoked.	{"host": "127.0.0.1:63278", "wf-namespace": "namespace-ec265ab4-426c-4316-a4b3-47fc66311932", "operation": "PollActivityTaskQueue", "server-name": "", "cert-thumbprint": "", "logging-call-at": "/Users/shivamsaraf/Desktop/work/temporal/common/log/with_logger.go:61"}
2025-03-19T11:38:48.771-0400	debug	Received PollActivityTaskQueue	{"host": "127.0.0.1:63278", "service": "frontend", "logging-call-at": "/Users/shivamsaraf/Desktop/work/temporal/common/log/with_logger.go:61"}
2025-03-19T11:38:48.772-0400	debug	update state change	{"host": "127.0.0.1:63280", "shard-id": 4, "address": "127.0.0.1:63280", "wf-namespace-id": "d0b550e3-6091-4a9b-a9aa-3d80ffb24954", "wf-id": "temporal-sys-worker-deployment-version:rrentVersion_Batching-564e9892_deployment_series.rrentVersion_Batching-564e9892_build_id", "wf-run-id": "0195af0e-98a0-7d94-93e5-2a1d2e5942f8", "update-id": "d51ed825-a63f-4586-b407-0c85dfcdae19", "from-state": "Created", "to-state": "ProvisionallyAdmitted", "logging-call-at": "/Users/shivamsaraf/Desktop/work/temporal/common/log/with_logger.go:61"}
2025-03-19T11:38:48.772-0400	debug	update state change	{"host": "127.0.0.1:63280", "shard-id": 4, "address": "127.0.0.1:63280", "wf-namespace-id": "d0b550e3-6091-4a9b-a9aa-3d80ffb24954", "wf-id": "temporal-sys-worker-deployment-version:rrentVersion_Batching-564e9892_deployment_series.rrentVersion_Batching-564e9892_build_id", "wf-run-id": "0195af0e-98a0-7d94-93e5-2a1d2e5942f8", "update-id": "d51ed825-a63f-4586-b407-0c85dfcdae19", "from-state": "ProvisionallyAdmitted", "to-state": "Admitted", "logging-call-at": "/Users/shivamsaraf/Desktop/work/temporal/common/log/with_logger.go:61"}
2025-03-19T11:38:48.772-0400	debug	Workflow task updated	{"host": "127.0.0.1:63280", "shard-id": 4, "address": "127.0.0.1:63280", "wf-scheduled-event-id": 419, "wf-started-event-id": 0, "workflow-task-request-id": "emptyUuid", "workflow-task-timeout": 10, "attempt": 1, "wf-started-timestamp": "0001-01-01T00:00:00.000Z", "wt-type": "Speculative", "logging-call-at": "/Users/shivamsaraf/Desktop/work/temporal/common/log/with_logger.go:61"}
2025-03-19T11:38:48.773-0400	debug	Workflow task updated	{"host": "127.0.0.1:63280", "shard-id": 4, "address": "127.0.0.1:63280", "wf-scheduled-event-id": 419, "wf-started-event-id": 420, "workflow-task-request-id": "1c56cf3f-cf0d-475b-88d3-ccd6d721bfcc", "workflow-task-timeout": 10, "attempt": 1, "wf-started-timestamp": "2025-03-19T15:38:48.773Z", "wt-type": "Speculative", "logging-call-at": "/Users/shivamsaraf/Desktop/work/temporal/common/log/with_logger.go:61"}
2025-03-19T11:38:48.773-0400	debug	update state change	{"host": "127.0.0.1:63280", "shard-id": 4, "address": "127.0.0.1:63280", "wf-namespace-id": "d0b550e3-6091-4a9b-a9aa-3d80ffb24954", "wf-id": "temporal-sys-worker-deployment-version:rrentVersion_Batching-564e9892_deployment_series.rrentVersion_Batching-564e9892_build_id", "wf-run-id": "0195af0e-98a0-7d94-93e5-2a1d2e5942f8", "update-id": "d51ed825-a63f-4586-b407-0c85dfcdae19", "from-state": "Admitted", "to-state": "Sent", "logging-call-at": "/Users/shivamsaraf/Desktop/work/temporal/common/log/with_logger.go:61"}
2025-03-19T11:38:48.777-0400	debug	Frontend method invoked.	{"host": "127.0.0.1:63278", "wf-namespace": "namespace-ec265ab4-426c-4316-a4b3-47fc66311932", "operation": "PollWorkflowTaskQueue", "server-name": "", "cert-thumbprint": "", "logging-call-at": "/Users/shivamsaraf/Desktop/work/temporal/common/log/with_logger.go:61"}
2025-03-19T11:38:48.777-0400	debug	ExecuteActivity	{"host": "127.0.0.1:63281", "Namespace": "namespace-ec265ab4-426c-4316-a4b3-47fc66311932", "TaskQueue": "temporal-sys-per-ns-tq", "WorkerID": "temporal-system@Shivams-MacBook-Pro.local@namespace-ec265ab4-426c-4316-a4b3-47fc66311932", "WorkflowType": "temporal-sys-worker-deployment-version-workflow", "WorkflowID": "temporal-sys-worker-deployment-version:rrentVersion_Batching-564e9892_deployment_series.rrentVersion_Batching-564e9892_build_id", "RunID": "0195af0e-98a0-7d94-93e5-2a1d2e5942f8", "Attempt": 0, "ActivityID": "423", "ActivityType": "SyncDeploymentVersionUserData", "logging-call-at": "/Users/shivamsaraf/Desktop/work/temporal/common/log/with_logger.go:61"}
2025-03-19T11:38:48.777-0400	debug	Received PollWorkflowTaskQueue	{"host": "127.0.0.1:63278", "service": "frontend", "logging-call-at": "/Users/shivamsaraf/Desktop/work/temporal/common/log/with_logger.go:61"}
2025-03-19T11:38:48.777-0400	debug	Poll workflow task queue.	{"host": "127.0.0.1:63278", "service": "frontend", "wf-namespace": "namespace-ec265ab4-426c-4316-a4b3-47fc66311932", "wf-namespace-id": "d0b550e3-6091-4a9b-a9aa-3d80ffb24954", "logging-call-at": "/Users/shivamsaraf/Desktop/work/temporal/common/log/with_logger.go:61"}
2025-03-19T11:38:48.777-0400	debug	Frontend method invoked.	{"host": "127.0.0.1:63278", "wf-namespace": "namespace-ec265ab4-426c-4316-a4b3-47fc66311932", "operation": "RespondWorkflowTaskCompleted", "server-name": "", "cert-thumbprint": "", "logging-call-at": "/Users/shivamsaraf/Desktop/work/temporal/common/log/with_logger.go:61"}
2025-03-19T11:38:48.778-0400	debug	RespondWorkflowTaskCompleted	{"host": "127.0.0.1:63280", "service": "history", "wf-namespace-id": "d0b550e3-6091-4a9b-a9aa-3d80ffb24954", "wf-id": "temporal-sys-worker-deployment-version:rrentVersion_Batching-564e9892_deployment_series.rrentVersion_Batching-564e9892_build_id", "wf-run-id": "0195af0e-98a0-7d94-93e5-2a1d2e5942f8", "wf-scheduled-event-id": 419, "logging-call-at": "/Users/shivamsaraf/Desktop/work/temporal/common/log/with_logger.go:61"}
2025-03-19T11:38:48.778-0400	debug	Workflow task updated	{"host": "127.0.0.1:63280", "shard-id": 4, "address": "127.0.0.1:63280", "wf-scheduled-event-id": 0, "wf-started-event-id": 0, "workflow-task-request-id": "emptyUuid", "workflow-task-timeout": 0, "attempt": 1, "wf-started-timestamp": "1970-01-01T00:00:00.000Z", "wt-type": "Unspecified", "logging-call-at": "/Users/shivamsaraf/Desktop/work/temporal/common/log/with_logger.go:61"}
2025-03-19T11:38:48.778-0400	debug	update state change	{"host": "127.0.0.1:63280", "shard-id": 4, "address": "127.0.0.1:63280", "wf-namespace-id": "d0b550e3-6091-4a9b-a9aa-3d80ffb24954", "wf-id": "temporal-sys-worker-deployment-version:rrentVersion_Batching-564e9892_deployment_series.rrentVersion_Batching-564e9892_build_id", "wf-run-id": "0195af0e-98a0-7d94-93e5-2a1d2e5942f8", "update-id": "d51ed825-a63f-4586-b407-0c85dfcdae19", "from-state": "Sent", "to-state": "ProvisionallyAccepted", "logging-call-at": "/Users/shivamsaraf/Desktop/work/temporal/common/log/with_logger.go:61"}
2025-03-19T11:38:48.778-0400	debug	Assigning new task key	{"host": "127.0.0.1:63280", "shard-id": 4, "address": "127.0.0.1:63280", "wf-namespace-id": "d0b550e3-6091-4a9b-a9aa-3d80ffb24954", "wf-id": "temporal-sys-worker-deployment-version:rrentVersion_Batching-564e9892_deployment_series.rrentVersion_Batching-564e9892_build_id", "wf-run-id": "0195af0e-98a0-7d94-93e5-2a1d2e5942f8", "queue-task-type": "TransferActivityTask", "queue-task-id": 1049665, "timestamp": "2025-03-19T15:38:48.778Z", "cursor-timestamp": "2025-03-19T15:38:49.735Z", "logging-call-at": "/Users/shivamsaraf/Desktop/work/temporal/common/log/with_logger.go:61"}
2025-03-19T11:38:48.781-0400	debug	update state change	{"host": "127.0.0.1:63280", "shard-id": 4, "address": "127.0.0.1:63280", "wf-namespace-id": "d0b550e3-6091-4a9b-a9aa-3d80ffb24954", "wf-id": "temporal-sys-worker-deployment-version:rrentVersion_Batching-564e9892_deployment_series.rrentVersion_Batching-564e9892_build_id", "wf-run-id": "0195af0e-98a0-7d94-93e5-2a1d2e5942f8", "update-id": "d51ed825-a63f-4586-b407-0c85dfcdae19", "from-state": "ProvisionallyAccepted", "to-state": "Accepted", "logging-call-at": "/Users/shivamsaraf/Desktop/work/temporal/common/log/with_logger.go:61"}
2025-03-19T11:38:48.782-0400	debug	Process task as active.	{"host": "127.0.0.1:63280", "shard-id": 4, "address": "127.0.0.1:63280", "component": "transfer-queue-processor", "wf-namespace-id": "d0b550e3-6091-4a9b-a9aa-3d80ffb24954", "value": "d0b550e3-6091-4a9b-a9aa-3d80ffb24954/temporal-sys-worker-deployment-version:rrentVersion_Batching-564e9892_deployment_series.rrentVersion_Batching-564e9892_build_id/0195af0e-98a0-7d94-93e5-2a1d2e5942f8", "logging-call-at": "/Users/shivamsaraf/Desktop/work/temporal/common/log/with_logger.go:61"}
2025-03-19T11:38:48.783-0400	debug	Assigning new task key	{"host": "127.0.0.1:63280", "shard-id": 4, "address": "127.0.0.1:63280", "wf-namespace-id": "d0b550e3-6091-4a9b-a9aa-3d80ffb24954", "wf-id": "temporal-sys-worker-deployment-version:rrentVersion_Batching-564e9892_deployment_series.rrentVersion_Batching-564e9892_build_id", "wf-run-id": "0195af0e-98a0-7d94-93e5-2a1d2e5942f8", "queue-task-type": "ActivityTimeout", "queue-task-id": 1049666, "timestamp": "2025-03-19T15:39:48.784Z", "cursor-timestamp": "2025-03-19T15:38:49.781Z", "logging-call-at": "/Users/shivamsaraf/Desktop/work/temporal/common/log/with_logger.go:61"}
2025-03-19T11:38:48.787-0400	info	syncing task queue userdata for deployment version	{"host": "127.0.0.1:63281", "Namespace": "namespace-ec265ab4-426c-4316-a4b3-47fc66311932", "TaskQueue": "temporal-sys-per-ns-tq", "WorkerID": "temporal-system@Shivams-MacBook-Pro.local@namespace-ec265ab4-426c-4316-a4b3-47fc66311932", "ActivityID": "423", "ActivityType": "SyncDeploymentVersionUserData", "Attempt": 1, "WorkflowType": "temporal-sys-worker-deployment-version-workflow", "WorkflowID": "temporal-sys-worker-deployment-version:rrentVersion_Batching-564e9892_deployment_series.rrentVersion_Batching-564e9892_build_id", "RunID": "0195af0e-98a0-7d94-93e5-2a1d2e5942f8", "taskQueue": "rrentVersion_Batching-564e9892_task_queue_17", "types": [1], "logging-call-at": "/Users/shivamsaraf/Desktop/work/temporal/common/log/with_logger.go:66"}
2025-03-19T11:38:48.787-0400	debug	Frontend method invoked.	{"host": "127.0.0.1:63278", "wf-namespace": "namespace-ec265ab4-426c-4316-a4b3-47fc66311932", "operation": "PollActivityTaskQueue", "server-name": "", "cert-thumbprint": "", "logging-call-at": "/Users/shivamsaraf/Desktop/work/temporal/common/log/with_logger.go:61"}
2025-03-19T11:38:48.787-0400	debug	Received PollActivityTaskQueue	{"host": "127.0.0.1:63278", "service": "frontend", "logging-call-at": "/Users/shivamsaraf/Desktop/work/temporal/common/log/with_logger.go:61"}
2025-03-19T11:38:48.889-0400	info	modified user data	{"host": "127.0.0.1:63279", "component": "matching-engine", "wf-task-queue-name": "rrentVersion_Batching-564e9892_task_queue_17", "wf-task-queue-type": "Workflow", "wf-namespace": "namespace-ec265ab4-426c-4316-a4b3-47fc66311932", "user-data-update-source": "SyncDeploymentUserData", "user-data-version": 1, "timestamp": "2025-03-19T15:38:48.787Z", "logging-call-at": "/Users/shivamsaraf/Desktop/work/temporal/common/log/with_logger.go:66"}
2025-03-19T11:38:48.889-0400	debug	user data changed while blocked in long poll	{"host": "127.0.0.1:63279", "component": "matching-engine", "wf-task-queue-name": "rrentVersion_Batching-564e9892_task_queue_17", "wf-task-queue-type": "Workflow", "wf-namespace": "namespace-ec265ab4-426c-4316-a4b3-47fc66311932", "logging-call-at": "/Users/shivamsaraf/Desktop/work/temporal/common/log/with_logger.go:61"}
2025-03-19T11:38:48.889-0400	debug	user data changed while blocked in long poll	{"host": "127.0.0.1:63279", "component": "matching-engine", "wf-task-queue-name": "rrentVersion_Batching-564e9892_task_queue_17", "wf-task-queue-type": "Workflow", "wf-namespace": "namespace-ec265ab4-426c-4316-a4b3-47fc66311932", "logging-call-at": "/Users/shivamsaraf/Desktop/work/temporal/common/log/with_logger.go:61"}
2025-03-19T11:38:48.889-0400	debug	user data changed while blocked in long poll	{"host": "127.0.0.1:63279", "component": "matching-engine", "wf-task-queue-name": "rrentVersion_Batching-564e9892_task_queue_17", "wf-task-queue-type": "Workflow", "wf-namespace": "namespace-ec265ab4-426c-4316-a4b3-47fc66311932", "logging-call-at": "/Users/shivamsaraf/Desktop/work/temporal/common/log/with_logger.go:61"}
2025-03-19T11:38:48.889-0400	info	returning user data	{"host": "127.0.0.1:63279", "component": "matching-engine", "wf-task-queue-name": "rrentVersion_Batching-564e9892_task_queue_17", "wf-task-queue-type": "Workflow", "wf-namespace": "namespace-ec265ab4-426c-4316-a4b3-47fc66311932", "long-poll": true, "request-known-version": 0, "user-data-version": 1, "logging-call-at": "/Users/shivamsaraf/Desktop/work/temporal/common/log/with_logger.go:66"}
2025-03-19T11:38:48.889-0400	info	returning user data	{"host": "127.0.0.1:63279", "component": "matching-engine", "wf-task-queue-name": "rrentVersion_Batching-564e9892_task_queue_17", "wf-task-queue-type": "Workflow", "wf-namespace": "namespace-ec265ab4-426c-4316-a4b3-47fc66311932", "long-poll": true, "request-known-version": 0, "user-data-version": 1, "logging-call-at": "/Users/shivamsaraf/Desktop/work/temporal/common/log/with_logger.go:66"}
2025-03-19T11:38:48.889-0400	info	returning user data	{"host": "127.0.0.1:63279", "component": "matching-engine", "wf-task-queue-name": "rrentVersion_Batching-564e9892_task_queue_17", "wf-task-queue-type": "Workflow", "wf-namespace": "namespace-ec265ab4-426c-4316-a4b3-47fc66311932", "long-poll": true, "request-known-version": 0, "user-data-version": 1, "logging-call-at": "/Users/shivamsaraf/Desktop/work/temporal/common/log/with_logger.go:66"}
2025-03-19T11:38:48.889-0400	info	fetched user data from parent	{"host": "127.0.0.1:63279", "component": "matching-engine", "wf-task-queue-name": "/_sys/rrentVersion_Batching-564e9892_task_queue_17/1", "wf-task-queue-type": "Workflow", "wf-namespace": "namespace-ec265ab4-426c-4316-a4b3-47fc66311932", "user-data-version": 1, "timestamp": "2025-03-19T15:38:48.787Z", "logging-call-at": "/Users/shivamsaraf/Desktop/work/temporal/common/log/with_logger.go:66"}
2025-03-19T11:38:48.889-0400	info	fetched user data from parent	{"host": "127.0.0.1:63279", "component": "matching-engine", "wf-task-queue-name": "/_sys/rrentVersion_Batching-564e9892_task_queue_17/2", "wf-task-queue-type": "Workflow", "wf-namespace": "namespace-ec265ab4-426c-4316-a4b3-47fc66311932", "user-data-version": 1, "timestamp": "2025-03-19T15:38:48.787Z", "logging-call-at": "/Users/shivamsaraf/Desktop/work/temporal/common/log/with_logger.go:66"}
2025-03-19T11:38:48.889-0400	info	fetched user data from parent	{"host": "127.0.0.1:63279", "component": "matching-engine", "wf-task-queue-name": "/_sys/rrentVersion_Batching-564e9892_task_queue_17/3", "wf-task-queue-type": "Workflow", "wf-namespace": "namespace-ec265ab4-426c-4316-a4b3-47fc66311932", "user-data-version": 1, "timestamp": "2025-03-19T15:38:48.787Z", "logging-call-at": "/Users/shivamsaraf/Desktop/work/temporal/common/log/with_logger.go:66"}
2025-03-19T11:38:48.890-0400	debug	Frontend method invoked.	{"host": "127.0.0.1:63278", "wf-namespace": "namespace-ec265ab4-426c-4316-a4b3-47fc66311932", "operation": "RespondActivityTaskCompleted", "server-name": "", "cert-thumbprint": "", "logging-call-at": "/Users/shivamsaraf/Desktop/work/temporal/common/log/with_logger.go:61"}
2025-03-19T11:38:48.890-0400	debug	Workflow task updated	{"host": "127.0.0.1:63280", "shard-id": 4, "address": "127.0.0.1:63280", "wf-scheduled-event-id": 426, "wf-started-event-id": 0, "workflow-task-request-id": "emptyUuid", "workflow-task-timeout": 10, "attempt": 1, "wf-started-timestamp": "0001-01-01T00:00:00.000Z", "wt-type": "Normal", "logging-call-at": "/Users/shivamsaraf/Desktop/work/temporal/common/log/with_logger.go:61"}
2025-03-19T11:38:48.891-0400	debug	Assigning new task key	{"host": "127.0.0.1:63280", "shard-id": 4, "address": "127.0.0.1:63280", "wf-namespace-id": "d0b550e3-6091-4a9b-a9aa-3d80ffb24954", "wf-id": "temporal-sys-worker-deployment-version:rrentVersion_Batching-564e9892_deployment_series.rrentVersion_Batching-564e9892_build_id", "wf-run-id": "0195af0e-98a0-7d94-93e5-2a1d2e5942f8", "queue-task-type": "WorkflowTaskTimeout", "queue-task-id": 1049672, "timestamp": "2025-03-19T15:38:53.891Z", "cursor-timestamp": "2025-03-19T15:38:49.781Z", "logging-call-at": "/Users/shivamsaraf/Desktop/work/temporal/common/log/with_logger.go:61"}
2025-03-19T11:38:48.891-0400	debug	Assigning new task key	{"host": "127.0.0.1:63280", "shard-id": 4, "address": "127.0.0.1:63280", "wf-namespace-id": "d0b550e3-6091-4a9b-a9aa-3d80ffb24954", "wf-id": "temporal-sys-worker-deployment-version:rrentVersion_Batching-564e9892_deployment_series.rrentVersion_Batching-564e9892_build_id", "wf-run-id": "0195af0e-98a0-7d94-93e5-2a1d2e5942f8", "queue-task-type": "TransferWorkflowTask", "queue-task-id": 1049673, "timestamp": "2025-03-19T15:38:48.891Z", "cursor-timestamp": "2025-03-19T15:38:49.781Z", "logging-call-at": "/Users/shivamsaraf/Desktop/work/temporal/common/log/with_logger.go:61"}
2025-03-19T11:38:48.897-0400	debug	Process task as active.	{"host": "127.0.0.1:63280", "shard-id": 4, "address": "127.0.0.1:63280", "component": "transfer-queue-processor", "wf-namespace-id": "d0b550e3-6091-4a9b-a9aa-3d80ffb24954", "value": "d0b550e3-6091-4a9b-a9aa-3d80ffb24954/temporal-sys-worker-deployment-version:rrentVersion_Batching-564e9892_deployment_series.rrentVersion_Batching-564e9892_build_id/0195af0e-98a0-7d94-93e5-2a1d2e5942f8", "logging-call-at": "/Users/shivamsaraf/Desktop/work/temporal/common/log/with_logger.go:61"}
2025-03-19T11:38:48.898-0400	debug	Workflow task updated	{"host": "127.0.0.1:63280", "shard-id": 4, "address": "127.0.0.1:63280", "wf-scheduled-event-id": 426, "wf-started-event-id": 427, "workflow-task-request-id": "831168ba-8a5a-489d-8365-c154f59fe2f4", "workflow-task-timeout": 10, "attempt": 1, "wf-started-timestamp": "2025-03-19T15:38:48.898Z", "wt-type": "Normal", "logging-call-at": "/Users/shivamsaraf/Desktop/work/temporal/common/log/with_logger.go:61"}
2025-03-19T11:38:48.898-0400	debug	Assigning new task key	{"host": "127.0.0.1:63280", "shard-id": 4, "address": "127.0.0.1:63280", "wf-namespace-id": "d0b550e3-6091-4a9b-a9aa-3d80ffb24954", "wf-id": "temporal-sys-worker-deployment-version:rrentVersion_Batching-564e9892_deployment_series.rrentVersion_Batching-564e9892_build_id", "wf-run-id": "0195af0e-98a0-7d94-93e5-2a1d2e5942f8", "queue-task-type": "WorkflowTaskTimeout", "queue-task-id": 1049676, "timestamp": "2025-03-19T15:38:58.899Z", "cursor-timestamp": "2025-03-19T15:38:49.896Z", "logging-call-at": "/Users/shivamsaraf/Desktop/work/temporal/common/log/with_logger.go:61"}
2025-03-19T11:38:48.907-0400	debug	ExecuteActivity	{"host": "127.0.0.1:63281", "Namespace": "namespace-ec265ab4-426c-4316-a4b3-47fc66311932", "TaskQueue": "temporal-sys-per-ns-tq", "WorkerID": "temporal-system@Shivams-MacBook-Pro.local@namespace-ec265ab4-426c-4316-a4b3-47fc66311932", "WorkflowType": "temporal-sys-worker-deployment-version-workflow", "WorkflowID": "temporal-sys-worker-deployment-version:rrentVersion_Batching-564e9892_deployment_series.rrentVersion_Batching-564e9892_build_id", "RunID": "0195af0e-98a0-7d94-93e5-2a1d2e5942f8", "Attempt": 0, "ActivityID": "429", "ActivityType": "CheckWorkerDeploymentUserDataPropagation", "logging-call-at": "/Users/shivamsaraf/Desktop/work/temporal/common/log/with_logger.go:61"}
2025-03-19T11:38:48.907-0400	debug	Frontend method invoked.	{"host": "127.0.0.1:63278", "wf-namespace": "namespace-ec265ab4-426c-4316-a4b3-47fc66311932", "operation": "PollWorkflowTaskQueue", "server-name": "", "cert-thumbprint": "", "logging-call-at": "/Users/shivamsaraf/Desktop/work/temporal/common/log/with_logger.go:61"}
2025-03-19T11:38:48.907-0400	debug	Received PollWorkflowTaskQueue	{"host": "127.0.0.1:63278", "service": "frontend", "logging-call-at": "/Users/shivamsaraf/Desktop/work/temporal/common/log/with_logger.go:61"}
2025-03-19T11:38:48.907-0400	debug	Poll workflow task queue.	{"host": "127.0.0.1:63278", "service": "frontend", "wf-namespace": "namespace-ec265ab4-426c-4316-a4b3-47fc66311932", "wf-namespace-id": "d0b550e3-6091-4a9b-a9aa-3d80ffb24954", "logging-call-at": "/Users/shivamsaraf/Desktop/work/temporal/common/log/with_logger.go:61"}
2025-03-19T11:38:48.907-0400	debug	Frontend method invoked.	{"host": "127.0.0.1:63278", "wf-namespace": "namespace-ec265ab4-426c-4316-a4b3-47fc66311932", "operation": "RespondWorkflowTaskCompleted", "server-name": "", "cert-thumbprint": "", "logging-call-at": "/Users/shivamsaraf/Desktop/work/temporal/common/log/with_logger.go:61"}
2025-03-19T11:38:48.908-0400	debug	RespondWorkflowTaskCompleted	{"host": "127.0.0.1:63280", "service": "history", "wf-namespace-id": "d0b550e3-6091-4a9b-a9aa-3d80ffb24954", "wf-id": "temporal-sys-worker-deployment-version:rrentVersion_Batching-564e9892_deployment_series.rrentVersion_Batching-564e9892_build_id", "wf-run-id": "0195af0e-98a0-7d94-93e5-2a1d2e5942f8", "wf-scheduled-event-id": 426, "logging-call-at": "/Users/shivamsaraf/Desktop/work/temporal/common/log/with_logger.go:61"}
2025-03-19T11:38:48.908-0400	debug	Workflow task updated	{"host": "127.0.0.1:63280", "shard-id": 4, "address": "127.0.0.1:63280", "wf-scheduled-event-id": 0, "wf-started-event-id": 0, "workflow-task-request-id": "emptyUuid", "workflow-task-timeout": 0, "attempt": 1, "wf-started-timestamp": "1970-01-01T00:00:00.000Z", "wt-type": "Unspecified", "logging-call-at": "/Users/shivamsaraf/Desktop/work/temporal/common/log/with_logger.go:61"}
2025-03-19T11:38:48.908-0400	debug	Assigning new task key	{"host": "127.0.0.1:63280", "shard-id": 4, "address": "127.0.0.1:63280", "wf-namespace-id": "d0b550e3-6091-4a9b-a9aa-3d80ffb24954", "wf-id": "temporal-sys-worker-deployment-version:rrentVersion_Batching-564e9892_deployment_series.rrentVersion_Batching-564e9892_build_id", "wf-run-id": "0195af0e-98a0-7d94-93e5-2a1d2e5942f8", "queue-task-type": "TransferActivityTask", "queue-task-id": 1049681, "timestamp": "2025-03-19T15:38:48.908Z", "cursor-timestamp": "2025-03-19T15:38:49.896Z", "logging-call-at": "/Users/shivamsaraf/Desktop/work/temporal/common/log/with_logger.go:61"}
2025-03-19T11:38:48.912-0400	debug	Process task as active.	{"host": "127.0.0.1:63280", "shard-id": 4, "address": "127.0.0.1:63280", "component": "transfer-queue-processor", "wf-namespace-id": "d0b550e3-6091-4a9b-a9aa-3d80ffb24954", "value": "d0b550e3-6091-4a9b-a9aa-3d80ffb24954/temporal-sys-worker-deployment-version:rrentVersion_Batching-564e9892_deployment_series.rrentVersion_Batching-564e9892_build_id/0195af0e-98a0-7d94-93e5-2a1d2e5942f8", "logging-call-at": "/Users/shivamsaraf/Desktop/work/temporal/common/log/with_logger.go:61"}
2025-03-19T11:38:48.913-0400	debug	Assigning new task key	{"host": "127.0.0.1:63280", "shard-id": 4, "address": "127.0.0.1:63280", "wf-namespace-id": "d0b550e3-6091-4a9b-a9aa-3d80ffb24954", "wf-id": "temporal-sys-worker-deployment-version:rrentVersion_Batching-564e9892_deployment_series.rrentVersion_Batching-564e9892_build_id", "wf-run-id": "0195af0e-98a0-7d94-93e5-2a1d2e5942f8", "queue-task-type": "ActivityTimeout", "queue-task-id": 1049682, "timestamp": "2025-03-19T15:39:48.914Z", "cursor-timestamp": "2025-03-19T15:38:49.912Z", "logging-call-at": "/Users/shivamsaraf/Desktop/work/temporal/common/log/with_logger.go:61"}
2025-03-19T11:38:48.917-0400	info	waiting for userdata propagation	{"host": "127.0.0.1:63281", "Namespace": "namespace-ec265ab4-426c-4316-a4b3-47fc66311932", "TaskQueue": "temporal-sys-per-ns-tq", "WorkerID": "temporal-system@Shivams-MacBook-Pro.local@namespace-ec265ab4-426c-4316-a4b3-47fc66311932", "ActivityID": "429", "ActivityType": "CheckWorkerDeploymentUserDataPropagation", "Attempt": 1, "WorkflowType": "temporal-sys-worker-deployment-version-workflow", "WorkflowID": "temporal-sys-worker-deployment-version:rrentVersion_Batching-564e9892_deployment_series.rrentVersion_Batching-564e9892_build_id", "RunID": "0195af0e-98a0-7d94-93e5-2a1d2e5942f8", "taskQueue": "rrentVersion_Batching-564e9892_task_queue_17", "version": 1, "logging-call-at": "/Users/shivamsaraf/Desktop/work/temporal/common/log/with_logger.go:66"}
2025-03-19T11:38:48.917-0400	debug	Frontend method invoked.	{"host": "127.0.0.1:63278", "wf-namespace": "namespace-ec265ab4-426c-4316-a4b3-47fc66311932", "operation": "PollActivityTaskQueue", "server-name": "", "cert-thumbprint": "", "logging-call-at": "/Users/shivamsaraf/Desktop/work/temporal/common/log/with_logger.go:61"}
2025-03-19T11:38:48.918-0400	debug	Received PollActivityTaskQueue	{"host": "127.0.0.1:63278", "service": "frontend", "logging-call-at": "/Users/shivamsaraf/Desktop/work/temporal/common/log/with_logger.go:61"}
2025-03-19T11:38:48.918-0400	info	returning user data	{"host": "127.0.0.1:63279", "component": "matching-engine", "wf-task-queue-name": "/_sys/rrentVersion_Batching-564e9892_task_queue_17/3", "wf-task-queue-type": "Workflow", "wf-namespace": "namespace-ec265ab4-426c-4316-a4b3-47fc66311932", "long-poll": true, "request-known-version": 0, "user-data-version": 1, "logging-call-at": "/Users/shivamsaraf/Desktop/work/temporal/common/log/with_logger.go:66"}
2025-03-19T11:38:48.918-0400	info	returning user data	{"host": "127.0.0.1:63279", "component": "matching-engine", "wf-task-queue-name": "/_sys/rrentVersion_Batching-564e9892_task_queue_17/1", "wf-task-queue-type": "Workflow", "wf-namespace": "namespace-ec265ab4-426c-4316-a4b3-47fc66311932", "long-poll": true, "request-known-version": 0, "user-data-version": 1, "logging-call-at": "/Users/shivamsaraf/Desktop/work/temporal/common/log/with_logger.go:66"}
2025-03-19T11:38:48.918-0400	info	matching client encountered error	{"host": "127.0.0.1:63279", "error": "partition was not loaded", "service-error-type": "serviceerror.FailedPrecondition", "logging-call-at": "/Users/shivamsaraf/Desktop/work/temporal/common/log/with_logger.go:66"}
2025-03-19T11:38:48.918-0400	info	returning user data	{"host": "127.0.0.1:63279", "component": "matching-engine", "wf-task-queue-name": "/_sys/rrentVersion_Batching-564e9892_task_queue_17/2", "wf-task-queue-type": "Workflow", "wf-namespace": "namespace-ec265ab4-426c-4316-a4b3-47fc66311932", "long-poll": true, "request-known-version": 0, "user-data-version": 1, "logging-call-at": "/Users/shivamsaraf/Desktop/work/temporal/common/log/with_logger.go:66"}
2025-03-19T11:38:48.918-0400	info	matching client encountered error	{"host": "127.0.0.1:63279", "error": "partition was not loaded", "service-error-type": "serviceerror.FailedPrecondition", "logging-call-at": "/Users/shivamsaraf/Desktop/work/temporal/common/log/with_logger.go:66"}
2025-03-19T11:38:48.918-0400	info	matching client encountered error	{"host": "127.0.0.1:63279", "error": "partition was not loaded", "service-error-type": "serviceerror.FailedPrecondition", "logging-call-at": "/Users/shivamsaraf/Desktop/work/temporal/common/log/with_logger.go:66"}
2025-03-19T11:38:48.918-0400	info	matching client encountered error	{"host": "127.0.0.1:63279", "error": "partition was not loaded", "service-error-type": "serviceerror.FailedPrecondition", "logging-call-at": "/Users/shivamsaraf/Desktop/work/temporal/common/log/with_logger.go:66"}
2025-03-19T11:38:48.919-0400	debug	Frontend method invoked.	{"host": "127.0.0.1:63278", "wf-namespace": "namespace-ec265ab4-426c-4316-a4b3-47fc66311932", "operation": "RespondActivityTaskCompleted", "server-name": "", "cert-thumbprint": "", "logging-call-at": "/Users/shivamsaraf/Desktop/work/temporal/common/log/with_logger.go:61"}
2025-03-19T11:38:48.920-0400	debug	Workflow task updated	{"host": "127.0.0.1:63280", "shard-id": 4, "address": "127.0.0.1:63280", "wf-scheduled-event-id": 432, "wf-started-event-id": 0, "workflow-task-request-id": "emptyUuid", "workflow-task-timeout": 10, "attempt": 1, "wf-started-timestamp": "0001-01-01T00:00:00.000Z", "wt-type": "Normal", "logging-call-at": "/Users/shivamsaraf/Desktop/work/temporal/common/log/with_logger.go:61"}
2025-03-19T11:38:48.920-0400	debug	Assigning new task key	{"host": "127.0.0.1:63280", "shard-id": 4, "address": "127.0.0.1:63280", "wf-namespace-id": "d0b550e3-6091-4a9b-a9aa-3d80ffb24954", "wf-id": "temporal-sys-worker-deployment-version:rrentVersion_Batching-564e9892_deployment_series.rrentVersion_Batching-564e9892_build_id", "wf-run-id": "0195af0e-98a0-7d94-93e5-2a1d2e5942f8", "queue-task-type": "WorkflowTaskTimeout", "queue-task-id": 1049688, "timestamp": "2025-03-19T15:38:53.921Z", "cursor-timestamp": "2025-03-19T15:38:49.912Z", "logging-call-at": "/Users/shivamsaraf/Desktop/work/temporal/common/log/with_logger.go:61"}
2025-03-19T11:38:48.920-0400	debug	Assigning new task key	{"host": "127.0.0.1:63280", "shard-id": 4, "address": "127.0.0.1:63280", "wf-namespace-id": "d0b550e3-6091-4a9b-a9aa-3d80ffb24954", "wf-id": "temporal-sys-worker-deployment-version:rrentVersion_Batching-564e9892_deployment_series.rrentVersion_Batching-564e9892_build_id", "wf-run-id": "0195af0e-98a0-7d94-93e5-2a1d2e5942f8", "queue-task-type": "TransferWorkflowTask", "queue-task-id": 1049689, "timestamp": "2025-03-19T15:38:48.920Z", "cursor-timestamp": "2025-03-19T15:38:49.912Z", "logging-call-at": "/Users/shivamsaraf/Desktop/work/temporal/common/log/with_logger.go:61"}
2025-03-19T11:38:48.924-0400	debug	Process task as active.	{"host": "127.0.0.1:63280", "shard-id": 4, "address": "127.0.0.1:63280", "component": "transfer-queue-processor", "wf-namespace-id": "d0b550e3-6091-4a9b-a9aa-3d80ffb24954", "value": "d0b550e3-6091-4a9b-a9aa-3d80ffb24954/temporal-sys-worker-deployment-version:rrentVersion_Batching-564e9892_deployment_series.rrentVersion_Batching-564e9892_build_id/0195af0e-98a0-7d94-93e5-2a1d2e5942f8", "logging-call-at": "/Users/shivamsaraf/Desktop/work/temporal/common/log/with_logger.go:61"}
2025-03-19T11:38:48.925-0400	debug	Workflow task updated	{"host": "127.0.0.1:63280", "shard-id": 4, "address": "127.0.0.1:63280", "wf-scheduled-event-id": 432, "wf-started-event-id": 433, "workflow-task-request-id": "faad459f-0f1c-4b4f-840f-9b20e7c9c710", "workflow-task-timeout": 10, "attempt": 1, "wf-started-timestamp": "2025-03-19T15:38:48.925Z", "wt-type": "Normal", "logging-call-at": "/Users/shivamsaraf/Desktop/work/temporal/common/log/with_logger.go:61"}
2025-03-19T11:38:48.925-0400	debug	Assigning new task key	{"host": "127.0.0.1:63280", "shard-id": 4, "address": "127.0.0.1:63280", "wf-namespace-id": "d0b550e3-6091-4a9b-a9aa-3d80ffb24954", "wf-id": "temporal-sys-worker-deployment-version:rrentVersion_Batching-564e9892_deployment_series.rrentVersion_Batching-564e9892_build_id", "wf-run-id": "0195af0e-98a0-7d94-93e5-2a1d2e5942f8", "queue-task-type": "WorkflowTaskTimeout", "queue-task-id": 1049692, "timestamp": "2025-03-19T15:38:58.926Z", "cursor-timestamp": "2025-03-19T15:38:49.923Z", "logging-call-at": "/Users/shivamsaraf/Desktop/work/temporal/common/log/with_logger.go:61"}
2025-03-19T11:38:48.932-0400	debug	Frontend method invoked.	{"host": "127.0.0.1:63278", "wf-namespace": "namespace-ec265ab4-426c-4316-a4b3-47fc66311932", "operation": "PollWorkflowTaskQueue", "server-name": "", "cert-thumbprint": "", "logging-call-at": "/Users/shivamsaraf/Desktop/work/temporal/common/log/with_logger.go:61"}
2025-03-19T11:38:48.932-0400	debug	Received PollWorkflowTaskQueue	{"host": "127.0.0.1:63278", "service": "frontend", "logging-call-at": "/Users/shivamsaraf/Desktop/work/temporal/common/log/with_logger.go:61"}
2025-03-19T11:38:48.932-0400	debug	Poll workflow task queue.	{"host": "127.0.0.1:63278", "service": "frontend", "wf-namespace": "namespace-ec265ab4-426c-4316-a4b3-47fc66311932", "wf-namespace-id": "d0b550e3-6091-4a9b-a9aa-3d80ffb24954", "logging-call-at": "/Users/shivamsaraf/Desktop/work/temporal/common/log/with_logger.go:61"}
2025-03-19T11:38:48.932-0400	debug	Frontend method invoked.	{"host": "127.0.0.1:63278", "wf-namespace": "namespace-ec265ab4-426c-4316-a4b3-47fc66311932", "operation": "RespondWorkflowTaskCompleted", "server-name": "", "cert-thumbprint": "", "logging-call-at": "/Users/shivamsaraf/Desktop/work/temporal/common/log/with_logger.go:61"}
2025-03-19T11:38:48.932-0400	debug	RespondWorkflowTaskCompleted	{"host": "127.0.0.1:63280", "service": "history", "wf-namespace-id": "d0b550e3-6091-4a9b-a9aa-3d80ffb24954", "wf-id": "temporal-sys-worker-deployment-version:rrentVersion_Batching-564e9892_deployment_series.rrentVersion_Batching-564e9892_build_id", "wf-run-id": "0195af0e-98a0-7d94-93e5-2a1d2e5942f8", "wf-scheduled-event-id": 432, "logging-call-at": "/Users/shivamsaraf/Desktop/work/temporal/common/log/with_logger.go:61"}
2025-03-19T11:38:48.932-0400	debug	Workflow task updated	{"host": "127.0.0.1:63280", "shard-id": 4, "address": "127.0.0.1:63280", "wf-scheduled-event-id": 0, "wf-started-event-id": 0, "workflow-task-request-id": "emptyUuid", "workflow-task-timeout": 0, "attempt": 1, "wf-started-timestamp": "1970-01-01T00:00:00.000Z", "wt-type": "Unspecified", "logging-call-at": "/Users/shivamsaraf/Desktop/work/temporal/common/log/with_logger.go:61"}
2025-03-19T11:38:48.933-0400	debug	update state change	{"host": "127.0.0.1:63280", "shard-id": 4, "address": "127.0.0.1:63280", "wf-namespace-id": "d0b550e3-6091-4a9b-a9aa-3d80ffb24954", "wf-id": "temporal-sys-worker-deployment-version:rrentVersion_Batching-564e9892_deployment_series.rrentVersion_Batching-564e9892_build_id", "wf-run-id": "0195af0e-98a0-7d94-93e5-2a1d2e5942f8", "update-id": "d51ed825-a63f-4586-b407-0c85dfcdae19", "from-state": "Accepted", "to-state": "ProvisionallyCompleted", "logging-call-at": "/Users/shivamsaraf/Desktop/work/temporal/common/log/with_logger.go:61"}
2025-03-19T11:38:48.936-0400	debug	update state change	{"host": "127.0.0.1:63280", "shard-id": 4, "address": "127.0.0.1:63280", "wf-namespace-id": "d0b550e3-6091-4a9b-a9aa-3d80ffb24954", "wf-id": "temporal-sys-worker-deployment-version:rrentVersion_Batching-564e9892_deployment_series.rrentVersion_Batching-564e9892_build_id", "wf-run-id": "0195af0e-98a0-7d94-93e5-2a1d2e5942f8", "update-id": "d51ed825-a63f-4586-b407-0c85dfcdae19", "from-state": "ProvisionallyCompleted", "to-state": "Completed", "logging-call-at": "/Users/shivamsaraf/Desktop/work/temporal/common/log/with_logger.go:61"}
2025-03-19T11:38:48.936-0400	debug	Frontend method invoked.	{"host": "127.0.0.1:63278", "wf-namespace": "namespace-ec265ab4-426c-4316-a4b3-47fc66311932", "operation": "RespondActivityTaskCompleted", "server-name": "", "cert-thumbprint": "", "logging-call-at": "/Users/shivamsaraf/Desktop/work/temporal/common/log/with_logger.go:61"}
2025-03-19T11:38:48.937-0400	debug	Workflow task updated	{"host": "127.0.0.1:63280", "shard-id": 1, "address": "127.0.0.1:63280", "wf-scheduled-event-id": 228, "wf-started-event-id": 0, "workflow-task-request-id": "emptyUuid", "workflow-task-timeout": 10, "attempt": 1, "wf-started-timestamp": "0001-01-01T00:00:00.000Z", "wt-type": "Normal", "logging-call-at": "/Users/shivamsaraf/Desktop/work/temporal/common/log/with_logger.go:61"}
2025-03-19T11:38:48.937-0400	debug	Assigning new task key	{"host": "127.0.0.1:63280", "shard-id": 1, "address": "127.0.0.1:63280", "wf-namespace-id": "d0b550e3-6091-4a9b-a9aa-3d80ffb24954", "wf-id": "temporal-sys-worker-deployment:rrentVersion_Batching-564e9892_deployment_series", "wf-run-id": "0195af0e-960d-715f-b6c6-08dcdf4b78ec", "queue-task-type": "WorkflowTaskTimeout", "queue-task-id": 1049096, "timestamp": "2025-03-19T15:38:53.938Z", "cursor-timestamp": "2025-03-19T15:38:49.766Z", "logging-call-at": "/Users/shivamsaraf/Desktop/work/temporal/common/log/with_logger.go:61"}
2025-03-19T11:38:48.937-0400	debug	Assigning new task key	{"host": "127.0.0.1:63280", "shard-id": 1, "address": "127.0.0.1:63280", "wf-namespace-id": "d0b550e3-6091-4a9b-a9aa-3d80ffb24954", "wf-id": "temporal-sys-worker-deployment:rrentVersion_Batching-564e9892_deployment_series", "wf-run-id": "0195af0e-960d-715f-b6c6-08dcdf4b78ec", "queue-task-type": "TransferWorkflowTask", "queue-task-id": 1049097, "timestamp": "2025-03-19T15:38:48.937Z", "cursor-timestamp": "2025-03-19T15:38:49.766Z", "logging-call-at": "/Users/shivamsaraf/Desktop/work/temporal/common/log/with_logger.go:61"}
2025-03-19T11:38:48.942-0400	debug	Process task as active.	{"host": "127.0.0.1:63280", "shard-id": 1, "address": "127.0.0.1:63280", "component": "transfer-queue-processor", "wf-namespace-id": "d0b550e3-6091-4a9b-a9aa-3d80ffb24954", "value": "d0b550e3-6091-4a9b-a9aa-3d80ffb24954/temporal-sys-worker-deployment:rrentVersion_Batching-564e9892_deployment_series/0195af0e-960d-715f-b6c6-08dcdf4b78ec", "logging-call-at": "/Users/shivamsaraf/Desktop/work/temporal/common/log/with_logger.go:61"}
2025-03-19T11:38:48.942-0400	debug	Workflow task updated	{"host": "127.0.0.1:63280", "shard-id": 1, "address": "127.0.0.1:63280", "wf-scheduled-event-id": 228, "wf-started-event-id": 229, "workflow-task-request-id": "a3d8d6fd-4c8d-413a-8e8d-0798bdf4146a", "workflow-task-timeout": 10, "attempt": 1, "wf-started-timestamp": "2025-03-19T15:38:48.942Z", "wt-type": "Normal", "logging-call-at": "/Users/shivamsaraf/Desktop/work/temporal/common/log/with_logger.go:61"}
2025-03-19T11:38:48.942-0400	debug	Assigning new task key	{"host": "127.0.0.1:63280", "shard-id": 1, "address": "127.0.0.1:63280", "wf-namespace-id": "d0b550e3-6091-4a9b-a9aa-3d80ffb24954", "wf-id": "temporal-sys-worker-deployment:rrentVersion_Batching-564e9892_deployment_series", "wf-run-id": "0195af0e-960d-715f-b6c6-08dcdf4b78ec", "queue-task-type": "WorkflowTaskTimeout", "queue-task-id": 1049100, "timestamp": "2025-03-19T15:38:58.943Z", "cursor-timestamp": "2025-03-19T15:38:49.941Z", "logging-call-at": "/Users/shivamsaraf/Desktop/work/temporal/common/log/with_logger.go:61"}
2025-03-19T11:38:48.949-0400	debug	ExecuteActivity	{"host": "127.0.0.1:63281", "Namespace": "namespace-ec265ab4-426c-4316-a4b3-47fc66311932", "TaskQueue": "temporal-sys-per-ns-tq", "WorkerID": "temporal-system@Shivams-MacBook-Pro.local@namespace-ec265ab4-426c-4316-a4b3-47fc66311932", "WorkflowType": "temporal-sys-worker-deployment-workflow", "WorkflowID": "temporal-sys-worker-deployment:rrentVersion_Batching-564e9892_deployment_series", "RunID": "0195af0e-960d-715f-b6c6-08dcdf4b78ec", "Attempt": 0, "ActivityID": "232", "ActivityType": "RegisterWorkerInVersion", "logging-call-at": "/Users/shivamsaraf/Desktop/work/temporal/common/log/with_logger.go:61"}
2025-03-19T11:38:48.949-0400	debug	Frontend method invoked.	{"host": "127.0.0.1:63278", "wf-namespace": "namespace-ec265ab4-426c-4316-a4b3-47fc66311932", "operation": "PollWorkflowTaskQueue", "server-name": "", "cert-thumbprint": "", "logging-call-at": "/Users/shivamsaraf/Desktop/work/temporal/common/log/with_logger.go:61"}
2025-03-19T11:38:48.949-0400	debug	Received PollWorkflowTaskQueue	{"host": "127.0.0.1:63278", "service": "frontend", "logging-call-at": "/Users/shivamsaraf/Desktop/work/temporal/common/log/with_logger.go:61"}
2025-03-19T11:38:48.949-0400	debug	Poll workflow task queue.	{"host": "127.0.0.1:63278", "service": "frontend", "wf-namespace": "namespace-ec265ab4-426c-4316-a4b3-47fc66311932", "wf-namespace-id": "d0b550e3-6091-4a9b-a9aa-3d80ffb24954", "logging-call-at": "/Users/shivamsaraf/Desktop/work/temporal/common/log/with_logger.go:61"}
2025-03-19T11:38:48.949-0400	debug	Frontend method invoked.	{"host": "127.0.0.1:63278", "wf-namespace": "namespace-ec265ab4-426c-4316-a4b3-47fc66311932", "operation": "RespondWorkflowTaskCompleted", "server-name": "", "cert-thumbprint": "", "logging-call-at": "/Users/shivamsaraf/Desktop/work/temporal/common/log/with_logger.go:61"}
2025-03-19T11:38:48.950-0400	debug	RespondWorkflowTaskCompleted	{"host": "127.0.0.1:63280", "service": "history", "wf-namespace-id": "d0b550e3-6091-4a9b-a9aa-3d80ffb24954", "wf-id": "temporal-sys-worker-deployment:rrentVersion_Batching-564e9892_deployment_series", "wf-run-id": "0195af0e-960d-715f-b6c6-08dcdf4b78ec", "wf-scheduled-event-id": 228, "logging-call-at": "/Users/shivamsaraf/Desktop/work/temporal/common/log/with_logger.go:61"}
2025-03-19T11:38:48.950-0400	debug	Workflow task updated	{"host": "127.0.0.1:63280", "shard-id": 1, "address": "127.0.0.1:63280", "wf-scheduled-event-id": 0, "wf-started-event-id": 0, "workflow-task-request-id": "emptyUuid", "workflow-task-timeout": 0, "attempt": 1, "wf-started-timestamp": "1970-01-01T00:00:00.000Z", "wt-type": "Unspecified", "logging-call-at": "/Users/shivamsaraf/Desktop/work/temporal/common/log/with_logger.go:61"}
2025-03-19T11:38:48.950-0400	debug	update state change	{"host": "127.0.0.1:63280", "shard-id": 1, "address": "127.0.0.1:63280", "wf-namespace-id": "d0b550e3-6091-4a9b-a9aa-3d80ffb24954", "wf-id": "temporal-sys-worker-deployment:rrentVersion_Batching-564e9892_deployment_series", "wf-run-id": "0195af0e-960d-715f-b6c6-08dcdf4b78ec", "update-id": "dd8ac291-1c6d-40ec-b357-7677a4689ef3", "from-state": "Accepted", "to-state": "ProvisionallyCompleted", "logging-call-at": "/Users/shivamsaraf/Desktop/work/temporal/common/log/with_logger.go:61"}
2025-03-19T11:38:48.951-0400	debug	Assigning new task key	{"host": "127.0.0.1:63280", "shard-id": 1, "address": "127.0.0.1:63280", "wf-namespace-id": "d0b550e3-6091-4a9b-a9aa-3d80ffb24954", "wf-id": "temporal-sys-worker-deployment:rrentVersion_Batching-564e9892_deployment_series", "wf-run-id": "0195af0e-960d-715f-b6c6-08dcdf4b78ec", "queue-task-type": "TransferActivityTask", "queue-task-id": 1049106, "timestamp": "2025-03-19T15:38:48.951Z", "cursor-timestamp": "2025-03-19T15:38:49.941Z", "logging-call-at": "/Users/shivamsaraf/Desktop/work/temporal/common/log/with_logger.go:61"}
2025-03-19T11:38:48.954-0400	debug	update state change	{"host": "127.0.0.1:63280", "shard-id": 1, "address": "127.0.0.1:63280", "wf-namespace-id": "d0b550e3-6091-4a9b-a9aa-3d80ffb24954", "wf-id": "temporal-sys-worker-deployment:rrentVersion_Batching-564e9892_deployment_series", "wf-run-id": "0195af0e-960d-715f-b6c6-08dcdf4b78ec", "update-id": "dd8ac291-1c6d-40ec-b357-7677a4689ef3", "from-state": "ProvisionallyCompleted", "to-state": "Completed", "logging-call-at": "/Users/shivamsaraf/Desktop/work/temporal/common/log/with_logger.go:61"}
2025-03-19T11:38:48.954-0400	debug	deployment client success	{"host": "127.0.0.1:63279", "operation": "RegisterTaskQueueWorker", "elapsed": 5.404238709, "args": ["rrentVersion_Batching-564e9892_task_queue_17",1,"matching service"], "logging-call-at": "/Users/shivamsaraf/Desktop/work/temporal/common/log/with_logger.go:61"}
2025-03-19T11:38:48.955-0400	debug	Process task as active.	{"host": "127.0.0.1:63280", "shard-id": 1, "address": "127.0.0.1:63280", "component": "transfer-queue-processor", "wf-namespace-id": "d0b550e3-6091-4a9b-a9aa-3d80ffb24954", "value": "d0b550e3-6091-4a9b-a9aa-3d80ffb24954/temporal-sys-worker-deployment:rrentVersion_Batching-564e9892_deployment_series/0195af0e-960d-715f-b6c6-08dcdf4b78ec", "logging-call-at": "/Users/shivamsaraf/Desktop/work/temporal/common/log/with_logger.go:61"}
2025-03-19T11:38:48.955-0400	info	Started physicalTaskQueueManager	{"host": "127.0.0.1:63279", "component": "matching-engine", "wf-task-queue-name": "rrentVersion_Batching-564e9892_task_queue_17", "wf-task-queue-type": "Workflow", "wf-namespace": "namespace-ec265ab4-426c-4316-a4b3-47fc66311932", "worker-build-id": "rrentVersion_Batching-564e9892_deployment_series/rrentVersion_Batching-564e9892_build_id", "lifecycle": "Started", "cause": "UserData", "logging-call-at": "/Users/shivamsaraf/Desktop/work/temporal/common/log/with_logger.go:66"}
2025-03-19T11:38:48.956-0400	debug	Assigning new task key	{"host": "127.0.0.1:63280", "shard-id": 1, "address": "127.0.0.1:63280", "wf-namespace-id": "d0b550e3-6091-4a9b-a9aa-3d80ffb24954", "wf-id": "temporal-sys-worker-deployment:rrentVersion_Batching-564e9892_deployment_series", "wf-run-id": "0195af0e-960d-715f-b6c6-08dcdf4b78ec", "queue-task-type": "ActivityTimeout", "queue-task-id": 1049108, "timestamp": "2025-03-19T15:39:48.956Z", "cursor-timestamp": "2025-03-19T15:38:49.954Z", "logging-call-at": "/Users/shivamsaraf/Desktop/work/temporal/common/log/with_logger.go:61"}
2025-03-19T11:38:48.960-0400	debug	Frontend method invoked.	{"host": "127.0.0.1:63278", "wf-namespace": "namespace-ec265ab4-426c-4316-a4b3-47fc66311932", "operation": "PollActivityTaskQueue", "server-name": "", "cert-thumbprint": "", "logging-call-at": "/Users/shivamsaraf/Desktop/work/temporal/common/log/with_logger.go:61"}
2025-03-19T11:38:48.960-0400	debug	Received PollActivityTaskQueue	{"host": "127.0.0.1:63278", "service": "frontend", "logging-call-at": "/Users/shivamsaraf/Desktop/work/temporal/common/log/with_logger.go:61"}
2025-03-19T11:38:48.961-0400	debug	update state change	{"host": "127.0.0.1:63280", "shard-id": 4, "address": "127.0.0.1:63280", "wf-namespace-id": "d0b550e3-6091-4a9b-a9aa-3d80ffb24954", "wf-id": "temporal-sys-worker-deployment-version:rrentVersion_Batching-564e9892_deployment_series.rrentVersion_Batching-564e9892_build_id", "wf-run-id": "0195af0e-98a0-7d94-93e5-2a1d2e5942f8", "update-id": "1f70df2e-f948-487e-bea9-6f369d2e6051", "from-state": "Created", "to-state": "ProvisionallyAdmitted", "logging-call-at": "/Users/shivamsaraf/Desktop/work/temporal/common/log/with_logger.go:61"}
2025-03-19T11:38:48.961-0400	debug	update state change	{"host": "127.0.0.1:63280", "shard-id": 4, "address": "127.0.0.1:63280", "wf-namespace-id": "d0b550e3-6091-4a9b-a9aa-3d80ffb24954", "wf-id": "temporal-sys-worker-deployment-version:rrentVersion_Batching-564e9892_deployment_series.rrentVersion_Batching-564e9892_build_id", "wf-run-id": "0195af0e-98a0-7d94-93e5-2a1d2e5942f8", "update-id": "1f70df2e-f948-487e-bea9-6f369d2e6051", "from-state": "ProvisionallyAdmitted", "to-state": "Admitted", "logging-call-at": "/Users/shivamsaraf/Desktop/work/temporal/common/log/with_logger.go:61"}
2025-03-19T11:38:48.961-0400	debug	Workflow task updated	{"host": "127.0.0.1:63280", "shard-id": 4, "address": "127.0.0.1:63280", "wf-scheduled-event-id": 436, "wf-started-event-id": 0, "workflow-task-request-id": "emptyUuid", "workflow-task-timeout": 10, "attempt": 1, "wf-started-timestamp": "0001-01-01T00:00:00.000Z", "wt-type": "Speculative", "logging-call-at": "/Users/shivamsaraf/Desktop/work/temporal/common/log/with_logger.go:61"}
2025-03-19T11:38:48.961-0400	debug	Workflow task updated	{"host": "127.0.0.1:63280", "shard-id": 4, "address": "127.0.0.1:63280", "wf-scheduled-event-id": 436, "wf-started-event-id": 437, "workflow-task-request-id": "04d5ef89-193b-4623-9f84-f2874666d6f2", "workflow-task-timeout": 10, "attempt": 1, "wf-started-timestamp": "2025-03-19T15:38:48.961Z", "wt-type": "Speculative", "logging-call-at": "/Users/shivamsaraf/Desktop/work/temporal/common/log/with_logger.go:61"}
2025-03-19T11:38:48.961-0400	debug	update state change	{"host": "127.0.0.1:63280", "shard-id": 4, "address": "127.0.0.1:63280", "wf-namespace-id": "d0b550e3-6091-4a9b-a9aa-3d80ffb24954", "wf-id": "temporal-sys-worker-deployment-version:rrentVersion_Batching-564e9892_deployment_series.rrentVersion_Batching-564e9892_build_id", "wf-run-id": "0195af0e-98a0-7d94-93e5-2a1d2e5942f8", "update-id": "1f70df2e-f948-487e-bea9-6f369d2e6051", "from-state": "Admitted", "to-state": "Sent", "logging-call-at": "/Users/shivamsaraf/Desktop/work/temporal/common/log/with_logger.go:61"}
2025-03-19T11:38:48.965-0400	debug	ExecuteActivity	{"host": "127.0.0.1:63281", "Namespace": "namespace-ec265ab4-426c-4316-a4b3-47fc66311932", "TaskQueue": "temporal-sys-per-ns-tq", "WorkerID": "temporal-system@Shivams-MacBook-Pro.local@namespace-ec265ab4-426c-4316-a4b3-47fc66311932", "WorkflowType": "temporal-sys-worker-deployment-version-workflow", "WorkflowID": "temporal-sys-worker-deployment-version:rrentVersion_Batching-564e9892_deployment_series.rrentVersion_Batching-564e9892_build_id", "RunID": "0195af0e-98a0-7d94-93e5-2a1d2e5942f8", "Attempt": 0, "ActivityID": "440", "ActivityType": "SyncDeploymentVersionUserData", "logging-call-at": "/Users/shivamsaraf/Desktop/work/temporal/common/log/with_logger.go:61"}
2025-03-19T11:38:48.965-0400	debug	Frontend method invoked.	{"host": "127.0.0.1:63278", "wf-namespace": "namespace-ec265ab4-426c-4316-a4b3-47fc66311932", "operation": "PollWorkflowTaskQueue", "server-name": "", "cert-thumbprint": "", "logging-call-at": "/Users/shivamsaraf/Desktop/work/temporal/common/log/with_logger.go:61"}
2025-03-19T11:38:48.966-0400	debug	Received PollWorkflowTaskQueue	{"host": "127.0.0.1:63278", "service": "frontend", "logging-call-at": "/Users/shivamsaraf/Desktop/work/temporal/common/log/with_logger.go:61"}
2025-03-19T11:38:48.966-0400	debug	Poll workflow task queue.	{"host": "127.0.0.1:63278", "service": "frontend", "wf-namespace": "namespace-ec265ab4-426c-4316-a4b3-47fc66311932", "wf-namespace-id": "d0b550e3-6091-4a9b-a9aa-3d80ffb24954", "logging-call-at": "/Users/shivamsaraf/Desktop/work/temporal/common/log/with_logger.go:61"}
2025-03-19T11:38:48.966-0400	debug	Frontend method invoked.	{"host": "127.0.0.1:63278", "wf-namespace": "namespace-ec265ab4-426c-4316-a4b3-47fc66311932", "operation": "RespondWorkflowTaskCompleted", "server-name": "", "cert-thumbprint": "", "logging-call-at": "/Users/shivamsaraf/Desktop/work/temporal/common/log/with_logger.go:61"}
2025-03-19T11:38:48.966-0400	debug	RespondWorkflowTaskCompleted	{"host": "127.0.0.1:63280", "service": "history", "wf-namespace-id": "d0b550e3-6091-4a9b-a9aa-3d80ffb24954", "wf-id": "temporal-sys-worker-deployment-version:rrentVersion_Batching-564e9892_deployment_series.rrentVersion_Batching-564e9892_build_id", "wf-run-id": "0195af0e-98a0-7d94-93e5-2a1d2e5942f8", "wf-scheduled-event-id": 436, "logging-call-at": "/Users/shivamsaraf/Desktop/work/temporal/common/log/with_logger.go:61"}
2025-03-19T11:38:48.967-0400	debug	Workflow task updated	{"host": "127.0.0.1:63280", "shard-id": 4, "address": "127.0.0.1:63280", "wf-scheduled-event-id": 0, "wf-started-event-id": 0, "workflow-task-request-id": "emptyUuid", "workflow-task-timeout": 0, "attempt": 1, "wf-started-timestamp": "1970-01-01T00:00:00.000Z", "wt-type": "Unspecified", "logging-call-at": "/Users/shivamsaraf/Desktop/work/temporal/common/log/with_logger.go:61"}
2025-03-19T11:38:48.967-0400	debug	update state change	{"host": "127.0.0.1:63280", "shard-id": 4, "address": "127.0.0.1:63280", "wf-namespace-id": "d0b550e3-6091-4a9b-a9aa-3d80ffb24954", "wf-id": "temporal-sys-worker-deployment-version:rrentVersion_Batching-564e9892_deployment_series.rrentVersion_Batching-564e9892_build_id", "wf-run-id": "0195af0e-98a0-7d94-93e5-2a1d2e5942f8", "update-id": "1f70df2e-f948-487e-bea9-6f369d2e6051", "from-state": "Sent", "to-state": "ProvisionallyAccepted", "logging-call-at": "/Users/shivamsaraf/Desktop/work/temporal/common/log/with_logger.go:61"}
2025-03-19T11:38:48.967-0400	debug	Assigning new task key	{"host": "127.0.0.1:63280", "shard-id": 4, "address": "127.0.0.1:63280", "wf-namespace-id": "d0b550e3-6091-4a9b-a9aa-3d80ffb24954", "wf-id": "temporal-sys-worker-deployment-version:rrentVersion_Batching-564e9892_deployment_series.rrentVersion_Batching-564e9892_build_id", "wf-run-id": "0195af0e-98a0-7d94-93e5-2a1d2e5942f8", "queue-task-type": "TransferActivityTask", "queue-task-id": 1049709, "timestamp": "2025-03-19T15:38:48.967Z", "cursor-timestamp": "2025-03-19T15:38:49.923Z", "logging-call-at": "/Users/shivamsaraf/Desktop/work/temporal/common/log/with_logger.go:61"}
2025-03-19T11:38:48.971-0400	debug	update state change	{"host": "127.0.0.1:63280", "shard-id": 4, "address": "127.0.0.1:63280", "wf-namespace-id": "d0b550e3-6091-4a9b-a9aa-3d80ffb24954", "wf-id": "temporal-sys-worker-deployment-version:rrentVersion_Batching-564e9892_deployment_series.rrentVersion_Batching-564e9892_build_id", "wf-run-id": "0195af0e-98a0-7d94-93e5-2a1d2e5942f8", "update-id": "1f70df2e-f948-487e-bea9-6f369d2e6051", "from-state": "ProvisionallyAccepted", "to-state": "Accepted", "logging-call-at": "/Users/shivamsaraf/Desktop/work/temporal/common/log/with_logger.go:61"}
2025-03-19T11:38:48.971-0400	debug	Process task as active.	{"host": "127.0.0.1:63280", "shard-id": 4, "address": "127.0.0.1:63280", "component": "transfer-queue-processor", "wf-namespace-id": "d0b550e3-6091-4a9b-a9aa-3d80ffb24954", "value": "d0b550e3-6091-4a9b-a9aa-3d80ffb24954/temporal-sys-worker-deployment-version:rrentVersion_Batching-564e9892_deployment_series.rrentVersion_Batching-564e9892_build_id/0195af0e-98a0-7d94-93e5-2a1d2e5942f8", "logging-call-at": "/Users/shivamsaraf/Desktop/work/temporal/common/log/with_logger.go:61"}
2025-03-19T11:38:48.972-0400	debug	Assigning new task key	{"host": "127.0.0.1:63280", "shard-id": 4, "address": "127.0.0.1:63280", "wf-namespace-id": "d0b550e3-6091-4a9b-a9aa-3d80ffb24954", "wf-id": "temporal-sys-worker-deployment-version:rrentVersion_Batching-564e9892_deployment_series.rrentVersion_Batching-564e9892_build_id", "wf-run-id": "0195af0e-98a0-7d94-93e5-2a1d2e5942f8", "queue-task-type": "ActivityTimeout", "queue-task-id": 1049710, "timestamp": "2025-03-19T15:39:48.973Z", "cursor-timestamp": "2025-03-19T15:38:49.971Z", "logging-call-at": "/Users/shivamsaraf/Desktop/work/temporal/common/log/with_logger.go:61"}
2025-03-19T11:38:48.976-0400	info	syncing task queue userdata for deployment version	{"host": "127.0.0.1:63281", "Namespace": "namespace-ec265ab4-426c-4316-a4b3-47fc66311932", "TaskQueue": "temporal-sys-per-ns-tq", "WorkerID": "temporal-system@Shivams-MacBook-Pro.local@namespace-ec265ab4-426c-4316-a4b3-47fc66311932", "ActivityID": "440", "ActivityType": "SyncDeploymentVersionUserData", "Attempt": 1, "WorkflowType": "temporal-sys-worker-deployment-version-workflow", "WorkflowID": "temporal-sys-worker-deployment-version:rrentVersion_Batching-564e9892_deployment_series.rrentVersion_Batching-564e9892_build_id", "RunID": "0195af0e-98a0-7d94-93e5-2a1d2e5942f8", "taskQueue": "rrentVersion_Batching-564e9892_task_queue_21", "types": [1], "logging-call-at": "/Users/shivamsaraf/Desktop/work/temporal/common/log/with_logger.go:66"}
2025-03-19T11:38:48.976-0400	debug	Frontend method invoked.	{"host": "127.0.0.1:63278", "wf-namespace": "namespace-ec265ab4-426c-4316-a4b3-47fc66311932", "operation": "PollActivityTaskQueue", "server-name": "", "cert-thumbprint": "", "logging-call-at": "/Users/shivamsaraf/Desktop/work/temporal/common/log/with_logger.go:61"}
2025-03-19T11:38:48.976-0400	debug	Received PollActivityTaskQueue	{"host": "127.0.0.1:63278", "service": "frontend", "logging-call-at": "/Users/shivamsaraf/Desktop/work/temporal/common/log/with_logger.go:61"}
2025-03-19T11:38:49.078-0400	info	modified user data	{"host": "127.0.0.1:63279", "component": "matching-engine", "wf-task-queue-name": "rrentVersion_Batching-564e9892_task_queue_21", "wf-task-queue-type": "Workflow", "wf-namespace": "namespace-ec265ab4-426c-4316-a4b3-47fc66311932", "user-data-update-source": "SyncDeploymentUserData", "user-data-version": 1, "timestamp": "2025-03-19T15:38:48.976Z", "logging-call-at": "/Users/shivamsaraf/Desktop/work/temporal/common/log/with_logger.go:66"}
2025-03-19T11:38:49.078-0400	debug	user data changed while blocked in long poll	{"host": "127.0.0.1:63279", "component": "matching-engine", "wf-task-queue-name": "rrentVersion_Batching-564e9892_task_queue_21", "wf-task-queue-type": "Workflow", "wf-namespace": "namespace-ec265ab4-426c-4316-a4b3-47fc66311932", "logging-call-at": "/Users/shivamsaraf/Desktop/work/temporal/common/log/with_logger.go:61"}
2025-03-19T11:38:49.078-0400	debug	user data changed while blocked in long poll	{"host": "127.0.0.1:63279", "component": "matching-engine", "wf-task-queue-name": "rrentVersion_Batching-564e9892_task_queue_21", "wf-task-queue-type": "Workflow", "wf-namespace": "namespace-ec265ab4-426c-4316-a4b3-47fc66311932", "logging-call-at": "/Users/shivamsaraf/Desktop/work/temporal/common/log/with_logger.go:61"}
2025-03-19T11:38:49.078-0400	debug	user data changed while blocked in long poll	{"host": "127.0.0.1:63279", "component": "matching-engine", "wf-task-queue-name": "rrentVersion_Batching-564e9892_task_queue_21", "wf-task-queue-type": "Workflow", "wf-namespace": "namespace-ec265ab4-426c-4316-a4b3-47fc66311932", "logging-call-at": "/Users/shivamsaraf/Desktop/work/temporal/common/log/with_logger.go:61"}
2025-03-19T11:38:49.078-0400	info	returning user data	{"host": "127.0.0.1:63279", "component": "matching-engine", "wf-task-queue-name": "rrentVersion_Batching-564e9892_task_queue_21", "wf-task-queue-type": "Workflow", "wf-namespace": "namespace-ec265ab4-426c-4316-a4b3-47fc66311932", "long-poll": true, "request-known-version": 0, "user-data-version": 1, "logging-call-at": "/Users/shivamsaraf/Desktop/work/temporal/common/log/with_logger.go:66"}
2025-03-19T11:38:49.078-0400	info	returning user data	{"host": "127.0.0.1:63279", "component": "matching-engine", "wf-task-queue-name": "rrentVersion_Batching-564e9892_task_queue_21", "wf-task-queue-type": "Workflow", "wf-namespace": "namespace-ec265ab4-426c-4316-a4b3-47fc66311932", "long-poll": true, "request-known-version": 0, "user-data-version": 1, "logging-call-at": "/Users/shivamsaraf/Desktop/work/temporal/common/log/with_logger.go:66"}
2025-03-19T11:38:49.078-0400	info	returning user data	{"host": "127.0.0.1:63279", "component": "matching-engine", "wf-task-queue-name": "rrentVersion_Batching-564e9892_task_queue_21", "wf-task-queue-type": "Workflow", "wf-namespace": "namespace-ec265ab4-426c-4316-a4b3-47fc66311932", "long-poll": true, "request-known-version": 0, "user-data-version": 1, "logging-call-at": "/Users/shivamsaraf/Desktop/work/temporal/common/log/with_logger.go:66"}
2025-03-19T11:38:49.079-0400	info	fetched user data from parent	{"host": "127.0.0.1:63279", "component": "matching-engine", "wf-task-queue-name": "/_sys/rrentVersion_Batching-564e9892_task_queue_21/1", "wf-task-queue-type": "Workflow", "wf-namespace": "namespace-ec265ab4-426c-4316-a4b3-47fc66311932", "user-data-version": 1, "timestamp": "2025-03-19T15:38:48.976Z", "logging-call-at": "/Users/shivamsaraf/Desktop/work/temporal/common/log/with_logger.go:66"}
2025-03-19T11:38:49.079-0400	info	fetched user data from parent	{"host": "127.0.0.1:63279", "component": "matching-engine", "wf-task-queue-name": "/_sys/rrentVersion_Batching-564e9892_task_queue_21/3", "wf-task-queue-type": "Workflow", "wf-namespace": "namespace-ec265ab4-426c-4316-a4b3-47fc66311932", "user-data-version": 1, "timestamp": "2025-03-19T15:38:48.976Z", "logging-call-at": "/Users/shivamsaraf/Desktop/work/temporal/common/log/with_logger.go:66"}
2025-03-19T11:38:49.079-0400	info	fetched user data from parent	{"host": "127.0.0.1:63279", "component": "matching-engine", "wf-task-queue-name": "/_sys/rrentVersion_Batching-564e9892_task_queue_21/2", "wf-task-queue-type": "Workflow", "wf-namespace": "namespace-ec265ab4-426c-4316-a4b3-47fc66311932", "user-data-version": 1, "timestamp": "2025-03-19T15:38:48.976Z", "logging-call-at": "/Users/shivamsaraf/Desktop/work/temporal/common/log/with_logger.go:66"}
2025-03-19T11:38:49.079-0400	debug	Frontend method invoked.	{"host": "127.0.0.1:63278", "wf-namespace": "namespace-ec265ab4-426c-4316-a4b3-47fc66311932", "operation": "RespondActivityTaskCompleted", "server-name": "", "cert-thumbprint": "", "logging-call-at": "/Users/shivamsaraf/Desktop/work/temporal/common/log/with_logger.go:61"}
2025-03-19T11:38:49.079-0400	debug	Workflow task updated	{"host": "127.0.0.1:63280", "shard-id": 4, "address": "127.0.0.1:63280", "wf-scheduled-event-id": 443, "wf-started-event-id": 0, "workflow-task-request-id": "emptyUuid", "workflow-task-timeout": 10, "attempt": 1, "wf-started-timestamp": "0001-01-01T00:00:00.000Z", "wt-type": "Normal", "logging-call-at": "/Users/shivamsaraf/Desktop/work/temporal/common/log/with_logger.go:61"}
2025-03-19T11:38:49.080-0400	debug	Assigning new task key	{"host": "127.0.0.1:63280", "shard-id": 4, "address": "127.0.0.1:63280", "wf-namespace-id": "d0b550e3-6091-4a9b-a9aa-3d80ffb24954", "wf-id": "temporal-sys-worker-deployment-version:rrentVersion_Batching-564e9892_deployment_series.rrentVersion_Batching-564e9892_build_id", "wf-run-id": "0195af0e-98a0-7d94-93e5-2a1d2e5942f8", "queue-task-type": "WorkflowTaskTimeout", "queue-task-id": 1049716, "timestamp": "2025-03-19T15:38:54.080Z", "cursor-timestamp": "2025-03-19T15:38:49.971Z", "logging-call-at": "/Users/shivamsaraf/Desktop/work/temporal/common/log/with_logger.go:61"}
2025-03-19T11:38:49.080-0400	debug	Assigning new task key	{"host": "127.0.0.1:63280", "shard-id": 4, "address": "127.0.0.1:63280", "wf-namespace-id": "d0b550e3-6091-4a9b-a9aa-3d80ffb24954", "wf-id": "temporal-sys-worker-deployment-version:rrentVersion_Batching-564e9892_deployment_series.rrentVersion_Batching-564e9892_build_id", "wf-run-id": "0195af0e-98a0-7d94-93e5-2a1d2e5942f8", "queue-task-type": "TransferWorkflowTask", "queue-task-id": 1049717, "timestamp": "2025-03-19T15:38:49.080Z", "cursor-timestamp": "2025-03-19T15:38:49.971Z", "logging-call-at": "/Users/shivamsaraf/Desktop/work/temporal/common/log/with_logger.go:61"}
2025-03-19T11:38:49.086-0400	debug	Process task as active.	{"host": "127.0.0.1:63280", "shard-id": 4, "address": "127.0.0.1:63280", "component": "transfer-queue-processor", "wf-namespace-id": "d0b550e3-6091-4a9b-a9aa-3d80ffb24954", "value": "d0b550e3-6091-4a9b-a9aa-3d80ffb24954/temporal-sys-worker-deployment-version:rrentVersion_Batching-564e9892_deployment_series.rrentVersion_Batching-564e9892_build_id/0195af0e-98a0-7d94-93e5-2a1d2e5942f8", "logging-call-at": "/Users/shivamsaraf/Desktop/work/temporal/common/log/with_logger.go:61"}
2025-03-19T11:38:49.087-0400	debug	Workflow task updated	{"host": "127.0.0.1:63280", "shard-id": 4, "address": "127.0.0.1:63280", "wf-scheduled-event-id": 443, "wf-started-event-id": 444, "workflow-task-request-id": "2106a7a3-dfa7-40d5-a81f-6c0ba304abb0", "workflow-task-timeout": 10, "attempt": 1, "wf-started-timestamp": "2025-03-19T15:38:49.087Z", "wt-type": "Normal", "logging-call-at": "/Users/shivamsaraf/Desktop/work/temporal/common/log/with_logger.go:61"}
2025-03-19T11:38:49.087-0400	debug	Assigning new task key	{"host": "127.0.0.1:63280", "shard-id": 4, "address": "127.0.0.1:63280", "wf-namespace-id": "d0b550e3-6091-4a9b-a9aa-3d80ffb24954", "wf-id": "temporal-sys-worker-deployment-version:rrentVersion_Batching-564e9892_deployment_series.rrentVersion_Batching-564e9892_build_id", "wf-run-id": "0195af0e-98a0-7d94-93e5-2a1d2e5942f8", "queue-task-type": "WorkflowTaskTimeout", "queue-task-id": 1049720, "timestamp": "2025-03-19T15:38:59.088Z", "cursor-timestamp": "2025-03-19T15:38:50.085Z", "logging-call-at": "/Users/shivamsaraf/Desktop/work/temporal/common/log/with_logger.go:61"}
2025-03-19T11:38:49.096-0400	debug	ExecuteActivity	{"host": "127.0.0.1:63281", "Namespace": "namespace-ec265ab4-426c-4316-a4b3-47fc66311932", "TaskQueue": "temporal-sys-per-ns-tq", "WorkerID": "temporal-system@Shivams-MacBook-Pro.local@namespace-ec265ab4-426c-4316-a4b3-47fc66311932", "WorkflowType": "temporal-sys-worker-deployment-version-workflow", "WorkflowID": "temporal-sys-worker-deployment-version:rrentVersion_Batching-564e9892_deployment_series.rrentVersion_Batching-564e9892_build_id", "RunID": "0195af0e-98a0-7d94-93e5-2a1d2e5942f8", "Attempt": 0, "ActivityID": "446", "ActivityType": "CheckWorkerDeploymentUserDataPropagation", "logging-call-at": "/Users/shivamsaraf/Desktop/work/temporal/common/log/with_logger.go:61"}
2025-03-19T11:38:49.096-0400	debug	Frontend method invoked.	{"host": "127.0.0.1:63278", "wf-namespace": "namespace-ec265ab4-426c-4316-a4b3-47fc66311932", "operation": "PollWorkflowTaskQueue", "server-name": "", "cert-thumbprint": "", "logging-call-at": "/Users/shivamsaraf/Desktop/work/temporal/common/log/with_logger.go:61"}
2025-03-19T11:38:49.097-0400	debug	Received PollWorkflowTaskQueue	{"host": "127.0.0.1:63278", "service": "frontend", "logging-call-at": "/Users/shivamsaraf/Desktop/work/temporal/common/log/with_logger.go:61"}
2025-03-19T11:38:49.097-0400	debug	Poll workflow task queue.	{"host": "127.0.0.1:63278", "service": "frontend", "wf-namespace": "namespace-ec265ab4-426c-4316-a4b3-47fc66311932", "wf-namespace-id": "d0b550e3-6091-4a9b-a9aa-3d80ffb24954", "logging-call-at": "/Users/shivamsaraf/Desktop/work/temporal/common/log/with_logger.go:61"}
2025-03-19T11:38:49.097-0400	debug	Frontend method invoked.	{"host": "127.0.0.1:63278", "wf-namespace": "namespace-ec265ab4-426c-4316-a4b3-47fc66311932", "operation": "RespondWorkflowTaskCompleted", "server-name": "", "cert-thumbprint": "", "logging-call-at": "/Users/shivamsaraf/Desktop/work/temporal/common/log/with_logger.go:61"}
2025-03-19T11:38:49.097-0400	debug	RespondWorkflowTaskCompleted	{"host": "127.0.0.1:63280", "service": "history", "wf-namespace-id": "d0b550e3-6091-4a9b-a9aa-3d80ffb24954", "wf-id": "temporal-sys-worker-deployment-version:rrentVersion_Batching-564e9892_deployment_series.rrentVersion_Batching-564e9892_build_id", "wf-run-id": "0195af0e-98a0-7d94-93e5-2a1d2e5942f8", "wf-scheduled-event-id": 443, "logging-call-at": "/Users/shivamsaraf/Desktop/work/temporal/common/log/with_logger.go:61"}
2025-03-19T11:38:49.097-0400	debug	Workflow task updated	{"host": "127.0.0.1:63280", "shard-id": 4, "address": "127.0.0.1:63280", "wf-scheduled-event-id": 0, "wf-started-event-id": 0, "workflow-task-request-id": "emptyUuid", "workflow-task-timeout": 0, "attempt": 1, "wf-started-timestamp": "1970-01-01T00:00:00.000Z", "wt-type": "Unspecified", "logging-call-at": "/Users/shivamsaraf/Desktop/work/temporal/common/log/with_logger.go:61"}
2025-03-19T11:38:49.098-0400	debug	Assigning new task key	{"host": "127.0.0.1:63280", "shard-id": 4, "address": "127.0.0.1:63280", "wf-namespace-id": "d0b550e3-6091-4a9b-a9aa-3d80ffb24954", "wf-id": "temporal-sys-worker-deployment-version:rrentVersion_Batching-564e9892_deployment_series.rrentVersion_Batching-564e9892_build_id", "wf-run-id": "0195af0e-98a0-7d94-93e5-2a1d2e5942f8", "queue-task-type": "TransferActivityTask", "queue-task-id": 1049725, "timestamp": "2025-03-19T15:38:49.098Z", "cursor-timestamp": "2025-03-19T15:38:50.085Z", "logging-call-at": "/Users/shivamsaraf/Desktop/work/temporal/common/log/with_logger.go:61"}
2025-03-19T11:38:49.102-0400	debug	Process task as active.	{"host": "127.0.0.1:63280", "shard-id": 4, "address": "127.0.0.1:63280", "component": "transfer-queue-processor", "wf-namespace-id": "d0b550e3-6091-4a9b-a9aa-3d80ffb24954", "value": "d0b550e3-6091-4a9b-a9aa-3d80ffb24954/temporal-sys-worker-deployment-version:rrentVersion_Batching-564e9892_deployment_series.rrentVersion_Batching-564e9892_build_id/0195af0e-98a0-7d94-93e5-2a1d2e5942f8", "logging-call-at": "/Users/shivamsaraf/Desktop/work/temporal/common/log/with_logger.go:61"}
2025-03-19T11:38:49.103-0400	debug	Assigning new task key	{"host": "127.0.0.1:63280", "shard-id": 4, "address": "127.0.0.1:63280", "wf-namespace-id": "d0b550e3-6091-4a9b-a9aa-3d80ffb24954", "wf-id": "temporal-sys-worker-deployment-version:rrentVersion_Batching-564e9892_deployment_series.rrentVersion_Batching-564e9892_build_id", "wf-run-id": "0195af0e-98a0-7d94-93e5-2a1d2e5942f8", "queue-task-type": "ActivityTimeout", "queue-task-id": 1049726, "timestamp": "2025-03-19T15:39:49.104Z", "cursor-timestamp": "2025-03-19T15:38:50.101Z", "logging-call-at": "/Users/shivamsaraf/Desktop/work/temporal/common/log/with_logger.go:61"}
2025-03-19T11:38:49.107-0400	info	waiting for userdata propagation	{"host": "127.0.0.1:63281", "Namespace": "namespace-ec265ab4-426c-4316-a4b3-47fc66311932", "TaskQueue": "temporal-sys-per-ns-tq", "WorkerID": "temporal-system@Shivams-MacBook-Pro.local@namespace-ec265ab4-426c-4316-a4b3-47fc66311932", "ActivityID": "446", "ActivityType": "CheckWorkerDeploymentUserDataPropagation", "Attempt": 1, "WorkflowType": "temporal-sys-worker-deployment-version-workflow", "WorkflowID": "temporal-sys-worker-deployment-version:rrentVersion_Batching-564e9892_deployment_series.rrentVersion_Batching-564e9892_build_id", "RunID": "0195af0e-98a0-7d94-93e5-2a1d2e5942f8", "taskQueue": "rrentVersion_Batching-564e9892_task_queue_21", "version": 1, "logging-call-at": "/Users/shivamsaraf/Desktop/work/temporal/common/log/with_logger.go:66"}
2025-03-19T11:38:49.107-0400	debug	Frontend method invoked.	{"host": "127.0.0.1:63278", "wf-namespace": "namespace-ec265ab4-426c-4316-a4b3-47fc66311932", "operation": "PollActivityTaskQueue", "server-name": "", "cert-thumbprint": "", "logging-call-at": "/Users/shivamsaraf/Desktop/work/temporal/common/log/with_logger.go:61"}
2025-03-19T11:38:49.107-0400	debug	Received PollActivityTaskQueue	{"host": "127.0.0.1:63278", "service": "frontend", "logging-call-at": "/Users/shivamsaraf/Desktop/work/temporal/common/log/with_logger.go:61"}
2025-03-19T11:38:49.108-0400	info	returning user data	{"host": "127.0.0.1:63279", "component": "matching-engine", "wf-task-queue-name": "/_sys/rrentVersion_Batching-564e9892_task_queue_21/2", "wf-task-queue-type": "Workflow", "wf-namespace": "namespace-ec265ab4-426c-4316-a4b3-47fc66311932", "long-poll": true, "request-known-version": 0, "user-data-version": 1, "logging-call-at": "/Users/shivamsaraf/Desktop/work/temporal/common/log/with_logger.go:66"}
2025-03-19T11:38:49.108-0400	info	matching client encountered error	{"host": "127.0.0.1:63279", "error": "partition was not loaded", "service-error-type": "serviceerror.FailedPrecondition", "logging-call-at": "/Users/shivamsaraf/Desktop/work/temporal/common/log/with_logger.go:66"}
2025-03-19T11:38:49.108-0400	info	returning user data	{"host": "127.0.0.1:63279", "component": "matching-engine", "wf-task-queue-name": "/_sys/rrentVersion_Batching-564e9892_task_queue_21/3", "wf-task-queue-type": "Workflow", "wf-namespace": "namespace-ec265ab4-426c-4316-a4b3-47fc66311932", "long-poll": true, "request-known-version": 0, "user-data-version": 1, "logging-call-at": "/Users/shivamsaraf/Desktop/work/temporal/common/log/with_logger.go:66"}
2025-03-19T11:38:49.108-0400	info	returning user data	{"host": "127.0.0.1:63279", "component": "matching-engine", "wf-task-queue-name": "/_sys/rrentVersion_Batching-564e9892_task_queue_21/1", "wf-task-queue-type": "Workflow", "wf-namespace": "namespace-ec265ab4-426c-4316-a4b3-47fc66311932", "long-poll": true, "request-known-version": 0, "user-data-version": 1, "logging-call-at": "/Users/shivamsaraf/Desktop/work/temporal/common/log/with_logger.go:66"}
2025-03-19T11:38:49.108-0400	info	matching client encountered error	{"host": "127.0.0.1:63279", "error": "partition was not loaded", "service-error-type": "serviceerror.FailedPrecondition", "logging-call-at": "/Users/shivamsaraf/Desktop/work/temporal/common/log/with_logger.go:66"}
2025-03-19T11:38:49.108-0400	info	matching client encountered error	{"host": "127.0.0.1:63279", "error": "partition was not loaded", "service-error-type": "serviceerror.FailedPrecondition", "logging-call-at": "/Users/shivamsaraf/Desktop/work/temporal/common/log/with_logger.go:66"}
2025-03-19T11:38:49.108-0400	info	matching client encountered error	{"host": "127.0.0.1:63279", "error": "partition was not loaded", "service-error-type": "serviceerror.FailedPrecondition", "logging-call-at": "/Users/shivamsaraf/Desktop/work/temporal/common/log/with_logger.go:66"}
2025-03-19T11:38:49.109-0400	debug	Frontend method invoked.	{"host": "127.0.0.1:63278", "wf-namespace": "namespace-ec265ab4-426c-4316-a4b3-47fc66311932", "operation": "RespondActivityTaskCompleted", "server-name": "", "cert-thumbprint": "", "logging-call-at": "/Users/shivamsaraf/Desktop/work/temporal/common/log/with_logger.go:61"}
2025-03-19T11:38:49.110-0400	debug	Workflow task updated	{"host": "127.0.0.1:63280", "shard-id": 4, "address": "127.0.0.1:63280", "wf-scheduled-event-id": 449, "wf-started-event-id": 0, "workflow-task-request-id": "emptyUuid", "workflow-task-timeout": 10, "attempt": 1, "wf-started-timestamp": "0001-01-01T00:00:00.000Z", "wt-type": "Normal", "logging-call-at": "/Users/shivamsaraf/Desktop/work/temporal/common/log/with_logger.go:61"}
2025-03-19T11:38:49.110-0400	debug	Assigning new task key	{"host": "127.0.0.1:63280", "shard-id": 4, "address": "127.0.0.1:63280", "wf-namespace-id": "d0b550e3-6091-4a9b-a9aa-3d80ffb24954", "wf-id": "temporal-sys-worker-deployment-version:rrentVersion_Batching-564e9892_deployment_series.rrentVersion_Batching-564e9892_build_id", "wf-run-id": "0195af0e-98a0-7d94-93e5-2a1d2e5942f8", "queue-task-type": "WorkflowTaskTimeout", "queue-task-id": 1049732, "timestamp": "2025-03-19T15:38:54.111Z", "cursor-timestamp": "2025-03-19T15:38:50.101Z", "logging-call-at": "/Users/shivamsaraf/Desktop/work/temporal/common/log/with_logger.go:61"}
2025-03-19T11:38:49.110-0400	debug	Assigning new task key	{"host": "127.0.0.1:63280", "shard-id": 4, "address": "127.0.0.1:63280", "wf-namespace-id": "d0b550e3-6091-4a9b-a9aa-3d80ffb24954", "wf-id": "temporal-sys-worker-deployment-version:rrentVersion_Batching-564e9892_deployment_series.rrentVersion_Batching-564e9892_build_id", "wf-run-id": "0195af0e-98a0-7d94-93e5-2a1d2e5942f8", "queue-task-type": "TransferWorkflowTask", "queue-task-id": 1049733, "timestamp": "2025-03-19T15:38:49.110Z", "cursor-timestamp": "2025-03-19T15:38:50.101Z", "logging-call-at": "/Users/shivamsaraf/Desktop/work/temporal/common/log/with_logger.go:61"}
2025-03-19T11:38:49.114-0400	debug	Process task as active.	{"host": "127.0.0.1:63280", "shard-id": 4, "address": "127.0.0.1:63280", "component": "transfer-queue-processor", "wf-namespace-id": "d0b550e3-6091-4a9b-a9aa-3d80ffb24954", "value": "d0b550e3-6091-4a9b-a9aa-3d80ffb24954/temporal-sys-worker-deployment-version:rrentVersion_Batching-564e9892_deployment_series.rrentVersion_Batching-564e9892_build_id/0195af0e-98a0-7d94-93e5-2a1d2e5942f8", "logging-call-at": "/Users/shivamsaraf/Desktop/work/temporal/common/log/with_logger.go:61"}
2025-03-19T11:38:49.115-0400	debug	Workflow task updated	{"host": "127.0.0.1:63280", "shard-id": 4, "address": "127.0.0.1:63280", "wf-scheduled-event-id": 449, "wf-started-event-id": 450, "workflow-task-request-id": "26efd9bf-decd-4c60-ba35-b4c426ac5277", "workflow-task-timeout": 10, "attempt": 1, "wf-started-timestamp": "2025-03-19T15:38:49.115Z", "wt-type": "Normal", "logging-call-at": "/Users/shivamsaraf/Desktop/work/temporal/common/log/with_logger.go:61"}
2025-03-19T11:38:49.115-0400	debug	Assigning new task key	{"host": "127.0.0.1:63280", "shard-id": 4, "address": "127.0.0.1:63280", "wf-namespace-id": "d0b550e3-6091-4a9b-a9aa-3d80ffb24954", "wf-id": "temporal-sys-worker-deployment-version:rrentVersion_Batching-564e9892_deployment_series.rrentVersion_Batching-564e9892_build_id", "wf-run-id": "0195af0e-98a0-7d94-93e5-2a1d2e5942f8", "queue-task-type": "WorkflowTaskTimeout", "queue-task-id": 1049736, "timestamp": "2025-03-19T15:38:59.116Z", "cursor-timestamp": "2025-03-19T15:38:50.114Z", "logging-call-at": "/Users/shivamsaraf/Desktop/work/temporal/common/log/with_logger.go:61"}
2025-03-19T11:38:49.123-0400	debug	Frontend method invoked.	{"host": "127.0.0.1:63278", "wf-namespace": "namespace-ec265ab4-426c-4316-a4b3-47fc66311932", "operation": "PollWorkflowTaskQueue", "server-name": "", "cert-thumbprint": "", "logging-call-at": "/Users/shivamsaraf/Desktop/work/temporal/common/log/with_logger.go:61"}
2025-03-19T11:38:49.123-0400	debug	Received PollWorkflowTaskQueue	{"host": "127.0.0.1:63278", "service": "frontend", "logging-call-at": "/Users/shivamsaraf/Desktop/work/temporal/common/log/with_logger.go:61"}
2025-03-19T11:38:49.123-0400	debug	Poll workflow task queue.	{"host": "127.0.0.1:63278", "service": "frontend", "wf-namespace": "namespace-ec265ab4-426c-4316-a4b3-47fc66311932", "wf-namespace-id": "d0b550e3-6091-4a9b-a9aa-3d80ffb24954", "logging-call-at": "/Users/shivamsaraf/Desktop/work/temporal/common/log/with_logger.go:61"}
2025-03-19T11:38:49.123-0400	debug	Frontend method invoked.	{"host": "127.0.0.1:63278", "wf-namespace": "namespace-ec265ab4-426c-4316-a4b3-47fc66311932", "operation": "RespondWorkflowTaskCompleted", "server-name": "", "cert-thumbprint": "", "logging-call-at": "/Users/shivamsaraf/Desktop/work/temporal/common/log/with_logger.go:61"}
2025-03-19T11:38:49.123-0400	debug	RespondWorkflowTaskCompleted	{"host": "127.0.0.1:63280", "service": "history", "wf-namespace-id": "d0b550e3-6091-4a9b-a9aa-3d80ffb24954", "wf-id": "temporal-sys-worker-deployment-version:rrentVersion_Batching-564e9892_deployment_series.rrentVersion_Batching-564e9892_build_id", "wf-run-id": "0195af0e-98a0-7d94-93e5-2a1d2e5942f8", "wf-scheduled-event-id": 449, "logging-call-at": "/Users/shivamsaraf/Desktop/work/temporal/common/log/with_logger.go:61"}
2025-03-19T11:38:49.123-0400	debug	Workflow task updated	{"host": "127.0.0.1:63280", "shard-id": 4, "address": "127.0.0.1:63280", "wf-scheduled-event-id": 0, "wf-started-event-id": 0, "workflow-task-request-id": "emptyUuid", "workflow-task-timeout": 0, "attempt": 1, "wf-started-timestamp": "1970-01-01T00:00:00.000Z", "wt-type": "Unspecified", "logging-call-at": "/Users/shivamsaraf/Desktop/work/temporal/common/log/with_logger.go:61"}
2025-03-19T11:38:49.123-0400	debug	update state change	{"host": "127.0.0.1:63280", "shard-id": 4, "address": "127.0.0.1:63280", "wf-namespace-id": "d0b550e3-6091-4a9b-a9aa-3d80ffb24954", "wf-id": "temporal-sys-worker-deployment-version:rrentVersion_Batching-564e9892_deployment_series.rrentVersion_Batching-564e9892_build_id", "wf-run-id": "0195af0e-98a0-7d94-93e5-2a1d2e5942f8", "update-id": "1f70df2e-f948-487e-bea9-6f369d2e6051", "from-state": "Accepted", "to-state": "ProvisionallyCompleted", "logging-call-at": "/Users/shivamsaraf/Desktop/work/temporal/common/log/with_logger.go:61"}
2025-03-19T11:38:49.126-0400	debug	update state change	{"host": "127.0.0.1:63280", "shard-id": 4, "address": "127.0.0.1:63280", "wf-namespace-id": "d0b550e3-6091-4a9b-a9aa-3d80ffb24954", "wf-id": "temporal-sys-worker-deployment-version:rrentVersion_Batching-564e9892_deployment_series.rrentVersion_Batching-564e9892_build_id", "wf-run-id": "0195af0e-98a0-7d94-93e5-2a1d2e5942f8", "update-id": "1f70df2e-f948-487e-bea9-6f369d2e6051", "from-state": "ProvisionallyCompleted", "to-state": "Completed", "logging-call-at": "/Users/shivamsaraf/Desktop/work/temporal/common/log/with_logger.go:61"}
2025-03-19T11:38:49.127-0400	debug	Frontend method invoked.	{"host": "127.0.0.1:63278", "wf-namespace": "namespace-ec265ab4-426c-4316-a4b3-47fc66311932", "operation": "RespondActivityTaskCompleted", "server-name": "", "cert-thumbprint": "", "logging-call-at": "/Users/shivamsaraf/Desktop/work/temporal/common/log/with_logger.go:61"}
2025-03-19T11:38:49.127-0400	debug	Workflow task updated	{"host": "127.0.0.1:63280", "shard-id": 1, "address": "127.0.0.1:63280", "wf-scheduled-event-id": 235, "wf-started-event-id": 0, "workflow-task-request-id": "emptyUuid", "workflow-task-timeout": 10, "attempt": 1, "wf-started-timestamp": "0001-01-01T00:00:00.000Z", "wt-type": "Normal", "logging-call-at": "/Users/shivamsaraf/Desktop/work/temporal/common/log/with_logger.go:61"}
2025-03-19T11:38:49.127-0400	debug	Assigning new task key	{"host": "127.0.0.1:63280", "shard-id": 1, "address": "127.0.0.1:63280", "wf-namespace-id": "d0b550e3-6091-4a9b-a9aa-3d80ffb24954", "wf-id": "temporal-sys-worker-deployment:rrentVersion_Batching-564e9892_deployment_series", "wf-run-id": "0195af0e-960d-715f-b6c6-08dcdf4b78ec", "queue-task-type": "WorkflowTaskTimeout", "queue-task-id": 1049114, "timestamp": "2025-03-19T15:38:54.128Z", "cursor-timestamp": "2025-03-19T15:38:49.954Z", "logging-call-at": "/Users/shivamsaraf/Desktop/work/temporal/common/log/with_logger.go:61"}
2025-03-19T11:38:49.127-0400	debug	Assigning new task key	{"host": "127.0.0.1:63280", "shard-id": 1, "address": "127.0.0.1:63280", "wf-namespace-id": "d0b550e3-6091-4a9b-a9aa-3d80ffb24954", "wf-id": "temporal-sys-worker-deployment:rrentVersion_Batching-564e9892_deployment_series", "wf-run-id": "0195af0e-960d-715f-b6c6-08dcdf4b78ec", "queue-task-type": "TransferWorkflowTask", "queue-task-id": 1049115, "timestamp": "2025-03-19T15:38:49.127Z", "cursor-timestamp": "2025-03-19T15:38:49.954Z", "logging-call-at": "/Users/shivamsaraf/Desktop/work/temporal/common/log/with_logger.go:61"}
2025-03-19T11:38:49.132-0400	debug	Process task as active.	{"host": "127.0.0.1:63280", "shard-id": 1, "address": "127.0.0.1:63280", "component": "transfer-queue-processor", "wf-namespace-id": "d0b550e3-6091-4a9b-a9aa-3d80ffb24954", "value": "d0b550e3-6091-4a9b-a9aa-3d80ffb24954/temporal-sys-worker-deployment:rrentVersion_Batching-564e9892_deployment_series/0195af0e-960d-715f-b6c6-08dcdf4b78ec", "logging-call-at": "/Users/shivamsaraf/Desktop/work/temporal/common/log/with_logger.go:61"}
2025-03-19T11:38:49.133-0400	debug	Workflow task updated	{"host": "127.0.0.1:63280", "shard-id": 1, "address": "127.0.0.1:63280", "wf-scheduled-event-id": 235, "wf-started-event-id": 236, "workflow-task-request-id": "b8e72296-3d60-4b66-9e2d-ee31b85f89bf", "workflow-task-timeout": 10, "attempt": 1, "wf-started-timestamp": "2025-03-19T15:38:49.133Z", "wt-type": "Normal", "logging-call-at": "/Users/shivamsaraf/Desktop/work/temporal/common/log/with_logger.go:61"}
2025-03-19T11:38:49.133-0400	debug	Assigning new task key	{"host": "127.0.0.1:63280", "shard-id": 1, "address": "127.0.0.1:63280", "wf-namespace-id": "d0b550e3-6091-4a9b-a9aa-3d80ffb24954", "wf-id": "temporal-sys-worker-deployment:rrentVersion_Batching-564e9892_deployment_series", "wf-run-id": "0195af0e-960d-715f-b6c6-08dcdf4b78ec", "queue-task-type": "WorkflowTaskTimeout", "queue-task-id": 1049118, "timestamp": "2025-03-19T15:38:59.134Z", "cursor-timestamp": "2025-03-19T15:38:50.131Z", "logging-call-at": "/Users/shivamsaraf/Desktop/work/temporal/common/log/with_logger.go:61"}
2025-03-19T11:38:49.139-0400	debug	ExecuteActivity	{"host": "127.0.0.1:63281", "Namespace": "namespace-ec265ab4-426c-4316-a4b3-47fc66311932", "TaskQueue": "temporal-sys-per-ns-tq", "WorkerID": "temporal-system@Shivams-MacBook-Pro.local@namespace-ec265ab4-426c-4316-a4b3-47fc66311932", "WorkflowType": "temporal-sys-worker-deployment-workflow", "WorkflowID": "temporal-sys-worker-deployment:rrentVersion_Batching-564e9892_deployment_series", "RunID": "0195af0e-960d-715f-b6c6-08dcdf4b78ec", "Attempt": 0, "ActivityID": "239", "ActivityType": "RegisterWorkerInVersion", "logging-call-at": "/Users/shivamsaraf/Desktop/work/temporal/common/log/with_logger.go:61"}
2025-03-19T11:38:49.139-0400	debug	Frontend method invoked.	{"host": "127.0.0.1:63278", "wf-namespace": "namespace-ec265ab4-426c-4316-a4b3-47fc66311932", "operation": "PollWorkflowTaskQueue", "server-name": "", "cert-thumbprint": "", "logging-call-at": "/Users/shivamsaraf/Desktop/work/temporal/common/log/with_logger.go:61"}
2025-03-19T11:38:49.139-0400	debug	Received PollWorkflowTaskQueue	{"host": "127.0.0.1:63278", "service": "frontend", "logging-call-at": "/Users/shivamsaraf/Desktop/work/temporal/common/log/with_logger.go:61"}
2025-03-19T11:38:49.139-0400	debug	Poll workflow task queue.	{"host": "127.0.0.1:63278", "service": "frontend", "wf-namespace": "namespace-ec265ab4-426c-4316-a4b3-47fc66311932", "wf-namespace-id": "d0b550e3-6091-4a9b-a9aa-3d80ffb24954", "logging-call-at": "/Users/shivamsaraf/Desktop/work/temporal/common/log/with_logger.go:61"}
2025-03-19T11:38:49.140-0400	debug	Frontend method invoked.	{"host": "127.0.0.1:63278", "wf-namespace": "namespace-ec265ab4-426c-4316-a4b3-47fc66311932", "operation": "RespondWorkflowTaskCompleted", "server-name": "", "cert-thumbprint": "", "logging-call-at": "/Users/shivamsaraf/Desktop/work/temporal/common/log/with_logger.go:61"}
2025-03-19T11:38:49.140-0400	debug	RespondWorkflowTaskCompleted	{"host": "127.0.0.1:63280", "service": "history", "wf-namespace-id": "d0b550e3-6091-4a9b-a9aa-3d80ffb24954", "wf-id": "temporal-sys-worker-deployment:rrentVersion_Batching-564e9892_deployment_series", "wf-run-id": "0195af0e-960d-715f-b6c6-08dcdf4b78ec", "wf-scheduled-event-id": 235, "logging-call-at": "/Users/shivamsaraf/Desktop/work/temporal/common/log/with_logger.go:61"}
2025-03-19T11:38:49.141-0400	debug	Workflow task updated	{"host": "127.0.0.1:63280", "shard-id": 1, "address": "127.0.0.1:63280", "wf-scheduled-event-id": 0, "wf-started-event-id": 0, "workflow-task-request-id": "emptyUuid", "workflow-task-timeout": 0, "attempt": 1, "wf-started-timestamp": "1970-01-01T00:00:00.000Z", "wt-type": "Unspecified", "logging-call-at": "/Users/shivamsaraf/Desktop/work/temporal/common/log/with_logger.go:61"}
2025-03-19T11:38:49.141-0400	debug	update state change	{"host": "127.0.0.1:63280", "shard-id": 1, "address": "127.0.0.1:63280", "wf-namespace-id": "d0b550e3-6091-4a9b-a9aa-3d80ffb24954", "wf-id": "temporal-sys-worker-deployment:rrentVersion_Batching-564e9892_deployment_series", "wf-run-id": "0195af0e-960d-715f-b6c6-08dcdf4b78ec", "update-id": "73874772-a972-4192-bc29-aab20397e64b", "from-state": "Accepted", "to-state": "ProvisionallyCompleted", "logging-call-at": "/Users/shivamsaraf/Desktop/work/temporal/common/log/with_logger.go:61"}
2025-03-19T11:38:49.141-0400	debug	Assigning new task key	{"host": "127.0.0.1:63280", "shard-id": 1, "address": "127.0.0.1:63280", "wf-namespace-id": "d0b550e3-6091-4a9b-a9aa-3d80ffb24954", "wf-id": "temporal-sys-worker-deployment:rrentVersion_Batching-564e9892_deployment_series", "wf-run-id": "0195af0e-960d-715f-b6c6-08dcdf4b78ec", "queue-task-type": "TransferActivityTask", "queue-task-id": 1049124, "timestamp": "2025-03-19T15:38:49.141Z", "cursor-timestamp": "2025-03-19T15:38:50.131Z", "logging-call-at": "/Users/shivamsaraf/Desktop/work/temporal/common/log/with_logger.go:61"}
2025-03-19T11:38:49.144-0400	debug	update state change	{"host": "127.0.0.1:63280", "shard-id": 1, "address": "127.0.0.1:63280", "wf-namespace-id": "d0b550e3-6091-4a9b-a9aa-3d80ffb24954", "wf-id": "temporal-sys-worker-deployment:rrentVersion_Batching-564e9892_deployment_series", "wf-run-id": "0195af0e-960d-715f-b6c6-08dcdf4b78ec", "update-id": "73874772-a972-4192-bc29-aab20397e64b", "from-state": "ProvisionallyCompleted", "to-state": "Completed", "logging-call-at": "/Users/shivamsaraf/Desktop/work/temporal/common/log/with_logger.go:61"}
2025-03-19T11:38:49.144-0400	debug	deployment client success	{"host": "127.0.0.1:63279", "operation": "RegisterTaskQueueWorker", "elapsed": 5.593761917, "args": ["rrentVersion_Batching-564e9892_task_queue_21",1,"matching service"], "logging-call-at": "/Users/shivamsaraf/Desktop/work/temporal/common/log/with_logger.go:61"}
2025-03-19T11:38:49.145-0400	debug	Process task as active.	{"host": "127.0.0.1:63280", "shard-id": 1, "address": "127.0.0.1:63280", "component": "transfer-queue-processor", "wf-namespace-id": "d0b550e3-6091-4a9b-a9aa-3d80ffb24954", "value": "d0b550e3-6091-4a9b-a9aa-3d80ffb24954/temporal-sys-worker-deployment:rrentVersion_Batching-564e9892_deployment_series/0195af0e-960d-715f-b6c6-08dcdf4b78ec", "logging-call-at": "/Users/shivamsaraf/Desktop/work/temporal/common/log/with_logger.go:61"}
2025-03-19T11:38:49.145-0400	info	Started physicalTaskQueueManager	{"host": "127.0.0.1:63279", "component": "matching-engine", "wf-task-queue-name": "rrentVersion_Batching-564e9892_task_queue_21", "wf-task-queue-type": "Workflow", "wf-namespace": "namespace-ec265ab4-426c-4316-a4b3-47fc66311932", "worker-build-id": "rrentVersion_Batching-564e9892_deployment_series/rrentVersion_Batching-564e9892_build_id", "lifecycle": "Started", "cause": "UserData", "logging-call-at": "/Users/shivamsaraf/Desktop/work/temporal/common/log/with_logger.go:66"}
2025-03-19T11:38:49.146-0400	debug	Assigning new task key	{"host": "127.0.0.1:63280", "shard-id": 1, "address": "127.0.0.1:63280", "wf-namespace-id": "d0b550e3-6091-4a9b-a9aa-3d80ffb24954", "wf-id": "temporal-sys-worker-deployment:rrentVersion_Batching-564e9892_deployment_series", "wf-run-id": "0195af0e-960d-715f-b6c6-08dcdf4b78ec", "queue-task-type": "ActivityTimeout", "queue-task-id": 1049126, "timestamp": "2025-03-19T15:39:49.147Z", "cursor-timestamp": "2025-03-19T15:38:50.144Z", "logging-call-at": "/Users/shivamsaraf/Desktop/work/temporal/common/log/with_logger.go:61"}
2025-03-19T11:38:49.150-0400	debug	Frontend method invoked.	{"host": "127.0.0.1:63278", "wf-namespace": "namespace-ec265ab4-426c-4316-a4b3-47fc66311932", "operation": "PollActivityTaskQueue", "server-name": "", "cert-thumbprint": "", "logging-call-at": "/Users/shivamsaraf/Desktop/work/temporal/common/log/with_logger.go:61"}
2025-03-19T11:38:49.150-0400	debug	Received PollActivityTaskQueue	{"host": "127.0.0.1:63278", "service": "frontend", "logging-call-at": "/Users/shivamsaraf/Desktop/work/temporal/common/log/with_logger.go:61"}
2025-03-19T11:38:49.151-0400	debug	update state change	{"host": "127.0.0.1:63280", "shard-id": 4, "address": "127.0.0.1:63280", "wf-namespace-id": "d0b550e3-6091-4a9b-a9aa-3d80ffb24954", "wf-id": "temporal-sys-worker-deployment-version:rrentVersion_Batching-564e9892_deployment_series.rrentVersion_Batching-564e9892_build_id", "wf-run-id": "0195af0e-98a0-7d94-93e5-2a1d2e5942f8", "update-id": "540c7b4d-c3cb-49f6-bf42-208ebcc4001d", "from-state": "Created", "to-state": "ProvisionallyAdmitted", "logging-call-at": "/Users/shivamsaraf/Desktop/work/temporal/common/log/with_logger.go:61"}
2025-03-19T11:38:49.151-0400	debug	update state change	{"host": "127.0.0.1:63280", "shard-id": 4, "address": "127.0.0.1:63280", "wf-namespace-id": "d0b550e3-6091-4a9b-a9aa-3d80ffb24954", "wf-id": "temporal-sys-worker-deployment-version:rrentVersion_Batching-564e9892_deployment_series.rrentVersion_Batching-564e9892_build_id", "wf-run-id": "0195af0e-98a0-7d94-93e5-2a1d2e5942f8", "update-id": "540c7b4d-c3cb-49f6-bf42-208ebcc4001d", "from-state": "ProvisionallyAdmitted", "to-state": "Admitted", "logging-call-at": "/Users/shivamsaraf/Desktop/work/temporal/common/log/with_logger.go:61"}
2025-03-19T11:38:49.151-0400	debug	Workflow task updated	{"host": "127.0.0.1:63280", "shard-id": 4, "address": "127.0.0.1:63280", "wf-scheduled-event-id": 453, "wf-started-event-id": 0, "workflow-task-request-id": "emptyUuid", "workflow-task-timeout": 10, "attempt": 1, "wf-started-timestamp": "0001-01-01T00:00:00.000Z", "wt-type": "Speculative", "logging-call-at": "/Users/shivamsaraf/Desktop/work/temporal/common/log/with_logger.go:61"}
2025-03-19T11:38:49.151-0400	debug	Workflow task updated	{"host": "127.0.0.1:63280", "shard-id": 4, "address": "127.0.0.1:63280", "wf-scheduled-event-id": 453, "wf-started-event-id": 454, "workflow-task-request-id": "03a4bdc7-de16-4bc4-9f82-7e28f37c4bc4", "workflow-task-timeout": 10, "attempt": 1, "wf-started-timestamp": "2025-03-19T15:38:49.151Z", "wt-type": "Speculative", "logging-call-at": "/Users/shivamsaraf/Desktop/work/temporal/common/log/with_logger.go:61"}
2025-03-19T11:38:49.151-0400	debug	update state change	{"host": "127.0.0.1:63280", "shard-id": 4, "address": "127.0.0.1:63280", "wf-namespace-id": "d0b550e3-6091-4a9b-a9aa-3d80ffb24954", "wf-id": "temporal-sys-worker-deployment-version:rrentVersion_Batching-564e9892_deployment_series.rrentVersion_Batching-564e9892_build_id", "wf-run-id": "0195af0e-98a0-7d94-93e5-2a1d2e5942f8", "update-id": "540c7b4d-c3cb-49f6-bf42-208ebcc4001d", "from-state": "Admitted", "to-state": "Sent", "logging-call-at": "/Users/shivamsaraf/Desktop/work/temporal/common/log/with_logger.go:61"}
2025-03-19T11:38:49.156-0400	debug	ExecuteActivity	{"host": "127.0.0.1:63281", "Namespace": "namespace-ec265ab4-426c-4316-a4b3-47fc66311932", "TaskQueue": "temporal-sys-per-ns-tq", "WorkerID": "temporal-system@Shivams-MacBook-Pro.local@namespace-ec265ab4-426c-4316-a4b3-47fc66311932", "WorkflowType": "temporal-sys-worker-deployment-version-workflow", "WorkflowID": "temporal-sys-worker-deployment-version:rrentVersion_Batching-564e9892_deployment_series.rrentVersion_Batching-564e9892_build_id", "RunID": "0195af0e-98a0-7d94-93e5-2a1d2e5942f8", "Attempt": 0, "ActivityID": "457", "ActivityType": "SyncDeploymentVersionUserData", "logging-call-at": "/Users/shivamsaraf/Desktop/work/temporal/common/log/with_logger.go:61"}
2025-03-19T11:38:49.156-0400	debug	Frontend method invoked.	{"host": "127.0.0.1:63278", "wf-namespace": "namespace-ec265ab4-426c-4316-a4b3-47fc66311932", "operation": "PollWorkflowTaskQueue", "server-name": "", "cert-thumbprint": "", "logging-call-at": "/Users/shivamsaraf/Desktop/work/temporal/common/log/with_logger.go:61"}
2025-03-19T11:38:49.156-0400	debug	Received PollWorkflowTaskQueue	{"host": "127.0.0.1:63278", "service": "frontend", "logging-call-at": "/Users/shivamsaraf/Desktop/work/temporal/common/log/with_logger.go:61"}
2025-03-19T11:38:49.156-0400	debug	Poll workflow task queue.	{"host": "127.0.0.1:63278", "service": "frontend", "wf-namespace": "namespace-ec265ab4-426c-4316-a4b3-47fc66311932", "wf-namespace-id": "d0b550e3-6091-4a9b-a9aa-3d80ffb24954", "logging-call-at": "/Users/shivamsaraf/Desktop/work/temporal/common/log/with_logger.go:61"}
2025-03-19T11:38:49.156-0400	debug	Frontend method invoked.	{"host": "127.0.0.1:63278", "wf-namespace": "namespace-ec265ab4-426c-4316-a4b3-47fc66311932", "operation": "RespondWorkflowTaskCompleted", "server-name": "", "cert-thumbprint": "", "logging-call-at": "/Users/shivamsaraf/Desktop/work/temporal/common/log/with_logger.go:61"}
2025-03-19T11:38:49.157-0400	debug	RespondWorkflowTaskCompleted	{"host": "127.0.0.1:63280", "service": "history", "wf-namespace-id": "d0b550e3-6091-4a9b-a9aa-3d80ffb24954", "wf-id": "temporal-sys-worker-deployment-version:rrentVersion_Batching-564e9892_deployment_series.rrentVersion_Batching-564e9892_build_id", "wf-run-id": "0195af0e-98a0-7d94-93e5-2a1d2e5942f8", "wf-scheduled-event-id": 453, "logging-call-at": "/Users/shivamsaraf/Desktop/work/temporal/common/log/with_logger.go:61"}
2025-03-19T11:38:49.157-0400	debug	Workflow task updated	{"host": "127.0.0.1:63280", "shard-id": 4, "address": "127.0.0.1:63280", "wf-scheduled-event-id": 0, "wf-started-event-id": 0, "workflow-task-request-id": "emptyUuid", "workflow-task-timeout": 0, "attempt": 1, "wf-started-timestamp": "1970-01-01T00:00:00.000Z", "wt-type": "Unspecified", "logging-call-at": "/Users/shivamsaraf/Desktop/work/temporal/common/log/with_logger.go:61"}
2025-03-19T11:38:49.157-0400	debug	update state change	{"host": "127.0.0.1:63280", "shard-id": 4, "address": "127.0.0.1:63280", "wf-namespace-id": "d0b550e3-6091-4a9b-a9aa-3d80ffb24954", "wf-id": "temporal-sys-worker-deployment-version:rrentVersion_Batching-564e9892_deployment_series.rrentVersion_Batching-564e9892_build_id", "wf-run-id": "0195af0e-98a0-7d94-93e5-2a1d2e5942f8", "update-id": "540c7b4d-c3cb-49f6-bf42-208ebcc4001d", "from-state": "Sent", "to-state": "ProvisionallyAccepted", "logging-call-at": "/Users/shivamsaraf/Desktop/work/temporal/common/log/with_logger.go:61"}
2025-03-19T11:38:49.157-0400	debug	Assigning new task key	{"host": "127.0.0.1:63280", "shard-id": 4, "address": "127.0.0.1:63280", "wf-namespace-id": "d0b550e3-6091-4a9b-a9aa-3d80ffb24954", "wf-id": "temporal-sys-worker-deployment-version:rrentVersion_Batching-564e9892_deployment_series.rrentVersion_Batching-564e9892_build_id", "wf-run-id": "0195af0e-98a0-7d94-93e5-2a1d2e5942f8", "queue-task-type": "TransferActivityTask", "queue-task-id": 1049753, "timestamp": "2025-03-19T15:38:49.157Z", "cursor-timestamp": "2025-03-19T15:38:50.114Z", "logging-call-at": "/Users/shivamsaraf/Desktop/work/temporal/common/log/with_logger.go:61"}
2025-03-19T11:38:49.161-0400	debug	update state change	{"host": "127.0.0.1:63280", "shard-id": 4, "address": "127.0.0.1:63280", "wf-namespace-id": "d0b550e3-6091-4a9b-a9aa-3d80ffb24954", "wf-id": "temporal-sys-worker-deployment-version:rrentVersion_Batching-564e9892_deployment_series.rrentVersion_Batching-564e9892_build_id", "wf-run-id": "0195af0e-98a0-7d94-93e5-2a1d2e5942f8", "update-id": "540c7b4d-c3cb-49f6-bf42-208ebcc4001d", "from-state": "ProvisionallyAccepted", "to-state": "Accepted", "logging-call-at": "/Users/shivamsaraf/Desktop/work/temporal/common/log/with_logger.go:61"}
2025-03-19T11:38:49.161-0400	debug	Process task as active.	{"host": "127.0.0.1:63280", "shard-id": 4, "address": "127.0.0.1:63280", "component": "transfer-queue-processor", "wf-namespace-id": "d0b550e3-6091-4a9b-a9aa-3d80ffb24954", "value": "d0b550e3-6091-4a9b-a9aa-3d80ffb24954/temporal-sys-worker-deployment-version:rrentVersion_Batching-564e9892_deployment_series.rrentVersion_Batching-564e9892_build_id/0195af0e-98a0-7d94-93e5-2a1d2e5942f8", "logging-call-at": "/Users/shivamsaraf/Desktop/work/temporal/common/log/with_logger.go:61"}
2025-03-19T11:38:49.162-0400	debug	Assigning new task key	{"host": "127.0.0.1:63280", "shard-id": 4, "address": "127.0.0.1:63280", "wf-namespace-id": "d0b550e3-6091-4a9b-a9aa-3d80ffb24954", "wf-id": "temporal-sys-worker-deployment-version:rrentVersion_Batching-564e9892_deployment_series.rrentVersion_Batching-564e9892_build_id", "wf-run-id": "0195af0e-98a0-7d94-93e5-2a1d2e5942f8", "queue-task-type": "ActivityTimeout", "queue-task-id": 1049754, "timestamp": "2025-03-19T15:39:49.163Z", "cursor-timestamp": "2025-03-19T15:38:50.161Z", "logging-call-at": "/Users/shivamsaraf/Desktop/work/temporal/common/log/with_logger.go:61"}
2025-03-19T11:38:49.166-0400	info	syncing task queue userdata for deployment version	{"host": "127.0.0.1:63281", "Namespace": "namespace-ec265ab4-426c-4316-a4b3-47fc66311932", "TaskQueue": "temporal-sys-per-ns-tq", "WorkerID": "temporal-system@Shivams-MacBook-Pro.local@namespace-ec265ab4-426c-4316-a4b3-47fc66311932", "ActivityID": "457", "ActivityType": "SyncDeploymentVersionUserData", "Attempt": 1, "WorkflowType": "temporal-sys-worker-deployment-version-workflow", "WorkflowID": "temporal-sys-worker-deployment-version:rrentVersion_Batching-564e9892_deployment_series.rrentVersion_Batching-564e9892_build_id", "RunID": "0195af0e-98a0-7d94-93e5-2a1d2e5942f8", "taskQueue": "rrentVersion_Batching-564e9892_task_queue_43", "types": [1], "logging-call-at": "/Users/shivamsaraf/Desktop/work/temporal/common/log/with_logger.go:66"}
2025-03-19T11:38:49.166-0400	debug	Frontend method invoked.	{"host": "127.0.0.1:63278", "wf-namespace": "namespace-ec265ab4-426c-4316-a4b3-47fc66311932", "operation": "PollActivityTaskQueue", "server-name": "", "cert-thumbprint": "", "logging-call-at": "/Users/shivamsaraf/Desktop/work/temporal/common/log/with_logger.go:61"}
2025-03-19T11:38:49.166-0400	debug	Received PollActivityTaskQueue	{"host": "127.0.0.1:63278", "service": "frontend", "logging-call-at": "/Users/shivamsaraf/Desktop/work/temporal/common/log/with_logger.go:61"}
2025-03-19T11:38:49.238-0400	debug	Frontend method invoked.	{"host": "127.0.0.1:63278", "wf-namespace": "namespace-ec265ab4-426c-4316-a4b3-47fc66311932", "operation": "DescribeWorkerDeploymentVersion", "server-name": "", "cert-thumbprint": "", "logging-call-at": "/Users/shivamsaraf/Desktop/work/temporal/common/log/with_logger.go:61"}
2025-03-19T11:38:49.241-0400	debug	Frontend method invoked.	{"host": "127.0.0.1:63278", "wf-namespace": "namespace-ec265ab4-426c-4316-a4b3-47fc66311932", "operation": "PollWorkflowTaskQueue", "server-name": "", "cert-thumbprint": "", "logging-call-at": "/Users/shivamsaraf/Desktop/work/temporal/common/log/with_logger.go:61"}
2025-03-19T11:38:49.242-0400	debug	Received PollWorkflowTaskQueue	{"host": "127.0.0.1:63278", "service": "frontend", "logging-call-at": "/Users/shivamsaraf/Desktop/work/temporal/common/log/with_logger.go:61"}
2025-03-19T11:38:49.242-0400	debug	Poll workflow task queue.	{"host": "127.0.0.1:63278", "service": "frontend", "wf-namespace": "namespace-ec265ab4-426c-4316-a4b3-47fc66311932", "wf-namespace-id": "d0b550e3-6091-4a9b-a9aa-3d80ffb24954", "logging-call-at": "/Users/shivamsaraf/Desktop/work/temporal/common/log/with_logger.go:61"}
2025-03-19T11:38:49.242-0400	debug	Frontend method invoked.	{"host": "127.0.0.1:63278", "wf-namespace": "namespace-ec265ab4-426c-4316-a4b3-47fc66311932", "operation": "RespondQueryTaskCompleted", "server-name": "", "cert-thumbprint": "", "logging-call-at": "/Users/shivamsaraf/Desktop/work/temporal/common/log/with_logger.go:61"}
2025-03-19T11:38:49.243-0400	debug	deployment client success	{"host": "127.0.0.1:63278", "operation": "DescribeVersion", "elapsed": 0.004612667, "args": ["rrentVersion_Batching-564e9892_deployment_series","rrentVersion_Batching-564e9892_build_id"], "logging-call-at": "/Users/shivamsaraf/Desktop/work/temporal/common/log/with_logger.go:61"}
2025-03-19T11:38:49.267-0400	info	modified user data	{"host": "127.0.0.1:63279", "component": "matching-engine", "wf-task-queue-name": "rrentVersion_Batching-564e9892_task_queue_43", "wf-task-queue-type": "Workflow", "wf-namespace": "namespace-ec265ab4-426c-4316-a4b3-47fc66311932", "user-data-update-source": "SyncDeploymentUserData", "user-data-version": 1, "timestamp": "2025-03-19T15:38:49.166Z", "logging-call-at": "/Users/shivamsaraf/Desktop/work/temporal/common/log/with_logger.go:66"}
2025-03-19T11:38:49.267-0400	debug	user data changed while blocked in long poll	{"host": "127.0.0.1:63279", "component": "matching-engine", "wf-task-queue-name": "rrentVersion_Batching-564e9892_task_queue_43", "wf-task-queue-type": "Workflow", "wf-namespace": "namespace-ec265ab4-426c-4316-a4b3-47fc66311932", "logging-call-at": "/Users/shivamsaraf/Desktop/work/temporal/common/log/with_logger.go:61"}
2025-03-19T11:38:49.267-0400	debug	user data changed while blocked in long poll	{"host": "127.0.0.1:63279", "component": "matching-engine", "wf-task-queue-name": "rrentVersion_Batching-564e9892_task_queue_43", "wf-task-queue-type": "Workflow", "wf-namespace": "namespace-ec265ab4-426c-4316-a4b3-47fc66311932", "logging-call-at": "/Users/shivamsaraf/Desktop/work/temporal/common/log/with_logger.go:61"}
2025-03-19T11:38:49.267-0400	debug	user data changed while blocked in long poll	{"host": "127.0.0.1:63279", "component": "matching-engine", "wf-task-queue-name": "rrentVersion_Batching-564e9892_task_queue_43", "wf-task-queue-type": "Workflow", "wf-namespace": "namespace-ec265ab4-426c-4316-a4b3-47fc66311932", "logging-call-at": "/Users/shivamsaraf/Desktop/work/temporal/common/log/with_logger.go:61"}
2025-03-19T11:38:49.267-0400	info	returning user data	{"host": "127.0.0.1:63279", "component": "matching-engine", "wf-task-queue-name": "rrentVersion_Batching-564e9892_task_queue_43", "wf-task-queue-type": "Workflow", "wf-namespace": "namespace-ec265ab4-426c-4316-a4b3-47fc66311932", "long-poll": true, "request-known-version": 0, "user-data-version": 1, "logging-call-at": "/Users/shivamsaraf/Desktop/work/temporal/common/log/with_logger.go:66"}
2025-03-19T11:38:49.267-0400	info	returning user data	{"host": "127.0.0.1:63279", "component": "matching-engine", "wf-task-queue-name": "rrentVersion_Batching-564e9892_task_queue_43", "wf-task-queue-type": "Workflow", "wf-namespace": "namespace-ec265ab4-426c-4316-a4b3-47fc66311932", "long-poll": true, "request-known-version": 0, "user-data-version": 1, "logging-call-at": "/Users/shivamsaraf/Desktop/work/temporal/common/log/with_logger.go:66"}
2025-03-19T11:38:49.267-0400	info	returning user data	{"host": "127.0.0.1:63279", "component": "matching-engine", "wf-task-queue-name": "rrentVersion_Batching-564e9892_task_queue_43", "wf-task-queue-type": "Workflow", "wf-namespace": "namespace-ec265ab4-426c-4316-a4b3-47fc66311932", "long-poll": true, "request-known-version": 0, "user-data-version": 1, "logging-call-at": "/Users/shivamsaraf/Desktop/work/temporal/common/log/with_logger.go:66"}
2025-03-19T11:38:49.268-0400	info	fetched user data from parent	{"host": "127.0.0.1:63279", "component": "matching-engine", "wf-task-queue-name": "/_sys/rrentVersion_Batching-564e9892_task_queue_43/1", "wf-task-queue-type": "Workflow", "wf-namespace": "namespace-ec265ab4-426c-4316-a4b3-47fc66311932", "user-data-version": 1, "timestamp": "2025-03-19T15:38:49.166Z", "logging-call-at": "/Users/shivamsaraf/Desktop/work/temporal/common/log/with_logger.go:66"}
2025-03-19T11:38:49.268-0400	info	fetched user data from parent	{"host": "127.0.0.1:63279", "component": "matching-engine", "wf-task-queue-name": "/_sys/rrentVersion_Batching-564e9892_task_queue_43/3", "wf-task-queue-type": "Workflow", "wf-namespace": "namespace-ec265ab4-426c-4316-a4b3-47fc66311932", "user-data-version": 1, "timestamp": "2025-03-19T15:38:49.166Z", "logging-call-at": "/Users/shivamsaraf/Desktop/work/temporal/common/log/with_logger.go:66"}
2025-03-19T11:38:49.268-0400	info	fetched user data from parent	{"host": "127.0.0.1:63279", "component": "matching-engine", "wf-task-queue-name": "/_sys/rrentVersion_Batching-564e9892_task_queue_43/2", "wf-task-queue-type": "Workflow", "wf-namespace": "namespace-ec265ab4-426c-4316-a4b3-47fc66311932", "user-data-version": 1, "timestamp": "2025-03-19T15:38:49.166Z", "logging-call-at": "/Users/shivamsaraf/Desktop/work/temporal/common/log/with_logger.go:66"}
2025-03-19T11:38:49.268-0400	debug	Frontend method invoked.	{"host": "127.0.0.1:63278", "wf-namespace": "namespace-ec265ab4-426c-4316-a4b3-47fc66311932", "operation": "RespondActivityTaskCompleted", "server-name": "", "cert-thumbprint": "", "logging-call-at": "/Users/shivamsaraf/Desktop/work/temporal/common/log/with_logger.go:61"}
2025-03-19T11:38:49.268-0400	debug	Workflow task updated	{"host": "127.0.0.1:63280", "shard-id": 4, "address": "127.0.0.1:63280", "wf-scheduled-event-id": 460, "wf-started-event-id": 0, "workflow-task-request-id": "emptyUuid", "workflow-task-timeout": 10, "attempt": 1, "wf-started-timestamp": "0001-01-01T00:00:00.000Z", "wt-type": "Normal", "logging-call-at": "/Users/shivamsaraf/Desktop/work/temporal/common/log/with_logger.go:61"}
2025-03-19T11:38:49.269-0400	debug	Assigning new task key	{"host": "127.0.0.1:63280", "shard-id": 4, "address": "127.0.0.1:63280", "wf-namespace-id": "d0b550e3-6091-4a9b-a9aa-3d80ffb24954", "wf-id": "temporal-sys-worker-deployment-version:rrentVersion_Batching-564e9892_deployment_series.rrentVersion_Batching-564e9892_build_id", "wf-run-id": "0195af0e-98a0-7d94-93e5-2a1d2e5942f8", "queue-task-type": "WorkflowTaskTimeout", "queue-task-id": 1049760, "timestamp": "2025-03-19T15:38:54.269Z", "cursor-timestamp": "2025-03-19T15:38:50.161Z", "logging-call-at": "/Users/shivamsaraf/Desktop/work/temporal/common/log/with_logger.go:61"}
2025-03-19T11:38:49.269-0400	debug	Assigning new task key	{"host": "127.0.0.1:63280", "shard-id": 4, "address": "127.0.0.1:63280", "wf-namespace-id": "d0b550e3-6091-4a9b-a9aa-3d80ffb24954", "wf-id": "temporal-sys-worker-deployment-version:rrentVersion_Batching-564e9892_deployment_series.rrentVersion_Batching-564e9892_build_id", "wf-run-id": "0195af0e-98a0-7d94-93e5-2a1d2e5942f8", "queue-task-type": "TransferWorkflowTask", "queue-task-id": 1049761, "timestamp": "2025-03-19T15:38:49.269Z", "cursor-timestamp": "2025-03-19T15:38:50.161Z", "logging-call-at": "/Users/shivamsaraf/Desktop/work/temporal/common/log/with_logger.go:61"}
2025-03-19T11:38:49.274-0400	debug	Process task as active.	{"host": "127.0.0.1:63280", "shard-id": 4, "address": "127.0.0.1:63280", "component": "transfer-queue-processor", "wf-namespace-id": "d0b550e3-6091-4a9b-a9aa-3d80ffb24954", "value": "d0b550e3-6091-4a9b-a9aa-3d80ffb24954/temporal-sys-worker-deployment-version:rrentVersion_Batching-564e9892_deployment_series.rrentVersion_Batching-564e9892_build_id/0195af0e-98a0-7d94-93e5-2a1d2e5942f8", "logging-call-at": "/Users/shivamsaraf/Desktop/work/temporal/common/log/with_logger.go:61"}
2025-03-19T11:38:49.275-0400	debug	Workflow task updated	{"host": "127.0.0.1:63280", "shard-id": 4, "address": "127.0.0.1:63280", "wf-scheduled-event-id": 460, "wf-started-event-id": 461, "workflow-task-request-id": "75fb2c74-0574-45bf-a4bb-795254171209", "workflow-task-timeout": 10, "attempt": 1, "wf-started-timestamp": "2025-03-19T15:38:49.275Z", "wt-type": "Normal", "logging-call-at": "/Users/shivamsaraf/Desktop/work/temporal/common/log/with_logger.go:61"}
2025-03-19T11:38:49.275-0400	debug	Assigning new task key	{"host": "127.0.0.1:63280", "shard-id": 4, "address": "127.0.0.1:63280", "wf-namespace-id": "d0b550e3-6091-4a9b-a9aa-3d80ffb24954", "wf-id": "temporal-sys-worker-deployment-version:rrentVersion_Batching-564e9892_deployment_series.rrentVersion_Batching-564e9892_build_id", "wf-run-id": "0195af0e-98a0-7d94-93e5-2a1d2e5942f8", "queue-task-type": "WorkflowTaskTimeout", "queue-task-id": 1049764, "timestamp": "2025-03-19T15:38:59.276Z", "cursor-timestamp": "2025-03-19T15:38:50.273Z", "logging-call-at": "/Users/shivamsaraf/Desktop/work/temporal/common/log/with_logger.go:61"}
2025-03-19T11:38:49.284-0400	debug	ExecuteActivity	{"host": "127.0.0.1:63281", "Namespace": "namespace-ec265ab4-426c-4316-a4b3-47fc66311932", "TaskQueue": "temporal-sys-per-ns-tq", "WorkerID": "temporal-system@Shivams-MacBook-Pro.local@namespace-ec265ab4-426c-4316-a4b3-47fc66311932", "WorkflowType": "temporal-sys-worker-deployment-version-workflow", "WorkflowID": "temporal-sys-worker-deployment-version:rrentVersion_Batching-564e9892_deployment_series.rrentVersion_Batching-564e9892_build_id", "RunID": "0195af0e-98a0-7d94-93e5-2a1d2e5942f8", "Attempt": 0, "ActivityID": "463", "ActivityType": "CheckWorkerDeploymentUserDataPropagation", "logging-call-at": "/Users/shivamsaraf/Desktop/work/temporal/common/log/with_logger.go:61"}
2025-03-19T11:38:49.284-0400	debug	Frontend method invoked.	{"host": "127.0.0.1:63278", "wf-namespace": "namespace-ec265ab4-426c-4316-a4b3-47fc66311932", "operation": "PollWorkflowTaskQueue", "server-name": "", "cert-thumbprint": "", "logging-call-at": "/Users/shivamsaraf/Desktop/work/temporal/common/log/with_logger.go:61"}
2025-03-19T11:38:49.284-0400	debug	Received PollWorkflowTaskQueue	{"host": "127.0.0.1:63278", "service": "frontend", "logging-call-at": "/Users/shivamsaraf/Desktop/work/temporal/common/log/with_logger.go:61"}
2025-03-19T11:38:49.284-0400	debug	Poll workflow task queue.	{"host": "127.0.0.1:63278", "service": "frontend", "wf-namespace": "namespace-ec265ab4-426c-4316-a4b3-47fc66311932", "wf-namespace-id": "d0b550e3-6091-4a9b-a9aa-3d80ffb24954", "logging-call-at": "/Users/shivamsaraf/Desktop/work/temporal/common/log/with_logger.go:61"}
2025-03-19T11:38:49.284-0400	debug	Frontend method invoked.	{"host": "127.0.0.1:63278", "wf-namespace": "namespace-ec265ab4-426c-4316-a4b3-47fc66311932", "operation": "RespondWorkflowTaskCompleted", "server-name": "", "cert-thumbprint": "", "logging-call-at": "/Users/shivamsaraf/Desktop/work/temporal/common/log/with_logger.go:61"}
2025-03-19T11:38:49.285-0400	debug	RespondWorkflowTaskCompleted	{"host": "127.0.0.1:63280", "service": "history", "wf-namespace-id": "d0b550e3-6091-4a9b-a9aa-3d80ffb24954", "wf-id": "temporal-sys-worker-deployment-version:rrentVersion_Batching-564e9892_deployment_series.rrentVersion_Batching-564e9892_build_id", "wf-run-id": "0195af0e-98a0-7d94-93e5-2a1d2e5942f8", "wf-scheduled-event-id": 460, "logging-call-at": "/Users/shivamsaraf/Desktop/work/temporal/common/log/with_logger.go:61"}
2025-03-19T11:38:49.285-0400	debug	Workflow task updated	{"host": "127.0.0.1:63280", "shard-id": 4, "address": "127.0.0.1:63280", "wf-scheduled-event-id": 0, "wf-started-event-id": 0, "workflow-task-request-id": "emptyUuid", "workflow-task-timeout": 0, "attempt": 1, "wf-started-timestamp": "1970-01-01T00:00:00.000Z", "wt-type": "Unspecified", "logging-call-at": "/Users/shivamsaraf/Desktop/work/temporal/common/log/with_logger.go:61"}
2025-03-19T11:38:49.285-0400	debug	Assigning new task key	{"host": "127.0.0.1:63280", "shard-id": 4, "address": "127.0.0.1:63280", "wf-namespace-id": "d0b550e3-6091-4a9b-a9aa-3d80ffb24954", "wf-id": "temporal-sys-worker-deployment-version:rrentVersion_Batching-564e9892_deployment_series.rrentVersion_Batching-564e9892_build_id", "wf-run-id": "0195af0e-98a0-7d94-93e5-2a1d2e5942f8", "queue-task-type": "TransferActivityTask", "queue-task-id": 1049769, "timestamp": "2025-03-19T15:38:49.285Z", "cursor-timestamp": "2025-03-19T15:38:50.273Z", "logging-call-at": "/Users/shivamsaraf/Desktop/work/temporal/common/log/with_logger.go:61"}
2025-03-19T11:38:49.289-0400	debug	Process task as active.	{"host": "127.0.0.1:63280", "shard-id": 4, "address": "127.0.0.1:63280", "component": "transfer-queue-processor", "wf-namespace-id": "d0b550e3-6091-4a9b-a9aa-3d80ffb24954", "value": "d0b550e3-6091-4a9b-a9aa-3d80ffb24954/temporal-sys-worker-deployment-version:rrentVersion_Batching-564e9892_deployment_series.rrentVersion_Batching-564e9892_build_id/0195af0e-98a0-7d94-93e5-2a1d2e5942f8", "logging-call-at": "/Users/shivamsaraf/Desktop/work/temporal/common/log/with_logger.go:61"}
2025-03-19T11:38:49.290-0400	debug	Assigning new task key	{"host": "127.0.0.1:63280", "shard-id": 4, "address": "127.0.0.1:63280", "wf-namespace-id": "d0b550e3-6091-4a9b-a9aa-3d80ffb24954", "wf-id": "temporal-sys-worker-deployment-version:rrentVersion_Batching-564e9892_deployment_series.rrentVersion_Batching-564e9892_build_id", "wf-run-id": "0195af0e-98a0-7d94-93e5-2a1d2e5942f8", "queue-task-type": "ActivityTimeout", "queue-task-id": 1049770, "timestamp": "2025-03-19T15:39:49.291Z", "cursor-timestamp": "2025-03-19T15:38:50.289Z", "logging-call-at": "/Users/shivamsaraf/Desktop/work/temporal/common/log/with_logger.go:61"}
2025-03-19T11:38:49.294-0400	info	waiting for userdata propagation	{"host": "127.0.0.1:63281", "Namespace": "namespace-ec265ab4-426c-4316-a4b3-47fc66311932", "TaskQueue": "temporal-sys-per-ns-tq", "WorkerID": "temporal-system@Shivams-MacBook-Pro.local@namespace-ec265ab4-426c-4316-a4b3-47fc66311932", "ActivityID": "463", "ActivityType": "CheckWorkerDeploymentUserDataPropagation", "Attempt": 1, "WorkflowType": "temporal-sys-worker-deployment-version-workflow", "WorkflowID": "temporal-sys-worker-deployment-version:rrentVersion_Batching-564e9892_deployment_series.rrentVersion_Batching-564e9892_build_id", "RunID": "0195af0e-98a0-7d94-93e5-2a1d2e5942f8", "taskQueue": "rrentVersion_Batching-564e9892_task_queue_43", "version": 1, "logging-call-at": "/Users/shivamsaraf/Desktop/work/temporal/common/log/with_logger.go:66"}
2025-03-19T11:38:49.294-0400	debug	Frontend method invoked.	{"host": "127.0.0.1:63278", "wf-namespace": "namespace-ec265ab4-426c-4316-a4b3-47fc66311932", "operation": "PollActivityTaskQueue", "server-name": "", "cert-thumbprint": "", "logging-call-at": "/Users/shivamsaraf/Desktop/work/temporal/common/log/with_logger.go:61"}
2025-03-19T11:38:49.294-0400	debug	Received PollActivityTaskQueue	{"host": "127.0.0.1:63278", "service": "frontend", "logging-call-at": "/Users/shivamsaraf/Desktop/work/temporal/common/log/with_logger.go:61"}
2025-03-19T11:38:49.295-0400	info	returning user data	{"host": "127.0.0.1:63279", "component": "matching-engine", "wf-task-queue-name": "/_sys/rrentVersion_Batching-564e9892_task_queue_43/1", "wf-task-queue-type": "Workflow", "wf-namespace": "namespace-ec265ab4-426c-4316-a4b3-47fc66311932", "long-poll": true, "request-known-version": 0, "user-data-version": 1, "logging-call-at": "/Users/shivamsaraf/Desktop/work/temporal/common/log/with_logger.go:66"}
2025-03-19T11:38:49.295-0400	info	returning user data	{"host": "127.0.0.1:63279", "component": "matching-engine", "wf-task-queue-name": "/_sys/rrentVersion_Batching-564e9892_task_queue_43/3", "wf-task-queue-type": "Workflow", "wf-namespace": "namespace-ec265ab4-426c-4316-a4b3-47fc66311932", "long-poll": true, "request-known-version": 0, "user-data-version": 1, "logging-call-at": "/Users/shivamsaraf/Desktop/work/temporal/common/log/with_logger.go:66"}
2025-03-19T11:38:49.295-0400	info	matching client encountered error	{"host": "127.0.0.1:63279", "error": "partition was not loaded", "service-error-type": "serviceerror.FailedPrecondition", "logging-call-at": "/Users/shivamsaraf/Desktop/work/temporal/common/log/with_logger.go:66"}
2025-03-19T11:38:49.295-0400	info	returning user data	{"host": "127.0.0.1:63279", "component": "matching-engine", "wf-task-queue-name": "/_sys/rrentVersion_Batching-564e9892_task_queue_43/2", "wf-task-queue-type": "Workflow", "wf-namespace": "namespace-ec265ab4-426c-4316-a4b3-47fc66311932", "long-poll": true, "request-known-version": 0, "user-data-version": 1, "logging-call-at": "/Users/shivamsaraf/Desktop/work/temporal/common/log/with_logger.go:66"}
2025-03-19T11:38:49.295-0400	info	matching client encountered error	{"host": "127.0.0.1:63279", "error": "partition was not loaded", "service-error-type": "serviceerror.FailedPrecondition", "logging-call-at": "/Users/shivamsaraf/Desktop/work/temporal/common/log/with_logger.go:66"}
2025-03-19T11:38:49.295-0400	info	matching client encountered error	{"host": "127.0.0.1:63279", "error": "partition was not loaded", "service-error-type": "serviceerror.FailedPrecondition", "logging-call-at": "/Users/shivamsaraf/Desktop/work/temporal/common/log/with_logger.go:66"}
2025-03-19T11:38:49.295-0400	info	matching client encountered error	{"host": "127.0.0.1:63279", "error": "partition was not loaded", "service-error-type": "serviceerror.FailedPrecondition", "logging-call-at": "/Users/shivamsaraf/Desktop/work/temporal/common/log/with_logger.go:66"}
2025-03-19T11:38:49.296-0400	debug	Frontend method invoked.	{"host": "127.0.0.1:63278", "wf-namespace": "namespace-ec265ab4-426c-4316-a4b3-47fc66311932", "operation": "RespondActivityTaskCompleted", "server-name": "", "cert-thumbprint": "", "logging-call-at": "/Users/shivamsaraf/Desktop/work/temporal/common/log/with_logger.go:61"}
2025-03-19T11:38:49.296-0400	debug	Workflow task updated	{"host": "127.0.0.1:63280", "shard-id": 4, "address": "127.0.0.1:63280", "wf-scheduled-event-id": 466, "wf-started-event-id": 0, "workflow-task-request-id": "emptyUuid", "workflow-task-timeout": 10, "attempt": 1, "wf-started-timestamp": "0001-01-01T00:00:00.000Z", "wt-type": "Normal", "logging-call-at": "/Users/shivamsaraf/Desktop/work/temporal/common/log/with_logger.go:61"}
2025-03-19T11:38:49.296-0400	debug	Assigning new task key	{"host": "127.0.0.1:63280", "shard-id": 4, "address": "127.0.0.1:63280", "wf-namespace-id": "d0b550e3-6091-4a9b-a9aa-3d80ffb24954", "wf-id": "temporal-sys-worker-deployment-version:rrentVersion_Batching-564e9892_deployment_series.rrentVersion_Batching-564e9892_build_id", "wf-run-id": "0195af0e-98a0-7d94-93e5-2a1d2e5942f8", "queue-task-type": "WorkflowTaskTimeout", "queue-task-id": 1049776, "timestamp": "2025-03-19T15:38:54.297Z", "cursor-timestamp": "2025-03-19T15:38:50.289Z", "logging-call-at": "/Users/shivamsaraf/Desktop/work/temporal/common/log/with_logger.go:61"}
2025-03-19T11:38:49.296-0400	debug	Assigning new task key	{"host": "127.0.0.1:63280", "shard-id": 4, "address": "127.0.0.1:63280", "wf-namespace-id": "d0b550e3-6091-4a9b-a9aa-3d80ffb24954", "wf-id": "temporal-sys-worker-deployment-version:rrentVersion_Batching-564e9892_deployment_series.rrentVersion_Batching-564e9892_build_id", "wf-run-id": "0195af0e-98a0-7d94-93e5-2a1d2e5942f8", "queue-task-type": "TransferWorkflowTask", "queue-task-id": 1049777, "timestamp": "2025-03-19T15:38:49.296Z", "cursor-timestamp": "2025-03-19T15:38:50.289Z", "logging-call-at": "/Users/shivamsaraf/Desktop/work/temporal/common/log/with_logger.go:61"}
2025-03-19T11:38:49.300-0400	debug	Process task as active.	{"host": "127.0.0.1:63280", "shard-id": 4, "address": "127.0.0.1:63280", "component": "transfer-queue-processor", "wf-namespace-id": "d0b550e3-6091-4a9b-a9aa-3d80ffb24954", "value": "d0b550e3-6091-4a9b-a9aa-3d80ffb24954/temporal-sys-worker-deployment-version:rrentVersion_Batching-564e9892_deployment_series.rrentVersion_Batching-564e9892_build_id/0195af0e-98a0-7d94-93e5-2a1d2e5942f8", "logging-call-at": "/Users/shivamsaraf/Desktop/work/temporal/common/log/with_logger.go:61"}
2025-03-19T11:38:49.301-0400	debug	Workflow task updated	{"host": "127.0.0.1:63280", "shard-id": 4, "address": "127.0.0.1:63280", "wf-scheduled-event-id": 466, "wf-started-event-id": 467, "workflow-task-request-id": "99ac11cb-abe5-4bb6-9044-0e6c393f30f2", "workflow-task-timeout": 10, "attempt": 1, "wf-started-timestamp": "2025-03-19T15:38:49.301Z", "wt-type": "Normal", "logging-call-at": "/Users/shivamsaraf/Desktop/work/temporal/common/log/with_logger.go:61"}
2025-03-19T11:38:49.301-0400	debug	Assigning new task key	{"host": "127.0.0.1:63280", "shard-id": 4, "address": "127.0.0.1:63280", "wf-namespace-id": "d0b550e3-6091-4a9b-a9aa-3d80ffb24954", "wf-id": "temporal-sys-worker-deployment-version:rrentVersion_Batching-564e9892_deployment_series.rrentVersion_Batching-564e9892_build_id", "wf-run-id": "0195af0e-98a0-7d94-93e5-2a1d2e5942f8", "queue-task-type": "WorkflowTaskTimeout", "queue-task-id": 1049780, "timestamp": "2025-03-19T15:38:59.302Z", "cursor-timestamp": "2025-03-19T15:38:50.300Z", "logging-call-at": "/Users/shivamsaraf/Desktop/work/temporal/common/log/with_logger.go:61"}
2025-03-19T11:38:49.308-0400	debug	Frontend method invoked.	{"host": "127.0.0.1:63278", "wf-namespace": "namespace-ec265ab4-426c-4316-a4b3-47fc66311932", "operation": "PollWorkflowTaskQueue", "server-name": "", "cert-thumbprint": "", "logging-call-at": "/Users/shivamsaraf/Desktop/work/temporal/common/log/with_logger.go:61"}
2025-03-19T11:38:49.308-0400	debug	Received PollWorkflowTaskQueue	{"host": "127.0.0.1:63278", "service": "frontend", "logging-call-at": "/Users/shivamsaraf/Desktop/work/temporal/common/log/with_logger.go:61"}
2025-03-19T11:38:49.308-0400	debug	Frontend method invoked.	{"host": "127.0.0.1:63278", "wf-namespace": "namespace-ec265ab4-426c-4316-a4b3-47fc66311932", "operation": "RespondWorkflowTaskCompleted", "server-name": "", "cert-thumbprint": "", "logging-call-at": "/Users/shivamsaraf/Desktop/work/temporal/common/log/with_logger.go:61"}
2025-03-19T11:38:49.308-0400	debug	Poll workflow task queue.	{"host": "127.0.0.1:63278", "service": "frontend", "wf-namespace": "namespace-ec265ab4-426c-4316-a4b3-47fc66311932", "wf-namespace-id": "d0b550e3-6091-4a9b-a9aa-3d80ffb24954", "logging-call-at": "/Users/shivamsaraf/Desktop/work/temporal/common/log/with_logger.go:61"}
2025-03-19T11:38:49.309-0400	debug	RespondWorkflowTaskCompleted	{"host": "127.0.0.1:63280", "service": "history", "wf-namespace-id": "d0b550e3-6091-4a9b-a9aa-3d80ffb24954", "wf-id": "temporal-sys-worker-deployment-version:rrentVersion_Batching-564e9892_deployment_series.rrentVersion_Batching-564e9892_build_id", "wf-run-id": "0195af0e-98a0-7d94-93e5-2a1d2e5942f8", "wf-scheduled-event-id": 466, "logging-call-at": "/Users/shivamsaraf/Desktop/work/temporal/common/log/with_logger.go:61"}
2025-03-19T11:38:49.309-0400	debug	Workflow task updated	{"host": "127.0.0.1:63280", "shard-id": 4, "address": "127.0.0.1:63280", "wf-scheduled-event-id": 0, "wf-started-event-id": 0, "workflow-task-request-id": "emptyUuid", "workflow-task-timeout": 0, "attempt": 1, "wf-started-timestamp": "1970-01-01T00:00:00.000Z", "wt-type": "Unspecified", "logging-call-at": "/Users/shivamsaraf/Desktop/work/temporal/common/log/with_logger.go:61"}
2025-03-19T11:38:49.309-0400	debug	update state change	{"host": "127.0.0.1:63280", "shard-id": 4, "address": "127.0.0.1:63280", "wf-namespace-id": "d0b550e3-6091-4a9b-a9aa-3d80ffb24954", "wf-id": "temporal-sys-worker-deployment-version:rrentVersion_Batching-564e9892_deployment_series.rrentVersion_Batching-564e9892_build_id", "wf-run-id": "0195af0e-98a0-7d94-93e5-2a1d2e5942f8", "update-id": "540c7b4d-c3cb-49f6-bf42-208ebcc4001d", "from-state": "Accepted", "to-state": "ProvisionallyCompleted", "logging-call-at": "/Users/shivamsaraf/Desktop/work/temporal/common/log/with_logger.go:61"}
2025-03-19T11:38:49.309-0400	debug	Process task as active.	{"host": "127.0.0.1:63280", "shard-id": 4, "address": "127.0.0.1:63280", "component": "timer-queue-processor", "wf-namespace-id": "d0b550e3-6091-4a9b-a9aa-3d80ffb24954", "value": "d0b550e3-6091-4a9b-a9aa-3d80ffb24954/temporal-sys-worker-deployment-version:rrentVersion_Batching-564e9892_deployment_series.rrentVersion_Batching-564e9892_build_id/0195af0e-98a0-7d94-93e5-2a1d2e5942f8", "logging-call-at": "/Users/shivamsaraf/Desktop/work/temporal/common/log/with_logger.go:61"}
2025-03-19T11:38:49.312-0400	debug	update state change	{"host": "127.0.0.1:63280", "shard-id": 4, "address": "127.0.0.1:63280", "wf-namespace-id": "d0b550e3-6091-4a9b-a9aa-3d80ffb24954", "wf-id": "temporal-sys-worker-deployment-version:rrentVersion_Batching-564e9892_deployment_series.rrentVersion_Batching-564e9892_build_id", "wf-run-id": "0195af0e-98a0-7d94-93e5-2a1d2e5942f8", "update-id": "540c7b4d-c3cb-49f6-bf42-208ebcc4001d", "from-state": "ProvisionallyCompleted", "to-state": "Completed", "logging-call-at": "/Users/shivamsaraf/Desktop/work/temporal/common/log/with_logger.go:61"}
2025-03-19T11:38:49.313-0400	debug	Frontend method invoked.	{"host": "127.0.0.1:63278", "wf-namespace": "namespace-ec265ab4-426c-4316-a4b3-47fc66311932", "operation": "RespondActivityTaskCompleted", "server-name": "", "cert-thumbprint": "", "logging-call-at": "/Users/shivamsaraf/Desktop/work/temporal/common/log/with_logger.go:61"}
2025-03-19T11:38:49.313-0400	debug	Workflow task updated	{"host": "127.0.0.1:63280", "shard-id": 1, "address": "127.0.0.1:63280", "wf-scheduled-event-id": 242, "wf-started-event-id": 0, "workflow-task-request-id": "emptyUuid", "workflow-task-timeout": 10, "attempt": 1, "wf-started-timestamp": "0001-01-01T00:00:00.000Z", "wt-type": "Normal", "logging-call-at": "/Users/shivamsaraf/Desktop/work/temporal/common/log/with_logger.go:61"}
2025-03-19T11:38:49.313-0400	debug	Assigning new task key	{"host": "127.0.0.1:63280", "shard-id": 1, "address": "127.0.0.1:63280", "wf-namespace-id": "d0b550e3-6091-4a9b-a9aa-3d80ffb24954", "wf-id": "temporal-sys-worker-deployment:rrentVersion_Batching-564e9892_deployment_series", "wf-run-id": "0195af0e-960d-715f-b6c6-08dcdf4b78ec", "queue-task-type": "WorkflowTaskTimeout", "queue-task-id": 1049132, "timestamp": "2025-03-19T15:38:54.314Z", "cursor-timestamp": "2025-03-19T15:38:50.144Z", "logging-call-at": "/Users/shivamsaraf/Desktop/work/temporal/common/log/with_logger.go:61"}
2025-03-19T11:38:49.313-0400	debug	Assigning new task key	{"host": "127.0.0.1:63280", "shard-id": 1, "address": "127.0.0.1:63280", "wf-namespace-id": "d0b550e3-6091-4a9b-a9aa-3d80ffb24954", "wf-id": "temporal-sys-worker-deployment:rrentVersion_Batching-564e9892_deployment_series", "wf-run-id": "0195af0e-960d-715f-b6c6-08dcdf4b78ec", "queue-task-type": "TransferWorkflowTask", "queue-task-id": 1049133, "timestamp": "2025-03-19T15:38:49.313Z", "cursor-timestamp": "2025-03-19T15:38:50.144Z", "logging-call-at": "/Users/shivamsaraf/Desktop/work/temporal/common/log/with_logger.go:61"}
2025-03-19T11:38:49.317-0400	debug	Process task as active.	{"host": "127.0.0.1:63280", "shard-id": 1, "address": "127.0.0.1:63280", "component": "transfer-queue-processor", "wf-namespace-id": "d0b550e3-6091-4a9b-a9aa-3d80ffb24954", "value": "d0b550e3-6091-4a9b-a9aa-3d80ffb24954/temporal-sys-worker-deployment:rrentVersion_Batching-564e9892_deployment_series/0195af0e-960d-715f-b6c6-08dcdf4b78ec", "logging-call-at": "/Users/shivamsaraf/Desktop/work/temporal/common/log/with_logger.go:61"}
2025-03-19T11:38:49.318-0400	debug	Workflow task updated	{"host": "127.0.0.1:63280", "shard-id": 1, "address": "127.0.0.1:63280", "wf-scheduled-event-id": 242, "wf-started-event-id": 243, "workflow-task-request-id": "fa754b0e-6633-4f37-9f19-eb7f99a3ff34", "workflow-task-timeout": 10, "attempt": 1, "wf-started-timestamp": "2025-03-19T15:38:49.318Z", "wt-type": "Normal", "logging-call-at": "/Users/shivamsaraf/Desktop/work/temporal/common/log/with_logger.go:61"}
2025-03-19T11:38:49.318-0400	debug	Assigning new task key	{"host": "127.0.0.1:63280", "shard-id": 1, "address": "127.0.0.1:63280", "wf-namespace-id": "d0b550e3-6091-4a9b-a9aa-3d80ffb24954", "wf-id": "temporal-sys-worker-deployment:rrentVersion_Batching-564e9892_deployment_series", "wf-run-id": "0195af0e-960d-715f-b6c6-08dcdf4b78ec", "queue-task-type": "WorkflowTaskTimeout", "queue-task-id": 1049136, "timestamp": "2025-03-19T15:38:59.319Z", "cursor-timestamp": "2025-03-19T15:38:50.317Z", "logging-call-at": "/Users/shivamsaraf/Desktop/work/temporal/common/log/with_logger.go:61"}
2025-03-19T11:38:49.324-0400	debug	ExecuteActivity	{"host": "127.0.0.1:63281", "Namespace": "namespace-ec265ab4-426c-4316-a4b3-47fc66311932", "TaskQueue": "temporal-sys-per-ns-tq", "WorkerID": "temporal-system@Shivams-MacBook-Pro.local@namespace-ec265ab4-426c-4316-a4b3-47fc66311932", "WorkflowType": "temporal-sys-worker-deployment-workflow", "WorkflowID": "temporal-sys-worker-deployment:rrentVersion_Batching-564e9892_deployment_series", "RunID": "0195af0e-960d-715f-b6c6-08dcdf4b78ec", "Attempt": 0, "ActivityID": "246", "ActivityType": "RegisterWorkerInVersion", "logging-call-at": "/Users/shivamsaraf/Desktop/work/temporal/common/log/with_logger.go:61"}
2025-03-19T11:38:49.324-0400	debug	Frontend method invoked.	{"host": "127.0.0.1:63278", "wf-namespace": "namespace-ec265ab4-426c-4316-a4b3-47fc66311932", "operation": "PollWorkflowTaskQueue", "server-name": "", "cert-thumbprint": "", "logging-call-at": "/Users/shivamsaraf/Desktop/work/temporal/common/log/with_logger.go:61"}
2025-03-19T11:38:49.324-0400	debug	Received PollWorkflowTaskQueue	{"host": "127.0.0.1:63278", "service": "frontend", "logging-call-at": "/Users/shivamsaraf/Desktop/work/temporal/common/log/with_logger.go:61"}
2025-03-19T11:38:49.324-0400	debug	Poll workflow task queue.	{"host": "127.0.0.1:63278", "service": "frontend", "wf-namespace": "namespace-ec265ab4-426c-4316-a4b3-47fc66311932", "wf-namespace-id": "d0b550e3-6091-4a9b-a9aa-3d80ffb24954", "logging-call-at": "/Users/shivamsaraf/Desktop/work/temporal/common/log/with_logger.go:61"}
2025-03-19T11:38:49.325-0400	debug	Frontend method invoked.	{"host": "127.0.0.1:63278", "wf-namespace": "namespace-ec265ab4-426c-4316-a4b3-47fc66311932", "operation": "RespondWorkflowTaskCompleted", "server-name": "", "cert-thumbprint": "", "logging-call-at": "/Users/shivamsaraf/Desktop/work/temporal/common/log/with_logger.go:61"}
2025-03-19T11:38:49.325-0400	debug	RespondWorkflowTaskCompleted	{"host": "127.0.0.1:63280", "service": "history", "wf-namespace-id": "d0b550e3-6091-4a9b-a9aa-3d80ffb24954", "wf-id": "temporal-sys-worker-deployment:rrentVersion_Batching-564e9892_deployment_series", "wf-run-id": "0195af0e-960d-715f-b6c6-08dcdf4b78ec", "wf-scheduled-event-id": 242, "logging-call-at": "/Users/shivamsaraf/Desktop/work/temporal/common/log/with_logger.go:61"}
2025-03-19T11:38:49.326-0400	debug	Workflow task updated	{"host": "127.0.0.1:63280", "shard-id": 1, "address": "127.0.0.1:63280", "wf-scheduled-event-id": 0, "wf-started-event-id": 0, "workflow-task-request-id": "emptyUuid", "workflow-task-timeout": 0, "attempt": 1, "wf-started-timestamp": "1970-01-01T00:00:00.000Z", "wt-type": "Unspecified", "logging-call-at": "/Users/shivamsaraf/Desktop/work/temporal/common/log/with_logger.go:61"}
2025-03-19T11:38:49.326-0400	debug	update state change	{"host": "127.0.0.1:63280", "shard-id": 1, "address": "127.0.0.1:63280", "wf-namespace-id": "d0b550e3-6091-4a9b-a9aa-3d80ffb24954", "wf-id": "temporal-sys-worker-deployment:rrentVersion_Batching-564e9892_deployment_series", "wf-run-id": "0195af0e-960d-715f-b6c6-08dcdf4b78ec", "update-id": "c7f71060-e4c3-4e3e-b980-35a33a0f51d6", "from-state": "Accepted", "to-state": "ProvisionallyCompleted", "logging-call-at": "/Users/shivamsaraf/Desktop/work/temporal/common/log/with_logger.go:61"}
2025-03-19T11:38:49.326-0400	debug	Assigning new task key	{"host": "127.0.0.1:63280", "shard-id": 1, "address": "127.0.0.1:63280", "wf-namespace-id": "d0b550e3-6091-4a9b-a9aa-3d80ffb24954", "wf-id": "temporal-sys-worker-deployment:rrentVersion_Batching-564e9892_deployment_series", "wf-run-id": "0195af0e-960d-715f-b6c6-08dcdf4b78ec", "queue-task-type": "TransferActivityTask", "queue-task-id": 1049142, "timestamp": "2025-03-19T15:38:49.326Z", "cursor-timestamp": "2025-03-19T15:38:50.317Z", "logging-call-at": "/Users/shivamsaraf/Desktop/work/temporal/common/log/with_logger.go:61"}
2025-03-19T11:38:49.329-0400	debug	update state change	{"host": "127.0.0.1:63280", "shard-id": 1, "address": "127.0.0.1:63280", "wf-namespace-id": "d0b550e3-6091-4a9b-a9aa-3d80ffb24954", "wf-id": "temporal-sys-worker-deployment:rrentVersion_Batching-564e9892_deployment_series", "wf-run-id": "0195af0e-960d-715f-b6c6-08dcdf4b78ec", "update-id": "c7f71060-e4c3-4e3e-b980-35a33a0f51d6", "from-state": "ProvisionallyCompleted", "to-state": "Completed", "logging-call-at": "/Users/shivamsaraf/Desktop/work/temporal/common/log/with_logger.go:61"}
2025-03-19T11:38:49.329-0400	debug	deployment client success	{"host": "127.0.0.1:63279", "operation": "RegisterTaskQueueWorker", "elapsed": 5.778151125, "args": ["rrentVersion_Batching-564e9892_task_queue_43",1,"matching service"], "logging-call-at": "/Users/shivamsaraf/Desktop/work/temporal/common/log/with_logger.go:61"}
2025-03-19T11:38:49.330-0400	debug	Process task as active.	{"host": "127.0.0.1:63280", "shard-id": 1, "address": "127.0.0.1:63280", "component": "transfer-queue-processor", "wf-namespace-id": "d0b550e3-6091-4a9b-a9aa-3d80ffb24954", "value": "d0b550e3-6091-4a9b-a9aa-3d80ffb24954/temporal-sys-worker-deployment:rrentVersion_Batching-564e9892_deployment_series/0195af0e-960d-715f-b6c6-08dcdf4b78ec", "logging-call-at": "/Users/shivamsaraf/Desktop/work/temporal/common/log/with_logger.go:61"}
2025-03-19T11:38:49.330-0400	info	Started physicalTaskQueueManager	{"host": "127.0.0.1:63279", "component": "matching-engine", "wf-task-queue-name": "rrentVersion_Batching-564e9892_task_queue_43", "wf-task-queue-type": "Workflow", "wf-namespace": "namespace-ec265ab4-426c-4316-a4b3-47fc66311932", "worker-build-id": "rrentVersion_Batching-564e9892_deployment_series/rrentVersion_Batching-564e9892_build_id", "lifecycle": "Started", "cause": "UserData", "logging-call-at": "/Users/shivamsaraf/Desktop/work/temporal/common/log/with_logger.go:66"}
2025-03-19T11:38:49.330-0400	debug	Assigning new task key	{"host": "127.0.0.1:63280", "shard-id": 1, "address": "127.0.0.1:63280", "wf-namespace-id": "d0b550e3-6091-4a9b-a9aa-3d80ffb24954", "wf-id": "temporal-sys-worker-deployment:rrentVersion_Batching-564e9892_deployment_series", "wf-run-id": "0195af0e-960d-715f-b6c6-08dcdf4b78ec", "queue-task-type": "ActivityTimeout", "queue-task-id": 1049144, "timestamp": "2025-03-19T15:39:49.331Z", "cursor-timestamp": "2025-03-19T15:38:50.329Z", "logging-call-at": "/Users/shivamsaraf/Desktop/work/temporal/common/log/with_logger.go:61"}
2025-03-19T11:38:49.334-0400	debug	Frontend method invoked.	{"host": "127.0.0.1:63278", "wf-namespace": "namespace-ec265ab4-426c-4316-a4b3-47fc66311932", "operation": "PollActivityTaskQueue", "server-name": "", "cert-thumbprint": "", "logging-call-at": "/Users/shivamsaraf/Desktop/work/temporal/common/log/with_logger.go:61"}
2025-03-19T11:38:49.334-0400	debug	Received PollActivityTaskQueue	{"host": "127.0.0.1:63278", "service": "frontend", "logging-call-at": "/Users/shivamsaraf/Desktop/work/temporal/common/log/with_logger.go:61"}
2025-03-19T11:38:49.335-0400	debug	update state change	{"host": "127.0.0.1:63280", "shard-id": 4, "address": "127.0.0.1:63280", "wf-namespace-id": "d0b550e3-6091-4a9b-a9aa-3d80ffb24954", "wf-id": "temporal-sys-worker-deployment-version:rrentVersion_Batching-564e9892_deployment_series.rrentVersion_Batching-564e9892_build_id", "wf-run-id": "0195af0e-98a0-7d94-93e5-2a1d2e5942f8", "update-id": "3eeb97a4-2ca2-4b43-9778-c34845e905ef", "from-state": "Created", "to-state": "ProvisionallyAdmitted", "logging-call-at": "/Users/shivamsaraf/Desktop/work/temporal/common/log/with_logger.go:61"}
2025-03-19T11:38:49.335-0400	debug	update state change	{"host": "127.0.0.1:63280", "shard-id": 4, "address": "127.0.0.1:63280", "wf-namespace-id": "d0b550e3-6091-4a9b-a9aa-3d80ffb24954", "wf-id": "temporal-sys-worker-deployment-version:rrentVersion_Batching-564e9892_deployment_series.rrentVersion_Batching-564e9892_build_id", "wf-run-id": "0195af0e-98a0-7d94-93e5-2a1d2e5942f8", "update-id": "3eeb97a4-2ca2-4b43-9778-c34845e905ef", "from-state": "ProvisionallyAdmitted", "to-state": "Admitted", "logging-call-at": "/Users/shivamsaraf/Desktop/work/temporal/common/log/with_logger.go:61"}
2025-03-19T11:38:49.335-0400	debug	Workflow task updated	{"host": "127.0.0.1:63280", "shard-id": 4, "address": "127.0.0.1:63280", "wf-scheduled-event-id": 470, "wf-started-event-id": 0, "workflow-task-request-id": "emptyUuid", "workflow-task-timeout": 10, "attempt": 1, "wf-started-timestamp": "0001-01-01T00:00:00.000Z", "wt-type": "Speculative", "logging-call-at": "/Users/shivamsaraf/Desktop/work/temporal/common/log/with_logger.go:61"}
2025-03-19T11:38:49.336-0400	debug	Workflow task updated	{"host": "127.0.0.1:63280", "shard-id": 4, "address": "127.0.0.1:63280", "wf-scheduled-event-id": 470, "wf-started-event-id": 471, "workflow-task-request-id": "f0588cb3-7c1f-4fdf-85b8-c4844dc97408", "workflow-task-timeout": 10, "attempt": 1, "wf-started-timestamp": "2025-03-19T15:38:49.336Z", "wt-type": "Speculative", "logging-call-at": "/Users/shivamsaraf/Desktop/work/temporal/common/log/with_logger.go:61"}
2025-03-19T11:38:49.336-0400	debug	update state change	{"host": "127.0.0.1:63280", "shard-id": 4, "address": "127.0.0.1:63280", "wf-namespace-id": "d0b550e3-6091-4a9b-a9aa-3d80ffb24954", "wf-id": "temporal-sys-worker-deployment-version:rrentVersion_Batching-564e9892_deployment_series.rrentVersion_Batching-564e9892_build_id", "wf-run-id": "0195af0e-98a0-7d94-93e5-2a1d2e5942f8", "update-id": "3eeb97a4-2ca2-4b43-9778-c34845e905ef", "from-state": "Admitted", "to-state": "Sent", "logging-call-at": "/Users/shivamsaraf/Desktop/work/temporal/common/log/with_logger.go:61"}
2025-03-19T11:38:49.340-0400	debug	ExecuteActivity	{"host": "127.0.0.1:63281", "Namespace": "namespace-ec265ab4-426c-4316-a4b3-47fc66311932", "TaskQueue": "temporal-sys-per-ns-tq", "WorkerID": "temporal-system@Shivams-MacBook-Pro.local@namespace-ec265ab4-426c-4316-a4b3-47fc66311932", "WorkflowType": "temporal-sys-worker-deployment-version-workflow", "WorkflowID": "temporal-sys-worker-deployment-version:rrentVersion_Batching-564e9892_deployment_series.rrentVersion_Batching-564e9892_build_id", "RunID": "0195af0e-98a0-7d94-93e5-2a1d2e5942f8", "Attempt": 0, "ActivityID": "474", "ActivityType": "SyncDeploymentVersionUserData", "logging-call-at": "/Users/shivamsaraf/Desktop/work/temporal/common/log/with_logger.go:61"}
2025-03-19T11:38:49.340-0400	debug	Frontend method invoked.	{"host": "127.0.0.1:63278", "wf-namespace": "namespace-ec265ab4-426c-4316-a4b3-47fc66311932", "operation": "PollWorkflowTaskQueue", "server-name": "", "cert-thumbprint": "", "logging-call-at": "/Users/shivamsaraf/Desktop/work/temporal/common/log/with_logger.go:61"}
2025-03-19T11:38:49.340-0400	debug	Received PollWorkflowTaskQueue	{"host": "127.0.0.1:63278", "service": "frontend", "logging-call-at": "/Users/shivamsaraf/Desktop/work/temporal/common/log/with_logger.go:61"}
2025-03-19T11:38:49.340-0400	debug	Poll workflow task queue.	{"host": "127.0.0.1:63278", "service": "frontend", "wf-namespace": "namespace-ec265ab4-426c-4316-a4b3-47fc66311932", "wf-namespace-id": "d0b550e3-6091-4a9b-a9aa-3d80ffb24954", "logging-call-at": "/Users/shivamsaraf/Desktop/work/temporal/common/log/with_logger.go:61"}
2025-03-19T11:38:49.341-0400	debug	Frontend method invoked.	{"host": "127.0.0.1:63278", "wf-namespace": "namespace-ec265ab4-426c-4316-a4b3-47fc66311932", "operation": "RespondWorkflowTaskCompleted", "server-name": "", "cert-thumbprint": "", "logging-call-at": "/Users/shivamsaraf/Desktop/work/temporal/common/log/with_logger.go:61"}
2025-03-19T11:38:49.341-0400	debug	RespondWorkflowTaskCompleted	{"host": "127.0.0.1:63280", "service": "history", "wf-namespace-id": "d0b550e3-6091-4a9b-a9aa-3d80ffb24954", "wf-id": "temporal-sys-worker-deployment-version:rrentVersion_Batching-564e9892_deployment_series.rrentVersion_Batching-564e9892_build_id", "wf-run-id": "0195af0e-98a0-7d94-93e5-2a1d2e5942f8", "wf-scheduled-event-id": 470, "logging-call-at": "/Users/shivamsaraf/Desktop/work/temporal/common/log/with_logger.go:61"}
2025-03-19T11:38:49.341-0400	debug	Workflow task updated	{"host": "127.0.0.1:63280", "shard-id": 4, "address": "127.0.0.1:63280", "wf-scheduled-event-id": 0, "wf-started-event-id": 0, "workflow-task-request-id": "emptyUuid", "workflow-task-timeout": 0, "attempt": 1, "wf-started-timestamp": "1970-01-01T00:00:00.000Z", "wt-type": "Unspecified", "logging-call-at": "/Users/shivamsaraf/Desktop/work/temporal/common/log/with_logger.go:61"}
2025-03-19T11:38:49.342-0400	debug	update state change	{"host": "127.0.0.1:63280", "shard-id": 4, "address": "127.0.0.1:63280", "wf-namespace-id": "d0b550e3-6091-4a9b-a9aa-3d80ffb24954", "wf-id": "temporal-sys-worker-deployment-version:rrentVersion_Batching-564e9892_deployment_series.rrentVersion_Batching-564e9892_build_id", "wf-run-id": "0195af0e-98a0-7d94-93e5-2a1d2e5942f8", "update-id": "3eeb97a4-2ca2-4b43-9778-c34845e905ef", "from-state": "Sent", "to-state": "ProvisionallyAccepted", "logging-call-at": "/Users/shivamsaraf/Desktop/work/temporal/common/log/with_logger.go:61"}
2025-03-19T11:38:49.342-0400	debug	Assigning new task key	{"host": "127.0.0.1:63280", "shard-id": 4, "address": "127.0.0.1:63280", "wf-namespace-id": "d0b550e3-6091-4a9b-a9aa-3d80ffb24954", "wf-id": "temporal-sys-worker-deployment-version:rrentVersion_Batching-564e9892_deployment_series.rrentVersion_Batching-564e9892_build_id", "wf-run-id": "0195af0e-98a0-7d94-93e5-2a1d2e5942f8", "queue-task-type": "TransferActivityTask", "queue-task-id": 1049797, "timestamp": "2025-03-19T15:38:49.342Z", "cursor-timestamp": "2025-03-19T15:38:50.308Z", "logging-call-at": "/Users/shivamsaraf/Desktop/work/temporal/common/log/with_logger.go:61"}
2025-03-19T11:38:49.345-0400	debug	update state change	{"host": "127.0.0.1:63280", "shard-id": 4, "address": "127.0.0.1:63280", "wf-namespace-id": "d0b550e3-6091-4a9b-a9aa-3d80ffb24954", "wf-id": "temporal-sys-worker-deployment-version:rrentVersion_Batching-564e9892_deployment_series.rrentVersion_Batching-564e9892_build_id", "wf-run-id": "0195af0e-98a0-7d94-93e5-2a1d2e5942f8", "update-id": "3eeb97a4-2ca2-4b43-9778-c34845e905ef", "from-state": "ProvisionallyAccepted", "to-state": "Accepted", "logging-call-at": "/Users/shivamsaraf/Desktop/work/temporal/common/log/with_logger.go:61"}
2025-03-19T11:38:49.346-0400	debug	Process task as active.	{"host": "127.0.0.1:63280", "shard-id": 4, "address": "127.0.0.1:63280", "component": "transfer-queue-processor", "wf-namespace-id": "d0b550e3-6091-4a9b-a9aa-3d80ffb24954", "value": "d0b550e3-6091-4a9b-a9aa-3d80ffb24954/temporal-sys-worker-deployment-version:rrentVersion_Batching-564e9892_deployment_series.rrentVersion_Batching-564e9892_build_id/0195af0e-98a0-7d94-93e5-2a1d2e5942f8", "logging-call-at": "/Users/shivamsaraf/Desktop/work/temporal/common/log/with_logger.go:61"}
2025-03-19T11:38:49.347-0400	debug	Assigning new task key	{"host": "127.0.0.1:63280", "shard-id": 4, "address": "127.0.0.1:63280", "wf-namespace-id": "d0b550e3-6091-4a9b-a9aa-3d80ffb24954", "wf-id": "temporal-sys-worker-deployment-version:rrentVersion_Batching-564e9892_deployment_series.rrentVersion_Batching-564e9892_build_id", "wf-run-id": "0195af0e-98a0-7d94-93e5-2a1d2e5942f8", "queue-task-type": "ActivityTimeout", "queue-task-id": 1049798, "timestamp": "2025-03-19T15:39:49.347Z", "cursor-timestamp": "2025-03-19T15:38:50.345Z", "logging-call-at": "/Users/shivamsaraf/Desktop/work/temporal/common/log/with_logger.go:61"}
2025-03-19T11:38:49.350-0400	info	syncing task queue userdata for deployment version	{"host": "127.0.0.1:63281", "Namespace": "namespace-ec265ab4-426c-4316-a4b3-47fc66311932", "TaskQueue": "temporal-sys-per-ns-tq", "WorkerID": "temporal-system@Shivams-MacBook-Pro.local@namespace-ec265ab4-426c-4316-a4b3-47fc66311932", "ActivityID": "474", "ActivityType": "SyncDeploymentVersionUserData", "Attempt": 1, "WorkflowType": "temporal-sys-worker-deployment-version-workflow", "WorkflowID": "temporal-sys-worker-deployment-version:rrentVersion_Batching-564e9892_deployment_series.rrentVersion_Batching-564e9892_build_id", "RunID": "0195af0e-98a0-7d94-93e5-2a1d2e5942f8", "taskQueue": "rrentVersion_Batching-564e9892_task_queue_7", "types": [1], "logging-call-at": "/Users/shivamsaraf/Desktop/work/temporal/common/log/with_logger.go:66"}
2025-03-19T11:38:49.350-0400	debug	Frontend method invoked.	{"host": "127.0.0.1:63278", "wf-namespace": "namespace-ec265ab4-426c-4316-a4b3-47fc66311932", "operation": "PollActivityTaskQueue", "server-name": "", "cert-thumbprint": "", "logging-call-at": "/Users/shivamsaraf/Desktop/work/temporal/common/log/with_logger.go:61"}
2025-03-19T11:38:49.350-0400	debug	Received PollActivityTaskQueue	{"host": "127.0.0.1:63278", "service": "frontend", "logging-call-at": "/Users/shivamsaraf/Desktop/work/temporal/common/log/with_logger.go:61"}
2025-03-19T11:38:49.407-0400	debug	Process task as active.	{"host": "127.0.0.1:63280", "shard-id": 4, "address": "127.0.0.1:63280", "component": "timer-queue-processor", "wf-namespace-id": "d0b550e3-6091-4a9b-a9aa-3d80ffb24954", "value": "d0b550e3-6091-4a9b-a9aa-3d80ffb24954/temporal-sys-worker-deployment-version:rrentVersion_Batching-564e9892_deployment_series.rrentVersion_Batching-564e9892_build_id/0195af0e-98a0-7d94-93e5-2a1d2e5942f8", "logging-call-at": "/Users/shivamsaraf/Desktop/work/temporal/common/log/with_logger.go:61"}
2025-03-19T11:38:49.431-0400	debug	Process task as active.	{"host": "127.0.0.1:63280", "shard-id": 4, "address": "127.0.0.1:63280", "component": "timer-queue-processor", "wf-namespace-id": "d0b550e3-6091-4a9b-a9aa-3d80ffb24954", "value": "d0b550e3-6091-4a9b-a9aa-3d80ffb24954/temporal-sys-worker-deployment-version:rrentVersion_Batching-564e9892_deployment_series.rrentVersion_Batching-564e9892_build_id/0195af0e-98a0-7d94-93e5-2a1d2e5942f8", "logging-call-at": "/Users/shivamsaraf/Desktop/work/temporal/common/log/with_logger.go:61"}
2025-03-19T11:38:49.449-0400	debug	Process task as active.	{"host": "127.0.0.1:63280", "shard-id": 1, "address": "127.0.0.1:63280", "component": "timer-queue-processor", "wf-namespace-id": "d0b550e3-6091-4a9b-a9aa-3d80ffb24954", "value": "d0b550e3-6091-4a9b-a9aa-3d80ffb24954/temporal-sys-worker-deployment:rrentVersion_Batching-564e9892_deployment_series/0195af0e-960d-715f-b6c6-08dcdf4b78ec", "logging-call-at": "/Users/shivamsaraf/Desktop/work/temporal/common/log/with_logger.go:61"}
2025-03-19T11:38:49.452-0400	info	modified user data	{"host": "127.0.0.1:63279", "component": "matching-engine", "wf-task-queue-name": "rrentVersion_Batching-564e9892_task_queue_7", "wf-task-queue-type": "Workflow", "wf-namespace": "namespace-ec265ab4-426c-4316-a4b3-47fc66311932", "user-data-update-source": "SyncDeploymentUserData", "user-data-version": 1, "timestamp": "2025-03-19T15:38:49.350Z", "logging-call-at": "/Users/shivamsaraf/Desktop/work/temporal/common/log/with_logger.go:66"}
2025-03-19T11:38:49.452-0400	debug	user data changed while blocked in long poll	{"host": "127.0.0.1:63279", "component": "matching-engine", "wf-task-queue-name": "rrentVersion_Batching-564e9892_task_queue_7", "wf-task-queue-type": "Workflow", "wf-namespace": "namespace-ec265ab4-426c-4316-a4b3-47fc66311932", "logging-call-at": "/Users/shivamsaraf/Desktop/work/temporal/common/log/with_logger.go:61"}
2025-03-19T11:38:49.452-0400	debug	user data changed while blocked in long poll	{"host": "127.0.0.1:63279", "component": "matching-engine", "wf-task-queue-name": "rrentVersion_Batching-564e9892_task_queue_7", "wf-task-queue-type": "Workflow", "wf-namespace": "namespace-ec265ab4-426c-4316-a4b3-47fc66311932", "logging-call-at": "/Users/shivamsaraf/Desktop/work/temporal/common/log/with_logger.go:61"}
2025-03-19T11:38:49.452-0400	debug	user data changed while blocked in long poll	{"host": "127.0.0.1:63279", "component": "matching-engine", "wf-task-queue-name": "rrentVersion_Batching-564e9892_task_queue_7", "wf-task-queue-type": "Workflow", "wf-namespace": "namespace-ec265ab4-426c-4316-a4b3-47fc66311932", "logging-call-at": "/Users/shivamsaraf/Desktop/work/temporal/common/log/with_logger.go:61"}
2025-03-19T11:38:49.452-0400	info	returning user data	{"host": "127.0.0.1:63279", "component": "matching-engine", "wf-task-queue-name": "rrentVersion_Batching-564e9892_task_queue_7", "wf-task-queue-type": "Workflow", "wf-namespace": "namespace-ec265ab4-426c-4316-a4b3-47fc66311932", "long-poll": true, "request-known-version": 0, "user-data-version": 1, "logging-call-at": "/Users/shivamsaraf/Desktop/work/temporal/common/log/with_logger.go:66"}
2025-03-19T11:38:49.452-0400	info	returning user data	{"host": "127.0.0.1:63279", "component": "matching-engine", "wf-task-queue-name": "rrentVersion_Batching-564e9892_task_queue_7", "wf-task-queue-type": "Workflow", "wf-namespace": "namespace-ec265ab4-426c-4316-a4b3-47fc66311932", "long-poll": true, "request-known-version": 0, "user-data-version": 1, "logging-call-at": "/Users/shivamsaraf/Desktop/work/temporal/common/log/with_logger.go:66"}
2025-03-19T11:38:49.452-0400	info	returning user data	{"host": "127.0.0.1:63279", "component": "matching-engine", "wf-task-queue-name": "rrentVersion_Batching-564e9892_task_queue_7", "wf-task-queue-type": "Workflow", "wf-namespace": "namespace-ec265ab4-426c-4316-a4b3-47fc66311932", "long-poll": true, "request-known-version": 0, "user-data-version": 1, "logging-call-at": "/Users/shivamsaraf/Desktop/work/temporal/common/log/with_logger.go:66"}
2025-03-19T11:38:49.453-0400	info	fetched user data from parent	{"host": "127.0.0.1:63279", "component": "matching-engine", "wf-task-queue-name": "/_sys/rrentVersion_Batching-564e9892_task_queue_7/2", "wf-task-queue-type": "Workflow", "wf-namespace": "namespace-ec265ab4-426c-4316-a4b3-47fc66311932", "user-data-version": 1, "timestamp": "2025-03-19T15:38:49.350Z", "logging-call-at": "/Users/shivamsaraf/Desktop/work/temporal/common/log/with_logger.go:66"}
2025-03-19T11:38:49.453-0400	info	fetched user data from parent	{"host": "127.0.0.1:63279", "component": "matching-engine", "wf-task-queue-name": "/_sys/rrentVersion_Batching-564e9892_task_queue_7/1", "wf-task-queue-type": "Workflow", "wf-namespace": "namespace-ec265ab4-426c-4316-a4b3-47fc66311932", "user-data-version": 1, "timestamp": "2025-03-19T15:38:49.350Z", "logging-call-at": "/Users/shivamsaraf/Desktop/work/temporal/common/log/with_logger.go:66"}
2025-03-19T11:38:49.453-0400	info	fetched user data from parent	{"host": "127.0.0.1:63279", "component": "matching-engine", "wf-task-queue-name": "/_sys/rrentVersion_Batching-564e9892_task_queue_7/3", "wf-task-queue-type": "Workflow", "wf-namespace": "namespace-ec265ab4-426c-4316-a4b3-47fc66311932", "user-data-version": 1, "timestamp": "2025-03-19T15:38:49.350Z", "logging-call-at": "/Users/shivamsaraf/Desktop/work/temporal/common/log/with_logger.go:66"}
2025-03-19T11:38:49.453-0400	debug	Frontend method invoked.	{"host": "127.0.0.1:63278", "wf-namespace": "namespace-ec265ab4-426c-4316-a4b3-47fc66311932", "operation": "RespondActivityTaskCompleted", "server-name": "", "cert-thumbprint": "", "logging-call-at": "/Users/shivamsaraf/Desktop/work/temporal/common/log/with_logger.go:61"}
2025-03-19T11:38:49.454-0400	debug	Workflow task updated	{"host": "127.0.0.1:63280", "shard-id": 4, "address": "127.0.0.1:63280", "wf-scheduled-event-id": 477, "wf-started-event-id": 0, "workflow-task-request-id": "emptyUuid", "workflow-task-timeout": 10, "attempt": 1, "wf-started-timestamp": "0001-01-01T00:00:00.000Z", "wt-type": "Normal", "logging-call-at": "/Users/shivamsaraf/Desktop/work/temporal/common/log/with_logger.go:61"}
2025-03-19T11:38:49.454-0400	debug	Assigning new task key	{"host": "127.0.0.1:63280", "shard-id": 4, "address": "127.0.0.1:63280", "wf-namespace-id": "d0b550e3-6091-4a9b-a9aa-3d80ffb24954", "wf-id": "temporal-sys-worker-deployment-version:rrentVersion_Batching-564e9892_deployment_series.rrentVersion_Batching-564e9892_build_id", "wf-run-id": "0195af0e-98a0-7d94-93e5-2a1d2e5942f8", "queue-task-type": "WorkflowTaskTimeout", "queue-task-id": 1049804, "timestamp": "2025-03-19T15:38:54.454Z", "cursor-timestamp": "2025-03-19T15:38:50.345Z", "logging-call-at": "/Users/shivamsaraf/Desktop/work/temporal/common/log/with_logger.go:61"}
2025-03-19T11:38:49.454-0400	debug	Assigning new task key	{"host": "127.0.0.1:63280", "shard-id": 4, "address": "127.0.0.1:63280", "wf-namespace-id": "d0b550e3-6091-4a9b-a9aa-3d80ffb24954", "wf-id": "temporal-sys-worker-deployment-version:rrentVersion_Batching-564e9892_deployment_series.rrentVersion_Batching-564e9892_build_id", "wf-run-id": "0195af0e-98a0-7d94-93e5-2a1d2e5942f8", "queue-task-type": "TransferWorkflowTask", "queue-task-id": 1049805, "timestamp": "2025-03-19T15:38:49.454Z", "cursor-timestamp": "2025-03-19T15:38:50.345Z", "logging-call-at": "/Users/shivamsaraf/Desktop/work/temporal/common/log/with_logger.go:61"}
2025-03-19T11:38:49.460-0400	debug	Process task as active.	{"host": "127.0.0.1:63280", "shard-id": 4, "address": "127.0.0.1:63280", "component": "transfer-queue-processor", "wf-namespace-id": "d0b550e3-6091-4a9b-a9aa-3d80ffb24954", "value": "d0b550e3-6091-4a9b-a9aa-3d80ffb24954/temporal-sys-worker-deployment-version:rrentVersion_Batching-564e9892_deployment_series.rrentVersion_Batching-564e9892_build_id/0195af0e-98a0-7d94-93e5-2a1d2e5942f8", "logging-call-at": "/Users/shivamsaraf/Desktop/work/temporal/common/log/with_logger.go:61"}
2025-03-19T11:38:49.461-0400	debug	Workflow task updated	{"host": "127.0.0.1:63280", "shard-id": 4, "address": "127.0.0.1:63280", "wf-scheduled-event-id": 477, "wf-started-event-id": 478, "workflow-task-request-id": "5edb16d7-cff7-4bf7-bbfe-52df7a324e19", "workflow-task-timeout": 10, "attempt": 1, "wf-started-timestamp": "2025-03-19T15:38:49.461Z", "wt-type": "Normal", "logging-call-at": "/Users/shivamsaraf/Desktop/work/temporal/common/log/with_logger.go:61"}
2025-03-19T11:38:49.462-0400	debug	Assigning new task key	{"host": "127.0.0.1:63280", "shard-id": 4, "address": "127.0.0.1:63280", "wf-namespace-id": "d0b550e3-6091-4a9b-a9aa-3d80ffb24954", "wf-id": "temporal-sys-worker-deployment-version:rrentVersion_Batching-564e9892_deployment_series.rrentVersion_Batching-564e9892_build_id", "wf-run-id": "0195af0e-98a0-7d94-93e5-2a1d2e5942f8", "queue-task-type": "WorkflowTaskTimeout", "queue-task-id": 1049808, "timestamp": "2025-03-19T15:38:59.462Z", "cursor-timestamp": "2025-03-19T15:38:50.459Z", "logging-call-at": "/Users/shivamsaraf/Desktop/work/temporal/common/log/with_logger.go:61"}
2025-03-19T11:38:49.472-0400	debug	ExecuteActivity	{"host": "127.0.0.1:63281", "Namespace": "namespace-ec265ab4-426c-4316-a4b3-47fc66311932", "TaskQueue": "temporal-sys-per-ns-tq", "WorkerID": "temporal-system@Shivams-MacBook-Pro.local@namespace-ec265ab4-426c-4316-a4b3-47fc66311932", "WorkflowType": "temporal-sys-worker-deployment-version-workflow", "WorkflowID": "temporal-sys-worker-deployment-version:rrentVersion_Batching-564e9892_deployment_series.rrentVersion_Batching-564e9892_build_id", "RunID": "0195af0e-98a0-7d94-93e5-2a1d2e5942f8", "Attempt": 0, "ActivityID": "480", "ActivityType": "CheckWorkerDeploymentUserDataPropagation", "logging-call-at": "/Users/shivamsaraf/Desktop/work/temporal/common/log/with_logger.go:61"}
2025-03-19T11:38:49.472-0400	debug	Frontend method invoked.	{"host": "127.0.0.1:63278", "wf-namespace": "namespace-ec265ab4-426c-4316-a4b3-47fc66311932", "operation": "PollWorkflowTaskQueue", "server-name": "", "cert-thumbprint": "", "logging-call-at": "/Users/shivamsaraf/Desktop/work/temporal/common/log/with_logger.go:61"}
2025-03-19T11:38:49.472-0400	debug	Received PollWorkflowTaskQueue	{"host": "127.0.0.1:63278", "service": "frontend", "logging-call-at": "/Users/shivamsaraf/Desktop/work/temporal/common/log/with_logger.go:61"}
2025-03-19T11:38:49.472-0400	debug	Poll workflow task queue.	{"host": "127.0.0.1:63278", "service": "frontend", "wf-namespace": "namespace-ec265ab4-426c-4316-a4b3-47fc66311932", "wf-namespace-id": "d0b550e3-6091-4a9b-a9aa-3d80ffb24954", "logging-call-at": "/Users/shivamsaraf/Desktop/work/temporal/common/log/with_logger.go:61"}
2025-03-19T11:38:49.472-0400	debug	Frontend method invoked.	{"host": "127.0.0.1:63278", "wf-namespace": "namespace-ec265ab4-426c-4316-a4b3-47fc66311932", "operation": "RespondWorkflowTaskCompleted", "server-name": "", "cert-thumbprint": "", "logging-call-at": "/Users/shivamsaraf/Desktop/work/temporal/common/log/with_logger.go:61"}
2025-03-19T11:38:49.473-0400	debug	RespondWorkflowTaskCompleted	{"host": "127.0.0.1:63280", "service": "history", "wf-namespace-id": "d0b550e3-6091-4a9b-a9aa-3d80ffb24954", "wf-id": "temporal-sys-worker-deployment-version:rrentVersion_Batching-564e9892_deployment_series.rrentVersion_Batching-564e9892_build_id", "wf-run-id": "0195af0e-98a0-7d94-93e5-2a1d2e5942f8", "wf-scheduled-event-id": 477, "logging-call-at": "/Users/shivamsaraf/Desktop/work/temporal/common/log/with_logger.go:61"}
2025-03-19T11:38:49.473-0400	debug	Workflow task updated	{"host": "127.0.0.1:63280", "shard-id": 4, "address": "127.0.0.1:63280", "wf-scheduled-event-id": 0, "wf-started-event-id": 0, "workflow-task-request-id": "emptyUuid", "workflow-task-timeout": 0, "attempt": 1, "wf-started-timestamp": "1970-01-01T00:00:00.000Z", "wt-type": "Unspecified", "logging-call-at": "/Users/shivamsaraf/Desktop/work/temporal/common/log/with_logger.go:61"}
2025-03-19T11:38:49.473-0400	debug	Assigning new task key	{"host": "127.0.0.1:63280", "shard-id": 4, "address": "127.0.0.1:63280", "wf-namespace-id": "d0b550e3-6091-4a9b-a9aa-3d80ffb24954", "wf-id": "temporal-sys-worker-deployment-version:rrentVersion_Batching-564e9892_deployment_series.rrentVersion_Batching-564e9892_build_id", "wf-run-id": "0195af0e-98a0-7d94-93e5-2a1d2e5942f8", "queue-task-type": "TransferActivityTask", "queue-task-id": 1049813, "timestamp": "2025-03-19T15:38:49.473Z", "cursor-timestamp": "2025-03-19T15:38:50.459Z", "logging-call-at": "/Users/shivamsaraf/Desktop/work/temporal/common/log/with_logger.go:61"}
2025-03-19T11:38:49.478-0400	debug	Process task as active.	{"host": "127.0.0.1:63280", "shard-id": 4, "address": "127.0.0.1:63280", "component": "transfer-queue-processor", "wf-namespace-id": "d0b550e3-6091-4a9b-a9aa-3d80ffb24954", "value": "d0b550e3-6091-4a9b-a9aa-3d80ffb24954/temporal-sys-worker-deployment-version:rrentVersion_Batching-564e9892_deployment_series.rrentVersion_Batching-564e9892_build_id/0195af0e-98a0-7d94-93e5-2a1d2e5942f8", "logging-call-at": "/Users/shivamsaraf/Desktop/work/temporal/common/log/with_logger.go:61"}
2025-03-19T11:38:49.478-0400	debug	Assigning new task key	{"host": "127.0.0.1:63280", "shard-id": 4, "address": "127.0.0.1:63280", "wf-namespace-id": "d0b550e3-6091-4a9b-a9aa-3d80ffb24954", "wf-id": "temporal-sys-worker-deployment-version:rrentVersion_Batching-564e9892_deployment_series.rrentVersion_Batching-564e9892_build_id", "wf-run-id": "0195af0e-98a0-7d94-93e5-2a1d2e5942f8", "queue-task-type": "ActivityTimeout", "queue-task-id": 1049814, "timestamp": "2025-03-19T15:39:49.479Z", "cursor-timestamp": "2025-03-19T15:38:50.477Z", "logging-call-at": "/Users/shivamsaraf/Desktop/work/temporal/common/log/with_logger.go:61"}
2025-03-19T11:38:49.482-0400	info	waiting for userdata propagation	{"host": "127.0.0.1:63281", "Namespace": "namespace-ec265ab4-426c-4316-a4b3-47fc66311932", "TaskQueue": "temporal-sys-per-ns-tq", "WorkerID": "temporal-system@Shivams-MacBook-Pro.local@namespace-ec265ab4-426c-4316-a4b3-47fc66311932", "ActivityID": "480", "ActivityType": "CheckWorkerDeploymentUserDataPropagation", "Attempt": 1, "WorkflowType": "temporal-sys-worker-deployment-version-workflow", "WorkflowID": "temporal-sys-worker-deployment-version:rrentVersion_Batching-564e9892_deployment_series.rrentVersion_Batching-564e9892_build_id", "RunID": "0195af0e-98a0-7d94-93e5-2a1d2e5942f8", "taskQueue": "rrentVersion_Batching-564e9892_task_queue_7", "version": 1, "logging-call-at": "/Users/shivamsaraf/Desktop/work/temporal/common/log/with_logger.go:66"}
2025-03-19T11:38:49.483-0400	debug	Frontend method invoked.	{"host": "127.0.0.1:63278", "wf-namespace": "namespace-ec265ab4-426c-4316-a4b3-47fc66311932", "operation": "PollActivityTaskQueue", "server-name": "", "cert-thumbprint": "", "logging-call-at": "/Users/shivamsaraf/Desktop/work/temporal/common/log/with_logger.go:61"}
2025-03-19T11:38:49.483-0400	debug	Received PollActivityTaskQueue	{"host": "127.0.0.1:63278", "service": "frontend", "logging-call-at": "/Users/shivamsaraf/Desktop/work/temporal/common/log/with_logger.go:61"}
2025-03-19T11:38:49.483-0400	info	returning user data	{"host": "127.0.0.1:63279", "component": "matching-engine", "wf-task-queue-name": "/_sys/rrentVersion_Batching-564e9892_task_queue_7/2", "wf-task-queue-type": "Workflow", "wf-namespace": "namespace-ec265ab4-426c-4316-a4b3-47fc66311932", "long-poll": true, "request-known-version": 0, "user-data-version": 1, "logging-call-at": "/Users/shivamsaraf/Desktop/work/temporal/common/log/with_logger.go:66"}
2025-03-19T11:38:49.483-0400	info	matching client encountered error	{"host": "127.0.0.1:63279", "error": "partition was not loaded", "service-error-type": "serviceerror.FailedPrecondition", "logging-call-at": "/Users/shivamsaraf/Desktop/work/temporal/common/log/with_logger.go:66"}
2025-03-19T11:38:49.483-0400	info	matching client encountered error	{"host": "127.0.0.1:63279", "error": "partition was not loaded", "service-error-type": "serviceerror.FailedPrecondition", "logging-call-at": "/Users/shivamsaraf/Desktop/work/temporal/common/log/with_logger.go:66"}
2025-03-19T11:38:49.483-0400	info	returning user data	{"host": "127.0.0.1:63279", "component": "matching-engine", "wf-task-queue-name": "/_sys/rrentVersion_Batching-564e9892_task_queue_7/1", "wf-task-queue-type": "Workflow", "wf-namespace": "namespace-ec265ab4-426c-4316-a4b3-47fc66311932", "long-poll": true, "request-known-version": 0, "user-data-version": 1, "logging-call-at": "/Users/shivamsaraf/Desktop/work/temporal/common/log/with_logger.go:66"}
2025-03-19T11:38:49.483-0400	info	returning user data	{"host": "127.0.0.1:63279", "component": "matching-engine", "wf-task-queue-name": "/_sys/rrentVersion_Batching-564e9892_task_queue_7/3", "wf-task-queue-type": "Workflow", "wf-namespace": "namespace-ec265ab4-426c-4316-a4b3-47fc66311932", "long-poll": true, "request-known-version": 0, "user-data-version": 1, "logging-call-at": "/Users/shivamsaraf/Desktop/work/temporal/common/log/with_logger.go:66"}
2025-03-19T11:38:49.483-0400	info	matching client encountered error	{"host": "127.0.0.1:63279", "error": "partition was not loaded", "service-error-type": "serviceerror.FailedPrecondition", "logging-call-at": "/Users/shivamsaraf/Desktop/work/temporal/common/log/with_logger.go:66"}
2025-03-19T11:38:49.484-0400	info	matching client encountered error	{"host": "127.0.0.1:63279", "error": "partition was not loaded", "service-error-type": "serviceerror.FailedPrecondition", "logging-call-at": "/Users/shivamsaraf/Desktop/work/temporal/common/log/with_logger.go:66"}
2025-03-19T11:38:49.484-0400	debug	Frontend method invoked.	{"host": "127.0.0.1:63278", "wf-namespace": "namespace-ec265ab4-426c-4316-a4b3-47fc66311932", "operation": "RespondActivityTaskCompleted", "server-name": "", "cert-thumbprint": "", "logging-call-at": "/Users/shivamsaraf/Desktop/work/temporal/common/log/with_logger.go:61"}
2025-03-19T11:38:49.485-0400	debug	Workflow task updated	{"host": "127.0.0.1:63280", "shard-id": 4, "address": "127.0.0.1:63280", "wf-scheduled-event-id": 483, "wf-started-event-id": 0, "workflow-task-request-id": "emptyUuid", "workflow-task-timeout": 10, "attempt": 1, "wf-started-timestamp": "0001-01-01T00:00:00.000Z", "wt-type": "Normal", "logging-call-at": "/Users/shivamsaraf/Desktop/work/temporal/common/log/with_logger.go:61"}
2025-03-19T11:38:49.485-0400	debug	Assigning new task key	{"host": "127.0.0.1:63280", "shard-id": 4, "address": "127.0.0.1:63280", "wf-namespace-id": "d0b550e3-6091-4a9b-a9aa-3d80ffb24954", "wf-id": "temporal-sys-worker-deployment-version:rrentVersion_Batching-564e9892_deployment_series.rrentVersion_Batching-564e9892_build_id", "wf-run-id": "0195af0e-98a0-7d94-93e5-2a1d2e5942f8", "queue-task-type": "WorkflowTaskTimeout", "queue-task-id": 1049820, "timestamp": "2025-03-19T15:38:54.486Z", "cursor-timestamp": "2025-03-19T15:38:50.477Z", "logging-call-at": "/Users/shivamsaraf/Desktop/work/temporal/common/log/with_logger.go:61"}
2025-03-19T11:38:49.485-0400	debug	Assigning new task key	{"host": "127.0.0.1:63280", "shard-id": 4, "address": "127.0.0.1:63280", "wf-namespace-id": "d0b550e3-6091-4a9b-a9aa-3d80ffb24954", "wf-id": "temporal-sys-worker-deployment-version:rrentVersion_Batching-564e9892_deployment_series.rrentVersion_Batching-564e9892_build_id", "wf-run-id": "0195af0e-98a0-7d94-93e5-2a1d2e5942f8", "queue-task-type": "TransferWorkflowTask", "queue-task-id": 1049821, "timestamp": "2025-03-19T15:38:49.485Z", "cursor-timestamp": "2025-03-19T15:38:50.477Z", "logging-call-at": "/Users/shivamsaraf/Desktop/work/temporal/common/log/with_logger.go:61"}
2025-03-19T11:38:49.489-0400	debug	Process task as active.	{"host": "127.0.0.1:63280", "shard-id": 4, "address": "127.0.0.1:63280", "component": "transfer-queue-processor", "wf-namespace-id": "d0b550e3-6091-4a9b-a9aa-3d80ffb24954", "value": "d0b550e3-6091-4a9b-a9aa-3d80ffb24954/temporal-sys-worker-deployment-version:rrentVersion_Batching-564e9892_deployment_series.rrentVersion_Batching-564e9892_build_id/0195af0e-98a0-7d94-93e5-2a1d2e5942f8", "logging-call-at": "/Users/shivamsaraf/Desktop/work/temporal/common/log/with_logger.go:61"}
2025-03-19T11:38:49.490-0400	debug	Workflow task updated	{"host": "127.0.0.1:63280", "shard-id": 4, "address": "127.0.0.1:63280", "wf-scheduled-event-id": 483, "wf-started-event-id": 484, "workflow-task-request-id": "b854aa1e-01bb-47bb-9c3c-cecd6512f041", "workflow-task-timeout": 10, "attempt": 1, "wf-started-timestamp": "2025-03-19T15:38:49.490Z", "wt-type": "Normal", "logging-call-at": "/Users/shivamsaraf/Desktop/work/temporal/common/log/with_logger.go:61"}
2025-03-19T11:38:49.490-0400	debug	Assigning new task key	{"host": "127.0.0.1:63280", "shard-id": 4, "address": "127.0.0.1:63280", "wf-namespace-id": "d0b550e3-6091-4a9b-a9aa-3d80ffb24954", "wf-id": "temporal-sys-worker-deployment-version:rrentVersion_Batching-564e9892_deployment_series.rrentVersion_Batching-564e9892_build_id", "wf-run-id": "0195af0e-98a0-7d94-93e5-2a1d2e5942f8", "queue-task-type": "WorkflowTaskTimeout", "queue-task-id": 1049824, "timestamp": "2025-03-19T15:38:59.491Z", "cursor-timestamp": "2025-03-19T15:38:50.489Z", "logging-call-at": "/Users/shivamsaraf/Desktop/work/temporal/common/log/with_logger.go:61"}
2025-03-19T11:38:49.497-0400	debug	Frontend method invoked.	{"host": "127.0.0.1:63278", "wf-namespace": "namespace-ec265ab4-426c-4316-a4b3-47fc66311932", "operation": "PollWorkflowTaskQueue", "server-name": "", "cert-thumbprint": "", "logging-call-at": "/Users/shivamsaraf/Desktop/work/temporal/common/log/with_logger.go:61"}
2025-03-19T11:38:49.497-0400	debug	Received PollWorkflowTaskQueue	{"host": "127.0.0.1:63278", "service": "frontend", "logging-call-at": "/Users/shivamsaraf/Desktop/work/temporal/common/log/with_logger.go:61"}
2025-03-19T11:38:49.497-0400	debug	Poll workflow task queue.	{"host": "127.0.0.1:63278", "service": "frontend", "wf-namespace": "namespace-ec265ab4-426c-4316-a4b3-47fc66311932", "wf-namespace-id": "d0b550e3-6091-4a9b-a9aa-3d80ffb24954", "logging-call-at": "/Users/shivamsaraf/Desktop/work/temporal/common/log/with_logger.go:61"}
2025-03-19T11:38:49.497-0400	debug	Frontend method invoked.	{"host": "127.0.0.1:63278", "wf-namespace": "namespace-ec265ab4-426c-4316-a4b3-47fc66311932", "operation": "RespondWorkflowTaskCompleted", "server-name": "", "cert-thumbprint": "", "logging-call-at": "/Users/shivamsaraf/Desktop/work/temporal/common/log/with_logger.go:61"}
2025-03-19T11:38:49.498-0400	debug	RespondWorkflowTaskCompleted	{"host": "127.0.0.1:63280", "service": "history", "wf-namespace-id": "d0b550e3-6091-4a9b-a9aa-3d80ffb24954", "wf-id": "temporal-sys-worker-deployment-version:rrentVersion_Batching-564e9892_deployment_series.rrentVersion_Batching-564e9892_build_id", "wf-run-id": "0195af0e-98a0-7d94-93e5-2a1d2e5942f8", "wf-scheduled-event-id": 483, "logging-call-at": "/Users/shivamsaraf/Desktop/work/temporal/common/log/with_logger.go:61"}
2025-03-19T11:38:49.498-0400	debug	Workflow task updated	{"host": "127.0.0.1:63280", "shard-id": 4, "address": "127.0.0.1:63280", "wf-scheduled-event-id": 0, "wf-started-event-id": 0, "workflow-task-request-id": "emptyUuid", "workflow-task-timeout": 0, "attempt": 1, "wf-started-timestamp": "1970-01-01T00:00:00.000Z", "wt-type": "Unspecified", "logging-call-at": "/Users/shivamsaraf/Desktop/work/temporal/common/log/with_logger.go:61"}
2025-03-19T11:38:49.498-0400	debug	update state change	{"host": "127.0.0.1:63280", "shard-id": 4, "address": "127.0.0.1:63280", "wf-namespace-id": "d0b550e3-6091-4a9b-a9aa-3d80ffb24954", "wf-id": "temporal-sys-worker-deployment-version:rrentVersion_Batching-564e9892_deployment_series.rrentVersion_Batching-564e9892_build_id", "wf-run-id": "0195af0e-98a0-7d94-93e5-2a1d2e5942f8", "update-id": "3eeb97a4-2ca2-4b43-9778-c34845e905ef", "from-state": "Accepted", "to-state": "ProvisionallyCompleted", "logging-call-at": "/Users/shivamsaraf/Desktop/work/temporal/common/log/with_logger.go:61"}
2025-03-19T11:38:49.501-0400	debug	update state change	{"host": "127.0.0.1:63280", "shard-id": 4, "address": "127.0.0.1:63280", "wf-namespace-id": "d0b550e3-6091-4a9b-a9aa-3d80ffb24954", "wf-id": "temporal-sys-worker-deployment-version:rrentVersion_Batching-564e9892_deployment_series.rrentVersion_Batching-564e9892_build_id", "wf-run-id": "0195af0e-98a0-7d94-93e5-2a1d2e5942f8", "update-id": "3eeb97a4-2ca2-4b43-9778-c34845e905ef", "from-state": "ProvisionallyCompleted", "to-state": "Completed", "logging-call-at": "/Users/shivamsaraf/Desktop/work/temporal/common/log/with_logger.go:61"}
2025-03-19T11:38:49.501-0400	debug	Frontend method invoked.	{"host": "127.0.0.1:63278", "wf-namespace": "namespace-ec265ab4-426c-4316-a4b3-47fc66311932", "operation": "RespondActivityTaskCompleted", "server-name": "", "cert-thumbprint": "", "logging-call-at": "/Users/shivamsaraf/Desktop/work/temporal/common/log/with_logger.go:61"}
2025-03-19T11:38:49.502-0400	debug	Workflow task updated	{"host": "127.0.0.1:63280", "shard-id": 1, "address": "127.0.0.1:63280", "wf-scheduled-event-id": 249, "wf-started-event-id": 0, "workflow-task-request-id": "emptyUuid", "workflow-task-timeout": 10, "attempt": 1, "wf-started-timestamp": "0001-01-01T00:00:00.000Z", "wt-type": "Normal", "logging-call-at": "/Users/shivamsaraf/Desktop/work/temporal/common/log/with_logger.go:61"}
2025-03-19T11:38:49.502-0400	debug	Assigning new task key	{"host": "127.0.0.1:63280", "shard-id": 1, "address": "127.0.0.1:63280", "wf-namespace-id": "d0b550e3-6091-4a9b-a9aa-3d80ffb24954", "wf-id": "temporal-sys-worker-deployment:rrentVersion_Batching-564e9892_deployment_series", "wf-run-id": "0195af0e-960d-715f-b6c6-08dcdf4b78ec", "queue-task-type": "TransferWorkflowTask", "queue-task-id": 1049150, "timestamp": "2025-03-19T15:38:49.502Z", "cursor-timestamp": "2025-03-19T15:38:50.447Z", "logging-call-at": "/Users/shivamsaraf/Desktop/work/temporal/common/log/with_logger.go:61"}
2025-03-19T11:38:49.502-0400	debug	Assigning new task key	{"host": "127.0.0.1:63280", "shard-id": 1, "address": "127.0.0.1:63280", "wf-namespace-id": "d0b550e3-6091-4a9b-a9aa-3d80ffb24954", "wf-id": "temporal-sys-worker-deployment:rrentVersion_Batching-564e9892_deployment_series", "wf-run-id": "0195af0e-960d-715f-b6c6-08dcdf4b78ec", "queue-task-type": "WorkflowTaskTimeout", "queue-task-id": 1049151, "timestamp": "2025-03-19T15:38:54.503Z", "cursor-timestamp": "2025-03-19T15:38:50.447Z", "logging-call-at": "/Users/shivamsaraf/Desktop/work/temporal/common/log/with_logger.go:61"}
2025-03-19T11:38:49.506-0400	debug	Process task as active.	{"host": "127.0.0.1:63280", "shard-id": 1, "address": "127.0.0.1:63280", "component": "transfer-queue-processor", "wf-namespace-id": "d0b550e3-6091-4a9b-a9aa-3d80ffb24954", "value": "d0b550e3-6091-4a9b-a9aa-3d80ffb24954/temporal-sys-worker-deployment:rrentVersion_Batching-564e9892_deployment_series/0195af0e-960d-715f-b6c6-08dcdf4b78ec", "logging-call-at": "/Users/shivamsaraf/Desktop/work/temporal/common/log/with_logger.go:61"}
2025-03-19T11:38:49.507-0400	debug	Workflow task updated	{"host": "127.0.0.1:63280", "shard-id": 1, "address": "127.0.0.1:63280", "wf-scheduled-event-id": 249, "wf-started-event-id": 250, "workflow-task-request-id": "8a484cc5-d4f2-4913-b796-16d5532b0a37", "workflow-task-timeout": 10, "attempt": 1, "wf-started-timestamp": "2025-03-19T15:38:49.507Z", "wt-type": "Normal", "logging-call-at": "/Users/shivamsaraf/Desktop/work/temporal/common/log/with_logger.go:61"}
2025-03-19T11:38:49.507-0400	debug	Assigning new task key	{"host": "127.0.0.1:63280", "shard-id": 1, "address": "127.0.0.1:63280", "wf-namespace-id": "d0b550e3-6091-4a9b-a9aa-3d80ffb24954", "wf-id": "temporal-sys-worker-deployment:rrentVersion_Batching-564e9892_deployment_series", "wf-run-id": "0195af0e-960d-715f-b6c6-08dcdf4b78ec", "queue-task-type": "WorkflowTaskTimeout", "queue-task-id": 1049154, "timestamp": "2025-03-19T15:38:59.508Z", "cursor-timestamp": "2025-03-19T15:38:50.506Z", "logging-call-at": "/Users/shivamsaraf/Desktop/work/temporal/common/log/with_logger.go:61"}
2025-03-19T11:38:49.513-0400	debug	ExecuteActivity	{"host": "127.0.0.1:63281", "Namespace": "namespace-ec265ab4-426c-4316-a4b3-47fc66311932", "TaskQueue": "temporal-sys-per-ns-tq", "WorkerID": "temporal-system@Shivams-MacBook-Pro.local@namespace-ec265ab4-426c-4316-a4b3-47fc66311932", "WorkflowType": "temporal-sys-worker-deployment-workflow", "WorkflowID": "temporal-sys-worker-deployment:rrentVersion_Batching-564e9892_deployment_series", "RunID": "0195af0e-960d-715f-b6c6-08dcdf4b78ec", "Attempt": 0, "ActivityID": "253", "ActivityType": "RegisterWorkerInVersion", "logging-call-at": "/Users/shivamsaraf/Desktop/work/temporal/common/log/with_logger.go:61"}
2025-03-19T11:38:49.513-0400	debug	Frontend method invoked.	{"host": "127.0.0.1:63278", "wf-namespace": "namespace-ec265ab4-426c-4316-a4b3-47fc66311932", "operation": "PollWorkflowTaskQueue", "server-name": "", "cert-thumbprint": "", "logging-call-at": "/Users/shivamsaraf/Desktop/work/temporal/common/log/with_logger.go:61"}
2025-03-19T11:38:49.513-0400	debug	Received PollWorkflowTaskQueue	{"host": "127.0.0.1:63278", "service": "frontend", "logging-call-at": "/Users/shivamsaraf/Desktop/work/temporal/common/log/with_logger.go:61"}
2025-03-19T11:38:49.513-0400	debug	Poll workflow task queue.	{"host": "127.0.0.1:63278", "service": "frontend", "wf-namespace": "namespace-ec265ab4-426c-4316-a4b3-47fc66311932", "wf-namespace-id": "d0b550e3-6091-4a9b-a9aa-3d80ffb24954", "logging-call-at": "/Users/shivamsaraf/Desktop/work/temporal/common/log/with_logger.go:61"}
2025-03-19T11:38:49.514-0400	debug	Frontend method invoked.	{"host": "127.0.0.1:63278", "wf-namespace": "namespace-ec265ab4-426c-4316-a4b3-47fc66311932", "operation": "RespondWorkflowTaskCompleted", "server-name": "", "cert-thumbprint": "", "logging-call-at": "/Users/shivamsaraf/Desktop/work/temporal/common/log/with_logger.go:61"}
2025-03-19T11:38:49.514-0400	debug	RespondWorkflowTaskCompleted	{"host": "127.0.0.1:63280", "service": "history", "wf-namespace-id": "d0b550e3-6091-4a9b-a9aa-3d80ffb24954", "wf-id": "temporal-sys-worker-deployment:rrentVersion_Batching-564e9892_deployment_series", "wf-run-id": "0195af0e-960d-715f-b6c6-08dcdf4b78ec", "wf-scheduled-event-id": 249, "logging-call-at": "/Users/shivamsaraf/Desktop/work/temporal/common/log/with_logger.go:61"}
2025-03-19T11:38:49.515-0400	debug	Workflow task updated	{"host": "127.0.0.1:63280", "shard-id": 1, "address": "127.0.0.1:63280", "wf-scheduled-event-id": 0, "wf-started-event-id": 0, "workflow-task-request-id": "emptyUuid", "workflow-task-timeout": 0, "attempt": 1, "wf-started-timestamp": "1970-01-01T00:00:00.000Z", "wt-type": "Unspecified", "logging-call-at": "/Users/shivamsaraf/Desktop/work/temporal/common/log/with_logger.go:61"}
2025-03-19T11:38:49.515-0400	debug	update state change	{"host": "127.0.0.1:63280", "shard-id": 1, "address": "127.0.0.1:63280", "wf-namespace-id": "d0b550e3-6091-4a9b-a9aa-3d80ffb24954", "wf-id": "temporal-sys-worker-deployment:rrentVersion_Batching-564e9892_deployment_series", "wf-run-id": "0195af0e-960d-715f-b6c6-08dcdf4b78ec", "update-id": "37bf7d9d-11da-4cee-aed6-0ba5fe99dfd4", "from-state": "Accepted", "to-state": "ProvisionallyCompleted", "logging-call-at": "/Users/shivamsaraf/Desktop/work/temporal/common/log/with_logger.go:61"}
2025-03-19T11:38:49.515-0400	debug	Assigning new task key	{"host": "127.0.0.1:63280", "shard-id": 1, "address": "127.0.0.1:63280", "wf-namespace-id": "d0b550e3-6091-4a9b-a9aa-3d80ffb24954", "wf-id": "temporal-sys-worker-deployment:rrentVersion_Batching-564e9892_deployment_series", "wf-run-id": "0195af0e-960d-715f-b6c6-08dcdf4b78ec", "queue-task-type": "TransferActivityTask", "queue-task-id": 1049160, "timestamp": "2025-03-19T15:38:49.515Z", "cursor-timestamp": "2025-03-19T15:38:50.506Z", "logging-call-at": "/Users/shivamsaraf/Desktop/work/temporal/common/log/with_logger.go:61"}
2025-03-19T11:38:49.518-0400	debug	update state change	{"host": "127.0.0.1:63280", "shard-id": 1, "address": "127.0.0.1:63280", "wf-namespace-id": "d0b550e3-6091-4a9b-a9aa-3d80ffb24954", "wf-id": "temporal-sys-worker-deployment:rrentVersion_Batching-564e9892_deployment_series", "wf-run-id": "0195af0e-960d-715f-b6c6-08dcdf4b78ec", "update-id": "37bf7d9d-11da-4cee-aed6-0ba5fe99dfd4", "from-state": "ProvisionallyCompleted", "to-state": "Completed", "logging-call-at": "/Users/shivamsaraf/Desktop/work/temporal/common/log/with_logger.go:61"}
2025-03-19T11:38:49.518-0400	debug	deployment client success	{"host": "127.0.0.1:63279", "operation": "RegisterTaskQueueWorker", "elapsed": 5.964803708, "args": ["rrentVersion_Batching-564e9892_task_queue_7",1,"matching service"], "logging-call-at": "/Users/shivamsaraf/Desktop/work/temporal/common/log/with_logger.go:61"}
2025-03-19T11:38:49.519-0400	debug	Process task as active.	{"host": "127.0.0.1:63280", "shard-id": 1, "address": "127.0.0.1:63280", "component": "transfer-queue-processor", "wf-namespace-id": "d0b550e3-6091-4a9b-a9aa-3d80ffb24954", "value": "d0b550e3-6091-4a9b-a9aa-3d80ffb24954/temporal-sys-worker-deployment:rrentVersion_Batching-564e9892_deployment_series/0195af0e-960d-715f-b6c6-08dcdf4b78ec", "logging-call-at": "/Users/shivamsaraf/Desktop/work/temporal/common/log/with_logger.go:61"}
2025-03-19T11:38:49.519-0400	debug	Assigning new task key	{"host": "127.0.0.1:63280", "shard-id": 1, "address": "127.0.0.1:63280", "wf-namespace-id": "d0b550e3-6091-4a9b-a9aa-3d80ffb24954", "wf-id": "temporal-sys-worker-deployment:rrentVersion_Batching-564e9892_deployment_series", "wf-run-id": "0195af0e-960d-715f-b6c6-08dcdf4b78ec", "queue-task-type": "ActivityTimeout", "queue-task-id": 1049162, "timestamp": "2025-03-19T15:39:49.520Z", "cursor-timestamp": "2025-03-19T15:38:50.518Z", "logging-call-at": "/Users/shivamsaraf/Desktop/work/temporal/common/log/with_logger.go:61"}
2025-03-19T11:38:49.523-0400	debug	Frontend method invoked.	{"host": "127.0.0.1:63278", "wf-namespace": "namespace-ec265ab4-426c-4316-a4b3-47fc66311932", "operation": "PollActivityTaskQueue", "server-name": "", "cert-thumbprint": "", "logging-call-at": "/Users/shivamsaraf/Desktop/work/temporal/common/log/with_logger.go:61"}
2025-03-19T11:38:49.523-0400	debug	Received PollActivityTaskQueue	{"host": "127.0.0.1:63278", "service": "frontend", "logging-call-at": "/Users/shivamsaraf/Desktop/work/temporal/common/log/with_logger.go:61"}
2025-03-19T11:38:49.524-0400	debug	update state change	{"host": "127.0.0.1:63280", "shard-id": 4, "address": "127.0.0.1:63280", "wf-namespace-id": "d0b550e3-6091-4a9b-a9aa-3d80ffb24954", "wf-id": "temporal-sys-worker-deployment-version:rrentVersion_Batching-564e9892_deployment_series.rrentVersion_Batching-564e9892_build_id", "wf-run-id": "0195af0e-98a0-7d94-93e5-2a1d2e5942f8", "update-id": "67f470a9-d951-4d7b-9745-3f7c356d6864", "from-state": "Created", "to-state": "ProvisionallyAdmitted", "logging-call-at": "/Users/shivamsaraf/Desktop/work/temporal/common/log/with_logger.go:61"}
2025-03-19T11:38:49.524-0400	debug	update state change	{"host": "127.0.0.1:63280", "shard-id": 4, "address": "127.0.0.1:63280", "wf-namespace-id": "d0b550e3-6091-4a9b-a9aa-3d80ffb24954", "wf-id": "temporal-sys-worker-deployment-version:rrentVersion_Batching-564e9892_deployment_series.rrentVersion_Batching-564e9892_build_id", "wf-run-id": "0195af0e-98a0-7d94-93e5-2a1d2e5942f8", "update-id": "67f470a9-d951-4d7b-9745-3f7c356d6864", "from-state": "ProvisionallyAdmitted", "to-state": "Admitted", "logging-call-at": "/Users/shivamsaraf/Desktop/work/temporal/common/log/with_logger.go:61"}
2025-03-19T11:38:49.524-0400	debug	Workflow task updated	{"host": "127.0.0.1:63280", "shard-id": 4, "address": "127.0.0.1:63280", "wf-scheduled-event-id": 487, "wf-started-event-id": 0, "workflow-task-request-id": "emptyUuid", "workflow-task-timeout": 10, "attempt": 1, "wf-started-timestamp": "0001-01-01T00:00:00.000Z", "wt-type": "Speculative", "logging-call-at": "/Users/shivamsaraf/Desktop/work/temporal/common/log/with_logger.go:61"}
2025-03-19T11:38:49.525-0400	debug	Workflow task updated	{"host": "127.0.0.1:63280", "shard-id": 4, "address": "127.0.0.1:63280", "wf-scheduled-event-id": 487, "wf-started-event-id": 488, "workflow-task-request-id": "dc05cd39-666f-44ef-b8d6-138e3af6a5a5", "workflow-task-timeout": 10, "attempt": 1, "wf-started-timestamp": "2025-03-19T15:38:49.525Z", "wt-type": "Speculative", "logging-call-at": "/Users/shivamsaraf/Desktop/work/temporal/common/log/with_logger.go:61"}
2025-03-19T11:38:49.525-0400	debug	update state change	{"host": "127.0.0.1:63280", "shard-id": 4, "address": "127.0.0.1:63280", "wf-namespace-id": "d0b550e3-6091-4a9b-a9aa-3d80ffb24954", "wf-id": "temporal-sys-worker-deployment-version:rrentVersion_Batching-564e9892_deployment_series.rrentVersion_Batching-564e9892_build_id", "wf-run-id": "0195af0e-98a0-7d94-93e5-2a1d2e5942f8", "update-id": "67f470a9-d951-4d7b-9745-3f7c356d6864", "from-state": "Admitted", "to-state": "Sent", "logging-call-at": "/Users/shivamsaraf/Desktop/work/temporal/common/log/with_logger.go:61"}
2025-03-19T11:38:49.529-0400	debug	ExecuteActivity	{"host": "127.0.0.1:63281", "Namespace": "namespace-ec265ab4-426c-4316-a4b3-47fc66311932", "TaskQueue": "temporal-sys-per-ns-tq", "WorkerID": "temporal-system@Shivams-MacBook-Pro.local@namespace-ec265ab4-426c-4316-a4b3-47fc66311932", "WorkflowType": "temporal-sys-worker-deployment-version-workflow", "WorkflowID": "temporal-sys-worker-deployment-version:rrentVersion_Batching-564e9892_deployment_series.rrentVersion_Batching-564e9892_build_id", "RunID": "0195af0e-98a0-7d94-93e5-2a1d2e5942f8", "Attempt": 0, "ActivityID": "491", "ActivityType": "SyncDeploymentVersionUserData", "logging-call-at": "/Users/shivamsaraf/Desktop/work/temporal/common/log/with_logger.go:61"}
2025-03-19T11:38:49.529-0400	debug	Frontend method invoked.	{"host": "127.0.0.1:63278", "wf-namespace": "namespace-ec265ab4-426c-4316-a4b3-47fc66311932", "operation": "PollWorkflowTaskQueue", "server-name": "", "cert-thumbprint": "", "logging-call-at": "/Users/shivamsaraf/Desktop/work/temporal/common/log/with_logger.go:61"}
2025-03-19T11:38:49.529-0400	debug	Received PollWorkflowTaskQueue	{"host": "127.0.0.1:63278", "service": "frontend", "logging-call-at": "/Users/shivamsaraf/Desktop/work/temporal/common/log/with_logger.go:61"}
2025-03-19T11:38:49.529-0400	debug	Poll workflow task queue.	{"host": "127.0.0.1:63278", "service": "frontend", "wf-namespace": "namespace-ec265ab4-426c-4316-a4b3-47fc66311932", "wf-namespace-id": "d0b550e3-6091-4a9b-a9aa-3d80ffb24954", "logging-call-at": "/Users/shivamsaraf/Desktop/work/temporal/common/log/with_logger.go:61"}
2025-03-19T11:38:49.529-0400	debug	Frontend method invoked.	{"host": "127.0.0.1:63278", "wf-namespace": "namespace-ec265ab4-426c-4316-a4b3-47fc66311932", "operation": "RespondWorkflowTaskCompleted", "server-name": "", "cert-thumbprint": "", "logging-call-at": "/Users/shivamsaraf/Desktop/work/temporal/common/log/with_logger.go:61"}
2025-03-19T11:38:49.530-0400	debug	RespondWorkflowTaskCompleted	{"host": "127.0.0.1:63280", "service": "history", "wf-namespace-id": "d0b550e3-6091-4a9b-a9aa-3d80ffb24954", "wf-id": "temporal-sys-worker-deployment-version:rrentVersion_Batching-564e9892_deployment_series.rrentVersion_Batching-564e9892_build_id", "wf-run-id": "0195af0e-98a0-7d94-93e5-2a1d2e5942f8", "wf-scheduled-event-id": 487, "logging-call-at": "/Users/shivamsaraf/Desktop/work/temporal/common/log/with_logger.go:61"}
2025-03-19T11:38:49.530-0400	debug	Workflow task updated	{"host": "127.0.0.1:63280", "shard-id": 4, "address": "127.0.0.1:63280", "wf-scheduled-event-id": 0, "wf-started-event-id": 0, "workflow-task-request-id": "emptyUuid", "workflow-task-timeout": 0, "attempt": 1, "wf-started-timestamp": "1970-01-01T00:00:00.000Z", "wt-type": "Unspecified", "logging-call-at": "/Users/shivamsaraf/Desktop/work/temporal/common/log/with_logger.go:61"}
2025-03-19T11:38:49.530-0400	debug	update state change	{"host": "127.0.0.1:63280", "shard-id": 4, "address": "127.0.0.1:63280", "wf-namespace-id": "d0b550e3-6091-4a9b-a9aa-3d80ffb24954", "wf-id": "temporal-sys-worker-deployment-version:rrentVersion_Batching-564e9892_deployment_series.rrentVersion_Batching-564e9892_build_id", "wf-run-id": "0195af0e-98a0-7d94-93e5-2a1d2e5942f8", "update-id": "67f470a9-d951-4d7b-9745-3f7c356d6864", "from-state": "Sent", "to-state": "ProvisionallyAccepted", "logging-call-at": "/Users/shivamsaraf/Desktop/work/temporal/common/log/with_logger.go:61"}
2025-03-19T11:38:49.530-0400	debug	Assigning new task key	{"host": "127.0.0.1:63280", "shard-id": 4, "address": "127.0.0.1:63280", "wf-namespace-id": "d0b550e3-6091-4a9b-a9aa-3d80ffb24954", "wf-id": "temporal-sys-worker-deployment-version:rrentVersion_Batching-564e9892_deployment_series.rrentVersion_Batching-564e9892_build_id", "wf-run-id": "0195af0e-98a0-7d94-93e5-2a1d2e5942f8", "queue-task-type": "TransferActivityTask", "queue-task-id": 1049841, "timestamp": "2025-03-19T15:38:49.530Z", "cursor-timestamp": "2025-03-19T15:38:50.489Z", "logging-call-at": "/Users/shivamsaraf/Desktop/work/temporal/common/log/with_logger.go:61"}
2025-03-19T11:38:49.534-0400	debug	update state change	{"host": "127.0.0.1:63280", "shard-id": 4, "address": "127.0.0.1:63280", "wf-namespace-id": "d0b550e3-6091-4a9b-a9aa-3d80ffb24954", "wf-id": "temporal-sys-worker-deployment-version:rrentVersion_Batching-564e9892_deployment_series.rrentVersion_Batching-564e9892_build_id", "wf-run-id": "0195af0e-98a0-7d94-93e5-2a1d2e5942f8", "update-id": "67f470a9-d951-4d7b-9745-3f7c356d6864", "from-state": "ProvisionallyAccepted", "to-state": "Accepted", "logging-call-at": "/Users/shivamsaraf/Desktop/work/temporal/common/log/with_logger.go:61"}
2025-03-19T11:38:49.534-0400	debug	Process task as active.	{"host": "127.0.0.1:63280", "shard-id": 4, "address": "127.0.0.1:63280", "component": "transfer-queue-processor", "wf-namespace-id": "d0b550e3-6091-4a9b-a9aa-3d80ffb24954", "value": "d0b550e3-6091-4a9b-a9aa-3d80ffb24954/temporal-sys-worker-deployment-version:rrentVersion_Batching-564e9892_deployment_series.rrentVersion_Batching-564e9892_build_id/0195af0e-98a0-7d94-93e5-2a1d2e5942f8", "logging-call-at": "/Users/shivamsaraf/Desktop/work/temporal/common/log/with_logger.go:61"}
2025-03-19T11:38:49.535-0400	debug	Assigning new task key	{"host": "127.0.0.1:63280", "shard-id": 4, "address": "127.0.0.1:63280", "wf-namespace-id": "d0b550e3-6091-4a9b-a9aa-3d80ffb24954", "wf-id": "temporal-sys-worker-deployment-version:rrentVersion_Batching-564e9892_deployment_series.rrentVersion_Batching-564e9892_build_id", "wf-run-id": "0195af0e-98a0-7d94-93e5-2a1d2e5942f8", "queue-task-type": "ActivityTimeout", "queue-task-id": 1049842, "timestamp": "2025-03-19T15:39:49.536Z", "cursor-timestamp": "2025-03-19T15:38:50.534Z", "logging-call-at": "/Users/shivamsaraf/Desktop/work/temporal/common/log/with_logger.go:61"}
2025-03-19T11:38:49.539-0400	info	syncing task queue userdata for deployment version	{"host": "127.0.0.1:63281", "Namespace": "namespace-ec265ab4-426c-4316-a4b3-47fc66311932", "TaskQueue": "temporal-sys-per-ns-tq", "WorkerID": "temporal-system@Shivams-MacBook-Pro.local@namespace-ec265ab4-426c-4316-a4b3-47fc66311932", "ActivityID": "491", "ActivityType": "SyncDeploymentVersionUserData", "Attempt": 1, "WorkflowType": "temporal-sys-worker-deployment-version-workflow", "WorkflowID": "temporal-sys-worker-deployment-version:rrentVersion_Batching-564e9892_deployment_series.rrentVersion_Batching-564e9892_build_id", "RunID": "0195af0e-98a0-7d94-93e5-2a1d2e5942f8", "taskQueue": "rrentVersion_Batching-564e9892_task_queue_30", "types": [1], "logging-call-at": "/Users/shivamsaraf/Desktop/work/temporal/common/log/with_logger.go:66"}
2025-03-19T11:38:49.539-0400	debug	Frontend method invoked.	{"host": "127.0.0.1:63278", "wf-namespace": "namespace-ec265ab4-426c-4316-a4b3-47fc66311932", "operation": "PollActivityTaskQueue", "server-name": "", "cert-thumbprint": "", "logging-call-at": "/Users/shivamsaraf/Desktop/work/temporal/common/log/with_logger.go:61"}
2025-03-19T11:38:49.539-0400	debug	Received PollActivityTaskQueue	{"host": "127.0.0.1:63278", "service": "frontend", "logging-call-at": "/Users/shivamsaraf/Desktop/work/temporal/common/log/with_logger.go:61"}
2025-03-19T11:38:49.598-0400	debug	Process task as active.	{"host": "127.0.0.1:63280", "shard-id": 4, "address": "127.0.0.1:63280", "component": "timer-queue-processor", "wf-namespace-id": "d0b550e3-6091-4a9b-a9aa-3d80ffb24954", "value": "d0b550e3-6091-4a9b-a9aa-3d80ffb24954/temporal-sys-worker-deployment-version:rrentVersion_Batching-564e9892_deployment_series.rrentVersion_Batching-564e9892_build_id/0195af0e-98a0-7d94-93e5-2a1d2e5942f8", "logging-call-at": "/Users/shivamsaraf/Desktop/work/temporal/common/log/with_logger.go:61"}
2025-03-19T11:38:49.625-0400	debug	Process task as active.	{"host": "127.0.0.1:63280", "shard-id": 4, "address": "127.0.0.1:63280", "component": "timer-queue-processor", "wf-namespace-id": "d0b550e3-6091-4a9b-a9aa-3d80ffb24954", "value": "d0b550e3-6091-4a9b-a9aa-3d80ffb24954/temporal-sys-worker-deployment-version:rrentVersion_Batching-564e9892_deployment_series.rrentVersion_Batching-564e9892_build_id/0195af0e-98a0-7d94-93e5-2a1d2e5942f8", "logging-call-at": "/Users/shivamsaraf/Desktop/work/temporal/common/log/with_logger.go:61"}
2025-03-19T11:38:49.640-0400	debug	Process task as active.	{"host": "127.0.0.1:63280", "shard-id": 1, "address": "127.0.0.1:63280", "component": "timer-queue-processor", "wf-namespace-id": "d0b550e3-6091-4a9b-a9aa-3d80ffb24954", "value": "d0b550e3-6091-4a9b-a9aa-3d80ffb24954/temporal-sys-worker-deployment:rrentVersion_Batching-564e9892_deployment_series/0195af0e-960d-715f-b6c6-08dcdf4b78ec", "logging-call-at": "/Users/shivamsaraf/Desktop/work/temporal/common/log/with_logger.go:61"}
2025-03-19T11:38:49.640-0400	info	modified user data	{"host": "127.0.0.1:63279", "component": "matching-engine", "wf-task-queue-name": "rrentVersion_Batching-564e9892_task_queue_30", "wf-task-queue-type": "Workflow", "wf-namespace": "namespace-ec265ab4-426c-4316-a4b3-47fc66311932", "user-data-update-source": "SyncDeploymentUserData", "user-data-version": 1, "timestamp": "2025-03-19T15:38:49.539Z", "logging-call-at": "/Users/shivamsaraf/Desktop/work/temporal/common/log/with_logger.go:66"}
2025-03-19T11:38:49.641-0400	debug	user data changed while blocked in long poll	{"host": "127.0.0.1:63279", "component": "matching-engine", "wf-task-queue-name": "rrentVersion_Batching-564e9892_task_queue_30", "wf-task-queue-type": "Workflow", "wf-namespace": "namespace-ec265ab4-426c-4316-a4b3-47fc66311932", "logging-call-at": "/Users/shivamsaraf/Desktop/work/temporal/common/log/with_logger.go:61"}
2025-03-19T11:38:49.641-0400	debug	user data changed while blocked in long poll	{"host": "127.0.0.1:63279", "component": "matching-engine", "wf-task-queue-name": "rrentVersion_Batching-564e9892_task_queue_30", "wf-task-queue-type": "Workflow", "wf-namespace": "namespace-ec265ab4-426c-4316-a4b3-47fc66311932", "logging-call-at": "/Users/shivamsaraf/Desktop/work/temporal/common/log/with_logger.go:61"}
2025-03-19T11:38:49.641-0400	debug	user data changed while blocked in long poll	{"host": "127.0.0.1:63279", "component": "matching-engine", "wf-task-queue-name": "rrentVersion_Batching-564e9892_task_queue_30", "wf-task-queue-type": "Workflow", "wf-namespace": "namespace-ec265ab4-426c-4316-a4b3-47fc66311932", "logging-call-at": "/Users/shivamsaraf/Desktop/work/temporal/common/log/with_logger.go:61"}
2025-03-19T11:38:49.641-0400	info	returning user data	{"host": "127.0.0.1:63279", "component": "matching-engine", "wf-task-queue-name": "rrentVersion_Batching-564e9892_task_queue_30", "wf-task-queue-type": "Workflow", "wf-namespace": "namespace-ec265ab4-426c-4316-a4b3-47fc66311932", "long-poll": true, "request-known-version": 0, "user-data-version": 1, "logging-call-at": "/Users/shivamsaraf/Desktop/work/temporal/common/log/with_logger.go:66"}
2025-03-19T11:38:49.641-0400	info	returning user data	{"host": "127.0.0.1:63279", "component": "matching-engine", "wf-task-queue-name": "rrentVersion_Batching-564e9892_task_queue_30", "wf-task-queue-type": "Workflow", "wf-namespace": "namespace-ec265ab4-426c-4316-a4b3-47fc66311932", "long-poll": true, "request-known-version": 0, "user-data-version": 1, "logging-call-at": "/Users/shivamsaraf/Desktop/work/temporal/common/log/with_logger.go:66"}
2025-03-19T11:38:49.641-0400	info	returning user data	{"host": "127.0.0.1:63279", "component": "matching-engine", "wf-task-queue-name": "rrentVersion_Batching-564e9892_task_queue_30", "wf-task-queue-type": "Workflow", "wf-namespace": "namespace-ec265ab4-426c-4316-a4b3-47fc66311932", "long-poll": true, "request-known-version": 0, "user-data-version": 1, "logging-call-at": "/Users/shivamsaraf/Desktop/work/temporal/common/log/with_logger.go:66"}
2025-03-19T11:38:49.641-0400	info	fetched user data from parent	{"host": "127.0.0.1:63279", "component": "matching-engine", "wf-task-queue-name": "/_sys/rrentVersion_Batching-564e9892_task_queue_30/2", "wf-task-queue-type": "Workflow", "wf-namespace": "namespace-ec265ab4-426c-4316-a4b3-47fc66311932", "user-data-version": 1, "timestamp": "2025-03-19T15:38:49.539Z", "logging-call-at": "/Users/shivamsaraf/Desktop/work/temporal/common/log/with_logger.go:66"}
2025-03-19T11:38:49.641-0400	info	fetched user data from parent	{"host": "127.0.0.1:63279", "component": "matching-engine", "wf-task-queue-name": "/_sys/rrentVersion_Batching-564e9892_task_queue_30/3", "wf-task-queue-type": "Workflow", "wf-namespace": "namespace-ec265ab4-426c-4316-a4b3-47fc66311932", "user-data-version": 1, "timestamp": "2025-03-19T15:38:49.539Z", "logging-call-at": "/Users/shivamsaraf/Desktop/work/temporal/common/log/with_logger.go:66"}
2025-03-19T11:38:49.641-0400	info	fetched user data from parent	{"host": "127.0.0.1:63279", "component": "matching-engine", "wf-task-queue-name": "/_sys/rrentVersion_Batching-564e9892_task_queue_30/1", "wf-task-queue-type": "Workflow", "wf-namespace": "namespace-ec265ab4-426c-4316-a4b3-47fc66311932", "user-data-version": 1, "timestamp": "2025-03-19T15:38:49.539Z", "logging-call-at": "/Users/shivamsaraf/Desktop/work/temporal/common/log/with_logger.go:66"}
2025-03-19T11:38:49.641-0400	debug	Frontend method invoked.	{"host": "127.0.0.1:63278", "wf-namespace": "namespace-ec265ab4-426c-4316-a4b3-47fc66311932", "operation": "RespondActivityTaskCompleted", "server-name": "", "cert-thumbprint": "", "logging-call-at": "/Users/shivamsaraf/Desktop/work/temporal/common/log/with_logger.go:61"}
2025-03-19T11:38:49.642-0400	debug	Workflow task updated	{"host": "127.0.0.1:63280", "shard-id": 4, "address": "127.0.0.1:63280", "wf-scheduled-event-id": 494, "wf-started-event-id": 0, "workflow-task-request-id": "emptyUuid", "workflow-task-timeout": 10, "attempt": 1, "wf-started-timestamp": "0001-01-01T00:00:00.000Z", "wt-type": "Normal", "logging-call-at": "/Users/shivamsaraf/Desktop/work/temporal/common/log/with_logger.go:61"}
2025-03-19T11:38:49.642-0400	debug	Assigning new task key	{"host": "127.0.0.1:63280", "shard-id": 4, "address": "127.0.0.1:63280", "wf-namespace-id": "d0b550e3-6091-4a9b-a9aa-3d80ffb24954", "wf-id": "temporal-sys-worker-deployment-version:rrentVersion_Batching-564e9892_deployment_series.rrentVersion_Batching-564e9892_build_id", "wf-run-id": "0195af0e-98a0-7d94-93e5-2a1d2e5942f8", "queue-task-type": "WorkflowTaskTimeout", "queue-task-id": 1049848, "timestamp": "2025-03-19T15:38:54.643Z", "cursor-timestamp": "2025-03-19T15:38:50.534Z", "logging-call-at": "/Users/shivamsaraf/Desktop/work/temporal/common/log/with_logger.go:61"}
2025-03-19T11:38:49.642-0400	debug	Assigning new task key	{"host": "127.0.0.1:63280", "shard-id": 4, "address": "127.0.0.1:63280", "wf-namespace-id": "d0b550e3-6091-4a9b-a9aa-3d80ffb24954", "wf-id": "temporal-sys-worker-deployment-version:rrentVersion_Batching-564e9892_deployment_series.rrentVersion_Batching-564e9892_build_id", "wf-run-id": "0195af0e-98a0-7d94-93e5-2a1d2e5942f8", "queue-task-type": "TransferWorkflowTask", "queue-task-id": 1049849, "timestamp": "2025-03-19T15:38:49.642Z", "cursor-timestamp": "2025-03-19T15:38:50.534Z", "logging-call-at": "/Users/shivamsaraf/Desktop/work/temporal/common/log/with_logger.go:61"}
2025-03-19T11:38:49.648-0400	debug	Process task as active.	{"host": "127.0.0.1:63280", "shard-id": 4, "address": "127.0.0.1:63280", "component": "transfer-queue-processor", "wf-namespace-id": "d0b550e3-6091-4a9b-a9aa-3d80ffb24954", "value": "d0b550e3-6091-4a9b-a9aa-3d80ffb24954/temporal-sys-worker-deployment-version:rrentVersion_Batching-564e9892_deployment_series.rrentVersion_Batching-564e9892_build_id/0195af0e-98a0-7d94-93e5-2a1d2e5942f8", "logging-call-at": "/Users/shivamsaraf/Desktop/work/temporal/common/log/with_logger.go:61"}
2025-03-19T11:38:49.649-0400	debug	Workflow task updated	{"host": "127.0.0.1:63280", "shard-id": 4, "address": "127.0.0.1:63280", "wf-scheduled-event-id": 494, "wf-started-event-id": 495, "workflow-task-request-id": "9c2896c1-0a83-4924-9687-b752bc33a1bc", "workflow-task-timeout": 10, "attempt": 1, "wf-started-timestamp": "2025-03-19T15:38:49.649Z", "wt-type": "Normal", "logging-call-at": "/Users/shivamsaraf/Desktop/work/temporal/common/log/with_logger.go:61"}
2025-03-19T11:38:49.649-0400	debug	Assigning new task key	{"host": "127.0.0.1:63280", "shard-id": 4, "address": "127.0.0.1:63280", "wf-namespace-id": "d0b550e3-6091-4a9b-a9aa-3d80ffb24954", "wf-id": "temporal-sys-worker-deployment-version:rrentVersion_Batching-564e9892_deployment_series.rrentVersion_Batching-564e9892_build_id", "wf-run-id": "0195af0e-98a0-7d94-93e5-2a1d2e5942f8", "queue-task-type": "WorkflowTaskTimeout", "queue-task-id": 1049852, "timestamp": "2025-03-19T15:38:59.650Z", "cursor-timestamp": "2025-03-19T15:38:50.647Z", "logging-call-at": "/Users/shivamsaraf/Desktop/work/temporal/common/log/with_logger.go:61"}
2025-03-19T11:38:49.659-0400	debug	ExecuteActivity	{"host": "127.0.0.1:63281", "Namespace": "namespace-ec265ab4-426c-4316-a4b3-47fc66311932", "TaskQueue": "temporal-sys-per-ns-tq", "WorkerID": "temporal-system@Shivams-MacBook-Pro.local@namespace-ec265ab4-426c-4316-a4b3-47fc66311932", "WorkflowType": "temporal-sys-worker-deployment-version-workflow", "WorkflowID": "temporal-sys-worker-deployment-version:rrentVersion_Batching-564e9892_deployment_series.rrentVersion_Batching-564e9892_build_id", "RunID": "0195af0e-98a0-7d94-93e5-2a1d2e5942f8", "Attempt": 0, "ActivityID": "497", "ActivityType": "CheckWorkerDeploymentUserDataPropagation", "logging-call-at": "/Users/shivamsaraf/Desktop/work/temporal/common/log/with_logger.go:61"}
2025-03-19T11:38:49.659-0400	debug	Frontend method invoked.	{"host": "127.0.0.1:63278", "wf-namespace": "namespace-ec265ab4-426c-4316-a4b3-47fc66311932", "operation": "PollWorkflowTaskQueue", "server-name": "", "cert-thumbprint": "", "logging-call-at": "/Users/shivamsaraf/Desktop/work/temporal/common/log/with_logger.go:61"}
2025-03-19T11:38:49.659-0400	debug	Received PollWorkflowTaskQueue	{"host": "127.0.0.1:63278", "service": "frontend", "logging-call-at": "/Users/shivamsaraf/Desktop/work/temporal/common/log/with_logger.go:61"}
2025-03-19T11:38:49.659-0400	debug	Poll workflow task queue.	{"host": "127.0.0.1:63278", "service": "frontend", "wf-namespace": "namespace-ec265ab4-426c-4316-a4b3-47fc66311932", "wf-namespace-id": "d0b550e3-6091-4a9b-a9aa-3d80ffb24954", "logging-call-at": "/Users/shivamsaraf/Desktop/work/temporal/common/log/with_logger.go:61"}
2025-03-19T11:38:49.659-0400	debug	Frontend method invoked.	{"host": "127.0.0.1:63278", "wf-namespace": "namespace-ec265ab4-426c-4316-a4b3-47fc66311932", "operation": "RespondWorkflowTaskCompleted", "server-name": "", "cert-thumbprint": "", "logging-call-at": "/Users/shivamsaraf/Desktop/work/temporal/common/log/with_logger.go:61"}
2025-03-19T11:38:49.660-0400	debug	RespondWorkflowTaskCompleted	{"host": "127.0.0.1:63280", "service": "history", "wf-namespace-id": "d0b550e3-6091-4a9b-a9aa-3d80ffb24954", "wf-id": "temporal-sys-worker-deployment-version:rrentVersion_Batching-564e9892_deployment_series.rrentVersion_Batching-564e9892_build_id", "wf-run-id": "0195af0e-98a0-7d94-93e5-2a1d2e5942f8", "wf-scheduled-event-id": 494, "logging-call-at": "/Users/shivamsaraf/Desktop/work/temporal/common/log/with_logger.go:61"}
2025-03-19T11:38:49.660-0400	debug	Workflow task updated	{"host": "127.0.0.1:63280", "shard-id": 4, "address": "127.0.0.1:63280", "wf-scheduled-event-id": 0, "wf-started-event-id": 0, "workflow-task-request-id": "emptyUuid", "workflow-task-timeout": 0, "attempt": 1, "wf-started-timestamp": "1970-01-01T00:00:00.000Z", "wt-type": "Unspecified", "logging-call-at": "/Users/shivamsaraf/Desktop/work/temporal/common/log/with_logger.go:61"}
2025-03-19T11:38:49.660-0400	debug	Assigning new task key	{"host": "127.0.0.1:63280", "shard-id": 4, "address": "127.0.0.1:63280", "wf-namespace-id": "d0b550e3-6091-4a9b-a9aa-3d80ffb24954", "wf-id": "temporal-sys-worker-deployment-version:rrentVersion_Batching-564e9892_deployment_series.rrentVersion_Batching-564e9892_build_id", "wf-run-id": "0195af0e-98a0-7d94-93e5-2a1d2e5942f8", "queue-task-type": "TransferActivityTask", "queue-task-id": 1049857, "timestamp": "2025-03-19T15:38:49.660Z", "cursor-timestamp": "2025-03-19T15:38:50.647Z", "logging-call-at": "/Users/shivamsaraf/Desktop/work/temporal/common/log/with_logger.go:61"}
2025-03-19T11:38:49.665-0400	debug	Process task as active.	{"host": "127.0.0.1:63280", "shard-id": 4, "address": "127.0.0.1:63280", "component": "transfer-queue-processor", "wf-namespace-id": "d0b550e3-6091-4a9b-a9aa-3d80ffb24954", "value": "d0b550e3-6091-4a9b-a9aa-3d80ffb24954/temporal-sys-worker-deployment-version:rrentVersion_Batching-564e9892_deployment_series.rrentVersion_Batching-564e9892_build_id/0195af0e-98a0-7d94-93e5-2a1d2e5942f8", "logging-call-at": "/Users/shivamsaraf/Desktop/work/temporal/common/log/with_logger.go:61"}
2025-03-19T11:38:49.666-0400	debug	Assigning new task key	{"host": "127.0.0.1:63280", "shard-id": 4, "address": "127.0.0.1:63280", "wf-namespace-id": "d0b550e3-6091-4a9b-a9aa-3d80ffb24954", "wf-id": "temporal-sys-worker-deployment-version:rrentVersion_Batching-564e9892_deployment_series.rrentVersion_Batching-564e9892_build_id", "wf-run-id": "0195af0e-98a0-7d94-93e5-2a1d2e5942f8", "queue-task-type": "ActivityTimeout", "queue-task-id": 1049858, "timestamp": "2025-03-19T15:39:49.666Z", "cursor-timestamp": "2025-03-19T15:38:50.664Z", "logging-call-at": "/Users/shivamsaraf/Desktop/work/temporal/common/log/with_logger.go:61"}
2025-03-19T11:38:49.670-0400	info	waiting for userdata propagation	{"host": "127.0.0.1:63281", "Namespace": "namespace-ec265ab4-426c-4316-a4b3-47fc66311932", "TaskQueue": "temporal-sys-per-ns-tq", "WorkerID": "temporal-system@Shivams-MacBook-Pro.local@namespace-ec265ab4-426c-4316-a4b3-47fc66311932", "ActivityID": "497", "ActivityType": "CheckWorkerDeploymentUserDataPropagation", "Attempt": 1, "WorkflowType": "temporal-sys-worker-deployment-version-workflow", "WorkflowID": "temporal-sys-worker-deployment-version:rrentVersion_Batching-564e9892_deployment_series.rrentVersion_Batching-564e9892_build_id", "RunID": "0195af0e-98a0-7d94-93e5-2a1d2e5942f8", "taskQueue": "rrentVersion_Batching-564e9892_task_queue_30", "version": 1, "logging-call-at": "/Users/shivamsaraf/Desktop/work/temporal/common/log/with_logger.go:66"}
2025-03-19T11:38:49.670-0400	debug	Frontend method invoked.	{"host": "127.0.0.1:63278", "wf-namespace": "namespace-ec265ab4-426c-4316-a4b3-47fc66311932", "operation": "PollActivityTaskQueue", "server-name": "", "cert-thumbprint": "", "logging-call-at": "/Users/shivamsaraf/Desktop/work/temporal/common/log/with_logger.go:61"}
2025-03-19T11:38:49.670-0400	debug	Received PollActivityTaskQueue	{"host": "127.0.0.1:63278", "service": "frontend", "logging-call-at": "/Users/shivamsaraf/Desktop/work/temporal/common/log/with_logger.go:61"}
2025-03-19T11:38:49.671-0400	info	returning user data	{"host": "127.0.0.1:63279", "component": "matching-engine", "wf-task-queue-name": "/_sys/rrentVersion_Batching-564e9892_task_queue_30/2", "wf-task-queue-type": "Workflow", "wf-namespace": "namespace-ec265ab4-426c-4316-a4b3-47fc66311932", "long-poll": true, "request-known-version": 0, "user-data-version": 1, "logging-call-at": "/Users/shivamsaraf/Desktop/work/temporal/common/log/with_logger.go:66"}
2025-03-19T11:38:49.671-0400	info	returning user data	{"host": "127.0.0.1:63279", "component": "matching-engine", "wf-task-queue-name": "/_sys/rrentVersion_Batching-564e9892_task_queue_30/1", "wf-task-queue-type": "Workflow", "wf-namespace": "namespace-ec265ab4-426c-4316-a4b3-47fc66311932", "long-poll": true, "request-known-version": 0, "user-data-version": 1, "logging-call-at": "/Users/shivamsaraf/Desktop/work/temporal/common/log/with_logger.go:66"}
2025-03-19T11:38:49.671-0400	info	matching client encountered error	{"host": "127.0.0.1:63279", "error": "partition was not loaded", "service-error-type": "serviceerror.FailedPrecondition", "logging-call-at": "/Users/shivamsaraf/Desktop/work/temporal/common/log/with_logger.go:66"}
2025-03-19T11:38:49.671-0400	info	returning user data	{"host": "127.0.0.1:63279", "component": "matching-engine", "wf-task-queue-name": "/_sys/rrentVersion_Batching-564e9892_task_queue_30/3", "wf-task-queue-type": "Workflow", "wf-namespace": "namespace-ec265ab4-426c-4316-a4b3-47fc66311932", "long-poll": true, "request-known-version": 0, "user-data-version": 1, "logging-call-at": "/Users/shivamsaraf/Desktop/work/temporal/common/log/with_logger.go:66"}
2025-03-19T11:38:49.671-0400	info	matching client encountered error	{"host": "127.0.0.1:63279", "error": "partition was not loaded", "service-error-type": "serviceerror.FailedPrecondition", "logging-call-at": "/Users/shivamsaraf/Desktop/work/temporal/common/log/with_logger.go:66"}
2025-03-19T11:38:49.671-0400	info	matching client encountered error	{"host": "127.0.0.1:63279", "error": "partition was not loaded", "service-error-type": "serviceerror.FailedPrecondition", "logging-call-at": "/Users/shivamsaraf/Desktop/work/temporal/common/log/with_logger.go:66"}
2025-03-19T11:38:49.671-0400	info	matching client encountered error	{"host": "127.0.0.1:63279", "error": "partition was not loaded", "service-error-type": "serviceerror.FailedPrecondition", "logging-call-at": "/Users/shivamsaraf/Desktop/work/temporal/common/log/with_logger.go:66"}
2025-03-19T11:38:49.672-0400	debug	Frontend method invoked.	{"host": "127.0.0.1:63278", "wf-namespace": "namespace-ec265ab4-426c-4316-a4b3-47fc66311932", "operation": "RespondActivityTaskCompleted", "server-name": "", "cert-thumbprint": "", "logging-call-at": "/Users/shivamsaraf/Desktop/work/temporal/common/log/with_logger.go:61"}
2025-03-19T11:38:49.672-0400	debug	Workflow task updated	{"host": "127.0.0.1:63280", "shard-id": 4, "address": "127.0.0.1:63280", "wf-scheduled-event-id": 500, "wf-started-event-id": 0, "workflow-task-request-id": "emptyUuid", "workflow-task-timeout": 10, "attempt": 1, "wf-started-timestamp": "0001-01-01T00:00:00.000Z", "wt-type": "Normal", "logging-call-at": "/Users/shivamsaraf/Desktop/work/temporal/common/log/with_logger.go:61"}
2025-03-19T11:38:49.672-0400	debug	Assigning new task key	{"host": "127.0.0.1:63280", "shard-id": 4, "address": "127.0.0.1:63280", "wf-namespace-id": "d0b550e3-6091-4a9b-a9aa-3d80ffb24954", "wf-id": "temporal-sys-worker-deployment-version:rrentVersion_Batching-564e9892_deployment_series.rrentVersion_Batching-564e9892_build_id", "wf-run-id": "0195af0e-98a0-7d94-93e5-2a1d2e5942f8", "queue-task-type": "WorkflowTaskTimeout", "queue-task-id": 1049864, "timestamp": "2025-03-19T15:38:54.673Z", "cursor-timestamp": "2025-03-19T15:38:50.664Z", "logging-call-at": "/Users/shivamsaraf/Desktop/work/temporal/common/log/with_logger.go:61"}
2025-03-19T11:38:49.672-0400	debug	Assigning new task key	{"host": "127.0.0.1:63280", "shard-id": 4, "address": "127.0.0.1:63280", "wf-namespace-id": "d0b550e3-6091-4a9b-a9aa-3d80ffb24954", "wf-id": "temporal-sys-worker-deployment-version:rrentVersion_Batching-564e9892_deployment_series.rrentVersion_Batching-564e9892_build_id", "wf-run-id": "0195af0e-98a0-7d94-93e5-2a1d2e5942f8", "queue-task-type": "TransferWorkflowTask", "queue-task-id": 1049865, "timestamp": "2025-03-19T15:38:49.672Z", "cursor-timestamp": "2025-03-19T15:38:50.664Z", "logging-call-at": "/Users/shivamsaraf/Desktop/work/temporal/common/log/with_logger.go:61"}
2025-03-19T11:38:49.677-0400	debug	Process task as active.	{"host": "127.0.0.1:63280", "shard-id": 4, "address": "127.0.0.1:63280", "component": "transfer-queue-processor", "wf-namespace-id": "d0b550e3-6091-4a9b-a9aa-3d80ffb24954", "value": "d0b550e3-6091-4a9b-a9aa-3d80ffb24954/temporal-sys-worker-deployment-version:rrentVersion_Batching-564e9892_deployment_series.rrentVersion_Batching-564e9892_build_id/0195af0e-98a0-7d94-93e5-2a1d2e5942f8", "logging-call-at": "/Users/shivamsaraf/Desktop/work/temporal/common/log/with_logger.go:61"}
2025-03-19T11:38:49.678-0400	debug	Workflow task updated	{"host": "127.0.0.1:63280", "shard-id": 4, "address": "127.0.0.1:63280", "wf-scheduled-event-id": 500, "wf-started-event-id": 501, "workflow-task-request-id": "30eb532b-73a5-4c7f-959a-274e8eaec989", "workflow-task-timeout": 10, "attempt": 1, "wf-started-timestamp": "2025-03-19T15:38:49.678Z", "wt-type": "Normal", "logging-call-at": "/Users/shivamsaraf/Desktop/work/temporal/common/log/with_logger.go:61"}
2025-03-19T11:38:49.678-0400	debug	Assigning new task key	{"host": "127.0.0.1:63280", "shard-id": 4, "address": "127.0.0.1:63280", "wf-namespace-id": "d0b550e3-6091-4a9b-a9aa-3d80ffb24954", "wf-id": "temporal-sys-worker-deployment-version:rrentVersion_Batching-564e9892_deployment_series.rrentVersion_Batching-564e9892_build_id", "wf-run-id": "0195af0e-98a0-7d94-93e5-2a1d2e5942f8", "queue-task-type": "WorkflowTaskTimeout", "queue-task-id": 1049868, "timestamp": "2025-03-19T15:38:59.679Z", "cursor-timestamp": "2025-03-19T15:38:50.676Z", "logging-call-at": "/Users/shivamsaraf/Desktop/work/temporal/common/log/with_logger.go:61"}
2025-03-19T11:38:49.685-0400	debug	Frontend method invoked.	{"host": "127.0.0.1:63278", "wf-namespace": "namespace-ec265ab4-426c-4316-a4b3-47fc66311932", "operation": "PollWorkflowTaskQueue", "server-name": "", "cert-thumbprint": "", "logging-call-at": "/Users/shivamsaraf/Desktop/work/temporal/common/log/with_logger.go:61"}
2025-03-19T11:38:49.686-0400	debug	Received PollWorkflowTaskQueue	{"host": "127.0.0.1:63278", "service": "frontend", "logging-call-at": "/Users/shivamsaraf/Desktop/work/temporal/common/log/with_logger.go:61"}
2025-03-19T11:38:49.686-0400	debug	Poll workflow task queue.	{"host": "127.0.0.1:63278", "service": "frontend", "wf-namespace": "namespace-ec265ab4-426c-4316-a4b3-47fc66311932", "wf-namespace-id": "d0b550e3-6091-4a9b-a9aa-3d80ffb24954", "logging-call-at": "/Users/shivamsaraf/Desktop/work/temporal/common/log/with_logger.go:61"}
2025-03-19T11:38:49.686-0400	debug	Frontend method invoked.	{"host": "127.0.0.1:63278", "wf-namespace": "namespace-ec265ab4-426c-4316-a4b3-47fc66311932", "operation": "RespondWorkflowTaskCompleted", "server-name": "", "cert-thumbprint": "", "logging-call-at": "/Users/shivamsaraf/Desktop/work/temporal/common/log/with_logger.go:61"}
2025-03-19T11:38:49.686-0400	debug	RespondWorkflowTaskCompleted	{"host": "127.0.0.1:63280", "service": "history", "wf-namespace-id": "d0b550e3-6091-4a9b-a9aa-3d80ffb24954", "wf-id": "temporal-sys-worker-deployment-version:rrentVersion_Batching-564e9892_deployment_series.rrentVersion_Batching-564e9892_build_id", "wf-run-id": "0195af0e-98a0-7d94-93e5-2a1d2e5942f8", "wf-scheduled-event-id": 500, "logging-call-at": "/Users/shivamsaraf/Desktop/work/temporal/common/log/with_logger.go:61"}
2025-03-19T11:38:49.686-0400	debug	Workflow task updated	{"host": "127.0.0.1:63280", "shard-id": 4, "address": "127.0.0.1:63280", "wf-scheduled-event-id": 0, "wf-started-event-id": 0, "workflow-task-request-id": "emptyUuid", "workflow-task-timeout": 0, "attempt": 1, "wf-started-timestamp": "1970-01-01T00:00:00.000Z", "wt-type": "Unspecified", "logging-call-at": "/Users/shivamsaraf/Desktop/work/temporal/common/log/with_logger.go:61"}
2025-03-19T11:38:49.686-0400	debug	update state change	{"host": "127.0.0.1:63280", "shard-id": 4, "address": "127.0.0.1:63280", "wf-namespace-id": "d0b550e3-6091-4a9b-a9aa-3d80ffb24954", "wf-id": "temporal-sys-worker-deployment-version:rrentVersion_Batching-564e9892_deployment_series.rrentVersion_Batching-564e9892_build_id", "wf-run-id": "0195af0e-98a0-7d94-93e5-2a1d2e5942f8", "update-id": "67f470a9-d951-4d7b-9745-3f7c356d6864", "from-state": "Accepted", "to-state": "ProvisionallyCompleted", "logging-call-at": "/Users/shivamsaraf/Desktop/work/temporal/common/log/with_logger.go:61"}
2025-03-19T11:38:49.689-0400	debug	update state change	{"host": "127.0.0.1:63280", "shard-id": 4, "address": "127.0.0.1:63280", "wf-namespace-id": "d0b550e3-6091-4a9b-a9aa-3d80ffb24954", "wf-id": "temporal-sys-worker-deployment-version:rrentVersion_Batching-564e9892_deployment_series.rrentVersion_Batching-564e9892_build_id", "wf-run-id": "0195af0e-98a0-7d94-93e5-2a1d2e5942f8", "update-id": "67f470a9-d951-4d7b-9745-3f7c356d6864", "from-state": "ProvisionallyCompleted", "to-state": "Completed", "logging-call-at": "/Users/shivamsaraf/Desktop/work/temporal/common/log/with_logger.go:61"}
2025-03-19T11:38:49.690-0400	debug	Frontend method invoked.	{"host": "127.0.0.1:63278", "wf-namespace": "namespace-ec265ab4-426c-4316-a4b3-47fc66311932", "operation": "RespondActivityTaskCompleted", "server-name": "", "cert-thumbprint": "", "logging-call-at": "/Users/shivamsaraf/Desktop/work/temporal/common/log/with_logger.go:61"}
2025-03-19T11:38:49.690-0400	debug	Workflow task updated	{"host": "127.0.0.1:63280", "shard-id": 1, "address": "127.0.0.1:63280", "wf-scheduled-event-id": 256, "wf-started-event-id": 0, "workflow-task-request-id": "emptyUuid", "workflow-task-timeout": 10, "attempt": 1, "wf-started-timestamp": "0001-01-01T00:00:00.000Z", "wt-type": "Normal", "logging-call-at": "/Users/shivamsaraf/Desktop/work/temporal/common/log/with_logger.go:61"}
2025-03-19T11:38:49.690-0400	debug	Assigning new task key	{"host": "127.0.0.1:63280", "shard-id": 1, "address": "127.0.0.1:63280", "wf-namespace-id": "d0b550e3-6091-4a9b-a9aa-3d80ffb24954", "wf-id": "temporal-sys-worker-deployment:rrentVersion_Batching-564e9892_deployment_series", "wf-run-id": "0195af0e-960d-715f-b6c6-08dcdf4b78ec", "queue-task-type": "WorkflowTaskTimeout", "queue-task-id": 1049168, "timestamp": "2025-03-19T15:38:54.691Z", "cursor-timestamp": "2025-03-19T15:38:50.518Z", "logging-call-at": "/Users/shivamsaraf/Desktop/work/temporal/common/log/with_logger.go:61"}
2025-03-19T11:38:49.690-0400	debug	Assigning new task key	{"host": "127.0.0.1:63280", "shard-id": 1, "address": "127.0.0.1:63280", "wf-namespace-id": "d0b550e3-6091-4a9b-a9aa-3d80ffb24954", "wf-id": "temporal-sys-worker-deployment:rrentVersion_Batching-564e9892_deployment_series", "wf-run-id": "0195af0e-960d-715f-b6c6-08dcdf4b78ec", "queue-task-type": "TransferWorkflowTask", "queue-task-id": 1049169, "timestamp": "2025-03-19T15:38:49.690Z", "cursor-timestamp": "2025-03-19T15:38:50.518Z", "logging-call-at": "/Users/shivamsaraf/Desktop/work/temporal/common/log/with_logger.go:61"}
2025-03-19T11:38:49.695-0400	debug	Process task as active.	{"host": "127.0.0.1:63280", "shard-id": 1, "address": "127.0.0.1:63280", "component": "transfer-queue-processor", "wf-namespace-id": "d0b550e3-6091-4a9b-a9aa-3d80ffb24954", "value": "d0b550e3-6091-4a9b-a9aa-3d80ffb24954/temporal-sys-worker-deployment:rrentVersion_Batching-564e9892_deployment_series/0195af0e-960d-715f-b6c6-08dcdf4b78ec", "logging-call-at": "/Users/shivamsaraf/Desktop/work/temporal/common/log/with_logger.go:61"}
2025-03-19T11:38:49.696-0400	debug	Workflow task updated	{"host": "127.0.0.1:63280", "shard-id": 1, "address": "127.0.0.1:63280", "wf-scheduled-event-id": 256, "wf-started-event-id": 257, "workflow-task-request-id": "72e28fb5-9505-4d9c-a1ba-c4a4c1947bca", "workflow-task-timeout": 10, "attempt": 1, "wf-started-timestamp": "2025-03-19T15:38:49.696Z", "wt-type": "Normal", "logging-call-at": "/Users/shivamsaraf/Desktop/work/temporal/common/log/with_logger.go:61"}
2025-03-19T11:38:49.696-0400	debug	Assigning new task key	{"host": "127.0.0.1:63280", "shard-id": 1, "address": "127.0.0.1:63280", "wf-namespace-id": "d0b550e3-6091-4a9b-a9aa-3d80ffb24954", "wf-id": "temporal-sys-worker-deployment:rrentVersion_Batching-564e9892_deployment_series", "wf-run-id": "0195af0e-960d-715f-b6c6-08dcdf4b78ec", "queue-task-type": "WorkflowTaskTimeout", "queue-task-id": 1049172, "timestamp": "2025-03-19T15:38:59.697Z", "cursor-timestamp": "2025-03-19T15:38:50.694Z", "logging-call-at": "/Users/shivamsaraf/Desktop/work/temporal/common/log/with_logger.go:61"}
2025-03-19T11:38:49.702-0400	debug	ExecuteActivity	{"host": "127.0.0.1:63281", "Namespace": "namespace-ec265ab4-426c-4316-a4b3-47fc66311932", "TaskQueue": "temporal-sys-per-ns-tq", "WorkerID": "temporal-system@Shivams-MacBook-Pro.local@namespace-ec265ab4-426c-4316-a4b3-47fc66311932", "WorkflowType": "temporal-sys-worker-deployment-workflow", "WorkflowID": "temporal-sys-worker-deployment:rrentVersion_Batching-564e9892_deployment_series", "RunID": "0195af0e-960d-715f-b6c6-08dcdf4b78ec", "Attempt": 0, "ActivityID": "260", "ActivityType": "RegisterWorkerInVersion", "logging-call-at": "/Users/shivamsaraf/Desktop/work/temporal/common/log/with_logger.go:61"}
2025-03-19T11:38:49.702-0400	debug	Frontend method invoked.	{"host": "127.0.0.1:63278", "wf-namespace": "namespace-ec265ab4-426c-4316-a4b3-47fc66311932", "operation": "PollWorkflowTaskQueue", "server-name": "", "cert-thumbprint": "", "logging-call-at": "/Users/shivamsaraf/Desktop/work/temporal/common/log/with_logger.go:61"}
2025-03-19T11:38:49.702-0400	debug	Received PollWorkflowTaskQueue	{"host": "127.0.0.1:63278", "service": "frontend", "logging-call-at": "/Users/shivamsaraf/Desktop/work/temporal/common/log/with_logger.go:61"}
2025-03-19T11:38:49.702-0400	debug	Poll workflow task queue.	{"host": "127.0.0.1:63278", "service": "frontend", "wf-namespace": "namespace-ec265ab4-426c-4316-a4b3-47fc66311932", "wf-namespace-id": "d0b550e3-6091-4a9b-a9aa-3d80ffb24954", "logging-call-at": "/Users/shivamsaraf/Desktop/work/temporal/common/log/with_logger.go:61"}
2025-03-19T11:38:49.703-0400	debug	Frontend method invoked.	{"host": "127.0.0.1:63278", "wf-namespace": "namespace-ec265ab4-426c-4316-a4b3-47fc66311932", "operation": "RespondWorkflowTaskCompleted", "server-name": "", "cert-thumbprint": "", "logging-call-at": "/Users/shivamsaraf/Desktop/work/temporal/common/log/with_logger.go:61"}
2025-03-19T11:38:49.703-0400	debug	RespondWorkflowTaskCompleted	{"host": "127.0.0.1:63280", "service": "history", "wf-namespace-id": "d0b550e3-6091-4a9b-a9aa-3d80ffb24954", "wf-id": "temporal-sys-worker-deployment:rrentVersion_Batching-564e9892_deployment_series", "wf-run-id": "0195af0e-960d-715f-b6c6-08dcdf4b78ec", "wf-scheduled-event-id": 256, "logging-call-at": "/Users/shivamsaraf/Desktop/work/temporal/common/log/with_logger.go:61"}
2025-03-19T11:38:49.703-0400	debug	Workflow task updated	{"host": "127.0.0.1:63280", "shard-id": 1, "address": "127.0.0.1:63280", "wf-scheduled-event-id": 0, "wf-started-event-id": 0, "workflow-task-request-id": "emptyUuid", "workflow-task-timeout": 0, "attempt": 1, "wf-started-timestamp": "1970-01-01T00:00:00.000Z", "wt-type": "Unspecified", "logging-call-at": "/Users/shivamsaraf/Desktop/work/temporal/common/log/with_logger.go:61"}
2025-03-19T11:38:49.703-0400	debug	update state change	{"host": "127.0.0.1:63280", "shard-id": 1, "address": "127.0.0.1:63280", "wf-namespace-id": "d0b550e3-6091-4a9b-a9aa-3d80ffb24954", "wf-id": "temporal-sys-worker-deployment:rrentVersion_Batching-564e9892_deployment_series", "wf-run-id": "0195af0e-960d-715f-b6c6-08dcdf4b78ec", "update-id": "3eab6cf8-d8c9-4243-ba72-71c1deb85821", "from-state": "Accepted", "to-state": "ProvisionallyCompleted", "logging-call-at": "/Users/shivamsaraf/Desktop/work/temporal/common/log/with_logger.go:61"}
2025-03-19T11:38:49.703-0400	debug	Assigning new task key	{"host": "127.0.0.1:63280", "shard-id": 1, "address": "127.0.0.1:63280", "wf-namespace-id": "d0b550e3-6091-4a9b-a9aa-3d80ffb24954", "wf-id": "temporal-sys-worker-deployment:rrentVersion_Batching-564e9892_deployment_series", "wf-run-id": "0195af0e-960d-715f-b6c6-08dcdf4b78ec", "queue-task-type": "TransferActivityTask", "queue-task-id": 1049178, "timestamp": "2025-03-19T15:38:49.703Z", "cursor-timestamp": "2025-03-19T15:38:50.694Z", "logging-call-at": "/Users/shivamsaraf/Desktop/work/temporal/common/log/with_logger.go:61"}
2025-03-19T11:38:49.707-0400	debug	update state change	{"host": "127.0.0.1:63280", "shard-id": 1, "address": "127.0.0.1:63280", "wf-namespace-id": "d0b550e3-6091-4a9b-a9aa-3d80ffb24954", "wf-id": "temporal-sys-worker-deployment:rrentVersion_Batching-564e9892_deployment_series", "wf-run-id": "0195af0e-960d-715f-b6c6-08dcdf4b78ec", "update-id": "3eab6cf8-d8c9-4243-ba72-71c1deb85821", "from-state": "ProvisionallyCompleted", "to-state": "Completed", "logging-call-at": "/Users/shivamsaraf/Desktop/work/temporal/common/log/with_logger.go:61"}
2025-03-19T11:38:49.707-0400	debug	deployment client success	{"host": "127.0.0.1:63279", "operation": "RegisterTaskQueueWorker", "elapsed": 6.152668625, "args": ["rrentVersion_Batching-564e9892_task_queue_30",1,"matching service"], "logging-call-at": "/Users/shivamsaraf/Desktop/work/temporal/common/log/with_logger.go:61"}
2025-03-19T11:38:49.707-0400	debug	Process task as active.	{"host": "127.0.0.1:63280", "shard-id": 1, "address": "127.0.0.1:63280", "component": "transfer-queue-processor", "wf-namespace-id": "d0b550e3-6091-4a9b-a9aa-3d80ffb24954", "value": "d0b550e3-6091-4a9b-a9aa-3d80ffb24954/temporal-sys-worker-deployment:rrentVersion_Batching-564e9892_deployment_series/0195af0e-960d-715f-b6c6-08dcdf4b78ec", "logging-call-at": "/Users/shivamsaraf/Desktop/work/temporal/common/log/with_logger.go:61"}
2025-03-19T11:38:49.707-0400	info	Started physicalTaskQueueManager	{"host": "127.0.0.1:63279", "component": "matching-engine", "wf-task-queue-name": "rrentVersion_Batching-564e9892_task_queue_30", "wf-task-queue-type": "Workflow", "wf-namespace": "namespace-ec265ab4-426c-4316-a4b3-47fc66311932", "worker-build-id": "rrentVersion_Batching-564e9892_deployment_series/rrentVersion_Batching-564e9892_build_id", "lifecycle": "Started", "cause": "UserData", "logging-call-at": "/Users/shivamsaraf/Desktop/work/temporal/common/log/with_logger.go:66"}
2025-03-19T11:38:49.708-0400	debug	Assigning new task key	{"host": "127.0.0.1:63280", "shard-id": 1, "address": "127.0.0.1:63280", "wf-namespace-id": "d0b550e3-6091-4a9b-a9aa-3d80ffb24954", "wf-id": "temporal-sys-worker-deployment:rrentVersion_Batching-564e9892_deployment_series", "wf-run-id": "0195af0e-960d-715f-b6c6-08dcdf4b78ec", "queue-task-type": "ActivityTimeout", "queue-task-id": 1049180, "timestamp": "2025-03-19T15:39:49.709Z", "cursor-timestamp": "2025-03-19T15:38:50.707Z", "logging-call-at": "/Users/shivamsaraf/Desktop/work/temporal/common/log/with_logger.go:61"}
2025-03-19T11:38:49.712-0400	debug	Frontend method invoked.	{"host": "127.0.0.1:63278", "wf-namespace": "namespace-ec265ab4-426c-4316-a4b3-47fc66311932", "operation": "PollActivityTaskQueue", "server-name": "", "cert-thumbprint": "", "logging-call-at": "/Users/shivamsaraf/Desktop/work/temporal/common/log/with_logger.go:61"}
2025-03-19T11:38:49.712-0400	debug	Received PollActivityTaskQueue	{"host": "127.0.0.1:63278", "service": "frontend", "logging-call-at": "/Users/shivamsaraf/Desktop/work/temporal/common/log/with_logger.go:61"}
2025-03-19T11:38:49.713-0400	debug	update state change	{"host": "127.0.0.1:63280", "shard-id": 4, "address": "127.0.0.1:63280", "wf-namespace-id": "d0b550e3-6091-4a9b-a9aa-3d80ffb24954", "wf-id": "temporal-sys-worker-deployment-version:rrentVersion_Batching-564e9892_deployment_series.rrentVersion_Batching-564e9892_build_id", "wf-run-id": "0195af0e-98a0-7d94-93e5-2a1d2e5942f8", "update-id": "8430ee3d-097f-4601-a0be-646ae265d129", "from-state": "Created", "to-state": "ProvisionallyAdmitted", "logging-call-at": "/Users/shivamsaraf/Desktop/work/temporal/common/log/with_logger.go:61"}
2025-03-19T11:38:49.713-0400	debug	update state change	{"host": "127.0.0.1:63280", "shard-id": 4, "address": "127.0.0.1:63280", "wf-namespace-id": "d0b550e3-6091-4a9b-a9aa-3d80ffb24954", "wf-id": "temporal-sys-worker-deployment-version:rrentVersion_Batching-564e9892_deployment_series.rrentVersion_Batching-564e9892_build_id", "wf-run-id": "0195af0e-98a0-7d94-93e5-2a1d2e5942f8", "update-id": "8430ee3d-097f-4601-a0be-646ae265d129", "from-state": "ProvisionallyAdmitted", "to-state": "Admitted", "logging-call-at": "/Users/shivamsaraf/Desktop/work/temporal/common/log/with_logger.go:61"}
2025-03-19T11:38:49.713-0400	debug	Workflow task updated	{"host": "127.0.0.1:63280", "shard-id": 4, "address": "127.0.0.1:63280", "wf-scheduled-event-id": 504, "wf-started-event-id": 0, "workflow-task-request-id": "emptyUuid", "workflow-task-timeout": 10, "attempt": 1, "wf-started-timestamp": "0001-01-01T00:00:00.000Z", "wt-type": "Speculative", "logging-call-at": "/Users/shivamsaraf/Desktop/work/temporal/common/log/with_logger.go:61"}
2025-03-19T11:38:49.714-0400	debug	Workflow task updated	{"host": "127.0.0.1:63280", "shard-id": 4, "address": "127.0.0.1:63280", "wf-scheduled-event-id": 504, "wf-started-event-id": 505, "workflow-task-request-id": "ca517ca1-e133-4460-9836-5ed82c73a8c6", "workflow-task-timeout": 10, "attempt": 1, "wf-started-timestamp": "2025-03-19T15:38:49.714Z", "wt-type": "Speculative", "logging-call-at": "/Users/shivamsaraf/Desktop/work/temporal/common/log/with_logger.go:61"}
2025-03-19T11:38:49.714-0400	debug	update state change	{"host": "127.0.0.1:63280", "shard-id": 4, "address": "127.0.0.1:63280", "wf-namespace-id": "d0b550e3-6091-4a9b-a9aa-3d80ffb24954", "wf-id": "temporal-sys-worker-deployment-version:rrentVersion_Batching-564e9892_deployment_series.rrentVersion_Batching-564e9892_build_id", "wf-run-id": "0195af0e-98a0-7d94-93e5-2a1d2e5942f8", "update-id": "8430ee3d-097f-4601-a0be-646ae265d129", "from-state": "Admitted", "to-state": "Sent", "logging-call-at": "/Users/shivamsaraf/Desktop/work/temporal/common/log/with_logger.go:61"}
2025-03-19T11:38:49.718-0400	debug	Frontend method invoked.	{"host": "127.0.0.1:63278", "wf-namespace": "namespace-ec265ab4-426c-4316-a4b3-47fc66311932", "operation": "PollWorkflowTaskQueue", "server-name": "", "cert-thumbprint": "", "logging-call-at": "/Users/shivamsaraf/Desktop/work/temporal/common/log/with_logger.go:61"}
2025-03-19T11:38:49.718-0400	debug	ExecuteActivity	{"host": "127.0.0.1:63281", "Namespace": "namespace-ec265ab4-426c-4316-a4b3-47fc66311932", "TaskQueue": "temporal-sys-per-ns-tq", "WorkerID": "temporal-system@Shivams-MacBook-Pro.local@namespace-ec265ab4-426c-4316-a4b3-47fc66311932", "WorkflowType": "temporal-sys-worker-deployment-version-workflow", "WorkflowID": "temporal-sys-worker-deployment-version:rrentVersion_Batching-564e9892_deployment_series.rrentVersion_Batching-564e9892_build_id", "RunID": "0195af0e-98a0-7d94-93e5-2a1d2e5942f8", "Attempt": 0, "ActivityID": "508", "ActivityType": "SyncDeploymentVersionUserData", "logging-call-at": "/Users/shivamsaraf/Desktop/work/temporal/common/log/with_logger.go:61"}
2025-03-19T11:38:49.718-0400	debug	Received PollWorkflowTaskQueue	{"host": "127.0.0.1:63278", "service": "frontend", "logging-call-at": "/Users/shivamsaraf/Desktop/work/temporal/common/log/with_logger.go:61"}
2025-03-19T11:38:49.718-0400	debug	Poll workflow task queue.	{"host": "127.0.0.1:63278", "service": "frontend", "wf-namespace": "namespace-ec265ab4-426c-4316-a4b3-47fc66311932", "wf-namespace-id": "d0b550e3-6091-4a9b-a9aa-3d80ffb24954", "logging-call-at": "/Users/shivamsaraf/Desktop/work/temporal/common/log/with_logger.go:61"}
2025-03-19T11:38:49.718-0400	debug	Frontend method invoked.	{"host": "127.0.0.1:63278", "wf-namespace": "namespace-ec265ab4-426c-4316-a4b3-47fc66311932", "operation": "RespondWorkflowTaskCompleted", "server-name": "", "cert-thumbprint": "", "logging-call-at": "/Users/shivamsaraf/Desktop/work/temporal/common/log/with_logger.go:61"}
2025-03-19T11:38:49.719-0400	debug	RespondWorkflowTaskCompleted	{"host": "127.0.0.1:63280", "service": "history", "wf-namespace-id": "d0b550e3-6091-4a9b-a9aa-3d80ffb24954", "wf-id": "temporal-sys-worker-deployment-version:rrentVersion_Batching-564e9892_deployment_series.rrentVersion_Batching-564e9892_build_id", "wf-run-id": "0195af0e-98a0-7d94-93e5-2a1d2e5942f8", "wf-scheduled-event-id": 504, "logging-call-at": "/Users/shivamsaraf/Desktop/work/temporal/common/log/with_logger.go:61"}
2025-03-19T11:38:49.719-0400	debug	Workflow task updated	{"host": "127.0.0.1:63280", "shard-id": 4, "address": "127.0.0.1:63280", "wf-scheduled-event-id": 0, "wf-started-event-id": 0, "workflow-task-request-id": "emptyUuid", "workflow-task-timeout": 0, "attempt": 1, "wf-started-timestamp": "1970-01-01T00:00:00.000Z", "wt-type": "Unspecified", "logging-call-at": "/Users/shivamsaraf/Desktop/work/temporal/common/log/with_logger.go:61"}
2025-03-19T11:38:49.719-0400	debug	update state change	{"host": "127.0.0.1:63280", "shard-id": 4, "address": "127.0.0.1:63280", "wf-namespace-id": "d0b550e3-6091-4a9b-a9aa-3d80ffb24954", "wf-id": "temporal-sys-worker-deployment-version:rrentVersion_Batching-564e9892_deployment_series.rrentVersion_Batching-564e9892_build_id", "wf-run-id": "0195af0e-98a0-7d94-93e5-2a1d2e5942f8", "update-id": "8430ee3d-097f-4601-a0be-646ae265d129", "from-state": "Sent", "to-state": "ProvisionallyAccepted", "logging-call-at": "/Users/shivamsaraf/Desktop/work/temporal/common/log/with_logger.go:61"}
2025-03-19T11:38:49.719-0400	debug	Assigning new task key	{"host": "127.0.0.1:63280", "shard-id": 4, "address": "127.0.0.1:63280", "wf-namespace-id": "d0b550e3-6091-4a9b-a9aa-3d80ffb24954", "wf-id": "temporal-sys-worker-deployment-version:rrentVersion_Batching-564e9892_deployment_series.rrentVersion_Batching-564e9892_build_id", "wf-run-id": "0195af0e-98a0-7d94-93e5-2a1d2e5942f8", "queue-task-type": "TransferActivityTask", "queue-task-id": 1049885, "timestamp": "2025-03-19T15:38:49.719Z", "cursor-timestamp": "2025-03-19T15:38:50.676Z", "logging-call-at": "/Users/shivamsaraf/Desktop/work/temporal/common/log/with_logger.go:61"}
2025-03-19T11:38:49.723-0400	debug	update state change	{"host": "127.0.0.1:63280", "shard-id": 4, "address": "127.0.0.1:63280", "wf-namespace-id": "d0b550e3-6091-4a9b-a9aa-3d80ffb24954", "wf-id": "temporal-sys-worker-deployment-version:rrentVersion_Batching-564e9892_deployment_series.rrentVersion_Batching-564e9892_build_id", "wf-run-id": "0195af0e-98a0-7d94-93e5-2a1d2e5942f8", "update-id": "8430ee3d-097f-4601-a0be-646ae265d129", "from-state": "ProvisionallyAccepted", "to-state": "Accepted", "logging-call-at": "/Users/shivamsaraf/Desktop/work/temporal/common/log/with_logger.go:61"}
2025-03-19T11:38:49.723-0400	debug	Process task as active.	{"host": "127.0.0.1:63280", "shard-id": 4, "address": "127.0.0.1:63280", "component": "transfer-queue-processor", "wf-namespace-id": "d0b550e3-6091-4a9b-a9aa-3d80ffb24954", "value": "d0b550e3-6091-4a9b-a9aa-3d80ffb24954/temporal-sys-worker-deployment-version:rrentVersion_Batching-564e9892_deployment_series.rrentVersion_Batching-564e9892_build_id/0195af0e-98a0-7d94-93e5-2a1d2e5942f8", "logging-call-at": "/Users/shivamsaraf/Desktop/work/temporal/common/log/with_logger.go:61"}
2025-03-19T11:38:49.724-0400	debug	Assigning new task key	{"host": "127.0.0.1:63280", "shard-id": 4, "address": "127.0.0.1:63280", "wf-namespace-id": "d0b550e3-6091-4a9b-a9aa-3d80ffb24954", "wf-id": "temporal-sys-worker-deployment-version:rrentVersion_Batching-564e9892_deployment_series.rrentVersion_Batching-564e9892_build_id", "wf-run-id": "0195af0e-98a0-7d94-93e5-2a1d2e5942f8", "queue-task-type": "ActivityTimeout", "queue-task-id": 1049886, "timestamp": "2025-03-19T15:39:49.725Z", "cursor-timestamp": "2025-03-19T15:38:50.723Z", "logging-call-at": "/Users/shivamsaraf/Desktop/work/temporal/common/log/with_logger.go:61"}
2025-03-19T11:38:49.728-0400	info	syncing task queue userdata for deployment version	{"host": "127.0.0.1:63281", "Namespace": "namespace-ec265ab4-426c-4316-a4b3-47fc66311932", "TaskQueue": "temporal-sys-per-ns-tq", "WorkerID": "temporal-system@Shivams-MacBook-Pro.local@namespace-ec265ab4-426c-4316-a4b3-47fc66311932", "ActivityID": "508", "ActivityType": "SyncDeploymentVersionUserData", "Attempt": 1, "WorkflowType": "temporal-sys-worker-deployment-version-workflow", "WorkflowID": "temporal-sys-worker-deployment-version:rrentVersion_Batching-564e9892_deployment_series.rrentVersion_Batching-564e9892_build_id", "RunID": "0195af0e-98a0-7d94-93e5-2a1d2e5942f8", "taskQueue": "rrentVersion_Batching-564e9892_task_queue_40", "types": [1], "logging-call-at": "/Users/shivamsaraf/Desktop/work/temporal/common/log/with_logger.go:66"}
2025-03-19T11:38:49.728-0400	debug	Frontend method invoked.	{"host": "127.0.0.1:63278", "wf-namespace": "namespace-ec265ab4-426c-4316-a4b3-47fc66311932", "operation": "PollActivityTaskQueue", "server-name": "", "cert-thumbprint": "", "logging-call-at": "/Users/shivamsaraf/Desktop/work/temporal/common/log/with_logger.go:61"}
2025-03-19T11:38:49.728-0400	debug	Received PollActivityTaskQueue	{"host": "127.0.0.1:63278", "service": "frontend", "logging-call-at": "/Users/shivamsaraf/Desktop/work/temporal/common/log/with_logger.go:61"}
2025-03-19T11:38:49.739-0400	debug	Frontend method invoked.	{"host": "127.0.0.1:63278", "wf-namespace": "namespace-ec265ab4-426c-4316-a4b3-47fc66311932", "operation": "DescribeWorkerDeploymentVersion", "server-name": "", "cert-thumbprint": "", "logging-call-at": "/Users/shivamsaraf/Desktop/work/temporal/common/log/with_logger.go:61"}
2025-03-19T11:38:49.741-0400	debug	Frontend method invoked.	{"host": "127.0.0.1:63278", "wf-namespace": "namespace-ec265ab4-426c-4316-a4b3-47fc66311932", "operation": "PollWorkflowTaskQueue", "server-name": "", "cert-thumbprint": "", "logging-call-at": "/Users/shivamsaraf/Desktop/work/temporal/common/log/with_logger.go:61"}
2025-03-19T11:38:49.741-0400	debug	Received PollWorkflowTaskQueue	{"host": "127.0.0.1:63278", "service": "frontend", "logging-call-at": "/Users/shivamsaraf/Desktop/work/temporal/common/log/with_logger.go:61"}
2025-03-19T11:38:49.741-0400	debug	Poll workflow task queue.	{"host": "127.0.0.1:63278", "service": "frontend", "wf-namespace": "namespace-ec265ab4-426c-4316-a4b3-47fc66311932", "wf-namespace-id": "d0b550e3-6091-4a9b-a9aa-3d80ffb24954", "logging-call-at": "/Users/shivamsaraf/Desktop/work/temporal/common/log/with_logger.go:61"}
2025-03-19T11:38:49.741-0400	debug	Frontend method invoked.	{"host": "127.0.0.1:63278", "wf-namespace": "namespace-ec265ab4-426c-4316-a4b3-47fc66311932", "operation": "RespondQueryTaskCompleted", "server-name": "", "cert-thumbprint": "", "logging-call-at": "/Users/shivamsaraf/Desktop/work/temporal/common/log/with_logger.go:61"}
2025-03-19T11:38:49.742-0400	debug	deployment client success	{"host": "127.0.0.1:63278", "operation": "DescribeVersion", "elapsed": 0.003825875, "args": ["rrentVersion_Batching-564e9892_deployment_series","rrentVersion_Batching-564e9892_build_id"], "logging-call-at": "/Users/shivamsaraf/Desktop/work/temporal/common/log/with_logger.go:61"}
2025-03-19T11:38:49.780-0400	debug	Process task as active.	{"host": "127.0.0.1:63280", "shard-id": 4, "address": "127.0.0.1:63280", "component": "timer-queue-processor", "wf-namespace-id": "d0b550e3-6091-4a9b-a9aa-3d80ffb24954", "value": "d0b550e3-6091-4a9b-a9aa-3d80ffb24954/temporal-sys-worker-deployment-version:rrentVersion_Batching-564e9892_deployment_series.rrentVersion_Batching-564e9892_build_id/0195af0e-98a0-7d94-93e5-2a1d2e5942f8", "logging-call-at": "/Users/shivamsaraf/Desktop/work/temporal/common/log/with_logger.go:61"}
2025-03-19T11:38:49.807-0400	debug	Process task as active.	{"host": "127.0.0.1:63280", "shard-id": 4, "address": "127.0.0.1:63280", "component": "timer-queue-processor", "wf-namespace-id": "d0b550e3-6091-4a9b-a9aa-3d80ffb24954", "value": "d0b550e3-6091-4a9b-a9aa-3d80ffb24954/temporal-sys-worker-deployment-version:rrentVersion_Batching-564e9892_deployment_series.rrentVersion_Batching-564e9892_build_id/0195af0e-98a0-7d94-93e5-2a1d2e5942f8", "logging-call-at": "/Users/shivamsaraf/Desktop/work/temporal/common/log/with_logger.go:61"}
2025-03-19T11:38:49.822-0400	debug	Process task as active.	{"host": "127.0.0.1:63280", "shard-id": 1, "address": "127.0.0.1:63280", "component": "timer-queue-processor", "wf-namespace-id": "d0b550e3-6091-4a9b-a9aa-3d80ffb24954", "value": "d0b550e3-6091-4a9b-a9aa-3d80ffb24954/temporal-sys-worker-deployment:rrentVersion_Batching-564e9892_deployment_series/0195af0e-960d-715f-b6c6-08dcdf4b78ec", "logging-call-at": "/Users/shivamsaraf/Desktop/work/temporal/common/log/with_logger.go:61"}
2025-03-19T11:38:49.830-0400	info	modified user data	{"host": "127.0.0.1:63279", "component": "matching-engine", "wf-task-queue-name": "rrentVersion_Batching-564e9892_task_queue_40", "wf-task-queue-type": "Workflow", "wf-namespace": "namespace-ec265ab4-426c-4316-a4b3-47fc66311932", "user-data-update-source": "SyncDeploymentUserData", "user-data-version": 1, "timestamp": "2025-03-19T15:38:49.728Z", "logging-call-at": "/Users/shivamsaraf/Desktop/work/temporal/common/log/with_logger.go:66"}
2025-03-19T11:38:49.830-0400	debug	user data changed while blocked in long poll	{"host": "127.0.0.1:63279", "component": "matching-engine", "wf-task-queue-name": "rrentVersion_Batching-564e9892_task_queue_40", "wf-task-queue-type": "Workflow", "wf-namespace": "namespace-ec265ab4-426c-4316-a4b3-47fc66311932", "logging-call-at": "/Users/shivamsaraf/Desktop/work/temporal/common/log/with_logger.go:61"}
2025-03-19T11:38:49.830-0400	debug	user data changed while blocked in long poll	{"host": "127.0.0.1:63279", "component": "matching-engine", "wf-task-queue-name": "rrentVersion_Batching-564e9892_task_queue_40", "wf-task-queue-type": "Workflow", "wf-namespace": "namespace-ec265ab4-426c-4316-a4b3-47fc66311932", "logging-call-at": "/Users/shivamsaraf/Desktop/work/temporal/common/log/with_logger.go:61"}
2025-03-19T11:38:49.830-0400	debug	user data changed while blocked in long poll	{"host": "127.0.0.1:63279", "component": "matching-engine", "wf-task-queue-name": "rrentVersion_Batching-564e9892_task_queue_40", "wf-task-queue-type": "Workflow", "wf-namespace": "namespace-ec265ab4-426c-4316-a4b3-47fc66311932", "logging-call-at": "/Users/shivamsaraf/Desktop/work/temporal/common/log/with_logger.go:61"}
2025-03-19T11:38:49.830-0400	info	returning user data	{"host": "127.0.0.1:63279", "component": "matching-engine", "wf-task-queue-name": "rrentVersion_Batching-564e9892_task_queue_40", "wf-task-queue-type": "Workflow", "wf-namespace": "namespace-ec265ab4-426c-4316-a4b3-47fc66311932", "long-poll": true, "request-known-version": 0, "user-data-version": 1, "logging-call-at": "/Users/shivamsaraf/Desktop/work/temporal/common/log/with_logger.go:66"}
2025-03-19T11:38:49.830-0400	info	returning user data	{"host": "127.0.0.1:63279", "component": "matching-engine", "wf-task-queue-name": "rrentVersion_Batching-564e9892_task_queue_40", "wf-task-queue-type": "Workflow", "wf-namespace": "namespace-ec265ab4-426c-4316-a4b3-47fc66311932", "long-poll": true, "request-known-version": 0, "user-data-version": 1, "logging-call-at": "/Users/shivamsaraf/Desktop/work/temporal/common/log/with_logger.go:66"}
2025-03-19T11:38:49.830-0400	info	returning user data	{"host": "127.0.0.1:63279", "component": "matching-engine", "wf-task-queue-name": "rrentVersion_Batching-564e9892_task_queue_40", "wf-task-queue-type": "Workflow", "wf-namespace": "namespace-ec265ab4-426c-4316-a4b3-47fc66311932", "long-poll": true, "request-known-version": 0, "user-data-version": 1, "logging-call-at": "/Users/shivamsaraf/Desktop/work/temporal/common/log/with_logger.go:66"}
2025-03-19T11:38:49.831-0400	info	fetched user data from parent	{"host": "127.0.0.1:63279", "component": "matching-engine", "wf-task-queue-name": "/_sys/rrentVersion_Batching-564e9892_task_queue_40/3", "wf-task-queue-type": "Workflow", "wf-namespace": "namespace-ec265ab4-426c-4316-a4b3-47fc66311932", "user-data-version": 1, "timestamp": "2025-03-19T15:38:49.728Z", "logging-call-at": "/Users/shivamsaraf/Desktop/work/temporal/common/log/with_logger.go:66"}
2025-03-19T11:38:49.831-0400	info	fetched user data from parent	{"host": "127.0.0.1:63279", "component": "matching-engine", "wf-task-queue-name": "/_sys/rrentVersion_Batching-564e9892_task_queue_40/1", "wf-task-queue-type": "Workflow", "wf-namespace": "namespace-ec265ab4-426c-4316-a4b3-47fc66311932", "user-data-version": 1, "timestamp": "2025-03-19T15:38:49.728Z", "logging-call-at": "/Users/shivamsaraf/Desktop/work/temporal/common/log/with_logger.go:66"}
2025-03-19T11:38:49.831-0400	info	fetched user data from parent	{"host": "127.0.0.1:63279", "component": "matching-engine", "wf-task-queue-name": "/_sys/rrentVersion_Batching-564e9892_task_queue_40/2", "wf-task-queue-type": "Workflow", "wf-namespace": "namespace-ec265ab4-426c-4316-a4b3-47fc66311932", "user-data-version": 1, "timestamp": "2025-03-19T15:38:49.728Z", "logging-call-at": "/Users/shivamsaraf/Desktop/work/temporal/common/log/with_logger.go:66"}
2025-03-19T11:38:49.831-0400	debug	Frontend method invoked.	{"host": "127.0.0.1:63278", "wf-namespace": "namespace-ec265ab4-426c-4316-a4b3-47fc66311932", "operation": "RespondActivityTaskCompleted", "server-name": "", "cert-thumbprint": "", "logging-call-at": "/Users/shivamsaraf/Desktop/work/temporal/common/log/with_logger.go:61"}
2025-03-19T11:38:49.832-0400	debug	Workflow task updated	{"host": "127.0.0.1:63280", "shard-id": 4, "address": "127.0.0.1:63280", "wf-scheduled-event-id": 511, "wf-started-event-id": 0, "workflow-task-request-id": "emptyUuid", "workflow-task-timeout": 10, "attempt": 1, "wf-started-timestamp": "0001-01-01T00:00:00.000Z", "wt-type": "Normal", "logging-call-at": "/Users/shivamsaraf/Desktop/work/temporal/common/log/with_logger.go:61"}
2025-03-19T11:38:49.832-0400	debug	Assigning new task key	{"host": "127.0.0.1:63280", "shard-id": 4, "address": "127.0.0.1:63280", "wf-namespace-id": "d0b550e3-6091-4a9b-a9aa-3d80ffb24954", "wf-id": "temporal-sys-worker-deployment-version:rrentVersion_Batching-564e9892_deployment_series.rrentVersion_Batching-564e9892_build_id", "wf-run-id": "0195af0e-98a0-7d94-93e5-2a1d2e5942f8", "queue-task-type": "WorkflowTaskTimeout", "queue-task-id": 1049892, "timestamp": "2025-03-19T15:38:54.833Z", "cursor-timestamp": "2025-03-19T15:38:50.723Z", "logging-call-at": "/Users/shivamsaraf/Desktop/work/temporal/common/log/with_logger.go:61"}
2025-03-19T11:38:49.832-0400	debug	Assigning new task key	{"host": "127.0.0.1:63280", "shard-id": 4, "address": "127.0.0.1:63280", "wf-namespace-id": "d0b550e3-6091-4a9b-a9aa-3d80ffb24954", "wf-id": "temporal-sys-worker-deployment-version:rrentVersion_Batching-564e9892_deployment_series.rrentVersion_Batching-564e9892_build_id", "wf-run-id": "0195af0e-98a0-7d94-93e5-2a1d2e5942f8", "queue-task-type": "TransferWorkflowTask", "queue-task-id": 1049893, "timestamp": "2025-03-19T15:38:49.832Z", "cursor-timestamp": "2025-03-19T15:38:50.723Z", "logging-call-at": "/Users/shivamsaraf/Desktop/work/temporal/common/log/with_logger.go:61"}
2025-03-19T11:38:49.838-0400	debug	Process task as active.	{"host": "127.0.0.1:63280", "shard-id": 4, "address": "127.0.0.1:63280", "component": "transfer-queue-processor", "wf-namespace-id": "d0b550e3-6091-4a9b-a9aa-3d80ffb24954", "value": "d0b550e3-6091-4a9b-a9aa-3d80ffb24954/temporal-sys-worker-deployment-version:rrentVersion_Batching-564e9892_deployment_series.rrentVersion_Batching-564e9892_build_id/0195af0e-98a0-7d94-93e5-2a1d2e5942f8", "logging-call-at": "/Users/shivamsaraf/Desktop/work/temporal/common/log/with_logger.go:61"}
2025-03-19T11:38:49.838-0400	debug	Workflow task updated	{"host": "127.0.0.1:63280", "shard-id": 4, "address": "127.0.0.1:63280", "wf-scheduled-event-id": 511, "wf-started-event-id": 512, "workflow-task-request-id": "2196e7aa-a936-4753-aa7e-0a7e5a463999", "workflow-task-timeout": 10, "attempt": 1, "wf-started-timestamp": "2025-03-19T15:38:49.838Z", "wt-type": "Normal", "logging-call-at": "/Users/shivamsaraf/Desktop/work/temporal/common/log/with_logger.go:61"}
2025-03-19T11:38:49.839-0400	debug	Assigning new task key	{"host": "127.0.0.1:63280", "shard-id": 4, "address": "127.0.0.1:63280", "wf-namespace-id": "d0b550e3-6091-4a9b-a9aa-3d80ffb24954", "wf-id": "temporal-sys-worker-deployment-version:rrentVersion_Batching-564e9892_deployment_series.rrentVersion_Batching-564e9892_build_id", "wf-run-id": "0195af0e-98a0-7d94-93e5-2a1d2e5942f8", "queue-task-type": "WorkflowTaskTimeout", "queue-task-id": 1049896, "timestamp": "2025-03-19T15:38:59.839Z", "cursor-timestamp": "2025-03-19T15:38:50.837Z", "logging-call-at": "/Users/shivamsaraf/Desktop/work/temporal/common/log/with_logger.go:61"}
2025-03-19T11:38:49.848-0400	debug	ExecuteActivity	{"host": "127.0.0.1:63281", "Namespace": "namespace-ec265ab4-426c-4316-a4b3-47fc66311932", "TaskQueue": "temporal-sys-per-ns-tq", "WorkerID": "temporal-system@Shivams-MacBook-Pro.local@namespace-ec265ab4-426c-4316-a4b3-47fc66311932", "WorkflowType": "temporal-sys-worker-deployment-version-workflow", "WorkflowID": "temporal-sys-worker-deployment-version:rrentVersion_Batching-564e9892_deployment_series.rrentVersion_Batching-564e9892_build_id", "RunID": "0195af0e-98a0-7d94-93e5-2a1d2e5942f8", "Attempt": 0, "ActivityID": "514", "ActivityType": "CheckWorkerDeploymentUserDataPropagation", "logging-call-at": "/Users/shivamsaraf/Desktop/work/temporal/common/log/with_logger.go:61"}
2025-03-19T11:38:49.848-0400	debug	Frontend method invoked.	{"host": "127.0.0.1:63278", "wf-namespace": "namespace-ec265ab4-426c-4316-a4b3-47fc66311932", "operation": "PollWorkflowTaskQueue", "server-name": "", "cert-thumbprint": "", "logging-call-at": "/Users/shivamsaraf/Desktop/work/temporal/common/log/with_logger.go:61"}
2025-03-19T11:38:49.848-0400	debug	Received PollWorkflowTaskQueue	{"host": "127.0.0.1:63278", "service": "frontend", "logging-call-at": "/Users/shivamsaraf/Desktop/work/temporal/common/log/with_logger.go:61"}
2025-03-19T11:38:49.848-0400	debug	Poll workflow task queue.	{"host": "127.0.0.1:63278", "service": "frontend", "wf-namespace": "namespace-ec265ab4-426c-4316-a4b3-47fc66311932", "wf-namespace-id": "d0b550e3-6091-4a9b-a9aa-3d80ffb24954", "logging-call-at": "/Users/shivamsaraf/Desktop/work/temporal/common/log/with_logger.go:61"}
2025-03-19T11:38:49.849-0400	debug	Frontend method invoked.	{"host": "127.0.0.1:63278", "wf-namespace": "namespace-ec265ab4-426c-4316-a4b3-47fc66311932", "operation": "RespondWorkflowTaskCompleted", "server-name": "", "cert-thumbprint": "", "logging-call-at": "/Users/shivamsaraf/Desktop/work/temporal/common/log/with_logger.go:61"}
2025-03-19T11:38:49.849-0400	debug	RespondWorkflowTaskCompleted	{"host": "127.0.0.1:63280", "service": "history", "wf-namespace-id": "d0b550e3-6091-4a9b-a9aa-3d80ffb24954", "wf-id": "temporal-sys-worker-deployment-version:rrentVersion_Batching-564e9892_deployment_series.rrentVersion_Batching-564e9892_build_id", "wf-run-id": "0195af0e-98a0-7d94-93e5-2a1d2e5942f8", "wf-scheduled-event-id": 511, "logging-call-at": "/Users/shivamsaraf/Desktop/work/temporal/common/log/with_logger.go:61"}
2025-03-19T11:38:49.849-0400	debug	Workflow task updated	{"host": "127.0.0.1:63280", "shard-id": 4, "address": "127.0.0.1:63280", "wf-scheduled-event-id": 0, "wf-started-event-id": 0, "workflow-task-request-id": "emptyUuid", "workflow-task-timeout": 0, "attempt": 1, "wf-started-timestamp": "1970-01-01T00:00:00.000Z", "wt-type": "Unspecified", "logging-call-at": "/Users/shivamsaraf/Desktop/work/temporal/common/log/with_logger.go:61"}
2025-03-19T11:38:49.850-0400	debug	Assigning new task key	{"host": "127.0.0.1:63280", "shard-id": 4, "address": "127.0.0.1:63280", "wf-namespace-id": "d0b550e3-6091-4a9b-a9aa-3d80ffb24954", "wf-id": "temporal-sys-worker-deployment-version:rrentVersion_Batching-564e9892_deployment_series.rrentVersion_Batching-564e9892_build_id", "wf-run-id": "0195af0e-98a0-7d94-93e5-2a1d2e5942f8", "queue-task-type": "TransferActivityTask", "queue-task-id": 1049901, "timestamp": "2025-03-19T15:38:49.850Z", "cursor-timestamp": "2025-03-19T15:38:50.837Z", "logging-call-at": "/Users/shivamsaraf/Desktop/work/temporal/common/log/with_logger.go:61"}
2025-03-19T11:38:49.854-0400	debug	Process task as active.	{"host": "127.0.0.1:63280", "shard-id": 4, "address": "127.0.0.1:63280", "component": "transfer-queue-processor", "wf-namespace-id": "d0b550e3-6091-4a9b-a9aa-3d80ffb24954", "value": "d0b550e3-6091-4a9b-a9aa-3d80ffb24954/temporal-sys-worker-deployment-version:rrentVersion_Batching-564e9892_deployment_series.rrentVersion_Batching-564e9892_build_id/0195af0e-98a0-7d94-93e5-2a1d2e5942f8", "logging-call-at": "/Users/shivamsaraf/Desktop/work/temporal/common/log/with_logger.go:61"}
2025-03-19T11:38:49.855-0400	debug	Assigning new task key	{"host": "127.0.0.1:63280", "shard-id": 4, "address": "127.0.0.1:63280", "wf-namespace-id": "d0b550e3-6091-4a9b-a9aa-3d80ffb24954", "wf-id": "temporal-sys-worker-deployment-version:rrentVersion_Batching-564e9892_deployment_series.rrentVersion_Batching-564e9892_build_id", "wf-run-id": "0195af0e-98a0-7d94-93e5-2a1d2e5942f8", "queue-task-type": "ActivityTimeout", "queue-task-id": 1049902, "timestamp": "2025-03-19T15:39:49.856Z", "cursor-timestamp": "2025-03-19T15:38:50.853Z", "logging-call-at": "/Users/shivamsaraf/Desktop/work/temporal/common/log/with_logger.go:61"}
2025-03-19T11:38:49.859-0400	info	waiting for userdata propagation	{"host": "127.0.0.1:63281", "Namespace": "namespace-ec265ab4-426c-4316-a4b3-47fc66311932", "TaskQueue": "temporal-sys-per-ns-tq", "WorkerID": "temporal-system@Shivams-MacBook-Pro.local@namespace-ec265ab4-426c-4316-a4b3-47fc66311932", "ActivityID": "514", "ActivityType": "CheckWorkerDeploymentUserDataPropagation", "Attempt": 1, "WorkflowType": "temporal-sys-worker-deployment-version-workflow", "WorkflowID": "temporal-sys-worker-deployment-version:rrentVersion_Batching-564e9892_deployment_series.rrentVersion_Batching-564e9892_build_id", "RunID": "0195af0e-98a0-7d94-93e5-2a1d2e5942f8", "taskQueue": "rrentVersion_Batching-564e9892_task_queue_40", "version": 1, "logging-call-at": "/Users/shivamsaraf/Desktop/work/temporal/common/log/with_logger.go:66"}
2025-03-19T11:38:49.859-0400	debug	Frontend method invoked.	{"host": "127.0.0.1:63278", "wf-namespace": "namespace-ec265ab4-426c-4316-a4b3-47fc66311932", "operation": "PollActivityTaskQueue", "server-name": "", "cert-thumbprint": "", "logging-call-at": "/Users/shivamsaraf/Desktop/work/temporal/common/log/with_logger.go:61"}
2025-03-19T11:38:49.859-0400	debug	Received PollActivityTaskQueue	{"host": "127.0.0.1:63278", "service": "frontend", "logging-call-at": "/Users/shivamsaraf/Desktop/work/temporal/common/log/with_logger.go:61"}
2025-03-19T11:38:49.860-0400	info	matching client encountered error	{"host": "127.0.0.1:63279", "error": "partition was not loaded", "service-error-type": "serviceerror.FailedPrecondition", "logging-call-at": "/Users/shivamsaraf/Desktop/work/temporal/common/log/with_logger.go:66"}
2025-03-19T11:38:49.860-0400	info	returning user data	{"host": "127.0.0.1:63279", "component": "matching-engine", "wf-task-queue-name": "/_sys/rrentVersion_Batching-564e9892_task_queue_40/2", "wf-task-queue-type": "Workflow", "wf-namespace": "namespace-ec265ab4-426c-4316-a4b3-47fc66311932", "long-poll": true, "request-known-version": 0, "user-data-version": 1, "logging-call-at": "/Users/shivamsaraf/Desktop/work/temporal/common/log/with_logger.go:66"}
2025-03-19T11:38:49.860-0400	info	matching client encountered error	{"host": "127.0.0.1:63279", "error": "partition was not loaded", "service-error-type": "serviceerror.FailedPrecondition", "logging-call-at": "/Users/shivamsaraf/Desktop/work/temporal/common/log/with_logger.go:66"}
2025-03-19T11:38:49.860-0400	info	returning user data	{"host": "127.0.0.1:63279", "component": "matching-engine", "wf-task-queue-name": "/_sys/rrentVersion_Batching-564e9892_task_queue_40/1", "wf-task-queue-type": "Workflow", "wf-namespace": "namespace-ec265ab4-426c-4316-a4b3-47fc66311932", "long-poll": true, "request-known-version": 0, "user-data-version": 1, "logging-call-at": "/Users/shivamsaraf/Desktop/work/temporal/common/log/with_logger.go:66"}
2025-03-19T11:38:49.860-0400	info	returning user data	{"host": "127.0.0.1:63279", "component": "matching-engine", "wf-task-queue-name": "/_sys/rrentVersion_Batching-564e9892_task_queue_40/3", "wf-task-queue-type": "Workflow", "wf-namespace": "namespace-ec265ab4-426c-4316-a4b3-47fc66311932", "long-poll": true, "request-known-version": 0, "user-data-version": 1, "logging-call-at": "/Users/shivamsaraf/Desktop/work/temporal/common/log/with_logger.go:66"}
2025-03-19T11:38:49.860-0400	info	matching client encountered error	{"host": "127.0.0.1:63279", "error": "partition was not loaded", "service-error-type": "serviceerror.FailedPrecondition", "logging-call-at": "/Users/shivamsaraf/Desktop/work/temporal/common/log/with_logger.go:66"}
2025-03-19T11:38:49.860-0400	info	matching client encountered error	{"host": "127.0.0.1:63279", "error": "partition was not loaded", "service-error-type": "serviceerror.FailedPrecondition", "logging-call-at": "/Users/shivamsaraf/Desktop/work/temporal/common/log/with_logger.go:66"}
2025-03-19T11:38:49.861-0400	debug	Frontend method invoked.	{"host": "127.0.0.1:63278", "wf-namespace": "namespace-ec265ab4-426c-4316-a4b3-47fc66311932", "operation": "RespondActivityTaskCompleted", "server-name": "", "cert-thumbprint": "", "logging-call-at": "/Users/shivamsaraf/Desktop/work/temporal/common/log/with_logger.go:61"}
2025-03-19T11:38:49.861-0400	debug	Workflow task updated	{"host": "127.0.0.1:63280", "shard-id": 4, "address": "127.0.0.1:63280", "wf-scheduled-event-id": 517, "wf-started-event-id": 0, "workflow-task-request-id": "emptyUuid", "workflow-task-timeout": 10, "attempt": 1, "wf-started-timestamp": "0001-01-01T00:00:00.000Z", "wt-type": "Normal", "logging-call-at": "/Users/shivamsaraf/Desktop/work/temporal/common/log/with_logger.go:61"}
2025-03-19T11:38:49.861-0400	debug	Assigning new task key	{"host": "127.0.0.1:63280", "shard-id": 4, "address": "127.0.0.1:63280", "wf-namespace-id": "d0b550e3-6091-4a9b-a9aa-3d80ffb24954", "wf-id": "temporal-sys-worker-deployment-version:rrentVersion_Batching-564e9892_deployment_series.rrentVersion_Batching-564e9892_build_id", "wf-run-id": "0195af0e-98a0-7d94-93e5-2a1d2e5942f8", "queue-task-type": "WorkflowTaskTimeout", "queue-task-id": 1049908, "timestamp": "2025-03-19T15:38:54.862Z", "cursor-timestamp": "2025-03-19T15:38:50.853Z", "logging-call-at": "/Users/shivamsaraf/Desktop/work/temporal/common/log/with_logger.go:61"}
2025-03-19T11:38:49.861-0400	debug	Assigning new task key	{"host": "127.0.0.1:63280", "shard-id": 4, "address": "127.0.0.1:63280", "wf-namespace-id": "d0b550e3-6091-4a9b-a9aa-3d80ffb24954", "wf-id": "temporal-sys-worker-deployment-version:rrentVersion_Batching-564e9892_deployment_series.rrentVersion_Batching-564e9892_build_id", "wf-run-id": "0195af0e-98a0-7d94-93e5-2a1d2e5942f8", "queue-task-type": "TransferWorkflowTask", "queue-task-id": 1049909, "timestamp": "2025-03-19T15:38:49.861Z", "cursor-timestamp": "2025-03-19T15:38:50.853Z", "logging-call-at": "/Users/shivamsaraf/Desktop/work/temporal/common/log/with_logger.go:61"}
2025-03-19T11:38:49.865-0400	debug	Process task as active.	{"host": "127.0.0.1:63280", "shard-id": 4, "address": "127.0.0.1:63280", "component": "transfer-queue-processor", "wf-namespace-id": "d0b550e3-6091-4a9b-a9aa-3d80ffb24954", "value": "d0b550e3-6091-4a9b-a9aa-3d80ffb24954/temporal-sys-worker-deployment-version:rrentVersion_Batching-564e9892_deployment_series.rrentVersion_Batching-564e9892_build_id/0195af0e-98a0-7d94-93e5-2a1d2e5942f8", "logging-call-at": "/Users/shivamsaraf/Desktop/work/temporal/common/log/with_logger.go:61"}
2025-03-19T11:38:49.866-0400	debug	Workflow task updated	{"host": "127.0.0.1:63280", "shard-id": 4, "address": "127.0.0.1:63280", "wf-scheduled-event-id": 517, "wf-started-event-id": 518, "workflow-task-request-id": "2123c4c0-b23a-4441-9877-e87be230a428", "workflow-task-timeout": 10, "attempt": 1, "wf-started-timestamp": "2025-03-19T15:38:49.866Z", "wt-type": "Normal", "logging-call-at": "/Users/shivamsaraf/Desktop/work/temporal/common/log/with_logger.go:61"}
2025-03-19T11:38:49.866-0400	debug	Assigning new task key	{"host": "127.0.0.1:63280", "shard-id": 4, "address": "127.0.0.1:63280", "wf-namespace-id": "d0b550e3-6091-4a9b-a9aa-3d80ffb24954", "wf-id": "temporal-sys-worker-deployment-version:rrentVersion_Batching-564e9892_deployment_series.rrentVersion_Batching-564e9892_build_id", "wf-run-id": "0195af0e-98a0-7d94-93e5-2a1d2e5942f8", "queue-task-type": "WorkflowTaskTimeout", "queue-task-id": 1049912, "timestamp": "2025-03-19T15:38:59.867Z", "cursor-timestamp": "2025-03-19T15:38:50.865Z", "logging-call-at": "/Users/shivamsaraf/Desktop/work/temporal/common/log/with_logger.go:61"}
2025-03-19T11:38:49.873-0400	debug	Frontend method invoked.	{"host": "127.0.0.1:63278", "wf-namespace": "namespace-ec265ab4-426c-4316-a4b3-47fc66311932", "operation": "PollWorkflowTaskQueue", "server-name": "", "cert-thumbprint": "", "logging-call-at": "/Users/shivamsaraf/Desktop/work/temporal/common/log/with_logger.go:61"}
2025-03-19T11:38:49.874-0400	debug	Received PollWorkflowTaskQueue	{"host": "127.0.0.1:63278", "service": "frontend", "logging-call-at": "/Users/shivamsaraf/Desktop/work/temporal/common/log/with_logger.go:61"}
2025-03-19T11:38:49.874-0400	debug	Poll workflow task queue.	{"host": "127.0.0.1:63278", "service": "frontend", "wf-namespace": "namespace-ec265ab4-426c-4316-a4b3-47fc66311932", "wf-namespace-id": "d0b550e3-6091-4a9b-a9aa-3d80ffb24954", "logging-call-at": "/Users/shivamsaraf/Desktop/work/temporal/common/log/with_logger.go:61"}
2025-03-19T11:38:49.874-0400	debug	Frontend method invoked.	{"host": "127.0.0.1:63278", "wf-namespace": "namespace-ec265ab4-426c-4316-a4b3-47fc66311932", "operation": "RespondWorkflowTaskCompleted", "server-name": "", "cert-thumbprint": "", "logging-call-at": "/Users/shivamsaraf/Desktop/work/temporal/common/log/with_logger.go:61"}
2025-03-19T11:38:49.874-0400	debug	RespondWorkflowTaskCompleted	{"host": "127.0.0.1:63280", "service": "history", "wf-namespace-id": "d0b550e3-6091-4a9b-a9aa-3d80ffb24954", "wf-id": "temporal-sys-worker-deployment-version:rrentVersion_Batching-564e9892_deployment_series.rrentVersion_Batching-564e9892_build_id", "wf-run-id": "0195af0e-98a0-7d94-93e5-2a1d2e5942f8", "wf-scheduled-event-id": 517, "logging-call-at": "/Users/shivamsaraf/Desktop/work/temporal/common/log/with_logger.go:61"}
2025-03-19T11:38:49.874-0400	debug	Workflow task updated	{"host": "127.0.0.1:63280", "shard-id": 4, "address": "127.0.0.1:63280", "wf-scheduled-event-id": 0, "wf-started-event-id": 0, "workflow-task-request-id": "emptyUuid", "workflow-task-timeout": 0, "attempt": 1, "wf-started-timestamp": "1970-01-01T00:00:00.000Z", "wt-type": "Unspecified", "logging-call-at": "/Users/shivamsaraf/Desktop/work/temporal/common/log/with_logger.go:61"}
2025-03-19T11:38:49.874-0400	debug	update state change	{"host": "127.0.0.1:63280", "shard-id": 4, "address": "127.0.0.1:63280", "wf-namespace-id": "d0b550e3-6091-4a9b-a9aa-3d80ffb24954", "wf-id": "temporal-sys-worker-deployment-version:rrentVersion_Batching-564e9892_deployment_series.rrentVersion_Batching-564e9892_build_id", "wf-run-id": "0195af0e-98a0-7d94-93e5-2a1d2e5942f8", "update-id": "8430ee3d-097f-4601-a0be-646ae265d129", "from-state": "Accepted", "to-state": "ProvisionallyCompleted", "logging-call-at": "/Users/shivamsaraf/Desktop/work/temporal/common/log/with_logger.go:61"}
2025-03-19T11:38:49.877-0400	debug	update state change	{"host": "127.0.0.1:63280", "shard-id": 4, "address": "127.0.0.1:63280", "wf-namespace-id": "d0b550e3-6091-4a9b-a9aa-3d80ffb24954", "wf-id": "temporal-sys-worker-deployment-version:rrentVersion_Batching-564e9892_deployment_series.rrentVersion_Batching-564e9892_build_id", "wf-run-id": "0195af0e-98a0-7d94-93e5-2a1d2e5942f8", "update-id": "8430ee3d-097f-4601-a0be-646ae265d129", "from-state": "ProvisionallyCompleted", "to-state": "Completed", "logging-call-at": "/Users/shivamsaraf/Desktop/work/temporal/common/log/with_logger.go:61"}
2025-03-19T11:38:49.877-0400	debug	Frontend method invoked.	{"host": "127.0.0.1:63278", "wf-namespace": "namespace-ec265ab4-426c-4316-a4b3-47fc66311932", "operation": "RespondActivityTaskCompleted", "server-name": "", "cert-thumbprint": "", "logging-call-at": "/Users/shivamsaraf/Desktop/work/temporal/common/log/with_logger.go:61"}
2025-03-19T11:38:49.878-0400	debug	Workflow task updated	{"host": "127.0.0.1:63280", "shard-id": 1, "address": "127.0.0.1:63280", "wf-scheduled-event-id": 263, "wf-started-event-id": 0, "workflow-task-request-id": "emptyUuid", "workflow-task-timeout": 10, "attempt": 1, "wf-started-timestamp": "0001-01-01T00:00:00.000Z", "wt-type": "Normal", "logging-call-at": "/Users/shivamsaraf/Desktop/work/temporal/common/log/with_logger.go:61"}
2025-03-19T11:38:49.878-0400	debug	Assigning new task key	{"host": "127.0.0.1:63280", "shard-id": 1, "address": "127.0.0.1:63280", "wf-namespace-id": "d0b550e3-6091-4a9b-a9aa-3d80ffb24954", "wf-id": "temporal-sys-worker-deployment:rrentVersion_Batching-564e9892_deployment_series", "wf-run-id": "0195af0e-960d-715f-b6c6-08dcdf4b78ec", "queue-task-type": "WorkflowTaskTimeout", "queue-task-id": 1049186, "timestamp": "2025-03-19T15:38:54.879Z", "cursor-timestamp": "2025-03-19T15:38:50.707Z", "logging-call-at": "/Users/shivamsaraf/Desktop/work/temporal/common/log/with_logger.go:61"}
2025-03-19T11:38:49.878-0400	debug	Assigning new task key	{"host": "127.0.0.1:63280", "shard-id": 1, "address": "127.0.0.1:63280", "wf-namespace-id": "d0b550e3-6091-4a9b-a9aa-3d80ffb24954", "wf-id": "temporal-sys-worker-deployment:rrentVersion_Batching-564e9892_deployment_series", "wf-run-id": "0195af0e-960d-715f-b6c6-08dcdf4b78ec", "queue-task-type": "TransferWorkflowTask", "queue-task-id": 1049187, "timestamp": "2025-03-19T15:38:49.878Z", "cursor-timestamp": "2025-03-19T15:38:50.707Z", "logging-call-at": "/Users/shivamsaraf/Desktop/work/temporal/common/log/with_logger.go:61"}
2025-03-19T11:38:49.882-0400	debug	Process task as active.	{"host": "127.0.0.1:63280", "shard-id": 1, "address": "127.0.0.1:63280", "component": "transfer-queue-processor", "wf-namespace-id": "d0b550e3-6091-4a9b-a9aa-3d80ffb24954", "value": "d0b550e3-6091-4a9b-a9aa-3d80ffb24954/temporal-sys-worker-deployment:rrentVersion_Batching-564e9892_deployment_series/0195af0e-960d-715f-b6c6-08dcdf4b78ec", "logging-call-at": "/Users/shivamsaraf/Desktop/work/temporal/common/log/with_logger.go:61"}
2025-03-19T11:38:49.883-0400	debug	Workflow task updated	{"host": "127.0.0.1:63280", "shard-id": 1, "address": "127.0.0.1:63280", "wf-scheduled-event-id": 263, "wf-started-event-id": 264, "workflow-task-request-id": "3f37feb4-a495-4307-a8c6-aefaff76d69b", "workflow-task-timeout": 10, "attempt": 1, "wf-started-timestamp": "2025-03-19T15:38:49.883Z", "wt-type": "Normal", "logging-call-at": "/Users/shivamsaraf/Desktop/work/temporal/common/log/with_logger.go:61"}
2025-03-19T11:38:49.883-0400	debug	Assigning new task key	{"host": "127.0.0.1:63280", "shard-id": 1, "address": "127.0.0.1:63280", "wf-namespace-id": "d0b550e3-6091-4a9b-a9aa-3d80ffb24954", "wf-id": "temporal-sys-worker-deployment:rrentVersion_Batching-564e9892_deployment_series", "wf-run-id": "0195af0e-960d-715f-b6c6-08dcdf4b78ec", "queue-task-type": "WorkflowTaskTimeout", "queue-task-id": 1049190, "timestamp": "2025-03-19T15:38:59.884Z", "cursor-timestamp": "2025-03-19T15:38:50.882Z", "logging-call-at": "/Users/shivamsaraf/Desktop/work/temporal/common/log/with_logger.go:61"}
2025-03-19T11:38:49.889-0400	debug	ExecuteActivity	{"host": "127.0.0.1:63281", "Namespace": "namespace-ec265ab4-426c-4316-a4b3-47fc66311932", "TaskQueue": "temporal-sys-per-ns-tq", "WorkerID": "temporal-system@Shivams-MacBook-Pro.local@namespace-ec265ab4-426c-4316-a4b3-47fc66311932", "WorkflowType": "temporal-sys-worker-deployment-workflow", "WorkflowID": "temporal-sys-worker-deployment:rrentVersion_Batching-564e9892_deployment_series", "RunID": "0195af0e-960d-715f-b6c6-08dcdf4b78ec", "Attempt": 0, "ActivityID": "267", "ActivityType": "RegisterWorkerInVersion", "logging-call-at": "/Users/shivamsaraf/Desktop/work/temporal/common/log/with_logger.go:61"}
2025-03-19T11:38:49.889-0400	debug	Frontend method invoked.	{"host": "127.0.0.1:63278", "wf-namespace": "namespace-ec265ab4-426c-4316-a4b3-47fc66311932", "operation": "PollWorkflowTaskQueue", "server-name": "", "cert-thumbprint": "", "logging-call-at": "/Users/shivamsaraf/Desktop/work/temporal/common/log/with_logger.go:61"}
2025-03-19T11:38:49.889-0400	debug	Received PollWorkflowTaskQueue	{"host": "127.0.0.1:63278", "service": "frontend", "logging-call-at": "/Users/shivamsaraf/Desktop/work/temporal/common/log/with_logger.go:61"}
2025-03-19T11:38:49.889-0400	debug	Poll workflow task queue.	{"host": "127.0.0.1:63278", "service": "frontend", "wf-namespace": "namespace-ec265ab4-426c-4316-a4b3-47fc66311932", "wf-namespace-id": "d0b550e3-6091-4a9b-a9aa-3d80ffb24954", "logging-call-at": "/Users/shivamsaraf/Desktop/work/temporal/common/log/with_logger.go:61"}
2025-03-19T11:38:49.890-0400	debug	Frontend method invoked.	{"host": "127.0.0.1:63278", "wf-namespace": "namespace-ec265ab4-426c-4316-a4b3-47fc66311932", "operation": "RespondWorkflowTaskCompleted", "server-name": "", "cert-thumbprint": "", "logging-call-at": "/Users/shivamsaraf/Desktop/work/temporal/common/log/with_logger.go:61"}
2025-03-19T11:38:49.890-0400	debug	RespondWorkflowTaskCompleted	{"host": "127.0.0.1:63280", "service": "history", "wf-namespace-id": "d0b550e3-6091-4a9b-a9aa-3d80ffb24954", "wf-id": "temporal-sys-worker-deployment:rrentVersion_Batching-564e9892_deployment_series", "wf-run-id": "0195af0e-960d-715f-b6c6-08dcdf4b78ec", "wf-scheduled-event-id": 263, "logging-call-at": "/Users/shivamsaraf/Desktop/work/temporal/common/log/with_logger.go:61"}
2025-03-19T11:38:49.890-0400	debug	Workflow task updated	{"host": "127.0.0.1:63280", "shard-id": 1, "address": "127.0.0.1:63280", "wf-scheduled-event-id": 0, "wf-started-event-id": 0, "workflow-task-request-id": "emptyUuid", "workflow-task-timeout": 0, "attempt": 1, "wf-started-timestamp": "1970-01-01T00:00:00.000Z", "wt-type": "Unspecified", "logging-call-at": "/Users/shivamsaraf/Desktop/work/temporal/common/log/with_logger.go:61"}
2025-03-19T11:38:49.891-0400	debug	update state change	{"host": "127.0.0.1:63280", "shard-id": 1, "address": "127.0.0.1:63280", "wf-namespace-id": "d0b550e3-6091-4a9b-a9aa-3d80ffb24954", "wf-id": "temporal-sys-worker-deployment:rrentVersion_Batching-564e9892_deployment_series", "wf-run-id": "0195af0e-960d-715f-b6c6-08dcdf4b78ec", "update-id": "9c21dbe2-62d2-4aa3-8233-6dc7e2b2cf06", "from-state": "Accepted", "to-state": "ProvisionallyCompleted", "logging-call-at": "/Users/shivamsaraf/Desktop/work/temporal/common/log/with_logger.go:61"}
2025-03-19T11:38:49.891-0400	debug	Assigning new task key	{"host": "127.0.0.1:63280", "shard-id": 1, "address": "127.0.0.1:63280", "wf-namespace-id": "d0b550e3-6091-4a9b-a9aa-3d80ffb24954", "wf-id": "temporal-sys-worker-deployment:rrentVersion_Batching-564e9892_deployment_series", "wf-run-id": "0195af0e-960d-715f-b6c6-08dcdf4b78ec", "queue-task-type": "TransferActivityTask", "queue-task-id": 1049196, "timestamp": "2025-03-19T15:38:49.891Z", "cursor-timestamp": "2025-03-19T15:38:50.882Z", "logging-call-at": "/Users/shivamsaraf/Desktop/work/temporal/common/log/with_logger.go:61"}
2025-03-19T11:38:49.894-0400	debug	update state change	{"host": "127.0.0.1:63280", "shard-id": 1, "address": "127.0.0.1:63280", "wf-namespace-id": "d0b550e3-6091-4a9b-a9aa-3d80ffb24954", "wf-id": "temporal-sys-worker-deployment:rrentVersion_Batching-564e9892_deployment_series", "wf-run-id": "0195af0e-960d-715f-b6c6-08dcdf4b78ec", "update-id": "9c21dbe2-62d2-4aa3-8233-6dc7e2b2cf06", "from-state": "ProvisionallyCompleted", "to-state": "Completed", "logging-call-at": "/Users/shivamsaraf/Desktop/work/temporal/common/log/with_logger.go:61"}
2025-03-19T11:38:49.894-0400	debug	deployment client success	{"host": "127.0.0.1:63279", "operation": "RegisterTaskQueueWorker", "elapsed": 6.339303958, "args": ["rrentVersion_Batching-564e9892_task_queue_40",1,"matching service"], "logging-call-at": "/Users/shivamsaraf/Desktop/work/temporal/common/log/with_logger.go:61"}
2025-03-19T11:38:49.894-0400	debug	Process task as active.	{"host": "127.0.0.1:63280", "shard-id": 1, "address": "127.0.0.1:63280", "component": "transfer-queue-processor", "wf-namespace-id": "d0b550e3-6091-4a9b-a9aa-3d80ffb24954", "value": "d0b550e3-6091-4a9b-a9aa-3d80ffb24954/temporal-sys-worker-deployment:rrentVersion_Batching-564e9892_deployment_series/0195af0e-960d-715f-b6c6-08dcdf4b78ec", "logging-call-at": "/Users/shivamsaraf/Desktop/work/temporal/common/log/with_logger.go:61"}
2025-03-19T11:38:49.895-0400	debug	Assigning new task key	{"host": "127.0.0.1:63280", "shard-id": 1, "address": "127.0.0.1:63280", "wf-namespace-id": "d0b550e3-6091-4a9b-a9aa-3d80ffb24954", "wf-id": "temporal-sys-worker-deployment:rrentVersion_Batching-564e9892_deployment_series", "wf-run-id": "0195af0e-960d-715f-b6c6-08dcdf4b78ec", "queue-task-type": "ActivityTimeout", "queue-task-id": 1049198, "timestamp": "2025-03-19T15:39:49.896Z", "cursor-timestamp": "2025-03-19T15:38:50.894Z", "logging-call-at": "/Users/shivamsaraf/Desktop/work/temporal/common/log/with_logger.go:61"}
2025-03-19T11:38:49.899-0400	debug	Frontend method invoked.	{"host": "127.0.0.1:63278", "wf-namespace": "namespace-ec265ab4-426c-4316-a4b3-47fc66311932", "operation": "PollActivityTaskQueue", "server-name": "", "cert-thumbprint": "", "logging-call-at": "/Users/shivamsaraf/Desktop/work/temporal/common/log/with_logger.go:61"}
2025-03-19T11:38:49.899-0400	debug	Received PollActivityTaskQueue	{"host": "127.0.0.1:63278", "service": "frontend", "logging-call-at": "/Users/shivamsaraf/Desktop/work/temporal/common/log/with_logger.go:61"}
2025-03-19T11:38:49.900-0400	debug	update state change	{"host": "127.0.0.1:63280", "shard-id": 4, "address": "127.0.0.1:63280", "wf-namespace-id": "d0b550e3-6091-4a9b-a9aa-3d80ffb24954", "wf-id": "temporal-sys-worker-deployment-version:rrentVersion_Batching-564e9892_deployment_series.rrentVersion_Batching-564e9892_build_id", "wf-run-id": "0195af0e-98a0-7d94-93e5-2a1d2e5942f8", "update-id": "ab3a77e1-bb9a-4258-b2f5-d2327bb21ffe", "from-state": "Created", "to-state": "ProvisionallyAdmitted", "logging-call-at": "/Users/shivamsaraf/Desktop/work/temporal/common/log/with_logger.go:61"}
2025-03-19T11:38:49.900-0400	debug	update state change	{"host": "127.0.0.1:63280", "shard-id": 4, "address": "127.0.0.1:63280", "wf-namespace-id": "d0b550e3-6091-4a9b-a9aa-3d80ffb24954", "wf-id": "temporal-sys-worker-deployment-version:rrentVersion_Batching-564e9892_deployment_series.rrentVersion_Batching-564e9892_build_id", "wf-run-id": "0195af0e-98a0-7d94-93e5-2a1d2e5942f8", "update-id": "ab3a77e1-bb9a-4258-b2f5-d2327bb21ffe", "from-state": "ProvisionallyAdmitted", "to-state": "Admitted", "logging-call-at": "/Users/shivamsaraf/Desktop/work/temporal/common/log/with_logger.go:61"}
2025-03-19T11:38:49.900-0400	debug	Workflow task updated	{"host": "127.0.0.1:63280", "shard-id": 4, "address": "127.0.0.1:63280", "wf-scheduled-event-id": 521, "wf-started-event-id": 0, "workflow-task-request-id": "emptyUuid", "workflow-task-timeout": 10, "attempt": 1, "wf-started-timestamp": "0001-01-01T00:00:00.000Z", "wt-type": "Speculative", "logging-call-at": "/Users/shivamsaraf/Desktop/work/temporal/common/log/with_logger.go:61"}
2025-03-19T11:38:49.901-0400	debug	Workflow task updated	{"host": "127.0.0.1:63280", "shard-id": 4, "address": "127.0.0.1:63280", "wf-scheduled-event-id": 521, "wf-started-event-id": 522, "workflow-task-request-id": "7c21b100-c39a-4e7c-9ace-f398b28922c2", "workflow-task-timeout": 10, "attempt": 1, "wf-started-timestamp": "2025-03-19T15:38:49.901Z", "wt-type": "Speculative", "logging-call-at": "/Users/shivamsaraf/Desktop/work/temporal/common/log/with_logger.go:61"}
2025-03-19T11:38:49.901-0400	debug	update state change	{"host": "127.0.0.1:63280", "shard-id": 4, "address": "127.0.0.1:63280", "wf-namespace-id": "d0b550e3-6091-4a9b-a9aa-3d80ffb24954", "wf-id": "temporal-sys-worker-deployment-version:rrentVersion_Batching-564e9892_deployment_series.rrentVersion_Batching-564e9892_build_id", "wf-run-id": "0195af0e-98a0-7d94-93e5-2a1d2e5942f8", "update-id": "ab3a77e1-bb9a-4258-b2f5-d2327bb21ffe", "from-state": "Admitted", "to-state": "Sent", "logging-call-at": "/Users/shivamsaraf/Desktop/work/temporal/common/log/with_logger.go:61"}
2025-03-19T11:38:49.905-0400	debug	ExecuteActivity	{"host": "127.0.0.1:63281", "Namespace": "namespace-ec265ab4-426c-4316-a4b3-47fc66311932", "TaskQueue": "temporal-sys-per-ns-tq", "WorkerID": "temporal-system@Shivams-MacBook-Pro.local@namespace-ec265ab4-426c-4316-a4b3-47fc66311932", "WorkflowType": "temporal-sys-worker-deployment-version-workflow", "WorkflowID": "temporal-sys-worker-deployment-version:rrentVersion_Batching-564e9892_deployment_series.rrentVersion_Batching-564e9892_build_id", "RunID": "0195af0e-98a0-7d94-93e5-2a1d2e5942f8", "Attempt": 0, "ActivityID": "525", "ActivityType": "SyncDeploymentVersionUserData", "logging-call-at": "/Users/shivamsaraf/Desktop/work/temporal/common/log/with_logger.go:61"}
2025-03-19T11:38:49.905-0400	debug	Frontend method invoked.	{"host": "127.0.0.1:63278", "wf-namespace": "namespace-ec265ab4-426c-4316-a4b3-47fc66311932", "operation": "PollWorkflowTaskQueue", "server-name": "", "cert-thumbprint": "", "logging-call-at": "/Users/shivamsaraf/Desktop/work/temporal/common/log/with_logger.go:61"}
2025-03-19T11:38:49.905-0400	debug	Received PollWorkflowTaskQueue	{"host": "127.0.0.1:63278", "service": "frontend", "logging-call-at": "/Users/shivamsaraf/Desktop/work/temporal/common/log/with_logger.go:61"}
2025-03-19T11:38:49.905-0400	debug	Poll workflow task queue.	{"host": "127.0.0.1:63278", "service": "frontend", "wf-namespace": "namespace-ec265ab4-426c-4316-a4b3-47fc66311932", "wf-namespace-id": "d0b550e3-6091-4a9b-a9aa-3d80ffb24954", "logging-call-at": "/Users/shivamsaraf/Desktop/work/temporal/common/log/with_logger.go:61"}
2025-03-19T11:38:49.905-0400	debug	Frontend method invoked.	{"host": "127.0.0.1:63278", "wf-namespace": "namespace-ec265ab4-426c-4316-a4b3-47fc66311932", "operation": "RespondWorkflowTaskCompleted", "server-name": "", "cert-thumbprint": "", "logging-call-at": "/Users/shivamsaraf/Desktop/work/temporal/common/log/with_logger.go:61"}
2025-03-19T11:38:49.906-0400	debug	RespondWorkflowTaskCompleted	{"host": "127.0.0.1:63280", "service": "history", "wf-namespace-id": "d0b550e3-6091-4a9b-a9aa-3d80ffb24954", "wf-id": "temporal-sys-worker-deployment-version:rrentVersion_Batching-564e9892_deployment_series.rrentVersion_Batching-564e9892_build_id", "wf-run-id": "0195af0e-98a0-7d94-93e5-2a1d2e5942f8", "wf-scheduled-event-id": 521, "logging-call-at": "/Users/shivamsaraf/Desktop/work/temporal/common/log/with_logger.go:61"}
2025-03-19T11:38:49.906-0400	debug	Workflow task updated	{"host": "127.0.0.1:63280", "shard-id": 4, "address": "127.0.0.1:63280", "wf-scheduled-event-id": 0, "wf-started-event-id": 0, "workflow-task-request-id": "emptyUuid", "workflow-task-timeout": 0, "attempt": 1, "wf-started-timestamp": "1970-01-01T00:00:00.000Z", "wt-type": "Unspecified", "logging-call-at": "/Users/shivamsaraf/Desktop/work/temporal/common/log/with_logger.go:61"}
2025-03-19T11:38:49.906-0400	debug	update state change	{"host": "127.0.0.1:63280", "shard-id": 4, "address": "127.0.0.1:63280", "wf-namespace-id": "d0b550e3-6091-4a9b-a9aa-3d80ffb24954", "wf-id": "temporal-sys-worker-deployment-version:rrentVersion_Batching-564e9892_deployment_series.rrentVersion_Batching-564e9892_build_id", "wf-run-id": "0195af0e-98a0-7d94-93e5-2a1d2e5942f8", "update-id": "ab3a77e1-bb9a-4258-b2f5-d2327bb21ffe", "from-state": "Sent", "to-state": "ProvisionallyAccepted", "logging-call-at": "/Users/shivamsaraf/Desktop/work/temporal/common/log/with_logger.go:61"}
2025-03-19T11:38:49.906-0400	debug	Assigning new task key	{"host": "127.0.0.1:63280", "shard-id": 4, "address": "127.0.0.1:63280", "wf-namespace-id": "d0b550e3-6091-4a9b-a9aa-3d80ffb24954", "wf-id": "temporal-sys-worker-deployment-version:rrentVersion_Batching-564e9892_deployment_series.rrentVersion_Batching-564e9892_build_id", "wf-run-id": "0195af0e-98a0-7d94-93e5-2a1d2e5942f8", "queue-task-type": "TransferActivityTask", "queue-task-id": 1049929, "timestamp": "2025-03-19T15:38:49.906Z", "cursor-timestamp": "2025-03-19T15:38:50.865Z", "logging-call-at": "/Users/shivamsaraf/Desktop/work/temporal/common/log/with_logger.go:61"}
2025-03-19T11:38:49.910-0400	debug	update state change	{"host": "127.0.0.1:63280", "shard-id": 4, "address": "127.0.0.1:63280", "wf-namespace-id": "d0b550e3-6091-4a9b-a9aa-3d80ffb24954", "wf-id": "temporal-sys-worker-deployment-version:rrentVersion_Batching-564e9892_deployment_series.rrentVersion_Batching-564e9892_build_id", "wf-run-id": "0195af0e-98a0-7d94-93e5-2a1d2e5942f8", "update-id": "ab3a77e1-bb9a-4258-b2f5-d2327bb21ffe", "from-state": "ProvisionallyAccepted", "to-state": "Accepted", "logging-call-at": "/Users/shivamsaraf/Desktop/work/temporal/common/log/with_logger.go:61"}
2025-03-19T11:38:49.910-0400	debug	Process task as active.	{"host": "127.0.0.1:63280", "shard-id": 4, "address": "127.0.0.1:63280", "component": "transfer-queue-processor", "wf-namespace-id": "d0b550e3-6091-4a9b-a9aa-3d80ffb24954", "value": "d0b550e3-6091-4a9b-a9aa-3d80ffb24954/temporal-sys-worker-deployment-version:rrentVersion_Batching-564e9892_deployment_series.rrentVersion_Batching-564e9892_build_id/0195af0e-98a0-7d94-93e5-2a1d2e5942f8", "logging-call-at": "/Users/shivamsaraf/Desktop/work/temporal/common/log/with_logger.go:61"}
2025-03-19T11:38:49.911-0400	debug	Assigning new task key	{"host": "127.0.0.1:63280", "shard-id": 4, "address": "127.0.0.1:63280", "wf-namespace-id": "d0b550e3-6091-4a9b-a9aa-3d80ffb24954", "wf-id": "temporal-sys-worker-deployment-version:rrentVersion_Batching-564e9892_deployment_series.rrentVersion_Batching-564e9892_build_id", "wf-run-id": "0195af0e-98a0-7d94-93e5-2a1d2e5942f8", "queue-task-type": "ActivityTimeout", "queue-task-id": 1049930, "timestamp": "2025-03-19T15:39:49.912Z", "cursor-timestamp": "2025-03-19T15:38:50.910Z", "logging-call-at": "/Users/shivamsaraf/Desktop/work/temporal/common/log/with_logger.go:61"}
2025-03-19T11:38:49.915-0400	info	syncing task queue userdata for deployment version	{"host": "127.0.0.1:63281", "Namespace": "namespace-ec265ab4-426c-4316-a4b3-47fc66311932", "TaskQueue": "temporal-sys-per-ns-tq", "WorkerID": "temporal-system@Shivams-MacBook-Pro.local@namespace-ec265ab4-426c-4316-a4b3-47fc66311932", "ActivityID": "525", "ActivityType": "SyncDeploymentVersionUserData", "Attempt": 1, "WorkflowType": "temporal-sys-worker-deployment-version-workflow", "WorkflowID": "temporal-sys-worker-deployment-version:rrentVersion_Batching-564e9892_deployment_series.rrentVersion_Batching-564e9892_build_id", "RunID": "0195af0e-98a0-7d94-93e5-2a1d2e5942f8", "taskQueue": "rrentVersion_Batching-564e9892_task_queue_11", "types": [1], "logging-call-at": "/Users/shivamsaraf/Desktop/work/temporal/common/log/with_logger.go:66"}
2025-03-19T11:38:49.915-0400	debug	Frontend method invoked.	{"host": "127.0.0.1:63278", "wf-namespace": "namespace-ec265ab4-426c-4316-a4b3-47fc66311932", "operation": "PollActivityTaskQueue", "server-name": "", "cert-thumbprint": "", "logging-call-at": "/Users/shivamsaraf/Desktop/work/temporal/common/log/with_logger.go:61"}
2025-03-19T11:38:49.915-0400	debug	Received PollActivityTaskQueue	{"host": "127.0.0.1:63278", "service": "frontend", "logging-call-at": "/Users/shivamsaraf/Desktop/work/temporal/common/log/with_logger.go:61"}
2025-03-19T11:38:49.961-0400	debug	Process task as active.	{"host": "127.0.0.1:63280", "shard-id": 4, "address": "127.0.0.1:63280", "component": "timer-queue-processor", "wf-namespace-id": "d0b550e3-6091-4a9b-a9aa-3d80ffb24954", "value": "d0b550e3-6091-4a9b-a9aa-3d80ffb24954/temporal-sys-worker-deployment-version:rrentVersion_Batching-564e9892_deployment_series.rrentVersion_Batching-564e9892_build_id/0195af0e-98a0-7d94-93e5-2a1d2e5942f8", "logging-call-at": "/Users/shivamsaraf/Desktop/work/temporal/common/log/with_logger.go:61"}
2025-03-19T11:38:49.990-0400	debug	Process task as active.	{"host": "127.0.0.1:63280", "shard-id": 4, "address": "127.0.0.1:63280", "component": "timer-queue-processor", "wf-namespace-id": "d0b550e3-6091-4a9b-a9aa-3d80ffb24954", "value": "d0b550e3-6091-4a9b-a9aa-3d80ffb24954/temporal-sys-worker-deployment-version:rrentVersion_Batching-564e9892_deployment_series.rrentVersion_Batching-564e9892_build_id/0195af0e-98a0-7d94-93e5-2a1d2e5942f8", "logging-call-at": "/Users/shivamsaraf/Desktop/work/temporal/common/log/with_logger.go:61"}
2025-03-19T11:38:50.006-0400	debug	Process task as active.	{"host": "127.0.0.1:63280", "shard-id": 1, "address": "127.0.0.1:63280", "component": "timer-queue-processor", "wf-namespace-id": "d0b550e3-6091-4a9b-a9aa-3d80ffb24954", "value": "d0b550e3-6091-4a9b-a9aa-3d80ffb24954/temporal-sys-worker-deployment:rrentVersion_Batching-564e9892_deployment_series/0195af0e-960d-715f-b6c6-08dcdf4b78ec", "logging-call-at": "/Users/shivamsaraf/Desktop/work/temporal/common/log/with_logger.go:61"}
2025-03-19T11:38:50.017-0400	info	modified user data	{"host": "127.0.0.1:63279", "component": "matching-engine", "wf-task-queue-name": "rrentVersion_Batching-564e9892_task_queue_11", "wf-task-queue-type": "Workflow", "wf-namespace": "namespace-ec265ab4-426c-4316-a4b3-47fc66311932", "user-data-update-source": "SyncDeploymentUserData", "user-data-version": 1, "timestamp": "2025-03-19T15:38:49.915Z", "logging-call-at": "/Users/shivamsaraf/Desktop/work/temporal/common/log/with_logger.go:66"}
2025-03-19T11:38:50.017-0400	debug	user data changed while blocked in long poll	{"host": "127.0.0.1:63279", "component": "matching-engine", "wf-task-queue-name": "rrentVersion_Batching-564e9892_task_queue_11", "wf-task-queue-type": "Workflow", "wf-namespace": "namespace-ec265ab4-426c-4316-a4b3-47fc66311932", "logging-call-at": "/Users/shivamsaraf/Desktop/work/temporal/common/log/with_logger.go:61"}
2025-03-19T11:38:50.017-0400	debug	user data changed while blocked in long poll	{"host": "127.0.0.1:63279", "component": "matching-engine", "wf-task-queue-name": "rrentVersion_Batching-564e9892_task_queue_11", "wf-task-queue-type": "Workflow", "wf-namespace": "namespace-ec265ab4-426c-4316-a4b3-47fc66311932", "logging-call-at": "/Users/shivamsaraf/Desktop/work/temporal/common/log/with_logger.go:61"}
2025-03-19T11:38:50.017-0400	debug	user data changed while blocked in long poll	{"host": "127.0.0.1:63279", "component": "matching-engine", "wf-task-queue-name": "rrentVersion_Batching-564e9892_task_queue_11", "wf-task-queue-type": "Workflow", "wf-namespace": "namespace-ec265ab4-426c-4316-a4b3-47fc66311932", "logging-call-at": "/Users/shivamsaraf/Desktop/work/temporal/common/log/with_logger.go:61"}
2025-03-19T11:38:50.017-0400	info	returning user data	{"host": "127.0.0.1:63279", "component": "matching-engine", "wf-task-queue-name": "rrentVersion_Batching-564e9892_task_queue_11", "wf-task-queue-type": "Workflow", "wf-namespace": "namespace-ec265ab4-426c-4316-a4b3-47fc66311932", "long-poll": true, "request-known-version": 0, "user-data-version": 1, "logging-call-at": "/Users/shivamsaraf/Desktop/work/temporal/common/log/with_logger.go:66"}
2025-03-19T11:38:50.017-0400	info	returning user data	{"host": "127.0.0.1:63279", "component": "matching-engine", "wf-task-queue-name": "rrentVersion_Batching-564e9892_task_queue_11", "wf-task-queue-type": "Workflow", "wf-namespace": "namespace-ec265ab4-426c-4316-a4b3-47fc66311932", "long-poll": true, "request-known-version": 0, "user-data-version": 1, "logging-call-at": "/Users/shivamsaraf/Desktop/work/temporal/common/log/with_logger.go:66"}
2025-03-19T11:38:50.017-0400	info	returning user data	{"host": "127.0.0.1:63279", "component": "matching-engine", "wf-task-queue-name": "rrentVersion_Batching-564e9892_task_queue_11", "wf-task-queue-type": "Workflow", "wf-namespace": "namespace-ec265ab4-426c-4316-a4b3-47fc66311932", "long-poll": true, "request-known-version": 0, "user-data-version": 1, "logging-call-at": "/Users/shivamsaraf/Desktop/work/temporal/common/log/with_logger.go:66"}
2025-03-19T11:38:50.018-0400	info	fetched user data from parent	{"host": "127.0.0.1:63279", "component": "matching-engine", "wf-task-queue-name": "/_sys/rrentVersion_Batching-564e9892_task_queue_11/2", "wf-task-queue-type": "Workflow", "wf-namespace": "namespace-ec265ab4-426c-4316-a4b3-47fc66311932", "user-data-version": 1, "timestamp": "2025-03-19T15:38:49.915Z", "logging-call-at": "/Users/shivamsaraf/Desktop/work/temporal/common/log/with_logger.go:66"}
2025-03-19T11:38:50.018-0400	debug	Frontend method invoked.	{"host": "127.0.0.1:63278", "wf-namespace": "namespace-ec265ab4-426c-4316-a4b3-47fc66311932", "operation": "RespondActivityTaskCompleted", "server-name": "", "cert-thumbprint": "", "logging-call-at": "/Users/shivamsaraf/Desktop/work/temporal/common/log/with_logger.go:61"}
2025-03-19T11:38:50.018-0400	info	fetched user data from parent	{"host": "127.0.0.1:63279", "component": "matching-engine", "wf-task-queue-name": "/_sys/rrentVersion_Batching-564e9892_task_queue_11/1", "wf-task-queue-type": "Workflow", "wf-namespace": "namespace-ec265ab4-426c-4316-a4b3-47fc66311932", "user-data-version": 1, "timestamp": "2025-03-19T15:38:49.915Z", "logging-call-at": "/Users/shivamsaraf/Desktop/work/temporal/common/log/with_logger.go:66"}
2025-03-19T11:38:50.018-0400	info	fetched user data from parent	{"host": "127.0.0.1:63279", "component": "matching-engine", "wf-task-queue-name": "/_sys/rrentVersion_Batching-564e9892_task_queue_11/3", "wf-task-queue-type": "Workflow", "wf-namespace": "namespace-ec265ab4-426c-4316-a4b3-47fc66311932", "user-data-version": 1, "timestamp": "2025-03-19T15:38:49.915Z", "logging-call-at": "/Users/shivamsaraf/Desktop/work/temporal/common/log/with_logger.go:66"}
2025-03-19T11:38:50.018-0400	debug	Workflow task updated	{"host": "127.0.0.1:63280", "shard-id": 4, "address": "127.0.0.1:63280", "wf-scheduled-event-id": 528, "wf-started-event-id": 0, "workflow-task-request-id": "emptyUuid", "workflow-task-timeout": 10, "attempt": 1, "wf-started-timestamp": "0001-01-01T00:00:00.000Z", "wt-type": "Normal", "logging-call-at": "/Users/shivamsaraf/Desktop/work/temporal/common/log/with_logger.go:61"}
2025-03-19T11:38:50.019-0400	debug	Assigning new task key	{"host": "127.0.0.1:63280", "shard-id": 4, "address": "127.0.0.1:63280", "wf-namespace-id": "d0b550e3-6091-4a9b-a9aa-3d80ffb24954", "wf-id": "temporal-sys-worker-deployment-version:rrentVersion_Batching-564e9892_deployment_series.rrentVersion_Batching-564e9892_build_id", "wf-run-id": "0195af0e-98a0-7d94-93e5-2a1d2e5942f8", "queue-task-type": "TransferWorkflowTask", "queue-task-id": 1049936, "timestamp": "2025-03-19T15:38:50.019Z", "cursor-timestamp": "2025-03-19T15:38:50.910Z", "logging-call-at": "/Users/shivamsaraf/Desktop/work/temporal/common/log/with_logger.go:61"}
2025-03-19T11:38:50.019-0400	debug	Assigning new task key	{"host": "127.0.0.1:63280", "shard-id": 4, "address": "127.0.0.1:63280", "wf-namespace-id": "d0b550e3-6091-4a9b-a9aa-3d80ffb24954", "wf-id": "temporal-sys-worker-deployment-version:rrentVersion_Batching-564e9892_deployment_series.rrentVersion_Batching-564e9892_build_id", "wf-run-id": "0195af0e-98a0-7d94-93e5-2a1d2e5942f8", "queue-task-type": "WorkflowTaskTimeout", "queue-task-id": 1049937, "timestamp": "2025-03-19T15:38:55.019Z", "cursor-timestamp": "2025-03-19T15:38:50.910Z", "logging-call-at": "/Users/shivamsaraf/Desktop/work/temporal/common/log/with_logger.go:61"}
2025-03-19T11:38:50.024-0400	debug	Process task as active.	{"host": "127.0.0.1:63280", "shard-id": 4, "address": "127.0.0.1:63280", "component": "transfer-queue-processor", "wf-namespace-id": "d0b550e3-6091-4a9b-a9aa-3d80ffb24954", "value": "d0b550e3-6091-4a9b-a9aa-3d80ffb24954/temporal-sys-worker-deployment-version:rrentVersion_Batching-564e9892_deployment_series.rrentVersion_Batching-564e9892_build_id/0195af0e-98a0-7d94-93e5-2a1d2e5942f8", "logging-call-at": "/Users/shivamsaraf/Desktop/work/temporal/common/log/with_logger.go:61"}
2025-03-19T11:38:50.025-0400	debug	Workflow task updated	{"host": "127.0.0.1:63280", "shard-id": 4, "address": "127.0.0.1:63280", "wf-scheduled-event-id": 528, "wf-started-event-id": 529, "workflow-task-request-id": "60714866-a172-459f-b097-057064356a8f", "workflow-task-timeout": 10, "attempt": 1, "wf-started-timestamp": "2025-03-19T15:38:50.025Z", "wt-type": "Normal", "logging-call-at": "/Users/shivamsaraf/Desktop/work/temporal/common/log/with_logger.go:61"}
2025-03-19T11:38:50.026-0400	debug	Assigning new task key	{"host": "127.0.0.1:63280", "shard-id": 4, "address": "127.0.0.1:63280", "wf-namespace-id": "d0b550e3-6091-4a9b-a9aa-3d80ffb24954", "wf-id": "temporal-sys-worker-deployment-version:rrentVersion_Batching-564e9892_deployment_series.rrentVersion_Batching-564e9892_build_id", "wf-run-id": "0195af0e-98a0-7d94-93e5-2a1d2e5942f8", "queue-task-type": "WorkflowTaskTimeout", "queue-task-id": 1049940, "timestamp": "2025-03-19T15:39:00.026Z", "cursor-timestamp": "2025-03-19T15:38:51.024Z", "logging-call-at": "/Users/shivamsaraf/Desktop/work/temporal/common/log/with_logger.go:61"}
2025-03-19T11:38:50.035-0400	debug	ExecuteActivity	{"host": "127.0.0.1:63281", "Namespace": "namespace-ec265ab4-426c-4316-a4b3-47fc66311932", "TaskQueue": "temporal-sys-per-ns-tq", "WorkerID": "temporal-system@Shivams-MacBook-Pro.local@namespace-ec265ab4-426c-4316-a4b3-47fc66311932", "WorkflowType": "temporal-sys-worker-deployment-version-workflow", "WorkflowID": "temporal-sys-worker-deployment-version:rrentVersion_Batching-564e9892_deployment_series.rrentVersion_Batching-564e9892_build_id", "RunID": "0195af0e-98a0-7d94-93e5-2a1d2e5942f8", "Attempt": 0, "ActivityID": "531", "ActivityType": "CheckWorkerDeploymentUserDataPropagation", "logging-call-at": "/Users/shivamsaraf/Desktop/work/temporal/common/log/with_logger.go:61"}
2025-03-19T11:38:50.035-0400	debug	Frontend method invoked.	{"host": "127.0.0.1:63278", "wf-namespace": "namespace-ec265ab4-426c-4316-a4b3-47fc66311932", "operation": "PollWorkflowTaskQueue", "server-name": "", "cert-thumbprint": "", "logging-call-at": "/Users/shivamsaraf/Desktop/work/temporal/common/log/with_logger.go:61"}
2025-03-19T11:38:50.035-0400	debug	Received PollWorkflowTaskQueue	{"host": "127.0.0.1:63278", "service": "frontend", "logging-call-at": "/Users/shivamsaraf/Desktop/work/temporal/common/log/with_logger.go:61"}
2025-03-19T11:38:50.035-0400	debug	Poll workflow task queue.	{"host": "127.0.0.1:63278", "service": "frontend", "wf-namespace": "namespace-ec265ab4-426c-4316-a4b3-47fc66311932", "wf-namespace-id": "d0b550e3-6091-4a9b-a9aa-3d80ffb24954", "logging-call-at": "/Users/shivamsaraf/Desktop/work/temporal/common/log/with_logger.go:61"}
2025-03-19T11:38:50.035-0400	debug	Frontend method invoked.	{"host": "127.0.0.1:63278", "wf-namespace": "namespace-ec265ab4-426c-4316-a4b3-47fc66311932", "operation": "RespondWorkflowTaskCompleted", "server-name": "", "cert-thumbprint": "", "logging-call-at": "/Users/shivamsaraf/Desktop/work/temporal/common/log/with_logger.go:61"}
2025-03-19T11:38:50.036-0400	debug	RespondWorkflowTaskCompleted	{"host": "127.0.0.1:63280", "service": "history", "wf-namespace-id": "d0b550e3-6091-4a9b-a9aa-3d80ffb24954", "wf-id": "temporal-sys-worker-deployment-version:rrentVersion_Batching-564e9892_deployment_series.rrentVersion_Batching-564e9892_build_id", "wf-run-id": "0195af0e-98a0-7d94-93e5-2a1d2e5942f8", "wf-scheduled-event-id": 528, "logging-call-at": "/Users/shivamsaraf/Desktop/work/temporal/common/log/with_logger.go:61"}
2025-03-19T11:38:50.036-0400	debug	Workflow task updated	{"host": "127.0.0.1:63280", "shard-id": 4, "address": "127.0.0.1:63280", "wf-scheduled-event-id": 0, "wf-started-event-id": 0, "workflow-task-request-id": "emptyUuid", "workflow-task-timeout": 0, "attempt": 1, "wf-started-timestamp": "1970-01-01T00:00:00.000Z", "wt-type": "Unspecified", "logging-call-at": "/Users/shivamsaraf/Desktop/work/temporal/common/log/with_logger.go:61"}
2025-03-19T11:38:50.036-0400	debug	Assigning new task key	{"host": "127.0.0.1:63280", "shard-id": 4, "address": "127.0.0.1:63280", "wf-namespace-id": "d0b550e3-6091-4a9b-a9aa-3d80ffb24954", "wf-id": "temporal-sys-worker-deployment-version:rrentVersion_Batching-564e9892_deployment_series.rrentVersion_Batching-564e9892_build_id", "wf-run-id": "0195af0e-98a0-7d94-93e5-2a1d2e5942f8", "queue-task-type": "TransferActivityTask", "queue-task-id": 1049945, "timestamp": "2025-03-19T15:38:50.036Z", "cursor-timestamp": "2025-03-19T15:38:51.024Z", "logging-call-at": "/Users/shivamsaraf/Desktop/work/temporal/common/log/with_logger.go:61"}
2025-03-19T11:38:50.041-0400	debug	Process task as active.	{"host": "127.0.0.1:63280", "shard-id": 4, "address": "127.0.0.1:63280", "component": "transfer-queue-processor", "wf-namespace-id": "d0b550e3-6091-4a9b-a9aa-3d80ffb24954", "value": "d0b550e3-6091-4a9b-a9aa-3d80ffb24954/temporal-sys-worker-deployment-version:rrentVersion_Batching-564e9892_deployment_series.rrentVersion_Batching-564e9892_build_id/0195af0e-98a0-7d94-93e5-2a1d2e5942f8", "logging-call-at": "/Users/shivamsaraf/Desktop/work/temporal/common/log/with_logger.go:61"}
2025-03-19T11:38:50.042-0400	debug	Assigning new task key	{"host": "127.0.0.1:63280", "shard-id": 4, "address": "127.0.0.1:63280", "wf-namespace-id": "d0b550e3-6091-4a9b-a9aa-3d80ffb24954", "wf-id": "temporal-sys-worker-deployment-version:rrentVersion_Batching-564e9892_deployment_series.rrentVersion_Batching-564e9892_build_id", "wf-run-id": "0195af0e-98a0-7d94-93e5-2a1d2e5942f8", "queue-task-type": "ActivityTimeout", "queue-task-id": 1049946, "timestamp": "2025-03-19T15:39:50.043Z", "cursor-timestamp": "2025-03-19T15:38:51.040Z", "logging-call-at": "/Users/shivamsaraf/Desktop/work/temporal/common/log/with_logger.go:61"}
2025-03-19T11:38:50.046-0400	info	waiting for userdata propagation	{"host": "127.0.0.1:63281", "Namespace": "namespace-ec265ab4-426c-4316-a4b3-47fc66311932", "TaskQueue": "temporal-sys-per-ns-tq", "WorkerID": "temporal-system@Shivams-MacBook-Pro.local@namespace-ec265ab4-426c-4316-a4b3-47fc66311932", "ActivityID": "531", "ActivityType": "CheckWorkerDeploymentUserDataPropagation", "Attempt": 1, "WorkflowType": "temporal-sys-worker-deployment-version-workflow", "WorkflowID": "temporal-sys-worker-deployment-version:rrentVersion_Batching-564e9892_deployment_series.rrentVersion_Batching-564e9892_build_id", "RunID": "0195af0e-98a0-7d94-93e5-2a1d2e5942f8", "taskQueue": "rrentVersion_Batching-564e9892_task_queue_11", "version": 1, "logging-call-at": "/Users/shivamsaraf/Desktop/work/temporal/common/log/with_logger.go:66"}
2025-03-19T11:38:50.046-0400	debug	Frontend method invoked.	{"host": "127.0.0.1:63278", "wf-namespace": "namespace-ec265ab4-426c-4316-a4b3-47fc66311932", "operation": "PollActivityTaskQueue", "server-name": "", "cert-thumbprint": "", "logging-call-at": "/Users/shivamsaraf/Desktop/work/temporal/common/log/with_logger.go:61"}
2025-03-19T11:38:50.046-0400	debug	Received PollActivityTaskQueue	{"host": "127.0.0.1:63278", "service": "frontend", "logging-call-at": "/Users/shivamsaraf/Desktop/work/temporal/common/log/with_logger.go:61"}
2025-03-19T11:38:50.047-0400	info	returning user data	{"host": "127.0.0.1:63279", "component": "matching-engine", "wf-task-queue-name": "/_sys/rrentVersion_Batching-564e9892_task_queue_11/1", "wf-task-queue-type": "Workflow", "wf-namespace": "namespace-ec265ab4-426c-4316-a4b3-47fc66311932", "long-poll": true, "request-known-version": 0, "user-data-version": 1, "logging-call-at": "/Users/shivamsaraf/Desktop/work/temporal/common/log/with_logger.go:66"}
2025-03-19T11:38:50.047-0400	info	returning user data	{"host": "127.0.0.1:63279", "component": "matching-engine", "wf-task-queue-name": "/_sys/rrentVersion_Batching-564e9892_task_queue_11/3", "wf-task-queue-type": "Workflow", "wf-namespace": "namespace-ec265ab4-426c-4316-a4b3-47fc66311932", "long-poll": true, "request-known-version": 0, "user-data-version": 1, "logging-call-at": "/Users/shivamsaraf/Desktop/work/temporal/common/log/with_logger.go:66"}
2025-03-19T11:38:50.047-0400	info	returning user data	{"host": "127.0.0.1:63279", "component": "matching-engine", "wf-task-queue-name": "/_sys/rrentVersion_Batching-564e9892_task_queue_11/2", "wf-task-queue-type": "Workflow", "wf-namespace": "namespace-ec265ab4-426c-4316-a4b3-47fc66311932", "long-poll": true, "request-known-version": 0, "user-data-version": 1, "logging-call-at": "/Users/shivamsaraf/Desktop/work/temporal/common/log/with_logger.go:66"}
2025-03-19T11:38:50.047-0400	info	matching client encountered error	{"host": "127.0.0.1:63279", "error": "partition was not loaded", "service-error-type": "serviceerror.FailedPrecondition", "logging-call-at": "/Users/shivamsaraf/Desktop/work/temporal/common/log/with_logger.go:66"}
2025-03-19T11:38:50.047-0400	info	matching client encountered error	{"host": "127.0.0.1:63279", "error": "partition was not loaded", "service-error-type": "serviceerror.FailedPrecondition", "logging-call-at": "/Users/shivamsaraf/Desktop/work/temporal/common/log/with_logger.go:66"}
2025-03-19T11:38:50.047-0400	info	matching client encountered error	{"host": "127.0.0.1:63279", "error": "partition was not loaded", "service-error-type": "serviceerror.FailedPrecondition", "logging-call-at": "/Users/shivamsaraf/Desktop/work/temporal/common/log/with_logger.go:66"}
2025-03-19T11:38:50.047-0400	info	matching client encountered error	{"host": "127.0.0.1:63279", "error": "partition was not loaded", "service-error-type": "serviceerror.FailedPrecondition", "logging-call-at": "/Users/shivamsaraf/Desktop/work/temporal/common/log/with_logger.go:66"}
2025-03-19T11:38:50.047-0400	debug	Frontend method invoked.	{"host": "127.0.0.1:63278", "wf-namespace": "namespace-ec265ab4-426c-4316-a4b3-47fc66311932", "operation": "RespondActivityTaskCompleted", "server-name": "", "cert-thumbprint": "", "logging-call-at": "/Users/shivamsaraf/Desktop/work/temporal/common/log/with_logger.go:61"}
2025-03-19T11:38:50.048-0400	debug	Workflow task updated	{"host": "127.0.0.1:63280", "shard-id": 4, "address": "127.0.0.1:63280", "wf-scheduled-event-id": 534, "wf-started-event-id": 0, "workflow-task-request-id": "emptyUuid", "workflow-task-timeout": 10, "attempt": 1, "wf-started-timestamp": "0001-01-01T00:00:00.000Z", "wt-type": "Normal", "logging-call-at": "/Users/shivamsaraf/Desktop/work/temporal/common/log/with_logger.go:61"}
2025-03-19T11:38:50.048-0400	debug	Assigning new task key	{"host": "127.0.0.1:63280", "shard-id": 4, "address": "127.0.0.1:63280", "wf-namespace-id": "d0b550e3-6091-4a9b-a9aa-3d80ffb24954", "wf-id": "temporal-sys-worker-deployment-version:rrentVersion_Batching-564e9892_deployment_series.rrentVersion_Batching-564e9892_build_id", "wf-run-id": "0195af0e-98a0-7d94-93e5-2a1d2e5942f8", "queue-task-type": "WorkflowTaskTimeout", "queue-task-id": 1049952, "timestamp": "2025-03-19T15:38:55.049Z", "cursor-timestamp": "2025-03-19T15:38:51.040Z", "logging-call-at": "/Users/shivamsaraf/Desktop/work/temporal/common/log/with_logger.go:61"}
2025-03-19T11:38:50.048-0400	debug	Assigning new task key	{"host": "127.0.0.1:63280", "shard-id": 4, "address": "127.0.0.1:63280", "wf-namespace-id": "d0b550e3-6091-4a9b-a9aa-3d80ffb24954", "wf-id": "temporal-sys-worker-deployment-version:rrentVersion_Batching-564e9892_deployment_series.rrentVersion_Batching-564e9892_build_id", "wf-run-id": "0195af0e-98a0-7d94-93e5-2a1d2e5942f8", "queue-task-type": "TransferWorkflowTask", "queue-task-id": 1049953, "timestamp": "2025-03-19T15:38:50.048Z", "cursor-timestamp": "2025-03-19T15:38:51.040Z", "logging-call-at": "/Users/shivamsaraf/Desktop/work/temporal/common/log/with_logger.go:61"}
2025-03-19T11:38:50.052-0400	debug	Process task as active.	{"host": "127.0.0.1:63280", "shard-id": 4, "address": "127.0.0.1:63280", "component": "transfer-queue-processor", "wf-namespace-id": "d0b550e3-6091-4a9b-a9aa-3d80ffb24954", "value": "d0b550e3-6091-4a9b-a9aa-3d80ffb24954/temporal-sys-worker-deployment-version:rrentVersion_Batching-564e9892_deployment_series.rrentVersion_Batching-564e9892_build_id/0195af0e-98a0-7d94-93e5-2a1d2e5942f8", "logging-call-at": "/Users/shivamsaraf/Desktop/work/temporal/common/log/with_logger.go:61"}
2025-03-19T11:38:50.053-0400	debug	Workflow task updated	{"host": "127.0.0.1:63280", "shard-id": 4, "address": "127.0.0.1:63280", "wf-scheduled-event-id": 534, "wf-started-event-id": 535, "workflow-task-request-id": "61fb0976-38ab-46ed-9cf6-1354b50107ee", "workflow-task-timeout": 10, "attempt": 1, "wf-started-timestamp": "2025-03-19T15:38:50.053Z", "wt-type": "Normal", "logging-call-at": "/Users/shivamsaraf/Desktop/work/temporal/common/log/with_logger.go:61"}
2025-03-19T11:38:50.053-0400	debug	Assigning new task key	{"host": "127.0.0.1:63280", "shard-id": 4, "address": "127.0.0.1:63280", "wf-namespace-id": "d0b550e3-6091-4a9b-a9aa-3d80ffb24954", "wf-id": "temporal-sys-worker-deployment-version:rrentVersion_Batching-564e9892_deployment_series.rrentVersion_Batching-564e9892_build_id", "wf-run-id": "0195af0e-98a0-7d94-93e5-2a1d2e5942f8", "queue-task-type": "WorkflowTaskTimeout", "queue-task-id": 1049956, "timestamp": "2025-03-19T15:39:00.054Z", "cursor-timestamp": "2025-03-19T15:38:51.052Z", "logging-call-at": "/Users/shivamsaraf/Desktop/work/temporal/common/log/with_logger.go:61"}
2025-03-19T11:38:50.061-0400	debug	Frontend method invoked.	{"host": "127.0.0.1:63278", "wf-namespace": "namespace-ec265ab4-426c-4316-a4b3-47fc66311932", "operation": "PollWorkflowTaskQueue", "server-name": "", "cert-thumbprint": "", "logging-call-at": "/Users/shivamsaraf/Desktop/work/temporal/common/log/with_logger.go:61"}
2025-03-19T11:38:50.061-0400	debug	Received PollWorkflowTaskQueue	{"host": "127.0.0.1:63278", "service": "frontend", "logging-call-at": "/Users/shivamsaraf/Desktop/work/temporal/common/log/with_logger.go:61"}
2025-03-19T11:38:50.061-0400	debug	Poll workflow task queue.	{"host": "127.0.0.1:63278", "service": "frontend", "wf-namespace": "namespace-ec265ab4-426c-4316-a4b3-47fc66311932", "wf-namespace-id": "d0b550e3-6091-4a9b-a9aa-3d80ffb24954", "logging-call-at": "/Users/shivamsaraf/Desktop/work/temporal/common/log/with_logger.go:61"}
2025-03-19T11:38:50.061-0400	debug	Frontend method invoked.	{"host": "127.0.0.1:63278", "wf-namespace": "namespace-ec265ab4-426c-4316-a4b3-47fc66311932", "operation": "RespondWorkflowTaskCompleted", "server-name": "", "cert-thumbprint": "", "logging-call-at": "/Users/shivamsaraf/Desktop/work/temporal/common/log/with_logger.go:61"}
2025-03-19T11:38:50.061-0400	debug	RespondWorkflowTaskCompleted	{"host": "127.0.0.1:63280", "service": "history", "wf-namespace-id": "d0b550e3-6091-4a9b-a9aa-3d80ffb24954", "wf-id": "temporal-sys-worker-deployment-version:rrentVersion_Batching-564e9892_deployment_series.rrentVersion_Batching-564e9892_build_id", "wf-run-id": "0195af0e-98a0-7d94-93e5-2a1d2e5942f8", "wf-scheduled-event-id": 534, "logging-call-at": "/Users/shivamsaraf/Desktop/work/temporal/common/log/with_logger.go:61"}
2025-03-19T11:38:50.061-0400	debug	Workflow task updated	{"host": "127.0.0.1:63280", "shard-id": 4, "address": "127.0.0.1:63280", "wf-scheduled-event-id": 0, "wf-started-event-id": 0, "workflow-task-request-id": "emptyUuid", "workflow-task-timeout": 0, "attempt": 1, "wf-started-timestamp": "1970-01-01T00:00:00.000Z", "wt-type": "Unspecified", "logging-call-at": "/Users/shivamsaraf/Desktop/work/temporal/common/log/with_logger.go:61"}
2025-03-19T11:38:50.062-0400	debug	update state change	{"host": "127.0.0.1:63280", "shard-id": 4, "address": "127.0.0.1:63280", "wf-namespace-id": "d0b550e3-6091-4a9b-a9aa-3d80ffb24954", "wf-id": "temporal-sys-worker-deployment-version:rrentVersion_Batching-564e9892_deployment_series.rrentVersion_Batching-564e9892_build_id", "wf-run-id": "0195af0e-98a0-7d94-93e5-2a1d2e5942f8", "update-id": "ab3a77e1-bb9a-4258-b2f5-d2327bb21ffe", "from-state": "Accepted", "to-state": "ProvisionallyCompleted", "logging-call-at": "/Users/shivamsaraf/Desktop/work/temporal/common/log/with_logger.go:61"}
2025-03-19T11:38:50.064-0400	debug	update state change	{"host": "127.0.0.1:63280", "shard-id": 4, "address": "127.0.0.1:63280", "wf-namespace-id": "d0b550e3-6091-4a9b-a9aa-3d80ffb24954", "wf-id": "temporal-sys-worker-deployment-version:rrentVersion_Batching-564e9892_deployment_series.rrentVersion_Batching-564e9892_build_id", "wf-run-id": "0195af0e-98a0-7d94-93e5-2a1d2e5942f8", "update-id": "ab3a77e1-bb9a-4258-b2f5-d2327bb21ffe", "from-state": "ProvisionallyCompleted", "to-state": "Completed", "logging-call-at": "/Users/shivamsaraf/Desktop/work/temporal/common/log/with_logger.go:61"}
2025-03-19T11:38:50.065-0400	debug	Frontend method invoked.	{"host": "127.0.0.1:63278", "wf-namespace": "namespace-ec265ab4-426c-4316-a4b3-47fc66311932", "operation": "RespondActivityTaskCompleted", "server-name": "", "cert-thumbprint": "", "logging-call-at": "/Users/shivamsaraf/Desktop/work/temporal/common/log/with_logger.go:61"}
2025-03-19T11:38:50.065-0400	debug	Workflow task updated	{"host": "127.0.0.1:63280", "shard-id": 1, "address": "127.0.0.1:63280", "wf-scheduled-event-id": 270, "wf-started-event-id": 0, "workflow-task-request-id": "emptyUuid", "workflow-task-timeout": 10, "attempt": 1, "wf-started-timestamp": "0001-01-01T00:00:00.000Z", "wt-type": "Normal", "logging-call-at": "/Users/shivamsaraf/Desktop/work/temporal/common/log/with_logger.go:61"}
2025-03-19T11:38:50.065-0400	debug	Assigning new task key	{"host": "127.0.0.1:63280", "shard-id": 1, "address": "127.0.0.1:63280", "wf-namespace-id": "d0b550e3-6091-4a9b-a9aa-3d80ffb24954", "wf-id": "temporal-sys-worker-deployment:rrentVersion_Batching-564e9892_deployment_series", "wf-run-id": "0195af0e-960d-715f-b6c6-08dcdf4b78ec", "queue-task-type": "TransferWorkflowTask", "queue-task-id": 1049204, "timestamp": "2025-03-19T15:38:50.065Z", "cursor-timestamp": "2025-03-19T15:38:50.894Z", "logging-call-at": "/Users/shivamsaraf/Desktop/work/temporal/common/log/with_logger.go:61"}
2025-03-19T11:38:50.065-0400	debug	Assigning new task key	{"host": "127.0.0.1:63280", "shard-id": 1, "address": "127.0.0.1:63280", "wf-namespace-id": "d0b550e3-6091-4a9b-a9aa-3d80ffb24954", "wf-id": "temporal-sys-worker-deployment:rrentVersion_Batching-564e9892_deployment_series", "wf-run-id": "0195af0e-960d-715f-b6c6-08dcdf4b78ec", "queue-task-type": "WorkflowTaskTimeout", "queue-task-id": 1049205, "timestamp": "2025-03-19T15:38:55.066Z", "cursor-timestamp": "2025-03-19T15:38:50.894Z", "logging-call-at": "/Users/shivamsaraf/Desktop/work/temporal/common/log/with_logger.go:61"}
2025-03-19T11:38:50.070-0400	debug	Process task as active.	{"host": "127.0.0.1:63280", "shard-id": 1, "address": "127.0.0.1:63280", "component": "transfer-queue-processor", "wf-namespace-id": "d0b550e3-6091-4a9b-a9aa-3d80ffb24954", "value": "d0b550e3-6091-4a9b-a9aa-3d80ffb24954/temporal-sys-worker-deployment:rrentVersion_Batching-564e9892_deployment_series/0195af0e-960d-715f-b6c6-08dcdf4b78ec", "logging-call-at": "/Users/shivamsaraf/Desktop/work/temporal/common/log/with_logger.go:61"}
2025-03-19T11:38:50.070-0400	debug	Workflow task updated	{"host": "127.0.0.1:63280", "shard-id": 1, "address": "127.0.0.1:63280", "wf-scheduled-event-id": 270, "wf-started-event-id": 271, "workflow-task-request-id": "0d660de7-c85f-40e9-a3c3-2fa4b8537d5b", "workflow-task-timeout": 10, "attempt": 1, "wf-started-timestamp": "2025-03-19T15:38:50.070Z", "wt-type": "Normal", "logging-call-at": "/Users/shivamsaraf/Desktop/work/temporal/common/log/with_logger.go:61"}
2025-03-19T11:38:50.071-0400	debug	Assigning new task key	{"host": "127.0.0.1:63280", "shard-id": 1, "address": "127.0.0.1:63280", "wf-namespace-id": "d0b550e3-6091-4a9b-a9aa-3d80ffb24954", "wf-id": "temporal-sys-worker-deployment:rrentVersion_Batching-564e9892_deployment_series", "wf-run-id": "0195af0e-960d-715f-b6c6-08dcdf4b78ec", "queue-task-type": "WorkflowTaskTimeout", "queue-task-id": 1049208, "timestamp": "2025-03-19T15:39:00.071Z", "cursor-timestamp": "2025-03-19T15:38:51.069Z", "logging-call-at": "/Users/shivamsaraf/Desktop/work/temporal/common/log/with_logger.go:61"}
2025-03-19T11:38:50.077-0400	debug	ExecuteActivity	{"host": "127.0.0.1:63281", "Namespace": "namespace-ec265ab4-426c-4316-a4b3-47fc66311932", "TaskQueue": "temporal-sys-per-ns-tq", "WorkerID": "temporal-system@Shivams-MacBook-Pro.local@namespace-ec265ab4-426c-4316-a4b3-47fc66311932", "WorkflowType": "temporal-sys-worker-deployment-workflow", "WorkflowID": "temporal-sys-worker-deployment:rrentVersion_Batching-564e9892_deployment_series", "RunID": "0195af0e-960d-715f-b6c6-08dcdf4b78ec", "Attempt": 0, "ActivityID": "274", "ActivityType": "RegisterWorkerInVersion", "logging-call-at": "/Users/shivamsaraf/Desktop/work/temporal/common/log/with_logger.go:61"}
2025-03-19T11:38:50.077-0400	debug	Frontend method invoked.	{"host": "127.0.0.1:63278", "wf-namespace": "namespace-ec265ab4-426c-4316-a4b3-47fc66311932", "operation": "PollWorkflowTaskQueue", "server-name": "", "cert-thumbprint": "", "logging-call-at": "/Users/shivamsaraf/Desktop/work/temporal/common/log/with_logger.go:61"}
2025-03-19T11:38:50.077-0400	debug	Received PollWorkflowTaskQueue	{"host": "127.0.0.1:63278", "service": "frontend", "logging-call-at": "/Users/shivamsaraf/Desktop/work/temporal/common/log/with_logger.go:61"}
2025-03-19T11:38:50.077-0400	debug	Poll workflow task queue.	{"host": "127.0.0.1:63278", "service": "frontend", "wf-namespace": "namespace-ec265ab4-426c-4316-a4b3-47fc66311932", "wf-namespace-id": "d0b550e3-6091-4a9b-a9aa-3d80ffb24954", "logging-call-at": "/Users/shivamsaraf/Desktop/work/temporal/common/log/with_logger.go:61"}
2025-03-19T11:38:50.077-0400	debug	Frontend method invoked.	{"host": "127.0.0.1:63278", "wf-namespace": "namespace-ec265ab4-426c-4316-a4b3-47fc66311932", "operation": "RespondWorkflowTaskCompleted", "server-name": "", "cert-thumbprint": "", "logging-call-at": "/Users/shivamsaraf/Desktop/work/temporal/common/log/with_logger.go:61"}
2025-03-19T11:38:50.078-0400	debug	RespondWorkflowTaskCompleted	{"host": "127.0.0.1:63280", "service": "history", "wf-namespace-id": "d0b550e3-6091-4a9b-a9aa-3d80ffb24954", "wf-id": "temporal-sys-worker-deployment:rrentVersion_Batching-564e9892_deployment_series", "wf-run-id": "0195af0e-960d-715f-b6c6-08dcdf4b78ec", "wf-scheduled-event-id": 270, "logging-call-at": "/Users/shivamsaraf/Desktop/work/temporal/common/log/with_logger.go:61"}
2025-03-19T11:38:50.078-0400	debug	Workflow task updated	{"host": "127.0.0.1:63280", "shard-id": 1, "address": "127.0.0.1:63280", "wf-scheduled-event-id": 0, "wf-started-event-id": 0, "workflow-task-request-id": "emptyUuid", "workflow-task-timeout": 0, "attempt": 1, "wf-started-timestamp": "1970-01-01T00:00:00.000Z", "wt-type": "Unspecified", "logging-call-at": "/Users/shivamsaraf/Desktop/work/temporal/common/log/with_logger.go:61"}
2025-03-19T11:38:50.078-0400	debug	update state change	{"host": "127.0.0.1:63280", "shard-id": 1, "address": "127.0.0.1:63280", "wf-namespace-id": "d0b550e3-6091-4a9b-a9aa-3d80ffb24954", "wf-id": "temporal-sys-worker-deployment:rrentVersion_Batching-564e9892_deployment_series", "wf-run-id": "0195af0e-960d-715f-b6c6-08dcdf4b78ec", "update-id": "a7ee590a-dc02-4b6f-b87b-f039316a5f73", "from-state": "Accepted", "to-state": "ProvisionallyCompleted", "logging-call-at": "/Users/shivamsaraf/Desktop/work/temporal/common/log/with_logger.go:61"}
2025-03-19T11:38:50.078-0400	debug	Assigning new task key	{"host": "127.0.0.1:63280", "shard-id": 1, "address": "127.0.0.1:63280", "wf-namespace-id": "d0b550e3-6091-4a9b-a9aa-3d80ffb24954", "wf-id": "temporal-sys-worker-deployment:rrentVersion_Batching-564e9892_deployment_series", "wf-run-id": "0195af0e-960d-715f-b6c6-08dcdf4b78ec", "queue-task-type": "TransferActivityTask", "queue-task-id": 1049214, "timestamp": "2025-03-19T15:38:50.078Z", "cursor-timestamp": "2025-03-19T15:38:51.069Z", "logging-call-at": "/Users/shivamsaraf/Desktop/work/temporal/common/log/with_logger.go:61"}
2025-03-19T11:38:50.082-0400	debug	update state change	{"host": "127.0.0.1:63280", "shard-id": 1, "address": "127.0.0.1:63280", "wf-namespace-id": "d0b550e3-6091-4a9b-a9aa-3d80ffb24954", "wf-id": "temporal-sys-worker-deployment:rrentVersion_Batching-564e9892_deployment_series", "wf-run-id": "0195af0e-960d-715f-b6c6-08dcdf4b78ec", "update-id": "a7ee590a-dc02-4b6f-b87b-f039316a5f73", "from-state": "ProvisionallyCompleted", "to-state": "Completed", "logging-call-at": "/Users/shivamsaraf/Desktop/work/temporal/common/log/with_logger.go:61"}
2025-03-19T11:38:50.082-0400	debug	deployment client success	{"host": "127.0.0.1:63279", "operation": "RegisterTaskQueueWorker", "elapsed": 6.526736042, "args": ["rrentVersion_Batching-564e9892_task_queue_11",1,"matching service"], "logging-call-at": "/Users/shivamsaraf/Desktop/work/temporal/common/log/with_logger.go:61"}
2025-03-19T11:38:50.082-0400	debug	Process task as active.	{"host": "127.0.0.1:63280", "shard-id": 1, "address": "127.0.0.1:63280", "component": "transfer-queue-processor", "wf-namespace-id": "d0b550e3-6091-4a9b-a9aa-3d80ffb24954", "value": "d0b550e3-6091-4a9b-a9aa-3d80ffb24954/temporal-sys-worker-deployment:rrentVersion_Batching-564e9892_deployment_series/0195af0e-960d-715f-b6c6-08dcdf4b78ec", "logging-call-at": "/Users/shivamsaraf/Desktop/work/temporal/common/log/with_logger.go:61"}
2025-03-19T11:38:50.082-0400	info	Started physicalTaskQueueManager	{"host": "127.0.0.1:63279", "component": "matching-engine", "wf-task-queue-name": "rrentVersion_Batching-564e9892_task_queue_11", "wf-task-queue-type": "Workflow", "wf-namespace": "namespace-ec265ab4-426c-4316-a4b3-47fc66311932", "worker-build-id": "rrentVersion_Batching-564e9892_deployment_series/rrentVersion_Batching-564e9892_build_id", "lifecycle": "Started", "cause": "UserData", "logging-call-at": "/Users/shivamsaraf/Desktop/work/temporal/common/log/with_logger.go:66"}
2025-03-19T11:38:50.083-0400	debug	Assigning new task key	{"host": "127.0.0.1:63280", "shard-id": 1, "address": "127.0.0.1:63280", "wf-namespace-id": "d0b550e3-6091-4a9b-a9aa-3d80ffb24954", "wf-id": "temporal-sys-worker-deployment:rrentVersion_Batching-564e9892_deployment_series", "wf-run-id": "0195af0e-960d-715f-b6c6-08dcdf4b78ec", "queue-task-type": "ActivityTimeout", "queue-task-id": 1049216, "timestamp": "2025-03-19T15:39:50.084Z", "cursor-timestamp": "2025-03-19T15:38:51.082Z", "logging-call-at": "/Users/shivamsaraf/Desktop/work/temporal/common/log/with_logger.go:61"}
2025-03-19T11:38:50.087-0400	debug	Frontend method invoked.	{"host": "127.0.0.1:63278", "wf-namespace": "namespace-ec265ab4-426c-4316-a4b3-47fc66311932", "operation": "PollActivityTaskQueue", "server-name": "", "cert-thumbprint": "", "logging-call-at": "/Users/shivamsaraf/Desktop/work/temporal/common/log/with_logger.go:61"}
2025-03-19T11:38:50.087-0400	debug	Received PollActivityTaskQueue	{"host": "127.0.0.1:63278", "service": "frontend", "logging-call-at": "/Users/shivamsaraf/Desktop/work/temporal/common/log/with_logger.go:61"}
2025-03-19T11:38:50.088-0400	debug	update state change	{"host": "127.0.0.1:63280", "shard-id": 4, "address": "127.0.0.1:63280", "wf-namespace-id": "d0b550e3-6091-4a9b-a9aa-3d80ffb24954", "wf-id": "temporal-sys-worker-deployment-version:rrentVersion_Batching-564e9892_deployment_series.rrentVersion_Batching-564e9892_build_id", "wf-run-id": "0195af0e-98a0-7d94-93e5-2a1d2e5942f8", "update-id": "e0c60721-c08b-42b8-8eb8-3bd2a8abf19d", "from-state": "Created", "to-state": "ProvisionallyAdmitted", "logging-call-at": "/Users/shivamsaraf/Desktop/work/temporal/common/log/with_logger.go:61"}
2025-03-19T11:38:50.088-0400	debug	update state change	{"host": "127.0.0.1:63280", "shard-id": 4, "address": "127.0.0.1:63280", "wf-namespace-id": "d0b550e3-6091-4a9b-a9aa-3d80ffb24954", "wf-id": "temporal-sys-worker-deployment-version:rrentVersion_Batching-564e9892_deployment_series.rrentVersion_Batching-564e9892_build_id", "wf-run-id": "0195af0e-98a0-7d94-93e5-2a1d2e5942f8", "update-id": "e0c60721-c08b-42b8-8eb8-3bd2a8abf19d", "from-state": "ProvisionallyAdmitted", "to-state": "Admitted", "logging-call-at": "/Users/shivamsaraf/Desktop/work/temporal/common/log/with_logger.go:61"}
2025-03-19T11:38:50.088-0400	debug	Workflow task updated	{"host": "127.0.0.1:63280", "shard-id": 4, "address": "127.0.0.1:63280", "wf-scheduled-event-id": 538, "wf-started-event-id": 0, "workflow-task-request-id": "emptyUuid", "workflow-task-timeout": 10, "attempt": 1, "wf-started-timestamp": "0001-01-01T00:00:00.000Z", "wt-type": "Speculative", "logging-call-at": "/Users/shivamsaraf/Desktop/work/temporal/common/log/with_logger.go:61"}
2025-03-19T11:38:50.089-0400	debug	Workflow task updated	{"host": "127.0.0.1:63280", "shard-id": 4, "address": "127.0.0.1:63280", "wf-scheduled-event-id": 538, "wf-started-event-id": 539, "workflow-task-request-id": "dcd0d1d8-5a56-48bd-943c-bfa1c1469342", "workflow-task-timeout": 10, "attempt": 1, "wf-started-timestamp": "2025-03-19T15:38:50.089Z", "wt-type": "Speculative", "logging-call-at": "/Users/shivamsaraf/Desktop/work/temporal/common/log/with_logger.go:61"}
2025-03-19T11:38:50.089-0400	debug	update state change	{"host": "127.0.0.1:63280", "shard-id": 4, "address": "127.0.0.1:63280", "wf-namespace-id": "d0b550e3-6091-4a9b-a9aa-3d80ffb24954", "wf-id": "temporal-sys-worker-deployment-version:rrentVersion_Batching-564e9892_deployment_series.rrentVersion_Batching-564e9892_build_id", "wf-run-id": "0195af0e-98a0-7d94-93e5-2a1d2e5942f8", "update-id": "e0c60721-c08b-42b8-8eb8-3bd2a8abf19d", "from-state": "Admitted", "to-state": "Sent", "logging-call-at": "/Users/shivamsaraf/Desktop/work/temporal/common/log/with_logger.go:61"}
2025-03-19T11:38:50.093-0400	debug	ExecuteActivity	{"host": "127.0.0.1:63281", "Namespace": "namespace-ec265ab4-426c-4316-a4b3-47fc66311932", "TaskQueue": "temporal-sys-per-ns-tq", "WorkerID": "temporal-system@Shivams-MacBook-Pro.local@namespace-ec265ab4-426c-4316-a4b3-47fc66311932", "WorkflowType": "temporal-sys-worker-deployment-version-workflow", "WorkflowID": "temporal-sys-worker-deployment-version:rrentVersion_Batching-564e9892_deployment_series.rrentVersion_Batching-564e9892_build_id", "RunID": "0195af0e-98a0-7d94-93e5-2a1d2e5942f8", "Attempt": 0, "ActivityID": "542", "ActivityType": "SyncDeploymentVersionUserData", "logging-call-at": "/Users/shivamsaraf/Desktop/work/temporal/common/log/with_logger.go:61"}
2025-03-19T11:38:50.093-0400	debug	Frontend method invoked.	{"host": "127.0.0.1:63278", "wf-namespace": "namespace-ec265ab4-426c-4316-a4b3-47fc66311932", "operation": "PollWorkflowTaskQueue", "server-name": "", "cert-thumbprint": "", "logging-call-at": "/Users/shivamsaraf/Desktop/work/temporal/common/log/with_logger.go:61"}
2025-03-19T11:38:50.093-0400	debug	Received PollWorkflowTaskQueue	{"host": "127.0.0.1:63278", "service": "frontend", "logging-call-at": "/Users/shivamsaraf/Desktop/work/temporal/common/log/with_logger.go:61"}
2025-03-19T11:38:50.093-0400	debug	Poll workflow task queue.	{"host": "127.0.0.1:63278", "service": "frontend", "wf-namespace": "namespace-ec265ab4-426c-4316-a4b3-47fc66311932", "wf-namespace-id": "d0b550e3-6091-4a9b-a9aa-3d80ffb24954", "logging-call-at": "/Users/shivamsaraf/Desktop/work/temporal/common/log/with_logger.go:61"}
2025-03-19T11:38:50.093-0400	debug	Frontend method invoked.	{"host": "127.0.0.1:63278", "wf-namespace": "namespace-ec265ab4-426c-4316-a4b3-47fc66311932", "operation": "RespondWorkflowTaskCompleted", "server-name": "", "cert-thumbprint": "", "logging-call-at": "/Users/shivamsaraf/Desktop/work/temporal/common/log/with_logger.go:61"}
2025-03-19T11:38:50.094-0400	debug	RespondWorkflowTaskCompleted	{"host": "127.0.0.1:63280", "service": "history", "wf-namespace-id": "d0b550e3-6091-4a9b-a9aa-3d80ffb24954", "wf-id": "temporal-sys-worker-deployment-version:rrentVersion_Batching-564e9892_deployment_series.rrentVersion_Batching-564e9892_build_id", "wf-run-id": "0195af0e-98a0-7d94-93e5-2a1d2e5942f8", "wf-scheduled-event-id": 538, "logging-call-at": "/Users/shivamsaraf/Desktop/work/temporal/common/log/with_logger.go:61"}
2025-03-19T11:38:50.094-0400	debug	Workflow task updated	{"host": "127.0.0.1:63280", "shard-id": 4, "address": "127.0.0.1:63280", "wf-scheduled-event-id": 0, "wf-started-event-id": 0, "workflow-task-request-id": "emptyUuid", "workflow-task-timeout": 0, "attempt": 1, "wf-started-timestamp": "1970-01-01T00:00:00.000Z", "wt-type": "Unspecified", "logging-call-at": "/Users/shivamsaraf/Desktop/work/temporal/common/log/with_logger.go:61"}
2025-03-19T11:38:50.094-0400	debug	update state change	{"host": "127.0.0.1:63280", "shard-id": 4, "address": "127.0.0.1:63280", "wf-namespace-id": "d0b550e3-6091-4a9b-a9aa-3d80ffb24954", "wf-id": "temporal-sys-worker-deployment-version:rrentVersion_Batching-564e9892_deployment_series.rrentVersion_Batching-564e9892_build_id", "wf-run-id": "0195af0e-98a0-7d94-93e5-2a1d2e5942f8", "update-id": "e0c60721-c08b-42b8-8eb8-3bd2a8abf19d", "from-state": "Sent", "to-state": "ProvisionallyAccepted", "logging-call-at": "/Users/shivamsaraf/Desktop/work/temporal/common/log/with_logger.go:61"}
2025-03-19T11:38:50.094-0400	debug	Assigning new task key	{"host": "127.0.0.1:63280", "shard-id": 4, "address": "127.0.0.1:63280", "wf-namespace-id": "d0b550e3-6091-4a9b-a9aa-3d80ffb24954", "wf-id": "temporal-sys-worker-deployment-version:rrentVersion_Batching-564e9892_deployment_series.rrentVersion_Batching-564e9892_build_id", "wf-run-id": "0195af0e-98a0-7d94-93e5-2a1d2e5942f8", "queue-task-type": "TransferActivityTask", "queue-task-id": 1049973, "timestamp": "2025-03-19T15:38:50.094Z", "cursor-timestamp": "2025-03-19T15:38:51.052Z", "logging-call-at": "/Users/shivamsaraf/Desktop/work/temporal/common/log/with_logger.go:61"}
2025-03-19T11:38:50.098-0400	debug	update state change	{"host": "127.0.0.1:63280", "shard-id": 4, "address": "127.0.0.1:63280", "wf-namespace-id": "d0b550e3-6091-4a9b-a9aa-3d80ffb24954", "wf-id": "temporal-sys-worker-deployment-version:rrentVersion_Batching-564e9892_deployment_series.rrentVersion_Batching-564e9892_build_id", "wf-run-id": "0195af0e-98a0-7d94-93e5-2a1d2e5942f8", "update-id": "e0c60721-c08b-42b8-8eb8-3bd2a8abf19d", "from-state": "ProvisionallyAccepted", "to-state": "Accepted", "logging-call-at": "/Users/shivamsaraf/Desktop/work/temporal/common/log/with_logger.go:61"}
2025-03-19T11:38:50.099-0400	debug	Process task as active.	{"host": "127.0.0.1:63280", "shard-id": 4, "address": "127.0.0.1:63280", "component": "transfer-queue-processor", "wf-namespace-id": "d0b550e3-6091-4a9b-a9aa-3d80ffb24954", "value": "d0b550e3-6091-4a9b-a9aa-3d80ffb24954/temporal-sys-worker-deployment-version:rrentVersion_Batching-564e9892_deployment_series.rrentVersion_Batching-564e9892_build_id/0195af0e-98a0-7d94-93e5-2a1d2e5942f8", "logging-call-at": "/Users/shivamsaraf/Desktop/work/temporal/common/log/with_logger.go:61"}
2025-03-19T11:38:50.099-0400	debug	Assigning new task key	{"host": "127.0.0.1:63280", "shard-id": 4, "address": "127.0.0.1:63280", "wf-namespace-id": "d0b550e3-6091-4a9b-a9aa-3d80ffb24954", "wf-id": "temporal-sys-worker-deployment-version:rrentVersion_Batching-564e9892_deployment_series.rrentVersion_Batching-564e9892_build_id", "wf-run-id": "0195af0e-98a0-7d94-93e5-2a1d2e5942f8", "queue-task-type": "ActivityTimeout", "queue-task-id": 1049974, "timestamp": "2025-03-19T15:39:50.100Z", "cursor-timestamp": "2025-03-19T15:38:51.098Z", "logging-call-at": "/Users/shivamsaraf/Desktop/work/temporal/common/log/with_logger.go:61"}
2025-03-19T11:38:50.112-0400	info	syncing task queue userdata for deployment version	{"host": "127.0.0.1:63281", "Namespace": "namespace-ec265ab4-426c-4316-a4b3-47fc66311932", "TaskQueue": "temporal-sys-per-ns-tq", "WorkerID": "temporal-system@Shivams-MacBook-Pro.local@namespace-ec265ab4-426c-4316-a4b3-47fc66311932", "ActivityID": "542", "ActivityType": "SyncDeploymentVersionUserData", "Attempt": 1, "WorkflowType": "temporal-sys-worker-deployment-version-workflow", "WorkflowID": "temporal-sys-worker-deployment-version:rrentVersion_Batching-564e9892_deployment_series.rrentVersion_Batching-564e9892_build_id", "RunID": "0195af0e-98a0-7d94-93e5-2a1d2e5942f8", "taskQueue": "rrentVersion_Batching-564e9892_task_queue_49", "types": [1], "logging-call-at": "/Users/shivamsaraf/Desktop/work/temporal/common/log/with_logger.go:66"}
2025-03-19T11:38:50.112-0400	debug	Frontend method invoked.	{"host": "127.0.0.1:63278", "wf-namespace": "namespace-ec265ab4-426c-4316-a4b3-47fc66311932", "operation": "PollActivityTaskQueue", "server-name": "", "cert-thumbprint": "", "logging-call-at": "/Users/shivamsaraf/Desktop/work/temporal/common/log/with_logger.go:61"}
2025-03-19T11:38:50.112-0400	debug	Received PollActivityTaskQueue	{"host": "127.0.0.1:63278", "service": "frontend", "logging-call-at": "/Users/shivamsaraf/Desktop/work/temporal/common/log/with_logger.go:61"}
2025-03-19T11:38:50.144-0400	debug	Process task as active.	{"host": "127.0.0.1:63280", "shard-id": 4, "address": "127.0.0.1:63280", "component": "timer-queue-processor", "wf-namespace-id": "d0b550e3-6091-4a9b-a9aa-3d80ffb24954", "value": "d0b550e3-6091-4a9b-a9aa-3d80ffb24954/temporal-sys-worker-deployment-version:rrentVersion_Batching-564e9892_deployment_series.rrentVersion_Batching-564e9892_build_id/0195af0e-98a0-7d94-93e5-2a1d2e5942f8", "logging-call-at": "/Users/shivamsaraf/Desktop/work/temporal/common/log/with_logger.go:61"}
2025-03-19T11:38:50.172-0400	debug	Process task as active.	{"host": "127.0.0.1:63280", "shard-id": 4, "address": "127.0.0.1:63280", "component": "timer-queue-processor", "wf-namespace-id": "d0b550e3-6091-4a9b-a9aa-3d80ffb24954", "value": "d0b550e3-6091-4a9b-a9aa-3d80ffb24954/temporal-sys-worker-deployment-version:rrentVersion_Batching-564e9892_deployment_series.rrentVersion_Batching-564e9892_build_id/0195af0e-98a0-7d94-93e5-2a1d2e5942f8", "logging-call-at": "/Users/shivamsaraf/Desktop/work/temporal/common/log/with_logger.go:61"}
2025-03-19T11:38:50.189-0400	debug	Process task as active.	{"host": "127.0.0.1:63280", "shard-id": 1, "address": "127.0.0.1:63280", "component": "timer-queue-processor", "wf-namespace-id": "d0b550e3-6091-4a9b-a9aa-3d80ffb24954", "value": "d0b550e3-6091-4a9b-a9aa-3d80ffb24954/temporal-sys-worker-deployment:rrentVersion_Batching-564e9892_deployment_series/0195af0e-960d-715f-b6c6-08dcdf4b78ec", "logging-call-at": "/Users/shivamsaraf/Desktop/work/temporal/common/log/with_logger.go:61"}
2025-03-19T11:38:50.214-0400	info	modified user data	{"host": "127.0.0.1:63279", "component": "matching-engine", "wf-task-queue-name": "rrentVersion_Batching-564e9892_task_queue_49", "wf-task-queue-type": "Workflow", "wf-namespace": "namespace-ec265ab4-426c-4316-a4b3-47fc66311932", "user-data-update-source": "SyncDeploymentUserData", "user-data-version": 1, "timestamp": "2025-03-19T15:38:50.112Z", "logging-call-at": "/Users/shivamsaraf/Desktop/work/temporal/common/log/with_logger.go:66"}
2025-03-19T11:38:50.214-0400	debug	user data changed while blocked in long poll	{"host": "127.0.0.1:63279", "component": "matching-engine", "wf-task-queue-name": "rrentVersion_Batching-564e9892_task_queue_49", "wf-task-queue-type": "Workflow", "wf-namespace": "namespace-ec265ab4-426c-4316-a4b3-47fc66311932", "logging-call-at": "/Users/shivamsaraf/Desktop/work/temporal/common/log/with_logger.go:61"}
2025-03-19T11:38:50.214-0400	debug	user data changed while blocked in long poll	{"host": "127.0.0.1:63279", "component": "matching-engine", "wf-task-queue-name": "rrentVersion_Batching-564e9892_task_queue_49", "wf-task-queue-type": "Workflow", "wf-namespace": "namespace-ec265ab4-426c-4316-a4b3-47fc66311932", "logging-call-at": "/Users/shivamsaraf/Desktop/work/temporal/common/log/with_logger.go:61"}
2025-03-19T11:38:50.214-0400	info	returning user data	{"host": "127.0.0.1:63279", "component": "matching-engine", "wf-task-queue-name": "rrentVersion_Batching-564e9892_task_queue_49", "wf-task-queue-type": "Workflow", "wf-namespace": "namespace-ec265ab4-426c-4316-a4b3-47fc66311932", "long-poll": true, "request-known-version": 0, "user-data-version": 1, "logging-call-at": "/Users/shivamsaraf/Desktop/work/temporal/common/log/with_logger.go:66"}
2025-03-19T11:38:50.214-0400	info	returning user data	{"host": "127.0.0.1:63279", "component": "matching-engine", "wf-task-queue-name": "rrentVersion_Batching-564e9892_task_queue_49", "wf-task-queue-type": "Workflow", "wf-namespace": "namespace-ec265ab4-426c-4316-a4b3-47fc66311932", "long-poll": true, "request-known-version": 0, "user-data-version": 1, "logging-call-at": "/Users/shivamsaraf/Desktop/work/temporal/common/log/with_logger.go:66"}
2025-03-19T11:38:50.214-0400	debug	user data changed while blocked in long poll	{"host": "127.0.0.1:63279", "component": "matching-engine", "wf-task-queue-name": "rrentVersion_Batching-564e9892_task_queue_49", "wf-task-queue-type": "Workflow", "wf-namespace": "namespace-ec265ab4-426c-4316-a4b3-47fc66311932", "logging-call-at": "/Users/shivamsaraf/Desktop/work/temporal/common/log/with_logger.go:61"}
2025-03-19T11:38:50.214-0400	info	returning user data	{"host": "127.0.0.1:63279", "component": "matching-engine", "wf-task-queue-name": "rrentVersion_Batching-564e9892_task_queue_49", "wf-task-queue-type": "Workflow", "wf-namespace": "namespace-ec265ab4-426c-4316-a4b3-47fc66311932", "long-poll": true, "request-known-version": 0, "user-data-version": 1, "logging-call-at": "/Users/shivamsaraf/Desktop/work/temporal/common/log/with_logger.go:66"}
2025-03-19T11:38:50.215-0400	info	fetched user data from parent	{"host": "127.0.0.1:63279", "component": "matching-engine", "wf-task-queue-name": "/_sys/rrentVersion_Batching-564e9892_task_queue_49/3", "wf-task-queue-type": "Workflow", "wf-namespace": "namespace-ec265ab4-426c-4316-a4b3-47fc66311932", "user-data-version": 1, "timestamp": "2025-03-19T15:38:50.112Z", "logging-call-at": "/Users/shivamsaraf/Desktop/work/temporal/common/log/with_logger.go:66"}
2025-03-19T11:38:50.215-0400	info	fetched user data from parent	{"host": "127.0.0.1:63279", "component": "matching-engine", "wf-task-queue-name": "/_sys/rrentVersion_Batching-564e9892_task_queue_49/2", "wf-task-queue-type": "Workflow", "wf-namespace": "namespace-ec265ab4-426c-4316-a4b3-47fc66311932", "user-data-version": 1, "timestamp": "2025-03-19T15:38:50.112Z", "logging-call-at": "/Users/shivamsaraf/Desktop/work/temporal/common/log/with_logger.go:66"}
2025-03-19T11:38:50.215-0400	info	fetched user data from parent	{"host": "127.0.0.1:63279", "component": "matching-engine", "wf-task-queue-name": "/_sys/rrentVersion_Batching-564e9892_task_queue_49/1", "wf-task-queue-type": "Workflow", "wf-namespace": "namespace-ec265ab4-426c-4316-a4b3-47fc66311932", "user-data-version": 1, "timestamp": "2025-03-19T15:38:50.112Z", "logging-call-at": "/Users/shivamsaraf/Desktop/work/temporal/common/log/with_logger.go:66"}
2025-03-19T11:38:50.215-0400	debug	Frontend method invoked.	{"host": "127.0.0.1:63278", "wf-namespace": "namespace-ec265ab4-426c-4316-a4b3-47fc66311932", "operation": "RespondActivityTaskCompleted", "server-name": "", "cert-thumbprint": "", "logging-call-at": "/Users/shivamsaraf/Desktop/work/temporal/common/log/with_logger.go:61"}
2025-03-19T11:38:50.216-0400	debug	Workflow task updated	{"host": "127.0.0.1:63280", "shard-id": 4, "address": "127.0.0.1:63280", "wf-scheduled-event-id": 545, "wf-started-event-id": 0, "workflow-task-request-id": "emptyUuid", "workflow-task-timeout": 10, "attempt": 1, "wf-started-timestamp": "0001-01-01T00:00:00.000Z", "wt-type": "Normal", "logging-call-at": "/Users/shivamsaraf/Desktop/work/temporal/common/log/with_logger.go:61"}
2025-03-19T11:38:50.216-0400	debug	Assigning new task key	{"host": "127.0.0.1:63280", "shard-id": 4, "address": "127.0.0.1:63280", "wf-namespace-id": "d0b550e3-6091-4a9b-a9aa-3d80ffb24954", "wf-id": "temporal-sys-worker-deployment-version:rrentVersion_Batching-564e9892_deployment_series.rrentVersion_Batching-564e9892_build_id", "wf-run-id": "0195af0e-98a0-7d94-93e5-2a1d2e5942f8", "queue-task-type": "WorkflowTaskTimeout", "queue-task-id": 1049980, "timestamp": "2025-03-19T15:38:55.217Z", "cursor-timestamp": "2025-03-19T15:38:51.098Z", "logging-call-at": "/Users/shivamsaraf/Desktop/work/temporal/common/log/with_logger.go:61"}
2025-03-19T11:38:50.216-0400	debug	Assigning new task key	{"host": "127.0.0.1:63280", "shard-id": 4, "address": "127.0.0.1:63280", "wf-namespace-id": "d0b550e3-6091-4a9b-a9aa-3d80ffb24954", "wf-id": "temporal-sys-worker-deployment-version:rrentVersion_Batching-564e9892_deployment_series.rrentVersion_Batching-564e9892_build_id", "wf-run-id": "0195af0e-98a0-7d94-93e5-2a1d2e5942f8", "queue-task-type": "TransferWorkflowTask", "queue-task-id": 1049981, "timestamp": "2025-03-19T15:38:50.216Z", "cursor-timestamp": "2025-03-19T15:38:51.098Z", "logging-call-at": "/Users/shivamsaraf/Desktop/work/temporal/common/log/with_logger.go:61"}
2025-03-19T11:38:50.222-0400	debug	Process task as active.	{"host": "127.0.0.1:63280", "shard-id": 4, "address": "127.0.0.1:63280", "component": "transfer-queue-processor", "wf-namespace-id": "d0b550e3-6091-4a9b-a9aa-3d80ffb24954", "value": "d0b550e3-6091-4a9b-a9aa-3d80ffb24954/temporal-sys-worker-deployment-version:rrentVersion_Batching-564e9892_deployment_series.rrentVersion_Batching-564e9892_build_id/0195af0e-98a0-7d94-93e5-2a1d2e5942f8", "logging-call-at": "/Users/shivamsaraf/Desktop/work/temporal/common/log/with_logger.go:61"}
2025-03-19T11:38:50.224-0400	debug	Workflow task updated	{"host": "127.0.0.1:63280", "shard-id": 4, "address": "127.0.0.1:63280", "wf-scheduled-event-id": 545, "wf-started-event-id": 546, "workflow-task-request-id": "2a343c6a-cd5c-404b-8000-ff75cadadf54", "workflow-task-timeout": 10, "attempt": 1, "wf-started-timestamp": "2025-03-19T15:38:50.224Z", "wt-type": "Normal", "logging-call-at": "/Users/shivamsaraf/Desktop/work/temporal/common/log/with_logger.go:61"}
2025-03-19T11:38:50.224-0400	debug	Assigning new task key	{"host": "127.0.0.1:63280", "shard-id": 4, "address": "127.0.0.1:63280", "wf-namespace-id": "d0b550e3-6091-4a9b-a9aa-3d80ffb24954", "wf-id": "temporal-sys-worker-deployment-version:rrentVersion_Batching-564e9892_deployment_series.rrentVersion_Batching-564e9892_build_id", "wf-run-id": "0195af0e-98a0-7d94-93e5-2a1d2e5942f8", "queue-task-type": "WorkflowTaskTimeout", "queue-task-id": 1049984, "timestamp": "2025-03-19T15:39:00.225Z", "cursor-timestamp": "2025-03-19T15:38:51.222Z", "logging-call-at": "/Users/shivamsaraf/Desktop/work/temporal/common/log/with_logger.go:61"}
2025-03-19T11:38:50.234-0400	debug	ExecuteActivity	{"host": "127.0.0.1:63281", "Namespace": "namespace-ec265ab4-426c-4316-a4b3-47fc66311932", "TaskQueue": "temporal-sys-per-ns-tq", "WorkerID": "temporal-system@Shivams-MacBook-Pro.local@namespace-ec265ab4-426c-4316-a4b3-47fc66311932", "WorkflowType": "temporal-sys-worker-deployment-version-workflow", "WorkflowID": "temporal-sys-worker-deployment-version:rrentVersion_Batching-564e9892_deployment_series.rrentVersion_Batching-564e9892_build_id", "RunID": "0195af0e-98a0-7d94-93e5-2a1d2e5942f8", "Attempt": 0, "ActivityID": "548", "ActivityType": "CheckWorkerDeploymentUserDataPropagation", "logging-call-at": "/Users/shivamsaraf/Desktop/work/temporal/common/log/with_logger.go:61"}
2025-03-19T11:38:50.234-0400	debug	Frontend method invoked.	{"host": "127.0.0.1:63278", "wf-namespace": "namespace-ec265ab4-426c-4316-a4b3-47fc66311932", "operation": "PollWorkflowTaskQueue", "server-name": "", "cert-thumbprint": "", "logging-call-at": "/Users/shivamsaraf/Desktop/work/temporal/common/log/with_logger.go:61"}
2025-03-19T11:38:50.235-0400	debug	Received PollWorkflowTaskQueue	{"host": "127.0.0.1:63278", "service": "frontend", "logging-call-at": "/Users/shivamsaraf/Desktop/work/temporal/common/log/with_logger.go:61"}
2025-03-19T11:38:50.235-0400	debug	Poll workflow task queue.	{"host": "127.0.0.1:63278", "service": "frontend", "wf-namespace": "namespace-ec265ab4-426c-4316-a4b3-47fc66311932", "wf-namespace-id": "d0b550e3-6091-4a9b-a9aa-3d80ffb24954", "logging-call-at": "/Users/shivamsaraf/Desktop/work/temporal/common/log/with_logger.go:61"}
2025-03-19T11:38:50.235-0400	debug	Frontend method invoked.	{"host": "127.0.0.1:63278", "wf-namespace": "namespace-ec265ab4-426c-4316-a4b3-47fc66311932", "operation": "RespondWorkflowTaskCompleted", "server-name": "", "cert-thumbprint": "", "logging-call-at": "/Users/shivamsaraf/Desktop/work/temporal/common/log/with_logger.go:61"}
2025-03-19T11:38:50.235-0400	debug	RespondWorkflowTaskCompleted	{"host": "127.0.0.1:63280", "service": "history", "wf-namespace-id": "d0b550e3-6091-4a9b-a9aa-3d80ffb24954", "wf-id": "temporal-sys-worker-deployment-version:rrentVersion_Batching-564e9892_deployment_series.rrentVersion_Batching-564e9892_build_id", "wf-run-id": "0195af0e-98a0-7d94-93e5-2a1d2e5942f8", "wf-scheduled-event-id": 545, "logging-call-at": "/Users/shivamsaraf/Desktop/work/temporal/common/log/with_logger.go:61"}
2025-03-19T11:38:50.235-0400	debug	Workflow task updated	{"host": "127.0.0.1:63280", "shard-id": 4, "address": "127.0.0.1:63280", "wf-scheduled-event-id": 0, "wf-started-event-id": 0, "workflow-task-request-id": "emptyUuid", "workflow-task-timeout": 0, "attempt": 1, "wf-started-timestamp": "1970-01-01T00:00:00.000Z", "wt-type": "Unspecified", "logging-call-at": "/Users/shivamsaraf/Desktop/work/temporal/common/log/with_logger.go:61"}
2025-03-19T11:38:50.236-0400	debug	Assigning new task key	{"host": "127.0.0.1:63280", "shard-id": 4, "address": "127.0.0.1:63280", "wf-namespace-id": "d0b550e3-6091-4a9b-a9aa-3d80ffb24954", "wf-id": "temporal-sys-worker-deployment-version:rrentVersion_Batching-564e9892_deployment_series.rrentVersion_Batching-564e9892_build_id", "wf-run-id": "0195af0e-98a0-7d94-93e5-2a1d2e5942f8", "queue-task-type": "TransferActivityTask", "queue-task-id": 1049989, "timestamp": "2025-03-19T15:38:50.236Z", "cursor-timestamp": "2025-03-19T15:38:51.222Z", "logging-call-at": "/Users/shivamsaraf/Desktop/work/temporal/common/log/with_logger.go:61"}
2025-03-19T11:38:50.238-0400	debug	Frontend method invoked.	{"host": "127.0.0.1:63278", "wf-namespace": "namespace-ec265ab4-426c-4316-a4b3-47fc66311932", "operation": "DescribeWorkerDeploymentVersion", "server-name": "", "cert-thumbprint": "", "logging-call-at": "/Users/shivamsaraf/Desktop/work/temporal/common/log/with_logger.go:61"}
2025-03-19T11:38:50.241-0400	debug	Process task as active.	{"host": "127.0.0.1:63280", "shard-id": 4, "address": "127.0.0.1:63280", "component": "transfer-queue-processor", "wf-namespace-id": "d0b550e3-6091-4a9b-a9aa-3d80ffb24954", "value": "d0b550e3-6091-4a9b-a9aa-3d80ffb24954/temporal-sys-worker-deployment-version:rrentVersion_Batching-564e9892_deployment_series.rrentVersion_Batching-564e9892_build_id/0195af0e-98a0-7d94-93e5-2a1d2e5942f8", "logging-call-at": "/Users/shivamsaraf/Desktop/work/temporal/common/log/with_logger.go:61"}
2025-03-19T11:38:50.242-0400	debug	Assigning new task key	{"host": "127.0.0.1:63280", "shard-id": 4, "address": "127.0.0.1:63280", "wf-namespace-id": "d0b550e3-6091-4a9b-a9aa-3d80ffb24954", "wf-id": "temporal-sys-worker-deployment-version:rrentVersion_Batching-564e9892_deployment_series.rrentVersion_Batching-564e9892_build_id", "wf-run-id": "0195af0e-98a0-7d94-93e5-2a1d2e5942f8", "queue-task-type": "ActivityTimeout", "queue-task-id": 1049990, "timestamp": "2025-03-19T15:39:50.243Z", "cursor-timestamp": "2025-03-19T15:38:51.240Z", "logging-call-at": "/Users/shivamsaraf/Desktop/work/temporal/common/log/with_logger.go:61"}
2025-03-19T11:38:50.242-0400	debug	Frontend method invoked.	{"host": "127.0.0.1:63278", "wf-namespace": "namespace-ec265ab4-426c-4316-a4b3-47fc66311932", "operation": "PollWorkflowTaskQueue", "server-name": "", "cert-thumbprint": "", "logging-call-at": "/Users/shivamsaraf/Desktop/work/temporal/common/log/with_logger.go:61"}
2025-03-19T11:38:50.242-0400	debug	Received PollWorkflowTaskQueue	{"host": "127.0.0.1:63278", "service": "frontend", "logging-call-at": "/Users/shivamsaraf/Desktop/work/temporal/common/log/with_logger.go:61"}
2025-03-19T11:38:50.243-0400	debug	Poll workflow task queue.	{"host": "127.0.0.1:63278", "service": "frontend", "wf-namespace": "namespace-ec265ab4-426c-4316-a4b3-47fc66311932", "wf-namespace-id": "d0b550e3-6091-4a9b-a9aa-3d80ffb24954", "logging-call-at": "/Users/shivamsaraf/Desktop/work/temporal/common/log/with_logger.go:61"}
2025-03-19T11:38:50.243-0400	debug	Frontend method invoked.	{"host": "127.0.0.1:63278", "wf-namespace": "namespace-ec265ab4-426c-4316-a4b3-47fc66311932", "operation": "RespondQueryTaskCompleted", "server-name": "", "cert-thumbprint": "", "logging-call-at": "/Users/shivamsaraf/Desktop/work/temporal/common/log/with_logger.go:61"}
2025-03-19T11:38:50.244-0400	debug	deployment client success	{"host": "127.0.0.1:63278", "operation": "DescribeVersion", "elapsed": 0.006263542, "args": ["rrentVersion_Batching-564e9892_deployment_series","rrentVersion_Batching-564e9892_build_id"], "logging-call-at": "/Users/shivamsaraf/Desktop/work/temporal/common/log/with_logger.go:61"}
2025-03-19T11:38:50.246-0400	info	waiting for userdata propagation	{"host": "127.0.0.1:63281", "Namespace": "namespace-ec265ab4-426c-4316-a4b3-47fc66311932", "TaskQueue": "temporal-sys-per-ns-tq", "WorkerID": "temporal-system@Shivams-MacBook-Pro.local@namespace-ec265ab4-426c-4316-a4b3-47fc66311932", "ActivityID": "548", "ActivityType": "CheckWorkerDeploymentUserDataPropagation", "Attempt": 1, "WorkflowType": "temporal-sys-worker-deployment-version-workflow", "WorkflowID": "temporal-sys-worker-deployment-version:rrentVersion_Batching-564e9892_deployment_series.rrentVersion_Batching-564e9892_build_id", "RunID": "0195af0e-98a0-7d94-93e5-2a1d2e5942f8", "taskQueue": "rrentVersion_Batching-564e9892_task_queue_49", "version": 1, "logging-call-at": "/Users/shivamsaraf/Desktop/work/temporal/common/log/with_logger.go:66"}
2025-03-19T11:38:50.247-0400	debug	Frontend method invoked.	{"host": "127.0.0.1:63278", "wf-namespace": "namespace-ec265ab4-426c-4316-a4b3-47fc66311932", "operation": "PollActivityTaskQueue", "server-name": "", "cert-thumbprint": "", "logging-call-at": "/Users/shivamsaraf/Desktop/work/temporal/common/log/with_logger.go:61"}
2025-03-19T11:38:50.247-0400	debug	Received PollActivityTaskQueue	{"host": "127.0.0.1:63278", "service": "frontend", "logging-call-at": "/Users/shivamsaraf/Desktop/work/temporal/common/log/with_logger.go:61"}
2025-03-19T11:38:50.247-0400	info	returning user data	{"host": "127.0.0.1:63279", "component": "matching-engine", "wf-task-queue-name": "/_sys/rrentVersion_Batching-564e9892_task_queue_49/1", "wf-task-queue-type": "Workflow", "wf-namespace": "namespace-ec265ab4-426c-4316-a4b3-47fc66311932", "long-poll": true, "request-known-version": 0, "user-data-version": 1, "logging-call-at": "/Users/shivamsaraf/Desktop/work/temporal/common/log/with_logger.go:66"}
2025-03-19T11:38:50.247-0400	info	returning user data	{"host": "127.0.0.1:63279", "component": "matching-engine", "wf-task-queue-name": "/_sys/rrentVersion_Batching-564e9892_task_queue_49/3", "wf-task-queue-type": "Workflow", "wf-namespace": "namespace-ec265ab4-426c-4316-a4b3-47fc66311932", "long-poll": true, "request-known-version": 0, "user-data-version": 1, "logging-call-at": "/Users/shivamsaraf/Desktop/work/temporal/common/log/with_logger.go:66"}
2025-03-19T11:38:50.247-0400	info	matching client encountered error	{"host": "127.0.0.1:63279", "error": "partition was not loaded", "service-error-type": "serviceerror.FailedPrecondition", "logging-call-at": "/Users/shivamsaraf/Desktop/work/temporal/common/log/with_logger.go:66"}
2025-03-19T11:38:50.247-0400	info	returning user data	{"host": "127.0.0.1:63279", "component": "matching-engine", "wf-task-queue-name": "/_sys/rrentVersion_Batching-564e9892_task_queue_49/2", "wf-task-queue-type": "Workflow", "wf-namespace": "namespace-ec265ab4-426c-4316-a4b3-47fc66311932", "long-poll": true, "request-known-version": 0, "user-data-version": 1, "logging-call-at": "/Users/shivamsaraf/Desktop/work/temporal/common/log/with_logger.go:66"}
2025-03-19T11:38:50.248-0400	info	matching client encountered error	{"host": "127.0.0.1:63279", "error": "partition was not loaded", "service-error-type": "serviceerror.FailedPrecondition", "logging-call-at": "/Users/shivamsaraf/Desktop/work/temporal/common/log/with_logger.go:66"}
2025-03-19T11:38:50.248-0400	info	matching client encountered error	{"host": "127.0.0.1:63279", "error": "partition was not loaded", "service-error-type": "serviceerror.FailedPrecondition", "logging-call-at": "/Users/shivamsaraf/Desktop/work/temporal/common/log/with_logger.go:66"}
2025-03-19T11:38:50.248-0400	info	matching client encountered error	{"host": "127.0.0.1:63279", "error": "partition was not loaded", "service-error-type": "serviceerror.FailedPrecondition", "logging-call-at": "/Users/shivamsaraf/Desktop/work/temporal/common/log/with_logger.go:66"}
2025-03-19T11:38:50.248-0400	debug	Frontend method invoked.	{"host": "127.0.0.1:63278", "wf-namespace": "namespace-ec265ab4-426c-4316-a4b3-47fc66311932", "operation": "RespondActivityTaskCompleted", "server-name": "", "cert-thumbprint": "", "logging-call-at": "/Users/shivamsaraf/Desktop/work/temporal/common/log/with_logger.go:61"}
2025-03-19T11:38:50.249-0400	debug	Workflow task updated	{"host": "127.0.0.1:63280", "shard-id": 4, "address": "127.0.0.1:63280", "wf-scheduled-event-id": 551, "wf-started-event-id": 0, "workflow-task-request-id": "emptyUuid", "workflow-task-timeout": 10, "attempt": 1, "wf-started-timestamp": "0001-01-01T00:00:00.000Z", "wt-type": "Normal", "logging-call-at": "/Users/shivamsaraf/Desktop/work/temporal/common/log/with_logger.go:61"}
2025-03-19T11:38:50.249-0400	debug	Assigning new task key	{"host": "127.0.0.1:63280", "shard-id": 4, "address": "127.0.0.1:63280", "wf-namespace-id": "d0b550e3-6091-4a9b-a9aa-3d80ffb24954", "wf-id": "temporal-sys-worker-deployment-version:rrentVersion_Batching-564e9892_deployment_series.rrentVersion_Batching-564e9892_build_id", "wf-run-id": "0195af0e-98a0-7d94-93e5-2a1d2e5942f8", "queue-task-type": "WorkflowTaskTimeout", "queue-task-id": 1049996, "timestamp": "2025-03-19T15:38:55.250Z", "cursor-timestamp": "2025-03-19T15:38:51.240Z", "logging-call-at": "/Users/shivamsaraf/Desktop/work/temporal/common/log/with_logger.go:61"}
2025-03-19T11:38:50.249-0400	debug	Assigning new task key	{"host": "127.0.0.1:63280", "shard-id": 4, "address": "127.0.0.1:63280", "wf-namespace-id": "d0b550e3-6091-4a9b-a9aa-3d80ffb24954", "wf-id": "temporal-sys-worker-deployment-version:rrentVersion_Batching-564e9892_deployment_series.rrentVersion_Batching-564e9892_build_id", "wf-run-id": "0195af0e-98a0-7d94-93e5-2a1d2e5942f8", "queue-task-type": "TransferWorkflowTask", "queue-task-id": 1049997, "timestamp": "2025-03-19T15:38:50.249Z", "cursor-timestamp": "2025-03-19T15:38:51.240Z", "logging-call-at": "/Users/shivamsaraf/Desktop/work/temporal/common/log/with_logger.go:61"}
2025-03-19T11:38:50.254-0400	debug	Process task as active.	{"host": "127.0.0.1:63280", "shard-id": 4, "address": "127.0.0.1:63280", "component": "transfer-queue-processor", "wf-namespace-id": "d0b550e3-6091-4a9b-a9aa-3d80ffb24954", "value": "d0b550e3-6091-4a9b-a9aa-3d80ffb24954/temporal-sys-worker-deployment-version:rrentVersion_Batching-564e9892_deployment_series.rrentVersion_Batching-564e9892_build_id/0195af0e-98a0-7d94-93e5-2a1d2e5942f8", "logging-call-at": "/Users/shivamsaraf/Desktop/work/temporal/common/log/with_logger.go:61"}
2025-03-19T11:38:50.255-0400	debug	Workflow task updated	{"host": "127.0.0.1:63280", "shard-id": 4, "address": "127.0.0.1:63280", "wf-scheduled-event-id": 551, "wf-started-event-id": 552, "workflow-task-request-id": "a093fe0b-945b-43a5-928c-62e45d06c9c1", "workflow-task-timeout": 10, "attempt": 1, "wf-started-timestamp": "2025-03-19T15:38:50.255Z", "wt-type": "Normal", "logging-call-at": "/Users/shivamsaraf/Desktop/work/temporal/common/log/with_logger.go:61"}
2025-03-19T11:38:50.255-0400	debug	Assigning new task key	{"host": "127.0.0.1:63280", "shard-id": 4, "address": "127.0.0.1:63280", "wf-namespace-id": "d0b550e3-6091-4a9b-a9aa-3d80ffb24954", "wf-id": "temporal-sys-worker-deployment-version:rrentVersion_Batching-564e9892_deployment_series.rrentVersion_Batching-564e9892_build_id", "wf-run-id": "0195af0e-98a0-7d94-93e5-2a1d2e5942f8", "queue-task-type": "WorkflowTaskTimeout", "queue-task-id": 1050000, "timestamp": "2025-03-19T15:39:00.256Z", "cursor-timestamp": "2025-03-19T15:38:51.253Z", "logging-call-at": "/Users/shivamsaraf/Desktop/work/temporal/common/log/with_logger.go:61"}
2025-03-19T11:38:50.263-0400	debug	Frontend method invoked.	{"host": "127.0.0.1:63278", "wf-namespace": "namespace-ec265ab4-426c-4316-a4b3-47fc66311932", "operation": "PollWorkflowTaskQueue", "server-name": "", "cert-thumbprint": "", "logging-call-at": "/Users/shivamsaraf/Desktop/work/temporal/common/log/with_logger.go:61"}
2025-03-19T11:38:50.263-0400	debug	Received PollWorkflowTaskQueue	{"host": "127.0.0.1:63278", "service": "frontend", "logging-call-at": "/Users/shivamsaraf/Desktop/work/temporal/common/log/with_logger.go:61"}
2025-03-19T11:38:50.263-0400	debug	Poll workflow task queue.	{"host": "127.0.0.1:63278", "service": "frontend", "wf-namespace": "namespace-ec265ab4-426c-4316-a4b3-47fc66311932", "wf-namespace-id": "d0b550e3-6091-4a9b-a9aa-3d80ffb24954", "logging-call-at": "/Users/shivamsaraf/Desktop/work/temporal/common/log/with_logger.go:61"}
2025-03-19T11:38:50.263-0400	debug	Frontend method invoked.	{"host": "127.0.0.1:63278", "wf-namespace": "namespace-ec265ab4-426c-4316-a4b3-47fc66311932", "operation": "RespondWorkflowTaskCompleted", "server-name": "", "cert-thumbprint": "", "logging-call-at": "/Users/shivamsaraf/Desktop/work/temporal/common/log/with_logger.go:61"}
2025-03-19T11:38:50.263-0400	debug	RespondWorkflowTaskCompleted	{"host": "127.0.0.1:63280", "service": "history", "wf-namespace-id": "d0b550e3-6091-4a9b-a9aa-3d80ffb24954", "wf-id": "temporal-sys-worker-deployment-version:rrentVersion_Batching-564e9892_deployment_series.rrentVersion_Batching-564e9892_build_id", "wf-run-id": "0195af0e-98a0-7d94-93e5-2a1d2e5942f8", "wf-scheduled-event-id": 551, "logging-call-at": "/Users/shivamsaraf/Desktop/work/temporal/common/log/with_logger.go:61"}
2025-03-19T11:38:50.263-0400	debug	Workflow task updated	{"host": "127.0.0.1:63280", "shard-id": 4, "address": "127.0.0.1:63280", "wf-scheduled-event-id": 0, "wf-started-event-id": 0, "workflow-task-request-id": "emptyUuid", "workflow-task-timeout": 0, "attempt": 1, "wf-started-timestamp": "1970-01-01T00:00:00.000Z", "wt-type": "Unspecified", "logging-call-at": "/Users/shivamsaraf/Desktop/work/temporal/common/log/with_logger.go:61"}
2025-03-19T11:38:50.264-0400	debug	update state change	{"host": "127.0.0.1:63280", "shard-id": 4, "address": "127.0.0.1:63280", "wf-namespace-id": "d0b550e3-6091-4a9b-a9aa-3d80ffb24954", "wf-id": "temporal-sys-worker-deployment-version:rrentVersion_Batching-564e9892_deployment_series.rrentVersion_Batching-564e9892_build_id", "wf-run-id": "0195af0e-98a0-7d94-93e5-2a1d2e5942f8", "update-id": "e0c60721-c08b-42b8-8eb8-3bd2a8abf19d", "from-state": "Accepted", "to-state": "ProvisionallyCompleted", "logging-call-at": "/Users/shivamsaraf/Desktop/work/temporal/common/log/with_logger.go:61"}
2025-03-19T11:38:50.266-0400	debug	update state change	{"host": "127.0.0.1:63280", "shard-id": 4, "address": "127.0.0.1:63280", "wf-namespace-id": "d0b550e3-6091-4a9b-a9aa-3d80ffb24954", "wf-id": "temporal-sys-worker-deployment-version:rrentVersion_Batching-564e9892_deployment_series.rrentVersion_Batching-564e9892_build_id", "wf-run-id": "0195af0e-98a0-7d94-93e5-2a1d2e5942f8", "update-id": "e0c60721-c08b-42b8-8eb8-3bd2a8abf19d", "from-state": "ProvisionallyCompleted", "to-state": "Completed", "logging-call-at": "/Users/shivamsaraf/Desktop/work/temporal/common/log/with_logger.go:61"}
2025-03-19T11:38:50.267-0400	debug	Frontend method invoked.	{"host": "127.0.0.1:63278", "wf-namespace": "namespace-ec265ab4-426c-4316-a4b3-47fc66311932", "operation": "RespondActivityTaskCompleted", "server-name": "", "cert-thumbprint": "", "logging-call-at": "/Users/shivamsaraf/Desktop/work/temporal/common/log/with_logger.go:61"}
2025-03-19T11:38:50.267-0400	debug	Workflow task updated	{"host": "127.0.0.1:63280", "shard-id": 1, "address": "127.0.0.1:63280", "wf-scheduled-event-id": 277, "wf-started-event-id": 0, "workflow-task-request-id": "emptyUuid", "workflow-task-timeout": 10, "attempt": 1, "wf-started-timestamp": "0001-01-01T00:00:00.000Z", "wt-type": "Normal", "logging-call-at": "/Users/shivamsaraf/Desktop/work/temporal/common/log/with_logger.go:61"}
2025-03-19T11:38:50.268-0400	debug	Assigning new task key	{"host": "127.0.0.1:63280", "shard-id": 1, "address": "127.0.0.1:63280", "wf-namespace-id": "d0b550e3-6091-4a9b-a9aa-3d80ffb24954", "wf-id": "temporal-sys-worker-deployment:rrentVersion_Batching-564e9892_deployment_series", "wf-run-id": "0195af0e-960d-715f-b6c6-08dcdf4b78ec", "queue-task-type": "WorkflowTaskTimeout", "queue-task-id": 1049222, "timestamp": "2025-03-19T15:38:55.268Z", "cursor-timestamp": "2025-03-19T15:38:51.082Z", "logging-call-at": "/Users/shivamsaraf/Desktop/work/temporal/common/log/with_logger.go:61"}
2025-03-19T11:38:50.268-0400	debug	Assigning new task key	{"host": "127.0.0.1:63280", "shard-id": 1, "address": "127.0.0.1:63280", "wf-namespace-id": "d0b550e3-6091-4a9b-a9aa-3d80ffb24954", "wf-id": "temporal-sys-worker-deployment:rrentVersion_Batching-564e9892_deployment_series", "wf-run-id": "0195af0e-960d-715f-b6c6-08dcdf4b78ec", "queue-task-type": "TransferWorkflowTask", "queue-task-id": 1049223, "timestamp": "2025-03-19T15:38:50.268Z", "cursor-timestamp": "2025-03-19T15:38:51.082Z", "logging-call-at": "/Users/shivamsaraf/Desktop/work/temporal/common/log/with_logger.go:61"}
2025-03-19T11:38:50.272-0400	debug	Process task as active.	{"host": "127.0.0.1:63280", "shard-id": 1, "address": "127.0.0.1:63280", "component": "transfer-queue-processor", "wf-namespace-id": "d0b550e3-6091-4a9b-a9aa-3d80ffb24954", "value": "d0b550e3-6091-4a9b-a9aa-3d80ffb24954/temporal-sys-worker-deployment:rrentVersion_Batching-564e9892_deployment_series/0195af0e-960d-715f-b6c6-08dcdf4b78ec", "logging-call-at": "/Users/shivamsaraf/Desktop/work/temporal/common/log/with_logger.go:61"}
2025-03-19T11:38:50.273-0400	debug	Workflow task updated	{"host": "127.0.0.1:63280", "shard-id": 1, "address": "127.0.0.1:63280", "wf-scheduled-event-id": 277, "wf-started-event-id": 278, "workflow-task-request-id": "858cb321-2dc9-4788-8112-1c342e41e669", "workflow-task-timeout": 10, "attempt": 1, "wf-started-timestamp": "2025-03-19T15:38:50.273Z", "wt-type": "Normal", "logging-call-at": "/Users/shivamsaraf/Desktop/work/temporal/common/log/with_logger.go:61"}
2025-03-19T11:38:50.273-0400	debug	Assigning new task key	{"host": "127.0.0.1:63280", "shard-id": 1, "address": "127.0.0.1:63280", "wf-namespace-id": "d0b550e3-6091-4a9b-a9aa-3d80ffb24954", "wf-id": "temporal-sys-worker-deployment:rrentVersion_Batching-564e9892_deployment_series", "wf-run-id": "0195af0e-960d-715f-b6c6-08dcdf4b78ec", "queue-task-type": "WorkflowTaskTimeout", "queue-task-id": 1049226, "timestamp": "2025-03-19T15:39:00.274Z", "cursor-timestamp": "2025-03-19T15:38:51.271Z", "logging-call-at": "/Users/shivamsaraf/Desktop/work/temporal/common/log/with_logger.go:61"}
2025-03-19T11:38:50.279-0400	debug	ExecuteActivity	{"host": "127.0.0.1:63281", "Namespace": "namespace-ec265ab4-426c-4316-a4b3-47fc66311932", "TaskQueue": "temporal-sys-per-ns-tq", "WorkerID": "temporal-system@Shivams-MacBook-Pro.local@namespace-ec265ab4-426c-4316-a4b3-47fc66311932", "WorkflowType": "temporal-sys-worker-deployment-workflow", "WorkflowID": "temporal-sys-worker-deployment:rrentVersion_Batching-564e9892_deployment_series", "RunID": "0195af0e-960d-715f-b6c6-08dcdf4b78ec", "Attempt": 0, "ActivityID": "281", "ActivityType": "RegisterWorkerInVersion", "logging-call-at": "/Users/shivamsaraf/Desktop/work/temporal/common/log/with_logger.go:61"}
2025-03-19T11:38:50.279-0400	debug	Frontend method invoked.	{"host": "127.0.0.1:63278", "wf-namespace": "namespace-ec265ab4-426c-4316-a4b3-47fc66311932", "operation": "PollWorkflowTaskQueue", "server-name": "", "cert-thumbprint": "", "logging-call-at": "/Users/shivamsaraf/Desktop/work/temporal/common/log/with_logger.go:61"}
2025-03-19T11:38:50.279-0400	debug	Received PollWorkflowTaskQueue	{"host": "127.0.0.1:63278", "service": "frontend", "logging-call-at": "/Users/shivamsaraf/Desktop/work/temporal/common/log/with_logger.go:61"}
2025-03-19T11:38:50.279-0400	debug	Poll workflow task queue.	{"host": "127.0.0.1:63278", "service": "frontend", "wf-namespace": "namespace-ec265ab4-426c-4316-a4b3-47fc66311932", "wf-namespace-id": "d0b550e3-6091-4a9b-a9aa-3d80ffb24954", "logging-call-at": "/Users/shivamsaraf/Desktop/work/temporal/common/log/with_logger.go:61"}
2025-03-19T11:38:50.280-0400	debug	Frontend method invoked.	{"host": "127.0.0.1:63278", "wf-namespace": "namespace-ec265ab4-426c-4316-a4b3-47fc66311932", "operation": "RespondWorkflowTaskCompleted", "server-name": "", "cert-thumbprint": "", "logging-call-at": "/Users/shivamsaraf/Desktop/work/temporal/common/log/with_logger.go:61"}
2025-03-19T11:38:50.280-0400	debug	RespondWorkflowTaskCompleted	{"host": "127.0.0.1:63280", "service": "history", "wf-namespace-id": "d0b550e3-6091-4a9b-a9aa-3d80ffb24954", "wf-id": "temporal-sys-worker-deployment:rrentVersion_Batching-564e9892_deployment_series", "wf-run-id": "0195af0e-960d-715f-b6c6-08dcdf4b78ec", "wf-scheduled-event-id": 277, "logging-call-at": "/Users/shivamsaraf/Desktop/work/temporal/common/log/with_logger.go:61"}
2025-03-19T11:38:50.281-0400	debug	Workflow task updated	{"host": "127.0.0.1:63280", "shard-id": 1, "address": "127.0.0.1:63280", "wf-scheduled-event-id": 0, "wf-started-event-id": 0, "workflow-task-request-id": "emptyUuid", "workflow-task-timeout": 0, "attempt": 1, "wf-started-timestamp": "1970-01-01T00:00:00.000Z", "wt-type": "Unspecified", "logging-call-at": "/Users/shivamsaraf/Desktop/work/temporal/common/log/with_logger.go:61"}
2025-03-19T11:38:50.281-0400	debug	update state change	{"host": "127.0.0.1:63280", "shard-id": 1, "address": "127.0.0.1:63280", "wf-namespace-id": "d0b550e3-6091-4a9b-a9aa-3d80ffb24954", "wf-id": "temporal-sys-worker-deployment:rrentVersion_Batching-564e9892_deployment_series", "wf-run-id": "0195af0e-960d-715f-b6c6-08dcdf4b78ec", "update-id": "5e4ec173-39a4-4612-a708-bbd512c321e1", "from-state": "Accepted", "to-state": "ProvisionallyCompleted", "logging-call-at": "/Users/shivamsaraf/Desktop/work/temporal/common/log/with_logger.go:61"}
2025-03-19T11:38:50.281-0400	debug	Assigning new task key	{"host": "127.0.0.1:63280", "shard-id": 1, "address": "127.0.0.1:63280", "wf-namespace-id": "d0b550e3-6091-4a9b-a9aa-3d80ffb24954", "wf-id": "temporal-sys-worker-deployment:rrentVersion_Batching-564e9892_deployment_series", "wf-run-id": "0195af0e-960d-715f-b6c6-08dcdf4b78ec", "queue-task-type": "TransferActivityTask", "queue-task-id": 1049232, "timestamp": "2025-03-19T15:38:50.281Z", "cursor-timestamp": "2025-03-19T15:38:51.271Z", "logging-call-at": "/Users/shivamsaraf/Desktop/work/temporal/common/log/with_logger.go:61"}
2025-03-19T11:38:50.284-0400	debug	update state change	{"host": "127.0.0.1:63280", "shard-id": 1, "address": "127.0.0.1:63280", "wf-namespace-id": "d0b550e3-6091-4a9b-a9aa-3d80ffb24954", "wf-id": "temporal-sys-worker-deployment:rrentVersion_Batching-564e9892_deployment_series", "wf-run-id": "0195af0e-960d-715f-b6c6-08dcdf4b78ec", "update-id": "5e4ec173-39a4-4612-a708-bbd512c321e1", "from-state": "ProvisionallyCompleted", "to-state": "Completed", "logging-call-at": "/Users/shivamsaraf/Desktop/work/temporal/common/log/with_logger.go:61"}
2025-03-19T11:38:50.284-0400	debug	deployment client success	{"host": "127.0.0.1:63279", "operation": "RegisterTaskQueueWorker", "elapsed": 6.727344458, "args": ["rrentVersion_Batching-564e9892_task_queue_49",1,"matching service"], "logging-call-at": "/Users/shivamsaraf/Desktop/work/temporal/common/log/with_logger.go:61"}
2025-03-19T11:38:50.285-0400	debug	Process task as active.	{"host": "127.0.0.1:63280", "shard-id": 1, "address": "127.0.0.1:63280", "component": "transfer-queue-processor", "wf-namespace-id": "d0b550e3-6091-4a9b-a9aa-3d80ffb24954", "value": "d0b550e3-6091-4a9b-a9aa-3d80ffb24954/temporal-sys-worker-deployment:rrentVersion_Batching-564e9892_deployment_series/0195af0e-960d-715f-b6c6-08dcdf4b78ec", "logging-call-at": "/Users/shivamsaraf/Desktop/work/temporal/common/log/with_logger.go:61"}
2025-03-19T11:38:50.285-0400	info	Started physicalTaskQueueManager	{"host": "127.0.0.1:63279", "component": "matching-engine", "wf-task-queue-name": "rrentVersion_Batching-564e9892_task_queue_49", "wf-task-queue-type": "Workflow", "wf-namespace": "namespace-ec265ab4-426c-4316-a4b3-47fc66311932", "worker-build-id": "rrentVersion_Batching-564e9892_deployment_series/rrentVersion_Batching-564e9892_build_id", "lifecycle": "Started", "cause": "UserData", "logging-call-at": "/Users/shivamsaraf/Desktop/work/temporal/common/log/with_logger.go:66"}
2025-03-19T11:38:50.286-0400	debug	Assigning new task key	{"host": "127.0.0.1:63280", "shard-id": 1, "address": "127.0.0.1:63280", "wf-namespace-id": "d0b550e3-6091-4a9b-a9aa-3d80ffb24954", "wf-id": "temporal-sys-worker-deployment:rrentVersion_Batching-564e9892_deployment_series", "wf-run-id": "0195af0e-960d-715f-b6c6-08dcdf4b78ec", "queue-task-type": "ActivityTimeout", "queue-task-id": 1049234, "timestamp": "2025-03-19T15:39:50.287Z", "cursor-timestamp": "2025-03-19T15:38:51.284Z", "logging-call-at": "/Users/shivamsaraf/Desktop/work/temporal/common/log/with_logger.go:61"}
2025-03-19T11:38:50.290-0400	debug	Frontend method invoked.	{"host": "127.0.0.1:63278", "wf-namespace": "namespace-ec265ab4-426c-4316-a4b3-47fc66311932", "operation": "PollActivityTaskQueue", "server-name": "", "cert-thumbprint": "", "logging-call-at": "/Users/shivamsaraf/Desktop/work/temporal/common/log/with_logger.go:61"}
2025-03-19T11:38:50.290-0400	debug	Received PollActivityTaskQueue	{"host": "127.0.0.1:63278", "service": "frontend", "logging-call-at": "/Users/shivamsaraf/Desktop/work/temporal/common/log/with_logger.go:61"}
2025-03-19T11:38:50.291-0400	debug	update state change	{"host": "127.0.0.1:63280", "shard-id": 4, "address": "127.0.0.1:63280", "wf-namespace-id": "d0b550e3-6091-4a9b-a9aa-3d80ffb24954", "wf-id": "temporal-sys-worker-deployment-version:rrentVersion_Batching-564e9892_deployment_series.rrentVersion_Batching-564e9892_build_id", "wf-run-id": "0195af0e-98a0-7d94-93e5-2a1d2e5942f8", "update-id": "c7fb4b1c-f1aa-4e6d-8f7a-742432e5c305", "from-state": "Created", "to-state": "ProvisionallyAdmitted", "logging-call-at": "/Users/shivamsaraf/Desktop/work/temporal/common/log/with_logger.go:61"}
2025-03-19T11:38:50.291-0400	debug	update state change	{"host": "127.0.0.1:63280", "shard-id": 4, "address": "127.0.0.1:63280", "wf-namespace-id": "d0b550e3-6091-4a9b-a9aa-3d80ffb24954", "wf-id": "temporal-sys-worker-deployment-version:rrentVersion_Batching-564e9892_deployment_series.rrentVersion_Batching-564e9892_build_id", "wf-run-id": "0195af0e-98a0-7d94-93e5-2a1d2e5942f8", "update-id": "c7fb4b1c-f1aa-4e6d-8f7a-742432e5c305", "from-state": "ProvisionallyAdmitted", "to-state": "Admitted", "logging-call-at": "/Users/shivamsaraf/Desktop/work/temporal/common/log/with_logger.go:61"}
2025-03-19T11:38:50.291-0400	debug	Workflow task updated	{"host": "127.0.0.1:63280", "shard-id": 4, "address": "127.0.0.1:63280", "wf-scheduled-event-id": 555, "wf-started-event-id": 0, "workflow-task-request-id": "emptyUuid", "workflow-task-timeout": 10, "attempt": 1, "wf-started-timestamp": "0001-01-01T00:00:00.000Z", "wt-type": "Speculative", "logging-call-at": "/Users/shivamsaraf/Desktop/work/temporal/common/log/with_logger.go:61"}
2025-03-19T11:38:50.292-0400	debug	Workflow task updated	{"host": "127.0.0.1:63280", "shard-id": 4, "address": "127.0.0.1:63280", "wf-scheduled-event-id": 555, "wf-started-event-id": 556, "workflow-task-request-id": "e2c57bcf-1a57-4b06-855f-ee1324ccfd18", "workflow-task-timeout": 10, "attempt": 1, "wf-started-timestamp": "2025-03-19T15:38:50.291Z", "wt-type": "Speculative", "logging-call-at": "/Users/shivamsaraf/Desktop/work/temporal/common/log/with_logger.go:61"}
2025-03-19T11:38:50.292-0400	debug	update state change	{"host": "127.0.0.1:63280", "shard-id": 4, "address": "127.0.0.1:63280", "wf-namespace-id": "d0b550e3-6091-4a9b-a9aa-3d80ffb24954", "wf-id": "temporal-sys-worker-deployment-version:rrentVersion_Batching-564e9892_deployment_series.rrentVersion_Batching-564e9892_build_id", "wf-run-id": "0195af0e-98a0-7d94-93e5-2a1d2e5942f8", "update-id": "c7fb4b1c-f1aa-4e6d-8f7a-742432e5c305", "from-state": "Admitted", "to-state": "Sent", "logging-call-at": "/Users/shivamsaraf/Desktop/work/temporal/common/log/with_logger.go:61"}
2025-03-19T11:38:50.296-0400	debug	ExecuteActivity	{"host": "127.0.0.1:63281", "Namespace": "namespace-ec265ab4-426c-4316-a4b3-47fc66311932", "TaskQueue": "temporal-sys-per-ns-tq", "WorkerID": "temporal-system@Shivams-MacBook-Pro.local@namespace-ec265ab4-426c-4316-a4b3-47fc66311932", "WorkflowType": "temporal-sys-worker-deployment-version-workflow", "WorkflowID": "temporal-sys-worker-deployment-version:rrentVersion_Batching-564e9892_deployment_series.rrentVersion_Batching-564e9892_build_id", "RunID": "0195af0e-98a0-7d94-93e5-2a1d2e5942f8", "Attempt": 0, "ActivityID": "559", "ActivityType": "SyncDeploymentVersionUserData", "logging-call-at": "/Users/shivamsaraf/Desktop/work/temporal/common/log/with_logger.go:61"}
2025-03-19T11:38:50.296-0400	debug	Frontend method invoked.	{"host": "127.0.0.1:63278", "wf-namespace": "namespace-ec265ab4-426c-4316-a4b3-47fc66311932", "operation": "PollWorkflowTaskQueue", "server-name": "", "cert-thumbprint": "", "logging-call-at": "/Users/shivamsaraf/Desktop/work/temporal/common/log/with_logger.go:61"}
2025-03-19T11:38:50.296-0400	debug	Received PollWorkflowTaskQueue	{"host": "127.0.0.1:63278", "service": "frontend", "logging-call-at": "/Users/shivamsaraf/Desktop/work/temporal/common/log/with_logger.go:61"}
2025-03-19T11:38:50.296-0400	debug	Poll workflow task queue.	{"host": "127.0.0.1:63278", "service": "frontend", "wf-namespace": "namespace-ec265ab4-426c-4316-a4b3-47fc66311932", "wf-namespace-id": "d0b550e3-6091-4a9b-a9aa-3d80ffb24954", "logging-call-at": "/Users/shivamsaraf/Desktop/work/temporal/common/log/with_logger.go:61"}
2025-03-19T11:38:50.296-0400	debug	Frontend method invoked.	{"host": "127.0.0.1:63278", "wf-namespace": "namespace-ec265ab4-426c-4316-a4b3-47fc66311932", "operation": "RespondWorkflowTaskCompleted", "server-name": "", "cert-thumbprint": "", "logging-call-at": "/Users/shivamsaraf/Desktop/work/temporal/common/log/with_logger.go:61"}
2025-03-19T11:38:50.297-0400	debug	RespondWorkflowTaskCompleted	{"host": "127.0.0.1:63280", "service": "history", "wf-namespace-id": "d0b550e3-6091-4a9b-a9aa-3d80ffb24954", "wf-id": "temporal-sys-worker-deployment-version:rrentVersion_Batching-564e9892_deployment_series.rrentVersion_Batching-564e9892_build_id", "wf-run-id": "0195af0e-98a0-7d94-93e5-2a1d2e5942f8", "wf-scheduled-event-id": 555, "logging-call-at": "/Users/shivamsaraf/Desktop/work/temporal/common/log/with_logger.go:61"}
2025-03-19T11:38:50.297-0400	debug	Workflow task updated	{"host": "127.0.0.1:63280", "shard-id": 4, "address": "127.0.0.1:63280", "wf-scheduled-event-id": 0, "wf-started-event-id": 0, "workflow-task-request-id": "emptyUuid", "workflow-task-timeout": 0, "attempt": 1, "wf-started-timestamp": "1970-01-01T00:00:00.000Z", "wt-type": "Unspecified", "logging-call-at": "/Users/shivamsaraf/Desktop/work/temporal/common/log/with_logger.go:61"}
2025-03-19T11:38:50.297-0400	debug	update state change	{"host": "127.0.0.1:63280", "shard-id": 4, "address": "127.0.0.1:63280", "wf-namespace-id": "d0b550e3-6091-4a9b-a9aa-3d80ffb24954", "wf-id": "temporal-sys-worker-deployment-version:rrentVersion_Batching-564e9892_deployment_series.rrentVersion_Batching-564e9892_build_id", "wf-run-id": "0195af0e-98a0-7d94-93e5-2a1d2e5942f8", "update-id": "c7fb4b1c-f1aa-4e6d-8f7a-742432e5c305", "from-state": "Sent", "to-state": "ProvisionallyAccepted", "logging-call-at": "/Users/shivamsaraf/Desktop/work/temporal/common/log/with_logger.go:61"}
2025-03-19T11:38:50.297-0400	debug	Assigning new task key	{"host": "127.0.0.1:63280", "shard-id": 4, "address": "127.0.0.1:63280", "wf-namespace-id": "d0b550e3-6091-4a9b-a9aa-3d80ffb24954", "wf-id": "temporal-sys-worker-deployment-version:rrentVersion_Batching-564e9892_deployment_series.rrentVersion_Batching-564e9892_build_id", "wf-run-id": "0195af0e-98a0-7d94-93e5-2a1d2e5942f8", "queue-task-type": "TransferActivityTask", "queue-task-id": 1050017, "timestamp": "2025-03-19T15:38:50.297Z", "cursor-timestamp": "2025-03-19T15:38:51.253Z", "logging-call-at": "/Users/shivamsaraf/Desktop/work/temporal/common/log/with_logger.go:61"}
2025-03-19T11:38:50.301-0400	debug	update state change	{"host": "127.0.0.1:63280", "shard-id": 4, "address": "127.0.0.1:63280", "wf-namespace-id": "d0b550e3-6091-4a9b-a9aa-3d80ffb24954", "wf-id": "temporal-sys-worker-deployment-version:rrentVersion_Batching-564e9892_deployment_series.rrentVersion_Batching-564e9892_build_id", "wf-run-id": "0195af0e-98a0-7d94-93e5-2a1d2e5942f8", "update-id": "c7fb4b1c-f1aa-4e6d-8f7a-742432e5c305", "from-state": "ProvisionallyAccepted", "to-state": "Accepted", "logging-call-at": "/Users/shivamsaraf/Desktop/work/temporal/common/log/with_logger.go:61"}
2025-03-19T11:38:50.301-0400	debug	Process task as active.	{"host": "127.0.0.1:63280", "shard-id": 4, "address": "127.0.0.1:63280", "component": "transfer-queue-processor", "wf-namespace-id": "d0b550e3-6091-4a9b-a9aa-3d80ffb24954", "value": "d0b550e3-6091-4a9b-a9aa-3d80ffb24954/temporal-sys-worker-deployment-version:rrentVersion_Batching-564e9892_deployment_series.rrentVersion_Batching-564e9892_build_id/0195af0e-98a0-7d94-93e5-2a1d2e5942f8", "logging-call-at": "/Users/shivamsaraf/Desktop/work/temporal/common/log/with_logger.go:61"}
2025-03-19T11:38:50.302-0400	debug	Assigning new task key	{"host": "127.0.0.1:63280", "shard-id": 4, "address": "127.0.0.1:63280", "wf-namespace-id": "d0b550e3-6091-4a9b-a9aa-3d80ffb24954", "wf-id": "temporal-sys-worker-deployment-version:rrentVersion_Batching-564e9892_deployment_series.rrentVersion_Batching-564e9892_build_id", "wf-run-id": "0195af0e-98a0-7d94-93e5-2a1d2e5942f8", "queue-task-type": "ActivityTimeout", "queue-task-id": 1050018, "timestamp": "2025-03-19T15:39:50.303Z", "cursor-timestamp": "2025-03-19T15:38:51.301Z", "logging-call-at": "/Users/shivamsaraf/Desktop/work/temporal/common/log/with_logger.go:61"}
2025-03-19T11:38:50.306-0400	info	syncing task queue userdata for deployment version	{"host": "127.0.0.1:63281", "Namespace": "namespace-ec265ab4-426c-4316-a4b3-47fc66311932", "TaskQueue": "temporal-sys-per-ns-tq", "WorkerID": "temporal-system@Shivams-MacBook-Pro.local@namespace-ec265ab4-426c-4316-a4b3-47fc66311932", "ActivityID": "559", "ActivityType": "SyncDeploymentVersionUserData", "Attempt": 1, "WorkflowType": "temporal-sys-worker-deployment-version-workflow", "WorkflowID": "temporal-sys-worker-deployment-version:rrentVersion_Batching-564e9892_deployment_series.rrentVersion_Batching-564e9892_build_id", "RunID": "0195af0e-98a0-7d94-93e5-2a1d2e5942f8", "taskQueue": "rrentVersion_Batching-564e9892_task_queue_26", "types": [1], "logging-call-at": "/Users/shivamsaraf/Desktop/work/temporal/common/log/with_logger.go:66"}
2025-03-19T11:38:50.306-0400	debug	Frontend method invoked.	{"host": "127.0.0.1:63278", "wf-namespace": "namespace-ec265ab4-426c-4316-a4b3-47fc66311932", "operation": "PollActivityTaskQueue", "server-name": "", "cert-thumbprint": "", "logging-call-at": "/Users/shivamsaraf/Desktop/work/temporal/common/log/with_logger.go:61"}
2025-03-19T11:38:50.306-0400	debug	Received PollActivityTaskQueue	{"host": "127.0.0.1:63278", "service": "frontend", "logging-call-at": "/Users/shivamsaraf/Desktop/work/temporal/common/log/with_logger.go:61"}
2025-03-19T11:38:50.328-0400	debug	Process task as active.	{"host": "127.0.0.1:63280", "shard-id": 4, "address": "127.0.0.1:63280", "component": "timer-queue-processor", "wf-namespace-id": "d0b550e3-6091-4a9b-a9aa-3d80ffb24954", "value": "d0b550e3-6091-4a9b-a9aa-3d80ffb24954/temporal-sys-worker-deployment-version:rrentVersion_Batching-564e9892_deployment_series.rrentVersion_Batching-564e9892_build_id/0195af0e-98a0-7d94-93e5-2a1d2e5942f8", "logging-call-at": "/Users/shivamsaraf/Desktop/work/temporal/common/log/with_logger.go:61"}
2025-03-19T11:38:50.354-0400	debug	Process task as active.	{"host": "127.0.0.1:63280", "shard-id": 4, "address": "127.0.0.1:63280", "component": "timer-queue-processor", "wf-namespace-id": "d0b550e3-6091-4a9b-a9aa-3d80ffb24954", "value": "d0b550e3-6091-4a9b-a9aa-3d80ffb24954/temporal-sys-worker-deployment-version:rrentVersion_Batching-564e9892_deployment_series.rrentVersion_Batching-564e9892_build_id/0195af0e-98a0-7d94-93e5-2a1d2e5942f8", "logging-call-at": "/Users/shivamsaraf/Desktop/work/temporal/common/log/with_logger.go:61"}
2025-03-19T11:38:50.371-0400	debug	Process task as active.	{"host": "127.0.0.1:63280", "shard-id": 1, "address": "127.0.0.1:63280", "component": "timer-queue-processor", "wf-namespace-id": "d0b550e3-6091-4a9b-a9aa-3d80ffb24954", "value": "d0b550e3-6091-4a9b-a9aa-3d80ffb24954/temporal-sys-worker-deployment:rrentVersion_Batching-564e9892_deployment_series/0195af0e-960d-715f-b6c6-08dcdf4b78ec", "logging-call-at": "/Users/shivamsaraf/Desktop/work/temporal/common/log/with_logger.go:61"}
2025-03-19T11:38:50.409-0400	info	modified user data	{"host": "127.0.0.1:63279", "component": "matching-engine", "wf-task-queue-name": "rrentVersion_Batching-564e9892_task_queue_26", "wf-task-queue-type": "Workflow", "wf-namespace": "namespace-ec265ab4-426c-4316-a4b3-47fc66311932", "user-data-update-source": "SyncDeploymentUserData", "user-data-version": 1, "timestamp": "2025-03-19T15:38:50.306Z", "logging-call-at": "/Users/shivamsaraf/Desktop/work/temporal/common/log/with_logger.go:66"}
2025-03-19T11:38:50.409-0400	debug	user data changed while blocked in long poll	{"host": "127.0.0.1:63279", "component": "matching-engine", "wf-task-queue-name": "rrentVersion_Batching-564e9892_task_queue_26", "wf-task-queue-type": "Workflow", "wf-namespace": "namespace-ec265ab4-426c-4316-a4b3-47fc66311932", "logging-call-at": "/Users/shivamsaraf/Desktop/work/temporal/common/log/with_logger.go:61"}
2025-03-19T11:38:50.409-0400	debug	user data changed while blocked in long poll	{"host": "127.0.0.1:63279", "component": "matching-engine", "wf-task-queue-name": "rrentVersion_Batching-564e9892_task_queue_26", "wf-task-queue-type": "Workflow", "wf-namespace": "namespace-ec265ab4-426c-4316-a4b3-47fc66311932", "logging-call-at": "/Users/shivamsaraf/Desktop/work/temporal/common/log/with_logger.go:61"}
2025-03-19T11:38:50.409-0400	debug	user data changed while blocked in long poll	{"host": "127.0.0.1:63279", "component": "matching-engine", "wf-task-queue-name": "rrentVersion_Batching-564e9892_task_queue_26", "wf-task-queue-type": "Workflow", "wf-namespace": "namespace-ec265ab4-426c-4316-a4b3-47fc66311932", "logging-call-at": "/Users/shivamsaraf/Desktop/work/temporal/common/log/with_logger.go:61"}
2025-03-19T11:38:50.409-0400	info	returning user data	{"host": "127.0.0.1:63279", "component": "matching-engine", "wf-task-queue-name": "rrentVersion_Batching-564e9892_task_queue_26", "wf-task-queue-type": "Workflow", "wf-namespace": "namespace-ec265ab4-426c-4316-a4b3-47fc66311932", "long-poll": true, "request-known-version": 0, "user-data-version": 1, "logging-call-at": "/Users/shivamsaraf/Desktop/work/temporal/common/log/with_logger.go:66"}
2025-03-19T11:38:50.409-0400	info	returning user data	{"host": "127.0.0.1:63279", "component": "matching-engine", "wf-task-queue-name": "rrentVersion_Batching-564e9892_task_queue_26", "wf-task-queue-type": "Workflow", "wf-namespace": "namespace-ec265ab4-426c-4316-a4b3-47fc66311932", "long-poll": true, "request-known-version": 0, "user-data-version": 1, "logging-call-at": "/Users/shivamsaraf/Desktop/work/temporal/common/log/with_logger.go:66"}
2025-03-19T11:38:50.409-0400	info	returning user data	{"host": "127.0.0.1:63279", "component": "matching-engine", "wf-task-queue-name": "rrentVersion_Batching-564e9892_task_queue_26", "wf-task-queue-type": "Workflow", "wf-namespace": "namespace-ec265ab4-426c-4316-a4b3-47fc66311932", "long-poll": true, "request-known-version": 0, "user-data-version": 1, "logging-call-at": "/Users/shivamsaraf/Desktop/work/temporal/common/log/with_logger.go:66"}
2025-03-19T11:38:50.409-0400	debug	Frontend method invoked.	{"host": "127.0.0.1:63278", "wf-namespace": "namespace-ec265ab4-426c-4316-a4b3-47fc66311932", "operation": "RespondActivityTaskCompleted", "server-name": "", "cert-thumbprint": "", "logging-call-at": "/Users/shivamsaraf/Desktop/work/temporal/common/log/with_logger.go:61"}
2025-03-19T11:38:50.409-0400	info	fetched user data from parent	{"host": "127.0.0.1:63279", "component": "matching-engine", "wf-task-queue-name": "/_sys/rrentVersion_Batching-564e9892_task_queue_26/3", "wf-task-queue-type": "Workflow", "wf-namespace": "namespace-ec265ab4-426c-4316-a4b3-47fc66311932", "user-data-version": 1, "timestamp": "2025-03-19T15:38:50.306Z", "logging-call-at": "/Users/shivamsaraf/Desktop/work/temporal/common/log/with_logger.go:66"}
2025-03-19T11:38:50.409-0400	info	fetched user data from parent	{"host": "127.0.0.1:63279", "component": "matching-engine", "wf-task-queue-name": "/_sys/rrentVersion_Batching-564e9892_task_queue_26/2", "wf-task-queue-type": "Workflow", "wf-namespace": "namespace-ec265ab4-426c-4316-a4b3-47fc66311932", "user-data-version": 1, "timestamp": "2025-03-19T15:38:50.306Z", "logging-call-at": "/Users/shivamsaraf/Desktop/work/temporal/common/log/with_logger.go:66"}
2025-03-19T11:38:50.409-0400	info	fetched user data from parent	{"host": "127.0.0.1:63279", "component": "matching-engine", "wf-task-queue-name": "/_sys/rrentVersion_Batching-564e9892_task_queue_26/1", "wf-task-queue-type": "Workflow", "wf-namespace": "namespace-ec265ab4-426c-4316-a4b3-47fc66311932", "user-data-version": 1, "timestamp": "2025-03-19T15:38:50.306Z", "logging-call-at": "/Users/shivamsaraf/Desktop/work/temporal/common/log/with_logger.go:66"}
2025-03-19T11:38:50.410-0400	debug	Workflow task updated	{"host": "127.0.0.1:63280", "shard-id": 4, "address": "127.0.0.1:63280", "wf-scheduled-event-id": 562, "wf-started-event-id": 0, "workflow-task-request-id": "emptyUuid", "workflow-task-timeout": 10, "attempt": 1, "wf-started-timestamp": "0001-01-01T00:00:00.000Z", "wt-type": "Normal", "logging-call-at": "/Users/shivamsaraf/Desktop/work/temporal/common/log/with_logger.go:61"}
2025-03-19T11:38:50.410-0400	debug	Assigning new task key	{"host": "127.0.0.1:63280", "shard-id": 4, "address": "127.0.0.1:63280", "wf-namespace-id": "d0b550e3-6091-4a9b-a9aa-3d80ffb24954", "wf-id": "temporal-sys-worker-deployment-version:rrentVersion_Batching-564e9892_deployment_series.rrentVersion_Batching-564e9892_build_id", "wf-run-id": "0195af0e-98a0-7d94-93e5-2a1d2e5942f8", "queue-task-type": "WorkflowTaskTimeout", "queue-task-id": 1050024, "timestamp": "2025-03-19T15:38:55.411Z", "cursor-timestamp": "2025-03-19T15:38:51.326Z", "logging-call-at": "/Users/shivamsaraf/Desktop/work/temporal/common/log/with_logger.go:61"}
2025-03-19T11:38:50.410-0400	debug	Assigning new task key	{"host": "127.0.0.1:63280", "shard-id": 4, "address": "127.0.0.1:63280", "wf-namespace-id": "d0b550e3-6091-4a9b-a9aa-3d80ffb24954", "wf-id": "temporal-sys-worker-deployment-version:rrentVersion_Batching-564e9892_deployment_series.rrentVersion_Batching-564e9892_build_id", "wf-run-id": "0195af0e-98a0-7d94-93e5-2a1d2e5942f8", "queue-task-type": "TransferWorkflowTask", "queue-task-id": 1050025, "timestamp": "2025-03-19T15:38:50.410Z", "cursor-timestamp": "2025-03-19T15:38:51.326Z", "logging-call-at": "/Users/shivamsaraf/Desktop/work/temporal/common/log/with_logger.go:61"}
2025-03-19T11:38:50.416-0400	debug	Process task as active.	{"host": "127.0.0.1:63280", "shard-id": 4, "address": "127.0.0.1:63280", "component": "transfer-queue-processor", "wf-namespace-id": "d0b550e3-6091-4a9b-a9aa-3d80ffb24954", "value": "d0b550e3-6091-4a9b-a9aa-3d80ffb24954/temporal-sys-worker-deployment-version:rrentVersion_Batching-564e9892_deployment_series.rrentVersion_Batching-564e9892_build_id/0195af0e-98a0-7d94-93e5-2a1d2e5942f8", "logging-call-at": "/Users/shivamsaraf/Desktop/work/temporal/common/log/with_logger.go:61"}
2025-03-19T11:38:50.417-0400	debug	Workflow task updated	{"host": "127.0.0.1:63280", "shard-id": 4, "address": "127.0.0.1:63280", "wf-scheduled-event-id": 562, "wf-started-event-id": 563, "workflow-task-request-id": "12928137-bd07-403e-b312-d2cd053a398c", "workflow-task-timeout": 10, "attempt": 1, "wf-started-timestamp": "2025-03-19T15:38:50.417Z", "wt-type": "Normal", "logging-call-at": "/Users/shivamsaraf/Desktop/work/temporal/common/log/with_logger.go:61"}
2025-03-19T11:38:50.417-0400	debug	Assigning new task key	{"host": "127.0.0.1:63280", "shard-id": 4, "address": "127.0.0.1:63280", "wf-namespace-id": "d0b550e3-6091-4a9b-a9aa-3d80ffb24954", "wf-id": "temporal-sys-worker-deployment-version:rrentVersion_Batching-564e9892_deployment_series.rrentVersion_Batching-564e9892_build_id", "wf-run-id": "0195af0e-98a0-7d94-93e5-2a1d2e5942f8", "queue-task-type": "WorkflowTaskTimeout", "queue-task-id": 1050028, "timestamp": "2025-03-19T15:39:00.418Z", "cursor-timestamp": "2025-03-19T15:38:51.415Z", "logging-call-at": "/Users/shivamsaraf/Desktop/work/temporal/common/log/with_logger.go:61"}
2025-03-19T11:38:50.427-0400	debug	ExecuteActivity	{"host": "127.0.0.1:63281", "Namespace": "namespace-ec265ab4-426c-4316-a4b3-47fc66311932", "TaskQueue": "temporal-sys-per-ns-tq", "WorkerID": "temporal-system@Shivams-MacBook-Pro.local@namespace-ec265ab4-426c-4316-a4b3-47fc66311932", "WorkflowType": "temporal-sys-worker-deployment-version-workflow", "WorkflowID": "temporal-sys-worker-deployment-version:rrentVersion_Batching-564e9892_deployment_series.rrentVersion_Batching-564e9892_build_id", "RunID": "0195af0e-98a0-7d94-93e5-2a1d2e5942f8", "Attempt": 0, "ActivityID": "565", "ActivityType": "CheckWorkerDeploymentUserDataPropagation", "logging-call-at": "/Users/shivamsaraf/Desktop/work/temporal/common/log/with_logger.go:61"}
2025-03-19T11:38:50.427-0400	debug	Frontend method invoked.	{"host": "127.0.0.1:63278", "wf-namespace": "namespace-ec265ab4-426c-4316-a4b3-47fc66311932", "operation": "PollWorkflowTaskQueue", "server-name": "", "cert-thumbprint": "", "logging-call-at": "/Users/shivamsaraf/Desktop/work/temporal/common/log/with_logger.go:61"}
2025-03-19T11:38:50.427-0400	debug	Received PollWorkflowTaskQueue	{"host": "127.0.0.1:63278", "service": "frontend", "logging-call-at": "/Users/shivamsaraf/Desktop/work/temporal/common/log/with_logger.go:61"}
2025-03-19T11:38:50.427-0400	debug	Poll workflow task queue.	{"host": "127.0.0.1:63278", "service": "frontend", "wf-namespace": "namespace-ec265ab4-426c-4316-a4b3-47fc66311932", "wf-namespace-id": "d0b550e3-6091-4a9b-a9aa-3d80ffb24954", "logging-call-at": "/Users/shivamsaraf/Desktop/work/temporal/common/log/with_logger.go:61"}
2025-03-19T11:38:50.427-0400	debug	Frontend method invoked.	{"host": "127.0.0.1:63278", "wf-namespace": "namespace-ec265ab4-426c-4316-a4b3-47fc66311932", "operation": "RespondWorkflowTaskCompleted", "server-name": "", "cert-thumbprint": "", "logging-call-at": "/Users/shivamsaraf/Desktop/work/temporal/common/log/with_logger.go:61"}
2025-03-19T11:38:50.428-0400	debug	RespondWorkflowTaskCompleted	{"host": "127.0.0.1:63280", "service": "history", "wf-namespace-id": "d0b550e3-6091-4a9b-a9aa-3d80ffb24954", "wf-id": "temporal-sys-worker-deployment-version:rrentVersion_Batching-564e9892_deployment_series.rrentVersion_Batching-564e9892_build_id", "wf-run-id": "0195af0e-98a0-7d94-93e5-2a1d2e5942f8", "wf-scheduled-event-id": 562, "logging-call-at": "/Users/shivamsaraf/Desktop/work/temporal/common/log/with_logger.go:61"}
2025-03-19T11:38:50.428-0400	debug	Workflow task updated	{"host": "127.0.0.1:63280", "shard-id": 4, "address": "127.0.0.1:63280", "wf-scheduled-event-id": 0, "wf-started-event-id": 0, "workflow-task-request-id": "emptyUuid", "workflow-task-timeout": 0, "attempt": 1, "wf-started-timestamp": "1970-01-01T00:00:00.000Z", "wt-type": "Unspecified", "logging-call-at": "/Users/shivamsaraf/Desktop/work/temporal/common/log/with_logger.go:61"}
2025-03-19T11:38:50.428-0400	debug	Assigning new task key	{"host": "127.0.0.1:63280", "shard-id": 4, "address": "127.0.0.1:63280", "wf-namespace-id": "d0b550e3-6091-4a9b-a9aa-3d80ffb24954", "wf-id": "temporal-sys-worker-deployment-version:rrentVersion_Batching-564e9892_deployment_series.rrentVersion_Batching-564e9892_build_id", "wf-run-id": "0195af0e-98a0-7d94-93e5-2a1d2e5942f8", "queue-task-type": "TransferActivityTask", "queue-task-id": 1050033, "timestamp": "2025-03-19T15:38:50.428Z", "cursor-timestamp": "2025-03-19T15:38:51.415Z", "logging-call-at": "/Users/shivamsaraf/Desktop/work/temporal/common/log/with_logger.go:61"}
2025-03-19T11:38:50.433-0400	debug	Process task as active.	{"host": "127.0.0.1:63280", "shard-id": 4, "address": "127.0.0.1:63280", "component": "transfer-queue-processor", "wf-namespace-id": "d0b550e3-6091-4a9b-a9aa-3d80ffb24954", "value": "d0b550e3-6091-4a9b-a9aa-3d80ffb24954/temporal-sys-worker-deployment-version:rrentVersion_Batching-564e9892_deployment_series.rrentVersion_Batching-564e9892_build_id/0195af0e-98a0-7d94-93e5-2a1d2e5942f8", "logging-call-at": "/Users/shivamsaraf/Desktop/work/temporal/common/log/with_logger.go:61"}
2025-03-19T11:38:50.434-0400	debug	Assigning new task key	{"host": "127.0.0.1:63280", "shard-id": 4, "address": "127.0.0.1:63280", "wf-namespace-id": "d0b550e3-6091-4a9b-a9aa-3d80ffb24954", "wf-id": "temporal-sys-worker-deployment-version:rrentVersion_Batching-564e9892_deployment_series.rrentVersion_Batching-564e9892_build_id", "wf-run-id": "0195af0e-98a0-7d94-93e5-2a1d2e5942f8", "queue-task-type": "ActivityTimeout", "queue-task-id": 1050034, "timestamp": "2025-03-19T15:39:50.435Z", "cursor-timestamp": "2025-03-19T15:38:51.432Z", "logging-call-at": "/Users/shivamsaraf/Desktop/work/temporal/common/log/with_logger.go:61"}
2025-03-19T11:38:50.438-0400	info	waiting for userdata propagation	{"host": "127.0.0.1:63281", "Namespace": "namespace-ec265ab4-426c-4316-a4b3-47fc66311932", "TaskQueue": "temporal-sys-per-ns-tq", "WorkerID": "temporal-system@Shivams-MacBook-Pro.local@namespace-ec265ab4-426c-4316-a4b3-47fc66311932", "ActivityID": "565", "ActivityType": "CheckWorkerDeploymentUserDataPropagation", "Attempt": 1, "WorkflowType": "temporal-sys-worker-deployment-version-workflow", "WorkflowID": "temporal-sys-worker-deployment-version:rrentVersion_Batching-564e9892_deployment_series.rrentVersion_Batching-564e9892_build_id", "RunID": "0195af0e-98a0-7d94-93e5-2a1d2e5942f8", "taskQueue": "rrentVersion_Batching-564e9892_task_queue_26", "version": 1, "logging-call-at": "/Users/shivamsaraf/Desktop/work/temporal/common/log/with_logger.go:66"}
2025-03-19T11:38:50.438-0400	debug	Frontend method invoked.	{"host": "127.0.0.1:63278", "wf-namespace": "namespace-ec265ab4-426c-4316-a4b3-47fc66311932", "operation": "PollActivityTaskQueue", "server-name": "", "cert-thumbprint": "", "logging-call-at": "/Users/shivamsaraf/Desktop/work/temporal/common/log/with_logger.go:61"}
2025-03-19T11:38:50.438-0400	debug	Received PollActivityTaskQueue	{"host": "127.0.0.1:63278", "service": "frontend", "logging-call-at": "/Users/shivamsaraf/Desktop/work/temporal/common/log/with_logger.go:61"}
2025-03-19T11:38:50.439-0400	info	returning user data	{"host": "127.0.0.1:63279", "component": "matching-engine", "wf-task-queue-name": "/_sys/rrentVersion_Batching-564e9892_task_queue_26/1", "wf-task-queue-type": "Workflow", "wf-namespace": "namespace-ec265ab4-426c-4316-a4b3-47fc66311932", "long-poll": true, "request-known-version": 0, "user-data-version": 1, "logging-call-at": "/Users/shivamsaraf/Desktop/work/temporal/common/log/with_logger.go:66"}
2025-03-19T11:38:50.439-0400	info	returning user data	{"host": "127.0.0.1:63279", "component": "matching-engine", "wf-task-queue-name": "/_sys/rrentVersion_Batching-564e9892_task_queue_26/2", "wf-task-queue-type": "Workflow", "wf-namespace": "namespace-ec265ab4-426c-4316-a4b3-47fc66311932", "long-poll": true, "request-known-version": 0, "user-data-version": 1, "logging-call-at": "/Users/shivamsaraf/Desktop/work/temporal/common/log/with_logger.go:66"}
2025-03-19T11:38:50.439-0400	info	returning user data	{"host": "127.0.0.1:63279", "component": "matching-engine", "wf-task-queue-name": "/_sys/rrentVersion_Batching-564e9892_task_queue_26/3", "wf-task-queue-type": "Workflow", "wf-namespace": "namespace-ec265ab4-426c-4316-a4b3-47fc66311932", "long-poll": true, "request-known-version": 0, "user-data-version": 1, "logging-call-at": "/Users/shivamsaraf/Desktop/work/temporal/common/log/with_logger.go:66"}
2025-03-19T11:38:50.439-0400	info	matching client encountered error	{"host": "127.0.0.1:63279", "error": "partition was not loaded", "service-error-type": "serviceerror.FailedPrecondition", "logging-call-at": "/Users/shivamsaraf/Desktop/work/temporal/common/log/with_logger.go:66"}
2025-03-19T11:38:50.439-0400	info	matching client encountered error	{"host": "127.0.0.1:63279", "error": "partition was not loaded", "service-error-type": "serviceerror.FailedPrecondition", "logging-call-at": "/Users/shivamsaraf/Desktop/work/temporal/common/log/with_logger.go:66"}
2025-03-19T11:38:50.439-0400	info	matching client encountered error	{"host": "127.0.0.1:63279", "error": "partition was not loaded", "service-error-type": "serviceerror.FailedPrecondition", "logging-call-at": "/Users/shivamsaraf/Desktop/work/temporal/common/log/with_logger.go:66"}
2025-03-19T11:38:50.439-0400	info	matching client encountered error	{"host": "127.0.0.1:63279", "error": "partition was not loaded", "service-error-type": "serviceerror.FailedPrecondition", "logging-call-at": "/Users/shivamsaraf/Desktop/work/temporal/common/log/with_logger.go:66"}
2025-03-19T11:38:50.440-0400	debug	Frontend method invoked.	{"host": "127.0.0.1:63278", "wf-namespace": "namespace-ec265ab4-426c-4316-a4b3-47fc66311932", "operation": "RespondActivityTaskCompleted", "server-name": "", "cert-thumbprint": "", "logging-call-at": "/Users/shivamsaraf/Desktop/work/temporal/common/log/with_logger.go:61"}
2025-03-19T11:38:50.440-0400	debug	Workflow task updated	{"host": "127.0.0.1:63280", "shard-id": 4, "address": "127.0.0.1:63280", "wf-scheduled-event-id": 568, "wf-started-event-id": 0, "workflow-task-request-id": "emptyUuid", "workflow-task-timeout": 10, "attempt": 1, "wf-started-timestamp": "0001-01-01T00:00:00.000Z", "wt-type": "Normal", "logging-call-at": "/Users/shivamsaraf/Desktop/work/temporal/common/log/with_logger.go:61"}
2025-03-19T11:38:50.440-0400	debug	Assigning new task key	{"host": "127.0.0.1:63280", "shard-id": 4, "address": "127.0.0.1:63280", "wf-namespace-id": "d0b550e3-6091-4a9b-a9aa-3d80ffb24954", "wf-id": "temporal-sys-worker-deployment-version:rrentVersion_Batching-564e9892_deployment_series.rrentVersion_Batching-564e9892_build_id", "wf-run-id": "0195af0e-98a0-7d94-93e5-2a1d2e5942f8", "queue-task-type": "WorkflowTaskTimeout", "queue-task-id": 1050040, "timestamp": "2025-03-19T15:38:55.441Z", "cursor-timestamp": "2025-03-19T15:38:51.432Z", "logging-call-at": "/Users/shivamsaraf/Desktop/work/temporal/common/log/with_logger.go:61"}
2025-03-19T11:38:50.440-0400	debug	Assigning new task key	{"host": "127.0.0.1:63280", "shard-id": 4, "address": "127.0.0.1:63280", "wf-namespace-id": "d0b550e3-6091-4a9b-a9aa-3d80ffb24954", "wf-id": "temporal-sys-worker-deployment-version:rrentVersion_Batching-564e9892_deployment_series.rrentVersion_Batching-564e9892_build_id", "wf-run-id": "0195af0e-98a0-7d94-93e5-2a1d2e5942f8", "queue-task-type": "TransferWorkflowTask", "queue-task-id": 1050041, "timestamp": "2025-03-19T15:38:50.440Z", "cursor-timestamp": "2025-03-19T15:38:51.432Z", "logging-call-at": "/Users/shivamsaraf/Desktop/work/temporal/common/log/with_logger.go:61"}
2025-03-19T11:38:50.445-0400	debug	Process task as active.	{"host": "127.0.0.1:63280", "shard-id": 4, "address": "127.0.0.1:63280", "component": "transfer-queue-processor", "wf-namespace-id": "d0b550e3-6091-4a9b-a9aa-3d80ffb24954", "value": "d0b550e3-6091-4a9b-a9aa-3d80ffb24954/temporal-sys-worker-deployment-version:rrentVersion_Batching-564e9892_deployment_series.rrentVersion_Batching-564e9892_build_id/0195af0e-98a0-7d94-93e5-2a1d2e5942f8", "logging-call-at": "/Users/shivamsaraf/Desktop/work/temporal/common/log/with_logger.go:61"}
2025-03-19T11:38:50.445-0400	debug	Workflow task updated	{"host": "127.0.0.1:63280", "shard-id": 4, "address": "127.0.0.1:63280", "wf-scheduled-event-id": 568, "wf-started-event-id": 569, "workflow-task-request-id": "344ee00d-2572-43c2-9030-12f9a97feb0c", "workflow-task-timeout": 10, "attempt": 1, "wf-started-timestamp": "2025-03-19T15:38:50.445Z", "wt-type": "Normal", "logging-call-at": "/Users/shivamsaraf/Desktop/work/temporal/common/log/with_logger.go:61"}
2025-03-19T11:38:50.445-0400	debug	Assigning new task key	{"host": "127.0.0.1:63280", "shard-id": 4, "address": "127.0.0.1:63280", "wf-namespace-id": "d0b550e3-6091-4a9b-a9aa-3d80ffb24954", "wf-id": "temporal-sys-worker-deployment-version:rrentVersion_Batching-564e9892_deployment_series.rrentVersion_Batching-564e9892_build_id", "wf-run-id": "0195af0e-98a0-7d94-93e5-2a1d2e5942f8", "queue-task-type": "WorkflowTaskTimeout", "queue-task-id": 1050044, "timestamp": "2025-03-19T15:39:00.446Z", "cursor-timestamp": "2025-03-19T15:38:51.444Z", "logging-call-at": "/Users/shivamsaraf/Desktop/work/temporal/common/log/with_logger.go:61"}
2025-03-19T11:38:50.453-0400	debug	Frontend method invoked.	{"host": "127.0.0.1:63278", "wf-namespace": "namespace-ec265ab4-426c-4316-a4b3-47fc66311932", "operation": "PollWorkflowTaskQueue", "server-name": "", "cert-thumbprint": "", "logging-call-at": "/Users/shivamsaraf/Desktop/work/temporal/common/log/with_logger.go:61"}
2025-03-19T11:38:50.453-0400	debug	Received PollWorkflowTaskQueue	{"host": "127.0.0.1:63278", "service": "frontend", "logging-call-at": "/Users/shivamsaraf/Desktop/work/temporal/common/log/with_logger.go:61"}
2025-03-19T11:38:50.453-0400	debug	Poll workflow task queue.	{"host": "127.0.0.1:63278", "service": "frontend", "wf-namespace": "namespace-ec265ab4-426c-4316-a4b3-47fc66311932", "wf-namespace-id": "d0b550e3-6091-4a9b-a9aa-3d80ffb24954", "logging-call-at": "/Users/shivamsaraf/Desktop/work/temporal/common/log/with_logger.go:61"}
2025-03-19T11:38:50.453-0400	debug	Frontend method invoked.	{"host": "127.0.0.1:63278", "wf-namespace": "namespace-ec265ab4-426c-4316-a4b3-47fc66311932", "operation": "RespondWorkflowTaskCompleted", "server-name": "", "cert-thumbprint": "", "logging-call-at": "/Users/shivamsaraf/Desktop/work/temporal/common/log/with_logger.go:61"}
2025-03-19T11:38:50.454-0400	debug	RespondWorkflowTaskCompleted	{"host": "127.0.0.1:63280", "service": "history", "wf-namespace-id": "d0b550e3-6091-4a9b-a9aa-3d80ffb24954", "wf-id": "temporal-sys-worker-deployment-version:rrentVersion_Batching-564e9892_deployment_series.rrentVersion_Batching-564e9892_build_id", "wf-run-id": "0195af0e-98a0-7d94-93e5-2a1d2e5942f8", "wf-scheduled-event-id": 568, "logging-call-at": "/Users/shivamsaraf/Desktop/work/temporal/common/log/with_logger.go:61"}
2025-03-19T11:38:50.454-0400	debug	Workflow task updated	{"host": "127.0.0.1:63280", "shard-id": 4, "address": "127.0.0.1:63280", "wf-scheduled-event-id": 0, "wf-started-event-id": 0, "workflow-task-request-id": "emptyUuid", "workflow-task-timeout": 0, "attempt": 1, "wf-started-timestamp": "1970-01-01T00:00:00.000Z", "wt-type": "Unspecified", "logging-call-at": "/Users/shivamsaraf/Desktop/work/temporal/common/log/with_logger.go:61"}
2025-03-19T11:38:50.454-0400	debug	update state change	{"host": "127.0.0.1:63280", "shard-id": 4, "address": "127.0.0.1:63280", "wf-namespace-id": "d0b550e3-6091-4a9b-a9aa-3d80ffb24954", "wf-id": "temporal-sys-worker-deployment-version:rrentVersion_Batching-564e9892_deployment_series.rrentVersion_Batching-564e9892_build_id", "wf-run-id": "0195af0e-98a0-7d94-93e5-2a1d2e5942f8", "update-id": "c7fb4b1c-f1aa-4e6d-8f7a-742432e5c305", "from-state": "Accepted", "to-state": "ProvisionallyCompleted", "logging-call-at": "/Users/shivamsaraf/Desktop/work/temporal/common/log/with_logger.go:61"}
2025-03-19T11:38:50.456-0400	debug	update state change	{"host": "127.0.0.1:63280", "shard-id": 4, "address": "127.0.0.1:63280", "wf-namespace-id": "d0b550e3-6091-4a9b-a9aa-3d80ffb24954", "wf-id": "temporal-sys-worker-deployment-version:rrentVersion_Batching-564e9892_deployment_series.rrentVersion_Batching-564e9892_build_id", "wf-run-id": "0195af0e-98a0-7d94-93e5-2a1d2e5942f8", "update-id": "c7fb4b1c-f1aa-4e6d-8f7a-742432e5c305", "from-state": "ProvisionallyCompleted", "to-state": "Completed", "logging-call-at": "/Users/shivamsaraf/Desktop/work/temporal/common/log/with_logger.go:61"}
2025-03-19T11:38:50.457-0400	debug	Frontend method invoked.	{"host": "127.0.0.1:63278", "wf-namespace": "namespace-ec265ab4-426c-4316-a4b3-47fc66311932", "operation": "RespondActivityTaskCompleted", "server-name": "", "cert-thumbprint": "", "logging-call-at": "/Users/shivamsaraf/Desktop/work/temporal/common/log/with_logger.go:61"}
2025-03-19T11:38:50.458-0400	debug	Workflow task updated	{"host": "127.0.0.1:63280", "shard-id": 1, "address": "127.0.0.1:63280", "wf-scheduled-event-id": 284, "wf-started-event-id": 0, "workflow-task-request-id": "emptyUuid", "workflow-task-timeout": 10, "attempt": 1, "wf-started-timestamp": "0001-01-01T00:00:00.000Z", "wt-type": "Normal", "logging-call-at": "/Users/shivamsaraf/Desktop/work/temporal/common/log/with_logger.go:61"}
2025-03-19T11:38:50.458-0400	debug	Assigning new task key	{"host": "127.0.0.1:63280", "shard-id": 1, "address": "127.0.0.1:63280", "wf-namespace-id": "d0b550e3-6091-4a9b-a9aa-3d80ffb24954", "wf-id": "temporal-sys-worker-deployment:rrentVersion_Batching-564e9892_deployment_series", "wf-run-id": "0195af0e-960d-715f-b6c6-08dcdf4b78ec", "queue-task-type": "WorkflowTaskTimeout", "queue-task-id": 1049240, "timestamp": "2025-03-19T15:38:55.459Z", "cursor-timestamp": "2025-03-19T15:38:51.284Z", "logging-call-at": "/Users/shivamsaraf/Desktop/work/temporal/common/log/with_logger.go:61"}
2025-03-19T11:38:50.458-0400	debug	Assigning new task key	{"host": "127.0.0.1:63280", "shard-id": 1, "address": "127.0.0.1:63280", "wf-namespace-id": "d0b550e3-6091-4a9b-a9aa-3d80ffb24954", "wf-id": "temporal-sys-worker-deployment:rrentVersion_Batching-564e9892_deployment_series", "wf-run-id": "0195af0e-960d-715f-b6c6-08dcdf4b78ec", "queue-task-type": "TransferWorkflowTask", "queue-task-id": 1049241, "timestamp": "2025-03-19T15:38:50.458Z", "cursor-timestamp": "2025-03-19T15:38:51.284Z", "logging-call-at": "/Users/shivamsaraf/Desktop/work/temporal/common/log/with_logger.go:61"}
2025-03-19T11:38:50.462-0400	debug	Process task as active.	{"host": "127.0.0.1:63280", "shard-id": 1, "address": "127.0.0.1:63280", "component": "transfer-queue-processor", "wf-namespace-id": "d0b550e3-6091-4a9b-a9aa-3d80ffb24954", "value": "d0b550e3-6091-4a9b-a9aa-3d80ffb24954/temporal-sys-worker-deployment:rrentVersion_Batching-564e9892_deployment_series/0195af0e-960d-715f-b6c6-08dcdf4b78ec", "logging-call-at": "/Users/shivamsaraf/Desktop/work/temporal/common/log/with_logger.go:61"}
2025-03-19T11:38:50.463-0400	debug	Workflow task updated	{"host": "127.0.0.1:63280", "shard-id": 1, "address": "127.0.0.1:63280", "wf-scheduled-event-id": 284, "wf-started-event-id": 285, "workflow-task-request-id": "fd148ede-ebdd-4603-bbb6-f854dc70eadb", "workflow-task-timeout": 10, "attempt": 1, "wf-started-timestamp": "2025-03-19T15:38:50.463Z", "wt-type": "Normal", "logging-call-at": "/Users/shivamsaraf/Desktop/work/temporal/common/log/with_logger.go:61"}
2025-03-19T11:38:50.463-0400	debug	Assigning new task key	{"host": "127.0.0.1:63280", "shard-id": 1, "address": "127.0.0.1:63280", "wf-namespace-id": "d0b550e3-6091-4a9b-a9aa-3d80ffb24954", "wf-id": "temporal-sys-worker-deployment:rrentVersion_Batching-564e9892_deployment_series", "wf-run-id": "0195af0e-960d-715f-b6c6-08dcdf4b78ec", "queue-task-type": "WorkflowTaskTimeout", "queue-task-id": 1049244, "timestamp": "2025-03-19T15:39:00.464Z", "cursor-timestamp": "2025-03-19T15:38:51.461Z", "logging-call-at": "/Users/shivamsaraf/Desktop/work/temporal/common/log/with_logger.go:61"}
2025-03-19T11:38:50.469-0400	debug	ExecuteActivity	{"host": "127.0.0.1:63281", "Namespace": "namespace-ec265ab4-426c-4316-a4b3-47fc66311932", "TaskQueue": "temporal-sys-per-ns-tq", "WorkerID": "temporal-system@Shivams-MacBook-Pro.local@namespace-ec265ab4-426c-4316-a4b3-47fc66311932", "WorkflowType": "temporal-sys-worker-deployment-workflow", "WorkflowID": "temporal-sys-worker-deployment:rrentVersion_Batching-564e9892_deployment_series", "RunID": "0195af0e-960d-715f-b6c6-08dcdf4b78ec", "Attempt": 0, "ActivityID": "288", "ActivityType": "RegisterWorkerInVersion", "logging-call-at": "/Users/shivamsaraf/Desktop/work/temporal/common/log/with_logger.go:61"}
2025-03-19T11:38:50.469-0400	debug	Frontend method invoked.	{"host": "127.0.0.1:63278", "wf-namespace": "namespace-ec265ab4-426c-4316-a4b3-47fc66311932", "operation": "PollWorkflowTaskQueue", "server-name": "", "cert-thumbprint": "", "logging-call-at": "/Users/shivamsaraf/Desktop/work/temporal/common/log/with_logger.go:61"}
2025-03-19T11:38:50.469-0400	debug	Received PollWorkflowTaskQueue	{"host": "127.0.0.1:63278", "service": "frontend", "logging-call-at": "/Users/shivamsaraf/Desktop/work/temporal/common/log/with_logger.go:61"}
2025-03-19T11:38:50.469-0400	debug	Poll workflow task queue.	{"host": "127.0.0.1:63278", "service": "frontend", "wf-namespace": "namespace-ec265ab4-426c-4316-a4b3-47fc66311932", "wf-namespace-id": "d0b550e3-6091-4a9b-a9aa-3d80ffb24954", "logging-call-at": "/Users/shivamsaraf/Desktop/work/temporal/common/log/with_logger.go:61"}
2025-03-19T11:38:50.470-0400	debug	Frontend method invoked.	{"host": "127.0.0.1:63278", "wf-namespace": "namespace-ec265ab4-426c-4316-a4b3-47fc66311932", "operation": "RespondWorkflowTaskCompleted", "server-name": "", "cert-thumbprint": "", "logging-call-at": "/Users/shivamsaraf/Desktop/work/temporal/common/log/with_logger.go:61"}
2025-03-19T11:38:50.470-0400	debug	RespondWorkflowTaskCompleted	{"host": "127.0.0.1:63280", "service": "history", "wf-namespace-id": "d0b550e3-6091-4a9b-a9aa-3d80ffb24954", "wf-id": "temporal-sys-worker-deployment:rrentVersion_Batching-564e9892_deployment_series", "wf-run-id": "0195af0e-960d-715f-b6c6-08dcdf4b78ec", "wf-scheduled-event-id": 284, "logging-call-at": "/Users/shivamsaraf/Desktop/work/temporal/common/log/with_logger.go:61"}
2025-03-19T11:38:50.470-0400	debug	Workflow task updated	{"host": "127.0.0.1:63280", "shard-id": 1, "address": "127.0.0.1:63280", "wf-scheduled-event-id": 0, "wf-started-event-id": 0, "workflow-task-request-id": "emptyUuid", "workflow-task-timeout": 0, "attempt": 1, "wf-started-timestamp": "1970-01-01T00:00:00.000Z", "wt-type": "Unspecified", "logging-call-at": "/Users/shivamsaraf/Desktop/work/temporal/common/log/with_logger.go:61"}
2025-03-19T11:38:50.471-0400	debug	update state change	{"host": "127.0.0.1:63280", "shard-id": 1, "address": "127.0.0.1:63280", "wf-namespace-id": "d0b550e3-6091-4a9b-a9aa-3d80ffb24954", "wf-id": "temporal-sys-worker-deployment:rrentVersion_Batching-564e9892_deployment_series", "wf-run-id": "0195af0e-960d-715f-b6c6-08dcdf4b78ec", "update-id": "ace1d476-5d82-4241-9ec4-edab86299532", "from-state": "Accepted", "to-state": "ProvisionallyCompleted", "logging-call-at": "/Users/shivamsaraf/Desktop/work/temporal/common/log/with_logger.go:61"}
2025-03-19T11:38:50.471-0400	debug	Assigning new task key	{"host": "127.0.0.1:63280", "shard-id": 1, "address": "127.0.0.1:63280", "wf-namespace-id": "d0b550e3-6091-4a9b-a9aa-3d80ffb24954", "wf-id": "temporal-sys-worker-deployment:rrentVersion_Batching-564e9892_deployment_series", "wf-run-id": "0195af0e-960d-715f-b6c6-08dcdf4b78ec", "queue-task-type": "TransferActivityTask", "queue-task-id": 1049250, "timestamp": "2025-03-19T15:38:50.471Z", "cursor-timestamp": "2025-03-19T15:38:51.461Z", "logging-call-at": "/Users/shivamsaraf/Desktop/work/temporal/common/log/with_logger.go:61"}
2025-03-19T11:38:50.474-0400	debug	update state change	{"host": "127.0.0.1:63280", "shard-id": 1, "address": "127.0.0.1:63280", "wf-namespace-id": "d0b550e3-6091-4a9b-a9aa-3d80ffb24954", "wf-id": "temporal-sys-worker-deployment:rrentVersion_Batching-564e9892_deployment_series", "wf-run-id": "0195af0e-960d-715f-b6c6-08dcdf4b78ec", "update-id": "ace1d476-5d82-4241-9ec4-edab86299532", "from-state": "ProvisionallyCompleted", "to-state": "Completed", "logging-call-at": "/Users/shivamsaraf/Desktop/work/temporal/common/log/with_logger.go:61"}
2025-03-19T11:38:50.474-0400	debug	deployment client success	{"host": "127.0.0.1:63279", "operation": "RegisterTaskQueueWorker", "elapsed": 6.916458625, "args": ["rrentVersion_Batching-564e9892_task_queue_26",1,"matching service"], "logging-call-at": "/Users/shivamsaraf/Desktop/work/temporal/common/log/with_logger.go:61"}
2025-03-19T11:38:50.475-0400	debug	Process task as active.	{"host": "127.0.0.1:63280", "shard-id": 1, "address": "127.0.0.1:63280", "component": "transfer-queue-processor", "wf-namespace-id": "d0b550e3-6091-4a9b-a9aa-3d80ffb24954", "value": "d0b550e3-6091-4a9b-a9aa-3d80ffb24954/temporal-sys-worker-deployment:rrentVersion_Batching-564e9892_deployment_series/0195af0e-960d-715f-b6c6-08dcdf4b78ec", "logging-call-at": "/Users/shivamsaraf/Desktop/work/temporal/common/log/with_logger.go:61"}
2025-03-19T11:38:50.475-0400	info	Started physicalTaskQueueManager	{"host": "127.0.0.1:63279", "component": "matching-engine", "wf-task-queue-name": "rrentVersion_Batching-564e9892_task_queue_26", "wf-task-queue-type": "Workflow", "wf-namespace": "namespace-ec265ab4-426c-4316-a4b3-47fc66311932", "worker-build-id": "rrentVersion_Batching-564e9892_deployment_series/rrentVersion_Batching-564e9892_build_id", "lifecycle": "Started", "cause": "UserData", "logging-call-at": "/Users/shivamsaraf/Desktop/work/temporal/common/log/with_logger.go:66"}
2025-03-19T11:38:50.475-0400	debug	Assigning new task key	{"host": "127.0.0.1:63280", "shard-id": 1, "address": "127.0.0.1:63280", "wf-namespace-id": "d0b550e3-6091-4a9b-a9aa-3d80ffb24954", "wf-id": "temporal-sys-worker-deployment:rrentVersion_Batching-564e9892_deployment_series", "wf-run-id": "0195af0e-960d-715f-b6c6-08dcdf4b78ec", "queue-task-type": "ActivityTimeout", "queue-task-id": 1049252, "timestamp": "2025-03-19T15:39:50.476Z", "cursor-timestamp": "2025-03-19T15:38:51.474Z", "logging-call-at": "/Users/shivamsaraf/Desktop/work/temporal/common/log/with_logger.go:61"}
2025-03-19T11:38:50.479-0400	debug	Frontend method invoked.	{"host": "127.0.0.1:63278", "wf-namespace": "namespace-ec265ab4-426c-4316-a4b3-47fc66311932", "operation": "PollActivityTaskQueue", "server-name": "", "cert-thumbprint": "", "logging-call-at": "/Users/shivamsaraf/Desktop/work/temporal/common/log/with_logger.go:61"}
2025-03-19T11:38:50.480-0400	debug	Received PollActivityTaskQueue	{"host": "127.0.0.1:63278", "service": "frontend", "logging-call-at": "/Users/shivamsaraf/Desktop/work/temporal/common/log/with_logger.go:61"}
2025-03-19T11:38:50.480-0400	debug	update state change	{"host": "127.0.0.1:63280", "shard-id": 4, "address": "127.0.0.1:63280", "wf-namespace-id": "d0b550e3-6091-4a9b-a9aa-3d80ffb24954", "wf-id": "temporal-sys-worker-deployment-version:rrentVersion_Batching-564e9892_deployment_series.rrentVersion_Batching-564e9892_build_id", "wf-run-id": "0195af0e-98a0-7d94-93e5-2a1d2e5942f8", "update-id": "4c809c95-02b3-4037-8c27-672e6a3f019d", "from-state": "Created", "to-state": "ProvisionallyAdmitted", "logging-call-at": "/Users/shivamsaraf/Desktop/work/temporal/common/log/with_logger.go:61"}
2025-03-19T11:38:50.480-0400	debug	update state change	{"host": "127.0.0.1:63280", "shard-id": 4, "address": "127.0.0.1:63280", "wf-namespace-id": "d0b550e3-6091-4a9b-a9aa-3d80ffb24954", "wf-id": "temporal-sys-worker-deployment-version:rrentVersion_Batching-564e9892_deployment_series.rrentVersion_Batching-564e9892_build_id", "wf-run-id": "0195af0e-98a0-7d94-93e5-2a1d2e5942f8", "update-id": "4c809c95-02b3-4037-8c27-672e6a3f019d", "from-state": "ProvisionallyAdmitted", "to-state": "Admitted", "logging-call-at": "/Users/shivamsaraf/Desktop/work/temporal/common/log/with_logger.go:61"}
2025-03-19T11:38:50.480-0400	debug	Workflow task updated	{"host": "127.0.0.1:63280", "shard-id": 4, "address": "127.0.0.1:63280", "wf-scheduled-event-id": 572, "wf-started-event-id": 0, "workflow-task-request-id": "emptyUuid", "workflow-task-timeout": 10, "attempt": 1, "wf-started-timestamp": "0001-01-01T00:00:00.000Z", "wt-type": "Speculative", "logging-call-at": "/Users/shivamsaraf/Desktop/work/temporal/common/log/with_logger.go:61"}
2025-03-19T11:38:50.481-0400	debug	Workflow task updated	{"host": "127.0.0.1:63280", "shard-id": 4, "address": "127.0.0.1:63280", "wf-scheduled-event-id": 572, "wf-started-event-id": 573, "workflow-task-request-id": "15415c66-2f3f-412b-a52e-135d86c91abb", "workflow-task-timeout": 10, "attempt": 1, "wf-started-timestamp": "2025-03-19T15:38:50.481Z", "wt-type": "Speculative", "logging-call-at": "/Users/shivamsaraf/Desktop/work/temporal/common/log/with_logger.go:61"}
2025-03-19T11:38:50.481-0400	debug	update state change	{"host": "127.0.0.1:63280", "shard-id": 4, "address": "127.0.0.1:63280", "wf-namespace-id": "d0b550e3-6091-4a9b-a9aa-3d80ffb24954", "wf-id": "temporal-sys-worker-deployment-version:rrentVersion_Batching-564e9892_deployment_series.rrentVersion_Batching-564e9892_build_id", "wf-run-id": "0195af0e-98a0-7d94-93e5-2a1d2e5942f8", "update-id": "4c809c95-02b3-4037-8c27-672e6a3f019d", "from-state": "Admitted", "to-state": "Sent", "logging-call-at": "/Users/shivamsaraf/Desktop/work/temporal/common/log/with_logger.go:61"}
2025-03-19T11:38:50.486-0400	debug	Frontend method invoked.	{"host": "127.0.0.1:63278", "wf-namespace": "namespace-ec265ab4-426c-4316-a4b3-47fc66311932", "operation": "PollWorkflowTaskQueue", "server-name": "", "cert-thumbprint": "", "logging-call-at": "/Users/shivamsaraf/Desktop/work/temporal/common/log/with_logger.go:61"}
2025-03-19T11:38:50.486-0400	debug	ExecuteActivity	{"host": "127.0.0.1:63281", "Namespace": "namespace-ec265ab4-426c-4316-a4b3-47fc66311932", "TaskQueue": "temporal-sys-per-ns-tq", "WorkerID": "temporal-system@Shivams-MacBook-Pro.local@namespace-ec265ab4-426c-4316-a4b3-47fc66311932", "WorkflowType": "temporal-sys-worker-deployment-version-workflow", "WorkflowID": "temporal-sys-worker-deployment-version:rrentVersion_Batching-564e9892_deployment_series.rrentVersion_Batching-564e9892_build_id", "RunID": "0195af0e-98a0-7d94-93e5-2a1d2e5942f8", "Attempt": 0, "ActivityID": "576", "ActivityType": "SyncDeploymentVersionUserData", "logging-call-at": "/Users/shivamsaraf/Desktop/work/temporal/common/log/with_logger.go:61"}
2025-03-19T11:38:50.486-0400	debug	Received PollWorkflowTaskQueue	{"host": "127.0.0.1:63278", "service": "frontend", "logging-call-at": "/Users/shivamsaraf/Desktop/work/temporal/common/log/with_logger.go:61"}
2025-03-19T11:38:50.486-0400	debug	Poll workflow task queue.	{"host": "127.0.0.1:63278", "service": "frontend", "wf-namespace": "namespace-ec265ab4-426c-4316-a4b3-47fc66311932", "wf-namespace-id": "d0b550e3-6091-4a9b-a9aa-3d80ffb24954", "logging-call-at": "/Users/shivamsaraf/Desktop/work/temporal/common/log/with_logger.go:61"}
2025-03-19T11:38:50.486-0400	debug	Frontend method invoked.	{"host": "127.0.0.1:63278", "wf-namespace": "namespace-ec265ab4-426c-4316-a4b3-47fc66311932", "operation": "RespondWorkflowTaskCompleted", "server-name": "", "cert-thumbprint": "", "logging-call-at": "/Users/shivamsaraf/Desktop/work/temporal/common/log/with_logger.go:61"}
2025-03-19T11:38:50.487-0400	debug	RespondWorkflowTaskCompleted	{"host": "127.0.0.1:63280", "service": "history", "wf-namespace-id": "d0b550e3-6091-4a9b-a9aa-3d80ffb24954", "wf-id": "temporal-sys-worker-deployment-version:rrentVersion_Batching-564e9892_deployment_series.rrentVersion_Batching-564e9892_build_id", "wf-run-id": "0195af0e-98a0-7d94-93e5-2a1d2e5942f8", "wf-scheduled-event-id": 572, "logging-call-at": "/Users/shivamsaraf/Desktop/work/temporal/common/log/with_logger.go:61"}
2025-03-19T11:38:50.487-0400	debug	Workflow task updated	{"host": "127.0.0.1:63280", "shard-id": 4, "address": "127.0.0.1:63280", "wf-scheduled-event-id": 0, "wf-started-event-id": 0, "workflow-task-request-id": "emptyUuid", "workflow-task-timeout": 0, "attempt": 1, "wf-started-timestamp": "1970-01-01T00:00:00.000Z", "wt-type": "Unspecified", "logging-call-at": "/Users/shivamsaraf/Desktop/work/temporal/common/log/with_logger.go:61"}
2025-03-19T11:38:50.487-0400	debug	update state change	{"host": "127.0.0.1:63280", "shard-id": 4, "address": "127.0.0.1:63280", "wf-namespace-id": "d0b550e3-6091-4a9b-a9aa-3d80ffb24954", "wf-id": "temporal-sys-worker-deployment-version:rrentVersion_Batching-564e9892_deployment_series.rrentVersion_Batching-564e9892_build_id", "wf-run-id": "0195af0e-98a0-7d94-93e5-2a1d2e5942f8", "update-id": "4c809c95-02b3-4037-8c27-672e6a3f019d", "from-state": "Sent", "to-state": "ProvisionallyAccepted", "logging-call-at": "/Users/shivamsaraf/Desktop/work/temporal/common/log/with_logger.go:61"}
2025-03-19T11:38:50.487-0400	debug	Assigning new task key	{"host": "127.0.0.1:63280", "shard-id": 4, "address": "127.0.0.1:63280", "wf-namespace-id": "d0b550e3-6091-4a9b-a9aa-3d80ffb24954", "wf-id": "temporal-sys-worker-deployment-version:rrentVersion_Batching-564e9892_deployment_series.rrentVersion_Batching-564e9892_build_id", "wf-run-id": "0195af0e-98a0-7d94-93e5-2a1d2e5942f8", "queue-task-type": "TransferActivityTask", "queue-task-id": 1050061, "timestamp": "2025-03-19T15:38:50.487Z", "cursor-timestamp": "2025-03-19T15:38:51.444Z", "logging-call-at": "/Users/shivamsaraf/Desktop/work/temporal/common/log/with_logger.go:61"}
2025-03-19T11:38:50.491-0400	debug	update state change	{"host": "127.0.0.1:63280", "shard-id": 4, "address": "127.0.0.1:63280", "wf-namespace-id": "d0b550e3-6091-4a9b-a9aa-3d80ffb24954", "wf-id": "temporal-sys-worker-deployment-version:rrentVersion_Batching-564e9892_deployment_series.rrentVersion_Batching-564e9892_build_id", "wf-run-id": "0195af0e-98a0-7d94-93e5-2a1d2e5942f8", "update-id": "4c809c95-02b3-4037-8c27-672e6a3f019d", "from-state": "ProvisionallyAccepted", "to-state": "Accepted", "logging-call-at": "/Users/shivamsaraf/Desktop/work/temporal/common/log/with_logger.go:61"}
2025-03-19T11:38:50.491-0400	debug	Process task as active.	{"host": "127.0.0.1:63280", "shard-id": 4, "address": "127.0.0.1:63280", "component": "transfer-queue-processor", "wf-namespace-id": "d0b550e3-6091-4a9b-a9aa-3d80ffb24954", "value": "d0b550e3-6091-4a9b-a9aa-3d80ffb24954/temporal-sys-worker-deployment-version:rrentVersion_Batching-564e9892_deployment_series.rrentVersion_Batching-564e9892_build_id/0195af0e-98a0-7d94-93e5-2a1d2e5942f8", "logging-call-at": "/Users/shivamsaraf/Desktop/work/temporal/common/log/with_logger.go:61"}
2025-03-19T11:38:50.492-0400	debug	Assigning new task key	{"host": "127.0.0.1:63280", "shard-id": 4, "address": "127.0.0.1:63280", "wf-namespace-id": "d0b550e3-6091-4a9b-a9aa-3d80ffb24954", "wf-id": "temporal-sys-worker-deployment-version:rrentVersion_Batching-564e9892_deployment_series.rrentVersion_Batching-564e9892_build_id", "wf-run-id": "0195af0e-98a0-7d94-93e5-2a1d2e5942f8", "queue-task-type": "ActivityTimeout", "queue-task-id": 1050062, "timestamp": "2025-03-19T15:39:50.493Z", "cursor-timestamp": "2025-03-19T15:38:51.491Z", "logging-call-at": "/Users/shivamsaraf/Desktop/work/temporal/common/log/with_logger.go:61"}
2025-03-19T11:38:50.496-0400	info	syncing task queue userdata for deployment version	{"host": "127.0.0.1:63281", "Namespace": "namespace-ec265ab4-426c-4316-a4b3-47fc66311932", "TaskQueue": "temporal-sys-per-ns-tq", "WorkerID": "temporal-system@Shivams-MacBook-Pro.local@namespace-ec265ab4-426c-4316-a4b3-47fc66311932", "ActivityID": "576", "ActivityType": "SyncDeploymentVersionUserData", "Attempt": 1, "WorkflowType": "temporal-sys-worker-deployment-version-workflow", "WorkflowID": "temporal-sys-worker-deployment-version:rrentVersion_Batching-564e9892_deployment_series.rrentVersion_Batching-564e9892_build_id", "RunID": "0195af0e-98a0-7d94-93e5-2a1d2e5942f8", "taskQueue": "rrentVersion_Batching-564e9892_task_queue_47", "types": [1], "logging-call-at": "/Users/shivamsaraf/Desktop/work/temporal/common/log/with_logger.go:66"}
2025-03-19T11:38:50.496-0400	debug	Frontend method invoked.	{"host": "127.0.0.1:63278", "wf-namespace": "namespace-ec265ab4-426c-4316-a4b3-47fc66311932", "operation": "PollActivityTaskQueue", "server-name": "", "cert-thumbprint": "", "logging-call-at": "/Users/shivamsaraf/Desktop/work/temporal/common/log/with_logger.go:61"}
2025-03-19T11:38:50.496-0400	debug	Received PollActivityTaskQueue	{"host": "127.0.0.1:63278", "service": "frontend", "logging-call-at": "/Users/shivamsaraf/Desktop/work/temporal/common/log/with_logger.go:61"}
2025-03-19T11:38:50.510-0400	debug	Process task as active.	{"host": "127.0.0.1:63280", "shard-id": 4, "address": "127.0.0.1:63280", "component": "timer-queue-processor", "wf-namespace-id": "d0b550e3-6091-4a9b-a9aa-3d80ffb24954", "value": "d0b550e3-6091-4a9b-a9aa-3d80ffb24954/temporal-sys-worker-deployment-version:rrentVersion_Batching-564e9892_deployment_series.rrentVersion_Batching-564e9892_build_id/0195af0e-98a0-7d94-93e5-2a1d2e5942f8", "logging-call-at": "/Users/shivamsaraf/Desktop/work/temporal/common/log/with_logger.go:61"}
2025-03-19T11:38:50.536-0400	debug	Process task as active.	{"host": "127.0.0.1:63280", "shard-id": 4, "address": "127.0.0.1:63280", "component": "timer-queue-processor", "wf-namespace-id": "d0b550e3-6091-4a9b-a9aa-3d80ffb24954", "value": "d0b550e3-6091-4a9b-a9aa-3d80ffb24954/temporal-sys-worker-deployment-version:rrentVersion_Batching-564e9892_deployment_series.rrentVersion_Batching-564e9892_build_id/0195af0e-98a0-7d94-93e5-2a1d2e5942f8", "logging-call-at": "/Users/shivamsaraf/Desktop/work/temporal/common/log/with_logger.go:61"}
2025-03-19T11:38:50.553-0400	debug	Process task as active.	{"host": "127.0.0.1:63280", "shard-id": 1, "address": "127.0.0.1:63280", "component": "timer-queue-processor", "wf-namespace-id": "d0b550e3-6091-4a9b-a9aa-3d80ffb24954", "value": "d0b550e3-6091-4a9b-a9aa-3d80ffb24954/temporal-sys-worker-deployment:rrentVersion_Batching-564e9892_deployment_series/0195af0e-960d-715f-b6c6-08dcdf4b78ec", "logging-call-at": "/Users/shivamsaraf/Desktop/work/temporal/common/log/with_logger.go:61"}
2025-03-19T11:38:50.597-0400	info	modified user data	{"host": "127.0.0.1:63279", "component": "matching-engine", "wf-task-queue-name": "rrentVersion_Batching-564e9892_task_queue_47", "wf-task-queue-type": "Workflow", "wf-namespace": "namespace-ec265ab4-426c-4316-a4b3-47fc66311932", "user-data-update-source": "SyncDeploymentUserData", "user-data-version": 1, "timestamp": "2025-03-19T15:38:50.496Z", "logging-call-at": "/Users/shivamsaraf/Desktop/work/temporal/common/log/with_logger.go:66"}
2025-03-19T11:38:50.597-0400	debug	user data changed while blocked in long poll	{"host": "127.0.0.1:63279", "component": "matching-engine", "wf-task-queue-name": "rrentVersion_Batching-564e9892_task_queue_47", "wf-task-queue-type": "Workflow", "wf-namespace": "namespace-ec265ab4-426c-4316-a4b3-47fc66311932", "logging-call-at": "/Users/shivamsaraf/Desktop/work/temporal/common/log/with_logger.go:61"}
2025-03-19T11:38:50.597-0400	debug	user data changed while blocked in long poll	{"host": "127.0.0.1:63279", "component": "matching-engine", "wf-task-queue-name": "rrentVersion_Batching-564e9892_task_queue_47", "wf-task-queue-type": "Workflow", "wf-namespace": "namespace-ec265ab4-426c-4316-a4b3-47fc66311932", "logging-call-at": "/Users/shivamsaraf/Desktop/work/temporal/common/log/with_logger.go:61"}
2025-03-19T11:38:50.597-0400	debug	user data changed while blocked in long poll	{"host": "127.0.0.1:63279", "component": "matching-engine", "wf-task-queue-name": "rrentVersion_Batching-564e9892_task_queue_47", "wf-task-queue-type": "Workflow", "wf-namespace": "namespace-ec265ab4-426c-4316-a4b3-47fc66311932", "logging-call-at": "/Users/shivamsaraf/Desktop/work/temporal/common/log/with_logger.go:61"}
2025-03-19T11:38:50.597-0400	info	returning user data	{"host": "127.0.0.1:63279", "component": "matching-engine", "wf-task-queue-name": "rrentVersion_Batching-564e9892_task_queue_47", "wf-task-queue-type": "Workflow", "wf-namespace": "namespace-ec265ab4-426c-4316-a4b3-47fc66311932", "long-poll": true, "request-known-version": 0, "user-data-version": 1, "logging-call-at": "/Users/shivamsaraf/Desktop/work/temporal/common/log/with_logger.go:66"}
2025-03-19T11:38:50.597-0400	info	returning user data	{"host": "127.0.0.1:63279", "component": "matching-engine", "wf-task-queue-name": "rrentVersion_Batching-564e9892_task_queue_47", "wf-task-queue-type": "Workflow", "wf-namespace": "namespace-ec265ab4-426c-4316-a4b3-47fc66311932", "long-poll": true, "request-known-version": 0, "user-data-version": 1, "logging-call-at": "/Users/shivamsaraf/Desktop/work/temporal/common/log/with_logger.go:66"}
2025-03-19T11:38:50.597-0400	info	returning user data	{"host": "127.0.0.1:63279", "component": "matching-engine", "wf-task-queue-name": "rrentVersion_Batching-564e9892_task_queue_47", "wf-task-queue-type": "Workflow", "wf-namespace": "namespace-ec265ab4-426c-4316-a4b3-47fc66311932", "long-poll": true, "request-known-version": 0, "user-data-version": 1, "logging-call-at": "/Users/shivamsaraf/Desktop/work/temporal/common/log/with_logger.go:66"}
2025-03-19T11:38:50.598-0400	info	fetched user data from parent	{"host": "127.0.0.1:63279", "component": "matching-engine", "wf-task-queue-name": "/_sys/rrentVersion_Batching-564e9892_task_queue_47/3", "wf-task-queue-type": "Workflow", "wf-namespace": "namespace-ec265ab4-426c-4316-a4b3-47fc66311932", "user-data-version": 1, "timestamp": "2025-03-19T15:38:50.496Z", "logging-call-at": "/Users/shivamsaraf/Desktop/work/temporal/common/log/with_logger.go:66"}
2025-03-19T11:38:50.598-0400	info	fetched user data from parent	{"host": "127.0.0.1:63279", "component": "matching-engine", "wf-task-queue-name": "/_sys/rrentVersion_Batching-564e9892_task_queue_47/2", "wf-task-queue-type": "Workflow", "wf-namespace": "namespace-ec265ab4-426c-4316-a4b3-47fc66311932", "user-data-version": 1, "timestamp": "2025-03-19T15:38:50.496Z", "logging-call-at": "/Users/shivamsaraf/Desktop/work/temporal/common/log/with_logger.go:66"}
2025-03-19T11:38:50.598-0400	info	fetched user data from parent	{"host": "127.0.0.1:63279", "component": "matching-engine", "wf-task-queue-name": "/_sys/rrentVersion_Batching-564e9892_task_queue_47/1", "wf-task-queue-type": "Workflow", "wf-namespace": "namespace-ec265ab4-426c-4316-a4b3-47fc66311932", "user-data-version": 1, "timestamp": "2025-03-19T15:38:50.496Z", "logging-call-at": "/Users/shivamsaraf/Desktop/work/temporal/common/log/with_logger.go:66"}
2025-03-19T11:38:50.598-0400	debug	Frontend method invoked.	{"host": "127.0.0.1:63278", "wf-namespace": "namespace-ec265ab4-426c-4316-a4b3-47fc66311932", "operation": "RespondActivityTaskCompleted", "server-name": "", "cert-thumbprint": "", "logging-call-at": "/Users/shivamsaraf/Desktop/work/temporal/common/log/with_logger.go:61"}
2025-03-19T11:38:50.599-0400	debug	Workflow task updated	{"host": "127.0.0.1:63280", "shard-id": 4, "address": "127.0.0.1:63280", "wf-scheduled-event-id": 579, "wf-started-event-id": 0, "workflow-task-request-id": "emptyUuid", "workflow-task-timeout": 10, "attempt": 1, "wf-started-timestamp": "0001-01-01T00:00:00.000Z", "wt-type": "Normal", "logging-call-at": "/Users/shivamsaraf/Desktop/work/temporal/common/log/with_logger.go:61"}
2025-03-19T11:38:50.599-0400	debug	Assigning new task key	{"host": "127.0.0.1:63280", "shard-id": 4, "address": "127.0.0.1:63280", "wf-namespace-id": "d0b550e3-6091-4a9b-a9aa-3d80ffb24954", "wf-id": "temporal-sys-worker-deployment-version:rrentVersion_Batching-564e9892_deployment_series.rrentVersion_Batching-564e9892_build_id", "wf-run-id": "0195af0e-98a0-7d94-93e5-2a1d2e5942f8", "queue-task-type": "WorkflowTaskTimeout", "queue-task-id": 1050068, "timestamp": "2025-03-19T15:38:55.600Z", "cursor-timestamp": "2025-03-19T15:38:51.491Z", "logging-call-at": "/Users/shivamsaraf/Desktop/work/temporal/common/log/with_logger.go:61"}
2025-03-19T11:38:50.599-0400	debug	Assigning new task key	{"host": "127.0.0.1:63280", "shard-id": 4, "address": "127.0.0.1:63280", "wf-namespace-id": "d0b550e3-6091-4a9b-a9aa-3d80ffb24954", "wf-id": "temporal-sys-worker-deployment-version:rrentVersion_Batching-564e9892_deployment_series.rrentVersion_Batching-564e9892_build_id", "wf-run-id": "0195af0e-98a0-7d94-93e5-2a1d2e5942f8", "queue-task-type": "TransferWorkflowTask", "queue-task-id": 1050069, "timestamp": "2025-03-19T15:38:50.599Z", "cursor-timestamp": "2025-03-19T15:38:51.491Z", "logging-call-at": "/Users/shivamsaraf/Desktop/work/temporal/common/log/with_logger.go:61"}
2025-03-19T11:38:50.605-0400	debug	Process task as active.	{"host": "127.0.0.1:63280", "shard-id": 4, "address": "127.0.0.1:63280", "component": "transfer-queue-processor", "wf-namespace-id": "d0b550e3-6091-4a9b-a9aa-3d80ffb24954", "value": "d0b550e3-6091-4a9b-a9aa-3d80ffb24954/temporal-sys-worker-deployment-version:rrentVersion_Batching-564e9892_deployment_series.rrentVersion_Batching-564e9892_build_id/0195af0e-98a0-7d94-93e5-2a1d2e5942f8", "logging-call-at": "/Users/shivamsaraf/Desktop/work/temporal/common/log/with_logger.go:61"}
2025-03-19T11:38:50.606-0400	debug	Workflow task updated	{"host": "127.0.0.1:63280", "shard-id": 4, "address": "127.0.0.1:63280", "wf-scheduled-event-id": 579, "wf-started-event-id": 580, "workflow-task-request-id": "8b1fc8a2-9552-4625-bf04-1a56d0b5b4c2", "workflow-task-timeout": 10, "attempt": 1, "wf-started-timestamp": "2025-03-19T15:38:50.606Z", "wt-type": "Normal", "logging-call-at": "/Users/shivamsaraf/Desktop/work/temporal/common/log/with_logger.go:61"}
2025-03-19T11:38:50.606-0400	debug	Assigning new task key	{"host": "127.0.0.1:63280", "shard-id": 4, "address": "127.0.0.1:63280", "wf-namespace-id": "d0b550e3-6091-4a9b-a9aa-3d80ffb24954", "wf-id": "temporal-sys-worker-deployment-version:rrentVersion_Batching-564e9892_deployment_series.rrentVersion_Batching-564e9892_build_id", "wf-run-id": "0195af0e-98a0-7d94-93e5-2a1d2e5942f8", "queue-task-type": "WorkflowTaskTimeout", "queue-task-id": 1050072, "timestamp": "2025-03-19T15:39:00.607Z", "cursor-timestamp": "2025-03-19T15:38:51.604Z", "logging-call-at": "/Users/shivamsaraf/Desktop/work/temporal/common/log/with_logger.go:61"}
2025-03-19T11:38:50.616-0400	debug	ExecuteActivity	{"host": "127.0.0.1:63281", "Namespace": "namespace-ec265ab4-426c-4316-a4b3-47fc66311932", "TaskQueue": "temporal-sys-per-ns-tq", "WorkerID": "temporal-system@Shivams-MacBook-Pro.local@namespace-ec265ab4-426c-4316-a4b3-47fc66311932", "WorkflowType": "temporal-sys-worker-deployment-version-workflow", "WorkflowID": "temporal-sys-worker-deployment-version:rrentVersion_Batching-564e9892_deployment_series.rrentVersion_Batching-564e9892_build_id", "RunID": "0195af0e-98a0-7d94-93e5-2a1d2e5942f8", "Attempt": 0, "ActivityID": "582", "ActivityType": "CheckWorkerDeploymentUserDataPropagation", "logging-call-at": "/Users/shivamsaraf/Desktop/work/temporal/common/log/with_logger.go:61"}
2025-03-19T11:38:50.616-0400	debug	Frontend method invoked.	{"host": "127.0.0.1:63278", "wf-namespace": "namespace-ec265ab4-426c-4316-a4b3-47fc66311932", "operation": "PollWorkflowTaskQueue", "server-name": "", "cert-thumbprint": "", "logging-call-at": "/Users/shivamsaraf/Desktop/work/temporal/common/log/with_logger.go:61"}
2025-03-19T11:38:50.617-0400	debug	Received PollWorkflowTaskQueue	{"host": "127.0.0.1:63278", "service": "frontend", "logging-call-at": "/Users/shivamsaraf/Desktop/work/temporal/common/log/with_logger.go:61"}
2025-03-19T11:38:50.617-0400	debug	Poll workflow task queue.	{"host": "127.0.0.1:63278", "service": "frontend", "wf-namespace": "namespace-ec265ab4-426c-4316-a4b3-47fc66311932", "wf-namespace-id": "d0b550e3-6091-4a9b-a9aa-3d80ffb24954", "logging-call-at": "/Users/shivamsaraf/Desktop/work/temporal/common/log/with_logger.go:61"}
2025-03-19T11:38:50.617-0400	debug	Frontend method invoked.	{"host": "127.0.0.1:63278", "wf-namespace": "namespace-ec265ab4-426c-4316-a4b3-47fc66311932", "operation": "RespondWorkflowTaskCompleted", "server-name": "", "cert-thumbprint": "", "logging-call-at": "/Users/shivamsaraf/Desktop/work/temporal/common/log/with_logger.go:61"}
2025-03-19T11:38:50.617-0400	debug	RespondWorkflowTaskCompleted	{"host": "127.0.0.1:63280", "service": "history", "wf-namespace-id": "d0b550e3-6091-4a9b-a9aa-3d80ffb24954", "wf-id": "temporal-sys-worker-deployment-version:rrentVersion_Batching-564e9892_deployment_series.rrentVersion_Batching-564e9892_build_id", "wf-run-id": "0195af0e-98a0-7d94-93e5-2a1d2e5942f8", "wf-scheduled-event-id": 579, "logging-call-at": "/Users/shivamsaraf/Desktop/work/temporal/common/log/with_logger.go:61"}
2025-03-19T11:38:50.618-0400	debug	Workflow task updated	{"host": "127.0.0.1:63280", "shard-id": 4, "address": "127.0.0.1:63280", "wf-scheduled-event-id": 0, "wf-started-event-id": 0, "workflow-task-request-id": "emptyUuid", "workflow-task-timeout": 0, "attempt": 1, "wf-started-timestamp": "1970-01-01T00:00:00.000Z", "wt-type": "Unspecified", "logging-call-at": "/Users/shivamsaraf/Desktop/work/temporal/common/log/with_logger.go:61"}
2025-03-19T11:38:50.618-0400	debug	Assigning new task key	{"host": "127.0.0.1:63280", "shard-id": 4, "address": "127.0.0.1:63280", "wf-namespace-id": "d0b550e3-6091-4a9b-a9aa-3d80ffb24954", "wf-id": "temporal-sys-worker-deployment-version:rrentVersion_Batching-564e9892_deployment_series.rrentVersion_Batching-564e9892_build_id", "wf-run-id": "0195af0e-98a0-7d94-93e5-2a1d2e5942f8", "queue-task-type": "TransferActivityTask", "queue-task-id": 1050077, "timestamp": "2025-03-19T15:38:50.618Z", "cursor-timestamp": "2025-03-19T15:38:51.604Z", "logging-call-at": "/Users/shivamsaraf/Desktop/work/temporal/common/log/with_logger.go:61"}
2025-03-19T11:38:50.622-0400	debug	Process task as active.	{"host": "127.0.0.1:63280", "shard-id": 4, "address": "127.0.0.1:63280", "component": "transfer-queue-processor", "wf-namespace-id": "d0b550e3-6091-4a9b-a9aa-3d80ffb24954", "value": "d0b550e3-6091-4a9b-a9aa-3d80ffb24954/temporal-sys-worker-deployment-version:rrentVersion_Batching-564e9892_deployment_series.rrentVersion_Batching-564e9892_build_id/0195af0e-98a0-7d94-93e5-2a1d2e5942f8", "logging-call-at": "/Users/shivamsaraf/Desktop/work/temporal/common/log/with_logger.go:61"}
2025-03-19T11:38:50.623-0400	debug	Assigning new task key	{"host": "127.0.0.1:63280", "shard-id": 4, "address": "127.0.0.1:63280", "wf-namespace-id": "d0b550e3-6091-4a9b-a9aa-3d80ffb24954", "wf-id": "temporal-sys-worker-deployment-version:rrentVersion_Batching-564e9892_deployment_series.rrentVersion_Batching-564e9892_build_id", "wf-run-id": "0195af0e-98a0-7d94-93e5-2a1d2e5942f8", "queue-task-type": "ActivityTimeout", "queue-task-id": 1050078, "timestamp": "2025-03-19T15:39:50.624Z", "cursor-timestamp": "2025-03-19T15:38:51.622Z", "logging-call-at": "/Users/shivamsaraf/Desktop/work/temporal/common/log/with_logger.go:61"}
2025-03-19T11:38:50.627-0400	info	waiting for userdata propagation	{"host": "127.0.0.1:63281", "Namespace": "namespace-ec265ab4-426c-4316-a4b3-47fc66311932", "TaskQueue": "temporal-sys-per-ns-tq", "WorkerID": "temporal-system@Shivams-MacBook-Pro.local@namespace-ec265ab4-426c-4316-a4b3-47fc66311932", "ActivityID": "582", "ActivityType": "CheckWorkerDeploymentUserDataPropagation", "Attempt": 1, "WorkflowType": "temporal-sys-worker-deployment-version-workflow", "WorkflowID": "temporal-sys-worker-deployment-version:rrentVersion_Batching-564e9892_deployment_series.rrentVersion_Batching-564e9892_build_id", "RunID": "0195af0e-98a0-7d94-93e5-2a1d2e5942f8", "taskQueue": "rrentVersion_Batching-564e9892_task_queue_47", "version": 1, "logging-call-at": "/Users/shivamsaraf/Desktop/work/temporal/common/log/with_logger.go:66"}
2025-03-19T11:38:50.627-0400	debug	Frontend method invoked.	{"host": "127.0.0.1:63278", "wf-namespace": "namespace-ec265ab4-426c-4316-a4b3-47fc66311932", "operation": "PollActivityTaskQueue", "server-name": "", "cert-thumbprint": "", "logging-call-at": "/Users/shivamsaraf/Desktop/work/temporal/common/log/with_logger.go:61"}
2025-03-19T11:38:50.628-0400	debug	Received PollActivityTaskQueue	{"host": "127.0.0.1:63278", "service": "frontend", "logging-call-at": "/Users/shivamsaraf/Desktop/work/temporal/common/log/with_logger.go:61"}
2025-03-19T11:38:50.628-0400	info	returning user data	{"host": "127.0.0.1:63279", "component": "matching-engine", "wf-task-queue-name": "/_sys/rrentVersion_Batching-564e9892_task_queue_47/1", "wf-task-queue-type": "Workflow", "wf-namespace": "namespace-ec265ab4-426c-4316-a4b3-47fc66311932", "long-poll": true, "request-known-version": 0, "user-data-version": 1, "logging-call-at": "/Users/shivamsaraf/Desktop/work/temporal/common/log/with_logger.go:66"}
2025-03-19T11:38:50.628-0400	info	returning user data	{"host": "127.0.0.1:63279", "component": "matching-engine", "wf-task-queue-name": "/_sys/rrentVersion_Batching-564e9892_task_queue_47/2", "wf-task-queue-type": "Workflow", "wf-namespace": "namespace-ec265ab4-426c-4316-a4b3-47fc66311932", "long-poll": true, "request-known-version": 0, "user-data-version": 1, "logging-call-at": "/Users/shivamsaraf/Desktop/work/temporal/common/log/with_logger.go:66"}
2025-03-19T11:38:50.628-0400	info	returning user data	{"host": "127.0.0.1:63279", "component": "matching-engine", "wf-task-queue-name": "/_sys/rrentVersion_Batching-564e9892_task_queue_47/3", "wf-task-queue-type": "Workflow", "wf-namespace": "namespace-ec265ab4-426c-4316-a4b3-47fc66311932", "long-poll": true, "request-known-version": 0, "user-data-version": 1, "logging-call-at": "/Users/shivamsaraf/Desktop/work/temporal/common/log/with_logger.go:66"}
2025-03-19T11:38:50.628-0400	info	matching client encountered error	{"host": "127.0.0.1:63279", "error": "partition was not loaded", "service-error-type": "serviceerror.FailedPrecondition", "logging-call-at": "/Users/shivamsaraf/Desktop/work/temporal/common/log/with_logger.go:66"}
2025-03-19T11:38:50.628-0400	info	matching client encountered error	{"host": "127.0.0.1:63279", "error": "partition was not loaded", "service-error-type": "serviceerror.FailedPrecondition", "logging-call-at": "/Users/shivamsaraf/Desktop/work/temporal/common/log/with_logger.go:66"}
2025-03-19T11:38:50.629-0400	info	matching client encountered error	{"host": "127.0.0.1:63279", "error": "partition was not loaded", "service-error-type": "serviceerror.FailedPrecondition", "logging-call-at": "/Users/shivamsaraf/Desktop/work/temporal/common/log/with_logger.go:66"}
2025-03-19T11:38:50.629-0400	info	matching client encountered error	{"host": "127.0.0.1:63279", "error": "partition was not loaded", "service-error-type": "serviceerror.FailedPrecondition", "logging-call-at": "/Users/shivamsaraf/Desktop/work/temporal/common/log/with_logger.go:66"}
2025-03-19T11:38:50.629-0400	debug	Frontend method invoked.	{"host": "127.0.0.1:63278", "wf-namespace": "namespace-ec265ab4-426c-4316-a4b3-47fc66311932", "operation": "RespondActivityTaskCompleted", "server-name": "", "cert-thumbprint": "", "logging-call-at": "/Users/shivamsaraf/Desktop/work/temporal/common/log/with_logger.go:61"}
2025-03-19T11:38:50.630-0400	debug	Workflow task updated	{"host": "127.0.0.1:63280", "shard-id": 4, "address": "127.0.0.1:63280", "wf-scheduled-event-id": 585, "wf-started-event-id": 0, "workflow-task-request-id": "emptyUuid", "workflow-task-timeout": 10, "attempt": 1, "wf-started-timestamp": "0001-01-01T00:00:00.000Z", "wt-type": "Normal", "logging-call-at": "/Users/shivamsaraf/Desktop/work/temporal/common/log/with_logger.go:61"}
2025-03-19T11:38:50.630-0400	debug	Assigning new task key	{"host": "127.0.0.1:63280", "shard-id": 4, "address": "127.0.0.1:63280", "wf-namespace-id": "d0b550e3-6091-4a9b-a9aa-3d80ffb24954", "wf-id": "temporal-sys-worker-deployment-version:rrentVersion_Batching-564e9892_deployment_series.rrentVersion_Batching-564e9892_build_id", "wf-run-id": "0195af0e-98a0-7d94-93e5-2a1d2e5942f8", "queue-task-type": "WorkflowTaskTimeout", "queue-task-id": 1050084, "timestamp": "2025-03-19T15:38:55.631Z", "cursor-timestamp": "2025-03-19T15:38:51.622Z", "logging-call-at": "/Users/shivamsaraf/Desktop/work/temporal/common/log/with_logger.go:61"}
2025-03-19T11:38:50.630-0400	debug	Assigning new task key	{"host": "127.0.0.1:63280", "shard-id": 4, "address": "127.0.0.1:63280", "wf-namespace-id": "d0b550e3-6091-4a9b-a9aa-3d80ffb24954", "wf-id": "temporal-sys-worker-deployment-version:rrentVersion_Batching-564e9892_deployment_series.rrentVersion_Batching-564e9892_build_id", "wf-run-id": "0195af0e-98a0-7d94-93e5-2a1d2e5942f8", "queue-task-type": "TransferWorkflowTask", "queue-task-id": 1050085, "timestamp": "2025-03-19T15:38:50.630Z", "cursor-timestamp": "2025-03-19T15:38:51.622Z", "logging-call-at": "/Users/shivamsaraf/Desktop/work/temporal/common/log/with_logger.go:61"}
2025-03-19T11:38:50.634-0400	debug	Process task as active.	{"host": "127.0.0.1:63280", "shard-id": 4, "address": "127.0.0.1:63280", "component": "transfer-queue-processor", "wf-namespace-id": "d0b550e3-6091-4a9b-a9aa-3d80ffb24954", "value": "d0b550e3-6091-4a9b-a9aa-3d80ffb24954/temporal-sys-worker-deployment-version:rrentVersion_Batching-564e9892_deployment_series.rrentVersion_Batching-564e9892_build_id/0195af0e-98a0-7d94-93e5-2a1d2e5942f8", "logging-call-at": "/Users/shivamsaraf/Desktop/work/temporal/common/log/with_logger.go:61"}
2025-03-19T11:38:50.635-0400	debug	Workflow task updated	{"host": "127.0.0.1:63280", "shard-id": 4, "address": "127.0.0.1:63280", "wf-scheduled-event-id": 585, "wf-started-event-id": 586, "workflow-task-request-id": "8f25b5be-4ad5-44e0-a658-732fc55b248d", "workflow-task-timeout": 10, "attempt": 1, "wf-started-timestamp": "2025-03-19T15:38:50.635Z", "wt-type": "Normal", "logging-call-at": "/Users/shivamsaraf/Desktop/work/temporal/common/log/with_logger.go:61"}
2025-03-19T11:38:50.635-0400	debug	Assigning new task key	{"host": "127.0.0.1:63280", "shard-id": 4, "address": "127.0.0.1:63280", "wf-namespace-id": "d0b550e3-6091-4a9b-a9aa-3d80ffb24954", "wf-id": "temporal-sys-worker-deployment-version:rrentVersion_Batching-564e9892_deployment_series.rrentVersion_Batching-564e9892_build_id", "wf-run-id": "0195af0e-98a0-7d94-93e5-2a1d2e5942f8", "queue-task-type": "WorkflowTaskTimeout", "queue-task-id": 1050088, "timestamp": "2025-03-19T15:39:00.636Z", "cursor-timestamp": "2025-03-19T15:38:51.633Z", "logging-call-at": "/Users/shivamsaraf/Desktop/work/temporal/common/log/with_logger.go:61"}
2025-03-19T11:38:50.642-0400	debug	Frontend method invoked.	{"host": "127.0.0.1:63278", "wf-namespace": "namespace-ec265ab4-426c-4316-a4b3-47fc66311932", "operation": "PollWorkflowTaskQueue", "server-name": "", "cert-thumbprint": "", "logging-call-at": "/Users/shivamsaraf/Desktop/work/temporal/common/log/with_logger.go:61"}
2025-03-19T11:38:50.643-0400	debug	Received PollWorkflowTaskQueue	{"host": "127.0.0.1:63278", "service": "frontend", "logging-call-at": "/Users/shivamsaraf/Desktop/work/temporal/common/log/with_logger.go:61"}
2025-03-19T11:38:50.643-0400	debug	Frontend method invoked.	{"host": "127.0.0.1:63278", "wf-namespace": "namespace-ec265ab4-426c-4316-a4b3-47fc66311932", "operation": "RespondWorkflowTaskCompleted", "server-name": "", "cert-thumbprint": "", "logging-call-at": "/Users/shivamsaraf/Desktop/work/temporal/common/log/with_logger.go:61"}
2025-03-19T11:38:50.643-0400	debug	Poll workflow task queue.	{"host": "127.0.0.1:63278", "service": "frontend", "wf-namespace": "namespace-ec265ab4-426c-4316-a4b3-47fc66311932", "wf-namespace-id": "d0b550e3-6091-4a9b-a9aa-3d80ffb24954", "logging-call-at": "/Users/shivamsaraf/Desktop/work/temporal/common/log/with_logger.go:61"}
2025-03-19T11:38:50.643-0400	debug	RespondWorkflowTaskCompleted	{"host": "127.0.0.1:63280", "service": "history", "wf-namespace-id": "d0b550e3-6091-4a9b-a9aa-3d80ffb24954", "wf-id": "temporal-sys-worker-deployment-version:rrentVersion_Batching-564e9892_deployment_series.rrentVersion_Batching-564e9892_build_id", "wf-run-id": "0195af0e-98a0-7d94-93e5-2a1d2e5942f8", "wf-scheduled-event-id": 585, "logging-call-at": "/Users/shivamsaraf/Desktop/work/temporal/common/log/with_logger.go:61"}
2025-03-19T11:38:50.643-0400	debug	Workflow task updated	{"host": "127.0.0.1:63280", "shard-id": 4, "address": "127.0.0.1:63280", "wf-scheduled-event-id": 0, "wf-started-event-id": 0, "workflow-task-request-id": "emptyUuid", "workflow-task-timeout": 0, "attempt": 1, "wf-started-timestamp": "1970-01-01T00:00:00.000Z", "wt-type": "Unspecified", "logging-call-at": "/Users/shivamsaraf/Desktop/work/temporal/common/log/with_logger.go:61"}
2025-03-19T11:38:50.643-0400	debug	update state change	{"host": "127.0.0.1:63280", "shard-id": 4, "address": "127.0.0.1:63280", "wf-namespace-id": "d0b550e3-6091-4a9b-a9aa-3d80ffb24954", "wf-id": "temporal-sys-worker-deployment-version:rrentVersion_Batching-564e9892_deployment_series.rrentVersion_Batching-564e9892_build_id", "wf-run-id": "0195af0e-98a0-7d94-93e5-2a1d2e5942f8", "update-id": "4c809c95-02b3-4037-8c27-672e6a3f019d", "from-state": "Accepted", "to-state": "ProvisionallyCompleted", "logging-call-at": "/Users/shivamsaraf/Desktop/work/temporal/common/log/with_logger.go:61"}
2025-03-19T11:38:50.646-0400	debug	update state change	{"host": "127.0.0.1:63280", "shard-id": 4, "address": "127.0.0.1:63280", "wf-namespace-id": "d0b550e3-6091-4a9b-a9aa-3d80ffb24954", "wf-id": "temporal-sys-worker-deployment-version:rrentVersion_Batching-564e9892_deployment_series.rrentVersion_Batching-564e9892_build_id", "wf-run-id": "0195af0e-98a0-7d94-93e5-2a1d2e5942f8", "update-id": "4c809c95-02b3-4037-8c27-672e6a3f019d", "from-state": "ProvisionallyCompleted", "to-state": "Completed", "logging-call-at": "/Users/shivamsaraf/Desktop/work/temporal/common/log/with_logger.go:61"}
2025-03-19T11:38:50.646-0400	debug	Frontend method invoked.	{"host": "127.0.0.1:63278", "wf-namespace": "namespace-ec265ab4-426c-4316-a4b3-47fc66311932", "operation": "RespondActivityTaskCompleted", "server-name": "", "cert-thumbprint": "", "logging-call-at": "/Users/shivamsaraf/Desktop/work/temporal/common/log/with_logger.go:61"}
2025-03-19T11:38:50.647-0400	debug	Workflow task updated	{"host": "127.0.0.1:63280", "shard-id": 1, "address": "127.0.0.1:63280", "wf-scheduled-event-id": 291, "wf-started-event-id": 0, "workflow-task-request-id": "emptyUuid", "workflow-task-timeout": 10, "attempt": 1, "wf-started-timestamp": "0001-01-01T00:00:00.000Z", "wt-type": "Normal", "logging-call-at": "/Users/shivamsaraf/Desktop/work/temporal/common/log/with_logger.go:61"}
2025-03-19T11:38:50.647-0400	debug	Assigning new task key	{"host": "127.0.0.1:63280", "shard-id": 1, "address": "127.0.0.1:63280", "wf-namespace-id": "d0b550e3-6091-4a9b-a9aa-3d80ffb24954", "wf-id": "temporal-sys-worker-deployment:rrentVersion_Batching-564e9892_deployment_series", "wf-run-id": "0195af0e-960d-715f-b6c6-08dcdf4b78ec", "queue-task-type": "TransferWorkflowTask", "queue-task-id": 1049258, "timestamp": "2025-03-19T15:38:50.647Z", "cursor-timestamp": "2025-03-19T15:38:51.552Z", "logging-call-at": "/Users/shivamsaraf/Desktop/work/temporal/common/log/with_logger.go:61"}
2025-03-19T11:38:50.647-0400	debug	Assigning new task key	{"host": "127.0.0.1:63280", "shard-id": 1, "address": "127.0.0.1:63280", "wf-namespace-id": "d0b550e3-6091-4a9b-a9aa-3d80ffb24954", "wf-id": "temporal-sys-worker-deployment:rrentVersion_Batching-564e9892_deployment_series", "wf-run-id": "0195af0e-960d-715f-b6c6-08dcdf4b78ec", "queue-task-type": "WorkflowTaskTimeout", "queue-task-id": 1049259, "timestamp": "2025-03-19T15:38:55.648Z", "cursor-timestamp": "2025-03-19T15:38:51.552Z", "logging-call-at": "/Users/shivamsaraf/Desktop/work/temporal/common/log/with_logger.go:61"}
2025-03-19T11:38:50.651-0400	debug	Process task as active.	{"host": "127.0.0.1:63280", "shard-id": 1, "address": "127.0.0.1:63280", "component": "transfer-queue-processor", "wf-namespace-id": "d0b550e3-6091-4a9b-a9aa-3d80ffb24954", "value": "d0b550e3-6091-4a9b-a9aa-3d80ffb24954/temporal-sys-worker-deployment:rrentVersion_Batching-564e9892_deployment_series/0195af0e-960d-715f-b6c6-08dcdf4b78ec", "logging-call-at": "/Users/shivamsaraf/Desktop/work/temporal/common/log/with_logger.go:61"}
2025-03-19T11:38:50.652-0400	debug	Workflow task updated	{"host": "127.0.0.1:63280", "shard-id": 1, "address": "127.0.0.1:63280", "wf-scheduled-event-id": 291, "wf-started-event-id": 292, "workflow-task-request-id": "2c67b457-c1e8-476b-83b1-e5a2143513ce", "workflow-task-timeout": 10, "attempt": 1, "wf-started-timestamp": "2025-03-19T15:38:50.652Z", "wt-type": "Normal", "logging-call-at": "/Users/shivamsaraf/Desktop/work/temporal/common/log/with_logger.go:61"}
2025-03-19T11:38:50.652-0400	debug	Assigning new task key	{"host": "127.0.0.1:63280", "shard-id": 1, "address": "127.0.0.1:63280", "wf-namespace-id": "d0b550e3-6091-4a9b-a9aa-3d80ffb24954", "wf-id": "temporal-sys-worker-deployment:rrentVersion_Batching-564e9892_deployment_series", "wf-run-id": "0195af0e-960d-715f-b6c6-08dcdf4b78ec", "queue-task-type": "WorkflowTaskTimeout", "queue-task-id": 1049262, "timestamp": "2025-03-19T15:39:00.653Z", "cursor-timestamp": "2025-03-19T15:38:51.651Z", "logging-call-at": "/Users/shivamsaraf/Desktop/work/temporal/common/log/with_logger.go:61"}
2025-03-19T11:38:50.659-0400	debug	ExecuteActivity	{"host": "127.0.0.1:63281", "Namespace": "namespace-ec265ab4-426c-4316-a4b3-47fc66311932", "TaskQueue": "temporal-sys-per-ns-tq", "WorkerID": "temporal-system@Shivams-MacBook-Pro.local@namespace-ec265ab4-426c-4316-a4b3-47fc66311932", "WorkflowType": "temporal-sys-worker-deployment-workflow", "WorkflowID": "temporal-sys-worker-deployment:rrentVersion_Batching-564e9892_deployment_series", "RunID": "0195af0e-960d-715f-b6c6-08dcdf4b78ec", "Attempt": 0, "ActivityID": "295", "ActivityType": "RegisterWorkerInVersion", "logging-call-at": "/Users/shivamsaraf/Desktop/work/temporal/common/log/with_logger.go:61"}
2025-03-19T11:38:50.659-0400	debug	Frontend method invoked.	{"host": "127.0.0.1:63278", "wf-namespace": "namespace-ec265ab4-426c-4316-a4b3-47fc66311932", "operation": "PollWorkflowTaskQueue", "server-name": "", "cert-thumbprint": "", "logging-call-at": "/Users/shivamsaraf/Desktop/work/temporal/common/log/with_logger.go:61"}
2025-03-19T11:38:50.659-0400	debug	Received PollWorkflowTaskQueue	{"host": "127.0.0.1:63278", "service": "frontend", "logging-call-at": "/Users/shivamsaraf/Desktop/work/temporal/common/log/with_logger.go:61"}
2025-03-19T11:38:50.659-0400	debug	Poll workflow task queue.	{"host": "127.0.0.1:63278", "service": "frontend", "wf-namespace": "namespace-ec265ab4-426c-4316-a4b3-47fc66311932", "wf-namespace-id": "d0b550e3-6091-4a9b-a9aa-3d80ffb24954", "logging-call-at": "/Users/shivamsaraf/Desktop/work/temporal/common/log/with_logger.go:61"}
2025-03-19T11:38:50.660-0400	debug	Frontend method invoked.	{"host": "127.0.0.1:63278", "wf-namespace": "namespace-ec265ab4-426c-4316-a4b3-47fc66311932", "operation": "RespondWorkflowTaskCompleted", "server-name": "", "cert-thumbprint": "", "logging-call-at": "/Users/shivamsaraf/Desktop/work/temporal/common/log/with_logger.go:61"}
2025-03-19T11:38:50.660-0400	debug	RespondWorkflowTaskCompleted	{"host": "127.0.0.1:63280", "service": "history", "wf-namespace-id": "d0b550e3-6091-4a9b-a9aa-3d80ffb24954", "wf-id": "temporal-sys-worker-deployment:rrentVersion_Batching-564e9892_deployment_series", "wf-run-id": "0195af0e-960d-715f-b6c6-08dcdf4b78ec", "wf-scheduled-event-id": 291, "logging-call-at": "/Users/shivamsaraf/Desktop/work/temporal/common/log/with_logger.go:61"}
2025-03-19T11:38:50.660-0400	debug	Workflow task updated	{"host": "127.0.0.1:63280", "shard-id": 1, "address": "127.0.0.1:63280", "wf-scheduled-event-id": 0, "wf-started-event-id": 0, "workflow-task-request-id": "emptyUuid", "workflow-task-timeout": 0, "attempt": 1, "wf-started-timestamp": "1970-01-01T00:00:00.000Z", "wt-type": "Unspecified", "logging-call-at": "/Users/shivamsaraf/Desktop/work/temporal/common/log/with_logger.go:61"}
2025-03-19T11:38:50.660-0400	debug	update state change	{"host": "127.0.0.1:63280", "shard-id": 1, "address": "127.0.0.1:63280", "wf-namespace-id": "d0b550e3-6091-4a9b-a9aa-3d80ffb24954", "wf-id": "temporal-sys-worker-deployment:rrentVersion_Batching-564e9892_deployment_series", "wf-run-id": "0195af0e-960d-715f-b6c6-08dcdf4b78ec", "update-id": "c3b97d0e-5447-4a39-84bc-c4588a2c3ec0", "from-state": "Accepted", "to-state": "ProvisionallyCompleted", "logging-call-at": "/Users/shivamsaraf/Desktop/work/temporal/common/log/with_logger.go:61"}
2025-03-19T11:38:50.660-0400	debug	Assigning new task key	{"host": "127.0.0.1:63280", "shard-id": 1, "address": "127.0.0.1:63280", "wf-namespace-id": "d0b550e3-6091-4a9b-a9aa-3d80ffb24954", "wf-id": "temporal-sys-worker-deployment:rrentVersion_Batching-564e9892_deployment_series", "wf-run-id": "0195af0e-960d-715f-b6c6-08dcdf4b78ec", "queue-task-type": "TransferActivityTask", "queue-task-id": 1049268, "timestamp": "2025-03-19T15:38:50.660Z", "cursor-timestamp": "2025-03-19T15:38:51.651Z", "logging-call-at": "/Users/shivamsaraf/Desktop/work/temporal/common/log/with_logger.go:61"}
2025-03-19T11:38:50.664-0400	debug	update state change	{"host": "127.0.0.1:63280", "shard-id": 1, "address": "127.0.0.1:63280", "wf-namespace-id": "d0b550e3-6091-4a9b-a9aa-3d80ffb24954", "wf-id": "temporal-sys-worker-deployment:rrentVersion_Batching-564e9892_deployment_series", "wf-run-id": "0195af0e-960d-715f-b6c6-08dcdf4b78ec", "update-id": "c3b97d0e-5447-4a39-84bc-c4588a2c3ec0", "from-state": "ProvisionallyCompleted", "to-state": "Completed", "logging-call-at": "/Users/shivamsaraf/Desktop/work/temporal/common/log/with_logger.go:61"}
2025-03-19T11:38:50.664-0400	debug	deployment client success	{"host": "127.0.0.1:63279", "operation": "RegisterTaskQueueWorker", "elapsed": 7.1052145, "args": ["rrentVersion_Batching-564e9892_task_queue_47",1,"matching service"], "logging-call-at": "/Users/shivamsaraf/Desktop/work/temporal/common/log/with_logger.go:61"}
2025-03-19T11:38:50.664-0400	debug	Process task as active.	{"host": "127.0.0.1:63280", "shard-id": 1, "address": "127.0.0.1:63280", "component": "transfer-queue-processor", "wf-namespace-id": "d0b550e3-6091-4a9b-a9aa-3d80ffb24954", "value": "d0b550e3-6091-4a9b-a9aa-3d80ffb24954/temporal-sys-worker-deployment:rrentVersion_Batching-564e9892_deployment_series/0195af0e-960d-715f-b6c6-08dcdf4b78ec", "logging-call-at": "/Users/shivamsaraf/Desktop/work/temporal/common/log/with_logger.go:61"}
2025-03-19T11:38:50.664-0400	info	Started physicalTaskQueueManager	{"host": "127.0.0.1:63279", "component": "matching-engine", "wf-task-queue-name": "rrentVersion_Batching-564e9892_task_queue_47", "wf-task-queue-type": "Workflow", "wf-namespace": "namespace-ec265ab4-426c-4316-a4b3-47fc66311932", "worker-build-id": "rrentVersion_Batching-564e9892_deployment_series/rrentVersion_Batching-564e9892_build_id", "lifecycle": "Started", "cause": "UserData", "logging-call-at": "/Users/shivamsaraf/Desktop/work/temporal/common/log/with_logger.go:66"}
2025-03-19T11:38:50.665-0400	debug	Assigning new task key	{"host": "127.0.0.1:63280", "shard-id": 1, "address": "127.0.0.1:63280", "wf-namespace-id": "d0b550e3-6091-4a9b-a9aa-3d80ffb24954", "wf-id": "temporal-sys-worker-deployment:rrentVersion_Batching-564e9892_deployment_series", "wf-run-id": "0195af0e-960d-715f-b6c6-08dcdf4b78ec", "queue-task-type": "ActivityTimeout", "queue-task-id": 1049270, "timestamp": "2025-03-19T15:39:50.666Z", "cursor-timestamp": "2025-03-19T15:38:51.664Z", "logging-call-at": "/Users/shivamsaraf/Desktop/work/temporal/common/log/with_logger.go:61"}
2025-03-19T11:38:50.669-0400	debug	Frontend method invoked.	{"host": "127.0.0.1:63278", "wf-namespace": "namespace-ec265ab4-426c-4316-a4b3-47fc66311932", "operation": "PollActivityTaskQueue", "server-name": "", "cert-thumbprint": "", "logging-call-at": "/Users/shivamsaraf/Desktop/work/temporal/common/log/with_logger.go:61"}
2025-03-19T11:38:50.669-0400	debug	Received PollActivityTaskQueue	{"host": "127.0.0.1:63278", "service": "frontend", "logging-call-at": "/Users/shivamsaraf/Desktop/work/temporal/common/log/with_logger.go:61"}
2025-03-19T11:38:50.670-0400	debug	update state change	{"host": "127.0.0.1:63280", "shard-id": 4, "address": "127.0.0.1:63280", "wf-namespace-id": "d0b550e3-6091-4a9b-a9aa-3d80ffb24954", "wf-id": "temporal-sys-worker-deployment-version:rrentVersion_Batching-564e9892_deployment_series.rrentVersion_Batching-564e9892_build_id", "wf-run-id": "0195af0e-98a0-7d94-93e5-2a1d2e5942f8", "update-id": "24413dcc-ba73-4bf8-bb15-a2f765513d53", "from-state": "Created", "to-state": "ProvisionallyAdmitted", "logging-call-at": "/Users/shivamsaraf/Desktop/work/temporal/common/log/with_logger.go:61"}
2025-03-19T11:38:50.670-0400	debug	update state change	{"host": "127.0.0.1:63280", "shard-id": 4, "address": "127.0.0.1:63280", "wf-namespace-id": "d0b550e3-6091-4a9b-a9aa-3d80ffb24954", "wf-id": "temporal-sys-worker-deployment-version:rrentVersion_Batching-564e9892_deployment_series.rrentVersion_Batching-564e9892_build_id", "wf-run-id": "0195af0e-98a0-7d94-93e5-2a1d2e5942f8", "update-id": "24413dcc-ba73-4bf8-bb15-a2f765513d53", "from-state": "ProvisionallyAdmitted", "to-state": "Admitted", "logging-call-at": "/Users/shivamsaraf/Desktop/work/temporal/common/log/with_logger.go:61"}
2025-03-19T11:38:50.670-0400	debug	Workflow task updated	{"host": "127.0.0.1:63280", "shard-id": 4, "address": "127.0.0.1:63280", "wf-scheduled-event-id": 589, "wf-started-event-id": 0, "workflow-task-request-id": "emptyUuid", "workflow-task-timeout": 10, "attempt": 1, "wf-started-timestamp": "0001-01-01T00:00:00.000Z", "wt-type": "Speculative", "logging-call-at": "/Users/shivamsaraf/Desktop/work/temporal/common/log/with_logger.go:61"}
2025-03-19T11:38:50.671-0400	debug	Workflow task updated	{"host": "127.0.0.1:63280", "shard-id": 4, "address": "127.0.0.1:63280", "wf-scheduled-event-id": 589, "wf-started-event-id": 590, "workflow-task-request-id": "536572d0-a10e-425a-86c0-e42a8f254661", "workflow-task-timeout": 10, "attempt": 1, "wf-started-timestamp": "2025-03-19T15:38:50.671Z", "wt-type": "Speculative", "logging-call-at": "/Users/shivamsaraf/Desktop/work/temporal/common/log/with_logger.go:61"}
2025-03-19T11:38:50.671-0400	debug	update state change	{"host": "127.0.0.1:63280", "shard-id": 4, "address": "127.0.0.1:63280", "wf-namespace-id": "d0b550e3-6091-4a9b-a9aa-3d80ffb24954", "wf-id": "temporal-sys-worker-deployment-version:rrentVersion_Batching-564e9892_deployment_series.rrentVersion_Batching-564e9892_build_id", "wf-run-id": "0195af0e-98a0-7d94-93e5-2a1d2e5942f8", "update-id": "24413dcc-ba73-4bf8-bb15-a2f765513d53", "from-state": "Admitted", "to-state": "Sent", "logging-call-at": "/Users/shivamsaraf/Desktop/work/temporal/common/log/with_logger.go:61"}
2025-03-19T11:38:50.675-0400	debug	Frontend method invoked.	{"host": "127.0.0.1:63278", "wf-namespace": "namespace-ec265ab4-426c-4316-a4b3-47fc66311932", "operation": "PollWorkflowTaskQueue", "server-name": "", "cert-thumbprint": "", "logging-call-at": "/Users/shivamsaraf/Desktop/work/temporal/common/log/with_logger.go:61"}
2025-03-19T11:38:50.675-0400	debug	ExecuteActivity	{"host": "127.0.0.1:63281", "Namespace": "namespace-ec265ab4-426c-4316-a4b3-47fc66311932", "TaskQueue": "temporal-sys-per-ns-tq", "WorkerID": "temporal-system@Shivams-MacBook-Pro.local@namespace-ec265ab4-426c-4316-a4b3-47fc66311932", "WorkflowType": "temporal-sys-worker-deployment-version-workflow", "WorkflowID": "temporal-sys-worker-deployment-version:rrentVersion_Batching-564e9892_deployment_series.rrentVersion_Batching-564e9892_build_id", "RunID": "0195af0e-98a0-7d94-93e5-2a1d2e5942f8", "Attempt": 0, "ActivityID": "593", "ActivityType": "SyncDeploymentVersionUserData", "logging-call-at": "/Users/shivamsaraf/Desktop/work/temporal/common/log/with_logger.go:61"}
2025-03-19T11:38:50.676-0400	debug	Received PollWorkflowTaskQueue	{"host": "127.0.0.1:63278", "service": "frontend", "logging-call-at": "/Users/shivamsaraf/Desktop/work/temporal/common/log/with_logger.go:61"}
2025-03-19T11:38:50.676-0400	debug	Poll workflow task queue.	{"host": "127.0.0.1:63278", "service": "frontend", "wf-namespace": "namespace-ec265ab4-426c-4316-a4b3-47fc66311932", "wf-namespace-id": "d0b550e3-6091-4a9b-a9aa-3d80ffb24954", "logging-call-at": "/Users/shivamsaraf/Desktop/work/temporal/common/log/with_logger.go:61"}
2025-03-19T11:38:50.676-0400	debug	Frontend method invoked.	{"host": "127.0.0.1:63278", "wf-namespace": "namespace-ec265ab4-426c-4316-a4b3-47fc66311932", "operation": "RespondWorkflowTaskCompleted", "server-name": "", "cert-thumbprint": "", "logging-call-at": "/Users/shivamsaraf/Desktop/work/temporal/common/log/with_logger.go:61"}
2025-03-19T11:38:50.676-0400	debug	RespondWorkflowTaskCompleted	{"host": "127.0.0.1:63280", "service": "history", "wf-namespace-id": "d0b550e3-6091-4a9b-a9aa-3d80ffb24954", "wf-id": "temporal-sys-worker-deployment-version:rrentVersion_Batching-564e9892_deployment_series.rrentVersion_Batching-564e9892_build_id", "wf-run-id": "0195af0e-98a0-7d94-93e5-2a1d2e5942f8", "wf-scheduled-event-id": 589, "logging-call-at": "/Users/shivamsaraf/Desktop/work/temporal/common/log/with_logger.go:61"}
2025-03-19T11:38:50.677-0400	debug	Workflow task updated	{"host": "127.0.0.1:63280", "shard-id": 4, "address": "127.0.0.1:63280", "wf-scheduled-event-id": 0, "wf-started-event-id": 0, "workflow-task-request-id": "emptyUuid", "workflow-task-timeout": 0, "attempt": 1, "wf-started-timestamp": "1970-01-01T00:00:00.000Z", "wt-type": "Unspecified", "logging-call-at": "/Users/shivamsaraf/Desktop/work/temporal/common/log/with_logger.go:61"}
2025-03-19T11:38:50.677-0400	debug	update state change	{"host": "127.0.0.1:63280", "shard-id": 4, "address": "127.0.0.1:63280", "wf-namespace-id": "d0b550e3-6091-4a9b-a9aa-3d80ffb24954", "wf-id": "temporal-sys-worker-deployment-version:rrentVersion_Batching-564e9892_deployment_series.rrentVersion_Batching-564e9892_build_id", "wf-run-id": "0195af0e-98a0-7d94-93e5-2a1d2e5942f8", "update-id": "24413dcc-ba73-4bf8-bb15-a2f765513d53", "from-state": "Sent", "to-state": "ProvisionallyAccepted", "logging-call-at": "/Users/shivamsaraf/Desktop/work/temporal/common/log/with_logger.go:61"}
2025-03-19T11:38:50.678-0400	debug	Assigning new task key	{"host": "127.0.0.1:63280", "shard-id": 4, "address": "127.0.0.1:63280", "wf-namespace-id": "d0b550e3-6091-4a9b-a9aa-3d80ffb24954", "wf-id": "temporal-sys-worker-deployment-version:rrentVersion_Batching-564e9892_deployment_series.rrentVersion_Batching-564e9892_build_id", "wf-run-id": "0195af0e-98a0-7d94-93e5-2a1d2e5942f8", "queue-task-type": "TransferActivityTask", "queue-task-id": 1050105, "timestamp": "2025-03-19T15:38:50.678Z", "cursor-timestamp": "2025-03-19T15:38:51.633Z", "logging-call-at": "/Users/shivamsaraf/Desktop/work/temporal/common/log/with_logger.go:61"}
2025-03-19T11:38:50.682-0400	debug	update state change	{"host": "127.0.0.1:63280", "shard-id": 4, "address": "127.0.0.1:63280", "wf-namespace-id": "d0b550e3-6091-4a9b-a9aa-3d80ffb24954", "wf-id": "temporal-sys-worker-deployment-version:rrentVersion_Batching-564e9892_deployment_series.rrentVersion_Batching-564e9892_build_id", "wf-run-id": "0195af0e-98a0-7d94-93e5-2a1d2e5942f8", "update-id": "24413dcc-ba73-4bf8-bb15-a2f765513d53", "from-state": "ProvisionallyAccepted", "to-state": "Accepted", "logging-call-at": "/Users/shivamsaraf/Desktop/work/temporal/common/log/with_logger.go:61"}
2025-03-19T11:38:50.683-0400	debug	Process task as active.	{"host": "127.0.0.1:63280", "shard-id": 4, "address": "127.0.0.1:63280", "component": "transfer-queue-processor", "wf-namespace-id": "d0b550e3-6091-4a9b-a9aa-3d80ffb24954", "value": "d0b550e3-6091-4a9b-a9aa-3d80ffb24954/temporal-sys-worker-deployment-version:rrentVersion_Batching-564e9892_deployment_series.rrentVersion_Batching-564e9892_build_id/0195af0e-98a0-7d94-93e5-2a1d2e5942f8", "logging-call-at": "/Users/shivamsaraf/Desktop/work/temporal/common/log/with_logger.go:61"}
2025-03-19T11:38:50.686-0400	debug	Assigning new task key	{"host": "127.0.0.1:63280", "shard-id": 4, "address": "127.0.0.1:63280", "wf-namespace-id": "d0b550e3-6091-4a9b-a9aa-3d80ffb24954", "wf-id": "temporal-sys-worker-deployment-version:rrentVersion_Batching-564e9892_deployment_series.rrentVersion_Batching-564e9892_build_id", "wf-run-id": "0195af0e-98a0-7d94-93e5-2a1d2e5942f8", "queue-task-type": "ActivityTimeout", "queue-task-id": 1050106, "timestamp": "2025-03-19T15:39:50.687Z", "cursor-timestamp": "2025-03-19T15:38:51.682Z", "logging-call-at": "/Users/shivamsaraf/Desktop/work/temporal/common/log/with_logger.go:61"}
2025-03-19T11:38:50.691-0400	info	syncing task queue userdata for deployment version	{"host": "127.0.0.1:63281", "Namespace": "namespace-ec265ab4-426c-4316-a4b3-47fc66311932", "TaskQueue": "temporal-sys-per-ns-tq", "WorkerID": "temporal-system@Shivams-MacBook-Pro.local@namespace-ec265ab4-426c-4316-a4b3-47fc66311932", "ActivityID": "593", "ActivityType": "SyncDeploymentVersionUserData", "Attempt": 1, "WorkflowType": "temporal-sys-worker-deployment-version-workflow", "WorkflowID": "temporal-sys-worker-deployment-version:rrentVersion_Batching-564e9892_deployment_series.rrentVersion_Batching-564e9892_build_id", "RunID": "0195af0e-98a0-7d94-93e5-2a1d2e5942f8", "taskQueue": "rrentVersion_Batching-564e9892_task_queue_46", "types": [1], "logging-call-at": "/Users/shivamsaraf/Desktop/work/temporal/common/log/with_logger.go:66"}
2025-03-19T11:38:50.691-0400	debug	Frontend method invoked.	{"host": "127.0.0.1:63278", "wf-namespace": "namespace-ec265ab4-426c-4316-a4b3-47fc66311932", "operation": "PollActivityTaskQueue", "server-name": "", "cert-thumbprint": "", "logging-call-at": "/Users/shivamsaraf/Desktop/work/temporal/common/log/with_logger.go:61"}
2025-03-19T11:38:50.691-0400	debug	Received PollActivityTaskQueue	{"host": "127.0.0.1:63278", "service": "frontend", "logging-call-at": "/Users/shivamsaraf/Desktop/work/temporal/common/log/with_logger.go:61"}
2025-03-19T11:38:50.692-0400	debug	Process task as active.	{"host": "127.0.0.1:63280", "shard-id": 4, "address": "127.0.0.1:63280", "component": "timer-queue-processor", "wf-namespace-id": "d0b550e3-6091-4a9b-a9aa-3d80ffb24954", "value": "d0b550e3-6091-4a9b-a9aa-3d80ffb24954/temporal-sys-worker-deployment-version:rrentVersion_Batching-564e9892_deployment_series.rrentVersion_Batching-564e9892_build_id/0195af0e-98a0-7d94-93e5-2a1d2e5942f8", "logging-call-at": "/Users/shivamsaraf/Desktop/work/temporal/common/log/with_logger.go:61"}
2025-03-19T11:38:50.720-0400	debug	Process task as active.	{"host": "127.0.0.1:63280", "shard-id": 4, "address": "127.0.0.1:63280", "component": "timer-queue-processor", "wf-namespace-id": "d0b550e3-6091-4a9b-a9aa-3d80ffb24954", "value": "d0b550e3-6091-4a9b-a9aa-3d80ffb24954/temporal-sys-worker-deployment-version:rrentVersion_Batching-564e9892_deployment_series.rrentVersion_Batching-564e9892_build_id/0195af0e-98a0-7d94-93e5-2a1d2e5942f8", "logging-call-at": "/Users/shivamsaraf/Desktop/work/temporal/common/log/with_logger.go:61"}
2025-03-19T11:38:50.734-0400	debug	Process task as active.	{"host": "127.0.0.1:63280", "shard-id": 1, "address": "127.0.0.1:63280", "component": "timer-queue-processor", "wf-namespace-id": "d0b550e3-6091-4a9b-a9aa-3d80ffb24954", "value": "d0b550e3-6091-4a9b-a9aa-3d80ffb24954/temporal-sys-worker-deployment:rrentVersion_Batching-564e9892_deployment_series/0195af0e-960d-715f-b6c6-08dcdf4b78ec", "logging-call-at": "/Users/shivamsaraf/Desktop/work/temporal/common/log/with_logger.go:61"}
2025-03-19T11:38:50.738-0400	debug	Frontend method invoked.	{"host": "127.0.0.1:63278", "wf-namespace": "namespace-ec265ab4-426c-4316-a4b3-47fc66311932", "operation": "DescribeWorkerDeploymentVersion", "server-name": "", "cert-thumbprint": "", "logging-call-at": "/Users/shivamsaraf/Desktop/work/temporal/common/log/with_logger.go:61"}
2025-03-19T11:38:50.741-0400	debug	Frontend method invoked.	{"host": "127.0.0.1:63278", "wf-namespace": "namespace-ec265ab4-426c-4316-a4b3-47fc66311932", "operation": "PollWorkflowTaskQueue", "server-name": "", "cert-thumbprint": "", "logging-call-at": "/Users/shivamsaraf/Desktop/work/temporal/common/log/with_logger.go:61"}
2025-03-19T11:38:50.741-0400	debug	Received PollWorkflowTaskQueue	{"host": "127.0.0.1:63278", "service": "frontend", "logging-call-at": "/Users/shivamsaraf/Desktop/work/temporal/common/log/with_logger.go:61"}
2025-03-19T11:38:50.741-0400	debug	Poll workflow task queue.	{"host": "127.0.0.1:63278", "service": "frontend", "wf-namespace": "namespace-ec265ab4-426c-4316-a4b3-47fc66311932", "wf-namespace-id": "d0b550e3-6091-4a9b-a9aa-3d80ffb24954", "logging-call-at": "/Users/shivamsaraf/Desktop/work/temporal/common/log/with_logger.go:61"}
2025-03-19T11:38:50.741-0400	debug	Frontend method invoked.	{"host": "127.0.0.1:63278", "wf-namespace": "namespace-ec265ab4-426c-4316-a4b3-47fc66311932", "operation": "RespondQueryTaskCompleted", "server-name": "", "cert-thumbprint": "", "logging-call-at": "/Users/shivamsaraf/Desktop/work/temporal/common/log/with_logger.go:61"}
2025-03-19T11:38:50.742-0400	debug	deployment client success	{"host": "127.0.0.1:63278", "operation": "DescribeVersion", "elapsed": 0.004143542, "args": ["rrentVersion_Batching-564e9892_deployment_series","rrentVersion_Batching-564e9892_build_id"], "logging-call-at": "/Users/shivamsaraf/Desktop/work/temporal/common/log/with_logger.go:61"}
2025-03-19T11:38:50.793-0400	info	modified user data	{"host": "127.0.0.1:63279", "component": "matching-engine", "wf-task-queue-name": "rrentVersion_Batching-564e9892_task_queue_46", "wf-task-queue-type": "Workflow", "wf-namespace": "namespace-ec265ab4-426c-4316-a4b3-47fc66311932", "user-data-update-source": "SyncDeploymentUserData", "user-data-version": 1, "timestamp": "2025-03-19T15:38:50.691Z", "logging-call-at": "/Users/shivamsaraf/Desktop/work/temporal/common/log/with_logger.go:66"}
2025-03-19T11:38:50.793-0400	debug	user data changed while blocked in long poll	{"host": "127.0.0.1:63279", "component": "matching-engine", "wf-task-queue-name": "rrentVersion_Batching-564e9892_task_queue_46", "wf-task-queue-type": "Workflow", "wf-namespace": "namespace-ec265ab4-426c-4316-a4b3-47fc66311932", "logging-call-at": "/Users/shivamsaraf/Desktop/work/temporal/common/log/with_logger.go:61"}
2025-03-19T11:38:50.793-0400	debug	user data changed while blocked in long poll	{"host": "127.0.0.1:63279", "component": "matching-engine", "wf-task-queue-name": "rrentVersion_Batching-564e9892_task_queue_46", "wf-task-queue-type": "Workflow", "wf-namespace": "namespace-ec265ab4-426c-4316-a4b3-47fc66311932", "logging-call-at": "/Users/shivamsaraf/Desktop/work/temporal/common/log/with_logger.go:61"}
2025-03-19T11:38:50.793-0400	debug	user data changed while blocked in long poll	{"host": "127.0.0.1:63279", "component": "matching-engine", "wf-task-queue-name": "rrentVersion_Batching-564e9892_task_queue_46", "wf-task-queue-type": "Workflow", "wf-namespace": "namespace-ec265ab4-426c-4316-a4b3-47fc66311932", "logging-call-at": "/Users/shivamsaraf/Desktop/work/temporal/common/log/with_logger.go:61"}
2025-03-19T11:38:50.793-0400	info	returning user data	{"host": "127.0.0.1:63279", "component": "matching-engine", "wf-task-queue-name": "rrentVersion_Batching-564e9892_task_queue_46", "wf-task-queue-type": "Workflow", "wf-namespace": "namespace-ec265ab4-426c-4316-a4b3-47fc66311932", "long-poll": true, "request-known-version": 0, "user-data-version": 1, "logging-call-at": "/Users/shivamsaraf/Desktop/work/temporal/common/log/with_logger.go:66"}
2025-03-19T11:38:50.793-0400	info	returning user data	{"host": "127.0.0.1:63279", "component": "matching-engine", "wf-task-queue-name": "rrentVersion_Batching-564e9892_task_queue_46", "wf-task-queue-type": "Workflow", "wf-namespace": "namespace-ec265ab4-426c-4316-a4b3-47fc66311932", "long-poll": true, "request-known-version": 0, "user-data-version": 1, "logging-call-at": "/Users/shivamsaraf/Desktop/work/temporal/common/log/with_logger.go:66"}
2025-03-19T11:38:50.793-0400	info	returning user data	{"host": "127.0.0.1:63279", "component": "matching-engine", "wf-task-queue-name": "rrentVersion_Batching-564e9892_task_queue_46", "wf-task-queue-type": "Workflow", "wf-namespace": "namespace-ec265ab4-426c-4316-a4b3-47fc66311932", "long-poll": true, "request-known-version": 0, "user-data-version": 1, "logging-call-at": "/Users/shivamsaraf/Desktop/work/temporal/common/log/with_logger.go:66"}
2025-03-19T11:38:50.794-0400	info	fetched user data from parent	{"host": "127.0.0.1:63279", "component": "matching-engine", "wf-task-queue-name": "/_sys/rrentVersion_Batching-564e9892_task_queue_46/3", "wf-task-queue-type": "Workflow", "wf-namespace": "namespace-ec265ab4-426c-4316-a4b3-47fc66311932", "user-data-version": 1, "timestamp": "2025-03-19T15:38:50.691Z", "logging-call-at": "/Users/shivamsaraf/Desktop/work/temporal/common/log/with_logger.go:66"}
2025-03-19T11:38:50.794-0400	info	fetched user data from parent	{"host": "127.0.0.1:63279", "component": "matching-engine", "wf-task-queue-name": "/_sys/rrentVersion_Batching-564e9892_task_queue_46/1", "wf-task-queue-type": "Workflow", "wf-namespace": "namespace-ec265ab4-426c-4316-a4b3-47fc66311932", "user-data-version": 1, "timestamp": "2025-03-19T15:38:50.691Z", "logging-call-at": "/Users/shivamsaraf/Desktop/work/temporal/common/log/with_logger.go:66"}
2025-03-19T11:38:50.794-0400	debug	Frontend method invoked.	{"host": "127.0.0.1:63278", "wf-namespace": "namespace-ec265ab4-426c-4316-a4b3-47fc66311932", "operation": "RespondActivityTaskCompleted", "server-name": "", "cert-thumbprint": "", "logging-call-at": "/Users/shivamsaraf/Desktop/work/temporal/common/log/with_logger.go:61"}
2025-03-19T11:38:50.794-0400	info	fetched user data from parent	{"host": "127.0.0.1:63279", "component": "matching-engine", "wf-task-queue-name": "/_sys/rrentVersion_Batching-564e9892_task_queue_46/2", "wf-task-queue-type": "Workflow", "wf-namespace": "namespace-ec265ab4-426c-4316-a4b3-47fc66311932", "user-data-version": 1, "timestamp": "2025-03-19T15:38:50.691Z", "logging-call-at": "/Users/shivamsaraf/Desktop/work/temporal/common/log/with_logger.go:66"}
2025-03-19T11:38:50.794-0400	debug	Workflow task updated	{"host": "127.0.0.1:63280", "shard-id": 4, "address": "127.0.0.1:63280", "wf-scheduled-event-id": 596, "wf-started-event-id": 0, "workflow-task-request-id": "emptyUuid", "workflow-task-timeout": 10, "attempt": 1, "wf-started-timestamp": "0001-01-01T00:00:00.000Z", "wt-type": "Normal", "logging-call-at": "/Users/shivamsaraf/Desktop/work/temporal/common/log/with_logger.go:61"}
2025-03-19T11:38:50.795-0400	debug	Assigning new task key	{"host": "127.0.0.1:63280", "shard-id": 4, "address": "127.0.0.1:63280", "wf-namespace-id": "d0b550e3-6091-4a9b-a9aa-3d80ffb24954", "wf-id": "temporal-sys-worker-deployment-version:rrentVersion_Batching-564e9892_deployment_series.rrentVersion_Batching-564e9892_build_id", "wf-run-id": "0195af0e-98a0-7d94-93e5-2a1d2e5942f8", "queue-task-type": "WorkflowTaskTimeout", "queue-task-id": 1050112, "timestamp": "2025-03-19T15:38:55.795Z", "cursor-timestamp": "2025-03-19T15:38:51.682Z", "logging-call-at": "/Users/shivamsaraf/Desktop/work/temporal/common/log/with_logger.go:61"}
2025-03-19T11:38:50.795-0400	debug	Assigning new task key	{"host": "127.0.0.1:63280", "shard-id": 4, "address": "127.0.0.1:63280", "wf-namespace-id": "d0b550e3-6091-4a9b-a9aa-3d80ffb24954", "wf-id": "temporal-sys-worker-deployment-version:rrentVersion_Batching-564e9892_deployment_series.rrentVersion_Batching-564e9892_build_id", "wf-run-id": "0195af0e-98a0-7d94-93e5-2a1d2e5942f8", "queue-task-type": "TransferWorkflowTask", "queue-task-id": 1050113, "timestamp": "2025-03-19T15:38:50.795Z", "cursor-timestamp": "2025-03-19T15:38:51.682Z", "logging-call-at": "/Users/shivamsaraf/Desktop/work/temporal/common/log/with_logger.go:61"}
2025-03-19T11:38:50.800-0400	debug	Process task as active.	{"host": "127.0.0.1:63280", "shard-id": 4, "address": "127.0.0.1:63280", "component": "transfer-queue-processor", "wf-namespace-id": "d0b550e3-6091-4a9b-a9aa-3d80ffb24954", "value": "d0b550e3-6091-4a9b-a9aa-3d80ffb24954/temporal-sys-worker-deployment-version:rrentVersion_Batching-564e9892_deployment_series.rrentVersion_Batching-564e9892_build_id/0195af0e-98a0-7d94-93e5-2a1d2e5942f8", "logging-call-at": "/Users/shivamsaraf/Desktop/work/temporal/common/log/with_logger.go:61"}
2025-03-19T11:38:50.801-0400	debug	Workflow task updated	{"host": "127.0.0.1:63280", "shard-id": 4, "address": "127.0.0.1:63280", "wf-scheduled-event-id": 596, "wf-started-event-id": 597, "workflow-task-request-id": "c7cd338c-531f-4a01-9d68-19d8b59a9c9e", "workflow-task-timeout": 10, "attempt": 1, "wf-started-timestamp": "2025-03-19T15:38:50.801Z", "wt-type": "Normal", "logging-call-at": "/Users/shivamsaraf/Desktop/work/temporal/common/log/with_logger.go:61"}
2025-03-19T11:38:50.801-0400	debug	Assigning new task key	{"host": "127.0.0.1:63280", "shard-id": 4, "address": "127.0.0.1:63280", "wf-namespace-id": "d0b550e3-6091-4a9b-a9aa-3d80ffb24954", "wf-id": "temporal-sys-worker-deployment-version:rrentVersion_Batching-564e9892_deployment_series.rrentVersion_Batching-564e9892_build_id", "wf-run-id": "0195af0e-98a0-7d94-93e5-2a1d2e5942f8", "queue-task-type": "WorkflowTaskTimeout", "queue-task-id": 1050116, "timestamp": "2025-03-19T15:39:00.802Z", "cursor-timestamp": "2025-03-19T15:38:51.799Z", "logging-call-at": "/Users/shivamsaraf/Desktop/work/temporal/common/log/with_logger.go:61"}
2025-03-19T11:38:50.810-0400	debug	ExecuteActivity	{"host": "127.0.0.1:63281", "Namespace": "namespace-ec265ab4-426c-4316-a4b3-47fc66311932", "TaskQueue": "temporal-sys-per-ns-tq", "WorkerID": "temporal-system@Shivams-MacBook-Pro.local@namespace-ec265ab4-426c-4316-a4b3-47fc66311932", "WorkflowType": "temporal-sys-worker-deployment-version-workflow", "WorkflowID": "temporal-sys-worker-deployment-version:rrentVersion_Batching-564e9892_deployment_series.rrentVersion_Batching-564e9892_build_id", "RunID": "0195af0e-98a0-7d94-93e5-2a1d2e5942f8", "Attempt": 0, "ActivityID": "599", "ActivityType": "CheckWorkerDeploymentUserDataPropagation", "logging-call-at": "/Users/shivamsaraf/Desktop/work/temporal/common/log/with_logger.go:61"}
2025-03-19T11:38:50.810-0400	debug	Frontend method invoked.	{"host": "127.0.0.1:63278", "wf-namespace": "namespace-ec265ab4-426c-4316-a4b3-47fc66311932", "operation": "PollWorkflowTaskQueue", "server-name": "", "cert-thumbprint": "", "logging-call-at": "/Users/shivamsaraf/Desktop/work/temporal/common/log/with_logger.go:61"}
2025-03-19T11:38:50.810-0400	debug	Received PollWorkflowTaskQueue	{"host": "127.0.0.1:63278", "service": "frontend", "logging-call-at": "/Users/shivamsaraf/Desktop/work/temporal/common/log/with_logger.go:61"}
2025-03-19T11:38:50.810-0400	debug	Poll workflow task queue.	{"host": "127.0.0.1:63278", "service": "frontend", "wf-namespace": "namespace-ec265ab4-426c-4316-a4b3-47fc66311932", "wf-namespace-id": "d0b550e3-6091-4a9b-a9aa-3d80ffb24954", "logging-call-at": "/Users/shivamsaraf/Desktop/work/temporal/common/log/with_logger.go:61"}
2025-03-19T11:38:50.810-0400	debug	Frontend method invoked.	{"host": "127.0.0.1:63278", "wf-namespace": "namespace-ec265ab4-426c-4316-a4b3-47fc66311932", "operation": "RespondWorkflowTaskCompleted", "server-name": "", "cert-thumbprint": "", "logging-call-at": "/Users/shivamsaraf/Desktop/work/temporal/common/log/with_logger.go:61"}
2025-03-19T11:38:50.811-0400	debug	RespondWorkflowTaskCompleted	{"host": "127.0.0.1:63280", "service": "history", "wf-namespace-id": "d0b550e3-6091-4a9b-a9aa-3d80ffb24954", "wf-id": "temporal-sys-worker-deployment-version:rrentVersion_Batching-564e9892_deployment_series.rrentVersion_Batching-564e9892_build_id", "wf-run-id": "0195af0e-98a0-7d94-93e5-2a1d2e5942f8", "wf-scheduled-event-id": 596, "logging-call-at": "/Users/shivamsaraf/Desktop/work/temporal/common/log/with_logger.go:61"}
2025-03-19T11:38:50.811-0400	debug	Workflow task updated	{"host": "127.0.0.1:63280", "shard-id": 4, "address": "127.0.0.1:63280", "wf-scheduled-event-id": 0, "wf-started-event-id": 0, "workflow-task-request-id": "emptyUuid", "workflow-task-timeout": 0, "attempt": 1, "wf-started-timestamp": "1970-01-01T00:00:00.000Z", "wt-type": "Unspecified", "logging-call-at": "/Users/shivamsaraf/Desktop/work/temporal/common/log/with_logger.go:61"}
2025-03-19T11:38:50.811-0400	debug	Assigning new task key	{"host": "127.0.0.1:63280", "shard-id": 4, "address": "127.0.0.1:63280", "wf-namespace-id": "d0b550e3-6091-4a9b-a9aa-3d80ffb24954", "wf-id": "temporal-sys-worker-deployment-version:rrentVersion_Batching-564e9892_deployment_series.rrentVersion_Batching-564e9892_build_id", "wf-run-id": "0195af0e-98a0-7d94-93e5-2a1d2e5942f8", "queue-task-type": "TransferActivityTask", "queue-task-id": 1050121, "timestamp": "2025-03-19T15:38:50.811Z", "cursor-timestamp": "2025-03-19T15:38:51.799Z", "logging-call-at": "/Users/shivamsaraf/Desktop/work/temporal/common/log/with_logger.go:61"}
2025-03-19T11:38:50.815-0400	debug	Process task as active.	{"host": "127.0.0.1:63280", "shard-id": 4, "address": "127.0.0.1:63280", "component": "transfer-queue-processor", "wf-namespace-id": "d0b550e3-6091-4a9b-a9aa-3d80ffb24954", "value": "d0b550e3-6091-4a9b-a9aa-3d80ffb24954/temporal-sys-worker-deployment-version:rrentVersion_Batching-564e9892_deployment_series.rrentVersion_Batching-564e9892_build_id/0195af0e-98a0-7d94-93e5-2a1d2e5942f8", "logging-call-at": "/Users/shivamsaraf/Desktop/work/temporal/common/log/with_logger.go:61"}
2025-03-19T11:38:50.816-0400	debug	Assigning new task key	{"host": "127.0.0.1:63280", "shard-id": 4, "address": "127.0.0.1:63280", "wf-namespace-id": "d0b550e3-6091-4a9b-a9aa-3d80ffb24954", "wf-id": "temporal-sys-worker-deployment-version:rrentVersion_Batching-564e9892_deployment_series.rrentVersion_Batching-564e9892_build_id", "wf-run-id": "0195af0e-98a0-7d94-93e5-2a1d2e5942f8", "queue-task-type": "ActivityTimeout", "queue-task-id": 1050122, "timestamp": "2025-03-19T15:39:50.817Z", "cursor-timestamp": "2025-03-19T15:38:51.815Z", "logging-call-at": "/Users/shivamsaraf/Desktop/work/temporal/common/log/with_logger.go:61"}
2025-03-19T11:38:50.820-0400	info	waiting for userdata propagation	{"host": "127.0.0.1:63281", "Namespace": "namespace-ec265ab4-426c-4316-a4b3-47fc66311932", "TaskQueue": "temporal-sys-per-ns-tq", "WorkerID": "temporal-system@Shivams-MacBook-Pro.local@namespace-ec265ab4-426c-4316-a4b3-47fc66311932", "ActivityID": "599", "ActivityType": "CheckWorkerDeploymentUserDataPropagation", "Attempt": 1, "WorkflowType": "temporal-sys-worker-deployment-version-workflow", "WorkflowID": "temporal-sys-worker-deployment-version:rrentVersion_Batching-564e9892_deployment_series.rrentVersion_Batching-564e9892_build_id", "RunID": "0195af0e-98a0-7d94-93e5-2a1d2e5942f8", "taskQueue": "rrentVersion_Batching-564e9892_task_queue_46", "version": 1, "logging-call-at": "/Users/shivamsaraf/Desktop/work/temporal/common/log/with_logger.go:66"}
2025-03-19T11:38:50.820-0400	debug	Frontend method invoked.	{"host": "127.0.0.1:63278", "wf-namespace": "namespace-ec265ab4-426c-4316-a4b3-47fc66311932", "operation": "PollActivityTaskQueue", "server-name": "", "cert-thumbprint": "", "logging-call-at": "/Users/shivamsaraf/Desktop/work/temporal/common/log/with_logger.go:61"}
2025-03-19T11:38:50.820-0400	debug	Received PollActivityTaskQueue	{"host": "127.0.0.1:63278", "service": "frontend", "logging-call-at": "/Users/shivamsaraf/Desktop/work/temporal/common/log/with_logger.go:61"}
2025-03-19T11:38:50.821-0400	info	returning user data	{"host": "127.0.0.1:63279", "component": "matching-engine", "wf-task-queue-name": "/_sys/rrentVersion_Batching-564e9892_task_queue_46/3", "wf-task-queue-type": "Workflow", "wf-namespace": "namespace-ec265ab4-426c-4316-a4b3-47fc66311932", "long-poll": true, "request-known-version": 0, "user-data-version": 1, "logging-call-at": "/Users/shivamsaraf/Desktop/work/temporal/common/log/with_logger.go:66"}
2025-03-19T11:38:50.821-0400	info	returning user data	{"host": "127.0.0.1:63279", "component": "matching-engine", "wf-task-queue-name": "/_sys/rrentVersion_Batching-564e9892_task_queue_46/2", "wf-task-queue-type": "Workflow", "wf-namespace": "namespace-ec265ab4-426c-4316-a4b3-47fc66311932", "long-poll": true, "request-known-version": 0, "user-data-version": 1, "logging-call-at": "/Users/shivamsaraf/Desktop/work/temporal/common/log/with_logger.go:66"}
2025-03-19T11:38:50.821-0400	info	matching client encountered error	{"host": "127.0.0.1:63279", "error": "partition was not loaded", "service-error-type": "serviceerror.FailedPrecondition", "logging-call-at": "/Users/shivamsaraf/Desktop/work/temporal/common/log/with_logger.go:66"}
2025-03-19T11:38:50.821-0400	info	returning user data	{"host": "127.0.0.1:63279", "component": "matching-engine", "wf-task-queue-name": "/_sys/rrentVersion_Batching-564e9892_task_queue_46/1", "wf-task-queue-type": "Workflow", "wf-namespace": "namespace-ec265ab4-426c-4316-a4b3-47fc66311932", "long-poll": true, "request-known-version": 0, "user-data-version": 1, "logging-call-at": "/Users/shivamsaraf/Desktop/work/temporal/common/log/with_logger.go:66"}
2025-03-19T11:38:50.821-0400	info	matching client encountered error	{"host": "127.0.0.1:63279", "error": "partition was not loaded", "service-error-type": "serviceerror.FailedPrecondition", "logging-call-at": "/Users/shivamsaraf/Desktop/work/temporal/common/log/with_logger.go:66"}
2025-03-19T11:38:50.821-0400	info	matching client encountered error	{"host": "127.0.0.1:63279", "error": "partition was not loaded", "service-error-type": "serviceerror.FailedPrecondition", "logging-call-at": "/Users/shivamsaraf/Desktop/work/temporal/common/log/with_logger.go:66"}
2025-03-19T11:38:50.821-0400	info	matching client encountered error	{"host": "127.0.0.1:63279", "error": "partition was not loaded", "service-error-type": "serviceerror.FailedPrecondition", "logging-call-at": "/Users/shivamsaraf/Desktop/work/temporal/common/log/with_logger.go:66"}
2025-03-19T11:38:50.822-0400	debug	Frontend method invoked.	{"host": "127.0.0.1:63278", "wf-namespace": "namespace-ec265ab4-426c-4316-a4b3-47fc66311932", "operation": "RespondActivityTaskCompleted", "server-name": "", "cert-thumbprint": "", "logging-call-at": "/Users/shivamsaraf/Desktop/work/temporal/common/log/with_logger.go:61"}
2025-03-19T11:38:50.822-0400	debug	Workflow task updated	{"host": "127.0.0.1:63280", "shard-id": 4, "address": "127.0.0.1:63280", "wf-scheduled-event-id": 602, "wf-started-event-id": 0, "workflow-task-request-id": "emptyUuid", "workflow-task-timeout": 10, "attempt": 1, "wf-started-timestamp": "0001-01-01T00:00:00.000Z", "wt-type": "Normal", "logging-call-at": "/Users/shivamsaraf/Desktop/work/temporal/common/log/with_logger.go:61"}
2025-03-19T11:38:50.822-0400	debug	Assigning new task key	{"host": "127.0.0.1:63280", "shard-id": 4, "address": "127.0.0.1:63280", "wf-namespace-id": "d0b550e3-6091-4a9b-a9aa-3d80ffb24954", "wf-id": "temporal-sys-worker-deployment-version:rrentVersion_Batching-564e9892_deployment_series.rrentVersion_Batching-564e9892_build_id", "wf-run-id": "0195af0e-98a0-7d94-93e5-2a1d2e5942f8", "queue-task-type": "WorkflowTaskTimeout", "queue-task-id": 1050128, "timestamp": "2025-03-19T15:38:55.823Z", "cursor-timestamp": "2025-03-19T15:38:51.815Z", "logging-call-at": "/Users/shivamsaraf/Desktop/work/temporal/common/log/with_logger.go:61"}
2025-03-19T11:38:50.822-0400	debug	Assigning new task key	{"host": "127.0.0.1:63280", "shard-id": 4, "address": "127.0.0.1:63280", "wf-namespace-id": "d0b550e3-6091-4a9b-a9aa-3d80ffb24954", "wf-id": "temporal-sys-worker-deployment-version:rrentVersion_Batching-564e9892_deployment_series.rrentVersion_Batching-564e9892_build_id", "wf-run-id": "0195af0e-98a0-7d94-93e5-2a1d2e5942f8", "queue-task-type": "TransferWorkflowTask", "queue-task-id": 1050129, "timestamp": "2025-03-19T15:38:50.822Z", "cursor-timestamp": "2025-03-19T15:38:51.815Z", "logging-call-at": "/Users/shivamsaraf/Desktop/work/temporal/common/log/with_logger.go:61"}
2025-03-19T11:38:50.826-0400	debug	Process task as active.	{"host": "127.0.0.1:63280", "shard-id": 4, "address": "127.0.0.1:63280", "component": "transfer-queue-processor", "wf-namespace-id": "d0b550e3-6091-4a9b-a9aa-3d80ffb24954", "value": "d0b550e3-6091-4a9b-a9aa-3d80ffb24954/temporal-sys-worker-deployment-version:rrentVersion_Batching-564e9892_deployment_series.rrentVersion_Batching-564e9892_build_id/0195af0e-98a0-7d94-93e5-2a1d2e5942f8", "logging-call-at": "/Users/shivamsaraf/Desktop/work/temporal/common/log/with_logger.go:61"}
2025-03-19T11:38:50.827-0400	debug	Workflow task updated	{"host": "127.0.0.1:63280", "shard-id": 4, "address": "127.0.0.1:63280", "wf-scheduled-event-id": 602, "wf-started-event-id": 603, "workflow-task-request-id": "ca8325e1-3cfb-46d2-aa8b-c7b4f032917b", "workflow-task-timeout": 10, "attempt": 1, "wf-started-timestamp": "2025-03-19T15:38:50.827Z", "wt-type": "Normal", "logging-call-at": "/Users/shivamsaraf/Desktop/work/temporal/common/log/with_logger.go:61"}
2025-03-19T11:38:50.827-0400	debug	Assigning new task key	{"host": "127.0.0.1:63280", "shard-id": 4, "address": "127.0.0.1:63280", "wf-namespace-id": "d0b550e3-6091-4a9b-a9aa-3d80ffb24954", "wf-id": "temporal-sys-worker-deployment-version:rrentVersion_Batching-564e9892_deployment_series.rrentVersion_Batching-564e9892_build_id", "wf-run-id": "0195af0e-98a0-7d94-93e5-2a1d2e5942f8", "queue-task-type": "WorkflowTaskTimeout", "queue-task-id": 1050132, "timestamp": "2025-03-19T15:39:00.828Z", "cursor-timestamp": "2025-03-19T15:38:51.826Z", "logging-call-at": "/Users/shivamsaraf/Desktop/work/temporal/common/log/with_logger.go:61"}
2025-03-19T11:38:50.835-0400	debug	Frontend method invoked.	{"host": "127.0.0.1:63278", "wf-namespace": "namespace-ec265ab4-426c-4316-a4b3-47fc66311932", "operation": "PollWorkflowTaskQueue", "server-name": "", "cert-thumbprint": "", "logging-call-at": "/Users/shivamsaraf/Desktop/work/temporal/common/log/with_logger.go:61"}
2025-03-19T11:38:50.835-0400	debug	Received PollWorkflowTaskQueue	{"host": "127.0.0.1:63278", "service": "frontend", "logging-call-at": "/Users/shivamsaraf/Desktop/work/temporal/common/log/with_logger.go:61"}
2025-03-19T11:38:50.835-0400	debug	Poll workflow task queue.	{"host": "127.0.0.1:63278", "service": "frontend", "wf-namespace": "namespace-ec265ab4-426c-4316-a4b3-47fc66311932", "wf-namespace-id": "d0b550e3-6091-4a9b-a9aa-3d80ffb24954", "logging-call-at": "/Users/shivamsaraf/Desktop/work/temporal/common/log/with_logger.go:61"}
2025-03-19T11:38:50.835-0400	debug	Frontend method invoked.	{"host": "127.0.0.1:63278", "wf-namespace": "namespace-ec265ab4-426c-4316-a4b3-47fc66311932", "operation": "RespondWorkflowTaskCompleted", "server-name": "", "cert-thumbprint": "", "logging-call-at": "/Users/shivamsaraf/Desktop/work/temporal/common/log/with_logger.go:61"}
2025-03-19T11:38:50.835-0400	debug	RespondWorkflowTaskCompleted	{"host": "127.0.0.1:63280", "service": "history", "wf-namespace-id": "d0b550e3-6091-4a9b-a9aa-3d80ffb24954", "wf-id": "temporal-sys-worker-deployment-version:rrentVersion_Batching-564e9892_deployment_series.rrentVersion_Batching-564e9892_build_id", "wf-run-id": "0195af0e-98a0-7d94-93e5-2a1d2e5942f8", "wf-scheduled-event-id": 602, "logging-call-at": "/Users/shivamsaraf/Desktop/work/temporal/common/log/with_logger.go:61"}
2025-03-19T11:38:50.836-0400	debug	Workflow task updated	{"host": "127.0.0.1:63280", "shard-id": 4, "address": "127.0.0.1:63280", "wf-scheduled-event-id": 0, "wf-started-event-id": 0, "workflow-task-request-id": "emptyUuid", "workflow-task-timeout": 0, "attempt": 1, "wf-started-timestamp": "1970-01-01T00:00:00.000Z", "wt-type": "Unspecified", "logging-call-at": "/Users/shivamsaraf/Desktop/work/temporal/common/log/with_logger.go:61"}
2025-03-19T11:38:50.836-0400	debug	update state change	{"host": "127.0.0.1:63280", "shard-id": 4, "address": "127.0.0.1:63280", "wf-namespace-id": "d0b550e3-6091-4a9b-a9aa-3d80ffb24954", "wf-id": "temporal-sys-worker-deployment-version:rrentVersion_Batching-564e9892_deployment_series.rrentVersion_Batching-564e9892_build_id", "wf-run-id": "0195af0e-98a0-7d94-93e5-2a1d2e5942f8", "update-id": "24413dcc-ba73-4bf8-bb15-a2f765513d53", "from-state": "Accepted", "to-state": "ProvisionallyCompleted", "logging-call-at": "/Users/shivamsaraf/Desktop/work/temporal/common/log/with_logger.go:61"}
2025-03-19T11:38:50.838-0400	debug	update state change	{"host": "127.0.0.1:63280", "shard-id": 4, "address": "127.0.0.1:63280", "wf-namespace-id": "d0b550e3-6091-4a9b-a9aa-3d80ffb24954", "wf-id": "temporal-sys-worker-deployment-version:rrentVersion_Batching-564e9892_deployment_series.rrentVersion_Batching-564e9892_build_id", "wf-run-id": "0195af0e-98a0-7d94-93e5-2a1d2e5942f8", "update-id": "24413dcc-ba73-4bf8-bb15-a2f765513d53", "from-state": "ProvisionallyCompleted", "to-state": "Completed", "logging-call-at": "/Users/shivamsaraf/Desktop/work/temporal/common/log/with_logger.go:61"}
2025-03-19T11:38:50.839-0400	debug	Frontend method invoked.	{"host": "127.0.0.1:63278", "wf-namespace": "namespace-ec265ab4-426c-4316-a4b3-47fc66311932", "operation": "RespondActivityTaskCompleted", "server-name": "", "cert-thumbprint": "", "logging-call-at": "/Users/shivamsaraf/Desktop/work/temporal/common/log/with_logger.go:61"}
2025-03-19T11:38:50.840-0400	debug	Workflow task updated	{"host": "127.0.0.1:63280", "shard-id": 1, "address": "127.0.0.1:63280", "wf-scheduled-event-id": 298, "wf-started-event-id": 0, "workflow-task-request-id": "emptyUuid", "workflow-task-timeout": 10, "attempt": 1, "wf-started-timestamp": "0001-01-01T00:00:00.000Z", "wt-type": "Normal", "logging-call-at": "/Users/shivamsaraf/Desktop/work/temporal/common/log/with_logger.go:61"}
2025-03-19T11:38:50.840-0400	debug	Assigning new task key	{"host": "127.0.0.1:63280", "shard-id": 1, "address": "127.0.0.1:63280", "wf-namespace-id": "d0b550e3-6091-4a9b-a9aa-3d80ffb24954", "wf-id": "temporal-sys-worker-deployment:rrentVersion_Batching-564e9892_deployment_series", "wf-run-id": "0195af0e-960d-715f-b6c6-08dcdf4b78ec", "queue-task-type": "WorkflowTaskTimeout", "queue-task-id": 1049276, "timestamp": "2025-03-19T15:38:55.841Z", "cursor-timestamp": "2025-03-19T15:38:51.664Z", "logging-call-at": "/Users/shivamsaraf/Desktop/work/temporal/common/log/with_logger.go:61"}
2025-03-19T11:38:50.840-0400	debug	Assigning new task key	{"host": "127.0.0.1:63280", "shard-id": 1, "address": "127.0.0.1:63280", "wf-namespace-id": "d0b550e3-6091-4a9b-a9aa-3d80ffb24954", "wf-id": "temporal-sys-worker-deployment:rrentVersion_Batching-564e9892_deployment_series", "wf-run-id": "0195af0e-960d-715f-b6c6-08dcdf4b78ec", "queue-task-type": "TransferWorkflowTask", "queue-task-id": 1049277, "timestamp": "2025-03-19T15:38:50.840Z", "cursor-timestamp": "2025-03-19T15:38:51.664Z", "logging-call-at": "/Users/shivamsaraf/Desktop/work/temporal/common/log/with_logger.go:61"}
2025-03-19T11:38:50.844-0400	debug	Process task as active.	{"host": "127.0.0.1:63280", "shard-id": 1, "address": "127.0.0.1:63280", "component": "transfer-queue-processor", "wf-namespace-id": "d0b550e3-6091-4a9b-a9aa-3d80ffb24954", "value": "d0b550e3-6091-4a9b-a9aa-3d80ffb24954/temporal-sys-worker-deployment:rrentVersion_Batching-564e9892_deployment_series/0195af0e-960d-715f-b6c6-08dcdf4b78ec", "logging-call-at": "/Users/shivamsaraf/Desktop/work/temporal/common/log/with_logger.go:61"}
2025-03-19T11:38:50.844-0400	debug	Workflow task updated	{"host": "127.0.0.1:63280", "shard-id": 1, "address": "127.0.0.1:63280", "wf-scheduled-event-id": 298, "wf-started-event-id": 299, "workflow-task-request-id": "b6c2df16-bb00-43b4-a729-7388e5029d6d", "workflow-task-timeout": 10, "attempt": 1, "wf-started-timestamp": "2025-03-19T15:38:50.844Z", "wt-type": "Normal", "logging-call-at": "/Users/shivamsaraf/Desktop/work/temporal/common/log/with_logger.go:61"}
2025-03-19T11:38:50.845-0400	debug	Assigning new task key	{"host": "127.0.0.1:63280", "shard-id": 1, "address": "127.0.0.1:63280", "wf-namespace-id": "d0b550e3-6091-4a9b-a9aa-3d80ffb24954", "wf-id": "temporal-sys-worker-deployment:rrentVersion_Batching-564e9892_deployment_series", "wf-run-id": "0195af0e-960d-715f-b6c6-08dcdf4b78ec", "queue-task-type": "WorkflowTaskTimeout", "queue-task-id": 1049280, "timestamp": "2025-03-19T15:39:00.845Z", "cursor-timestamp": "2025-03-19T15:38:51.843Z", "logging-call-at": "/Users/shivamsaraf/Desktop/work/temporal/common/log/with_logger.go:61"}
2025-03-19T11:38:50.851-0400	debug	ExecuteActivity	{"host": "127.0.0.1:63281", "Namespace": "namespace-ec265ab4-426c-4316-a4b3-47fc66311932", "TaskQueue": "temporal-sys-per-ns-tq", "WorkerID": "temporal-system@Shivams-MacBook-Pro.local@namespace-ec265ab4-426c-4316-a4b3-47fc66311932", "WorkflowType": "temporal-sys-worker-deployment-workflow", "WorkflowID": "temporal-sys-worker-deployment:rrentVersion_Batching-564e9892_deployment_series", "RunID": "0195af0e-960d-715f-b6c6-08dcdf4b78ec", "Attempt": 0, "ActivityID": "302", "ActivityType": "RegisterWorkerInVersion", "logging-call-at": "/Users/shivamsaraf/Desktop/work/temporal/common/log/with_logger.go:61"}
2025-03-19T11:38:50.851-0400	debug	Frontend method invoked.	{"host": "127.0.0.1:63278", "wf-namespace": "namespace-ec265ab4-426c-4316-a4b3-47fc66311932", "operation": "PollWorkflowTaskQueue", "server-name": "", "cert-thumbprint": "", "logging-call-at": "/Users/shivamsaraf/Desktop/work/temporal/common/log/with_logger.go:61"}
2025-03-19T11:38:50.851-0400	debug	Received PollWorkflowTaskQueue	{"host": "127.0.0.1:63278", "service": "frontend", "logging-call-at": "/Users/shivamsaraf/Desktop/work/temporal/common/log/with_logger.go:61"}
2025-03-19T11:38:50.851-0400	debug	Poll workflow task queue.	{"host": "127.0.0.1:63278", "service": "frontend", "wf-namespace": "namespace-ec265ab4-426c-4316-a4b3-47fc66311932", "wf-namespace-id": "d0b550e3-6091-4a9b-a9aa-3d80ffb24954", "logging-call-at": "/Users/shivamsaraf/Desktop/work/temporal/common/log/with_logger.go:61"}
2025-03-19T11:38:50.852-0400	debug	Frontend method invoked.	{"host": "127.0.0.1:63278", "wf-namespace": "namespace-ec265ab4-426c-4316-a4b3-47fc66311932", "operation": "RespondWorkflowTaskCompleted", "server-name": "", "cert-thumbprint": "", "logging-call-at": "/Users/shivamsaraf/Desktop/work/temporal/common/log/with_logger.go:61"}
2025-03-19T11:38:50.852-0400	debug	RespondWorkflowTaskCompleted	{"host": "127.0.0.1:63280", "service": "history", "wf-namespace-id": "d0b550e3-6091-4a9b-a9aa-3d80ffb24954", "wf-id": "temporal-sys-worker-deployment:rrentVersion_Batching-564e9892_deployment_series", "wf-run-id": "0195af0e-960d-715f-b6c6-08dcdf4b78ec", "wf-scheduled-event-id": 298, "logging-call-at": "/Users/shivamsaraf/Desktop/work/temporal/common/log/with_logger.go:61"}
2025-03-19T11:38:50.852-0400	debug	Workflow task updated	{"host": "127.0.0.1:63280", "shard-id": 1, "address": "127.0.0.1:63280", "wf-scheduled-event-id": 0, "wf-started-event-id": 0, "workflow-task-request-id": "emptyUuid", "workflow-task-timeout": 0, "attempt": 1, "wf-started-timestamp": "1970-01-01T00:00:00.000Z", "wt-type": "Unspecified", "logging-call-at": "/Users/shivamsaraf/Desktop/work/temporal/common/log/with_logger.go:61"}
2025-03-19T11:38:50.852-0400	debug	update state change	{"host": "127.0.0.1:63280", "shard-id": 1, "address": "127.0.0.1:63280", "wf-namespace-id": "d0b550e3-6091-4a9b-a9aa-3d80ffb24954", "wf-id": "temporal-sys-worker-deployment:rrentVersion_Batching-564e9892_deployment_series", "wf-run-id": "0195af0e-960d-715f-b6c6-08dcdf4b78ec", "update-id": "a74b88b9-5211-42c5-ae19-231c02a855fa", "from-state": "Accepted", "to-state": "ProvisionallyCompleted", "logging-call-at": "/Users/shivamsaraf/Desktop/work/temporal/common/log/with_logger.go:61"}
2025-03-19T11:38:50.853-0400	debug	Assigning new task key	{"host": "127.0.0.1:63280", "shard-id": 1, "address": "127.0.0.1:63280", "wf-namespace-id": "d0b550e3-6091-4a9b-a9aa-3d80ffb24954", "wf-id": "temporal-sys-worker-deployment:rrentVersion_Batching-564e9892_deployment_series", "wf-run-id": "0195af0e-960d-715f-b6c6-08dcdf4b78ec", "queue-task-type": "TransferActivityTask", "queue-task-id": 1049286, "timestamp": "2025-03-19T15:38:50.853Z", "cursor-timestamp": "2025-03-19T15:38:51.843Z", "logging-call-at": "/Users/shivamsaraf/Desktop/work/temporal/common/log/with_logger.go:61"}
2025-03-19T11:38:50.856-0400	debug	update state change	{"host": "127.0.0.1:63280", "shard-id": 1, "address": "127.0.0.1:63280", "wf-namespace-id": "d0b550e3-6091-4a9b-a9aa-3d80ffb24954", "wf-id": "temporal-sys-worker-deployment:rrentVersion_Batching-564e9892_deployment_series", "wf-run-id": "0195af0e-960d-715f-b6c6-08dcdf4b78ec", "update-id": "a74b88b9-5211-42c5-ae19-231c02a855fa", "from-state": "ProvisionallyCompleted", "to-state": "Completed", "logging-call-at": "/Users/shivamsaraf/Desktop/work/temporal/common/log/with_logger.go:61"}
2025-03-19T11:38:50.856-0400	debug	deployment client success	{"host": "127.0.0.1:63279", "operation": "RegisterTaskQueueWorker", "elapsed": 7.295785333, "args": ["rrentVersion_Batching-564e9892_task_queue_46",1,"matching service"], "logging-call-at": "/Users/shivamsaraf/Desktop/work/temporal/common/log/with_logger.go:61"}
2025-03-19T11:38:50.857-0400	debug	Process task as active.	{"host": "127.0.0.1:63280", "shard-id": 1, "address": "127.0.0.1:63280", "component": "transfer-queue-processor", "wf-namespace-id": "d0b550e3-6091-4a9b-a9aa-3d80ffb24954", "value": "d0b550e3-6091-4a9b-a9aa-3d80ffb24954/temporal-sys-worker-deployment:rrentVersion_Batching-564e9892_deployment_series/0195af0e-960d-715f-b6c6-08dcdf4b78ec", "logging-call-at": "/Users/shivamsaraf/Desktop/work/temporal/common/log/with_logger.go:61"}
2025-03-19T11:38:50.857-0400	info	Started physicalTaskQueueManager	{"host": "127.0.0.1:63279", "component": "matching-engine", "wf-task-queue-name": "rrentVersion_Batching-564e9892_task_queue_46", "wf-task-queue-type": "Workflow", "wf-namespace": "namespace-ec265ab4-426c-4316-a4b3-47fc66311932", "worker-build-id": "rrentVersion_Batching-564e9892_deployment_series/rrentVersion_Batching-564e9892_build_id", "lifecycle": "Started", "cause": "UserData", "logging-call-at": "/Users/shivamsaraf/Desktop/work/temporal/common/log/with_logger.go:66"}
2025-03-19T11:38:50.857-0400	debug	Assigning new task key	{"host": "127.0.0.1:63280", "shard-id": 1, "address": "127.0.0.1:63280", "wf-namespace-id": "d0b550e3-6091-4a9b-a9aa-3d80ffb24954", "wf-id": "temporal-sys-worker-deployment:rrentVersion_Batching-564e9892_deployment_series", "wf-run-id": "0195af0e-960d-715f-b6c6-08dcdf4b78ec", "queue-task-type": "ActivityTimeout", "queue-task-id": 1049288, "timestamp": "2025-03-19T15:39:50.858Z", "cursor-timestamp": "2025-03-19T15:38:51.856Z", "logging-call-at": "/Users/shivamsaraf/Desktop/work/temporal/common/log/with_logger.go:61"}
2025-03-19T11:38:50.861-0400	debug	Frontend method invoked.	{"host": "127.0.0.1:63278", "wf-namespace": "namespace-ec265ab4-426c-4316-a4b3-47fc66311932", "operation": "PollActivityTaskQueue", "server-name": "", "cert-thumbprint": "", "logging-call-at": "/Users/shivamsaraf/Desktop/work/temporal/common/log/with_logger.go:61"}
2025-03-19T11:38:50.861-0400	debug	Received PollActivityTaskQueue	{"host": "127.0.0.1:63278", "service": "frontend", "logging-call-at": "/Users/shivamsaraf/Desktop/work/temporal/common/log/with_logger.go:61"}
2025-03-19T11:38:50.862-0400	debug	update state change	{"host": "127.0.0.1:63280", "shard-id": 4, "address": "127.0.0.1:63280", "wf-namespace-id": "d0b550e3-6091-4a9b-a9aa-3d80ffb24954", "wf-id": "temporal-sys-worker-deployment-version:rrentVersion_Batching-564e9892_deployment_series.rrentVersion_Batching-564e9892_build_id", "wf-run-id": "0195af0e-98a0-7d94-93e5-2a1d2e5942f8", "update-id": "ab4b9712-4f74-453a-88ac-df4391dad41f", "from-state": "Created", "to-state": "ProvisionallyAdmitted", "logging-call-at": "/Users/shivamsaraf/Desktop/work/temporal/common/log/with_logger.go:61"}
2025-03-19T11:38:50.862-0400	debug	update state change	{"host": "127.0.0.1:63280", "shard-id": 4, "address": "127.0.0.1:63280", "wf-namespace-id": "d0b550e3-6091-4a9b-a9aa-3d80ffb24954", "wf-id": "temporal-sys-worker-deployment-version:rrentVersion_Batching-564e9892_deployment_series.rrentVersion_Batching-564e9892_build_id", "wf-run-id": "0195af0e-98a0-7d94-93e5-2a1d2e5942f8", "update-id": "ab4b9712-4f74-453a-88ac-df4391dad41f", "from-state": "ProvisionallyAdmitted", "to-state": "Admitted", "logging-call-at": "/Users/shivamsaraf/Desktop/work/temporal/common/log/with_logger.go:61"}
2025-03-19T11:38:50.862-0400	debug	Workflow task updated	{"host": "127.0.0.1:63280", "shard-id": 4, "address": "127.0.0.1:63280", "wf-scheduled-event-id": 606, "wf-started-event-id": 0, "workflow-task-request-id": "emptyUuid", "workflow-task-timeout": 10, "attempt": 1, "wf-started-timestamp": "0001-01-01T00:00:00.000Z", "wt-type": "Speculative", "logging-call-at": "/Users/shivamsaraf/Desktop/work/temporal/common/log/with_logger.go:61"}
2025-03-19T11:38:50.863-0400	debug	Workflow task updated	{"host": "127.0.0.1:63280", "shard-id": 4, "address": "127.0.0.1:63280", "wf-scheduled-event-id": 606, "wf-started-event-id": 607, "workflow-task-request-id": "1690443b-8ec6-46e7-861c-4689717603a7", "workflow-task-timeout": 10, "attempt": 1, "wf-started-timestamp": "2025-03-19T15:38:50.863Z", "wt-type": "Speculative", "logging-call-at": "/Users/shivamsaraf/Desktop/work/temporal/common/log/with_logger.go:61"}
2025-03-19T11:38:50.863-0400	debug	update state change	{"host": "127.0.0.1:63280", "shard-id": 4, "address": "127.0.0.1:63280", "wf-namespace-id": "d0b550e3-6091-4a9b-a9aa-3d80ffb24954", "wf-id": "temporal-sys-worker-deployment-version:rrentVersion_Batching-564e9892_deployment_series.rrentVersion_Batching-564e9892_build_id", "wf-run-id": "0195af0e-98a0-7d94-93e5-2a1d2e5942f8", "update-id": "ab4b9712-4f74-453a-88ac-df4391dad41f", "from-state": "Admitted", "to-state": "Sent", "logging-call-at": "/Users/shivamsaraf/Desktop/work/temporal/common/log/with_logger.go:61"}
2025-03-19T11:38:50.868-0400	debug	Frontend method invoked.	{"host": "127.0.0.1:63278", "wf-namespace": "namespace-ec265ab4-426c-4316-a4b3-47fc66311932", "operation": "PollWorkflowTaskQueue", "server-name": "", "cert-thumbprint": "", "logging-call-at": "/Users/shivamsaraf/Desktop/work/temporal/common/log/with_logger.go:61"}
2025-03-19T11:38:50.868-0400	debug	ExecuteActivity	{"host": "127.0.0.1:63281", "Namespace": "namespace-ec265ab4-426c-4316-a4b3-47fc66311932", "TaskQueue": "temporal-sys-per-ns-tq", "WorkerID": "temporal-system@Shivams-MacBook-Pro.local@namespace-ec265ab4-426c-4316-a4b3-47fc66311932", "WorkflowType": "temporal-sys-worker-deployment-version-workflow", "WorkflowID": "temporal-sys-worker-deployment-version:rrentVersion_Batching-564e9892_deployment_series.rrentVersion_Batching-564e9892_build_id", "RunID": "0195af0e-98a0-7d94-93e5-2a1d2e5942f8", "Attempt": 0, "ActivityID": "610", "ActivityType": "SyncDeploymentVersionUserData", "logging-call-at": "/Users/shivamsaraf/Desktop/work/temporal/common/log/with_logger.go:61"}
2025-03-19T11:38:50.868-0400	debug	Received PollWorkflowTaskQueue	{"host": "127.0.0.1:63278", "service": "frontend", "logging-call-at": "/Users/shivamsaraf/Desktop/work/temporal/common/log/with_logger.go:61"}
2025-03-19T11:38:50.868-0400	debug	Poll workflow task queue.	{"host": "127.0.0.1:63278", "service": "frontend", "wf-namespace": "namespace-ec265ab4-426c-4316-a4b3-47fc66311932", "wf-namespace-id": "d0b550e3-6091-4a9b-a9aa-3d80ffb24954", "logging-call-at": "/Users/shivamsaraf/Desktop/work/temporal/common/log/with_logger.go:61"}
2025-03-19T11:38:50.868-0400	debug	Frontend method invoked.	{"host": "127.0.0.1:63278", "wf-namespace": "namespace-ec265ab4-426c-4316-a4b3-47fc66311932", "operation": "RespondWorkflowTaskCompleted", "server-name": "", "cert-thumbprint": "", "logging-call-at": "/Users/shivamsaraf/Desktop/work/temporal/common/log/with_logger.go:61"}
2025-03-19T11:38:50.869-0400	debug	RespondWorkflowTaskCompleted	{"host": "127.0.0.1:63280", "service": "history", "wf-namespace-id": "d0b550e3-6091-4a9b-a9aa-3d80ffb24954", "wf-id": "temporal-sys-worker-deployment-version:rrentVersion_Batching-564e9892_deployment_series.rrentVersion_Batching-564e9892_build_id", "wf-run-id": "0195af0e-98a0-7d94-93e5-2a1d2e5942f8", "wf-scheduled-event-id": 606, "logging-call-at": "/Users/shivamsaraf/Desktop/work/temporal/common/log/with_logger.go:61"}
2025-03-19T11:38:50.869-0400	debug	Workflow task updated	{"host": "127.0.0.1:63280", "shard-id": 4, "address": "127.0.0.1:63280", "wf-scheduled-event-id": 0, "wf-started-event-id": 0, "workflow-task-request-id": "emptyUuid", "workflow-task-timeout": 0, "attempt": 1, "wf-started-timestamp": "1970-01-01T00:00:00.000Z", "wt-type": "Unspecified", "logging-call-at": "/Users/shivamsaraf/Desktop/work/temporal/common/log/with_logger.go:61"}
2025-03-19T11:38:50.869-0400	debug	update state change	{"host": "127.0.0.1:63280", "shard-id": 4, "address": "127.0.0.1:63280", "wf-namespace-id": "d0b550e3-6091-4a9b-a9aa-3d80ffb24954", "wf-id": "temporal-sys-worker-deployment-version:rrentVersion_Batching-564e9892_deployment_series.rrentVersion_Batching-564e9892_build_id", "wf-run-id": "0195af0e-98a0-7d94-93e5-2a1d2e5942f8", "update-id": "ab4b9712-4f74-453a-88ac-df4391dad41f", "from-state": "Sent", "to-state": "ProvisionallyAccepted", "logging-call-at": "/Users/shivamsaraf/Desktop/work/temporal/common/log/with_logger.go:61"}
2025-03-19T11:38:50.869-0400	debug	Assigning new task key	{"host": "127.0.0.1:63280", "shard-id": 4, "address": "127.0.0.1:63280", "wf-namespace-id": "d0b550e3-6091-4a9b-a9aa-3d80ffb24954", "wf-id": "temporal-sys-worker-deployment-version:rrentVersion_Batching-564e9892_deployment_series.rrentVersion_Batching-564e9892_build_id", "wf-run-id": "0195af0e-98a0-7d94-93e5-2a1d2e5942f8", "queue-task-type": "TransferActivityTask", "queue-task-id": 1050149, "timestamp": "2025-03-19T15:38:50.869Z", "cursor-timestamp": "2025-03-19T15:38:51.826Z", "logging-call-at": "/Users/shivamsaraf/Desktop/work/temporal/common/log/with_logger.go:61"}
2025-03-19T11:38:50.873-0400	debug	update state change	{"host": "127.0.0.1:63280", "shard-id": 4, "address": "127.0.0.1:63280", "wf-namespace-id": "d0b550e3-6091-4a9b-a9aa-3d80ffb24954", "wf-id": "temporal-sys-worker-deployment-version:rrentVersion_Batching-564e9892_deployment_series.rrentVersion_Batching-564e9892_build_id", "wf-run-id": "0195af0e-98a0-7d94-93e5-2a1d2e5942f8", "update-id": "ab4b9712-4f74-453a-88ac-df4391dad41f", "from-state": "ProvisionallyAccepted", "to-state": "Accepted", "logging-call-at": "/Users/shivamsaraf/Desktop/work/temporal/common/log/with_logger.go:61"}
2025-03-19T11:38:50.873-0400	debug	Process task as active.	{"host": "127.0.0.1:63280", "shard-id": 4, "address": "127.0.0.1:63280", "component": "transfer-queue-processor", "wf-namespace-id": "d0b550e3-6091-4a9b-a9aa-3d80ffb24954", "value": "d0b550e3-6091-4a9b-a9aa-3d80ffb24954/temporal-sys-worker-deployment-version:rrentVersion_Batching-564e9892_deployment_series.rrentVersion_Batching-564e9892_build_id/0195af0e-98a0-7d94-93e5-2a1d2e5942f8", "logging-call-at": "/Users/shivamsaraf/Desktop/work/temporal/common/log/with_logger.go:61"}
2025-03-19T11:38:50.874-0400	debug	Assigning new task key	{"host": "127.0.0.1:63280", "shard-id": 4, "address": "127.0.0.1:63280", "wf-namespace-id": "d0b550e3-6091-4a9b-a9aa-3d80ffb24954", "wf-id": "temporal-sys-worker-deployment-version:rrentVersion_Batching-564e9892_deployment_series.rrentVersion_Batching-564e9892_build_id", "wf-run-id": "0195af0e-98a0-7d94-93e5-2a1d2e5942f8", "queue-task-type": "ActivityTimeout", "queue-task-id": 1050150, "timestamp": "2025-03-19T15:39:50.875Z", "cursor-timestamp": "2025-03-19T15:38:51.873Z", "logging-call-at": "/Users/shivamsaraf/Desktop/work/temporal/common/log/with_logger.go:61"}
2025-03-19T11:38:50.876-0400	debug	Process task as active.	{"host": "127.0.0.1:63280", "shard-id": 4, "address": "127.0.0.1:63280", "component": "timer-queue-processor", "wf-namespace-id": "d0b550e3-6091-4a9b-a9aa-3d80ffb24954", "value": "d0b550e3-6091-4a9b-a9aa-3d80ffb24954/temporal-sys-worker-deployment-version:rrentVersion_Batching-564e9892_deployment_series.rrentVersion_Batching-564e9892_build_id/0195af0e-98a0-7d94-93e5-2a1d2e5942f8", "logging-call-at": "/Users/shivamsaraf/Desktop/work/temporal/common/log/with_logger.go:61"}
2025-03-19T11:38:50.878-0400	info	syncing task queue userdata for deployment version	{"host": "127.0.0.1:63281", "Namespace": "namespace-ec265ab4-426c-4316-a4b3-47fc66311932", "TaskQueue": "temporal-sys-per-ns-tq", "WorkerID": "temporal-system@Shivams-MacBook-Pro.local@namespace-ec265ab4-426c-4316-a4b3-47fc66311932", "ActivityID": "610", "ActivityType": "SyncDeploymentVersionUserData", "Attempt": 1, "WorkflowType": "temporal-sys-worker-deployment-version-workflow", "WorkflowID": "temporal-sys-worker-deployment-version:rrentVersion_Batching-564e9892_deployment_series.rrentVersion_Batching-564e9892_build_id", "RunID": "0195af0e-98a0-7d94-93e5-2a1d2e5942f8", "taskQueue": "rrentVersion_Batching-564e9892_task_queue_28", "types": [1], "logging-call-at": "/Users/shivamsaraf/Desktop/work/temporal/common/log/with_logger.go:66"}
2025-03-19T11:38:50.878-0400	debug	Frontend method invoked.	{"host": "127.0.0.1:63278", "wf-namespace": "namespace-ec265ab4-426c-4316-a4b3-47fc66311932", "operation": "PollActivityTaskQueue", "server-name": "", "cert-thumbprint": "", "logging-call-at": "/Users/shivamsaraf/Desktop/work/temporal/common/log/with_logger.go:61"}
2025-03-19T11:38:50.878-0400	debug	Received PollActivityTaskQueue	{"host": "127.0.0.1:63278", "service": "frontend", "logging-call-at": "/Users/shivamsaraf/Desktop/work/temporal/common/log/with_logger.go:61"}
2025-03-19T11:38:50.906-0400	debug	Process task as active.	{"host": "127.0.0.1:63280", "shard-id": 4, "address": "127.0.0.1:63280", "component": "timer-queue-processor", "wf-namespace-id": "d0b550e3-6091-4a9b-a9aa-3d80ffb24954", "value": "d0b550e3-6091-4a9b-a9aa-3d80ffb24954/temporal-sys-worker-deployment-version:rrentVersion_Batching-564e9892_deployment_series.rrentVersion_Batching-564e9892_build_id/0195af0e-98a0-7d94-93e5-2a1d2e5942f8", "logging-call-at": "/Users/shivamsaraf/Desktop/work/temporal/common/log/with_logger.go:61"}
2025-03-19T11:38:50.924-0400	debug	Process task as active.	{"host": "127.0.0.1:63280", "shard-id": 1, "address": "127.0.0.1:63280", "component": "timer-queue-processor", "wf-namespace-id": "d0b550e3-6091-4a9b-a9aa-3d80ffb24954", "value": "d0b550e3-6091-4a9b-a9aa-3d80ffb24954/temporal-sys-worker-deployment:rrentVersion_Batching-564e9892_deployment_series/0195af0e-960d-715f-b6c6-08dcdf4b78ec", "logging-call-at": "/Users/shivamsaraf/Desktop/work/temporal/common/log/with_logger.go:61"}
2025-03-19T11:38:50.980-0400	info	modified user data	{"host": "127.0.0.1:63279", "component": "matching-engine", "wf-task-queue-name": "rrentVersion_Batching-564e9892_task_queue_28", "wf-task-queue-type": "Workflow", "wf-namespace": "namespace-ec265ab4-426c-4316-a4b3-47fc66311932", "user-data-update-source": "SyncDeploymentUserData", "user-data-version": 1, "timestamp": "2025-03-19T15:38:50.878Z", "logging-call-at": "/Users/shivamsaraf/Desktop/work/temporal/common/log/with_logger.go:66"}
2025-03-19T11:38:50.980-0400	debug	user data changed while blocked in long poll	{"host": "127.0.0.1:63279", "component": "matching-engine", "wf-task-queue-name": "rrentVersion_Batching-564e9892_task_queue_28", "wf-task-queue-type": "Workflow", "wf-namespace": "namespace-ec265ab4-426c-4316-a4b3-47fc66311932", "logging-call-at": "/Users/shivamsaraf/Desktop/work/temporal/common/log/with_logger.go:61"}
2025-03-19T11:38:50.980-0400	debug	user data changed while blocked in long poll	{"host": "127.0.0.1:63279", "component": "matching-engine", "wf-task-queue-name": "rrentVersion_Batching-564e9892_task_queue_28", "wf-task-queue-type": "Workflow", "wf-namespace": "namespace-ec265ab4-426c-4316-a4b3-47fc66311932", "logging-call-at": "/Users/shivamsaraf/Desktop/work/temporal/common/log/with_logger.go:61"}
2025-03-19T11:38:50.980-0400	debug	user data changed while blocked in long poll	{"host": "127.0.0.1:63279", "component": "matching-engine", "wf-task-queue-name": "rrentVersion_Batching-564e9892_task_queue_28", "wf-task-queue-type": "Workflow", "wf-namespace": "namespace-ec265ab4-426c-4316-a4b3-47fc66311932", "logging-call-at": "/Users/shivamsaraf/Desktop/work/temporal/common/log/with_logger.go:61"}
2025-03-19T11:38:50.980-0400	info	returning user data	{"host": "127.0.0.1:63279", "component": "matching-engine", "wf-task-queue-name": "rrentVersion_Batching-564e9892_task_queue_28", "wf-task-queue-type": "Workflow", "wf-namespace": "namespace-ec265ab4-426c-4316-a4b3-47fc66311932", "long-poll": true, "request-known-version": 0, "user-data-version": 1, "logging-call-at": "/Users/shivamsaraf/Desktop/work/temporal/common/log/with_logger.go:66"}
2025-03-19T11:38:50.980-0400	info	returning user data	{"host": "127.0.0.1:63279", "component": "matching-engine", "wf-task-queue-name": "rrentVersion_Batching-564e9892_task_queue_28", "wf-task-queue-type": "Workflow", "wf-namespace": "namespace-ec265ab4-426c-4316-a4b3-47fc66311932", "long-poll": true, "request-known-version": 0, "user-data-version": 1, "logging-call-at": "/Users/shivamsaraf/Desktop/work/temporal/common/log/with_logger.go:66"}
2025-03-19T11:38:50.980-0400	info	returning user data	{"host": "127.0.0.1:63279", "component": "matching-engine", "wf-task-queue-name": "rrentVersion_Batching-564e9892_task_queue_28", "wf-task-queue-type": "Workflow", "wf-namespace": "namespace-ec265ab4-426c-4316-a4b3-47fc66311932", "long-poll": true, "request-known-version": 0, "user-data-version": 1, "logging-call-at": "/Users/shivamsaraf/Desktop/work/temporal/common/log/with_logger.go:66"}
2025-03-19T11:38:50.981-0400	info	fetched user data from parent	{"host": "127.0.0.1:63279", "component": "matching-engine", "wf-task-queue-name": "/_sys/rrentVersion_Batching-564e9892_task_queue_28/3", "wf-task-queue-type": "Workflow", "wf-namespace": "namespace-ec265ab4-426c-4316-a4b3-47fc66311932", "user-data-version": 1, "timestamp": "2025-03-19T15:38:50.878Z", "logging-call-at": "/Users/shivamsaraf/Desktop/work/temporal/common/log/with_logger.go:66"}
2025-03-19T11:38:50.981-0400	debug	Frontend method invoked.	{"host": "127.0.0.1:63278", "wf-namespace": "namespace-ec265ab4-426c-4316-a4b3-47fc66311932", "operation": "RespondActivityTaskCompleted", "server-name": "", "cert-thumbprint": "", "logging-call-at": "/Users/shivamsaraf/Desktop/work/temporal/common/log/with_logger.go:61"}
2025-03-19T11:38:50.981-0400	info	fetched user data from parent	{"host": "127.0.0.1:63279", "component": "matching-engine", "wf-task-queue-name": "/_sys/rrentVersion_Batching-564e9892_task_queue_28/2", "wf-task-queue-type": "Workflow", "wf-namespace": "namespace-ec265ab4-426c-4316-a4b3-47fc66311932", "user-data-version": 1, "timestamp": "2025-03-19T15:38:50.878Z", "logging-call-at": "/Users/shivamsaraf/Desktop/work/temporal/common/log/with_logger.go:66"}
2025-03-19T11:38:50.981-0400	info	fetched user data from parent	{"host": "127.0.0.1:63279", "component": "matching-engine", "wf-task-queue-name": "/_sys/rrentVersion_Batching-564e9892_task_queue_28/1", "wf-task-queue-type": "Workflow", "wf-namespace": "namespace-ec265ab4-426c-4316-a4b3-47fc66311932", "user-data-version": 1, "timestamp": "2025-03-19T15:38:50.878Z", "logging-call-at": "/Users/shivamsaraf/Desktop/work/temporal/common/log/with_logger.go:66"}
2025-03-19T11:38:50.982-0400	debug	Workflow task updated	{"host": "127.0.0.1:63280", "shard-id": 4, "address": "127.0.0.1:63280", "wf-scheduled-event-id": 613, "wf-started-event-id": 0, "workflow-task-request-id": "emptyUuid", "workflow-task-timeout": 10, "attempt": 1, "wf-started-timestamp": "0001-01-01T00:00:00.000Z", "wt-type": "Normal", "logging-call-at": "/Users/shivamsaraf/Desktop/work/temporal/common/log/with_logger.go:61"}
2025-03-19T11:38:50.982-0400	debug	Assigning new task key	{"host": "127.0.0.1:63280", "shard-id": 4, "address": "127.0.0.1:63280", "wf-namespace-id": "d0b550e3-6091-4a9b-a9aa-3d80ffb24954", "wf-id": "temporal-sys-worker-deployment-version:rrentVersion_Batching-564e9892_deployment_series.rrentVersion_Batching-564e9892_build_id", "wf-run-id": "0195af0e-98a0-7d94-93e5-2a1d2e5942f8", "queue-task-type": "WorkflowTaskTimeout", "queue-task-id": 1050156, "timestamp": "2025-03-19T15:38:55.983Z", "cursor-timestamp": "2025-03-19T15:38:51.873Z", "logging-call-at": "/Users/shivamsaraf/Desktop/work/temporal/common/log/with_logger.go:61"}
2025-03-19T11:38:50.982-0400	debug	Assigning new task key	{"host": "127.0.0.1:63280", "shard-id": 4, "address": "127.0.0.1:63280", "wf-namespace-id": "d0b550e3-6091-4a9b-a9aa-3d80ffb24954", "wf-id": "temporal-sys-worker-deployment-version:rrentVersion_Batching-564e9892_deployment_series.rrentVersion_Batching-564e9892_build_id", "wf-run-id": "0195af0e-98a0-7d94-93e5-2a1d2e5942f8", "queue-task-type": "TransferWorkflowTask", "queue-task-id": 1050157, "timestamp": "2025-03-19T15:38:50.982Z", "cursor-timestamp": "2025-03-19T15:38:51.873Z", "logging-call-at": "/Users/shivamsaraf/Desktop/work/temporal/common/log/with_logger.go:61"}
2025-03-19T11:38:50.988-0400	debug	Process task as active.	{"host": "127.0.0.1:63280", "shard-id": 4, "address": "127.0.0.1:63280", "component": "transfer-queue-processor", "wf-namespace-id": "d0b550e3-6091-4a9b-a9aa-3d80ffb24954", "value": "d0b550e3-6091-4a9b-a9aa-3d80ffb24954/temporal-sys-worker-deployment-version:rrentVersion_Batching-564e9892_deployment_series.rrentVersion_Batching-564e9892_build_id/0195af0e-98a0-7d94-93e5-2a1d2e5942f8", "logging-call-at": "/Users/shivamsaraf/Desktop/work/temporal/common/log/with_logger.go:61"}
2025-03-19T11:38:50.989-0400	debug	Workflow task updated	{"host": "127.0.0.1:63280", "shard-id": 4, "address": "127.0.0.1:63280", "wf-scheduled-event-id": 613, "wf-started-event-id": 614, "workflow-task-request-id": "3f1e5999-c05b-4d0e-abd1-074ba8128694", "workflow-task-timeout": 10, "attempt": 1, "wf-started-timestamp": "2025-03-19T15:38:50.989Z", "wt-type": "Normal", "logging-call-at": "/Users/shivamsaraf/Desktop/work/temporal/common/log/with_logger.go:61"}
2025-03-19T11:38:50.989-0400	debug	Assigning new task key	{"host": "127.0.0.1:63280", "shard-id": 4, "address": "127.0.0.1:63280", "wf-namespace-id": "d0b550e3-6091-4a9b-a9aa-3d80ffb24954", "wf-id": "temporal-sys-worker-deployment-version:rrentVersion_Batching-564e9892_deployment_series.rrentVersion_Batching-564e9892_build_id", "wf-run-id": "0195af0e-98a0-7d94-93e5-2a1d2e5942f8", "queue-task-type": "WorkflowTaskTimeout", "queue-task-id": 1050160, "timestamp": "2025-03-19T15:39:00.990Z", "cursor-timestamp": "2025-03-19T15:38:51.987Z", "logging-call-at": "/Users/shivamsaraf/Desktop/work/temporal/common/log/with_logger.go:61"}
2025-03-19T11:38:50.999-0400	debug	ExecuteActivity	{"host": "127.0.0.1:63281", "Namespace": "namespace-ec265ab4-426c-4316-a4b3-47fc66311932", "TaskQueue": "temporal-sys-per-ns-tq", "WorkerID": "temporal-system@Shivams-MacBook-Pro.local@namespace-ec265ab4-426c-4316-a4b3-47fc66311932", "WorkflowType": "temporal-sys-worker-deployment-version-workflow", "WorkflowID": "temporal-sys-worker-deployment-version:rrentVersion_Batching-564e9892_deployment_series.rrentVersion_Batching-564e9892_build_id", "RunID": "0195af0e-98a0-7d94-93e5-2a1d2e5942f8", "Attempt": 0, "ActivityID": "616", "ActivityType": "CheckWorkerDeploymentUserDataPropagation", "logging-call-at": "/Users/shivamsaraf/Desktop/work/temporal/common/log/with_logger.go:61"}
2025-03-19T11:38:50.999-0400	debug	Frontend method invoked.	{"host": "127.0.0.1:63278", "wf-namespace": "namespace-ec265ab4-426c-4316-a4b3-47fc66311932", "operation": "PollWorkflowTaskQueue", "server-name": "", "cert-thumbprint": "", "logging-call-at": "/Users/shivamsaraf/Desktop/work/temporal/common/log/with_logger.go:61"}
2025-03-19T11:38:50.999-0400	debug	Received PollWorkflowTaskQueue	{"host": "127.0.0.1:63278", "service": "frontend", "logging-call-at": "/Users/shivamsaraf/Desktop/work/temporal/common/log/with_logger.go:61"}
2025-03-19T11:38:50.999-0400	debug	Poll workflow task queue.	{"host": "127.0.0.1:63278", "service": "frontend", "wf-namespace": "namespace-ec265ab4-426c-4316-a4b3-47fc66311932", "wf-namespace-id": "d0b550e3-6091-4a9b-a9aa-3d80ffb24954", "logging-call-at": "/Users/shivamsaraf/Desktop/work/temporal/common/log/with_logger.go:61"}
2025-03-19T11:38:50.999-0400	debug	Frontend method invoked.	{"host": "127.0.0.1:63278", "wf-namespace": "namespace-ec265ab4-426c-4316-a4b3-47fc66311932", "operation": "RespondWorkflowTaskCompleted", "server-name": "", "cert-thumbprint": "", "logging-call-at": "/Users/shivamsaraf/Desktop/work/temporal/common/log/with_logger.go:61"}
2025-03-19T11:38:51.000-0400	debug	RespondWorkflowTaskCompleted	{"host": "127.0.0.1:63280", "service": "history", "wf-namespace-id": "d0b550e3-6091-4a9b-a9aa-3d80ffb24954", "wf-id": "temporal-sys-worker-deployment-version:rrentVersion_Batching-564e9892_deployment_series.rrentVersion_Batching-564e9892_build_id", "wf-run-id": "0195af0e-98a0-7d94-93e5-2a1d2e5942f8", "wf-scheduled-event-id": 613, "logging-call-at": "/Users/shivamsaraf/Desktop/work/temporal/common/log/with_logger.go:61"}
2025-03-19T11:38:51.000-0400	debug	Workflow task updated	{"host": "127.0.0.1:63280", "shard-id": 4, "address": "127.0.0.1:63280", "wf-scheduled-event-id": 0, "wf-started-event-id": 0, "workflow-task-request-id": "emptyUuid", "workflow-task-timeout": 0, "attempt": 1, "wf-started-timestamp": "1970-01-01T00:00:00.000Z", "wt-type": "Unspecified", "logging-call-at": "/Users/shivamsaraf/Desktop/work/temporal/common/log/with_logger.go:61"}
2025-03-19T11:38:51.000-0400	debug	Assigning new task key	{"host": "127.0.0.1:63280", "shard-id": 4, "address": "127.0.0.1:63280", "wf-namespace-id": "d0b550e3-6091-4a9b-a9aa-3d80ffb24954", "wf-id": "temporal-sys-worker-deployment-version:rrentVersion_Batching-564e9892_deployment_series.rrentVersion_Batching-564e9892_build_id", "wf-run-id": "0195af0e-98a0-7d94-93e5-2a1d2e5942f8", "queue-task-type": "TransferActivityTask", "queue-task-id": 1050165, "timestamp": "2025-03-19T15:38:51.000Z", "cursor-timestamp": "2025-03-19T15:38:51.987Z", "logging-call-at": "/Users/shivamsaraf/Desktop/work/temporal/common/log/with_logger.go:61"}
2025-03-19T11:38:51.005-0400	debug	Process task as active.	{"host": "127.0.0.1:63280", "shard-id": 4, "address": "127.0.0.1:63280", "component": "transfer-queue-processor", "wf-namespace-id": "d0b550e3-6091-4a9b-a9aa-3d80ffb24954", "value": "d0b550e3-6091-4a9b-a9aa-3d80ffb24954/temporal-sys-worker-deployment-version:rrentVersion_Batching-564e9892_deployment_series.rrentVersion_Batching-564e9892_build_id/0195af0e-98a0-7d94-93e5-2a1d2e5942f8", "logging-call-at": "/Users/shivamsaraf/Desktop/work/temporal/common/log/with_logger.go:61"}
2025-03-19T11:38:51.006-0400	debug	Assigning new task key	{"host": "127.0.0.1:63280", "shard-id": 4, "address": "127.0.0.1:63280", "wf-namespace-id": "d0b550e3-6091-4a9b-a9aa-3d80ffb24954", "wf-id": "temporal-sys-worker-deployment-version:rrentVersion_Batching-564e9892_deployment_series.rrentVersion_Batching-564e9892_build_id", "wf-run-id": "0195af0e-98a0-7d94-93e5-2a1d2e5942f8", "queue-task-type": "ActivityTimeout", "queue-task-id": 1050166, "timestamp": "2025-03-19T15:39:51.007Z", "cursor-timestamp": "2025-03-19T15:38:52.004Z", "logging-call-at": "/Users/shivamsaraf/Desktop/work/temporal/common/log/with_logger.go:61"}
2025-03-19T11:38:51.010-0400	info	waiting for userdata propagation	{"host": "127.0.0.1:63281", "Namespace": "namespace-ec265ab4-426c-4316-a4b3-47fc66311932", "TaskQueue": "temporal-sys-per-ns-tq", "WorkerID": "temporal-system@Shivams-MacBook-Pro.local@namespace-ec265ab4-426c-4316-a4b3-47fc66311932", "ActivityID": "616", "ActivityType": "CheckWorkerDeploymentUserDataPropagation", "Attempt": 1, "WorkflowType": "temporal-sys-worker-deployment-version-workflow", "WorkflowID": "temporal-sys-worker-deployment-version:rrentVersion_Batching-564e9892_deployment_series.rrentVersion_Batching-564e9892_build_id", "RunID": "0195af0e-98a0-7d94-93e5-2a1d2e5942f8", "taskQueue": "rrentVersion_Batching-564e9892_task_queue_28", "version": 1, "logging-call-at": "/Users/shivamsaraf/Desktop/work/temporal/common/log/with_logger.go:66"}
2025-03-19T11:38:51.010-0400	debug	Frontend method invoked.	{"host": "127.0.0.1:63278", "wf-namespace": "namespace-ec265ab4-426c-4316-a4b3-47fc66311932", "operation": "PollActivityTaskQueue", "server-name": "", "cert-thumbprint": "", "logging-call-at": "/Users/shivamsaraf/Desktop/work/temporal/common/log/with_logger.go:61"}
2025-03-19T11:38:51.010-0400	debug	Received PollActivityTaskQueue	{"host": "127.0.0.1:63278", "service": "frontend", "logging-call-at": "/Users/shivamsaraf/Desktop/work/temporal/common/log/with_logger.go:61"}
2025-03-19T11:38:51.011-0400	info	returning user data	{"host": "127.0.0.1:63279", "component": "matching-engine", "wf-task-queue-name": "/_sys/rrentVersion_Batching-564e9892_task_queue_28/2", "wf-task-queue-type": "Workflow", "wf-namespace": "namespace-ec265ab4-426c-4316-a4b3-47fc66311932", "long-poll": true, "request-known-version": 0, "user-data-version": 1, "logging-call-at": "/Users/shivamsaraf/Desktop/work/temporal/common/log/with_logger.go:66"}
2025-03-19T11:38:51.011-0400	info	returning user data	{"host": "127.0.0.1:63279", "component": "matching-engine", "wf-task-queue-name": "/_sys/rrentVersion_Batching-564e9892_task_queue_28/1", "wf-task-queue-type": "Workflow", "wf-namespace": "namespace-ec265ab4-426c-4316-a4b3-47fc66311932", "long-poll": true, "request-known-version": 0, "user-data-version": 1, "logging-call-at": "/Users/shivamsaraf/Desktop/work/temporal/common/log/with_logger.go:66"}
2025-03-19T11:38:51.011-0400	info	returning user data	{"host": "127.0.0.1:63279", "component": "matching-engine", "wf-task-queue-name": "/_sys/rrentVersion_Batching-564e9892_task_queue_28/3", "wf-task-queue-type": "Workflow", "wf-namespace": "namespace-ec265ab4-426c-4316-a4b3-47fc66311932", "long-poll": true, "request-known-version": 0, "user-data-version": 1, "logging-call-at": "/Users/shivamsaraf/Desktop/work/temporal/common/log/with_logger.go:66"}
2025-03-19T11:38:51.011-0400	info	matching client encountered error	{"host": "127.0.0.1:63279", "error": "partition was not loaded", "service-error-type": "serviceerror.FailedPrecondition", "logging-call-at": "/Users/shivamsaraf/Desktop/work/temporal/common/log/with_logger.go:66"}
2025-03-19T11:38:51.011-0400	info	matching client encountered error	{"host": "127.0.0.1:63279", "error": "partition was not loaded", "service-error-type": "serviceerror.FailedPrecondition", "logging-call-at": "/Users/shivamsaraf/Desktop/work/temporal/common/log/with_logger.go:66"}
2025-03-19T11:38:51.011-0400	info	matching client encountered error	{"host": "127.0.0.1:63279", "error": "partition was not loaded", "service-error-type": "serviceerror.FailedPrecondition", "logging-call-at": "/Users/shivamsaraf/Desktop/work/temporal/common/log/with_logger.go:66"}
2025-03-19T11:38:51.011-0400	info	matching client encountered error	{"host": "127.0.0.1:63279", "error": "partition was not loaded", "service-error-type": "serviceerror.FailedPrecondition", "logging-call-at": "/Users/shivamsaraf/Desktop/work/temporal/common/log/with_logger.go:66"}
2025-03-19T11:38:51.012-0400	debug	Frontend method invoked.	{"host": "127.0.0.1:63278", "wf-namespace": "namespace-ec265ab4-426c-4316-a4b3-47fc66311932", "operation": "RespondActivityTaskCompleted", "server-name": "", "cert-thumbprint": "", "logging-call-at": "/Users/shivamsaraf/Desktop/work/temporal/common/log/with_logger.go:61"}
2025-03-19T11:38:51.012-0400	debug	Workflow task updated	{"host": "127.0.0.1:63280", "shard-id": 4, "address": "127.0.0.1:63280", "wf-scheduled-event-id": 619, "wf-started-event-id": 0, "workflow-task-request-id": "emptyUuid", "workflow-task-timeout": 10, "attempt": 1, "wf-started-timestamp": "0001-01-01T00:00:00.000Z", "wt-type": "Normal", "logging-call-at": "/Users/shivamsaraf/Desktop/work/temporal/common/log/with_logger.go:61"}
2025-03-19T11:38:51.012-0400	debug	Assigning new task key	{"host": "127.0.0.1:63280", "shard-id": 4, "address": "127.0.0.1:63280", "wf-namespace-id": "d0b550e3-6091-4a9b-a9aa-3d80ffb24954", "wf-id": "temporal-sys-worker-deployment-version:rrentVersion_Batching-564e9892_deployment_series.rrentVersion_Batching-564e9892_build_id", "wf-run-id": "0195af0e-98a0-7d94-93e5-2a1d2e5942f8", "queue-task-type": "TransferWorkflowTask", "queue-task-id": 1050172, "timestamp": "2025-03-19T15:38:51.012Z", "cursor-timestamp": "2025-03-19T15:38:52.004Z", "logging-call-at": "/Users/shivamsaraf/Desktop/work/temporal/common/log/with_logger.go:61"}
2025-03-19T11:38:51.013-0400	debug	Assigning new task key	{"host": "127.0.0.1:63280", "shard-id": 4, "address": "127.0.0.1:63280", "wf-namespace-id": "d0b550e3-6091-4a9b-a9aa-3d80ffb24954", "wf-id": "temporal-sys-worker-deployment-version:rrentVersion_Batching-564e9892_deployment_series.rrentVersion_Batching-564e9892_build_id", "wf-run-id": "0195af0e-98a0-7d94-93e5-2a1d2e5942f8", "queue-task-type": "WorkflowTaskTimeout", "queue-task-id": 1050173, "timestamp": "2025-03-19T15:38:56.013Z", "cursor-timestamp": "2025-03-19T15:38:52.004Z", "logging-call-at": "/Users/shivamsaraf/Desktop/work/temporal/common/log/with_logger.go:61"}
2025-03-19T11:38:51.017-0400	debug	Process task as active.	{"host": "127.0.0.1:63280", "shard-id": 4, "address": "127.0.0.1:63280", "component": "transfer-queue-processor", "wf-namespace-id": "d0b550e3-6091-4a9b-a9aa-3d80ffb24954", "value": "d0b550e3-6091-4a9b-a9aa-3d80ffb24954/temporal-sys-worker-deployment-version:rrentVersion_Batching-564e9892_deployment_series.rrentVersion_Batching-564e9892_build_id/0195af0e-98a0-7d94-93e5-2a1d2e5942f8", "logging-call-at": "/Users/shivamsaraf/Desktop/work/temporal/common/log/with_logger.go:61"}
2025-03-19T11:38:51.018-0400	debug	Workflow task updated	{"host": "127.0.0.1:63280", "shard-id": 4, "address": "127.0.0.1:63280", "wf-scheduled-event-id": 619, "wf-started-event-id": 620, "workflow-task-request-id": "e5f43356-1c58-4807-a6f1-ffa22b9c39b7", "workflow-task-timeout": 10, "attempt": 1, "wf-started-timestamp": "2025-03-19T15:38:51.018Z", "wt-type": "Normal", "logging-call-at": "/Users/shivamsaraf/Desktop/work/temporal/common/log/with_logger.go:61"}
2025-03-19T11:38:51.018-0400	debug	Assigning new task key	{"host": "127.0.0.1:63280", "shard-id": 4, "address": "127.0.0.1:63280", "wf-namespace-id": "d0b550e3-6091-4a9b-a9aa-3d80ffb24954", "wf-id": "temporal-sys-worker-deployment-version:rrentVersion_Batching-564e9892_deployment_series.rrentVersion_Batching-564e9892_build_id", "wf-run-id": "0195af0e-98a0-7d94-93e5-2a1d2e5942f8", "queue-task-type": "WorkflowTaskTimeout", "queue-task-id": 1050176, "timestamp": "2025-03-19T15:39:01.019Z", "cursor-timestamp": "2025-03-19T15:38:52.016Z", "logging-call-at": "/Users/shivamsaraf/Desktop/work/temporal/common/log/with_logger.go:61"}
2025-03-19T11:38:51.026-0400	debug	Frontend method invoked.	{"host": "127.0.0.1:63278", "wf-namespace": "namespace-ec265ab4-426c-4316-a4b3-47fc66311932", "operation": "PollWorkflowTaskQueue", "server-name": "", "cert-thumbprint": "", "logging-call-at": "/Users/shivamsaraf/Desktop/work/temporal/common/log/with_logger.go:61"}
2025-03-19T11:38:51.026-0400	debug	Received PollWorkflowTaskQueue	{"host": "127.0.0.1:63278", "service": "frontend", "logging-call-at": "/Users/shivamsaraf/Desktop/work/temporal/common/log/with_logger.go:61"}
2025-03-19T11:38:51.026-0400	debug	Frontend method invoked.	{"host": "127.0.0.1:63278", "wf-namespace": "namespace-ec265ab4-426c-4316-a4b3-47fc66311932", "operation": "RespondWorkflowTaskCompleted", "server-name": "", "cert-thumbprint": "", "logging-call-at": "/Users/shivamsaraf/Desktop/work/temporal/common/log/with_logger.go:61"}
2025-03-19T11:38:51.026-0400	debug	Poll workflow task queue.	{"host": "127.0.0.1:63278", "service": "frontend", "wf-namespace": "namespace-ec265ab4-426c-4316-a4b3-47fc66311932", "wf-namespace-id": "d0b550e3-6091-4a9b-a9aa-3d80ffb24954", "logging-call-at": "/Users/shivamsaraf/Desktop/work/temporal/common/log/with_logger.go:61"}
2025-03-19T11:38:51.026-0400	debug	RespondWorkflowTaskCompleted	{"host": "127.0.0.1:63280", "service": "history", "wf-namespace-id": "d0b550e3-6091-4a9b-a9aa-3d80ffb24954", "wf-id": "temporal-sys-worker-deployment-version:rrentVersion_Batching-564e9892_deployment_series.rrentVersion_Batching-564e9892_build_id", "wf-run-id": "0195af0e-98a0-7d94-93e5-2a1d2e5942f8", "wf-scheduled-event-id": 619, "logging-call-at": "/Users/shivamsaraf/Desktop/work/temporal/common/log/with_logger.go:61"}
2025-03-19T11:38:51.026-0400	debug	Workflow task updated	{"host": "127.0.0.1:63280", "shard-id": 4, "address": "127.0.0.1:63280", "wf-scheduled-event-id": 0, "wf-started-event-id": 0, "workflow-task-request-id": "emptyUuid", "workflow-task-timeout": 0, "attempt": 1, "wf-started-timestamp": "1970-01-01T00:00:00.000Z", "wt-type": "Unspecified", "logging-call-at": "/Users/shivamsaraf/Desktop/work/temporal/common/log/with_logger.go:61"}
2025-03-19T11:38:51.027-0400	debug	update state change	{"host": "127.0.0.1:63280", "shard-id": 4, "address": "127.0.0.1:63280", "wf-namespace-id": "d0b550e3-6091-4a9b-a9aa-3d80ffb24954", "wf-id": "temporal-sys-worker-deployment-version:rrentVersion_Batching-564e9892_deployment_series.rrentVersion_Batching-564e9892_build_id", "wf-run-id": "0195af0e-98a0-7d94-93e5-2a1d2e5942f8", "update-id": "ab4b9712-4f74-453a-88ac-df4391dad41f", "from-state": "Accepted", "to-state": "ProvisionallyCompleted", "logging-call-at": "/Users/shivamsaraf/Desktop/work/temporal/common/log/with_logger.go:61"}
2025-03-19T11:38:51.030-0400	debug	update state change	{"host": "127.0.0.1:63280", "shard-id": 4, "address": "127.0.0.1:63280", "wf-namespace-id": "d0b550e3-6091-4a9b-a9aa-3d80ffb24954", "wf-id": "temporal-sys-worker-deployment-version:rrentVersion_Batching-564e9892_deployment_series.rrentVersion_Batching-564e9892_build_id", "wf-run-id": "0195af0e-98a0-7d94-93e5-2a1d2e5942f8", "update-id": "ab4b9712-4f74-453a-88ac-df4391dad41f", "from-state": "ProvisionallyCompleted", "to-state": "Completed", "logging-call-at": "/Users/shivamsaraf/Desktop/work/temporal/common/log/with_logger.go:61"}
2025-03-19T11:38:51.030-0400	debug	Frontend method invoked.	{"host": "127.0.0.1:63278", "wf-namespace": "namespace-ec265ab4-426c-4316-a4b3-47fc66311932", "operation": "RespondActivityTaskCompleted", "server-name": "", "cert-thumbprint": "", "logging-call-at": "/Users/shivamsaraf/Desktop/work/temporal/common/log/with_logger.go:61"}
2025-03-19T11:38:51.031-0400	debug	Workflow task updated	{"host": "127.0.0.1:63280", "shard-id": 1, "address": "127.0.0.1:63280", "wf-scheduled-event-id": 305, "wf-started-event-id": 0, "workflow-task-request-id": "emptyUuid", "workflow-task-timeout": 10, "attempt": 1, "wf-started-timestamp": "0001-01-01T00:00:00.000Z", "wt-type": "Normal", "logging-call-at": "/Users/shivamsaraf/Desktop/work/temporal/common/log/with_logger.go:61"}
2025-03-19T11:38:51.031-0400	debug	Assigning new task key	{"host": "127.0.0.1:63280", "shard-id": 1, "address": "127.0.0.1:63280", "wf-namespace-id": "d0b550e3-6091-4a9b-a9aa-3d80ffb24954", "wf-id": "temporal-sys-worker-deployment:rrentVersion_Batching-564e9892_deployment_series", "wf-run-id": "0195af0e-960d-715f-b6c6-08dcdf4b78ec", "queue-task-type": "WorkflowTaskTimeout", "queue-task-id": 1049294, "timestamp": "2025-03-19T15:38:56.032Z", "cursor-timestamp": "2025-03-19T15:38:51.856Z", "logging-call-at": "/Users/shivamsaraf/Desktop/work/temporal/common/log/with_logger.go:61"}
2025-03-19T11:38:51.031-0400	debug	Assigning new task key	{"host": "127.0.0.1:63280", "shard-id": 1, "address": "127.0.0.1:63280", "wf-namespace-id": "d0b550e3-6091-4a9b-a9aa-3d80ffb24954", "wf-id": "temporal-sys-worker-deployment:rrentVersion_Batching-564e9892_deployment_series", "wf-run-id": "0195af0e-960d-715f-b6c6-08dcdf4b78ec", "queue-task-type": "TransferWorkflowTask", "queue-task-id": 1049295, "timestamp": "2025-03-19T15:38:51.031Z", "cursor-timestamp": "2025-03-19T15:38:51.856Z", "logging-call-at": "/Users/shivamsaraf/Desktop/work/temporal/common/log/with_logger.go:61"}
2025-03-19T11:38:51.035-0400	debug	Process task as active.	{"host": "127.0.0.1:63280", "shard-id": 1, "address": "127.0.0.1:63280", "component": "transfer-queue-processor", "wf-namespace-id": "d0b550e3-6091-4a9b-a9aa-3d80ffb24954", "value": "d0b550e3-6091-4a9b-a9aa-3d80ffb24954/temporal-sys-worker-deployment:rrentVersion_Batching-564e9892_deployment_series/0195af0e-960d-715f-b6c6-08dcdf4b78ec", "logging-call-at": "/Users/shivamsaraf/Desktop/work/temporal/common/log/with_logger.go:61"}
2025-03-19T11:38:51.036-0400	debug	Workflow task updated	{"host": "127.0.0.1:63280", "shard-id": 1, "address": "127.0.0.1:63280", "wf-scheduled-event-id": 305, "wf-started-event-id": 306, "workflow-task-request-id": "fae03445-9f89-4625-a696-927bfe704e44", "workflow-task-timeout": 10, "attempt": 1, "wf-started-timestamp": "2025-03-19T15:38:51.036Z", "wt-type": "Normal", "logging-call-at": "/Users/shivamsaraf/Desktop/work/temporal/common/log/with_logger.go:61"}
2025-03-19T11:38:51.036-0400	debug	Assigning new task key	{"host": "127.0.0.1:63280", "shard-id": 1, "address": "127.0.0.1:63280", "wf-namespace-id": "d0b550e3-6091-4a9b-a9aa-3d80ffb24954", "wf-id": "temporal-sys-worker-deployment:rrentVersion_Batching-564e9892_deployment_series", "wf-run-id": "0195af0e-960d-715f-b6c6-08dcdf4b78ec", "queue-task-type": "WorkflowTaskTimeout", "queue-task-id": 1049298, "timestamp": "2025-03-19T15:39:01.037Z", "cursor-timestamp": "2025-03-19T15:38:52.035Z", "logging-call-at": "/Users/shivamsaraf/Desktop/work/temporal/common/log/with_logger.go:61"}
2025-03-19T11:38:51.043-0400	debug	ExecuteActivity	{"host": "127.0.0.1:63281", "Namespace": "namespace-ec265ab4-426c-4316-a4b3-47fc66311932", "TaskQueue": "temporal-sys-per-ns-tq", "WorkerID": "temporal-system@Shivams-MacBook-Pro.local@namespace-ec265ab4-426c-4316-a4b3-47fc66311932", "WorkflowType": "temporal-sys-worker-deployment-workflow", "WorkflowID": "temporal-sys-worker-deployment:rrentVersion_Batching-564e9892_deployment_series", "RunID": "0195af0e-960d-715f-b6c6-08dcdf4b78ec", "Attempt": 0, "ActivityID": "309", "ActivityType": "RegisterWorkerInVersion", "logging-call-at": "/Users/shivamsaraf/Desktop/work/temporal/common/log/with_logger.go:61"}
2025-03-19T11:38:51.043-0400	debug	Frontend method invoked.	{"host": "127.0.0.1:63278", "wf-namespace": "namespace-ec265ab4-426c-4316-a4b3-47fc66311932", "operation": "PollWorkflowTaskQueue", "server-name": "", "cert-thumbprint": "", "logging-call-at": "/Users/shivamsaraf/Desktop/work/temporal/common/log/with_logger.go:61"}
2025-03-19T11:38:51.043-0400	debug	Received PollWorkflowTaskQueue	{"host": "127.0.0.1:63278", "service": "frontend", "logging-call-at": "/Users/shivamsaraf/Desktop/work/temporal/common/log/with_logger.go:61"}
2025-03-19T11:38:51.043-0400	debug	Poll workflow task queue.	{"host": "127.0.0.1:63278", "service": "frontend", "wf-namespace": "namespace-ec265ab4-426c-4316-a4b3-47fc66311932", "wf-namespace-id": "d0b550e3-6091-4a9b-a9aa-3d80ffb24954", "logging-call-at": "/Users/shivamsaraf/Desktop/work/temporal/common/log/with_logger.go:61"}
2025-03-19T11:38:51.043-0400	debug	Frontend method invoked.	{"host": "127.0.0.1:63278", "wf-namespace": "namespace-ec265ab4-426c-4316-a4b3-47fc66311932", "operation": "RespondWorkflowTaskCompleted", "server-name": "", "cert-thumbprint": "", "logging-call-at": "/Users/shivamsaraf/Desktop/work/temporal/common/log/with_logger.go:61"}
2025-03-19T11:38:51.044-0400	debug	RespondWorkflowTaskCompleted	{"host": "127.0.0.1:63280", "service": "history", "wf-namespace-id": "d0b550e3-6091-4a9b-a9aa-3d80ffb24954", "wf-id": "temporal-sys-worker-deployment:rrentVersion_Batching-564e9892_deployment_series", "wf-run-id": "0195af0e-960d-715f-b6c6-08dcdf4b78ec", "wf-scheduled-event-id": 305, "logging-call-at": "/Users/shivamsaraf/Desktop/work/temporal/common/log/with_logger.go:61"}
2025-03-19T11:38:51.044-0400	debug	Workflow task updated	{"host": "127.0.0.1:63280", "shard-id": 1, "address": "127.0.0.1:63280", "wf-scheduled-event-id": 0, "wf-started-event-id": 0, "workflow-task-request-id": "emptyUuid", "workflow-task-timeout": 0, "attempt": 1, "wf-started-timestamp": "1970-01-01T00:00:00.000Z", "wt-type": "Unspecified", "logging-call-at": "/Users/shivamsaraf/Desktop/work/temporal/common/log/with_logger.go:61"}
2025-03-19T11:38:51.044-0400	debug	update state change	{"host": "127.0.0.1:63280", "shard-id": 1, "address": "127.0.0.1:63280", "wf-namespace-id": "d0b550e3-6091-4a9b-a9aa-3d80ffb24954", "wf-id": "temporal-sys-worker-deployment:rrentVersion_Batching-564e9892_deployment_series", "wf-run-id": "0195af0e-960d-715f-b6c6-08dcdf4b78ec", "update-id": "39857642-e39f-4b78-ab97-211e57e209b9", "from-state": "Accepted", "to-state": "ProvisionallyCompleted", "logging-call-at": "/Users/shivamsaraf/Desktop/work/temporal/common/log/with_logger.go:61"}
2025-03-19T11:38:51.044-0400	debug	Assigning new task key	{"host": "127.0.0.1:63280", "shard-id": 1, "address": "127.0.0.1:63280", "wf-namespace-id": "d0b550e3-6091-4a9b-a9aa-3d80ffb24954", "wf-id": "temporal-sys-worker-deployment:rrentVersion_Batching-564e9892_deployment_series", "wf-run-id": "0195af0e-960d-715f-b6c6-08dcdf4b78ec", "queue-task-type": "TransferActivityTask", "queue-task-id": 1049304, "timestamp": "2025-03-19T15:38:51.044Z", "cursor-timestamp": "2025-03-19T15:38:52.035Z", "logging-call-at": "/Users/shivamsaraf/Desktop/work/temporal/common/log/with_logger.go:61"}
2025-03-19T11:38:51.048-0400	debug	update state change	{"host": "127.0.0.1:63280", "shard-id": 1, "address": "127.0.0.1:63280", "wf-namespace-id": "d0b550e3-6091-4a9b-a9aa-3d80ffb24954", "wf-id": "temporal-sys-worker-deployment:rrentVersion_Batching-564e9892_deployment_series", "wf-run-id": "0195af0e-960d-715f-b6c6-08dcdf4b78ec", "update-id": "39857642-e39f-4b78-ab97-211e57e209b9", "from-state": "ProvisionallyCompleted", "to-state": "Completed", "logging-call-at": "/Users/shivamsaraf/Desktop/work/temporal/common/log/with_logger.go:61"}
2025-03-19T11:38:51.048-0400	debug	deployment client success	{"host": "127.0.0.1:63279", "operation": "RegisterTaskQueueWorker", "elapsed": 7.487271792, "args": ["rrentVersion_Batching-564e9892_task_queue_28",1,"matching service"], "logging-call-at": "/Users/shivamsaraf/Desktop/work/temporal/common/log/with_logger.go:61"}
2025-03-19T11:38:51.048-0400	debug	Process task as active.	{"host": "127.0.0.1:63280", "shard-id": 1, "address": "127.0.0.1:63280", "component": "transfer-queue-processor", "wf-namespace-id": "d0b550e3-6091-4a9b-a9aa-3d80ffb24954", "value": "d0b550e3-6091-4a9b-a9aa-3d80ffb24954/temporal-sys-worker-deployment:rrentVersion_Batching-564e9892_deployment_series/0195af0e-960d-715f-b6c6-08dcdf4b78ec", "logging-call-at": "/Users/shivamsaraf/Desktop/work/temporal/common/log/with_logger.go:61"}
2025-03-19T11:38:51.048-0400	info	Started physicalTaskQueueManager	{"host": "127.0.0.1:63279", "component": "matching-engine", "wf-task-queue-name": "rrentVersion_Batching-564e9892_task_queue_28", "wf-task-queue-type": "Workflow", "wf-namespace": "namespace-ec265ab4-426c-4316-a4b3-47fc66311932", "worker-build-id": "rrentVersion_Batching-564e9892_deployment_series/rrentVersion_Batching-564e9892_build_id", "lifecycle": "Started", "cause": "UserData", "logging-call-at": "/Users/shivamsaraf/Desktop/work/temporal/common/log/with_logger.go:66"}
2025-03-19T11:38:51.049-0400	debug	Assigning new task key	{"host": "127.0.0.1:63280", "shard-id": 1, "address": "127.0.0.1:63280", "wf-namespace-id": "d0b550e3-6091-4a9b-a9aa-3d80ffb24954", "wf-id": "temporal-sys-worker-deployment:rrentVersion_Batching-564e9892_deployment_series", "wf-run-id": "0195af0e-960d-715f-b6c6-08dcdf4b78ec", "queue-task-type": "ActivityTimeout", "queue-task-id": 1049306, "timestamp": "2025-03-19T15:39:51.050Z", "cursor-timestamp": "2025-03-19T15:38:52.048Z", "logging-call-at": "/Users/shivamsaraf/Desktop/work/temporal/common/log/with_logger.go:61"}
2025-03-19T11:38:51.053-0400	debug	Frontend method invoked.	{"host": "127.0.0.1:63278", "wf-namespace": "namespace-ec265ab4-426c-4316-a4b3-47fc66311932", "operation": "PollActivityTaskQueue", "server-name": "", "cert-thumbprint": "", "logging-call-at": "/Users/shivamsaraf/Desktop/work/temporal/common/log/with_logger.go:61"}
2025-03-19T11:38:51.053-0400	debug	Received PollActivityTaskQueue	{"host": "127.0.0.1:63278", "service": "frontend", "logging-call-at": "/Users/shivamsaraf/Desktop/work/temporal/common/log/with_logger.go:61"}
2025-03-19T11:38:51.054-0400	debug	update state change	{"host": "127.0.0.1:63280", "shard-id": 4, "address": "127.0.0.1:63280", "wf-namespace-id": "d0b550e3-6091-4a9b-a9aa-3d80ffb24954", "wf-id": "temporal-sys-worker-deployment-version:rrentVersion_Batching-564e9892_deployment_series.rrentVersion_Batching-564e9892_build_id", "wf-run-id": "0195af0e-98a0-7d94-93e5-2a1d2e5942f8", "update-id": "2d37ff70-5e85-457d-8ce5-1289ff7420b3", "from-state": "Created", "to-state": "ProvisionallyAdmitted", "logging-call-at": "/Users/shivamsaraf/Desktop/work/temporal/common/log/with_logger.go:61"}
2025-03-19T11:38:51.054-0400	debug	update state change	{"host": "127.0.0.1:63280", "shard-id": 4, "address": "127.0.0.1:63280", "wf-namespace-id": "d0b550e3-6091-4a9b-a9aa-3d80ffb24954", "wf-id": "temporal-sys-worker-deployment-version:rrentVersion_Batching-564e9892_deployment_series.rrentVersion_Batching-564e9892_build_id", "wf-run-id": "0195af0e-98a0-7d94-93e5-2a1d2e5942f8", "update-id": "2d37ff70-5e85-457d-8ce5-1289ff7420b3", "from-state": "ProvisionallyAdmitted", "to-state": "Admitted", "logging-call-at": "/Users/shivamsaraf/Desktop/work/temporal/common/log/with_logger.go:61"}
2025-03-19T11:38:51.054-0400	debug	Workflow task updated	{"host": "127.0.0.1:63280", "shard-id": 4, "address": "127.0.0.1:63280", "wf-scheduled-event-id": 623, "wf-started-event-id": 0, "workflow-task-request-id": "emptyUuid", "workflow-task-timeout": 10, "attempt": 1, "wf-started-timestamp": "0001-01-01T00:00:00.000Z", "wt-type": "Speculative", "logging-call-at": "/Users/shivamsaraf/Desktop/work/temporal/common/log/with_logger.go:61"}
2025-03-19T11:38:51.055-0400	debug	Workflow task updated	{"host": "127.0.0.1:63280", "shard-id": 4, "address": "127.0.0.1:63280", "wf-scheduled-event-id": 623, "wf-started-event-id": 624, "workflow-task-request-id": "6cf434b0-72d7-4851-aabe-4d4e0e4168ca", "workflow-task-timeout": 10, "attempt": 1, "wf-started-timestamp": "2025-03-19T15:38:51.055Z", "wt-type": "Speculative", "logging-call-at": "/Users/shivamsaraf/Desktop/work/temporal/common/log/with_logger.go:61"}
2025-03-19T11:38:51.055-0400	debug	update state change	{"host": "127.0.0.1:63280", "shard-id": 4, "address": "127.0.0.1:63280", "wf-namespace-id": "d0b550e3-6091-4a9b-a9aa-3d80ffb24954", "wf-id": "temporal-sys-worker-deployment-version:rrentVersion_Batching-564e9892_deployment_series.rrentVersion_Batching-564e9892_build_id", "wf-run-id": "0195af0e-98a0-7d94-93e5-2a1d2e5942f8", "update-id": "2d37ff70-5e85-457d-8ce5-1289ff7420b3", "from-state": "Admitted", "to-state": "Sent", "logging-call-at": "/Users/shivamsaraf/Desktop/work/temporal/common/log/with_logger.go:61"}
2025-03-19T11:38:51.059-0400	debug	ExecuteActivity	{"host": "127.0.0.1:63281", "Namespace": "namespace-ec265ab4-426c-4316-a4b3-47fc66311932", "TaskQueue": "temporal-sys-per-ns-tq", "WorkerID": "temporal-system@Shivams-MacBook-Pro.local@namespace-ec265ab4-426c-4316-a4b3-47fc66311932", "WorkflowType": "temporal-sys-worker-deployment-version-workflow", "WorkflowID": "temporal-sys-worker-deployment-version:rrentVersion_Batching-564e9892_deployment_series.rrentVersion_Batching-564e9892_build_id", "RunID": "0195af0e-98a0-7d94-93e5-2a1d2e5942f8", "Attempt": 0, "ActivityID": "627", "ActivityType": "SyncDeploymentVersionUserData", "logging-call-at": "/Users/shivamsaraf/Desktop/work/temporal/common/log/with_logger.go:61"}
2025-03-19T11:38:51.059-0400	debug	Frontend method invoked.	{"host": "127.0.0.1:63278", "wf-namespace": "namespace-ec265ab4-426c-4316-a4b3-47fc66311932", "operation": "PollWorkflowTaskQueue", "server-name": "", "cert-thumbprint": "", "logging-call-at": "/Users/shivamsaraf/Desktop/work/temporal/common/log/with_logger.go:61"}
2025-03-19T11:38:51.060-0400	debug	Received PollWorkflowTaskQueue	{"host": "127.0.0.1:63278", "service": "frontend", "logging-call-at": "/Users/shivamsaraf/Desktop/work/temporal/common/log/with_logger.go:61"}
2025-03-19T11:38:51.060-0400	debug	Poll workflow task queue.	{"host": "127.0.0.1:63278", "service": "frontend", "wf-namespace": "namespace-ec265ab4-426c-4316-a4b3-47fc66311932", "wf-namespace-id": "d0b550e3-6091-4a9b-a9aa-3d80ffb24954", "logging-call-at": "/Users/shivamsaraf/Desktop/work/temporal/common/log/with_logger.go:61"}
2025-03-19T11:38:51.060-0400	debug	Frontend method invoked.	{"host": "127.0.0.1:63278", "wf-namespace": "namespace-ec265ab4-426c-4316-a4b3-47fc66311932", "operation": "RespondWorkflowTaskCompleted", "server-name": "", "cert-thumbprint": "", "logging-call-at": "/Users/shivamsaraf/Desktop/work/temporal/common/log/with_logger.go:61"}
2025-03-19T11:38:51.060-0400	debug	RespondWorkflowTaskCompleted	{"host": "127.0.0.1:63280", "service": "history", "wf-namespace-id": "d0b550e3-6091-4a9b-a9aa-3d80ffb24954", "wf-id": "temporal-sys-worker-deployment-version:rrentVersion_Batching-564e9892_deployment_series.rrentVersion_Batching-564e9892_build_id", "wf-run-id": "0195af0e-98a0-7d94-93e5-2a1d2e5942f8", "wf-scheduled-event-id": 623, "logging-call-at": "/Users/shivamsaraf/Desktop/work/temporal/common/log/with_logger.go:61"}
2025-03-19T11:38:51.061-0400	debug	Workflow task updated	{"host": "127.0.0.1:63280", "shard-id": 4, "address": "127.0.0.1:63280", "wf-scheduled-event-id": 0, "wf-started-event-id": 0, "workflow-task-request-id": "emptyUuid", "workflow-task-timeout": 0, "attempt": 1, "wf-started-timestamp": "1970-01-01T00:00:00.000Z", "wt-type": "Unspecified", "logging-call-at": "/Users/shivamsaraf/Desktop/work/temporal/common/log/with_logger.go:61"}
2025-03-19T11:38:51.061-0400	debug	update state change	{"host": "127.0.0.1:63280", "shard-id": 4, "address": "127.0.0.1:63280", "wf-namespace-id": "d0b550e3-6091-4a9b-a9aa-3d80ffb24954", "wf-id": "temporal-sys-worker-deployment-version:rrentVersion_Batching-564e9892_deployment_series.rrentVersion_Batching-564e9892_build_id", "wf-run-id": "0195af0e-98a0-7d94-93e5-2a1d2e5942f8", "update-id": "2d37ff70-5e85-457d-8ce5-1289ff7420b3", "from-state": "Sent", "to-state": "ProvisionallyAccepted", "logging-call-at": "/Users/shivamsaraf/Desktop/work/temporal/common/log/with_logger.go:61"}
2025-03-19T11:38:51.061-0400	debug	Assigning new task key	{"host": "127.0.0.1:63280", "shard-id": 4, "address": "127.0.0.1:63280", "wf-namespace-id": "d0b550e3-6091-4a9b-a9aa-3d80ffb24954", "wf-id": "temporal-sys-worker-deployment-version:rrentVersion_Batching-564e9892_deployment_series.rrentVersion_Batching-564e9892_build_id", "wf-run-id": "0195af0e-98a0-7d94-93e5-2a1d2e5942f8", "queue-task-type": "TransferActivityTask", "queue-task-id": 1050193, "timestamp": "2025-03-19T15:38:51.061Z", "cursor-timestamp": "2025-03-19T15:38:52.016Z", "logging-call-at": "/Users/shivamsaraf/Desktop/work/temporal/common/log/with_logger.go:61"}
2025-03-19T11:38:51.064-0400	debug	update state change	{"host": "127.0.0.1:63280", "shard-id": 4, "address": "127.0.0.1:63280", "wf-namespace-id": "d0b550e3-6091-4a9b-a9aa-3d80ffb24954", "wf-id": "temporal-sys-worker-deployment-version:rrentVersion_Batching-564e9892_deployment_series.rrentVersion_Batching-564e9892_build_id", "wf-run-id": "0195af0e-98a0-7d94-93e5-2a1d2e5942f8", "update-id": "2d37ff70-5e85-457d-8ce5-1289ff7420b3", "from-state": "ProvisionallyAccepted", "to-state": "Accepted", "logging-call-at": "/Users/shivamsaraf/Desktop/work/temporal/common/log/with_logger.go:61"}
2025-03-19T11:38:51.065-0400	debug	Process task as active.	{"host": "127.0.0.1:63280", "shard-id": 4, "address": "127.0.0.1:63280", "component": "transfer-queue-processor", "wf-namespace-id": "d0b550e3-6091-4a9b-a9aa-3d80ffb24954", "value": "d0b550e3-6091-4a9b-a9aa-3d80ffb24954/temporal-sys-worker-deployment-version:rrentVersion_Batching-564e9892_deployment_series.rrentVersion_Batching-564e9892_build_id/0195af0e-98a0-7d94-93e5-2a1d2e5942f8", "logging-call-at": "/Users/shivamsaraf/Desktop/work/temporal/common/log/with_logger.go:61"}
2025-03-19T11:38:51.066-0400	debug	Assigning new task key	{"host": "127.0.0.1:63280", "shard-id": 4, "address": "127.0.0.1:63280", "wf-namespace-id": "d0b550e3-6091-4a9b-a9aa-3d80ffb24954", "wf-id": "temporal-sys-worker-deployment-version:rrentVersion_Batching-564e9892_deployment_series.rrentVersion_Batching-564e9892_build_id", "wf-run-id": "0195af0e-98a0-7d94-93e5-2a1d2e5942f8", "queue-task-type": "ActivityTimeout", "queue-task-id": 1050194, "timestamp": "2025-03-19T15:39:51.067Z", "cursor-timestamp": "2025-03-19T15:38:52.064Z", "logging-call-at": "/Users/shivamsaraf/Desktop/work/temporal/common/log/with_logger.go:61"}
2025-03-19T11:38:51.070-0400	info	syncing task queue userdata for deployment version	{"host": "127.0.0.1:63281", "Namespace": "namespace-ec265ab4-426c-4316-a4b3-47fc66311932", "TaskQueue": "temporal-sys-per-ns-tq", "WorkerID": "temporal-system@Shivams-MacBook-Pro.local@namespace-ec265ab4-426c-4316-a4b3-47fc66311932", "ActivityID": "627", "ActivityType": "SyncDeploymentVersionUserData", "Attempt": 1, "WorkflowType": "temporal-sys-worker-deployment-version-workflow", "WorkflowID": "temporal-sys-worker-deployment-version:rrentVersion_Batching-564e9892_deployment_series.rrentVersion_Batching-564e9892_build_id", "RunID": "0195af0e-98a0-7d94-93e5-2a1d2e5942f8", "taskQueue": "rrentVersion_Batching-564e9892_task_queue_5", "types": [1], "logging-call-at": "/Users/shivamsaraf/Desktop/work/temporal/common/log/with_logger.go:66"}
2025-03-19T11:38:51.070-0400	debug	Frontend method invoked.	{"host": "127.0.0.1:63278", "wf-namespace": "namespace-ec265ab4-426c-4316-a4b3-47fc66311932", "operation": "PollActivityTaskQueue", "server-name": "", "cert-thumbprint": "", "logging-call-at": "/Users/shivamsaraf/Desktop/work/temporal/common/log/with_logger.go:61"}
2025-03-19T11:38:51.070-0400	debug	Received PollActivityTaskQueue	{"host": "127.0.0.1:63278", "service": "frontend", "logging-call-at": "/Users/shivamsaraf/Desktop/work/temporal/common/log/with_logger.go:61"}
2025-03-19T11:38:51.099-0400	debug	Process task as active.	{"host": "127.0.0.1:63280", "shard-id": 4, "address": "127.0.0.1:63280", "component": "timer-queue-processor", "wf-namespace-id": "d0b550e3-6091-4a9b-a9aa-3d80ffb24954", "value": "d0b550e3-6091-4a9b-a9aa-3d80ffb24954/temporal-sys-worker-deployment-version:rrentVersion_Batching-564e9892_deployment_series.rrentVersion_Batching-564e9892_build_id/0195af0e-98a0-7d94-93e5-2a1d2e5942f8", "logging-call-at": "/Users/shivamsaraf/Desktop/work/temporal/common/log/with_logger.go:61"}
2025-03-19T11:38:51.123-0400	debug	Process task as active.	{"host": "127.0.0.1:63280", "shard-id": 4, "address": "127.0.0.1:63280", "component": "timer-queue-processor", "wf-namespace-id": "d0b550e3-6091-4a9b-a9aa-3d80ffb24954", "value": "d0b550e3-6091-4a9b-a9aa-3d80ffb24954/temporal-sys-worker-deployment-version:rrentVersion_Batching-564e9892_deployment_series.rrentVersion_Batching-564e9892_build_id/0195af0e-98a0-7d94-93e5-2a1d2e5942f8", "logging-call-at": "/Users/shivamsaraf/Desktop/work/temporal/common/log/with_logger.go:61"}
2025-03-19T11:38:51.140-0400	debug	Process task as active.	{"host": "127.0.0.1:63280", "shard-id": 1, "address": "127.0.0.1:63280", "component": "timer-queue-processor", "wf-namespace-id": "d0b550e3-6091-4a9b-a9aa-3d80ffb24954", "value": "d0b550e3-6091-4a9b-a9aa-3d80ffb24954/temporal-sys-worker-deployment:rrentVersion_Batching-564e9892_deployment_series/0195af0e-960d-715f-b6c6-08dcdf4b78ec", "logging-call-at": "/Users/shivamsaraf/Desktop/work/temporal/common/log/with_logger.go:61"}
2025-03-19T11:38:51.171-0400	info	modified user data	{"host": "127.0.0.1:63279", "component": "matching-engine", "wf-task-queue-name": "rrentVersion_Batching-564e9892_task_queue_5", "wf-task-queue-type": "Workflow", "wf-namespace": "namespace-ec265ab4-426c-4316-a4b3-47fc66311932", "user-data-update-source": "SyncDeploymentUserData", "user-data-version": 1, "timestamp": "2025-03-19T15:38:51.070Z", "logging-call-at": "/Users/shivamsaraf/Desktop/work/temporal/common/log/with_logger.go:66"}
2025-03-19T11:38:51.171-0400	debug	user data changed while blocked in long poll	{"host": "127.0.0.1:63279", "component": "matching-engine", "wf-task-queue-name": "rrentVersion_Batching-564e9892_task_queue_5", "wf-task-queue-type": "Workflow", "wf-namespace": "namespace-ec265ab4-426c-4316-a4b3-47fc66311932", "logging-call-at": "/Users/shivamsaraf/Desktop/work/temporal/common/log/with_logger.go:61"}
2025-03-19T11:38:51.171-0400	debug	user data changed while blocked in long poll	{"host": "127.0.0.1:63279", "component": "matching-engine", "wf-task-queue-name": "rrentVersion_Batching-564e9892_task_queue_5", "wf-task-queue-type": "Workflow", "wf-namespace": "namespace-ec265ab4-426c-4316-a4b3-47fc66311932", "logging-call-at": "/Users/shivamsaraf/Desktop/work/temporal/common/log/with_logger.go:61"}
2025-03-19T11:38:51.171-0400	debug	user data changed while blocked in long poll	{"host": "127.0.0.1:63279", "component": "matching-engine", "wf-task-queue-name": "rrentVersion_Batching-564e9892_task_queue_5", "wf-task-queue-type": "Workflow", "wf-namespace": "namespace-ec265ab4-426c-4316-a4b3-47fc66311932", "logging-call-at": "/Users/shivamsaraf/Desktop/work/temporal/common/log/with_logger.go:61"}
2025-03-19T11:38:51.171-0400	info	returning user data	{"host": "127.0.0.1:63279", "component": "matching-engine", "wf-task-queue-name": "rrentVersion_Batching-564e9892_task_queue_5", "wf-task-queue-type": "Workflow", "wf-namespace": "namespace-ec265ab4-426c-4316-a4b3-47fc66311932", "long-poll": true, "request-known-version": 0, "user-data-version": 1, "logging-call-at": "/Users/shivamsaraf/Desktop/work/temporal/common/log/with_logger.go:66"}
2025-03-19T11:38:51.172-0400	info	returning user data	{"host": "127.0.0.1:63279", "component": "matching-engine", "wf-task-queue-name": "rrentVersion_Batching-564e9892_task_queue_5", "wf-task-queue-type": "Workflow", "wf-namespace": "namespace-ec265ab4-426c-4316-a4b3-47fc66311932", "long-poll": true, "request-known-version": 0, "user-data-version": 1, "logging-call-at": "/Users/shivamsaraf/Desktop/work/temporal/common/log/with_logger.go:66"}
2025-03-19T11:38:51.172-0400	info	returning user data	{"host": "127.0.0.1:63279", "component": "matching-engine", "wf-task-queue-name": "rrentVersion_Batching-564e9892_task_queue_5", "wf-task-queue-type": "Workflow", "wf-namespace": "namespace-ec265ab4-426c-4316-a4b3-47fc66311932", "long-poll": true, "request-known-version": 0, "user-data-version": 1, "logging-call-at": "/Users/shivamsaraf/Desktop/work/temporal/common/log/with_logger.go:66"}
2025-03-19T11:38:51.172-0400	info	fetched user data from parent	{"host": "127.0.0.1:63279", "component": "matching-engine", "wf-task-queue-name": "/_sys/rrentVersion_Batching-564e9892_task_queue_5/1", "wf-task-queue-type": "Workflow", "wf-namespace": "namespace-ec265ab4-426c-4316-a4b3-47fc66311932", "user-data-version": 1, "timestamp": "2025-03-19T15:38:51.070Z", "logging-call-at": "/Users/shivamsaraf/Desktop/work/temporal/common/log/with_logger.go:66"}
2025-03-19T11:38:51.172-0400	info	fetched user data from parent	{"host": "127.0.0.1:63279", "component": "matching-engine", "wf-task-queue-name": "/_sys/rrentVersion_Batching-564e9892_task_queue_5/3", "wf-task-queue-type": "Workflow", "wf-namespace": "namespace-ec265ab4-426c-4316-a4b3-47fc66311932", "user-data-version": 1, "timestamp": "2025-03-19T15:38:51.070Z", "logging-call-at": "/Users/shivamsaraf/Desktop/work/temporal/common/log/with_logger.go:66"}
2025-03-19T11:38:51.172-0400	debug	Frontend method invoked.	{"host": "127.0.0.1:63278", "wf-namespace": "namespace-ec265ab4-426c-4316-a4b3-47fc66311932", "operation": "RespondActivityTaskCompleted", "server-name": "", "cert-thumbprint": "", "logging-call-at": "/Users/shivamsaraf/Desktop/work/temporal/common/log/with_logger.go:61"}
2025-03-19T11:38:51.172-0400	info	fetched user data from parent	{"host": "127.0.0.1:63279", "component": "matching-engine", "wf-task-queue-name": "/_sys/rrentVersion_Batching-564e9892_task_queue_5/2", "wf-task-queue-type": "Workflow", "wf-namespace": "namespace-ec265ab4-426c-4316-a4b3-47fc66311932", "user-data-version": 1, "timestamp": "2025-03-19T15:38:51.070Z", "logging-call-at": "/Users/shivamsaraf/Desktop/work/temporal/common/log/with_logger.go:66"}
2025-03-19T11:38:51.173-0400	debug	Workflow task updated	{"host": "127.0.0.1:63280", "shard-id": 4, "address": "127.0.0.1:63280", "wf-scheduled-event-id": 630, "wf-started-event-id": 0, "workflow-task-request-id": "emptyUuid", "workflow-task-timeout": 10, "attempt": 1, "wf-started-timestamp": "0001-01-01T00:00:00.000Z", "wt-type": "Normal", "logging-call-at": "/Users/shivamsaraf/Desktop/work/temporal/common/log/with_logger.go:61"}
2025-03-19T11:38:51.173-0400	debug	Assigning new task key	{"host": "127.0.0.1:63280", "shard-id": 4, "address": "127.0.0.1:63280", "wf-namespace-id": "d0b550e3-6091-4a9b-a9aa-3d80ffb24954", "wf-id": "temporal-sys-worker-deployment-version:rrentVersion_Batching-564e9892_deployment_series.rrentVersion_Batching-564e9892_build_id", "wf-run-id": "0195af0e-98a0-7d94-93e5-2a1d2e5942f8", "queue-task-type": "WorkflowTaskTimeout", "queue-task-id": 1050200, "timestamp": "2025-03-19T15:38:56.174Z", "cursor-timestamp": "2025-03-19T15:38:52.064Z", "logging-call-at": "/Users/shivamsaraf/Desktop/work/temporal/common/log/with_logger.go:61"}
2025-03-19T11:38:51.173-0400	debug	Assigning new task key	{"host": "127.0.0.1:63280", "shard-id": 4, "address": "127.0.0.1:63280", "wf-namespace-id": "d0b550e3-6091-4a9b-a9aa-3d80ffb24954", "wf-id": "temporal-sys-worker-deployment-version:rrentVersion_Batching-564e9892_deployment_series.rrentVersion_Batching-564e9892_build_id", "wf-run-id": "0195af0e-98a0-7d94-93e5-2a1d2e5942f8", "queue-task-type": "TransferWorkflowTask", "queue-task-id": 1050201, "timestamp": "2025-03-19T15:38:51.173Z", "cursor-timestamp": "2025-03-19T15:38:52.064Z", "logging-call-at": "/Users/shivamsaraf/Desktop/work/temporal/common/log/with_logger.go:61"}
2025-03-19T11:38:51.179-0400	debug	Process task as active.	{"host": "127.0.0.1:63280", "shard-id": 4, "address": "127.0.0.1:63280", "component": "transfer-queue-processor", "wf-namespace-id": "d0b550e3-6091-4a9b-a9aa-3d80ffb24954", "value": "d0b550e3-6091-4a9b-a9aa-3d80ffb24954/temporal-sys-worker-deployment-version:rrentVersion_Batching-564e9892_deployment_series.rrentVersion_Batching-564e9892_build_id/0195af0e-98a0-7d94-93e5-2a1d2e5942f8", "logging-call-at": "/Users/shivamsaraf/Desktop/work/temporal/common/log/with_logger.go:61"}
2025-03-19T11:38:51.179-0400	debug	Workflow task updated	{"host": "127.0.0.1:63280", "shard-id": 4, "address": "127.0.0.1:63280", "wf-scheduled-event-id": 630, "wf-started-event-id": 631, "workflow-task-request-id": "b0a912ce-bdb4-44be-a85c-125baa33943d", "workflow-task-timeout": 10, "attempt": 1, "wf-started-timestamp": "2025-03-19T15:38:51.179Z", "wt-type": "Normal", "logging-call-at": "/Users/shivamsaraf/Desktop/work/temporal/common/log/with_logger.go:61"}
2025-03-19T11:38:51.180-0400	debug	Assigning new task key	{"host": "127.0.0.1:63280", "shard-id": 4, "address": "127.0.0.1:63280", "wf-namespace-id": "d0b550e3-6091-4a9b-a9aa-3d80ffb24954", "wf-id": "temporal-sys-worker-deployment-version:rrentVersion_Batching-564e9892_deployment_series.rrentVersion_Batching-564e9892_build_id", "wf-run-id": "0195af0e-98a0-7d94-93e5-2a1d2e5942f8", "queue-task-type": "WorkflowTaskTimeout", "queue-task-id": 1050204, "timestamp": "2025-03-19T15:39:01.180Z", "cursor-timestamp": "2025-03-19T15:38:52.178Z", "logging-call-at": "/Users/shivamsaraf/Desktop/work/temporal/common/log/with_logger.go:61"}
2025-03-19T11:38:51.189-0400	debug	ExecuteActivity	{"host": "127.0.0.1:63281", "Namespace": "namespace-ec265ab4-426c-4316-a4b3-47fc66311932", "TaskQueue": "temporal-sys-per-ns-tq", "WorkerID": "temporal-system@Shivams-MacBook-Pro.local@namespace-ec265ab4-426c-4316-a4b3-47fc66311932", "WorkflowType": "temporal-sys-worker-deployment-version-workflow", "WorkflowID": "temporal-sys-worker-deployment-version:rrentVersion_Batching-564e9892_deployment_series.rrentVersion_Batching-564e9892_build_id", "RunID": "0195af0e-98a0-7d94-93e5-2a1d2e5942f8", "Attempt": 0, "ActivityID": "633", "ActivityType": "CheckWorkerDeploymentUserDataPropagation", "logging-call-at": "/Users/shivamsaraf/Desktop/work/temporal/common/log/with_logger.go:61"}
2025-03-19T11:38:51.189-0400	debug	Frontend method invoked.	{"host": "127.0.0.1:63278", "wf-namespace": "namespace-ec265ab4-426c-4316-a4b3-47fc66311932", "operation": "PollWorkflowTaskQueue", "server-name": "", "cert-thumbprint": "", "logging-call-at": "/Users/shivamsaraf/Desktop/work/temporal/common/log/with_logger.go:61"}
2025-03-19T11:38:51.190-0400	debug	Received PollWorkflowTaskQueue	{"host": "127.0.0.1:63278", "service": "frontend", "logging-call-at": "/Users/shivamsaraf/Desktop/work/temporal/common/log/with_logger.go:61"}
2025-03-19T11:38:51.190-0400	debug	Poll workflow task queue.	{"host": "127.0.0.1:63278", "service": "frontend", "wf-namespace": "namespace-ec265ab4-426c-4316-a4b3-47fc66311932", "wf-namespace-id": "d0b550e3-6091-4a9b-a9aa-3d80ffb24954", "logging-call-at": "/Users/shivamsaraf/Desktop/work/temporal/common/log/with_logger.go:61"}
2025-03-19T11:38:51.190-0400	debug	Frontend method invoked.	{"host": "127.0.0.1:63278", "wf-namespace": "namespace-ec265ab4-426c-4316-a4b3-47fc66311932", "operation": "RespondWorkflowTaskCompleted", "server-name": "", "cert-thumbprint": "", "logging-call-at": "/Users/shivamsaraf/Desktop/work/temporal/common/log/with_logger.go:61"}
2025-03-19T11:38:51.190-0400	debug	RespondWorkflowTaskCompleted	{"host": "127.0.0.1:63280", "service": "history", "wf-namespace-id": "d0b550e3-6091-4a9b-a9aa-3d80ffb24954", "wf-id": "temporal-sys-worker-deployment-version:rrentVersion_Batching-564e9892_deployment_series.rrentVersion_Batching-564e9892_build_id", "wf-run-id": "0195af0e-98a0-7d94-93e5-2a1d2e5942f8", "wf-scheduled-event-id": 630, "logging-call-at": "/Users/shivamsaraf/Desktop/work/temporal/common/log/with_logger.go:61"}
2025-03-19T11:38:51.190-0400	debug	Workflow task updated	{"host": "127.0.0.1:63280", "shard-id": 4, "address": "127.0.0.1:63280", "wf-scheduled-event-id": 0, "wf-started-event-id": 0, "workflow-task-request-id": "emptyUuid", "workflow-task-timeout": 0, "attempt": 1, "wf-started-timestamp": "1970-01-01T00:00:00.000Z", "wt-type": "Unspecified", "logging-call-at": "/Users/shivamsaraf/Desktop/work/temporal/common/log/with_logger.go:61"}
2025-03-19T11:38:51.191-0400	debug	Assigning new task key	{"host": "127.0.0.1:63280", "shard-id": 4, "address": "127.0.0.1:63280", "wf-namespace-id": "d0b550e3-6091-4a9b-a9aa-3d80ffb24954", "wf-id": "temporal-sys-worker-deployment-version:rrentVersion_Batching-564e9892_deployment_series.rrentVersion_Batching-564e9892_build_id", "wf-run-id": "0195af0e-98a0-7d94-93e5-2a1d2e5942f8", "queue-task-type": "TransferActivityTask", "queue-task-id": 1050209, "timestamp": "2025-03-19T15:38:51.191Z", "cursor-timestamp": "2025-03-19T15:38:52.178Z", "logging-call-at": "/Users/shivamsaraf/Desktop/work/temporal/common/log/with_logger.go:61"}
2025-03-19T11:38:51.195-0400	debug	Process task as active.	{"host": "127.0.0.1:63280", "shard-id": 4, "address": "127.0.0.1:63280", "component": "transfer-queue-processor", "wf-namespace-id": "d0b550e3-6091-4a9b-a9aa-3d80ffb24954", "value": "d0b550e3-6091-4a9b-a9aa-3d80ffb24954/temporal-sys-worker-deployment-version:rrentVersion_Batching-564e9892_deployment_series.rrentVersion_Batching-564e9892_build_id/0195af0e-98a0-7d94-93e5-2a1d2e5942f8", "logging-call-at": "/Users/shivamsaraf/Desktop/work/temporal/common/log/with_logger.go:61"}
2025-03-19T11:38:51.196-0400	debug	Assigning new task key	{"host": "127.0.0.1:63280", "shard-id": 4, "address": "127.0.0.1:63280", "wf-namespace-id": "d0b550e3-6091-4a9b-a9aa-3d80ffb24954", "wf-id": "temporal-sys-worker-deployment-version:rrentVersion_Batching-564e9892_deployment_series.rrentVersion_Batching-564e9892_build_id", "wf-run-id": "0195af0e-98a0-7d94-93e5-2a1d2e5942f8", "queue-task-type": "ActivityTimeout", "queue-task-id": 1050210, "timestamp": "2025-03-19T15:39:51.197Z", "cursor-timestamp": "2025-03-19T15:38:52.194Z", "logging-call-at": "/Users/shivamsaraf/Desktop/work/temporal/common/log/with_logger.go:61"}
2025-03-19T11:38:51.200-0400	info	waiting for userdata propagation	{"host": "127.0.0.1:63281", "Namespace": "namespace-ec265ab4-426c-4316-a4b3-47fc66311932", "TaskQueue": "temporal-sys-per-ns-tq", "WorkerID": "temporal-system@Shivams-MacBook-Pro.local@namespace-ec265ab4-426c-4316-a4b3-47fc66311932", "ActivityID": "633", "ActivityType": "CheckWorkerDeploymentUserDataPropagation", "Attempt": 1, "WorkflowType": "temporal-sys-worker-deployment-version-workflow", "WorkflowID": "temporal-sys-worker-deployment-version:rrentVersion_Batching-564e9892_deployment_series.rrentVersion_Batching-564e9892_build_id", "RunID": "0195af0e-98a0-7d94-93e5-2a1d2e5942f8", "taskQueue": "rrentVersion_Batching-564e9892_task_queue_5", "version": 1, "logging-call-at": "/Users/shivamsaraf/Desktop/work/temporal/common/log/with_logger.go:66"}
2025-03-19T11:38:51.200-0400	debug	Frontend method invoked.	{"host": "127.0.0.1:63278", "wf-namespace": "namespace-ec265ab4-426c-4316-a4b3-47fc66311932", "operation": "PollActivityTaskQueue", "server-name": "", "cert-thumbprint": "", "logging-call-at": "/Users/shivamsaraf/Desktop/work/temporal/common/log/with_logger.go:61"}
2025-03-19T11:38:51.200-0400	debug	Received PollActivityTaskQueue	{"host": "127.0.0.1:63278", "service": "frontend", "logging-call-at": "/Users/shivamsaraf/Desktop/work/temporal/common/log/with_logger.go:61"}
2025-03-19T11:38:51.201-0400	info	returning user data	{"host": "127.0.0.1:63279", "component": "matching-engine", "wf-task-queue-name": "/_sys/rrentVersion_Batching-564e9892_task_queue_5/3", "wf-task-queue-type": "Workflow", "wf-namespace": "namespace-ec265ab4-426c-4316-a4b3-47fc66311932", "long-poll": true, "request-known-version": 0, "user-data-version": 1, "logging-call-at": "/Users/shivamsaraf/Desktop/work/temporal/common/log/with_logger.go:66"}
2025-03-19T11:38:51.201-0400	info	returning user data	{"host": "127.0.0.1:63279", "component": "matching-engine", "wf-task-queue-name": "/_sys/rrentVersion_Batching-564e9892_task_queue_5/2", "wf-task-queue-type": "Workflow", "wf-namespace": "namespace-ec265ab4-426c-4316-a4b3-47fc66311932", "long-poll": true, "request-known-version": 0, "user-data-version": 1, "logging-call-at": "/Users/shivamsaraf/Desktop/work/temporal/common/log/with_logger.go:66"}
2025-03-19T11:38:51.201-0400	info	returning user data	{"host": "127.0.0.1:63279", "component": "matching-engine", "wf-task-queue-name": "/_sys/rrentVersion_Batching-564e9892_task_queue_5/1", "wf-task-queue-type": "Workflow", "wf-namespace": "namespace-ec265ab4-426c-4316-a4b3-47fc66311932", "long-poll": true, "request-known-version": 0, "user-data-version": 1, "logging-call-at": "/Users/shivamsaraf/Desktop/work/temporal/common/log/with_logger.go:66"}
2025-03-19T11:38:51.201-0400	info	matching client encountered error	{"host": "127.0.0.1:63279", "error": "partition was not loaded", "service-error-type": "serviceerror.FailedPrecondition", "logging-call-at": "/Users/shivamsaraf/Desktop/work/temporal/common/log/with_logger.go:66"}
2025-03-19T11:38:51.201-0400	info	matching client encountered error	{"host": "127.0.0.1:63279", "error": "partition was not loaded", "service-error-type": "serviceerror.FailedPrecondition", "logging-call-at": "/Users/shivamsaraf/Desktop/work/temporal/common/log/with_logger.go:66"}
2025-03-19T11:38:51.201-0400	info	matching client encountered error	{"host": "127.0.0.1:63279", "error": "partition was not loaded", "service-error-type": "serviceerror.FailedPrecondition", "logging-call-at": "/Users/shivamsaraf/Desktop/work/temporal/common/log/with_logger.go:66"}
2025-03-19T11:38:51.201-0400	info	matching client encountered error	{"host": "127.0.0.1:63279", "error": "partition was not loaded", "service-error-type": "serviceerror.FailedPrecondition", "logging-call-at": "/Users/shivamsaraf/Desktop/work/temporal/common/log/with_logger.go:66"}
2025-03-19T11:38:51.202-0400	debug	Frontend method invoked.	{"host": "127.0.0.1:63278", "wf-namespace": "namespace-ec265ab4-426c-4316-a4b3-47fc66311932", "operation": "RespondActivityTaskCompleted", "server-name": "", "cert-thumbprint": "", "logging-call-at": "/Users/shivamsaraf/Desktop/work/temporal/common/log/with_logger.go:61"}
2025-03-19T11:38:51.202-0400	debug	Workflow task updated	{"host": "127.0.0.1:63280", "shard-id": 4, "address": "127.0.0.1:63280", "wf-scheduled-event-id": 636, "wf-started-event-id": 0, "workflow-task-request-id": "emptyUuid", "workflow-task-timeout": 10, "attempt": 1, "wf-started-timestamp": "0001-01-01T00:00:00.000Z", "wt-type": "Normal", "logging-call-at": "/Users/shivamsaraf/Desktop/work/temporal/common/log/with_logger.go:61"}
2025-03-19T11:38:51.202-0400	debug	Assigning new task key	{"host": "127.0.0.1:63280", "shard-id": 4, "address": "127.0.0.1:63280", "wf-namespace-id": "d0b550e3-6091-4a9b-a9aa-3d80ffb24954", "wf-id": "temporal-sys-worker-deployment-version:rrentVersion_Batching-564e9892_deployment_series.rrentVersion_Batching-564e9892_build_id", "wf-run-id": "0195af0e-98a0-7d94-93e5-2a1d2e5942f8", "queue-task-type": "WorkflowTaskTimeout", "queue-task-id": 1050216, "timestamp": "2025-03-19T15:38:56.203Z", "cursor-timestamp": "2025-03-19T15:38:52.194Z", "logging-call-at": "/Users/shivamsaraf/Desktop/work/temporal/common/log/with_logger.go:61"}
2025-03-19T11:38:51.202-0400	debug	Assigning new task key	{"host": "127.0.0.1:63280", "shard-id": 4, "address": "127.0.0.1:63280", "wf-namespace-id": "d0b550e3-6091-4a9b-a9aa-3d80ffb24954", "wf-id": "temporal-sys-worker-deployment-version:rrentVersion_Batching-564e9892_deployment_series.rrentVersion_Batching-564e9892_build_id", "wf-run-id": "0195af0e-98a0-7d94-93e5-2a1d2e5942f8", "queue-task-type": "TransferWorkflowTask", "queue-task-id": 1050217, "timestamp": "2025-03-19T15:38:51.202Z", "cursor-timestamp": "2025-03-19T15:38:52.194Z", "logging-call-at": "/Users/shivamsaraf/Desktop/work/temporal/common/log/with_logger.go:61"}
2025-03-19T11:38:51.206-0400	debug	Process task as active.	{"host": "127.0.0.1:63280", "shard-id": 4, "address": "127.0.0.1:63280", "component": "transfer-queue-processor", "wf-namespace-id": "d0b550e3-6091-4a9b-a9aa-3d80ffb24954", "value": "d0b550e3-6091-4a9b-a9aa-3d80ffb24954/temporal-sys-worker-deployment-version:rrentVersion_Batching-564e9892_deployment_series.rrentVersion_Batching-564e9892_build_id/0195af0e-98a0-7d94-93e5-2a1d2e5942f8", "logging-call-at": "/Users/shivamsaraf/Desktop/work/temporal/common/log/with_logger.go:61"}
2025-03-19T11:38:51.207-0400	debug	Workflow task updated	{"host": "127.0.0.1:63280", "shard-id": 4, "address": "127.0.0.1:63280", "wf-scheduled-event-id": 636, "wf-started-event-id": 637, "workflow-task-request-id": "1c1978da-9363-4a89-b606-48cac25c11ac", "workflow-task-timeout": 10, "attempt": 1, "wf-started-timestamp": "2025-03-19T15:38:51.207Z", "wt-type": "Normal", "logging-call-at": "/Users/shivamsaraf/Desktop/work/temporal/common/log/with_logger.go:61"}
2025-03-19T11:38:51.207-0400	debug	Assigning new task key	{"host": "127.0.0.1:63280", "shard-id": 4, "address": "127.0.0.1:63280", "wf-namespace-id": "d0b550e3-6091-4a9b-a9aa-3d80ffb24954", "wf-id": "temporal-sys-worker-deployment-version:rrentVersion_Batching-564e9892_deployment_series.rrentVersion_Batching-564e9892_build_id", "wf-run-id": "0195af0e-98a0-7d94-93e5-2a1d2e5942f8", "queue-task-type": "WorkflowTaskTimeout", "queue-task-id": 1050220, "timestamp": "2025-03-19T15:39:01.208Z", "cursor-timestamp": "2025-03-19T15:38:52.206Z", "logging-call-at": "/Users/shivamsaraf/Desktop/work/temporal/common/log/with_logger.go:61"}
2025-03-19T11:38:51.215-0400	debug	Frontend method invoked.	{"host": "127.0.0.1:63278", "wf-namespace": "namespace-ec265ab4-426c-4316-a4b3-47fc66311932", "operation": "PollWorkflowTaskQueue", "server-name": "", "cert-thumbprint": "", "logging-call-at": "/Users/shivamsaraf/Desktop/work/temporal/common/log/with_logger.go:61"}
2025-03-19T11:38:51.215-0400	debug	Received PollWorkflowTaskQueue	{"host": "127.0.0.1:63278", "service": "frontend", "logging-call-at": "/Users/shivamsaraf/Desktop/work/temporal/common/log/with_logger.go:61"}
2025-03-19T11:38:51.215-0400	debug	Poll workflow task queue.	{"host": "127.0.0.1:63278", "service": "frontend", "wf-namespace": "namespace-ec265ab4-426c-4316-a4b3-47fc66311932", "wf-namespace-id": "d0b550e3-6091-4a9b-a9aa-3d80ffb24954", "logging-call-at": "/Users/shivamsaraf/Desktop/work/temporal/common/log/with_logger.go:61"}
2025-03-19T11:38:51.215-0400	debug	Frontend method invoked.	{"host": "127.0.0.1:63278", "wf-namespace": "namespace-ec265ab4-426c-4316-a4b3-47fc66311932", "operation": "RespondWorkflowTaskCompleted", "server-name": "", "cert-thumbprint": "", "logging-call-at": "/Users/shivamsaraf/Desktop/work/temporal/common/log/with_logger.go:61"}
2025-03-19T11:38:51.216-0400	debug	RespondWorkflowTaskCompleted	{"host": "127.0.0.1:63280", "service": "history", "wf-namespace-id": "d0b550e3-6091-4a9b-a9aa-3d80ffb24954", "wf-id": "temporal-sys-worker-deployment-version:rrentVersion_Batching-564e9892_deployment_series.rrentVersion_Batching-564e9892_build_id", "wf-run-id": "0195af0e-98a0-7d94-93e5-2a1d2e5942f8", "wf-scheduled-event-id": 636, "logging-call-at": "/Users/shivamsaraf/Desktop/work/temporal/common/log/with_logger.go:61"}
2025-03-19T11:38:51.216-0400	debug	Workflow task updated	{"host": "127.0.0.1:63280", "shard-id": 4, "address": "127.0.0.1:63280", "wf-scheduled-event-id": 0, "wf-started-event-id": 0, "workflow-task-request-id": "emptyUuid", "workflow-task-timeout": 0, "attempt": 1, "wf-started-timestamp": "1970-01-01T00:00:00.000Z", "wt-type": "Unspecified", "logging-call-at": "/Users/shivamsaraf/Desktop/work/temporal/common/log/with_logger.go:61"}
2025-03-19T11:38:51.216-0400	debug	update state change	{"host": "127.0.0.1:63280", "shard-id": 4, "address": "127.0.0.1:63280", "wf-namespace-id": "d0b550e3-6091-4a9b-a9aa-3d80ffb24954", "wf-id": "temporal-sys-worker-deployment-version:rrentVersion_Batching-564e9892_deployment_series.rrentVersion_Batching-564e9892_build_id", "wf-run-id": "0195af0e-98a0-7d94-93e5-2a1d2e5942f8", "update-id": "2d37ff70-5e85-457d-8ce5-1289ff7420b3", "from-state": "Accepted", "to-state": "ProvisionallyCompleted", "logging-call-at": "/Users/shivamsaraf/Desktop/work/temporal/common/log/with_logger.go:61"}
2025-03-19T11:38:51.219-0400	debug	update state change	{"host": "127.0.0.1:63280", "shard-id": 4, "address": "127.0.0.1:63280", "wf-namespace-id": "d0b550e3-6091-4a9b-a9aa-3d80ffb24954", "wf-id": "temporal-sys-worker-deployment-version:rrentVersion_Batching-564e9892_deployment_series.rrentVersion_Batching-564e9892_build_id", "wf-run-id": "0195af0e-98a0-7d94-93e5-2a1d2e5942f8", "update-id": "2d37ff70-5e85-457d-8ce5-1289ff7420b3", "from-state": "ProvisionallyCompleted", "to-state": "Completed", "logging-call-at": "/Users/shivamsaraf/Desktop/work/temporal/common/log/with_logger.go:61"}
2025-03-19T11:38:51.219-0400	debug	Frontend method invoked.	{"host": "127.0.0.1:63278", "wf-namespace": "namespace-ec265ab4-426c-4316-a4b3-47fc66311932", "operation": "RespondActivityTaskCompleted", "server-name": "", "cert-thumbprint": "", "logging-call-at": "/Users/shivamsaraf/Desktop/work/temporal/common/log/with_logger.go:61"}
2025-03-19T11:38:51.220-0400	debug	Workflow task updated	{"host": "127.0.0.1:63280", "shard-id": 1, "address": "127.0.0.1:63280", "wf-scheduled-event-id": 312, "wf-started-event-id": 0, "workflow-task-request-id": "emptyUuid", "workflow-task-timeout": 10, "attempt": 1, "wf-started-timestamp": "0001-01-01T00:00:00.000Z", "wt-type": "Normal", "logging-call-at": "/Users/shivamsaraf/Desktop/work/temporal/common/log/with_logger.go:61"}
2025-03-19T11:38:51.220-0400	debug	Assigning new task key	{"host": "127.0.0.1:63280", "shard-id": 1, "address": "127.0.0.1:63280", "wf-namespace-id": "d0b550e3-6091-4a9b-a9aa-3d80ffb24954", "wf-id": "temporal-sys-worker-deployment:rrentVersion_Batching-564e9892_deployment_series", "wf-run-id": "0195af0e-960d-715f-b6c6-08dcdf4b78ec", "queue-task-type": "WorkflowTaskTimeout", "queue-task-id": 1049312, "timestamp": "2025-03-19T15:38:56.221Z", "cursor-timestamp": "2025-03-19T15:38:52.048Z", "logging-call-at": "/Users/shivamsaraf/Desktop/work/temporal/common/log/with_logger.go:61"}
2025-03-19T11:38:51.220-0400	debug	Assigning new task key	{"host": "127.0.0.1:63280", "shard-id": 1, "address": "127.0.0.1:63280", "wf-namespace-id": "d0b550e3-6091-4a9b-a9aa-3d80ffb24954", "wf-id": "temporal-sys-worker-deployment:rrentVersion_Batching-564e9892_deployment_series", "wf-run-id": "0195af0e-960d-715f-b6c6-08dcdf4b78ec", "queue-task-type": "TransferWorkflowTask", "queue-task-id": 1049313, "timestamp": "2025-03-19T15:38:51.220Z", "cursor-timestamp": "2025-03-19T15:38:52.048Z", "logging-call-at": "/Users/shivamsaraf/Desktop/work/temporal/common/log/with_logger.go:61"}
2025-03-19T11:38:51.224-0400	debug	Process task as active.	{"host": "127.0.0.1:63280", "shard-id": 1, "address": "127.0.0.1:63280", "component": "transfer-queue-processor", "wf-namespace-id": "d0b550e3-6091-4a9b-a9aa-3d80ffb24954", "value": "d0b550e3-6091-4a9b-a9aa-3d80ffb24954/temporal-sys-worker-deployment:rrentVersion_Batching-564e9892_deployment_series/0195af0e-960d-715f-b6c6-08dcdf4b78ec", "logging-call-at": "/Users/shivamsaraf/Desktop/work/temporal/common/log/with_logger.go:61"}
2025-03-19T11:38:51.225-0400	debug	Workflow task updated	{"host": "127.0.0.1:63280", "shard-id": 1, "address": "127.0.0.1:63280", "wf-scheduled-event-id": 312, "wf-started-event-id": 313, "workflow-task-request-id": "8b936ad2-69da-4e98-84ac-b58ec7e6b30b", "workflow-task-timeout": 10, "attempt": 1, "wf-started-timestamp": "2025-03-19T15:38:51.225Z", "wt-type": "Normal", "logging-call-at": "/Users/shivamsaraf/Desktop/work/temporal/common/log/with_logger.go:61"}
2025-03-19T11:38:51.225-0400	debug	Assigning new task key	{"host": "127.0.0.1:63280", "shard-id": 1, "address": "127.0.0.1:63280", "wf-namespace-id": "d0b550e3-6091-4a9b-a9aa-3d80ffb24954", "wf-id": "temporal-sys-worker-deployment:rrentVersion_Batching-564e9892_deployment_series", "wf-run-id": "0195af0e-960d-715f-b6c6-08dcdf4b78ec", "queue-task-type": "WorkflowTaskTimeout", "queue-task-id": 1049316, "timestamp": "2025-03-19T15:39:01.226Z", "cursor-timestamp": "2025-03-19T15:38:52.223Z", "logging-call-at": "/Users/shivamsaraf/Desktop/work/temporal/common/log/with_logger.go:61"}
2025-03-19T11:38:51.231-0400	debug	ExecuteActivity	{"host": "127.0.0.1:63281", "Namespace": "namespace-ec265ab4-426c-4316-a4b3-47fc66311932", "TaskQueue": "temporal-sys-per-ns-tq", "WorkerID": "temporal-system@Shivams-MacBook-Pro.local@namespace-ec265ab4-426c-4316-a4b3-47fc66311932", "WorkflowType": "temporal-sys-worker-deployment-workflow", "WorkflowID": "temporal-sys-worker-deployment:rrentVersion_Batching-564e9892_deployment_series", "RunID": "0195af0e-960d-715f-b6c6-08dcdf4b78ec", "Attempt": 0, "ActivityID": "316", "ActivityType": "RegisterWorkerInVersion", "logging-call-at": "/Users/shivamsaraf/Desktop/work/temporal/common/log/with_logger.go:61"}
2025-03-19T11:38:51.231-0400	debug	Frontend method invoked.	{"host": "127.0.0.1:63278", "wf-namespace": "namespace-ec265ab4-426c-4316-a4b3-47fc66311932", "operation": "PollWorkflowTaskQueue", "server-name": "", "cert-thumbprint": "", "logging-call-at": "/Users/shivamsaraf/Desktop/work/temporal/common/log/with_logger.go:61"}
2025-03-19T11:38:51.232-0400	debug	Received PollWorkflowTaskQueue	{"host": "127.0.0.1:63278", "service": "frontend", "logging-call-at": "/Users/shivamsaraf/Desktop/work/temporal/common/log/with_logger.go:61"}
2025-03-19T11:38:51.232-0400	debug	Poll workflow task queue.	{"host": "127.0.0.1:63278", "service": "frontend", "wf-namespace": "namespace-ec265ab4-426c-4316-a4b3-47fc66311932", "wf-namespace-id": "d0b550e3-6091-4a9b-a9aa-3d80ffb24954", "logging-call-at": "/Users/shivamsaraf/Desktop/work/temporal/common/log/with_logger.go:61"}
2025-03-19T11:38:51.232-0400	debug	Frontend method invoked.	{"host": "127.0.0.1:63278", "wf-namespace": "namespace-ec265ab4-426c-4316-a4b3-47fc66311932", "operation": "RespondWorkflowTaskCompleted", "server-name": "", "cert-thumbprint": "", "logging-call-at": "/Users/shivamsaraf/Desktop/work/temporal/common/log/with_logger.go:61"}
2025-03-19T11:38:51.233-0400	debug	RespondWorkflowTaskCompleted	{"host": "127.0.0.1:63280", "service": "history", "wf-namespace-id": "d0b550e3-6091-4a9b-a9aa-3d80ffb24954", "wf-id": "temporal-sys-worker-deployment:rrentVersion_Batching-564e9892_deployment_series", "wf-run-id": "0195af0e-960d-715f-b6c6-08dcdf4b78ec", "wf-scheduled-event-id": 312, "logging-call-at": "/Users/shivamsaraf/Desktop/work/temporal/common/log/with_logger.go:61"}
2025-03-19T11:38:51.233-0400	debug	Workflow task updated	{"host": "127.0.0.1:63280", "shard-id": 1, "address": "127.0.0.1:63280", "wf-scheduled-event-id": 0, "wf-started-event-id": 0, "workflow-task-request-id": "emptyUuid", "workflow-task-timeout": 0, "attempt": 1, "wf-started-timestamp": "1970-01-01T00:00:00.000Z", "wt-type": "Unspecified", "logging-call-at": "/Users/shivamsaraf/Desktop/work/temporal/common/log/with_logger.go:61"}
2025-03-19T11:38:51.233-0400	debug	update state change	{"host": "127.0.0.1:63280", "shard-id": 1, "address": "127.0.0.1:63280", "wf-namespace-id": "d0b550e3-6091-4a9b-a9aa-3d80ffb24954", "wf-id": "temporal-sys-worker-deployment:rrentVersion_Batching-564e9892_deployment_series", "wf-run-id": "0195af0e-960d-715f-b6c6-08dcdf4b78ec", "update-id": "5c6ffcd0-4e1e-46df-b8ae-8b400d21eaec", "from-state": "Accepted", "to-state": "ProvisionallyCompleted", "logging-call-at": "/Users/shivamsaraf/Desktop/work/temporal/common/log/with_logger.go:61"}
2025-03-19T11:38:51.233-0400	debug	Assigning new task key	{"host": "127.0.0.1:63280", "shard-id": 1, "address": "127.0.0.1:63280", "wf-namespace-id": "d0b550e3-6091-4a9b-a9aa-3d80ffb24954", "wf-id": "temporal-sys-worker-deployment:rrentVersion_Batching-564e9892_deployment_series", "wf-run-id": "0195af0e-960d-715f-b6c6-08dcdf4b78ec", "queue-task-type": "TransferActivityTask", "queue-task-id": 1049322, "timestamp": "2025-03-19T15:38:51.233Z", "cursor-timestamp": "2025-03-19T15:38:52.223Z", "logging-call-at": "/Users/shivamsaraf/Desktop/work/temporal/common/log/with_logger.go:61"}
2025-03-19T11:38:51.236-0400	debug	update state change	{"host": "127.0.0.1:63280", "shard-id": 1, "address": "127.0.0.1:63280", "wf-namespace-id": "d0b550e3-6091-4a9b-a9aa-3d80ffb24954", "wf-id": "temporal-sys-worker-deployment:rrentVersion_Batching-564e9892_deployment_series", "wf-run-id": "0195af0e-960d-715f-b6c6-08dcdf4b78ec", "update-id": "5c6ffcd0-4e1e-46df-b8ae-8b400d21eaec", "from-state": "ProvisionallyCompleted", "to-state": "Completed", "logging-call-at": "/Users/shivamsaraf/Desktop/work/temporal/common/log/with_logger.go:61"}
2025-03-19T11:38:51.237-0400	debug	deployment client success	{"host": "127.0.0.1:63279", "operation": "RegisterTaskQueueWorker", "elapsed": 7.674649667, "args": ["rrentVersion_Batching-564e9892_task_queue_5",1,"matching service"], "logging-call-at": "/Users/shivamsaraf/Desktop/work/temporal/common/log/with_logger.go:61"}
2025-03-19T11:38:51.237-0400	debug	Process task as active.	{"host": "127.0.0.1:63280", "shard-id": 1, "address": "127.0.0.1:63280", "component": "transfer-queue-processor", "wf-namespace-id": "d0b550e3-6091-4a9b-a9aa-3d80ffb24954", "value": "d0b550e3-6091-4a9b-a9aa-3d80ffb24954/temporal-sys-worker-deployment:rrentVersion_Batching-564e9892_deployment_series/0195af0e-960d-715f-b6c6-08dcdf4b78ec", "logging-call-at": "/Users/shivamsaraf/Desktop/work/temporal/common/log/with_logger.go:61"}
2025-03-19T11:38:51.238-0400	debug	Frontend method invoked.	{"host": "127.0.0.1:63278", "wf-namespace": "namespace-ec265ab4-426c-4316-a4b3-47fc66311932", "operation": "DescribeWorkerDeploymentVersion", "server-name": "", "cert-thumbprint": "", "logging-call-at": "/Users/shivamsaraf/Desktop/work/temporal/common/log/with_logger.go:61"}
2025-03-19T11:38:51.238-0400	debug	Assigning new task key	{"host": "127.0.0.1:63280", "shard-id": 1, "address": "127.0.0.1:63280", "wf-namespace-id": "d0b550e3-6091-4a9b-a9aa-3d80ffb24954", "wf-id": "temporal-sys-worker-deployment:rrentVersion_Batching-564e9892_deployment_series", "wf-run-id": "0195af0e-960d-715f-b6c6-08dcdf4b78ec", "queue-task-type": "ActivityTimeout", "queue-task-id": 1049324, "timestamp": "2025-03-19T15:39:51.239Z", "cursor-timestamp": "2025-03-19T15:38:52.236Z", "logging-call-at": "/Users/shivamsaraf/Desktop/work/temporal/common/log/with_logger.go:61"}
2025-03-19T11:38:51.240-0400	debug	Frontend method invoked.	{"host": "127.0.0.1:63278", "wf-namespace": "namespace-ec265ab4-426c-4316-a4b3-47fc66311932", "operation": "PollWorkflowTaskQueue", "server-name": "", "cert-thumbprint": "", "logging-call-at": "/Users/shivamsaraf/Desktop/work/temporal/common/log/with_logger.go:61"}
2025-03-19T11:38:51.240-0400	debug	Received PollWorkflowTaskQueue	{"host": "127.0.0.1:63278", "service": "frontend", "logging-call-at": "/Users/shivamsaraf/Desktop/work/temporal/common/log/with_logger.go:61"}
2025-03-19T11:38:51.240-0400	debug	Poll workflow task queue.	{"host": "127.0.0.1:63278", "service": "frontend", "wf-namespace": "namespace-ec265ab4-426c-4316-a4b3-47fc66311932", "wf-namespace-id": "d0b550e3-6091-4a9b-a9aa-3d80ffb24954", "logging-call-at": "/Users/shivamsaraf/Desktop/work/temporal/common/log/with_logger.go:61"}
2025-03-19T11:38:51.240-0400	debug	Frontend method invoked.	{"host": "127.0.0.1:63278", "wf-namespace": "namespace-ec265ab4-426c-4316-a4b3-47fc66311932", "operation": "RespondQueryTaskCompleted", "server-name": "", "cert-thumbprint": "", "logging-call-at": "/Users/shivamsaraf/Desktop/work/temporal/common/log/with_logger.go:61"}
2025-03-19T11:38:51.242-0400	debug	deployment client success	{"host": "127.0.0.1:63278", "operation": "DescribeVersion", "elapsed": 0.004005125, "args": ["rrentVersion_Batching-564e9892_deployment_series","rrentVersion_Batching-564e9892_build_id"], "logging-call-at": "/Users/shivamsaraf/Desktop/work/temporal/common/log/with_logger.go:61"}
2025-03-19T11:38:51.242-0400	debug	Frontend method invoked.	{"host": "127.0.0.1:63278", "wf-namespace": "namespace-ec265ab4-426c-4316-a4b3-47fc66311932", "operation": "PollActivityTaskQueue", "server-name": "", "cert-thumbprint": "", "logging-call-at": "/Users/shivamsaraf/Desktop/work/temporal/common/log/with_logger.go:61"}
2025-03-19T11:38:51.242-0400	debug	Received PollActivityTaskQueue	{"host": "127.0.0.1:63278", "service": "frontend", "logging-call-at": "/Users/shivamsaraf/Desktop/work/temporal/common/log/with_logger.go:61"}
2025-03-19T11:38:51.243-0400	debug	update state change	{"host": "127.0.0.1:63280", "shard-id": 4, "address": "127.0.0.1:63280", "wf-namespace-id": "d0b550e3-6091-4a9b-a9aa-3d80ffb24954", "wf-id": "temporal-sys-worker-deployment-version:rrentVersion_Batching-564e9892_deployment_series.rrentVersion_Batching-564e9892_build_id", "wf-run-id": "0195af0e-98a0-7d94-93e5-2a1d2e5942f8", "update-id": "02dcedd2-a938-4c55-8b3d-188f98f56d03", "from-state": "Created", "to-state": "ProvisionallyAdmitted", "logging-call-at": "/Users/shivamsaraf/Desktop/work/temporal/common/log/with_logger.go:61"}
2025-03-19T11:38:51.243-0400	debug	update state change	{"host": "127.0.0.1:63280", "shard-id": 4, "address": "127.0.0.1:63280", "wf-namespace-id": "d0b550e3-6091-4a9b-a9aa-3d80ffb24954", "wf-id": "temporal-sys-worker-deployment-version:rrentVersion_Batching-564e9892_deployment_series.rrentVersion_Batching-564e9892_build_id", "wf-run-id": "0195af0e-98a0-7d94-93e5-2a1d2e5942f8", "update-id": "02dcedd2-a938-4c55-8b3d-188f98f56d03", "from-state": "ProvisionallyAdmitted", "to-state": "Admitted", "logging-call-at": "/Users/shivamsaraf/Desktop/work/temporal/common/log/with_logger.go:61"}
2025-03-19T11:38:51.243-0400	debug	Workflow task updated	{"host": "127.0.0.1:63280", "shard-id": 4, "address": "127.0.0.1:63280", "wf-scheduled-event-id": 640, "wf-started-event-id": 0, "workflow-task-request-id": "emptyUuid", "workflow-task-timeout": 10, "attempt": 1, "wf-started-timestamp": "0001-01-01T00:00:00.000Z", "wt-type": "Speculative", "logging-call-at": "/Users/shivamsaraf/Desktop/work/temporal/common/log/with_logger.go:61"}
2025-03-19T11:38:51.244-0400	debug	Workflow task updated	{"host": "127.0.0.1:63280", "shard-id": 4, "address": "127.0.0.1:63280", "wf-scheduled-event-id": 640, "wf-started-event-id": 641, "workflow-task-request-id": "ce2ec525-ae5e-4fd9-ac0b-407c8febdd8c", "workflow-task-timeout": 10, "attempt": 1, "wf-started-timestamp": "2025-03-19T15:38:51.244Z", "wt-type": "Speculative", "logging-call-at": "/Users/shivamsaraf/Desktop/work/temporal/common/log/with_logger.go:61"}
2025-03-19T11:38:51.244-0400	debug	update state change	{"host": "127.0.0.1:63280", "shard-id": 4, "address": "127.0.0.1:63280", "wf-namespace-id": "d0b550e3-6091-4a9b-a9aa-3d80ffb24954", "wf-id": "temporal-sys-worker-deployment-version:rrentVersion_Batching-564e9892_deployment_series.rrentVersion_Batching-564e9892_build_id", "wf-run-id": "0195af0e-98a0-7d94-93e5-2a1d2e5942f8", "update-id": "02dcedd2-a938-4c55-8b3d-188f98f56d03", "from-state": "Admitted", "to-state": "Sent", "logging-call-at": "/Users/shivamsaraf/Desktop/work/temporal/common/log/with_logger.go:61"}
2025-03-19T11:38:51.249-0400	debug	ExecuteActivity	{"host": "127.0.0.1:63281", "Namespace": "namespace-ec265ab4-426c-4316-a4b3-47fc66311932", "TaskQueue": "temporal-sys-per-ns-tq", "WorkerID": "temporal-system@Shivams-MacBook-Pro.local@namespace-ec265ab4-426c-4316-a4b3-47fc66311932", "WorkflowType": "temporal-sys-worker-deployment-version-workflow", "WorkflowID": "temporal-sys-worker-deployment-version:rrentVersion_Batching-564e9892_deployment_series.rrentVersion_Batching-564e9892_build_id", "RunID": "0195af0e-98a0-7d94-93e5-2a1d2e5942f8", "Attempt": 0, "ActivityID": "644", "ActivityType": "SyncDeploymentVersionUserData", "logging-call-at": "/Users/shivamsaraf/Desktop/work/temporal/common/log/with_logger.go:61"}
2025-03-19T11:38:51.249-0400	debug	Frontend method invoked.	{"host": "127.0.0.1:63278", "wf-namespace": "namespace-ec265ab4-426c-4316-a4b3-47fc66311932", "operation": "PollWorkflowTaskQueue", "server-name": "", "cert-thumbprint": "", "logging-call-at": "/Users/shivamsaraf/Desktop/work/temporal/common/log/with_logger.go:61"}
2025-03-19T11:38:51.249-0400	debug	Received PollWorkflowTaskQueue	{"host": "127.0.0.1:63278", "service": "frontend", "logging-call-at": "/Users/shivamsaraf/Desktop/work/temporal/common/log/with_logger.go:61"}
2025-03-19T11:38:51.249-0400	debug	Poll workflow task queue.	{"host": "127.0.0.1:63278", "service": "frontend", "wf-namespace": "namespace-ec265ab4-426c-4316-a4b3-47fc66311932", "wf-namespace-id": "d0b550e3-6091-4a9b-a9aa-3d80ffb24954", "logging-call-at": "/Users/shivamsaraf/Desktop/work/temporal/common/log/with_logger.go:61"}
2025-03-19T11:38:51.249-0400	debug	Frontend method invoked.	{"host": "127.0.0.1:63278", "wf-namespace": "namespace-ec265ab4-426c-4316-a4b3-47fc66311932", "operation": "RespondWorkflowTaskCompleted", "server-name": "", "cert-thumbprint": "", "logging-call-at": "/Users/shivamsaraf/Desktop/work/temporal/common/log/with_logger.go:61"}
2025-03-19T11:38:51.250-0400	debug	RespondWorkflowTaskCompleted	{"host": "127.0.0.1:63280", "service": "history", "wf-namespace-id": "d0b550e3-6091-4a9b-a9aa-3d80ffb24954", "wf-id": "temporal-sys-worker-deployment-version:rrentVersion_Batching-564e9892_deployment_series.rrentVersion_Batching-564e9892_build_id", "wf-run-id": "0195af0e-98a0-7d94-93e5-2a1d2e5942f8", "wf-scheduled-event-id": 640, "logging-call-at": "/Users/shivamsaraf/Desktop/work/temporal/common/log/with_logger.go:61"}
2025-03-19T11:38:51.250-0400	debug	Workflow task updated	{"host": "127.0.0.1:63280", "shard-id": 4, "address": "127.0.0.1:63280", "wf-scheduled-event-id": 0, "wf-started-event-id": 0, "workflow-task-request-id": "emptyUuid", "workflow-task-timeout": 0, "attempt": 1, "wf-started-timestamp": "1970-01-01T00:00:00.000Z", "wt-type": "Unspecified", "logging-call-at": "/Users/shivamsaraf/Desktop/work/temporal/common/log/with_logger.go:61"}
2025-03-19T11:38:51.250-0400	debug	update state change	{"host": "127.0.0.1:63280", "shard-id": 4, "address": "127.0.0.1:63280", "wf-namespace-id": "d0b550e3-6091-4a9b-a9aa-3d80ffb24954", "wf-id": "temporal-sys-worker-deployment-version:rrentVersion_Batching-564e9892_deployment_series.rrentVersion_Batching-564e9892_build_id", "wf-run-id": "0195af0e-98a0-7d94-93e5-2a1d2e5942f8", "update-id": "02dcedd2-a938-4c55-8b3d-188f98f56d03", "from-state": "Sent", "to-state": "ProvisionallyAccepted", "logging-call-at": "/Users/shivamsaraf/Desktop/work/temporal/common/log/with_logger.go:61"}
2025-03-19T11:38:51.250-0400	debug	Assigning new task key	{"host": "127.0.0.1:63280", "shard-id": 4, "address": "127.0.0.1:63280", "wf-namespace-id": "d0b550e3-6091-4a9b-a9aa-3d80ffb24954", "wf-id": "temporal-sys-worker-deployment-version:rrentVersion_Batching-564e9892_deployment_series.rrentVersion_Batching-564e9892_build_id", "wf-run-id": "0195af0e-98a0-7d94-93e5-2a1d2e5942f8", "queue-task-type": "TransferActivityTask", "queue-task-id": 1050237, "timestamp": "2025-03-19T15:38:51.250Z", "cursor-timestamp": "2025-03-19T15:38:52.206Z", "logging-call-at": "/Users/shivamsaraf/Desktop/work/temporal/common/log/with_logger.go:61"}
2025-03-19T11:38:51.254-0400	debug	update state change	{"host": "127.0.0.1:63280", "shard-id": 4, "address": "127.0.0.1:63280", "wf-namespace-id": "d0b550e3-6091-4a9b-a9aa-3d80ffb24954", "wf-id": "temporal-sys-worker-deployment-version:rrentVersion_Batching-564e9892_deployment_series.rrentVersion_Batching-564e9892_build_id", "wf-run-id": "0195af0e-98a0-7d94-93e5-2a1d2e5942f8", "update-id": "02dcedd2-a938-4c55-8b3d-188f98f56d03", "from-state": "ProvisionallyAccepted", "to-state": "Accepted", "logging-call-at": "/Users/shivamsaraf/Desktop/work/temporal/common/log/with_logger.go:61"}
2025-03-19T11:38:51.255-0400	debug	Process task as active.	{"host": "127.0.0.1:63280", "shard-id": 4, "address": "127.0.0.1:63280", "component": "transfer-queue-processor", "wf-namespace-id": "d0b550e3-6091-4a9b-a9aa-3d80ffb24954", "value": "d0b550e3-6091-4a9b-a9aa-3d80ffb24954/temporal-sys-worker-deployment-version:rrentVersion_Batching-564e9892_deployment_series.rrentVersion_Batching-564e9892_build_id/0195af0e-98a0-7d94-93e5-2a1d2e5942f8", "logging-call-at": "/Users/shivamsaraf/Desktop/work/temporal/common/log/with_logger.go:61"}
2025-03-19T11:38:51.256-0400	debug	Assigning new task key	{"host": "127.0.0.1:63280", "shard-id": 4, "address": "127.0.0.1:63280", "wf-namespace-id": "d0b550e3-6091-4a9b-a9aa-3d80ffb24954", "wf-id": "temporal-sys-worker-deployment-version:rrentVersion_Batching-564e9892_deployment_series.rrentVersion_Batching-564e9892_build_id", "wf-run-id": "0195af0e-98a0-7d94-93e5-2a1d2e5942f8", "queue-task-type": "ActivityTimeout", "queue-task-id": 1050238, "timestamp": "2025-03-19T15:39:51.256Z", "cursor-timestamp": "2025-03-19T15:38:52.254Z", "logging-call-at": "/Users/shivamsaraf/Desktop/work/temporal/common/log/with_logger.go:61"}
2025-03-19T11:38:51.259-0400	info	syncing task queue userdata for deployment version	{"host": "127.0.0.1:63281", "Namespace": "namespace-ec265ab4-426c-4316-a4b3-47fc66311932", "TaskQueue": "temporal-sys-per-ns-tq", "WorkerID": "temporal-system@Shivams-MacBook-Pro.local@namespace-ec265ab4-426c-4316-a4b3-47fc66311932", "ActivityID": "644", "ActivityType": "SyncDeploymentVersionUserData", "Attempt": 1, "WorkflowType": "temporal-sys-worker-deployment-version-workflow", "WorkflowID": "temporal-sys-worker-deployment-version:rrentVersion_Batching-564e9892_deployment_series.rrentVersion_Batching-564e9892_build_id", "RunID": "0195af0e-98a0-7d94-93e5-2a1d2e5942f8", "taskQueue": "rrentVersion_Batching-564e9892_task_queue_4", "types": [1], "logging-call-at": "/Users/shivamsaraf/Desktop/work/temporal/common/log/with_logger.go:66"}
2025-03-19T11:38:51.259-0400	debug	Frontend method invoked.	{"host": "127.0.0.1:63278", "wf-namespace": "namespace-ec265ab4-426c-4316-a4b3-47fc66311932", "operation": "PollActivityTaskQueue", "server-name": "", "cert-thumbprint": "", "logging-call-at": "/Users/shivamsaraf/Desktop/work/temporal/common/log/with_logger.go:61"}
2025-03-19T11:38:51.259-0400	debug	Received PollActivityTaskQueue	{"host": "127.0.0.1:63278", "service": "frontend", "logging-call-at": "/Users/shivamsaraf/Desktop/work/temporal/common/log/with_logger.go:61"}
2025-03-19T11:38:51.283-0400	debug	Process task as active.	{"host": "127.0.0.1:63280", "shard-id": 4, "address": "127.0.0.1:63280", "component": "timer-queue-processor", "wf-namespace-id": "d0b550e3-6091-4a9b-a9aa-3d80ffb24954", "value": "d0b550e3-6091-4a9b-a9aa-3d80ffb24954/temporal-sys-worker-deployment-version:rrentVersion_Batching-564e9892_deployment_series.rrentVersion_Batching-564e9892_build_id/0195af0e-98a0-7d94-93e5-2a1d2e5942f8", "logging-call-at": "/Users/shivamsaraf/Desktop/work/temporal/common/log/with_logger.go:61"}
2025-03-19T11:38:51.311-0400	debug	Process task as active.	{"host": "127.0.0.1:63280", "shard-id": 4, "address": "127.0.0.1:63280", "component": "timer-queue-processor", "wf-namespace-id": "d0b550e3-6091-4a9b-a9aa-3d80ffb24954", "value": "d0b550e3-6091-4a9b-a9aa-3d80ffb24954/temporal-sys-worker-deployment-version:rrentVersion_Batching-564e9892_deployment_series.rrentVersion_Batching-564e9892_build_id/0195af0e-98a0-7d94-93e5-2a1d2e5942f8", "logging-call-at": "/Users/shivamsaraf/Desktop/work/temporal/common/log/with_logger.go:61"}
2025-03-19T11:38:51.330-0400	debug	Process task as active.	{"host": "127.0.0.1:63280", "shard-id": 1, "address": "127.0.0.1:63280", "component": "timer-queue-processor", "wf-namespace-id": "d0b550e3-6091-4a9b-a9aa-3d80ffb24954", "value": "d0b550e3-6091-4a9b-a9aa-3d80ffb24954/temporal-sys-worker-deployment:rrentVersion_Batching-564e9892_deployment_series/0195af0e-960d-715f-b6c6-08dcdf4b78ec", "logging-call-at": "/Users/shivamsaraf/Desktop/work/temporal/common/log/with_logger.go:61"}
2025-03-19T11:38:51.361-0400	info	modified user data	{"host": "127.0.0.1:63279", "component": "matching-engine", "wf-task-queue-name": "rrentVersion_Batching-564e9892_task_queue_4", "wf-task-queue-type": "Workflow", "wf-namespace": "namespace-ec265ab4-426c-4316-a4b3-47fc66311932", "user-data-update-source": "SyncDeploymentUserData", "user-data-version": 1, "timestamp": "2025-03-19T15:38:51.260Z", "logging-call-at": "/Users/shivamsaraf/Desktop/work/temporal/common/log/with_logger.go:66"}
2025-03-19T11:38:51.361-0400	debug	user data changed while blocked in long poll	{"host": "127.0.0.1:63279", "component": "matching-engine", "wf-task-queue-name": "rrentVersion_Batching-564e9892_task_queue_4", "wf-task-queue-type": "Workflow", "wf-namespace": "namespace-ec265ab4-426c-4316-a4b3-47fc66311932", "logging-call-at": "/Users/shivamsaraf/Desktop/work/temporal/common/log/with_logger.go:61"}
2025-03-19T11:38:51.361-0400	debug	user data changed while blocked in long poll	{"host": "127.0.0.1:63279", "component": "matching-engine", "wf-task-queue-name": "rrentVersion_Batching-564e9892_task_queue_4", "wf-task-queue-type": "Workflow", "wf-namespace": "namespace-ec265ab4-426c-4316-a4b3-47fc66311932", "logging-call-at": "/Users/shivamsaraf/Desktop/work/temporal/common/log/with_logger.go:61"}
2025-03-19T11:38:51.362-0400	info	returning user data	{"host": "127.0.0.1:63279", "component": "matching-engine", "wf-task-queue-name": "rrentVersion_Batching-564e9892_task_queue_4", "wf-task-queue-type": "Workflow", "wf-namespace": "namespace-ec265ab4-426c-4316-a4b3-47fc66311932", "long-poll": true, "request-known-version": 0, "user-data-version": 1, "logging-call-at": "/Users/shivamsaraf/Desktop/work/temporal/common/log/with_logger.go:66"}
2025-03-19T11:38:51.362-0400	info	returning user data	{"host": "127.0.0.1:63279", "component": "matching-engine", "wf-task-queue-name": "rrentVersion_Batching-564e9892_task_queue_4", "wf-task-queue-type": "Workflow", "wf-namespace": "namespace-ec265ab4-426c-4316-a4b3-47fc66311932", "long-poll": true, "request-known-version": 0, "user-data-version": 1, "logging-call-at": "/Users/shivamsaraf/Desktop/work/temporal/common/log/with_logger.go:66"}
2025-03-19T11:38:51.362-0400	debug	user data changed while blocked in long poll	{"host": "127.0.0.1:63279", "component": "matching-engine", "wf-task-queue-name": "rrentVersion_Batching-564e9892_task_queue_4", "wf-task-queue-type": "Workflow", "wf-namespace": "namespace-ec265ab4-426c-4316-a4b3-47fc66311932", "logging-call-at": "/Users/shivamsaraf/Desktop/work/temporal/common/log/with_logger.go:61"}
2025-03-19T11:38:51.362-0400	info	returning user data	{"host": "127.0.0.1:63279", "component": "matching-engine", "wf-task-queue-name": "rrentVersion_Batching-564e9892_task_queue_4", "wf-task-queue-type": "Workflow", "wf-namespace": "namespace-ec265ab4-426c-4316-a4b3-47fc66311932", "long-poll": true, "request-known-version": 0, "user-data-version": 1, "logging-call-at": "/Users/shivamsaraf/Desktop/work/temporal/common/log/with_logger.go:66"}
2025-03-19T11:38:51.362-0400	info	fetched user data from parent	{"host": "127.0.0.1:63279", "component": "matching-engine", "wf-task-queue-name": "/_sys/rrentVersion_Batching-564e9892_task_queue_4/3", "wf-task-queue-type": "Workflow", "wf-namespace": "namespace-ec265ab4-426c-4316-a4b3-47fc66311932", "user-data-version": 1, "timestamp": "2025-03-19T15:38:51.260Z", "logging-call-at": "/Users/shivamsaraf/Desktop/work/temporal/common/log/with_logger.go:66"}
2025-03-19T11:38:51.362-0400	info	fetched user data from parent	{"host": "127.0.0.1:63279", "component": "matching-engine", "wf-task-queue-name": "/_sys/rrentVersion_Batching-564e9892_task_queue_4/1", "wf-task-queue-type": "Workflow", "wf-namespace": "namespace-ec265ab4-426c-4316-a4b3-47fc66311932", "user-data-version": 1, "timestamp": "2025-03-19T15:38:51.260Z", "logging-call-at": "/Users/shivamsaraf/Desktop/work/temporal/common/log/with_logger.go:66"}
2025-03-19T11:38:51.362-0400	info	fetched user data from parent	{"host": "127.0.0.1:63279", "component": "matching-engine", "wf-task-queue-name": "/_sys/rrentVersion_Batching-564e9892_task_queue_4/2", "wf-task-queue-type": "Workflow", "wf-namespace": "namespace-ec265ab4-426c-4316-a4b3-47fc66311932", "user-data-version": 1, "timestamp": "2025-03-19T15:38:51.260Z", "logging-call-at": "/Users/shivamsaraf/Desktop/work/temporal/common/log/with_logger.go:66"}
2025-03-19T11:38:51.362-0400	debug	Frontend method invoked.	{"host": "127.0.0.1:63278", "wf-namespace": "namespace-ec265ab4-426c-4316-a4b3-47fc66311932", "operation": "RespondActivityTaskCompleted", "server-name": "", "cert-thumbprint": "", "logging-call-at": "/Users/shivamsaraf/Desktop/work/temporal/common/log/with_logger.go:61"}
2025-03-19T11:38:51.363-0400	debug	Workflow task updated	{"host": "127.0.0.1:63280", "shard-id": 4, "address": "127.0.0.1:63280", "wf-scheduled-event-id": 647, "wf-started-event-id": 0, "workflow-task-request-id": "emptyUuid", "workflow-task-timeout": 10, "attempt": 1, "wf-started-timestamp": "0001-01-01T00:00:00.000Z", "wt-type": "Normal", "logging-call-at": "/Users/shivamsaraf/Desktop/work/temporal/common/log/with_logger.go:61"}
2025-03-19T11:38:51.363-0400	debug	Assigning new task key	{"host": "127.0.0.1:63280", "shard-id": 4, "address": "127.0.0.1:63280", "wf-namespace-id": "d0b550e3-6091-4a9b-a9aa-3d80ffb24954", "wf-id": "temporal-sys-worker-deployment-version:rrentVersion_Batching-564e9892_deployment_series.rrentVersion_Batching-564e9892_build_id", "wf-run-id": "0195af0e-98a0-7d94-93e5-2a1d2e5942f8", "queue-task-type": "WorkflowTaskTimeout", "queue-task-id": 1050244, "timestamp": "2025-03-19T15:38:56.364Z", "cursor-timestamp": "2025-03-19T15:38:52.254Z", "logging-call-at": "/Users/shivamsaraf/Desktop/work/temporal/common/log/with_logger.go:61"}
2025-03-19T11:38:51.363-0400	debug	Assigning new task key	{"host": "127.0.0.1:63280", "shard-id": 4, "address": "127.0.0.1:63280", "wf-namespace-id": "d0b550e3-6091-4a9b-a9aa-3d80ffb24954", "wf-id": "temporal-sys-worker-deployment-version:rrentVersion_Batching-564e9892_deployment_series.rrentVersion_Batching-564e9892_build_id", "wf-run-id": "0195af0e-98a0-7d94-93e5-2a1d2e5942f8", "queue-task-type": "TransferWorkflowTask", "queue-task-id": 1050245, "timestamp": "2025-03-19T15:38:51.363Z", "cursor-timestamp": "2025-03-19T15:38:52.254Z", "logging-call-at": "/Users/shivamsaraf/Desktop/work/temporal/common/log/with_logger.go:61"}
2025-03-19T11:38:51.370-0400	debug	Process task as active.	{"host": "127.0.0.1:63280", "shard-id": 4, "address": "127.0.0.1:63280", "component": "transfer-queue-processor", "wf-namespace-id": "d0b550e3-6091-4a9b-a9aa-3d80ffb24954", "value": "d0b550e3-6091-4a9b-a9aa-3d80ffb24954/temporal-sys-worker-deployment-version:rrentVersion_Batching-564e9892_deployment_series.rrentVersion_Batching-564e9892_build_id/0195af0e-98a0-7d94-93e5-2a1d2e5942f8", "logging-call-at": "/Users/shivamsaraf/Desktop/work/temporal/common/log/with_logger.go:61"}
2025-03-19T11:38:51.371-0400	debug	Workflow task updated	{"host": "127.0.0.1:63280", "shard-id": 4, "address": "127.0.0.1:63280", "wf-scheduled-event-id": 647, "wf-started-event-id": 648, "workflow-task-request-id": "6c400c64-ad22-4e03-99b7-734eb78e9d9e", "workflow-task-timeout": 10, "attempt": 1, "wf-started-timestamp": "2025-03-19T15:38:51.371Z", "wt-type": "Normal", "logging-call-at": "/Users/shivamsaraf/Desktop/work/temporal/common/log/with_logger.go:61"}
2025-03-19T11:38:51.371-0400	debug	Assigning new task key	{"host": "127.0.0.1:63280", "shard-id": 4, "address": "127.0.0.1:63280", "wf-namespace-id": "d0b550e3-6091-4a9b-a9aa-3d80ffb24954", "wf-id": "temporal-sys-worker-deployment-version:rrentVersion_Batching-564e9892_deployment_series.rrentVersion_Batching-564e9892_build_id", "wf-run-id": "0195af0e-98a0-7d94-93e5-2a1d2e5942f8", "queue-task-type": "WorkflowTaskTimeout", "queue-task-id": 1050248, "timestamp": "2025-03-19T15:39:01.372Z", "cursor-timestamp": "2025-03-19T15:38:52.369Z", "logging-call-at": "/Users/shivamsaraf/Desktop/work/temporal/common/log/with_logger.go:61"}
2025-03-19T11:38:51.381-0400	debug	ExecuteActivity	{"host": "127.0.0.1:63281", "Namespace": "namespace-ec265ab4-426c-4316-a4b3-47fc66311932", "TaskQueue": "temporal-sys-per-ns-tq", "WorkerID": "temporal-system@Shivams-MacBook-Pro.local@namespace-ec265ab4-426c-4316-a4b3-47fc66311932", "WorkflowType": "temporal-sys-worker-deployment-version-workflow", "WorkflowID": "temporal-sys-worker-deployment-version:rrentVersion_Batching-564e9892_deployment_series.rrentVersion_Batching-564e9892_build_id", "RunID": "0195af0e-98a0-7d94-93e5-2a1d2e5942f8", "Attempt": 0, "ActivityID": "650", "ActivityType": "CheckWorkerDeploymentUserDataPropagation", "logging-call-at": "/Users/shivamsaraf/Desktop/work/temporal/common/log/with_logger.go:61"}
2025-03-19T11:38:51.381-0400	debug	Frontend method invoked.	{"host": "127.0.0.1:63278", "wf-namespace": "namespace-ec265ab4-426c-4316-a4b3-47fc66311932", "operation": "PollWorkflowTaskQueue", "server-name": "", "cert-thumbprint": "", "logging-call-at": "/Users/shivamsaraf/Desktop/work/temporal/common/log/with_logger.go:61"}
2025-03-19T11:38:51.381-0400	debug	Received PollWorkflowTaskQueue	{"host": "127.0.0.1:63278", "service": "frontend", "logging-call-at": "/Users/shivamsaraf/Desktop/work/temporal/common/log/with_logger.go:61"}
2025-03-19T11:38:51.381-0400	debug	Poll workflow task queue.	{"host": "127.0.0.1:63278", "service": "frontend", "wf-namespace": "namespace-ec265ab4-426c-4316-a4b3-47fc66311932", "wf-namespace-id": "d0b550e3-6091-4a9b-a9aa-3d80ffb24954", "logging-call-at": "/Users/shivamsaraf/Desktop/work/temporal/common/log/with_logger.go:61"}
2025-03-19T11:38:51.382-0400	debug	Frontend method invoked.	{"host": "127.0.0.1:63278", "wf-namespace": "namespace-ec265ab4-426c-4316-a4b3-47fc66311932", "operation": "RespondWorkflowTaskCompleted", "server-name": "", "cert-thumbprint": "", "logging-call-at": "/Users/shivamsaraf/Desktop/work/temporal/common/log/with_logger.go:61"}
2025-03-19T11:38:51.382-0400	debug	RespondWorkflowTaskCompleted	{"host": "127.0.0.1:63280", "service": "history", "wf-namespace-id": "d0b550e3-6091-4a9b-a9aa-3d80ffb24954", "wf-id": "temporal-sys-worker-deployment-version:rrentVersion_Batching-564e9892_deployment_series.rrentVersion_Batching-564e9892_build_id", "wf-run-id": "0195af0e-98a0-7d94-93e5-2a1d2e5942f8", "wf-scheduled-event-id": 647, "logging-call-at": "/Users/shivamsaraf/Desktop/work/temporal/common/log/with_logger.go:61"}
2025-03-19T11:38:51.382-0400	debug	Workflow task updated	{"host": "127.0.0.1:63280", "shard-id": 4, "address": "127.0.0.1:63280", "wf-scheduled-event-id": 0, "wf-started-event-id": 0, "workflow-task-request-id": "emptyUuid", "workflow-task-timeout": 0, "attempt": 1, "wf-started-timestamp": "1970-01-01T00:00:00.000Z", "wt-type": "Unspecified", "logging-call-at": "/Users/shivamsaraf/Desktop/work/temporal/common/log/with_logger.go:61"}
2025-03-19T11:38:51.383-0400	debug	Assigning new task key	{"host": "127.0.0.1:63280", "shard-id": 4, "address": "127.0.0.1:63280", "wf-namespace-id": "d0b550e3-6091-4a9b-a9aa-3d80ffb24954", "wf-id": "temporal-sys-worker-deployment-version:rrentVersion_Batching-564e9892_deployment_series.rrentVersion_Batching-564e9892_build_id", "wf-run-id": "0195af0e-98a0-7d94-93e5-2a1d2e5942f8", "queue-task-type": "TransferActivityTask", "queue-task-id": 1050253, "timestamp": "2025-03-19T15:38:51.383Z", "cursor-timestamp": "2025-03-19T15:38:52.369Z", "logging-call-at": "/Users/shivamsaraf/Desktop/work/temporal/common/log/with_logger.go:61"}
2025-03-19T11:38:51.387-0400	debug	Process task as active.	{"host": "127.0.0.1:63280", "shard-id": 4, "address": "127.0.0.1:63280", "component": "transfer-queue-processor", "wf-namespace-id": "d0b550e3-6091-4a9b-a9aa-3d80ffb24954", "value": "d0b550e3-6091-4a9b-a9aa-3d80ffb24954/temporal-sys-worker-deployment-version:rrentVersion_Batching-564e9892_deployment_series.rrentVersion_Batching-564e9892_build_id/0195af0e-98a0-7d94-93e5-2a1d2e5942f8", "logging-call-at": "/Users/shivamsaraf/Desktop/work/temporal/common/log/with_logger.go:61"}
2025-03-19T11:38:51.388-0400	debug	Assigning new task key	{"host": "127.0.0.1:63280", "shard-id": 4, "address": "127.0.0.1:63280", "wf-namespace-id": "d0b550e3-6091-4a9b-a9aa-3d80ffb24954", "wf-id": "temporal-sys-worker-deployment-version:rrentVersion_Batching-564e9892_deployment_series.rrentVersion_Batching-564e9892_build_id", "wf-run-id": "0195af0e-98a0-7d94-93e5-2a1d2e5942f8", "queue-task-type": "ActivityTimeout", "queue-task-id": 1050254, "timestamp": "2025-03-19T15:39:51.389Z", "cursor-timestamp": "2025-03-19T15:38:52.386Z", "logging-call-at": "/Users/shivamsaraf/Desktop/work/temporal/common/log/with_logger.go:61"}
2025-03-19T11:38:51.392-0400	info	waiting for userdata propagation	{"host": "127.0.0.1:63281", "Namespace": "namespace-ec265ab4-426c-4316-a4b3-47fc66311932", "TaskQueue": "temporal-sys-per-ns-tq", "WorkerID": "temporal-system@Shivams-MacBook-Pro.local@namespace-ec265ab4-426c-4316-a4b3-47fc66311932", "ActivityID": "650", "ActivityType": "CheckWorkerDeploymentUserDataPropagation", "Attempt": 1, "WorkflowType": "temporal-sys-worker-deployment-version-workflow", "WorkflowID": "temporal-sys-worker-deployment-version:rrentVersion_Batching-564e9892_deployment_series.rrentVersion_Batching-564e9892_build_id", "RunID": "0195af0e-98a0-7d94-93e5-2a1d2e5942f8", "taskQueue": "rrentVersion_Batching-564e9892_task_queue_4", "version": 1, "logging-call-at": "/Users/shivamsaraf/Desktop/work/temporal/common/log/with_logger.go:66"}
2025-03-19T11:38:51.392-0400	debug	Frontend method invoked.	{"host": "127.0.0.1:63278", "wf-namespace": "namespace-ec265ab4-426c-4316-a4b3-47fc66311932", "operation": "PollActivityTaskQueue", "server-name": "", "cert-thumbprint": "", "logging-call-at": "/Users/shivamsaraf/Desktop/work/temporal/common/log/with_logger.go:61"}
2025-03-19T11:38:51.392-0400	debug	Received PollActivityTaskQueue	{"host": "127.0.0.1:63278", "service": "frontend", "logging-call-at": "/Users/shivamsaraf/Desktop/work/temporal/common/log/with_logger.go:61"}
2025-03-19T11:38:51.393-0400	info	returning user data	{"host": "127.0.0.1:63279", "component": "matching-engine", "wf-task-queue-name": "/_sys/rrentVersion_Batching-564e9892_task_queue_4/2", "wf-task-queue-type": "Workflow", "wf-namespace": "namespace-ec265ab4-426c-4316-a4b3-47fc66311932", "long-poll": true, "request-known-version": 0, "user-data-version": 1, "logging-call-at": "/Users/shivamsaraf/Desktop/work/temporal/common/log/with_logger.go:66"}
2025-03-19T11:38:51.393-0400	info	returning user data	{"host": "127.0.0.1:63279", "component": "matching-engine", "wf-task-queue-name": "/_sys/rrentVersion_Batching-564e9892_task_queue_4/1", "wf-task-queue-type": "Workflow", "wf-namespace": "namespace-ec265ab4-426c-4316-a4b3-47fc66311932", "long-poll": true, "request-known-version": 0, "user-data-version": 1, "logging-call-at": "/Users/shivamsaraf/Desktop/work/temporal/common/log/with_logger.go:66"}
2025-03-19T11:38:51.393-0400	info	returning user data	{"host": "127.0.0.1:63279", "component": "matching-engine", "wf-task-queue-name": "/_sys/rrentVersion_Batching-564e9892_task_queue_4/3", "wf-task-queue-type": "Workflow", "wf-namespace": "namespace-ec265ab4-426c-4316-a4b3-47fc66311932", "long-poll": true, "request-known-version": 0, "user-data-version": 1, "logging-call-at": "/Users/shivamsaraf/Desktop/work/temporal/common/log/with_logger.go:66"}
2025-03-19T11:38:51.393-0400	info	matching client encountered error	{"host": "127.0.0.1:63279", "error": "partition was not loaded", "service-error-type": "serviceerror.FailedPrecondition", "logging-call-at": "/Users/shivamsaraf/Desktop/work/temporal/common/log/with_logger.go:66"}
2025-03-19T11:38:51.393-0400	info	matching client encountered error	{"host": "127.0.0.1:63279", "error": "partition was not loaded", "service-error-type": "serviceerror.FailedPrecondition", "logging-call-at": "/Users/shivamsaraf/Desktop/work/temporal/common/log/with_logger.go:66"}
2025-03-19T11:38:51.393-0400	info	matching client encountered error	{"host": "127.0.0.1:63279", "error": "partition was not loaded", "service-error-type": "serviceerror.FailedPrecondition", "logging-call-at": "/Users/shivamsaraf/Desktop/work/temporal/common/log/with_logger.go:66"}
2025-03-19T11:38:51.393-0400	info	matching client encountered error	{"host": "127.0.0.1:63279", "error": "partition was not loaded", "service-error-type": "serviceerror.FailedPrecondition", "logging-call-at": "/Users/shivamsaraf/Desktop/work/temporal/common/log/with_logger.go:66"}
2025-03-19T11:38:51.394-0400	debug	Frontend method invoked.	{"host": "127.0.0.1:63278", "wf-namespace": "namespace-ec265ab4-426c-4316-a4b3-47fc66311932", "operation": "RespondActivityTaskCompleted", "server-name": "", "cert-thumbprint": "", "logging-call-at": "/Users/shivamsaraf/Desktop/work/temporal/common/log/with_logger.go:61"}
2025-03-19T11:38:51.394-0400	debug	Workflow task updated	{"host": "127.0.0.1:63280", "shard-id": 4, "address": "127.0.0.1:63280", "wf-scheduled-event-id": 653, "wf-started-event-id": 0, "workflow-task-request-id": "emptyUuid", "workflow-task-timeout": 10, "attempt": 1, "wf-started-timestamp": "0001-01-01T00:00:00.000Z", "wt-type": "Normal", "logging-call-at": "/Users/shivamsaraf/Desktop/work/temporal/common/log/with_logger.go:61"}
2025-03-19T11:38:51.394-0400	debug	Assigning new task key	{"host": "127.0.0.1:63280", "shard-id": 4, "address": "127.0.0.1:63280", "wf-namespace-id": "d0b550e3-6091-4a9b-a9aa-3d80ffb24954", "wf-id": "temporal-sys-worker-deployment-version:rrentVersion_Batching-564e9892_deployment_series.rrentVersion_Batching-564e9892_build_id", "wf-run-id": "0195af0e-98a0-7d94-93e5-2a1d2e5942f8", "queue-task-type": "WorkflowTaskTimeout", "queue-task-id": 1050260, "timestamp": "2025-03-19T15:38:56.395Z", "cursor-timestamp": "2025-03-19T15:38:52.386Z", "logging-call-at": "/Users/shivamsaraf/Desktop/work/temporal/common/log/with_logger.go:61"}
2025-03-19T11:38:51.394-0400	debug	Assigning new task key	{"host": "127.0.0.1:63280", "shard-id": 4, "address": "127.0.0.1:63280", "wf-namespace-id": "d0b550e3-6091-4a9b-a9aa-3d80ffb24954", "wf-id": "temporal-sys-worker-deployment-version:rrentVersion_Batching-564e9892_deployment_series.rrentVersion_Batching-564e9892_build_id", "wf-run-id": "0195af0e-98a0-7d94-93e5-2a1d2e5942f8", "queue-task-type": "TransferWorkflowTask", "queue-task-id": 1050261, "timestamp": "2025-03-19T15:38:51.394Z", "cursor-timestamp": "2025-03-19T15:38:52.386Z", "logging-call-at": "/Users/shivamsaraf/Desktop/work/temporal/common/log/with_logger.go:61"}
2025-03-19T11:38:51.399-0400	debug	Process task as active.	{"host": "127.0.0.1:63280", "shard-id": 4, "address": "127.0.0.1:63280", "component": "transfer-queue-processor", "wf-namespace-id": "d0b550e3-6091-4a9b-a9aa-3d80ffb24954", "value": "d0b550e3-6091-4a9b-a9aa-3d80ffb24954/temporal-sys-worker-deployment-version:rrentVersion_Batching-564e9892_deployment_series.rrentVersion_Batching-564e9892_build_id/0195af0e-98a0-7d94-93e5-2a1d2e5942f8", "logging-call-at": "/Users/shivamsaraf/Desktop/work/temporal/common/log/with_logger.go:61"}
2025-03-19T11:38:51.399-0400	debug	Workflow task updated	{"host": "127.0.0.1:63280", "shard-id": 4, "address": "127.0.0.1:63280", "wf-scheduled-event-id": 653, "wf-started-event-id": 654, "workflow-task-request-id": "3d36e49c-474e-4d7f-ac59-fedc2ed7bc62", "workflow-task-timeout": 10, "attempt": 1, "wf-started-timestamp": "2025-03-19T15:38:51.399Z", "wt-type": "Normal", "logging-call-at": "/Users/shivamsaraf/Desktop/work/temporal/common/log/with_logger.go:61"}
2025-03-19T11:38:51.399-0400	debug	Assigning new task key	{"host": "127.0.0.1:63280", "shard-id": 4, "address": "127.0.0.1:63280", "wf-namespace-id": "d0b550e3-6091-4a9b-a9aa-3d80ffb24954", "wf-id": "temporal-sys-worker-deployment-version:rrentVersion_Batching-564e9892_deployment_series.rrentVersion_Batching-564e9892_build_id", "wf-run-id": "0195af0e-98a0-7d94-93e5-2a1d2e5942f8", "queue-task-type": "WorkflowTaskTimeout", "queue-task-id": 1050264, "timestamp": "2025-03-19T15:39:01.400Z", "cursor-timestamp": "2025-03-19T15:38:52.398Z", "logging-call-at": "/Users/shivamsaraf/Desktop/work/temporal/common/log/with_logger.go:61"}
2025-03-19T11:38:51.407-0400	debug	Frontend method invoked.	{"host": "127.0.0.1:63278", "wf-namespace": "namespace-ec265ab4-426c-4316-a4b3-47fc66311932", "operation": "PollWorkflowTaskQueue", "server-name": "", "cert-thumbprint": "", "logging-call-at": "/Users/shivamsaraf/Desktop/work/temporal/common/log/with_logger.go:61"}
2025-03-19T11:38:51.407-0400	debug	Received PollWorkflowTaskQueue	{"host": "127.0.0.1:63278", "service": "frontend", "logging-call-at": "/Users/shivamsaraf/Desktop/work/temporal/common/log/with_logger.go:61"}
2025-03-19T11:38:51.407-0400	debug	Poll workflow task queue.	{"host": "127.0.0.1:63278", "service": "frontend", "wf-namespace": "namespace-ec265ab4-426c-4316-a4b3-47fc66311932", "wf-namespace-id": "d0b550e3-6091-4a9b-a9aa-3d80ffb24954", "logging-call-at": "/Users/shivamsaraf/Desktop/work/temporal/common/log/with_logger.go:61"}
2025-03-19T11:38:51.407-0400	debug	Frontend method invoked.	{"host": "127.0.0.1:63278", "wf-namespace": "namespace-ec265ab4-426c-4316-a4b3-47fc66311932", "operation": "RespondWorkflowTaskCompleted", "server-name": "", "cert-thumbprint": "", "logging-call-at": "/Users/shivamsaraf/Desktop/work/temporal/common/log/with_logger.go:61"}
2025-03-19T11:38:51.408-0400	debug	RespondWorkflowTaskCompleted	{"host": "127.0.0.1:63280", "service": "history", "wf-namespace-id": "d0b550e3-6091-4a9b-a9aa-3d80ffb24954", "wf-id": "temporal-sys-worker-deployment-version:rrentVersion_Batching-564e9892_deployment_series.rrentVersion_Batching-564e9892_build_id", "wf-run-id": "0195af0e-98a0-7d94-93e5-2a1d2e5942f8", "wf-scheduled-event-id": 653, "logging-call-at": "/Users/shivamsaraf/Desktop/work/temporal/common/log/with_logger.go:61"}
2025-03-19T11:38:51.408-0400	debug	Workflow task updated	{"host": "127.0.0.1:63280", "shard-id": 4, "address": "127.0.0.1:63280", "wf-scheduled-event-id": 0, "wf-started-event-id": 0, "workflow-task-request-id": "emptyUuid", "workflow-task-timeout": 0, "attempt": 1, "wf-started-timestamp": "1970-01-01T00:00:00.000Z", "wt-type": "Unspecified", "logging-call-at": "/Users/shivamsaraf/Desktop/work/temporal/common/log/with_logger.go:61"}
2025-03-19T11:38:51.408-0400	debug	update state change	{"host": "127.0.0.1:63280", "shard-id": 4, "address": "127.0.0.1:63280", "wf-namespace-id": "d0b550e3-6091-4a9b-a9aa-3d80ffb24954", "wf-id": "temporal-sys-worker-deployment-version:rrentVersion_Batching-564e9892_deployment_series.rrentVersion_Batching-564e9892_build_id", "wf-run-id": "0195af0e-98a0-7d94-93e5-2a1d2e5942f8", "update-id": "02dcedd2-a938-4c55-8b3d-188f98f56d03", "from-state": "Accepted", "to-state": "ProvisionallyCompleted", "logging-call-at": "/Users/shivamsaraf/Desktop/work/temporal/common/log/with_logger.go:61"}
2025-03-19T11:38:51.411-0400	debug	update state change	{"host": "127.0.0.1:63280", "shard-id": 4, "address": "127.0.0.1:63280", "wf-namespace-id": "d0b550e3-6091-4a9b-a9aa-3d80ffb24954", "wf-id": "temporal-sys-worker-deployment-version:rrentVersion_Batching-564e9892_deployment_series.rrentVersion_Batching-564e9892_build_id", "wf-run-id": "0195af0e-98a0-7d94-93e5-2a1d2e5942f8", "update-id": "02dcedd2-a938-4c55-8b3d-188f98f56d03", "from-state": "ProvisionallyCompleted", "to-state": "Completed", "logging-call-at": "/Users/shivamsaraf/Desktop/work/temporal/common/log/with_logger.go:61"}
2025-03-19T11:38:51.411-0400	debug	Frontend method invoked.	{"host": "127.0.0.1:63278", "wf-namespace": "namespace-ec265ab4-426c-4316-a4b3-47fc66311932", "operation": "RespondActivityTaskCompleted", "server-name": "", "cert-thumbprint": "", "logging-call-at": "/Users/shivamsaraf/Desktop/work/temporal/common/log/with_logger.go:61"}
2025-03-19T11:38:51.412-0400	debug	Workflow task updated	{"host": "127.0.0.1:63280", "shard-id": 1, "address": "127.0.0.1:63280", "wf-scheduled-event-id": 319, "wf-started-event-id": 0, "workflow-task-request-id": "emptyUuid", "workflow-task-timeout": 10, "attempt": 1, "wf-started-timestamp": "0001-01-01T00:00:00.000Z", "wt-type": "Normal", "logging-call-at": "/Users/shivamsaraf/Desktop/work/temporal/common/log/with_logger.go:61"}
2025-03-19T11:38:51.412-0400	debug	Assigning new task key	{"host": "127.0.0.1:63280", "shard-id": 1, "address": "127.0.0.1:63280", "wf-namespace-id": "d0b550e3-6091-4a9b-a9aa-3d80ffb24954", "wf-id": "temporal-sys-worker-deployment:rrentVersion_Batching-564e9892_deployment_series", "wf-run-id": "0195af0e-960d-715f-b6c6-08dcdf4b78ec", "queue-task-type": "TransferWorkflowTask", "queue-task-id": 1049330, "timestamp": "2025-03-19T15:38:51.412Z", "cursor-timestamp": "2025-03-19T15:38:52.236Z", "logging-call-at": "/Users/shivamsaraf/Desktop/work/temporal/common/log/with_logger.go:61"}
2025-03-19T11:38:51.412-0400	debug	Assigning new task key	{"host": "127.0.0.1:63280", "shard-id": 1, "address": "127.0.0.1:63280", "wf-namespace-id": "d0b550e3-6091-4a9b-a9aa-3d80ffb24954", "wf-id": "temporal-sys-worker-deployment:rrentVersion_Batching-564e9892_deployment_series", "wf-run-id": "0195af0e-960d-715f-b6c6-08dcdf4b78ec", "queue-task-type": "WorkflowTaskTimeout", "queue-task-id": 1049331, "timestamp": "2025-03-19T15:38:56.413Z", "cursor-timestamp": "2025-03-19T15:38:52.236Z", "logging-call-at": "/Users/shivamsaraf/Desktop/work/temporal/common/log/with_logger.go:61"}
2025-03-19T11:38:51.416-0400	debug	Process task as active.	{"host": "127.0.0.1:63280", "shard-id": 1, "address": "127.0.0.1:63280", "component": "transfer-queue-processor", "wf-namespace-id": "d0b550e3-6091-4a9b-a9aa-3d80ffb24954", "value": "d0b550e3-6091-4a9b-a9aa-3d80ffb24954/temporal-sys-worker-deployment:rrentVersion_Batching-564e9892_deployment_series/0195af0e-960d-715f-b6c6-08dcdf4b78ec", "logging-call-at": "/Users/shivamsaraf/Desktop/work/temporal/common/log/with_logger.go:61"}
2025-03-19T11:38:51.417-0400	debug	Workflow task updated	{"host": "127.0.0.1:63280", "shard-id": 1, "address": "127.0.0.1:63280", "wf-scheduled-event-id": 319, "wf-started-event-id": 320, "workflow-task-request-id": "fda5cab6-f912-45b1-8fb5-6acfa39b6809", "workflow-task-timeout": 10, "attempt": 1, "wf-started-timestamp": "2025-03-19T15:38:51.417Z", "wt-type": "Normal", "logging-call-at": "/Users/shivamsaraf/Desktop/work/temporal/common/log/with_logger.go:61"}
2025-03-19T11:38:51.417-0400	debug	Assigning new task key	{"host": "127.0.0.1:63280", "shard-id": 1, "address": "127.0.0.1:63280", "wf-namespace-id": "d0b550e3-6091-4a9b-a9aa-3d80ffb24954", "wf-id": "temporal-sys-worker-deployment:rrentVersion_Batching-564e9892_deployment_series", "wf-run-id": "0195af0e-960d-715f-b6c6-08dcdf4b78ec", "queue-task-type": "WorkflowTaskTimeout", "queue-task-id": 1049334, "timestamp": "2025-03-19T15:39:01.418Z", "cursor-timestamp": "2025-03-19T15:38:52.415Z", "logging-call-at": "/Users/shivamsaraf/Desktop/work/temporal/common/log/with_logger.go:61"}
2025-03-19T11:38:51.423-0400	debug	ExecuteActivity	{"host": "127.0.0.1:63281", "Namespace": "namespace-ec265ab4-426c-4316-a4b3-47fc66311932", "TaskQueue": "temporal-sys-per-ns-tq", "WorkerID": "temporal-system@Shivams-MacBook-Pro.local@namespace-ec265ab4-426c-4316-a4b3-47fc66311932", "WorkflowType": "temporal-sys-worker-deployment-workflow", "WorkflowID": "temporal-sys-worker-deployment:rrentVersion_Batching-564e9892_deployment_series", "RunID": "0195af0e-960d-715f-b6c6-08dcdf4b78ec", "Attempt": 0, "ActivityID": "323", "ActivityType": "RegisterWorkerInVersion", "logging-call-at": "/Users/shivamsaraf/Desktop/work/temporal/common/log/with_logger.go:61"}
2025-03-19T11:38:51.423-0400	debug	Frontend method invoked.	{"host": "127.0.0.1:63278", "wf-namespace": "namespace-ec265ab4-426c-4316-a4b3-47fc66311932", "operation": "PollWorkflowTaskQueue", "server-name": "", "cert-thumbprint": "", "logging-call-at": "/Users/shivamsaraf/Desktop/work/temporal/common/log/with_logger.go:61"}
2025-03-19T11:38:51.423-0400	debug	Received PollWorkflowTaskQueue	{"host": "127.0.0.1:63278", "service": "frontend", "logging-call-at": "/Users/shivamsaraf/Desktop/work/temporal/common/log/with_logger.go:61"}
2025-03-19T11:38:51.423-0400	debug	Poll workflow task queue.	{"host": "127.0.0.1:63278", "service": "frontend", "wf-namespace": "namespace-ec265ab4-426c-4316-a4b3-47fc66311932", "wf-namespace-id": "d0b550e3-6091-4a9b-a9aa-3d80ffb24954", "logging-call-at": "/Users/shivamsaraf/Desktop/work/temporal/common/log/with_logger.go:61"}
2025-03-19T11:38:51.424-0400	debug	Frontend method invoked.	{"host": "127.0.0.1:63278", "wf-namespace": "namespace-ec265ab4-426c-4316-a4b3-47fc66311932", "operation": "RespondWorkflowTaskCompleted", "server-name": "", "cert-thumbprint": "", "logging-call-at": "/Users/shivamsaraf/Desktop/work/temporal/common/log/with_logger.go:61"}
2025-03-19T11:38:51.424-0400	debug	RespondWorkflowTaskCompleted	{"host": "127.0.0.1:63280", "service": "history", "wf-namespace-id": "d0b550e3-6091-4a9b-a9aa-3d80ffb24954", "wf-id": "temporal-sys-worker-deployment:rrentVersion_Batching-564e9892_deployment_series", "wf-run-id": "0195af0e-960d-715f-b6c6-08dcdf4b78ec", "wf-scheduled-event-id": 319, "logging-call-at": "/Users/shivamsaraf/Desktop/work/temporal/common/log/with_logger.go:61"}
2025-03-19T11:38:51.424-0400	debug	Workflow task updated	{"host": "127.0.0.1:63280", "shard-id": 1, "address": "127.0.0.1:63280", "wf-scheduled-event-id": 0, "wf-started-event-id": 0, "workflow-task-request-id": "emptyUuid", "workflow-task-timeout": 0, "attempt": 1, "wf-started-timestamp": "1970-01-01T00:00:00.000Z", "wt-type": "Unspecified", "logging-call-at": "/Users/shivamsaraf/Desktop/work/temporal/common/log/with_logger.go:61"}
2025-03-19T11:38:51.424-0400	debug	update state change	{"host": "127.0.0.1:63280", "shard-id": 1, "address": "127.0.0.1:63280", "wf-namespace-id": "d0b550e3-6091-4a9b-a9aa-3d80ffb24954", "wf-id": "temporal-sys-worker-deployment:rrentVersion_Batching-564e9892_deployment_series", "wf-run-id": "0195af0e-960d-715f-b6c6-08dcdf4b78ec", "update-id": "43e06db3-3619-46f9-a2b1-e5e11157d908", "from-state": "Accepted", "to-state": "ProvisionallyCompleted", "logging-call-at": "/Users/shivamsaraf/Desktop/work/temporal/common/log/with_logger.go:61"}
2025-03-19T11:38:51.425-0400	debug	Assigning new task key	{"host": "127.0.0.1:63280", "shard-id": 1, "address": "127.0.0.1:63280", "wf-namespace-id": "d0b550e3-6091-4a9b-a9aa-3d80ffb24954", "wf-id": "temporal-sys-worker-deployment:rrentVersion_Batching-564e9892_deployment_series", "wf-run-id": "0195af0e-960d-715f-b6c6-08dcdf4b78ec", "queue-task-type": "TransferActivityTask", "queue-task-id": 1049340, "timestamp": "2025-03-19T15:38:51.425Z", "cursor-timestamp": "2025-03-19T15:38:52.415Z", "logging-call-at": "/Users/shivamsaraf/Desktop/work/temporal/common/log/with_logger.go:61"}
2025-03-19T11:38:51.428-0400	debug	update state change	{"host": "127.0.0.1:63280", "shard-id": 1, "address": "127.0.0.1:63280", "wf-namespace-id": "d0b550e3-6091-4a9b-a9aa-3d80ffb24954", "wf-id": "temporal-sys-worker-deployment:rrentVersion_Batching-564e9892_deployment_series", "wf-run-id": "0195af0e-960d-715f-b6c6-08dcdf4b78ec", "update-id": "43e06db3-3619-46f9-a2b1-e5e11157d908", "from-state": "ProvisionallyCompleted", "to-state": "Completed", "logging-call-at": "/Users/shivamsaraf/Desktop/work/temporal/common/log/with_logger.go:61"}
2025-03-19T11:38:51.428-0400	debug	deployment client success	{"host": "127.0.0.1:63279", "operation": "RegisterTaskQueueWorker", "elapsed": 7.866185417, "args": ["rrentVersion_Batching-564e9892_task_queue_4",1,"matching service"], "logging-call-at": "/Users/shivamsaraf/Desktop/work/temporal/common/log/with_logger.go:61"}
2025-03-19T11:38:51.429-0400	debug	Process task as active.	{"host": "127.0.0.1:63280", "shard-id": 1, "address": "127.0.0.1:63280", "component": "transfer-queue-processor", "wf-namespace-id": "d0b550e3-6091-4a9b-a9aa-3d80ffb24954", "value": "d0b550e3-6091-4a9b-a9aa-3d80ffb24954/temporal-sys-worker-deployment:rrentVersion_Batching-564e9892_deployment_series/0195af0e-960d-715f-b6c6-08dcdf4b78ec", "logging-call-at": "/Users/shivamsaraf/Desktop/work/temporal/common/log/with_logger.go:61"}
2025-03-19T11:38:51.430-0400	debug	Assigning new task key	{"host": "127.0.0.1:63280", "shard-id": 1, "address": "127.0.0.1:63280", "wf-namespace-id": "d0b550e3-6091-4a9b-a9aa-3d80ffb24954", "wf-id": "temporal-sys-worker-deployment:rrentVersion_Batching-564e9892_deployment_series", "wf-run-id": "0195af0e-960d-715f-b6c6-08dcdf4b78ec", "queue-task-type": "ActivityTimeout", "queue-task-id": 1049342, "timestamp": "2025-03-19T15:39:51.430Z", "cursor-timestamp": "2025-03-19T15:38:52.428Z", "logging-call-at": "/Users/shivamsaraf/Desktop/work/temporal/common/log/with_logger.go:61"}
2025-03-19T11:38:51.434-0400	debug	Frontend method invoked.	{"host": "127.0.0.1:63278", "wf-namespace": "namespace-ec265ab4-426c-4316-a4b3-47fc66311932", "operation": "PollActivityTaskQueue", "server-name": "", "cert-thumbprint": "", "logging-call-at": "/Users/shivamsaraf/Desktop/work/temporal/common/log/with_logger.go:61"}
2025-03-19T11:38:51.434-0400	debug	Received PollActivityTaskQueue	{"host": "127.0.0.1:63278", "service": "frontend", "logging-call-at": "/Users/shivamsaraf/Desktop/work/temporal/common/log/with_logger.go:61"}
2025-03-19T11:38:51.435-0400	debug	update state change	{"host": "127.0.0.1:63280", "shard-id": 4, "address": "127.0.0.1:63280", "wf-namespace-id": "d0b550e3-6091-4a9b-a9aa-3d80ffb24954", "wf-id": "temporal-sys-worker-deployment-version:rrentVersion_Batching-564e9892_deployment_series.rrentVersion_Batching-564e9892_build_id", "wf-run-id": "0195af0e-98a0-7d94-93e5-2a1d2e5942f8", "update-id": "38edf9ff-e742-433e-9ae6-3af13a5d9ceb", "from-state": "Created", "to-state": "ProvisionallyAdmitted", "logging-call-at": "/Users/shivamsaraf/Desktop/work/temporal/common/log/with_logger.go:61"}
2025-03-19T11:38:51.435-0400	debug	update state change	{"host": "127.0.0.1:63280", "shard-id": 4, "address": "127.0.0.1:63280", "wf-namespace-id": "d0b550e3-6091-4a9b-a9aa-3d80ffb24954", "wf-id": "temporal-sys-worker-deployment-version:rrentVersion_Batching-564e9892_deployment_series.rrentVersion_Batching-564e9892_build_id", "wf-run-id": "0195af0e-98a0-7d94-93e5-2a1d2e5942f8", "update-id": "38edf9ff-e742-433e-9ae6-3af13a5d9ceb", "from-state": "ProvisionallyAdmitted", "to-state": "Admitted", "logging-call-at": "/Users/shivamsaraf/Desktop/work/temporal/common/log/with_logger.go:61"}
2025-03-19T11:38:51.435-0400	debug	Workflow task updated	{"host": "127.0.0.1:63280", "shard-id": 4, "address": "127.0.0.1:63280", "wf-scheduled-event-id": 657, "wf-started-event-id": 0, "workflow-task-request-id": "emptyUuid", "workflow-task-timeout": 10, "attempt": 1, "wf-started-timestamp": "0001-01-01T00:00:00.000Z", "wt-type": "Speculative", "logging-call-at": "/Users/shivamsaraf/Desktop/work/temporal/common/log/with_logger.go:61"}
2025-03-19T11:38:51.436-0400	debug	Workflow task updated	{"host": "127.0.0.1:63280", "shard-id": 4, "address": "127.0.0.1:63280", "wf-scheduled-event-id": 657, "wf-started-event-id": 658, "workflow-task-request-id": "3abead30-6b1d-4a7a-ba00-fdd980883f36", "workflow-task-timeout": 10, "attempt": 1, "wf-started-timestamp": "2025-03-19T15:38:51.436Z", "wt-type": "Speculative", "logging-call-at": "/Users/shivamsaraf/Desktop/work/temporal/common/log/with_logger.go:61"}
2025-03-19T11:38:51.436-0400	debug	update state change	{"host": "127.0.0.1:63280", "shard-id": 4, "address": "127.0.0.1:63280", "wf-namespace-id": "d0b550e3-6091-4a9b-a9aa-3d80ffb24954", "wf-id": "temporal-sys-worker-deployment-version:rrentVersion_Batching-564e9892_deployment_series.rrentVersion_Batching-564e9892_build_id", "wf-run-id": "0195af0e-98a0-7d94-93e5-2a1d2e5942f8", "update-id": "38edf9ff-e742-433e-9ae6-3af13a5d9ceb", "from-state": "Admitted", "to-state": "Sent", "logging-call-at": "/Users/shivamsaraf/Desktop/work/temporal/common/log/with_logger.go:61"}
2025-03-19T11:38:51.440-0400	debug	Frontend method invoked.	{"host": "127.0.0.1:63278", "wf-namespace": "namespace-ec265ab4-426c-4316-a4b3-47fc66311932", "operation": "PollWorkflowTaskQueue", "server-name": "", "cert-thumbprint": "", "logging-call-at": "/Users/shivamsaraf/Desktop/work/temporal/common/log/with_logger.go:61"}
2025-03-19T11:38:51.440-0400	debug	ExecuteActivity	{"host": "127.0.0.1:63281", "Namespace": "namespace-ec265ab4-426c-4316-a4b3-47fc66311932", "TaskQueue": "temporal-sys-per-ns-tq", "WorkerID": "temporal-system@Shivams-MacBook-Pro.local@namespace-ec265ab4-426c-4316-a4b3-47fc66311932", "WorkflowType": "temporal-sys-worker-deployment-version-workflow", "WorkflowID": "temporal-sys-worker-deployment-version:rrentVersion_Batching-564e9892_deployment_series.rrentVersion_Batching-564e9892_build_id", "RunID": "0195af0e-98a0-7d94-93e5-2a1d2e5942f8", "Attempt": 0, "ActivityID": "661", "ActivityType": "SyncDeploymentVersionUserData", "logging-call-at": "/Users/shivamsaraf/Desktop/work/temporal/common/log/with_logger.go:61"}
2025-03-19T11:38:51.440-0400	debug	Received PollWorkflowTaskQueue	{"host": "127.0.0.1:63278", "service": "frontend", "logging-call-at": "/Users/shivamsaraf/Desktop/work/temporal/common/log/with_logger.go:61"}
2025-03-19T11:38:51.440-0400	debug	Poll workflow task queue.	{"host": "127.0.0.1:63278", "service": "frontend", "wf-namespace": "namespace-ec265ab4-426c-4316-a4b3-47fc66311932", "wf-namespace-id": "d0b550e3-6091-4a9b-a9aa-3d80ffb24954", "logging-call-at": "/Users/shivamsaraf/Desktop/work/temporal/common/log/with_logger.go:61"}
2025-03-19T11:38:51.441-0400	debug	Frontend method invoked.	{"host": "127.0.0.1:63278", "wf-namespace": "namespace-ec265ab4-426c-4316-a4b3-47fc66311932", "operation": "RespondWorkflowTaskCompleted", "server-name": "", "cert-thumbprint": "", "logging-call-at": "/Users/shivamsaraf/Desktop/work/temporal/common/log/with_logger.go:61"}
2025-03-19T11:38:51.441-0400	debug	RespondWorkflowTaskCompleted	{"host": "127.0.0.1:63280", "service": "history", "wf-namespace-id": "d0b550e3-6091-4a9b-a9aa-3d80ffb24954", "wf-id": "temporal-sys-worker-deployment-version:rrentVersion_Batching-564e9892_deployment_series.rrentVersion_Batching-564e9892_build_id", "wf-run-id": "0195af0e-98a0-7d94-93e5-2a1d2e5942f8", "wf-scheduled-event-id": 657, "logging-call-at": "/Users/shivamsaraf/Desktop/work/temporal/common/log/with_logger.go:61"}
2025-03-19T11:38:51.441-0400	debug	Workflow task updated	{"host": "127.0.0.1:63280", "shard-id": 4, "address": "127.0.0.1:63280", "wf-scheduled-event-id": 0, "wf-started-event-id": 0, "workflow-task-request-id": "emptyUuid", "workflow-task-timeout": 0, "attempt": 1, "wf-started-timestamp": "1970-01-01T00:00:00.000Z", "wt-type": "Unspecified", "logging-call-at": "/Users/shivamsaraf/Desktop/work/temporal/common/log/with_logger.go:61"}
2025-03-19T11:38:51.441-0400	debug	update state change	{"host": "127.0.0.1:63280", "shard-id": 4, "address": "127.0.0.1:63280", "wf-namespace-id": "d0b550e3-6091-4a9b-a9aa-3d80ffb24954", "wf-id": "temporal-sys-worker-deployment-version:rrentVersion_Batching-564e9892_deployment_series.rrentVersion_Batching-564e9892_build_id", "wf-run-id": "0195af0e-98a0-7d94-93e5-2a1d2e5942f8", "update-id": "38edf9ff-e742-433e-9ae6-3af13a5d9ceb", "from-state": "Sent", "to-state": "ProvisionallyAccepted", "logging-call-at": "/Users/shivamsaraf/Desktop/work/temporal/common/log/with_logger.go:61"}
2025-03-19T11:38:51.442-0400	debug	Assigning new task key	{"host": "127.0.0.1:63280", "shard-id": 4, "address": "127.0.0.1:63280", "wf-namespace-id": "d0b550e3-6091-4a9b-a9aa-3d80ffb24954", "wf-id": "temporal-sys-worker-deployment-version:rrentVersion_Batching-564e9892_deployment_series.rrentVersion_Batching-564e9892_build_id", "wf-run-id": "0195af0e-98a0-7d94-93e5-2a1d2e5942f8", "queue-task-type": "TransferActivityTask", "queue-task-id": 1050281, "timestamp": "2025-03-19T15:38:51.442Z", "cursor-timestamp": "2025-03-19T15:38:52.398Z", "logging-call-at": "/Users/shivamsaraf/Desktop/work/temporal/common/log/with_logger.go:61"}
2025-03-19T11:38:51.445-0400	debug	update state change	{"host": "127.0.0.1:63280", "shard-id": 4, "address": "127.0.0.1:63280", "wf-namespace-id": "d0b550e3-6091-4a9b-a9aa-3d80ffb24954", "wf-id": "temporal-sys-worker-deployment-version:rrentVersion_Batching-564e9892_deployment_series.rrentVersion_Batching-564e9892_build_id", "wf-run-id": "0195af0e-98a0-7d94-93e5-2a1d2e5942f8", "update-id": "38edf9ff-e742-433e-9ae6-3af13a5d9ceb", "from-state": "ProvisionallyAccepted", "to-state": "Accepted", "logging-call-at": "/Users/shivamsaraf/Desktop/work/temporal/common/log/with_logger.go:61"}
2025-03-19T11:38:51.446-0400	debug	Process task as active.	{"host": "127.0.0.1:63280", "shard-id": 4, "address": "127.0.0.1:63280", "component": "transfer-queue-processor", "wf-namespace-id": "d0b550e3-6091-4a9b-a9aa-3d80ffb24954", "value": "d0b550e3-6091-4a9b-a9aa-3d80ffb24954/temporal-sys-worker-deployment-version:rrentVersion_Batching-564e9892_deployment_series.rrentVersion_Batching-564e9892_build_id/0195af0e-98a0-7d94-93e5-2a1d2e5942f8", "logging-call-at": "/Users/shivamsaraf/Desktop/work/temporal/common/log/with_logger.go:61"}
2025-03-19T11:38:51.447-0400	debug	Assigning new task key	{"host": "127.0.0.1:63280", "shard-id": 4, "address": "127.0.0.1:63280", "wf-namespace-id": "d0b550e3-6091-4a9b-a9aa-3d80ffb24954", "wf-id": "temporal-sys-worker-deployment-version:rrentVersion_Batching-564e9892_deployment_series.rrentVersion_Batching-564e9892_build_id", "wf-run-id": "0195af0e-98a0-7d94-93e5-2a1d2e5942f8", "queue-task-type": "ActivityTimeout", "queue-task-id": 1050282, "timestamp": "2025-03-19T15:39:51.448Z", "cursor-timestamp": "2025-03-19T15:38:52.445Z", "logging-call-at": "/Users/shivamsaraf/Desktop/work/temporal/common/log/with_logger.go:61"}
2025-03-19T11:38:51.450-0400	info	syncing task queue userdata for deployment version	{"host": "127.0.0.1:63281", "Namespace": "namespace-ec265ab4-426c-4316-a4b3-47fc66311932", "TaskQueue": "temporal-sys-per-ns-tq", "WorkerID": "temporal-system@Shivams-MacBook-Pro.local@namespace-ec265ab4-426c-4316-a4b3-47fc66311932", "ActivityID": "661", "ActivityType": "SyncDeploymentVersionUserData", "Attempt": 1, "WorkflowType": "temporal-sys-worker-deployment-version-workflow", "WorkflowID": "temporal-sys-worker-deployment-version:rrentVersion_Batching-564e9892_deployment_series.rrentVersion_Batching-564e9892_build_id", "RunID": "0195af0e-98a0-7d94-93e5-2a1d2e5942f8", "taskQueue": "rrentVersion_Batching-564e9892_task_queue_41", "types": [1], "logging-call-at": "/Users/shivamsaraf/Desktop/work/temporal/common/log/with_logger.go:66"}
2025-03-19T11:38:51.450-0400	debug	Frontend method invoked.	{"host": "127.0.0.1:63278", "wf-namespace": "namespace-ec265ab4-426c-4316-a4b3-47fc66311932", "operation": "PollActivityTaskQueue", "server-name": "", "cert-thumbprint": "", "logging-call-at": "/Users/shivamsaraf/Desktop/work/temporal/common/log/with_logger.go:61"}
2025-03-19T11:38:51.450-0400	debug	Received PollActivityTaskQueue	{"host": "127.0.0.1:63278", "service": "frontend", "logging-call-at": "/Users/shivamsaraf/Desktop/work/temporal/common/log/with_logger.go:61"}
2025-03-19T11:38:51.472-0400	debug	Process task as active.	{"host": "127.0.0.1:63280", "shard-id": 4, "address": "127.0.0.1:63280", "component": "timer-queue-processor", "wf-namespace-id": "d0b550e3-6091-4a9b-a9aa-3d80ffb24954", "value": "d0b550e3-6091-4a9b-a9aa-3d80ffb24954/temporal-sys-worker-deployment-version:rrentVersion_Batching-564e9892_deployment_series.rrentVersion_Batching-564e9892_build_id/0195af0e-98a0-7d94-93e5-2a1d2e5942f8", "logging-call-at": "/Users/shivamsaraf/Desktop/work/temporal/common/log/with_logger.go:61"}
2025-03-19T11:38:51.500-0400	debug	Process task as active.	{"host": "127.0.0.1:63280", "shard-id": 4, "address": "127.0.0.1:63280", "component": "timer-queue-processor", "wf-namespace-id": "d0b550e3-6091-4a9b-a9aa-3d80ffb24954", "value": "d0b550e3-6091-4a9b-a9aa-3d80ffb24954/temporal-sys-worker-deployment-version:rrentVersion_Batching-564e9892_deployment_series.rrentVersion_Batching-564e9892_build_id/0195af0e-98a0-7d94-93e5-2a1d2e5942f8", "logging-call-at": "/Users/shivamsaraf/Desktop/work/temporal/common/log/with_logger.go:61"}
2025-03-19T11:38:51.518-0400	debug	Process task as active.	{"host": "127.0.0.1:63280", "shard-id": 1, "address": "127.0.0.1:63280", "component": "timer-queue-processor", "wf-namespace-id": "d0b550e3-6091-4a9b-a9aa-3d80ffb24954", "value": "d0b550e3-6091-4a9b-a9aa-3d80ffb24954/temporal-sys-worker-deployment:rrentVersion_Batching-564e9892_deployment_series/0195af0e-960d-715f-b6c6-08dcdf4b78ec", "logging-call-at": "/Users/shivamsaraf/Desktop/work/temporal/common/log/with_logger.go:61"}
2025-03-19T11:38:51.553-0400	info	modified user data	{"host": "127.0.0.1:63279", "component": "matching-engine", "wf-task-queue-name": "rrentVersion_Batching-564e9892_task_queue_41", "wf-task-queue-type": "Workflow", "wf-namespace": "namespace-ec265ab4-426c-4316-a4b3-47fc66311932", "user-data-update-source": "SyncDeploymentUserData", "user-data-version": 1, "timestamp": "2025-03-19T15:38:51.451Z", "logging-call-at": "/Users/shivamsaraf/Desktop/work/temporal/common/log/with_logger.go:66"}
2025-03-19T11:38:51.553-0400	debug	user data changed while blocked in long poll	{"host": "127.0.0.1:63279", "component": "matching-engine", "wf-task-queue-name": "rrentVersion_Batching-564e9892_task_queue_41", "wf-task-queue-type": "Workflow", "wf-namespace": "namespace-ec265ab4-426c-4316-a4b3-47fc66311932", "logging-call-at": "/Users/shivamsaraf/Desktop/work/temporal/common/log/with_logger.go:61"}
2025-03-19T11:38:51.553-0400	debug	user data changed while blocked in long poll	{"host": "127.0.0.1:63279", "component": "matching-engine", "wf-task-queue-name": "rrentVersion_Batching-564e9892_task_queue_41", "wf-task-queue-type": "Workflow", "wf-namespace": "namespace-ec265ab4-426c-4316-a4b3-47fc66311932", "logging-call-at": "/Users/shivamsaraf/Desktop/work/temporal/common/log/with_logger.go:61"}
2025-03-19T11:38:51.553-0400	info	returning user data	{"host": "127.0.0.1:63279", "component": "matching-engine", "wf-task-queue-name": "rrentVersion_Batching-564e9892_task_queue_41", "wf-task-queue-type": "Workflow", "wf-namespace": "namespace-ec265ab4-426c-4316-a4b3-47fc66311932", "long-poll": true, "request-known-version": 0, "user-data-version": 1, "logging-call-at": "/Users/shivamsaraf/Desktop/work/temporal/common/log/with_logger.go:66"}
2025-03-19T11:38:51.553-0400	debug	user data changed while blocked in long poll	{"host": "127.0.0.1:63279", "component": "matching-engine", "wf-task-queue-name": "rrentVersion_Batching-564e9892_task_queue_41", "wf-task-queue-type": "Workflow", "wf-namespace": "namespace-ec265ab4-426c-4316-a4b3-47fc66311932", "logging-call-at": "/Users/shivamsaraf/Desktop/work/temporal/common/log/with_logger.go:61"}
2025-03-19T11:38:51.553-0400	info	returning user data	{"host": "127.0.0.1:63279", "component": "matching-engine", "wf-task-queue-name": "rrentVersion_Batching-564e9892_task_queue_41", "wf-task-queue-type": "Workflow", "wf-namespace": "namespace-ec265ab4-426c-4316-a4b3-47fc66311932", "long-poll": true, "request-known-version": 0, "user-data-version": 1, "logging-call-at": "/Users/shivamsaraf/Desktop/work/temporal/common/log/with_logger.go:66"}
2025-03-19T11:38:51.553-0400	info	returning user data	{"host": "127.0.0.1:63279", "component": "matching-engine", "wf-task-queue-name": "rrentVersion_Batching-564e9892_task_queue_41", "wf-task-queue-type": "Workflow", "wf-namespace": "namespace-ec265ab4-426c-4316-a4b3-47fc66311932", "long-poll": true, "request-known-version": 0, "user-data-version": 1, "logging-call-at": "/Users/shivamsaraf/Desktop/work/temporal/common/log/with_logger.go:66"}
2025-03-19T11:38:51.553-0400	info	fetched user data from parent	{"host": "127.0.0.1:63279", "component": "matching-engine", "wf-task-queue-name": "/_sys/rrentVersion_Batching-564e9892_task_queue_41/2", "wf-task-queue-type": "Workflow", "wf-namespace": "namespace-ec265ab4-426c-4316-a4b3-47fc66311932", "user-data-version": 1, "timestamp": "2025-03-19T15:38:51.451Z", "logging-call-at": "/Users/shivamsaraf/Desktop/work/temporal/common/log/with_logger.go:66"}
2025-03-19T11:38:51.553-0400	info	fetched user data from parent	{"host": "127.0.0.1:63279", "component": "matching-engine", "wf-task-queue-name": "/_sys/rrentVersion_Batching-564e9892_task_queue_41/3", "wf-task-queue-type": "Workflow", "wf-namespace": "namespace-ec265ab4-426c-4316-a4b3-47fc66311932", "user-data-version": 1, "timestamp": "2025-03-19T15:38:51.451Z", "logging-call-at": "/Users/shivamsaraf/Desktop/work/temporal/common/log/with_logger.go:66"}
2025-03-19T11:38:51.553-0400	info	fetched user data from parent	{"host": "127.0.0.1:63279", "component": "matching-engine", "wf-task-queue-name": "/_sys/rrentVersion_Batching-564e9892_task_queue_41/1", "wf-task-queue-type": "Workflow", "wf-namespace": "namespace-ec265ab4-426c-4316-a4b3-47fc66311932", "user-data-version": 1, "timestamp": "2025-03-19T15:38:51.451Z", "logging-call-at": "/Users/shivamsaraf/Desktop/work/temporal/common/log/with_logger.go:66"}
2025-03-19T11:38:51.554-0400	debug	Frontend method invoked.	{"host": "127.0.0.1:63278", "wf-namespace": "namespace-ec265ab4-426c-4316-a4b3-47fc66311932", "operation": "RespondActivityTaskCompleted", "server-name": "", "cert-thumbprint": "", "logging-call-at": "/Users/shivamsaraf/Desktop/work/temporal/common/log/with_logger.go:61"}
2025-03-19T11:38:51.554-0400	debug	Workflow task updated	{"host": "127.0.0.1:63280", "shard-id": 4, "address": "127.0.0.1:63280", "wf-scheduled-event-id": 664, "wf-started-event-id": 0, "workflow-task-request-id": "emptyUuid", "workflow-task-timeout": 10, "attempt": 1, "wf-started-timestamp": "0001-01-01T00:00:00.000Z", "wt-type": "Normal", "logging-call-at": "/Users/shivamsaraf/Desktop/work/temporal/common/log/with_logger.go:61"}
2025-03-19T11:38:51.555-0400	debug	Assigning new task key	{"host": "127.0.0.1:63280", "shard-id": 4, "address": "127.0.0.1:63280", "wf-namespace-id": "d0b550e3-6091-4a9b-a9aa-3d80ffb24954", "wf-id": "temporal-sys-worker-deployment-version:rrentVersion_Batching-564e9892_deployment_series.rrentVersion_Batching-564e9892_build_id", "wf-run-id": "0195af0e-98a0-7d94-93e5-2a1d2e5942f8", "queue-task-type": "TransferWorkflowTask", "queue-task-id": 1050288, "timestamp": "2025-03-19T15:38:51.555Z", "cursor-timestamp": "2025-03-19T15:38:52.471Z", "logging-call-at": "/Users/shivamsaraf/Desktop/work/temporal/common/log/with_logger.go:61"}
2025-03-19T11:38:51.555-0400	debug	Assigning new task key	{"host": "127.0.0.1:63280", "shard-id": 4, "address": "127.0.0.1:63280", "wf-namespace-id": "d0b550e3-6091-4a9b-a9aa-3d80ffb24954", "wf-id": "temporal-sys-worker-deployment-version:rrentVersion_Batching-564e9892_deployment_series.rrentVersion_Batching-564e9892_build_id", "wf-run-id": "0195af0e-98a0-7d94-93e5-2a1d2e5942f8", "queue-task-type": "WorkflowTaskTimeout", "queue-task-id": 1050289, "timestamp": "2025-03-19T15:38:56.555Z", "cursor-timestamp": "2025-03-19T15:38:52.471Z", "logging-call-at": "/Users/shivamsaraf/Desktop/work/temporal/common/log/with_logger.go:61"}
2025-03-19T11:38:51.561-0400	debug	Process task as active.	{"host": "127.0.0.1:63280", "shard-id": 4, "address": "127.0.0.1:63280", "component": "transfer-queue-processor", "wf-namespace-id": "d0b550e3-6091-4a9b-a9aa-3d80ffb24954", "value": "d0b550e3-6091-4a9b-a9aa-3d80ffb24954/temporal-sys-worker-deployment-version:rrentVersion_Batching-564e9892_deployment_series.rrentVersion_Batching-564e9892_build_id/0195af0e-98a0-7d94-93e5-2a1d2e5942f8", "logging-call-at": "/Users/shivamsaraf/Desktop/work/temporal/common/log/with_logger.go:61"}
2025-03-19T11:38:51.562-0400	debug	Workflow task updated	{"host": "127.0.0.1:63280", "shard-id": 4, "address": "127.0.0.1:63280", "wf-scheduled-event-id": 664, "wf-started-event-id": 665, "workflow-task-request-id": "649091b5-9966-4bb9-b1f8-a3ab129cf087", "workflow-task-timeout": 10, "attempt": 1, "wf-started-timestamp": "2025-03-19T15:38:51.562Z", "wt-type": "Normal", "logging-call-at": "/Users/shivamsaraf/Desktop/work/temporal/common/log/with_logger.go:61"}
2025-03-19T11:38:51.562-0400	debug	Assigning new task key	{"host": "127.0.0.1:63280", "shard-id": 4, "address": "127.0.0.1:63280", "wf-namespace-id": "d0b550e3-6091-4a9b-a9aa-3d80ffb24954", "wf-id": "temporal-sys-worker-deployment-version:rrentVersion_Batching-564e9892_deployment_series.rrentVersion_Batching-564e9892_build_id", "wf-run-id": "0195af0e-98a0-7d94-93e5-2a1d2e5942f8", "queue-task-type": "WorkflowTaskTimeout", "queue-task-id": 1050292, "timestamp": "2025-03-19T15:39:01.563Z", "cursor-timestamp": "2025-03-19T15:38:52.560Z", "logging-call-at": "/Users/shivamsaraf/Desktop/work/temporal/common/log/with_logger.go:61"}
2025-03-19T11:38:51.572-0400	debug	ExecuteActivity	{"host": "127.0.0.1:63281", "Namespace": "namespace-ec265ab4-426c-4316-a4b3-47fc66311932", "TaskQueue": "temporal-sys-per-ns-tq", "WorkerID": "temporal-system@Shivams-MacBook-Pro.local@namespace-ec265ab4-426c-4316-a4b3-47fc66311932", "WorkflowType": "temporal-sys-worker-deployment-version-workflow", "WorkflowID": "temporal-sys-worker-deployment-version:rrentVersion_Batching-564e9892_deployment_series.rrentVersion_Batching-564e9892_build_id", "RunID": "0195af0e-98a0-7d94-93e5-2a1d2e5942f8", "Attempt": 0, "ActivityID": "667", "ActivityType": "CheckWorkerDeploymentUserDataPropagation", "logging-call-at": "/Users/shivamsaraf/Desktop/work/temporal/common/log/with_logger.go:61"}
2025-03-19T11:38:51.572-0400	debug	Frontend method invoked.	{"host": "127.0.0.1:63278", "wf-namespace": "namespace-ec265ab4-426c-4316-a4b3-47fc66311932", "operation": "PollWorkflowTaskQueue", "server-name": "", "cert-thumbprint": "", "logging-call-at": "/Users/shivamsaraf/Desktop/work/temporal/common/log/with_logger.go:61"}
2025-03-19T11:38:51.572-0400	debug	Received PollWorkflowTaskQueue	{"host": "127.0.0.1:63278", "service": "frontend", "logging-call-at": "/Users/shivamsaraf/Desktop/work/temporal/common/log/with_logger.go:61"}
2025-03-19T11:38:51.572-0400	debug	Poll workflow task queue.	{"host": "127.0.0.1:63278", "service": "frontend", "wf-namespace": "namespace-ec265ab4-426c-4316-a4b3-47fc66311932", "wf-namespace-id": "d0b550e3-6091-4a9b-a9aa-3d80ffb24954", "logging-call-at": "/Users/shivamsaraf/Desktop/work/temporal/common/log/with_logger.go:61"}
2025-03-19T11:38:51.572-0400	debug	Frontend method invoked.	{"host": "127.0.0.1:63278", "wf-namespace": "namespace-ec265ab4-426c-4316-a4b3-47fc66311932", "operation": "RespondWorkflowTaskCompleted", "server-name": "", "cert-thumbprint": "", "logging-call-at": "/Users/shivamsaraf/Desktop/work/temporal/common/log/with_logger.go:61"}
2025-03-19T11:38:51.573-0400	debug	RespondWorkflowTaskCompleted	{"host": "127.0.0.1:63280", "service": "history", "wf-namespace-id": "d0b550e3-6091-4a9b-a9aa-3d80ffb24954", "wf-id": "temporal-sys-worker-deployment-version:rrentVersion_Batching-564e9892_deployment_series.rrentVersion_Batching-564e9892_build_id", "wf-run-id": "0195af0e-98a0-7d94-93e5-2a1d2e5942f8", "wf-scheduled-event-id": 664, "logging-call-at": "/Users/shivamsaraf/Desktop/work/temporal/common/log/with_logger.go:61"}
2025-03-19T11:38:51.573-0400	debug	Workflow task updated	{"host": "127.0.0.1:63280", "shard-id": 4, "address": "127.0.0.1:63280", "wf-scheduled-event-id": 0, "wf-started-event-id": 0, "workflow-task-request-id": "emptyUuid", "workflow-task-timeout": 0, "attempt": 1, "wf-started-timestamp": "1970-01-01T00:00:00.000Z", "wt-type": "Unspecified", "logging-call-at": "/Users/shivamsaraf/Desktop/work/temporal/common/log/with_logger.go:61"}
2025-03-19T11:38:51.573-0400	debug	Assigning new task key	{"host": "127.0.0.1:63280", "shard-id": 4, "address": "127.0.0.1:63280", "wf-namespace-id": "d0b550e3-6091-4a9b-a9aa-3d80ffb24954", "wf-id": "temporal-sys-worker-deployment-version:rrentVersion_Batching-564e9892_deployment_series.rrentVersion_Batching-564e9892_build_id", "wf-run-id": "0195af0e-98a0-7d94-93e5-2a1d2e5942f8", "queue-task-type": "TransferActivityTask", "queue-task-id": 1050297, "timestamp": "2025-03-19T15:38:51.573Z", "cursor-timestamp": "2025-03-19T15:38:52.560Z", "logging-call-at": "/Users/shivamsaraf/Desktop/work/temporal/common/log/with_logger.go:61"}
2025-03-19T11:38:51.577-0400	debug	Process task as active.	{"host": "127.0.0.1:63280", "shard-id": 4, "address": "127.0.0.1:63280", "component": "transfer-queue-processor", "wf-namespace-id": "d0b550e3-6091-4a9b-a9aa-3d80ffb24954", "value": "d0b550e3-6091-4a9b-a9aa-3d80ffb24954/temporal-sys-worker-deployment-version:rrentVersion_Batching-564e9892_deployment_series.rrentVersion_Batching-564e9892_build_id/0195af0e-98a0-7d94-93e5-2a1d2e5942f8", "logging-call-at": "/Users/shivamsaraf/Desktop/work/temporal/common/log/with_logger.go:61"}
2025-03-19T11:38:51.578-0400	debug	Assigning new task key	{"host": "127.0.0.1:63280", "shard-id": 4, "address": "127.0.0.1:63280", "wf-namespace-id": "d0b550e3-6091-4a9b-a9aa-3d80ffb24954", "wf-id": "temporal-sys-worker-deployment-version:rrentVersion_Batching-564e9892_deployment_series.rrentVersion_Batching-564e9892_build_id", "wf-run-id": "0195af0e-98a0-7d94-93e5-2a1d2e5942f8", "queue-task-type": "ActivityTimeout", "queue-task-id": 1050298, "timestamp": "2025-03-19T15:39:51.579Z", "cursor-timestamp": "2025-03-19T15:38:52.577Z", "logging-call-at": "/Users/shivamsaraf/Desktop/work/temporal/common/log/with_logger.go:61"}
2025-03-19T11:38:51.582-0400	info	waiting for userdata propagation	{"host": "127.0.0.1:63281", "Namespace": "namespace-ec265ab4-426c-4316-a4b3-47fc66311932", "TaskQueue": "temporal-sys-per-ns-tq", "WorkerID": "temporal-system@Shivams-MacBook-Pro.local@namespace-ec265ab4-426c-4316-a4b3-47fc66311932", "ActivityID": "667", "ActivityType": "CheckWorkerDeploymentUserDataPropagation", "Attempt": 1, "WorkflowType": "temporal-sys-worker-deployment-version-workflow", "WorkflowID": "temporal-sys-worker-deployment-version:rrentVersion_Batching-564e9892_deployment_series.rrentVersion_Batching-564e9892_build_id", "RunID": "0195af0e-98a0-7d94-93e5-2a1d2e5942f8", "taskQueue": "rrentVersion_Batching-564e9892_task_queue_41", "version": 1, "logging-call-at": "/Users/shivamsaraf/Desktop/work/temporal/common/log/with_logger.go:66"}
2025-03-19T11:38:51.582-0400	debug	Frontend method invoked.	{"host": "127.0.0.1:63278", "wf-namespace": "namespace-ec265ab4-426c-4316-a4b3-47fc66311932", "operation": "PollActivityTaskQueue", "server-name": "", "cert-thumbprint": "", "logging-call-at": "/Users/shivamsaraf/Desktop/work/temporal/common/log/with_logger.go:61"}
2025-03-19T11:38:51.583-0400	debug	Received PollActivityTaskQueue	{"host": "127.0.0.1:63278", "service": "frontend", "logging-call-at": "/Users/shivamsaraf/Desktop/work/temporal/common/log/with_logger.go:61"}
2025-03-19T11:38:51.583-0400	info	returning user data	{"host": "127.0.0.1:63279", "component": "matching-engine", "wf-task-queue-name": "/_sys/rrentVersion_Batching-564e9892_task_queue_41/2", "wf-task-queue-type": "Workflow", "wf-namespace": "namespace-ec265ab4-426c-4316-a4b3-47fc66311932", "long-poll": true, "request-known-version": 0, "user-data-version": 1, "logging-call-at": "/Users/shivamsaraf/Desktop/work/temporal/common/log/with_logger.go:66"}
2025-03-19T11:38:51.583-0400	info	returning user data	{"host": "127.0.0.1:63279", "component": "matching-engine", "wf-task-queue-name": "/_sys/rrentVersion_Batching-564e9892_task_queue_41/1", "wf-task-queue-type": "Workflow", "wf-namespace": "namespace-ec265ab4-426c-4316-a4b3-47fc66311932", "long-poll": true, "request-known-version": 0, "user-data-version": 1, "logging-call-at": "/Users/shivamsaraf/Desktop/work/temporal/common/log/with_logger.go:66"}
2025-03-19T11:38:51.583-0400	info	matching client encountered error	{"host": "127.0.0.1:63279", "error": "partition was not loaded", "service-error-type": "serviceerror.FailedPrecondition", "logging-call-at": "/Users/shivamsaraf/Desktop/work/temporal/common/log/with_logger.go:66"}
2025-03-19T11:38:51.583-0400	info	matching client encountered error	{"host": "127.0.0.1:63279", "error": "partition was not loaded", "service-error-type": "serviceerror.FailedPrecondition", "logging-call-at": "/Users/shivamsaraf/Desktop/work/temporal/common/log/with_logger.go:66"}
2025-03-19T11:38:51.583-0400	info	returning user data	{"host": "127.0.0.1:63279", "component": "matching-engine", "wf-task-queue-name": "/_sys/rrentVersion_Batching-564e9892_task_queue_41/3", "wf-task-queue-type": "Workflow", "wf-namespace": "namespace-ec265ab4-426c-4316-a4b3-47fc66311932", "long-poll": true, "request-known-version": 0, "user-data-version": 1, "logging-call-at": "/Users/shivamsaraf/Desktop/work/temporal/common/log/with_logger.go:66"}
2025-03-19T11:38:51.584-0400	info	matching client encountered error	{"host": "127.0.0.1:63279", "error": "partition was not loaded", "service-error-type": "serviceerror.FailedPrecondition", "logging-call-at": "/Users/shivamsaraf/Desktop/work/temporal/common/log/with_logger.go:66"}
2025-03-19T11:38:51.584-0400	info	matching client encountered error	{"host": "127.0.0.1:63279", "error": "partition was not loaded", "service-error-type": "serviceerror.FailedPrecondition", "logging-call-at": "/Users/shivamsaraf/Desktop/work/temporal/common/log/with_logger.go:66"}
2025-03-19T11:38:51.584-0400	debug	Frontend method invoked.	{"host": "127.0.0.1:63278", "wf-namespace": "namespace-ec265ab4-426c-4316-a4b3-47fc66311932", "operation": "RespondActivityTaskCompleted", "server-name": "", "cert-thumbprint": "", "logging-call-at": "/Users/shivamsaraf/Desktop/work/temporal/common/log/with_logger.go:61"}
2025-03-19T11:38:51.585-0400	debug	Workflow task updated	{"host": "127.0.0.1:63280", "shard-id": 4, "address": "127.0.0.1:63280", "wf-scheduled-event-id": 670, "wf-started-event-id": 0, "workflow-task-request-id": "emptyUuid", "workflow-task-timeout": 10, "attempt": 1, "wf-started-timestamp": "0001-01-01T00:00:00.000Z", "wt-type": "Normal", "logging-call-at": "/Users/shivamsaraf/Desktop/work/temporal/common/log/with_logger.go:61"}
2025-03-19T11:38:51.585-0400	debug	Assigning new task key	{"host": "127.0.0.1:63280", "shard-id": 4, "address": "127.0.0.1:63280", "wf-namespace-id": "d0b550e3-6091-4a9b-a9aa-3d80ffb24954", "wf-id": "temporal-sys-worker-deployment-version:rrentVersion_Batching-564e9892_deployment_series.rrentVersion_Batching-564e9892_build_id", "wf-run-id": "0195af0e-98a0-7d94-93e5-2a1d2e5942f8", "queue-task-type": "WorkflowTaskTimeout", "queue-task-id": 1050304, "timestamp": "2025-03-19T15:38:56.586Z", "cursor-timestamp": "2025-03-19T15:38:52.577Z", "logging-call-at": "/Users/shivamsaraf/Desktop/work/temporal/common/log/with_logger.go:61"}
2025-03-19T11:38:51.585-0400	debug	Assigning new task key	{"host": "127.0.0.1:63280", "shard-id": 4, "address": "127.0.0.1:63280", "wf-namespace-id": "d0b550e3-6091-4a9b-a9aa-3d80ffb24954", "wf-id": "temporal-sys-worker-deployment-version:rrentVersion_Batching-564e9892_deployment_series.rrentVersion_Batching-564e9892_build_id", "wf-run-id": "0195af0e-98a0-7d94-93e5-2a1d2e5942f8", "queue-task-type": "TransferWorkflowTask", "queue-task-id": 1050305, "timestamp": "2025-03-19T15:38:51.585Z", "cursor-timestamp": "2025-03-19T15:38:52.577Z", "logging-call-at": "/Users/shivamsaraf/Desktop/work/temporal/common/log/with_logger.go:61"}
2025-03-19T11:38:51.589-0400	debug	Process task as active.	{"host": "127.0.0.1:63280", "shard-id": 4, "address": "127.0.0.1:63280", "component": "transfer-queue-processor", "wf-namespace-id": "d0b550e3-6091-4a9b-a9aa-3d80ffb24954", "value": "d0b550e3-6091-4a9b-a9aa-3d80ffb24954/temporal-sys-worker-deployment-version:rrentVersion_Batching-564e9892_deployment_series.rrentVersion_Batching-564e9892_build_id/0195af0e-98a0-7d94-93e5-2a1d2e5942f8", "logging-call-at": "/Users/shivamsaraf/Desktop/work/temporal/common/log/with_logger.go:61"}
2025-03-19T11:38:51.590-0400	debug	Workflow task updated	{"host": "127.0.0.1:63280", "shard-id": 4, "address": "127.0.0.1:63280", "wf-scheduled-event-id": 670, "wf-started-event-id": 671, "workflow-task-request-id": "344ec335-0251-4ad3-ba5c-3a96f94c4f16", "workflow-task-timeout": 10, "attempt": 1, "wf-started-timestamp": "2025-03-19T15:38:51.590Z", "wt-type": "Normal", "logging-call-at": "/Users/shivamsaraf/Desktop/work/temporal/common/log/with_logger.go:61"}
2025-03-19T11:38:51.590-0400	debug	Assigning new task key	{"host": "127.0.0.1:63280", "shard-id": 4, "address": "127.0.0.1:63280", "wf-namespace-id": "d0b550e3-6091-4a9b-a9aa-3d80ffb24954", "wf-id": "temporal-sys-worker-deployment-version:rrentVersion_Batching-564e9892_deployment_series.rrentVersion_Batching-564e9892_build_id", "wf-run-id": "0195af0e-98a0-7d94-93e5-2a1d2e5942f8", "queue-task-type": "WorkflowTaskTimeout", "queue-task-id": 1050308, "timestamp": "2025-03-19T15:39:01.591Z", "cursor-timestamp": "2025-03-19T15:38:52.588Z", "logging-call-at": "/Users/shivamsaraf/Desktop/work/temporal/common/log/with_logger.go:61"}
2025-03-19T11:38:51.598-0400	debug	Frontend method invoked.	{"host": "127.0.0.1:63278", "wf-namespace": "namespace-ec265ab4-426c-4316-a4b3-47fc66311932", "operation": "PollWorkflowTaskQueue", "server-name": "", "cert-thumbprint": "", "logging-call-at": "/Users/shivamsaraf/Desktop/work/temporal/common/log/with_logger.go:61"}
2025-03-19T11:38:51.598-0400	debug	Received PollWorkflowTaskQueue	{"host": "127.0.0.1:63278", "service": "frontend", "logging-call-at": "/Users/shivamsaraf/Desktop/work/temporal/common/log/with_logger.go:61"}
2025-03-19T11:38:51.598-0400	debug	Poll workflow task queue.	{"host": "127.0.0.1:63278", "service": "frontend", "wf-namespace": "namespace-ec265ab4-426c-4316-a4b3-47fc66311932", "wf-namespace-id": "d0b550e3-6091-4a9b-a9aa-3d80ffb24954", "logging-call-at": "/Users/shivamsaraf/Desktop/work/temporal/common/log/with_logger.go:61"}
2025-03-19T11:38:51.598-0400	debug	Frontend method invoked.	{"host": "127.0.0.1:63278", "wf-namespace": "namespace-ec265ab4-426c-4316-a4b3-47fc66311932", "operation": "RespondWorkflowTaskCompleted", "server-name": "", "cert-thumbprint": "", "logging-call-at": "/Users/shivamsaraf/Desktop/work/temporal/common/log/with_logger.go:61"}
2025-03-19T11:38:51.598-0400	debug	RespondWorkflowTaskCompleted	{"host": "127.0.0.1:63280", "service": "history", "wf-namespace-id": "d0b550e3-6091-4a9b-a9aa-3d80ffb24954", "wf-id": "temporal-sys-worker-deployment-version:rrentVersion_Batching-564e9892_deployment_series.rrentVersion_Batching-564e9892_build_id", "wf-run-id": "0195af0e-98a0-7d94-93e5-2a1d2e5942f8", "wf-scheduled-event-id": 670, "logging-call-at": "/Users/shivamsaraf/Desktop/work/temporal/common/log/with_logger.go:61"}
2025-03-19T11:38:51.598-0400	debug	Workflow task updated	{"host": "127.0.0.1:63280", "shard-id": 4, "address": "127.0.0.1:63280", "wf-scheduled-event-id": 0, "wf-started-event-id": 0, "workflow-task-request-id": "emptyUuid", "workflow-task-timeout": 0, "attempt": 1, "wf-started-timestamp": "1970-01-01T00:00:00.000Z", "wt-type": "Unspecified", "logging-call-at": "/Users/shivamsaraf/Desktop/work/temporal/common/log/with_logger.go:61"}
2025-03-19T11:38:51.598-0400	debug	update state change	{"host": "127.0.0.1:63280", "shard-id": 4, "address": "127.0.0.1:63280", "wf-namespace-id": "d0b550e3-6091-4a9b-a9aa-3d80ffb24954", "wf-id": "temporal-sys-worker-deployment-version:rrentVersion_Batching-564e9892_deployment_series.rrentVersion_Batching-564e9892_build_id", "wf-run-id": "0195af0e-98a0-7d94-93e5-2a1d2e5942f8", "update-id": "38edf9ff-e742-433e-9ae6-3af13a5d9ceb", "from-state": "Accepted", "to-state": "ProvisionallyCompleted", "logging-call-at": "/Users/shivamsaraf/Desktop/work/temporal/common/log/with_logger.go:61"}
2025-03-19T11:38:51.601-0400	debug	update state change	{"host": "127.0.0.1:63280", "shard-id": 4, "address": "127.0.0.1:63280", "wf-namespace-id": "d0b550e3-6091-4a9b-a9aa-3d80ffb24954", "wf-id": "temporal-sys-worker-deployment-version:rrentVersion_Batching-564e9892_deployment_series.rrentVersion_Batching-564e9892_build_id", "wf-run-id": "0195af0e-98a0-7d94-93e5-2a1d2e5942f8", "update-id": "38edf9ff-e742-433e-9ae6-3af13a5d9ceb", "from-state": "ProvisionallyCompleted", "to-state": "Completed", "logging-call-at": "/Users/shivamsaraf/Desktop/work/temporal/common/log/with_logger.go:61"}
2025-03-19T11:38:51.602-0400	debug	Frontend method invoked.	{"host": "127.0.0.1:63278", "wf-namespace": "namespace-ec265ab4-426c-4316-a4b3-47fc66311932", "operation": "RespondActivityTaskCompleted", "server-name": "", "cert-thumbprint": "", "logging-call-at": "/Users/shivamsaraf/Desktop/work/temporal/common/log/with_logger.go:61"}
2025-03-19T11:38:51.602-0400	debug	Workflow task updated	{"host": "127.0.0.1:63280", "shard-id": 1, "address": "127.0.0.1:63280", "wf-scheduled-event-id": 326, "wf-started-event-id": 0, "workflow-task-request-id": "emptyUuid", "workflow-task-timeout": 10, "attempt": 1, "wf-started-timestamp": "0001-01-01T00:00:00.000Z", "wt-type": "Normal", "logging-call-at": "/Users/shivamsaraf/Desktop/work/temporal/common/log/with_logger.go:61"}
2025-03-19T11:38:51.602-0400	debug	Assigning new task key	{"host": "127.0.0.1:63280", "shard-id": 1, "address": "127.0.0.1:63280", "wf-namespace-id": "d0b550e3-6091-4a9b-a9aa-3d80ffb24954", "wf-id": "temporal-sys-worker-deployment:rrentVersion_Batching-564e9892_deployment_series", "wf-run-id": "0195af0e-960d-715f-b6c6-08dcdf4b78ec", "queue-task-type": "WorkflowTaskTimeout", "queue-task-id": 1049348, "timestamp": "2025-03-19T15:38:56.603Z", "cursor-timestamp": "2025-03-19T15:38:52.428Z", "logging-call-at": "/Users/shivamsaraf/Desktop/work/temporal/common/log/with_logger.go:61"}
2025-03-19T11:38:51.602-0400	debug	Assigning new task key	{"host": "127.0.0.1:63280", "shard-id": 1, "address": "127.0.0.1:63280", "wf-namespace-id": "d0b550e3-6091-4a9b-a9aa-3d80ffb24954", "wf-id": "temporal-sys-worker-deployment:rrentVersion_Batching-564e9892_deployment_series", "wf-run-id": "0195af0e-960d-715f-b6c6-08dcdf4b78ec", "queue-task-type": "TransferWorkflowTask", "queue-task-id": 1049349, "timestamp": "2025-03-19T15:38:51.602Z", "cursor-timestamp": "2025-03-19T15:38:52.428Z", "logging-call-at": "/Users/shivamsaraf/Desktop/work/temporal/common/log/with_logger.go:61"}
2025-03-19T11:38:51.606-0400	debug	Process task as active.	{"host": "127.0.0.1:63280", "shard-id": 1, "address": "127.0.0.1:63280", "component": "transfer-queue-processor", "wf-namespace-id": "d0b550e3-6091-4a9b-a9aa-3d80ffb24954", "value": "d0b550e3-6091-4a9b-a9aa-3d80ffb24954/temporal-sys-worker-deployment:rrentVersion_Batching-564e9892_deployment_series/0195af0e-960d-715f-b6c6-08dcdf4b78ec", "logging-call-at": "/Users/shivamsaraf/Desktop/work/temporal/common/log/with_logger.go:61"}
2025-03-19T11:38:51.607-0400	debug	Workflow task updated	{"host": "127.0.0.1:63280", "shard-id": 1, "address": "127.0.0.1:63280", "wf-scheduled-event-id": 326, "wf-started-event-id": 327, "workflow-task-request-id": "4b6d9000-0af9-4ef4-8b53-182a688d8c38", "workflow-task-timeout": 10, "attempt": 1, "wf-started-timestamp": "2025-03-19T15:38:51.607Z", "wt-type": "Normal", "logging-call-at": "/Users/shivamsaraf/Desktop/work/temporal/common/log/with_logger.go:61"}
2025-03-19T11:38:51.607-0400	debug	Assigning new task key	{"host": "127.0.0.1:63280", "shard-id": 1, "address": "127.0.0.1:63280", "wf-namespace-id": "d0b550e3-6091-4a9b-a9aa-3d80ffb24954", "wf-id": "temporal-sys-worker-deployment:rrentVersion_Batching-564e9892_deployment_series", "wf-run-id": "0195af0e-960d-715f-b6c6-08dcdf4b78ec", "queue-task-type": "WorkflowTaskTimeout", "queue-task-id": 1049352, "timestamp": "2025-03-19T15:39:01.608Z", "cursor-timestamp": "2025-03-19T15:38:52.606Z", "logging-call-at": "/Users/shivamsaraf/Desktop/work/temporal/common/log/with_logger.go:61"}
2025-03-19T11:38:51.614-0400	debug	ExecuteActivity	{"host": "127.0.0.1:63281", "Namespace": "namespace-ec265ab4-426c-4316-a4b3-47fc66311932", "TaskQueue": "temporal-sys-per-ns-tq", "WorkerID": "temporal-system@Shivams-MacBook-Pro.local@namespace-ec265ab4-426c-4316-a4b3-47fc66311932", "WorkflowType": "temporal-sys-worker-deployment-workflow", "WorkflowID": "temporal-sys-worker-deployment:rrentVersion_Batching-564e9892_deployment_series", "RunID": "0195af0e-960d-715f-b6c6-08dcdf4b78ec", "Attempt": 0, "ActivityID": "330", "ActivityType": "RegisterWorkerInVersion", "logging-call-at": "/Users/shivamsaraf/Desktop/work/temporal/common/log/with_logger.go:61"}
2025-03-19T11:38:51.614-0400	debug	Frontend method invoked.	{"host": "127.0.0.1:63278", "wf-namespace": "namespace-ec265ab4-426c-4316-a4b3-47fc66311932", "operation": "PollWorkflowTaskQueue", "server-name": "", "cert-thumbprint": "", "logging-call-at": "/Users/shivamsaraf/Desktop/work/temporal/common/log/with_logger.go:61"}
2025-03-19T11:38:51.614-0400	debug	Received PollWorkflowTaskQueue	{"host": "127.0.0.1:63278", "service": "frontend", "logging-call-at": "/Users/shivamsaraf/Desktop/work/temporal/common/log/with_logger.go:61"}
2025-03-19T11:38:51.614-0400	debug	Poll workflow task queue.	{"host": "127.0.0.1:63278", "service": "frontend", "wf-namespace": "namespace-ec265ab4-426c-4316-a4b3-47fc66311932", "wf-namespace-id": "d0b550e3-6091-4a9b-a9aa-3d80ffb24954", "logging-call-at": "/Users/shivamsaraf/Desktop/work/temporal/common/log/with_logger.go:61"}
2025-03-19T11:38:51.615-0400	debug	Frontend method invoked.	{"host": "127.0.0.1:63278", "wf-namespace": "namespace-ec265ab4-426c-4316-a4b3-47fc66311932", "operation": "RespondWorkflowTaskCompleted", "server-name": "", "cert-thumbprint": "", "logging-call-at": "/Users/shivamsaraf/Desktop/work/temporal/common/log/with_logger.go:61"}
2025-03-19T11:38:51.615-0400	debug	RespondWorkflowTaskCompleted	{"host": "127.0.0.1:63280", "service": "history", "wf-namespace-id": "d0b550e3-6091-4a9b-a9aa-3d80ffb24954", "wf-id": "temporal-sys-worker-deployment:rrentVersion_Batching-564e9892_deployment_series", "wf-run-id": "0195af0e-960d-715f-b6c6-08dcdf4b78ec", "wf-scheduled-event-id": 326, "logging-call-at": "/Users/shivamsaraf/Desktop/work/temporal/common/log/with_logger.go:61"}
2025-03-19T11:38:51.615-0400	debug	Workflow task updated	{"host": "127.0.0.1:63280", "shard-id": 1, "address": "127.0.0.1:63280", "wf-scheduled-event-id": 0, "wf-started-event-id": 0, "workflow-task-request-id": "emptyUuid", "workflow-task-timeout": 0, "attempt": 1, "wf-started-timestamp": "1970-01-01T00:00:00.000Z", "wt-type": "Unspecified", "logging-call-at": "/Users/shivamsaraf/Desktop/work/temporal/common/log/with_logger.go:61"}
2025-03-19T11:38:51.615-0400	debug	update state change	{"host": "127.0.0.1:63280", "shard-id": 1, "address": "127.0.0.1:63280", "wf-namespace-id": "d0b550e3-6091-4a9b-a9aa-3d80ffb24954", "wf-id": "temporal-sys-worker-deployment:rrentVersion_Batching-564e9892_deployment_series", "wf-run-id": "0195af0e-960d-715f-b6c6-08dcdf4b78ec", "update-id": "0c93e254-d10a-4a54-bc70-88b3b78e71e9", "from-state": "Accepted", "to-state": "ProvisionallyCompleted", "logging-call-at": "/Users/shivamsaraf/Desktop/work/temporal/common/log/with_logger.go:61"}
2025-03-19T11:38:51.616-0400	debug	Assigning new task key	{"host": "127.0.0.1:63280", "shard-id": 1, "address": "127.0.0.1:63280", "wf-namespace-id": "d0b550e3-6091-4a9b-a9aa-3d80ffb24954", "wf-id": "temporal-sys-worker-deployment:rrentVersion_Batching-564e9892_deployment_series", "wf-run-id": "0195af0e-960d-715f-b6c6-08dcdf4b78ec", "queue-task-type": "TransferActivityTask", "queue-task-id": 1049358, "timestamp": "2025-03-19T15:38:51.616Z", "cursor-timestamp": "2025-03-19T15:38:52.606Z", "logging-call-at": "/Users/shivamsaraf/Desktop/work/temporal/common/log/with_logger.go:61"}
2025-03-19T11:38:51.619-0400	debug	update state change	{"host": "127.0.0.1:63280", "shard-id": 1, "address": "127.0.0.1:63280", "wf-namespace-id": "d0b550e3-6091-4a9b-a9aa-3d80ffb24954", "wf-id": "temporal-sys-worker-deployment:rrentVersion_Batching-564e9892_deployment_series", "wf-run-id": "0195af0e-960d-715f-b6c6-08dcdf4b78ec", "update-id": "0c93e254-d10a-4a54-bc70-88b3b78e71e9", "from-state": "ProvisionallyCompleted", "to-state": "Completed", "logging-call-at": "/Users/shivamsaraf/Desktop/work/temporal/common/log/with_logger.go:61"}
2025-03-19T11:38:51.619-0400	debug	deployment client success	{"host": "127.0.0.1:63279", "operation": "RegisterTaskQueueWorker", "elapsed": 8.055427791, "args": ["rrentVersion_Batching-564e9892_task_queue_41",1,"matching service"], "logging-call-at": "/Users/shivamsaraf/Desktop/work/temporal/common/log/with_logger.go:61"}
2025-03-19T11:38:51.619-0400	debug	Process task as active.	{"host": "127.0.0.1:63280", "shard-id": 1, "address": "127.0.0.1:63280", "component": "transfer-queue-processor", "wf-namespace-id": "d0b550e3-6091-4a9b-a9aa-3d80ffb24954", "value": "d0b550e3-6091-4a9b-a9aa-3d80ffb24954/temporal-sys-worker-deployment:rrentVersion_Batching-564e9892_deployment_series/0195af0e-960d-715f-b6c6-08dcdf4b78ec", "logging-call-at": "/Users/shivamsaraf/Desktop/work/temporal/common/log/with_logger.go:61"}
2025-03-19T11:38:51.620-0400	info	Started physicalTaskQueueManager	{"host": "127.0.0.1:63279", "component": "matching-engine", "wf-task-queue-name": "rrentVersion_Batching-564e9892_task_queue_41", "wf-task-queue-type": "Workflow", "wf-namespace": "namespace-ec265ab4-426c-4316-a4b3-47fc66311932", "worker-build-id": "rrentVersion_Batching-564e9892_deployment_series/rrentVersion_Batching-564e9892_build_id", "lifecycle": "Started", "cause": "UserData", "logging-call-at": "/Users/shivamsaraf/Desktop/work/temporal/common/log/with_logger.go:66"}
2025-03-19T11:38:51.620-0400	debug	Assigning new task key	{"host": "127.0.0.1:63280", "shard-id": 1, "address": "127.0.0.1:63280", "wf-namespace-id": "d0b550e3-6091-4a9b-a9aa-3d80ffb24954", "wf-id": "temporal-sys-worker-deployment:rrentVersion_Batching-564e9892_deployment_series", "wf-run-id": "0195af0e-960d-715f-b6c6-08dcdf4b78ec", "queue-task-type": "ActivityTimeout", "queue-task-id": 1049360, "timestamp": "2025-03-19T15:39:51.621Z", "cursor-timestamp": "2025-03-19T15:38:52.619Z", "logging-call-at": "/Users/shivamsaraf/Desktop/work/temporal/common/log/with_logger.go:61"}
2025-03-19T11:38:51.624-0400	debug	Frontend method invoked.	{"host": "127.0.0.1:63278", "wf-namespace": "namespace-ec265ab4-426c-4316-a4b3-47fc66311932", "operation": "PollActivityTaskQueue", "server-name": "", "cert-thumbprint": "", "logging-call-at": "/Users/shivamsaraf/Desktop/work/temporal/common/log/with_logger.go:61"}
2025-03-19T11:38:51.624-0400	debug	Received PollActivityTaskQueue	{"host": "127.0.0.1:63278", "service": "frontend", "logging-call-at": "/Users/shivamsaraf/Desktop/work/temporal/common/log/with_logger.go:61"}
2025-03-19T11:38:51.625-0400	debug	update state change	{"host": "127.0.0.1:63280", "shard-id": 4, "address": "127.0.0.1:63280", "wf-namespace-id": "d0b550e3-6091-4a9b-a9aa-3d80ffb24954", "wf-id": "temporal-sys-worker-deployment-version:rrentVersion_Batching-564e9892_deployment_series.rrentVersion_Batching-564e9892_build_id", "wf-run-id": "0195af0e-98a0-7d94-93e5-2a1d2e5942f8", "update-id": "059802dc-0c17-4925-b6f6-9fabe0486b4a", "from-state": "Created", "to-state": "ProvisionallyAdmitted", "logging-call-at": "/Users/shivamsaraf/Desktop/work/temporal/common/log/with_logger.go:61"}
2025-03-19T11:38:51.625-0400	debug	update state change	{"host": "127.0.0.1:63280", "shard-id": 4, "address": "127.0.0.1:63280", "wf-namespace-id": "d0b550e3-6091-4a9b-a9aa-3d80ffb24954", "wf-id": "temporal-sys-worker-deployment-version:rrentVersion_Batching-564e9892_deployment_series.rrentVersion_Batching-564e9892_build_id", "wf-run-id": "0195af0e-98a0-7d94-93e5-2a1d2e5942f8", "update-id": "059802dc-0c17-4925-b6f6-9fabe0486b4a", "from-state": "ProvisionallyAdmitted", "to-state": "Admitted", "logging-call-at": "/Users/shivamsaraf/Desktop/work/temporal/common/log/with_logger.go:61"}
2025-03-19T11:38:51.625-0400	debug	Workflow task updated	{"host": "127.0.0.1:63280", "shard-id": 4, "address": "127.0.0.1:63280", "wf-scheduled-event-id": 674, "wf-started-event-id": 0, "workflow-task-request-id": "emptyUuid", "workflow-task-timeout": 10, "attempt": 1, "wf-started-timestamp": "0001-01-01T00:00:00.000Z", "wt-type": "Speculative", "logging-call-at": "/Users/shivamsaraf/Desktop/work/temporal/common/log/with_logger.go:61"}
2025-03-19T11:38:51.626-0400	debug	Workflow task updated	{"host": "127.0.0.1:63280", "shard-id": 4, "address": "127.0.0.1:63280", "wf-scheduled-event-id": 674, "wf-started-event-id": 675, "workflow-task-request-id": "11ce8f05-30a1-4a66-96c8-80402389fb5b", "workflow-task-timeout": 10, "attempt": 1, "wf-started-timestamp": "2025-03-19T15:38:51.626Z", "wt-type": "Speculative", "logging-call-at": "/Users/shivamsaraf/Desktop/work/temporal/common/log/with_logger.go:61"}
2025-03-19T11:38:51.626-0400	debug	update state change	{"host": "127.0.0.1:63280", "shard-id": 4, "address": "127.0.0.1:63280", "wf-namespace-id": "d0b550e3-6091-4a9b-a9aa-3d80ffb24954", "wf-id": "temporal-sys-worker-deployment-version:rrentVersion_Batching-564e9892_deployment_series.rrentVersion_Batching-564e9892_build_id", "wf-run-id": "0195af0e-98a0-7d94-93e5-2a1d2e5942f8", "update-id": "059802dc-0c17-4925-b6f6-9fabe0486b4a", "from-state": "Admitted", "to-state": "Sent", "logging-call-at": "/Users/shivamsaraf/Desktop/work/temporal/common/log/with_logger.go:61"}
2025-03-19T11:38:51.631-0400	debug	ExecuteActivity	{"host": "127.0.0.1:63281", "Namespace": "namespace-ec265ab4-426c-4316-a4b3-47fc66311932", "TaskQueue": "temporal-sys-per-ns-tq", "WorkerID": "temporal-system@Shivams-MacBook-Pro.local@namespace-ec265ab4-426c-4316-a4b3-47fc66311932", "WorkflowType": "temporal-sys-worker-deployment-version-workflow", "WorkflowID": "temporal-sys-worker-deployment-version:rrentVersion_Batching-564e9892_deployment_series.rrentVersion_Batching-564e9892_build_id", "RunID": "0195af0e-98a0-7d94-93e5-2a1d2e5942f8", "Attempt": 0, "ActivityID": "678", "ActivityType": "SyncDeploymentVersionUserData", "logging-call-at": "/Users/shivamsaraf/Desktop/work/temporal/common/log/with_logger.go:61"}
2025-03-19T11:38:51.631-0400	debug	Frontend method invoked.	{"host": "127.0.0.1:63278", "wf-namespace": "namespace-ec265ab4-426c-4316-a4b3-47fc66311932", "operation": "PollWorkflowTaskQueue", "server-name": "", "cert-thumbprint": "", "logging-call-at": "/Users/shivamsaraf/Desktop/work/temporal/common/log/with_logger.go:61"}
2025-03-19T11:38:51.631-0400	debug	Received PollWorkflowTaskQueue	{"host": "127.0.0.1:63278", "service": "frontend", "logging-call-at": "/Users/shivamsaraf/Desktop/work/temporal/common/log/with_logger.go:61"}
2025-03-19T11:38:51.631-0400	debug	Poll workflow task queue.	{"host": "127.0.0.1:63278", "service": "frontend", "wf-namespace": "namespace-ec265ab4-426c-4316-a4b3-47fc66311932", "wf-namespace-id": "d0b550e3-6091-4a9b-a9aa-3d80ffb24954", "logging-call-at": "/Users/shivamsaraf/Desktop/work/temporal/common/log/with_logger.go:61"}
2025-03-19T11:38:51.631-0400	debug	Frontend method invoked.	{"host": "127.0.0.1:63278", "wf-namespace": "namespace-ec265ab4-426c-4316-a4b3-47fc66311932", "operation": "RespondWorkflowTaskCompleted", "server-name": "", "cert-thumbprint": "", "logging-call-at": "/Users/shivamsaraf/Desktop/work/temporal/common/log/with_logger.go:61"}
2025-03-19T11:38:51.632-0400	debug	RespondWorkflowTaskCompleted	{"host": "127.0.0.1:63280", "service": "history", "wf-namespace-id": "d0b550e3-6091-4a9b-a9aa-3d80ffb24954", "wf-id": "temporal-sys-worker-deployment-version:rrentVersion_Batching-564e9892_deployment_series.rrentVersion_Batching-564e9892_build_id", "wf-run-id": "0195af0e-98a0-7d94-93e5-2a1d2e5942f8", "wf-scheduled-event-id": 674, "logging-call-at": "/Users/shivamsaraf/Desktop/work/temporal/common/log/with_logger.go:61"}
2025-03-19T11:38:51.632-0400	debug	Workflow task updated	{"host": "127.0.0.1:63280", "shard-id": 4, "address": "127.0.0.1:63280", "wf-scheduled-event-id": 0, "wf-started-event-id": 0, "workflow-task-request-id": "emptyUuid", "workflow-task-timeout": 0, "attempt": 1, "wf-started-timestamp": "1970-01-01T00:00:00.000Z", "wt-type": "Unspecified", "logging-call-at": "/Users/shivamsaraf/Desktop/work/temporal/common/log/with_logger.go:61"}
2025-03-19T11:38:51.632-0400	debug	update state change	{"host": "127.0.0.1:63280", "shard-id": 4, "address": "127.0.0.1:63280", "wf-namespace-id": "d0b550e3-6091-4a9b-a9aa-3d80ffb24954", "wf-id": "temporal-sys-worker-deployment-version:rrentVersion_Batching-564e9892_deployment_series.rrentVersion_Batching-564e9892_build_id", "wf-run-id": "0195af0e-98a0-7d94-93e5-2a1d2e5942f8", "update-id": "059802dc-0c17-4925-b6f6-9fabe0486b4a", "from-state": "Sent", "to-state": "ProvisionallyAccepted", "logging-call-at": "/Users/shivamsaraf/Desktop/work/temporal/common/log/with_logger.go:61"}
2025-03-19T11:38:51.632-0400	debug	Assigning new task key	{"host": "127.0.0.1:63280", "shard-id": 4, "address": "127.0.0.1:63280", "wf-namespace-id": "d0b550e3-6091-4a9b-a9aa-3d80ffb24954", "wf-id": "temporal-sys-worker-deployment-version:rrentVersion_Batching-564e9892_deployment_series.rrentVersion_Batching-564e9892_build_id", "wf-run-id": "0195af0e-98a0-7d94-93e5-2a1d2e5942f8", "queue-task-type": "TransferActivityTask", "queue-task-id": 1050325, "timestamp": "2025-03-19T15:38:51.632Z", "cursor-timestamp": "2025-03-19T15:38:52.588Z", "logging-call-at": "/Users/shivamsaraf/Desktop/work/temporal/common/log/with_logger.go:61"}
2025-03-19T11:38:51.636-0400	debug	update state change	{"host": "127.0.0.1:63280", "shard-id": 4, "address": "127.0.0.1:63280", "wf-namespace-id": "d0b550e3-6091-4a9b-a9aa-3d80ffb24954", "wf-id": "temporal-sys-worker-deployment-version:rrentVersion_Batching-564e9892_deployment_series.rrentVersion_Batching-564e9892_build_id", "wf-run-id": "0195af0e-98a0-7d94-93e5-2a1d2e5942f8", "update-id": "059802dc-0c17-4925-b6f6-9fabe0486b4a", "from-state": "ProvisionallyAccepted", "to-state": "Accepted", "logging-call-at": "/Users/shivamsaraf/Desktop/work/temporal/common/log/with_logger.go:61"}
2025-03-19T11:38:51.636-0400	debug	Process task as active.	{"host": "127.0.0.1:63280", "shard-id": 4, "address": "127.0.0.1:63280", "component": "transfer-queue-processor", "wf-namespace-id": "d0b550e3-6091-4a9b-a9aa-3d80ffb24954", "value": "d0b550e3-6091-4a9b-a9aa-3d80ffb24954/temporal-sys-worker-deployment-version:rrentVersion_Batching-564e9892_deployment_series.rrentVersion_Batching-564e9892_build_id/0195af0e-98a0-7d94-93e5-2a1d2e5942f8", "logging-call-at": "/Users/shivamsaraf/Desktop/work/temporal/common/log/with_logger.go:61"}
2025-03-19T11:38:51.637-0400	debug	Assigning new task key	{"host": "127.0.0.1:63280", "shard-id": 4, "address": "127.0.0.1:63280", "wf-namespace-id": "d0b550e3-6091-4a9b-a9aa-3d80ffb24954", "wf-id": "temporal-sys-worker-deployment-version:rrentVersion_Batching-564e9892_deployment_series.rrentVersion_Batching-564e9892_build_id", "wf-run-id": "0195af0e-98a0-7d94-93e5-2a1d2e5942f8", "queue-task-type": "ActivityTimeout", "queue-task-id": 1050326, "timestamp": "2025-03-19T15:39:51.638Z", "cursor-timestamp": "2025-03-19T15:38:52.636Z", "logging-call-at": "/Users/shivamsaraf/Desktop/work/temporal/common/log/with_logger.go:61"}
2025-03-19T11:38:51.641-0400	info	syncing task queue userdata for deployment version	{"host": "127.0.0.1:63281", "Namespace": "namespace-ec265ab4-426c-4316-a4b3-47fc66311932", "TaskQueue": "temporal-sys-per-ns-tq", "WorkerID": "temporal-system@Shivams-MacBook-Pro.local@namespace-ec265ab4-426c-4316-a4b3-47fc66311932", "ActivityID": "678", "ActivityType": "SyncDeploymentVersionUserData", "Attempt": 1, "WorkflowType": "temporal-sys-worker-deployment-version-workflow", "WorkflowID": "temporal-sys-worker-deployment-version:rrentVersion_Batching-564e9892_deployment_series.rrentVersion_Batching-564e9892_build_id", "RunID": "0195af0e-98a0-7d94-93e5-2a1d2e5942f8", "taskQueue": "rrentVersion_Batching-564e9892_task_queue_34", "types": [1], "logging-call-at": "/Users/shivamsaraf/Desktop/work/temporal/common/log/with_logger.go:66"}
2025-03-19T11:38:51.641-0400	debug	Frontend method invoked.	{"host": "127.0.0.1:63278", "wf-namespace": "namespace-ec265ab4-426c-4316-a4b3-47fc66311932", "operation": "PollActivityTaskQueue", "server-name": "", "cert-thumbprint": "", "logging-call-at": "/Users/shivamsaraf/Desktop/work/temporal/common/log/with_logger.go:61"}
2025-03-19T11:38:51.641-0400	debug	Received PollActivityTaskQueue	{"host": "127.0.0.1:63278", "service": "frontend", "logging-call-at": "/Users/shivamsaraf/Desktop/work/temporal/common/log/with_logger.go:61"}
2025-03-19T11:38:51.658-0400	debug	Process task as active.	{"host": "127.0.0.1:63280", "shard-id": 4, "address": "127.0.0.1:63280", "component": "timer-queue-processor", "wf-namespace-id": "d0b550e3-6091-4a9b-a9aa-3d80ffb24954", "value": "d0b550e3-6091-4a9b-a9aa-3d80ffb24954/temporal-sys-worker-deployment-version:rrentVersion_Batching-564e9892_deployment_series.rrentVersion_Batching-564e9892_build_id/0195af0e-98a0-7d94-93e5-2a1d2e5942f8", "logging-call-at": "/Users/shivamsaraf/Desktop/work/temporal/common/log/with_logger.go:61"}
2025-03-19T11:38:51.688-0400	debug	Process task as active.	{"host": "127.0.0.1:63280", "shard-id": 4, "address": "127.0.0.1:63280", "component": "timer-queue-processor", "wf-namespace-id": "d0b550e3-6091-4a9b-a9aa-3d80ffb24954", "value": "d0b550e3-6091-4a9b-a9aa-3d80ffb24954/temporal-sys-worker-deployment-version:rrentVersion_Batching-564e9892_deployment_series.rrentVersion_Batching-564e9892_build_id/0195af0e-98a0-7d94-93e5-2a1d2e5942f8", "logging-call-at": "/Users/shivamsaraf/Desktop/work/temporal/common/log/with_logger.go:61"}
2025-03-19T11:38:51.704-0400	debug	Process task as active.	{"host": "127.0.0.1:63280", "shard-id": 1, "address": "127.0.0.1:63280", "component": "timer-queue-processor", "wf-namespace-id": "d0b550e3-6091-4a9b-a9aa-3d80ffb24954", "value": "d0b550e3-6091-4a9b-a9aa-3d80ffb24954/temporal-sys-worker-deployment:rrentVersion_Batching-564e9892_deployment_series/0195af0e-960d-715f-b6c6-08dcdf4b78ec", "logging-call-at": "/Users/shivamsaraf/Desktop/work/temporal/common/log/with_logger.go:61"}
2025-03-19T11:38:51.738-0400	debug	Frontend method invoked.	{"host": "127.0.0.1:63278", "wf-namespace": "namespace-ec265ab4-426c-4316-a4b3-47fc66311932", "operation": "DescribeWorkerDeploymentVersion", "server-name": "", "cert-thumbprint": "", "logging-call-at": "/Users/shivamsaraf/Desktop/work/temporal/common/log/with_logger.go:61"}
2025-03-19T11:38:51.742-0400	debug	Frontend method invoked.	{"host": "127.0.0.1:63278", "wf-namespace": "namespace-ec265ab4-426c-4316-a4b3-47fc66311932", "operation": "PollWorkflowTaskQueue", "server-name": "", "cert-thumbprint": "", "logging-call-at": "/Users/shivamsaraf/Desktop/work/temporal/common/log/with_logger.go:61"}
2025-03-19T11:38:51.742-0400	debug	Received PollWorkflowTaskQueue	{"host": "127.0.0.1:63278", "service": "frontend", "logging-call-at": "/Users/shivamsaraf/Desktop/work/temporal/common/log/with_logger.go:61"}
2025-03-19T11:38:51.742-0400	debug	Poll workflow task queue.	{"host": "127.0.0.1:63278", "service": "frontend", "wf-namespace": "namespace-ec265ab4-426c-4316-a4b3-47fc66311932", "wf-namespace-id": "d0b550e3-6091-4a9b-a9aa-3d80ffb24954", "logging-call-at": "/Users/shivamsaraf/Desktop/work/temporal/common/log/with_logger.go:61"}
2025-03-19T11:38:51.742-0400	info	modified user data	{"host": "127.0.0.1:63279", "component": "matching-engine", "wf-task-queue-name": "rrentVersion_Batching-564e9892_task_queue_34", "wf-task-queue-type": "Workflow", "wf-namespace": "namespace-ec265ab4-426c-4316-a4b3-47fc66311932", "user-data-update-source": "SyncDeploymentUserData", "user-data-version": 1, "timestamp": "2025-03-19T15:38:51.641Z", "logging-call-at": "/Users/shivamsaraf/Desktop/work/temporal/common/log/with_logger.go:66"}
2025-03-19T11:38:51.742-0400	debug	user data changed while blocked in long poll	{"host": "127.0.0.1:63279", "component": "matching-engine", "wf-task-queue-name": "rrentVersion_Batching-564e9892_task_queue_34", "wf-task-queue-type": "Workflow", "wf-namespace": "namespace-ec265ab4-426c-4316-a4b3-47fc66311932", "logging-call-at": "/Users/shivamsaraf/Desktop/work/temporal/common/log/with_logger.go:61"}
2025-03-19T11:38:51.742-0400	debug	user data changed while blocked in long poll	{"host": "127.0.0.1:63279", "component": "matching-engine", "wf-task-queue-name": "rrentVersion_Batching-564e9892_task_queue_34", "wf-task-queue-type": "Workflow", "wf-namespace": "namespace-ec265ab4-426c-4316-a4b3-47fc66311932", "logging-call-at": "/Users/shivamsaraf/Desktop/work/temporal/common/log/with_logger.go:61"}
2025-03-19T11:38:51.742-0400	info	returning user data	{"host": "127.0.0.1:63279", "component": "matching-engine", "wf-task-queue-name": "rrentVersion_Batching-564e9892_task_queue_34", "wf-task-queue-type": "Workflow", "wf-namespace": "namespace-ec265ab4-426c-4316-a4b3-47fc66311932", "long-poll": true, "request-known-version": 0, "user-data-version": 1, "logging-call-at": "/Users/shivamsaraf/Desktop/work/temporal/common/log/with_logger.go:66"}
2025-03-19T11:38:51.742-0400	debug	user data changed while blocked in long poll	{"host": "127.0.0.1:63279", "component": "matching-engine", "wf-task-queue-name": "rrentVersion_Batching-564e9892_task_queue_34", "wf-task-queue-type": "Workflow", "wf-namespace": "namespace-ec265ab4-426c-4316-a4b3-47fc66311932", "logging-call-at": "/Users/shivamsaraf/Desktop/work/temporal/common/log/with_logger.go:61"}
2025-03-19T11:38:51.742-0400	info	returning user data	{"host": "127.0.0.1:63279", "component": "matching-engine", "wf-task-queue-name": "rrentVersion_Batching-564e9892_task_queue_34", "wf-task-queue-type": "Workflow", "wf-namespace": "namespace-ec265ab4-426c-4316-a4b3-47fc66311932", "long-poll": true, "request-known-version": 0, "user-data-version": 1, "logging-call-at": "/Users/shivamsaraf/Desktop/work/temporal/common/log/with_logger.go:66"}
2025-03-19T11:38:51.742-0400	info	returning user data	{"host": "127.0.0.1:63279", "component": "matching-engine", "wf-task-queue-name": "rrentVersion_Batching-564e9892_task_queue_34", "wf-task-queue-type": "Workflow", "wf-namespace": "namespace-ec265ab4-426c-4316-a4b3-47fc66311932", "long-poll": true, "request-known-version": 0, "user-data-version": 1, "logging-call-at": "/Users/shivamsaraf/Desktop/work/temporal/common/log/with_logger.go:66"}
2025-03-19T11:38:51.743-0400	debug	Frontend method invoked.	{"host": "127.0.0.1:63278", "wf-namespace": "namespace-ec265ab4-426c-4316-a4b3-47fc66311932", "operation": "RespondQueryTaskCompleted", "server-name": "", "cert-thumbprint": "", "logging-call-at": "/Users/shivamsaraf/Desktop/work/temporal/common/log/with_logger.go:61"}
2025-03-19T11:38:51.743-0400	info	fetched user data from parent	{"host": "127.0.0.1:63279", "component": "matching-engine", "wf-task-queue-name": "/_sys/rrentVersion_Batching-564e9892_task_queue_34/1", "wf-task-queue-type": "Workflow", "wf-namespace": "namespace-ec265ab4-426c-4316-a4b3-47fc66311932", "user-data-version": 1, "timestamp": "2025-03-19T15:38:51.641Z", "logging-call-at": "/Users/shivamsaraf/Desktop/work/temporal/common/log/with_logger.go:66"}
2025-03-19T11:38:51.743-0400	info	fetched user data from parent	{"host": "127.0.0.1:63279", "component": "matching-engine", "wf-task-queue-name": "/_sys/rrentVersion_Batching-564e9892_task_queue_34/3", "wf-task-queue-type": "Workflow", "wf-namespace": "namespace-ec265ab4-426c-4316-a4b3-47fc66311932", "user-data-version": 1, "timestamp": "2025-03-19T15:38:51.641Z", "logging-call-at": "/Users/shivamsaraf/Desktop/work/temporal/common/log/with_logger.go:66"}
2025-03-19T11:38:51.743-0400	info	fetched user data from parent	{"host": "127.0.0.1:63279", "component": "matching-engine", "wf-task-queue-name": "/_sys/rrentVersion_Batching-564e9892_task_queue_34/2", "wf-task-queue-type": "Workflow", "wf-namespace": "namespace-ec265ab4-426c-4316-a4b3-47fc66311932", "user-data-version": 1, "timestamp": "2025-03-19T15:38:51.641Z", "logging-call-at": "/Users/shivamsaraf/Desktop/work/temporal/common/log/with_logger.go:66"}
2025-03-19T11:38:51.743-0400	debug	Frontend method invoked.	{"host": "127.0.0.1:63278", "wf-namespace": "namespace-ec265ab4-426c-4316-a4b3-47fc66311932", "operation": "RespondActivityTaskCompleted", "server-name": "", "cert-thumbprint": "", "logging-call-at": "/Users/shivamsaraf/Desktop/work/temporal/common/log/with_logger.go:61"}
2025-03-19T11:38:51.744-0400	debug	Workflow task updated	{"host": "127.0.0.1:63280", "shard-id": 4, "address": "127.0.0.1:63280", "wf-scheduled-event-id": 681, "wf-started-event-id": 0, "workflow-task-request-id": "emptyUuid", "workflow-task-timeout": 10, "attempt": 1, "wf-started-timestamp": "0001-01-01T00:00:00.000Z", "wt-type": "Normal", "logging-call-at": "/Users/shivamsaraf/Desktop/work/temporal/common/log/with_logger.go:61"}
2025-03-19T11:38:51.744-0400	debug	Assigning new task key	{"host": "127.0.0.1:63280", "shard-id": 4, "address": "127.0.0.1:63280", "wf-namespace-id": "d0b550e3-6091-4a9b-a9aa-3d80ffb24954", "wf-id": "temporal-sys-worker-deployment-version:rrentVersion_Batching-564e9892_deployment_series.rrentVersion_Batching-564e9892_build_id", "wf-run-id": "0195af0e-98a0-7d94-93e5-2a1d2e5942f8", "queue-task-type": "WorkflowTaskTimeout", "queue-task-id": 1050332, "timestamp": "2025-03-19T15:38:56.745Z", "cursor-timestamp": "2025-03-19T15:38:52.636Z", "logging-call-at": "/Users/shivamsaraf/Desktop/work/temporal/common/log/with_logger.go:61"}
2025-03-19T11:38:51.744-0400	debug	Assigning new task key	{"host": "127.0.0.1:63280", "shard-id": 4, "address": "127.0.0.1:63280", "wf-namespace-id": "d0b550e3-6091-4a9b-a9aa-3d80ffb24954", "wf-id": "temporal-sys-worker-deployment-version:rrentVersion_Batching-564e9892_deployment_series.rrentVersion_Batching-564e9892_build_id", "wf-run-id": "0195af0e-98a0-7d94-93e5-2a1d2e5942f8", "queue-task-type": "TransferWorkflowTask", "queue-task-id": 1050333, "timestamp": "2025-03-19T15:38:51.744Z", "cursor-timestamp": "2025-03-19T15:38:52.636Z", "logging-call-at": "/Users/shivamsaraf/Desktop/work/temporal/common/log/with_logger.go:61"}
2025-03-19T11:38:51.744-0400	debug	deployment client success	{"host": "127.0.0.1:63278", "operation": "DescribeVersion", "elapsed": 0.005585417, "args": ["rrentVersion_Batching-564e9892_deployment_series","rrentVersion_Batching-564e9892_build_id"], "logging-call-at": "/Users/shivamsaraf/Desktop/work/temporal/common/log/with_logger.go:61"}
2025-03-19T11:38:51.749-0400	debug	Process task as active.	{"host": "127.0.0.1:63280", "shard-id": 4, "address": "127.0.0.1:63280", "component": "transfer-queue-processor", "wf-namespace-id": "d0b550e3-6091-4a9b-a9aa-3d80ffb24954", "value": "d0b550e3-6091-4a9b-a9aa-3d80ffb24954/temporal-sys-worker-deployment-version:rrentVersion_Batching-564e9892_deployment_series.rrentVersion_Batching-564e9892_build_id/0195af0e-98a0-7d94-93e5-2a1d2e5942f8", "logging-call-at": "/Users/shivamsaraf/Desktop/work/temporal/common/log/with_logger.go:61"}
2025-03-19T11:38:51.750-0400	debug	Workflow task updated	{"host": "127.0.0.1:63280", "shard-id": 4, "address": "127.0.0.1:63280", "wf-scheduled-event-id": 681, "wf-started-event-id": 682, "workflow-task-request-id": "f8665fb2-33d6-437a-8591-086a796964d4", "workflow-task-timeout": 10, "attempt": 1, "wf-started-timestamp": "2025-03-19T15:38:51.750Z", "wt-type": "Normal", "logging-call-at": "/Users/shivamsaraf/Desktop/work/temporal/common/log/with_logger.go:61"}
2025-03-19T11:38:51.750-0400	debug	Assigning new task key	{"host": "127.0.0.1:63280", "shard-id": 4, "address": "127.0.0.1:63280", "wf-namespace-id": "d0b550e3-6091-4a9b-a9aa-3d80ffb24954", "wf-id": "temporal-sys-worker-deployment-version:rrentVersion_Batching-564e9892_deployment_series.rrentVersion_Batching-564e9892_build_id", "wf-run-id": "0195af0e-98a0-7d94-93e5-2a1d2e5942f8", "queue-task-type": "WorkflowTaskTimeout", "queue-task-id": 1050336, "timestamp": "2025-03-19T15:39:01.751Z", "cursor-timestamp": "2025-03-19T15:38:52.749Z", "logging-call-at": "/Users/shivamsaraf/Desktop/work/temporal/common/log/with_logger.go:61"}
2025-03-19T11:38:51.761-0400	debug	ExecuteActivity	{"host": "127.0.0.1:63281", "Namespace": "namespace-ec265ab4-426c-4316-a4b3-47fc66311932", "TaskQueue": "temporal-sys-per-ns-tq", "WorkerID": "temporal-system@Shivams-MacBook-Pro.local@namespace-ec265ab4-426c-4316-a4b3-47fc66311932", "WorkflowType": "temporal-sys-worker-deployment-version-workflow", "WorkflowID": "temporal-sys-worker-deployment-version:rrentVersion_Batching-564e9892_deployment_series.rrentVersion_Batching-564e9892_build_id", "RunID": "0195af0e-98a0-7d94-93e5-2a1d2e5942f8", "Attempt": 0, "ActivityID": "684", "ActivityType": "CheckWorkerDeploymentUserDataPropagation", "logging-call-at": "/Users/shivamsaraf/Desktop/work/temporal/common/log/with_logger.go:61"}
2025-03-19T11:38:51.761-0400	debug	Frontend method invoked.	{"host": "127.0.0.1:63278", "wf-namespace": "namespace-ec265ab4-426c-4316-a4b3-47fc66311932", "operation": "PollWorkflowTaskQueue", "server-name": "", "cert-thumbprint": "", "logging-call-at": "/Users/shivamsaraf/Desktop/work/temporal/common/log/with_logger.go:61"}
2025-03-19T11:38:51.761-0400	debug	Received PollWorkflowTaskQueue	{"host": "127.0.0.1:63278", "service": "frontend", "logging-call-at": "/Users/shivamsaraf/Desktop/work/temporal/common/log/with_logger.go:61"}
2025-03-19T11:38:51.761-0400	debug	Poll workflow task queue.	{"host": "127.0.0.1:63278", "service": "frontend", "wf-namespace": "namespace-ec265ab4-426c-4316-a4b3-47fc66311932", "wf-namespace-id": "d0b550e3-6091-4a9b-a9aa-3d80ffb24954", "logging-call-at": "/Users/shivamsaraf/Desktop/work/temporal/common/log/with_logger.go:61"}
2025-03-19T11:38:51.761-0400	debug	Frontend method invoked.	{"host": "127.0.0.1:63278", "wf-namespace": "namespace-ec265ab4-426c-4316-a4b3-47fc66311932", "operation": "RespondWorkflowTaskCompleted", "server-name": "", "cert-thumbprint": "", "logging-call-at": "/Users/shivamsaraf/Desktop/work/temporal/common/log/with_logger.go:61"}
2025-03-19T11:38:51.762-0400	debug	RespondWorkflowTaskCompleted	{"host": "127.0.0.1:63280", "service": "history", "wf-namespace-id": "d0b550e3-6091-4a9b-a9aa-3d80ffb24954", "wf-id": "temporal-sys-worker-deployment-version:rrentVersion_Batching-564e9892_deployment_series.rrentVersion_Batching-564e9892_build_id", "wf-run-id": "0195af0e-98a0-7d94-93e5-2a1d2e5942f8", "wf-scheduled-event-id": 681, "logging-call-at": "/Users/shivamsaraf/Desktop/work/temporal/common/log/with_logger.go:61"}
2025-03-19T11:38:51.762-0400	debug	Workflow task updated	{"host": "127.0.0.1:63280", "shard-id": 4, "address": "127.0.0.1:63280", "wf-scheduled-event-id": 0, "wf-started-event-id": 0, "workflow-task-request-id": "emptyUuid", "workflow-task-timeout": 0, "attempt": 1, "wf-started-timestamp": "1970-01-01T00:00:00.000Z", "wt-type": "Unspecified", "logging-call-at": "/Users/shivamsaraf/Desktop/work/temporal/common/log/with_logger.go:61"}
2025-03-19T11:38:51.762-0400	debug	Assigning new task key	{"host": "127.0.0.1:63280", "shard-id": 4, "address": "127.0.0.1:63280", "wf-namespace-id": "d0b550e3-6091-4a9b-a9aa-3d80ffb24954", "wf-id": "temporal-sys-worker-deployment-version:rrentVersion_Batching-564e9892_deployment_series.rrentVersion_Batching-564e9892_build_id", "wf-run-id": "0195af0e-98a0-7d94-93e5-2a1d2e5942f8", "queue-task-type": "TransferActivityTask", "queue-task-id": 1050341, "timestamp": "2025-03-19T15:38:51.762Z", "cursor-timestamp": "2025-03-19T15:38:52.749Z", "logging-call-at": "/Users/shivamsaraf/Desktop/work/temporal/common/log/with_logger.go:61"}
2025-03-19T11:38:51.766-0400	debug	Process task as active.	{"host": "127.0.0.1:63280", "shard-id": 4, "address": "127.0.0.1:63280", "component": "transfer-queue-processor", "wf-namespace-id": "d0b550e3-6091-4a9b-a9aa-3d80ffb24954", "value": "d0b550e3-6091-4a9b-a9aa-3d80ffb24954/temporal-sys-worker-deployment-version:rrentVersion_Batching-564e9892_deployment_series.rrentVersion_Batching-564e9892_build_id/0195af0e-98a0-7d94-93e5-2a1d2e5942f8", "logging-call-at": "/Users/shivamsaraf/Desktop/work/temporal/common/log/with_logger.go:61"}
2025-03-19T11:38:51.767-0400	debug	Assigning new task key	{"host": "127.0.0.1:63280", "shard-id": 4, "address": "127.0.0.1:63280", "wf-namespace-id": "d0b550e3-6091-4a9b-a9aa-3d80ffb24954", "wf-id": "temporal-sys-worker-deployment-version:rrentVersion_Batching-564e9892_deployment_series.rrentVersion_Batching-564e9892_build_id", "wf-run-id": "0195af0e-98a0-7d94-93e5-2a1d2e5942f8", "queue-task-type": "ActivityTimeout", "queue-task-id": 1050342, "timestamp": "2025-03-19T15:39:51.768Z", "cursor-timestamp": "2025-03-19T15:38:52.766Z", "logging-call-at": "/Users/shivamsaraf/Desktop/work/temporal/common/log/with_logger.go:61"}
2025-03-19T11:38:51.771-0400	info	waiting for userdata propagation	{"host": "127.0.0.1:63281", "Namespace": "namespace-ec265ab4-426c-4316-a4b3-47fc66311932", "TaskQueue": "temporal-sys-per-ns-tq", "WorkerID": "temporal-system@Shivams-MacBook-Pro.local@namespace-ec265ab4-426c-4316-a4b3-47fc66311932", "ActivityID": "684", "ActivityType": "CheckWorkerDeploymentUserDataPropagation", "Attempt": 1, "WorkflowType": "temporal-sys-worker-deployment-version-workflow", "WorkflowID": "temporal-sys-worker-deployment-version:rrentVersion_Batching-564e9892_deployment_series.rrentVersion_Batching-564e9892_build_id", "RunID": "0195af0e-98a0-7d94-93e5-2a1d2e5942f8", "taskQueue": "rrentVersion_Batching-564e9892_task_queue_34", "version": 1, "logging-call-at": "/Users/shivamsaraf/Desktop/work/temporal/common/log/with_logger.go:66"}
2025-03-19T11:38:51.771-0400	debug	Frontend method invoked.	{"host": "127.0.0.1:63278", "wf-namespace": "namespace-ec265ab4-426c-4316-a4b3-47fc66311932", "operation": "PollActivityTaskQueue", "server-name": "", "cert-thumbprint": "", "logging-call-at": "/Users/shivamsaraf/Desktop/work/temporal/common/log/with_logger.go:61"}
2025-03-19T11:38:51.771-0400	debug	Received PollActivityTaskQueue	{"host": "127.0.0.1:63278", "service": "frontend", "logging-call-at": "/Users/shivamsaraf/Desktop/work/temporal/common/log/with_logger.go:61"}
2025-03-19T11:38:51.772-0400	info	returning user data	{"host": "127.0.0.1:63279", "component": "matching-engine", "wf-task-queue-name": "/_sys/rrentVersion_Batching-564e9892_task_queue_34/1", "wf-task-queue-type": "Workflow", "wf-namespace": "namespace-ec265ab4-426c-4316-a4b3-47fc66311932", "long-poll": true, "request-known-version": 0, "user-data-version": 1, "logging-call-at": "/Users/shivamsaraf/Desktop/work/temporal/common/log/with_logger.go:66"}
2025-03-19T11:38:51.772-0400	info	returning user data	{"host": "127.0.0.1:63279", "component": "matching-engine", "wf-task-queue-name": "/_sys/rrentVersion_Batching-564e9892_task_queue_34/2", "wf-task-queue-type": "Workflow", "wf-namespace": "namespace-ec265ab4-426c-4316-a4b3-47fc66311932", "long-poll": true, "request-known-version": 0, "user-data-version": 1, "logging-call-at": "/Users/shivamsaraf/Desktop/work/temporal/common/log/with_logger.go:66"}
2025-03-19T11:38:51.772-0400	info	returning user data	{"host": "127.0.0.1:63279", "component": "matching-engine", "wf-task-queue-name": "/_sys/rrentVersion_Batching-564e9892_task_queue_34/3", "wf-task-queue-type": "Workflow", "wf-namespace": "namespace-ec265ab4-426c-4316-a4b3-47fc66311932", "long-poll": true, "request-known-version": 0, "user-data-version": 1, "logging-call-at": "/Users/shivamsaraf/Desktop/work/temporal/common/log/with_logger.go:66"}
2025-03-19T11:38:51.772-0400	info	matching client encountered error	{"host": "127.0.0.1:63279", "error": "partition was not loaded", "service-error-type": "serviceerror.FailedPrecondition", "logging-call-at": "/Users/shivamsaraf/Desktop/work/temporal/common/log/with_logger.go:66"}
2025-03-19T11:38:51.772-0400	info	matching client encountered error	{"host": "127.0.0.1:63279", "error": "partition was not loaded", "service-error-type": "serviceerror.FailedPrecondition", "logging-call-at": "/Users/shivamsaraf/Desktop/work/temporal/common/log/with_logger.go:66"}
2025-03-19T11:38:51.772-0400	info	matching client encountered error	{"host": "127.0.0.1:63279", "error": "partition was not loaded", "service-error-type": "serviceerror.FailedPrecondition", "logging-call-at": "/Users/shivamsaraf/Desktop/work/temporal/common/log/with_logger.go:66"}
2025-03-19T11:38:51.772-0400	info	matching client encountered error	{"host": "127.0.0.1:63279", "error": "partition was not loaded", "service-error-type": "serviceerror.FailedPrecondition", "logging-call-at": "/Users/shivamsaraf/Desktop/work/temporal/common/log/with_logger.go:66"}
2025-03-19T11:38:51.773-0400	debug	Frontend method invoked.	{"host": "127.0.0.1:63278", "wf-namespace": "namespace-ec265ab4-426c-4316-a4b3-47fc66311932", "operation": "RespondActivityTaskCompleted", "server-name": "", "cert-thumbprint": "", "logging-call-at": "/Users/shivamsaraf/Desktop/work/temporal/common/log/with_logger.go:61"}
2025-03-19T11:38:51.773-0400	debug	Workflow task updated	{"host": "127.0.0.1:63280", "shard-id": 4, "address": "127.0.0.1:63280", "wf-scheduled-event-id": 687, "wf-started-event-id": 0, "workflow-task-request-id": "emptyUuid", "workflow-task-timeout": 10, "attempt": 1, "wf-started-timestamp": "0001-01-01T00:00:00.000Z", "wt-type": "Normal", "logging-call-at": "/Users/shivamsaraf/Desktop/work/temporal/common/log/with_logger.go:61"}
2025-03-19T11:38:51.773-0400	debug	Assigning new task key	{"host": "127.0.0.1:63280", "shard-id": 4, "address": "127.0.0.1:63280", "wf-namespace-id": "d0b550e3-6091-4a9b-a9aa-3d80ffb24954", "wf-id": "temporal-sys-worker-deployment-version:rrentVersion_Batching-564e9892_deployment_series.rrentVersion_Batching-564e9892_build_id", "wf-run-id": "0195af0e-98a0-7d94-93e5-2a1d2e5942f8", "queue-task-type": "WorkflowTaskTimeout", "queue-task-id": 1050348, "timestamp": "2025-03-19T15:38:56.774Z", "cursor-timestamp": "2025-03-19T15:38:52.766Z", "logging-call-at": "/Users/shivamsaraf/Desktop/work/temporal/common/log/with_logger.go:61"}
2025-03-19T11:38:51.773-0400	debug	Assigning new task key	{"host": "127.0.0.1:63280", "shard-id": 4, "address": "127.0.0.1:63280", "wf-namespace-id": "d0b550e3-6091-4a9b-a9aa-3d80ffb24954", "wf-id": "temporal-sys-worker-deployment-version:rrentVersion_Batching-564e9892_deployment_series.rrentVersion_Batching-564e9892_build_id", "wf-run-id": "0195af0e-98a0-7d94-93e5-2a1d2e5942f8", "queue-task-type": "TransferWorkflowTask", "queue-task-id": 1050349, "timestamp": "2025-03-19T15:38:51.773Z", "cursor-timestamp": "2025-03-19T15:38:52.766Z", "logging-call-at": "/Users/shivamsaraf/Desktop/work/temporal/common/log/with_logger.go:61"}
2025-03-19T11:38:51.778-0400	debug	Process task as active.	{"host": "127.0.0.1:63280", "shard-id": 4, "address": "127.0.0.1:63280", "component": "transfer-queue-processor", "wf-namespace-id": "d0b550e3-6091-4a9b-a9aa-3d80ffb24954", "value": "d0b550e3-6091-4a9b-a9aa-3d80ffb24954/temporal-sys-worker-deployment-version:rrentVersion_Batching-564e9892_deployment_series.rrentVersion_Batching-564e9892_build_id/0195af0e-98a0-7d94-93e5-2a1d2e5942f8", "logging-call-at": "/Users/shivamsaraf/Desktop/work/temporal/common/log/with_logger.go:61"}
2025-03-19T11:38:51.778-0400	debug	Workflow task updated	{"host": "127.0.0.1:63280", "shard-id": 4, "address": "127.0.0.1:63280", "wf-scheduled-event-id": 687, "wf-started-event-id": 688, "workflow-task-request-id": "00bd76f5-21c4-4554-8c5e-efea71cdc4b2", "workflow-task-timeout": 10, "attempt": 1, "wf-started-timestamp": "2025-03-19T15:38:51.778Z", "wt-type": "Normal", "logging-call-at": "/Users/shivamsaraf/Desktop/work/temporal/common/log/with_logger.go:61"}
2025-03-19T11:38:51.779-0400	debug	Assigning new task key	{"host": "127.0.0.1:63280", "shard-id": 4, "address": "127.0.0.1:63280", "wf-namespace-id": "d0b550e3-6091-4a9b-a9aa-3d80ffb24954", "wf-id": "temporal-sys-worker-deployment-version:rrentVersion_Batching-564e9892_deployment_series.rrentVersion_Batching-564e9892_build_id", "wf-run-id": "0195af0e-98a0-7d94-93e5-2a1d2e5942f8", "queue-task-type": "WorkflowTaskTimeout", "queue-task-id": 1050352, "timestamp": "2025-03-19T15:39:01.779Z", "cursor-timestamp": "2025-03-19T15:38:52.777Z", "logging-call-at": "/Users/shivamsaraf/Desktop/work/temporal/common/log/with_logger.go:61"}
2025-03-19T11:38:51.786-0400	debug	Frontend method invoked.	{"host": "127.0.0.1:63278", "wf-namespace": "namespace-ec265ab4-426c-4316-a4b3-47fc66311932", "operation": "PollWorkflowTaskQueue", "server-name": "", "cert-thumbprint": "", "logging-call-at": "/Users/shivamsaraf/Desktop/work/temporal/common/log/with_logger.go:61"}
2025-03-19T11:38:51.786-0400	debug	Received PollWorkflowTaskQueue	{"host": "127.0.0.1:63278", "service": "frontend", "logging-call-at": "/Users/shivamsaraf/Desktop/work/temporal/common/log/with_logger.go:61"}
2025-03-19T11:38:51.786-0400	debug	Poll workflow task queue.	{"host": "127.0.0.1:63278", "service": "frontend", "wf-namespace": "namespace-ec265ab4-426c-4316-a4b3-47fc66311932", "wf-namespace-id": "d0b550e3-6091-4a9b-a9aa-3d80ffb24954", "logging-call-at": "/Users/shivamsaraf/Desktop/work/temporal/common/log/with_logger.go:61"}
2025-03-19T11:38:51.786-0400	debug	Frontend method invoked.	{"host": "127.0.0.1:63278", "wf-namespace": "namespace-ec265ab4-426c-4316-a4b3-47fc66311932", "operation": "RespondWorkflowTaskCompleted", "server-name": "", "cert-thumbprint": "", "logging-call-at": "/Users/shivamsaraf/Desktop/work/temporal/common/log/with_logger.go:61"}
2025-03-19T11:38:51.787-0400	debug	RespondWorkflowTaskCompleted	{"host": "127.0.0.1:63280", "service": "history", "wf-namespace-id": "d0b550e3-6091-4a9b-a9aa-3d80ffb24954", "wf-id": "temporal-sys-worker-deployment-version:rrentVersion_Batching-564e9892_deployment_series.rrentVersion_Batching-564e9892_build_id", "wf-run-id": "0195af0e-98a0-7d94-93e5-2a1d2e5942f8", "wf-scheduled-event-id": 687, "logging-call-at": "/Users/shivamsaraf/Desktop/work/temporal/common/log/with_logger.go:61"}
2025-03-19T11:38:51.787-0400	debug	Workflow task updated	{"host": "127.0.0.1:63280", "shard-id": 4, "address": "127.0.0.1:63280", "wf-scheduled-event-id": 0, "wf-started-event-id": 0, "workflow-task-request-id": "emptyUuid", "workflow-task-timeout": 0, "attempt": 1, "wf-started-timestamp": "1970-01-01T00:00:00.000Z", "wt-type": "Unspecified", "logging-call-at": "/Users/shivamsaraf/Desktop/work/temporal/common/log/with_logger.go:61"}
2025-03-19T11:38:51.787-0400	debug	update state change	{"host": "127.0.0.1:63280", "shard-id": 4, "address": "127.0.0.1:63280", "wf-namespace-id": "d0b550e3-6091-4a9b-a9aa-3d80ffb24954", "wf-id": "temporal-sys-worker-deployment-version:rrentVersion_Batching-564e9892_deployment_series.rrentVersion_Batching-564e9892_build_id", "wf-run-id": "0195af0e-98a0-7d94-93e5-2a1d2e5942f8", "update-id": "059802dc-0c17-4925-b6f6-9fabe0486b4a", "from-state": "Accepted", "to-state": "ProvisionallyCompleted", "logging-call-at": "/Users/shivamsaraf/Desktop/work/temporal/common/log/with_logger.go:61"}
2025-03-19T11:38:51.790-0400	debug	update state change	{"host": "127.0.0.1:63280", "shard-id": 4, "address": "127.0.0.1:63280", "wf-namespace-id": "d0b550e3-6091-4a9b-a9aa-3d80ffb24954", "wf-id": "temporal-sys-worker-deployment-version:rrentVersion_Batching-564e9892_deployment_series.rrentVersion_Batching-564e9892_build_id", "wf-run-id": "0195af0e-98a0-7d94-93e5-2a1d2e5942f8", "update-id": "059802dc-0c17-4925-b6f6-9fabe0486b4a", "from-state": "ProvisionallyCompleted", "to-state": "Completed", "logging-call-at": "/Users/shivamsaraf/Desktop/work/temporal/common/log/with_logger.go:61"}
2025-03-19T11:38:51.790-0400	debug	Frontend method invoked.	{"host": "127.0.0.1:63278", "wf-namespace": "namespace-ec265ab4-426c-4316-a4b3-47fc66311932", "operation": "RespondActivityTaskCompleted", "server-name": "", "cert-thumbprint": "", "logging-call-at": "/Users/shivamsaraf/Desktop/work/temporal/common/log/with_logger.go:61"}
2025-03-19T11:38:51.791-0400	debug	Workflow task updated	{"host": "127.0.0.1:63280", "shard-id": 1, "address": "127.0.0.1:63280", "wf-scheduled-event-id": 333, "wf-started-event-id": 0, "workflow-task-request-id": "emptyUuid", "workflow-task-timeout": 10, "attempt": 1, "wf-started-timestamp": "0001-01-01T00:00:00.000Z", "wt-type": "Normal", "logging-call-at": "/Users/shivamsaraf/Desktop/work/temporal/common/log/with_logger.go:61"}
2025-03-19T11:38:51.791-0400	debug	Assigning new task key	{"host": "127.0.0.1:63280", "shard-id": 1, "address": "127.0.0.1:63280", "wf-namespace-id": "d0b550e3-6091-4a9b-a9aa-3d80ffb24954", "wf-id": "temporal-sys-worker-deployment:rrentVersion_Batching-564e9892_deployment_series", "wf-run-id": "0195af0e-960d-715f-b6c6-08dcdf4b78ec", "queue-task-type": "WorkflowTaskTimeout", "queue-task-id": 1049366, "timestamp": "2025-03-19T15:38:56.792Z", "cursor-timestamp": "2025-03-19T15:38:52.702Z", "logging-call-at": "/Users/shivamsaraf/Desktop/work/temporal/common/log/with_logger.go:61"}
2025-03-19T11:38:51.791-0400	debug	Assigning new task key	{"host": "127.0.0.1:63280", "shard-id": 1, "address": "127.0.0.1:63280", "wf-namespace-id": "d0b550e3-6091-4a9b-a9aa-3d80ffb24954", "wf-id": "temporal-sys-worker-deployment:rrentVersion_Batching-564e9892_deployment_series", "wf-run-id": "0195af0e-960d-715f-b6c6-08dcdf4b78ec", "queue-task-type": "TransferWorkflowTask", "queue-task-id": 1049367, "timestamp": "2025-03-19T15:38:51.791Z", "cursor-timestamp": "2025-03-19T15:38:52.702Z", "logging-call-at": "/Users/shivamsaraf/Desktop/work/temporal/common/log/with_logger.go:61"}
2025-03-19T11:38:51.795-0400	debug	Process task as active.	{"host": "127.0.0.1:63280", "shard-id": 1, "address": "127.0.0.1:63280", "component": "transfer-queue-processor", "wf-namespace-id": "d0b550e3-6091-4a9b-a9aa-3d80ffb24954", "value": "d0b550e3-6091-4a9b-a9aa-3d80ffb24954/temporal-sys-worker-deployment:rrentVersion_Batching-564e9892_deployment_series/0195af0e-960d-715f-b6c6-08dcdf4b78ec", "logging-call-at": "/Users/shivamsaraf/Desktop/work/temporal/common/log/with_logger.go:61"}
2025-03-19T11:38:51.796-0400	debug	Workflow task updated	{"host": "127.0.0.1:63280", "shard-id": 1, "address": "127.0.0.1:63280", "wf-scheduled-event-id": 333, "wf-started-event-id": 334, "workflow-task-request-id": "33a6fada-3d25-42d3-bf12-8c9c3303f392", "workflow-task-timeout": 10, "attempt": 1, "wf-started-timestamp": "2025-03-19T15:38:51.796Z", "wt-type": "Normal", "logging-call-at": "/Users/shivamsaraf/Desktop/work/temporal/common/log/with_logger.go:61"}
2025-03-19T11:38:51.796-0400	debug	Assigning new task key	{"host": "127.0.0.1:63280", "shard-id": 1, "address": "127.0.0.1:63280", "wf-namespace-id": "d0b550e3-6091-4a9b-a9aa-3d80ffb24954", "wf-id": "temporal-sys-worker-deployment:rrentVersion_Batching-564e9892_deployment_series", "wf-run-id": "0195af0e-960d-715f-b6c6-08dcdf4b78ec", "queue-task-type": "WorkflowTaskTimeout", "queue-task-id": 1049370, "timestamp": "2025-03-19T15:39:01.797Z", "cursor-timestamp": "2025-03-19T15:38:52.794Z", "logging-call-at": "/Users/shivamsaraf/Desktop/work/temporal/common/log/with_logger.go:61"}
2025-03-19T11:38:51.803-0400	debug	ExecuteActivity	{"host": "127.0.0.1:63281", "Namespace": "namespace-ec265ab4-426c-4316-a4b3-47fc66311932", "TaskQueue": "temporal-sys-per-ns-tq", "WorkerID": "temporal-system@Shivams-MacBook-Pro.local@namespace-ec265ab4-426c-4316-a4b3-47fc66311932", "WorkflowType": "temporal-sys-worker-deployment-workflow", "WorkflowID": "temporal-sys-worker-deployment:rrentVersion_Batching-564e9892_deployment_series", "RunID": "0195af0e-960d-715f-b6c6-08dcdf4b78ec", "Attempt": 0, "ActivityID": "337", "ActivityType": "RegisterWorkerInVersion", "logging-call-at": "/Users/shivamsaraf/Desktop/work/temporal/common/log/with_logger.go:61"}
2025-03-19T11:38:51.803-0400	debug	Frontend method invoked.	{"host": "127.0.0.1:63278", "wf-namespace": "namespace-ec265ab4-426c-4316-a4b3-47fc66311932", "operation": "PollWorkflowTaskQueue", "server-name": "", "cert-thumbprint": "", "logging-call-at": "/Users/shivamsaraf/Desktop/work/temporal/common/log/with_logger.go:61"}
2025-03-19T11:38:51.803-0400	debug	Received PollWorkflowTaskQueue	{"host": "127.0.0.1:63278", "service": "frontend", "logging-call-at": "/Users/shivamsaraf/Desktop/work/temporal/common/log/with_logger.go:61"}
2025-03-19T11:38:51.803-0400	debug	Poll workflow task queue.	{"host": "127.0.0.1:63278", "service": "frontend", "wf-namespace": "namespace-ec265ab4-426c-4316-a4b3-47fc66311932", "wf-namespace-id": "d0b550e3-6091-4a9b-a9aa-3d80ffb24954", "logging-call-at": "/Users/shivamsaraf/Desktop/work/temporal/common/log/with_logger.go:61"}
2025-03-19T11:38:51.803-0400	debug	Frontend method invoked.	{"host": "127.0.0.1:63278", "wf-namespace": "namespace-ec265ab4-426c-4316-a4b3-47fc66311932", "operation": "RespondWorkflowTaskCompleted", "server-name": "", "cert-thumbprint": "", "logging-call-at": "/Users/shivamsaraf/Desktop/work/temporal/common/log/with_logger.go:61"}
2025-03-19T11:38:51.804-0400	debug	RespondWorkflowTaskCompleted	{"host": "127.0.0.1:63280", "service": "history", "wf-namespace-id": "d0b550e3-6091-4a9b-a9aa-3d80ffb24954", "wf-id": "temporal-sys-worker-deployment:rrentVersion_Batching-564e9892_deployment_series", "wf-run-id": "0195af0e-960d-715f-b6c6-08dcdf4b78ec", "wf-scheduled-event-id": 333, "logging-call-at": "/Users/shivamsaraf/Desktop/work/temporal/common/log/with_logger.go:61"}
2025-03-19T11:38:51.804-0400	debug	Workflow task updated	{"host": "127.0.0.1:63280", "shard-id": 1, "address": "127.0.0.1:63280", "wf-scheduled-event-id": 0, "wf-started-event-id": 0, "workflow-task-request-id": "emptyUuid", "workflow-task-timeout": 0, "attempt": 1, "wf-started-timestamp": "1970-01-01T00:00:00.000Z", "wt-type": "Unspecified", "logging-call-at": "/Users/shivamsaraf/Desktop/work/temporal/common/log/with_logger.go:61"}
2025-03-19T11:38:51.804-0400	debug	update state change	{"host": "127.0.0.1:63280", "shard-id": 1, "address": "127.0.0.1:63280", "wf-namespace-id": "d0b550e3-6091-4a9b-a9aa-3d80ffb24954", "wf-id": "temporal-sys-worker-deployment:rrentVersion_Batching-564e9892_deployment_series", "wf-run-id": "0195af0e-960d-715f-b6c6-08dcdf4b78ec", "update-id": "fa94f501-9163-4772-9810-f4c1dc7df2b9", "from-state": "Accepted", "to-state": "ProvisionallyCompleted", "logging-call-at": "/Users/shivamsaraf/Desktop/work/temporal/common/log/with_logger.go:61"}
2025-03-19T11:38:51.804-0400	debug	Assigning new task key	{"host": "127.0.0.1:63280", "shard-id": 1, "address": "127.0.0.1:63280", "wf-namespace-id": "d0b550e3-6091-4a9b-a9aa-3d80ffb24954", "wf-id": "temporal-sys-worker-deployment:rrentVersion_Batching-564e9892_deployment_series", "wf-run-id": "0195af0e-960d-715f-b6c6-08dcdf4b78ec", "queue-task-type": "TransferActivityTask", "queue-task-id": 1049376, "timestamp": "2025-03-19T15:38:51.804Z", "cursor-timestamp": "2025-03-19T15:38:52.794Z", "logging-call-at": "/Users/shivamsaraf/Desktop/work/temporal/common/log/with_logger.go:61"}
2025-03-19T11:38:51.807-0400	debug	update state change	{"host": "127.0.0.1:63280", "shard-id": 1, "address": "127.0.0.1:63280", "wf-namespace-id": "d0b550e3-6091-4a9b-a9aa-3d80ffb24954", "wf-id": "temporal-sys-worker-deployment:rrentVersion_Batching-564e9892_deployment_series", "wf-run-id": "0195af0e-960d-715f-b6c6-08dcdf4b78ec", "update-id": "fa94f501-9163-4772-9810-f4c1dc7df2b9", "from-state": "ProvisionallyCompleted", "to-state": "Completed", "logging-call-at": "/Users/shivamsaraf/Desktop/work/temporal/common/log/with_logger.go:61"}
2025-03-19T11:38:51.807-0400	debug	deployment client success	{"host": "127.0.0.1:63279", "operation": "RegisterTaskQueueWorker", "elapsed": 8.243463958, "args": ["rrentVersion_Batching-564e9892_task_queue_34",1,"matching service"], "logging-call-at": "/Users/shivamsaraf/Desktop/work/temporal/common/log/with_logger.go:61"}
2025-03-19T11:38:51.808-0400	debug	Process task as active.	{"host": "127.0.0.1:63280", "shard-id": 1, "address": "127.0.0.1:63280", "component": "transfer-queue-processor", "wf-namespace-id": "d0b550e3-6091-4a9b-a9aa-3d80ffb24954", "value": "d0b550e3-6091-4a9b-a9aa-3d80ffb24954/temporal-sys-worker-deployment:rrentVersion_Batching-564e9892_deployment_series/0195af0e-960d-715f-b6c6-08dcdf4b78ec", "logging-call-at": "/Users/shivamsaraf/Desktop/work/temporal/common/log/with_logger.go:61"}
2025-03-19T11:38:51.808-0400	info	Started physicalTaskQueueManager	{"host": "127.0.0.1:63279", "component": "matching-engine", "wf-task-queue-name": "rrentVersion_Batching-564e9892_task_queue_34", "wf-task-queue-type": "Workflow", "wf-namespace": "namespace-ec265ab4-426c-4316-a4b3-47fc66311932", "worker-build-id": "rrentVersion_Batching-564e9892_deployment_series/rrentVersion_Batching-564e9892_build_id", "lifecycle": "Started", "cause": "UserData", "logging-call-at": "/Users/shivamsaraf/Desktop/work/temporal/common/log/with_logger.go:66"}
2025-03-19T11:38:51.809-0400	debug	Assigning new task key	{"host": "127.0.0.1:63280", "shard-id": 1, "address": "127.0.0.1:63280", "wf-namespace-id": "d0b550e3-6091-4a9b-a9aa-3d80ffb24954", "wf-id": "temporal-sys-worker-deployment:rrentVersion_Batching-564e9892_deployment_series", "wf-run-id": "0195af0e-960d-715f-b6c6-08dcdf4b78ec", "queue-task-type": "ActivityTimeout", "queue-task-id": 1049378, "timestamp": "2025-03-19T15:39:51.809Z", "cursor-timestamp": "2025-03-19T15:38:52.807Z", "logging-call-at": "/Users/shivamsaraf/Desktop/work/temporal/common/log/with_logger.go:61"}
2025-03-19T11:38:51.813-0400	debug	Frontend method invoked.	{"host": "127.0.0.1:63278", "wf-namespace": "namespace-ec265ab4-426c-4316-a4b3-47fc66311932", "operation": "PollActivityTaskQueue", "server-name": "", "cert-thumbprint": "", "logging-call-at": "/Users/shivamsaraf/Desktop/work/temporal/common/log/with_logger.go:61"}
2025-03-19T11:38:51.813-0400	debug	Received PollActivityTaskQueue	{"host": "127.0.0.1:63278", "service": "frontend", "logging-call-at": "/Users/shivamsaraf/Desktop/work/temporal/common/log/with_logger.go:61"}
2025-03-19T11:38:51.814-0400	debug	update state change	{"host": "127.0.0.1:63280", "shard-id": 4, "address": "127.0.0.1:63280", "wf-namespace-id": "d0b550e3-6091-4a9b-a9aa-3d80ffb24954", "wf-id": "temporal-sys-worker-deployment-version:rrentVersion_Batching-564e9892_deployment_series.rrentVersion_Batching-564e9892_build_id", "wf-run-id": "0195af0e-98a0-7d94-93e5-2a1d2e5942f8", "update-id": "cfc281c2-cba8-48ca-be0c-ae5a9df7f2a9", "from-state": "Created", "to-state": "ProvisionallyAdmitted", "logging-call-at": "/Users/shivamsaraf/Desktop/work/temporal/common/log/with_logger.go:61"}
2025-03-19T11:38:51.814-0400	debug	update state change	{"host": "127.0.0.1:63280", "shard-id": 4, "address": "127.0.0.1:63280", "wf-namespace-id": "d0b550e3-6091-4a9b-a9aa-3d80ffb24954", "wf-id": "temporal-sys-worker-deployment-version:rrentVersion_Batching-564e9892_deployment_series.rrentVersion_Batching-564e9892_build_id", "wf-run-id": "0195af0e-98a0-7d94-93e5-2a1d2e5942f8", "update-id": "cfc281c2-cba8-48ca-be0c-ae5a9df7f2a9", "from-state": "ProvisionallyAdmitted", "to-state": "Admitted", "logging-call-at": "/Users/shivamsaraf/Desktop/work/temporal/common/log/with_logger.go:61"}
2025-03-19T11:38:51.814-0400	debug	Workflow task updated	{"host": "127.0.0.1:63280", "shard-id": 4, "address": "127.0.0.1:63280", "wf-scheduled-event-id": 691, "wf-started-event-id": 0, "workflow-task-request-id": "emptyUuid", "workflow-task-timeout": 10, "attempt": 1, "wf-started-timestamp": "0001-01-01T00:00:00.000Z", "wt-type": "Speculative", "logging-call-at": "/Users/shivamsaraf/Desktop/work/temporal/common/log/with_logger.go:61"}
2025-03-19T11:38:51.814-0400	debug	Workflow task updated	{"host": "127.0.0.1:63280", "shard-id": 4, "address": "127.0.0.1:63280", "wf-scheduled-event-id": 691, "wf-started-event-id": 692, "workflow-task-request-id": "a838b028-c193-4467-b656-457388f6997b", "workflow-task-timeout": 10, "attempt": 1, "wf-started-timestamp": "2025-03-19T15:38:51.814Z", "wt-type": "Speculative", "logging-call-at": "/Users/shivamsaraf/Desktop/work/temporal/common/log/with_logger.go:61"}
2025-03-19T11:38:51.814-0400	debug	update state change	{"host": "127.0.0.1:63280", "shard-id": 4, "address": "127.0.0.1:63280", "wf-namespace-id": "d0b550e3-6091-4a9b-a9aa-3d80ffb24954", "wf-id": "temporal-sys-worker-deployment-version:rrentVersion_Batching-564e9892_deployment_series.rrentVersion_Batching-564e9892_build_id", "wf-run-id": "0195af0e-98a0-7d94-93e5-2a1d2e5942f8", "update-id": "cfc281c2-cba8-48ca-be0c-ae5a9df7f2a9", "from-state": "Admitted", "to-state": "Sent", "logging-call-at": "/Users/shivamsaraf/Desktop/work/temporal/common/log/with_logger.go:61"}
2025-03-19T11:38:51.819-0400	debug	ExecuteActivity	{"host": "127.0.0.1:63281", "Namespace": "namespace-ec265ab4-426c-4316-a4b3-47fc66311932", "TaskQueue": "temporal-sys-per-ns-tq", "WorkerID": "temporal-system@Shivams-MacBook-Pro.local@namespace-ec265ab4-426c-4316-a4b3-47fc66311932", "WorkflowType": "temporal-sys-worker-deployment-version-workflow", "WorkflowID": "temporal-sys-worker-deployment-version:rrentVersion_Batching-564e9892_deployment_series.rrentVersion_Batching-564e9892_build_id", "RunID": "0195af0e-98a0-7d94-93e5-2a1d2e5942f8", "Attempt": 0, "ActivityID": "695", "ActivityType": "SyncDeploymentVersionUserData", "logging-call-at": "/Users/shivamsaraf/Desktop/work/temporal/common/log/with_logger.go:61"}
2025-03-19T11:38:51.819-0400	debug	Frontend method invoked.	{"host": "127.0.0.1:63278", "wf-namespace": "namespace-ec265ab4-426c-4316-a4b3-47fc66311932", "operation": "PollWorkflowTaskQueue", "server-name": "", "cert-thumbprint": "", "logging-call-at": "/Users/shivamsaraf/Desktop/work/temporal/common/log/with_logger.go:61"}
2025-03-19T11:38:51.819-0400	debug	Received PollWorkflowTaskQueue	{"host": "127.0.0.1:63278", "service": "frontend", "logging-call-at": "/Users/shivamsaraf/Desktop/work/temporal/common/log/with_logger.go:61"}
2025-03-19T11:38:51.819-0400	debug	Poll workflow task queue.	{"host": "127.0.0.1:63278", "service": "frontend", "wf-namespace": "namespace-ec265ab4-426c-4316-a4b3-47fc66311932", "wf-namespace-id": "d0b550e3-6091-4a9b-a9aa-3d80ffb24954", "logging-call-at": "/Users/shivamsaraf/Desktop/work/temporal/common/log/with_logger.go:61"}
2025-03-19T11:38:51.819-0400	debug	Frontend method invoked.	{"host": "127.0.0.1:63278", "wf-namespace": "namespace-ec265ab4-426c-4316-a4b3-47fc66311932", "operation": "RespondWorkflowTaskCompleted", "server-name": "", "cert-thumbprint": "", "logging-call-at": "/Users/shivamsaraf/Desktop/work/temporal/common/log/with_logger.go:61"}
2025-03-19T11:38:51.820-0400	debug	RespondWorkflowTaskCompleted	{"host": "127.0.0.1:63280", "service": "history", "wf-namespace-id": "d0b550e3-6091-4a9b-a9aa-3d80ffb24954", "wf-id": "temporal-sys-worker-deployment-version:rrentVersion_Batching-564e9892_deployment_series.rrentVersion_Batching-564e9892_build_id", "wf-run-id": "0195af0e-98a0-7d94-93e5-2a1d2e5942f8", "wf-scheduled-event-id": 691, "logging-call-at": "/Users/shivamsaraf/Desktop/work/temporal/common/log/with_logger.go:61"}
2025-03-19T11:38:51.820-0400	debug	Workflow task updated	{"host": "127.0.0.1:63280", "shard-id": 4, "address": "127.0.0.1:63280", "wf-scheduled-event-id": 0, "wf-started-event-id": 0, "workflow-task-request-id": "emptyUuid", "workflow-task-timeout": 0, "attempt": 1, "wf-started-timestamp": "1970-01-01T00:00:00.000Z", "wt-type": "Unspecified", "logging-call-at": "/Users/shivamsaraf/Desktop/work/temporal/common/log/with_logger.go:61"}
2025-03-19T11:38:51.820-0400	debug	update state change	{"host": "127.0.0.1:63280", "shard-id": 4, "address": "127.0.0.1:63280", "wf-namespace-id": "d0b550e3-6091-4a9b-a9aa-3d80ffb24954", "wf-id": "temporal-sys-worker-deployment-version:rrentVersion_Batching-564e9892_deployment_series.rrentVersion_Batching-564e9892_build_id", "wf-run-id": "0195af0e-98a0-7d94-93e5-2a1d2e5942f8", "update-id": "cfc281c2-cba8-48ca-be0c-ae5a9df7f2a9", "from-state": "Sent", "to-state": "ProvisionallyAccepted", "logging-call-at": "/Users/shivamsaraf/Desktop/work/temporal/common/log/with_logger.go:61"}
2025-03-19T11:38:51.820-0400	debug	Assigning new task key	{"host": "127.0.0.1:63280", "shard-id": 4, "address": "127.0.0.1:63280", "wf-namespace-id": "d0b550e3-6091-4a9b-a9aa-3d80ffb24954", "wf-id": "temporal-sys-worker-deployment-version:rrentVersion_Batching-564e9892_deployment_series.rrentVersion_Batching-564e9892_build_id", "wf-run-id": "0195af0e-98a0-7d94-93e5-2a1d2e5942f8", "queue-task-type": "TransferActivityTask", "queue-task-id": 1050369, "timestamp": "2025-03-19T15:38:51.820Z", "cursor-timestamp": "2025-03-19T15:38:52.777Z", "logging-call-at": "/Users/shivamsaraf/Desktop/work/temporal/common/log/with_logger.go:61"}
2025-03-19T11:38:51.824-0400	debug	update state change	{"host": "127.0.0.1:63280", "shard-id": 4, "address": "127.0.0.1:63280", "wf-namespace-id": "d0b550e3-6091-4a9b-a9aa-3d80ffb24954", "wf-id": "temporal-sys-worker-deployment-version:rrentVersion_Batching-564e9892_deployment_series.rrentVersion_Batching-564e9892_build_id", "wf-run-id": "0195af0e-98a0-7d94-93e5-2a1d2e5942f8", "update-id": "cfc281c2-cba8-48ca-be0c-ae5a9df7f2a9", "from-state": "ProvisionallyAccepted", "to-state": "Accepted", "logging-call-at": "/Users/shivamsaraf/Desktop/work/temporal/common/log/with_logger.go:61"}
2025-03-19T11:38:51.824-0400	debug	Process task as active.	{"host": "127.0.0.1:63280", "shard-id": 4, "address": "127.0.0.1:63280", "component": "transfer-queue-processor", "wf-namespace-id": "d0b550e3-6091-4a9b-a9aa-3d80ffb24954", "value": "d0b550e3-6091-4a9b-a9aa-3d80ffb24954/temporal-sys-worker-deployment-version:rrentVersion_Batching-564e9892_deployment_series.rrentVersion_Batching-564e9892_build_id/0195af0e-98a0-7d94-93e5-2a1d2e5942f8", "logging-call-at": "/Users/shivamsaraf/Desktop/work/temporal/common/log/with_logger.go:61"}
2025-03-19T11:38:51.825-0400	debug	Assigning new task key	{"host": "127.0.0.1:63280", "shard-id": 4, "address": "127.0.0.1:63280", "wf-namespace-id": "d0b550e3-6091-4a9b-a9aa-3d80ffb24954", "wf-id": "temporal-sys-worker-deployment-version:rrentVersion_Batching-564e9892_deployment_series.rrentVersion_Batching-564e9892_build_id", "wf-run-id": "0195af0e-98a0-7d94-93e5-2a1d2e5942f8", "queue-task-type": "ActivityTimeout", "queue-task-id": 1050370, "timestamp": "2025-03-19T15:39:51.826Z", "cursor-timestamp": "2025-03-19T15:38:52.824Z", "logging-call-at": "/Users/shivamsaraf/Desktop/work/temporal/common/log/with_logger.go:61"}
2025-03-19T11:38:51.829-0400	info	syncing task queue userdata for deployment version	{"host": "127.0.0.1:63281", "Namespace": "namespace-ec265ab4-426c-4316-a4b3-47fc66311932", "TaskQueue": "temporal-sys-per-ns-tq", "WorkerID": "temporal-system@Shivams-MacBook-Pro.local@namespace-ec265ab4-426c-4316-a4b3-47fc66311932", "ActivityID": "695", "ActivityType": "SyncDeploymentVersionUserData", "Attempt": 1, "WorkflowType": "temporal-sys-worker-deployment-version-workflow", "WorkflowID": "temporal-sys-worker-deployment-version:rrentVersion_Batching-564e9892_deployment_series.rrentVersion_Batching-564e9892_build_id", "RunID": "0195af0e-98a0-7d94-93e5-2a1d2e5942f8", "taskQueue": "rrentVersion_Batching-564e9892_task_queue_6", "types": [1], "logging-call-at": "/Users/shivamsaraf/Desktop/work/temporal/common/log/with_logger.go:66"}
2025-03-19T11:38:51.829-0400	debug	Frontend method invoked.	{"host": "127.0.0.1:63278", "wf-namespace": "namespace-ec265ab4-426c-4316-a4b3-47fc66311932", "operation": "PollActivityTaskQueue", "server-name": "", "cert-thumbprint": "", "logging-call-at": "/Users/shivamsaraf/Desktop/work/temporal/common/log/with_logger.go:61"}
2025-03-19T11:38:51.829-0400	debug	Received PollActivityTaskQueue	{"host": "127.0.0.1:63278", "service": "frontend", "logging-call-at": "/Users/shivamsaraf/Desktop/work/temporal/common/log/with_logger.go:61"}
2025-03-19T11:38:51.845-0400	debug	Process task as active.	{"host": "127.0.0.1:63280", "shard-id": 4, "address": "127.0.0.1:63280", "component": "timer-queue-processor", "wf-namespace-id": "d0b550e3-6091-4a9b-a9aa-3d80ffb24954", "value": "d0b550e3-6091-4a9b-a9aa-3d80ffb24954/temporal-sys-worker-deployment-version:rrentVersion_Batching-564e9892_deployment_series.rrentVersion_Batching-564e9892_build_id/0195af0e-98a0-7d94-93e5-2a1d2e5942f8", "logging-call-at": "/Users/shivamsaraf/Desktop/work/temporal/common/log/with_logger.go:61"}
2025-03-19T11:38:51.873-0400	debug	Process task as active.	{"host": "127.0.0.1:63280", "shard-id": 4, "address": "127.0.0.1:63280", "component": "timer-queue-processor", "wf-namespace-id": "d0b550e3-6091-4a9b-a9aa-3d80ffb24954", "value": "d0b550e3-6091-4a9b-a9aa-3d80ffb24954/temporal-sys-worker-deployment-version:rrentVersion_Batching-564e9892_deployment_series.rrentVersion_Batching-564e9892_build_id/0195af0e-98a0-7d94-93e5-2a1d2e5942f8", "logging-call-at": "/Users/shivamsaraf/Desktop/work/temporal/common/log/with_logger.go:61"}
2025-03-19T11:38:51.888-0400	debug	Process task as active.	{"host": "127.0.0.1:63280", "shard-id": 1, "address": "127.0.0.1:63280", "component": "timer-queue-processor", "wf-namespace-id": "d0b550e3-6091-4a9b-a9aa-3d80ffb24954", "value": "d0b550e3-6091-4a9b-a9aa-3d80ffb24954/temporal-sys-worker-deployment:rrentVersion_Batching-564e9892_deployment_series/0195af0e-960d-715f-b6c6-08dcdf4b78ec", "logging-call-at": "/Users/shivamsaraf/Desktop/work/temporal/common/log/with_logger.go:61"}
2025-03-19T11:38:51.932-0400	info	modified user data	{"host": "127.0.0.1:63279", "component": "matching-engine", "wf-task-queue-name": "rrentVersion_Batching-564e9892_task_queue_6", "wf-task-queue-type": "Workflow", "wf-namespace": "namespace-ec265ab4-426c-4316-a4b3-47fc66311932", "user-data-update-source": "SyncDeploymentUserData", "user-data-version": 1, "timestamp": "2025-03-19T15:38:51.829Z", "logging-call-at": "/Users/shivamsaraf/Desktop/work/temporal/common/log/with_logger.go:66"}
2025-03-19T11:38:51.932-0400	debug	user data changed while blocked in long poll	{"host": "127.0.0.1:63279", "component": "matching-engine", "wf-task-queue-name": "rrentVersion_Batching-564e9892_task_queue_6", "wf-task-queue-type": "Workflow", "wf-namespace": "namespace-ec265ab4-426c-4316-a4b3-47fc66311932", "logging-call-at": "/Users/shivamsaraf/Desktop/work/temporal/common/log/with_logger.go:61"}
2025-03-19T11:38:51.932-0400	debug	user data changed while blocked in long poll	{"host": "127.0.0.1:63279", "component": "matching-engine", "wf-task-queue-name": "rrentVersion_Batching-564e9892_task_queue_6", "wf-task-queue-type": "Workflow", "wf-namespace": "namespace-ec265ab4-426c-4316-a4b3-47fc66311932", "logging-call-at": "/Users/shivamsaraf/Desktop/work/temporal/common/log/with_logger.go:61"}
2025-03-19T11:38:51.932-0400	info	returning user data	{"host": "127.0.0.1:63279", "component": "matching-engine", "wf-task-queue-name": "rrentVersion_Batching-564e9892_task_queue_6", "wf-task-queue-type": "Workflow", "wf-namespace": "namespace-ec265ab4-426c-4316-a4b3-47fc66311932", "long-poll": true, "request-known-version": 0, "user-data-version": 1, "logging-call-at": "/Users/shivamsaraf/Desktop/work/temporal/common/log/with_logger.go:66"}
2025-03-19T11:38:51.932-0400	debug	user data changed while blocked in long poll	{"host": "127.0.0.1:63279", "component": "matching-engine", "wf-task-queue-name": "rrentVersion_Batching-564e9892_task_queue_6", "wf-task-queue-type": "Workflow", "wf-namespace": "namespace-ec265ab4-426c-4316-a4b3-47fc66311932", "logging-call-at": "/Users/shivamsaraf/Desktop/work/temporal/common/log/with_logger.go:61"}
2025-03-19T11:38:51.932-0400	info	returning user data	{"host": "127.0.0.1:63279", "component": "matching-engine", "wf-task-queue-name": "rrentVersion_Batching-564e9892_task_queue_6", "wf-task-queue-type": "Workflow", "wf-namespace": "namespace-ec265ab4-426c-4316-a4b3-47fc66311932", "long-poll": true, "request-known-version": 0, "user-data-version": 1, "logging-call-at": "/Users/shivamsaraf/Desktop/work/temporal/common/log/with_logger.go:66"}
2025-03-19T11:38:51.932-0400	info	returning user data	{"host": "127.0.0.1:63279", "component": "matching-engine", "wf-task-queue-name": "rrentVersion_Batching-564e9892_task_queue_6", "wf-task-queue-type": "Workflow", "wf-namespace": "namespace-ec265ab4-426c-4316-a4b3-47fc66311932", "long-poll": true, "request-known-version": 0, "user-data-version": 1, "logging-call-at": "/Users/shivamsaraf/Desktop/work/temporal/common/log/with_logger.go:66"}
2025-03-19T11:38:51.932-0400	info	fetched user data from parent	{"host": "127.0.0.1:63279", "component": "matching-engine", "wf-task-queue-name": "/_sys/rrentVersion_Batching-564e9892_task_queue_6/2", "wf-task-queue-type": "Workflow", "wf-namespace": "namespace-ec265ab4-426c-4316-a4b3-47fc66311932", "user-data-version": 1, "timestamp": "2025-03-19T15:38:51.829Z", "logging-call-at": "/Users/shivamsaraf/Desktop/work/temporal/common/log/with_logger.go:66"}
2025-03-19T11:38:51.932-0400	info	fetched user data from parent	{"host": "127.0.0.1:63279", "component": "matching-engine", "wf-task-queue-name": "/_sys/rrentVersion_Batching-564e9892_task_queue_6/1", "wf-task-queue-type": "Workflow", "wf-namespace": "namespace-ec265ab4-426c-4316-a4b3-47fc66311932", "user-data-version": 1, "timestamp": "2025-03-19T15:38:51.829Z", "logging-call-at": "/Users/shivamsaraf/Desktop/work/temporal/common/log/with_logger.go:66"}
2025-03-19T11:38:51.932-0400	debug	Frontend method invoked.	{"host": "127.0.0.1:63278", "wf-namespace": "namespace-ec265ab4-426c-4316-a4b3-47fc66311932", "operation": "RespondActivityTaskCompleted", "server-name": "", "cert-thumbprint": "", "logging-call-at": "/Users/shivamsaraf/Desktop/work/temporal/common/log/with_logger.go:61"}
2025-03-19T11:38:51.932-0400	info	fetched user data from parent	{"host": "127.0.0.1:63279", "component": "matching-engine", "wf-task-queue-name": "/_sys/rrentVersion_Batching-564e9892_task_queue_6/3", "wf-task-queue-type": "Workflow", "wf-namespace": "namespace-ec265ab4-426c-4316-a4b3-47fc66311932", "user-data-version": 1, "timestamp": "2025-03-19T15:38:51.829Z", "logging-call-at": "/Users/shivamsaraf/Desktop/work/temporal/common/log/with_logger.go:66"}
2025-03-19T11:38:51.933-0400	debug	Workflow task updated	{"host": "127.0.0.1:63280", "shard-id": 4, "address": "127.0.0.1:63280", "wf-scheduled-event-id": 698, "wf-started-event-id": 0, "workflow-task-request-id": "emptyUuid", "workflow-task-timeout": 10, "attempt": 1, "wf-started-timestamp": "0001-01-01T00:00:00.000Z", "wt-type": "Normal", "logging-call-at": "/Users/shivamsaraf/Desktop/work/temporal/common/log/with_logger.go:61"}
2025-03-19T11:38:51.933-0400	debug	Assigning new task key	{"host": "127.0.0.1:63280", "shard-id": 4, "address": "127.0.0.1:63280", "wf-namespace-id": "d0b550e3-6091-4a9b-a9aa-3d80ffb24954", "wf-id": "temporal-sys-worker-deployment-version:rrentVersion_Batching-564e9892_deployment_series.rrentVersion_Batching-564e9892_build_id", "wf-run-id": "0195af0e-98a0-7d94-93e5-2a1d2e5942f8", "queue-task-type": "WorkflowTaskTimeout", "queue-task-id": 1050376, "timestamp": "2025-03-19T15:38:56.934Z", "cursor-timestamp": "2025-03-19T15:38:52.824Z", "logging-call-at": "/Users/shivamsaraf/Desktop/work/temporal/common/log/with_logger.go:61"}
2025-03-19T11:38:51.933-0400	debug	Assigning new task key	{"host": "127.0.0.1:63280", "shard-id": 4, "address": "127.0.0.1:63280", "wf-namespace-id": "d0b550e3-6091-4a9b-a9aa-3d80ffb24954", "wf-id": "temporal-sys-worker-deployment-version:rrentVersion_Batching-564e9892_deployment_series.rrentVersion_Batching-564e9892_build_id", "wf-run-id": "0195af0e-98a0-7d94-93e5-2a1d2e5942f8", "queue-task-type": "TransferWorkflowTask", "queue-task-id": 1050377, "timestamp": "2025-03-19T15:38:51.933Z", "cursor-timestamp": "2025-03-19T15:38:52.824Z", "logging-call-at": "/Users/shivamsaraf/Desktop/work/temporal/common/log/with_logger.go:61"}
2025-03-19T11:38:51.939-0400	debug	Process task as active.	{"host": "127.0.0.1:63280", "shard-id": 4, "address": "127.0.0.1:63280", "component": "transfer-queue-processor", "wf-namespace-id": "d0b550e3-6091-4a9b-a9aa-3d80ffb24954", "value": "d0b550e3-6091-4a9b-a9aa-3d80ffb24954/temporal-sys-worker-deployment-version:rrentVersion_Batching-564e9892_deployment_series.rrentVersion_Batching-564e9892_build_id/0195af0e-98a0-7d94-93e5-2a1d2e5942f8", "logging-call-at": "/Users/shivamsaraf/Desktop/work/temporal/common/log/with_logger.go:61"}
2025-03-19T11:38:51.940-0400	debug	Workflow task updated	{"host": "127.0.0.1:63280", "shard-id": 4, "address": "127.0.0.1:63280", "wf-scheduled-event-id": 698, "wf-started-event-id": 699, "workflow-task-request-id": "25443896-9a3e-4cbe-b8a6-ae4dc0e1297d", "workflow-task-timeout": 10, "attempt": 1, "wf-started-timestamp": "2025-03-19T15:38:51.940Z", "wt-type": "Normal", "logging-call-at": "/Users/shivamsaraf/Desktop/work/temporal/common/log/with_logger.go:61"}
2025-03-19T11:38:51.941-0400	debug	Assigning new task key	{"host": "127.0.0.1:63280", "shard-id": 4, "address": "127.0.0.1:63280", "wf-namespace-id": "d0b550e3-6091-4a9b-a9aa-3d80ffb24954", "wf-id": "temporal-sys-worker-deployment-version:rrentVersion_Batching-564e9892_deployment_series.rrentVersion_Batching-564e9892_build_id", "wf-run-id": "0195af0e-98a0-7d94-93e5-2a1d2e5942f8", "queue-task-type": "WorkflowTaskTimeout", "queue-task-id": 1050380, "timestamp": "2025-03-19T15:39:01.941Z", "cursor-timestamp": "2025-03-19T15:38:52.939Z", "logging-call-at": "/Users/shivamsaraf/Desktop/work/temporal/common/log/with_logger.go:61"}
2025-03-19T11:38:51.951-0400	debug	ExecuteActivity	{"host": "127.0.0.1:63281", "Namespace": "namespace-ec265ab4-426c-4316-a4b3-47fc66311932", "TaskQueue": "temporal-sys-per-ns-tq", "WorkerID": "temporal-system@Shivams-MacBook-Pro.local@namespace-ec265ab4-426c-4316-a4b3-47fc66311932", "WorkflowType": "temporal-sys-worker-deployment-version-workflow", "WorkflowID": "temporal-sys-worker-deployment-version:rrentVersion_Batching-564e9892_deployment_series.rrentVersion_Batching-564e9892_build_id", "RunID": "0195af0e-98a0-7d94-93e5-2a1d2e5942f8", "Attempt": 0, "ActivityID": "701", "ActivityType": "CheckWorkerDeploymentUserDataPropagation", "logging-call-at": "/Users/shivamsaraf/Desktop/work/temporal/common/log/with_logger.go:61"}
2025-03-19T11:38:51.951-0400	debug	Frontend method invoked.	{"host": "127.0.0.1:63278", "wf-namespace": "namespace-ec265ab4-426c-4316-a4b3-47fc66311932", "operation": "PollWorkflowTaskQueue", "server-name": "", "cert-thumbprint": "", "logging-call-at": "/Users/shivamsaraf/Desktop/work/temporal/common/log/with_logger.go:61"}
2025-03-19T11:38:51.951-0400	debug	Received PollWorkflowTaskQueue	{"host": "127.0.0.1:63278", "service": "frontend", "logging-call-at": "/Users/shivamsaraf/Desktop/work/temporal/common/log/with_logger.go:61"}
2025-03-19T11:38:51.951-0400	debug	Poll workflow task queue.	{"host": "127.0.0.1:63278", "service": "frontend", "wf-namespace": "namespace-ec265ab4-426c-4316-a4b3-47fc66311932", "wf-namespace-id": "d0b550e3-6091-4a9b-a9aa-3d80ffb24954", "logging-call-at": "/Users/shivamsaraf/Desktop/work/temporal/common/log/with_logger.go:61"}
2025-03-19T11:38:51.951-0400	debug	Frontend method invoked.	{"host": "127.0.0.1:63278", "wf-namespace": "namespace-ec265ab4-426c-4316-a4b3-47fc66311932", "operation": "RespondWorkflowTaskCompleted", "server-name": "", "cert-thumbprint": "", "logging-call-at": "/Users/shivamsaraf/Desktop/work/temporal/common/log/with_logger.go:61"}
2025-03-19T11:38:51.952-0400	debug	RespondWorkflowTaskCompleted	{"host": "127.0.0.1:63280", "service": "history", "wf-namespace-id": "d0b550e3-6091-4a9b-a9aa-3d80ffb24954", "wf-id": "temporal-sys-worker-deployment-version:rrentVersion_Batching-564e9892_deployment_series.rrentVersion_Batching-564e9892_build_id", "wf-run-id": "0195af0e-98a0-7d94-93e5-2a1d2e5942f8", "wf-scheduled-event-id": 698, "logging-call-at": "/Users/shivamsaraf/Desktop/work/temporal/common/log/with_logger.go:61"}
2025-03-19T11:38:51.952-0400	debug	Workflow task updated	{"host": "127.0.0.1:63280", "shard-id": 4, "address": "127.0.0.1:63280", "wf-scheduled-event-id": 0, "wf-started-event-id": 0, "workflow-task-request-id": "emptyUuid", "workflow-task-timeout": 0, "attempt": 1, "wf-started-timestamp": "1970-01-01T00:00:00.000Z", "wt-type": "Unspecified", "logging-call-at": "/Users/shivamsaraf/Desktop/work/temporal/common/log/with_logger.go:61"}
2025-03-19T11:38:51.952-0400	debug	Assigning new task key	{"host": "127.0.0.1:63280", "shard-id": 4, "address": "127.0.0.1:63280", "wf-namespace-id": "d0b550e3-6091-4a9b-a9aa-3d80ffb24954", "wf-id": "temporal-sys-worker-deployment-version:rrentVersion_Batching-564e9892_deployment_series.rrentVersion_Batching-564e9892_build_id", "wf-run-id": "0195af0e-98a0-7d94-93e5-2a1d2e5942f8", "queue-task-type": "TransferActivityTask", "queue-task-id": 1050385, "timestamp": "2025-03-19T15:38:51.952Z", "cursor-timestamp": "2025-03-19T15:38:52.939Z", "logging-call-at": "/Users/shivamsaraf/Desktop/work/temporal/common/log/with_logger.go:61"}
2025-03-19T11:38:51.957-0400	debug	Process task as active.	{"host": "127.0.0.1:63280", "shard-id": 4, "address": "127.0.0.1:63280", "component": "transfer-queue-processor", "wf-namespace-id": "d0b550e3-6091-4a9b-a9aa-3d80ffb24954", "value": "d0b550e3-6091-4a9b-a9aa-3d80ffb24954/temporal-sys-worker-deployment-version:rrentVersion_Batching-564e9892_deployment_series.rrentVersion_Batching-564e9892_build_id/0195af0e-98a0-7d94-93e5-2a1d2e5942f8", "logging-call-at": "/Users/shivamsaraf/Desktop/work/temporal/common/log/with_logger.go:61"}
2025-03-19T11:38:51.958-0400	debug	Assigning new task key	{"host": "127.0.0.1:63280", "shard-id": 4, "address": "127.0.0.1:63280", "wf-namespace-id": "d0b550e3-6091-4a9b-a9aa-3d80ffb24954", "wf-id": "temporal-sys-worker-deployment-version:rrentVersion_Batching-564e9892_deployment_series.rrentVersion_Batching-564e9892_build_id", "wf-run-id": "0195af0e-98a0-7d94-93e5-2a1d2e5942f8", "queue-task-type": "ActivityTimeout", "queue-task-id": 1050386, "timestamp": "2025-03-19T15:39:51.959Z", "cursor-timestamp": "2025-03-19T15:38:52.956Z", "logging-call-at": "/Users/shivamsaraf/Desktop/work/temporal/common/log/with_logger.go:61"}
2025-03-19T11:38:51.962-0400	info	waiting for userdata propagation	{"host": "127.0.0.1:63281", "Namespace": "namespace-ec265ab4-426c-4316-a4b3-47fc66311932", "TaskQueue": "temporal-sys-per-ns-tq", "WorkerID": "temporal-system@Shivams-MacBook-Pro.local@namespace-ec265ab4-426c-4316-a4b3-47fc66311932", "ActivityID": "701", "ActivityType": "CheckWorkerDeploymentUserDataPropagation", "Attempt": 1, "WorkflowType": "temporal-sys-worker-deployment-version-workflow", "WorkflowID": "temporal-sys-worker-deployment-version:rrentVersion_Batching-564e9892_deployment_series.rrentVersion_Batching-564e9892_build_id", "RunID": "0195af0e-98a0-7d94-93e5-2a1d2e5942f8", "taskQueue": "rrentVersion_Batching-564e9892_task_queue_6", "version": 1, "logging-call-at": "/Users/shivamsaraf/Desktop/work/temporal/common/log/with_logger.go:66"}
2025-03-19T11:38:51.962-0400	debug	Frontend method invoked.	{"host": "127.0.0.1:63278", "wf-namespace": "namespace-ec265ab4-426c-4316-a4b3-47fc66311932", "operation": "PollActivityTaskQueue", "server-name": "", "cert-thumbprint": "", "logging-call-at": "/Users/shivamsaraf/Desktop/work/temporal/common/log/with_logger.go:61"}
2025-03-19T11:38:51.962-0400	debug	Received PollActivityTaskQueue	{"host": "127.0.0.1:63278", "service": "frontend", "logging-call-at": "/Users/shivamsaraf/Desktop/work/temporal/common/log/with_logger.go:61"}
2025-03-19T11:38:51.963-0400	info	returning user data	{"host": "127.0.0.1:63279", "component": "matching-engine", "wf-task-queue-name": "/_sys/rrentVersion_Batching-564e9892_task_queue_6/1", "wf-task-queue-type": "Workflow", "wf-namespace": "namespace-ec265ab4-426c-4316-a4b3-47fc66311932", "long-poll": true, "request-known-version": 0, "user-data-version": 1, "logging-call-at": "/Users/shivamsaraf/Desktop/work/temporal/common/log/with_logger.go:66"}
2025-03-19T11:38:51.963-0400	info	returning user data	{"host": "127.0.0.1:63279", "component": "matching-engine", "wf-task-queue-name": "/_sys/rrentVersion_Batching-564e9892_task_queue_6/3", "wf-task-queue-type": "Workflow", "wf-namespace": "namespace-ec265ab4-426c-4316-a4b3-47fc66311932", "long-poll": true, "request-known-version": 0, "user-data-version": 1, "logging-call-at": "/Users/shivamsaraf/Desktop/work/temporal/common/log/with_logger.go:66"}
2025-03-19T11:38:51.963-0400	info	returning user data	{"host": "127.0.0.1:63279", "component": "matching-engine", "wf-task-queue-name": "/_sys/rrentVersion_Batching-564e9892_task_queue_6/2", "wf-task-queue-type": "Workflow", "wf-namespace": "namespace-ec265ab4-426c-4316-a4b3-47fc66311932", "long-poll": true, "request-known-version": 0, "user-data-version": 1, "logging-call-at": "/Users/shivamsaraf/Desktop/work/temporal/common/log/with_logger.go:66"}
2025-03-19T11:38:51.963-0400	info	matching client encountered error	{"host": "127.0.0.1:63279", "error": "partition was not loaded", "service-error-type": "serviceerror.FailedPrecondition", "logging-call-at": "/Users/shivamsaraf/Desktop/work/temporal/common/log/with_logger.go:66"}
2025-03-19T11:38:51.963-0400	info	matching client encountered error	{"host": "127.0.0.1:63279", "error": "partition was not loaded", "service-error-type": "serviceerror.FailedPrecondition", "logging-call-at": "/Users/shivamsaraf/Desktop/work/temporal/common/log/with_logger.go:66"}
2025-03-19T11:38:51.963-0400	info	matching client encountered error	{"host": "127.0.0.1:63279", "error": "partition was not loaded", "service-error-type": "serviceerror.FailedPrecondition", "logging-call-at": "/Users/shivamsaraf/Desktop/work/temporal/common/log/with_logger.go:66"}
2025-03-19T11:38:51.963-0400	info	matching client encountered error	{"host": "127.0.0.1:63279", "error": "partition was not loaded", "service-error-type": "serviceerror.FailedPrecondition", "logging-call-at": "/Users/shivamsaraf/Desktop/work/temporal/common/log/with_logger.go:66"}
2025-03-19T11:38:51.964-0400	debug	Frontend method invoked.	{"host": "127.0.0.1:63278", "wf-namespace": "namespace-ec265ab4-426c-4316-a4b3-47fc66311932", "operation": "RespondActivityTaskCompleted", "server-name": "", "cert-thumbprint": "", "logging-call-at": "/Users/shivamsaraf/Desktop/work/temporal/common/log/with_logger.go:61"}
2025-03-19T11:38:51.964-0400	debug	Workflow task updated	{"host": "127.0.0.1:63280", "shard-id": 4, "address": "127.0.0.1:63280", "wf-scheduled-event-id": 704, "wf-started-event-id": 0, "workflow-task-request-id": "emptyUuid", "workflow-task-timeout": 10, "attempt": 1, "wf-started-timestamp": "0001-01-01T00:00:00.000Z", "wt-type": "Normal", "logging-call-at": "/Users/shivamsaraf/Desktop/work/temporal/common/log/with_logger.go:61"}
2025-03-19T11:38:51.964-0400	debug	Assigning new task key	{"host": "127.0.0.1:63280", "shard-id": 4, "address": "127.0.0.1:63280", "wf-namespace-id": "d0b550e3-6091-4a9b-a9aa-3d80ffb24954", "wf-id": "temporal-sys-worker-deployment-version:rrentVersion_Batching-564e9892_deployment_series.rrentVersion_Batching-564e9892_build_id", "wf-run-id": "0195af0e-98a0-7d94-93e5-2a1d2e5942f8", "queue-task-type": "TransferWorkflowTask", "queue-task-id": 1050392, "timestamp": "2025-03-19T15:38:51.964Z", "cursor-timestamp": "2025-03-19T15:38:52.956Z", "logging-call-at": "/Users/shivamsaraf/Desktop/work/temporal/common/log/with_logger.go:61"}
2025-03-19T11:38:51.964-0400	debug	Assigning new task key	{"host": "127.0.0.1:63280", "shard-id": 4, "address": "127.0.0.1:63280", "wf-namespace-id": "d0b550e3-6091-4a9b-a9aa-3d80ffb24954", "wf-id": "temporal-sys-worker-deployment-version:rrentVersion_Batching-564e9892_deployment_series.rrentVersion_Batching-564e9892_build_id", "wf-run-id": "0195af0e-98a0-7d94-93e5-2a1d2e5942f8", "queue-task-type": "WorkflowTaskTimeout", "queue-task-id": 1050393, "timestamp": "2025-03-19T15:38:56.965Z", "cursor-timestamp": "2025-03-19T15:38:52.956Z", "logging-call-at": "/Users/shivamsaraf/Desktop/work/temporal/common/log/with_logger.go:61"}
2025-03-19T11:38:51.968-0400	debug	Process task as active.	{"host": "127.0.0.1:63280", "shard-id": 4, "address": "127.0.0.1:63280", "component": "transfer-queue-processor", "wf-namespace-id": "d0b550e3-6091-4a9b-a9aa-3d80ffb24954", "value": "d0b550e3-6091-4a9b-a9aa-3d80ffb24954/temporal-sys-worker-deployment-version:rrentVersion_Batching-564e9892_deployment_series.rrentVersion_Batching-564e9892_build_id/0195af0e-98a0-7d94-93e5-2a1d2e5942f8", "logging-call-at": "/Users/shivamsaraf/Desktop/work/temporal/common/log/with_logger.go:61"}
2025-03-19T11:38:51.969-0400	debug	Workflow task updated	{"host": "127.0.0.1:63280", "shard-id": 4, "address": "127.0.0.1:63280", "wf-scheduled-event-id": 704, "wf-started-event-id": 705, "workflow-task-request-id": "15777282-53d2-4c34-830b-4838b79fe3a0", "workflow-task-timeout": 10, "attempt": 1, "wf-started-timestamp": "2025-03-19T15:38:51.969Z", "wt-type": "Normal", "logging-call-at": "/Users/shivamsaraf/Desktop/work/temporal/common/log/with_logger.go:61"}
2025-03-19T11:38:51.969-0400	debug	Assigning new task key	{"host": "127.0.0.1:63280", "shard-id": 4, "address": "127.0.0.1:63280", "wf-namespace-id": "d0b550e3-6091-4a9b-a9aa-3d80ffb24954", "wf-id": "temporal-sys-worker-deployment-version:rrentVersion_Batching-564e9892_deployment_series.rrentVersion_Batching-564e9892_build_id", "wf-run-id": "0195af0e-98a0-7d94-93e5-2a1d2e5942f8", "queue-task-type": "WorkflowTaskTimeout", "queue-task-id": 1050396, "timestamp": "2025-03-19T15:39:01.970Z", "cursor-timestamp": "2025-03-19T15:38:52.968Z", "logging-call-at": "/Users/shivamsaraf/Desktop/work/temporal/common/log/with_logger.go:61"}
2025-03-19T11:38:51.977-0400	debug	Frontend method invoked.	{"host": "127.0.0.1:63278", "wf-namespace": "namespace-ec265ab4-426c-4316-a4b3-47fc66311932", "operation": "PollWorkflowTaskQueue", "server-name": "", "cert-thumbprint": "", "logging-call-at": "/Users/shivamsaraf/Desktop/work/temporal/common/log/with_logger.go:61"}
2025-03-19T11:38:51.977-0400	debug	Received PollWorkflowTaskQueue	{"host": "127.0.0.1:63278", "service": "frontend", "logging-call-at": "/Users/shivamsaraf/Desktop/work/temporal/common/log/with_logger.go:61"}
2025-03-19T11:38:51.977-0400	debug	Frontend method invoked.	{"host": "127.0.0.1:63278", "wf-namespace": "namespace-ec265ab4-426c-4316-a4b3-47fc66311932", "operation": "RespondWorkflowTaskCompleted", "server-name": "", "cert-thumbprint": "", "logging-call-at": "/Users/shivamsaraf/Desktop/work/temporal/common/log/with_logger.go:61"}
2025-03-19T11:38:51.977-0400	debug	Poll workflow task queue.	{"host": "127.0.0.1:63278", "service": "frontend", "wf-namespace": "namespace-ec265ab4-426c-4316-a4b3-47fc66311932", "wf-namespace-id": "d0b550e3-6091-4a9b-a9aa-3d80ffb24954", "logging-call-at": "/Users/shivamsaraf/Desktop/work/temporal/common/log/with_logger.go:61"}
2025-03-19T11:38:51.978-0400	debug	RespondWorkflowTaskCompleted	{"host": "127.0.0.1:63280", "service": "history", "wf-namespace-id": "d0b550e3-6091-4a9b-a9aa-3d80ffb24954", "wf-id": "temporal-sys-worker-deployment-version:rrentVersion_Batching-564e9892_deployment_series.rrentVersion_Batching-564e9892_build_id", "wf-run-id": "0195af0e-98a0-7d94-93e5-2a1d2e5942f8", "wf-scheduled-event-id": 704, "logging-call-at": "/Users/shivamsaraf/Desktop/work/temporal/common/log/with_logger.go:61"}
2025-03-19T11:38:51.978-0400	debug	Workflow task updated	{"host": "127.0.0.1:63280", "shard-id": 4, "address": "127.0.0.1:63280", "wf-scheduled-event-id": 0, "wf-started-event-id": 0, "workflow-task-request-id": "emptyUuid", "workflow-task-timeout": 0, "attempt": 1, "wf-started-timestamp": "1970-01-01T00:00:00.000Z", "wt-type": "Unspecified", "logging-call-at": "/Users/shivamsaraf/Desktop/work/temporal/common/log/with_logger.go:61"}
2025-03-19T11:38:51.978-0400	debug	update state change	{"host": "127.0.0.1:63280", "shard-id": 4, "address": "127.0.0.1:63280", "wf-namespace-id": "d0b550e3-6091-4a9b-a9aa-3d80ffb24954", "wf-id": "temporal-sys-worker-deployment-version:rrentVersion_Batching-564e9892_deployment_series.rrentVersion_Batching-564e9892_build_id", "wf-run-id": "0195af0e-98a0-7d94-93e5-2a1d2e5942f8", "update-id": "cfc281c2-cba8-48ca-be0c-ae5a9df7f2a9", "from-state": "Accepted", "to-state": "ProvisionallyCompleted", "logging-call-at": "/Users/shivamsaraf/Desktop/work/temporal/common/log/with_logger.go:61"}
2025-03-19T11:38:51.981-0400	debug	update state change	{"host": "127.0.0.1:63280", "shard-id": 4, "address": "127.0.0.1:63280", "wf-namespace-id": "d0b550e3-6091-4a9b-a9aa-3d80ffb24954", "wf-id": "temporal-sys-worker-deployment-version:rrentVersion_Batching-564e9892_deployment_series.rrentVersion_Batching-564e9892_build_id", "wf-run-id": "0195af0e-98a0-7d94-93e5-2a1d2e5942f8", "update-id": "cfc281c2-cba8-48ca-be0c-ae5a9df7f2a9", "from-state": "ProvisionallyCompleted", "to-state": "Completed", "logging-call-at": "/Users/shivamsaraf/Desktop/work/temporal/common/log/with_logger.go:61"}
2025-03-19T11:38:51.981-0400	debug	Frontend method invoked.	{"host": "127.0.0.1:63278", "wf-namespace": "namespace-ec265ab4-426c-4316-a4b3-47fc66311932", "operation": "RespondActivityTaskCompleted", "server-name": "", "cert-thumbprint": "", "logging-call-at": "/Users/shivamsaraf/Desktop/work/temporal/common/log/with_logger.go:61"}
2025-03-19T11:38:51.982-0400	debug	Workflow task updated	{"host": "127.0.0.1:63280", "shard-id": 1, "address": "127.0.0.1:63280", "wf-scheduled-event-id": 340, "wf-started-event-id": 0, "workflow-task-request-id": "emptyUuid", "workflow-task-timeout": 10, "attempt": 1, "wf-started-timestamp": "0001-01-01T00:00:00.000Z", "wt-type": "Normal", "logging-call-at": "/Users/shivamsaraf/Desktop/work/temporal/common/log/with_logger.go:61"}
2025-03-19T11:38:51.982-0400	debug	Assigning new task key	{"host": "127.0.0.1:63280", "shard-id": 1, "address": "127.0.0.1:63280", "wf-namespace-id": "d0b550e3-6091-4a9b-a9aa-3d80ffb24954", "wf-id": "temporal-sys-worker-deployment:rrentVersion_Batching-564e9892_deployment_series", "wf-run-id": "0195af0e-960d-715f-b6c6-08dcdf4b78ec", "queue-task-type": "WorkflowTaskTimeout", "queue-task-id": 1049384, "timestamp": "2025-03-19T15:38:56.983Z", "cursor-timestamp": "2025-03-19T15:38:52.807Z", "logging-call-at": "/Users/shivamsaraf/Desktop/work/temporal/common/log/with_logger.go:61"}
2025-03-19T11:38:51.982-0400	debug	Assigning new task key	{"host": "127.0.0.1:63280", "shard-id": 1, "address": "127.0.0.1:63280", "wf-namespace-id": "d0b550e3-6091-4a9b-a9aa-3d80ffb24954", "wf-id": "temporal-sys-worker-deployment:rrentVersion_Batching-564e9892_deployment_series", "wf-run-id": "0195af0e-960d-715f-b6c6-08dcdf4b78ec", "queue-task-type": "TransferWorkflowTask", "queue-task-id": 1049385, "timestamp": "2025-03-19T15:38:51.982Z", "cursor-timestamp": "2025-03-19T15:38:52.807Z", "logging-call-at": "/Users/shivamsaraf/Desktop/work/temporal/common/log/with_logger.go:61"}
2025-03-19T11:38:51.986-0400	debug	Process task as active.	{"host": "127.0.0.1:63280", "shard-id": 1, "address": "127.0.0.1:63280", "component": "transfer-queue-processor", "wf-namespace-id": "d0b550e3-6091-4a9b-a9aa-3d80ffb24954", "value": "d0b550e3-6091-4a9b-a9aa-3d80ffb24954/temporal-sys-worker-deployment:rrentVersion_Batching-564e9892_deployment_series/0195af0e-960d-715f-b6c6-08dcdf4b78ec", "logging-call-at": "/Users/shivamsaraf/Desktop/work/temporal/common/log/with_logger.go:61"}
2025-03-19T11:38:51.987-0400	debug	Workflow task updated	{"host": "127.0.0.1:63280", "shard-id": 1, "address": "127.0.0.1:63280", "wf-scheduled-event-id": 340, "wf-started-event-id": 341, "workflow-task-request-id": "77d1b558-7e91-4ccc-a242-b40f9382ccd7", "workflow-task-timeout": 10, "attempt": 1, "wf-started-timestamp": "2025-03-19T15:38:51.987Z", "wt-type": "Normal", "logging-call-at": "/Users/shivamsaraf/Desktop/work/temporal/common/log/with_logger.go:61"}
2025-03-19T11:38:51.987-0400	debug	Assigning new task key	{"host": "127.0.0.1:63280", "shard-id": 1, "address": "127.0.0.1:63280", "wf-namespace-id": "d0b550e3-6091-4a9b-a9aa-3d80ffb24954", "wf-id": "temporal-sys-worker-deployment:rrentVersion_Batching-564e9892_deployment_series", "wf-run-id": "0195af0e-960d-715f-b6c6-08dcdf4b78ec", "queue-task-type": "WorkflowTaskTimeout", "queue-task-id": 1049388, "timestamp": "2025-03-19T15:39:01.988Z", "cursor-timestamp": "2025-03-19T15:38:52.985Z", "logging-call-at": "/Users/shivamsaraf/Desktop/work/temporal/common/log/with_logger.go:61"}
2025-03-19T11:38:51.993-0400	debug	ExecuteActivity	{"host": "127.0.0.1:63281", "Namespace": "namespace-ec265ab4-426c-4316-a4b3-47fc66311932", "TaskQueue": "temporal-sys-per-ns-tq", "WorkerID": "temporal-system@Shivams-MacBook-Pro.local@namespace-ec265ab4-426c-4316-a4b3-47fc66311932", "WorkflowType": "temporal-sys-worker-deployment-workflow", "WorkflowID": "temporal-sys-worker-deployment:rrentVersion_Batching-564e9892_deployment_series", "RunID": "0195af0e-960d-715f-b6c6-08dcdf4b78ec", "Attempt": 0, "ActivityID": "344", "ActivityType": "RegisterWorkerInVersion", "logging-call-at": "/Users/shivamsaraf/Desktop/work/temporal/common/log/with_logger.go:61"}
2025-03-19T11:38:51.993-0400	debug	Frontend method invoked.	{"host": "127.0.0.1:63278", "wf-namespace": "namespace-ec265ab4-426c-4316-a4b3-47fc66311932", "operation": "PollWorkflowTaskQueue", "server-name": "", "cert-thumbprint": "", "logging-call-at": "/Users/shivamsaraf/Desktop/work/temporal/common/log/with_logger.go:61"}
2025-03-19T11:38:51.994-0400	debug	Received PollWorkflowTaskQueue	{"host": "127.0.0.1:63278", "service": "frontend", "logging-call-at": "/Users/shivamsaraf/Desktop/work/temporal/common/log/with_logger.go:61"}
2025-03-19T11:38:51.994-0400	debug	Poll workflow task queue.	{"host": "127.0.0.1:63278", "service": "frontend", "wf-namespace": "namespace-ec265ab4-426c-4316-a4b3-47fc66311932", "wf-namespace-id": "d0b550e3-6091-4a9b-a9aa-3d80ffb24954", "logging-call-at": "/Users/shivamsaraf/Desktop/work/temporal/common/log/with_logger.go:61"}
2025-03-19T11:38:51.994-0400	debug	Frontend method invoked.	{"host": "127.0.0.1:63278", "wf-namespace": "namespace-ec265ab4-426c-4316-a4b3-47fc66311932", "operation": "RespondWorkflowTaskCompleted", "server-name": "", "cert-thumbprint": "", "logging-call-at": "/Users/shivamsaraf/Desktop/work/temporal/common/log/with_logger.go:61"}
2025-03-19T11:38:51.995-0400	debug	RespondWorkflowTaskCompleted	{"host": "127.0.0.1:63280", "service": "history", "wf-namespace-id": "d0b550e3-6091-4a9b-a9aa-3d80ffb24954", "wf-id": "temporal-sys-worker-deployment:rrentVersion_Batching-564e9892_deployment_series", "wf-run-id": "0195af0e-960d-715f-b6c6-08dcdf4b78ec", "wf-scheduled-event-id": 340, "logging-call-at": "/Users/shivamsaraf/Desktop/work/temporal/common/log/with_logger.go:61"}
2025-03-19T11:38:51.995-0400	debug	Workflow task updated	{"host": "127.0.0.1:63280", "shard-id": 1, "address": "127.0.0.1:63280", "wf-scheduled-event-id": 0, "wf-started-event-id": 0, "workflow-task-request-id": "emptyUuid", "workflow-task-timeout": 0, "attempt": 1, "wf-started-timestamp": "1970-01-01T00:00:00.000Z", "wt-type": "Unspecified", "logging-call-at": "/Users/shivamsaraf/Desktop/work/temporal/common/log/with_logger.go:61"}
2025-03-19T11:38:51.995-0400	debug	update state change	{"host": "127.0.0.1:63280", "shard-id": 1, "address": "127.0.0.1:63280", "wf-namespace-id": "d0b550e3-6091-4a9b-a9aa-3d80ffb24954", "wf-id": "temporal-sys-worker-deployment:rrentVersion_Batching-564e9892_deployment_series", "wf-run-id": "0195af0e-960d-715f-b6c6-08dcdf4b78ec", "update-id": "7932537f-98c5-477d-b4ab-2ca1d386c12f", "from-state": "Accepted", "to-state": "ProvisionallyCompleted", "logging-call-at": "/Users/shivamsaraf/Desktop/work/temporal/common/log/with_logger.go:61"}
2025-03-19T11:38:51.995-0400	debug	Assigning new task key	{"host": "127.0.0.1:63280", "shard-id": 1, "address": "127.0.0.1:63280", "wf-namespace-id": "d0b550e3-6091-4a9b-a9aa-3d80ffb24954", "wf-id": "temporal-sys-worker-deployment:rrentVersion_Batching-564e9892_deployment_series", "wf-run-id": "0195af0e-960d-715f-b6c6-08dcdf4b78ec", "queue-task-type": "TransferActivityTask", "queue-task-id": 1049394, "timestamp": "2025-03-19T15:38:51.995Z", "cursor-timestamp": "2025-03-19T15:38:52.985Z", "logging-call-at": "/Users/shivamsaraf/Desktop/work/temporal/common/log/with_logger.go:61"}
2025-03-19T11:38:51.998-0400	debug	update state change	{"host": "127.0.0.1:63280", "shard-id": 1, "address": "127.0.0.1:63280", "wf-namespace-id": "d0b550e3-6091-4a9b-a9aa-3d80ffb24954", "wf-id": "temporal-sys-worker-deployment:rrentVersion_Batching-564e9892_deployment_series", "wf-run-id": "0195af0e-960d-715f-b6c6-08dcdf4b78ec", "update-id": "7932537f-98c5-477d-b4ab-2ca1d386c12f", "from-state": "ProvisionallyCompleted", "to-state": "Completed", "logging-call-at": "/Users/shivamsaraf/Desktop/work/temporal/common/log/with_logger.go:61"}
2025-03-19T11:38:51.998-0400	debug	deployment client success	{"host": "127.0.0.1:63279", "operation": "RegisterTaskQueueWorker", "elapsed": 8.433689875, "args": ["rrentVersion_Batching-564e9892_task_queue_6",1,"matching service"], "logging-call-at": "/Users/shivamsaraf/Desktop/work/temporal/common/log/with_logger.go:61"}
2025-03-19T11:38:51.999-0400	debug	Process task as active.	{"host": "127.0.0.1:63280", "shard-id": 1, "address": "127.0.0.1:63280", "component": "transfer-queue-processor", "wf-namespace-id": "d0b550e3-6091-4a9b-a9aa-3d80ffb24954", "value": "d0b550e3-6091-4a9b-a9aa-3d80ffb24954/temporal-sys-worker-deployment:rrentVersion_Batching-564e9892_deployment_series/0195af0e-960d-715f-b6c6-08dcdf4b78ec", "logging-call-at": "/Users/shivamsaraf/Desktop/work/temporal/common/log/with_logger.go:61"}
2025-03-19T11:38:51.999-0400	info	Started physicalTaskQueueManager	{"host": "127.0.0.1:63279", "component": "matching-engine", "wf-task-queue-name": "rrentVersion_Batching-564e9892_task_queue_6", "wf-task-queue-type": "Workflow", "wf-namespace": "namespace-ec265ab4-426c-4316-a4b3-47fc66311932", "worker-build-id": "rrentVersion_Batching-564e9892_deployment_series/rrentVersion_Batching-564e9892_build_id", "lifecycle": "Started", "cause": "UserData", "logging-call-at": "/Users/shivamsaraf/Desktop/work/temporal/common/log/with_logger.go:66"}
2025-03-19T11:38:51.999-0400	debug	Assigning new task key	{"host": "127.0.0.1:63280", "shard-id": 1, "address": "127.0.0.1:63280", "wf-namespace-id": "d0b550e3-6091-4a9b-a9aa-3d80ffb24954", "wf-id": "temporal-sys-worker-deployment:rrentVersion_Batching-564e9892_deployment_series", "wf-run-id": "0195af0e-960d-715f-b6c6-08dcdf4b78ec", "queue-task-type": "ActivityTimeout", "queue-task-id": 1049396, "timestamp": "2025-03-19T15:39:52.000Z", "cursor-timestamp": "2025-03-19T15:38:52.998Z", "logging-call-at": "/Users/shivamsaraf/Desktop/work/temporal/common/log/with_logger.go:61"}
2025-03-19T11:38:52.003-0400	debug	Frontend method invoked.	{"host": "127.0.0.1:63278", "wf-namespace": "namespace-ec265ab4-426c-4316-a4b3-47fc66311932", "operation": "PollActivityTaskQueue", "server-name": "", "cert-thumbprint": "", "logging-call-at": "/Users/shivamsaraf/Desktop/work/temporal/common/log/with_logger.go:61"}
2025-03-19T11:38:52.004-0400	debug	Received PollActivityTaskQueue	{"host": "127.0.0.1:63278", "service": "frontend", "logging-call-at": "/Users/shivamsaraf/Desktop/work/temporal/common/log/with_logger.go:61"}
2025-03-19T11:38:52.004-0400	debug	update state change	{"host": "127.0.0.1:63280", "shard-id": 4, "address": "127.0.0.1:63280", "wf-namespace-id": "d0b550e3-6091-4a9b-a9aa-3d80ffb24954", "wf-id": "temporal-sys-worker-deployment-version:rrentVersion_Batching-564e9892_deployment_series.rrentVersion_Batching-564e9892_build_id", "wf-run-id": "0195af0e-98a0-7d94-93e5-2a1d2e5942f8", "update-id": "d3867fa9-eeec-42ed-9ffa-851e135dadb9", "from-state": "Created", "to-state": "ProvisionallyAdmitted", "logging-call-at": "/Users/shivamsaraf/Desktop/work/temporal/common/log/with_logger.go:61"}
2025-03-19T11:38:52.004-0400	debug	update state change	{"host": "127.0.0.1:63280", "shard-id": 4, "address": "127.0.0.1:63280", "wf-namespace-id": "d0b550e3-6091-4a9b-a9aa-3d80ffb24954", "wf-id": "temporal-sys-worker-deployment-version:rrentVersion_Batching-564e9892_deployment_series.rrentVersion_Batching-564e9892_build_id", "wf-run-id": "0195af0e-98a0-7d94-93e5-2a1d2e5942f8", "update-id": "d3867fa9-eeec-42ed-9ffa-851e135dadb9", "from-state": "ProvisionallyAdmitted", "to-state": "Admitted", "logging-call-at": "/Users/shivamsaraf/Desktop/work/temporal/common/log/with_logger.go:61"}
2025-03-19T11:38:52.005-0400	debug	Workflow task updated	{"host": "127.0.0.1:63280", "shard-id": 4, "address": "127.0.0.1:63280", "wf-scheduled-event-id": 708, "wf-started-event-id": 0, "workflow-task-request-id": "emptyUuid", "workflow-task-timeout": 10, "attempt": 1, "wf-started-timestamp": "0001-01-01T00:00:00.000Z", "wt-type": "Speculative", "logging-call-at": "/Users/shivamsaraf/Desktop/work/temporal/common/log/with_logger.go:61"}
2025-03-19T11:38:52.005-0400	debug	Workflow task updated	{"host": "127.0.0.1:63280", "shard-id": 4, "address": "127.0.0.1:63280", "wf-scheduled-event-id": 708, "wf-started-event-id": 709, "workflow-task-request-id": "94112dd4-60fe-4477-b823-0963c4991378", "workflow-task-timeout": 10, "attempt": 1, "wf-started-timestamp": "2025-03-19T15:38:52.005Z", "wt-type": "Speculative", "logging-call-at": "/Users/shivamsaraf/Desktop/work/temporal/common/log/with_logger.go:61"}
2025-03-19T11:38:52.005-0400	debug	update state change	{"host": "127.0.0.1:63280", "shard-id": 4, "address": "127.0.0.1:63280", "wf-namespace-id": "d0b550e3-6091-4a9b-a9aa-3d80ffb24954", "wf-id": "temporal-sys-worker-deployment-version:rrentVersion_Batching-564e9892_deployment_series.rrentVersion_Batching-564e9892_build_id", "wf-run-id": "0195af0e-98a0-7d94-93e5-2a1d2e5942f8", "update-id": "d3867fa9-eeec-42ed-9ffa-851e135dadb9", "from-state": "Admitted", "to-state": "Sent", "logging-call-at": "/Users/shivamsaraf/Desktop/work/temporal/common/log/with_logger.go:61"}
2025-03-19T11:38:52.010-0400	debug	ExecuteActivity	{"host": "127.0.0.1:63281", "Namespace": "namespace-ec265ab4-426c-4316-a4b3-47fc66311932", "TaskQueue": "temporal-sys-per-ns-tq", "WorkerID": "temporal-system@Shivams-MacBook-Pro.local@namespace-ec265ab4-426c-4316-a4b3-47fc66311932", "WorkflowType": "temporal-sys-worker-deployment-version-workflow", "WorkflowID": "temporal-sys-worker-deployment-version:rrentVersion_Batching-564e9892_deployment_series.rrentVersion_Batching-564e9892_build_id", "RunID": "0195af0e-98a0-7d94-93e5-2a1d2e5942f8", "Attempt": 0, "ActivityID": "712", "ActivityType": "SyncDeploymentVersionUserData", "logging-call-at": "/Users/shivamsaraf/Desktop/work/temporal/common/log/with_logger.go:61"}
2025-03-19T11:38:52.011-0400	debug	Frontend method invoked.	{"host": "127.0.0.1:63278", "wf-namespace": "namespace-ec265ab4-426c-4316-a4b3-47fc66311932", "operation": "PollWorkflowTaskQueue", "server-name": "", "cert-thumbprint": "", "logging-call-at": "/Users/shivamsaraf/Desktop/work/temporal/common/log/with_logger.go:61"}
2025-03-19T11:38:52.011-0400	debug	Received PollWorkflowTaskQueue	{"host": "127.0.0.1:63278", "service": "frontend", "logging-call-at": "/Users/shivamsaraf/Desktop/work/temporal/common/log/with_logger.go:61"}
2025-03-19T11:38:52.011-0400	debug	Poll workflow task queue.	{"host": "127.0.0.1:63278", "service": "frontend", "wf-namespace": "namespace-ec265ab4-426c-4316-a4b3-47fc66311932", "wf-namespace-id": "d0b550e3-6091-4a9b-a9aa-3d80ffb24954", "logging-call-at": "/Users/shivamsaraf/Desktop/work/temporal/common/log/with_logger.go:61"}
2025-03-19T11:38:52.011-0400	debug	Frontend method invoked.	{"host": "127.0.0.1:63278", "wf-namespace": "namespace-ec265ab4-426c-4316-a4b3-47fc66311932", "operation": "RespondWorkflowTaskCompleted", "server-name": "", "cert-thumbprint": "", "logging-call-at": "/Users/shivamsaraf/Desktop/work/temporal/common/log/with_logger.go:61"}
2025-03-19T11:38:52.011-0400	debug	RespondWorkflowTaskCompleted	{"host": "127.0.0.1:63280", "service": "history", "wf-namespace-id": "d0b550e3-6091-4a9b-a9aa-3d80ffb24954", "wf-id": "temporal-sys-worker-deployment-version:rrentVersion_Batching-564e9892_deployment_series.rrentVersion_Batching-564e9892_build_id", "wf-run-id": "0195af0e-98a0-7d94-93e5-2a1d2e5942f8", "wf-scheduled-event-id": 708, "logging-call-at": "/Users/shivamsaraf/Desktop/work/temporal/common/log/with_logger.go:61"}
2025-03-19T11:38:52.012-0400	debug	Workflow task updated	{"host": "127.0.0.1:63280", "shard-id": 4, "address": "127.0.0.1:63280", "wf-scheduled-event-id": 0, "wf-started-event-id": 0, "workflow-task-request-id": "emptyUuid", "workflow-task-timeout": 0, "attempt": 1, "wf-started-timestamp": "1970-01-01T00:00:00.000Z", "wt-type": "Unspecified", "logging-call-at": "/Users/shivamsaraf/Desktop/work/temporal/common/log/with_logger.go:61"}
2025-03-19T11:38:52.012-0400	debug	update state change	{"host": "127.0.0.1:63280", "shard-id": 4, "address": "127.0.0.1:63280", "wf-namespace-id": "d0b550e3-6091-4a9b-a9aa-3d80ffb24954", "wf-id": "temporal-sys-worker-deployment-version:rrentVersion_Batching-564e9892_deployment_series.rrentVersion_Batching-564e9892_build_id", "wf-run-id": "0195af0e-98a0-7d94-93e5-2a1d2e5942f8", "update-id": "d3867fa9-eeec-42ed-9ffa-851e135dadb9", "from-state": "Sent", "to-state": "ProvisionallyAccepted", "logging-call-at": "/Users/shivamsaraf/Desktop/work/temporal/common/log/with_logger.go:61"}
2025-03-19T11:38:52.012-0400	debug	Assigning new task key	{"host": "127.0.0.1:63280", "shard-id": 4, "address": "127.0.0.1:63280", "wf-namespace-id": "d0b550e3-6091-4a9b-a9aa-3d80ffb24954", "wf-id": "temporal-sys-worker-deployment-version:rrentVersion_Batching-564e9892_deployment_series.rrentVersion_Batching-564e9892_build_id", "wf-run-id": "0195af0e-98a0-7d94-93e5-2a1d2e5942f8", "queue-task-type": "TransferActivityTask", "queue-task-id": 1050413, "timestamp": "2025-03-19T15:38:52.012Z", "cursor-timestamp": "2025-03-19T15:38:52.968Z", "logging-call-at": "/Users/shivamsaraf/Desktop/work/temporal/common/log/with_logger.go:61"}
2025-03-19T11:38:52.016-0400	debug	update state change	{"host": "127.0.0.1:63280", "shard-id": 4, "address": "127.0.0.1:63280", "wf-namespace-id": "d0b550e3-6091-4a9b-a9aa-3d80ffb24954", "wf-id": "temporal-sys-worker-deployment-version:rrentVersion_Batching-564e9892_deployment_series.rrentVersion_Batching-564e9892_build_id", "wf-run-id": "0195af0e-98a0-7d94-93e5-2a1d2e5942f8", "update-id": "d3867fa9-eeec-42ed-9ffa-851e135dadb9", "from-state": "ProvisionallyAccepted", "to-state": "Accepted", "logging-call-at": "/Users/shivamsaraf/Desktop/work/temporal/common/log/with_logger.go:61"}
2025-03-19T11:38:52.017-0400	debug	Process task as active.	{"host": "127.0.0.1:63280", "shard-id": 4, "address": "127.0.0.1:63280", "component": "transfer-queue-processor", "wf-namespace-id": "d0b550e3-6091-4a9b-a9aa-3d80ffb24954", "value": "d0b550e3-6091-4a9b-a9aa-3d80ffb24954/temporal-sys-worker-deployment-version:rrentVersion_Batching-564e9892_deployment_series.rrentVersion_Batching-564e9892_build_id/0195af0e-98a0-7d94-93e5-2a1d2e5942f8", "logging-call-at": "/Users/shivamsaraf/Desktop/work/temporal/common/log/with_logger.go:61"}
2025-03-19T11:38:52.018-0400	debug	Assigning new task key	{"host": "127.0.0.1:63280", "shard-id": 4, "address": "127.0.0.1:63280", "wf-namespace-id": "d0b550e3-6091-4a9b-a9aa-3d80ffb24954", "wf-id": "temporal-sys-worker-deployment-version:rrentVersion_Batching-564e9892_deployment_series.rrentVersion_Batching-564e9892_build_id", "wf-run-id": "0195af0e-98a0-7d94-93e5-2a1d2e5942f8", "queue-task-type": "ActivityTimeout", "queue-task-id": 1050414, "timestamp": "2025-03-19T15:39:52.018Z", "cursor-timestamp": "2025-03-19T15:38:53.016Z", "logging-call-at": "/Users/shivamsaraf/Desktop/work/temporal/common/log/with_logger.go:61"}
2025-03-19T11:38:52.021-0400	info	syncing task queue userdata for deployment version	{"host": "127.0.0.1:63281", "Namespace": "namespace-ec265ab4-426c-4316-a4b3-47fc66311932", "TaskQueue": "temporal-sys-per-ns-tq", "WorkerID": "temporal-system@Shivams-MacBook-Pro.local@namespace-ec265ab4-426c-4316-a4b3-47fc66311932", "ActivityID": "712", "ActivityType": "SyncDeploymentVersionUserData", "Attempt": 1, "WorkflowType": "temporal-sys-worker-deployment-version-workflow", "WorkflowID": "temporal-sys-worker-deployment-version:rrentVersion_Batching-564e9892_deployment_series.rrentVersion_Batching-564e9892_build_id", "RunID": "0195af0e-98a0-7d94-93e5-2a1d2e5942f8", "taskQueue": "rrentVersion_Batching-564e9892_task_queue_10", "types": [1], "logging-call-at": "/Users/shivamsaraf/Desktop/work/temporal/common/log/with_logger.go:66"}
2025-03-19T11:38:52.022-0400	debug	Frontend method invoked.	{"host": "127.0.0.1:63278", "wf-namespace": "namespace-ec265ab4-426c-4316-a4b3-47fc66311932", "operation": "PollActivityTaskQueue", "server-name": "", "cert-thumbprint": "", "logging-call-at": "/Users/shivamsaraf/Desktop/work/temporal/common/log/with_logger.go:61"}
2025-03-19T11:38:52.022-0400	debug	Received PollActivityTaskQueue	{"host": "127.0.0.1:63278", "service": "frontend", "logging-call-at": "/Users/shivamsaraf/Desktop/work/temporal/common/log/with_logger.go:61"}
2025-03-19T11:38:52.028-0400	debug	Process task as active.	{"host": "127.0.0.1:63280", "shard-id": 4, "address": "127.0.0.1:63280", "component": "timer-queue-processor", "wf-namespace-id": "d0b550e3-6091-4a9b-a9aa-3d80ffb24954", "value": "d0b550e3-6091-4a9b-a9aa-3d80ffb24954/temporal-sys-worker-deployment-version:rrentVersion_Batching-564e9892_deployment_series.rrentVersion_Batching-564e9892_build_id/0195af0e-98a0-7d94-93e5-2a1d2e5942f8", "logging-call-at": "/Users/shivamsaraf/Desktop/work/temporal/common/log/with_logger.go:61"}
2025-03-19T11:38:52.057-0400	debug	Process task as active.	{"host": "127.0.0.1:63280", "shard-id": 4, "address": "127.0.0.1:63280", "component": "timer-queue-processor", "wf-namespace-id": "d0b550e3-6091-4a9b-a9aa-3d80ffb24954", "value": "d0b550e3-6091-4a9b-a9aa-3d80ffb24954/temporal-sys-worker-deployment-version:rrentVersion_Batching-564e9892_deployment_series.rrentVersion_Batching-564e9892_build_id/0195af0e-98a0-7d94-93e5-2a1d2e5942f8", "logging-call-at": "/Users/shivamsaraf/Desktop/work/temporal/common/log/with_logger.go:61"}
2025-03-19T11:38:52.074-0400	debug	Process task as active.	{"host": "127.0.0.1:63280", "shard-id": 1, "address": "127.0.0.1:63280", "component": "timer-queue-processor", "wf-namespace-id": "d0b550e3-6091-4a9b-a9aa-3d80ffb24954", "value": "d0b550e3-6091-4a9b-a9aa-3d80ffb24954/temporal-sys-worker-deployment:rrentVersion_Batching-564e9892_deployment_series/0195af0e-960d-715f-b6c6-08dcdf4b78ec", "logging-call-at": "/Users/shivamsaraf/Desktop/work/temporal/common/log/with_logger.go:61"}
2025-03-19T11:38:52.124-0400	info	modified user data	{"host": "127.0.0.1:63279", "component": "matching-engine", "wf-task-queue-name": "rrentVersion_Batching-564e9892_task_queue_10", "wf-task-queue-type": "Workflow", "wf-namespace": "namespace-ec265ab4-426c-4316-a4b3-47fc66311932", "user-data-update-source": "SyncDeploymentUserData", "user-data-version": 1, "timestamp": "2025-03-19T15:38:52.022Z", "logging-call-at": "/Users/shivamsaraf/Desktop/work/temporal/common/log/with_logger.go:66"}
2025-03-19T11:38:52.124-0400	debug	user data changed while blocked in long poll	{"host": "127.0.0.1:63279", "component": "matching-engine", "wf-task-queue-name": "rrentVersion_Batching-564e9892_task_queue_10", "wf-task-queue-type": "Workflow", "wf-namespace": "namespace-ec265ab4-426c-4316-a4b3-47fc66311932", "logging-call-at": "/Users/shivamsaraf/Desktop/work/temporal/common/log/with_logger.go:61"}
2025-03-19T11:38:52.124-0400	debug	user data changed while blocked in long poll	{"host": "127.0.0.1:63279", "component": "matching-engine", "wf-task-queue-name": "rrentVersion_Batching-564e9892_task_queue_10", "wf-task-queue-type": "Workflow", "wf-namespace": "namespace-ec265ab4-426c-4316-a4b3-47fc66311932", "logging-call-at": "/Users/shivamsaraf/Desktop/work/temporal/common/log/with_logger.go:61"}
2025-03-19T11:38:52.124-0400	debug	user data changed while blocked in long poll	{"host": "127.0.0.1:63279", "component": "matching-engine", "wf-task-queue-name": "rrentVersion_Batching-564e9892_task_queue_10", "wf-task-queue-type": "Workflow", "wf-namespace": "namespace-ec265ab4-426c-4316-a4b3-47fc66311932", "logging-call-at": "/Users/shivamsaraf/Desktop/work/temporal/common/log/with_logger.go:61"}
2025-03-19T11:38:52.124-0400	info	returning user data	{"host": "127.0.0.1:63279", "component": "matching-engine", "wf-task-queue-name": "rrentVersion_Batching-564e9892_task_queue_10", "wf-task-queue-type": "Workflow", "wf-namespace": "namespace-ec265ab4-426c-4316-a4b3-47fc66311932", "long-poll": true, "request-known-version": 0, "user-data-version": 1, "logging-call-at": "/Users/shivamsaraf/Desktop/work/temporal/common/log/with_logger.go:66"}
2025-03-19T11:38:52.124-0400	info	returning user data	{"host": "127.0.0.1:63279", "component": "matching-engine", "wf-task-queue-name": "rrentVersion_Batching-564e9892_task_queue_10", "wf-task-queue-type": "Workflow", "wf-namespace": "namespace-ec265ab4-426c-4316-a4b3-47fc66311932", "long-poll": true, "request-known-version": 0, "user-data-version": 1, "logging-call-at": "/Users/shivamsaraf/Desktop/work/temporal/common/log/with_logger.go:66"}
2025-03-19T11:38:52.124-0400	info	returning user data	{"host": "127.0.0.1:63279", "component": "matching-engine", "wf-task-queue-name": "rrentVersion_Batching-564e9892_task_queue_10", "wf-task-queue-type": "Workflow", "wf-namespace": "namespace-ec265ab4-426c-4316-a4b3-47fc66311932", "long-poll": true, "request-known-version": 0, "user-data-version": 1, "logging-call-at": "/Users/shivamsaraf/Desktop/work/temporal/common/log/with_logger.go:66"}
2025-03-19T11:38:52.124-0400	info	fetched user data from parent	{"host": "127.0.0.1:63279", "component": "matching-engine", "wf-task-queue-name": "/_sys/rrentVersion_Batching-564e9892_task_queue_10/1", "wf-task-queue-type": "Workflow", "wf-namespace": "namespace-ec265ab4-426c-4316-a4b3-47fc66311932", "user-data-version": 1, "timestamp": "2025-03-19T15:38:52.022Z", "logging-call-at": "/Users/shivamsaraf/Desktop/work/temporal/common/log/with_logger.go:66"}
2025-03-19T11:38:52.124-0400	info	fetched user data from parent	{"host": "127.0.0.1:63279", "component": "matching-engine", "wf-task-queue-name": "/_sys/rrentVersion_Batching-564e9892_task_queue_10/3", "wf-task-queue-type": "Workflow", "wf-namespace": "namespace-ec265ab4-426c-4316-a4b3-47fc66311932", "user-data-version": 1, "timestamp": "2025-03-19T15:38:52.022Z", "logging-call-at": "/Users/shivamsaraf/Desktop/work/temporal/common/log/with_logger.go:66"}
2025-03-19T11:38:52.124-0400	info	fetched user data from parent	{"host": "127.0.0.1:63279", "component": "matching-engine", "wf-task-queue-name": "/_sys/rrentVersion_Batching-564e9892_task_queue_10/2", "wf-task-queue-type": "Workflow", "wf-namespace": "namespace-ec265ab4-426c-4316-a4b3-47fc66311932", "user-data-version": 1, "timestamp": "2025-03-19T15:38:52.022Z", "logging-call-at": "/Users/shivamsaraf/Desktop/work/temporal/common/log/with_logger.go:66"}
2025-03-19T11:38:52.125-0400	debug	Frontend method invoked.	{"host": "127.0.0.1:63278", "wf-namespace": "namespace-ec265ab4-426c-4316-a4b3-47fc66311932", "operation": "RespondActivityTaskCompleted", "server-name": "", "cert-thumbprint": "", "logging-call-at": "/Users/shivamsaraf/Desktop/work/temporal/common/log/with_logger.go:61"}
2025-03-19T11:38:52.125-0400	debug	Workflow task updated	{"host": "127.0.0.1:63280", "shard-id": 4, "address": "127.0.0.1:63280", "wf-scheduled-event-id": 715, "wf-started-event-id": 0, "workflow-task-request-id": "emptyUuid", "workflow-task-timeout": 10, "attempt": 1, "wf-started-timestamp": "0001-01-01T00:00:00.000Z", "wt-type": "Normal", "logging-call-at": "/Users/shivamsaraf/Desktop/work/temporal/common/log/with_logger.go:61"}
2025-03-19T11:38:52.126-0400	debug	Assigning new task key	{"host": "127.0.0.1:63280", "shard-id": 4, "address": "127.0.0.1:63280", "wf-namespace-id": "d0b550e3-6091-4a9b-a9aa-3d80ffb24954", "wf-id": "temporal-sys-worker-deployment-version:rrentVersion_Batching-564e9892_deployment_series.rrentVersion_Batching-564e9892_build_id", "wf-run-id": "0195af0e-98a0-7d94-93e5-2a1d2e5942f8", "queue-task-type": "WorkflowTaskTimeout", "queue-task-id": 1050420, "timestamp": "2025-03-19T15:38:57.126Z", "cursor-timestamp": "2025-03-19T15:38:53.016Z", "logging-call-at": "/Users/shivamsaraf/Desktop/work/temporal/common/log/with_logger.go:61"}
2025-03-19T11:38:52.126-0400	debug	Assigning new task key	{"host": "127.0.0.1:63280", "shard-id": 4, "address": "127.0.0.1:63280", "wf-namespace-id": "d0b550e3-6091-4a9b-a9aa-3d80ffb24954", "wf-id": "temporal-sys-worker-deployment-version:rrentVersion_Batching-564e9892_deployment_series.rrentVersion_Batching-564e9892_build_id", "wf-run-id": "0195af0e-98a0-7d94-93e5-2a1d2e5942f8", "queue-task-type": "TransferWorkflowTask", "queue-task-id": 1050421, "timestamp": "2025-03-19T15:38:52.126Z", "cursor-timestamp": "2025-03-19T15:38:53.016Z", "logging-call-at": "/Users/shivamsaraf/Desktop/work/temporal/common/log/with_logger.go:61"}
2025-03-19T11:38:52.132-0400	debug	Process task as active.	{"host": "127.0.0.1:63280", "shard-id": 4, "address": "127.0.0.1:63280", "component": "transfer-queue-processor", "wf-namespace-id": "d0b550e3-6091-4a9b-a9aa-3d80ffb24954", "value": "d0b550e3-6091-4a9b-a9aa-3d80ffb24954/temporal-sys-worker-deployment-version:rrentVersion_Batching-564e9892_deployment_series.rrentVersion_Batching-564e9892_build_id/0195af0e-98a0-7d94-93e5-2a1d2e5942f8", "logging-call-at": "/Users/shivamsaraf/Desktop/work/temporal/common/log/with_logger.go:61"}
2025-03-19T11:38:52.133-0400	debug	Workflow task updated	{"host": "127.0.0.1:63280", "shard-id": 4, "address": "127.0.0.1:63280", "wf-scheduled-event-id": 715, "wf-started-event-id": 716, "workflow-task-request-id": "87faf330-4487-448d-9454-26de390dcb2a", "workflow-task-timeout": 10, "attempt": 1, "wf-started-timestamp": "2025-03-19T15:38:52.133Z", "wt-type": "Normal", "logging-call-at": "/Users/shivamsaraf/Desktop/work/temporal/common/log/with_logger.go:61"}
2025-03-19T11:38:52.133-0400	debug	Assigning new task key	{"host": "127.0.0.1:63280", "shard-id": 4, "address": "127.0.0.1:63280", "wf-namespace-id": "d0b550e3-6091-4a9b-a9aa-3d80ffb24954", "wf-id": "temporal-sys-worker-deployment-version:rrentVersion_Batching-564e9892_deployment_series.rrentVersion_Batching-564e9892_build_id", "wf-run-id": "0195af0e-98a0-7d94-93e5-2a1d2e5942f8", "queue-task-type": "WorkflowTaskTimeout", "queue-task-id": 1050424, "timestamp": "2025-03-19T15:39:02.134Z", "cursor-timestamp": "2025-03-19T15:38:53.131Z", "logging-call-at": "/Users/shivamsaraf/Desktop/work/temporal/common/log/with_logger.go:61"}
2025-03-19T11:38:52.143-0400	debug	ExecuteActivity	{"host": "127.0.0.1:63281", "Namespace": "namespace-ec265ab4-426c-4316-a4b3-47fc66311932", "TaskQueue": "temporal-sys-per-ns-tq", "WorkerID": "temporal-system@Shivams-MacBook-Pro.local@namespace-ec265ab4-426c-4316-a4b3-47fc66311932", "WorkflowType": "temporal-sys-worker-deployment-version-workflow", "WorkflowID": "temporal-sys-worker-deployment-version:rrentVersion_Batching-564e9892_deployment_series.rrentVersion_Batching-564e9892_build_id", "RunID": "0195af0e-98a0-7d94-93e5-2a1d2e5942f8", "Attempt": 0, "ActivityID": "718", "ActivityType": "CheckWorkerDeploymentUserDataPropagation", "logging-call-at": "/Users/shivamsaraf/Desktop/work/temporal/common/log/with_logger.go:61"}
2025-03-19T11:38:52.143-0400	debug	Frontend method invoked.	{"host": "127.0.0.1:63278", "wf-namespace": "namespace-ec265ab4-426c-4316-a4b3-47fc66311932", "operation": "PollWorkflowTaskQueue", "server-name": "", "cert-thumbprint": "", "logging-call-at": "/Users/shivamsaraf/Desktop/work/temporal/common/log/with_logger.go:61"}
2025-03-19T11:38:52.143-0400	debug	Received PollWorkflowTaskQueue	{"host": "127.0.0.1:63278", "service": "frontend", "logging-call-at": "/Users/shivamsaraf/Desktop/work/temporal/common/log/with_logger.go:61"}
2025-03-19T11:38:52.143-0400	debug	Poll workflow task queue.	{"host": "127.0.0.1:63278", "service": "frontend", "wf-namespace": "namespace-ec265ab4-426c-4316-a4b3-47fc66311932", "wf-namespace-id": "d0b550e3-6091-4a9b-a9aa-3d80ffb24954", "logging-call-at": "/Users/shivamsaraf/Desktop/work/temporal/common/log/with_logger.go:61"}
2025-03-19T11:38:52.144-0400	debug	Frontend method invoked.	{"host": "127.0.0.1:63278", "wf-namespace": "namespace-ec265ab4-426c-4316-a4b3-47fc66311932", "operation": "RespondWorkflowTaskCompleted", "server-name": "", "cert-thumbprint": "", "logging-call-at": "/Users/shivamsaraf/Desktop/work/temporal/common/log/with_logger.go:61"}
2025-03-19T11:38:52.144-0400	debug	RespondWorkflowTaskCompleted	{"host": "127.0.0.1:63280", "service": "history", "wf-namespace-id": "d0b550e3-6091-4a9b-a9aa-3d80ffb24954", "wf-id": "temporal-sys-worker-deployment-version:rrentVersion_Batching-564e9892_deployment_series.rrentVersion_Batching-564e9892_build_id", "wf-run-id": "0195af0e-98a0-7d94-93e5-2a1d2e5942f8", "wf-scheduled-event-id": 715, "logging-call-at": "/Users/shivamsaraf/Desktop/work/temporal/common/log/with_logger.go:61"}
2025-03-19T11:38:52.144-0400	debug	Workflow task updated	{"host": "127.0.0.1:63280", "shard-id": 4, "address": "127.0.0.1:63280", "wf-scheduled-event-id": 0, "wf-started-event-id": 0, "workflow-task-request-id": "emptyUuid", "workflow-task-timeout": 0, "attempt": 1, "wf-started-timestamp": "1970-01-01T00:00:00.000Z", "wt-type": "Unspecified", "logging-call-at": "/Users/shivamsaraf/Desktop/work/temporal/common/log/with_logger.go:61"}
2025-03-19T11:38:52.144-0400	debug	Assigning new task key	{"host": "127.0.0.1:63280", "shard-id": 4, "address": "127.0.0.1:63280", "wf-namespace-id": "d0b550e3-6091-4a9b-a9aa-3d80ffb24954", "wf-id": "temporal-sys-worker-deployment-version:rrentVersion_Batching-564e9892_deployment_series.rrentVersion_Batching-564e9892_build_id", "wf-run-id": "0195af0e-98a0-7d94-93e5-2a1d2e5942f8", "queue-task-type": "TransferActivityTask", "queue-task-id": 1050429, "timestamp": "2025-03-19T15:38:52.144Z", "cursor-timestamp": "2025-03-19T15:38:53.131Z", "logging-call-at": "/Users/shivamsaraf/Desktop/work/temporal/common/log/with_logger.go:61"}
2025-03-19T11:38:52.149-0400	debug	Process task as active.	{"host": "127.0.0.1:63280", "shard-id": 4, "address": "127.0.0.1:63280", "component": "transfer-queue-processor", "wf-namespace-id": "d0b550e3-6091-4a9b-a9aa-3d80ffb24954", "value": "d0b550e3-6091-4a9b-a9aa-3d80ffb24954/temporal-sys-worker-deployment-version:rrentVersion_Batching-564e9892_deployment_series.rrentVersion_Batching-564e9892_build_id/0195af0e-98a0-7d94-93e5-2a1d2e5942f8", "logging-call-at": "/Users/shivamsaraf/Desktop/work/temporal/common/log/with_logger.go:61"}
2025-03-19T11:38:52.149-0400	debug	Assigning new task key	{"host": "127.0.0.1:63280", "shard-id": 4, "address": "127.0.0.1:63280", "wf-namespace-id": "d0b550e3-6091-4a9b-a9aa-3d80ffb24954", "wf-id": "temporal-sys-worker-deployment-version:rrentVersion_Batching-564e9892_deployment_series.rrentVersion_Batching-564e9892_build_id", "wf-run-id": "0195af0e-98a0-7d94-93e5-2a1d2e5942f8", "queue-task-type": "ActivityTimeout", "queue-task-id": 1050430, "timestamp": "2025-03-19T15:39:52.150Z", "cursor-timestamp": "2025-03-19T15:38:53.148Z", "logging-call-at": "/Users/shivamsaraf/Desktop/work/temporal/common/log/with_logger.go:61"}
2025-03-19T11:38:52.153-0400	info	waiting for userdata propagation	{"host": "127.0.0.1:63281", "Namespace": "namespace-ec265ab4-426c-4316-a4b3-47fc66311932", "TaskQueue": "temporal-sys-per-ns-tq", "WorkerID": "temporal-system@Shivams-MacBook-Pro.local@namespace-ec265ab4-426c-4316-a4b3-47fc66311932", "ActivityID": "718", "ActivityType": "CheckWorkerDeploymentUserDataPropagation", "Attempt": 1, "WorkflowType": "temporal-sys-worker-deployment-version-workflow", "WorkflowID": "temporal-sys-worker-deployment-version:rrentVersion_Batching-564e9892_deployment_series.rrentVersion_Batching-564e9892_build_id", "RunID": "0195af0e-98a0-7d94-93e5-2a1d2e5942f8", "taskQueue": "rrentVersion_Batching-564e9892_task_queue_10", "version": 1, "logging-call-at": "/Users/shivamsaraf/Desktop/work/temporal/common/log/with_logger.go:66"}
2025-03-19T11:38:52.154-0400	debug	Frontend method invoked.	{"host": "127.0.0.1:63278", "wf-namespace": "namespace-ec265ab4-426c-4316-a4b3-47fc66311932", "operation": "PollActivityTaskQueue", "server-name": "", "cert-thumbprint": "", "logging-call-at": "/Users/shivamsaraf/Desktop/work/temporal/common/log/with_logger.go:61"}
2025-03-19T11:38:52.154-0400	debug	Received PollActivityTaskQueue	{"host": "127.0.0.1:63278", "service": "frontend", "logging-call-at": "/Users/shivamsaraf/Desktop/work/temporal/common/log/with_logger.go:61"}
2025-03-19T11:38:52.154-0400	info	matching client encountered error	{"host": "127.0.0.1:63279", "error": "partition was not loaded", "service-error-type": "serviceerror.FailedPrecondition", "logging-call-at": "/Users/shivamsaraf/Desktop/work/temporal/common/log/with_logger.go:66"}
2025-03-19T11:38:52.154-0400	info	matching client encountered error	{"host": "127.0.0.1:63279", "error": "partition was not loaded", "service-error-type": "serviceerror.FailedPrecondition", "logging-call-at": "/Users/shivamsaraf/Desktop/work/temporal/common/log/with_logger.go:66"}
2025-03-19T11:38:52.154-0400	info	returning user data	{"host": "127.0.0.1:63279", "component": "matching-engine", "wf-task-queue-name": "/_sys/rrentVersion_Batching-564e9892_task_queue_10/1", "wf-task-queue-type": "Workflow", "wf-namespace": "namespace-ec265ab4-426c-4316-a4b3-47fc66311932", "long-poll": true, "request-known-version": 0, "user-data-version": 1, "logging-call-at": "/Users/shivamsaraf/Desktop/work/temporal/common/log/with_logger.go:66"}
2025-03-19T11:38:52.154-0400	info	returning user data	{"host": "127.0.0.1:63279", "component": "matching-engine", "wf-task-queue-name": "/_sys/rrentVersion_Batching-564e9892_task_queue_10/2", "wf-task-queue-type": "Workflow", "wf-namespace": "namespace-ec265ab4-426c-4316-a4b3-47fc66311932", "long-poll": true, "request-known-version": 0, "user-data-version": 1, "logging-call-at": "/Users/shivamsaraf/Desktop/work/temporal/common/log/with_logger.go:66"}
2025-03-19T11:38:52.154-0400	info	returning user data	{"host": "127.0.0.1:63279", "component": "matching-engine", "wf-task-queue-name": "/_sys/rrentVersion_Batching-564e9892_task_queue_10/3", "wf-task-queue-type": "Workflow", "wf-namespace": "namespace-ec265ab4-426c-4316-a4b3-47fc66311932", "long-poll": true, "request-known-version": 0, "user-data-version": 1, "logging-call-at": "/Users/shivamsaraf/Desktop/work/temporal/common/log/with_logger.go:66"}
2025-03-19T11:38:52.154-0400	info	matching client encountered error	{"host": "127.0.0.1:63279", "error": "partition was not loaded", "service-error-type": "serviceerror.FailedPrecondition", "logging-call-at": "/Users/shivamsaraf/Desktop/work/temporal/common/log/with_logger.go:66"}
2025-03-19T11:38:52.154-0400	info	matching client encountered error	{"host": "127.0.0.1:63279", "error": "partition was not loaded", "service-error-type": "serviceerror.FailedPrecondition", "logging-call-at": "/Users/shivamsaraf/Desktop/work/temporal/common/log/with_logger.go:66"}
2025-03-19T11:38:52.155-0400	debug	Frontend method invoked.	{"host": "127.0.0.1:63278", "wf-namespace": "namespace-ec265ab4-426c-4316-a4b3-47fc66311932", "operation": "RespondActivityTaskCompleted", "server-name": "", "cert-thumbprint": "", "logging-call-at": "/Users/shivamsaraf/Desktop/work/temporal/common/log/with_logger.go:61"}
2025-03-19T11:38:52.155-0400	debug	Workflow task updated	{"host": "127.0.0.1:63280", "shard-id": 4, "address": "127.0.0.1:63280", "wf-scheduled-event-id": 721, "wf-started-event-id": 0, "workflow-task-request-id": "emptyUuid", "workflow-task-timeout": 10, "attempt": 1, "wf-started-timestamp": "0001-01-01T00:00:00.000Z", "wt-type": "Normal", "logging-call-at": "/Users/shivamsaraf/Desktop/work/temporal/common/log/with_logger.go:61"}
2025-03-19T11:38:52.156-0400	debug	Assigning new task key	{"host": "127.0.0.1:63280", "shard-id": 4, "address": "127.0.0.1:63280", "wf-namespace-id": "d0b550e3-6091-4a9b-a9aa-3d80ffb24954", "wf-id": "temporal-sys-worker-deployment-version:rrentVersion_Batching-564e9892_deployment_series.rrentVersion_Batching-564e9892_build_id", "wf-run-id": "0195af0e-98a0-7d94-93e5-2a1d2e5942f8", "queue-task-type": "WorkflowTaskTimeout", "queue-task-id": 1050436, "timestamp": "2025-03-19T15:38:57.156Z", "cursor-timestamp": "2025-03-19T15:38:53.148Z", "logging-call-at": "/Users/shivamsaraf/Desktop/work/temporal/common/log/with_logger.go:61"}
2025-03-19T11:38:52.156-0400	debug	Assigning new task key	{"host": "127.0.0.1:63280", "shard-id": 4, "address": "127.0.0.1:63280", "wf-namespace-id": "d0b550e3-6091-4a9b-a9aa-3d80ffb24954", "wf-id": "temporal-sys-worker-deployment-version:rrentVersion_Batching-564e9892_deployment_series.rrentVersion_Batching-564e9892_build_id", "wf-run-id": "0195af0e-98a0-7d94-93e5-2a1d2e5942f8", "queue-task-type": "TransferWorkflowTask", "queue-task-id": 1050437, "timestamp": "2025-03-19T15:38:52.156Z", "cursor-timestamp": "2025-03-19T15:38:53.148Z", "logging-call-at": "/Users/shivamsaraf/Desktop/work/temporal/common/log/with_logger.go:61"}
2025-03-19T11:38:52.160-0400	debug	Process task as active.	{"host": "127.0.0.1:63280", "shard-id": 4, "address": "127.0.0.1:63280", "component": "transfer-queue-processor", "wf-namespace-id": "d0b550e3-6091-4a9b-a9aa-3d80ffb24954", "value": "d0b550e3-6091-4a9b-a9aa-3d80ffb24954/temporal-sys-worker-deployment-version:rrentVersion_Batching-564e9892_deployment_series.rrentVersion_Batching-564e9892_build_id/0195af0e-98a0-7d94-93e5-2a1d2e5942f8", "logging-call-at": "/Users/shivamsaraf/Desktop/work/temporal/common/log/with_logger.go:61"}
2025-03-19T11:38:52.161-0400	debug	Workflow task updated	{"host": "127.0.0.1:63280", "shard-id": 4, "address": "127.0.0.1:63280", "wf-scheduled-event-id": 721, "wf-started-event-id": 722, "workflow-task-request-id": "7644fd21-d981-489c-baf2-b0acc0893fff", "workflow-task-timeout": 10, "attempt": 1, "wf-started-timestamp": "2025-03-19T15:38:52.161Z", "wt-type": "Normal", "logging-call-at": "/Users/shivamsaraf/Desktop/work/temporal/common/log/with_logger.go:61"}
2025-03-19T11:38:52.161-0400	debug	Assigning new task key	{"host": "127.0.0.1:63280", "shard-id": 4, "address": "127.0.0.1:63280", "wf-namespace-id": "d0b550e3-6091-4a9b-a9aa-3d80ffb24954", "wf-id": "temporal-sys-worker-deployment-version:rrentVersion_Batching-564e9892_deployment_series.rrentVersion_Batching-564e9892_build_id", "wf-run-id": "0195af0e-98a0-7d94-93e5-2a1d2e5942f8", "queue-task-type": "WorkflowTaskTimeout", "queue-task-id": 1050440, "timestamp": "2025-03-19T15:39:02.162Z", "cursor-timestamp": "2025-03-19T15:38:53.159Z", "logging-call-at": "/Users/shivamsaraf/Desktop/work/temporal/common/log/with_logger.go:61"}
2025-03-19T11:38:52.169-0400	debug	Frontend method invoked.	{"host": "127.0.0.1:63278", "wf-namespace": "namespace-ec265ab4-426c-4316-a4b3-47fc66311932", "operation": "PollWorkflowTaskQueue", "server-name": "", "cert-thumbprint": "", "logging-call-at": "/Users/shivamsaraf/Desktop/work/temporal/common/log/with_logger.go:61"}
2025-03-19T11:38:52.169-0400	debug	Received PollWorkflowTaskQueue	{"host": "127.0.0.1:63278", "service": "frontend", "logging-call-at": "/Users/shivamsaraf/Desktop/work/temporal/common/log/with_logger.go:61"}
2025-03-19T11:38:52.169-0400	debug	Poll workflow task queue.	{"host": "127.0.0.1:63278", "service": "frontend", "wf-namespace": "namespace-ec265ab4-426c-4316-a4b3-47fc66311932", "wf-namespace-id": "d0b550e3-6091-4a9b-a9aa-3d80ffb24954", "logging-call-at": "/Users/shivamsaraf/Desktop/work/temporal/common/log/with_logger.go:61"}
2025-03-19T11:38:52.169-0400	debug	Frontend method invoked.	{"host": "127.0.0.1:63278", "wf-namespace": "namespace-ec265ab4-426c-4316-a4b3-47fc66311932", "operation": "RespondWorkflowTaskCompleted", "server-name": "", "cert-thumbprint": "", "logging-call-at": "/Users/shivamsaraf/Desktop/work/temporal/common/log/with_logger.go:61"}
2025-03-19T11:38:52.169-0400	debug	RespondWorkflowTaskCompleted	{"host": "127.0.0.1:63280", "service": "history", "wf-namespace-id": "d0b550e3-6091-4a9b-a9aa-3d80ffb24954", "wf-id": "temporal-sys-worker-deployment-version:rrentVersion_Batching-564e9892_deployment_series.rrentVersion_Batching-564e9892_build_id", "wf-run-id": "0195af0e-98a0-7d94-93e5-2a1d2e5942f8", "wf-scheduled-event-id": 721, "logging-call-at": "/Users/shivamsaraf/Desktop/work/temporal/common/log/with_logger.go:61"}
2025-03-19T11:38:52.169-0400	debug	Workflow task updated	{"host": "127.0.0.1:63280", "shard-id": 4, "address": "127.0.0.1:63280", "wf-scheduled-event-id": 0, "wf-started-event-id": 0, "workflow-task-request-id": "emptyUuid", "workflow-task-timeout": 0, "attempt": 1, "wf-started-timestamp": "1970-01-01T00:00:00.000Z", "wt-type": "Unspecified", "logging-call-at": "/Users/shivamsaraf/Desktop/work/temporal/common/log/with_logger.go:61"}
2025-03-19T11:38:52.170-0400	debug	update state change	{"host": "127.0.0.1:63280", "shard-id": 4, "address": "127.0.0.1:63280", "wf-namespace-id": "d0b550e3-6091-4a9b-a9aa-3d80ffb24954", "wf-id": "temporal-sys-worker-deployment-version:rrentVersion_Batching-564e9892_deployment_series.rrentVersion_Batching-564e9892_build_id", "wf-run-id": "0195af0e-98a0-7d94-93e5-2a1d2e5942f8", "update-id": "d3867fa9-eeec-42ed-9ffa-851e135dadb9", "from-state": "Accepted", "to-state": "ProvisionallyCompleted", "logging-call-at": "/Users/shivamsaraf/Desktop/work/temporal/common/log/with_logger.go:61"}
2025-03-19T11:38:52.172-0400	debug	update state change	{"host": "127.0.0.1:63280", "shard-id": 4, "address": "127.0.0.1:63280", "wf-namespace-id": "d0b550e3-6091-4a9b-a9aa-3d80ffb24954", "wf-id": "temporal-sys-worker-deployment-version:rrentVersion_Batching-564e9892_deployment_series.rrentVersion_Batching-564e9892_build_id", "wf-run-id": "0195af0e-98a0-7d94-93e5-2a1d2e5942f8", "update-id": "d3867fa9-eeec-42ed-9ffa-851e135dadb9", "from-state": "ProvisionallyCompleted", "to-state": "Completed", "logging-call-at": "/Users/shivamsaraf/Desktop/work/temporal/common/log/with_logger.go:61"}
2025-03-19T11:38:52.173-0400	debug	Frontend method invoked.	{"host": "127.0.0.1:63278", "wf-namespace": "namespace-ec265ab4-426c-4316-a4b3-47fc66311932", "operation": "RespondActivityTaskCompleted", "server-name": "", "cert-thumbprint": "", "logging-call-at": "/Users/shivamsaraf/Desktop/work/temporal/common/log/with_logger.go:61"}
2025-03-19T11:38:52.173-0400	debug	Workflow task updated	{"host": "127.0.0.1:63280", "shard-id": 1, "address": "127.0.0.1:63280", "wf-scheduled-event-id": 347, "wf-started-event-id": 0, "workflow-task-request-id": "emptyUuid", "workflow-task-timeout": 10, "attempt": 1, "wf-started-timestamp": "0001-01-01T00:00:00.000Z", "wt-type": "Normal", "logging-call-at": "/Users/shivamsaraf/Desktop/work/temporal/common/log/with_logger.go:61"}
2025-03-19T11:38:52.174-0400	debug	Assigning new task key	{"host": "127.0.0.1:63280", "shard-id": 1, "address": "127.0.0.1:63280", "wf-namespace-id": "d0b550e3-6091-4a9b-a9aa-3d80ffb24954", "wf-id": "temporal-sys-worker-deployment:rrentVersion_Batching-564e9892_deployment_series", "wf-run-id": "0195af0e-960d-715f-b6c6-08dcdf4b78ec", "queue-task-type": "WorkflowTaskTimeout", "queue-task-id": 1049402, "timestamp": "2025-03-19T15:38:57.174Z", "cursor-timestamp": "2025-03-19T15:38:52.998Z", "logging-call-at": "/Users/shivamsaraf/Desktop/work/temporal/common/log/with_logger.go:61"}
2025-03-19T11:38:52.174-0400	debug	Assigning new task key	{"host": "127.0.0.1:63280", "shard-id": 1, "address": "127.0.0.1:63280", "wf-namespace-id": "d0b550e3-6091-4a9b-a9aa-3d80ffb24954", "wf-id": "temporal-sys-worker-deployment:rrentVersion_Batching-564e9892_deployment_series", "wf-run-id": "0195af0e-960d-715f-b6c6-08dcdf4b78ec", "queue-task-type": "TransferWorkflowTask", "queue-task-id": 1049403, "timestamp": "2025-03-19T15:38:52.174Z", "cursor-timestamp": "2025-03-19T15:38:52.998Z", "logging-call-at": "/Users/shivamsaraf/Desktop/work/temporal/common/log/with_logger.go:61"}
2025-03-19T11:38:52.178-0400	debug	Process task as active.	{"host": "127.0.0.1:63280", "shard-id": 1, "address": "127.0.0.1:63280", "component": "transfer-queue-processor", "wf-namespace-id": "d0b550e3-6091-4a9b-a9aa-3d80ffb24954", "value": "d0b550e3-6091-4a9b-a9aa-3d80ffb24954/temporal-sys-worker-deployment:rrentVersion_Batching-564e9892_deployment_series/0195af0e-960d-715f-b6c6-08dcdf4b78ec", "logging-call-at": "/Users/shivamsaraf/Desktop/work/temporal/common/log/with_logger.go:61"}
2025-03-19T11:38:52.178-0400	debug	Workflow task updated	{"host": "127.0.0.1:63280", "shard-id": 1, "address": "127.0.0.1:63280", "wf-scheduled-event-id": 347, "wf-started-event-id": 348, "workflow-task-request-id": "233888a5-837b-4906-8214-52586d1d906a", "workflow-task-timeout": 10, "attempt": 1, "wf-started-timestamp": "2025-03-19T15:38:52.178Z", "wt-type": "Normal", "logging-call-at": "/Users/shivamsaraf/Desktop/work/temporal/common/log/with_logger.go:61"}
2025-03-19T11:38:52.179-0400	debug	Assigning new task key	{"host": "127.0.0.1:63280", "shard-id": 1, "address": "127.0.0.1:63280", "wf-namespace-id": "d0b550e3-6091-4a9b-a9aa-3d80ffb24954", "wf-id": "temporal-sys-worker-deployment:rrentVersion_Batching-564e9892_deployment_series", "wf-run-id": "0195af0e-960d-715f-b6c6-08dcdf4b78ec", "queue-task-type": "WorkflowTaskTimeout", "queue-task-id": 1049406, "timestamp": "2025-03-19T15:39:02.179Z", "cursor-timestamp": "2025-03-19T15:38:53.177Z", "logging-call-at": "/Users/shivamsaraf/Desktop/work/temporal/common/log/with_logger.go:61"}
2025-03-19T11:38:52.185-0400	debug	ExecuteActivity	{"host": "127.0.0.1:63281", "Namespace": "namespace-ec265ab4-426c-4316-a4b3-47fc66311932", "TaskQueue": "temporal-sys-per-ns-tq", "WorkerID": "temporal-system@Shivams-MacBook-Pro.local@namespace-ec265ab4-426c-4316-a4b3-47fc66311932", "WorkflowType": "temporal-sys-worker-deployment-workflow", "WorkflowID": "temporal-sys-worker-deployment:rrentVersion_Batching-564e9892_deployment_series", "RunID": "0195af0e-960d-715f-b6c6-08dcdf4b78ec", "Attempt": 0, "ActivityID": "351", "ActivityType": "RegisterWorkerInVersion", "logging-call-at": "/Users/shivamsaraf/Desktop/work/temporal/common/log/with_logger.go:61"}
2025-03-19T11:38:52.185-0400	debug	Frontend method invoked.	{"host": "127.0.0.1:63278", "wf-namespace": "namespace-ec265ab4-426c-4316-a4b3-47fc66311932", "operation": "PollWorkflowTaskQueue", "server-name": "", "cert-thumbprint": "", "logging-call-at": "/Users/shivamsaraf/Desktop/work/temporal/common/log/with_logger.go:61"}
2025-03-19T11:38:52.185-0400	debug	Received PollWorkflowTaskQueue	{"host": "127.0.0.1:63278", "service": "frontend", "logging-call-at": "/Users/shivamsaraf/Desktop/work/temporal/common/log/with_logger.go:61"}
2025-03-19T11:38:52.185-0400	debug	Poll workflow task queue.	{"host": "127.0.0.1:63278", "service": "frontend", "wf-namespace": "namespace-ec265ab4-426c-4316-a4b3-47fc66311932", "wf-namespace-id": "d0b550e3-6091-4a9b-a9aa-3d80ffb24954", "logging-call-at": "/Users/shivamsaraf/Desktop/work/temporal/common/log/with_logger.go:61"}
2025-03-19T11:38:52.186-0400	debug	Frontend method invoked.	{"host": "127.0.0.1:63278", "wf-namespace": "namespace-ec265ab4-426c-4316-a4b3-47fc66311932", "operation": "RespondWorkflowTaskCompleted", "server-name": "", "cert-thumbprint": "", "logging-call-at": "/Users/shivamsaraf/Desktop/work/temporal/common/log/with_logger.go:61"}
2025-03-19T11:38:52.186-0400	debug	RespondWorkflowTaskCompleted	{"host": "127.0.0.1:63280", "service": "history", "wf-namespace-id": "d0b550e3-6091-4a9b-a9aa-3d80ffb24954", "wf-id": "temporal-sys-worker-deployment:rrentVersion_Batching-564e9892_deployment_series", "wf-run-id": "0195af0e-960d-715f-b6c6-08dcdf4b78ec", "wf-scheduled-event-id": 347, "logging-call-at": "/Users/shivamsaraf/Desktop/work/temporal/common/log/with_logger.go:61"}
2025-03-19T11:38:52.186-0400	debug	Workflow task updated	{"host": "127.0.0.1:63280", "shard-id": 1, "address": "127.0.0.1:63280", "wf-scheduled-event-id": 0, "wf-started-event-id": 0, "workflow-task-request-id": "emptyUuid", "workflow-task-timeout": 0, "attempt": 1, "wf-started-timestamp": "1970-01-01T00:00:00.000Z", "wt-type": "Unspecified", "logging-call-at": "/Users/shivamsaraf/Desktop/work/temporal/common/log/with_logger.go:61"}
2025-03-19T11:38:52.187-0400	debug	update state change	{"host": "127.0.0.1:63280", "shard-id": 1, "address": "127.0.0.1:63280", "wf-namespace-id": "d0b550e3-6091-4a9b-a9aa-3d80ffb24954", "wf-id": "temporal-sys-worker-deployment:rrentVersion_Batching-564e9892_deployment_series", "wf-run-id": "0195af0e-960d-715f-b6c6-08dcdf4b78ec", "update-id": "48fccdc9-1ffd-406f-bf8f-2da635c8cdb3", "from-state": "Accepted", "to-state": "ProvisionallyCompleted", "logging-call-at": "/Users/shivamsaraf/Desktop/work/temporal/common/log/with_logger.go:61"}
2025-03-19T11:38:52.187-0400	debug	Assigning new task key	{"host": "127.0.0.1:63280", "shard-id": 1, "address": "127.0.0.1:63280", "wf-namespace-id": "d0b550e3-6091-4a9b-a9aa-3d80ffb24954", "wf-id": "temporal-sys-worker-deployment:rrentVersion_Batching-564e9892_deployment_series", "wf-run-id": "0195af0e-960d-715f-b6c6-08dcdf4b78ec", "queue-task-type": "TransferActivityTask", "queue-task-id": 1049412, "timestamp": "2025-03-19T15:38:52.187Z", "cursor-timestamp": "2025-03-19T15:38:53.177Z", "logging-call-at": "/Users/shivamsaraf/Desktop/work/temporal/common/log/with_logger.go:61"}
2025-03-19T11:38:52.190-0400	debug	update state change	{"host": "127.0.0.1:63280", "shard-id": 1, "address": "127.0.0.1:63280", "wf-namespace-id": "d0b550e3-6091-4a9b-a9aa-3d80ffb24954", "wf-id": "temporal-sys-worker-deployment:rrentVersion_Batching-564e9892_deployment_series", "wf-run-id": "0195af0e-960d-715f-b6c6-08dcdf4b78ec", "update-id": "48fccdc9-1ffd-406f-bf8f-2da635c8cdb3", "from-state": "ProvisionallyCompleted", "to-state": "Completed", "logging-call-at": "/Users/shivamsaraf/Desktop/work/temporal/common/log/with_logger.go:61"}
2025-03-19T11:38:52.190-0400	debug	deployment client success	{"host": "127.0.0.1:63279", "operation": "RegisterTaskQueueWorker", "elapsed": 8.625159625, "args": ["rrentVersion_Batching-564e9892_task_queue_10",1,"matching service"], "logging-call-at": "/Users/shivamsaraf/Desktop/work/temporal/common/log/with_logger.go:61"}
2025-03-19T11:38:52.190-0400	debug	Process task as active.	{"host": "127.0.0.1:63280", "shard-id": 1, "address": "127.0.0.1:63280", "component": "transfer-queue-processor", "wf-namespace-id": "d0b550e3-6091-4a9b-a9aa-3d80ffb24954", "value": "d0b550e3-6091-4a9b-a9aa-3d80ffb24954/temporal-sys-worker-deployment:rrentVersion_Batching-564e9892_deployment_series/0195af0e-960d-715f-b6c6-08dcdf4b78ec", "logging-call-at": "/Users/shivamsaraf/Desktop/work/temporal/common/log/with_logger.go:61"}
2025-03-19T11:38:52.191-0400	info	Started physicalTaskQueueManager	{"host": "127.0.0.1:63279", "component": "matching-engine", "wf-task-queue-name": "rrentVersion_Batching-564e9892_task_queue_10", "wf-task-queue-type": "Workflow", "wf-namespace": "namespace-ec265ab4-426c-4316-a4b3-47fc66311932", "worker-build-id": "rrentVersion_Batching-564e9892_deployment_series/rrentVersion_Batching-564e9892_build_id", "lifecycle": "Started", "cause": "UserData", "logging-call-at": "/Users/shivamsaraf/Desktop/work/temporal/common/log/with_logger.go:66"}
2025-03-19T11:38:52.191-0400	debug	Assigning new task key	{"host": "127.0.0.1:63280", "shard-id": 1, "address": "127.0.0.1:63280", "wf-namespace-id": "d0b550e3-6091-4a9b-a9aa-3d80ffb24954", "wf-id": "temporal-sys-worker-deployment:rrentVersion_Batching-564e9892_deployment_series", "wf-run-id": "0195af0e-960d-715f-b6c6-08dcdf4b78ec", "queue-task-type": "ActivityTimeout", "queue-task-id": 1049414, "timestamp": "2025-03-19T15:39:52.192Z", "cursor-timestamp": "2025-03-19T15:38:53.190Z", "logging-call-at": "/Users/shivamsaraf/Desktop/work/temporal/common/log/with_logger.go:61"}
2025-03-19T11:38:52.195-0400	debug	Frontend method invoked.	{"host": "127.0.0.1:63278", "wf-namespace": "namespace-ec265ab4-426c-4316-a4b3-47fc66311932", "operation": "PollActivityTaskQueue", "server-name": "", "cert-thumbprint": "", "logging-call-at": "/Users/shivamsaraf/Desktop/work/temporal/common/log/with_logger.go:61"}
2025-03-19T11:38:52.196-0400	debug	Received PollActivityTaskQueue	{"host": "127.0.0.1:63278", "service": "frontend", "logging-call-at": "/Users/shivamsaraf/Desktop/work/temporal/common/log/with_logger.go:61"}
2025-03-19T11:38:52.196-0400	debug	update state change	{"host": "127.0.0.1:63280", "shard-id": 4, "address": "127.0.0.1:63280", "wf-namespace-id": "d0b550e3-6091-4a9b-a9aa-3d80ffb24954", "wf-id": "temporal-sys-worker-deployment-version:rrentVersion_Batching-564e9892_deployment_series.rrentVersion_Batching-564e9892_build_id", "wf-run-id": "0195af0e-98a0-7d94-93e5-2a1d2e5942f8", "update-id": "31d725f6-8d5f-4aec-a705-3cc6da64e2bc", "from-state": "Created", "to-state": "ProvisionallyAdmitted", "logging-call-at": "/Users/shivamsaraf/Desktop/work/temporal/common/log/with_logger.go:61"}
2025-03-19T11:38:52.196-0400	debug	update state change	{"host": "127.0.0.1:63280", "shard-id": 4, "address": "127.0.0.1:63280", "wf-namespace-id": "d0b550e3-6091-4a9b-a9aa-3d80ffb24954", "wf-id": "temporal-sys-worker-deployment-version:rrentVersion_Batching-564e9892_deployment_series.rrentVersion_Batching-564e9892_build_id", "wf-run-id": "0195af0e-98a0-7d94-93e5-2a1d2e5942f8", "update-id": "31d725f6-8d5f-4aec-a705-3cc6da64e2bc", "from-state": "ProvisionallyAdmitted", "to-state": "Admitted", "logging-call-at": "/Users/shivamsaraf/Desktop/work/temporal/common/log/with_logger.go:61"}
2025-03-19T11:38:52.196-0400	debug	Workflow task updated	{"host": "127.0.0.1:63280", "shard-id": 4, "address": "127.0.0.1:63280", "wf-scheduled-event-id": 725, "wf-started-event-id": 0, "workflow-task-request-id": "emptyUuid", "workflow-task-timeout": 10, "attempt": 1, "wf-started-timestamp": "0001-01-01T00:00:00.000Z", "wt-type": "Speculative", "logging-call-at": "/Users/shivamsaraf/Desktop/work/temporal/common/log/with_logger.go:61"}
2025-03-19T11:38:52.197-0400	debug	Workflow task updated	{"host": "127.0.0.1:63280", "shard-id": 4, "address": "127.0.0.1:63280", "wf-scheduled-event-id": 725, "wf-started-event-id": 726, "workflow-task-request-id": "000e0d0d-d3f7-46b8-8e5a-34d1b440286f", "workflow-task-timeout": 10, "attempt": 1, "wf-started-timestamp": "2025-03-19T15:38:52.197Z", "wt-type": "Speculative", "logging-call-at": "/Users/shivamsaraf/Desktop/work/temporal/common/log/with_logger.go:61"}
2025-03-19T11:38:52.197-0400	debug	update state change	{"host": "127.0.0.1:63280", "shard-id": 4, "address": "127.0.0.1:63280", "wf-namespace-id": "d0b550e3-6091-4a9b-a9aa-3d80ffb24954", "wf-id": "temporal-sys-worker-deployment-version:rrentVersion_Batching-564e9892_deployment_series.rrentVersion_Batching-564e9892_build_id", "wf-run-id": "0195af0e-98a0-7d94-93e5-2a1d2e5942f8", "update-id": "31d725f6-8d5f-4aec-a705-3cc6da64e2bc", "from-state": "Admitted", "to-state": "Sent", "logging-call-at": "/Users/shivamsaraf/Desktop/work/temporal/common/log/with_logger.go:61"}
2025-03-19T11:38:52.202-0400	debug	Frontend method invoked.	{"host": "127.0.0.1:63278", "wf-namespace": "namespace-ec265ab4-426c-4316-a4b3-47fc66311932", "operation": "PollWorkflowTaskQueue", "server-name": "", "cert-thumbprint": "", "logging-call-at": "/Users/shivamsaraf/Desktop/work/temporal/common/log/with_logger.go:61"}
2025-03-19T11:38:52.202-0400	debug	ExecuteActivity	{"host": "127.0.0.1:63281", "Namespace": "namespace-ec265ab4-426c-4316-a4b3-47fc66311932", "TaskQueue": "temporal-sys-per-ns-tq", "WorkerID": "temporal-system@Shivams-MacBook-Pro.local@namespace-ec265ab4-426c-4316-a4b3-47fc66311932", "WorkflowType": "temporal-sys-worker-deployment-version-workflow", "WorkflowID": "temporal-sys-worker-deployment-version:rrentVersion_Batching-564e9892_deployment_series.rrentVersion_Batching-564e9892_build_id", "RunID": "0195af0e-98a0-7d94-93e5-2a1d2e5942f8", "Attempt": 0, "ActivityID": "729", "ActivityType": "SyncDeploymentVersionUserData", "logging-call-at": "/Users/shivamsaraf/Desktop/work/temporal/common/log/with_logger.go:61"}
2025-03-19T11:38:52.202-0400	debug	Received PollWorkflowTaskQueue	{"host": "127.0.0.1:63278", "service": "frontend", "logging-call-at": "/Users/shivamsaraf/Desktop/work/temporal/common/log/with_logger.go:61"}
2025-03-19T11:38:52.202-0400	debug	Poll workflow task queue.	{"host": "127.0.0.1:63278", "service": "frontend", "wf-namespace": "namespace-ec265ab4-426c-4316-a4b3-47fc66311932", "wf-namespace-id": "d0b550e3-6091-4a9b-a9aa-3d80ffb24954", "logging-call-at": "/Users/shivamsaraf/Desktop/work/temporal/common/log/with_logger.go:61"}
2025-03-19T11:38:52.202-0400	debug	Frontend method invoked.	{"host": "127.0.0.1:63278", "wf-namespace": "namespace-ec265ab4-426c-4316-a4b3-47fc66311932", "operation": "RespondWorkflowTaskCompleted", "server-name": "", "cert-thumbprint": "", "logging-call-at": "/Users/shivamsaraf/Desktop/work/temporal/common/log/with_logger.go:61"}
2025-03-19T11:38:52.203-0400	debug	RespondWorkflowTaskCompleted	{"host": "127.0.0.1:63280", "service": "history", "wf-namespace-id": "d0b550e3-6091-4a9b-a9aa-3d80ffb24954", "wf-id": "temporal-sys-worker-deployment-version:rrentVersion_Batching-564e9892_deployment_series.rrentVersion_Batching-564e9892_build_id", "wf-run-id": "0195af0e-98a0-7d94-93e5-2a1d2e5942f8", "wf-scheduled-event-id": 725, "logging-call-at": "/Users/shivamsaraf/Desktop/work/temporal/common/log/with_logger.go:61"}
2025-03-19T11:38:52.203-0400	debug	Workflow task updated	{"host": "127.0.0.1:63280", "shard-id": 4, "address": "127.0.0.1:63280", "wf-scheduled-event-id": 0, "wf-started-event-id": 0, "workflow-task-request-id": "emptyUuid", "workflow-task-timeout": 0, "attempt": 1, "wf-started-timestamp": "1970-01-01T00:00:00.000Z", "wt-type": "Unspecified", "logging-call-at": "/Users/shivamsaraf/Desktop/work/temporal/common/log/with_logger.go:61"}
2025-03-19T11:38:52.203-0400	debug	update state change	{"host": "127.0.0.1:63280", "shard-id": 4, "address": "127.0.0.1:63280", "wf-namespace-id": "d0b550e3-6091-4a9b-a9aa-3d80ffb24954", "wf-id": "temporal-sys-worker-deployment-version:rrentVersion_Batching-564e9892_deployment_series.rrentVersion_Batching-564e9892_build_id", "wf-run-id": "0195af0e-98a0-7d94-93e5-2a1d2e5942f8", "update-id": "31d725f6-8d5f-4aec-a705-3cc6da64e2bc", "from-state": "Sent", "to-state": "ProvisionallyAccepted", "logging-call-at": "/Users/shivamsaraf/Desktop/work/temporal/common/log/with_logger.go:61"}
2025-03-19T11:38:52.203-0400	debug	Assigning new task key	{"host": "127.0.0.1:63280", "shard-id": 4, "address": "127.0.0.1:63280", "wf-namespace-id": "d0b550e3-6091-4a9b-a9aa-3d80ffb24954", "wf-id": "temporal-sys-worker-deployment-version:rrentVersion_Batching-564e9892_deployment_series.rrentVersion_Batching-564e9892_build_id", "wf-run-id": "0195af0e-98a0-7d94-93e5-2a1d2e5942f8", "queue-task-type": "TransferActivityTask", "queue-task-id": 1050457, "timestamp": "2025-03-19T15:38:52.203Z", "cursor-timestamp": "2025-03-19T15:38:53.159Z", "logging-call-at": "/Users/shivamsaraf/Desktop/work/temporal/common/log/with_logger.go:61"}
2025-03-19T11:38:52.207-0400	debug	update state change	{"host": "127.0.0.1:63280", "shard-id": 4, "address": "127.0.0.1:63280", "wf-namespace-id": "d0b550e3-6091-4a9b-a9aa-3d80ffb24954", "wf-id": "temporal-sys-worker-deployment-version:rrentVersion_Batching-564e9892_deployment_series.rrentVersion_Batching-564e9892_build_id", "wf-run-id": "0195af0e-98a0-7d94-93e5-2a1d2e5942f8", "update-id": "31d725f6-8d5f-4aec-a705-3cc6da64e2bc", "from-state": "ProvisionallyAccepted", "to-state": "Accepted", "logging-call-at": "/Users/shivamsaraf/Desktop/work/temporal/common/log/with_logger.go:61"}
2025-03-19T11:38:52.207-0400	debug	Process task as active.	{"host": "127.0.0.1:63280", "shard-id": 4, "address": "127.0.0.1:63280", "component": "transfer-queue-processor", "wf-namespace-id": "d0b550e3-6091-4a9b-a9aa-3d80ffb24954", "value": "d0b550e3-6091-4a9b-a9aa-3d80ffb24954/temporal-sys-worker-deployment-version:rrentVersion_Batching-564e9892_deployment_series.rrentVersion_Batching-564e9892_build_id/0195af0e-98a0-7d94-93e5-2a1d2e5942f8", "logging-call-at": "/Users/shivamsaraf/Desktop/work/temporal/common/log/with_logger.go:61"}
2025-03-19T11:38:52.208-0400	debug	Assigning new task key	{"host": "127.0.0.1:63280", "shard-id": 4, "address": "127.0.0.1:63280", "wf-namespace-id": "d0b550e3-6091-4a9b-a9aa-3d80ffb24954", "wf-id": "temporal-sys-worker-deployment-version:rrentVersion_Batching-564e9892_deployment_series.rrentVersion_Batching-564e9892_build_id", "wf-run-id": "0195af0e-98a0-7d94-93e5-2a1d2e5942f8", "queue-task-type": "ActivityTimeout", "queue-task-id": 1050458, "timestamp": "2025-03-19T15:39:52.209Z", "cursor-timestamp": "2025-03-19T15:38:53.207Z", "logging-call-at": "/Users/shivamsaraf/Desktop/work/temporal/common/log/with_logger.go:61"}
2025-03-19T11:38:52.212-0400	info	syncing task queue userdata for deployment version	{"host": "127.0.0.1:63281", "Namespace": "namespace-ec265ab4-426c-4316-a4b3-47fc66311932", "TaskQueue": "temporal-sys-per-ns-tq", "WorkerID": "temporal-system@Shivams-MacBook-Pro.local@namespace-ec265ab4-426c-4316-a4b3-47fc66311932", "ActivityID": "729", "ActivityType": "SyncDeploymentVersionUserData", "Attempt": 1, "WorkflowType": "temporal-sys-worker-deployment-version-workflow", "WorkflowID": "temporal-sys-worker-deployment-version:rrentVersion_Batching-564e9892_deployment_series.rrentVersion_Batching-564e9892_build_id", "RunID": "0195af0e-98a0-7d94-93e5-2a1d2e5942f8", "taskQueue": "rrentVersion_Batching-564e9892_task_queue_39", "types": [1], "logging-call-at": "/Users/shivamsaraf/Desktop/work/temporal/common/log/with_logger.go:66"}
2025-03-19T11:38:52.212-0400	debug	Frontend method invoked.	{"host": "127.0.0.1:63278", "wf-namespace": "namespace-ec265ab4-426c-4316-a4b3-47fc66311932", "operation": "PollActivityTaskQueue", "server-name": "", "cert-thumbprint": "", "logging-call-at": "/Users/shivamsaraf/Desktop/work/temporal/common/log/with_logger.go:61"}
2025-03-19T11:38:52.212-0400	debug	Received PollActivityTaskQueue	{"host": "127.0.0.1:63278", "service": "frontend", "logging-call-at": "/Users/shivamsaraf/Desktop/work/temporal/common/log/with_logger.go:61"}
2025-03-19T11:38:52.214-0400	debug	Process task as active.	{"host": "127.0.0.1:63280", "shard-id": 4, "address": "127.0.0.1:63280", "component": "timer-queue-processor", "wf-namespace-id": "d0b550e3-6091-4a9b-a9aa-3d80ffb24954", "value": "d0b550e3-6091-4a9b-a9aa-3d80ffb24954/temporal-sys-worker-deployment-version:rrentVersion_Batching-564e9892_deployment_series.rrentVersion_Batching-564e9892_build_id/0195af0e-98a0-7d94-93e5-2a1d2e5942f8", "logging-call-at": "/Users/shivamsaraf/Desktop/work/temporal/common/log/with_logger.go:61"}
2025-03-19T11:38:52.239-0400	debug	Frontend method invoked.	{"host": "127.0.0.1:63278", "wf-namespace": "namespace-ec265ab4-426c-4316-a4b3-47fc66311932", "operation": "DescribeWorkerDeploymentVersion", "server-name": "", "cert-thumbprint": "", "logging-call-at": "/Users/shivamsaraf/Desktop/work/temporal/common/log/with_logger.go:61"}
2025-03-19T11:38:52.241-0400	debug	Process task as active.	{"host": "127.0.0.1:63280", "shard-id": 4, "address": "127.0.0.1:63280", "component": "timer-queue-processor", "wf-namespace-id": "d0b550e3-6091-4a9b-a9aa-3d80ffb24954", "value": "d0b550e3-6091-4a9b-a9aa-3d80ffb24954/temporal-sys-worker-deployment-version:rrentVersion_Batching-564e9892_deployment_series.rrentVersion_Batching-564e9892_build_id/0195af0e-98a0-7d94-93e5-2a1d2e5942f8", "logging-call-at": "/Users/shivamsaraf/Desktop/work/temporal/common/log/with_logger.go:61"}
2025-03-19T11:38:52.241-0400	debug	Frontend method invoked.	{"host": "127.0.0.1:63278", "wf-namespace": "namespace-ec265ab4-426c-4316-a4b3-47fc66311932", "operation": "PollWorkflowTaskQueue", "server-name": "", "cert-thumbprint": "", "logging-call-at": "/Users/shivamsaraf/Desktop/work/temporal/common/log/with_logger.go:61"}
2025-03-19T11:38:52.241-0400	debug	Received PollWorkflowTaskQueue	{"host": "127.0.0.1:63278", "service": "frontend", "logging-call-at": "/Users/shivamsaraf/Desktop/work/temporal/common/log/with_logger.go:61"}
2025-03-19T11:38:52.241-0400	debug	Poll workflow task queue.	{"host": "127.0.0.1:63278", "service": "frontend", "wf-namespace": "namespace-ec265ab4-426c-4316-a4b3-47fc66311932", "wf-namespace-id": "d0b550e3-6091-4a9b-a9aa-3d80ffb24954", "logging-call-at": "/Users/shivamsaraf/Desktop/work/temporal/common/log/with_logger.go:61"}
2025-03-19T11:38:52.241-0400	debug	Frontend method invoked.	{"host": "127.0.0.1:63278", "wf-namespace": "namespace-ec265ab4-426c-4316-a4b3-47fc66311932", "operation": "RespondQueryTaskCompleted", "server-name": "", "cert-thumbprint": "", "logging-call-at": "/Users/shivamsaraf/Desktop/work/temporal/common/log/with_logger.go:61"}
2025-03-19T11:38:52.243-0400	debug	deployment client success	{"host": "127.0.0.1:63278", "operation": "DescribeVersion", "elapsed": 0.003910584, "args": ["rrentVersion_Batching-564e9892_deployment_series","rrentVersion_Batching-564e9892_build_id"], "logging-call-at": "/Users/shivamsaraf/Desktop/work/temporal/common/log/with_logger.go:61"}
2025-03-19T11:38:52.258-0400	debug	Process task as active.	{"host": "127.0.0.1:63280", "shard-id": 1, "address": "127.0.0.1:63280", "component": "timer-queue-processor", "wf-namespace-id": "d0b550e3-6091-4a9b-a9aa-3d80ffb24954", "value": "d0b550e3-6091-4a9b-a9aa-3d80ffb24954/temporal-sys-worker-deployment:rrentVersion_Batching-564e9892_deployment_series/0195af0e-960d-715f-b6c6-08dcdf4b78ec", "logging-call-at": "/Users/shivamsaraf/Desktop/work/temporal/common/log/with_logger.go:61"}
2025-03-19T11:38:52.314-0400	info	modified user data	{"host": "127.0.0.1:63279", "component": "matching-engine", "wf-task-queue-name": "rrentVersion_Batching-564e9892_task_queue_39", "wf-task-queue-type": "Workflow", "wf-namespace": "namespace-ec265ab4-426c-4316-a4b3-47fc66311932", "user-data-update-source": "SyncDeploymentUserData", "user-data-version": 1, "timestamp": "2025-03-19T15:38:52.212Z", "logging-call-at": "/Users/shivamsaraf/Desktop/work/temporal/common/log/with_logger.go:66"}
2025-03-19T11:38:52.314-0400	debug	user data changed while blocked in long poll	{"host": "127.0.0.1:63279", "component": "matching-engine", "wf-task-queue-name": "rrentVersion_Batching-564e9892_task_queue_39", "wf-task-queue-type": "Workflow", "wf-namespace": "namespace-ec265ab4-426c-4316-a4b3-47fc66311932", "logging-call-at": "/Users/shivamsaraf/Desktop/work/temporal/common/log/with_logger.go:61"}
2025-03-19T11:38:52.314-0400	debug	user data changed while blocked in long poll	{"host": "127.0.0.1:63279", "component": "matching-engine", "wf-task-queue-name": "rrentVersion_Batching-564e9892_task_queue_39", "wf-task-queue-type": "Workflow", "wf-namespace": "namespace-ec265ab4-426c-4316-a4b3-47fc66311932", "logging-call-at": "/Users/shivamsaraf/Desktop/work/temporal/common/log/with_logger.go:61"}
2025-03-19T11:38:52.314-0400	debug	user data changed while blocked in long poll	{"host": "127.0.0.1:63279", "component": "matching-engine", "wf-task-queue-name": "rrentVersion_Batching-564e9892_task_queue_39", "wf-task-queue-type": "Workflow", "wf-namespace": "namespace-ec265ab4-426c-4316-a4b3-47fc66311932", "logging-call-at": "/Users/shivamsaraf/Desktop/work/temporal/common/log/with_logger.go:61"}
2025-03-19T11:38:52.314-0400	info	returning user data	{"host": "127.0.0.1:63279", "component": "matching-engine", "wf-task-queue-name": "rrentVersion_Batching-564e9892_task_queue_39", "wf-task-queue-type": "Workflow", "wf-namespace": "namespace-ec265ab4-426c-4316-a4b3-47fc66311932", "long-poll": true, "request-known-version": 0, "user-data-version": 1, "logging-call-at": "/Users/shivamsaraf/Desktop/work/temporal/common/log/with_logger.go:66"}
2025-03-19T11:38:52.314-0400	info	returning user data	{"host": "127.0.0.1:63279", "component": "matching-engine", "wf-task-queue-name": "rrentVersion_Batching-564e9892_task_queue_39", "wf-task-queue-type": "Workflow", "wf-namespace": "namespace-ec265ab4-426c-4316-a4b3-47fc66311932", "long-poll": true, "request-known-version": 0, "user-data-version": 1, "logging-call-at": "/Users/shivamsaraf/Desktop/work/temporal/common/log/with_logger.go:66"}
2025-03-19T11:38:52.314-0400	info	returning user data	{"host": "127.0.0.1:63279", "component": "matching-engine", "wf-task-queue-name": "rrentVersion_Batching-564e9892_task_queue_39", "wf-task-queue-type": "Workflow", "wf-namespace": "namespace-ec265ab4-426c-4316-a4b3-47fc66311932", "long-poll": true, "request-known-version": 0, "user-data-version": 1, "logging-call-at": "/Users/shivamsaraf/Desktop/work/temporal/common/log/with_logger.go:66"}
2025-03-19T11:38:52.315-0400	info	fetched user data from parent	{"host": "127.0.0.1:63279", "component": "matching-engine", "wf-task-queue-name": "/_sys/rrentVersion_Batching-564e9892_task_queue_39/1", "wf-task-queue-type": "Workflow", "wf-namespace": "namespace-ec265ab4-426c-4316-a4b3-47fc66311932", "user-data-version": 1, "timestamp": "2025-03-19T15:38:52.212Z", "logging-call-at": "/Users/shivamsaraf/Desktop/work/temporal/common/log/with_logger.go:66"}
2025-03-19T11:38:52.315-0400	debug	Frontend method invoked.	{"host": "127.0.0.1:63278", "wf-namespace": "namespace-ec265ab4-426c-4316-a4b3-47fc66311932", "operation": "RespondActivityTaskCompleted", "server-name": "", "cert-thumbprint": "", "logging-call-at": "/Users/shivamsaraf/Desktop/work/temporal/common/log/with_logger.go:61"}
2025-03-19T11:38:52.315-0400	info	fetched user data from parent	{"host": "127.0.0.1:63279", "component": "matching-engine", "wf-task-queue-name": "/_sys/rrentVersion_Batching-564e9892_task_queue_39/3", "wf-task-queue-type": "Workflow", "wf-namespace": "namespace-ec265ab4-426c-4316-a4b3-47fc66311932", "user-data-version": 1, "timestamp": "2025-03-19T15:38:52.212Z", "logging-call-at": "/Users/shivamsaraf/Desktop/work/temporal/common/log/with_logger.go:66"}
2025-03-19T11:38:52.315-0400	info	fetched user data from parent	{"host": "127.0.0.1:63279", "component": "matching-engine", "wf-task-queue-name": "/_sys/rrentVersion_Batching-564e9892_task_queue_39/2", "wf-task-queue-type": "Workflow", "wf-namespace": "namespace-ec265ab4-426c-4316-a4b3-47fc66311932", "user-data-version": 1, "timestamp": "2025-03-19T15:38:52.212Z", "logging-call-at": "/Users/shivamsaraf/Desktop/work/temporal/common/log/with_logger.go:66"}
2025-03-19T11:38:52.315-0400	debug	Workflow task updated	{"host": "127.0.0.1:63280", "shard-id": 4, "address": "127.0.0.1:63280", "wf-scheduled-event-id": 732, "wf-started-event-id": 0, "workflow-task-request-id": "emptyUuid", "workflow-task-timeout": 10, "attempt": 1, "wf-started-timestamp": "0001-01-01T00:00:00.000Z", "wt-type": "Normal", "logging-call-at": "/Users/shivamsaraf/Desktop/work/temporal/common/log/with_logger.go:61"}
2025-03-19T11:38:52.316-0400	debug	Assigning new task key	{"host": "127.0.0.1:63280", "shard-id": 4, "address": "127.0.0.1:63280", "wf-namespace-id": "d0b550e3-6091-4a9b-a9aa-3d80ffb24954", "wf-id": "temporal-sys-worker-deployment-version:rrentVersion_Batching-564e9892_deployment_series.rrentVersion_Batching-564e9892_build_id", "wf-run-id": "0195af0e-98a0-7d94-93e5-2a1d2e5942f8", "queue-task-type": "WorkflowTaskTimeout", "queue-task-id": 1050464, "timestamp": "2025-03-19T15:38:57.316Z", "cursor-timestamp": "2025-03-19T15:38:53.207Z", "logging-call-at": "/Users/shivamsaraf/Desktop/work/temporal/common/log/with_logger.go:61"}
2025-03-19T11:38:52.316-0400	debug	Assigning new task key	{"host": "127.0.0.1:63280", "shard-id": 4, "address": "127.0.0.1:63280", "wf-namespace-id": "d0b550e3-6091-4a9b-a9aa-3d80ffb24954", "wf-id": "temporal-sys-worker-deployment-version:rrentVersion_Batching-564e9892_deployment_series.rrentVersion_Batching-564e9892_build_id", "wf-run-id": "0195af0e-98a0-7d94-93e5-2a1d2e5942f8", "queue-task-type": "TransferWorkflowTask", "queue-task-id": 1050465, "timestamp": "2025-03-19T15:38:52.316Z", "cursor-timestamp": "2025-03-19T15:38:53.207Z", "logging-call-at": "/Users/shivamsaraf/Desktop/work/temporal/common/log/with_logger.go:61"}
2025-03-19T11:38:52.321-0400	debug	Process task as active.	{"host": "127.0.0.1:63280", "shard-id": 4, "address": "127.0.0.1:63280", "component": "transfer-queue-processor", "wf-namespace-id": "d0b550e3-6091-4a9b-a9aa-3d80ffb24954", "value": "d0b550e3-6091-4a9b-a9aa-3d80ffb24954/temporal-sys-worker-deployment-version:rrentVersion_Batching-564e9892_deployment_series.rrentVersion_Batching-564e9892_build_id/0195af0e-98a0-7d94-93e5-2a1d2e5942f8", "logging-call-at": "/Users/shivamsaraf/Desktop/work/temporal/common/log/with_logger.go:61"}
2025-03-19T11:38:52.322-0400	debug	Workflow task updated	{"host": "127.0.0.1:63280", "shard-id": 4, "address": "127.0.0.1:63280", "wf-scheduled-event-id": 732, "wf-started-event-id": 733, "workflow-task-request-id": "c3af17f1-f355-461c-ac0d-9c223252c6ef", "workflow-task-timeout": 10, "attempt": 1, "wf-started-timestamp": "2025-03-19T15:38:52.322Z", "wt-type": "Normal", "logging-call-at": "/Users/shivamsaraf/Desktop/work/temporal/common/log/with_logger.go:61"}
2025-03-19T11:38:52.322-0400	debug	Assigning new task key	{"host": "127.0.0.1:63280", "shard-id": 4, "address": "127.0.0.1:63280", "wf-namespace-id": "d0b550e3-6091-4a9b-a9aa-3d80ffb24954", "wf-id": "temporal-sys-worker-deployment-version:rrentVersion_Batching-564e9892_deployment_series.rrentVersion_Batching-564e9892_build_id", "wf-run-id": "0195af0e-98a0-7d94-93e5-2a1d2e5942f8", "queue-task-type": "WorkflowTaskTimeout", "queue-task-id": 1050468, "timestamp": "2025-03-19T15:39:02.323Z", "cursor-timestamp": "2025-03-19T15:38:53.321Z", "logging-call-at": "/Users/shivamsaraf/Desktop/work/temporal/common/log/with_logger.go:61"}
2025-03-19T11:38:52.333-0400	debug	ExecuteActivity	{"host": "127.0.0.1:63281", "Namespace": "namespace-ec265ab4-426c-4316-a4b3-47fc66311932", "TaskQueue": "temporal-sys-per-ns-tq", "WorkerID": "temporal-system@Shivams-MacBook-Pro.local@namespace-ec265ab4-426c-4316-a4b3-47fc66311932", "WorkflowType": "temporal-sys-worker-deployment-version-workflow", "WorkflowID": "temporal-sys-worker-deployment-version:rrentVersion_Batching-564e9892_deployment_series.rrentVersion_Batching-564e9892_build_id", "RunID": "0195af0e-98a0-7d94-93e5-2a1d2e5942f8", "Attempt": 0, "ActivityID": "735", "ActivityType": "CheckWorkerDeploymentUserDataPropagation", "logging-call-at": "/Users/shivamsaraf/Desktop/work/temporal/common/log/with_logger.go:61"}
2025-03-19T11:38:52.333-0400	debug	Frontend method invoked.	{"host": "127.0.0.1:63278", "wf-namespace": "namespace-ec265ab4-426c-4316-a4b3-47fc66311932", "operation": "PollWorkflowTaskQueue", "server-name": "", "cert-thumbprint": "", "logging-call-at": "/Users/shivamsaraf/Desktop/work/temporal/common/log/with_logger.go:61"}
2025-03-19T11:38:52.333-0400	debug	Received PollWorkflowTaskQueue	{"host": "127.0.0.1:63278", "service": "frontend", "logging-call-at": "/Users/shivamsaraf/Desktop/work/temporal/common/log/with_logger.go:61"}
2025-03-19T11:38:52.333-0400	debug	Poll workflow task queue.	{"host": "127.0.0.1:63278", "service": "frontend", "wf-namespace": "namespace-ec265ab4-426c-4316-a4b3-47fc66311932", "wf-namespace-id": "d0b550e3-6091-4a9b-a9aa-3d80ffb24954", "logging-call-at": "/Users/shivamsaraf/Desktop/work/temporal/common/log/with_logger.go:61"}
2025-03-19T11:38:52.333-0400	debug	Frontend method invoked.	{"host": "127.0.0.1:63278", "wf-namespace": "namespace-ec265ab4-426c-4316-a4b3-47fc66311932", "operation": "RespondWorkflowTaskCompleted", "server-name": "", "cert-thumbprint": "", "logging-call-at": "/Users/shivamsaraf/Desktop/work/temporal/common/log/with_logger.go:61"}
2025-03-19T11:38:52.333-0400	debug	RespondWorkflowTaskCompleted	{"host": "127.0.0.1:63280", "service": "history", "wf-namespace-id": "d0b550e3-6091-4a9b-a9aa-3d80ffb24954", "wf-id": "temporal-sys-worker-deployment-version:rrentVersion_Batching-564e9892_deployment_series.rrentVersion_Batching-564e9892_build_id", "wf-run-id": "0195af0e-98a0-7d94-93e5-2a1d2e5942f8", "wf-scheduled-event-id": 732, "logging-call-at": "/Users/shivamsaraf/Desktop/work/temporal/common/log/with_logger.go:61"}
2025-03-19T11:38:52.334-0400	debug	Workflow task updated	{"host": "127.0.0.1:63280", "shard-id": 4, "address": "127.0.0.1:63280", "wf-scheduled-event-id": 0, "wf-started-event-id": 0, "workflow-task-request-id": "emptyUuid", "workflow-task-timeout": 0, "attempt": 1, "wf-started-timestamp": "1970-01-01T00:00:00.000Z", "wt-type": "Unspecified", "logging-call-at": "/Users/shivamsaraf/Desktop/work/temporal/common/log/with_logger.go:61"}
2025-03-19T11:38:52.334-0400	debug	Assigning new task key	{"host": "127.0.0.1:63280", "shard-id": 4, "address": "127.0.0.1:63280", "wf-namespace-id": "d0b550e3-6091-4a9b-a9aa-3d80ffb24954", "wf-id": "temporal-sys-worker-deployment-version:rrentVersion_Batching-564e9892_deployment_series.rrentVersion_Batching-564e9892_build_id", "wf-run-id": "0195af0e-98a0-7d94-93e5-2a1d2e5942f8", "queue-task-type": "TransferActivityTask", "queue-task-id": 1050473, "timestamp": "2025-03-19T15:38:52.334Z", "cursor-timestamp": "2025-03-19T15:38:53.321Z", "logging-call-at": "/Users/shivamsaraf/Desktop/work/temporal/common/log/with_logger.go:61"}
2025-03-19T11:38:52.338-0400	debug	Process task as active.	{"host": "127.0.0.1:63280", "shard-id": 4, "address": "127.0.0.1:63280", "component": "transfer-queue-processor", "wf-namespace-id": "d0b550e3-6091-4a9b-a9aa-3d80ffb24954", "value": "d0b550e3-6091-4a9b-a9aa-3d80ffb24954/temporal-sys-worker-deployment-version:rrentVersion_Batching-564e9892_deployment_series.rrentVersion_Batching-564e9892_build_id/0195af0e-98a0-7d94-93e5-2a1d2e5942f8", "logging-call-at": "/Users/shivamsaraf/Desktop/work/temporal/common/log/with_logger.go:61"}
2025-03-19T11:38:52.339-0400	debug	Assigning new task key	{"host": "127.0.0.1:63280", "shard-id": 4, "address": "127.0.0.1:63280", "wf-namespace-id": "d0b550e3-6091-4a9b-a9aa-3d80ffb24954", "wf-id": "temporal-sys-worker-deployment-version:rrentVersion_Batching-564e9892_deployment_series.rrentVersion_Batching-564e9892_build_id", "wf-run-id": "0195af0e-98a0-7d94-93e5-2a1d2e5942f8", "queue-task-type": "ActivityTimeout", "queue-task-id": 1050474, "timestamp": "2025-03-19T15:39:52.340Z", "cursor-timestamp": "2025-03-19T15:38:53.337Z", "logging-call-at": "/Users/shivamsaraf/Desktop/work/temporal/common/log/with_logger.go:61"}
2025-03-19T11:38:52.343-0400	info	waiting for userdata propagation	{"host": "127.0.0.1:63281", "Namespace": "namespace-ec265ab4-426c-4316-a4b3-47fc66311932", "TaskQueue": "temporal-sys-per-ns-tq", "WorkerID": "temporal-system@Shivams-MacBook-Pro.local@namespace-ec265ab4-426c-4316-a4b3-47fc66311932", "ActivityID": "735", "ActivityType": "CheckWorkerDeploymentUserDataPropagation", "Attempt": 1, "WorkflowType": "temporal-sys-worker-deployment-version-workflow", "WorkflowID": "temporal-sys-worker-deployment-version:rrentVersion_Batching-564e9892_deployment_series.rrentVersion_Batching-564e9892_build_id", "RunID": "0195af0e-98a0-7d94-93e5-2a1d2e5942f8", "taskQueue": "rrentVersion_Batching-564e9892_task_queue_39", "version": 1, "logging-call-at": "/Users/shivamsaraf/Desktop/work/temporal/common/log/with_logger.go:66"}
2025-03-19T11:38:52.343-0400	debug	Frontend method invoked.	{"host": "127.0.0.1:63278", "wf-namespace": "namespace-ec265ab4-426c-4316-a4b3-47fc66311932", "operation": "PollActivityTaskQueue", "server-name": "", "cert-thumbprint": "", "logging-call-at": "/Users/shivamsaraf/Desktop/work/temporal/common/log/with_logger.go:61"}
2025-03-19T11:38:52.343-0400	debug	Received PollActivityTaskQueue	{"host": "127.0.0.1:63278", "service": "frontend", "logging-call-at": "/Users/shivamsaraf/Desktop/work/temporal/common/log/with_logger.go:61"}
2025-03-19T11:38:52.344-0400	info	returning user data	{"host": "127.0.0.1:63279", "component": "matching-engine", "wf-task-queue-name": "/_sys/rrentVersion_Batching-564e9892_task_queue_39/3", "wf-task-queue-type": "Workflow", "wf-namespace": "namespace-ec265ab4-426c-4316-a4b3-47fc66311932", "long-poll": true, "request-known-version": 0, "user-data-version": 1, "logging-call-at": "/Users/shivamsaraf/Desktop/work/temporal/common/log/with_logger.go:66"}
2025-03-19T11:38:52.344-0400	info	matching client encountered error	{"host": "127.0.0.1:63279", "error": "partition was not loaded", "service-error-type": "serviceerror.FailedPrecondition", "logging-call-at": "/Users/shivamsaraf/Desktop/work/temporal/common/log/with_logger.go:66"}
2025-03-19T11:38:52.344-0400	info	returning user data	{"host": "127.0.0.1:63279", "component": "matching-engine", "wf-task-queue-name": "/_sys/rrentVersion_Batching-564e9892_task_queue_39/1", "wf-task-queue-type": "Workflow", "wf-namespace": "namespace-ec265ab4-426c-4316-a4b3-47fc66311932", "long-poll": true, "request-known-version": 0, "user-data-version": 1, "logging-call-at": "/Users/shivamsaraf/Desktop/work/temporal/common/log/with_logger.go:66"}
2025-03-19T11:38:52.344-0400	info	returning user data	{"host": "127.0.0.1:63279", "component": "matching-engine", "wf-task-queue-name": "/_sys/rrentVersion_Batching-564e9892_task_queue_39/2", "wf-task-queue-type": "Workflow", "wf-namespace": "namespace-ec265ab4-426c-4316-a4b3-47fc66311932", "long-poll": true, "request-known-version": 0, "user-data-version": 1, "logging-call-at": "/Users/shivamsaraf/Desktop/work/temporal/common/log/with_logger.go:66"}
2025-03-19T11:38:52.344-0400	info	matching client encountered error	{"host": "127.0.0.1:63279", "error": "partition was not loaded", "service-error-type": "serviceerror.FailedPrecondition", "logging-call-at": "/Users/shivamsaraf/Desktop/work/temporal/common/log/with_logger.go:66"}
2025-03-19T11:38:52.344-0400	info	matching client encountered error	{"host": "127.0.0.1:63279", "error": "partition was not loaded", "service-error-type": "serviceerror.FailedPrecondition", "logging-call-at": "/Users/shivamsaraf/Desktop/work/temporal/common/log/with_logger.go:66"}
2025-03-19T11:38:52.344-0400	info	matching client encountered error	{"host": "127.0.0.1:63279", "error": "partition was not loaded", "service-error-type": "serviceerror.FailedPrecondition", "logging-call-at": "/Users/shivamsaraf/Desktop/work/temporal/common/log/with_logger.go:66"}
2025-03-19T11:38:52.344-0400	debug	Frontend method invoked.	{"host": "127.0.0.1:63278", "wf-namespace": "namespace-ec265ab4-426c-4316-a4b3-47fc66311932", "operation": "RespondActivityTaskCompleted", "server-name": "", "cert-thumbprint": "", "logging-call-at": "/Users/shivamsaraf/Desktop/work/temporal/common/log/with_logger.go:61"}
2025-03-19T11:38:52.345-0400	debug	Workflow task updated	{"host": "127.0.0.1:63280", "shard-id": 4, "address": "127.0.0.1:63280", "wf-scheduled-event-id": 738, "wf-started-event-id": 0, "workflow-task-request-id": "emptyUuid", "workflow-task-timeout": 10, "attempt": 1, "wf-started-timestamp": "0001-01-01T00:00:00.000Z", "wt-type": "Normal", "logging-call-at": "/Users/shivamsaraf/Desktop/work/temporal/common/log/with_logger.go:61"}
2025-03-19T11:38:52.345-0400	debug	Assigning new task key	{"host": "127.0.0.1:63280", "shard-id": 4, "address": "127.0.0.1:63280", "wf-namespace-id": "d0b550e3-6091-4a9b-a9aa-3d80ffb24954", "wf-id": "temporal-sys-worker-deployment-version:rrentVersion_Batching-564e9892_deployment_series.rrentVersion_Batching-564e9892_build_id", "wf-run-id": "0195af0e-98a0-7d94-93e5-2a1d2e5942f8", "queue-task-type": "WorkflowTaskTimeout", "queue-task-id": 1050480, "timestamp": "2025-03-19T15:38:57.346Z", "cursor-timestamp": "2025-03-19T15:38:53.337Z", "logging-call-at": "/Users/shivamsaraf/Desktop/work/temporal/common/log/with_logger.go:61"}
2025-03-19T11:38:52.345-0400	debug	Assigning new task key	{"host": "127.0.0.1:63280", "shard-id": 4, "address": "127.0.0.1:63280", "wf-namespace-id": "d0b550e3-6091-4a9b-a9aa-3d80ffb24954", "wf-id": "temporal-sys-worker-deployment-version:rrentVersion_Batching-564e9892_deployment_series.rrentVersion_Batching-564e9892_build_id", "wf-run-id": "0195af0e-98a0-7d94-93e5-2a1d2e5942f8", "queue-task-type": "TransferWorkflowTask", "queue-task-id": 1050481, "timestamp": "2025-03-19T15:38:52.345Z", "cursor-timestamp": "2025-03-19T15:38:53.337Z", "logging-call-at": "/Users/shivamsaraf/Desktop/work/temporal/common/log/with_logger.go:61"}
2025-03-19T11:38:52.349-0400	debug	Process task as active.	{"host": "127.0.0.1:63280", "shard-id": 4, "address": "127.0.0.1:63280", "component": "transfer-queue-processor", "wf-namespace-id": "d0b550e3-6091-4a9b-a9aa-3d80ffb24954", "value": "d0b550e3-6091-4a9b-a9aa-3d80ffb24954/temporal-sys-worker-deployment-version:rrentVersion_Batching-564e9892_deployment_series.rrentVersion_Batching-564e9892_build_id/0195af0e-98a0-7d94-93e5-2a1d2e5942f8", "logging-call-at": "/Users/shivamsaraf/Desktop/work/temporal/common/log/with_logger.go:61"}
2025-03-19T11:38:52.350-0400	debug	Workflow task updated	{"host": "127.0.0.1:63280", "shard-id": 4, "address": "127.0.0.1:63280", "wf-scheduled-event-id": 738, "wf-started-event-id": 739, "workflow-task-request-id": "c05c1710-e246-42a8-ae20-4138ab9e09d4", "workflow-task-timeout": 10, "attempt": 1, "wf-started-timestamp": "2025-03-19T15:38:52.350Z", "wt-type": "Normal", "logging-call-at": "/Users/shivamsaraf/Desktop/work/temporal/common/log/with_logger.go:61"}
2025-03-19T11:38:52.350-0400	debug	Assigning new task key	{"host": "127.0.0.1:63280", "shard-id": 4, "address": "127.0.0.1:63280", "wf-namespace-id": "d0b550e3-6091-4a9b-a9aa-3d80ffb24954", "wf-id": "temporal-sys-worker-deployment-version:rrentVersion_Batching-564e9892_deployment_series.rrentVersion_Batching-564e9892_build_id", "wf-run-id": "0195af0e-98a0-7d94-93e5-2a1d2e5942f8", "queue-task-type": "WorkflowTaskTimeout", "queue-task-id": 1050484, "timestamp": "2025-03-19T15:39:02.351Z", "cursor-timestamp": "2025-03-19T15:38:53.349Z", "logging-call-at": "/Users/shivamsaraf/Desktop/work/temporal/common/log/with_logger.go:61"}
2025-03-19T11:38:52.358-0400	debug	Frontend method invoked.	{"host": "127.0.0.1:63278", "wf-namespace": "namespace-ec265ab4-426c-4316-a4b3-47fc66311932", "operation": "PollWorkflowTaskQueue", "server-name": "", "cert-thumbprint": "", "logging-call-at": "/Users/shivamsaraf/Desktop/work/temporal/common/log/with_logger.go:61"}
2025-03-19T11:38:52.358-0400	debug	Received PollWorkflowTaskQueue	{"host": "127.0.0.1:63278", "service": "frontend", "logging-call-at": "/Users/shivamsaraf/Desktop/work/temporal/common/log/with_logger.go:61"}
2025-03-19T11:38:52.358-0400	debug	Poll workflow task queue.	{"host": "127.0.0.1:63278", "service": "frontend", "wf-namespace": "namespace-ec265ab4-426c-4316-a4b3-47fc66311932", "wf-namespace-id": "d0b550e3-6091-4a9b-a9aa-3d80ffb24954", "logging-call-at": "/Users/shivamsaraf/Desktop/work/temporal/common/log/with_logger.go:61"}
2025-03-19T11:38:52.358-0400	debug	Frontend method invoked.	{"host": "127.0.0.1:63278", "wf-namespace": "namespace-ec265ab4-426c-4316-a4b3-47fc66311932", "operation": "RespondWorkflowTaskCompleted", "server-name": "", "cert-thumbprint": "", "logging-call-at": "/Users/shivamsaraf/Desktop/work/temporal/common/log/with_logger.go:61"}
2025-03-19T11:38:52.359-0400	debug	RespondWorkflowTaskCompleted	{"host": "127.0.0.1:63280", "service": "history", "wf-namespace-id": "d0b550e3-6091-4a9b-a9aa-3d80ffb24954", "wf-id": "temporal-sys-worker-deployment-version:rrentVersion_Batching-564e9892_deployment_series.rrentVersion_Batching-564e9892_build_id", "wf-run-id": "0195af0e-98a0-7d94-93e5-2a1d2e5942f8", "wf-scheduled-event-id": 738, "logging-call-at": "/Users/shivamsaraf/Desktop/work/temporal/common/log/with_logger.go:61"}
2025-03-19T11:38:52.359-0400	debug	Workflow task updated	{"host": "127.0.0.1:63280", "shard-id": 4, "address": "127.0.0.1:63280", "wf-scheduled-event-id": 0, "wf-started-event-id": 0, "workflow-task-request-id": "emptyUuid", "workflow-task-timeout": 0, "attempt": 1, "wf-started-timestamp": "1970-01-01T00:00:00.000Z", "wt-type": "Unspecified", "logging-call-at": "/Users/shivamsaraf/Desktop/work/temporal/common/log/with_logger.go:61"}
2025-03-19T11:38:52.359-0400	debug	update state change	{"host": "127.0.0.1:63280", "shard-id": 4, "address": "127.0.0.1:63280", "wf-namespace-id": "d0b550e3-6091-4a9b-a9aa-3d80ffb24954", "wf-id": "temporal-sys-worker-deployment-version:rrentVersion_Batching-564e9892_deployment_series.rrentVersion_Batching-564e9892_build_id", "wf-run-id": "0195af0e-98a0-7d94-93e5-2a1d2e5942f8", "update-id": "31d725f6-8d5f-4aec-a705-3cc6da64e2bc", "from-state": "Accepted", "to-state": "ProvisionallyCompleted", "logging-call-at": "/Users/shivamsaraf/Desktop/work/temporal/common/log/with_logger.go:61"}
2025-03-19T11:38:52.362-0400	debug	update state change	{"host": "127.0.0.1:63280", "shard-id": 4, "address": "127.0.0.1:63280", "wf-namespace-id": "d0b550e3-6091-4a9b-a9aa-3d80ffb24954", "wf-id": "temporal-sys-worker-deployment-version:rrentVersion_Batching-564e9892_deployment_series.rrentVersion_Batching-564e9892_build_id", "wf-run-id": "0195af0e-98a0-7d94-93e5-2a1d2e5942f8", "update-id": "31d725f6-8d5f-4aec-a705-3cc6da64e2bc", "from-state": "ProvisionallyCompleted", "to-state": "Completed", "logging-call-at": "/Users/shivamsaraf/Desktop/work/temporal/common/log/with_logger.go:61"}
2025-03-19T11:38:52.362-0400	debug	Frontend method invoked.	{"host": "127.0.0.1:63278", "wf-namespace": "namespace-ec265ab4-426c-4316-a4b3-47fc66311932", "operation": "RespondActivityTaskCompleted", "server-name": "", "cert-thumbprint": "", "logging-call-at": "/Users/shivamsaraf/Desktop/work/temporal/common/log/with_logger.go:61"}
2025-03-19T11:38:52.363-0400	debug	Workflow task updated	{"host": "127.0.0.1:63280", "shard-id": 1, "address": "127.0.0.1:63280", "wf-scheduled-event-id": 354, "wf-started-event-id": 0, "workflow-task-request-id": "emptyUuid", "workflow-task-timeout": 10, "attempt": 1, "wf-started-timestamp": "0001-01-01T00:00:00.000Z", "wt-type": "Normal", "logging-call-at": "/Users/shivamsaraf/Desktop/work/temporal/common/log/with_logger.go:61"}
2025-03-19T11:38:52.363-0400	debug	Assigning new task key	{"host": "127.0.0.1:63280", "shard-id": 1, "address": "127.0.0.1:63280", "wf-namespace-id": "d0b550e3-6091-4a9b-a9aa-3d80ffb24954", "wf-id": "temporal-sys-worker-deployment:rrentVersion_Batching-564e9892_deployment_series", "wf-run-id": "0195af0e-960d-715f-b6c6-08dcdf4b78ec", "queue-task-type": "WorkflowTaskTimeout", "queue-task-id": 1049420, "timestamp": "2025-03-19T15:38:57.364Z", "cursor-timestamp": "2025-03-19T15:38:53.190Z", "logging-call-at": "/Users/shivamsaraf/Desktop/work/temporal/common/log/with_logger.go:61"}
2025-03-19T11:38:52.363-0400	debug	Assigning new task key	{"host": "127.0.0.1:63280", "shard-id": 1, "address": "127.0.0.1:63280", "wf-namespace-id": "d0b550e3-6091-4a9b-a9aa-3d80ffb24954", "wf-id": "temporal-sys-worker-deployment:rrentVersion_Batching-564e9892_deployment_series", "wf-run-id": "0195af0e-960d-715f-b6c6-08dcdf4b78ec", "queue-task-type": "TransferWorkflowTask", "queue-task-id": 1049421, "timestamp": "2025-03-19T15:38:52.363Z", "cursor-timestamp": "2025-03-19T15:38:53.190Z", "logging-call-at": "/Users/shivamsaraf/Desktop/work/temporal/common/log/with_logger.go:61"}
2025-03-19T11:38:52.367-0400	debug	Process task as active.	{"host": "127.0.0.1:63280", "shard-id": 1, "address": "127.0.0.1:63280", "component": "transfer-queue-processor", "wf-namespace-id": "d0b550e3-6091-4a9b-a9aa-3d80ffb24954", "value": "d0b550e3-6091-4a9b-a9aa-3d80ffb24954/temporal-sys-worker-deployment:rrentVersion_Batching-564e9892_deployment_series/0195af0e-960d-715f-b6c6-08dcdf4b78ec", "logging-call-at": "/Users/shivamsaraf/Desktop/work/temporal/common/log/with_logger.go:61"}
2025-03-19T11:38:52.368-0400	debug	Workflow task updated	{"host": "127.0.0.1:63280", "shard-id": 1, "address": "127.0.0.1:63280", "wf-scheduled-event-id": 354, "wf-started-event-id": 355, "workflow-task-request-id": "0e8fc28a-5f0a-4b7b-a438-0de7600cd7d5", "workflow-task-timeout": 10, "attempt": 1, "wf-started-timestamp": "2025-03-19T15:38:52.368Z", "wt-type": "Normal", "logging-call-at": "/Users/shivamsaraf/Desktop/work/temporal/common/log/with_logger.go:61"}
2025-03-19T11:38:52.368-0400	debug	Assigning new task key	{"host": "127.0.0.1:63280", "shard-id": 1, "address": "127.0.0.1:63280", "wf-namespace-id": "d0b550e3-6091-4a9b-a9aa-3d80ffb24954", "wf-id": "temporal-sys-worker-deployment:rrentVersion_Batching-564e9892_deployment_series", "wf-run-id": "0195af0e-960d-715f-b6c6-08dcdf4b78ec", "queue-task-type": "WorkflowTaskTimeout", "queue-task-id": 1049424, "timestamp": "2025-03-19T15:39:02.369Z", "cursor-timestamp": "2025-03-19T15:38:53.366Z", "logging-call-at": "/Users/shivamsaraf/Desktop/work/temporal/common/log/with_logger.go:61"}
2025-03-19T11:38:52.374-0400	debug	ExecuteActivity	{"host": "127.0.0.1:63281", "Namespace": "namespace-ec265ab4-426c-4316-a4b3-47fc66311932", "TaskQueue": "temporal-sys-per-ns-tq", "WorkerID": "temporal-system@Shivams-MacBook-Pro.local@namespace-ec265ab4-426c-4316-a4b3-47fc66311932", "WorkflowType": "temporal-sys-worker-deployment-workflow", "WorkflowID": "temporal-sys-worker-deployment:rrentVersion_Batching-564e9892_deployment_series", "RunID": "0195af0e-960d-715f-b6c6-08dcdf4b78ec", "Attempt": 0, "ActivityID": "358", "ActivityType": "RegisterWorkerInVersion", "logging-call-at": "/Users/shivamsaraf/Desktop/work/temporal/common/log/with_logger.go:61"}
2025-03-19T11:38:52.374-0400	debug	Frontend method invoked.	{"host": "127.0.0.1:63278", "wf-namespace": "namespace-ec265ab4-426c-4316-a4b3-47fc66311932", "operation": "PollWorkflowTaskQueue", "server-name": "", "cert-thumbprint": "", "logging-call-at": "/Users/shivamsaraf/Desktop/work/temporal/common/log/with_logger.go:61"}
2025-03-19T11:38:52.374-0400	debug	Received PollWorkflowTaskQueue	{"host": "127.0.0.1:63278", "service": "frontend", "logging-call-at": "/Users/shivamsaraf/Desktop/work/temporal/common/log/with_logger.go:61"}
2025-03-19T11:38:52.374-0400	debug	Poll workflow task queue.	{"host": "127.0.0.1:63278", "service": "frontend", "wf-namespace": "namespace-ec265ab4-426c-4316-a4b3-47fc66311932", "wf-namespace-id": "d0b550e3-6091-4a9b-a9aa-3d80ffb24954", "logging-call-at": "/Users/shivamsaraf/Desktop/work/temporal/common/log/with_logger.go:61"}
2025-03-19T11:38:52.375-0400	debug	Frontend method invoked.	{"host": "127.0.0.1:63278", "wf-namespace": "namespace-ec265ab4-426c-4316-a4b3-47fc66311932", "operation": "RespondWorkflowTaskCompleted", "server-name": "", "cert-thumbprint": "", "logging-call-at": "/Users/shivamsaraf/Desktop/work/temporal/common/log/with_logger.go:61"}
2025-03-19T11:38:52.375-0400	debug	RespondWorkflowTaskCompleted	{"host": "127.0.0.1:63280", "service": "history", "wf-namespace-id": "d0b550e3-6091-4a9b-a9aa-3d80ffb24954", "wf-id": "temporal-sys-worker-deployment:rrentVersion_Batching-564e9892_deployment_series", "wf-run-id": "0195af0e-960d-715f-b6c6-08dcdf4b78ec", "wf-scheduled-event-id": 354, "logging-call-at": "/Users/shivamsaraf/Desktop/work/temporal/common/log/with_logger.go:61"}
2025-03-19T11:38:52.375-0400	debug	Workflow task updated	{"host": "127.0.0.1:63280", "shard-id": 1, "address": "127.0.0.1:63280", "wf-scheduled-event-id": 0, "wf-started-event-id": 0, "workflow-task-request-id": "emptyUuid", "workflow-task-timeout": 0, "attempt": 1, "wf-started-timestamp": "1970-01-01T00:00:00.000Z", "wt-type": "Unspecified", "logging-call-at": "/Users/shivamsaraf/Desktop/work/temporal/common/log/with_logger.go:61"}
2025-03-19T11:38:52.375-0400	debug	update state change	{"host": "127.0.0.1:63280", "shard-id": 1, "address": "127.0.0.1:63280", "wf-namespace-id": "d0b550e3-6091-4a9b-a9aa-3d80ffb24954", "wf-id": "temporal-sys-worker-deployment:rrentVersion_Batching-564e9892_deployment_series", "wf-run-id": "0195af0e-960d-715f-b6c6-08dcdf4b78ec", "update-id": "fd30188f-c065-4aa1-8804-f789be417bf1", "from-state": "Accepted", "to-state": "ProvisionallyCompleted", "logging-call-at": "/Users/shivamsaraf/Desktop/work/temporal/common/log/with_logger.go:61"}
2025-03-19T11:38:52.376-0400	debug	Assigning new task key	{"host": "127.0.0.1:63280", "shard-id": 1, "address": "127.0.0.1:63280", "wf-namespace-id": "d0b550e3-6091-4a9b-a9aa-3d80ffb24954", "wf-id": "temporal-sys-worker-deployment:rrentVersion_Batching-564e9892_deployment_series", "wf-run-id": "0195af0e-960d-715f-b6c6-08dcdf4b78ec", "queue-task-type": "TransferActivityTask", "queue-task-id": 1049430, "timestamp": "2025-03-19T15:38:52.376Z", "cursor-timestamp": "2025-03-19T15:38:53.366Z", "logging-call-at": "/Users/shivamsaraf/Desktop/work/temporal/common/log/with_logger.go:61"}
2025-03-19T11:38:52.379-0400	debug	update state change	{"host": "127.0.0.1:63280", "shard-id": 1, "address": "127.0.0.1:63280", "wf-namespace-id": "d0b550e3-6091-4a9b-a9aa-3d80ffb24954", "wf-id": "temporal-sys-worker-deployment:rrentVersion_Batching-564e9892_deployment_series", "wf-run-id": "0195af0e-960d-715f-b6c6-08dcdf4b78ec", "update-id": "fd30188f-c065-4aa1-8804-f789be417bf1", "from-state": "ProvisionallyCompleted", "to-state": "Completed", "logging-call-at": "/Users/shivamsaraf/Desktop/work/temporal/common/log/with_logger.go:61"}
2025-03-19T11:38:52.379-0400	debug	deployment client success	{"host": "127.0.0.1:63279", "operation": "RegisterTaskQueueWorker", "elapsed": 8.813621334, "args": ["rrentVersion_Batching-564e9892_task_queue_39",1,"matching service"], "logging-call-at": "/Users/shivamsaraf/Desktop/work/temporal/common/log/with_logger.go:61"}
2025-03-19T11:38:52.379-0400	debug	Process task as active.	{"host": "127.0.0.1:63280", "shard-id": 1, "address": "127.0.0.1:63280", "component": "transfer-queue-processor", "wf-namespace-id": "d0b550e3-6091-4a9b-a9aa-3d80ffb24954", "value": "d0b550e3-6091-4a9b-a9aa-3d80ffb24954/temporal-sys-worker-deployment:rrentVersion_Batching-564e9892_deployment_series/0195af0e-960d-715f-b6c6-08dcdf4b78ec", "logging-call-at": "/Users/shivamsaraf/Desktop/work/temporal/common/log/with_logger.go:61"}
2025-03-19T11:38:52.379-0400	info	Started physicalTaskQueueManager	{"host": "127.0.0.1:63279", "component": "matching-engine", "wf-task-queue-name": "rrentVersion_Batching-564e9892_task_queue_39", "wf-task-queue-type": "Workflow", "wf-namespace": "namespace-ec265ab4-426c-4316-a4b3-47fc66311932", "worker-build-id": "rrentVersion_Batching-564e9892_deployment_series/rrentVersion_Batching-564e9892_build_id", "lifecycle": "Started", "cause": "UserData", "logging-call-at": "/Users/shivamsaraf/Desktop/work/temporal/common/log/with_logger.go:66"}
2025-03-19T11:38:52.380-0400	debug	Assigning new task key	{"host": "127.0.0.1:63280", "shard-id": 1, "address": "127.0.0.1:63280", "wf-namespace-id": "d0b550e3-6091-4a9b-a9aa-3d80ffb24954", "wf-id": "temporal-sys-worker-deployment:rrentVersion_Batching-564e9892_deployment_series", "wf-run-id": "0195af0e-960d-715f-b6c6-08dcdf4b78ec", "queue-task-type": "ActivityTimeout", "queue-task-id": 1049432, "timestamp": "2025-03-19T15:39:52.381Z", "cursor-timestamp": "2025-03-19T15:38:53.379Z", "logging-call-at": "/Users/shivamsaraf/Desktop/work/temporal/common/log/with_logger.go:61"}
2025-03-19T11:38:52.384-0400	debug	Frontend method invoked.	{"host": "127.0.0.1:63278", "wf-namespace": "namespace-ec265ab4-426c-4316-a4b3-47fc66311932", "operation": "PollActivityTaskQueue", "server-name": "", "cert-thumbprint": "", "logging-call-at": "/Users/shivamsaraf/Desktop/work/temporal/common/log/with_logger.go:61"}
2025-03-19T11:38:52.384-0400	debug	Received PollActivityTaskQueue	{"host": "127.0.0.1:63278", "service": "frontend", "logging-call-at": "/Users/shivamsaraf/Desktop/work/temporal/common/log/with_logger.go:61"}
2025-03-19T11:38:52.385-0400	debug	update state change	{"host": "127.0.0.1:63280", "shard-id": 4, "address": "127.0.0.1:63280", "wf-namespace-id": "d0b550e3-6091-4a9b-a9aa-3d80ffb24954", "wf-id": "temporal-sys-worker-deployment-version:rrentVersion_Batching-564e9892_deployment_series.rrentVersion_Batching-564e9892_build_id", "wf-run-id": "0195af0e-98a0-7d94-93e5-2a1d2e5942f8", "update-id": "04a39d96-49fd-4494-980d-f3a4850b7ce2", "from-state": "Created", "to-state": "ProvisionallyAdmitted", "logging-call-at": "/Users/shivamsaraf/Desktop/work/temporal/common/log/with_logger.go:61"}
2025-03-19T11:38:52.385-0400	debug	update state change	{"host": "127.0.0.1:63280", "shard-id": 4, "address": "127.0.0.1:63280", "wf-namespace-id": "d0b550e3-6091-4a9b-a9aa-3d80ffb24954", "wf-id": "temporal-sys-worker-deployment-version:rrentVersion_Batching-564e9892_deployment_series.rrentVersion_Batching-564e9892_build_id", "wf-run-id": "0195af0e-98a0-7d94-93e5-2a1d2e5942f8", "update-id": "04a39d96-49fd-4494-980d-f3a4850b7ce2", "from-state": "ProvisionallyAdmitted", "to-state": "Admitted", "logging-call-at": "/Users/shivamsaraf/Desktop/work/temporal/common/log/with_logger.go:61"}
2025-03-19T11:38:52.385-0400	debug	Workflow task updated	{"host": "127.0.0.1:63280", "shard-id": 4, "address": "127.0.0.1:63280", "wf-scheduled-event-id": 742, "wf-started-event-id": 0, "workflow-task-request-id": "emptyUuid", "workflow-task-timeout": 10, "attempt": 1, "wf-started-timestamp": "0001-01-01T00:00:00.000Z", "wt-type": "Speculative", "logging-call-at": "/Users/shivamsaraf/Desktop/work/temporal/common/log/with_logger.go:61"}
2025-03-19T11:38:52.386-0400	debug	Workflow task updated	{"host": "127.0.0.1:63280", "shard-id": 4, "address": "127.0.0.1:63280", "wf-scheduled-event-id": 742, "wf-started-event-id": 743, "workflow-task-request-id": "b3764a3d-a565-4380-9959-90b744536447", "workflow-task-timeout": 10, "attempt": 1, "wf-started-timestamp": "2025-03-19T15:38:52.386Z", "wt-type": "Speculative", "logging-call-at": "/Users/shivamsaraf/Desktop/work/temporal/common/log/with_logger.go:61"}
2025-03-19T11:38:52.386-0400	debug	update state change	{"host": "127.0.0.1:63280", "shard-id": 4, "address": "127.0.0.1:63280", "wf-namespace-id": "d0b550e3-6091-4a9b-a9aa-3d80ffb24954", "wf-id": "temporal-sys-worker-deployment-version:rrentVersion_Batching-564e9892_deployment_series.rrentVersion_Batching-564e9892_build_id", "wf-run-id": "0195af0e-98a0-7d94-93e5-2a1d2e5942f8", "update-id": "04a39d96-49fd-4494-980d-f3a4850b7ce2", "from-state": "Admitted", "to-state": "Sent", "logging-call-at": "/Users/shivamsaraf/Desktop/work/temporal/common/log/with_logger.go:61"}
2025-03-19T11:38:52.391-0400	debug	ExecuteActivity	{"host": "127.0.0.1:63281", "Namespace": "namespace-ec265ab4-426c-4316-a4b3-47fc66311932", "TaskQueue": "temporal-sys-per-ns-tq", "WorkerID": "temporal-system@Shivams-MacBook-Pro.local@namespace-ec265ab4-426c-4316-a4b3-47fc66311932", "WorkflowType": "temporal-sys-worker-deployment-version-workflow", "WorkflowID": "temporal-sys-worker-deployment-version:rrentVersion_Batching-564e9892_deployment_series.rrentVersion_Batching-564e9892_build_id", "RunID": "0195af0e-98a0-7d94-93e5-2a1d2e5942f8", "Attempt": 0, "ActivityID": "746", "ActivityType": "SyncDeploymentVersionUserData", "logging-call-at": "/Users/shivamsaraf/Desktop/work/temporal/common/log/with_logger.go:61"}
2025-03-19T11:38:52.391-0400	debug	Frontend method invoked.	{"host": "127.0.0.1:63278", "wf-namespace": "namespace-ec265ab4-426c-4316-a4b3-47fc66311932", "operation": "PollWorkflowTaskQueue", "server-name": "", "cert-thumbprint": "", "logging-call-at": "/Users/shivamsaraf/Desktop/work/temporal/common/log/with_logger.go:61"}
2025-03-19T11:38:52.391-0400	debug	Received PollWorkflowTaskQueue	{"host": "127.0.0.1:63278", "service": "frontend", "logging-call-at": "/Users/shivamsaraf/Desktop/work/temporal/common/log/with_logger.go:61"}
2025-03-19T11:38:52.391-0400	debug	Poll workflow task queue.	{"host": "127.0.0.1:63278", "service": "frontend", "wf-namespace": "namespace-ec265ab4-426c-4316-a4b3-47fc66311932", "wf-namespace-id": "d0b550e3-6091-4a9b-a9aa-3d80ffb24954", "logging-call-at": "/Users/shivamsaraf/Desktop/work/temporal/common/log/with_logger.go:61"}
2025-03-19T11:38:52.391-0400	debug	Frontend method invoked.	{"host": "127.0.0.1:63278", "wf-namespace": "namespace-ec265ab4-426c-4316-a4b3-47fc66311932", "operation": "RespondWorkflowTaskCompleted", "server-name": "", "cert-thumbprint": "", "logging-call-at": "/Users/shivamsaraf/Desktop/work/temporal/common/log/with_logger.go:61"}
2025-03-19T11:38:52.392-0400	debug	RespondWorkflowTaskCompleted	{"host": "127.0.0.1:63280", "service": "history", "wf-namespace-id": "d0b550e3-6091-4a9b-a9aa-3d80ffb24954", "wf-id": "temporal-sys-worker-deployment-version:rrentVersion_Batching-564e9892_deployment_series.rrentVersion_Batching-564e9892_build_id", "wf-run-id": "0195af0e-98a0-7d94-93e5-2a1d2e5942f8", "wf-scheduled-event-id": 742, "logging-call-at": "/Users/shivamsaraf/Desktop/work/temporal/common/log/with_logger.go:61"}
2025-03-19T11:38:52.392-0400	debug	Workflow task updated	{"host": "127.0.0.1:63280", "shard-id": 4, "address": "127.0.0.1:63280", "wf-scheduled-event-id": 0, "wf-started-event-id": 0, "workflow-task-request-id": "emptyUuid", "workflow-task-timeout": 0, "attempt": 1, "wf-started-timestamp": "1970-01-01T00:00:00.000Z", "wt-type": "Unspecified", "logging-call-at": "/Users/shivamsaraf/Desktop/work/temporal/common/log/with_logger.go:61"}
2025-03-19T11:38:52.392-0400	debug	update state change	{"host": "127.0.0.1:63280", "shard-id": 4, "address": "127.0.0.1:63280", "wf-namespace-id": "d0b550e3-6091-4a9b-a9aa-3d80ffb24954", "wf-id": "temporal-sys-worker-deployment-version:rrentVersion_Batching-564e9892_deployment_series.rrentVersion_Batching-564e9892_build_id", "wf-run-id": "0195af0e-98a0-7d94-93e5-2a1d2e5942f8", "update-id": "04a39d96-49fd-4494-980d-f3a4850b7ce2", "from-state": "Sent", "to-state": "ProvisionallyAccepted", "logging-call-at": "/Users/shivamsaraf/Desktop/work/temporal/common/log/with_logger.go:61"}
2025-03-19T11:38:52.392-0400	debug	Assigning new task key	{"host": "127.0.0.1:63280", "shard-id": 4, "address": "127.0.0.1:63280", "wf-namespace-id": "d0b550e3-6091-4a9b-a9aa-3d80ffb24954", "wf-id": "temporal-sys-worker-deployment-version:rrentVersion_Batching-564e9892_deployment_series.rrentVersion_Batching-564e9892_build_id", "wf-run-id": "0195af0e-98a0-7d94-93e5-2a1d2e5942f8", "queue-task-type": "TransferActivityTask", "queue-task-id": 1050501, "timestamp": "2025-03-19T15:38:52.392Z", "cursor-timestamp": "2025-03-19T15:38:53.349Z", "logging-call-at": "/Users/shivamsaraf/Desktop/work/temporal/common/log/with_logger.go:61"}
2025-03-19T11:38:52.396-0400	debug	update state change	{"host": "127.0.0.1:63280", "shard-id": 4, "address": "127.0.0.1:63280", "wf-namespace-id": "d0b550e3-6091-4a9b-a9aa-3d80ffb24954", "wf-id": "temporal-sys-worker-deployment-version:rrentVersion_Batching-564e9892_deployment_series.rrentVersion_Batching-564e9892_build_id", "wf-run-id": "0195af0e-98a0-7d94-93e5-2a1d2e5942f8", "update-id": "04a39d96-49fd-4494-980d-f3a4850b7ce2", "from-state": "ProvisionallyAccepted", "to-state": "Accepted", "logging-call-at": "/Users/shivamsaraf/Desktop/work/temporal/common/log/with_logger.go:61"}
2025-03-19T11:38:52.396-0400	debug	Process task as active.	{"host": "127.0.0.1:63280", "shard-id": 4, "address": "127.0.0.1:63280", "component": "transfer-queue-processor", "wf-namespace-id": "d0b550e3-6091-4a9b-a9aa-3d80ffb24954", "value": "d0b550e3-6091-4a9b-a9aa-3d80ffb24954/temporal-sys-worker-deployment-version:rrentVersion_Batching-564e9892_deployment_series.rrentVersion_Batching-564e9892_build_id/0195af0e-98a0-7d94-93e5-2a1d2e5942f8", "logging-call-at": "/Users/shivamsaraf/Desktop/work/temporal/common/log/with_logger.go:61"}
2025-03-19T11:38:52.397-0400	debug	Assigning new task key	{"host": "127.0.0.1:63280", "shard-id": 4, "address": "127.0.0.1:63280", "wf-namespace-id": "d0b550e3-6091-4a9b-a9aa-3d80ffb24954", "wf-id": "temporal-sys-worker-deployment-version:rrentVersion_Batching-564e9892_deployment_series.rrentVersion_Batching-564e9892_build_id", "wf-run-id": "0195af0e-98a0-7d94-93e5-2a1d2e5942f8", "queue-task-type": "ActivityTimeout", "queue-task-id": 1050502, "timestamp": "2025-03-19T15:39:52.398Z", "cursor-timestamp": "2025-03-19T15:38:53.396Z", "logging-call-at": "/Users/shivamsaraf/Desktop/work/temporal/common/log/with_logger.go:61"}
2025-03-19T11:38:52.398-0400	debug	Process task as active.	{"host": "127.0.0.1:63280", "shard-id": 4, "address": "127.0.0.1:63280", "component": "timer-queue-processor", "wf-namespace-id": "d0b550e3-6091-4a9b-a9aa-3d80ffb24954", "value": "d0b550e3-6091-4a9b-a9aa-3d80ffb24954/temporal-sys-worker-deployment-version:rrentVersion_Batching-564e9892_deployment_series.rrentVersion_Batching-564e9892_build_id/0195af0e-98a0-7d94-93e5-2a1d2e5942f8", "logging-call-at": "/Users/shivamsaraf/Desktop/work/temporal/common/log/with_logger.go:61"}
2025-03-19T11:38:52.401-0400	info	syncing task queue userdata for deployment version	{"host": "127.0.0.1:63281", "Namespace": "namespace-ec265ab4-426c-4316-a4b3-47fc66311932", "TaskQueue": "temporal-sys-per-ns-tq", "WorkerID": "temporal-system@Shivams-MacBook-Pro.local@namespace-ec265ab4-426c-4316-a4b3-47fc66311932", "ActivityID": "746", "ActivityType": "SyncDeploymentVersionUserData", "Attempt": 1, "WorkflowType": "temporal-sys-worker-deployment-version-workflow", "WorkflowID": "temporal-sys-worker-deployment-version:rrentVersion_Batching-564e9892_deployment_series.rrentVersion_Batching-564e9892_build_id", "RunID": "0195af0e-98a0-7d94-93e5-2a1d2e5942f8", "taskQueue": "rrentVersion_Batching-564e9892_task_queue_13", "types": [1], "logging-call-at": "/Users/shivamsaraf/Desktop/work/temporal/common/log/with_logger.go:66"}
2025-03-19T11:38:52.401-0400	debug	Frontend method invoked.	{"host": "127.0.0.1:63278", "wf-namespace": "namespace-ec265ab4-426c-4316-a4b3-47fc66311932", "operation": "PollActivityTaskQueue", "server-name": "", "cert-thumbprint": "", "logging-call-at": "/Users/shivamsaraf/Desktop/work/temporal/common/log/with_logger.go:61"}
2025-03-19T11:38:52.401-0400	debug	Received PollActivityTaskQueue	{"host": "127.0.0.1:63278", "service": "frontend", "logging-call-at": "/Users/shivamsaraf/Desktop/work/temporal/common/log/with_logger.go:61"}
2025-03-19T11:38:52.429-0400	debug	Process task as active.	{"host": "127.0.0.1:63280", "shard-id": 4, "address": "127.0.0.1:63280", "component": "timer-queue-processor", "wf-namespace-id": "d0b550e3-6091-4a9b-a9aa-3d80ffb24954", "value": "d0b550e3-6091-4a9b-a9aa-3d80ffb24954/temporal-sys-worker-deployment-version:rrentVersion_Batching-564e9892_deployment_series.rrentVersion_Batching-564e9892_build_id/0195af0e-98a0-7d94-93e5-2a1d2e5942f8", "logging-call-at": "/Users/shivamsaraf/Desktop/work/temporal/common/log/with_logger.go:61"}
2025-03-19T11:38:52.445-0400	debug	Process task as active.	{"host": "127.0.0.1:63280", "shard-id": 1, "address": "127.0.0.1:63280", "component": "timer-queue-processor", "wf-namespace-id": "d0b550e3-6091-4a9b-a9aa-3d80ffb24954", "value": "d0b550e3-6091-4a9b-a9aa-3d80ffb24954/temporal-sys-worker-deployment:rrentVersion_Batching-564e9892_deployment_series/0195af0e-960d-715f-b6c6-08dcdf4b78ec", "logging-call-at": "/Users/shivamsaraf/Desktop/work/temporal/common/log/with_logger.go:61"}
2025-03-19T11:38:52.503-0400	info	modified user data	{"host": "127.0.0.1:63279", "component": "matching-engine", "wf-task-queue-name": "rrentVersion_Batching-564e9892_task_queue_13", "wf-task-queue-type": "Workflow", "wf-namespace": "namespace-ec265ab4-426c-4316-a4b3-47fc66311932", "user-data-update-source": "SyncDeploymentUserData", "user-data-version": 1, "timestamp": "2025-03-19T15:38:52.401Z", "logging-call-at": "/Users/shivamsaraf/Desktop/work/temporal/common/log/with_logger.go:66"}
2025-03-19T11:38:52.503-0400	debug	user data changed while blocked in long poll	{"host": "127.0.0.1:63279", "component": "matching-engine", "wf-task-queue-name": "rrentVersion_Batching-564e9892_task_queue_13", "wf-task-queue-type": "Workflow", "wf-namespace": "namespace-ec265ab4-426c-4316-a4b3-47fc66311932", "logging-call-at": "/Users/shivamsaraf/Desktop/work/temporal/common/log/with_logger.go:61"}
2025-03-19T11:38:52.503-0400	debug	user data changed while blocked in long poll	{"host": "127.0.0.1:63279", "component": "matching-engine", "wf-task-queue-name": "rrentVersion_Batching-564e9892_task_queue_13", "wf-task-queue-type": "Workflow", "wf-namespace": "namespace-ec265ab4-426c-4316-a4b3-47fc66311932", "logging-call-at": "/Users/shivamsaraf/Desktop/work/temporal/common/log/with_logger.go:61"}
2025-03-19T11:38:52.503-0400	info	returning user data	{"host": "127.0.0.1:63279", "component": "matching-engine", "wf-task-queue-name": "rrentVersion_Batching-564e9892_task_queue_13", "wf-task-queue-type": "Workflow", "wf-namespace": "namespace-ec265ab4-426c-4316-a4b3-47fc66311932", "long-poll": true, "request-known-version": 0, "user-data-version": 1, "logging-call-at": "/Users/shivamsaraf/Desktop/work/temporal/common/log/with_logger.go:66"}
2025-03-19T11:38:52.503-0400	debug	user data changed while blocked in long poll	{"host": "127.0.0.1:63279", "component": "matching-engine", "wf-task-queue-name": "rrentVersion_Batching-564e9892_task_queue_13", "wf-task-queue-type": "Workflow", "wf-namespace": "namespace-ec265ab4-426c-4316-a4b3-47fc66311932", "logging-call-at": "/Users/shivamsaraf/Desktop/work/temporal/common/log/with_logger.go:61"}
2025-03-19T11:38:52.503-0400	info	returning user data	{"host": "127.0.0.1:63279", "component": "matching-engine", "wf-task-queue-name": "rrentVersion_Batching-564e9892_task_queue_13", "wf-task-queue-type": "Workflow", "wf-namespace": "namespace-ec265ab4-426c-4316-a4b3-47fc66311932", "long-poll": true, "request-known-version": 0, "user-data-version": 1, "logging-call-at": "/Users/shivamsaraf/Desktop/work/temporal/common/log/with_logger.go:66"}
2025-03-19T11:38:52.503-0400	info	returning user data	{"host": "127.0.0.1:63279", "component": "matching-engine", "wf-task-queue-name": "rrentVersion_Batching-564e9892_task_queue_13", "wf-task-queue-type": "Workflow", "wf-namespace": "namespace-ec265ab4-426c-4316-a4b3-47fc66311932", "long-poll": true, "request-known-version": 0, "user-data-version": 1, "logging-call-at": "/Users/shivamsaraf/Desktop/work/temporal/common/log/with_logger.go:66"}
2025-03-19T11:38:52.504-0400	info	fetched user data from parent	{"host": "127.0.0.1:63279", "component": "matching-engine", "wf-task-queue-name": "/_sys/rrentVersion_Batching-564e9892_task_queue_13/1", "wf-task-queue-type": "Workflow", "wf-namespace": "namespace-ec265ab4-426c-4316-a4b3-47fc66311932", "user-data-version": 1, "timestamp": "2025-03-19T15:38:52.401Z", "logging-call-at": "/Users/shivamsaraf/Desktop/work/temporal/common/log/with_logger.go:66"}
2025-03-19T11:38:52.504-0400	debug	Frontend method invoked.	{"host": "127.0.0.1:63278", "wf-namespace": "namespace-ec265ab4-426c-4316-a4b3-47fc66311932", "operation": "RespondActivityTaskCompleted", "server-name": "", "cert-thumbprint": "", "logging-call-at": "/Users/shivamsaraf/Desktop/work/temporal/common/log/with_logger.go:61"}
2025-03-19T11:38:52.504-0400	info	fetched user data from parent	{"host": "127.0.0.1:63279", "component": "matching-engine", "wf-task-queue-name": "/_sys/rrentVersion_Batching-564e9892_task_queue_13/2", "wf-task-queue-type": "Workflow", "wf-namespace": "namespace-ec265ab4-426c-4316-a4b3-47fc66311932", "user-data-version": 1, "timestamp": "2025-03-19T15:38:52.401Z", "logging-call-at": "/Users/shivamsaraf/Desktop/work/temporal/common/log/with_logger.go:66"}
2025-03-19T11:38:52.504-0400	info	fetched user data from parent	{"host": "127.0.0.1:63279", "component": "matching-engine", "wf-task-queue-name": "/_sys/rrentVersion_Batching-564e9892_task_queue_13/3", "wf-task-queue-type": "Workflow", "wf-namespace": "namespace-ec265ab4-426c-4316-a4b3-47fc66311932", "user-data-version": 1, "timestamp": "2025-03-19T15:38:52.401Z", "logging-call-at": "/Users/shivamsaraf/Desktop/work/temporal/common/log/with_logger.go:66"}
2025-03-19T11:38:52.504-0400	debug	Workflow task updated	{"host": "127.0.0.1:63280", "shard-id": 4, "address": "127.0.0.1:63280", "wf-scheduled-event-id": 749, "wf-started-event-id": 0, "workflow-task-request-id": "emptyUuid", "workflow-task-timeout": 10, "attempt": 1, "wf-started-timestamp": "0001-01-01T00:00:00.000Z", "wt-type": "Normal", "logging-call-at": "/Users/shivamsaraf/Desktop/work/temporal/common/log/with_logger.go:61"}
2025-03-19T11:38:52.505-0400	debug	Assigning new task key	{"host": "127.0.0.1:63280", "shard-id": 4, "address": "127.0.0.1:63280", "wf-namespace-id": "d0b550e3-6091-4a9b-a9aa-3d80ffb24954", "wf-id": "temporal-sys-worker-deployment-version:rrentVersion_Batching-564e9892_deployment_series.rrentVersion_Batching-564e9892_build_id", "wf-run-id": "0195af0e-98a0-7d94-93e5-2a1d2e5942f8", "queue-task-type": "WorkflowTaskTimeout", "queue-task-id": 1050508, "timestamp": "2025-03-19T15:38:57.505Z", "cursor-timestamp": "2025-03-19T15:38:53.396Z", "logging-call-at": "/Users/shivamsaraf/Desktop/work/temporal/common/log/with_logger.go:61"}
2025-03-19T11:38:52.505-0400	debug	Assigning new task key	{"host": "127.0.0.1:63280", "shard-id": 4, "address": "127.0.0.1:63280", "wf-namespace-id": "d0b550e3-6091-4a9b-a9aa-3d80ffb24954", "wf-id": "temporal-sys-worker-deployment-version:rrentVersion_Batching-564e9892_deployment_series.rrentVersion_Batching-564e9892_build_id", "wf-run-id": "0195af0e-98a0-7d94-93e5-2a1d2e5942f8", "queue-task-type": "TransferWorkflowTask", "queue-task-id": 1050509, "timestamp": "2025-03-19T15:38:52.505Z", "cursor-timestamp": "2025-03-19T15:38:53.396Z", "logging-call-at": "/Users/shivamsaraf/Desktop/work/temporal/common/log/with_logger.go:61"}
2025-03-19T11:38:52.511-0400	debug	Process task as active.	{"host": "127.0.0.1:63280", "shard-id": 4, "address": "127.0.0.1:63280", "component": "transfer-queue-processor", "wf-namespace-id": "d0b550e3-6091-4a9b-a9aa-3d80ffb24954", "value": "d0b550e3-6091-4a9b-a9aa-3d80ffb24954/temporal-sys-worker-deployment-version:rrentVersion_Batching-564e9892_deployment_series.rrentVersion_Batching-564e9892_build_id/0195af0e-98a0-7d94-93e5-2a1d2e5942f8", "logging-call-at": "/Users/shivamsaraf/Desktop/work/temporal/common/log/with_logger.go:61"}
2025-03-19T11:38:52.512-0400	debug	Workflow task updated	{"host": "127.0.0.1:63280", "shard-id": 4, "address": "127.0.0.1:63280", "wf-scheduled-event-id": 749, "wf-started-event-id": 750, "workflow-task-request-id": "5ad644f2-06b8-4804-a854-1750c67e6ad6", "workflow-task-timeout": 10, "attempt": 1, "wf-started-timestamp": "2025-03-19T15:38:52.512Z", "wt-type": "Normal", "logging-call-at": "/Users/shivamsaraf/Desktop/work/temporal/common/log/with_logger.go:61"}
2025-03-19T11:38:52.512-0400	debug	Assigning new task key	{"host": "127.0.0.1:63280", "shard-id": 4, "address": "127.0.0.1:63280", "wf-namespace-id": "d0b550e3-6091-4a9b-a9aa-3d80ffb24954", "wf-id": "temporal-sys-worker-deployment-version:rrentVersion_Batching-564e9892_deployment_series.rrentVersion_Batching-564e9892_build_id", "wf-run-id": "0195af0e-98a0-7d94-93e5-2a1d2e5942f8", "queue-task-type": "WorkflowTaskTimeout", "queue-task-id": 1050512, "timestamp": "2025-03-19T15:39:02.513Z", "cursor-timestamp": "2025-03-19T15:38:53.510Z", "logging-call-at": "/Users/shivamsaraf/Desktop/work/temporal/common/log/with_logger.go:61"}
2025-03-19T11:38:52.523-0400	debug	ExecuteActivity	{"host": "127.0.0.1:63281", "Namespace": "namespace-ec265ab4-426c-4316-a4b3-47fc66311932", "TaskQueue": "temporal-sys-per-ns-tq", "WorkerID": "temporal-system@Shivams-MacBook-Pro.local@namespace-ec265ab4-426c-4316-a4b3-47fc66311932", "WorkflowType": "temporal-sys-worker-deployment-version-workflow", "WorkflowID": "temporal-sys-worker-deployment-version:rrentVersion_Batching-564e9892_deployment_series.rrentVersion_Batching-564e9892_build_id", "RunID": "0195af0e-98a0-7d94-93e5-2a1d2e5942f8", "Attempt": 0, "ActivityID": "752", "ActivityType": "CheckWorkerDeploymentUserDataPropagation", "logging-call-at": "/Users/shivamsaraf/Desktop/work/temporal/common/log/with_logger.go:61"}
2025-03-19T11:38:52.523-0400	debug	Frontend method invoked.	{"host": "127.0.0.1:63278", "wf-namespace": "namespace-ec265ab4-426c-4316-a4b3-47fc66311932", "operation": "PollWorkflowTaskQueue", "server-name": "", "cert-thumbprint": "", "logging-call-at": "/Users/shivamsaraf/Desktop/work/temporal/common/log/with_logger.go:61"}
2025-03-19T11:38:52.523-0400	debug	Received PollWorkflowTaskQueue	{"host": "127.0.0.1:63278", "service": "frontend", "logging-call-at": "/Users/shivamsaraf/Desktop/work/temporal/common/log/with_logger.go:61"}
2025-03-19T11:38:52.523-0400	debug	Poll workflow task queue.	{"host": "127.0.0.1:63278", "service": "frontend", "wf-namespace": "namespace-ec265ab4-426c-4316-a4b3-47fc66311932", "wf-namespace-id": "d0b550e3-6091-4a9b-a9aa-3d80ffb24954", "logging-call-at": "/Users/shivamsaraf/Desktop/work/temporal/common/log/with_logger.go:61"}
2025-03-19T11:38:52.523-0400	debug	Frontend method invoked.	{"host": "127.0.0.1:63278", "wf-namespace": "namespace-ec265ab4-426c-4316-a4b3-47fc66311932", "operation": "RespondWorkflowTaskCompleted", "server-name": "", "cert-thumbprint": "", "logging-call-at": "/Users/shivamsaraf/Desktop/work/temporal/common/log/with_logger.go:61"}
2025-03-19T11:38:52.524-0400	debug	RespondWorkflowTaskCompleted	{"host": "127.0.0.1:63280", "service": "history", "wf-namespace-id": "d0b550e3-6091-4a9b-a9aa-3d80ffb24954", "wf-id": "temporal-sys-worker-deployment-version:rrentVersion_Batching-564e9892_deployment_series.rrentVersion_Batching-564e9892_build_id", "wf-run-id": "0195af0e-98a0-7d94-93e5-2a1d2e5942f8", "wf-scheduled-event-id": 749, "logging-call-at": "/Users/shivamsaraf/Desktop/work/temporal/common/log/with_logger.go:61"}
2025-03-19T11:38:52.524-0400	debug	Workflow task updated	{"host": "127.0.0.1:63280", "shard-id": 4, "address": "127.0.0.1:63280", "wf-scheduled-event-id": 0, "wf-started-event-id": 0, "workflow-task-request-id": "emptyUuid", "workflow-task-timeout": 0, "attempt": 1, "wf-started-timestamp": "1970-01-01T00:00:00.000Z", "wt-type": "Unspecified", "logging-call-at": "/Users/shivamsaraf/Desktop/work/temporal/common/log/with_logger.go:61"}
2025-03-19T11:38:52.524-0400	debug	Assigning new task key	{"host": "127.0.0.1:63280", "shard-id": 4, "address": "127.0.0.1:63280", "wf-namespace-id": "d0b550e3-6091-4a9b-a9aa-3d80ffb24954", "wf-id": "temporal-sys-worker-deployment-version:rrentVersion_Batching-564e9892_deployment_series.rrentVersion_Batching-564e9892_build_id", "wf-run-id": "0195af0e-98a0-7d94-93e5-2a1d2e5942f8", "queue-task-type": "TransferActivityTask", "queue-task-id": 1050517, "timestamp": "2025-03-19T15:38:52.524Z", "cursor-timestamp": "2025-03-19T15:38:53.510Z", "logging-call-at": "/Users/shivamsaraf/Desktop/work/temporal/common/log/with_logger.go:61"}
2025-03-19T11:38:52.529-0400	debug	Process task as active.	{"host": "127.0.0.1:63280", "shard-id": 4, "address": "127.0.0.1:63280", "component": "transfer-queue-processor", "wf-namespace-id": "d0b550e3-6091-4a9b-a9aa-3d80ffb24954", "value": "d0b550e3-6091-4a9b-a9aa-3d80ffb24954/temporal-sys-worker-deployment-version:rrentVersion_Batching-564e9892_deployment_series.rrentVersion_Batching-564e9892_build_id/0195af0e-98a0-7d94-93e5-2a1d2e5942f8", "logging-call-at": "/Users/shivamsaraf/Desktop/work/temporal/common/log/with_logger.go:61"}
2025-03-19T11:38:52.530-0400	debug	Assigning new task key	{"host": "127.0.0.1:63280", "shard-id": 4, "address": "127.0.0.1:63280", "wf-namespace-id": "d0b550e3-6091-4a9b-a9aa-3d80ffb24954", "wf-id": "temporal-sys-worker-deployment-version:rrentVersion_Batching-564e9892_deployment_series.rrentVersion_Batching-564e9892_build_id", "wf-run-id": "0195af0e-98a0-7d94-93e5-2a1d2e5942f8", "queue-task-type": "ActivityTimeout", "queue-task-id": 1050518, "timestamp": "2025-03-19T15:39:52.530Z", "cursor-timestamp": "2025-03-19T15:38:53.528Z", "logging-call-at": "/Users/shivamsaraf/Desktop/work/temporal/common/log/with_logger.go:61"}
2025-03-19T11:38:52.534-0400	info	waiting for userdata propagation	{"host": "127.0.0.1:63281", "Namespace": "namespace-ec265ab4-426c-4316-a4b3-47fc66311932", "TaskQueue": "temporal-sys-per-ns-tq", "WorkerID": "temporal-system@Shivams-MacBook-Pro.local@namespace-ec265ab4-426c-4316-a4b3-47fc66311932", "ActivityID": "752", "ActivityType": "CheckWorkerDeploymentUserDataPropagation", "Attempt": 1, "WorkflowType": "temporal-sys-worker-deployment-version-workflow", "WorkflowID": "temporal-sys-worker-deployment-version:rrentVersion_Batching-564e9892_deployment_series.rrentVersion_Batching-564e9892_build_id", "RunID": "0195af0e-98a0-7d94-93e5-2a1d2e5942f8", "taskQueue": "rrentVersion_Batching-564e9892_task_queue_13", "version": 1, "logging-call-at": "/Users/shivamsaraf/Desktop/work/temporal/common/log/with_logger.go:66"}
2025-03-19T11:38:52.534-0400	debug	Frontend method invoked.	{"host": "127.0.0.1:63278", "wf-namespace": "namespace-ec265ab4-426c-4316-a4b3-47fc66311932", "operation": "PollActivityTaskQueue", "server-name": "", "cert-thumbprint": "", "logging-call-at": "/Users/shivamsaraf/Desktop/work/temporal/common/log/with_logger.go:61"}
2025-03-19T11:38:52.534-0400	debug	Received PollActivityTaskQueue	{"host": "127.0.0.1:63278", "service": "frontend", "logging-call-at": "/Users/shivamsaraf/Desktop/work/temporal/common/log/with_logger.go:61"}
2025-03-19T11:38:52.535-0400	info	returning user data	{"host": "127.0.0.1:63279", "component": "matching-engine", "wf-task-queue-name": "/_sys/rrentVersion_Batching-564e9892_task_queue_13/2", "wf-task-queue-type": "Workflow", "wf-namespace": "namespace-ec265ab4-426c-4316-a4b3-47fc66311932", "long-poll": true, "request-known-version": 0, "user-data-version": 1, "logging-call-at": "/Users/shivamsaraf/Desktop/work/temporal/common/log/with_logger.go:66"}
2025-03-19T11:38:52.535-0400	info	returning user data	{"host": "127.0.0.1:63279", "component": "matching-engine", "wf-task-queue-name": "/_sys/rrentVersion_Batching-564e9892_task_queue_13/3", "wf-task-queue-type": "Workflow", "wf-namespace": "namespace-ec265ab4-426c-4316-a4b3-47fc66311932", "long-poll": true, "request-known-version": 0, "user-data-version": 1, "logging-call-at": "/Users/shivamsaraf/Desktop/work/temporal/common/log/with_logger.go:66"}
2025-03-19T11:38:52.535-0400	info	returning user data	{"host": "127.0.0.1:63279", "component": "matching-engine", "wf-task-queue-name": "/_sys/rrentVersion_Batching-564e9892_task_queue_13/1", "wf-task-queue-type": "Workflow", "wf-namespace": "namespace-ec265ab4-426c-4316-a4b3-47fc66311932", "long-poll": true, "request-known-version": 0, "user-data-version": 1, "logging-call-at": "/Users/shivamsaraf/Desktop/work/temporal/common/log/with_logger.go:66"}
2025-03-19T11:38:52.535-0400	info	matching client encountered error	{"host": "127.0.0.1:63279", "error": "partition was not loaded", "service-error-type": "serviceerror.FailedPrecondition", "logging-call-at": "/Users/shivamsaraf/Desktop/work/temporal/common/log/with_logger.go:66"}
2025-03-19T11:38:52.535-0400	info	matching client encountered error	{"host": "127.0.0.1:63279", "error": "partition was not loaded", "service-error-type": "serviceerror.FailedPrecondition", "logging-call-at": "/Users/shivamsaraf/Desktop/work/temporal/common/log/with_logger.go:66"}
2025-03-19T11:38:52.535-0400	info	matching client encountered error	{"host": "127.0.0.1:63279", "error": "partition was not loaded", "service-error-type": "serviceerror.FailedPrecondition", "logging-call-at": "/Users/shivamsaraf/Desktop/work/temporal/common/log/with_logger.go:66"}
2025-03-19T11:38:52.535-0400	info	matching client encountered error	{"host": "127.0.0.1:63279", "error": "partition was not loaded", "service-error-type": "serviceerror.FailedPrecondition", "logging-call-at": "/Users/shivamsaraf/Desktop/work/temporal/common/log/with_logger.go:66"}
2025-03-19T11:38:52.536-0400	debug	Frontend method invoked.	{"host": "127.0.0.1:63278", "wf-namespace": "namespace-ec265ab4-426c-4316-a4b3-47fc66311932", "operation": "RespondActivityTaskCompleted", "server-name": "", "cert-thumbprint": "", "logging-call-at": "/Users/shivamsaraf/Desktop/work/temporal/common/log/with_logger.go:61"}
2025-03-19T11:38:52.536-0400	debug	Workflow task updated	{"host": "127.0.0.1:63280", "shard-id": 4, "address": "127.0.0.1:63280", "wf-scheduled-event-id": 755, "wf-started-event-id": 0, "workflow-task-request-id": "emptyUuid", "workflow-task-timeout": 10, "attempt": 1, "wf-started-timestamp": "0001-01-01T00:00:00.000Z", "wt-type": "Normal", "logging-call-at": "/Users/shivamsaraf/Desktop/work/temporal/common/log/with_logger.go:61"}
2025-03-19T11:38:52.536-0400	debug	Assigning new task key	{"host": "127.0.0.1:63280", "shard-id": 4, "address": "127.0.0.1:63280", "wf-namespace-id": "d0b550e3-6091-4a9b-a9aa-3d80ffb24954", "wf-id": "temporal-sys-worker-deployment-version:rrentVersion_Batching-564e9892_deployment_series.rrentVersion_Batching-564e9892_build_id", "wf-run-id": "0195af0e-98a0-7d94-93e5-2a1d2e5942f8", "queue-task-type": "WorkflowTaskTimeout", "queue-task-id": 1050524, "timestamp": "2025-03-19T15:38:57.537Z", "cursor-timestamp": "2025-03-19T15:38:53.528Z", "logging-call-at": "/Users/shivamsaraf/Desktop/work/temporal/common/log/with_logger.go:61"}
2025-03-19T11:38:52.536-0400	debug	Assigning new task key	{"host": "127.0.0.1:63280", "shard-id": 4, "address": "127.0.0.1:63280", "wf-namespace-id": "d0b550e3-6091-4a9b-a9aa-3d80ffb24954", "wf-id": "temporal-sys-worker-deployment-version:rrentVersion_Batching-564e9892_deployment_series.rrentVersion_Batching-564e9892_build_id", "wf-run-id": "0195af0e-98a0-7d94-93e5-2a1d2e5942f8", "queue-task-type": "TransferWorkflowTask", "queue-task-id": 1050525, "timestamp": "2025-03-19T15:38:52.536Z", "cursor-timestamp": "2025-03-19T15:38:53.528Z", "logging-call-at": "/Users/shivamsaraf/Desktop/work/temporal/common/log/with_logger.go:61"}
2025-03-19T11:38:52.541-0400	debug	Process task as active.	{"host": "127.0.0.1:63280", "shard-id": 4, "address": "127.0.0.1:63280", "component": "transfer-queue-processor", "wf-namespace-id": "d0b550e3-6091-4a9b-a9aa-3d80ffb24954", "value": "d0b550e3-6091-4a9b-a9aa-3d80ffb24954/temporal-sys-worker-deployment-version:rrentVersion_Batching-564e9892_deployment_series.rrentVersion_Batching-564e9892_build_id/0195af0e-98a0-7d94-93e5-2a1d2e5942f8", "logging-call-at": "/Users/shivamsaraf/Desktop/work/temporal/common/log/with_logger.go:61"}
2025-03-19T11:38:52.541-0400	debug	Workflow task updated	{"host": "127.0.0.1:63280", "shard-id": 4, "address": "127.0.0.1:63280", "wf-scheduled-event-id": 755, "wf-started-event-id": 756, "workflow-task-request-id": "d02b55f0-9acc-4cfe-a7ed-509b6173acbb", "workflow-task-timeout": 10, "attempt": 1, "wf-started-timestamp": "2025-03-19T15:38:52.541Z", "wt-type": "Normal", "logging-call-at": "/Users/shivamsaraf/Desktop/work/temporal/common/log/with_logger.go:61"}
2025-03-19T11:38:52.542-0400	debug	Assigning new task key	{"host": "127.0.0.1:63280", "shard-id": 4, "address": "127.0.0.1:63280", "wf-namespace-id": "d0b550e3-6091-4a9b-a9aa-3d80ffb24954", "wf-id": "temporal-sys-worker-deployment-version:rrentVersion_Batching-564e9892_deployment_series.rrentVersion_Batching-564e9892_build_id", "wf-run-id": "0195af0e-98a0-7d94-93e5-2a1d2e5942f8", "queue-task-type": "WorkflowTaskTimeout", "queue-task-id": 1050528, "timestamp": "2025-03-19T15:39:02.542Z", "cursor-timestamp": "2025-03-19T15:38:53.540Z", "logging-call-at": "/Users/shivamsaraf/Desktop/work/temporal/common/log/with_logger.go:61"}
2025-03-19T11:38:52.550-0400	debug	Frontend method invoked.	{"host": "127.0.0.1:63278", "wf-namespace": "namespace-ec265ab4-426c-4316-a4b3-47fc66311932", "operation": "PollWorkflowTaskQueue", "server-name": "", "cert-thumbprint": "", "logging-call-at": "/Users/shivamsaraf/Desktop/work/temporal/common/log/with_logger.go:61"}
2025-03-19T11:38:52.550-0400	debug	Received PollWorkflowTaskQueue	{"host": "127.0.0.1:63278", "service": "frontend", "logging-call-at": "/Users/shivamsaraf/Desktop/work/temporal/common/log/with_logger.go:61"}
2025-03-19T11:38:52.550-0400	debug	Poll workflow task queue.	{"host": "127.0.0.1:63278", "service": "frontend", "wf-namespace": "namespace-ec265ab4-426c-4316-a4b3-47fc66311932", "wf-namespace-id": "d0b550e3-6091-4a9b-a9aa-3d80ffb24954", "logging-call-at": "/Users/shivamsaraf/Desktop/work/temporal/common/log/with_logger.go:61"}
2025-03-19T11:38:52.550-0400	debug	Frontend method invoked.	{"host": "127.0.0.1:63278", "wf-namespace": "namespace-ec265ab4-426c-4316-a4b3-47fc66311932", "operation": "RespondWorkflowTaskCompleted", "server-name": "", "cert-thumbprint": "", "logging-call-at": "/Users/shivamsaraf/Desktop/work/temporal/common/log/with_logger.go:61"}
2025-03-19T11:38:52.550-0400	debug	RespondWorkflowTaskCompleted	{"host": "127.0.0.1:63280", "service": "history", "wf-namespace-id": "d0b550e3-6091-4a9b-a9aa-3d80ffb24954", "wf-id": "temporal-sys-worker-deployment-version:rrentVersion_Batching-564e9892_deployment_series.rrentVersion_Batching-564e9892_build_id", "wf-run-id": "0195af0e-98a0-7d94-93e5-2a1d2e5942f8", "wf-scheduled-event-id": 755, "logging-call-at": "/Users/shivamsaraf/Desktop/work/temporal/common/log/with_logger.go:61"}
2025-03-19T11:38:52.550-0400	debug	Workflow task updated	{"host": "127.0.0.1:63280", "shard-id": 4, "address": "127.0.0.1:63280", "wf-scheduled-event-id": 0, "wf-started-event-id": 0, "workflow-task-request-id": "emptyUuid", "workflow-task-timeout": 0, "attempt": 1, "wf-started-timestamp": "1970-01-01T00:00:00.000Z", "wt-type": "Unspecified", "logging-call-at": "/Users/shivamsaraf/Desktop/work/temporal/common/log/with_logger.go:61"}
2025-03-19T11:38:52.550-0400	debug	update state change	{"host": "127.0.0.1:63280", "shard-id": 4, "address": "127.0.0.1:63280", "wf-namespace-id": "d0b550e3-6091-4a9b-a9aa-3d80ffb24954", "wf-id": "temporal-sys-worker-deployment-version:rrentVersion_Batching-564e9892_deployment_series.rrentVersion_Batching-564e9892_build_id", "wf-run-id": "0195af0e-98a0-7d94-93e5-2a1d2e5942f8", "update-id": "04a39d96-49fd-4494-980d-f3a4850b7ce2", "from-state": "Accepted", "to-state": "ProvisionallyCompleted", "logging-call-at": "/Users/shivamsaraf/Desktop/work/temporal/common/log/with_logger.go:61"}
2025-03-19T11:38:52.553-0400	debug	update state change	{"host": "127.0.0.1:63280", "shard-id": 4, "address": "127.0.0.1:63280", "wf-namespace-id": "d0b550e3-6091-4a9b-a9aa-3d80ffb24954", "wf-id": "temporal-sys-worker-deployment-version:rrentVersion_Batching-564e9892_deployment_series.rrentVersion_Batching-564e9892_build_id", "wf-run-id": "0195af0e-98a0-7d94-93e5-2a1d2e5942f8", "update-id": "04a39d96-49fd-4494-980d-f3a4850b7ce2", "from-state": "ProvisionallyCompleted", "to-state": "Completed", "logging-call-at": "/Users/shivamsaraf/Desktop/work/temporal/common/log/with_logger.go:61"}
2025-03-19T11:38:52.554-0400	debug	Frontend method invoked.	{"host": "127.0.0.1:63278", "wf-namespace": "namespace-ec265ab4-426c-4316-a4b3-47fc66311932", "operation": "RespondActivityTaskCompleted", "server-name": "", "cert-thumbprint": "", "logging-call-at": "/Users/shivamsaraf/Desktop/work/temporal/common/log/with_logger.go:61"}
2025-03-19T11:38:52.554-0400	debug	Workflow task updated	{"host": "127.0.0.1:63280", "shard-id": 1, "address": "127.0.0.1:63280", "wf-scheduled-event-id": 361, "wf-started-event-id": 0, "workflow-task-request-id": "emptyUuid", "workflow-task-timeout": 10, "attempt": 1, "wf-started-timestamp": "0001-01-01T00:00:00.000Z", "wt-type": "Normal", "logging-call-at": "/Users/shivamsaraf/Desktop/work/temporal/common/log/with_logger.go:61"}
2025-03-19T11:38:52.554-0400	debug	Assigning new task key	{"host": "127.0.0.1:63280", "shard-id": 1, "address": "127.0.0.1:63280", "wf-namespace-id": "d0b550e3-6091-4a9b-a9aa-3d80ffb24954", "wf-id": "temporal-sys-worker-deployment:rrentVersion_Batching-564e9892_deployment_series", "wf-run-id": "0195af0e-960d-715f-b6c6-08dcdf4b78ec", "queue-task-type": "WorkflowTaskTimeout", "queue-task-id": 1049438, "timestamp": "2025-03-19T15:38:57.555Z", "cursor-timestamp": "2025-03-19T15:38:53.379Z", "logging-call-at": "/Users/shivamsaraf/Desktop/work/temporal/common/log/with_logger.go:61"}
2025-03-19T11:38:52.554-0400	debug	Assigning new task key	{"host": "127.0.0.1:63280", "shard-id": 1, "address": "127.0.0.1:63280", "wf-namespace-id": "d0b550e3-6091-4a9b-a9aa-3d80ffb24954", "wf-id": "temporal-sys-worker-deployment:rrentVersion_Batching-564e9892_deployment_series", "wf-run-id": "0195af0e-960d-715f-b6c6-08dcdf4b78ec", "queue-task-type": "TransferWorkflowTask", "queue-task-id": 1049439, "timestamp": "2025-03-19T15:38:52.554Z", "cursor-timestamp": "2025-03-19T15:38:53.379Z", "logging-call-at": "/Users/shivamsaraf/Desktop/work/temporal/common/log/with_logger.go:61"}
2025-03-19T11:38:52.559-0400	debug	Process task as active.	{"host": "127.0.0.1:63280", "shard-id": 1, "address": "127.0.0.1:63280", "component": "transfer-queue-processor", "wf-namespace-id": "d0b550e3-6091-4a9b-a9aa-3d80ffb24954", "value": "d0b550e3-6091-4a9b-a9aa-3d80ffb24954/temporal-sys-worker-deployment:rrentVersion_Batching-564e9892_deployment_series/0195af0e-960d-715f-b6c6-08dcdf4b78ec", "logging-call-at": "/Users/shivamsaraf/Desktop/work/temporal/common/log/with_logger.go:61"}
2025-03-19T11:38:52.559-0400	debug	Workflow task updated	{"host": "127.0.0.1:63280", "shard-id": 1, "address": "127.0.0.1:63280", "wf-scheduled-event-id": 361, "wf-started-event-id": 362, "workflow-task-request-id": "400acfe9-44f0-476f-937b-56d5a17ef94c", "workflow-task-timeout": 10, "attempt": 1, "wf-started-timestamp": "2025-03-19T15:38:52.559Z", "wt-type": "Normal", "logging-call-at": "/Users/shivamsaraf/Desktop/work/temporal/common/log/with_logger.go:61"}
2025-03-19T11:38:52.559-0400	debug	Assigning new task key	{"host": "127.0.0.1:63280", "shard-id": 1, "address": "127.0.0.1:63280", "wf-namespace-id": "d0b550e3-6091-4a9b-a9aa-3d80ffb24954", "wf-id": "temporal-sys-worker-deployment:rrentVersion_Batching-564e9892_deployment_series", "wf-run-id": "0195af0e-960d-715f-b6c6-08dcdf4b78ec", "queue-task-type": "WorkflowTaskTimeout", "queue-task-id": 1049442, "timestamp": "2025-03-19T15:39:02.560Z", "cursor-timestamp": "2025-03-19T15:38:53.558Z", "logging-call-at": "/Users/shivamsaraf/Desktop/work/temporal/common/log/with_logger.go:61"}
2025-03-19T11:38:52.566-0400	debug	ExecuteActivity	{"host": "127.0.0.1:63281", "Namespace": "namespace-ec265ab4-426c-4316-a4b3-47fc66311932", "TaskQueue": "temporal-sys-per-ns-tq", "WorkerID": "temporal-system@Shivams-MacBook-Pro.local@namespace-ec265ab4-426c-4316-a4b3-47fc66311932", "WorkflowType": "temporal-sys-worker-deployment-workflow", "WorkflowID": "temporal-sys-worker-deployment:rrentVersion_Batching-564e9892_deployment_series", "RunID": "0195af0e-960d-715f-b6c6-08dcdf4b78ec", "Attempt": 0, "ActivityID": "365", "ActivityType": "RegisterWorkerInVersion", "logging-call-at": "/Users/shivamsaraf/Desktop/work/temporal/common/log/with_logger.go:61"}
2025-03-19T11:38:52.566-0400	debug	Frontend method invoked.	{"host": "127.0.0.1:63278", "wf-namespace": "namespace-ec265ab4-426c-4316-a4b3-47fc66311932", "operation": "PollWorkflowTaskQueue", "server-name": "", "cert-thumbprint": "", "logging-call-at": "/Users/shivamsaraf/Desktop/work/temporal/common/log/with_logger.go:61"}
2025-03-19T11:38:52.566-0400	debug	Received PollWorkflowTaskQueue	{"host": "127.0.0.1:63278", "service": "frontend", "logging-call-at": "/Users/shivamsaraf/Desktop/work/temporal/common/log/with_logger.go:61"}
2025-03-19T11:38:52.566-0400	debug	Poll workflow task queue.	{"host": "127.0.0.1:63278", "service": "frontend", "wf-namespace": "namespace-ec265ab4-426c-4316-a4b3-47fc66311932", "wf-namespace-id": "d0b550e3-6091-4a9b-a9aa-3d80ffb24954", "logging-call-at": "/Users/shivamsaraf/Desktop/work/temporal/common/log/with_logger.go:61"}
2025-03-19T11:38:52.566-0400	debug	Frontend method invoked.	{"host": "127.0.0.1:63278", "wf-namespace": "namespace-ec265ab4-426c-4316-a4b3-47fc66311932", "operation": "RespondWorkflowTaskCompleted", "server-name": "", "cert-thumbprint": "", "logging-call-at": "/Users/shivamsaraf/Desktop/work/temporal/common/log/with_logger.go:61"}
2025-03-19T11:38:52.567-0400	debug	RespondWorkflowTaskCompleted	{"host": "127.0.0.1:63280", "service": "history", "wf-namespace-id": "d0b550e3-6091-4a9b-a9aa-3d80ffb24954", "wf-id": "temporal-sys-worker-deployment:rrentVersion_Batching-564e9892_deployment_series", "wf-run-id": "0195af0e-960d-715f-b6c6-08dcdf4b78ec", "wf-scheduled-event-id": 361, "logging-call-at": "/Users/shivamsaraf/Desktop/work/temporal/common/log/with_logger.go:61"}
2025-03-19T11:38:52.567-0400	debug	Workflow task updated	{"host": "127.0.0.1:63280", "shard-id": 1, "address": "127.0.0.1:63280", "wf-scheduled-event-id": 0, "wf-started-event-id": 0, "workflow-task-request-id": "emptyUuid", "workflow-task-timeout": 0, "attempt": 1, "wf-started-timestamp": "1970-01-01T00:00:00.000Z", "wt-type": "Unspecified", "logging-call-at": "/Users/shivamsaraf/Desktop/work/temporal/common/log/with_logger.go:61"}
2025-03-19T11:38:52.567-0400	debug	update state change	{"host": "127.0.0.1:63280", "shard-id": 1, "address": "127.0.0.1:63280", "wf-namespace-id": "d0b550e3-6091-4a9b-a9aa-3d80ffb24954", "wf-id": "temporal-sys-worker-deployment:rrentVersion_Batching-564e9892_deployment_series", "wf-run-id": "0195af0e-960d-715f-b6c6-08dcdf4b78ec", "update-id": "98fbf57f-ac90-4572-baa7-46f25d346d84", "from-state": "Accepted", "to-state": "ProvisionallyCompleted", "logging-call-at": "/Users/shivamsaraf/Desktop/work/temporal/common/log/with_logger.go:61"}
2025-03-19T11:38:52.567-0400	debug	Assigning new task key	{"host": "127.0.0.1:63280", "shard-id": 1, "address": "127.0.0.1:63280", "wf-namespace-id": "d0b550e3-6091-4a9b-a9aa-3d80ffb24954", "wf-id": "temporal-sys-worker-deployment:rrentVersion_Batching-564e9892_deployment_series", "wf-run-id": "0195af0e-960d-715f-b6c6-08dcdf4b78ec", "queue-task-type": "TransferActivityTask", "queue-task-id": 1049448, "timestamp": "2025-03-19T15:38:52.567Z", "cursor-timestamp": "2025-03-19T15:38:53.558Z", "logging-call-at": "/Users/shivamsaraf/Desktop/work/temporal/common/log/with_logger.go:61"}
2025-03-19T11:38:52.570-0400	debug	update state change	{"host": "127.0.0.1:63280", "shard-id": 1, "address": "127.0.0.1:63280", "wf-namespace-id": "d0b550e3-6091-4a9b-a9aa-3d80ffb24954", "wf-id": "temporal-sys-worker-deployment:rrentVersion_Batching-564e9892_deployment_series", "wf-run-id": "0195af0e-960d-715f-b6c6-08dcdf4b78ec", "update-id": "98fbf57f-ac90-4572-baa7-46f25d346d84", "from-state": "ProvisionallyCompleted", "to-state": "Completed", "logging-call-at": "/Users/shivamsaraf/Desktop/work/temporal/common/log/with_logger.go:61"}
2025-03-19T11:38:52.571-0400	debug	deployment client success	{"host": "127.0.0.1:63279", "operation": "RegisterTaskQueueWorker", "elapsed": 9.004938458, "args": ["rrentVersion_Batching-564e9892_task_queue_13",1,"matching service"], "logging-call-at": "/Users/shivamsaraf/Desktop/work/temporal/common/log/with_logger.go:61"}
2025-03-19T11:38:52.571-0400	debug	Process task as active.	{"host": "127.0.0.1:63280", "shard-id": 1, "address": "127.0.0.1:63280", "component": "transfer-queue-processor", "wf-namespace-id": "d0b550e3-6091-4a9b-a9aa-3d80ffb24954", "value": "d0b550e3-6091-4a9b-a9aa-3d80ffb24954/temporal-sys-worker-deployment:rrentVersion_Batching-564e9892_deployment_series/0195af0e-960d-715f-b6c6-08dcdf4b78ec", "logging-call-at": "/Users/shivamsaraf/Desktop/work/temporal/common/log/with_logger.go:61"}
2025-03-19T11:38:52.571-0400	info	Started physicalTaskQueueManager	{"host": "127.0.0.1:63279", "component": "matching-engine", "wf-task-queue-name": "rrentVersion_Batching-564e9892_task_queue_13", "wf-task-queue-type": "Workflow", "wf-namespace": "namespace-ec265ab4-426c-4316-a4b3-47fc66311932", "worker-build-id": "rrentVersion_Batching-564e9892_deployment_series/rrentVersion_Batching-564e9892_build_id", "lifecycle": "Started", "cause": "UserData", "logging-call-at": "/Users/shivamsaraf/Desktop/work/temporal/common/log/with_logger.go:66"}
2025-03-19T11:38:52.572-0400	debug	Assigning new task key	{"host": "127.0.0.1:63280", "shard-id": 1, "address": "127.0.0.1:63280", "wf-namespace-id": "d0b550e3-6091-4a9b-a9aa-3d80ffb24954", "wf-id": "temporal-sys-worker-deployment:rrentVersion_Batching-564e9892_deployment_series", "wf-run-id": "0195af0e-960d-715f-b6c6-08dcdf4b78ec", "queue-task-type": "ActivityTimeout", "queue-task-id": 1049450, "timestamp": "2025-03-19T15:39:52.573Z", "cursor-timestamp": "2025-03-19T15:38:53.570Z", "logging-call-at": "/Users/shivamsaraf/Desktop/work/temporal/common/log/with_logger.go:61"}
2025-03-19T11:38:52.576-0400	debug	Frontend method invoked.	{"host": "127.0.0.1:63278", "wf-namespace": "namespace-ec265ab4-426c-4316-a4b3-47fc66311932", "operation": "PollActivityTaskQueue", "server-name": "", "cert-thumbprint": "", "logging-call-at": "/Users/shivamsaraf/Desktop/work/temporal/common/log/with_logger.go:61"}
2025-03-19T11:38:52.576-0400	debug	Received PollActivityTaskQueue	{"host": "127.0.0.1:63278", "service": "frontend", "logging-call-at": "/Users/shivamsaraf/Desktop/work/temporal/common/log/with_logger.go:61"}
2025-03-19T11:38:52.577-0400	debug	update state change	{"host": "127.0.0.1:63280", "shard-id": 4, "address": "127.0.0.1:63280", "wf-namespace-id": "d0b550e3-6091-4a9b-a9aa-3d80ffb24954", "wf-id": "temporal-sys-worker-deployment-version:rrentVersion_Batching-564e9892_deployment_series.rrentVersion_Batching-564e9892_build_id", "wf-run-id": "0195af0e-98a0-7d94-93e5-2a1d2e5942f8", "update-id": "2e7ce6ad-557e-4dbb-a5c2-6435529c2335", "from-state": "Created", "to-state": "ProvisionallyAdmitted", "logging-call-at": "/Users/shivamsaraf/Desktop/work/temporal/common/log/with_logger.go:61"}
2025-03-19T11:38:52.577-0400	debug	update state change	{"host": "127.0.0.1:63280", "shard-id": 4, "address": "127.0.0.1:63280", "wf-namespace-id": "d0b550e3-6091-4a9b-a9aa-3d80ffb24954", "wf-id": "temporal-sys-worker-deployment-version:rrentVersion_Batching-564e9892_deployment_series.rrentVersion_Batching-564e9892_build_id", "wf-run-id": "0195af0e-98a0-7d94-93e5-2a1d2e5942f8", "update-id": "2e7ce6ad-557e-4dbb-a5c2-6435529c2335", "from-state": "ProvisionallyAdmitted", "to-state": "Admitted", "logging-call-at": "/Users/shivamsaraf/Desktop/work/temporal/common/log/with_logger.go:61"}
2025-03-19T11:38:52.577-0400	debug	Workflow task updated	{"host": "127.0.0.1:63280", "shard-id": 4, "address": "127.0.0.1:63280", "wf-scheduled-event-id": 759, "wf-started-event-id": 0, "workflow-task-request-id": "emptyUuid", "workflow-task-timeout": 10, "attempt": 1, "wf-started-timestamp": "0001-01-01T00:00:00.000Z", "wt-type": "Speculative", "logging-call-at": "/Users/shivamsaraf/Desktop/work/temporal/common/log/with_logger.go:61"}
2025-03-19T11:38:52.577-0400	debug	Workflow task updated	{"host": "127.0.0.1:63280", "shard-id": 4, "address": "127.0.0.1:63280", "wf-scheduled-event-id": 759, "wf-started-event-id": 760, "workflow-task-request-id": "84e50263-be77-4384-99e1-25607114060b", "workflow-task-timeout": 10, "attempt": 1, "wf-started-timestamp": "2025-03-19T15:38:52.577Z", "wt-type": "Speculative", "logging-call-at": "/Users/shivamsaraf/Desktop/work/temporal/common/log/with_logger.go:61"}
2025-03-19T11:38:52.577-0400	debug	update state change	{"host": "127.0.0.1:63280", "shard-id": 4, "address": "127.0.0.1:63280", "wf-namespace-id": "d0b550e3-6091-4a9b-a9aa-3d80ffb24954", "wf-id": "temporal-sys-worker-deployment-version:rrentVersion_Batching-564e9892_deployment_series.rrentVersion_Batching-564e9892_build_id", "wf-run-id": "0195af0e-98a0-7d94-93e5-2a1d2e5942f8", "update-id": "2e7ce6ad-557e-4dbb-a5c2-6435529c2335", "from-state": "Admitted", "to-state": "Sent", "logging-call-at": "/Users/shivamsaraf/Desktop/work/temporal/common/log/with_logger.go:61"}
2025-03-19T11:38:52.582-0400	debug	ExecuteActivity	{"host": "127.0.0.1:63281", "Namespace": "namespace-ec265ab4-426c-4316-a4b3-47fc66311932", "TaskQueue": "temporal-sys-per-ns-tq", "WorkerID": "temporal-system@Shivams-MacBook-Pro.local@namespace-ec265ab4-426c-4316-a4b3-47fc66311932", "WorkflowType": "temporal-sys-worker-deployment-version-workflow", "WorkflowID": "temporal-sys-worker-deployment-version:rrentVersion_Batching-564e9892_deployment_series.rrentVersion_Batching-564e9892_build_id", "RunID": "0195af0e-98a0-7d94-93e5-2a1d2e5942f8", "Attempt": 0, "ActivityID": "763", "ActivityType": "SyncDeploymentVersionUserData", "logging-call-at": "/Users/shivamsaraf/Desktop/work/temporal/common/log/with_logger.go:61"}
2025-03-19T11:38:52.582-0400	debug	Frontend method invoked.	{"host": "127.0.0.1:63278", "wf-namespace": "namespace-ec265ab4-426c-4316-a4b3-47fc66311932", "operation": "PollWorkflowTaskQueue", "server-name": "", "cert-thumbprint": "", "logging-call-at": "/Users/shivamsaraf/Desktop/work/temporal/common/log/with_logger.go:61"}
2025-03-19T11:38:52.582-0400	debug	Received PollWorkflowTaskQueue	{"host": "127.0.0.1:63278", "service": "frontend", "logging-call-at": "/Users/shivamsaraf/Desktop/work/temporal/common/log/with_logger.go:61"}
2025-03-19T11:38:52.582-0400	debug	Poll workflow task queue.	{"host": "127.0.0.1:63278", "service": "frontend", "wf-namespace": "namespace-ec265ab4-426c-4316-a4b3-47fc66311932", "wf-namespace-id": "d0b550e3-6091-4a9b-a9aa-3d80ffb24954", "logging-call-at": "/Users/shivamsaraf/Desktop/work/temporal/common/log/with_logger.go:61"}
2025-03-19T11:38:52.583-0400	debug	Frontend method invoked.	{"host": "127.0.0.1:63278", "wf-namespace": "namespace-ec265ab4-426c-4316-a4b3-47fc66311932", "operation": "RespondWorkflowTaskCompleted", "server-name": "", "cert-thumbprint": "", "logging-call-at": "/Users/shivamsaraf/Desktop/work/temporal/common/log/with_logger.go:61"}
2025-03-19T11:38:52.583-0400	debug	RespondWorkflowTaskCompleted	{"host": "127.0.0.1:63280", "service": "history", "wf-namespace-id": "d0b550e3-6091-4a9b-a9aa-3d80ffb24954", "wf-id": "temporal-sys-worker-deployment-version:rrentVersion_Batching-564e9892_deployment_series.rrentVersion_Batching-564e9892_build_id", "wf-run-id": "0195af0e-98a0-7d94-93e5-2a1d2e5942f8", "wf-scheduled-event-id": 759, "logging-call-at": "/Users/shivamsaraf/Desktop/work/temporal/common/log/with_logger.go:61"}
2025-03-19T11:38:52.583-0400	debug	Workflow task updated	{"host": "127.0.0.1:63280", "shard-id": 4, "address": "127.0.0.1:63280", "wf-scheduled-event-id": 0, "wf-started-event-id": 0, "workflow-task-request-id": "emptyUuid", "workflow-task-timeout": 0, "attempt": 1, "wf-started-timestamp": "1970-01-01T00:00:00.000Z", "wt-type": "Unspecified", "logging-call-at": "/Users/shivamsaraf/Desktop/work/temporal/common/log/with_logger.go:61"}
2025-03-19T11:38:52.583-0400	debug	update state change	{"host": "127.0.0.1:63280", "shard-id": 4, "address": "127.0.0.1:63280", "wf-namespace-id": "d0b550e3-6091-4a9b-a9aa-3d80ffb24954", "wf-id": "temporal-sys-worker-deployment-version:rrentVersion_Batching-564e9892_deployment_series.rrentVersion_Batching-564e9892_build_id", "wf-run-id": "0195af0e-98a0-7d94-93e5-2a1d2e5942f8", "update-id": "2e7ce6ad-557e-4dbb-a5c2-6435529c2335", "from-state": "Sent", "to-state": "ProvisionallyAccepted", "logging-call-at": "/Users/shivamsaraf/Desktop/work/temporal/common/log/with_logger.go:61"}
2025-03-19T11:38:52.584-0400	debug	Assigning new task key	{"host": "127.0.0.1:63280", "shard-id": 4, "address": "127.0.0.1:63280", "wf-namespace-id": "d0b550e3-6091-4a9b-a9aa-3d80ffb24954", "wf-id": "temporal-sys-worker-deployment-version:rrentVersion_Batching-564e9892_deployment_series.rrentVersion_Batching-564e9892_build_id", "wf-run-id": "0195af0e-98a0-7d94-93e5-2a1d2e5942f8", "queue-task-type": "TransferActivityTask", "queue-task-id": 1050545, "timestamp": "2025-03-19T15:38:52.584Z", "cursor-timestamp": "2025-03-19T15:38:53.583Z", "logging-call-at": "/Users/shivamsaraf/Desktop/work/temporal/common/log/with_logger.go:61"}
2025-03-19T11:38:52.584-0400	debug	Process task as active.	{"host": "127.0.0.1:63280", "shard-id": 4, "address": "127.0.0.1:63280", "component": "timer-queue-processor", "wf-namespace-id": "d0b550e3-6091-4a9b-a9aa-3d80ffb24954", "value": "d0b550e3-6091-4a9b-a9aa-3d80ffb24954/temporal-sys-worker-deployment-version:rrentVersion_Batching-564e9892_deployment_series.rrentVersion_Batching-564e9892_build_id/0195af0e-98a0-7d94-93e5-2a1d2e5942f8", "logging-call-at": "/Users/shivamsaraf/Desktop/work/temporal/common/log/with_logger.go:61"}
2025-03-19T11:38:52.588-0400	debug	update state change	{"host": "127.0.0.1:63280", "shard-id": 4, "address": "127.0.0.1:63280", "wf-namespace-id": "d0b550e3-6091-4a9b-a9aa-3d80ffb24954", "wf-id": "temporal-sys-worker-deployment-version:rrentVersion_Batching-564e9892_deployment_series.rrentVersion_Batching-564e9892_build_id", "wf-run-id": "0195af0e-98a0-7d94-93e5-2a1d2e5942f8", "update-id": "2e7ce6ad-557e-4dbb-a5c2-6435529c2335", "from-state": "ProvisionallyAccepted", "to-state": "Accepted", "logging-call-at": "/Users/shivamsaraf/Desktop/work/temporal/common/log/with_logger.go:61"}
2025-03-19T11:38:52.589-0400	debug	Process task as active.	{"host": "127.0.0.1:63280", "shard-id": 4, "address": "127.0.0.1:63280", "component": "transfer-queue-processor", "wf-namespace-id": "d0b550e3-6091-4a9b-a9aa-3d80ffb24954", "value": "d0b550e3-6091-4a9b-a9aa-3d80ffb24954/temporal-sys-worker-deployment-version:rrentVersion_Batching-564e9892_deployment_series.rrentVersion_Batching-564e9892_build_id/0195af0e-98a0-7d94-93e5-2a1d2e5942f8", "logging-call-at": "/Users/shivamsaraf/Desktop/work/temporal/common/log/with_logger.go:61"}
2025-03-19T11:38:52.590-0400	debug	Assigning new task key	{"host": "127.0.0.1:63280", "shard-id": 4, "address": "127.0.0.1:63280", "wf-namespace-id": "d0b550e3-6091-4a9b-a9aa-3d80ffb24954", "wf-id": "temporal-sys-worker-deployment-version:rrentVersion_Batching-564e9892_deployment_series.rrentVersion_Batching-564e9892_build_id", "wf-run-id": "0195af0e-98a0-7d94-93e5-2a1d2e5942f8", "queue-task-type": "ActivityTimeout", "queue-task-id": 1050546, "timestamp": "2025-03-19T15:39:52.590Z", "cursor-timestamp": "2025-03-19T15:38:53.588Z", "logging-call-at": "/Users/shivamsaraf/Desktop/work/temporal/common/log/with_logger.go:61"}
2025-03-19T11:38:52.593-0400	info	syncing task queue userdata for deployment version	{"host": "127.0.0.1:63281", "Namespace": "namespace-ec265ab4-426c-4316-a4b3-47fc66311932", "TaskQueue": "temporal-sys-per-ns-tq", "WorkerID": "temporal-system@Shivams-MacBook-Pro.local@namespace-ec265ab4-426c-4316-a4b3-47fc66311932", "ActivityID": "763", "ActivityType": "SyncDeploymentVersionUserData", "Attempt": 1, "WorkflowType": "temporal-sys-worker-deployment-version-workflow", "WorkflowID": "temporal-sys-worker-deployment-version:rrentVersion_Batching-564e9892_deployment_series.rrentVersion_Batching-564e9892_build_id", "RunID": "0195af0e-98a0-7d94-93e5-2a1d2e5942f8", "taskQueue": "rrentVersion_Batching-564e9892_task_queue_35", "types": [1], "logging-call-at": "/Users/shivamsaraf/Desktop/work/temporal/common/log/with_logger.go:66"}
2025-03-19T11:38:52.593-0400	debug	Frontend method invoked.	{"host": "127.0.0.1:63278", "wf-namespace": "namespace-ec265ab4-426c-4316-a4b3-47fc66311932", "operation": "PollActivityTaskQueue", "server-name": "", "cert-thumbprint": "", "logging-call-at": "/Users/shivamsaraf/Desktop/work/temporal/common/log/with_logger.go:61"}
2025-03-19T11:38:52.594-0400	debug	Received PollActivityTaskQueue	{"host": "127.0.0.1:63278", "service": "frontend", "logging-call-at": "/Users/shivamsaraf/Desktop/work/temporal/common/log/with_logger.go:61"}
2025-03-19T11:38:52.614-0400	debug	Process task as active.	{"host": "127.0.0.1:63280", "shard-id": 4, "address": "127.0.0.1:63280", "component": "timer-queue-processor", "wf-namespace-id": "d0b550e3-6091-4a9b-a9aa-3d80ffb24954", "value": "d0b550e3-6091-4a9b-a9aa-3d80ffb24954/temporal-sys-worker-deployment-version:rrentVersion_Batching-564e9892_deployment_series.rrentVersion_Batching-564e9892_build_id/0195af0e-98a0-7d94-93e5-2a1d2e5942f8", "logging-call-at": "/Users/shivamsaraf/Desktop/work/temporal/common/log/with_logger.go:61"}
2025-03-19T11:38:52.631-0400	debug	Process task as active.	{"host": "127.0.0.1:63280", "shard-id": 1, "address": "127.0.0.1:63280", "component": "timer-queue-processor", "wf-namespace-id": "d0b550e3-6091-4a9b-a9aa-3d80ffb24954", "value": "d0b550e3-6091-4a9b-a9aa-3d80ffb24954/temporal-sys-worker-deployment:rrentVersion_Batching-564e9892_deployment_series/0195af0e-960d-715f-b6c6-08dcdf4b78ec", "logging-call-at": "/Users/shivamsaraf/Desktop/work/temporal/common/log/with_logger.go:61"}
2025-03-19T11:38:52.696-0400	info	modified user data	{"host": "127.0.0.1:63279", "component": "matching-engine", "wf-task-queue-name": "rrentVersion_Batching-564e9892_task_queue_35", "wf-task-queue-type": "Workflow", "wf-namespace": "namespace-ec265ab4-426c-4316-a4b3-47fc66311932", "user-data-update-source": "SyncDeploymentUserData", "user-data-version": 1, "timestamp": "2025-03-19T15:38:52.594Z", "logging-call-at": "/Users/shivamsaraf/Desktop/work/temporal/common/log/with_logger.go:66"}
2025-03-19T11:38:52.696-0400	debug	user data changed while blocked in long poll	{"host": "127.0.0.1:63279", "component": "matching-engine", "wf-task-queue-name": "rrentVersion_Batching-564e9892_task_queue_35", "wf-task-queue-type": "Workflow", "wf-namespace": "namespace-ec265ab4-426c-4316-a4b3-47fc66311932", "logging-call-at": "/Users/shivamsaraf/Desktop/work/temporal/common/log/with_logger.go:61"}
2025-03-19T11:38:52.696-0400	debug	user data changed while blocked in long poll	{"host": "127.0.0.1:63279", "component": "matching-engine", "wf-task-queue-name": "rrentVersion_Batching-564e9892_task_queue_35", "wf-task-queue-type": "Workflow", "wf-namespace": "namespace-ec265ab4-426c-4316-a4b3-47fc66311932", "logging-call-at": "/Users/shivamsaraf/Desktop/work/temporal/common/log/with_logger.go:61"}
2025-03-19T11:38:52.696-0400	debug	user data changed while blocked in long poll	{"host": "127.0.0.1:63279", "component": "matching-engine", "wf-task-queue-name": "rrentVersion_Batching-564e9892_task_queue_35", "wf-task-queue-type": "Workflow", "wf-namespace": "namespace-ec265ab4-426c-4316-a4b3-47fc66311932", "logging-call-at": "/Users/shivamsaraf/Desktop/work/temporal/common/log/with_logger.go:61"}
2025-03-19T11:38:52.696-0400	info	returning user data	{"host": "127.0.0.1:63279", "component": "matching-engine", "wf-task-queue-name": "rrentVersion_Batching-564e9892_task_queue_35", "wf-task-queue-type": "Workflow", "wf-namespace": "namespace-ec265ab4-426c-4316-a4b3-47fc66311932", "long-poll": true, "request-known-version": 0, "user-data-version": 1, "logging-call-at": "/Users/shivamsaraf/Desktop/work/temporal/common/log/with_logger.go:66"}
2025-03-19T11:38:52.696-0400	info	returning user data	{"host": "127.0.0.1:63279", "component": "matching-engine", "wf-task-queue-name": "rrentVersion_Batching-564e9892_task_queue_35", "wf-task-queue-type": "Workflow", "wf-namespace": "namespace-ec265ab4-426c-4316-a4b3-47fc66311932", "long-poll": true, "request-known-version": 0, "user-data-version": 1, "logging-call-at": "/Users/shivamsaraf/Desktop/work/temporal/common/log/with_logger.go:66"}
2025-03-19T11:38:52.696-0400	info	returning user data	{"host": "127.0.0.1:63279", "component": "matching-engine", "wf-task-queue-name": "rrentVersion_Batching-564e9892_task_queue_35", "wf-task-queue-type": "Workflow", "wf-namespace": "namespace-ec265ab4-426c-4316-a4b3-47fc66311932", "long-poll": true, "request-known-version": 0, "user-data-version": 1, "logging-call-at": "/Users/shivamsaraf/Desktop/work/temporal/common/log/with_logger.go:66"}
2025-03-19T11:38:52.696-0400	info	fetched user data from parent	{"host": "127.0.0.1:63279", "component": "matching-engine", "wf-task-queue-name": "/_sys/rrentVersion_Batching-564e9892_task_queue_35/2", "wf-task-queue-type": "Workflow", "wf-namespace": "namespace-ec265ab4-426c-4316-a4b3-47fc66311932", "user-data-version": 1, "timestamp": "2025-03-19T15:38:52.594Z", "logging-call-at": "/Users/shivamsaraf/Desktop/work/temporal/common/log/with_logger.go:66"}
2025-03-19T11:38:52.696-0400	info	fetched user data from parent	{"host": "127.0.0.1:63279", "component": "matching-engine", "wf-task-queue-name": "/_sys/rrentVersion_Batching-564e9892_task_queue_35/3", "wf-task-queue-type": "Workflow", "wf-namespace": "namespace-ec265ab4-426c-4316-a4b3-47fc66311932", "user-data-version": 1, "timestamp": "2025-03-19T15:38:52.594Z", "logging-call-at": "/Users/shivamsaraf/Desktop/work/temporal/common/log/with_logger.go:66"}
2025-03-19T11:38:52.696-0400	info	fetched user data from parent	{"host": "127.0.0.1:63279", "component": "matching-engine", "wf-task-queue-name": "/_sys/rrentVersion_Batching-564e9892_task_queue_35/1", "wf-task-queue-type": "Workflow", "wf-namespace": "namespace-ec265ab4-426c-4316-a4b3-47fc66311932", "user-data-version": 1, "timestamp": "2025-03-19T15:38:52.594Z", "logging-call-at": "/Users/shivamsaraf/Desktop/work/temporal/common/log/with_logger.go:66"}
2025-03-19T11:38:52.696-0400	debug	Frontend method invoked.	{"host": "127.0.0.1:63278", "wf-namespace": "namespace-ec265ab4-426c-4316-a4b3-47fc66311932", "operation": "RespondActivityTaskCompleted", "server-name": "", "cert-thumbprint": "", "logging-call-at": "/Users/shivamsaraf/Desktop/work/temporal/common/log/with_logger.go:61"}
2025-03-19T11:38:52.697-0400	debug	Workflow task updated	{"host": "127.0.0.1:63280", "shard-id": 4, "address": "127.0.0.1:63280", "wf-scheduled-event-id": 766, "wf-started-event-id": 0, "workflow-task-request-id": "emptyUuid", "workflow-task-timeout": 10, "attempt": 1, "wf-started-timestamp": "0001-01-01T00:00:00.000Z", "wt-type": "Normal", "logging-call-at": "/Users/shivamsaraf/Desktop/work/temporal/common/log/with_logger.go:61"}
2025-03-19T11:38:52.697-0400	debug	Assigning new task key	{"host": "127.0.0.1:63280", "shard-id": 4, "address": "127.0.0.1:63280", "wf-namespace-id": "d0b550e3-6091-4a9b-a9aa-3d80ffb24954", "wf-id": "temporal-sys-worker-deployment-version:rrentVersion_Batching-564e9892_deployment_series.rrentVersion_Batching-564e9892_build_id", "wf-run-id": "0195af0e-98a0-7d94-93e5-2a1d2e5942f8", "queue-task-type": "WorkflowTaskTimeout", "queue-task-id": 1050552, "timestamp": "2025-03-19T15:38:57.698Z", "cursor-timestamp": "2025-03-19T15:38:53.588Z", "logging-call-at": "/Users/shivamsaraf/Desktop/work/temporal/common/log/with_logger.go:61"}
2025-03-19T11:38:52.698-0400	debug	Assigning new task key	{"host": "127.0.0.1:63280", "shard-id": 4, "address": "127.0.0.1:63280", "wf-namespace-id": "d0b550e3-6091-4a9b-a9aa-3d80ffb24954", "wf-id": "temporal-sys-worker-deployment-version:rrentVersion_Batching-564e9892_deployment_series.rrentVersion_Batching-564e9892_build_id", "wf-run-id": "0195af0e-98a0-7d94-93e5-2a1d2e5942f8", "queue-task-type": "TransferWorkflowTask", "queue-task-id": 1050553, "timestamp": "2025-03-19T15:38:52.697Z", "cursor-timestamp": "2025-03-19T15:38:53.588Z", "logging-call-at": "/Users/shivamsaraf/Desktop/work/temporal/common/log/with_logger.go:61"}
2025-03-19T11:38:52.704-0400	debug	Process task as active.	{"host": "127.0.0.1:63280", "shard-id": 4, "address": "127.0.0.1:63280", "component": "transfer-queue-processor", "wf-namespace-id": "d0b550e3-6091-4a9b-a9aa-3d80ffb24954", "value": "d0b550e3-6091-4a9b-a9aa-3d80ffb24954/temporal-sys-worker-deployment-version:rrentVersion_Batching-564e9892_deployment_series.rrentVersion_Batching-564e9892_build_id/0195af0e-98a0-7d94-93e5-2a1d2e5942f8", "logging-call-at": "/Users/shivamsaraf/Desktop/work/temporal/common/log/with_logger.go:61"}
2025-03-19T11:38:52.704-0400	debug	Workflow task updated	{"host": "127.0.0.1:63280", "shard-id": 4, "address": "127.0.0.1:63280", "wf-scheduled-event-id": 766, "wf-started-event-id": 767, "workflow-task-request-id": "f8a1db1e-d404-456c-8e1c-50f53d42e9e8", "workflow-task-timeout": 10, "attempt": 1, "wf-started-timestamp": "2025-03-19T15:38:52.704Z", "wt-type": "Normal", "logging-call-at": "/Users/shivamsaraf/Desktop/work/temporal/common/log/with_logger.go:61"}
2025-03-19T11:38:52.705-0400	debug	Assigning new task key	{"host": "127.0.0.1:63280", "shard-id": 4, "address": "127.0.0.1:63280", "wf-namespace-id": "d0b550e3-6091-4a9b-a9aa-3d80ffb24954", "wf-id": "temporal-sys-worker-deployment-version:rrentVersion_Batching-564e9892_deployment_series.rrentVersion_Batching-564e9892_build_id", "wf-run-id": "0195af0e-98a0-7d94-93e5-2a1d2e5942f8", "queue-task-type": "WorkflowTaskTimeout", "queue-task-id": 1050556, "timestamp": "2025-03-19T15:39:02.705Z", "cursor-timestamp": "2025-03-19T15:38:53.703Z", "logging-call-at": "/Users/shivamsaraf/Desktop/work/temporal/common/log/with_logger.go:61"}
2025-03-19T11:38:52.715-0400	debug	ExecuteActivity	{"host": "127.0.0.1:63281", "Namespace": "namespace-ec265ab4-426c-4316-a4b3-47fc66311932", "TaskQueue": "temporal-sys-per-ns-tq", "WorkerID": "temporal-system@Shivams-MacBook-Pro.local@namespace-ec265ab4-426c-4316-a4b3-47fc66311932", "WorkflowType": "temporal-sys-worker-deployment-version-workflow", "WorkflowID": "temporal-sys-worker-deployment-version:rrentVersion_Batching-564e9892_deployment_series.rrentVersion_Batching-564e9892_build_id", "RunID": "0195af0e-98a0-7d94-93e5-2a1d2e5942f8", "Attempt": 0, "ActivityID": "769", "ActivityType": "CheckWorkerDeploymentUserDataPropagation", "logging-call-at": "/Users/shivamsaraf/Desktop/work/temporal/common/log/with_logger.go:61"}
2025-03-19T11:38:52.715-0400	debug	Frontend method invoked.	{"host": "127.0.0.1:63278", "wf-namespace": "namespace-ec265ab4-426c-4316-a4b3-47fc66311932", "operation": "PollWorkflowTaskQueue", "server-name": "", "cert-thumbprint": "", "logging-call-at": "/Users/shivamsaraf/Desktop/work/temporal/common/log/with_logger.go:61"}
2025-03-19T11:38:52.715-0400	debug	Received PollWorkflowTaskQueue	{"host": "127.0.0.1:63278", "service": "frontend", "logging-call-at": "/Users/shivamsaraf/Desktop/work/temporal/common/log/with_logger.go:61"}
2025-03-19T11:38:52.715-0400	debug	Poll workflow task queue.	{"host": "127.0.0.1:63278", "service": "frontend", "wf-namespace": "namespace-ec265ab4-426c-4316-a4b3-47fc66311932", "wf-namespace-id": "d0b550e3-6091-4a9b-a9aa-3d80ffb24954", "logging-call-at": "/Users/shivamsaraf/Desktop/work/temporal/common/log/with_logger.go:61"}
2025-03-19T11:38:52.716-0400	debug	Frontend method invoked.	{"host": "127.0.0.1:63278", "wf-namespace": "namespace-ec265ab4-426c-4316-a4b3-47fc66311932", "operation": "RespondWorkflowTaskCompleted", "server-name": "", "cert-thumbprint": "", "logging-call-at": "/Users/shivamsaraf/Desktop/work/temporal/common/log/with_logger.go:61"}
2025-03-19T11:38:52.716-0400	debug	RespondWorkflowTaskCompleted	{"host": "127.0.0.1:63280", "service": "history", "wf-namespace-id": "d0b550e3-6091-4a9b-a9aa-3d80ffb24954", "wf-id": "temporal-sys-worker-deployment-version:rrentVersion_Batching-564e9892_deployment_series.rrentVersion_Batching-564e9892_build_id", "wf-run-id": "0195af0e-98a0-7d94-93e5-2a1d2e5942f8", "wf-scheduled-event-id": 766, "logging-call-at": "/Users/shivamsaraf/Desktop/work/temporal/common/log/with_logger.go:61"}
2025-03-19T11:38:52.716-0400	debug	Workflow task updated	{"host": "127.0.0.1:63280", "shard-id": 4, "address": "127.0.0.1:63280", "wf-scheduled-event-id": 0, "wf-started-event-id": 0, "workflow-task-request-id": "emptyUuid", "workflow-task-timeout": 0, "attempt": 1, "wf-started-timestamp": "1970-01-01T00:00:00.000Z", "wt-type": "Unspecified", "logging-call-at": "/Users/shivamsaraf/Desktop/work/temporal/common/log/with_logger.go:61"}
2025-03-19T11:38:52.716-0400	debug	Assigning new task key	{"host": "127.0.0.1:63280", "shard-id": 4, "address": "127.0.0.1:63280", "wf-namespace-id": "d0b550e3-6091-4a9b-a9aa-3d80ffb24954", "wf-id": "temporal-sys-worker-deployment-version:rrentVersion_Batching-564e9892_deployment_series.rrentVersion_Batching-564e9892_build_id", "wf-run-id": "0195af0e-98a0-7d94-93e5-2a1d2e5942f8", "queue-task-type": "TransferActivityTask", "queue-task-id": 1050561, "timestamp": "2025-03-19T15:38:52.716Z", "cursor-timestamp": "2025-03-19T15:38:53.703Z", "logging-call-at": "/Users/shivamsaraf/Desktop/work/temporal/common/log/with_logger.go:61"}
2025-03-19T11:38:52.721-0400	debug	Process task as active.	{"host": "127.0.0.1:63280", "shard-id": 4, "address": "127.0.0.1:63280", "component": "transfer-queue-processor", "wf-namespace-id": "d0b550e3-6091-4a9b-a9aa-3d80ffb24954", "value": "d0b550e3-6091-4a9b-a9aa-3d80ffb24954/temporal-sys-worker-deployment-version:rrentVersion_Batching-564e9892_deployment_series.rrentVersion_Batching-564e9892_build_id/0195af0e-98a0-7d94-93e5-2a1d2e5942f8", "logging-call-at": "/Users/shivamsaraf/Desktop/work/temporal/common/log/with_logger.go:61"}
2025-03-19T11:38:52.721-0400	debug	Assigning new task key	{"host": "127.0.0.1:63280", "shard-id": 4, "address": "127.0.0.1:63280", "wf-namespace-id": "d0b550e3-6091-4a9b-a9aa-3d80ffb24954", "wf-id": "temporal-sys-worker-deployment-version:rrentVersion_Batching-564e9892_deployment_series.rrentVersion_Batching-564e9892_build_id", "wf-run-id": "0195af0e-98a0-7d94-93e5-2a1d2e5942f8", "queue-task-type": "ActivityTimeout", "queue-task-id": 1050562, "timestamp": "2025-03-19T15:39:52.722Z", "cursor-timestamp": "2025-03-19T15:38:53.720Z", "logging-call-at": "/Users/shivamsaraf/Desktop/work/temporal/common/log/with_logger.go:61"}
2025-03-19T11:38:52.726-0400	info	waiting for userdata propagation	{"host": "127.0.0.1:63281", "Namespace": "namespace-ec265ab4-426c-4316-a4b3-47fc66311932", "TaskQueue": "temporal-sys-per-ns-tq", "WorkerID": "temporal-system@Shivams-MacBook-Pro.local@namespace-ec265ab4-426c-4316-a4b3-47fc66311932", "ActivityID": "769", "ActivityType": "CheckWorkerDeploymentUserDataPropagation", "Attempt": 1, "WorkflowType": "temporal-sys-worker-deployment-version-workflow", "WorkflowID": "temporal-sys-worker-deployment-version:rrentVersion_Batching-564e9892_deployment_series.rrentVersion_Batching-564e9892_build_id", "RunID": "0195af0e-98a0-7d94-93e5-2a1d2e5942f8", "taskQueue": "rrentVersion_Batching-564e9892_task_queue_35", "version": 1, "logging-call-at": "/Users/shivamsaraf/Desktop/work/temporal/common/log/with_logger.go:66"}
2025-03-19T11:38:52.726-0400	debug	Frontend method invoked.	{"host": "127.0.0.1:63278", "wf-namespace": "namespace-ec265ab4-426c-4316-a4b3-47fc66311932", "operation": "PollActivityTaskQueue", "server-name": "", "cert-thumbprint": "", "logging-call-at": "/Users/shivamsaraf/Desktop/work/temporal/common/log/with_logger.go:61"}
2025-03-19T11:38:52.726-0400	debug	Received PollActivityTaskQueue	{"host": "127.0.0.1:63278", "service": "frontend", "logging-call-at": "/Users/shivamsaraf/Desktop/work/temporal/common/log/with_logger.go:61"}
2025-03-19T11:38:52.726-0400	info	returning user data	{"host": "127.0.0.1:63279", "component": "matching-engine", "wf-task-queue-name": "/_sys/rrentVersion_Batching-564e9892_task_queue_35/1", "wf-task-queue-type": "Workflow", "wf-namespace": "namespace-ec265ab4-426c-4316-a4b3-47fc66311932", "long-poll": true, "request-known-version": 0, "user-data-version": 1, "logging-call-at": "/Users/shivamsaraf/Desktop/work/temporal/common/log/with_logger.go:66"}
2025-03-19T11:38:52.726-0400	info	returning user data	{"host": "127.0.0.1:63279", "component": "matching-engine", "wf-task-queue-name": "/_sys/rrentVersion_Batching-564e9892_task_queue_35/3", "wf-task-queue-type": "Workflow", "wf-namespace": "namespace-ec265ab4-426c-4316-a4b3-47fc66311932", "long-poll": true, "request-known-version": 0, "user-data-version": 1, "logging-call-at": "/Users/shivamsaraf/Desktop/work/temporal/common/log/with_logger.go:66"}
2025-03-19T11:38:52.726-0400	info	returning user data	{"host": "127.0.0.1:63279", "component": "matching-engine", "wf-task-queue-name": "/_sys/rrentVersion_Batching-564e9892_task_queue_35/2", "wf-task-queue-type": "Workflow", "wf-namespace": "namespace-ec265ab4-426c-4316-a4b3-47fc66311932", "long-poll": true, "request-known-version": 0, "user-data-version": 1, "logging-call-at": "/Users/shivamsaraf/Desktop/work/temporal/common/log/with_logger.go:66"}
2025-03-19T11:38:52.727-0400	info	matching client encountered error	{"host": "127.0.0.1:63279", "error": "partition was not loaded", "service-error-type": "serviceerror.FailedPrecondition", "logging-call-at": "/Users/shivamsaraf/Desktop/work/temporal/common/log/with_logger.go:66"}
2025-03-19T11:38:52.727-0400	info	matching client encountered error	{"host": "127.0.0.1:63279", "error": "partition was not loaded", "service-error-type": "serviceerror.FailedPrecondition", "logging-call-at": "/Users/shivamsaraf/Desktop/work/temporal/common/log/with_logger.go:66"}
2025-03-19T11:38:52.727-0400	info	matching client encountered error	{"host": "127.0.0.1:63279", "error": "partition was not loaded", "service-error-type": "serviceerror.FailedPrecondition", "logging-call-at": "/Users/shivamsaraf/Desktop/work/temporal/common/log/with_logger.go:66"}
2025-03-19T11:38:52.727-0400	info	matching client encountered error	{"host": "127.0.0.1:63279", "error": "partition was not loaded", "service-error-type": "serviceerror.FailedPrecondition", "logging-call-at": "/Users/shivamsaraf/Desktop/work/temporal/common/log/with_logger.go:66"}
2025-03-19T11:38:52.727-0400	debug	Frontend method invoked.	{"host": "127.0.0.1:63278", "wf-namespace": "namespace-ec265ab4-426c-4316-a4b3-47fc66311932", "operation": "RespondActivityTaskCompleted", "server-name": "", "cert-thumbprint": "", "logging-call-at": "/Users/shivamsaraf/Desktop/work/temporal/common/log/with_logger.go:61"}
2025-03-19T11:38:52.728-0400	debug	Workflow task updated	{"host": "127.0.0.1:63280", "shard-id": 4, "address": "127.0.0.1:63280", "wf-scheduled-event-id": 772, "wf-started-event-id": 0, "workflow-task-request-id": "emptyUuid", "workflow-task-timeout": 10, "attempt": 1, "wf-started-timestamp": "0001-01-01T00:00:00.000Z", "wt-type": "Normal", "logging-call-at": "/Users/shivamsaraf/Desktop/work/temporal/common/log/with_logger.go:61"}
2025-03-19T11:38:52.728-0400	debug	Assigning new task key	{"host": "127.0.0.1:63280", "shard-id": 4, "address": "127.0.0.1:63280", "wf-namespace-id": "d0b550e3-6091-4a9b-a9aa-3d80ffb24954", "wf-id": "temporal-sys-worker-deployment-version:rrentVersion_Batching-564e9892_deployment_series.rrentVersion_Batching-564e9892_build_id", "wf-run-id": "0195af0e-98a0-7d94-93e5-2a1d2e5942f8", "queue-task-type": "WorkflowTaskTimeout", "queue-task-id": 1050568, "timestamp": "2025-03-19T15:38:57.729Z", "cursor-timestamp": "2025-03-19T15:38:53.720Z", "logging-call-at": "/Users/shivamsaraf/Desktop/work/temporal/common/log/with_logger.go:61"}
2025-03-19T11:38:52.728-0400	debug	Assigning new task key	{"host": "127.0.0.1:63280", "shard-id": 4, "address": "127.0.0.1:63280", "wf-namespace-id": "d0b550e3-6091-4a9b-a9aa-3d80ffb24954", "wf-id": "temporal-sys-worker-deployment-version:rrentVersion_Batching-564e9892_deployment_series.rrentVersion_Batching-564e9892_build_id", "wf-run-id": "0195af0e-98a0-7d94-93e5-2a1d2e5942f8", "queue-task-type": "TransferWorkflowTask", "queue-task-id": 1050569, "timestamp": "2025-03-19T15:38:52.728Z", "cursor-timestamp": "2025-03-19T15:38:53.720Z", "logging-call-at": "/Users/shivamsaraf/Desktop/work/temporal/common/log/with_logger.go:61"}
2025-03-19T11:38:52.732-0400	debug	Process task as active.	{"host": "127.0.0.1:63280", "shard-id": 4, "address": "127.0.0.1:63280", "component": "transfer-queue-processor", "wf-namespace-id": "d0b550e3-6091-4a9b-a9aa-3d80ffb24954", "value": "d0b550e3-6091-4a9b-a9aa-3d80ffb24954/temporal-sys-worker-deployment-version:rrentVersion_Batching-564e9892_deployment_series.rrentVersion_Batching-564e9892_build_id/0195af0e-98a0-7d94-93e5-2a1d2e5942f8", "logging-call-at": "/Users/shivamsaraf/Desktop/work/temporal/common/log/with_logger.go:61"}
2025-03-19T11:38:52.733-0400	debug	Workflow task updated	{"host": "127.0.0.1:63280", "shard-id": 4, "address": "127.0.0.1:63280", "wf-scheduled-event-id": 772, "wf-started-event-id": 773, "workflow-task-request-id": "c3a542d1-5d27-47ca-ae27-fa4dc069524a", "workflow-task-timeout": 10, "attempt": 1, "wf-started-timestamp": "2025-03-19T15:38:52.733Z", "wt-type": "Normal", "logging-call-at": "/Users/shivamsaraf/Desktop/work/temporal/common/log/with_logger.go:61"}
2025-03-19T11:38:52.733-0400	debug	Assigning new task key	{"host": "127.0.0.1:63280", "shard-id": 4, "address": "127.0.0.1:63280", "wf-namespace-id": "d0b550e3-6091-4a9b-a9aa-3d80ffb24954", "wf-id": "temporal-sys-worker-deployment-version:rrentVersion_Batching-564e9892_deployment_series.rrentVersion_Batching-564e9892_build_id", "wf-run-id": "0195af0e-98a0-7d94-93e5-2a1d2e5942f8", "queue-task-type": "WorkflowTaskTimeout", "queue-task-id": 1050572, "timestamp": "2025-03-19T15:39:02.734Z", "cursor-timestamp": "2025-03-19T15:38:53.731Z", "logging-call-at": "/Users/shivamsaraf/Desktop/work/temporal/common/log/with_logger.go:61"}
2025-03-19T11:38:52.738-0400	debug	Frontend method invoked.	{"host": "127.0.0.1:63278", "wf-namespace": "namespace-ec265ab4-426c-4316-a4b3-47fc66311932", "operation": "DescribeWorkerDeploymentVersion", "server-name": "", "cert-thumbprint": "", "logging-call-at": "/Users/shivamsaraf/Desktop/work/temporal/common/log/with_logger.go:61"}
2025-03-19T11:38:52.741-0400	debug	Frontend method invoked.	{"host": "127.0.0.1:63278", "wf-namespace": "namespace-ec265ab4-426c-4316-a4b3-47fc66311932", "operation": "PollWorkflowTaskQueue", "server-name": "", "cert-thumbprint": "", "logging-call-at": "/Users/shivamsaraf/Desktop/work/temporal/common/log/with_logger.go:61"}
2025-03-19T11:38:52.741-0400	debug	Received PollWorkflowTaskQueue	{"host": "127.0.0.1:63278", "service": "frontend", "logging-call-at": "/Users/shivamsaraf/Desktop/work/temporal/common/log/with_logger.go:61"}
2025-03-19T11:38:52.742-0400	debug	Poll workflow task queue.	{"host": "127.0.0.1:63278", "service": "frontend", "wf-namespace": "namespace-ec265ab4-426c-4316-a4b3-47fc66311932", "wf-namespace-id": "d0b550e3-6091-4a9b-a9aa-3d80ffb24954", "logging-call-at": "/Users/shivamsaraf/Desktop/work/temporal/common/log/with_logger.go:61"}
2025-03-19T11:38:52.742-0400	debug	Frontend method invoked.	{"host": "127.0.0.1:63278", "wf-namespace": "namespace-ec265ab4-426c-4316-a4b3-47fc66311932", "operation": "RespondWorkflowTaskCompleted", "server-name": "", "cert-thumbprint": "", "logging-call-at": "/Users/shivamsaraf/Desktop/work/temporal/common/log/with_logger.go:61"}
2025-03-19T11:38:52.742-0400	debug	RespondWorkflowTaskCompleted	{"host": "127.0.0.1:63280", "service": "history", "wf-namespace-id": "d0b550e3-6091-4a9b-a9aa-3d80ffb24954", "wf-id": "temporal-sys-worker-deployment-version:rrentVersion_Batching-564e9892_deployment_series.rrentVersion_Batching-564e9892_build_id", "wf-run-id": "0195af0e-98a0-7d94-93e5-2a1d2e5942f8", "wf-scheduled-event-id": 772, "logging-call-at": "/Users/shivamsaraf/Desktop/work/temporal/common/log/with_logger.go:61"}
2025-03-19T11:38:52.742-0400	debug	Workflow task updated	{"host": "127.0.0.1:63280", "shard-id": 4, "address": "127.0.0.1:63280", "wf-scheduled-event-id": 0, "wf-started-event-id": 0, "workflow-task-request-id": "emptyUuid", "workflow-task-timeout": 0, "attempt": 1, "wf-started-timestamp": "1970-01-01T00:00:00.000Z", "wt-type": "Unspecified", "logging-call-at": "/Users/shivamsaraf/Desktop/work/temporal/common/log/with_logger.go:61"}
2025-03-19T11:38:52.742-0400	debug	update state change	{"host": "127.0.0.1:63280", "shard-id": 4, "address": "127.0.0.1:63280", "wf-namespace-id": "d0b550e3-6091-4a9b-a9aa-3d80ffb24954", "wf-id": "temporal-sys-worker-deployment-version:rrentVersion_Batching-564e9892_deployment_series.rrentVersion_Batching-564e9892_build_id", "wf-run-id": "0195af0e-98a0-7d94-93e5-2a1d2e5942f8", "update-id": "2e7ce6ad-557e-4dbb-a5c2-6435529c2335", "from-state": "Accepted", "to-state": "ProvisionallyCompleted", "logging-call-at": "/Users/shivamsaraf/Desktop/work/temporal/common/log/with_logger.go:61"}
2025-03-19T11:38:52.745-0400	debug	update state change	{"host": "127.0.0.1:63280", "shard-id": 4, "address": "127.0.0.1:63280", "wf-namespace-id": "d0b550e3-6091-4a9b-a9aa-3d80ffb24954", "wf-id": "temporal-sys-worker-deployment-version:rrentVersion_Batching-564e9892_deployment_series.rrentVersion_Batching-564e9892_build_id", "wf-run-id": "0195af0e-98a0-7d94-93e5-2a1d2e5942f8", "update-id": "2e7ce6ad-557e-4dbb-a5c2-6435529c2335", "from-state": "ProvisionallyCompleted", "to-state": "Completed", "logging-call-at": "/Users/shivamsaraf/Desktop/work/temporal/common/log/with_logger.go:61"}
2025-03-19T11:38:52.745-0400	debug	Frontend method invoked.	{"host": "127.0.0.1:63278", "wf-namespace": "namespace-ec265ab4-426c-4316-a4b3-47fc66311932", "operation": "RespondActivityTaskCompleted", "server-name": "", "cert-thumbprint": "", "logging-call-at": "/Users/shivamsaraf/Desktop/work/temporal/common/log/with_logger.go:61"}
2025-03-19T11:38:52.746-0400	debug	Workflow task updated	{"host": "127.0.0.1:63280", "shard-id": 1, "address": "127.0.0.1:63280", "wf-scheduled-event-id": 368, "wf-started-event-id": 0, "workflow-task-request-id": "emptyUuid", "workflow-task-timeout": 10, "attempt": 1, "wf-started-timestamp": "0001-01-01T00:00:00.000Z", "wt-type": "Normal", "logging-call-at": "/Users/shivamsaraf/Desktop/work/temporal/common/log/with_logger.go:61"}
2025-03-19T11:38:52.746-0400	debug	Assigning new task key	{"host": "127.0.0.1:63280", "shard-id": 1, "address": "127.0.0.1:63280", "wf-namespace-id": "d0b550e3-6091-4a9b-a9aa-3d80ffb24954", "wf-id": "temporal-sys-worker-deployment:rrentVersion_Batching-564e9892_deployment_series", "wf-run-id": "0195af0e-960d-715f-b6c6-08dcdf4b78ec", "queue-task-type": "WorkflowTaskTimeout", "queue-task-id": 1049456, "timestamp": "2025-03-19T15:38:57.747Z", "cursor-timestamp": "2025-03-19T15:38:53.570Z", "logging-call-at": "/Users/shivamsaraf/Desktop/work/temporal/common/log/with_logger.go:61"}
2025-03-19T11:38:52.746-0400	debug	Assigning new task key	{"host": "127.0.0.1:63280", "shard-id": 1, "address": "127.0.0.1:63280", "wf-namespace-id": "d0b550e3-6091-4a9b-a9aa-3d80ffb24954", "wf-id": "temporal-sys-worker-deployment:rrentVersion_Batching-564e9892_deployment_series", "wf-run-id": "0195af0e-960d-715f-b6c6-08dcdf4b78ec", "queue-task-type": "TransferWorkflowTask", "queue-task-id": 1049457, "timestamp": "2025-03-19T15:38:52.746Z", "cursor-timestamp": "2025-03-19T15:38:53.570Z", "logging-call-at": "/Users/shivamsaraf/Desktop/work/temporal/common/log/with_logger.go:61"}
2025-03-19T11:38:52.747-0400	debug	Frontend method invoked.	{"host": "127.0.0.1:63278", "wf-namespace": "namespace-ec265ab4-426c-4316-a4b3-47fc66311932", "operation": "PollWorkflowTaskQueue", "server-name": "", "cert-thumbprint": "", "logging-call-at": "/Users/shivamsaraf/Desktop/work/temporal/common/log/with_logger.go:61"}
2025-03-19T11:38:52.747-0400	debug	Received PollWorkflowTaskQueue	{"host": "127.0.0.1:63278", "service": "frontend", "logging-call-at": "/Users/shivamsaraf/Desktop/work/temporal/common/log/with_logger.go:61"}
2025-03-19T11:38:52.747-0400	debug	Poll workflow task queue.	{"host": "127.0.0.1:63278", "service": "frontend", "wf-namespace": "namespace-ec265ab4-426c-4316-a4b3-47fc66311932", "wf-namespace-id": "d0b550e3-6091-4a9b-a9aa-3d80ffb24954", "logging-call-at": "/Users/shivamsaraf/Desktop/work/temporal/common/log/with_logger.go:61"}
2025-03-19T11:38:52.747-0400	debug	Frontend method invoked.	{"host": "127.0.0.1:63278", "wf-namespace": "namespace-ec265ab4-426c-4316-a4b3-47fc66311932", "operation": "RespondQueryTaskCompleted", "server-name": "", "cert-thumbprint": "", "logging-call-at": "/Users/shivamsaraf/Desktop/work/temporal/common/log/with_logger.go:61"}
2025-03-19T11:38:52.748-0400	debug	deployment client success	{"host": "127.0.0.1:63278", "operation": "DescribeVersion", "elapsed": 0.010051791, "args": ["rrentVersion_Batching-564e9892_deployment_series","rrentVersion_Batching-564e9892_build_id"], "logging-call-at": "/Users/shivamsaraf/Desktop/work/temporal/common/log/with_logger.go:61"}
2025-03-19T11:38:52.751-0400	debug	Process task as active.	{"host": "127.0.0.1:63280", "shard-id": 1, "address": "127.0.0.1:63280", "component": "transfer-queue-processor", "wf-namespace-id": "d0b550e3-6091-4a9b-a9aa-3d80ffb24954", "value": "d0b550e3-6091-4a9b-a9aa-3d80ffb24954/temporal-sys-worker-deployment:rrentVersion_Batching-564e9892_deployment_series/0195af0e-960d-715f-b6c6-08dcdf4b78ec", "logging-call-at": "/Users/shivamsaraf/Desktop/work/temporal/common/log/with_logger.go:61"}
2025-03-19T11:38:52.751-0400	debug	Workflow task updated	{"host": "127.0.0.1:63280", "shard-id": 1, "address": "127.0.0.1:63280", "wf-scheduled-event-id": 368, "wf-started-event-id": 369, "workflow-task-request-id": "f8cacc2c-5b13-4d9f-9b57-58d7ea5aebe4", "workflow-task-timeout": 10, "attempt": 1, "wf-started-timestamp": "2025-03-19T15:38:52.751Z", "wt-type": "Normal", "logging-call-at": "/Users/shivamsaraf/Desktop/work/temporal/common/log/with_logger.go:61"}
2025-03-19T11:38:52.752-0400	debug	Assigning new task key	{"host": "127.0.0.1:63280", "shard-id": 1, "address": "127.0.0.1:63280", "wf-namespace-id": "d0b550e3-6091-4a9b-a9aa-3d80ffb24954", "wf-id": "temporal-sys-worker-deployment:rrentVersion_Batching-564e9892_deployment_series", "wf-run-id": "0195af0e-960d-715f-b6c6-08dcdf4b78ec", "queue-task-type": "WorkflowTaskTimeout", "queue-task-id": 1049460, "timestamp": "2025-03-19T15:39:02.752Z", "cursor-timestamp": "2025-03-19T15:38:53.750Z", "logging-call-at": "/Users/shivamsaraf/Desktop/work/temporal/common/log/with_logger.go:61"}
2025-03-19T11:38:52.759-0400	debug	ExecuteActivity	{"host": "127.0.0.1:63281", "Namespace": "namespace-ec265ab4-426c-4316-a4b3-47fc66311932", "TaskQueue": "temporal-sys-per-ns-tq", "WorkerID": "temporal-system@Shivams-MacBook-Pro.local@namespace-ec265ab4-426c-4316-a4b3-47fc66311932", "WorkflowType": "temporal-sys-worker-deployment-workflow", "WorkflowID": "temporal-sys-worker-deployment:rrentVersion_Batching-564e9892_deployment_series", "RunID": "0195af0e-960d-715f-b6c6-08dcdf4b78ec", "Attempt": 0, "ActivityID": "372", "ActivityType": "RegisterWorkerInVersion", "logging-call-at": "/Users/shivamsaraf/Desktop/work/temporal/common/log/with_logger.go:61"}
2025-03-19T11:38:52.759-0400	debug	Frontend method invoked.	{"host": "127.0.0.1:63278", "wf-namespace": "namespace-ec265ab4-426c-4316-a4b3-47fc66311932", "operation": "PollWorkflowTaskQueue", "server-name": "", "cert-thumbprint": "", "logging-call-at": "/Users/shivamsaraf/Desktop/work/temporal/common/log/with_logger.go:61"}
2025-03-19T11:38:52.759-0400	debug	Received PollWorkflowTaskQueue	{"host": "127.0.0.1:63278", "service": "frontend", "logging-call-at": "/Users/shivamsaraf/Desktop/work/temporal/common/log/with_logger.go:61"}
2025-03-19T11:38:52.759-0400	debug	Poll workflow task queue.	{"host": "127.0.0.1:63278", "service": "frontend", "wf-namespace": "namespace-ec265ab4-426c-4316-a4b3-47fc66311932", "wf-namespace-id": "d0b550e3-6091-4a9b-a9aa-3d80ffb24954", "logging-call-at": "/Users/shivamsaraf/Desktop/work/temporal/common/log/with_logger.go:61"}
2025-03-19T11:38:52.759-0400	debug	Frontend method invoked.	{"host": "127.0.0.1:63278", "wf-namespace": "namespace-ec265ab4-426c-4316-a4b3-47fc66311932", "operation": "RespondWorkflowTaskCompleted", "server-name": "", "cert-thumbprint": "", "logging-call-at": "/Users/shivamsaraf/Desktop/work/temporal/common/log/with_logger.go:61"}
2025-03-19T11:38:52.760-0400	debug	RespondWorkflowTaskCompleted	{"host": "127.0.0.1:63280", "service": "history", "wf-namespace-id": "d0b550e3-6091-4a9b-a9aa-3d80ffb24954", "wf-id": "temporal-sys-worker-deployment:rrentVersion_Batching-564e9892_deployment_series", "wf-run-id": "0195af0e-960d-715f-b6c6-08dcdf4b78ec", "wf-scheduled-event-id": 368, "logging-call-at": "/Users/shivamsaraf/Desktop/work/temporal/common/log/with_logger.go:61"}
2025-03-19T11:38:52.760-0400	debug	Workflow task updated	{"host": "127.0.0.1:63280", "shard-id": 1, "address": "127.0.0.1:63280", "wf-scheduled-event-id": 0, "wf-started-event-id": 0, "workflow-task-request-id": "emptyUuid", "workflow-task-timeout": 0, "attempt": 1, "wf-started-timestamp": "1970-01-01T00:00:00.000Z", "wt-type": "Unspecified", "logging-call-at": "/Users/shivamsaraf/Desktop/work/temporal/common/log/with_logger.go:61"}
2025-03-19T11:38:52.760-0400	debug	update state change	{"host": "127.0.0.1:63280", "shard-id": 1, "address": "127.0.0.1:63280", "wf-namespace-id": "d0b550e3-6091-4a9b-a9aa-3d80ffb24954", "wf-id": "temporal-sys-worker-deployment:rrentVersion_Batching-564e9892_deployment_series", "wf-run-id": "0195af0e-960d-715f-b6c6-08dcdf4b78ec", "update-id": "f24af414-ccc1-4fdf-a8e3-d0be5b7f98d3", "from-state": "Accepted", "to-state": "ProvisionallyCompleted", "logging-call-at": "/Users/shivamsaraf/Desktop/work/temporal/common/log/with_logger.go:61"}
2025-03-19T11:38:52.760-0400	debug	Assigning new task key	{"host": "127.0.0.1:63280", "shard-id": 1, "address": "127.0.0.1:63280", "wf-namespace-id": "d0b550e3-6091-4a9b-a9aa-3d80ffb24954", "wf-id": "temporal-sys-worker-deployment:rrentVersion_Batching-564e9892_deployment_series", "wf-run-id": "0195af0e-960d-715f-b6c6-08dcdf4b78ec", "queue-task-type": "TransferActivityTask", "queue-task-id": 1049466, "timestamp": "2025-03-19T15:38:52.760Z", "cursor-timestamp": "2025-03-19T15:38:53.750Z", "logging-call-at": "/Users/shivamsaraf/Desktop/work/temporal/common/log/with_logger.go:61"}
2025-03-19T11:38:52.763-0400	debug	update state change	{"host": "127.0.0.1:63280", "shard-id": 1, "address": "127.0.0.1:63280", "wf-namespace-id": "d0b550e3-6091-4a9b-a9aa-3d80ffb24954", "wf-id": "temporal-sys-worker-deployment:rrentVersion_Batching-564e9892_deployment_series", "wf-run-id": "0195af0e-960d-715f-b6c6-08dcdf4b78ec", "update-id": "f24af414-ccc1-4fdf-a8e3-d0be5b7f98d3", "from-state": "ProvisionallyCompleted", "to-state": "Completed", "logging-call-at": "/Users/shivamsaraf/Desktop/work/temporal/common/log/with_logger.go:61"}
2025-03-19T11:38:52.764-0400	debug	deployment client success	{"host": "127.0.0.1:63279", "operation": "RegisterTaskQueueWorker", "elapsed": 9.197397167, "args": ["rrentVersion_Batching-564e9892_task_queue_35",1,"matching service"], "logging-call-at": "/Users/shivamsaraf/Desktop/work/temporal/common/log/with_logger.go:61"}
2025-03-19T11:38:52.764-0400	debug	Process task as active.	{"host": "127.0.0.1:63280", "shard-id": 1, "address": "127.0.0.1:63280", "component": "transfer-queue-processor", "wf-namespace-id": "d0b550e3-6091-4a9b-a9aa-3d80ffb24954", "value": "d0b550e3-6091-4a9b-a9aa-3d80ffb24954/temporal-sys-worker-deployment:rrentVersion_Batching-564e9892_deployment_series/0195af0e-960d-715f-b6c6-08dcdf4b78ec", "logging-call-at": "/Users/shivamsaraf/Desktop/work/temporal/common/log/with_logger.go:61"}
2025-03-19T11:38:52.764-0400	info	Started physicalTaskQueueManager	{"host": "127.0.0.1:63279", "component": "matching-engine", "wf-task-queue-name": "rrentVersion_Batching-564e9892_task_queue_35", "wf-task-queue-type": "Workflow", "wf-namespace": "namespace-ec265ab4-426c-4316-a4b3-47fc66311932", "worker-build-id": "rrentVersion_Batching-564e9892_deployment_series/rrentVersion_Batching-564e9892_build_id", "lifecycle": "Started", "cause": "UserData", "logging-call-at": "/Users/shivamsaraf/Desktop/work/temporal/common/log/with_logger.go:66"}
2025-03-19T11:38:52.765-0400	debug	Assigning new task key	{"host": "127.0.0.1:63280", "shard-id": 1, "address": "127.0.0.1:63280", "wf-namespace-id": "d0b550e3-6091-4a9b-a9aa-3d80ffb24954", "wf-id": "temporal-sys-worker-deployment:rrentVersion_Batching-564e9892_deployment_series", "wf-run-id": "0195af0e-960d-715f-b6c6-08dcdf4b78ec", "queue-task-type": "ActivityTimeout", "queue-task-id": 1049468, "timestamp": "2025-03-19T15:39:52.766Z", "cursor-timestamp": "2025-03-19T15:38:53.763Z", "logging-call-at": "/Users/shivamsaraf/Desktop/work/temporal/common/log/with_logger.go:61"}
2025-03-19T11:38:52.769-0400	debug	Frontend method invoked.	{"host": "127.0.0.1:63278", "wf-namespace": "namespace-ec265ab4-426c-4316-a4b3-47fc66311932", "operation": "PollActivityTaskQueue", "server-name": "", "cert-thumbprint": "", "logging-call-at": "/Users/shivamsaraf/Desktop/work/temporal/common/log/with_logger.go:61"}
2025-03-19T11:38:52.769-0400	debug	Received PollActivityTaskQueue	{"host": "127.0.0.1:63278", "service": "frontend", "logging-call-at": "/Users/shivamsaraf/Desktop/work/temporal/common/log/with_logger.go:61"}
2025-03-19T11:38:52.770-0400	debug	Process task as active.	{"host": "127.0.0.1:63280", "shard-id": 4, "address": "127.0.0.1:63280", "component": "timer-queue-processor", "wf-namespace-id": "d0b550e3-6091-4a9b-a9aa-3d80ffb24954", "value": "d0b550e3-6091-4a9b-a9aa-3d80ffb24954/temporal-sys-worker-deployment-version:rrentVersion_Batching-564e9892_deployment_series.rrentVersion_Batching-564e9892_build_id/0195af0e-98a0-7d94-93e5-2a1d2e5942f8", "logging-call-at": "/Users/shivamsaraf/Desktop/work/temporal/common/log/with_logger.go:61"}
2025-03-19T11:38:52.770-0400	debug	update state change	{"host": "127.0.0.1:63280", "shard-id": 4, "address": "127.0.0.1:63280", "wf-namespace-id": "d0b550e3-6091-4a9b-a9aa-3d80ffb24954", "wf-id": "temporal-sys-worker-deployment-version:rrentVersion_Batching-564e9892_deployment_series.rrentVersion_Batching-564e9892_build_id", "wf-run-id": "0195af0e-98a0-7d94-93e5-2a1d2e5942f8", "update-id": "f8d071fd-1a57-4ed4-ab13-c1d34d99c2fd", "from-state": "Created", "to-state": "ProvisionallyAdmitted", "logging-call-at": "/Users/shivamsaraf/Desktop/work/temporal/common/log/with_logger.go:61"}
2025-03-19T11:38:52.770-0400	debug	update state change	{"host": "127.0.0.1:63280", "shard-id": 4, "address": "127.0.0.1:63280", "wf-namespace-id": "d0b550e3-6091-4a9b-a9aa-3d80ffb24954", "wf-id": "temporal-sys-worker-deployment-version:rrentVersion_Batching-564e9892_deployment_series.rrentVersion_Batching-564e9892_build_id", "wf-run-id": "0195af0e-98a0-7d94-93e5-2a1d2e5942f8", "update-id": "f8d071fd-1a57-4ed4-ab13-c1d34d99c2fd", "from-state": "ProvisionallyAdmitted", "to-state": "Admitted", "logging-call-at": "/Users/shivamsaraf/Desktop/work/temporal/common/log/with_logger.go:61"}
2025-03-19T11:38:52.770-0400	debug	Workflow task updated	{"host": "127.0.0.1:63280", "shard-id": 4, "address": "127.0.0.1:63280", "wf-scheduled-event-id": 776, "wf-started-event-id": 0, "workflow-task-request-id": "emptyUuid", "workflow-task-timeout": 10, "attempt": 1, "wf-started-timestamp": "0001-01-01T00:00:00.000Z", "wt-type": "Speculative", "logging-call-at": "/Users/shivamsaraf/Desktop/work/temporal/common/log/with_logger.go:61"}
2025-03-19T11:38:52.771-0400	debug	Workflow task updated	{"host": "127.0.0.1:63280", "shard-id": 4, "address": "127.0.0.1:63280", "wf-scheduled-event-id": 776, "wf-started-event-id": 777, "workflow-task-request-id": "cc23503f-fb7d-4a0d-ac1b-d029185d0084", "workflow-task-timeout": 10, "attempt": 1, "wf-started-timestamp": "2025-03-19T15:38:52.770Z", "wt-type": "Speculative", "logging-call-at": "/Users/shivamsaraf/Desktop/work/temporal/common/log/with_logger.go:61"}
2025-03-19T11:38:52.771-0400	debug	update state change	{"host": "127.0.0.1:63280", "shard-id": 4, "address": "127.0.0.1:63280", "wf-namespace-id": "d0b550e3-6091-4a9b-a9aa-3d80ffb24954", "wf-id": "temporal-sys-worker-deployment-version:rrentVersion_Batching-564e9892_deployment_series.rrentVersion_Batching-564e9892_build_id", "wf-run-id": "0195af0e-98a0-7d94-93e5-2a1d2e5942f8", "update-id": "f8d071fd-1a57-4ed4-ab13-c1d34d99c2fd", "from-state": "Admitted", "to-state": "Sent", "logging-call-at": "/Users/shivamsaraf/Desktop/work/temporal/common/log/with_logger.go:61"}
2025-03-19T11:38:52.775-0400	debug	ExecuteActivity	{"host": "127.0.0.1:63281", "Namespace": "namespace-ec265ab4-426c-4316-a4b3-47fc66311932", "TaskQueue": "temporal-sys-per-ns-tq", "WorkerID": "temporal-system@Shivams-MacBook-Pro.local@namespace-ec265ab4-426c-4316-a4b3-47fc66311932", "WorkflowType": "temporal-sys-worker-deployment-version-workflow", "WorkflowID": "temporal-sys-worker-deployment-version:rrentVersion_Batching-564e9892_deployment_series.rrentVersion_Batching-564e9892_build_id", "RunID": "0195af0e-98a0-7d94-93e5-2a1d2e5942f8", "Attempt": 0, "ActivityID": "780", "ActivityType": "SyncDeploymentVersionUserData", "logging-call-at": "/Users/shivamsaraf/Desktop/work/temporal/common/log/with_logger.go:61"}
2025-03-19T11:38:52.775-0400	debug	Frontend method invoked.	{"host": "127.0.0.1:63278", "wf-namespace": "namespace-ec265ab4-426c-4316-a4b3-47fc66311932", "operation": "PollWorkflowTaskQueue", "server-name": "", "cert-thumbprint": "", "logging-call-at": "/Users/shivamsaraf/Desktop/work/temporal/common/log/with_logger.go:61"}
2025-03-19T11:38:52.776-0400	debug	Received PollWorkflowTaskQueue	{"host": "127.0.0.1:63278", "service": "frontend", "logging-call-at": "/Users/shivamsaraf/Desktop/work/temporal/common/log/with_logger.go:61"}
2025-03-19T11:38:52.776-0400	debug	Poll workflow task queue.	{"host": "127.0.0.1:63278", "service": "frontend", "wf-namespace": "namespace-ec265ab4-426c-4316-a4b3-47fc66311932", "wf-namespace-id": "d0b550e3-6091-4a9b-a9aa-3d80ffb24954", "logging-call-at": "/Users/shivamsaraf/Desktop/work/temporal/common/log/with_logger.go:61"}
2025-03-19T11:38:52.776-0400	debug	Frontend method invoked.	{"host": "127.0.0.1:63278", "wf-namespace": "namespace-ec265ab4-426c-4316-a4b3-47fc66311932", "operation": "RespondWorkflowTaskCompleted", "server-name": "", "cert-thumbprint": "", "logging-call-at": "/Users/shivamsaraf/Desktop/work/temporal/common/log/with_logger.go:61"}
2025-03-19T11:38:52.776-0400	debug	RespondWorkflowTaskCompleted	{"host": "127.0.0.1:63280", "service": "history", "wf-namespace-id": "d0b550e3-6091-4a9b-a9aa-3d80ffb24954", "wf-id": "temporal-sys-worker-deployment-version:rrentVersion_Batching-564e9892_deployment_series.rrentVersion_Batching-564e9892_build_id", "wf-run-id": "0195af0e-98a0-7d94-93e5-2a1d2e5942f8", "wf-scheduled-event-id": 776, "logging-call-at": "/Users/shivamsaraf/Desktop/work/temporal/common/log/with_logger.go:61"}
2025-03-19T11:38:52.776-0400	debug	Workflow task updated	{"host": "127.0.0.1:63280", "shard-id": 4, "address": "127.0.0.1:63280", "wf-scheduled-event-id": 0, "wf-started-event-id": 0, "workflow-task-request-id": "emptyUuid", "workflow-task-timeout": 0, "attempt": 1, "wf-started-timestamp": "1970-01-01T00:00:00.000Z", "wt-type": "Unspecified", "logging-call-at": "/Users/shivamsaraf/Desktop/work/temporal/common/log/with_logger.go:61"}
2025-03-19T11:38:52.777-0400	debug	update state change	{"host": "127.0.0.1:63280", "shard-id": 4, "address": "127.0.0.1:63280", "wf-namespace-id": "d0b550e3-6091-4a9b-a9aa-3d80ffb24954", "wf-id": "temporal-sys-worker-deployment-version:rrentVersion_Batching-564e9892_deployment_series.rrentVersion_Batching-564e9892_build_id", "wf-run-id": "0195af0e-98a0-7d94-93e5-2a1d2e5942f8", "update-id": "f8d071fd-1a57-4ed4-ab13-c1d34d99c2fd", "from-state": "Sent", "to-state": "ProvisionallyAccepted", "logging-call-at": "/Users/shivamsaraf/Desktop/work/temporal/common/log/with_logger.go:61"}
2025-03-19T11:38:52.777-0400	debug	Assigning new task key	{"host": "127.0.0.1:63280", "shard-id": 4, "address": "127.0.0.1:63280", "wf-namespace-id": "d0b550e3-6091-4a9b-a9aa-3d80ffb24954", "wf-id": "temporal-sys-worker-deployment-version:rrentVersion_Batching-564e9892_deployment_series.rrentVersion_Batching-564e9892_build_id", "wf-run-id": "0195af0e-98a0-7d94-93e5-2a1d2e5942f8", "queue-task-type": "TransferActivityTask", "queue-task-id": 1050589, "timestamp": "2025-03-19T15:38:52.777Z", "cursor-timestamp": "2025-03-19T15:38:53.731Z", "logging-call-at": "/Users/shivamsaraf/Desktop/work/temporal/common/log/with_logger.go:61"}
2025-03-19T11:38:52.780-0400	debug	update state change	{"host": "127.0.0.1:63280", "shard-id": 4, "address": "127.0.0.1:63280", "wf-namespace-id": "d0b550e3-6091-4a9b-a9aa-3d80ffb24954", "wf-id": "temporal-sys-worker-deployment-version:rrentVersion_Batching-564e9892_deployment_series.rrentVersion_Batching-564e9892_build_id", "wf-run-id": "0195af0e-98a0-7d94-93e5-2a1d2e5942f8", "update-id": "f8d071fd-1a57-4ed4-ab13-c1d34d99c2fd", "from-state": "ProvisionallyAccepted", "to-state": "Accepted", "logging-call-at": "/Users/shivamsaraf/Desktop/work/temporal/common/log/with_logger.go:61"}
2025-03-19T11:38:52.781-0400	debug	Process task as active.	{"host": "127.0.0.1:63280", "shard-id": 4, "address": "127.0.0.1:63280", "component": "transfer-queue-processor", "wf-namespace-id": "d0b550e3-6091-4a9b-a9aa-3d80ffb24954", "value": "d0b550e3-6091-4a9b-a9aa-3d80ffb24954/temporal-sys-worker-deployment-version:rrentVersion_Batching-564e9892_deployment_series.rrentVersion_Batching-564e9892_build_id/0195af0e-98a0-7d94-93e5-2a1d2e5942f8", "logging-call-at": "/Users/shivamsaraf/Desktop/work/temporal/common/log/with_logger.go:61"}
2025-03-19T11:38:52.782-0400	debug	Assigning new task key	{"host": "127.0.0.1:63280", "shard-id": 4, "address": "127.0.0.1:63280", "wf-namespace-id": "d0b550e3-6091-4a9b-a9aa-3d80ffb24954", "wf-id": "temporal-sys-worker-deployment-version:rrentVersion_Batching-564e9892_deployment_series.rrentVersion_Batching-564e9892_build_id", "wf-run-id": "0195af0e-98a0-7d94-93e5-2a1d2e5942f8", "queue-task-type": "ActivityTimeout", "queue-task-id": 1050590, "timestamp": "2025-03-19T15:39:52.783Z", "cursor-timestamp": "2025-03-19T15:38:53.780Z", "logging-call-at": "/Users/shivamsaraf/Desktop/work/temporal/common/log/with_logger.go:61"}
2025-03-19T11:38:52.785-0400	info	syncing task queue userdata for deployment version	{"host": "127.0.0.1:63281", "Namespace": "namespace-ec265ab4-426c-4316-a4b3-47fc66311932", "TaskQueue": "temporal-sys-per-ns-tq", "WorkerID": "temporal-system@Shivams-MacBook-Pro.local@namespace-ec265ab4-426c-4316-a4b3-47fc66311932", "ActivityID": "780", "ActivityType": "SyncDeploymentVersionUserData", "Attempt": 1, "WorkflowType": "temporal-sys-worker-deployment-version-workflow", "WorkflowID": "temporal-sys-worker-deployment-version:rrentVersion_Batching-564e9892_deployment_series.rrentVersion_Batching-564e9892_build_id", "RunID": "0195af0e-98a0-7d94-93e5-2a1d2e5942f8", "taskQueue": "rrentVersion_Batching-564e9892_task_queue_25", "types": [1], "logging-call-at": "/Users/shivamsaraf/Desktop/work/temporal/common/log/with_logger.go:66"}
2025-03-19T11:38:52.785-0400	debug	Frontend method invoked.	{"host": "127.0.0.1:63278", "wf-namespace": "namespace-ec265ab4-426c-4316-a4b3-47fc66311932", "operation": "PollActivityTaskQueue", "server-name": "", "cert-thumbprint": "", "logging-call-at": "/Users/shivamsaraf/Desktop/work/temporal/common/log/with_logger.go:61"}
2025-03-19T11:38:52.786-0400	debug	Received PollActivityTaskQueue	{"host": "127.0.0.1:63278", "service": "frontend", "logging-call-at": "/Users/shivamsaraf/Desktop/work/temporal/common/log/with_logger.go:61"}
2025-03-19T11:38:52.798-0400	debug	Process task as active.	{"host": "127.0.0.1:63280", "shard-id": 4, "address": "127.0.0.1:63280", "component": "timer-queue-processor", "wf-namespace-id": "d0b550e3-6091-4a9b-a9aa-3d80ffb24954", "value": "d0b550e3-6091-4a9b-a9aa-3d80ffb24954/temporal-sys-worker-deployment-version:rrentVersion_Batching-564e9892_deployment_series.rrentVersion_Batching-564e9892_build_id/0195af0e-98a0-7d94-93e5-2a1d2e5942f8", "logging-call-at": "/Users/shivamsaraf/Desktop/work/temporal/common/log/with_logger.go:61"}
2025-03-19T11:38:52.816-0400	debug	Process task as active.	{"host": "127.0.0.1:63280", "shard-id": 1, "address": "127.0.0.1:63280", "component": "timer-queue-processor", "wf-namespace-id": "d0b550e3-6091-4a9b-a9aa-3d80ffb24954", "value": "d0b550e3-6091-4a9b-a9aa-3d80ffb24954/temporal-sys-worker-deployment:rrentVersion_Batching-564e9892_deployment_series/0195af0e-960d-715f-b6c6-08dcdf4b78ec", "logging-call-at": "/Users/shivamsaraf/Desktop/work/temporal/common/log/with_logger.go:61"}
2025-03-19T11:38:52.888-0400	info	modified user data	{"host": "127.0.0.1:63279", "component": "matching-engine", "wf-task-queue-name": "rrentVersion_Batching-564e9892_task_queue_25", "wf-task-queue-type": "Workflow", "wf-namespace": "namespace-ec265ab4-426c-4316-a4b3-47fc66311932", "user-data-update-source": "SyncDeploymentUserData", "user-data-version": 1, "timestamp": "2025-03-19T15:38:52.786Z", "logging-call-at": "/Users/shivamsaraf/Desktop/work/temporal/common/log/with_logger.go:66"}
2025-03-19T11:38:52.888-0400	debug	user data changed while blocked in long poll	{"host": "127.0.0.1:63279", "component": "matching-engine", "wf-task-queue-name": "rrentVersion_Batching-564e9892_task_queue_25", "wf-task-queue-type": "Workflow", "wf-namespace": "namespace-ec265ab4-426c-4316-a4b3-47fc66311932", "logging-call-at": "/Users/shivamsaraf/Desktop/work/temporal/common/log/with_logger.go:61"}
2025-03-19T11:38:52.888-0400	debug	user data changed while blocked in long poll	{"host": "127.0.0.1:63279", "component": "matching-engine", "wf-task-queue-name": "rrentVersion_Batching-564e9892_task_queue_25", "wf-task-queue-type": "Workflow", "wf-namespace": "namespace-ec265ab4-426c-4316-a4b3-47fc66311932", "logging-call-at": "/Users/shivamsaraf/Desktop/work/temporal/common/log/with_logger.go:61"}
2025-03-19T11:38:52.888-0400	debug	user data changed while blocked in long poll	{"host": "127.0.0.1:63279", "component": "matching-engine", "wf-task-queue-name": "rrentVersion_Batching-564e9892_task_queue_25", "wf-task-queue-type": "Workflow", "wf-namespace": "namespace-ec265ab4-426c-4316-a4b3-47fc66311932", "logging-call-at": "/Users/shivamsaraf/Desktop/work/temporal/common/log/with_logger.go:61"}
2025-03-19T11:38:52.888-0400	info	returning user data	{"host": "127.0.0.1:63279", "component": "matching-engine", "wf-task-queue-name": "rrentVersion_Batching-564e9892_task_queue_25", "wf-task-queue-type": "Workflow", "wf-namespace": "namespace-ec265ab4-426c-4316-a4b3-47fc66311932", "long-poll": true, "request-known-version": 0, "user-data-version": 1, "logging-call-at": "/Users/shivamsaraf/Desktop/work/temporal/common/log/with_logger.go:66"}
2025-03-19T11:38:52.888-0400	info	returning user data	{"host": "127.0.0.1:63279", "component": "matching-engine", "wf-task-queue-name": "rrentVersion_Batching-564e9892_task_queue_25", "wf-task-queue-type": "Workflow", "wf-namespace": "namespace-ec265ab4-426c-4316-a4b3-47fc66311932", "long-poll": true, "request-known-version": 0, "user-data-version": 1, "logging-call-at": "/Users/shivamsaraf/Desktop/work/temporal/common/log/with_logger.go:66"}
2025-03-19T11:38:52.888-0400	info	returning user data	{"host": "127.0.0.1:63279", "component": "matching-engine", "wf-task-queue-name": "rrentVersion_Batching-564e9892_task_queue_25", "wf-task-queue-type": "Workflow", "wf-namespace": "namespace-ec265ab4-426c-4316-a4b3-47fc66311932", "long-poll": true, "request-known-version": 0, "user-data-version": 1, "logging-call-at": "/Users/shivamsaraf/Desktop/work/temporal/common/log/with_logger.go:66"}
2025-03-19T11:38:52.888-0400	info	fetched user data from parent	{"host": "127.0.0.1:63279", "component": "matching-engine", "wf-task-queue-name": "/_sys/rrentVersion_Batching-564e9892_task_queue_25/3", "wf-task-queue-type": "Workflow", "wf-namespace": "namespace-ec265ab4-426c-4316-a4b3-47fc66311932", "user-data-version": 1, "timestamp": "2025-03-19T15:38:52.786Z", "logging-call-at": "/Users/shivamsaraf/Desktop/work/temporal/common/log/with_logger.go:66"}
2025-03-19T11:38:52.888-0400	debug	Frontend method invoked.	{"host": "127.0.0.1:63278", "wf-namespace": "namespace-ec265ab4-426c-4316-a4b3-47fc66311932", "operation": "RespondActivityTaskCompleted", "server-name": "", "cert-thumbprint": "", "logging-call-at": "/Users/shivamsaraf/Desktop/work/temporal/common/log/with_logger.go:61"}
2025-03-19T11:38:52.888-0400	info	fetched user data from parent	{"host": "127.0.0.1:63279", "component": "matching-engine", "wf-task-queue-name": "/_sys/rrentVersion_Batching-564e9892_task_queue_25/1", "wf-task-queue-type": "Workflow", "wf-namespace": "namespace-ec265ab4-426c-4316-a4b3-47fc66311932", "user-data-version": 1, "timestamp": "2025-03-19T15:38:52.786Z", "logging-call-at": "/Users/shivamsaraf/Desktop/work/temporal/common/log/with_logger.go:66"}
2025-03-19T11:38:52.888-0400	info	fetched user data from parent	{"host": "127.0.0.1:63279", "component": "matching-engine", "wf-task-queue-name": "/_sys/rrentVersion_Batching-564e9892_task_queue_25/2", "wf-task-queue-type": "Workflow", "wf-namespace": "namespace-ec265ab4-426c-4316-a4b3-47fc66311932", "user-data-version": 1, "timestamp": "2025-03-19T15:38:52.786Z", "logging-call-at": "/Users/shivamsaraf/Desktop/work/temporal/common/log/with_logger.go:66"}
2025-03-19T11:38:52.889-0400	debug	Workflow task updated	{"host": "127.0.0.1:63280", "shard-id": 4, "address": "127.0.0.1:63280", "wf-scheduled-event-id": 783, "wf-started-event-id": 0, "workflow-task-request-id": "emptyUuid", "workflow-task-timeout": 10, "attempt": 1, "wf-started-timestamp": "0001-01-01T00:00:00.000Z", "wt-type": "Normal", "logging-call-at": "/Users/shivamsaraf/Desktop/work/temporal/common/log/with_logger.go:61"}
2025-03-19T11:38:52.889-0400	debug	Assigning new task key	{"host": "127.0.0.1:63280", "shard-id": 4, "address": "127.0.0.1:63280", "wf-namespace-id": "d0b550e3-6091-4a9b-a9aa-3d80ffb24954", "wf-id": "temporal-sys-worker-deployment-version:rrentVersion_Batching-564e9892_deployment_series.rrentVersion_Batching-564e9892_build_id", "wf-run-id": "0195af0e-98a0-7d94-93e5-2a1d2e5942f8", "queue-task-type": "WorkflowTaskTimeout", "queue-task-id": 1050596, "timestamp": "2025-03-19T15:38:57.890Z", "cursor-timestamp": "2025-03-19T15:38:53.780Z", "logging-call-at": "/Users/shivamsaraf/Desktop/work/temporal/common/log/with_logger.go:61"}
2025-03-19T11:38:52.889-0400	debug	Assigning new task key	{"host": "127.0.0.1:63280", "shard-id": 4, "address": "127.0.0.1:63280", "wf-namespace-id": "d0b550e3-6091-4a9b-a9aa-3d80ffb24954", "wf-id": "temporal-sys-worker-deployment-version:rrentVersion_Batching-564e9892_deployment_series.rrentVersion_Batching-564e9892_build_id", "wf-run-id": "0195af0e-98a0-7d94-93e5-2a1d2e5942f8", "queue-task-type": "TransferWorkflowTask", "queue-task-id": 1050597, "timestamp": "2025-03-19T15:38:52.889Z", "cursor-timestamp": "2025-03-19T15:38:53.780Z", "logging-call-at": "/Users/shivamsaraf/Desktop/work/temporal/common/log/with_logger.go:61"}
2025-03-19T11:38:52.896-0400	debug	Process task as active.	{"host": "127.0.0.1:63280", "shard-id": 4, "address": "127.0.0.1:63280", "component": "transfer-queue-processor", "wf-namespace-id": "d0b550e3-6091-4a9b-a9aa-3d80ffb24954", "value": "d0b550e3-6091-4a9b-a9aa-3d80ffb24954/temporal-sys-worker-deployment-version:rrentVersion_Batching-564e9892_deployment_series.rrentVersion_Batching-564e9892_build_id/0195af0e-98a0-7d94-93e5-2a1d2e5942f8", "logging-call-at": "/Users/shivamsaraf/Desktop/work/temporal/common/log/with_logger.go:61"}
2025-03-19T11:38:52.897-0400	debug	Workflow task updated	{"host": "127.0.0.1:63280", "shard-id": 4, "address": "127.0.0.1:63280", "wf-scheduled-event-id": 783, "wf-started-event-id": 784, "workflow-task-request-id": "b9904522-dfb3-420f-a179-647e5a72ca9d", "workflow-task-timeout": 10, "attempt": 1, "wf-started-timestamp": "2025-03-19T15:38:52.896Z", "wt-type": "Normal", "logging-call-at": "/Users/shivamsaraf/Desktop/work/temporal/common/log/with_logger.go:61"}
2025-03-19T11:38:52.897-0400	debug	Assigning new task key	{"host": "127.0.0.1:63280", "shard-id": 4, "address": "127.0.0.1:63280", "wf-namespace-id": "d0b550e3-6091-4a9b-a9aa-3d80ffb24954", "wf-id": "temporal-sys-worker-deployment-version:rrentVersion_Batching-564e9892_deployment_series.rrentVersion_Batching-564e9892_build_id", "wf-run-id": "0195af0e-98a0-7d94-93e5-2a1d2e5942f8", "queue-task-type": "WorkflowTaskTimeout", "queue-task-id": 1050600, "timestamp": "2025-03-19T15:39:02.897Z", "cursor-timestamp": "2025-03-19T15:38:53.895Z", "logging-call-at": "/Users/shivamsaraf/Desktop/work/temporal/common/log/with_logger.go:61"}
2025-03-19T11:38:52.907-0400	debug	ExecuteActivity	{"host": "127.0.0.1:63281", "Namespace": "namespace-ec265ab4-426c-4316-a4b3-47fc66311932", "TaskQueue": "temporal-sys-per-ns-tq", "WorkerID": "temporal-system@Shivams-MacBook-Pro.local@namespace-ec265ab4-426c-4316-a4b3-47fc66311932", "WorkflowType": "temporal-sys-worker-deployment-version-workflow", "WorkflowID": "temporal-sys-worker-deployment-version:rrentVersion_Batching-564e9892_deployment_series.rrentVersion_Batching-564e9892_build_id", "RunID": "0195af0e-98a0-7d94-93e5-2a1d2e5942f8", "Attempt": 0, "ActivityID": "786", "ActivityType": "CheckWorkerDeploymentUserDataPropagation", "logging-call-at": "/Users/shivamsaraf/Desktop/work/temporal/common/log/with_logger.go:61"}
2025-03-19T11:38:52.908-0400	debug	Frontend method invoked.	{"host": "127.0.0.1:63278", "wf-namespace": "namespace-ec265ab4-426c-4316-a4b3-47fc66311932", "operation": "PollWorkflowTaskQueue", "server-name": "", "cert-thumbprint": "", "logging-call-at": "/Users/shivamsaraf/Desktop/work/temporal/common/log/with_logger.go:61"}
2025-03-19T11:38:52.908-0400	debug	Received PollWorkflowTaskQueue	{"host": "127.0.0.1:63278", "service": "frontend", "logging-call-at": "/Users/shivamsaraf/Desktop/work/temporal/common/log/with_logger.go:61"}
2025-03-19T11:38:52.908-0400	debug	Poll workflow task queue.	{"host": "127.0.0.1:63278", "service": "frontend", "wf-namespace": "namespace-ec265ab4-426c-4316-a4b3-47fc66311932", "wf-namespace-id": "d0b550e3-6091-4a9b-a9aa-3d80ffb24954", "logging-call-at": "/Users/shivamsaraf/Desktop/work/temporal/common/log/with_logger.go:61"}
2025-03-19T11:38:52.908-0400	debug	Frontend method invoked.	{"host": "127.0.0.1:63278", "wf-namespace": "namespace-ec265ab4-426c-4316-a4b3-47fc66311932", "operation": "RespondWorkflowTaskCompleted", "server-name": "", "cert-thumbprint": "", "logging-call-at": "/Users/shivamsaraf/Desktop/work/temporal/common/log/with_logger.go:61"}
2025-03-19T11:38:52.908-0400	debug	RespondWorkflowTaskCompleted	{"host": "127.0.0.1:63280", "service": "history", "wf-namespace-id": "d0b550e3-6091-4a9b-a9aa-3d80ffb24954", "wf-id": "temporal-sys-worker-deployment-version:rrentVersion_Batching-564e9892_deployment_series.rrentVersion_Batching-564e9892_build_id", "wf-run-id": "0195af0e-98a0-7d94-93e5-2a1d2e5942f8", "wf-scheduled-event-id": 783, "logging-call-at": "/Users/shivamsaraf/Desktop/work/temporal/common/log/with_logger.go:61"}
2025-03-19T11:38:52.909-0400	debug	Workflow task updated	{"host": "127.0.0.1:63280", "shard-id": 4, "address": "127.0.0.1:63280", "wf-scheduled-event-id": 0, "wf-started-event-id": 0, "workflow-task-request-id": "emptyUuid", "workflow-task-timeout": 0, "attempt": 1, "wf-started-timestamp": "1970-01-01T00:00:00.000Z", "wt-type": "Unspecified", "logging-call-at": "/Users/shivamsaraf/Desktop/work/temporal/common/log/with_logger.go:61"}
2025-03-19T11:38:52.909-0400	debug	Assigning new task key	{"host": "127.0.0.1:63280", "shard-id": 4, "address": "127.0.0.1:63280", "wf-namespace-id": "d0b550e3-6091-4a9b-a9aa-3d80ffb24954", "wf-id": "temporal-sys-worker-deployment-version:rrentVersion_Batching-564e9892_deployment_series.rrentVersion_Batching-564e9892_build_id", "wf-run-id": "0195af0e-98a0-7d94-93e5-2a1d2e5942f8", "queue-task-type": "TransferActivityTask", "queue-task-id": 1050605, "timestamp": "2025-03-19T15:38:52.909Z", "cursor-timestamp": "2025-03-19T15:38:53.895Z", "logging-call-at": "/Users/shivamsaraf/Desktop/work/temporal/common/log/with_logger.go:61"}
2025-03-19T11:38:52.913-0400	debug	Process task as active.	{"host": "127.0.0.1:63280", "shard-id": 4, "address": "127.0.0.1:63280", "component": "transfer-queue-processor", "wf-namespace-id": "d0b550e3-6091-4a9b-a9aa-3d80ffb24954", "value": "d0b550e3-6091-4a9b-a9aa-3d80ffb24954/temporal-sys-worker-deployment-version:rrentVersion_Batching-564e9892_deployment_series.rrentVersion_Batching-564e9892_build_id/0195af0e-98a0-7d94-93e5-2a1d2e5942f8", "logging-call-at": "/Users/shivamsaraf/Desktop/work/temporal/common/log/with_logger.go:61"}
2025-03-19T11:38:52.914-0400	debug	Assigning new task key	{"host": "127.0.0.1:63280", "shard-id": 4, "address": "127.0.0.1:63280", "wf-namespace-id": "d0b550e3-6091-4a9b-a9aa-3d80ffb24954", "wf-id": "temporal-sys-worker-deployment-version:rrentVersion_Batching-564e9892_deployment_series.rrentVersion_Batching-564e9892_build_id", "wf-run-id": "0195af0e-98a0-7d94-93e5-2a1d2e5942f8", "queue-task-type": "ActivityTimeout", "queue-task-id": 1050606, "timestamp": "2025-03-19T15:39:52.915Z", "cursor-timestamp": "2025-03-19T15:38:53.913Z", "logging-call-at": "/Users/shivamsaraf/Desktop/work/temporal/common/log/with_logger.go:61"}
2025-03-19T11:38:52.918-0400	info	waiting for userdata propagation	{"host": "127.0.0.1:63281", "Namespace": "namespace-ec265ab4-426c-4316-a4b3-47fc66311932", "TaskQueue": "temporal-sys-per-ns-tq", "WorkerID": "temporal-system@Shivams-MacBook-Pro.local@namespace-ec265ab4-426c-4316-a4b3-47fc66311932", "ActivityID": "786", "ActivityType": "CheckWorkerDeploymentUserDataPropagation", "Attempt": 1, "WorkflowType": "temporal-sys-worker-deployment-version-workflow", "WorkflowID": "temporal-sys-worker-deployment-version:rrentVersion_Batching-564e9892_deployment_series.rrentVersion_Batching-564e9892_build_id", "RunID": "0195af0e-98a0-7d94-93e5-2a1d2e5942f8", "taskQueue": "rrentVersion_Batching-564e9892_task_queue_25", "version": 1, "logging-call-at": "/Users/shivamsaraf/Desktop/work/temporal/common/log/with_logger.go:66"}
2025-03-19T11:38:52.918-0400	debug	Frontend method invoked.	{"host": "127.0.0.1:63278", "wf-namespace": "namespace-ec265ab4-426c-4316-a4b3-47fc66311932", "operation": "PollActivityTaskQueue", "server-name": "", "cert-thumbprint": "", "logging-call-at": "/Users/shivamsaraf/Desktop/work/temporal/common/log/with_logger.go:61"}
2025-03-19T11:38:52.918-0400	debug	Received PollActivityTaskQueue	{"host": "127.0.0.1:63278", "service": "frontend", "logging-call-at": "/Users/shivamsaraf/Desktop/work/temporal/common/log/with_logger.go:61"}
2025-03-19T11:38:52.919-0400	info	returning user data	{"host": "127.0.0.1:63279", "component": "matching-engine", "wf-task-queue-name": "/_sys/rrentVersion_Batching-564e9892_task_queue_25/2", "wf-task-queue-type": "Workflow", "wf-namespace": "namespace-ec265ab4-426c-4316-a4b3-47fc66311932", "long-poll": true, "request-known-version": 0, "user-data-version": 1, "logging-call-at": "/Users/shivamsaraf/Desktop/work/temporal/common/log/with_logger.go:66"}
2025-03-19T11:38:52.919-0400	info	returning user data	{"host": "127.0.0.1:63279", "component": "matching-engine", "wf-task-queue-name": "/_sys/rrentVersion_Batching-564e9892_task_queue_25/3", "wf-task-queue-type": "Workflow", "wf-namespace": "namespace-ec265ab4-426c-4316-a4b3-47fc66311932", "long-poll": true, "request-known-version": 0, "user-data-version": 1, "logging-call-at": "/Users/shivamsaraf/Desktop/work/temporal/common/log/with_logger.go:66"}
2025-03-19T11:38:52.919-0400	info	returning user data	{"host": "127.0.0.1:63279", "component": "matching-engine", "wf-task-queue-name": "/_sys/rrentVersion_Batching-564e9892_task_queue_25/1", "wf-task-queue-type": "Workflow", "wf-namespace": "namespace-ec265ab4-426c-4316-a4b3-47fc66311932", "long-poll": true, "request-known-version": 0, "user-data-version": 1, "logging-call-at": "/Users/shivamsaraf/Desktop/work/temporal/common/log/with_logger.go:66"}
2025-03-19T11:38:52.919-0400	info	matching client encountered error	{"host": "127.0.0.1:63279", "error": "partition was not loaded", "service-error-type": "serviceerror.FailedPrecondition", "logging-call-at": "/Users/shivamsaraf/Desktop/work/temporal/common/log/with_logger.go:66"}
2025-03-19T11:38:52.919-0400	info	matching client encountered error	{"host": "127.0.0.1:63279", "error": "partition was not loaded", "service-error-type": "serviceerror.FailedPrecondition", "logging-call-at": "/Users/shivamsaraf/Desktop/work/temporal/common/log/with_logger.go:66"}
2025-03-19T11:38:52.919-0400	info	matching client encountered error	{"host": "127.0.0.1:63279", "error": "partition was not loaded", "service-error-type": "serviceerror.FailedPrecondition", "logging-call-at": "/Users/shivamsaraf/Desktop/work/temporal/common/log/with_logger.go:66"}
2025-03-19T11:38:52.919-0400	info	matching client encountered error	{"host": "127.0.0.1:63279", "error": "partition was not loaded", "service-error-type": "serviceerror.FailedPrecondition", "logging-call-at": "/Users/shivamsaraf/Desktop/work/temporal/common/log/with_logger.go:66"}
2025-03-19T11:38:52.920-0400	debug	Frontend method invoked.	{"host": "127.0.0.1:63278", "wf-namespace": "namespace-ec265ab4-426c-4316-a4b3-47fc66311932", "operation": "RespondActivityTaskCompleted", "server-name": "", "cert-thumbprint": "", "logging-call-at": "/Users/shivamsaraf/Desktop/work/temporal/common/log/with_logger.go:61"}
2025-03-19T11:38:52.920-0400	debug	Workflow task updated	{"host": "127.0.0.1:63280", "shard-id": 4, "address": "127.0.0.1:63280", "wf-scheduled-event-id": 789, "wf-started-event-id": 0, "workflow-task-request-id": "emptyUuid", "workflow-task-timeout": 10, "attempt": 1, "wf-started-timestamp": "0001-01-01T00:00:00.000Z", "wt-type": "Normal", "logging-call-at": "/Users/shivamsaraf/Desktop/work/temporal/common/log/with_logger.go:61"}
2025-03-19T11:38:52.920-0400	debug	Assigning new task key	{"host": "127.0.0.1:63280", "shard-id": 4, "address": "127.0.0.1:63280", "wf-namespace-id": "d0b550e3-6091-4a9b-a9aa-3d80ffb24954", "wf-id": "temporal-sys-worker-deployment-version:rrentVersion_Batching-564e9892_deployment_series.rrentVersion_Batching-564e9892_build_id", "wf-run-id": "0195af0e-98a0-7d94-93e5-2a1d2e5942f8", "queue-task-type": "WorkflowTaskTimeout", "queue-task-id": 1050612, "timestamp": "2025-03-19T15:38:57.921Z", "cursor-timestamp": "2025-03-19T15:38:53.913Z", "logging-call-at": "/Users/shivamsaraf/Desktop/work/temporal/common/log/with_logger.go:61"}
2025-03-19T11:38:52.920-0400	debug	Assigning new task key	{"host": "127.0.0.1:63280", "shard-id": 4, "address": "127.0.0.1:63280", "wf-namespace-id": "d0b550e3-6091-4a9b-a9aa-3d80ffb24954", "wf-id": "temporal-sys-worker-deployment-version:rrentVersion_Batching-564e9892_deployment_series.rrentVersion_Batching-564e9892_build_id", "wf-run-id": "0195af0e-98a0-7d94-93e5-2a1d2e5942f8", "queue-task-type": "TransferWorkflowTask", "queue-task-id": 1050613, "timestamp": "2025-03-19T15:38:52.920Z", "cursor-timestamp": "2025-03-19T15:38:53.913Z", "logging-call-at": "/Users/shivamsaraf/Desktop/work/temporal/common/log/with_logger.go:61"}
2025-03-19T11:38:52.925-0400	debug	Process task as active.	{"host": "127.0.0.1:63280", "shard-id": 4, "address": "127.0.0.1:63280", "component": "transfer-queue-processor", "wf-namespace-id": "d0b550e3-6091-4a9b-a9aa-3d80ffb24954", "value": "d0b550e3-6091-4a9b-a9aa-3d80ffb24954/temporal-sys-worker-deployment-version:rrentVersion_Batching-564e9892_deployment_series.rrentVersion_Batching-564e9892_build_id/0195af0e-98a0-7d94-93e5-2a1d2e5942f8", "logging-call-at": "/Users/shivamsaraf/Desktop/work/temporal/common/log/with_logger.go:61"}
2025-03-19T11:38:52.925-0400	debug	Workflow task updated	{"host": "127.0.0.1:63280", "shard-id": 4, "address": "127.0.0.1:63280", "wf-scheduled-event-id": 789, "wf-started-event-id": 790, "workflow-task-request-id": "e000dce1-3d98-44bd-9d7a-e26795c9fefa", "workflow-task-timeout": 10, "attempt": 1, "wf-started-timestamp": "2025-03-19T15:38:52.925Z", "wt-type": "Normal", "logging-call-at": "/Users/shivamsaraf/Desktop/work/temporal/common/log/with_logger.go:61"}
2025-03-19T11:38:52.925-0400	debug	Assigning new task key	{"host": "127.0.0.1:63280", "shard-id": 4, "address": "127.0.0.1:63280", "wf-namespace-id": "d0b550e3-6091-4a9b-a9aa-3d80ffb24954", "wf-id": "temporal-sys-worker-deployment-version:rrentVersion_Batching-564e9892_deployment_series.rrentVersion_Batching-564e9892_build_id", "wf-run-id": "0195af0e-98a0-7d94-93e5-2a1d2e5942f8", "queue-task-type": "WorkflowTaskTimeout", "queue-task-id": 1050616, "timestamp": "2025-03-19T15:39:02.926Z", "cursor-timestamp": "2025-03-19T15:38:53.924Z", "logging-call-at": "/Users/shivamsaraf/Desktop/work/temporal/common/log/with_logger.go:61"}
2025-03-19T11:38:52.933-0400	debug	Frontend method invoked.	{"host": "127.0.0.1:63278", "wf-namespace": "namespace-ec265ab4-426c-4316-a4b3-47fc66311932", "operation": "PollWorkflowTaskQueue", "server-name": "", "cert-thumbprint": "", "logging-call-at": "/Users/shivamsaraf/Desktop/work/temporal/common/log/with_logger.go:61"}
2025-03-19T11:38:52.934-0400	debug	Received PollWorkflowTaskQueue	{"host": "127.0.0.1:63278", "service": "frontend", "logging-call-at": "/Users/shivamsaraf/Desktop/work/temporal/common/log/with_logger.go:61"}
2025-03-19T11:38:52.934-0400	debug	Poll workflow task queue.	{"host": "127.0.0.1:63278", "service": "frontend", "wf-namespace": "namespace-ec265ab4-426c-4316-a4b3-47fc66311932", "wf-namespace-id": "d0b550e3-6091-4a9b-a9aa-3d80ffb24954", "logging-call-at": "/Users/shivamsaraf/Desktop/work/temporal/common/log/with_logger.go:61"}
2025-03-19T11:38:52.934-0400	debug	Frontend method invoked.	{"host": "127.0.0.1:63278", "wf-namespace": "namespace-ec265ab4-426c-4316-a4b3-47fc66311932", "operation": "RespondWorkflowTaskCompleted", "server-name": "", "cert-thumbprint": "", "logging-call-at": "/Users/shivamsaraf/Desktop/work/temporal/common/log/with_logger.go:61"}
2025-03-19T11:38:52.934-0400	debug	RespondWorkflowTaskCompleted	{"host": "127.0.0.1:63280", "service": "history", "wf-namespace-id": "d0b550e3-6091-4a9b-a9aa-3d80ffb24954", "wf-id": "temporal-sys-worker-deployment-version:rrentVersion_Batching-564e9892_deployment_series.rrentVersion_Batching-564e9892_build_id", "wf-run-id": "0195af0e-98a0-7d94-93e5-2a1d2e5942f8", "wf-scheduled-event-id": 789, "logging-call-at": "/Users/shivamsaraf/Desktop/work/temporal/common/log/with_logger.go:61"}
2025-03-19T11:38:52.934-0400	debug	Workflow task updated	{"host": "127.0.0.1:63280", "shard-id": 4, "address": "127.0.0.1:63280", "wf-scheduled-event-id": 0, "wf-started-event-id": 0, "workflow-task-request-id": "emptyUuid", "workflow-task-timeout": 0, "attempt": 1, "wf-started-timestamp": "1970-01-01T00:00:00.000Z", "wt-type": "Unspecified", "logging-call-at": "/Users/shivamsaraf/Desktop/work/temporal/common/log/with_logger.go:61"}
2025-03-19T11:38:52.934-0400	debug	update state change	{"host": "127.0.0.1:63280", "shard-id": 4, "address": "127.0.0.1:63280", "wf-namespace-id": "d0b550e3-6091-4a9b-a9aa-3d80ffb24954", "wf-id": "temporal-sys-worker-deployment-version:rrentVersion_Batching-564e9892_deployment_series.rrentVersion_Batching-564e9892_build_id", "wf-run-id": "0195af0e-98a0-7d94-93e5-2a1d2e5942f8", "update-id": "f8d071fd-1a57-4ed4-ab13-c1d34d99c2fd", "from-state": "Accepted", "to-state": "ProvisionallyCompleted", "logging-call-at": "/Users/shivamsaraf/Desktop/work/temporal/common/log/with_logger.go:61"}
2025-03-19T11:38:52.937-0400	debug	update state change	{"host": "127.0.0.1:63280", "shard-id": 4, "address": "127.0.0.1:63280", "wf-namespace-id": "d0b550e3-6091-4a9b-a9aa-3d80ffb24954", "wf-id": "temporal-sys-worker-deployment-version:rrentVersion_Batching-564e9892_deployment_series.rrentVersion_Batching-564e9892_build_id", "wf-run-id": "0195af0e-98a0-7d94-93e5-2a1d2e5942f8", "update-id": "f8d071fd-1a57-4ed4-ab13-c1d34d99c2fd", "from-state": "ProvisionallyCompleted", "to-state": "Completed", "logging-call-at": "/Users/shivamsaraf/Desktop/work/temporal/common/log/with_logger.go:61"}
2025-03-19T11:38:52.938-0400	debug	Frontend method invoked.	{"host": "127.0.0.1:63278", "wf-namespace": "namespace-ec265ab4-426c-4316-a4b3-47fc66311932", "operation": "RespondActivityTaskCompleted", "server-name": "", "cert-thumbprint": "", "logging-call-at": "/Users/shivamsaraf/Desktop/work/temporal/common/log/with_logger.go:61"}
2025-03-19T11:38:52.939-0400	debug	Workflow task updated	{"host": "127.0.0.1:63280", "shard-id": 1, "address": "127.0.0.1:63280", "wf-scheduled-event-id": 375, "wf-started-event-id": 0, "workflow-task-request-id": "emptyUuid", "workflow-task-timeout": 10, "attempt": 1, "wf-started-timestamp": "0001-01-01T00:00:00.000Z", "wt-type": "Normal", "logging-call-at": "/Users/shivamsaraf/Desktop/work/temporal/common/log/with_logger.go:61"}
2025-03-19T11:38:52.939-0400	debug	Assigning new task key	{"host": "127.0.0.1:63280", "shard-id": 1, "address": "127.0.0.1:63280", "wf-namespace-id": "d0b550e3-6091-4a9b-a9aa-3d80ffb24954", "wf-id": "temporal-sys-worker-deployment:rrentVersion_Batching-564e9892_deployment_series", "wf-run-id": "0195af0e-960d-715f-b6c6-08dcdf4b78ec", "queue-task-type": "WorkflowTaskTimeout", "queue-task-id": 1049474, "timestamp": "2025-03-19T15:38:57.940Z", "cursor-timestamp": "2025-03-19T15:38:53.815Z", "logging-call-at": "/Users/shivamsaraf/Desktop/work/temporal/common/log/with_logger.go:61"}
2025-03-19T11:38:52.939-0400	debug	Assigning new task key	{"host": "127.0.0.1:63280", "shard-id": 1, "address": "127.0.0.1:63280", "wf-namespace-id": "d0b550e3-6091-4a9b-a9aa-3d80ffb24954", "wf-id": "temporal-sys-worker-deployment:rrentVersion_Batching-564e9892_deployment_series", "wf-run-id": "0195af0e-960d-715f-b6c6-08dcdf4b78ec", "queue-task-type": "TransferWorkflowTask", "queue-task-id": 1049475, "timestamp": "2025-03-19T15:38:52.939Z", "cursor-timestamp": "2025-03-19T15:38:53.815Z", "logging-call-at": "/Users/shivamsaraf/Desktop/work/temporal/common/log/with_logger.go:61"}
2025-03-19T11:38:52.945-0400	debug	Process task as active.	{"host": "127.0.0.1:63280", "shard-id": 1, "address": "127.0.0.1:63280", "component": "transfer-queue-processor", "wf-namespace-id": "d0b550e3-6091-4a9b-a9aa-3d80ffb24954", "value": "d0b550e3-6091-4a9b-a9aa-3d80ffb24954/temporal-sys-worker-deployment:rrentVersion_Batching-564e9892_deployment_series/0195af0e-960d-715f-b6c6-08dcdf4b78ec", "logging-call-at": "/Users/shivamsaraf/Desktop/work/temporal/common/log/with_logger.go:61"}
2025-03-19T11:38:52.946-0400	debug	Workflow task updated	{"host": "127.0.0.1:63280", "shard-id": 1, "address": "127.0.0.1:63280", "wf-scheduled-event-id": 375, "wf-started-event-id": 376, "workflow-task-request-id": "257acab2-3022-4c38-ae93-09e0a96f2bb7", "workflow-task-timeout": 10, "attempt": 1, "wf-started-timestamp": "2025-03-19T15:38:52.946Z", "wt-type": "Normal", "logging-call-at": "/Users/shivamsaraf/Desktop/work/temporal/common/log/with_logger.go:61"}
2025-03-19T11:38:52.946-0400	debug	Assigning new task key	{"host": "127.0.0.1:63280", "shard-id": 1, "address": "127.0.0.1:63280", "wf-namespace-id": "d0b550e3-6091-4a9b-a9aa-3d80ffb24954", "wf-id": "temporal-sys-worker-deployment:rrentVersion_Batching-564e9892_deployment_series", "wf-run-id": "0195af0e-960d-715f-b6c6-08dcdf4b78ec", "queue-task-type": "WorkflowTaskTimeout", "queue-task-id": 1049478, "timestamp": "2025-03-19T15:39:02.947Z", "cursor-timestamp": "2025-03-19T15:38:53.945Z", "logging-call-at": "/Users/shivamsaraf/Desktop/work/temporal/common/log/with_logger.go:61"}
2025-03-19T11:38:52.953-0400	debug	ExecuteActivity	{"host": "127.0.0.1:63281", "Namespace": "namespace-ec265ab4-426c-4316-a4b3-47fc66311932", "TaskQueue": "temporal-sys-per-ns-tq", "WorkerID": "temporal-system@Shivams-MacBook-Pro.local@namespace-ec265ab4-426c-4316-a4b3-47fc66311932", "WorkflowType": "temporal-sys-worker-deployment-workflow", "WorkflowID": "temporal-sys-worker-deployment:rrentVersion_Batching-564e9892_deployment_series", "RunID": "0195af0e-960d-715f-b6c6-08dcdf4b78ec", "Attempt": 0, "ActivityID": "379", "ActivityType": "RegisterWorkerInVersion", "logging-call-at": "/Users/shivamsaraf/Desktop/work/temporal/common/log/with_logger.go:61"}
2025-03-19T11:38:52.953-0400	debug	Frontend method invoked.	{"host": "127.0.0.1:63278", "wf-namespace": "namespace-ec265ab4-426c-4316-a4b3-47fc66311932", "operation": "PollWorkflowTaskQueue", "server-name": "", "cert-thumbprint": "", "logging-call-at": "/Users/shivamsaraf/Desktop/work/temporal/common/log/with_logger.go:61"}
2025-03-19T11:38:52.953-0400	debug	Received PollWorkflowTaskQueue	{"host": "127.0.0.1:63278", "service": "frontend", "logging-call-at": "/Users/shivamsaraf/Desktop/work/temporal/common/log/with_logger.go:61"}
2025-03-19T11:38:52.953-0400	debug	Poll workflow task queue.	{"host": "127.0.0.1:63278", "service": "frontend", "wf-namespace": "namespace-ec265ab4-426c-4316-a4b3-47fc66311932", "wf-namespace-id": "d0b550e3-6091-4a9b-a9aa-3d80ffb24954", "logging-call-at": "/Users/shivamsaraf/Desktop/work/temporal/common/log/with_logger.go:61"}
2025-03-19T11:38:52.954-0400	debug	Frontend method invoked.	{"host": "127.0.0.1:63278", "wf-namespace": "namespace-ec265ab4-426c-4316-a4b3-47fc66311932", "operation": "RespondWorkflowTaskCompleted", "server-name": "", "cert-thumbprint": "", "logging-call-at": "/Users/shivamsaraf/Desktop/work/temporal/common/log/with_logger.go:61"}
2025-03-19T11:38:52.954-0400	debug	RespondWorkflowTaskCompleted	{"host": "127.0.0.1:63280", "service": "history", "wf-namespace-id": "d0b550e3-6091-4a9b-a9aa-3d80ffb24954", "wf-id": "temporal-sys-worker-deployment:rrentVersion_Batching-564e9892_deployment_series", "wf-run-id": "0195af0e-960d-715f-b6c6-08dcdf4b78ec", "wf-scheduled-event-id": 375, "logging-call-at": "/Users/shivamsaraf/Desktop/work/temporal/common/log/with_logger.go:61"}
2025-03-19T11:38:52.954-0400	debug	Workflow task updated	{"host": "127.0.0.1:63280", "shard-id": 1, "address": "127.0.0.1:63280", "wf-scheduled-event-id": 0, "wf-started-event-id": 0, "workflow-task-request-id": "emptyUuid", "workflow-task-timeout": 0, "attempt": 1, "wf-started-timestamp": "1970-01-01T00:00:00.000Z", "wt-type": "Unspecified", "logging-call-at": "/Users/shivamsaraf/Desktop/work/temporal/common/log/with_logger.go:61"}
2025-03-19T11:38:52.954-0400	debug	update state change	{"host": "127.0.0.1:63280", "shard-id": 1, "address": "127.0.0.1:63280", "wf-namespace-id": "d0b550e3-6091-4a9b-a9aa-3d80ffb24954", "wf-id": "temporal-sys-worker-deployment:rrentVersion_Batching-564e9892_deployment_series", "wf-run-id": "0195af0e-960d-715f-b6c6-08dcdf4b78ec", "update-id": "280f93c4-1c97-43a0-a1f4-c8323b08c607", "from-state": "Accepted", "to-state": "ProvisionallyCompleted", "logging-call-at": "/Users/shivamsaraf/Desktop/work/temporal/common/log/with_logger.go:61"}
2025-03-19T11:38:52.955-0400	debug	Assigning new task key	{"host": "127.0.0.1:63280", "shard-id": 1, "address": "127.0.0.1:63280", "wf-namespace-id": "d0b550e3-6091-4a9b-a9aa-3d80ffb24954", "wf-id": "temporal-sys-worker-deployment:rrentVersion_Batching-564e9892_deployment_series", "wf-run-id": "0195af0e-960d-715f-b6c6-08dcdf4b78ec", "queue-task-type": "TransferActivityTask", "queue-task-id": 1049484, "timestamp": "2025-03-19T15:38:52.955Z", "cursor-timestamp": "2025-03-19T15:38:53.945Z", "logging-call-at": "/Users/shivamsaraf/Desktop/work/temporal/common/log/with_logger.go:61"}
2025-03-19T11:38:52.955-0400	debug	Process task as active.	{"host": "127.0.0.1:63280", "shard-id": 4, "address": "127.0.0.1:63280", "component": "timer-queue-processor", "wf-namespace-id": "d0b550e3-6091-4a9b-a9aa-3d80ffb24954", "value": "d0b550e3-6091-4a9b-a9aa-3d80ffb24954/temporal-sys-worker-deployment-version:rrentVersion_Batching-564e9892_deployment_series.rrentVersion_Batching-564e9892_build_id/0195af0e-98a0-7d94-93e5-2a1d2e5942f8", "logging-call-at": "/Users/shivamsaraf/Desktop/work/temporal/common/log/with_logger.go:61"}
2025-03-19T11:38:52.958-0400	debug	update state change	{"host": "127.0.0.1:63280", "shard-id": 1, "address": "127.0.0.1:63280", "wf-namespace-id": "d0b550e3-6091-4a9b-a9aa-3d80ffb24954", "wf-id": "temporal-sys-worker-deployment:rrentVersion_Batching-564e9892_deployment_series", "wf-run-id": "0195af0e-960d-715f-b6c6-08dcdf4b78ec", "update-id": "280f93c4-1c97-43a0-a1f4-c8323b08c607", "from-state": "ProvisionallyCompleted", "to-state": "Completed", "logging-call-at": "/Users/shivamsaraf/Desktop/work/temporal/common/log/with_logger.go:61"}
2025-03-19T11:38:52.958-0400	debug	deployment client success	{"host": "127.0.0.1:63279", "operation": "RegisterTaskQueueWorker", "elapsed": 9.391331042, "args": ["rrentVersion_Batching-564e9892_task_queue_25",1,"matching service"], "logging-call-at": "/Users/shivamsaraf/Desktop/work/temporal/common/log/with_logger.go:61"}
2025-03-19T11:38:52.958-0400	debug	Process task as active.	{"host": "127.0.0.1:63280", "shard-id": 1, "address": "127.0.0.1:63280", "component": "transfer-queue-processor", "wf-namespace-id": "d0b550e3-6091-4a9b-a9aa-3d80ffb24954", "value": "d0b550e3-6091-4a9b-a9aa-3d80ffb24954/temporal-sys-worker-deployment:rrentVersion_Batching-564e9892_deployment_series/0195af0e-960d-715f-b6c6-08dcdf4b78ec", "logging-call-at": "/Users/shivamsaraf/Desktop/work/temporal/common/log/with_logger.go:61"}
2025-03-19T11:38:52.959-0400	debug	Assigning new task key	{"host": "127.0.0.1:63280", "shard-id": 1, "address": "127.0.0.1:63280", "wf-namespace-id": "d0b550e3-6091-4a9b-a9aa-3d80ffb24954", "wf-id": "temporal-sys-worker-deployment:rrentVersion_Batching-564e9892_deployment_series", "wf-run-id": "0195af0e-960d-715f-b6c6-08dcdf4b78ec", "queue-task-type": "ActivityTimeout", "queue-task-id": 1049486, "timestamp": "2025-03-19T15:39:52.960Z", "cursor-timestamp": "2025-03-19T15:38:53.958Z", "logging-call-at": "/Users/shivamsaraf/Desktop/work/temporal/common/log/with_logger.go:61"}
2025-03-19T11:38:52.963-0400	debug	Frontend method invoked.	{"host": "127.0.0.1:63278", "wf-namespace": "namespace-ec265ab4-426c-4316-a4b3-47fc66311932", "operation": "PollActivityTaskQueue", "server-name": "", "cert-thumbprint": "", "logging-call-at": "/Users/shivamsaraf/Desktop/work/temporal/common/log/with_logger.go:61"}
2025-03-19T11:38:52.963-0400	debug	Received PollActivityTaskQueue	{"host": "127.0.0.1:63278", "service": "frontend", "logging-call-at": "/Users/shivamsaraf/Desktop/work/temporal/common/log/with_logger.go:61"}
2025-03-19T11:38:52.964-0400	debug	update state change	{"host": "127.0.0.1:63280", "shard-id": 4, "address": "127.0.0.1:63280", "wf-namespace-id": "d0b550e3-6091-4a9b-a9aa-3d80ffb24954", "wf-id": "temporal-sys-worker-deployment-version:rrentVersion_Batching-564e9892_deployment_series.rrentVersion_Batching-564e9892_build_id", "wf-run-id": "0195af0e-98a0-7d94-93e5-2a1d2e5942f8", "update-id": "3c9a68b3-9f9a-40c2-8a94-423bad9ebb67", "from-state": "Created", "to-state": "ProvisionallyAdmitted", "logging-call-at": "/Users/shivamsaraf/Desktop/work/temporal/common/log/with_logger.go:61"}
2025-03-19T11:38:52.964-0400	debug	update state change	{"host": "127.0.0.1:63280", "shard-id": 4, "address": "127.0.0.1:63280", "wf-namespace-id": "d0b550e3-6091-4a9b-a9aa-3d80ffb24954", "wf-id": "temporal-sys-worker-deployment-version:rrentVersion_Batching-564e9892_deployment_series.rrentVersion_Batching-564e9892_build_id", "wf-run-id": "0195af0e-98a0-7d94-93e5-2a1d2e5942f8", "update-id": "3c9a68b3-9f9a-40c2-8a94-423bad9ebb67", "from-state": "ProvisionallyAdmitted", "to-state": "Admitted", "logging-call-at": "/Users/shivamsaraf/Desktop/work/temporal/common/log/with_logger.go:61"}
2025-03-19T11:38:52.964-0400	debug	Workflow task updated	{"host": "127.0.0.1:63280", "shard-id": 4, "address": "127.0.0.1:63280", "wf-scheduled-event-id": 793, "wf-started-event-id": 0, "workflow-task-request-id": "emptyUuid", "workflow-task-timeout": 10, "attempt": 1, "wf-started-timestamp": "0001-01-01T00:00:00.000Z", "wt-type": "Speculative", "logging-call-at": "/Users/shivamsaraf/Desktop/work/temporal/common/log/with_logger.go:61"}
2025-03-19T11:38:52.965-0400	debug	Workflow task updated	{"host": "127.0.0.1:63280", "shard-id": 4, "address": "127.0.0.1:63280", "wf-scheduled-event-id": 793, "wf-started-event-id": 794, "workflow-task-request-id": "2c93d41a-a39f-4040-bf76-a609a1405199", "workflow-task-timeout": 10, "attempt": 1, "wf-started-timestamp": "2025-03-19T15:38:52.965Z", "wt-type": "Speculative", "logging-call-at": "/Users/shivamsaraf/Desktop/work/temporal/common/log/with_logger.go:61"}
2025-03-19T11:38:52.965-0400	debug	update state change	{"host": "127.0.0.1:63280", "shard-id": 4, "address": "127.0.0.1:63280", "wf-namespace-id": "d0b550e3-6091-4a9b-a9aa-3d80ffb24954", "wf-id": "temporal-sys-worker-deployment-version:rrentVersion_Batching-564e9892_deployment_series.rrentVersion_Batching-564e9892_build_id", "wf-run-id": "0195af0e-98a0-7d94-93e5-2a1d2e5942f8", "update-id": "3c9a68b3-9f9a-40c2-8a94-423bad9ebb67", "from-state": "Admitted", "to-state": "Sent", "logging-call-at": "/Users/shivamsaraf/Desktop/work/temporal/common/log/with_logger.go:61"}
2025-03-19T11:38:52.970-0400	debug	ExecuteActivity	{"host": "127.0.0.1:63281", "Namespace": "namespace-ec265ab4-426c-4316-a4b3-47fc66311932", "TaskQueue": "temporal-sys-per-ns-tq", "WorkerID": "temporal-system@Shivams-MacBook-Pro.local@namespace-ec265ab4-426c-4316-a4b3-47fc66311932", "WorkflowType": "temporal-sys-worker-deployment-version-workflow", "WorkflowID": "temporal-sys-worker-deployment-version:rrentVersion_Batching-564e9892_deployment_series.rrentVersion_Batching-564e9892_build_id", "RunID": "0195af0e-98a0-7d94-93e5-2a1d2e5942f8", "Attempt": 0, "ActivityID": "797", "ActivityType": "SyncDeploymentVersionUserData", "logging-call-at": "/Users/shivamsaraf/Desktop/work/temporal/common/log/with_logger.go:61"}
2025-03-19T11:38:52.970-0400	debug	Frontend method invoked.	{"host": "127.0.0.1:63278", "wf-namespace": "namespace-ec265ab4-426c-4316-a4b3-47fc66311932", "operation": "PollWorkflowTaskQueue", "server-name": "", "cert-thumbprint": "", "logging-call-at": "/Users/shivamsaraf/Desktop/work/temporal/common/log/with_logger.go:61"}
2025-03-19T11:38:52.970-0400	debug	Received PollWorkflowTaskQueue	{"host": "127.0.0.1:63278", "service": "frontend", "logging-call-at": "/Users/shivamsaraf/Desktop/work/temporal/common/log/with_logger.go:61"}
2025-03-19T11:38:52.970-0400	debug	Poll workflow task queue.	{"host": "127.0.0.1:63278", "service": "frontend", "wf-namespace": "namespace-ec265ab4-426c-4316-a4b3-47fc66311932", "wf-namespace-id": "d0b550e3-6091-4a9b-a9aa-3d80ffb24954", "logging-call-at": "/Users/shivamsaraf/Desktop/work/temporal/common/log/with_logger.go:61"}
2025-03-19T11:38:52.970-0400	debug	Frontend method invoked.	{"host": "127.0.0.1:63278", "wf-namespace": "namespace-ec265ab4-426c-4316-a4b3-47fc66311932", "operation": "RespondWorkflowTaskCompleted", "server-name": "", "cert-thumbprint": "", "logging-call-at": "/Users/shivamsaraf/Desktop/work/temporal/common/log/with_logger.go:61"}
2025-03-19T11:38:52.971-0400	debug	RespondWorkflowTaskCompleted	{"host": "127.0.0.1:63280", "service": "history", "wf-namespace-id": "d0b550e3-6091-4a9b-a9aa-3d80ffb24954", "wf-id": "temporal-sys-worker-deployment-version:rrentVersion_Batching-564e9892_deployment_series.rrentVersion_Batching-564e9892_build_id", "wf-run-id": "0195af0e-98a0-7d94-93e5-2a1d2e5942f8", "wf-scheduled-event-id": 793, "logging-call-at": "/Users/shivamsaraf/Desktop/work/temporal/common/log/with_logger.go:61"}
2025-03-19T11:38:52.971-0400	debug	Workflow task updated	{"host": "127.0.0.1:63280", "shard-id": 4, "address": "127.0.0.1:63280", "wf-scheduled-event-id": 0, "wf-started-event-id": 0, "workflow-task-request-id": "emptyUuid", "workflow-task-timeout": 0, "attempt": 1, "wf-started-timestamp": "1970-01-01T00:00:00.000Z", "wt-type": "Unspecified", "logging-call-at": "/Users/shivamsaraf/Desktop/work/temporal/common/log/with_logger.go:61"}
2025-03-19T11:38:52.971-0400	debug	update state change	{"host": "127.0.0.1:63280", "shard-id": 4, "address": "127.0.0.1:63280", "wf-namespace-id": "d0b550e3-6091-4a9b-a9aa-3d80ffb24954", "wf-id": "temporal-sys-worker-deployment-version:rrentVersion_Batching-564e9892_deployment_series.rrentVersion_Batching-564e9892_build_id", "wf-run-id": "0195af0e-98a0-7d94-93e5-2a1d2e5942f8", "update-id": "3c9a68b3-9f9a-40c2-8a94-423bad9ebb67", "from-state": "Sent", "to-state": "ProvisionallyAccepted", "logging-call-at": "/Users/shivamsaraf/Desktop/work/temporal/common/log/with_logger.go:61"}
2025-03-19T11:38:52.971-0400	debug	Assigning new task key	{"host": "127.0.0.1:63280", "shard-id": 4, "address": "127.0.0.1:63280", "wf-namespace-id": "d0b550e3-6091-4a9b-a9aa-3d80ffb24954", "wf-id": "temporal-sys-worker-deployment-version:rrentVersion_Batching-564e9892_deployment_series.rrentVersion_Batching-564e9892_build_id", "wf-run-id": "0195af0e-98a0-7d94-93e5-2a1d2e5942f8", "queue-task-type": "TransferActivityTask", "queue-task-id": 1050633, "timestamp": "2025-03-19T15:38:52.971Z", "cursor-timestamp": "2025-03-19T15:38:53.924Z", "logging-call-at": "/Users/shivamsaraf/Desktop/work/temporal/common/log/with_logger.go:61"}
2025-03-19T11:38:52.975-0400	debug	update state change	{"host": "127.0.0.1:63280", "shard-id": 4, "address": "127.0.0.1:63280", "wf-namespace-id": "d0b550e3-6091-4a9b-a9aa-3d80ffb24954", "wf-id": "temporal-sys-worker-deployment-version:rrentVersion_Batching-564e9892_deployment_series.rrentVersion_Batching-564e9892_build_id", "wf-run-id": "0195af0e-98a0-7d94-93e5-2a1d2e5942f8", "update-id": "3c9a68b3-9f9a-40c2-8a94-423bad9ebb67", "from-state": "ProvisionallyAccepted", "to-state": "Accepted", "logging-call-at": "/Users/shivamsaraf/Desktop/work/temporal/common/log/with_logger.go:61"}
2025-03-19T11:38:52.976-0400	debug	Process task as active.	{"host": "127.0.0.1:63280", "shard-id": 4, "address": "127.0.0.1:63280", "component": "transfer-queue-processor", "wf-namespace-id": "d0b550e3-6091-4a9b-a9aa-3d80ffb24954", "value": "d0b550e3-6091-4a9b-a9aa-3d80ffb24954/temporal-sys-worker-deployment-version:rrentVersion_Batching-564e9892_deployment_series.rrentVersion_Batching-564e9892_build_id/0195af0e-98a0-7d94-93e5-2a1d2e5942f8", "logging-call-at": "/Users/shivamsaraf/Desktop/work/temporal/common/log/with_logger.go:61"}
2025-03-19T11:38:52.976-0400	debug	Assigning new task key	{"host": "127.0.0.1:63280", "shard-id": 4, "address": "127.0.0.1:63280", "wf-namespace-id": "d0b550e3-6091-4a9b-a9aa-3d80ffb24954", "wf-id": "temporal-sys-worker-deployment-version:rrentVersion_Batching-564e9892_deployment_series.rrentVersion_Batching-564e9892_build_id", "wf-run-id": "0195af0e-98a0-7d94-93e5-2a1d2e5942f8", "queue-task-type": "ActivityTimeout", "queue-task-id": 1050634, "timestamp": "2025-03-19T15:39:52.977Z", "cursor-timestamp": "2025-03-19T15:38:53.975Z", "logging-call-at": "/Users/shivamsaraf/Desktop/work/temporal/common/log/with_logger.go:61"}
2025-03-19T11:38:52.980-0400	info	syncing task queue userdata for deployment version	{"host": "127.0.0.1:63281", "Namespace": "namespace-ec265ab4-426c-4316-a4b3-47fc66311932", "TaskQueue": "temporal-sys-per-ns-tq", "WorkerID": "temporal-system@Shivams-MacBook-Pro.local@namespace-ec265ab4-426c-4316-a4b3-47fc66311932", "ActivityID": "797", "ActivityType": "SyncDeploymentVersionUserData", "Attempt": 1, "WorkflowType": "temporal-sys-worker-deployment-version-workflow", "WorkflowID": "temporal-sys-worker-deployment-version:rrentVersion_Batching-564e9892_deployment_series.rrentVersion_Batching-564e9892_build_id", "RunID": "0195af0e-98a0-7d94-93e5-2a1d2e5942f8", "taskQueue": "rrentVersion_Batching-564e9892_task_queue_20", "types": [1], "logging-call-at": "/Users/shivamsaraf/Desktop/work/temporal/common/log/with_logger.go:66"}
2025-03-19T11:38:52.980-0400	debug	Frontend method invoked.	{"host": "127.0.0.1:63278", "wf-namespace": "namespace-ec265ab4-426c-4316-a4b3-47fc66311932", "operation": "PollActivityTaskQueue", "server-name": "", "cert-thumbprint": "", "logging-call-at": "/Users/shivamsaraf/Desktop/work/temporal/common/log/with_logger.go:61"}
2025-03-19T11:38:52.980-0400	debug	Received PollActivityTaskQueue	{"host": "127.0.0.1:63278", "service": "frontend", "logging-call-at": "/Users/shivamsaraf/Desktop/work/temporal/common/log/with_logger.go:61"}
2025-03-19T11:38:52.986-0400	debug	Process task as active.	{"host": "127.0.0.1:63280", "shard-id": 4, "address": "127.0.0.1:63280", "component": "timer-queue-processor", "wf-namespace-id": "d0b550e3-6091-4a9b-a9aa-3d80ffb24954", "value": "d0b550e3-6091-4a9b-a9aa-3d80ffb24954/temporal-sys-worker-deployment-version:rrentVersion_Batching-564e9892_deployment_series.rrentVersion_Batching-564e9892_build_id/0195af0e-98a0-7d94-93e5-2a1d2e5942f8", "logging-call-at": "/Users/shivamsaraf/Desktop/work/temporal/common/log/with_logger.go:61"}
2025-03-19T11:38:53.004-0400	debug	Process task as active.	{"host": "127.0.0.1:63280", "shard-id": 1, "address": "127.0.0.1:63280", "component": "timer-queue-processor", "wf-namespace-id": "d0b550e3-6091-4a9b-a9aa-3d80ffb24954", "value": "d0b550e3-6091-4a9b-a9aa-3d80ffb24954/temporal-sys-worker-deployment:rrentVersion_Batching-564e9892_deployment_series/0195af0e-960d-715f-b6c6-08dcdf4b78ec", "logging-call-at": "/Users/shivamsaraf/Desktop/work/temporal/common/log/with_logger.go:61"}
2025-03-19T11:38:53.082-0400	info	modified user data	{"host": "127.0.0.1:63279", "component": "matching-engine", "wf-task-queue-name": "rrentVersion_Batching-564e9892_task_queue_20", "wf-task-queue-type": "Workflow", "wf-namespace": "namespace-ec265ab4-426c-4316-a4b3-47fc66311932", "user-data-update-source": "SyncDeploymentUserData", "user-data-version": 1, "timestamp": "2025-03-19T15:38:52.980Z", "logging-call-at": "/Users/shivamsaraf/Desktop/work/temporal/common/log/with_logger.go:66"}
2025-03-19T11:38:53.083-0400	debug	user data changed while blocked in long poll	{"host": "127.0.0.1:63279", "component": "matching-engine", "wf-task-queue-name": "rrentVersion_Batching-564e9892_task_queue_20", "wf-task-queue-type": "Workflow", "wf-namespace": "namespace-ec265ab4-426c-4316-a4b3-47fc66311932", "logging-call-at": "/Users/shivamsaraf/Desktop/work/temporal/common/log/with_logger.go:61"}
2025-03-19T11:38:53.083-0400	debug	user data changed while blocked in long poll	{"host": "127.0.0.1:63279", "component": "matching-engine", "wf-task-queue-name": "rrentVersion_Batching-564e9892_task_queue_20", "wf-task-queue-type": "Workflow", "wf-namespace": "namespace-ec265ab4-426c-4316-a4b3-47fc66311932", "logging-call-at": "/Users/shivamsaraf/Desktop/work/temporal/common/log/with_logger.go:61"}
2025-03-19T11:38:53.083-0400	debug	user data changed while blocked in long poll	{"host": "127.0.0.1:63279", "component": "matching-engine", "wf-task-queue-name": "rrentVersion_Batching-564e9892_task_queue_20", "wf-task-queue-type": "Workflow", "wf-namespace": "namespace-ec265ab4-426c-4316-a4b3-47fc66311932", "logging-call-at": "/Users/shivamsaraf/Desktop/work/temporal/common/log/with_logger.go:61"}
2025-03-19T11:38:53.083-0400	info	returning user data	{"host": "127.0.0.1:63279", "component": "matching-engine", "wf-task-queue-name": "rrentVersion_Batching-564e9892_task_queue_20", "wf-task-queue-type": "Workflow", "wf-namespace": "namespace-ec265ab4-426c-4316-a4b3-47fc66311932", "long-poll": true, "request-known-version": 0, "user-data-version": 1, "logging-call-at": "/Users/shivamsaraf/Desktop/work/temporal/common/log/with_logger.go:66"}
2025-03-19T11:38:53.083-0400	info	returning user data	{"host": "127.0.0.1:63279", "component": "matching-engine", "wf-task-queue-name": "rrentVersion_Batching-564e9892_task_queue_20", "wf-task-queue-type": "Workflow", "wf-namespace": "namespace-ec265ab4-426c-4316-a4b3-47fc66311932", "long-poll": true, "request-known-version": 0, "user-data-version": 1, "logging-call-at": "/Users/shivamsaraf/Desktop/work/temporal/common/log/with_logger.go:66"}
2025-03-19T11:38:53.083-0400	info	returning user data	{"host": "127.0.0.1:63279", "component": "matching-engine", "wf-task-queue-name": "rrentVersion_Batching-564e9892_task_queue_20", "wf-task-queue-type": "Workflow", "wf-namespace": "namespace-ec265ab4-426c-4316-a4b3-47fc66311932", "long-poll": true, "request-known-version": 0, "user-data-version": 1, "logging-call-at": "/Users/shivamsaraf/Desktop/work/temporal/common/log/with_logger.go:66"}
2025-03-19T11:38:53.083-0400	info	fetched user data from parent	{"host": "127.0.0.1:63279", "component": "matching-engine", "wf-task-queue-name": "/_sys/rrentVersion_Batching-564e9892_task_queue_20/3", "wf-task-queue-type": "Workflow", "wf-namespace": "namespace-ec265ab4-426c-4316-a4b3-47fc66311932", "user-data-version": 1, "timestamp": "2025-03-19T15:38:52.980Z", "logging-call-at": "/Users/shivamsaraf/Desktop/work/temporal/common/log/with_logger.go:66"}
2025-03-19T11:38:53.083-0400	info	fetched user data from parent	{"host": "127.0.0.1:63279", "component": "matching-engine", "wf-task-queue-name": "/_sys/rrentVersion_Batching-564e9892_task_queue_20/1", "wf-task-queue-type": "Workflow", "wf-namespace": "namespace-ec265ab4-426c-4316-a4b3-47fc66311932", "user-data-version": 1, "timestamp": "2025-03-19T15:38:52.980Z", "logging-call-at": "/Users/shivamsaraf/Desktop/work/temporal/common/log/with_logger.go:66"}
2025-03-19T11:38:53.083-0400	info	fetched user data from parent	{"host": "127.0.0.1:63279", "component": "matching-engine", "wf-task-queue-name": "/_sys/rrentVersion_Batching-564e9892_task_queue_20/2", "wf-task-queue-type": "Workflow", "wf-namespace": "namespace-ec265ab4-426c-4316-a4b3-47fc66311932", "user-data-version": 1, "timestamp": "2025-03-19T15:38:52.980Z", "logging-call-at": "/Users/shivamsaraf/Desktop/work/temporal/common/log/with_logger.go:66"}
2025-03-19T11:38:53.083-0400	debug	Frontend method invoked.	{"host": "127.0.0.1:63278", "wf-namespace": "namespace-ec265ab4-426c-4316-a4b3-47fc66311932", "operation": "RespondActivityTaskCompleted", "server-name": "", "cert-thumbprint": "", "logging-call-at": "/Users/shivamsaraf/Desktop/work/temporal/common/log/with_logger.go:61"}
2025-03-19T11:38:53.084-0400	debug	Workflow task updated	{"host": "127.0.0.1:63280", "shard-id": 4, "address": "127.0.0.1:63280", "wf-scheduled-event-id": 800, "wf-started-event-id": 0, "workflow-task-request-id": "emptyUuid", "workflow-task-timeout": 10, "attempt": 1, "wf-started-timestamp": "0001-01-01T00:00:00.000Z", "wt-type": "Normal", "logging-call-at": "/Users/shivamsaraf/Desktop/work/temporal/common/log/with_logger.go:61"}
2025-03-19T11:38:53.084-0400	debug	Assigning new task key	{"host": "127.0.0.1:63280", "shard-id": 4, "address": "127.0.0.1:63280", "wf-namespace-id": "d0b550e3-6091-4a9b-a9aa-3d80ffb24954", "wf-id": "temporal-sys-worker-deployment-version:rrentVersion_Batching-564e9892_deployment_series.rrentVersion_Batching-564e9892_build_id", "wf-run-id": "0195af0e-98a0-7d94-93e5-2a1d2e5942f8", "queue-task-type": "WorkflowTaskTimeout", "queue-task-id": 1050640, "timestamp": "2025-03-19T15:38:58.085Z", "cursor-timestamp": "2025-03-19T15:38:53.975Z", "logging-call-at": "/Users/shivamsaraf/Desktop/work/temporal/common/log/with_logger.go:61"}
2025-03-19T11:38:53.084-0400	debug	Assigning new task key	{"host": "127.0.0.1:63280", "shard-id": 4, "address": "127.0.0.1:63280", "wf-namespace-id": "d0b550e3-6091-4a9b-a9aa-3d80ffb24954", "wf-id": "temporal-sys-worker-deployment-version:rrentVersion_Batching-564e9892_deployment_series.rrentVersion_Batching-564e9892_build_id", "wf-run-id": "0195af0e-98a0-7d94-93e5-2a1d2e5942f8", "queue-task-type": "TransferWorkflowTask", "queue-task-id": 1050641, "timestamp": "2025-03-19T15:38:53.084Z", "cursor-timestamp": "2025-03-19T15:38:53.975Z", "logging-call-at": "/Users/shivamsaraf/Desktop/work/temporal/common/log/with_logger.go:61"}
2025-03-19T11:38:53.090-0400	debug	Process task as active.	{"host": "127.0.0.1:63280", "shard-id": 4, "address": "127.0.0.1:63280", "component": "transfer-queue-processor", "wf-namespace-id": "d0b550e3-6091-4a9b-a9aa-3d80ffb24954", "value": "d0b550e3-6091-4a9b-a9aa-3d80ffb24954/temporal-sys-worker-deployment-version:rrentVersion_Batching-564e9892_deployment_series.rrentVersion_Batching-564e9892_build_id/0195af0e-98a0-7d94-93e5-2a1d2e5942f8", "logging-call-at": "/Users/shivamsaraf/Desktop/work/temporal/common/log/with_logger.go:61"}
2025-03-19T11:38:53.091-0400	debug	Workflow task updated	{"host": "127.0.0.1:63280", "shard-id": 4, "address": "127.0.0.1:63280", "wf-scheduled-event-id": 800, "wf-started-event-id": 801, "workflow-task-request-id": "a046669d-8e83-4324-b353-e5d69669a564", "workflow-task-timeout": 10, "attempt": 1, "wf-started-timestamp": "2025-03-19T15:38:53.091Z", "wt-type": "Normal", "logging-call-at": "/Users/shivamsaraf/Desktop/work/temporal/common/log/with_logger.go:61"}
2025-03-19T11:38:53.091-0400	debug	Assigning new task key	{"host": "127.0.0.1:63280", "shard-id": 4, "address": "127.0.0.1:63280", "wf-namespace-id": "d0b550e3-6091-4a9b-a9aa-3d80ffb24954", "wf-id": "temporal-sys-worker-deployment-version:rrentVersion_Batching-564e9892_deployment_series.rrentVersion_Batching-564e9892_build_id", "wf-run-id": "0195af0e-98a0-7d94-93e5-2a1d2e5942f8", "queue-task-type": "WorkflowTaskTimeout", "queue-task-id": 1050644, "timestamp": "2025-03-19T15:39:03.092Z", "cursor-timestamp": "2025-03-19T15:38:54.089Z", "logging-call-at": "/Users/shivamsaraf/Desktop/work/temporal/common/log/with_logger.go:61"}
2025-03-19T11:38:53.102-0400	debug	ExecuteActivity	{"host": "127.0.0.1:63281", "Namespace": "namespace-ec265ab4-426c-4316-a4b3-47fc66311932", "TaskQueue": "temporal-sys-per-ns-tq", "WorkerID": "temporal-system@Shivams-MacBook-Pro.local@namespace-ec265ab4-426c-4316-a4b3-47fc66311932", "WorkflowType": "temporal-sys-worker-deployment-version-workflow", "WorkflowID": "temporal-sys-worker-deployment-version:rrentVersion_Batching-564e9892_deployment_series.rrentVersion_Batching-564e9892_build_id", "RunID": "0195af0e-98a0-7d94-93e5-2a1d2e5942f8", "Attempt": 0, "ActivityID": "803", "ActivityType": "CheckWorkerDeploymentUserDataPropagation", "logging-call-at": "/Users/shivamsaraf/Desktop/work/temporal/common/log/with_logger.go:61"}
2025-03-19T11:38:53.102-0400	debug	Frontend method invoked.	{"host": "127.0.0.1:63278", "wf-namespace": "namespace-ec265ab4-426c-4316-a4b3-47fc66311932", "operation": "PollWorkflowTaskQueue", "server-name": "", "cert-thumbprint": "", "logging-call-at": "/Users/shivamsaraf/Desktop/work/temporal/common/log/with_logger.go:61"}
2025-03-19T11:38:53.102-0400	debug	Received PollWorkflowTaskQueue	{"host": "127.0.0.1:63278", "service": "frontend", "logging-call-at": "/Users/shivamsaraf/Desktop/work/temporal/common/log/with_logger.go:61"}
2025-03-19T11:38:53.102-0400	debug	Poll workflow task queue.	{"host": "127.0.0.1:63278", "service": "frontend", "wf-namespace": "namespace-ec265ab4-426c-4316-a4b3-47fc66311932", "wf-namespace-id": "d0b550e3-6091-4a9b-a9aa-3d80ffb24954", "logging-call-at": "/Users/shivamsaraf/Desktop/work/temporal/common/log/with_logger.go:61"}
2025-03-19T11:38:53.102-0400	debug	Frontend method invoked.	{"host": "127.0.0.1:63278", "wf-namespace": "namespace-ec265ab4-426c-4316-a4b3-47fc66311932", "operation": "RespondWorkflowTaskCompleted", "server-name": "", "cert-thumbprint": "", "logging-call-at": "/Users/shivamsaraf/Desktop/work/temporal/common/log/with_logger.go:61"}
2025-03-19T11:38:53.103-0400	debug	RespondWorkflowTaskCompleted	{"host": "127.0.0.1:63280", "service": "history", "wf-namespace-id": "d0b550e3-6091-4a9b-a9aa-3d80ffb24954", "wf-id": "temporal-sys-worker-deployment-version:rrentVersion_Batching-564e9892_deployment_series.rrentVersion_Batching-564e9892_build_id", "wf-run-id": "0195af0e-98a0-7d94-93e5-2a1d2e5942f8", "wf-scheduled-event-id": 800, "logging-call-at": "/Users/shivamsaraf/Desktop/work/temporal/common/log/with_logger.go:61"}
2025-03-19T11:38:53.103-0400	debug	Workflow task updated	{"host": "127.0.0.1:63280", "shard-id": 4, "address": "127.0.0.1:63280", "wf-scheduled-event-id": 0, "wf-started-event-id": 0, "workflow-task-request-id": "emptyUuid", "workflow-task-timeout": 0, "attempt": 1, "wf-started-timestamp": "1970-01-01T00:00:00.000Z", "wt-type": "Unspecified", "logging-call-at": "/Users/shivamsaraf/Desktop/work/temporal/common/log/with_logger.go:61"}
2025-03-19T11:38:53.103-0400	debug	Assigning new task key	{"host": "127.0.0.1:63280", "shard-id": 4, "address": "127.0.0.1:63280", "wf-namespace-id": "d0b550e3-6091-4a9b-a9aa-3d80ffb24954", "wf-id": "temporal-sys-worker-deployment-version:rrentVersion_Batching-564e9892_deployment_series.rrentVersion_Batching-564e9892_build_id", "wf-run-id": "0195af0e-98a0-7d94-93e5-2a1d2e5942f8", "queue-task-type": "TransferActivityTask", "queue-task-id": 1050649, "timestamp": "2025-03-19T15:38:53.103Z", "cursor-timestamp": "2025-03-19T15:38:54.089Z", "logging-call-at": "/Users/shivamsaraf/Desktop/work/temporal/common/log/with_logger.go:61"}
2025-03-19T11:38:53.108-0400	debug	Process task as active.	{"host": "127.0.0.1:63280", "shard-id": 4, "address": "127.0.0.1:63280", "component": "transfer-queue-processor", "wf-namespace-id": "d0b550e3-6091-4a9b-a9aa-3d80ffb24954", "value": "d0b550e3-6091-4a9b-a9aa-3d80ffb24954/temporal-sys-worker-deployment-version:rrentVersion_Batching-564e9892_deployment_series.rrentVersion_Batching-564e9892_build_id/0195af0e-98a0-7d94-93e5-2a1d2e5942f8", "logging-call-at": "/Users/shivamsaraf/Desktop/work/temporal/common/log/with_logger.go:61"}
2025-03-19T11:38:53.109-0400	debug	Assigning new task key	{"host": "127.0.0.1:63280", "shard-id": 4, "address": "127.0.0.1:63280", "wf-namespace-id": "d0b550e3-6091-4a9b-a9aa-3d80ffb24954", "wf-id": "temporal-sys-worker-deployment-version:rrentVersion_Batching-564e9892_deployment_series.rrentVersion_Batching-564e9892_build_id", "wf-run-id": "0195af0e-98a0-7d94-93e5-2a1d2e5942f8", "queue-task-type": "ActivityTimeout", "queue-task-id": 1050650, "timestamp": "2025-03-19T15:39:53.110Z", "cursor-timestamp": "2025-03-19T15:38:54.107Z", "logging-call-at": "/Users/shivamsaraf/Desktop/work/temporal/common/log/with_logger.go:61"}
2025-03-19T11:38:53.113-0400	info	waiting for userdata propagation	{"host": "127.0.0.1:63281", "Namespace": "namespace-ec265ab4-426c-4316-a4b3-47fc66311932", "TaskQueue": "temporal-sys-per-ns-tq", "WorkerID": "temporal-system@Shivams-MacBook-Pro.local@namespace-ec265ab4-426c-4316-a4b3-47fc66311932", "ActivityID": "803", "ActivityType": "CheckWorkerDeploymentUserDataPropagation", "Attempt": 1, "WorkflowType": "temporal-sys-worker-deployment-version-workflow", "WorkflowID": "temporal-sys-worker-deployment-version:rrentVersion_Batching-564e9892_deployment_series.rrentVersion_Batching-564e9892_build_id", "RunID": "0195af0e-98a0-7d94-93e5-2a1d2e5942f8", "taskQueue": "rrentVersion_Batching-564e9892_task_queue_20", "version": 1, "logging-call-at": "/Users/shivamsaraf/Desktop/work/temporal/common/log/with_logger.go:66"}
2025-03-19T11:38:53.113-0400	debug	Frontend method invoked.	{"host": "127.0.0.1:63278", "wf-namespace": "namespace-ec265ab4-426c-4316-a4b3-47fc66311932", "operation": "PollActivityTaskQueue", "server-name": "", "cert-thumbprint": "", "logging-call-at": "/Users/shivamsaraf/Desktop/work/temporal/common/log/with_logger.go:61"}
2025-03-19T11:38:53.113-0400	debug	Received PollActivityTaskQueue	{"host": "127.0.0.1:63278", "service": "frontend", "logging-call-at": "/Users/shivamsaraf/Desktop/work/temporal/common/log/with_logger.go:61"}
2025-03-19T11:38:53.114-0400	info	returning user data	{"host": "127.0.0.1:63279", "component": "matching-engine", "wf-task-queue-name": "/_sys/rrentVersion_Batching-564e9892_task_queue_20/3", "wf-task-queue-type": "Workflow", "wf-namespace": "namespace-ec265ab4-426c-4316-a4b3-47fc66311932", "long-poll": true, "request-known-version": 0, "user-data-version": 1, "logging-call-at": "/Users/shivamsaraf/Desktop/work/temporal/common/log/with_logger.go:66"}
2025-03-19T11:38:53.114-0400	info	returning user data	{"host": "127.0.0.1:63279", "component": "matching-engine", "wf-task-queue-name": "/_sys/rrentVersion_Batching-564e9892_task_queue_20/1", "wf-task-queue-type": "Workflow", "wf-namespace": "namespace-ec265ab4-426c-4316-a4b3-47fc66311932", "long-poll": true, "request-known-version": 0, "user-data-version": 1, "logging-call-at": "/Users/shivamsaraf/Desktop/work/temporal/common/log/with_logger.go:66"}
2025-03-19T11:38:53.114-0400	info	matching client encountered error	{"host": "127.0.0.1:63279", "error": "partition was not loaded", "service-error-type": "serviceerror.FailedPrecondition", "logging-call-at": "/Users/shivamsaraf/Desktop/work/temporal/common/log/with_logger.go:66"}
2025-03-19T11:38:53.114-0400	info	matching client encountered error	{"host": "127.0.0.1:63279", "error": "partition was not loaded", "service-error-type": "serviceerror.FailedPrecondition", "logging-call-at": "/Users/shivamsaraf/Desktop/work/temporal/common/log/with_logger.go:66"}
2025-03-19T11:38:53.114-0400	info	matching client encountered error	{"host": "127.0.0.1:63279", "error": "partition was not loaded", "service-error-type": "serviceerror.FailedPrecondition", "logging-call-at": "/Users/shivamsaraf/Desktop/work/temporal/common/log/with_logger.go:66"}
2025-03-19T11:38:53.114-0400	info	returning user data	{"host": "127.0.0.1:63279", "component": "matching-engine", "wf-task-queue-name": "/_sys/rrentVersion_Batching-564e9892_task_queue_20/2", "wf-task-queue-type": "Workflow", "wf-namespace": "namespace-ec265ab4-426c-4316-a4b3-47fc66311932", "long-poll": true, "request-known-version": 0, "user-data-version": 1, "logging-call-at": "/Users/shivamsaraf/Desktop/work/temporal/common/log/with_logger.go:66"}
2025-03-19T11:38:53.114-0400	info	matching client encountered error	{"host": "127.0.0.1:63279", "error": "partition was not loaded", "service-error-type": "serviceerror.FailedPrecondition", "logging-call-at": "/Users/shivamsaraf/Desktop/work/temporal/common/log/with_logger.go:66"}
2025-03-19T11:38:53.115-0400	debug	Frontend method invoked.	{"host": "127.0.0.1:63278", "wf-namespace": "namespace-ec265ab4-426c-4316-a4b3-47fc66311932", "operation": "RespondActivityTaskCompleted", "server-name": "", "cert-thumbprint": "", "logging-call-at": "/Users/shivamsaraf/Desktop/work/temporal/common/log/with_logger.go:61"}
2025-03-19T11:38:53.115-0400	debug	Workflow task updated	{"host": "127.0.0.1:63280", "shard-id": 4, "address": "127.0.0.1:63280", "wf-scheduled-event-id": 806, "wf-started-event-id": 0, "workflow-task-request-id": "emptyUuid", "workflow-task-timeout": 10, "attempt": 1, "wf-started-timestamp": "0001-01-01T00:00:00.000Z", "wt-type": "Normal", "logging-call-at": "/Users/shivamsaraf/Desktop/work/temporal/common/log/with_logger.go:61"}
2025-03-19T11:38:53.115-0400	debug	Assigning new task key	{"host": "127.0.0.1:63280", "shard-id": 4, "address": "127.0.0.1:63280", "wf-namespace-id": "d0b550e3-6091-4a9b-a9aa-3d80ffb24954", "wf-id": "temporal-sys-worker-deployment-version:rrentVersion_Batching-564e9892_deployment_series.rrentVersion_Batching-564e9892_build_id", "wf-run-id": "0195af0e-98a0-7d94-93e5-2a1d2e5942f8", "queue-task-type": "WorkflowTaskTimeout", "queue-task-id": 1050656, "timestamp": "2025-03-19T15:38:58.116Z", "cursor-timestamp": "2025-03-19T15:38:54.107Z", "logging-call-at": "/Users/shivamsaraf/Desktop/work/temporal/common/log/with_logger.go:61"}
2025-03-19T11:38:53.115-0400	debug	Assigning new task key	{"host": "127.0.0.1:63280", "shard-id": 4, "address": "127.0.0.1:63280", "wf-namespace-id": "d0b550e3-6091-4a9b-a9aa-3d80ffb24954", "wf-id": "temporal-sys-worker-deployment-version:rrentVersion_Batching-564e9892_deployment_series.rrentVersion_Batching-564e9892_build_id", "wf-run-id": "0195af0e-98a0-7d94-93e5-2a1d2e5942f8", "queue-task-type": "TransferWorkflowTask", "queue-task-id": 1050657, "timestamp": "2025-03-19T15:38:53.115Z", "cursor-timestamp": "2025-03-19T15:38:54.107Z", "logging-call-at": "/Users/shivamsaraf/Desktop/work/temporal/common/log/with_logger.go:61"}
2025-03-19T11:38:53.120-0400	debug	Process task as active.	{"host": "127.0.0.1:63280", "shard-id": 4, "address": "127.0.0.1:63280", "component": "transfer-queue-processor", "wf-namespace-id": "d0b550e3-6091-4a9b-a9aa-3d80ffb24954", "value": "d0b550e3-6091-4a9b-a9aa-3d80ffb24954/temporal-sys-worker-deployment-version:rrentVersion_Batching-564e9892_deployment_series.rrentVersion_Batching-564e9892_build_id/0195af0e-98a0-7d94-93e5-2a1d2e5942f8", "logging-call-at": "/Users/shivamsaraf/Desktop/work/temporal/common/log/with_logger.go:61"}
2025-03-19T11:38:53.120-0400	debug	Workflow task updated	{"host": "127.0.0.1:63280", "shard-id": 4, "address": "127.0.0.1:63280", "wf-scheduled-event-id": 806, "wf-started-event-id": 807, "workflow-task-request-id": "66cfc4f5-93fc-401c-98a0-7e00eebcc5f5", "workflow-task-timeout": 10, "attempt": 1, "wf-started-timestamp": "2025-03-19T15:38:53.120Z", "wt-type": "Normal", "logging-call-at": "/Users/shivamsaraf/Desktop/work/temporal/common/log/with_logger.go:61"}
2025-03-19T11:38:53.120-0400	debug	Assigning new task key	{"host": "127.0.0.1:63280", "shard-id": 4, "address": "127.0.0.1:63280", "wf-namespace-id": "d0b550e3-6091-4a9b-a9aa-3d80ffb24954", "wf-id": "temporal-sys-worker-deployment-version:rrentVersion_Batching-564e9892_deployment_series.rrentVersion_Batching-564e9892_build_id", "wf-run-id": "0195af0e-98a0-7d94-93e5-2a1d2e5942f8", "queue-task-type": "WorkflowTaskTimeout", "queue-task-id": 1050660, "timestamp": "2025-03-19T15:39:03.121Z", "cursor-timestamp": "2025-03-19T15:38:54.119Z", "logging-call-at": "/Users/shivamsaraf/Desktop/work/temporal/common/log/with_logger.go:61"}
2025-03-19T11:38:53.129-0400	debug	Frontend method invoked.	{"host": "127.0.0.1:63278", "wf-namespace": "namespace-ec265ab4-426c-4316-a4b3-47fc66311932", "operation": "PollWorkflowTaskQueue", "server-name": "", "cert-thumbprint": "", "logging-call-at": "/Users/shivamsaraf/Desktop/work/temporal/common/log/with_logger.go:61"}
2025-03-19T11:38:53.129-0400	debug	Received PollWorkflowTaskQueue	{"host": "127.0.0.1:63278", "service": "frontend", "logging-call-at": "/Users/shivamsaraf/Desktop/work/temporal/common/log/with_logger.go:61"}
2025-03-19T11:38:53.129-0400	debug	Poll workflow task queue.	{"host": "127.0.0.1:63278", "service": "frontend", "wf-namespace": "namespace-ec265ab4-426c-4316-a4b3-47fc66311932", "wf-namespace-id": "d0b550e3-6091-4a9b-a9aa-3d80ffb24954", "logging-call-at": "/Users/shivamsaraf/Desktop/work/temporal/common/log/with_logger.go:61"}
2025-03-19T11:38:53.129-0400	debug	Frontend method invoked.	{"host": "127.0.0.1:63278", "wf-namespace": "namespace-ec265ab4-426c-4316-a4b3-47fc66311932", "operation": "RespondWorkflowTaskCompleted", "server-name": "", "cert-thumbprint": "", "logging-call-at": "/Users/shivamsaraf/Desktop/work/temporal/common/log/with_logger.go:61"}
2025-03-19T11:38:53.129-0400	debug	RespondWorkflowTaskCompleted	{"host": "127.0.0.1:63280", "service": "history", "wf-namespace-id": "d0b550e3-6091-4a9b-a9aa-3d80ffb24954", "wf-id": "temporal-sys-worker-deployment-version:rrentVersion_Batching-564e9892_deployment_series.rrentVersion_Batching-564e9892_build_id", "wf-run-id": "0195af0e-98a0-7d94-93e5-2a1d2e5942f8", "wf-scheduled-event-id": 806, "logging-call-at": "/Users/shivamsaraf/Desktop/work/temporal/common/log/with_logger.go:61"}
2025-03-19T11:38:53.129-0400	debug	Workflow task updated	{"host": "127.0.0.1:63280", "shard-id": 4, "address": "127.0.0.1:63280", "wf-scheduled-event-id": 0, "wf-started-event-id": 0, "workflow-task-request-id": "emptyUuid", "workflow-task-timeout": 0, "attempt": 1, "wf-started-timestamp": "1970-01-01T00:00:00.000Z", "wt-type": "Unspecified", "logging-call-at": "/Users/shivamsaraf/Desktop/work/temporal/common/log/with_logger.go:61"}
2025-03-19T11:38:53.129-0400	debug	update state change	{"host": "127.0.0.1:63280", "shard-id": 4, "address": "127.0.0.1:63280", "wf-namespace-id": "d0b550e3-6091-4a9b-a9aa-3d80ffb24954", "wf-id": "temporal-sys-worker-deployment-version:rrentVersion_Batching-564e9892_deployment_series.rrentVersion_Batching-564e9892_build_id", "wf-run-id": "0195af0e-98a0-7d94-93e5-2a1d2e5942f8", "update-id": "3c9a68b3-9f9a-40c2-8a94-423bad9ebb67", "from-state": "Accepted", "to-state": "ProvisionallyCompleted", "logging-call-at": "/Users/shivamsaraf/Desktop/work/temporal/common/log/with_logger.go:61"}
2025-03-19T11:38:53.132-0400	debug	update state change	{"host": "127.0.0.1:63280", "shard-id": 4, "address": "127.0.0.1:63280", "wf-namespace-id": "d0b550e3-6091-4a9b-a9aa-3d80ffb24954", "wf-id": "temporal-sys-worker-deployment-version:rrentVersion_Batching-564e9892_deployment_series.rrentVersion_Batching-564e9892_build_id", "wf-run-id": "0195af0e-98a0-7d94-93e5-2a1d2e5942f8", "update-id": "3c9a68b3-9f9a-40c2-8a94-423bad9ebb67", "from-state": "ProvisionallyCompleted", "to-state": "Completed", "logging-call-at": "/Users/shivamsaraf/Desktop/work/temporal/common/log/with_logger.go:61"}
2025-03-19T11:38:53.133-0400	debug	Frontend method invoked.	{"host": "127.0.0.1:63278", "wf-namespace": "namespace-ec265ab4-426c-4316-a4b3-47fc66311932", "operation": "RespondActivityTaskCompleted", "server-name": "", "cert-thumbprint": "", "logging-call-at": "/Users/shivamsaraf/Desktop/work/temporal/common/log/with_logger.go:61"}
2025-03-19T11:38:53.133-0400	debug	Workflow task updated	{"host": "127.0.0.1:63280", "shard-id": 1, "address": "127.0.0.1:63280", "wf-scheduled-event-id": 382, "wf-started-event-id": 0, "workflow-task-request-id": "emptyUuid", "workflow-task-timeout": 10, "attempt": 1, "wf-started-timestamp": "0001-01-01T00:00:00.000Z", "wt-type": "Normal", "logging-call-at": "/Users/shivamsaraf/Desktop/work/temporal/common/log/with_logger.go:61"}
2025-03-19T11:38:53.134-0400	debug	Assigning new task key	{"host": "127.0.0.1:63280", "shard-id": 1, "address": "127.0.0.1:63280", "wf-namespace-id": "d0b550e3-6091-4a9b-a9aa-3d80ffb24954", "wf-id": "temporal-sys-worker-deployment:rrentVersion_Batching-564e9892_deployment_series", "wf-run-id": "0195af0e-960d-715f-b6c6-08dcdf4b78ec", "queue-task-type": "WorkflowTaskTimeout", "queue-task-id": 1049492, "timestamp": "2025-03-19T15:38:58.134Z", "cursor-timestamp": "2025-03-19T15:38:53.958Z", "logging-call-at": "/Users/shivamsaraf/Desktop/work/temporal/common/log/with_logger.go:61"}
2025-03-19T11:38:53.134-0400	debug	Assigning new task key	{"host": "127.0.0.1:63280", "shard-id": 1, "address": "127.0.0.1:63280", "wf-namespace-id": "d0b550e3-6091-4a9b-a9aa-3d80ffb24954", "wf-id": "temporal-sys-worker-deployment:rrentVersion_Batching-564e9892_deployment_series", "wf-run-id": "0195af0e-960d-715f-b6c6-08dcdf4b78ec", "queue-task-type": "TransferWorkflowTask", "queue-task-id": 1049493, "timestamp": "2025-03-19T15:38:53.134Z", "cursor-timestamp": "2025-03-19T15:38:53.958Z", "logging-call-at": "/Users/shivamsaraf/Desktop/work/temporal/common/log/with_logger.go:61"}
2025-03-19T11:38:53.138-0400	debug	Process task as active.	{"host": "127.0.0.1:63280", "shard-id": 1, "address": "127.0.0.1:63280", "component": "transfer-queue-processor", "wf-namespace-id": "d0b550e3-6091-4a9b-a9aa-3d80ffb24954", "value": "d0b550e3-6091-4a9b-a9aa-3d80ffb24954/temporal-sys-worker-deployment:rrentVersion_Batching-564e9892_deployment_series/0195af0e-960d-715f-b6c6-08dcdf4b78ec", "logging-call-at": "/Users/shivamsaraf/Desktop/work/temporal/common/log/with_logger.go:61"}
2025-03-19T11:38:53.138-0400	debug	Workflow task updated	{"host": "127.0.0.1:63280", "shard-id": 1, "address": "127.0.0.1:63280", "wf-scheduled-event-id": 382, "wf-started-event-id": 383, "workflow-task-request-id": "67460c92-0e6d-405d-bdcf-6437ea8647db", "workflow-task-timeout": 10, "attempt": 1, "wf-started-timestamp": "2025-03-19T15:38:53.138Z", "wt-type": "Normal", "logging-call-at": "/Users/shivamsaraf/Desktop/work/temporal/common/log/with_logger.go:61"}
2025-03-19T11:38:53.139-0400	debug	Assigning new task key	{"host": "127.0.0.1:63280", "shard-id": 1, "address": "127.0.0.1:63280", "wf-namespace-id": "d0b550e3-6091-4a9b-a9aa-3d80ffb24954", "wf-id": "temporal-sys-worker-deployment:rrentVersion_Batching-564e9892_deployment_series", "wf-run-id": "0195af0e-960d-715f-b6c6-08dcdf4b78ec", "queue-task-type": "WorkflowTaskTimeout", "queue-task-id": 1049496, "timestamp": "2025-03-19T15:39:03.139Z", "cursor-timestamp": "2025-03-19T15:38:54.137Z", "logging-call-at": "/Users/shivamsaraf/Desktop/work/temporal/common/log/with_logger.go:61"}
2025-03-19T11:38:53.142-0400	debug	Process task as active.	{"host": "127.0.0.1:63280", "shard-id": 4, "address": "127.0.0.1:63280", "component": "timer-queue-processor", "wf-namespace-id": "d0b550e3-6091-4a9b-a9aa-3d80ffb24954", "value": "d0b550e3-6091-4a9b-a9aa-3d80ffb24954/temporal-sys-worker-deployment-version:rrentVersion_Batching-564e9892_deployment_series.rrentVersion_Batching-564e9892_build_id/0195af0e-98a0-7d94-93e5-2a1d2e5942f8", "logging-call-at": "/Users/shivamsaraf/Desktop/work/temporal/common/log/with_logger.go:61"}
2025-03-19T11:38:53.145-0400	debug	ExecuteActivity	{"host": "127.0.0.1:63281", "Namespace": "namespace-ec265ab4-426c-4316-a4b3-47fc66311932", "TaskQueue": "temporal-sys-per-ns-tq", "WorkerID": "temporal-system@Shivams-MacBook-Pro.local@namespace-ec265ab4-426c-4316-a4b3-47fc66311932", "WorkflowType": "temporal-sys-worker-deployment-workflow", "WorkflowID": "temporal-sys-worker-deployment:rrentVersion_Batching-564e9892_deployment_series", "RunID": "0195af0e-960d-715f-b6c6-08dcdf4b78ec", "Attempt": 0, "ActivityID": "386", "ActivityType": "RegisterWorkerInVersion", "logging-call-at": "/Users/shivamsaraf/Desktop/work/temporal/common/log/with_logger.go:61"}
2025-03-19T11:38:53.145-0400	debug	Frontend method invoked.	{"host": "127.0.0.1:63278", "wf-namespace": "namespace-ec265ab4-426c-4316-a4b3-47fc66311932", "operation": "PollWorkflowTaskQueue", "server-name": "", "cert-thumbprint": "", "logging-call-at": "/Users/shivamsaraf/Desktop/work/temporal/common/log/with_logger.go:61"}
2025-03-19T11:38:53.145-0400	debug	Received PollWorkflowTaskQueue	{"host": "127.0.0.1:63278", "service": "frontend", "logging-call-at": "/Users/shivamsaraf/Desktop/work/temporal/common/log/with_logger.go:61"}
2025-03-19T11:38:53.145-0400	debug	Poll workflow task queue.	{"host": "127.0.0.1:63278", "service": "frontend", "wf-namespace": "namespace-ec265ab4-426c-4316-a4b3-47fc66311932", "wf-namespace-id": "d0b550e3-6091-4a9b-a9aa-3d80ffb24954", "logging-call-at": "/Users/shivamsaraf/Desktop/work/temporal/common/log/with_logger.go:61"}
2025-03-19T11:38:53.146-0400	debug	Frontend method invoked.	{"host": "127.0.0.1:63278", "wf-namespace": "namespace-ec265ab4-426c-4316-a4b3-47fc66311932", "operation": "RespondWorkflowTaskCompleted", "server-name": "", "cert-thumbprint": "", "logging-call-at": "/Users/shivamsaraf/Desktop/work/temporal/common/log/with_logger.go:61"}
2025-03-19T11:38:53.146-0400	debug	RespondWorkflowTaskCompleted	{"host": "127.0.0.1:63280", "service": "history", "wf-namespace-id": "d0b550e3-6091-4a9b-a9aa-3d80ffb24954", "wf-id": "temporal-sys-worker-deployment:rrentVersion_Batching-564e9892_deployment_series", "wf-run-id": "0195af0e-960d-715f-b6c6-08dcdf4b78ec", "wf-scheduled-event-id": 382, "logging-call-at": "/Users/shivamsaraf/Desktop/work/temporal/common/log/with_logger.go:61"}
2025-03-19T11:38:53.146-0400	debug	Workflow task updated	{"host": "127.0.0.1:63280", "shard-id": 1, "address": "127.0.0.1:63280", "wf-scheduled-event-id": 0, "wf-started-event-id": 0, "workflow-task-request-id": "emptyUuid", "workflow-task-timeout": 0, "attempt": 1, "wf-started-timestamp": "1970-01-01T00:00:00.000Z", "wt-type": "Unspecified", "logging-call-at": "/Users/shivamsaraf/Desktop/work/temporal/common/log/with_logger.go:61"}
2025-03-19T11:38:53.147-0400	debug	update state change	{"host": "127.0.0.1:63280", "shard-id": 1, "address": "127.0.0.1:63280", "wf-namespace-id": "d0b550e3-6091-4a9b-a9aa-3d80ffb24954", "wf-id": "temporal-sys-worker-deployment:rrentVersion_Batching-564e9892_deployment_series", "wf-run-id": "0195af0e-960d-715f-b6c6-08dcdf4b78ec", "update-id": "20348106-f3d1-4431-aeed-560101a6a101", "from-state": "Accepted", "to-state": "ProvisionallyCompleted", "logging-call-at": "/Users/shivamsaraf/Desktop/work/temporal/common/log/with_logger.go:61"}
2025-03-19T11:38:53.147-0400	debug	Assigning new task key	{"host": "127.0.0.1:63280", "shard-id": 1, "address": "127.0.0.1:63280", "wf-namespace-id": "d0b550e3-6091-4a9b-a9aa-3d80ffb24954", "wf-id": "temporal-sys-worker-deployment:rrentVersion_Batching-564e9892_deployment_series", "wf-run-id": "0195af0e-960d-715f-b6c6-08dcdf4b78ec", "queue-task-type": "TransferActivityTask", "queue-task-id": 1049502, "timestamp": "2025-03-19T15:38:53.147Z", "cursor-timestamp": "2025-03-19T15:38:54.137Z", "logging-call-at": "/Users/shivamsaraf/Desktop/work/temporal/common/log/with_logger.go:61"}
2025-03-19T11:38:53.150-0400	debug	update state change	{"host": "127.0.0.1:63280", "shard-id": 1, "address": "127.0.0.1:63280", "wf-namespace-id": "d0b550e3-6091-4a9b-a9aa-3d80ffb24954", "wf-id": "temporal-sys-worker-deployment:rrentVersion_Batching-564e9892_deployment_series", "wf-run-id": "0195af0e-960d-715f-b6c6-08dcdf4b78ec", "update-id": "20348106-f3d1-4431-aeed-560101a6a101", "from-state": "ProvisionallyCompleted", "to-state": "Completed", "logging-call-at": "/Users/shivamsaraf/Desktop/work/temporal/common/log/with_logger.go:61"}
2025-03-19T11:38:53.150-0400	debug	deployment client success	{"host": "127.0.0.1:63279", "operation": "RegisterTaskQueueWorker", "elapsed": 9.583195959, "args": ["rrentVersion_Batching-564e9892_task_queue_20",1,"matching service"], "logging-call-at": "/Users/shivamsaraf/Desktop/work/temporal/common/log/with_logger.go:61"}
2025-03-19T11:38:53.151-0400	debug	Process task as active.	{"host": "127.0.0.1:63280", "shard-id": 1, "address": "127.0.0.1:63280", "component": "transfer-queue-processor", "wf-namespace-id": "d0b550e3-6091-4a9b-a9aa-3d80ffb24954", "value": "d0b550e3-6091-4a9b-a9aa-3d80ffb24954/temporal-sys-worker-deployment:rrentVersion_Batching-564e9892_deployment_series/0195af0e-960d-715f-b6c6-08dcdf4b78ec", "logging-call-at": "/Users/shivamsaraf/Desktop/work/temporal/common/log/with_logger.go:61"}
2025-03-19T11:38:53.151-0400	info	Started physicalTaskQueueManager	{"host": "127.0.0.1:63279", "component": "matching-engine", "wf-task-queue-name": "rrentVersion_Batching-564e9892_task_queue_20", "wf-task-queue-type": "Workflow", "wf-namespace": "namespace-ec265ab4-426c-4316-a4b3-47fc66311932", "worker-build-id": "rrentVersion_Batching-564e9892_deployment_series/rrentVersion_Batching-564e9892_build_id", "lifecycle": "Started", "cause": "UserData", "logging-call-at": "/Users/shivamsaraf/Desktop/work/temporal/common/log/with_logger.go:66"}
2025-03-19T11:38:53.151-0400	debug	Assigning new task key	{"host": "127.0.0.1:63280", "shard-id": 1, "address": "127.0.0.1:63280", "wf-namespace-id": "d0b550e3-6091-4a9b-a9aa-3d80ffb24954", "wf-id": "temporal-sys-worker-deployment:rrentVersion_Batching-564e9892_deployment_series", "wf-run-id": "0195af0e-960d-715f-b6c6-08dcdf4b78ec", "queue-task-type": "ActivityTimeout", "queue-task-id": 1049504, "timestamp": "2025-03-19T15:39:53.152Z", "cursor-timestamp": "2025-03-19T15:38:54.150Z", "logging-call-at": "/Users/shivamsaraf/Desktop/work/temporal/common/log/with_logger.go:61"}
2025-03-19T11:38:53.156-0400	debug	Frontend method invoked.	{"host": "127.0.0.1:63278", "wf-namespace": "namespace-ec265ab4-426c-4316-a4b3-47fc66311932", "operation": "PollActivityTaskQueue", "server-name": "", "cert-thumbprint": "", "logging-call-at": "/Users/shivamsaraf/Desktop/work/temporal/common/log/with_logger.go:61"}
2025-03-19T11:38:53.156-0400	debug	Received PollActivityTaskQueue	{"host": "127.0.0.1:63278", "service": "frontend", "logging-call-at": "/Users/shivamsaraf/Desktop/work/temporal/common/log/with_logger.go:61"}
2025-03-19T11:38:53.156-0400	debug	update state change	{"host": "127.0.0.1:63280", "shard-id": 4, "address": "127.0.0.1:63280", "wf-namespace-id": "d0b550e3-6091-4a9b-a9aa-3d80ffb24954", "wf-id": "temporal-sys-worker-deployment-version:rrentVersion_Batching-564e9892_deployment_series.rrentVersion_Batching-564e9892_build_id", "wf-run-id": "0195af0e-98a0-7d94-93e5-2a1d2e5942f8", "update-id": "e5406cbe-dba7-4f6c-9cc3-67c56933e208", "from-state": "Created", "to-state": "ProvisionallyAdmitted", "logging-call-at": "/Users/shivamsaraf/Desktop/work/temporal/common/log/with_logger.go:61"}
2025-03-19T11:38:53.156-0400	debug	update state change	{"host": "127.0.0.1:63280", "shard-id": 4, "address": "127.0.0.1:63280", "wf-namespace-id": "d0b550e3-6091-4a9b-a9aa-3d80ffb24954", "wf-id": "temporal-sys-worker-deployment-version:rrentVersion_Batching-564e9892_deployment_series.rrentVersion_Batching-564e9892_build_id", "wf-run-id": "0195af0e-98a0-7d94-93e5-2a1d2e5942f8", "update-id": "e5406cbe-dba7-4f6c-9cc3-67c56933e208", "from-state": "ProvisionallyAdmitted", "to-state": "Admitted", "logging-call-at": "/Users/shivamsaraf/Desktop/work/temporal/common/log/with_logger.go:61"}
2025-03-19T11:38:53.157-0400	debug	Workflow task updated	{"host": "127.0.0.1:63280", "shard-id": 4, "address": "127.0.0.1:63280", "wf-scheduled-event-id": 810, "wf-started-event-id": 0, "workflow-task-request-id": "emptyUuid", "workflow-task-timeout": 10, "attempt": 1, "wf-started-timestamp": "0001-01-01T00:00:00.000Z", "wt-type": "Speculative", "logging-call-at": "/Users/shivamsaraf/Desktop/work/temporal/common/log/with_logger.go:61"}
2025-03-19T11:38:53.157-0400	debug	Workflow task updated	{"host": "127.0.0.1:63280", "shard-id": 4, "address": "127.0.0.1:63280", "wf-scheduled-event-id": 810, "wf-started-event-id": 811, "workflow-task-request-id": "009f3110-9331-4bb4-80d2-ae89fd191273", "workflow-task-timeout": 10, "attempt": 1, "wf-started-timestamp": "2025-03-19T15:38:53.157Z", "wt-type": "Speculative", "logging-call-at": "/Users/shivamsaraf/Desktop/work/temporal/common/log/with_logger.go:61"}
2025-03-19T11:38:53.157-0400	debug	update state change	{"host": "127.0.0.1:63280", "shard-id": 4, "address": "127.0.0.1:63280", "wf-namespace-id": "d0b550e3-6091-4a9b-a9aa-3d80ffb24954", "wf-id": "temporal-sys-worker-deployment-version:rrentVersion_Batching-564e9892_deployment_series.rrentVersion_Batching-564e9892_build_id", "wf-run-id": "0195af0e-98a0-7d94-93e5-2a1d2e5942f8", "update-id": "e5406cbe-dba7-4f6c-9cc3-67c56933e208", "from-state": "Admitted", "to-state": "Sent", "logging-call-at": "/Users/shivamsaraf/Desktop/work/temporal/common/log/with_logger.go:61"}
2025-03-19T11:38:53.162-0400	debug	ExecuteActivity	{"host": "127.0.0.1:63281", "Namespace": "namespace-ec265ab4-426c-4316-a4b3-47fc66311932", "TaskQueue": "temporal-sys-per-ns-tq", "WorkerID": "temporal-system@Shivams-MacBook-Pro.local@namespace-ec265ab4-426c-4316-a4b3-47fc66311932", "WorkflowType": "temporal-sys-worker-deployment-version-workflow", "WorkflowID": "temporal-sys-worker-deployment-version:rrentVersion_Batching-564e9892_deployment_series.rrentVersion_Batching-564e9892_build_id", "RunID": "0195af0e-98a0-7d94-93e5-2a1d2e5942f8", "Attempt": 0, "ActivityID": "814", "ActivityType": "SyncDeploymentVersionUserData", "logging-call-at": "/Users/shivamsaraf/Desktop/work/temporal/common/log/with_logger.go:61"}
2025-03-19T11:38:53.162-0400	debug	Frontend method invoked.	{"host": "127.0.0.1:63278", "wf-namespace": "namespace-ec265ab4-426c-4316-a4b3-47fc66311932", "operation": "PollWorkflowTaskQueue", "server-name": "", "cert-thumbprint": "", "logging-call-at": "/Users/shivamsaraf/Desktop/work/temporal/common/log/with_logger.go:61"}
2025-03-19T11:38:53.162-0400	debug	Received PollWorkflowTaskQueue	{"host": "127.0.0.1:63278", "service": "frontend", "logging-call-at": "/Users/shivamsaraf/Desktop/work/temporal/common/log/with_logger.go:61"}
2025-03-19T11:38:53.162-0400	debug	Poll workflow task queue.	{"host": "127.0.0.1:63278", "service": "frontend", "wf-namespace": "namespace-ec265ab4-426c-4316-a4b3-47fc66311932", "wf-namespace-id": "d0b550e3-6091-4a9b-a9aa-3d80ffb24954", "logging-call-at": "/Users/shivamsaraf/Desktop/work/temporal/common/log/with_logger.go:61"}
2025-03-19T11:38:53.163-0400	debug	Frontend method invoked.	{"host": "127.0.0.1:63278", "wf-namespace": "namespace-ec265ab4-426c-4316-a4b3-47fc66311932", "operation": "RespondWorkflowTaskCompleted", "server-name": "", "cert-thumbprint": "", "logging-call-at": "/Users/shivamsaraf/Desktop/work/temporal/common/log/with_logger.go:61"}
2025-03-19T11:38:53.163-0400	debug	RespondWorkflowTaskCompleted	{"host": "127.0.0.1:63280", "service": "history", "wf-namespace-id": "d0b550e3-6091-4a9b-a9aa-3d80ffb24954", "wf-id": "temporal-sys-worker-deployment-version:rrentVersion_Batching-564e9892_deployment_series.rrentVersion_Batching-564e9892_build_id", "wf-run-id": "0195af0e-98a0-7d94-93e5-2a1d2e5942f8", "wf-scheduled-event-id": 810, "logging-call-at": "/Users/shivamsaraf/Desktop/work/temporal/common/log/with_logger.go:61"}
2025-03-19T11:38:53.163-0400	debug	Workflow task updated	{"host": "127.0.0.1:63280", "shard-id": 4, "address": "127.0.0.1:63280", "wf-scheduled-event-id": 0, "wf-started-event-id": 0, "workflow-task-request-id": "emptyUuid", "workflow-task-timeout": 0, "attempt": 1, "wf-started-timestamp": "1970-01-01T00:00:00.000Z", "wt-type": "Unspecified", "logging-call-at": "/Users/shivamsaraf/Desktop/work/temporal/common/log/with_logger.go:61"}
2025-03-19T11:38:53.163-0400	debug	update state change	{"host": "127.0.0.1:63280", "shard-id": 4, "address": "127.0.0.1:63280", "wf-namespace-id": "d0b550e3-6091-4a9b-a9aa-3d80ffb24954", "wf-id": "temporal-sys-worker-deployment-version:rrentVersion_Batching-564e9892_deployment_series.rrentVersion_Batching-564e9892_build_id", "wf-run-id": "0195af0e-98a0-7d94-93e5-2a1d2e5942f8", "update-id": "e5406cbe-dba7-4f6c-9cc3-67c56933e208", "from-state": "Sent", "to-state": "ProvisionallyAccepted", "logging-call-at": "/Users/shivamsaraf/Desktop/work/temporal/common/log/with_logger.go:61"}
2025-03-19T11:38:53.164-0400	debug	Assigning new task key	{"host": "127.0.0.1:63280", "shard-id": 4, "address": "127.0.0.1:63280", "wf-namespace-id": "d0b550e3-6091-4a9b-a9aa-3d80ffb24954", "wf-id": "temporal-sys-worker-deployment-version:rrentVersion_Batching-564e9892_deployment_series.rrentVersion_Batching-564e9892_build_id", "wf-run-id": "0195af0e-98a0-7d94-93e5-2a1d2e5942f8", "queue-task-type": "TransferActivityTask", "queue-task-id": 1050677, "timestamp": "2025-03-19T15:38:53.164Z", "cursor-timestamp": "2025-03-19T15:38:54.119Z", "logging-call-at": "/Users/shivamsaraf/Desktop/work/temporal/common/log/with_logger.go:61"}
2025-03-19T11:38:53.167-0400	debug	update state change	{"host": "127.0.0.1:63280", "shard-id": 4, "address": "127.0.0.1:63280", "wf-namespace-id": "d0b550e3-6091-4a9b-a9aa-3d80ffb24954", "wf-id": "temporal-sys-worker-deployment-version:rrentVersion_Batching-564e9892_deployment_series.rrentVersion_Batching-564e9892_build_id", "wf-run-id": "0195af0e-98a0-7d94-93e5-2a1d2e5942f8", "update-id": "e5406cbe-dba7-4f6c-9cc3-67c56933e208", "from-state": "ProvisionallyAccepted", "to-state": "Accepted", "logging-call-at": "/Users/shivamsaraf/Desktop/work/temporal/common/log/with_logger.go:61"}
2025-03-19T11:38:53.168-0400	debug	Process task as active.	{"host": "127.0.0.1:63280", "shard-id": 4, "address": "127.0.0.1:63280", "component": "transfer-queue-processor", "wf-namespace-id": "d0b550e3-6091-4a9b-a9aa-3d80ffb24954", "value": "d0b550e3-6091-4a9b-a9aa-3d80ffb24954/temporal-sys-worker-deployment-version:rrentVersion_Batching-564e9892_deployment_series.rrentVersion_Batching-564e9892_build_id/0195af0e-98a0-7d94-93e5-2a1d2e5942f8", "logging-call-at": "/Users/shivamsaraf/Desktop/work/temporal/common/log/with_logger.go:61"}
2025-03-19T11:38:53.169-0400	debug	Assigning new task key	{"host": "127.0.0.1:63280", "shard-id": 4, "address": "127.0.0.1:63280", "wf-namespace-id": "d0b550e3-6091-4a9b-a9aa-3d80ffb24954", "wf-id": "temporal-sys-worker-deployment-version:rrentVersion_Batching-564e9892_deployment_series.rrentVersion_Batching-564e9892_build_id", "wf-run-id": "0195af0e-98a0-7d94-93e5-2a1d2e5942f8", "queue-task-type": "ActivityTimeout", "queue-task-id": 1050678, "timestamp": "2025-03-19T15:39:53.170Z", "cursor-timestamp": "2025-03-19T15:38:54.167Z", "logging-call-at": "/Users/shivamsaraf/Desktop/work/temporal/common/log/with_logger.go:61"}
2025-03-19T11:38:53.170-0400	debug	Process task as active.	{"host": "127.0.0.1:63280", "shard-id": 4, "address": "127.0.0.1:63280", "component": "timer-queue-processor", "wf-namespace-id": "d0b550e3-6091-4a9b-a9aa-3d80ffb24954", "value": "d0b550e3-6091-4a9b-a9aa-3d80ffb24954/temporal-sys-worker-deployment-version:rrentVersion_Batching-564e9892_deployment_series.rrentVersion_Batching-564e9892_build_id/0195af0e-98a0-7d94-93e5-2a1d2e5942f8", "logging-call-at": "/Users/shivamsaraf/Desktop/work/temporal/common/log/with_logger.go:61"}
2025-03-19T11:38:53.172-0400	info	syncing task queue userdata for deployment version	{"host": "127.0.0.1:63281", "Namespace": "namespace-ec265ab4-426c-4316-a4b3-47fc66311932", "TaskQueue": "temporal-sys-per-ns-tq", "WorkerID": "temporal-system@Shivams-MacBook-Pro.local@namespace-ec265ab4-426c-4316-a4b3-47fc66311932", "ActivityID": "814", "ActivityType": "SyncDeploymentVersionUserData", "Attempt": 1, "WorkflowType": "temporal-sys-worker-deployment-version-workflow", "WorkflowID": "temporal-sys-worker-deployment-version:rrentVersion_Batching-564e9892_deployment_series.rrentVersion_Batching-564e9892_build_id", "RunID": "0195af0e-98a0-7d94-93e5-2a1d2e5942f8", "taskQueue": "rrentVersion_Batching-564e9892_task_queue_38", "types": [1], "logging-call-at": "/Users/shivamsaraf/Desktop/work/temporal/common/log/with_logger.go:66"}
2025-03-19T11:38:53.173-0400	debug	Frontend method invoked.	{"host": "127.0.0.1:63278", "wf-namespace": "namespace-ec265ab4-426c-4316-a4b3-47fc66311932", "operation": "PollActivityTaskQueue", "server-name": "", "cert-thumbprint": "", "logging-call-at": "/Users/shivamsaraf/Desktop/work/temporal/common/log/with_logger.go:61"}
2025-03-19T11:38:53.173-0400	debug	Received PollActivityTaskQueue	{"host": "127.0.0.1:63278", "service": "frontend", "logging-call-at": "/Users/shivamsaraf/Desktop/work/temporal/common/log/with_logger.go:61"}
2025-03-19T11:38:53.188-0400	debug	Process task as active.	{"host": "127.0.0.1:63280", "shard-id": 1, "address": "127.0.0.1:63280", "component": "timer-queue-processor", "wf-namespace-id": "d0b550e3-6091-4a9b-a9aa-3d80ffb24954", "value": "d0b550e3-6091-4a9b-a9aa-3d80ffb24954/temporal-sys-worker-deployment:rrentVersion_Batching-564e9892_deployment_series/0195af0e-960d-715f-b6c6-08dcdf4b78ec", "logging-call-at": "/Users/shivamsaraf/Desktop/work/temporal/common/log/with_logger.go:61"}
2025-03-19T11:38:53.239-0400	debug	Frontend method invoked.	{"host": "127.0.0.1:63278", "wf-namespace": "namespace-ec265ab4-426c-4316-a4b3-47fc66311932", "operation": "DescribeWorkerDeploymentVersion", "server-name": "", "cert-thumbprint": "", "logging-call-at": "/Users/shivamsaraf/Desktop/work/temporal/common/log/with_logger.go:61"}
2025-03-19T11:38:53.241-0400	debug	Frontend method invoked.	{"host": "127.0.0.1:63278", "wf-namespace": "namespace-ec265ab4-426c-4316-a4b3-47fc66311932", "operation": "PollWorkflowTaskQueue", "server-name": "", "cert-thumbprint": "", "logging-call-at": "/Users/shivamsaraf/Desktop/work/temporal/common/log/with_logger.go:61"}
2025-03-19T11:38:53.241-0400	debug	Received PollWorkflowTaskQueue	{"host": "127.0.0.1:63278", "service": "frontend", "logging-call-at": "/Users/shivamsaraf/Desktop/work/temporal/common/log/with_logger.go:61"}
2025-03-19T11:38:53.241-0400	debug	Poll workflow task queue.	{"host": "127.0.0.1:63278", "service": "frontend", "wf-namespace": "namespace-ec265ab4-426c-4316-a4b3-47fc66311932", "wf-namespace-id": "d0b550e3-6091-4a9b-a9aa-3d80ffb24954", "logging-call-at": "/Users/shivamsaraf/Desktop/work/temporal/common/log/with_logger.go:61"}
2025-03-19T11:38:53.242-0400	debug	Frontend method invoked.	{"host": "127.0.0.1:63278", "wf-namespace": "namespace-ec265ab4-426c-4316-a4b3-47fc66311932", "operation": "RespondQueryTaskCompleted", "server-name": "", "cert-thumbprint": "", "logging-call-at": "/Users/shivamsaraf/Desktop/work/temporal/common/log/with_logger.go:61"}
2025-03-19T11:38:53.243-0400	debug	deployment client success	{"host": "127.0.0.1:63278", "operation": "DescribeVersion", "elapsed": 0.004559333, "args": ["rrentVersion_Batching-564e9892_deployment_series","rrentVersion_Batching-564e9892_build_id"], "logging-call-at": "/Users/shivamsaraf/Desktop/work/temporal/common/log/with_logger.go:61"}
2025-03-19T11:38:53.275-0400	info	modified user data	{"host": "127.0.0.1:63279", "component": "matching-engine", "wf-task-queue-name": "rrentVersion_Batching-564e9892_task_queue_38", "wf-task-queue-type": "Workflow", "wf-namespace": "namespace-ec265ab4-426c-4316-a4b3-47fc66311932", "user-data-update-source": "SyncDeploymentUserData", "user-data-version": 1, "timestamp": "2025-03-19T15:38:53.173Z", "logging-call-at": "/Users/shivamsaraf/Desktop/work/temporal/common/log/with_logger.go:66"}
2025-03-19T11:38:53.275-0400	debug	user data changed while blocked in long poll	{"host": "127.0.0.1:63279", "component": "matching-engine", "wf-task-queue-name": "rrentVersion_Batching-564e9892_task_queue_38", "wf-task-queue-type": "Workflow", "wf-namespace": "namespace-ec265ab4-426c-4316-a4b3-47fc66311932", "logging-call-at": "/Users/shivamsaraf/Desktop/work/temporal/common/log/with_logger.go:61"}
2025-03-19T11:38:53.275-0400	debug	user data changed while blocked in long poll	{"host": "127.0.0.1:63279", "component": "matching-engine", "wf-task-queue-name": "rrentVersion_Batching-564e9892_task_queue_38", "wf-task-queue-type": "Workflow", "wf-namespace": "namespace-ec265ab4-426c-4316-a4b3-47fc66311932", "logging-call-at": "/Users/shivamsaraf/Desktop/work/temporal/common/log/with_logger.go:61"}
2025-03-19T11:38:53.275-0400	debug	user data changed while blocked in long poll	{"host": "127.0.0.1:63279", "component": "matching-engine", "wf-task-queue-name": "rrentVersion_Batching-564e9892_task_queue_38", "wf-task-queue-type": "Workflow", "wf-namespace": "namespace-ec265ab4-426c-4316-a4b3-47fc66311932", "logging-call-at": "/Users/shivamsaraf/Desktop/work/temporal/common/log/with_logger.go:61"}
2025-03-19T11:38:53.275-0400	info	returning user data	{"host": "127.0.0.1:63279", "component": "matching-engine", "wf-task-queue-name": "rrentVersion_Batching-564e9892_task_queue_38", "wf-task-queue-type": "Workflow", "wf-namespace": "namespace-ec265ab4-426c-4316-a4b3-47fc66311932", "long-poll": true, "request-known-version": 0, "user-data-version": 1, "logging-call-at": "/Users/shivamsaraf/Desktop/work/temporal/common/log/with_logger.go:66"}
2025-03-19T11:38:53.275-0400	info	returning user data	{"host": "127.0.0.1:63279", "component": "matching-engine", "wf-task-queue-name": "rrentVersion_Batching-564e9892_task_queue_38", "wf-task-queue-type": "Workflow", "wf-namespace": "namespace-ec265ab4-426c-4316-a4b3-47fc66311932", "long-poll": true, "request-known-version": 0, "user-data-version": 1, "logging-call-at": "/Users/shivamsaraf/Desktop/work/temporal/common/log/with_logger.go:66"}
2025-03-19T11:38:53.275-0400	info	returning user data	{"host": "127.0.0.1:63279", "component": "matching-engine", "wf-task-queue-name": "rrentVersion_Batching-564e9892_task_queue_38", "wf-task-queue-type": "Workflow", "wf-namespace": "namespace-ec265ab4-426c-4316-a4b3-47fc66311932", "long-poll": true, "request-known-version": 0, "user-data-version": 1, "logging-call-at": "/Users/shivamsaraf/Desktop/work/temporal/common/log/with_logger.go:66"}
2025-03-19T11:38:53.275-0400	info	fetched user data from parent	{"host": "127.0.0.1:63279", "component": "matching-engine", "wf-task-queue-name": "/_sys/rrentVersion_Batching-564e9892_task_queue_38/1", "wf-task-queue-type": "Workflow", "wf-namespace": "namespace-ec265ab4-426c-4316-a4b3-47fc66311932", "user-data-version": 1, "timestamp": "2025-03-19T15:38:53.173Z", "logging-call-at": "/Users/shivamsaraf/Desktop/work/temporal/common/log/with_logger.go:66"}
2025-03-19T11:38:53.275-0400	info	fetched user data from parent	{"host": "127.0.0.1:63279", "component": "matching-engine", "wf-task-queue-name": "/_sys/rrentVersion_Batching-564e9892_task_queue_38/2", "wf-task-queue-type": "Workflow", "wf-namespace": "namespace-ec265ab4-426c-4316-a4b3-47fc66311932", "user-data-version": 1, "timestamp": "2025-03-19T15:38:53.173Z", "logging-call-at": "/Users/shivamsaraf/Desktop/work/temporal/common/log/with_logger.go:66"}
2025-03-19T11:38:53.275-0400	info	fetched user data from parent	{"host": "127.0.0.1:63279", "component": "matching-engine", "wf-task-queue-name": "/_sys/rrentVersion_Batching-564e9892_task_queue_38/3", "wf-task-queue-type": "Workflow", "wf-namespace": "namespace-ec265ab4-426c-4316-a4b3-47fc66311932", "user-data-version": 1, "timestamp": "2025-03-19T15:38:53.173Z", "logging-call-at": "/Users/shivamsaraf/Desktop/work/temporal/common/log/with_logger.go:66"}
2025-03-19T11:38:53.276-0400	debug	Frontend method invoked.	{"host": "127.0.0.1:63278", "wf-namespace": "namespace-ec265ab4-426c-4316-a4b3-47fc66311932", "operation": "RespondActivityTaskCompleted", "server-name": "", "cert-thumbprint": "", "logging-call-at": "/Users/shivamsaraf/Desktop/work/temporal/common/log/with_logger.go:61"}
2025-03-19T11:38:53.276-0400	debug	Workflow task updated	{"host": "127.0.0.1:63280", "shard-id": 4, "address": "127.0.0.1:63280", "wf-scheduled-event-id": 817, "wf-started-event-id": 0, "workflow-task-request-id": "emptyUuid", "workflow-task-timeout": 10, "attempt": 1, "wf-started-timestamp": "0001-01-01T00:00:00.000Z", "wt-type": "Normal", "logging-call-at": "/Users/shivamsaraf/Desktop/work/temporal/common/log/with_logger.go:61"}
2025-03-19T11:38:53.277-0400	debug	Assigning new task key	{"host": "127.0.0.1:63280", "shard-id": 4, "address": "127.0.0.1:63280", "wf-namespace-id": "d0b550e3-6091-4a9b-a9aa-3d80ffb24954", "wf-id": "temporal-sys-worker-deployment-version:rrentVersion_Batching-564e9892_deployment_series.rrentVersion_Batching-564e9892_build_id", "wf-run-id": "0195af0e-98a0-7d94-93e5-2a1d2e5942f8", "queue-task-type": "WorkflowTaskTimeout", "queue-task-id": 1050684, "timestamp": "2025-03-19T15:38:58.277Z", "cursor-timestamp": "2025-03-19T15:38:54.167Z", "logging-call-at": "/Users/shivamsaraf/Desktop/work/temporal/common/log/with_logger.go:61"}
2025-03-19T11:38:53.277-0400	debug	Assigning new task key	{"host": "127.0.0.1:63280", "shard-id": 4, "address": "127.0.0.1:63280", "wf-namespace-id": "d0b550e3-6091-4a9b-a9aa-3d80ffb24954", "wf-id": "temporal-sys-worker-deployment-version:rrentVersion_Batching-564e9892_deployment_series.rrentVersion_Batching-564e9892_build_id", "wf-run-id": "0195af0e-98a0-7d94-93e5-2a1d2e5942f8", "queue-task-type": "TransferWorkflowTask", "queue-task-id": 1050685, "timestamp": "2025-03-19T15:38:53.276Z", "cursor-timestamp": "2025-03-19T15:38:54.167Z", "logging-call-at": "/Users/shivamsaraf/Desktop/work/temporal/common/log/with_logger.go:61"}
2025-03-19T11:38:53.283-0400	debug	Process task as active.	{"host": "127.0.0.1:63280", "shard-id": 4, "address": "127.0.0.1:63280", "component": "transfer-queue-processor", "wf-namespace-id": "d0b550e3-6091-4a9b-a9aa-3d80ffb24954", "value": "d0b550e3-6091-4a9b-a9aa-3d80ffb24954/temporal-sys-worker-deployment-version:rrentVersion_Batching-564e9892_deployment_series.rrentVersion_Batching-564e9892_build_id/0195af0e-98a0-7d94-93e5-2a1d2e5942f8", "logging-call-at": "/Users/shivamsaraf/Desktop/work/temporal/common/log/with_logger.go:61"}
2025-03-19T11:38:53.283-0400	debug	Workflow task updated	{"host": "127.0.0.1:63280", "shard-id": 4, "address": "127.0.0.1:63280", "wf-scheduled-event-id": 817, "wf-started-event-id": 818, "workflow-task-request-id": "a10f9994-6ab0-4269-8fee-5aea3fe3a82c", "workflow-task-timeout": 10, "attempt": 1, "wf-started-timestamp": "2025-03-19T15:38:53.283Z", "wt-type": "Normal", "logging-call-at": "/Users/shivamsaraf/Desktop/work/temporal/common/log/with_logger.go:61"}
2025-03-19T11:38:53.284-0400	debug	Assigning new task key	{"host": "127.0.0.1:63280", "shard-id": 4, "address": "127.0.0.1:63280", "wf-namespace-id": "d0b550e3-6091-4a9b-a9aa-3d80ffb24954", "wf-id": "temporal-sys-worker-deployment-version:rrentVersion_Batching-564e9892_deployment_series.rrentVersion_Batching-564e9892_build_id", "wf-run-id": "0195af0e-98a0-7d94-93e5-2a1d2e5942f8", "queue-task-type": "WorkflowTaskTimeout", "queue-task-id": 1050688, "timestamp": "2025-03-19T15:39:03.284Z", "cursor-timestamp": "2025-03-19T15:38:54.282Z", "logging-call-at": "/Users/shivamsaraf/Desktop/work/temporal/common/log/with_logger.go:61"}
2025-03-19T11:38:53.295-0400	debug	ExecuteActivity	{"host": "127.0.0.1:63281", "Namespace": "namespace-ec265ab4-426c-4316-a4b3-47fc66311932", "TaskQueue": "temporal-sys-per-ns-tq", "WorkerID": "temporal-system@Shivams-MacBook-Pro.local@namespace-ec265ab4-426c-4316-a4b3-47fc66311932", "WorkflowType": "temporal-sys-worker-deployment-version-workflow", "WorkflowID": "temporal-sys-worker-deployment-version:rrentVersion_Batching-564e9892_deployment_series.rrentVersion_Batching-564e9892_build_id", "RunID": "0195af0e-98a0-7d94-93e5-2a1d2e5942f8", "Attempt": 0, "ActivityID": "820", "ActivityType": "CheckWorkerDeploymentUserDataPropagation", "logging-call-at": "/Users/shivamsaraf/Desktop/work/temporal/common/log/with_logger.go:61"}
2025-03-19T11:38:53.295-0400	debug	Frontend method invoked.	{"host": "127.0.0.1:63278", "wf-namespace": "namespace-ec265ab4-426c-4316-a4b3-47fc66311932", "operation": "PollWorkflowTaskQueue", "server-name": "", "cert-thumbprint": "", "logging-call-at": "/Users/shivamsaraf/Desktop/work/temporal/common/log/with_logger.go:61"}
2025-03-19T11:38:53.295-0400	debug	Received PollWorkflowTaskQueue	{"host": "127.0.0.1:63278", "service": "frontend", "logging-call-at": "/Users/shivamsaraf/Desktop/work/temporal/common/log/with_logger.go:61"}
2025-03-19T11:38:53.295-0400	debug	Poll workflow task queue.	{"host": "127.0.0.1:63278", "service": "frontend", "wf-namespace": "namespace-ec265ab4-426c-4316-a4b3-47fc66311932", "wf-namespace-id": "d0b550e3-6091-4a9b-a9aa-3d80ffb24954", "logging-call-at": "/Users/shivamsaraf/Desktop/work/temporal/common/log/with_logger.go:61"}
2025-03-19T11:38:53.295-0400	debug	Frontend method invoked.	{"host": "127.0.0.1:63278", "wf-namespace": "namespace-ec265ab4-426c-4316-a4b3-47fc66311932", "operation": "RespondWorkflowTaskCompleted", "server-name": "", "cert-thumbprint": "", "logging-call-at": "/Users/shivamsaraf/Desktop/work/temporal/common/log/with_logger.go:61"}
2025-03-19T11:38:53.295-0400	debug	RespondWorkflowTaskCompleted	{"host": "127.0.0.1:63280", "service": "history", "wf-namespace-id": "d0b550e3-6091-4a9b-a9aa-3d80ffb24954", "wf-id": "temporal-sys-worker-deployment-version:rrentVersion_Batching-564e9892_deployment_series.rrentVersion_Batching-564e9892_build_id", "wf-run-id": "0195af0e-98a0-7d94-93e5-2a1d2e5942f8", "wf-scheduled-event-id": 817, "logging-call-at": "/Users/shivamsaraf/Desktop/work/temporal/common/log/with_logger.go:61"}
2025-03-19T11:38:53.296-0400	debug	Workflow task updated	{"host": "127.0.0.1:63280", "shard-id": 4, "address": "127.0.0.1:63280", "wf-scheduled-event-id": 0, "wf-started-event-id": 0, "workflow-task-request-id": "emptyUuid", "workflow-task-timeout": 0, "attempt": 1, "wf-started-timestamp": "1970-01-01T00:00:00.000Z", "wt-type": "Unspecified", "logging-call-at": "/Users/shivamsaraf/Desktop/work/temporal/common/log/with_logger.go:61"}
2025-03-19T11:38:53.296-0400	debug	Assigning new task key	{"host": "127.0.0.1:63280", "shard-id": 4, "address": "127.0.0.1:63280", "wf-namespace-id": "d0b550e3-6091-4a9b-a9aa-3d80ffb24954", "wf-id": "temporal-sys-worker-deployment-version:rrentVersion_Batching-564e9892_deployment_series.rrentVersion_Batching-564e9892_build_id", "wf-run-id": "0195af0e-98a0-7d94-93e5-2a1d2e5942f8", "queue-task-type": "TransferActivityTask", "queue-task-id": 1050693, "timestamp": "2025-03-19T15:38:53.296Z", "cursor-timestamp": "2025-03-19T15:38:54.282Z", "logging-call-at": "/Users/shivamsaraf/Desktop/work/temporal/common/log/with_logger.go:61"}
2025-03-19T11:38:53.300-0400	debug	Process task as active.	{"host": "127.0.0.1:63280", "shard-id": 4, "address": "127.0.0.1:63280", "component": "transfer-queue-processor", "wf-namespace-id": "d0b550e3-6091-4a9b-a9aa-3d80ffb24954", "value": "d0b550e3-6091-4a9b-a9aa-3d80ffb24954/temporal-sys-worker-deployment-version:rrentVersion_Batching-564e9892_deployment_series.rrentVersion_Batching-564e9892_build_id/0195af0e-98a0-7d94-93e5-2a1d2e5942f8", "logging-call-at": "/Users/shivamsaraf/Desktop/work/temporal/common/log/with_logger.go:61"}
2025-03-19T11:38:53.301-0400	debug	Assigning new task key	{"host": "127.0.0.1:63280", "shard-id": 4, "address": "127.0.0.1:63280", "wf-namespace-id": "d0b550e3-6091-4a9b-a9aa-3d80ffb24954", "wf-id": "temporal-sys-worker-deployment-version:rrentVersion_Batching-564e9892_deployment_series.rrentVersion_Batching-564e9892_build_id", "wf-run-id": "0195af0e-98a0-7d94-93e5-2a1d2e5942f8", "queue-task-type": "ActivityTimeout", "queue-task-id": 1050694, "timestamp": "2025-03-19T15:39:53.302Z", "cursor-timestamp": "2025-03-19T15:38:54.300Z", "logging-call-at": "/Users/shivamsaraf/Desktop/work/temporal/common/log/with_logger.go:61"}
2025-03-19T11:38:53.305-0400	info	waiting for userdata propagation	{"host": "127.0.0.1:63281", "Namespace": "namespace-ec265ab4-426c-4316-a4b3-47fc66311932", "TaskQueue": "temporal-sys-per-ns-tq", "WorkerID": "temporal-system@Shivams-MacBook-Pro.local@namespace-ec265ab4-426c-4316-a4b3-47fc66311932", "ActivityID": "820", "ActivityType": "CheckWorkerDeploymentUserDataPropagation", "Attempt": 1, "WorkflowType": "temporal-sys-worker-deployment-version-workflow", "WorkflowID": "temporal-sys-worker-deployment-version:rrentVersion_Batching-564e9892_deployment_series.rrentVersion_Batching-564e9892_build_id", "RunID": "0195af0e-98a0-7d94-93e5-2a1d2e5942f8", "taskQueue": "rrentVersion_Batching-564e9892_task_queue_38", "version": 1, "logging-call-at": "/Users/shivamsaraf/Desktop/work/temporal/common/log/with_logger.go:66"}
2025-03-19T11:38:53.305-0400	debug	Frontend method invoked.	{"host": "127.0.0.1:63278", "wf-namespace": "namespace-ec265ab4-426c-4316-a4b3-47fc66311932", "operation": "PollActivityTaskQueue", "server-name": "", "cert-thumbprint": "", "logging-call-at": "/Users/shivamsaraf/Desktop/work/temporal/common/log/with_logger.go:61"}
2025-03-19T11:38:53.306-0400	debug	Received PollActivityTaskQueue	{"host": "127.0.0.1:63278", "service": "frontend", "logging-call-at": "/Users/shivamsaraf/Desktop/work/temporal/common/log/with_logger.go:61"}
2025-03-19T11:38:53.306-0400	info	returning user data	{"host": "127.0.0.1:63279", "component": "matching-engine", "wf-task-queue-name": "/_sys/rrentVersion_Batching-564e9892_task_queue_38/3", "wf-task-queue-type": "Workflow", "wf-namespace": "namespace-ec265ab4-426c-4316-a4b3-47fc66311932", "long-poll": true, "request-known-version": 0, "user-data-version": 1, "logging-call-at": "/Users/shivamsaraf/Desktop/work/temporal/common/log/with_logger.go:66"}
2025-03-19T11:38:53.306-0400	info	returning user data	{"host": "127.0.0.1:63279", "component": "matching-engine", "wf-task-queue-name": "/_sys/rrentVersion_Batching-564e9892_task_queue_38/2", "wf-task-queue-type": "Workflow", "wf-namespace": "namespace-ec265ab4-426c-4316-a4b3-47fc66311932", "long-poll": true, "request-known-version": 0, "user-data-version": 1, "logging-call-at": "/Users/shivamsaraf/Desktop/work/temporal/common/log/with_logger.go:66"}
2025-03-19T11:38:53.306-0400	info	returning user data	{"host": "127.0.0.1:63279", "component": "matching-engine", "wf-task-queue-name": "/_sys/rrentVersion_Batching-564e9892_task_queue_38/1", "wf-task-queue-type": "Workflow", "wf-namespace": "namespace-ec265ab4-426c-4316-a4b3-47fc66311932", "long-poll": true, "request-known-version": 0, "user-data-version": 1, "logging-call-at": "/Users/shivamsaraf/Desktop/work/temporal/common/log/with_logger.go:66"}
2025-03-19T11:38:53.306-0400	info	matching client encountered error	{"host": "127.0.0.1:63279", "error": "partition was not loaded", "service-error-type": "serviceerror.FailedPrecondition", "logging-call-at": "/Users/shivamsaraf/Desktop/work/temporal/common/log/with_logger.go:66"}
2025-03-19T11:38:53.306-0400	info	matching client encountered error	{"host": "127.0.0.1:63279", "error": "partition was not loaded", "service-error-type": "serviceerror.FailedPrecondition", "logging-call-at": "/Users/shivamsaraf/Desktop/work/temporal/common/log/with_logger.go:66"}
2025-03-19T11:38:53.307-0400	info	matching client encountered error	{"host": "127.0.0.1:63279", "error": "partition was not loaded", "service-error-type": "serviceerror.FailedPrecondition", "logging-call-at": "/Users/shivamsaraf/Desktop/work/temporal/common/log/with_logger.go:66"}
2025-03-19T11:38:53.307-0400	info	matching client encountered error	{"host": "127.0.0.1:63279", "error": "partition was not loaded", "service-error-type": "serviceerror.FailedPrecondition", "logging-call-at": "/Users/shivamsaraf/Desktop/work/temporal/common/log/with_logger.go:66"}
2025-03-19T11:38:53.307-0400	debug	Frontend method invoked.	{"host": "127.0.0.1:63278", "wf-namespace": "namespace-ec265ab4-426c-4316-a4b3-47fc66311932", "operation": "RespondActivityTaskCompleted", "server-name": "", "cert-thumbprint": "", "logging-call-at": "/Users/shivamsaraf/Desktop/work/temporal/common/log/with_logger.go:61"}
2025-03-19T11:38:53.308-0400	debug	Workflow task updated	{"host": "127.0.0.1:63280", "shard-id": 4, "address": "127.0.0.1:63280", "wf-scheduled-event-id": 823, "wf-started-event-id": 0, "workflow-task-request-id": "emptyUuid", "workflow-task-timeout": 10, "attempt": 1, "wf-started-timestamp": "0001-01-01T00:00:00.000Z", "wt-type": "Normal", "logging-call-at": "/Users/shivamsaraf/Desktop/work/temporal/common/log/with_logger.go:61"}
2025-03-19T11:38:53.308-0400	debug	Assigning new task key	{"host": "127.0.0.1:63280", "shard-id": 4, "address": "127.0.0.1:63280", "wf-namespace-id": "d0b550e3-6091-4a9b-a9aa-3d80ffb24954", "wf-id": "temporal-sys-worker-deployment-version:rrentVersion_Batching-564e9892_deployment_series.rrentVersion_Batching-564e9892_build_id", "wf-run-id": "0195af0e-98a0-7d94-93e5-2a1d2e5942f8", "queue-task-type": "WorkflowTaskTimeout", "queue-task-id": 1050700, "timestamp": "2025-03-19T15:38:58.309Z", "cursor-timestamp": "2025-03-19T15:38:54.300Z", "logging-call-at": "/Users/shivamsaraf/Desktop/work/temporal/common/log/with_logger.go:61"}
2025-03-19T11:38:53.308-0400	debug	Assigning new task key	{"host": "127.0.0.1:63280", "shard-id": 4, "address": "127.0.0.1:63280", "wf-namespace-id": "d0b550e3-6091-4a9b-a9aa-3d80ffb24954", "wf-id": "temporal-sys-worker-deployment-version:rrentVersion_Batching-564e9892_deployment_series.rrentVersion_Batching-564e9892_build_id", "wf-run-id": "0195af0e-98a0-7d94-93e5-2a1d2e5942f8", "queue-task-type": "TransferWorkflowTask", "queue-task-id": 1050701, "timestamp": "2025-03-19T15:38:53.308Z", "cursor-timestamp": "2025-03-19T15:38:54.300Z", "logging-call-at": "/Users/shivamsaraf/Desktop/work/temporal/common/log/with_logger.go:61"}
2025-03-19T11:38:53.312-0400	debug	Process task as active.	{"host": "127.0.0.1:63280", "shard-id": 4, "address": "127.0.0.1:63280", "component": "transfer-queue-processor", "wf-namespace-id": "d0b550e3-6091-4a9b-a9aa-3d80ffb24954", "value": "d0b550e3-6091-4a9b-a9aa-3d80ffb24954/temporal-sys-worker-deployment-version:rrentVersion_Batching-564e9892_deployment_series.rrentVersion_Batching-564e9892_build_id/0195af0e-98a0-7d94-93e5-2a1d2e5942f8", "logging-call-at": "/Users/shivamsaraf/Desktop/work/temporal/common/log/with_logger.go:61"}
2025-03-19T11:38:53.313-0400	debug	Workflow task updated	{"host": "127.0.0.1:63280", "shard-id": 4, "address": "127.0.0.1:63280", "wf-scheduled-event-id": 823, "wf-started-event-id": 824, "workflow-task-request-id": "e4d2cfc3-9d8f-4a0f-b23f-d4425b8265d6", "workflow-task-timeout": 10, "attempt": 1, "wf-started-timestamp": "2025-03-19T15:38:53.313Z", "wt-type": "Normal", "logging-call-at": "/Users/shivamsaraf/Desktop/work/temporal/common/log/with_logger.go:61"}
2025-03-19T11:38:53.313-0400	debug	Assigning new task key	{"host": "127.0.0.1:63280", "shard-id": 4, "address": "127.0.0.1:63280", "wf-namespace-id": "d0b550e3-6091-4a9b-a9aa-3d80ffb24954", "wf-id": "temporal-sys-worker-deployment-version:rrentVersion_Batching-564e9892_deployment_series.rrentVersion_Batching-564e9892_build_id", "wf-run-id": "0195af0e-98a0-7d94-93e5-2a1d2e5942f8", "queue-task-type": "WorkflowTaskTimeout", "queue-task-id": 1050704, "timestamp": "2025-03-19T15:39:03.314Z", "cursor-timestamp": "2025-03-19T15:38:54.312Z", "logging-call-at": "/Users/shivamsaraf/Desktop/work/temporal/common/log/with_logger.go:61"}
2025-03-19T11:38:53.321-0400	debug	Frontend method invoked.	{"host": "127.0.0.1:63278", "wf-namespace": "namespace-ec265ab4-426c-4316-a4b3-47fc66311932", "operation": "PollWorkflowTaskQueue", "server-name": "", "cert-thumbprint": "", "logging-call-at": "/Users/shivamsaraf/Desktop/work/temporal/common/log/with_logger.go:61"}
2025-03-19T11:38:53.321-0400	debug	Received PollWorkflowTaskQueue	{"host": "127.0.0.1:63278", "service": "frontend", "logging-call-at": "/Users/shivamsaraf/Desktop/work/temporal/common/log/with_logger.go:61"}
2025-03-19T11:38:53.322-0400	debug	Frontend method invoked.	{"host": "127.0.0.1:63278", "wf-namespace": "namespace-ec265ab4-426c-4316-a4b3-47fc66311932", "operation": "RespondWorkflowTaskCompleted", "server-name": "", "cert-thumbprint": "", "logging-call-at": "/Users/shivamsaraf/Desktop/work/temporal/common/log/with_logger.go:61"}
2025-03-19T11:38:53.322-0400	debug	Poll workflow task queue.	{"host": "127.0.0.1:63278", "service": "frontend", "wf-namespace": "namespace-ec265ab4-426c-4316-a4b3-47fc66311932", "wf-namespace-id": "d0b550e3-6091-4a9b-a9aa-3d80ffb24954", "logging-call-at": "/Users/shivamsaraf/Desktop/work/temporal/common/log/with_logger.go:61"}
2025-03-19T11:38:53.322-0400	debug	RespondWorkflowTaskCompleted	{"host": "127.0.0.1:63280", "service": "history", "wf-namespace-id": "d0b550e3-6091-4a9b-a9aa-3d80ffb24954", "wf-id": "temporal-sys-worker-deployment-version:rrentVersion_Batching-564e9892_deployment_series.rrentVersion_Batching-564e9892_build_id", "wf-run-id": "0195af0e-98a0-7d94-93e5-2a1d2e5942f8", "wf-scheduled-event-id": 823, "logging-call-at": "/Users/shivamsaraf/Desktop/work/temporal/common/log/with_logger.go:61"}
2025-03-19T11:38:53.322-0400	debug	Workflow task updated	{"host": "127.0.0.1:63280", "shard-id": 4, "address": "127.0.0.1:63280", "wf-scheduled-event-id": 0, "wf-started-event-id": 0, "workflow-task-request-id": "emptyUuid", "workflow-task-timeout": 0, "attempt": 1, "wf-started-timestamp": "1970-01-01T00:00:00.000Z", "wt-type": "Unspecified", "logging-call-at": "/Users/shivamsaraf/Desktop/work/temporal/common/log/with_logger.go:61"}
2025-03-19T11:38:53.322-0400	debug	update state change	{"host": "127.0.0.1:63280", "shard-id": 4, "address": "127.0.0.1:63280", "wf-namespace-id": "d0b550e3-6091-4a9b-a9aa-3d80ffb24954", "wf-id": "temporal-sys-worker-deployment-version:rrentVersion_Batching-564e9892_deployment_series.rrentVersion_Batching-564e9892_build_id", "wf-run-id": "0195af0e-98a0-7d94-93e5-2a1d2e5942f8", "update-id": "e5406cbe-dba7-4f6c-9cc3-67c56933e208", "from-state": "Accepted", "to-state": "ProvisionallyCompleted", "logging-call-at": "/Users/shivamsaraf/Desktop/work/temporal/common/log/with_logger.go:61"}
2025-03-19T11:38:53.325-0400	debug	update state change	{"host": "127.0.0.1:63280", "shard-id": 4, "address": "127.0.0.1:63280", "wf-namespace-id": "d0b550e3-6091-4a9b-a9aa-3d80ffb24954", "wf-id": "temporal-sys-worker-deployment-version:rrentVersion_Batching-564e9892_deployment_series.rrentVersion_Batching-564e9892_build_id", "wf-run-id": "0195af0e-98a0-7d94-93e5-2a1d2e5942f8", "update-id": "e5406cbe-dba7-4f6c-9cc3-67c56933e208", "from-state": "ProvisionallyCompleted", "to-state": "Completed", "logging-call-at": "/Users/shivamsaraf/Desktop/work/temporal/common/log/with_logger.go:61"}
2025-03-19T11:38:53.325-0400	debug	Frontend method invoked.	{"host": "127.0.0.1:63278", "wf-namespace": "namespace-ec265ab4-426c-4316-a4b3-47fc66311932", "operation": "RespondActivityTaskCompleted", "server-name": "", "cert-thumbprint": "", "logging-call-at": "/Users/shivamsaraf/Desktop/work/temporal/common/log/with_logger.go:61"}
2025-03-19T11:38:53.326-0400	debug	Process task as active.	{"host": "127.0.0.1:63280", "shard-id": 4, "address": "127.0.0.1:63280", "component": "timer-queue-processor", "wf-namespace-id": "d0b550e3-6091-4a9b-a9aa-3d80ffb24954", "value": "d0b550e3-6091-4a9b-a9aa-3d80ffb24954/temporal-sys-worker-deployment-version:rrentVersion_Batching-564e9892_deployment_series.rrentVersion_Batching-564e9892_build_id/0195af0e-98a0-7d94-93e5-2a1d2e5942f8", "logging-call-at": "/Users/shivamsaraf/Desktop/work/temporal/common/log/with_logger.go:61"}
2025-03-19T11:38:53.326-0400	debug	Workflow task updated	{"host": "127.0.0.1:63280", "shard-id": 1, "address": "127.0.0.1:63280", "wf-scheduled-event-id": 389, "wf-started-event-id": 0, "workflow-task-request-id": "emptyUuid", "workflow-task-timeout": 10, "attempt": 1, "wf-started-timestamp": "0001-01-01T00:00:00.000Z", "wt-type": "Normal", "logging-call-at": "/Users/shivamsaraf/Desktop/work/temporal/common/log/with_logger.go:61"}
2025-03-19T11:38:53.326-0400	debug	Assigning new task key	{"host": "127.0.0.1:63280", "shard-id": 1, "address": "127.0.0.1:63280", "wf-namespace-id": "d0b550e3-6091-4a9b-a9aa-3d80ffb24954", "wf-id": "temporal-sys-worker-deployment:rrentVersion_Batching-564e9892_deployment_series", "wf-run-id": "0195af0e-960d-715f-b6c6-08dcdf4b78ec", "queue-task-type": "WorkflowTaskTimeout", "queue-task-id": 1049510, "timestamp": "2025-03-19T15:38:58.327Z", "cursor-timestamp": "2025-03-19T15:38:54.150Z", "logging-call-at": "/Users/shivamsaraf/Desktop/work/temporal/common/log/with_logger.go:61"}
2025-03-19T11:38:53.326-0400	debug	Assigning new task key	{"host": "127.0.0.1:63280", "shard-id": 1, "address": "127.0.0.1:63280", "wf-namespace-id": "d0b550e3-6091-4a9b-a9aa-3d80ffb24954", "wf-id": "temporal-sys-worker-deployment:rrentVersion_Batching-564e9892_deployment_series", "wf-run-id": "0195af0e-960d-715f-b6c6-08dcdf4b78ec", "queue-task-type": "TransferWorkflowTask", "queue-task-id": 1049511, "timestamp": "2025-03-19T15:38:53.326Z", "cursor-timestamp": "2025-03-19T15:38:54.150Z", "logging-call-at": "/Users/shivamsaraf/Desktop/work/temporal/common/log/with_logger.go:61"}
2025-03-19T11:38:53.331-0400	debug	Process task as active.	{"host": "127.0.0.1:63280", "shard-id": 1, "address": "127.0.0.1:63280", "component": "transfer-queue-processor", "wf-namespace-id": "d0b550e3-6091-4a9b-a9aa-3d80ffb24954", "value": "d0b550e3-6091-4a9b-a9aa-3d80ffb24954/temporal-sys-worker-deployment:rrentVersion_Batching-564e9892_deployment_series/0195af0e-960d-715f-b6c6-08dcdf4b78ec", "logging-call-at": "/Users/shivamsaraf/Desktop/work/temporal/common/log/with_logger.go:61"}
2025-03-19T11:38:53.331-0400	debug	Workflow task updated	{"host": "127.0.0.1:63280", "shard-id": 1, "address": "127.0.0.1:63280", "wf-scheduled-event-id": 389, "wf-started-event-id": 390, "workflow-task-request-id": "0f99dcaf-a4ce-47ea-b78f-e67df37fd7d3", "workflow-task-timeout": 10, "attempt": 1, "wf-started-timestamp": "2025-03-19T15:38:53.331Z", "wt-type": "Normal", "logging-call-at": "/Users/shivamsaraf/Desktop/work/temporal/common/log/with_logger.go:61"}
2025-03-19T11:38:53.332-0400	debug	Assigning new task key	{"host": "127.0.0.1:63280", "shard-id": 1, "address": "127.0.0.1:63280", "wf-namespace-id": "d0b550e3-6091-4a9b-a9aa-3d80ffb24954", "wf-id": "temporal-sys-worker-deployment:rrentVersion_Batching-564e9892_deployment_series", "wf-run-id": "0195af0e-960d-715f-b6c6-08dcdf4b78ec", "queue-task-type": "WorkflowTaskTimeout", "queue-task-id": 1049514, "timestamp": "2025-03-19T15:39:03.332Z", "cursor-timestamp": "2025-03-19T15:38:54.330Z", "logging-call-at": "/Users/shivamsaraf/Desktop/work/temporal/common/log/with_logger.go:61"}
2025-03-19T11:38:53.338-0400	debug	ExecuteActivity	{"host": "127.0.0.1:63281", "Namespace": "namespace-ec265ab4-426c-4316-a4b3-47fc66311932", "TaskQueue": "temporal-sys-per-ns-tq", "WorkerID": "temporal-system@Shivams-MacBook-Pro.local@namespace-ec265ab4-426c-4316-a4b3-47fc66311932", "WorkflowType": "temporal-sys-worker-deployment-workflow", "WorkflowID": "temporal-sys-worker-deployment:rrentVersion_Batching-564e9892_deployment_series", "RunID": "0195af0e-960d-715f-b6c6-08dcdf4b78ec", "Attempt": 0, "ActivityID": "393", "ActivityType": "RegisterWorkerInVersion", "logging-call-at": "/Users/shivamsaraf/Desktop/work/temporal/common/log/with_logger.go:61"}
2025-03-19T11:38:53.338-0400	debug	Frontend method invoked.	{"host": "127.0.0.1:63278", "wf-namespace": "namespace-ec265ab4-426c-4316-a4b3-47fc66311932", "operation": "PollWorkflowTaskQueue", "server-name": "", "cert-thumbprint": "", "logging-call-at": "/Users/shivamsaraf/Desktop/work/temporal/common/log/with_logger.go:61"}
2025-03-19T11:38:53.338-0400	debug	Received PollWorkflowTaskQueue	{"host": "127.0.0.1:63278", "service": "frontend", "logging-call-at": "/Users/shivamsaraf/Desktop/work/temporal/common/log/with_logger.go:61"}
2025-03-19T11:38:53.339-0400	debug	Poll workflow task queue.	{"host": "127.0.0.1:63278", "service": "frontend", "wf-namespace": "namespace-ec265ab4-426c-4316-a4b3-47fc66311932", "wf-namespace-id": "d0b550e3-6091-4a9b-a9aa-3d80ffb24954", "logging-call-at": "/Users/shivamsaraf/Desktop/work/temporal/common/log/with_logger.go:61"}
2025-03-19T11:38:53.339-0400	debug	Frontend method invoked.	{"host": "127.0.0.1:63278", "wf-namespace": "namespace-ec265ab4-426c-4316-a4b3-47fc66311932", "operation": "RespondWorkflowTaskCompleted", "server-name": "", "cert-thumbprint": "", "logging-call-at": "/Users/shivamsaraf/Desktop/work/temporal/common/log/with_logger.go:61"}
2025-03-19T11:38:53.339-0400	debug	RespondWorkflowTaskCompleted	{"host": "127.0.0.1:63280", "service": "history", "wf-namespace-id": "d0b550e3-6091-4a9b-a9aa-3d80ffb24954", "wf-id": "temporal-sys-worker-deployment:rrentVersion_Batching-564e9892_deployment_series", "wf-run-id": "0195af0e-960d-715f-b6c6-08dcdf4b78ec", "wf-scheduled-event-id": 389, "logging-call-at": "/Users/shivamsaraf/Desktop/work/temporal/common/log/with_logger.go:61"}
2025-03-19T11:38:53.339-0400	debug	Workflow task updated	{"host": "127.0.0.1:63280", "shard-id": 1, "address": "127.0.0.1:63280", "wf-scheduled-event-id": 0, "wf-started-event-id": 0, "workflow-task-request-id": "emptyUuid", "workflow-task-timeout": 0, "attempt": 1, "wf-started-timestamp": "1970-01-01T00:00:00.000Z", "wt-type": "Unspecified", "logging-call-at": "/Users/shivamsaraf/Desktop/work/temporal/common/log/with_logger.go:61"}
2025-03-19T11:38:53.340-0400	debug	update state change	{"host": "127.0.0.1:63280", "shard-id": 1, "address": "127.0.0.1:63280", "wf-namespace-id": "d0b550e3-6091-4a9b-a9aa-3d80ffb24954", "wf-id": "temporal-sys-worker-deployment:rrentVersion_Batching-564e9892_deployment_series", "wf-run-id": "0195af0e-960d-715f-b6c6-08dcdf4b78ec", "update-id": "557eef32-da18-44c2-8085-b1bdf10064ca", "from-state": "Accepted", "to-state": "ProvisionallyCompleted", "logging-call-at": "/Users/shivamsaraf/Desktop/work/temporal/common/log/with_logger.go:61"}
2025-03-19T11:38:53.340-0400	debug	Assigning new task key	{"host": "127.0.0.1:63280", "shard-id": 1, "address": "127.0.0.1:63280", "wf-namespace-id": "d0b550e3-6091-4a9b-a9aa-3d80ffb24954", "wf-id": "temporal-sys-worker-deployment:rrentVersion_Batching-564e9892_deployment_series", "wf-run-id": "0195af0e-960d-715f-b6c6-08dcdf4b78ec", "queue-task-type": "TransferActivityTask", "queue-task-id": 1049520, "timestamp": "2025-03-19T15:38:53.340Z", "cursor-timestamp": "2025-03-19T15:38:54.330Z", "logging-call-at": "/Users/shivamsaraf/Desktop/work/temporal/common/log/with_logger.go:61"}
2025-03-19T11:38:53.343-0400	debug	update state change	{"host": "127.0.0.1:63280", "shard-id": 1, "address": "127.0.0.1:63280", "wf-namespace-id": "d0b550e3-6091-4a9b-a9aa-3d80ffb24954", "wf-id": "temporal-sys-worker-deployment:rrentVersion_Batching-564e9892_deployment_series", "wf-run-id": "0195af0e-960d-715f-b6c6-08dcdf4b78ec", "update-id": "557eef32-da18-44c2-8085-b1bdf10064ca", "from-state": "ProvisionallyCompleted", "to-state": "Completed", "logging-call-at": "/Users/shivamsaraf/Desktop/work/temporal/common/log/with_logger.go:61"}
2025-03-19T11:38:53.343-0400	debug	deployment client success	{"host": "127.0.0.1:63279", "operation": "RegisterTaskQueueWorker", "elapsed": 9.775754958, "args": ["rrentVersion_Batching-564e9892_task_queue_38",1,"matching service"], "logging-call-at": "/Users/shivamsaraf/Desktop/work/temporal/common/log/with_logger.go:61"}
2025-03-19T11:38:53.343-0400	debug	Process task as active.	{"host": "127.0.0.1:63280", "shard-id": 1, "address": "127.0.0.1:63280", "component": "transfer-queue-processor", "wf-namespace-id": "d0b550e3-6091-4a9b-a9aa-3d80ffb24954", "value": "d0b550e3-6091-4a9b-a9aa-3d80ffb24954/temporal-sys-worker-deployment:rrentVersion_Batching-564e9892_deployment_series/0195af0e-960d-715f-b6c6-08dcdf4b78ec", "logging-call-at": "/Users/shivamsaraf/Desktop/work/temporal/common/log/with_logger.go:61"}
2025-03-19T11:38:53.344-0400	debug	Assigning new task key	{"host": "127.0.0.1:63280", "shard-id": 1, "address": "127.0.0.1:63280", "wf-namespace-id": "d0b550e3-6091-4a9b-a9aa-3d80ffb24954", "wf-id": "temporal-sys-worker-deployment:rrentVersion_Batching-564e9892_deployment_series", "wf-run-id": "0195af0e-960d-715f-b6c6-08dcdf4b78ec", "queue-task-type": "ActivityTimeout", "queue-task-id": 1049522, "timestamp": "2025-03-19T15:39:53.345Z", "cursor-timestamp": "2025-03-19T15:38:54.343Z", "logging-call-at": "/Users/shivamsaraf/Desktop/work/temporal/common/log/with_logger.go:61"}
2025-03-19T11:38:53.348-0400	debug	Frontend method invoked.	{"host": "127.0.0.1:63278", "wf-namespace": "namespace-ec265ab4-426c-4316-a4b3-47fc66311932", "operation": "PollActivityTaskQueue", "server-name": "", "cert-thumbprint": "", "logging-call-at": "/Users/shivamsaraf/Desktop/work/temporal/common/log/with_logger.go:61"}
2025-03-19T11:38:53.348-0400	debug	Received PollActivityTaskQueue	{"host": "127.0.0.1:63278", "service": "frontend", "logging-call-at": "/Users/shivamsaraf/Desktop/work/temporal/common/log/with_logger.go:61"}
2025-03-19T11:38:53.349-0400	debug	update state change	{"host": "127.0.0.1:63280", "shard-id": 4, "address": "127.0.0.1:63280", "wf-namespace-id": "d0b550e3-6091-4a9b-a9aa-3d80ffb24954", "wf-id": "temporal-sys-worker-deployment-version:rrentVersion_Batching-564e9892_deployment_series.rrentVersion_Batching-564e9892_build_id", "wf-run-id": "0195af0e-98a0-7d94-93e5-2a1d2e5942f8", "update-id": "132689a5-2163-4bf5-a11d-73a405b52bcc", "from-state": "Created", "to-state": "ProvisionallyAdmitted", "logging-call-at": "/Users/shivamsaraf/Desktop/work/temporal/common/log/with_logger.go:61"}
2025-03-19T11:38:53.349-0400	debug	update state change	{"host": "127.0.0.1:63280", "shard-id": 4, "address": "127.0.0.1:63280", "wf-namespace-id": "d0b550e3-6091-4a9b-a9aa-3d80ffb24954", "wf-id": "temporal-sys-worker-deployment-version:rrentVersion_Batching-564e9892_deployment_series.rrentVersion_Batching-564e9892_build_id", "wf-run-id": "0195af0e-98a0-7d94-93e5-2a1d2e5942f8", "update-id": "132689a5-2163-4bf5-a11d-73a405b52bcc", "from-state": "ProvisionallyAdmitted", "to-state": "Admitted", "logging-call-at": "/Users/shivamsaraf/Desktop/work/temporal/common/log/with_logger.go:61"}
2025-03-19T11:38:53.349-0400	debug	Workflow task updated	{"host": "127.0.0.1:63280", "shard-id": 4, "address": "127.0.0.1:63280", "wf-scheduled-event-id": 827, "wf-started-event-id": 0, "workflow-task-request-id": "emptyUuid", "workflow-task-timeout": 10, "attempt": 1, "wf-started-timestamp": "0001-01-01T00:00:00.000Z", "wt-type": "Speculative", "logging-call-at": "/Users/shivamsaraf/Desktop/work/temporal/common/log/with_logger.go:61"}
2025-03-19T11:38:53.350-0400	debug	Workflow task updated	{"host": "127.0.0.1:63280", "shard-id": 4, "address": "127.0.0.1:63280", "wf-scheduled-event-id": 827, "wf-started-event-id": 828, "workflow-task-request-id": "d2a572fa-b969-4954-8f0e-6ebb04cda5f5", "workflow-task-timeout": 10, "attempt": 1, "wf-started-timestamp": "2025-03-19T15:38:53.350Z", "wt-type": "Speculative", "logging-call-at": "/Users/shivamsaraf/Desktop/work/temporal/common/log/with_logger.go:61"}
2025-03-19T11:38:53.350-0400	debug	update state change	{"host": "127.0.0.1:63280", "shard-id": 4, "address": "127.0.0.1:63280", "wf-namespace-id": "d0b550e3-6091-4a9b-a9aa-3d80ffb24954", "wf-id": "temporal-sys-worker-deployment-version:rrentVersion_Batching-564e9892_deployment_series.rrentVersion_Batching-564e9892_build_id", "wf-run-id": "0195af0e-98a0-7d94-93e5-2a1d2e5942f8", "update-id": "132689a5-2163-4bf5-a11d-73a405b52bcc", "from-state": "Admitted", "to-state": "Sent", "logging-call-at": "/Users/shivamsaraf/Desktop/work/temporal/common/log/with_logger.go:61"}
2025-03-19T11:38:53.354-0400	debug	Process task as active.	{"host": "127.0.0.1:63280", "shard-id": 4, "address": "127.0.0.1:63280", "component": "timer-queue-processor", "wf-namespace-id": "d0b550e3-6091-4a9b-a9aa-3d80ffb24954", "value": "d0b550e3-6091-4a9b-a9aa-3d80ffb24954/temporal-sys-worker-deployment-version:rrentVersion_Batching-564e9892_deployment_series.rrentVersion_Batching-564e9892_build_id/0195af0e-98a0-7d94-93e5-2a1d2e5942f8", "logging-call-at": "/Users/shivamsaraf/Desktop/work/temporal/common/log/with_logger.go:61"}
2025-03-19T11:38:53.355-0400	debug	Frontend method invoked.	{"host": "127.0.0.1:63278", "wf-namespace": "namespace-ec265ab4-426c-4316-a4b3-47fc66311932", "operation": "PollWorkflowTaskQueue", "server-name": "", "cert-thumbprint": "", "logging-call-at": "/Users/shivamsaraf/Desktop/work/temporal/common/log/with_logger.go:61"}
2025-03-19T11:38:53.355-0400	debug	ExecuteActivity	{"host": "127.0.0.1:63281", "Namespace": "namespace-ec265ab4-426c-4316-a4b3-47fc66311932", "TaskQueue": "temporal-sys-per-ns-tq", "WorkerID": "temporal-system@Shivams-MacBook-Pro.local@namespace-ec265ab4-426c-4316-a4b3-47fc66311932", "WorkflowType": "temporal-sys-worker-deployment-version-workflow", "WorkflowID": "temporal-sys-worker-deployment-version:rrentVersion_Batching-564e9892_deployment_series.rrentVersion_Batching-564e9892_build_id", "RunID": "0195af0e-98a0-7d94-93e5-2a1d2e5942f8", "Attempt": 0, "ActivityID": "831", "ActivityType": "SyncDeploymentVersionUserData", "logging-call-at": "/Users/shivamsaraf/Desktop/work/temporal/common/log/with_logger.go:61"}
2025-03-19T11:38:53.355-0400	debug	Received PollWorkflowTaskQueue	{"host": "127.0.0.1:63278", "service": "frontend", "logging-call-at": "/Users/shivamsaraf/Desktop/work/temporal/common/log/with_logger.go:61"}
2025-03-19T11:38:53.355-0400	debug	Poll workflow task queue.	{"host": "127.0.0.1:63278", "service": "frontend", "wf-namespace": "namespace-ec265ab4-426c-4316-a4b3-47fc66311932", "wf-namespace-id": "d0b550e3-6091-4a9b-a9aa-3d80ffb24954", "logging-call-at": "/Users/shivamsaraf/Desktop/work/temporal/common/log/with_logger.go:61"}
2025-03-19T11:38:53.356-0400	debug	Frontend method invoked.	{"host": "127.0.0.1:63278", "wf-namespace": "namespace-ec265ab4-426c-4316-a4b3-47fc66311932", "operation": "RespondWorkflowTaskCompleted", "server-name": "", "cert-thumbprint": "", "logging-call-at": "/Users/shivamsaraf/Desktop/work/temporal/common/log/with_logger.go:61"}
2025-03-19T11:38:53.356-0400	debug	RespondWorkflowTaskCompleted	{"host": "127.0.0.1:63280", "service": "history", "wf-namespace-id": "d0b550e3-6091-4a9b-a9aa-3d80ffb24954", "wf-id": "temporal-sys-worker-deployment-version:rrentVersion_Batching-564e9892_deployment_series.rrentVersion_Batching-564e9892_build_id", "wf-run-id": "0195af0e-98a0-7d94-93e5-2a1d2e5942f8", "wf-scheduled-event-id": 827, "logging-call-at": "/Users/shivamsaraf/Desktop/work/temporal/common/log/with_logger.go:61"}
2025-03-19T11:38:53.356-0400	debug	Workflow task updated	{"host": "127.0.0.1:63280", "shard-id": 4, "address": "127.0.0.1:63280", "wf-scheduled-event-id": 0, "wf-started-event-id": 0, "workflow-task-request-id": "emptyUuid", "workflow-task-timeout": 0, "attempt": 1, "wf-started-timestamp": "1970-01-01T00:00:00.000Z", "wt-type": "Unspecified", "logging-call-at": "/Users/shivamsaraf/Desktop/work/temporal/common/log/with_logger.go:61"}
2025-03-19T11:38:53.356-0400	debug	update state change	{"host": "127.0.0.1:63280", "shard-id": 4, "address": "127.0.0.1:63280", "wf-namespace-id": "d0b550e3-6091-4a9b-a9aa-3d80ffb24954", "wf-id": "temporal-sys-worker-deployment-version:rrentVersion_Batching-564e9892_deployment_series.rrentVersion_Batching-564e9892_build_id", "wf-run-id": "0195af0e-98a0-7d94-93e5-2a1d2e5942f8", "update-id": "132689a5-2163-4bf5-a11d-73a405b52bcc", "from-state": "Sent", "to-state": "ProvisionallyAccepted", "logging-call-at": "/Users/shivamsaraf/Desktop/work/temporal/common/log/with_logger.go:61"}
2025-03-19T11:38:53.357-0400	debug	Assigning new task key	{"host": "127.0.0.1:63280", "shard-id": 4, "address": "127.0.0.1:63280", "wf-namespace-id": "d0b550e3-6091-4a9b-a9aa-3d80ffb24954", "wf-id": "temporal-sys-worker-deployment-version:rrentVersion_Batching-564e9892_deployment_series.rrentVersion_Batching-564e9892_build_id", "wf-run-id": "0195af0e-98a0-7d94-93e5-2a1d2e5942f8", "queue-task-type": "TransferActivityTask", "queue-task-id": 1050721, "timestamp": "2025-03-19T15:38:53.357Z", "cursor-timestamp": "2025-03-19T15:38:54.312Z", "logging-call-at": "/Users/shivamsaraf/Desktop/work/temporal/common/log/with_logger.go:61"}
2025-03-19T11:38:53.360-0400	debug	update state change	{"host": "127.0.0.1:63280", "shard-id": 4, "address": "127.0.0.1:63280", "wf-namespace-id": "d0b550e3-6091-4a9b-a9aa-3d80ffb24954", "wf-id": "temporal-sys-worker-deployment-version:rrentVersion_Batching-564e9892_deployment_series.rrentVersion_Batching-564e9892_build_id", "wf-run-id": "0195af0e-98a0-7d94-93e5-2a1d2e5942f8", "update-id": "132689a5-2163-4bf5-a11d-73a405b52bcc", "from-state": "ProvisionallyAccepted", "to-state": "Accepted", "logging-call-at": "/Users/shivamsaraf/Desktop/work/temporal/common/log/with_logger.go:61"}
2025-03-19T11:38:53.361-0400	debug	Process task as active.	{"host": "127.0.0.1:63280", "shard-id": 4, "address": "127.0.0.1:63280", "component": "transfer-queue-processor", "wf-namespace-id": "d0b550e3-6091-4a9b-a9aa-3d80ffb24954", "value": "d0b550e3-6091-4a9b-a9aa-3d80ffb24954/temporal-sys-worker-deployment-version:rrentVersion_Batching-564e9892_deployment_series.rrentVersion_Batching-564e9892_build_id/0195af0e-98a0-7d94-93e5-2a1d2e5942f8", "logging-call-at": "/Users/shivamsaraf/Desktop/work/temporal/common/log/with_logger.go:61"}
2025-03-19T11:38:53.361-0400	debug	Assigning new task key	{"host": "127.0.0.1:63280", "shard-id": 4, "address": "127.0.0.1:63280", "wf-namespace-id": "d0b550e3-6091-4a9b-a9aa-3d80ffb24954", "wf-id": "temporal-sys-worker-deployment-version:rrentVersion_Batching-564e9892_deployment_series.rrentVersion_Batching-564e9892_build_id", "wf-run-id": "0195af0e-98a0-7d94-93e5-2a1d2e5942f8", "queue-task-type": "ActivityTimeout", "queue-task-id": 1050722, "timestamp": "2025-03-19T15:39:53.362Z", "cursor-timestamp": "2025-03-19T15:38:54.360Z", "logging-call-at": "/Users/shivamsaraf/Desktop/work/temporal/common/log/with_logger.go:61"}
2025-03-19T11:38:53.365-0400	info	syncing task queue userdata for deployment version	{"host": "127.0.0.1:63281", "Namespace": "namespace-ec265ab4-426c-4316-a4b3-47fc66311932", "TaskQueue": "temporal-sys-per-ns-tq", "WorkerID": "temporal-system@Shivams-MacBook-Pro.local@namespace-ec265ab4-426c-4316-a4b3-47fc66311932", "ActivityID": "831", "ActivityType": "SyncDeploymentVersionUserData", "Attempt": 1, "WorkflowType": "temporal-sys-worker-deployment-version-workflow", "WorkflowID": "temporal-sys-worker-deployment-version:rrentVersion_Batching-564e9892_deployment_series.rrentVersion_Batching-564e9892_build_id", "RunID": "0195af0e-98a0-7d94-93e5-2a1d2e5942f8", "taskQueue": "rrentVersion_Batching-564e9892_task_queue_1", "types": [1], "logging-call-at": "/Users/shivamsaraf/Desktop/work/temporal/common/log/with_logger.go:66"}
2025-03-19T11:38:53.365-0400	debug	Frontend method invoked.	{"host": "127.0.0.1:63278", "wf-namespace": "namespace-ec265ab4-426c-4316-a4b3-47fc66311932", "operation": "PollActivityTaskQueue", "server-name": "", "cert-thumbprint": "", "logging-call-at": "/Users/shivamsaraf/Desktop/work/temporal/common/log/with_logger.go:61"}
2025-03-19T11:38:53.366-0400	debug	Received PollActivityTaskQueue	{"host": "127.0.0.1:63278", "service": "frontend", "logging-call-at": "/Users/shivamsaraf/Desktop/work/temporal/common/log/with_logger.go:61"}
2025-03-19T11:38:53.371-0400	debug	Process task as active.	{"host": "127.0.0.1:63280", "shard-id": 1, "address": "127.0.0.1:63280", "component": "timer-queue-processor", "wf-namespace-id": "d0b550e3-6091-4a9b-a9aa-3d80ffb24954", "value": "d0b550e3-6091-4a9b-a9aa-3d80ffb24954/temporal-sys-worker-deployment:rrentVersion_Batching-564e9892_deployment_series/0195af0e-960d-715f-b6c6-08dcdf4b78ec", "logging-call-at": "/Users/shivamsaraf/Desktop/work/temporal/common/log/with_logger.go:61"}
2025-03-19T11:38:53.468-0400	info	modified user data	{"host": "127.0.0.1:63279", "component": "matching-engine", "wf-task-queue-name": "rrentVersion_Batching-564e9892_task_queue_1", "wf-task-queue-type": "Workflow", "wf-namespace": "namespace-ec265ab4-426c-4316-a4b3-47fc66311932", "user-data-update-source": "SyncDeploymentUserData", "user-data-version": 1, "timestamp": "2025-03-19T15:38:53.366Z", "logging-call-at": "/Users/shivamsaraf/Desktop/work/temporal/common/log/with_logger.go:66"}
2025-03-19T11:38:53.468-0400	debug	user data changed while blocked in long poll	{"host": "127.0.0.1:63279", "component": "matching-engine", "wf-task-queue-name": "rrentVersion_Batching-564e9892_task_queue_1", "wf-task-queue-type": "Workflow", "wf-namespace": "namespace-ec265ab4-426c-4316-a4b3-47fc66311932", "logging-call-at": "/Users/shivamsaraf/Desktop/work/temporal/common/log/with_logger.go:61"}
2025-03-19T11:38:53.468-0400	debug	user data changed while blocked in long poll	{"host": "127.0.0.1:63279", "component": "matching-engine", "wf-task-queue-name": "rrentVersion_Batching-564e9892_task_queue_1", "wf-task-queue-type": "Workflow", "wf-namespace": "namespace-ec265ab4-426c-4316-a4b3-47fc66311932", "logging-call-at": "/Users/shivamsaraf/Desktop/work/temporal/common/log/with_logger.go:61"}
2025-03-19T11:38:53.468-0400	debug	user data changed while blocked in long poll	{"host": "127.0.0.1:63279", "component": "matching-engine", "wf-task-queue-name": "rrentVersion_Batching-564e9892_task_queue_1", "wf-task-queue-type": "Workflow", "wf-namespace": "namespace-ec265ab4-426c-4316-a4b3-47fc66311932", "logging-call-at": "/Users/shivamsaraf/Desktop/work/temporal/common/log/with_logger.go:61"}
2025-03-19T11:38:53.468-0400	info	returning user data	{"host": "127.0.0.1:63279", "component": "matching-engine", "wf-task-queue-name": "rrentVersion_Batching-564e9892_task_queue_1", "wf-task-queue-type": "Workflow", "wf-namespace": "namespace-ec265ab4-426c-4316-a4b3-47fc66311932", "long-poll": true, "request-known-version": 0, "user-data-version": 1, "logging-call-at": "/Users/shivamsaraf/Desktop/work/temporal/common/log/with_logger.go:66"}
2025-03-19T11:38:53.468-0400	info	returning user data	{"host": "127.0.0.1:63279", "component": "matching-engine", "wf-task-queue-name": "rrentVersion_Batching-564e9892_task_queue_1", "wf-task-queue-type": "Workflow", "wf-namespace": "namespace-ec265ab4-426c-4316-a4b3-47fc66311932", "long-poll": true, "request-known-version": 0, "user-data-version": 1, "logging-call-at": "/Users/shivamsaraf/Desktop/work/temporal/common/log/with_logger.go:66"}
2025-03-19T11:38:53.468-0400	info	returning user data	{"host": "127.0.0.1:63279", "component": "matching-engine", "wf-task-queue-name": "rrentVersion_Batching-564e9892_task_queue_1", "wf-task-queue-type": "Workflow", "wf-namespace": "namespace-ec265ab4-426c-4316-a4b3-47fc66311932", "long-poll": true, "request-known-version": 0, "user-data-version": 1, "logging-call-at": "/Users/shivamsaraf/Desktop/work/temporal/common/log/with_logger.go:66"}
2025-03-19T11:38:53.468-0400	info	fetched user data from parent	{"host": "127.0.0.1:63279", "component": "matching-engine", "wf-task-queue-name": "/_sys/rrentVersion_Batching-564e9892_task_queue_1/2", "wf-task-queue-type": "Workflow", "wf-namespace": "namespace-ec265ab4-426c-4316-a4b3-47fc66311932", "user-data-version": 1, "timestamp": "2025-03-19T15:38:53.366Z", "logging-call-at": "/Users/shivamsaraf/Desktop/work/temporal/common/log/with_logger.go:66"}
2025-03-19T11:38:53.468-0400	info	fetched user data from parent	{"host": "127.0.0.1:63279", "component": "matching-engine", "wf-task-queue-name": "/_sys/rrentVersion_Batching-564e9892_task_queue_1/1", "wf-task-queue-type": "Workflow", "wf-namespace": "namespace-ec265ab4-426c-4316-a4b3-47fc66311932", "user-data-version": 1, "timestamp": "2025-03-19T15:38:53.366Z", "logging-call-at": "/Users/shivamsaraf/Desktop/work/temporal/common/log/with_logger.go:66"}
2025-03-19T11:38:53.468-0400	info	fetched user data from parent	{"host": "127.0.0.1:63279", "component": "matching-engine", "wf-task-queue-name": "/_sys/rrentVersion_Batching-564e9892_task_queue_1/3", "wf-task-queue-type": "Workflow", "wf-namespace": "namespace-ec265ab4-426c-4316-a4b3-47fc66311932", "user-data-version": 1, "timestamp": "2025-03-19T15:38:53.366Z", "logging-call-at": "/Users/shivamsaraf/Desktop/work/temporal/common/log/with_logger.go:66"}
2025-03-19T11:38:53.469-0400	debug	Frontend method invoked.	{"host": "127.0.0.1:63278", "wf-namespace": "namespace-ec265ab4-426c-4316-a4b3-47fc66311932", "operation": "RespondActivityTaskCompleted", "server-name": "", "cert-thumbprint": "", "logging-call-at": "/Users/shivamsaraf/Desktop/work/temporal/common/log/with_logger.go:61"}
2025-03-19T11:38:53.469-0400	debug	Workflow task updated	{"host": "127.0.0.1:63280", "shard-id": 4, "address": "127.0.0.1:63280", "wf-scheduled-event-id": 834, "wf-started-event-id": 0, "workflow-task-request-id": "emptyUuid", "workflow-task-timeout": 10, "attempt": 1, "wf-started-timestamp": "0001-01-01T00:00:00.000Z", "wt-type": "Normal", "logging-call-at": "/Users/shivamsaraf/Desktop/work/temporal/common/log/with_logger.go:61"}
2025-03-19T11:38:53.470-0400	debug	Assigning new task key	{"host": "127.0.0.1:63280", "shard-id": 4, "address": "127.0.0.1:63280", "wf-namespace-id": "d0b550e3-6091-4a9b-a9aa-3d80ffb24954", "wf-id": "temporal-sys-worker-deployment-version:rrentVersion_Batching-564e9892_deployment_series.rrentVersion_Batching-564e9892_build_id", "wf-run-id": "0195af0e-98a0-7d94-93e5-2a1d2e5942f8", "queue-task-type": "WorkflowTaskTimeout", "queue-task-id": 1050728, "timestamp": "2025-03-19T15:38:58.470Z", "cursor-timestamp": "2025-03-19T15:38:54.360Z", "logging-call-at": "/Users/shivamsaraf/Desktop/work/temporal/common/log/with_logger.go:61"}
2025-03-19T11:38:53.470-0400	debug	Assigning new task key	{"host": "127.0.0.1:63280", "shard-id": 4, "address": "127.0.0.1:63280", "wf-namespace-id": "d0b550e3-6091-4a9b-a9aa-3d80ffb24954", "wf-id": "temporal-sys-worker-deployment-version:rrentVersion_Batching-564e9892_deployment_series.rrentVersion_Batching-564e9892_build_id", "wf-run-id": "0195af0e-98a0-7d94-93e5-2a1d2e5942f8", "queue-task-type": "TransferWorkflowTask", "queue-task-id": 1050729, "timestamp": "2025-03-19T15:38:53.470Z", "cursor-timestamp": "2025-03-19T15:38:54.360Z", "logging-call-at": "/Users/shivamsaraf/Desktop/work/temporal/common/log/with_logger.go:61"}
2025-03-19T11:38:53.476-0400	debug	Process task as active.	{"host": "127.0.0.1:63280", "shard-id": 4, "address": "127.0.0.1:63280", "component": "transfer-queue-processor", "wf-namespace-id": "d0b550e3-6091-4a9b-a9aa-3d80ffb24954", "value": "d0b550e3-6091-4a9b-a9aa-3d80ffb24954/temporal-sys-worker-deployment-version:rrentVersion_Batching-564e9892_deployment_series.rrentVersion_Batching-564e9892_build_id/0195af0e-98a0-7d94-93e5-2a1d2e5942f8", "logging-call-at": "/Users/shivamsaraf/Desktop/work/temporal/common/log/with_logger.go:61"}
2025-03-19T11:38:53.477-0400	debug	Workflow task updated	{"host": "127.0.0.1:63280", "shard-id": 4, "address": "127.0.0.1:63280", "wf-scheduled-event-id": 834, "wf-started-event-id": 835, "workflow-task-request-id": "e6d583ff-be4c-4732-a34f-15275e0d1ab0", "workflow-task-timeout": 10, "attempt": 1, "wf-started-timestamp": "2025-03-19T15:38:53.477Z", "wt-type": "Normal", "logging-call-at": "/Users/shivamsaraf/Desktop/work/temporal/common/log/with_logger.go:61"}
2025-03-19T11:38:53.477-0400	debug	Assigning new task key	{"host": "127.0.0.1:63280", "shard-id": 4, "address": "127.0.0.1:63280", "wf-namespace-id": "d0b550e3-6091-4a9b-a9aa-3d80ffb24954", "wf-id": "temporal-sys-worker-deployment-version:rrentVersion_Batching-564e9892_deployment_series.rrentVersion_Batching-564e9892_build_id", "wf-run-id": "0195af0e-98a0-7d94-93e5-2a1d2e5942f8", "queue-task-type": "WorkflowTaskTimeout", "queue-task-id": 1050732, "timestamp": "2025-03-19T15:39:03.478Z", "cursor-timestamp": "2025-03-19T15:38:54.475Z", "logging-call-at": "/Users/shivamsaraf/Desktop/work/temporal/common/log/with_logger.go:61"}
2025-03-19T11:38:53.488-0400	debug	ExecuteActivity	{"host": "127.0.0.1:63281", "Namespace": "namespace-ec265ab4-426c-4316-a4b3-47fc66311932", "TaskQueue": "temporal-sys-per-ns-tq", "WorkerID": "temporal-system@Shivams-MacBook-Pro.local@namespace-ec265ab4-426c-4316-a4b3-47fc66311932", "WorkflowType": "temporal-sys-worker-deployment-version-workflow", "WorkflowID": "temporal-sys-worker-deployment-version:rrentVersion_Batching-564e9892_deployment_series.rrentVersion_Batching-564e9892_build_id", "RunID": "0195af0e-98a0-7d94-93e5-2a1d2e5942f8", "Attempt": 0, "ActivityID": "837", "ActivityType": "CheckWorkerDeploymentUserDataPropagation", "logging-call-at": "/Users/shivamsaraf/Desktop/work/temporal/common/log/with_logger.go:61"}
2025-03-19T11:38:53.488-0400	debug	Frontend method invoked.	{"host": "127.0.0.1:63278", "wf-namespace": "namespace-ec265ab4-426c-4316-a4b3-47fc66311932", "operation": "PollWorkflowTaskQueue", "server-name": "", "cert-thumbprint": "", "logging-call-at": "/Users/shivamsaraf/Desktop/work/temporal/common/log/with_logger.go:61"}
2025-03-19T11:38:53.489-0400	debug	Received PollWorkflowTaskQueue	{"host": "127.0.0.1:63278", "service": "frontend", "logging-call-at": "/Users/shivamsaraf/Desktop/work/temporal/common/log/with_logger.go:61"}
2025-03-19T11:38:53.489-0400	debug	Poll workflow task queue.	{"host": "127.0.0.1:63278", "service": "frontend", "wf-namespace": "namespace-ec265ab4-426c-4316-a4b3-47fc66311932", "wf-namespace-id": "d0b550e3-6091-4a9b-a9aa-3d80ffb24954", "logging-call-at": "/Users/shivamsaraf/Desktop/work/temporal/common/log/with_logger.go:61"}
2025-03-19T11:38:53.489-0400	debug	Frontend method invoked.	{"host": "127.0.0.1:63278", "wf-namespace": "namespace-ec265ab4-426c-4316-a4b3-47fc66311932", "operation": "RespondWorkflowTaskCompleted", "server-name": "", "cert-thumbprint": "", "logging-call-at": "/Users/shivamsaraf/Desktop/work/temporal/common/log/with_logger.go:61"}
2025-03-19T11:38:53.489-0400	debug	RespondWorkflowTaskCompleted	{"host": "127.0.0.1:63280", "service": "history", "wf-namespace-id": "d0b550e3-6091-4a9b-a9aa-3d80ffb24954", "wf-id": "temporal-sys-worker-deployment-version:rrentVersion_Batching-564e9892_deployment_series.rrentVersion_Batching-564e9892_build_id", "wf-run-id": "0195af0e-98a0-7d94-93e5-2a1d2e5942f8", "wf-scheduled-event-id": 834, "logging-call-at": "/Users/shivamsaraf/Desktop/work/temporal/common/log/with_logger.go:61"}
2025-03-19T11:38:53.489-0400	debug	Workflow task updated	{"host": "127.0.0.1:63280", "shard-id": 4, "address": "127.0.0.1:63280", "wf-scheduled-event-id": 0, "wf-started-event-id": 0, "workflow-task-request-id": "emptyUuid", "workflow-task-timeout": 0, "attempt": 1, "wf-started-timestamp": "1970-01-01T00:00:00.000Z", "wt-type": "Unspecified", "logging-call-at": "/Users/shivamsaraf/Desktop/work/temporal/common/log/with_logger.go:61"}
2025-03-19T11:38:53.490-0400	debug	Assigning new task key	{"host": "127.0.0.1:63280", "shard-id": 4, "address": "127.0.0.1:63280", "wf-namespace-id": "d0b550e3-6091-4a9b-a9aa-3d80ffb24954", "wf-id": "temporal-sys-worker-deployment-version:rrentVersion_Batching-564e9892_deployment_series.rrentVersion_Batching-564e9892_build_id", "wf-run-id": "0195af0e-98a0-7d94-93e5-2a1d2e5942f8", "queue-task-type": "TransferActivityTask", "queue-task-id": 1050737, "timestamp": "2025-03-19T15:38:53.490Z", "cursor-timestamp": "2025-03-19T15:38:54.475Z", "logging-call-at": "/Users/shivamsaraf/Desktop/work/temporal/common/log/with_logger.go:61"}
2025-03-19T11:38:53.494-0400	debug	Process task as active.	{"host": "127.0.0.1:63280", "shard-id": 4, "address": "127.0.0.1:63280", "component": "transfer-queue-processor", "wf-namespace-id": "d0b550e3-6091-4a9b-a9aa-3d80ffb24954", "value": "d0b550e3-6091-4a9b-a9aa-3d80ffb24954/temporal-sys-worker-deployment-version:rrentVersion_Batching-564e9892_deployment_series.rrentVersion_Batching-564e9892_build_id/0195af0e-98a0-7d94-93e5-2a1d2e5942f8", "logging-call-at": "/Users/shivamsaraf/Desktop/work/temporal/common/log/with_logger.go:61"}
2025-03-19T11:38:53.495-0400	debug	Assigning new task key	{"host": "127.0.0.1:63280", "shard-id": 4, "address": "127.0.0.1:63280", "wf-namespace-id": "d0b550e3-6091-4a9b-a9aa-3d80ffb24954", "wf-id": "temporal-sys-worker-deployment-version:rrentVersion_Batching-564e9892_deployment_series.rrentVersion_Batching-564e9892_build_id", "wf-run-id": "0195af0e-98a0-7d94-93e5-2a1d2e5942f8", "queue-task-type": "ActivityTimeout", "queue-task-id": 1050738, "timestamp": "2025-03-19T15:39:53.496Z", "cursor-timestamp": "2025-03-19T15:38:54.494Z", "logging-call-at": "/Users/shivamsaraf/Desktop/work/temporal/common/log/with_logger.go:61"}
2025-03-19T11:38:53.499-0400	info	waiting for userdata propagation	{"host": "127.0.0.1:63281", "Namespace": "namespace-ec265ab4-426c-4316-a4b3-47fc66311932", "TaskQueue": "temporal-sys-per-ns-tq", "WorkerID": "temporal-system@Shivams-MacBook-Pro.local@namespace-ec265ab4-426c-4316-a4b3-47fc66311932", "ActivityID": "837", "ActivityType": "CheckWorkerDeploymentUserDataPropagation", "Attempt": 1, "WorkflowType": "temporal-sys-worker-deployment-version-workflow", "WorkflowID": "temporal-sys-worker-deployment-version:rrentVersion_Batching-564e9892_deployment_series.rrentVersion_Batching-564e9892_build_id", "RunID": "0195af0e-98a0-7d94-93e5-2a1d2e5942f8", "taskQueue": "rrentVersion_Batching-564e9892_task_queue_1", "version": 1, "logging-call-at": "/Users/shivamsaraf/Desktop/work/temporal/common/log/with_logger.go:66"}
2025-03-19T11:38:53.500-0400	debug	Frontend method invoked.	{"host": "127.0.0.1:63278", "wf-namespace": "namespace-ec265ab4-426c-4316-a4b3-47fc66311932", "operation": "PollActivityTaskQueue", "server-name": "", "cert-thumbprint": "", "logging-call-at": "/Users/shivamsaraf/Desktop/work/temporal/common/log/with_logger.go:61"}
2025-03-19T11:38:53.500-0400	debug	Received PollActivityTaskQueue	{"host": "127.0.0.1:63278", "service": "frontend", "logging-call-at": "/Users/shivamsaraf/Desktop/work/temporal/common/log/with_logger.go:61"}
2025-03-19T11:38:53.500-0400	info	returning user data	{"host": "127.0.0.1:63279", "component": "matching-engine", "wf-task-queue-name": "/_sys/rrentVersion_Batching-564e9892_task_queue_1/3", "wf-task-queue-type": "Workflow", "wf-namespace": "namespace-ec265ab4-426c-4316-a4b3-47fc66311932", "long-poll": true, "request-known-version": 0, "user-data-version": 1, "logging-call-at": "/Users/shivamsaraf/Desktop/work/temporal/common/log/with_logger.go:66"}
2025-03-19T11:38:53.500-0400	info	returning user data	{"host": "127.0.0.1:63279", "component": "matching-engine", "wf-task-queue-name": "/_sys/rrentVersion_Batching-564e9892_task_queue_1/1", "wf-task-queue-type": "Workflow", "wf-namespace": "namespace-ec265ab4-426c-4316-a4b3-47fc66311932", "long-poll": true, "request-known-version": 0, "user-data-version": 1, "logging-call-at": "/Users/shivamsaraf/Desktop/work/temporal/common/log/with_logger.go:66"}
2025-03-19T11:38:53.500-0400	info	matching client encountered error	{"host": "127.0.0.1:63279", "error": "partition was not loaded", "service-error-type": "serviceerror.FailedPrecondition", "logging-call-at": "/Users/shivamsaraf/Desktop/work/temporal/common/log/with_logger.go:66"}
2025-03-19T11:38:53.500-0400	info	returning user data	{"host": "127.0.0.1:63279", "component": "matching-engine", "wf-task-queue-name": "/_sys/rrentVersion_Batching-564e9892_task_queue_1/2", "wf-task-queue-type": "Workflow", "wf-namespace": "namespace-ec265ab4-426c-4316-a4b3-47fc66311932", "long-poll": true, "request-known-version": 0, "user-data-version": 1, "logging-call-at": "/Users/shivamsaraf/Desktop/work/temporal/common/log/with_logger.go:66"}
2025-03-19T11:38:53.501-0400	info	matching client encountered error	{"host": "127.0.0.1:63279", "error": "partition was not loaded", "service-error-type": "serviceerror.FailedPrecondition", "logging-call-at": "/Users/shivamsaraf/Desktop/work/temporal/common/log/with_logger.go:66"}
2025-03-19T11:38:53.501-0400	info	matching client encountered error	{"host": "127.0.0.1:63279", "error": "partition was not loaded", "service-error-type": "serviceerror.FailedPrecondition", "logging-call-at": "/Users/shivamsaraf/Desktop/work/temporal/common/log/with_logger.go:66"}
2025-03-19T11:38:53.501-0400	info	matching client encountered error	{"host": "127.0.0.1:63279", "error": "partition was not loaded", "service-error-type": "serviceerror.FailedPrecondition", "logging-call-at": "/Users/shivamsaraf/Desktop/work/temporal/common/log/with_logger.go:66"}
2025-03-19T11:38:53.501-0400	debug	Frontend method invoked.	{"host": "127.0.0.1:63278", "wf-namespace": "namespace-ec265ab4-426c-4316-a4b3-47fc66311932", "operation": "RespondActivityTaskCompleted", "server-name": "", "cert-thumbprint": "", "logging-call-at": "/Users/shivamsaraf/Desktop/work/temporal/common/log/with_logger.go:61"}
2025-03-19T11:38:53.502-0400	debug	Workflow task updated	{"host": "127.0.0.1:63280", "shard-id": 4, "address": "127.0.0.1:63280", "wf-scheduled-event-id": 840, "wf-started-event-id": 0, "workflow-task-request-id": "emptyUuid", "workflow-task-timeout": 10, "attempt": 1, "wf-started-timestamp": "0001-01-01T00:00:00.000Z", "wt-type": "Normal", "logging-call-at": "/Users/shivamsaraf/Desktop/work/temporal/common/log/with_logger.go:61"}
2025-03-19T11:38:53.502-0400	debug	Assigning new task key	{"host": "127.0.0.1:63280", "shard-id": 4, "address": "127.0.0.1:63280", "wf-namespace-id": "d0b550e3-6091-4a9b-a9aa-3d80ffb24954", "wf-id": "temporal-sys-worker-deployment-version:rrentVersion_Batching-564e9892_deployment_series.rrentVersion_Batching-564e9892_build_id", "wf-run-id": "0195af0e-98a0-7d94-93e5-2a1d2e5942f8", "queue-task-type": "TransferWorkflowTask", "queue-task-id": 1050744, "timestamp": "2025-03-19T15:38:53.502Z", "cursor-timestamp": "2025-03-19T15:38:54.494Z", "logging-call-at": "/Users/shivamsaraf/Desktop/work/temporal/common/log/with_logger.go:61"}
2025-03-19T11:38:53.502-0400	debug	Assigning new task key	{"host": "127.0.0.1:63280", "shard-id": 4, "address": "127.0.0.1:63280", "wf-namespace-id": "d0b550e3-6091-4a9b-a9aa-3d80ffb24954", "wf-id": "temporal-sys-worker-deployment-version:rrentVersion_Batching-564e9892_deployment_series.rrentVersion_Batching-564e9892_build_id", "wf-run-id": "0195af0e-98a0-7d94-93e5-2a1d2e5942f8", "queue-task-type": "WorkflowTaskTimeout", "queue-task-id": 1050745, "timestamp": "2025-03-19T15:38:58.503Z", "cursor-timestamp": "2025-03-19T15:38:54.494Z", "logging-call-at": "/Users/shivamsaraf/Desktop/work/temporal/common/log/with_logger.go:61"}
2025-03-19T11:38:53.506-0400	debug	Process task as active.	{"host": "127.0.0.1:63280", "shard-id": 4, "address": "127.0.0.1:63280", "component": "transfer-queue-processor", "wf-namespace-id": "d0b550e3-6091-4a9b-a9aa-3d80ffb24954", "value": "d0b550e3-6091-4a9b-a9aa-3d80ffb24954/temporal-sys-worker-deployment-version:rrentVersion_Batching-564e9892_deployment_series.rrentVersion_Batching-564e9892_build_id/0195af0e-98a0-7d94-93e5-2a1d2e5942f8", "logging-call-at": "/Users/shivamsaraf/Desktop/work/temporal/common/log/with_logger.go:61"}
2025-03-19T11:38:53.507-0400	debug	Workflow task updated	{"host": "127.0.0.1:63280", "shard-id": 4, "address": "127.0.0.1:63280", "wf-scheduled-event-id": 840, "wf-started-event-id": 841, "workflow-task-request-id": "3ec08d66-adf6-4500-985e-360946644cac", "workflow-task-timeout": 10, "attempt": 1, "wf-started-timestamp": "2025-03-19T15:38:53.507Z", "wt-type": "Normal", "logging-call-at": "/Users/shivamsaraf/Desktop/work/temporal/common/log/with_logger.go:61"}
2025-03-19T11:38:53.507-0400	debug	Assigning new task key	{"host": "127.0.0.1:63280", "shard-id": 4, "address": "127.0.0.1:63280", "wf-namespace-id": "d0b550e3-6091-4a9b-a9aa-3d80ffb24954", "wf-id": "temporal-sys-worker-deployment-version:rrentVersion_Batching-564e9892_deployment_series.rrentVersion_Batching-564e9892_build_id", "wf-run-id": "0195af0e-98a0-7d94-93e5-2a1d2e5942f8", "queue-task-type": "WorkflowTaskTimeout", "queue-task-id": 1050748, "timestamp": "2025-03-19T15:39:03.508Z", "cursor-timestamp": "2025-03-19T15:38:54.506Z", "logging-call-at": "/Users/shivamsaraf/Desktop/work/temporal/common/log/with_logger.go:61"}
2025-03-19T11:38:53.512-0400	debug	Process task as active.	{"host": "127.0.0.1:63280", "shard-id": 4, "address": "127.0.0.1:63280", "component": "timer-queue-processor", "wf-namespace-id": "d0b550e3-6091-4a9b-a9aa-3d80ffb24954", "value": "d0b550e3-6091-4a9b-a9aa-3d80ffb24954/temporal-sys-worker-deployment-version:rrentVersion_Batching-564e9892_deployment_series.rrentVersion_Batching-564e9892_build_id/0195af0e-98a0-7d94-93e5-2a1d2e5942f8", "logging-call-at": "/Users/shivamsaraf/Desktop/work/temporal/common/log/with_logger.go:61"}
2025-03-19T11:38:53.515-0400	debug	Frontend method invoked.	{"host": "127.0.0.1:63278", "wf-namespace": "namespace-ec265ab4-426c-4316-a4b3-47fc66311932", "operation": "PollWorkflowTaskQueue", "server-name": "", "cert-thumbprint": "", "logging-call-at": "/Users/shivamsaraf/Desktop/work/temporal/common/log/with_logger.go:61"}
2025-03-19T11:38:53.516-0400	debug	Received PollWorkflowTaskQueue	{"host": "127.0.0.1:63278", "service": "frontend", "logging-call-at": "/Users/shivamsaraf/Desktop/work/temporal/common/log/with_logger.go:61"}
2025-03-19T11:38:53.516-0400	debug	Poll workflow task queue.	{"host": "127.0.0.1:63278", "service": "frontend", "wf-namespace": "namespace-ec265ab4-426c-4316-a4b3-47fc66311932", "wf-namespace-id": "d0b550e3-6091-4a9b-a9aa-3d80ffb24954", "logging-call-at": "/Users/shivamsaraf/Desktop/work/temporal/common/log/with_logger.go:61"}
2025-03-19T11:38:53.516-0400	debug	Frontend method invoked.	{"host": "127.0.0.1:63278", "wf-namespace": "namespace-ec265ab4-426c-4316-a4b3-47fc66311932", "operation": "RespondWorkflowTaskCompleted", "server-name": "", "cert-thumbprint": "", "logging-call-at": "/Users/shivamsaraf/Desktop/work/temporal/common/log/with_logger.go:61"}
2025-03-19T11:38:53.516-0400	debug	RespondWorkflowTaskCompleted	{"host": "127.0.0.1:63280", "service": "history", "wf-namespace-id": "d0b550e3-6091-4a9b-a9aa-3d80ffb24954", "wf-id": "temporal-sys-worker-deployment-version:rrentVersion_Batching-564e9892_deployment_series.rrentVersion_Batching-564e9892_build_id", "wf-run-id": "0195af0e-98a0-7d94-93e5-2a1d2e5942f8", "wf-scheduled-event-id": 840, "logging-call-at": "/Users/shivamsaraf/Desktop/work/temporal/common/log/with_logger.go:61"}
2025-03-19T11:38:53.516-0400	debug	Workflow task updated	{"host": "127.0.0.1:63280", "shard-id": 4, "address": "127.0.0.1:63280", "wf-scheduled-event-id": 0, "wf-started-event-id": 0, "workflow-task-request-id": "emptyUuid", "workflow-task-timeout": 0, "attempt": 1, "wf-started-timestamp": "1970-01-01T00:00:00.000Z", "wt-type": "Unspecified", "logging-call-at": "/Users/shivamsaraf/Desktop/work/temporal/common/log/with_logger.go:61"}
2025-03-19T11:38:53.516-0400	debug	update state change	{"host": "127.0.0.1:63280", "shard-id": 4, "address": "127.0.0.1:63280", "wf-namespace-id": "d0b550e3-6091-4a9b-a9aa-3d80ffb24954", "wf-id": "temporal-sys-worker-deployment-version:rrentVersion_Batching-564e9892_deployment_series.rrentVersion_Batching-564e9892_build_id", "wf-run-id": "0195af0e-98a0-7d94-93e5-2a1d2e5942f8", "update-id": "132689a5-2163-4bf5-a11d-73a405b52bcc", "from-state": "Accepted", "to-state": "ProvisionallyCompleted", "logging-call-at": "/Users/shivamsaraf/Desktop/work/temporal/common/log/with_logger.go:61"}
2025-03-19T11:38:53.519-0400	debug	update state change	{"host": "127.0.0.1:63280", "shard-id": 4, "address": "127.0.0.1:63280", "wf-namespace-id": "d0b550e3-6091-4a9b-a9aa-3d80ffb24954", "wf-id": "temporal-sys-worker-deployment-version:rrentVersion_Batching-564e9892_deployment_series.rrentVersion_Batching-564e9892_build_id", "wf-run-id": "0195af0e-98a0-7d94-93e5-2a1d2e5942f8", "update-id": "132689a5-2163-4bf5-a11d-73a405b52bcc", "from-state": "ProvisionallyCompleted", "to-state": "Completed", "logging-call-at": "/Users/shivamsaraf/Desktop/work/temporal/common/log/with_logger.go:61"}
2025-03-19T11:38:53.520-0400	debug	Frontend method invoked.	{"host": "127.0.0.1:63278", "wf-namespace": "namespace-ec265ab4-426c-4316-a4b3-47fc66311932", "operation": "RespondActivityTaskCompleted", "server-name": "", "cert-thumbprint": "", "logging-call-at": "/Users/shivamsaraf/Desktop/work/temporal/common/log/with_logger.go:61"}
2025-03-19T11:38:53.520-0400	debug	Workflow task updated	{"host": "127.0.0.1:63280", "shard-id": 1, "address": "127.0.0.1:63280", "wf-scheduled-event-id": 396, "wf-started-event-id": 0, "workflow-task-request-id": "emptyUuid", "workflow-task-timeout": 10, "attempt": 1, "wf-started-timestamp": "0001-01-01T00:00:00.000Z", "wt-type": "Normal", "logging-call-at": "/Users/shivamsaraf/Desktop/work/temporal/common/log/with_logger.go:61"}
2025-03-19T11:38:53.520-0400	debug	Assigning new task key	{"host": "127.0.0.1:63280", "shard-id": 1, "address": "127.0.0.1:63280", "wf-namespace-id": "d0b550e3-6091-4a9b-a9aa-3d80ffb24954", "wf-id": "temporal-sys-worker-deployment:rrentVersion_Batching-564e9892_deployment_series", "wf-run-id": "0195af0e-960d-715f-b6c6-08dcdf4b78ec", "queue-task-type": "WorkflowTaskTimeout", "queue-task-id": 1049528, "timestamp": "2025-03-19T15:38:58.521Z", "cursor-timestamp": "2025-03-19T15:38:54.343Z", "logging-call-at": "/Users/shivamsaraf/Desktop/work/temporal/common/log/with_logger.go:61"}
2025-03-19T11:38:53.520-0400	debug	Assigning new task key	{"host": "127.0.0.1:63280", "shard-id": 1, "address": "127.0.0.1:63280", "wf-namespace-id": "d0b550e3-6091-4a9b-a9aa-3d80ffb24954", "wf-id": "temporal-sys-worker-deployment:rrentVersion_Batching-564e9892_deployment_series", "wf-run-id": "0195af0e-960d-715f-b6c6-08dcdf4b78ec", "queue-task-type": "TransferWorkflowTask", "queue-task-id": 1049529, "timestamp": "2025-03-19T15:38:53.520Z", "cursor-timestamp": "2025-03-19T15:38:54.343Z", "logging-call-at": "/Users/shivamsaraf/Desktop/work/temporal/common/log/with_logger.go:61"}
2025-03-19T11:38:53.525-0400	debug	Process task as active.	{"host": "127.0.0.1:63280", "shard-id": 1, "address": "127.0.0.1:63280", "component": "transfer-queue-processor", "wf-namespace-id": "d0b550e3-6091-4a9b-a9aa-3d80ffb24954", "value": "d0b550e3-6091-4a9b-a9aa-3d80ffb24954/temporal-sys-worker-deployment:rrentVersion_Batching-564e9892_deployment_series/0195af0e-960d-715f-b6c6-08dcdf4b78ec", "logging-call-at": "/Users/shivamsaraf/Desktop/work/temporal/common/log/with_logger.go:61"}
2025-03-19T11:38:53.525-0400	debug	Workflow task updated	{"host": "127.0.0.1:63280", "shard-id": 1, "address": "127.0.0.1:63280", "wf-scheduled-event-id": 396, "wf-started-event-id": 397, "workflow-task-request-id": "dbb4ca41-7e15-4b8f-a47f-ef5ed7217602", "workflow-task-timeout": 10, "attempt": 1, "wf-started-timestamp": "2025-03-19T15:38:53.525Z", "wt-type": "Normal", "logging-call-at": "/Users/shivamsaraf/Desktop/work/temporal/common/log/with_logger.go:61"}
2025-03-19T11:38:53.525-0400	debug	Assigning new task key	{"host": "127.0.0.1:63280", "shard-id": 1, "address": "127.0.0.1:63280", "wf-namespace-id": "d0b550e3-6091-4a9b-a9aa-3d80ffb24954", "wf-id": "temporal-sys-worker-deployment:rrentVersion_Batching-564e9892_deployment_series", "wf-run-id": "0195af0e-960d-715f-b6c6-08dcdf4b78ec", "queue-task-type": "WorkflowTaskTimeout", "queue-task-id": 1049532, "timestamp": "2025-03-19T15:39:03.526Z", "cursor-timestamp": "2025-03-19T15:38:54.524Z", "logging-call-at": "/Users/shivamsaraf/Desktop/work/temporal/common/log/with_logger.go:61"}
2025-03-19T11:38:53.532-0400	debug	ExecuteActivity	{"host": "127.0.0.1:63281", "Namespace": "namespace-ec265ab4-426c-4316-a4b3-47fc66311932", "TaskQueue": "temporal-sys-per-ns-tq", "WorkerID": "temporal-system@Shivams-MacBook-Pro.local@namespace-ec265ab4-426c-4316-a4b3-47fc66311932", "WorkflowType": "temporal-sys-worker-deployment-workflow", "WorkflowID": "temporal-sys-worker-deployment:rrentVersion_Batching-564e9892_deployment_series", "RunID": "0195af0e-960d-715f-b6c6-08dcdf4b78ec", "Attempt": 0, "ActivityID": "400", "ActivityType": "RegisterWorkerInVersion", "logging-call-at": "/Users/shivamsaraf/Desktop/work/temporal/common/log/with_logger.go:61"}
2025-03-19T11:38:53.532-0400	debug	Frontend method invoked.	{"host": "127.0.0.1:63278", "wf-namespace": "namespace-ec265ab4-426c-4316-a4b3-47fc66311932", "operation": "PollWorkflowTaskQueue", "server-name": "", "cert-thumbprint": "", "logging-call-at": "/Users/shivamsaraf/Desktop/work/temporal/common/log/with_logger.go:61"}
2025-03-19T11:38:53.532-0400	debug	Received PollWorkflowTaskQueue	{"host": "127.0.0.1:63278", "service": "frontend", "logging-call-at": "/Users/shivamsaraf/Desktop/work/temporal/common/log/with_logger.go:61"}
2025-03-19T11:38:53.532-0400	debug	Poll workflow task queue.	{"host": "127.0.0.1:63278", "service": "frontend", "wf-namespace": "namespace-ec265ab4-426c-4316-a4b3-47fc66311932", "wf-namespace-id": "d0b550e3-6091-4a9b-a9aa-3d80ffb24954", "logging-call-at": "/Users/shivamsaraf/Desktop/work/temporal/common/log/with_logger.go:61"}
2025-03-19T11:38:53.532-0400	debug	Frontend method invoked.	{"host": "127.0.0.1:63278", "wf-namespace": "namespace-ec265ab4-426c-4316-a4b3-47fc66311932", "operation": "RespondWorkflowTaskCompleted", "server-name": "", "cert-thumbprint": "", "logging-call-at": "/Users/shivamsaraf/Desktop/work/temporal/common/log/with_logger.go:61"}
2025-03-19T11:38:53.533-0400	debug	RespondWorkflowTaskCompleted	{"host": "127.0.0.1:63280", "service": "history", "wf-namespace-id": "d0b550e3-6091-4a9b-a9aa-3d80ffb24954", "wf-id": "temporal-sys-worker-deployment:rrentVersion_Batching-564e9892_deployment_series", "wf-run-id": "0195af0e-960d-715f-b6c6-08dcdf4b78ec", "wf-scheduled-event-id": 396, "logging-call-at": "/Users/shivamsaraf/Desktop/work/temporal/common/log/with_logger.go:61"}
2025-03-19T11:38:53.533-0400	debug	Workflow task updated	{"host": "127.0.0.1:63280", "shard-id": 1, "address": "127.0.0.1:63280", "wf-scheduled-event-id": 0, "wf-started-event-id": 0, "workflow-task-request-id": "emptyUuid", "workflow-task-timeout": 0, "attempt": 1, "wf-started-timestamp": "1970-01-01T00:00:00.000Z", "wt-type": "Unspecified", "logging-call-at": "/Users/shivamsaraf/Desktop/work/temporal/common/log/with_logger.go:61"}
2025-03-19T11:38:53.533-0400	debug	update state change	{"host": "127.0.0.1:63280", "shard-id": 1, "address": "127.0.0.1:63280", "wf-namespace-id": "d0b550e3-6091-4a9b-a9aa-3d80ffb24954", "wf-id": "temporal-sys-worker-deployment:rrentVersion_Batching-564e9892_deployment_series", "wf-run-id": "0195af0e-960d-715f-b6c6-08dcdf4b78ec", "update-id": "319c7e71-c714-42d4-93e5-bf88796829e4", "from-state": "Accepted", "to-state": "ProvisionallyCompleted", "logging-call-at": "/Users/shivamsaraf/Desktop/work/temporal/common/log/with_logger.go:61"}
2025-03-19T11:38:53.533-0400	debug	Assigning new task key	{"host": "127.0.0.1:63280", "shard-id": 1, "address": "127.0.0.1:63280", "wf-namespace-id": "d0b550e3-6091-4a9b-a9aa-3d80ffb24954", "wf-id": "temporal-sys-worker-deployment:rrentVersion_Batching-564e9892_deployment_series", "wf-run-id": "0195af0e-960d-715f-b6c6-08dcdf4b78ec", "queue-task-type": "TransferActivityTask", "queue-task-id": 1049538, "timestamp": "2025-03-19T15:38:53.533Z", "cursor-timestamp": "2025-03-19T15:38:54.524Z", "logging-call-at": "/Users/shivamsaraf/Desktop/work/temporal/common/log/with_logger.go:61"}
2025-03-19T11:38:53.537-0400	debug	update state change	{"host": "127.0.0.1:63280", "shard-id": 1, "address": "127.0.0.1:63280", "wf-namespace-id": "d0b550e3-6091-4a9b-a9aa-3d80ffb24954", "wf-id": "temporal-sys-worker-deployment:rrentVersion_Batching-564e9892_deployment_series", "wf-run-id": "0195af0e-960d-715f-b6c6-08dcdf4b78ec", "update-id": "319c7e71-c714-42d4-93e5-bf88796829e4", "from-state": "ProvisionallyCompleted", "to-state": "Completed", "logging-call-at": "/Users/shivamsaraf/Desktop/work/temporal/common/log/with_logger.go:61"}
2025-03-19T11:38:53.537-0400	debug	deployment client success	{"host": "127.0.0.1:63279", "operation": "RegisterTaskQueueWorker", "elapsed": 9.96840425, "args": ["rrentVersion_Batching-564e9892_task_queue_1",1,"matching service"], "logging-call-at": "/Users/shivamsaraf/Desktop/work/temporal/common/log/with_logger.go:61"}
2025-03-19T11:38:53.537-0400	debug	Process task as active.	{"host": "127.0.0.1:63280", "shard-id": 1, "address": "127.0.0.1:63280", "component": "transfer-queue-processor", "wf-namespace-id": "d0b550e3-6091-4a9b-a9aa-3d80ffb24954", "value": "d0b550e3-6091-4a9b-a9aa-3d80ffb24954/temporal-sys-worker-deployment:rrentVersion_Batching-564e9892_deployment_series/0195af0e-960d-715f-b6c6-08dcdf4b78ec", "logging-call-at": "/Users/shivamsaraf/Desktop/work/temporal/common/log/with_logger.go:61"}
2025-03-19T11:38:53.537-0400	info	Started physicalTaskQueueManager	{"host": "127.0.0.1:63279", "component": "matching-engine", "wf-task-queue-name": "rrentVersion_Batching-564e9892_task_queue_1", "wf-task-queue-type": "Workflow", "wf-namespace": "namespace-ec265ab4-426c-4316-a4b3-47fc66311932", "worker-build-id": "rrentVersion_Batching-564e9892_deployment_series/rrentVersion_Batching-564e9892_build_id", "lifecycle": "Started", "cause": "UserData", "logging-call-at": "/Users/shivamsaraf/Desktop/work/temporal/common/log/with_logger.go:66"}
2025-03-19T11:38:53.538-0400	debug	Assigning new task key	{"host": "127.0.0.1:63280", "shard-id": 1, "address": "127.0.0.1:63280", "wf-namespace-id": "d0b550e3-6091-4a9b-a9aa-3d80ffb24954", "wf-id": "temporal-sys-worker-deployment:rrentVersion_Batching-564e9892_deployment_series", "wf-run-id": "0195af0e-960d-715f-b6c6-08dcdf4b78ec", "queue-task-type": "ActivityTimeout", "queue-task-id": 1049540, "timestamp": "2025-03-19T15:39:53.539Z", "cursor-timestamp": "2025-03-19T15:38:54.537Z", "logging-call-at": "/Users/shivamsaraf/Desktop/work/temporal/common/log/with_logger.go:61"}
2025-03-19T11:38:53.542-0400	debug	Frontend method invoked.	{"host": "127.0.0.1:63278", "wf-namespace": "namespace-ec265ab4-426c-4316-a4b3-47fc66311932", "operation": "PollActivityTaskQueue", "server-name": "", "cert-thumbprint": "", "logging-call-at": "/Users/shivamsaraf/Desktop/work/temporal/common/log/with_logger.go:61"}
2025-03-19T11:38:53.542-0400	debug	Received PollActivityTaskQueue	{"host": "127.0.0.1:63278", "service": "frontend", "logging-call-at": "/Users/shivamsaraf/Desktop/work/temporal/common/log/with_logger.go:61"}
2025-03-19T11:38:53.543-0400	debug	update state change	{"host": "127.0.0.1:63280", "shard-id": 4, "address": "127.0.0.1:63280", "wf-namespace-id": "d0b550e3-6091-4a9b-a9aa-3d80ffb24954", "wf-id": "temporal-sys-worker-deployment-version:rrentVersion_Batching-564e9892_deployment_series.rrentVersion_Batching-564e9892_build_id", "wf-run-id": "0195af0e-98a0-7d94-93e5-2a1d2e5942f8", "update-id": "95243db6-c8eb-4004-9ca5-a921fdc8c09a", "from-state": "Created", "to-state": "ProvisionallyAdmitted", "logging-call-at": "/Users/shivamsaraf/Desktop/work/temporal/common/log/with_logger.go:61"}
2025-03-19T11:38:53.543-0400	debug	update state change	{"host": "127.0.0.1:63280", "shard-id": 4, "address": "127.0.0.1:63280", "wf-namespace-id": "d0b550e3-6091-4a9b-a9aa-3d80ffb24954", "wf-id": "temporal-sys-worker-deployment-version:rrentVersion_Batching-564e9892_deployment_series.rrentVersion_Batching-564e9892_build_id", "wf-run-id": "0195af0e-98a0-7d94-93e5-2a1d2e5942f8", "update-id": "95243db6-c8eb-4004-9ca5-a921fdc8c09a", "from-state": "ProvisionallyAdmitted", "to-state": "Admitted", "logging-call-at": "/Users/shivamsaraf/Desktop/work/temporal/common/log/with_logger.go:61"}
2025-03-19T11:38:53.543-0400	debug	Workflow task updated	{"host": "127.0.0.1:63280", "shard-id": 4, "address": "127.0.0.1:63280", "wf-scheduled-event-id": 844, "wf-started-event-id": 0, "workflow-task-request-id": "emptyUuid", "workflow-task-timeout": 10, "attempt": 1, "wf-started-timestamp": "0001-01-01T00:00:00.000Z", "wt-type": "Speculative", "logging-call-at": "/Users/shivamsaraf/Desktop/work/temporal/common/log/with_logger.go:61"}
2025-03-19T11:38:53.544-0400	debug	Workflow task updated	{"host": "127.0.0.1:63280", "shard-id": 4, "address": "127.0.0.1:63280", "wf-scheduled-event-id": 844, "wf-started-event-id": 845, "workflow-task-request-id": "46c479db-5257-4127-8fb8-bf416edbfd80", "workflow-task-timeout": 10, "attempt": 1, "wf-started-timestamp": "2025-03-19T15:38:53.544Z", "wt-type": "Speculative", "logging-call-at": "/Users/shivamsaraf/Desktop/work/temporal/common/log/with_logger.go:61"}
2025-03-19T11:38:53.544-0400	debug	update state change	{"host": "127.0.0.1:63280", "shard-id": 4, "address": "127.0.0.1:63280", "wf-namespace-id": "d0b550e3-6091-4a9b-a9aa-3d80ffb24954", "wf-id": "temporal-sys-worker-deployment-version:rrentVersion_Batching-564e9892_deployment_series.rrentVersion_Batching-564e9892_build_id", "wf-run-id": "0195af0e-98a0-7d94-93e5-2a1d2e5942f8", "update-id": "95243db6-c8eb-4004-9ca5-a921fdc8c09a", "from-state": "Admitted", "to-state": "Sent", "logging-call-at": "/Users/shivamsaraf/Desktop/work/temporal/common/log/with_logger.go:61"}
2025-03-19T11:38:53.545-0400	debug	Process task as active.	{"host": "127.0.0.1:63280", "shard-id": 4, "address": "127.0.0.1:63280", "component": "timer-queue-processor", "wf-namespace-id": "d0b550e3-6091-4a9b-a9aa-3d80ffb24954", "value": "d0b550e3-6091-4a9b-a9aa-3d80ffb24954/temporal-sys-worker-deployment-version:rrentVersion_Batching-564e9892_deployment_series.rrentVersion_Batching-564e9892_build_id/0195af0e-98a0-7d94-93e5-2a1d2e5942f8", "logging-call-at": "/Users/shivamsaraf/Desktop/work/temporal/common/log/with_logger.go:61"}
2025-03-19T11:38:53.549-0400	debug	ExecuteActivity	{"host": "127.0.0.1:63281", "Namespace": "namespace-ec265ab4-426c-4316-a4b3-47fc66311932", "TaskQueue": "temporal-sys-per-ns-tq", "WorkerID": "temporal-system@Shivams-MacBook-Pro.local@namespace-ec265ab4-426c-4316-a4b3-47fc66311932", "WorkflowType": "temporal-sys-worker-deployment-version-workflow", "WorkflowID": "temporal-sys-worker-deployment-version:rrentVersion_Batching-564e9892_deployment_series.rrentVersion_Batching-564e9892_build_id", "RunID": "0195af0e-98a0-7d94-93e5-2a1d2e5942f8", "Attempt": 0, "ActivityID": "848", "ActivityType": "SyncDeploymentVersionUserData", "logging-call-at": "/Users/shivamsaraf/Desktop/work/temporal/common/log/with_logger.go:61"}
2025-03-19T11:38:53.549-0400	debug	Frontend method invoked.	{"host": "127.0.0.1:63278", "wf-namespace": "namespace-ec265ab4-426c-4316-a4b3-47fc66311932", "operation": "PollWorkflowTaskQueue", "server-name": "", "cert-thumbprint": "", "logging-call-at": "/Users/shivamsaraf/Desktop/work/temporal/common/log/with_logger.go:61"}
2025-03-19T11:38:53.549-0400	debug	Received PollWorkflowTaskQueue	{"host": "127.0.0.1:63278", "service": "frontend", "logging-call-at": "/Users/shivamsaraf/Desktop/work/temporal/common/log/with_logger.go:61"}
2025-03-19T11:38:53.549-0400	debug	Poll workflow task queue.	{"host": "127.0.0.1:63278", "service": "frontend", "wf-namespace": "namespace-ec265ab4-426c-4316-a4b3-47fc66311932", "wf-namespace-id": "d0b550e3-6091-4a9b-a9aa-3d80ffb24954", "logging-call-at": "/Users/shivamsaraf/Desktop/work/temporal/common/log/with_logger.go:61"}
2025-03-19T11:38:53.549-0400	debug	Frontend method invoked.	{"host": "127.0.0.1:63278", "wf-namespace": "namespace-ec265ab4-426c-4316-a4b3-47fc66311932", "operation": "RespondWorkflowTaskCompleted", "server-name": "", "cert-thumbprint": "", "logging-call-at": "/Users/shivamsaraf/Desktop/work/temporal/common/log/with_logger.go:61"}
2025-03-19T11:38:53.550-0400	debug	RespondWorkflowTaskCompleted	{"host": "127.0.0.1:63280", "service": "history", "wf-namespace-id": "d0b550e3-6091-4a9b-a9aa-3d80ffb24954", "wf-id": "temporal-sys-worker-deployment-version:rrentVersion_Batching-564e9892_deployment_series.rrentVersion_Batching-564e9892_build_id", "wf-run-id": "0195af0e-98a0-7d94-93e5-2a1d2e5942f8", "wf-scheduled-event-id": 844, "logging-call-at": "/Users/shivamsaraf/Desktop/work/temporal/common/log/with_logger.go:61"}
2025-03-19T11:38:53.550-0400	debug	Workflow task updated	{"host": "127.0.0.1:63280", "shard-id": 4, "address": "127.0.0.1:63280", "wf-scheduled-event-id": 0, "wf-started-event-id": 0, "workflow-task-request-id": "emptyUuid", "workflow-task-timeout": 0, "attempt": 1, "wf-started-timestamp": "1970-01-01T00:00:00.000Z", "wt-type": "Unspecified", "logging-call-at": "/Users/shivamsaraf/Desktop/work/temporal/common/log/with_logger.go:61"}
2025-03-19T11:38:53.550-0400	debug	update state change	{"host": "127.0.0.1:63280", "shard-id": 4, "address": "127.0.0.1:63280", "wf-namespace-id": "d0b550e3-6091-4a9b-a9aa-3d80ffb24954", "wf-id": "temporal-sys-worker-deployment-version:rrentVersion_Batching-564e9892_deployment_series.rrentVersion_Batching-564e9892_build_id", "wf-run-id": "0195af0e-98a0-7d94-93e5-2a1d2e5942f8", "update-id": "95243db6-c8eb-4004-9ca5-a921fdc8c09a", "from-state": "Sent", "to-state": "ProvisionallyAccepted", "logging-call-at": "/Users/shivamsaraf/Desktop/work/temporal/common/log/with_logger.go:61"}
2025-03-19T11:38:53.550-0400	debug	Assigning new task key	{"host": "127.0.0.1:63280", "shard-id": 4, "address": "127.0.0.1:63280", "wf-namespace-id": "d0b550e3-6091-4a9b-a9aa-3d80ffb24954", "wf-id": "temporal-sys-worker-deployment-version:rrentVersion_Batching-564e9892_deployment_series.rrentVersion_Batching-564e9892_build_id", "wf-run-id": "0195af0e-98a0-7d94-93e5-2a1d2e5942f8", "queue-task-type": "TransferActivityTask", "queue-task-id": 1050765, "timestamp": "2025-03-19T15:38:53.550Z", "cursor-timestamp": "2025-03-19T15:38:54.506Z", "logging-call-at": "/Users/shivamsaraf/Desktop/work/temporal/common/log/with_logger.go:61"}
2025-03-19T11:38:53.554-0400	debug	update state change	{"host": "127.0.0.1:63280", "shard-id": 4, "address": "127.0.0.1:63280", "wf-namespace-id": "d0b550e3-6091-4a9b-a9aa-3d80ffb24954", "wf-id": "temporal-sys-worker-deployment-version:rrentVersion_Batching-564e9892_deployment_series.rrentVersion_Batching-564e9892_build_id", "wf-run-id": "0195af0e-98a0-7d94-93e5-2a1d2e5942f8", "update-id": "95243db6-c8eb-4004-9ca5-a921fdc8c09a", "from-state": "ProvisionallyAccepted", "to-state": "Accepted", "logging-call-at": "/Users/shivamsaraf/Desktop/work/temporal/common/log/with_logger.go:61"}
2025-03-19T11:38:53.555-0400	debug	Process task as active.	{"host": "127.0.0.1:63280", "shard-id": 4, "address": "127.0.0.1:63280", "component": "transfer-queue-processor", "wf-namespace-id": "d0b550e3-6091-4a9b-a9aa-3d80ffb24954", "value": "d0b550e3-6091-4a9b-a9aa-3d80ffb24954/temporal-sys-worker-deployment-version:rrentVersion_Batching-564e9892_deployment_series.rrentVersion_Batching-564e9892_build_id/0195af0e-98a0-7d94-93e5-2a1d2e5942f8", "logging-call-at": "/Users/shivamsaraf/Desktop/work/temporal/common/log/with_logger.go:61"}
2025-03-19T11:38:53.555-0400	debug	Assigning new task key	{"host": "127.0.0.1:63280", "shard-id": 4, "address": "127.0.0.1:63280", "wf-namespace-id": "d0b550e3-6091-4a9b-a9aa-3d80ffb24954", "wf-id": "temporal-sys-worker-deployment-version:rrentVersion_Batching-564e9892_deployment_series.rrentVersion_Batching-564e9892_build_id", "wf-run-id": "0195af0e-98a0-7d94-93e5-2a1d2e5942f8", "queue-task-type": "ActivityTimeout", "queue-task-id": 1050766, "timestamp": "2025-03-19T15:39:53.556Z", "cursor-timestamp": "2025-03-19T15:38:54.554Z", "logging-call-at": "/Users/shivamsaraf/Desktop/work/temporal/common/log/with_logger.go:61"}
2025-03-19T11:38:53.559-0400	info	syncing task queue userdata for deployment version	{"host": "127.0.0.1:63281", "Namespace": "namespace-ec265ab4-426c-4316-a4b3-47fc66311932", "TaskQueue": "temporal-sys-per-ns-tq", "WorkerID": "temporal-system@Shivams-MacBook-Pro.local@namespace-ec265ab4-426c-4316-a4b3-47fc66311932", "ActivityID": "848", "ActivityType": "SyncDeploymentVersionUserData", "Attempt": 1, "WorkflowType": "temporal-sys-worker-deployment-version-workflow", "WorkflowID": "temporal-sys-worker-deployment-version:rrentVersion_Batching-564e9892_deployment_series.rrentVersion_Batching-564e9892_build_id", "RunID": "0195af0e-98a0-7d94-93e5-2a1d2e5942f8", "taskQueue": "rrentVersion_Batching-564e9892_task_queue_16", "types": [1], "logging-call-at": "/Users/shivamsaraf/Desktop/work/temporal/common/log/with_logger.go:66"}
2025-03-19T11:38:53.559-0400	debug	Frontend method invoked.	{"host": "127.0.0.1:63278", "wf-namespace": "namespace-ec265ab4-426c-4316-a4b3-47fc66311932", "operation": "PollActivityTaskQueue", "server-name": "", "cert-thumbprint": "", "logging-call-at": "/Users/shivamsaraf/Desktop/work/temporal/common/log/with_logger.go:61"}
2025-03-19T11:38:53.559-0400	debug	Received PollActivityTaskQueue	{"host": "127.0.0.1:63278", "service": "frontend", "logging-call-at": "/Users/shivamsaraf/Desktop/work/temporal/common/log/with_logger.go:61"}
2025-03-19T11:38:53.562-0400	debug	Process task as active.	{"host": "127.0.0.1:63280", "shard-id": 1, "address": "127.0.0.1:63280", "component": "timer-queue-processor", "wf-namespace-id": "d0b550e3-6091-4a9b-a9aa-3d80ffb24954", "value": "d0b550e3-6091-4a9b-a9aa-3d80ffb24954/temporal-sys-worker-deployment:rrentVersion_Batching-564e9892_deployment_series/0195af0e-960d-715f-b6c6-08dcdf4b78ec", "logging-call-at": "/Users/shivamsaraf/Desktop/work/temporal/common/log/with_logger.go:61"}
2025-03-19T11:38:53.661-0400	info	modified user data	{"host": "127.0.0.1:63279", "component": "matching-engine", "wf-task-queue-name": "rrentVersion_Batching-564e9892_task_queue_16", "wf-task-queue-type": "Workflow", "wf-namespace": "namespace-ec265ab4-426c-4316-a4b3-47fc66311932", "user-data-update-source": "SyncDeploymentUserData", "user-data-version": 1, "timestamp": "2025-03-19T15:38:53.559Z", "logging-call-at": "/Users/shivamsaraf/Desktop/work/temporal/common/log/with_logger.go:66"}
2025-03-19T11:38:53.661-0400	debug	user data changed while blocked in long poll	{"host": "127.0.0.1:63279", "component": "matching-engine", "wf-task-queue-name": "rrentVersion_Batching-564e9892_task_queue_16", "wf-task-queue-type": "Workflow", "wf-namespace": "namespace-ec265ab4-426c-4316-a4b3-47fc66311932", "logging-call-at": "/Users/shivamsaraf/Desktop/work/temporal/common/log/with_logger.go:61"}
2025-03-19T11:38:53.661-0400	debug	user data changed while blocked in long poll	{"host": "127.0.0.1:63279", "component": "matching-engine", "wf-task-queue-name": "rrentVersion_Batching-564e9892_task_queue_16", "wf-task-queue-type": "Workflow", "wf-namespace": "namespace-ec265ab4-426c-4316-a4b3-47fc66311932", "logging-call-at": "/Users/shivamsaraf/Desktop/work/temporal/common/log/with_logger.go:61"}
2025-03-19T11:38:53.661-0400	debug	user data changed while blocked in long poll	{"host": "127.0.0.1:63279", "component": "matching-engine", "wf-task-queue-name": "rrentVersion_Batching-564e9892_task_queue_16", "wf-task-queue-type": "Workflow", "wf-namespace": "namespace-ec265ab4-426c-4316-a4b3-47fc66311932", "logging-call-at": "/Users/shivamsaraf/Desktop/work/temporal/common/log/with_logger.go:61"}
2025-03-19T11:38:53.661-0400	info	returning user data	{"host": "127.0.0.1:63279", "component": "matching-engine", "wf-task-queue-name": "rrentVersion_Batching-564e9892_task_queue_16", "wf-task-queue-type": "Workflow", "wf-namespace": "namespace-ec265ab4-426c-4316-a4b3-47fc66311932", "long-poll": true, "request-known-version": 0, "user-data-version": 1, "logging-call-at": "/Users/shivamsaraf/Desktop/work/temporal/common/log/with_logger.go:66"}
2025-03-19T11:38:53.662-0400	info	returning user data	{"host": "127.0.0.1:63279", "component": "matching-engine", "wf-task-queue-name": "rrentVersion_Batching-564e9892_task_queue_16", "wf-task-queue-type": "Workflow", "wf-namespace": "namespace-ec265ab4-426c-4316-a4b3-47fc66311932", "long-poll": true, "request-known-version": 0, "user-data-version": 1, "logging-call-at": "/Users/shivamsaraf/Desktop/work/temporal/common/log/with_logger.go:66"}
2025-03-19T11:38:53.662-0400	info	returning user data	{"host": "127.0.0.1:63279", "component": "matching-engine", "wf-task-queue-name": "rrentVersion_Batching-564e9892_task_queue_16", "wf-task-queue-type": "Workflow", "wf-namespace": "namespace-ec265ab4-426c-4316-a4b3-47fc66311932", "long-poll": true, "request-known-version": 0, "user-data-version": 1, "logging-call-at": "/Users/shivamsaraf/Desktop/work/temporal/common/log/with_logger.go:66"}
2025-03-19T11:38:53.662-0400	info	fetched user data from parent	{"host": "127.0.0.1:63279", "component": "matching-engine", "wf-task-queue-name": "/_sys/rrentVersion_Batching-564e9892_task_queue_16/3", "wf-task-queue-type": "Workflow", "wf-namespace": "namespace-ec265ab4-426c-4316-a4b3-47fc66311932", "user-data-version": 1, "timestamp": "2025-03-19T15:38:53.559Z", "logging-call-at": "/Users/shivamsaraf/Desktop/work/temporal/common/log/with_logger.go:66"}
2025-03-19T11:38:53.662-0400	info	fetched user data from parent	{"host": "127.0.0.1:63279", "component": "matching-engine", "wf-task-queue-name": "/_sys/rrentVersion_Batching-564e9892_task_queue_16/1", "wf-task-queue-type": "Workflow", "wf-namespace": "namespace-ec265ab4-426c-4316-a4b3-47fc66311932", "user-data-version": 1, "timestamp": "2025-03-19T15:38:53.559Z", "logging-call-at": "/Users/shivamsaraf/Desktop/work/temporal/common/log/with_logger.go:66"}
2025-03-19T11:38:53.662-0400	info	fetched user data from parent	{"host": "127.0.0.1:63279", "component": "matching-engine", "wf-task-queue-name": "/_sys/rrentVersion_Batching-564e9892_task_queue_16/2", "wf-task-queue-type": "Workflow", "wf-namespace": "namespace-ec265ab4-426c-4316-a4b3-47fc66311932", "user-data-version": 1, "timestamp": "2025-03-19T15:38:53.559Z", "logging-call-at": "/Users/shivamsaraf/Desktop/work/temporal/common/log/with_logger.go:66"}
2025-03-19T11:38:53.662-0400	debug	Frontend method invoked.	{"host": "127.0.0.1:63278", "wf-namespace": "namespace-ec265ab4-426c-4316-a4b3-47fc66311932", "operation": "RespondActivityTaskCompleted", "server-name": "", "cert-thumbprint": "", "logging-call-at": "/Users/shivamsaraf/Desktop/work/temporal/common/log/with_logger.go:61"}
2025-03-19T11:38:53.663-0400	debug	Workflow task updated	{"host": "127.0.0.1:63280", "shard-id": 4, "address": "127.0.0.1:63280", "wf-scheduled-event-id": 851, "wf-started-event-id": 0, "workflow-task-request-id": "emptyUuid", "workflow-task-timeout": 10, "attempt": 1, "wf-started-timestamp": "0001-01-01T00:00:00.000Z", "wt-type": "Normal", "logging-call-at": "/Users/shivamsaraf/Desktop/work/temporal/common/log/with_logger.go:61"}
2025-03-19T11:38:53.663-0400	debug	Assigning new task key	{"host": "127.0.0.1:63280", "shard-id": 4, "address": "127.0.0.1:63280", "wf-namespace-id": "d0b550e3-6091-4a9b-a9aa-3d80ffb24954", "wf-id": "temporal-sys-worker-deployment-version:rrentVersion_Batching-564e9892_deployment_series.rrentVersion_Batching-564e9892_build_id", "wf-run-id": "0195af0e-98a0-7d94-93e5-2a1d2e5942f8", "queue-task-type": "WorkflowTaskTimeout", "queue-task-id": 1050772, "timestamp": "2025-03-19T15:38:58.664Z", "cursor-timestamp": "2025-03-19T15:38:54.554Z", "logging-call-at": "/Users/shivamsaraf/Desktop/work/temporal/common/log/with_logger.go:61"}
2025-03-19T11:38:53.663-0400	debug	Assigning new task key	{"host": "127.0.0.1:63280", "shard-id": 4, "address": "127.0.0.1:63280", "wf-namespace-id": "d0b550e3-6091-4a9b-a9aa-3d80ffb24954", "wf-id": "temporal-sys-worker-deployment-version:rrentVersion_Batching-564e9892_deployment_series.rrentVersion_Batching-564e9892_build_id", "wf-run-id": "0195af0e-98a0-7d94-93e5-2a1d2e5942f8", "queue-task-type": "TransferWorkflowTask", "queue-task-id": 1050773, "timestamp": "2025-03-19T15:38:53.663Z", "cursor-timestamp": "2025-03-19T15:38:54.554Z", "logging-call-at": "/Users/shivamsaraf/Desktop/work/temporal/common/log/with_logger.go:61"}
2025-03-19T11:38:53.669-0400	debug	Process task as active.	{"host": "127.0.0.1:63280", "shard-id": 4, "address": "127.0.0.1:63280", "component": "transfer-queue-processor", "wf-namespace-id": "d0b550e3-6091-4a9b-a9aa-3d80ffb24954", "value": "d0b550e3-6091-4a9b-a9aa-3d80ffb24954/temporal-sys-worker-deployment-version:rrentVersion_Batching-564e9892_deployment_series.rrentVersion_Batching-564e9892_build_id/0195af0e-98a0-7d94-93e5-2a1d2e5942f8", "logging-call-at": "/Users/shivamsaraf/Desktop/work/temporal/common/log/with_logger.go:61"}
2025-03-19T11:38:53.670-0400	debug	Workflow task updated	{"host": "127.0.0.1:63280", "shard-id": 4, "address": "127.0.0.1:63280", "wf-scheduled-event-id": 851, "wf-started-event-id": 852, "workflow-task-request-id": "32296155-d9c0-43ed-89a5-a92cc03e0ae7", "workflow-task-timeout": 10, "attempt": 1, "wf-started-timestamp": "2025-03-19T15:38:53.670Z", "wt-type": "Normal", "logging-call-at": "/Users/shivamsaraf/Desktop/work/temporal/common/log/with_logger.go:61"}
2025-03-19T11:38:53.670-0400	debug	Assigning new task key	{"host": "127.0.0.1:63280", "shard-id": 4, "address": "127.0.0.1:63280", "wf-namespace-id": "d0b550e3-6091-4a9b-a9aa-3d80ffb24954", "wf-id": "temporal-sys-worker-deployment-version:rrentVersion_Batching-564e9892_deployment_series.rrentVersion_Batching-564e9892_build_id", "wf-run-id": "0195af0e-98a0-7d94-93e5-2a1d2e5942f8", "queue-task-type": "WorkflowTaskTimeout", "queue-task-id": 1050776, "timestamp": "2025-03-19T15:39:03.671Z", "cursor-timestamp": "2025-03-19T15:38:54.669Z", "logging-call-at": "/Users/shivamsaraf/Desktop/work/temporal/common/log/with_logger.go:61"}
2025-03-19T11:38:53.681-0400	debug	ExecuteActivity	{"host": "127.0.0.1:63281", "Namespace": "namespace-ec265ab4-426c-4316-a4b3-47fc66311932", "TaskQueue": "temporal-sys-per-ns-tq", "WorkerID": "temporal-system@Shivams-MacBook-Pro.local@namespace-ec265ab4-426c-4316-a4b3-47fc66311932", "WorkflowType": "temporal-sys-worker-deployment-version-workflow", "WorkflowID": "temporal-sys-worker-deployment-version:rrentVersion_Batching-564e9892_deployment_series.rrentVersion_Batching-564e9892_build_id", "RunID": "0195af0e-98a0-7d94-93e5-2a1d2e5942f8", "Attempt": 0, "ActivityID": "854", "ActivityType": "CheckWorkerDeploymentUserDataPropagation", "logging-call-at": "/Users/shivamsaraf/Desktop/work/temporal/common/log/with_logger.go:61"}
2025-03-19T11:38:53.681-0400	debug	Frontend method invoked.	{"host": "127.0.0.1:63278", "wf-namespace": "namespace-ec265ab4-426c-4316-a4b3-47fc66311932", "operation": "PollWorkflowTaskQueue", "server-name": "", "cert-thumbprint": "", "logging-call-at": "/Users/shivamsaraf/Desktop/work/temporal/common/log/with_logger.go:61"}
2025-03-19T11:38:53.682-0400	debug	Received PollWorkflowTaskQueue	{"host": "127.0.0.1:63278", "service": "frontend", "logging-call-at": "/Users/shivamsaraf/Desktop/work/temporal/common/log/with_logger.go:61"}
2025-03-19T11:38:53.682-0400	debug	Poll workflow task queue.	{"host": "127.0.0.1:63278", "service": "frontend", "wf-namespace": "namespace-ec265ab4-426c-4316-a4b3-47fc66311932", "wf-namespace-id": "d0b550e3-6091-4a9b-a9aa-3d80ffb24954", "logging-call-at": "/Users/shivamsaraf/Desktop/work/temporal/common/log/with_logger.go:61"}
2025-03-19T11:38:53.682-0400	debug	Frontend method invoked.	{"host": "127.0.0.1:63278", "wf-namespace": "namespace-ec265ab4-426c-4316-a4b3-47fc66311932", "operation": "RespondWorkflowTaskCompleted", "server-name": "", "cert-thumbprint": "", "logging-call-at": "/Users/shivamsaraf/Desktop/work/temporal/common/log/with_logger.go:61"}
2025-03-19T11:38:53.682-0400	debug	RespondWorkflowTaskCompleted	{"host": "127.0.0.1:63280", "service": "history", "wf-namespace-id": "d0b550e3-6091-4a9b-a9aa-3d80ffb24954", "wf-id": "temporal-sys-worker-deployment-version:rrentVersion_Batching-564e9892_deployment_series.rrentVersion_Batching-564e9892_build_id", "wf-run-id": "0195af0e-98a0-7d94-93e5-2a1d2e5942f8", "wf-scheduled-event-id": 851, "logging-call-at": "/Users/shivamsaraf/Desktop/work/temporal/common/log/with_logger.go:61"}
2025-03-19T11:38:53.682-0400	debug	Workflow task updated	{"host": "127.0.0.1:63280", "shard-id": 4, "address": "127.0.0.1:63280", "wf-scheduled-event-id": 0, "wf-started-event-id": 0, "workflow-task-request-id": "emptyUuid", "workflow-task-timeout": 0, "attempt": 1, "wf-started-timestamp": "1970-01-01T00:00:00.000Z", "wt-type": "Unspecified", "logging-call-at": "/Users/shivamsaraf/Desktop/work/temporal/common/log/with_logger.go:61"}
2025-03-19T11:38:53.683-0400	debug	Assigning new task key	{"host": "127.0.0.1:63280", "shard-id": 4, "address": "127.0.0.1:63280", "wf-namespace-id": "d0b550e3-6091-4a9b-a9aa-3d80ffb24954", "wf-id": "temporal-sys-worker-deployment-version:rrentVersion_Batching-564e9892_deployment_series.rrentVersion_Batching-564e9892_build_id", "wf-run-id": "0195af0e-98a0-7d94-93e5-2a1d2e5942f8", "queue-task-type": "TransferActivityTask", "queue-task-id": 1050781, "timestamp": "2025-03-19T15:38:53.683Z", "cursor-timestamp": "2025-03-19T15:38:54.669Z", "logging-call-at": "/Users/shivamsaraf/Desktop/work/temporal/common/log/with_logger.go:61"}
2025-03-19T11:38:53.687-0400	debug	Process task as active.	{"host": "127.0.0.1:63280", "shard-id": 4, "address": "127.0.0.1:63280", "component": "transfer-queue-processor", "wf-namespace-id": "d0b550e3-6091-4a9b-a9aa-3d80ffb24954", "value": "d0b550e3-6091-4a9b-a9aa-3d80ffb24954/temporal-sys-worker-deployment-version:rrentVersion_Batching-564e9892_deployment_series.rrentVersion_Batching-564e9892_build_id/0195af0e-98a0-7d94-93e5-2a1d2e5942f8", "logging-call-at": "/Users/shivamsaraf/Desktop/work/temporal/common/log/with_logger.go:61"}
2025-03-19T11:38:53.688-0400	debug	Assigning new task key	{"host": "127.0.0.1:63280", "shard-id": 4, "address": "127.0.0.1:63280", "wf-namespace-id": "d0b550e3-6091-4a9b-a9aa-3d80ffb24954", "wf-id": "temporal-sys-worker-deployment-version:rrentVersion_Batching-564e9892_deployment_series.rrentVersion_Batching-564e9892_build_id", "wf-run-id": "0195af0e-98a0-7d94-93e5-2a1d2e5942f8", "queue-task-type": "ActivityTimeout", "queue-task-id": 1050782, "timestamp": "2025-03-19T15:39:53.689Z", "cursor-timestamp": "2025-03-19T15:38:54.686Z", "logging-call-at": "/Users/shivamsaraf/Desktop/work/temporal/common/log/with_logger.go:61"}
2025-03-19T11:38:53.692-0400	info	waiting for userdata propagation	{"host": "127.0.0.1:63281", "Namespace": "namespace-ec265ab4-426c-4316-a4b3-47fc66311932", "TaskQueue": "temporal-sys-per-ns-tq", "WorkerID": "temporal-system@Shivams-MacBook-Pro.local@namespace-ec265ab4-426c-4316-a4b3-47fc66311932", "ActivityID": "854", "ActivityType": "CheckWorkerDeploymentUserDataPropagation", "Attempt": 1, "WorkflowType": "temporal-sys-worker-deployment-version-workflow", "WorkflowID": "temporal-sys-worker-deployment-version:rrentVersion_Batching-564e9892_deployment_series.rrentVersion_Batching-564e9892_build_id", "RunID": "0195af0e-98a0-7d94-93e5-2a1d2e5942f8", "taskQueue": "rrentVersion_Batching-564e9892_task_queue_16", "version": 1, "logging-call-at": "/Users/shivamsaraf/Desktop/work/temporal/common/log/with_logger.go:66"}
2025-03-19T11:38:53.692-0400	debug	Frontend method invoked.	{"host": "127.0.0.1:63278", "wf-namespace": "namespace-ec265ab4-426c-4316-a4b3-47fc66311932", "operation": "PollActivityTaskQueue", "server-name": "", "cert-thumbprint": "", "logging-call-at": "/Users/shivamsaraf/Desktop/work/temporal/common/log/with_logger.go:61"}
2025-03-19T11:38:53.692-0400	debug	Received PollActivityTaskQueue	{"host": "127.0.0.1:63278", "service": "frontend", "logging-call-at": "/Users/shivamsaraf/Desktop/work/temporal/common/log/with_logger.go:61"}
2025-03-19T11:38:53.693-0400	info	returning user data	{"host": "127.0.0.1:63279", "component": "matching-engine", "wf-task-queue-name": "/_sys/rrentVersion_Batching-564e9892_task_queue_16/1", "wf-task-queue-type": "Workflow", "wf-namespace": "namespace-ec265ab4-426c-4316-a4b3-47fc66311932", "long-poll": true, "request-known-version": 0, "user-data-version": 1, "logging-call-at": "/Users/shivamsaraf/Desktop/work/temporal/common/log/with_logger.go:66"}
2025-03-19T11:38:53.693-0400	info	returning user data	{"host": "127.0.0.1:63279", "component": "matching-engine", "wf-task-queue-name": "/_sys/rrentVersion_Batching-564e9892_task_queue_16/2", "wf-task-queue-type": "Workflow", "wf-namespace": "namespace-ec265ab4-426c-4316-a4b3-47fc66311932", "long-poll": true, "request-known-version": 0, "user-data-version": 1, "logging-call-at": "/Users/shivamsaraf/Desktop/work/temporal/common/log/with_logger.go:66"}
2025-03-19T11:38:53.693-0400	info	matching client encountered error	{"host": "127.0.0.1:63279", "error": "partition was not loaded", "service-error-type": "serviceerror.FailedPrecondition", "logging-call-at": "/Users/shivamsaraf/Desktop/work/temporal/common/log/with_logger.go:66"}
2025-03-19T11:38:53.693-0400	info	returning user data	{"host": "127.0.0.1:63279", "component": "matching-engine", "wf-task-queue-name": "/_sys/rrentVersion_Batching-564e9892_task_queue_16/3", "wf-task-queue-type": "Workflow", "wf-namespace": "namespace-ec265ab4-426c-4316-a4b3-47fc66311932", "long-poll": true, "request-known-version": 0, "user-data-version": 1, "logging-call-at": "/Users/shivamsaraf/Desktop/work/temporal/common/log/with_logger.go:66"}
2025-03-19T11:38:53.693-0400	info	matching client encountered error	{"host": "127.0.0.1:63279", "error": "partition was not loaded", "service-error-type": "serviceerror.FailedPrecondition", "logging-call-at": "/Users/shivamsaraf/Desktop/work/temporal/common/log/with_logger.go:66"}
2025-03-19T11:38:53.693-0400	info	matching client encountered error	{"host": "127.0.0.1:63279", "error": "partition was not loaded", "service-error-type": "serviceerror.FailedPrecondition", "logging-call-at": "/Users/shivamsaraf/Desktop/work/temporal/common/log/with_logger.go:66"}
2025-03-19T11:38:53.693-0400	info	matching client encountered error	{"host": "127.0.0.1:63279", "error": "partition was not loaded", "service-error-type": "serviceerror.FailedPrecondition", "logging-call-at": "/Users/shivamsaraf/Desktop/work/temporal/common/log/with_logger.go:66"}
2025-03-19T11:38:53.694-0400	debug	Frontend method invoked.	{"host": "127.0.0.1:63278", "wf-namespace": "namespace-ec265ab4-426c-4316-a4b3-47fc66311932", "operation": "RespondActivityTaskCompleted", "server-name": "", "cert-thumbprint": "", "logging-call-at": "/Users/shivamsaraf/Desktop/work/temporal/common/log/with_logger.go:61"}
2025-03-19T11:38:53.694-0400	debug	Workflow task updated	{"host": "127.0.0.1:63280", "shard-id": 4, "address": "127.0.0.1:63280", "wf-scheduled-event-id": 857, "wf-started-event-id": 0, "workflow-task-request-id": "emptyUuid", "workflow-task-timeout": 10, "attempt": 1, "wf-started-timestamp": "0001-01-01T00:00:00.000Z", "wt-type": "Normal", "logging-call-at": "/Users/shivamsaraf/Desktop/work/temporal/common/log/with_logger.go:61"}
2025-03-19T11:38:53.695-0400	debug	Assigning new task key	{"host": "127.0.0.1:63280", "shard-id": 4, "address": "127.0.0.1:63280", "wf-namespace-id": "d0b550e3-6091-4a9b-a9aa-3d80ffb24954", "wf-id": "temporal-sys-worker-deployment-version:rrentVersion_Batching-564e9892_deployment_series.rrentVersion_Batching-564e9892_build_id", "wf-run-id": "0195af0e-98a0-7d94-93e5-2a1d2e5942f8", "queue-task-type": "WorkflowTaskTimeout", "queue-task-id": 1050788, "timestamp": "2025-03-19T15:38:58.695Z", "cursor-timestamp": "2025-03-19T15:38:54.686Z", "logging-call-at": "/Users/shivamsaraf/Desktop/work/temporal/common/log/with_logger.go:61"}
2025-03-19T11:38:53.695-0400	debug	Assigning new task key	{"host": "127.0.0.1:63280", "shard-id": 4, "address": "127.0.0.1:63280", "wf-namespace-id": "d0b550e3-6091-4a9b-a9aa-3d80ffb24954", "wf-id": "temporal-sys-worker-deployment-version:rrentVersion_Batching-564e9892_deployment_series.rrentVersion_Batching-564e9892_build_id", "wf-run-id": "0195af0e-98a0-7d94-93e5-2a1d2e5942f8", "queue-task-type": "TransferWorkflowTask", "queue-task-id": 1050789, "timestamp": "2025-03-19T15:38:53.695Z", "cursor-timestamp": "2025-03-19T15:38:54.686Z", "logging-call-at": "/Users/shivamsaraf/Desktop/work/temporal/common/log/with_logger.go:61"}
2025-03-19T11:38:53.699-0400	debug	Process task as active.	{"host": "127.0.0.1:63280", "shard-id": 4, "address": "127.0.0.1:63280", "component": "transfer-queue-processor", "wf-namespace-id": "d0b550e3-6091-4a9b-a9aa-3d80ffb24954", "value": "d0b550e3-6091-4a9b-a9aa-3d80ffb24954/temporal-sys-worker-deployment-version:rrentVersion_Batching-564e9892_deployment_series.rrentVersion_Batching-564e9892_build_id/0195af0e-98a0-7d94-93e5-2a1d2e5942f8", "logging-call-at": "/Users/shivamsaraf/Desktop/work/temporal/common/log/with_logger.go:61"}
2025-03-19T11:38:53.700-0400	debug	Workflow task updated	{"host": "127.0.0.1:63280", "shard-id": 4, "address": "127.0.0.1:63280", "wf-scheduled-event-id": 857, "wf-started-event-id": 858, "workflow-task-request-id": "8a49686b-d790-4918-b29b-ff5adcc7db04", "workflow-task-timeout": 10, "attempt": 1, "wf-started-timestamp": "2025-03-19T15:38:53.700Z", "wt-type": "Normal", "logging-call-at": "/Users/shivamsaraf/Desktop/work/temporal/common/log/with_logger.go:61"}
2025-03-19T11:38:53.700-0400	debug	Assigning new task key	{"host": "127.0.0.1:63280", "shard-id": 4, "address": "127.0.0.1:63280", "wf-namespace-id": "d0b550e3-6091-4a9b-a9aa-3d80ffb24954", "wf-id": "temporal-sys-worker-deployment-version:rrentVersion_Batching-564e9892_deployment_series.rrentVersion_Batching-564e9892_build_id", "wf-run-id": "0195af0e-98a0-7d94-93e5-2a1d2e5942f8", "queue-task-type": "WorkflowTaskTimeout", "queue-task-id": 1050792, "timestamp": "2025-03-19T15:39:03.701Z", "cursor-timestamp": "2025-03-19T15:38:54.698Z", "logging-call-at": "/Users/shivamsaraf/Desktop/work/temporal/common/log/with_logger.go:61"}
2025-03-19T11:38:53.705-0400	debug	Process task as active.	{"host": "127.0.0.1:63280", "shard-id": 4, "address": "127.0.0.1:63280", "component": "timer-queue-processor", "wf-namespace-id": "d0b550e3-6091-4a9b-a9aa-3d80ffb24954", "value": "d0b550e3-6091-4a9b-a9aa-3d80ffb24954/temporal-sys-worker-deployment-version:rrentVersion_Batching-564e9892_deployment_series.rrentVersion_Batching-564e9892_build_id/0195af0e-98a0-7d94-93e5-2a1d2e5942f8", "logging-call-at": "/Users/shivamsaraf/Desktop/work/temporal/common/log/with_logger.go:61"}
2025-03-19T11:38:53.711-0400	debug	Frontend method invoked.	{"host": "127.0.0.1:63278", "wf-namespace": "namespace-ec265ab4-426c-4316-a4b3-47fc66311932", "operation": "PollWorkflowTaskQueue", "server-name": "", "cert-thumbprint": "", "logging-call-at": "/Users/shivamsaraf/Desktop/work/temporal/common/log/with_logger.go:61"}
2025-03-19T11:38:53.711-0400	debug	Received PollWorkflowTaskQueue	{"host": "127.0.0.1:63278", "service": "frontend", "logging-call-at": "/Users/shivamsaraf/Desktop/work/temporal/common/log/with_logger.go:61"}
2025-03-19T11:38:53.711-0400	debug	Poll workflow task queue.	{"host": "127.0.0.1:63278", "service": "frontend", "wf-namespace": "namespace-ec265ab4-426c-4316-a4b3-47fc66311932", "wf-namespace-id": "d0b550e3-6091-4a9b-a9aa-3d80ffb24954", "logging-call-at": "/Users/shivamsaraf/Desktop/work/temporal/common/log/with_logger.go:61"}
2025-03-19T11:38:53.711-0400	debug	Frontend method invoked.	{"host": "127.0.0.1:63278", "wf-namespace": "namespace-ec265ab4-426c-4316-a4b3-47fc66311932", "operation": "RespondWorkflowTaskCompleted", "server-name": "", "cert-thumbprint": "", "logging-call-at": "/Users/shivamsaraf/Desktop/work/temporal/common/log/with_logger.go:61"}
2025-03-19T11:38:53.711-0400	debug	RespondWorkflowTaskCompleted	{"host": "127.0.0.1:63280", "service": "history", "wf-namespace-id": "d0b550e3-6091-4a9b-a9aa-3d80ffb24954", "wf-id": "temporal-sys-worker-deployment-version:rrentVersion_Batching-564e9892_deployment_series.rrentVersion_Batching-564e9892_build_id", "wf-run-id": "0195af0e-98a0-7d94-93e5-2a1d2e5942f8", "wf-scheduled-event-id": 857, "logging-call-at": "/Users/shivamsaraf/Desktop/work/temporal/common/log/with_logger.go:61"}
2025-03-19T11:38:53.711-0400	debug	Workflow task updated	{"host": "127.0.0.1:63280", "shard-id": 4, "address": "127.0.0.1:63280", "wf-scheduled-event-id": 0, "wf-started-event-id": 0, "workflow-task-request-id": "emptyUuid", "workflow-task-timeout": 0, "attempt": 1, "wf-started-timestamp": "1970-01-01T00:00:00.000Z", "wt-type": "Unspecified", "logging-call-at": "/Users/shivamsaraf/Desktop/work/temporal/common/log/with_logger.go:61"}
2025-03-19T11:38:53.711-0400	debug	update state change	{"host": "127.0.0.1:63280", "shard-id": 4, "address": "127.0.0.1:63280", "wf-namespace-id": "d0b550e3-6091-4a9b-a9aa-3d80ffb24954", "wf-id": "temporal-sys-worker-deployment-version:rrentVersion_Batching-564e9892_deployment_series.rrentVersion_Batching-564e9892_build_id", "wf-run-id": "0195af0e-98a0-7d94-93e5-2a1d2e5942f8", "update-id": "95243db6-c8eb-4004-9ca5-a921fdc8c09a", "from-state": "Accepted", "to-state": "ProvisionallyCompleted", "logging-call-at": "/Users/shivamsaraf/Desktop/work/temporal/common/log/with_logger.go:61"}
2025-03-19T11:38:53.714-0400	debug	update state change	{"host": "127.0.0.1:63280", "shard-id": 4, "address": "127.0.0.1:63280", "wf-namespace-id": "d0b550e3-6091-4a9b-a9aa-3d80ffb24954", "wf-id": "temporal-sys-worker-deployment-version:rrentVersion_Batching-564e9892_deployment_series.rrentVersion_Batching-564e9892_build_id", "wf-run-id": "0195af0e-98a0-7d94-93e5-2a1d2e5942f8", "update-id": "95243db6-c8eb-4004-9ca5-a921fdc8c09a", "from-state": "ProvisionallyCompleted", "to-state": "Completed", "logging-call-at": "/Users/shivamsaraf/Desktop/work/temporal/common/log/with_logger.go:61"}
2025-03-19T11:38:53.715-0400	debug	Frontend method invoked.	{"host": "127.0.0.1:63278", "wf-namespace": "namespace-ec265ab4-426c-4316-a4b3-47fc66311932", "operation": "RespondActivityTaskCompleted", "server-name": "", "cert-thumbprint": "", "logging-call-at": "/Users/shivamsaraf/Desktop/work/temporal/common/log/with_logger.go:61"}
2025-03-19T11:38:53.715-0400	debug	Workflow task updated	{"host": "127.0.0.1:63280", "shard-id": 1, "address": "127.0.0.1:63280", "wf-scheduled-event-id": 403, "wf-started-event-id": 0, "workflow-task-request-id": "emptyUuid", "workflow-task-timeout": 10, "attempt": 1, "wf-started-timestamp": "0001-01-01T00:00:00.000Z", "wt-type": "Normal", "logging-call-at": "/Users/shivamsaraf/Desktop/work/temporal/common/log/with_logger.go:61"}
2025-03-19T11:38:53.715-0400	debug	Assigning new task key	{"host": "127.0.0.1:63280", "shard-id": 1, "address": "127.0.0.1:63280", "wf-namespace-id": "d0b550e3-6091-4a9b-a9aa-3d80ffb24954", "wf-id": "temporal-sys-worker-deployment:rrentVersion_Batching-564e9892_deployment_series", "wf-run-id": "0195af0e-960d-715f-b6c6-08dcdf4b78ec", "queue-task-type": "WorkflowTaskTimeout", "queue-task-id": 1049546, "timestamp": "2025-03-19T15:38:58.716Z", "cursor-timestamp": "2025-03-19T15:38:54.537Z", "logging-call-at": "/Users/shivamsaraf/Desktop/work/temporal/common/log/with_logger.go:61"}
2025-03-19T11:38:53.715-0400	debug	Assigning new task key	{"host": "127.0.0.1:63280", "shard-id": 1, "address": "127.0.0.1:63280", "wf-namespace-id": "d0b550e3-6091-4a9b-a9aa-3d80ffb24954", "wf-id": "temporal-sys-worker-deployment:rrentVersion_Batching-564e9892_deployment_series", "wf-run-id": "0195af0e-960d-715f-b6c6-08dcdf4b78ec", "queue-task-type": "TransferWorkflowTask", "queue-task-id": 1049547, "timestamp": "2025-03-19T15:38:53.715Z", "cursor-timestamp": "2025-03-19T15:38:54.537Z", "logging-call-at": "/Users/shivamsaraf/Desktop/work/temporal/common/log/with_logger.go:61"}
2025-03-19T11:38:53.719-0400	debug	Process task as active.	{"host": "127.0.0.1:63280", "shard-id": 1, "address": "127.0.0.1:63280", "component": "transfer-queue-processor", "wf-namespace-id": "d0b550e3-6091-4a9b-a9aa-3d80ffb24954", "value": "d0b550e3-6091-4a9b-a9aa-3d80ffb24954/temporal-sys-worker-deployment:rrentVersion_Batching-564e9892_deployment_series/0195af0e-960d-715f-b6c6-08dcdf4b78ec", "logging-call-at": "/Users/shivamsaraf/Desktop/work/temporal/common/log/with_logger.go:61"}
2025-03-19T11:38:53.720-0400	debug	Workflow task updated	{"host": "127.0.0.1:63280", "shard-id": 1, "address": "127.0.0.1:63280", "wf-scheduled-event-id": 403, "wf-started-event-id": 404, "workflow-task-request-id": "82b220a5-7c11-443a-b010-bbcfa3a7c1e7", "workflow-task-timeout": 10, "attempt": 1, "wf-started-timestamp": "2025-03-19T15:38:53.720Z", "wt-type": "Normal", "logging-call-at": "/Users/shivamsaraf/Desktop/work/temporal/common/log/with_logger.go:61"}
2025-03-19T11:38:53.720-0400	debug	Assigning new task key	{"host": "127.0.0.1:63280", "shard-id": 1, "address": "127.0.0.1:63280", "wf-namespace-id": "d0b550e3-6091-4a9b-a9aa-3d80ffb24954", "wf-id": "temporal-sys-worker-deployment:rrentVersion_Batching-564e9892_deployment_series", "wf-run-id": "0195af0e-960d-715f-b6c6-08dcdf4b78ec", "queue-task-type": "WorkflowTaskTimeout", "queue-task-id": 1049550, "timestamp": "2025-03-19T15:39:03.721Z", "cursor-timestamp": "2025-03-19T15:38:54.719Z", "logging-call-at": "/Users/shivamsaraf/Desktop/work/temporal/common/log/with_logger.go:61"}
2025-03-19T11:38:53.727-0400	debug	Frontend method invoked.	{"host": "127.0.0.1:63278", "wf-namespace": "namespace-ec265ab4-426c-4316-a4b3-47fc66311932", "operation": "PollWorkflowTaskQueue", "server-name": "", "cert-thumbprint": "", "logging-call-at": "/Users/shivamsaraf/Desktop/work/temporal/common/log/with_logger.go:61"}
2025-03-19T11:38:53.727-0400	debug	Received PollWorkflowTaskQueue	{"host": "127.0.0.1:63278", "service": "frontend", "logging-call-at": "/Users/shivamsaraf/Desktop/work/temporal/common/log/with_logger.go:61"}
2025-03-19T11:38:53.727-0400	debug	Poll workflow task queue.	{"host": "127.0.0.1:63278", "service": "frontend", "wf-namespace": "namespace-ec265ab4-426c-4316-a4b3-47fc66311932", "wf-namespace-id": "d0b550e3-6091-4a9b-a9aa-3d80ffb24954", "logging-call-at": "/Users/shivamsaraf/Desktop/work/temporal/common/log/with_logger.go:61"}
2025-03-19T11:38:53.727-0400	debug	Frontend method invoked.	{"host": "127.0.0.1:63278", "wf-namespace": "namespace-ec265ab4-426c-4316-a4b3-47fc66311932", "operation": "RespondWorkflowTaskCompleted", "server-name": "", "cert-thumbprint": "", "logging-call-at": "/Users/shivamsaraf/Desktop/work/temporal/common/log/with_logger.go:61"}
2025-03-19T11:38:53.727-0400	debug	RespondWorkflowTaskCompleted	{"host": "127.0.0.1:63280", "service": "history", "wf-namespace-id": "d0b550e3-6091-4a9b-a9aa-3d80ffb24954", "wf-id": "temporal-sys-worker-deployment:rrentVersion_Batching-564e9892_deployment_series", "wf-run-id": "0195af0e-960d-715f-b6c6-08dcdf4b78ec", "wf-scheduled-event-id": 403, "logging-call-at": "/Users/shivamsaraf/Desktop/work/temporal/common/log/with_logger.go:61"}
2025-03-19T11:38:53.728-0400	debug	Workflow task updated	{"host": "127.0.0.1:63280", "shard-id": 1, "address": "127.0.0.1:63280", "wf-scheduled-event-id": 0, "wf-started-event-id": 0, "workflow-task-request-id": "emptyUuid", "workflow-task-timeout": 0, "attempt": 1, "wf-started-timestamp": "1970-01-01T00:00:00.000Z", "wt-type": "Unspecified", "logging-call-at": "/Users/shivamsaraf/Desktop/work/temporal/common/log/with_logger.go:61"}
2025-03-19T11:38:53.728-0400	debug	update state change	{"host": "127.0.0.1:63280", "shard-id": 1, "address": "127.0.0.1:63280", "wf-namespace-id": "d0b550e3-6091-4a9b-a9aa-3d80ffb24954", "wf-id": "temporal-sys-worker-deployment:rrentVersion_Batching-564e9892_deployment_series", "wf-run-id": "0195af0e-960d-715f-b6c6-08dcdf4b78ec", "update-id": "2dc764cd-7bb4-4ef4-8a8d-e0c98a978be1", "from-state": "Accepted", "to-state": "ProvisionallyCompleted", "logging-call-at": "/Users/shivamsaraf/Desktop/work/temporal/common/log/with_logger.go:61"}
2025-03-19T11:38:53.731-0400	debug	update state change	{"host": "127.0.0.1:63280", "shard-id": 1, "address": "127.0.0.1:63280", "wf-namespace-id": "d0b550e3-6091-4a9b-a9aa-3d80ffb24954", "wf-id": "temporal-sys-worker-deployment:rrentVersion_Batching-564e9892_deployment_series", "wf-run-id": "0195af0e-960d-715f-b6c6-08dcdf4b78ec", "update-id": "2dc764cd-7bb4-4ef4-8a8d-e0c98a978be1", "from-state": "ProvisionallyCompleted", "to-state": "Completed", "logging-call-at": "/Users/shivamsaraf/Desktop/work/temporal/common/log/with_logger.go:61"}
2025-03-19T11:38:53.731-0400	debug	deployment client success	{"host": "127.0.0.1:63279", "operation": "RegisterTaskQueueWorker", "elapsed": 10.161770917, "args": ["rrentVersion_Batching-564e9892_task_queue_16",1,"matching service"], "logging-call-at": "/Users/shivamsaraf/Desktop/work/temporal/common/log/with_logger.go:61"}
2025-03-19T11:38:53.732-0400	info	Started physicalTaskQueueManager	{"host": "127.0.0.1:63279", "component": "matching-engine", "wf-task-queue-name": "rrentVersion_Batching-564e9892_task_queue_16", "wf-task-queue-type": "Workflow", "wf-namespace": "namespace-ec265ab4-426c-4316-a4b3-47fc66311932", "worker-build-id": "rrentVersion_Batching-564e9892_deployment_series/rrentVersion_Batching-564e9892_build_id", "lifecycle": "Started", "cause": "UserData", "logging-call-at": "/Users/shivamsaraf/Desktop/work/temporal/common/log/with_logger.go:66"}
2025-03-19T11:38:53.733-0400	debug	Process task as active.	{"host": "127.0.0.1:63280", "shard-id": 4, "address": "127.0.0.1:63280", "component": "timer-queue-processor", "wf-namespace-id": "d0b550e3-6091-4a9b-a9aa-3d80ffb24954", "value": "d0b550e3-6091-4a9b-a9aa-3d80ffb24954/temporal-sys-worker-deployment-version:rrentVersion_Batching-564e9892_deployment_series.rrentVersion_Batching-564e9892_build_id/0195af0e-98a0-7d94-93e5-2a1d2e5942f8", "logging-call-at": "/Users/shivamsaraf/Desktop/work/temporal/common/log/with_logger.go:61"}
2025-03-19T11:38:53.738-0400	debug	Frontend method invoked.	{"host": "127.0.0.1:63278", "wf-namespace": "namespace-ec265ab4-426c-4316-a4b3-47fc66311932", "operation": "DescribeWorkerDeploymentVersion", "server-name": "", "cert-thumbprint": "", "logging-call-at": "/Users/shivamsaraf/Desktop/work/temporal/common/log/with_logger.go:61"}
2025-03-19T11:38:53.741-0400	debug	Frontend method invoked.	{"host": "127.0.0.1:63278", "wf-namespace": "namespace-ec265ab4-426c-4316-a4b3-47fc66311932", "operation": "PollWorkflowTaskQueue", "server-name": "", "cert-thumbprint": "", "logging-call-at": "/Users/shivamsaraf/Desktop/work/temporal/common/log/with_logger.go:61"}
2025-03-19T11:38:53.741-0400	debug	Received PollWorkflowTaskQueue	{"host": "127.0.0.1:63278", "service": "frontend", "logging-call-at": "/Users/shivamsaraf/Desktop/work/temporal/common/log/with_logger.go:61"}
2025-03-19T11:38:53.741-0400	debug	Poll workflow task queue.	{"host": "127.0.0.1:63278", "service": "frontend", "wf-namespace": "namespace-ec265ab4-426c-4316-a4b3-47fc66311932", "wf-namespace-id": "d0b550e3-6091-4a9b-a9aa-3d80ffb24954", "logging-call-at": "/Users/shivamsaraf/Desktop/work/temporal/common/log/with_logger.go:61"}
2025-03-19T11:38:53.741-0400	debug	Frontend method invoked.	{"host": "127.0.0.1:63278", "wf-namespace": "namespace-ec265ab4-426c-4316-a4b3-47fc66311932", "operation": "RespondQueryTaskCompleted", "server-name": "", "cert-thumbprint": "", "logging-call-at": "/Users/shivamsaraf/Desktop/work/temporal/common/log/with_logger.go:61"}
2025-03-19T11:38:53.742-0400	debug	deployment client success	{"host": "127.0.0.1:63278", "operation": "DescribeVersion", "elapsed": 0.004130416, "args": ["rrentVersion_Batching-564e9892_deployment_series","rrentVersion_Batching-564e9892_build_id"], "logging-call-at": "/Users/shivamsaraf/Desktop/work/temporal/common/log/with_logger.go:61"}
2025-03-19T11:38:53.743-0400	debug	Frontend method invoked.	{"host": "127.0.0.1:63278", "wf-namespace": "namespace-ec265ab4-426c-4316-a4b3-47fc66311932", "operation": "DescribeTaskQueue", "server-name": "", "cert-thumbprint": "", "logging-call-at": "/Users/shivamsaraf/Desktop/work/temporal/common/log/with_logger.go:61"}
2025-03-19T11:38:53.745-0400	debug	Frontend method invoked.	{"host": "127.0.0.1:63278", "wf-namespace": "namespace-ec265ab4-426c-4316-a4b3-47fc66311932", "operation": "DescribeTaskQueue", "server-name": "", "cert-thumbprint": "", "logging-call-at": "/Users/shivamsaraf/Desktop/work/temporal/common/log/with_logger.go:61"}
2025-03-19T11:38:53.745-0400	debug	Frontend method invoked.	{"host": "127.0.0.1:63278", "wf-namespace": "namespace-ec265ab4-426c-4316-a4b3-47fc66311932", "operation": "DescribeTaskQueue", "server-name": "", "cert-thumbprint": "", "logging-call-at": "/Users/shivamsaraf/Desktop/work/temporal/common/log/with_logger.go:61"}
2025-03-19T11:38:53.746-0400	debug	Frontend method invoked.	{"host": "127.0.0.1:63278", "wf-namespace": "namespace-ec265ab4-426c-4316-a4b3-47fc66311932", "operation": "DescribeTaskQueue", "server-name": "", "cert-thumbprint": "", "logging-call-at": "/Users/shivamsaraf/Desktop/work/temporal/common/log/with_logger.go:61"}
2025-03-19T11:38:53.747-0400	debug	Frontend method invoked.	{"host": "127.0.0.1:63278", "wf-namespace": "namespace-ec265ab4-426c-4316-a4b3-47fc66311932", "operation": "DescribeTaskQueue", "server-name": "", "cert-thumbprint": "", "logging-call-at": "/Users/shivamsaraf/Desktop/work/temporal/common/log/with_logger.go:61"}
2025-03-19T11:38:53.748-0400	debug	Frontend method invoked.	{"host": "127.0.0.1:63278", "wf-namespace": "namespace-ec265ab4-426c-4316-a4b3-47fc66311932", "operation": "DescribeTaskQueue", "server-name": "", "cert-thumbprint": "", "logging-call-at": "/Users/shivamsaraf/Desktop/work/temporal/common/log/with_logger.go:61"}
2025-03-19T11:38:53.749-0400	debug	Frontend method invoked.	{"host": "127.0.0.1:63278", "wf-namespace": "namespace-ec265ab4-426c-4316-a4b3-47fc66311932", "operation": "DescribeTaskQueue", "server-name": "", "cert-thumbprint": "", "logging-call-at": "/Users/shivamsaraf/Desktop/work/temporal/common/log/with_logger.go:61"}
2025-03-19T11:38:53.750-0400	debug	Frontend method invoked.	{"host": "127.0.0.1:63278", "wf-namespace": "namespace-ec265ab4-426c-4316-a4b3-47fc66311932", "operation": "DescribeTaskQueue", "server-name": "", "cert-thumbprint": "", "logging-call-at": "/Users/shivamsaraf/Desktop/work/temporal/common/log/with_logger.go:61"}
2025-03-19T11:38:53.751-0400	debug	Process task as active.	{"host": "127.0.0.1:63280", "shard-id": 1, "address": "127.0.0.1:63280", "component": "timer-queue-processor", "wf-namespace-id": "d0b550e3-6091-4a9b-a9aa-3d80ffb24954", "value": "d0b550e3-6091-4a9b-a9aa-3d80ffb24954/temporal-sys-worker-deployment:rrentVersion_Batching-564e9892_deployment_series/0195af0e-960d-715f-b6c6-08dcdf4b78ec", "logging-call-at": "/Users/shivamsaraf/Desktop/work/temporal/common/log/with_logger.go:61"}
2025-03-19T11:38:53.751-0400	debug	Frontend method invoked.	{"host": "127.0.0.1:63278", "wf-namespace": "namespace-ec265ab4-426c-4316-a4b3-47fc66311932", "operation": "DescribeTaskQueue", "server-name": "", "cert-thumbprint": "", "logging-call-at": "/Users/shivamsaraf/Desktop/work/temporal/common/log/with_logger.go:61"}
2025-03-19T11:38:53.752-0400	debug	Frontend method invoked.	{"host": "127.0.0.1:63278", "wf-namespace": "namespace-ec265ab4-426c-4316-a4b3-47fc66311932", "operation": "DescribeTaskQueue", "server-name": "", "cert-thumbprint": "", "logging-call-at": "/Users/shivamsaraf/Desktop/work/temporal/common/log/with_logger.go:61"}
2025-03-19T11:38:53.752-0400	debug	Frontend method invoked.	{"host": "127.0.0.1:63278", "wf-namespace": "namespace-ec265ab4-426c-4316-a4b3-47fc66311932", "operation": "DescribeTaskQueue", "server-name": "", "cert-thumbprint": "", "logging-call-at": "/Users/shivamsaraf/Desktop/work/temporal/common/log/with_logger.go:61"}
2025-03-19T11:38:53.753-0400	debug	Frontend method invoked.	{"host": "127.0.0.1:63278", "wf-namespace": "namespace-ec265ab4-426c-4316-a4b3-47fc66311932", "operation": "DescribeTaskQueue", "server-name": "", "cert-thumbprint": "", "logging-call-at": "/Users/shivamsaraf/Desktop/work/temporal/common/log/with_logger.go:61"}
2025-03-19T11:38:53.754-0400	debug	Frontend method invoked.	{"host": "127.0.0.1:63278", "wf-namespace": "namespace-ec265ab4-426c-4316-a4b3-47fc66311932", "operation": "DescribeTaskQueue", "server-name": "", "cert-thumbprint": "", "logging-call-at": "/Users/shivamsaraf/Desktop/work/temporal/common/log/with_logger.go:61"}
2025-03-19T11:38:53.755-0400	debug	Frontend method invoked.	{"host": "127.0.0.1:63278", "wf-namespace": "namespace-ec265ab4-426c-4316-a4b3-47fc66311932", "operation": "DescribeTaskQueue", "server-name": "", "cert-thumbprint": "", "logging-call-at": "/Users/shivamsaraf/Desktop/work/temporal/common/log/with_logger.go:61"}
2025-03-19T11:38:53.756-0400	debug	Frontend method invoked.	{"host": "127.0.0.1:63278", "wf-namespace": "namespace-ec265ab4-426c-4316-a4b3-47fc66311932", "operation": "DescribeTaskQueue", "server-name": "", "cert-thumbprint": "", "logging-call-at": "/Users/shivamsaraf/Desktop/work/temporal/common/log/with_logger.go:61"}
2025-03-19T11:38:53.757-0400	debug	Frontend method invoked.	{"host": "127.0.0.1:63278", "wf-namespace": "namespace-ec265ab4-426c-4316-a4b3-47fc66311932", "operation": "DescribeTaskQueue", "server-name": "", "cert-thumbprint": "", "logging-call-at": "/Users/shivamsaraf/Desktop/work/temporal/common/log/with_logger.go:61"}
2025-03-19T11:38:53.757-0400	debug	Frontend method invoked.	{"host": "127.0.0.1:63278", "wf-namespace": "namespace-ec265ab4-426c-4316-a4b3-47fc66311932", "operation": "DescribeTaskQueue", "server-name": "", "cert-thumbprint": "", "logging-call-at": "/Users/shivamsaraf/Desktop/work/temporal/common/log/with_logger.go:61"}
2025-03-19T11:38:53.758-0400	debug	Frontend method invoked.	{"host": "127.0.0.1:63278", "wf-namespace": "namespace-ec265ab4-426c-4316-a4b3-47fc66311932", "operation": "DescribeTaskQueue", "server-name": "", "cert-thumbprint": "", "logging-call-at": "/Users/shivamsaraf/Desktop/work/temporal/common/log/with_logger.go:61"}
2025-03-19T11:38:53.759-0400	debug	Frontend method invoked.	{"host": "127.0.0.1:63278", "wf-namespace": "namespace-ec265ab4-426c-4316-a4b3-47fc66311932", "operation": "DescribeTaskQueue", "server-name": "", "cert-thumbprint": "", "logging-call-at": "/Users/shivamsaraf/Desktop/work/temporal/common/log/with_logger.go:61"}
2025-03-19T11:38:53.760-0400	debug	Frontend method invoked.	{"host": "127.0.0.1:63278", "wf-namespace": "namespace-ec265ab4-426c-4316-a4b3-47fc66311932", "operation": "DescribeTaskQueue", "server-name": "", "cert-thumbprint": "", "logging-call-at": "/Users/shivamsaraf/Desktop/work/temporal/common/log/with_logger.go:61"}
2025-03-19T11:38:53.761-0400	debug	Frontend method invoked.	{"host": "127.0.0.1:63278", "wf-namespace": "namespace-ec265ab4-426c-4316-a4b3-47fc66311932", "operation": "DescribeTaskQueue", "server-name": "", "cert-thumbprint": "", "logging-call-at": "/Users/shivamsaraf/Desktop/work/temporal/common/log/with_logger.go:61"}
2025-03-19T11:38:53.762-0400	debug	Frontend method invoked.	{"host": "127.0.0.1:63278", "wf-namespace": "namespace-ec265ab4-426c-4316-a4b3-47fc66311932", "operation": "DescribeTaskQueue", "server-name": "", "cert-thumbprint": "", "logging-call-at": "/Users/shivamsaraf/Desktop/work/temporal/common/log/with_logger.go:61"}
2025-03-19T11:38:53.762-0400	debug	Frontend method invoked.	{"host": "127.0.0.1:63278", "wf-namespace": "namespace-ec265ab4-426c-4316-a4b3-47fc66311932", "operation": "DescribeTaskQueue", "server-name": "", "cert-thumbprint": "", "logging-call-at": "/Users/shivamsaraf/Desktop/work/temporal/common/log/with_logger.go:61"}
2025-03-19T11:38:53.763-0400	debug	Frontend method invoked.	{"host": "127.0.0.1:63278", "wf-namespace": "namespace-ec265ab4-426c-4316-a4b3-47fc66311932", "operation": "DescribeTaskQueue", "server-name": "", "cert-thumbprint": "", "logging-call-at": "/Users/shivamsaraf/Desktop/work/temporal/common/log/with_logger.go:61"}
2025-03-19T11:38:53.764-0400	debug	Frontend method invoked.	{"host": "127.0.0.1:63278", "wf-namespace": "namespace-ec265ab4-426c-4316-a4b3-47fc66311932", "operation": "DescribeTaskQueue", "server-name": "", "cert-thumbprint": "", "logging-call-at": "/Users/shivamsaraf/Desktop/work/temporal/common/log/with_logger.go:61"}
2025-03-19T11:38:53.765-0400	debug	Frontend method invoked.	{"host": "127.0.0.1:63278", "wf-namespace": "namespace-ec265ab4-426c-4316-a4b3-47fc66311932", "operation": "DescribeTaskQueue", "server-name": "", "cert-thumbprint": "", "logging-call-at": "/Users/shivamsaraf/Desktop/work/temporal/common/log/with_logger.go:61"}
2025-03-19T11:38:53.766-0400	debug	Frontend method invoked.	{"host": "127.0.0.1:63278", "wf-namespace": "namespace-ec265ab4-426c-4316-a4b3-47fc66311932", "operation": "DescribeTaskQueue", "server-name": "", "cert-thumbprint": "", "logging-call-at": "/Users/shivamsaraf/Desktop/work/temporal/common/log/with_logger.go:61"}
2025-03-19T11:38:53.766-0400	debug	Frontend method invoked.	{"host": "127.0.0.1:63278", "wf-namespace": "namespace-ec265ab4-426c-4316-a4b3-47fc66311932", "operation": "DescribeTaskQueue", "server-name": "", "cert-thumbprint": "", "logging-call-at": "/Users/shivamsaraf/Desktop/work/temporal/common/log/with_logger.go:61"}
2025-03-19T11:38:53.767-0400	debug	Frontend method invoked.	{"host": "127.0.0.1:63278", "wf-namespace": "namespace-ec265ab4-426c-4316-a4b3-47fc66311932", "operation": "DescribeTaskQueue", "server-name": "", "cert-thumbprint": "", "logging-call-at": "/Users/shivamsaraf/Desktop/work/temporal/common/log/with_logger.go:61"}
2025-03-19T11:38:53.768-0400	debug	Frontend method invoked.	{"host": "127.0.0.1:63278", "wf-namespace": "namespace-ec265ab4-426c-4316-a4b3-47fc66311932", "operation": "DescribeTaskQueue", "server-name": "", "cert-thumbprint": "", "logging-call-at": "/Users/shivamsaraf/Desktop/work/temporal/common/log/with_logger.go:61"}
2025-03-19T11:38:53.769-0400	debug	Frontend method invoked.	{"host": "127.0.0.1:63278", "wf-namespace": "namespace-ec265ab4-426c-4316-a4b3-47fc66311932", "operation": "DescribeTaskQueue", "server-name": "", "cert-thumbprint": "", "logging-call-at": "/Users/shivamsaraf/Desktop/work/temporal/common/log/with_logger.go:61"}
2025-03-19T11:38:53.770-0400	debug	Frontend method invoked.	{"host": "127.0.0.1:63278", "wf-namespace": "namespace-ec265ab4-426c-4316-a4b3-47fc66311932", "operation": "DescribeTaskQueue", "server-name": "", "cert-thumbprint": "", "logging-call-at": "/Users/shivamsaraf/Desktop/work/temporal/common/log/with_logger.go:61"}
2025-03-19T11:38:53.771-0400	debug	Frontend method invoked.	{"host": "127.0.0.1:63278", "wf-namespace": "namespace-ec265ab4-426c-4316-a4b3-47fc66311932", "operation": "DescribeTaskQueue", "server-name": "", "cert-thumbprint": "", "logging-call-at": "/Users/shivamsaraf/Desktop/work/temporal/common/log/with_logger.go:61"}
2025-03-19T11:38:53.771-0400	debug	Frontend method invoked.	{"host": "127.0.0.1:63278", "wf-namespace": "namespace-ec265ab4-426c-4316-a4b3-47fc66311932", "operation": "DescribeTaskQueue", "server-name": "", "cert-thumbprint": "", "logging-call-at": "/Users/shivamsaraf/Desktop/work/temporal/common/log/with_logger.go:61"}
2025-03-19T11:38:53.772-0400	debug	Frontend method invoked.	{"host": "127.0.0.1:63278", "wf-namespace": "namespace-ec265ab4-426c-4316-a4b3-47fc66311932", "operation": "DescribeTaskQueue", "server-name": "", "cert-thumbprint": "", "logging-call-at": "/Users/shivamsaraf/Desktop/work/temporal/common/log/with_logger.go:61"}
2025-03-19T11:38:53.773-0400	debug	Frontend method invoked.	{"host": "127.0.0.1:63278", "wf-namespace": "namespace-ec265ab4-426c-4316-a4b3-47fc66311932", "operation": "DescribeTaskQueue", "server-name": "", "cert-thumbprint": "", "logging-call-at": "/Users/shivamsaraf/Desktop/work/temporal/common/log/with_logger.go:61"}
2025-03-19T11:38:53.774-0400	debug	Frontend method invoked.	{"host": "127.0.0.1:63278", "wf-namespace": "namespace-ec265ab4-426c-4316-a4b3-47fc66311932", "operation": "DescribeTaskQueue", "server-name": "", "cert-thumbprint": "", "logging-call-at": "/Users/shivamsaraf/Desktop/work/temporal/common/log/with_logger.go:61"}
2025-03-19T11:38:53.775-0400	debug	Frontend method invoked.	{"host": "127.0.0.1:63278", "wf-namespace": "namespace-ec265ab4-426c-4316-a4b3-47fc66311932", "operation": "DescribeTaskQueue", "server-name": "", "cert-thumbprint": "", "logging-call-at": "/Users/shivamsaraf/Desktop/work/temporal/common/log/with_logger.go:61"}
2025-03-19T11:38:53.775-0400	debug	Frontend method invoked.	{"host": "127.0.0.1:63278", "wf-namespace": "namespace-ec265ab4-426c-4316-a4b3-47fc66311932", "operation": "DescribeTaskQueue", "server-name": "", "cert-thumbprint": "", "logging-call-at": "/Users/shivamsaraf/Desktop/work/temporal/common/log/with_logger.go:61"}
2025-03-19T11:38:53.776-0400	debug	Frontend method invoked.	{"host": "127.0.0.1:63278", "wf-namespace": "namespace-ec265ab4-426c-4316-a4b3-47fc66311932", "operation": "DescribeTaskQueue", "server-name": "", "cert-thumbprint": "", "logging-call-at": "/Users/shivamsaraf/Desktop/work/temporal/common/log/with_logger.go:61"}
2025-03-19T11:38:53.777-0400	debug	Frontend method invoked.	{"host": "127.0.0.1:63278", "wf-namespace": "namespace-ec265ab4-426c-4316-a4b3-47fc66311932", "operation": "DescribeTaskQueue", "server-name": "", "cert-thumbprint": "", "logging-call-at": "/Users/shivamsaraf/Desktop/work/temporal/common/log/with_logger.go:61"}
2025-03-19T11:38:53.778-0400	debug	Frontend method invoked.	{"host": "127.0.0.1:63278", "wf-namespace": "namespace-ec265ab4-426c-4316-a4b3-47fc66311932", "operation": "DescribeTaskQueue", "server-name": "", "cert-thumbprint": "", "logging-call-at": "/Users/shivamsaraf/Desktop/work/temporal/common/log/with_logger.go:61"}
2025-03-19T11:38:53.778-0400	debug	Frontend method invoked.	{"host": "127.0.0.1:63278", "wf-namespace": "namespace-ec265ab4-426c-4316-a4b3-47fc66311932", "operation": "DescribeTaskQueue", "server-name": "", "cert-thumbprint": "", "logging-call-at": "/Users/shivamsaraf/Desktop/work/temporal/common/log/with_logger.go:61"}
2025-03-19T11:38:53.779-0400	debug	Frontend method invoked.	{"host": "127.0.0.1:63278", "wf-namespace": "namespace-ec265ab4-426c-4316-a4b3-47fc66311932", "operation": "DescribeTaskQueue", "server-name": "", "cert-thumbprint": "", "logging-call-at": "/Users/shivamsaraf/Desktop/work/temporal/common/log/with_logger.go:61"}
2025-03-19T11:38:53.780-0400	debug	Frontend method invoked.	{"host": "127.0.0.1:63278", "wf-namespace": "namespace-ec265ab4-426c-4316-a4b3-47fc66311932", "operation": "DescribeTaskQueue", "server-name": "", "cert-thumbprint": "", "logging-call-at": "/Users/shivamsaraf/Desktop/work/temporal/common/log/with_logger.go:61"}
2025-03-19T11:38:53.781-0400	debug	Frontend method invoked.	{"host": "127.0.0.1:63278", "wf-namespace": "namespace-ec265ab4-426c-4316-a4b3-47fc66311932", "operation": "DescribeTaskQueue", "server-name": "", "cert-thumbprint": "", "logging-call-at": "/Users/shivamsaraf/Desktop/work/temporal/common/log/with_logger.go:61"}
2025-03-19T11:38:53.781-0400	debug	Frontend method invoked.	{"host": "127.0.0.1:63278", "wf-namespace": "namespace-ec265ab4-426c-4316-a4b3-47fc66311932", "operation": "DescribeTaskQueue", "server-name": "", "cert-thumbprint": "", "logging-call-at": "/Users/shivamsaraf/Desktop/work/temporal/common/log/with_logger.go:61"}
2025-03-19T11:38:53.782-0400	debug	Frontend method invoked.	{"host": "127.0.0.1:63278", "wf-namespace": "namespace-ec265ab4-426c-4316-a4b3-47fc66311932", "operation": "DescribeTaskQueue", "server-name": "", "cert-thumbprint": "", "logging-call-at": "/Users/shivamsaraf/Desktop/work/temporal/common/log/with_logger.go:61"}
2025-03-19T11:38:53.783-0400	debug	Frontend method invoked.	{"host": "127.0.0.1:63278", "wf-namespace": "namespace-ec265ab4-426c-4316-a4b3-47fc66311932", "operation": "DescribeTaskQueue", "server-name": "", "cert-thumbprint": "", "logging-call-at": "/Users/shivamsaraf/Desktop/work/temporal/common/log/with_logger.go:61"}
2025-03-19T11:38:53.784-0400	debug	Frontend method invoked.	{"host": "127.0.0.1:63278", "wf-namespace": "namespace-ec265ab4-426c-4316-a4b3-47fc66311932", "operation": "DescribeTaskQueue", "server-name": "", "cert-thumbprint": "", "logging-call-at": "/Users/shivamsaraf/Desktop/work/temporal/common/log/with_logger.go:61"}
2025-03-19T11:38:53.886-0400	debug	Frontend method invoked.	{"host": "127.0.0.1:63278", "wf-namespace": "namespace-ec265ab4-426c-4316-a4b3-47fc66311932", "operation": "DescribeWorkerDeployment", "server-name": "", "cert-thumbprint": "", "logging-call-at": "/Users/shivamsaraf/Desktop/work/temporal/common/log/with_logger.go:61"}
2025-03-19T11:38:53.889-0400	debug	Frontend method invoked.	{"host": "127.0.0.1:63278", "wf-namespace": "namespace-ec265ab4-426c-4316-a4b3-47fc66311932", "operation": "PollWorkflowTaskQueue", "server-name": "", "cert-thumbprint": "", "logging-call-at": "/Users/shivamsaraf/Desktop/work/temporal/common/log/with_logger.go:61"}
2025-03-19T11:38:53.889-0400	debug	Frontend method invoked.	{"host": "127.0.0.1:63278", "wf-namespace": "namespace-ec265ab4-426c-4316-a4b3-47fc66311932", "operation": "RespondQueryTaskCompleted", "server-name": "", "cert-thumbprint": "", "logging-call-at": "/Users/shivamsaraf/Desktop/work/temporal/common/log/with_logger.go:61"}
2025-03-19T11:38:53.889-0400	debug	Received PollWorkflowTaskQueue	{"host": "127.0.0.1:63278", "service": "frontend", "logging-call-at": "/Users/shivamsaraf/Desktop/work/temporal/common/log/with_logger.go:61"}
2025-03-19T11:38:53.889-0400	debug	Poll workflow task queue.	{"host": "127.0.0.1:63278", "service": "frontend", "wf-namespace": "namespace-ec265ab4-426c-4316-a4b3-47fc66311932", "wf-namespace-id": "d0b550e3-6091-4a9b-a9aa-3d80ffb24954", "logging-call-at": "/Users/shivamsaraf/Desktop/work/temporal/common/log/with_logger.go:61"}
2025-03-19T11:38:53.891-0400	debug	deployment client success	{"host": "127.0.0.1:63278", "operation": "DescribeWorkerDeployment", "elapsed": 0.004971292, "args": ["rrentVersion_Batching-564e9892_deployment_series"], "logging-call-at": "/Users/shivamsaraf/Desktop/work/temporal/common/log/with_logger.go:61"}
2025-03-19T11:38:53.891-0400	debug	Frontend method invoked.	{"host": "127.0.0.1:63278", "wf-namespace": "namespace-ec265ab4-426c-4316-a4b3-47fc66311932", "operation": "SetWorkerDeploymentCurrentVersion", "server-name": "", "cert-thumbprint": "", "logging-call-at": "/Users/shivamsaraf/Desktop/work/temporal/common/log/with_logger.go:61"}
2025-03-19T11:38:53.892-0400	debug	Process task as active.	{"host": "127.0.0.1:63280", "shard-id": 4, "address": "127.0.0.1:63280", "component": "timer-queue-processor", "wf-namespace-id": "d0b550e3-6091-4a9b-a9aa-3d80ffb24954", "value": "d0b550e3-6091-4a9b-a9aa-3d80ffb24954/temporal-sys-worker-deployment-version:rrentVersion_Batching-564e9892_deployment_series.rrentVersion_Batching-564e9892_build_id/0195af0e-98a0-7d94-93e5-2a1d2e5942f8", "logging-call-at": "/Users/shivamsaraf/Desktop/work/temporal/common/log/with_logger.go:61"}
2025-03-19T11:38:53.893-0400	debug	update state change	{"host": "127.0.0.1:63280", "shard-id": 1, "address": "127.0.0.1:63280", "wf-namespace-id": "d0b550e3-6091-4a9b-a9aa-3d80ffb24954", "wf-id": "temporal-sys-worker-deployment:rrentVersion_Batching-564e9892_deployment_series", "wf-run-id": "0195af0e-960d-715f-b6c6-08dcdf4b78ec", "update-id": "a5c9a914-231d-4d93-a833-b65f5ef7fd2c", "from-state": "Created", "to-state": "ProvisionallyAdmitted", "logging-call-at": "/Users/shivamsaraf/Desktop/work/temporal/common/log/with_logger.go:61"}
2025-03-19T11:38:53.893-0400	debug	update state change	{"host": "127.0.0.1:63280", "shard-id": 1, "address": "127.0.0.1:63280", "wf-namespace-id": "d0b550e3-6091-4a9b-a9aa-3d80ffb24954", "wf-id": "temporal-sys-worker-deployment:rrentVersion_Batching-564e9892_deployment_series", "wf-run-id": "0195af0e-960d-715f-b6c6-08dcdf4b78ec", "update-id": "a5c9a914-231d-4d93-a833-b65f5ef7fd2c", "from-state": "ProvisionallyAdmitted", "to-state": "Admitted", "logging-call-at": "/Users/shivamsaraf/Desktop/work/temporal/common/log/with_logger.go:61"}
2025-03-19T11:38:53.893-0400	debug	Workflow task updated	{"host": "127.0.0.1:63280", "shard-id": 1, "address": "127.0.0.1:63280", "wf-scheduled-event-id": 407, "wf-started-event-id": 0, "workflow-task-request-id": "emptyUuid", "workflow-task-timeout": 10, "attempt": 1, "wf-started-timestamp": "0001-01-01T00:00:00.000Z", "wt-type": "Speculative", "logging-call-at": "/Users/shivamsaraf/Desktop/work/temporal/common/log/with_logger.go:61"}
2025-03-19T11:38:53.894-0400	debug	Workflow task updated	{"host": "127.0.0.1:63280", "shard-id": 1, "address": "127.0.0.1:63280", "wf-scheduled-event-id": 407, "wf-started-event-id": 408, "workflow-task-request-id": "46df05e0-3b96-4d45-b5e8-c893035541d8", "workflow-task-timeout": 10, "attempt": 1, "wf-started-timestamp": "2025-03-19T15:38:53.894Z", "wt-type": "Speculative", "logging-call-at": "/Users/shivamsaraf/Desktop/work/temporal/common/log/with_logger.go:61"}
2025-03-19T11:38:53.894-0400	debug	update state change	{"host": "127.0.0.1:63280", "shard-id": 1, "address": "127.0.0.1:63280", "wf-namespace-id": "d0b550e3-6091-4a9b-a9aa-3d80ffb24954", "wf-id": "temporal-sys-worker-deployment:rrentVersion_Batching-564e9892_deployment_series", "wf-run-id": "0195af0e-960d-715f-b6c6-08dcdf4b78ec", "update-id": "a5c9a914-231d-4d93-a833-b65f5ef7fd2c", "from-state": "Admitted", "to-state": "Sent", "logging-call-at": "/Users/shivamsaraf/Desktop/work/temporal/common/log/with_logger.go:61"}
2025-03-19T11:38:53.900-0400	debug	Frontend method invoked.	{"host": "127.0.0.1:63278", "wf-namespace": "namespace-ec265ab4-426c-4316-a4b3-47fc66311932", "operation": "PollWorkflowTaskQueue", "server-name": "", "cert-thumbprint": "", "logging-call-at": "/Users/shivamsaraf/Desktop/work/temporal/common/log/with_logger.go:61"}
2025-03-19T11:38:53.900-0400	debug	SideEffect Marker added	{"host": "127.0.0.1:63281", "Namespace": "namespace-ec265ab4-426c-4316-a4b3-47fc66311932", "TaskQueue": "temporal-sys-per-ns-tq", "WorkerID": "temporal-system@Shivams-MacBook-Pro.local@namespace-ec265ab4-426c-4316-a4b3-47fc66311932", "WorkflowType": "temporal-sys-worker-deployment-workflow", "WorkflowID": "temporal-sys-worker-deployment:rrentVersion_Batching-564e9892_deployment_series", "RunID": "0195af0e-960d-715f-b6c6-08dcdf4b78ec", "Attempt": 0, "SideEffectID": 1, "logging-call-at": "/Users/shivamsaraf/Desktop/work/temporal/common/log/with_logger.go:61"}
2025-03-19T11:38:53.900-0400	debug	Received PollWorkflowTaskQueue	{"host": "127.0.0.1:63278", "service": "frontend", "logging-call-at": "/Users/shivamsaraf/Desktop/work/temporal/common/log/with_logger.go:61"}
2025-03-19T11:38:53.900-0400	debug	Poll workflow task queue.	{"host": "127.0.0.1:63278", "service": "frontend", "wf-namespace": "namespace-ec265ab4-426c-4316-a4b3-47fc66311932", "wf-namespace-id": "d0b550e3-6091-4a9b-a9aa-3d80ffb24954", "logging-call-at": "/Users/shivamsaraf/Desktop/work/temporal/common/log/with_logger.go:61"}
2025-03-19T11:38:53.900-0400	debug	ExecuteActivity	{"host": "127.0.0.1:63281", "Namespace": "namespace-ec265ab4-426c-4316-a4b3-47fc66311932", "TaskQueue": "temporal-sys-per-ns-tq", "WorkerID": "temporal-system@Shivams-MacBook-Pro.local@namespace-ec265ab4-426c-4316-a4b3-47fc66311932", "WorkflowType": "temporal-sys-worker-deployment-workflow", "WorkflowID": "temporal-sys-worker-deployment:rrentVersion_Batching-564e9892_deployment_series", "RunID": "0195af0e-960d-715f-b6c6-08dcdf4b78ec", "Attempt": 0, "ActivityID": "412", "ActivityType": "SyncWorkerDeploymentVersion", "logging-call-at": "/Users/shivamsaraf/Desktop/work/temporal/common/log/with_logger.go:61"}
2025-03-19T11:38:53.900-0400	debug	Frontend method invoked.	{"host": "127.0.0.1:63278", "wf-namespace": "namespace-ec265ab4-426c-4316-a4b3-47fc66311932", "operation": "RespondWorkflowTaskCompleted", "server-name": "", "cert-thumbprint": "", "logging-call-at": "/Users/shivamsaraf/Desktop/work/temporal/common/log/with_logger.go:61"}
2025-03-19T11:38:53.901-0400	debug	RespondWorkflowTaskCompleted	{"host": "127.0.0.1:63280", "service": "history", "wf-namespace-id": "d0b550e3-6091-4a9b-a9aa-3d80ffb24954", "wf-id": "temporal-sys-worker-deployment:rrentVersion_Batching-564e9892_deployment_series", "wf-run-id": "0195af0e-960d-715f-b6c6-08dcdf4b78ec", "wf-scheduled-event-id": 407, "logging-call-at": "/Users/shivamsaraf/Desktop/work/temporal/common/log/with_logger.go:61"}
2025-03-19T11:38:53.901-0400	debug	Workflow task updated	{"host": "127.0.0.1:63280", "shard-id": 1, "address": "127.0.0.1:63280", "wf-scheduled-event-id": 0, "wf-started-event-id": 0, "workflow-task-request-id": "emptyUuid", "workflow-task-timeout": 0, "attempt": 1, "wf-started-timestamp": "1970-01-01T00:00:00.000Z", "wt-type": "Unspecified", "logging-call-at": "/Users/shivamsaraf/Desktop/work/temporal/common/log/with_logger.go:61"}
2025-03-19T11:38:53.901-0400	debug	update state change	{"host": "127.0.0.1:63280", "shard-id": 1, "address": "127.0.0.1:63280", "wf-namespace-id": "d0b550e3-6091-4a9b-a9aa-3d80ffb24954", "wf-id": "temporal-sys-worker-deployment:rrentVersion_Batching-564e9892_deployment_series", "wf-run-id": "0195af0e-960d-715f-b6c6-08dcdf4b78ec", "update-id": "a5c9a914-231d-4d93-a833-b65f5ef7fd2c", "from-state": "Sent", "to-state": "ProvisionallyAccepted", "logging-call-at": "/Users/shivamsaraf/Desktop/work/temporal/common/log/with_logger.go:61"}
2025-03-19T11:38:53.902-0400	debug	Assigning new task key	{"host": "127.0.0.1:63280", "shard-id": 1, "address": "127.0.0.1:63280", "wf-namespace-id": "d0b550e3-6091-4a9b-a9aa-3d80ffb24954", "wf-id": "temporal-sys-worker-deployment:rrentVersion_Batching-564e9892_deployment_series", "wf-run-id": "0195af0e-960d-715f-b6c6-08dcdf4b78ec", "queue-task-type": "TransferActivityTask", "queue-task-id": 1049568, "timestamp": "2025-03-19T15:38:53.902Z", "cursor-timestamp": "2025-03-19T15:38:54.719Z", "logging-call-at": "/Users/shivamsaraf/Desktop/work/temporal/common/log/with_logger.go:61"}
2025-03-19T11:38:53.907-0400	debug	update state change	{"host": "127.0.0.1:63280", "shard-id": 1, "address": "127.0.0.1:63280", "wf-namespace-id": "d0b550e3-6091-4a9b-a9aa-3d80ffb24954", "wf-id": "temporal-sys-worker-deployment:rrentVersion_Batching-564e9892_deployment_series", "wf-run-id": "0195af0e-960d-715f-b6c6-08dcdf4b78ec", "update-id": "a5c9a914-231d-4d93-a833-b65f5ef7fd2c", "from-state": "ProvisionallyAccepted", "to-state": "Accepted", "logging-call-at": "/Users/shivamsaraf/Desktop/work/temporal/common/log/with_logger.go:61"}
2025-03-19T11:38:53.907-0400	debug	Process task as active.	{"host": "127.0.0.1:63280", "shard-id": 1, "address": "127.0.0.1:63280", "component": "transfer-queue-processor", "wf-namespace-id": "d0b550e3-6091-4a9b-a9aa-3d80ffb24954", "value": "d0b550e3-6091-4a9b-a9aa-3d80ffb24954/temporal-sys-worker-deployment:rrentVersion_Batching-564e9892_deployment_series/0195af0e-960d-715f-b6c6-08dcdf4b78ec", "logging-call-at": "/Users/shivamsaraf/Desktop/work/temporal/common/log/with_logger.go:61"}
2025-03-19T11:38:53.908-0400	debug	Assigning new task key	{"host": "127.0.0.1:63280", "shard-id": 1, "address": "127.0.0.1:63280", "wf-namespace-id": "d0b550e3-6091-4a9b-a9aa-3d80ffb24954", "wf-id": "temporal-sys-worker-deployment:rrentVersion_Batching-564e9892_deployment_series", "wf-run-id": "0195af0e-960d-715f-b6c6-08dcdf4b78ec", "queue-task-type": "ActivityTimeout", "queue-task-id": 1049569, "timestamp": "2025-03-19T15:39:53.909Z", "cursor-timestamp": "2025-03-19T15:38:54.907Z", "logging-call-at": "/Users/shivamsaraf/Desktop/work/temporal/common/log/with_logger.go:61"}
2025-03-19T11:38:53.913-0400	debug	Frontend method invoked.	{"host": "127.0.0.1:63278", "wf-namespace": "namespace-ec265ab4-426c-4316-a4b3-47fc66311932", "operation": "PollActivityTaskQueue", "server-name": "", "cert-thumbprint": "", "logging-call-at": "/Users/shivamsaraf/Desktop/work/temporal/common/log/with_logger.go:61"}
2025-03-19T11:38:53.913-0400	debug	Received PollActivityTaskQueue	{"host": "127.0.0.1:63278", "service": "frontend", "logging-call-at": "/Users/shivamsaraf/Desktop/work/temporal/common/log/with_logger.go:61"}
2025-03-19T11:38:53.914-0400	debug	update state change	{"host": "127.0.0.1:63280", "shard-id": 4, "address": "127.0.0.1:63280", "wf-namespace-id": "d0b550e3-6091-4a9b-a9aa-3d80ffb24954", "wf-id": "temporal-sys-worker-deployment-version:rrentVersion_Batching-564e9892_deployment_series.rrentVersion_Batching-564e9892_build_id", "wf-run-id": "0195af0e-98a0-7d94-93e5-2a1d2e5942f8", "update-id": "30df8b5d-debe-4cb1-afd3-b45ba97e726f", "from-state": "Created", "to-state": "ProvisionallyAdmitted", "logging-call-at": "/Users/shivamsaraf/Desktop/work/temporal/common/log/with_logger.go:61"}
2025-03-19T11:38:53.914-0400	debug	update state change	{"host": "127.0.0.1:63280", "shard-id": 4, "address": "127.0.0.1:63280", "wf-namespace-id": "d0b550e3-6091-4a9b-a9aa-3d80ffb24954", "wf-id": "temporal-sys-worker-deployment-version:rrentVersion_Batching-564e9892_deployment_series.rrentVersion_Batching-564e9892_build_id", "wf-run-id": "0195af0e-98a0-7d94-93e5-2a1d2e5942f8", "update-id": "30df8b5d-debe-4cb1-afd3-b45ba97e726f", "from-state": "ProvisionallyAdmitted", "to-state": "Admitted", "logging-call-at": "/Users/shivamsaraf/Desktop/work/temporal/common/log/with_logger.go:61"}
2025-03-19T11:38:53.914-0400	debug	Workflow task updated	{"host": "127.0.0.1:63280", "shard-id": 4, "address": "127.0.0.1:63280", "wf-scheduled-event-id": 861, "wf-started-event-id": 0, "workflow-task-request-id": "emptyUuid", "workflow-task-timeout": 10, "attempt": 1, "wf-started-timestamp": "0001-01-01T00:00:00.000Z", "wt-type": "Speculative", "logging-call-at": "/Users/shivamsaraf/Desktop/work/temporal/common/log/with_logger.go:61"}
2025-03-19T11:38:53.915-0400	debug	Workflow task updated	{"host": "127.0.0.1:63280", "shard-id": 4, "address": "127.0.0.1:63280", "wf-scheduled-event-id": 861, "wf-started-event-id": 862, "workflow-task-request-id": "f7f8de1d-c7fc-4556-87ba-3aa49b088dfa", "workflow-task-timeout": 10, "attempt": 1, "wf-started-timestamp": "2025-03-19T15:38:53.915Z", "wt-type": "Speculative", "logging-call-at": "/Users/shivamsaraf/Desktop/work/temporal/common/log/with_logger.go:61"}
2025-03-19T11:38:53.915-0400	debug	update state change	{"host": "127.0.0.1:63280", "shard-id": 4, "address": "127.0.0.1:63280", "wf-namespace-id": "d0b550e3-6091-4a9b-a9aa-3d80ffb24954", "wf-id": "temporal-sys-worker-deployment-version:rrentVersion_Batching-564e9892_deployment_series.rrentVersion_Batching-564e9892_build_id", "wf-run-id": "0195af0e-98a0-7d94-93e5-2a1d2e5942f8", "update-id": "30df8b5d-debe-4cb1-afd3-b45ba97e726f", "from-state": "Admitted", "to-state": "Sent", "logging-call-at": "/Users/shivamsaraf/Desktop/work/temporal/common/log/with_logger.go:61"}
HAIIII
2025-03-19T11:38:53.921-0400	debug	Frontend method invoked.	{"host": "127.0.0.1:63278", "wf-namespace": "namespace-ec265ab4-426c-4316-a4b3-47fc66311932", "operation": "PollWorkflowTaskQueue", "server-name": "", "cert-thumbprint": "", "logging-call-at": "/Users/shivamsaraf/Desktop/work/temporal/common/log/with_logger.go:61"}
Number of batches: 2
----
SyncDeploymentVersionUserData called 0 times
2025-03-19T11:38:53.921-0400	debug	Received PollWorkflowTaskQueue	{"host": "127.0.0.1:63278", "service": "frontend", "logging-call-at": "/Users/shivamsaraf/Desktop/work/temporal/common/log/with_logger.go:61"}
2025-03-19T11:38:53.921-0400	debug	Poll workflow task queue.	{"host": "127.0.0.1:63278", "service": "frontend", "wf-namespace": "namespace-ec265ab4-426c-4316-a4b3-47fc66311932", "wf-namespace-id": "d0b550e3-6091-4a9b-a9aa-3d80ffb24954", "logging-call-at": "/Users/shivamsaraf/Desktop/work/temporal/common/log/with_logger.go:61"}
2025-03-19T11:38:53.921-0400	debug	ExecuteActivity	{"host": "127.0.0.1:63281", "Namespace": "namespace-ec265ab4-426c-4316-a4b3-47fc66311932", "TaskQueue": "temporal-sys-per-ns-tq", "WorkerID": "temporal-system@Shivams-MacBook-Pro.local@namespace-ec265ab4-426c-4316-a4b3-47fc66311932", "WorkflowType": "temporal-sys-worker-deployment-version-workflow", "WorkflowID": "temporal-sys-worker-deployment-version:rrentVersion_Batching-564e9892_deployment_series.rrentVersion_Batching-564e9892_build_id", "RunID": "0195af0e-98a0-7d94-93e5-2a1d2e5942f8", "Attempt": 0, "ActivityID": "867", "ActivityType": "SyncDeploymentVersionUserData", "logging-call-at": "/Users/shivamsaraf/Desktop/work/temporal/common/log/with_logger.go:61"}
2025-03-19T11:38:53.922-0400	debug	Process task as active.	{"host": "127.0.0.1:63280", "shard-id": 4, "address": "127.0.0.1:63280", "component": "timer-queue-processor", "wf-namespace-id": "d0b550e3-6091-4a9b-a9aa-3d80ffb24954", "value": "d0b550e3-6091-4a9b-a9aa-3d80ffb24954/temporal-sys-worker-deployment-version:rrentVersion_Batching-564e9892_deployment_series.rrentVersion_Batching-564e9892_build_id/0195af0e-98a0-7d94-93e5-2a1d2e5942f8", "logging-call-at": "/Users/shivamsaraf/Desktop/work/temporal/common/log/with_logger.go:61"}
2025-03-19T11:38:53.922-0400	debug	Frontend method invoked.	{"host": "127.0.0.1:63278", "wf-namespace": "namespace-ec265ab4-426c-4316-a4b3-47fc66311932", "operation": "RespondWorkflowTaskCompleted", "server-name": "", "cert-thumbprint": "", "logging-call-at": "/Users/shivamsaraf/Desktop/work/temporal/common/log/with_logger.go:61"}
2025-03-19T11:38:53.923-0400	debug	RespondWorkflowTaskCompleted	{"host": "127.0.0.1:63280", "service": "history", "wf-namespace-id": "d0b550e3-6091-4a9b-a9aa-3d80ffb24954", "wf-id": "temporal-sys-worker-deployment-version:rrentVersion_Batching-564e9892_deployment_series.rrentVersion_Batching-564e9892_build_id", "wf-run-id": "0195af0e-98a0-7d94-93e5-2a1d2e5942f8", "wf-scheduled-event-id": 861, "logging-call-at": "/Users/shivamsaraf/Desktop/work/temporal/common/log/with_logger.go:61"}
2025-03-19T11:38:53.923-0400	debug	Workflow task updated	{"host": "127.0.0.1:63280", "shard-id": 4, "address": "127.0.0.1:63280", "wf-scheduled-event-id": 0, "wf-started-event-id": 0, "workflow-task-request-id": "emptyUuid", "workflow-task-timeout": 0, "attempt": 1, "wf-started-timestamp": "1970-01-01T00:00:00.000Z", "wt-type": "Unspecified", "logging-call-at": "/Users/shivamsaraf/Desktop/work/temporal/common/log/with_logger.go:61"}
2025-03-19T11:38:53.923-0400	debug	update state change	{"host": "127.0.0.1:63280", "shard-id": 4, "address": "127.0.0.1:63280", "wf-namespace-id": "d0b550e3-6091-4a9b-a9aa-3d80ffb24954", "wf-id": "temporal-sys-worker-deployment-version:rrentVersion_Batching-564e9892_deployment_series.rrentVersion_Batching-564e9892_build_id", "wf-run-id": "0195af0e-98a0-7d94-93e5-2a1d2e5942f8", "update-id": "30df8b5d-debe-4cb1-afd3-b45ba97e726f", "from-state": "Sent", "to-state": "ProvisionallyAccepted", "logging-call-at": "/Users/shivamsaraf/Desktop/work/temporal/common/log/with_logger.go:61"}
2025-03-19T11:38:53.925-0400	debug	Assigning new task key	{"host": "127.0.0.1:63280", "shard-id": 4, "address": "127.0.0.1:63280", "wf-namespace-id": "d0b550e3-6091-4a9b-a9aa-3d80ffb24954", "wf-id": "temporal-sys-worker-deployment-version:rrentVersion_Batching-564e9892_deployment_series.rrentVersion_Batching-564e9892_build_id", "wf-run-id": "0195af0e-98a0-7d94-93e5-2a1d2e5942f8", "queue-task-type": "VisibilityUpsertExecution", "queue-task-id": 1050811, "timestamp": "2025-03-19T15:38:53.925Z", "cursor-timestamp": "2025-03-19T15:38:54.703Z", "logging-call-at": "/Users/shivamsaraf/Desktop/work/temporal/common/log/with_logger.go:61"}
2025-03-19T11:38:53.925-0400	debug	Assigning new task key	{"host": "127.0.0.1:63280", "shard-id": 4, "address": "127.0.0.1:63280", "wf-namespace-id": "d0b550e3-6091-4a9b-a9aa-3d80ffb24954", "wf-id": "temporal-sys-worker-deployment-version:rrentVersion_Batching-564e9892_deployment_series.rrentVersion_Batching-564e9892_build_id", "wf-run-id": "0195af0e-98a0-7d94-93e5-2a1d2e5942f8", "queue-task-type": "TransferActivityTask", "queue-task-id": 1050812, "timestamp": "2025-03-19T15:38:53.925Z", "cursor-timestamp": "2025-03-19T15:38:54.703Z", "logging-call-at": "/Users/shivamsaraf/Desktop/work/temporal/common/log/with_logger.go:61"}
2025-03-19T11:38:53.929-0400	debug	update state change	{"host": "127.0.0.1:63280", "shard-id": 4, "address": "127.0.0.1:63280", "wf-namespace-id": "d0b550e3-6091-4a9b-a9aa-3d80ffb24954", "wf-id": "temporal-sys-worker-deployment-version:rrentVersion_Batching-564e9892_deployment_series.rrentVersion_Batching-564e9892_build_id", "wf-run-id": "0195af0e-98a0-7d94-93e5-2a1d2e5942f8", "update-id": "30df8b5d-debe-4cb1-afd3-b45ba97e726f", "from-state": "ProvisionallyAccepted", "to-state": "Accepted", "logging-call-at": "/Users/shivamsaraf/Desktop/work/temporal/common/log/with_logger.go:61"}
2025-03-19T11:38:53.930-0400	debug	Process task as active.	{"host": "127.0.0.1:63280", "shard-id": 4, "address": "127.0.0.1:63280", "component": "transfer-queue-processor", "wf-namespace-id": "d0b550e3-6091-4a9b-a9aa-3d80ffb24954", "value": "d0b550e3-6091-4a9b-a9aa-3d80ffb24954/temporal-sys-worker-deployment-version:rrentVersion_Batching-564e9892_deployment_series.rrentVersion_Batching-564e9892_build_id/0195af0e-98a0-7d94-93e5-2a1d2e5942f8", "logging-call-at": "/Users/shivamsaraf/Desktop/work/temporal/common/log/with_logger.go:61"}
2025-03-19T11:38:53.930-0400	debug	Assigning new task key	{"host": "127.0.0.1:63280", "shard-id": 4, "address": "127.0.0.1:63280", "wf-namespace-id": "d0b550e3-6091-4a9b-a9aa-3d80ffb24954", "wf-id": "temporal-sys-worker-deployment-version:rrentVersion_Batching-564e9892_deployment_series.rrentVersion_Batching-564e9892_build_id", "wf-run-id": "0195af0e-98a0-7d94-93e5-2a1d2e5942f8", "queue-task-type": "ActivityTimeout", "queue-task-id": 1050813, "timestamp": "2025-03-19T15:39:53.931Z", "cursor-timestamp": "2025-03-19T15:38:54.929Z", "logging-call-at": "/Users/shivamsaraf/Desktop/work/temporal/common/log/with_logger.go:61"}
2025-03-19T11:38:53.947-0400	debug	Frontend method invoked.	{"host": "127.0.0.1:63278", "wf-namespace": "namespace-ec265ab4-426c-4316-a4b3-47fc66311932", "operation": "PollActivityTaskQueue", "server-name": "", "cert-thumbprint": "", "logging-call-at": "/Users/shivamsaraf/Desktop/work/temporal/common/log/with_logger.go:61"}
2025-03-19T11:38:53.947-0400	info	syncing task queue userdata for deployment version	{"host": "127.0.0.1:63281", "Namespace": "namespace-ec265ab4-426c-4316-a4b3-47fc66311932", "TaskQueue": "temporal-sys-per-ns-tq", "WorkerID": "temporal-system@Shivams-MacBook-Pro.local@namespace-ec265ab4-426c-4316-a4b3-47fc66311932", "ActivityID": "867", "ActivityType": "SyncDeploymentVersionUserData", "Attempt": 1, "WorkflowType": "temporal-sys-worker-deployment-version-workflow", "WorkflowID": "temporal-sys-worker-deployment-version:rrentVersion_Batching-564e9892_deployment_series.rrentVersion_Batching-564e9892_build_id", "RunID": "0195af0e-98a0-7d94-93e5-2a1d2e5942f8", "taskQueue": "rrentVersion_Batching-564e9892_task_queue_13", "types": [1], "logging-call-at": "/Users/shivamsaraf/Desktop/work/temporal/common/log/with_logger.go:66"}
2025-03-19T11:38:53.948-0400	info	syncing task queue userdata for deployment version	{"host": "127.0.0.1:63281", "Namespace": "namespace-ec265ab4-426c-4316-a4b3-47fc66311932", "TaskQueue": "temporal-sys-per-ns-tq", "WorkerID": "temporal-system@Shivams-MacBook-Pro.local@namespace-ec265ab4-426c-4316-a4b3-47fc66311932", "ActivityID": "867", "ActivityType": "SyncDeploymentVersionUserData", "Attempt": 1, "WorkflowType": "temporal-sys-worker-deployment-version-workflow", "WorkflowID": "temporal-sys-worker-deployment-version:rrentVersion_Batching-564e9892_deployment_series.rrentVersion_Batching-564e9892_build_id", "RunID": "0195af0e-98a0-7d94-93e5-2a1d2e5942f8", "taskQueue": "rrentVersion_Batching-564e9892_task_queue_3", "types": [1], "logging-call-at": "/Users/shivamsaraf/Desktop/work/temporal/common/log/with_logger.go:66"}
2025-03-19T11:38:53.948-0400	debug	Received PollActivityTaskQueue	{"host": "127.0.0.1:63278", "service": "frontend", "logging-call-at": "/Users/shivamsaraf/Desktop/work/temporal/common/log/with_logger.go:61"}
2025-03-19T11:38:53.948-0400	info	syncing task queue userdata for deployment version	{"host": "127.0.0.1:63281", "Namespace": "namespace-ec265ab4-426c-4316-a4b3-47fc66311932", "TaskQueue": "temporal-sys-per-ns-tq", "WorkerID": "temporal-system@Shivams-MacBook-Pro.local@namespace-ec265ab4-426c-4316-a4b3-47fc66311932", "ActivityID": "867", "ActivityType": "SyncDeploymentVersionUserData", "Attempt": 1, "WorkflowType": "temporal-sys-worker-deployment-version-workflow", "WorkflowID": "temporal-sys-worker-deployment-version:rrentVersion_Batching-564e9892_deployment_series.rrentVersion_Batching-564e9892_build_id", "RunID": "0195af0e-98a0-7d94-93e5-2a1d2e5942f8", "taskQueue": "rrentVersion_Batching-564e9892_task_queue_12", "types": [1], "logging-call-at": "/Users/shivamsaraf/Desktop/work/temporal/common/log/with_logger.go:66"}
2025-03-19T11:38:53.948-0400	info	syncing task queue userdata for deployment version	{"host": "127.0.0.1:63281", "Namespace": "namespace-ec265ab4-426c-4316-a4b3-47fc66311932", "TaskQueue": "temporal-sys-per-ns-tq", "WorkerID": "temporal-system@Shivams-MacBook-Pro.local@namespace-ec265ab4-426c-4316-a4b3-47fc66311932", "ActivityID": "867", "ActivityType": "SyncDeploymentVersionUserData", "Attempt": 1, "WorkflowType": "temporal-sys-worker-deployment-version-workflow", "WorkflowID": "temporal-sys-worker-deployment-version:rrentVersion_Batching-564e9892_deployment_series.rrentVersion_Batching-564e9892_build_id", "RunID": "0195af0e-98a0-7d94-93e5-2a1d2e5942f8", "taskQueue": "rrentVersion_Batching-564e9892_task_queue_10", "types": [1], "logging-call-at": "/Users/shivamsaraf/Desktop/work/temporal/common/log/with_logger.go:66"}
2025-03-19T11:38:53.948-0400	info	syncing task queue userdata for deployment version	{"host": "127.0.0.1:63281", "Namespace": "namespace-ec265ab4-426c-4316-a4b3-47fc66311932", "TaskQueue": "temporal-sys-per-ns-tq", "WorkerID": "temporal-system@Shivams-MacBook-Pro.local@namespace-ec265ab4-426c-4316-a4b3-47fc66311932", "ActivityID": "867", "ActivityType": "SyncDeploymentVersionUserData", "Attempt": 1, "WorkflowType": "temporal-sys-worker-deployment-version-workflow", "WorkflowID": "temporal-sys-worker-deployment-version:rrentVersion_Batching-564e9892_deployment_series.rrentVersion_Batching-564e9892_build_id", "RunID": "0195af0e-98a0-7d94-93e5-2a1d2e5942f8", "taskQueue": "rrentVersion_Batching-564e9892_task_queue_11", "types": [1], "logging-call-at": "/Users/shivamsaraf/Desktop/work/temporal/common/log/with_logger.go:66"}
2025-03-19T11:38:53.948-0400	info	syncing task queue userdata for deployment version	{"host": "127.0.0.1:63281", "Namespace": "namespace-ec265ab4-426c-4316-a4b3-47fc66311932", "TaskQueue": "temporal-sys-per-ns-tq", "WorkerID": "temporal-system@Shivams-MacBook-Pro.local@namespace-ec265ab4-426c-4316-a4b3-47fc66311932", "ActivityID": "867", "ActivityType": "SyncDeploymentVersionUserData", "Attempt": 1, "WorkflowType": "temporal-sys-worker-deployment-version-workflow", "WorkflowID": "temporal-sys-worker-deployment-version:rrentVersion_Batching-564e9892_deployment_series.rrentVersion_Batching-564e9892_build_id", "RunID": "0195af0e-98a0-7d94-93e5-2a1d2e5942f8", "taskQueue": "rrentVersion_Batching-564e9892_task_queue_1", "types": [1], "logging-call-at": "/Users/shivamsaraf/Desktop/work/temporal/common/log/with_logger.go:66"}
2025-03-19T11:38:53.948-0400	info	syncing task queue userdata for deployment version	{"host": "127.0.0.1:63281", "Namespace": "namespace-ec265ab4-426c-4316-a4b3-47fc66311932", "TaskQueue": "temporal-sys-per-ns-tq", "WorkerID": "temporal-system@Shivams-MacBook-Pro.local@namespace-ec265ab4-426c-4316-a4b3-47fc66311932", "ActivityID": "867", "ActivityType": "SyncDeploymentVersionUserData", "Attempt": 1, "WorkflowType": "temporal-sys-worker-deployment-version-workflow", "WorkflowID": "temporal-sys-worker-deployment-version:rrentVersion_Batching-564e9892_deployment_series.rrentVersion_Batching-564e9892_build_id", "RunID": "0195af0e-98a0-7d94-93e5-2a1d2e5942f8", "taskQueue": "rrentVersion_Batching-564e9892_task_queue_21", "types": [1], "logging-call-at": "/Users/shivamsaraf/Desktop/work/temporal/common/log/with_logger.go:66"}
2025-03-19T11:38:53.948-0400	info	syncing task queue userdata for deployment version	{"host": "127.0.0.1:63281", "Namespace": "namespace-ec265ab4-426c-4316-a4b3-47fc66311932", "TaskQueue": "temporal-sys-per-ns-tq", "WorkerID": "temporal-system@Shivams-MacBook-Pro.local@namespace-ec265ab4-426c-4316-a4b3-47fc66311932", "ActivityID": "867", "ActivityType": "SyncDeploymentVersionUserData", "Attempt": 1, "WorkflowType": "temporal-sys-worker-deployment-version-workflow", "WorkflowID": "temporal-sys-worker-deployment-version:rrentVersion_Batching-564e9892_deployment_series.rrentVersion_Batching-564e9892_build_id", "RunID": "0195af0e-98a0-7d94-93e5-2a1d2e5942f8", "taskQueue": "rrentVersion_Batching-564e9892_task_queue_14", "types": [1], "logging-call-at": "/Users/shivamsaraf/Desktop/work/temporal/common/log/with_logger.go:66"}
2025-03-19T11:38:53.948-0400	info	syncing task queue userdata for deployment version	{"host": "127.0.0.1:63281", "Namespace": "namespace-ec265ab4-426c-4316-a4b3-47fc66311932", "TaskQueue": "temporal-sys-per-ns-tq", "WorkerID": "temporal-system@Shivams-MacBook-Pro.local@namespace-ec265ab4-426c-4316-a4b3-47fc66311932", "ActivityID": "867", "ActivityType": "SyncDeploymentVersionUserData", "Attempt": 1, "WorkflowType": "temporal-sys-worker-deployment-version-workflow", "WorkflowID": "temporal-sys-worker-deployment-version:rrentVersion_Batching-564e9892_deployment_series.rrentVersion_Batching-564e9892_build_id", "RunID": "0195af0e-98a0-7d94-93e5-2a1d2e5942f8", "taskQueue": "rrentVersion_Batching-564e9892_task_queue_23", "types": [1], "logging-call-at": "/Users/shivamsaraf/Desktop/work/temporal/common/log/with_logger.go:66"}
2025-03-19T11:38:53.948-0400	info	syncing task queue userdata for deployment version	{"host": "127.0.0.1:63281", "Namespace": "namespace-ec265ab4-426c-4316-a4b3-47fc66311932", "TaskQueue": "temporal-sys-per-ns-tq", "WorkerID": "temporal-system@Shivams-MacBook-Pro.local@namespace-ec265ab4-426c-4316-a4b3-47fc66311932", "ActivityID": "867", "ActivityType": "SyncDeploymentVersionUserData", "Attempt": 1, "WorkflowType": "temporal-sys-worker-deployment-version-workflow", "WorkflowID": "temporal-sys-worker-deployment-version:rrentVersion_Batching-564e9892_deployment_series.rrentVersion_Batching-564e9892_build_id", "RunID": "0195af0e-98a0-7d94-93e5-2a1d2e5942f8", "taskQueue": "rrentVersion_Batching-564e9892_task_queue_19", "types": [1], "logging-call-at": "/Users/shivamsaraf/Desktop/work/temporal/common/log/with_logger.go:66"}
2025-03-19T11:38:53.948-0400	info	syncing task queue userdata for deployment version	{"host": "127.0.0.1:63281", "Namespace": "namespace-ec265ab4-426c-4316-a4b3-47fc66311932", "TaskQueue": "temporal-sys-per-ns-tq", "WorkerID": "temporal-system@Shivams-MacBook-Pro.local@namespace-ec265ab4-426c-4316-a4b3-47fc66311932", "ActivityID": "867", "ActivityType": "SyncDeploymentVersionUserData", "Attempt": 1, "WorkflowType": "temporal-sys-worker-deployment-version-workflow", "WorkflowID": "temporal-sys-worker-deployment-version:rrentVersion_Batching-564e9892_deployment_series.rrentVersion_Batching-564e9892_build_id", "RunID": "0195af0e-98a0-7d94-93e5-2a1d2e5942f8", "taskQueue": "rrentVersion_Batching-564e9892_task_queue_0", "types": [1], "logging-call-at": "/Users/shivamsaraf/Desktop/work/temporal/common/log/with_logger.go:66"}
2025-03-19T11:38:53.948-0400	info	syncing task queue userdata for deployment version	{"host": "127.0.0.1:63281", "Namespace": "namespace-ec265ab4-426c-4316-a4b3-47fc66311932", "TaskQueue": "temporal-sys-per-ns-tq", "WorkerID": "temporal-system@Shivams-MacBook-Pro.local@namespace-ec265ab4-426c-4316-a4b3-47fc66311932", "ActivityID": "867", "ActivityType": "SyncDeploymentVersionUserData", "Attempt": 1, "WorkflowType": "temporal-sys-worker-deployment-version-workflow", "WorkflowID": "temporal-sys-worker-deployment-version:rrentVersion_Batching-564e9892_deployment_series.rrentVersion_Batching-564e9892_build_id", "RunID": "0195af0e-98a0-7d94-93e5-2a1d2e5942f8", "taskQueue": "rrentVersion_Batching-564e9892_task_queue_16", "types": [1], "logging-call-at": "/Users/shivamsaraf/Desktop/work/temporal/common/log/with_logger.go:66"}
2025-03-19T11:38:53.948-0400	info	syncing task queue userdata for deployment version	{"host": "127.0.0.1:63281", "Namespace": "namespace-ec265ab4-426c-4316-a4b3-47fc66311932", "TaskQueue": "temporal-sys-per-ns-tq", "WorkerID": "temporal-system@Shivams-MacBook-Pro.local@namespace-ec265ab4-426c-4316-a4b3-47fc66311932", "ActivityID": "867", "ActivityType": "SyncDeploymentVersionUserData", "Attempt": 1, "WorkflowType": "temporal-sys-worker-deployment-version-workflow", "WorkflowID": "temporal-sys-worker-deployment-version:rrentVersion_Batching-564e9892_deployment_series.rrentVersion_Batching-564e9892_build_id", "RunID": "0195af0e-98a0-7d94-93e5-2a1d2e5942f8", "taskQueue": "rrentVersion_Batching-564e9892_task_queue_2", "types": [1], "logging-call-at": "/Users/shivamsaraf/Desktop/work/temporal/common/log/with_logger.go:66"}
2025-03-19T11:38:53.948-0400	info	syncing task queue userdata for deployment version	{"host": "127.0.0.1:63281", "Namespace": "namespace-ec265ab4-426c-4316-a4b3-47fc66311932", "TaskQueue": "temporal-sys-per-ns-tq", "WorkerID": "temporal-system@Shivams-MacBook-Pro.local@namespace-ec265ab4-426c-4316-a4b3-47fc66311932", "ActivityID": "867", "ActivityType": "SyncDeploymentVersionUserData", "Attempt": 1, "WorkflowType": "temporal-sys-worker-deployment-version-workflow", "WorkflowID": "temporal-sys-worker-deployment-version:rrentVersion_Batching-564e9892_deployment_series.rrentVersion_Batching-564e9892_build_id", "RunID": "0195af0e-98a0-7d94-93e5-2a1d2e5942f8", "taskQueue": "rrentVersion_Batching-564e9892_task_queue_17", "types": [1], "logging-call-at": "/Users/shivamsaraf/Desktop/work/temporal/common/log/with_logger.go:66"}
2025-03-19T11:38:53.948-0400	info	syncing task queue userdata for deployment version	{"host": "127.0.0.1:63281", "Namespace": "namespace-ec265ab4-426c-4316-a4b3-47fc66311932", "TaskQueue": "temporal-sys-per-ns-tq", "WorkerID": "temporal-system@Shivams-MacBook-Pro.local@namespace-ec265ab4-426c-4316-a4b3-47fc66311932", "ActivityID": "867", "ActivityType": "SyncDeploymentVersionUserData", "Attempt": 1, "WorkflowType": "temporal-sys-worker-deployment-version-workflow", "WorkflowID": "temporal-sys-worker-deployment-version:rrentVersion_Batching-564e9892_deployment_series.rrentVersion_Batching-564e9892_build_id", "RunID": "0195af0e-98a0-7d94-93e5-2a1d2e5942f8", "taskQueue": "rrentVersion_Batching-564e9892_task_queue_20", "types": [1], "logging-call-at": "/Users/shivamsaraf/Desktop/work/temporal/common/log/with_logger.go:66"}
2025-03-19T11:38:53.948-0400	info	syncing task queue userdata for deployment version	{"host": "127.0.0.1:63281", "Namespace": "namespace-ec265ab4-426c-4316-a4b3-47fc66311932", "TaskQueue": "temporal-sys-per-ns-tq", "WorkerID": "temporal-system@Shivams-MacBook-Pro.local@namespace-ec265ab4-426c-4316-a4b3-47fc66311932", "ActivityID": "867", "ActivityType": "SyncDeploymentVersionUserData", "Attempt": 1, "WorkflowType": "temporal-sys-worker-deployment-version-workflow", "WorkflowID": "temporal-sys-worker-deployment-version:rrentVersion_Batching-564e9892_deployment_series.rrentVersion_Batching-564e9892_build_id", "RunID": "0195af0e-98a0-7d94-93e5-2a1d2e5942f8", "taskQueue": "rrentVersion_Batching-564e9892_task_queue_18", "types": [1], "logging-call-at": "/Users/shivamsaraf/Desktop/work/temporal/common/log/with_logger.go:66"}
2025-03-19T11:38:53.948-0400	info	syncing task queue userdata for deployment version	{"host": "127.0.0.1:63281", "Namespace": "namespace-ec265ab4-426c-4316-a4b3-47fc66311932", "TaskQueue": "temporal-sys-per-ns-tq", "WorkerID": "temporal-system@Shivams-MacBook-Pro.local@namespace-ec265ab4-426c-4316-a4b3-47fc66311932", "ActivityID": "867", "ActivityType": "SyncDeploymentVersionUserData", "Attempt": 1, "WorkflowType": "temporal-sys-worker-deployment-version-workflow", "WorkflowID": "temporal-sys-worker-deployment-version:rrentVersion_Batching-564e9892_deployment_series.rrentVersion_Batching-564e9892_build_id", "RunID": "0195af0e-98a0-7d94-93e5-2a1d2e5942f8", "taskQueue": "rrentVersion_Batching-564e9892_task_queue_28", "types": [1], "logging-call-at": "/Users/shivamsaraf/Desktop/work/temporal/common/log/with_logger.go:66"}
2025-03-19T11:38:53.948-0400	info	syncing task queue userdata for deployment version	{"host": "127.0.0.1:63281", "Namespace": "namespace-ec265ab4-426c-4316-a4b3-47fc66311932", "TaskQueue": "temporal-sys-per-ns-tq", "WorkerID": "temporal-system@Shivams-MacBook-Pro.local@namespace-ec265ab4-426c-4316-a4b3-47fc66311932", "ActivityID": "867", "ActivityType": "SyncDeploymentVersionUserData", "Attempt": 1, "WorkflowType": "temporal-sys-worker-deployment-version-workflow", "WorkflowID": "temporal-sys-worker-deployment-version:rrentVersion_Batching-564e9892_deployment_series.rrentVersion_Batching-564e9892_build_id", "RunID": "0195af0e-98a0-7d94-93e5-2a1d2e5942f8", "taskQueue": "rrentVersion_Batching-564e9892_task_queue_15", "types": [1], "logging-call-at": "/Users/shivamsaraf/Desktop/work/temporal/common/log/with_logger.go:66"}
2025-03-19T11:38:53.948-0400	info	syncing task queue userdata for deployment version	{"host": "127.0.0.1:63281", "Namespace": "namespace-ec265ab4-426c-4316-a4b3-47fc66311932", "TaskQueue": "temporal-sys-per-ns-tq", "WorkerID": "temporal-system@Shivams-MacBook-Pro.local@namespace-ec265ab4-426c-4316-a4b3-47fc66311932", "ActivityID": "867", "ActivityType": "SyncDeploymentVersionUserData", "Attempt": 1, "WorkflowType": "temporal-sys-worker-deployment-version-workflow", "WorkflowID": "temporal-sys-worker-deployment-version:rrentVersion_Batching-564e9892_deployment_series.rrentVersion_Batching-564e9892_build_id", "RunID": "0195af0e-98a0-7d94-93e5-2a1d2e5942f8", "taskQueue": "rrentVersion_Batching-564e9892_task_queue_25", "types": [1], "logging-call-at": "/Users/shivamsaraf/Desktop/work/temporal/common/log/with_logger.go:66"}
2025-03-19T11:38:53.948-0400	info	syncing task queue userdata for deployment version	{"host": "127.0.0.1:63281", "Namespace": "namespace-ec265ab4-426c-4316-a4b3-47fc66311932", "TaskQueue": "temporal-sys-per-ns-tq", "WorkerID": "temporal-system@Shivams-MacBook-Pro.local@namespace-ec265ab4-426c-4316-a4b3-47fc66311932", "ActivityID": "867", "ActivityType": "SyncDeploymentVersionUserData", "Attempt": 1, "WorkflowType": "temporal-sys-worker-deployment-version-workflow", "WorkflowID": "temporal-sys-worker-deployment-version:rrentVersion_Batching-564e9892_deployment_series.rrentVersion_Batching-564e9892_build_id", "RunID": "0195af0e-98a0-7d94-93e5-2a1d2e5942f8", "taskQueue": "rrentVersion_Batching-564e9892_task_queue_24", "types": [1], "logging-call-at": "/Users/shivamsaraf/Desktop/work/temporal/common/log/with_logger.go:66"}
2025-03-19T11:38:53.948-0400	info	syncing task queue userdata for deployment version	{"host": "127.0.0.1:63281", "Namespace": "namespace-ec265ab4-426c-4316-a4b3-47fc66311932", "TaskQueue": "temporal-sys-per-ns-tq", "WorkerID": "temporal-system@Shivams-MacBook-Pro.local@namespace-ec265ab4-426c-4316-a4b3-47fc66311932", "ActivityID": "867", "ActivityType": "SyncDeploymentVersionUserData", "Attempt": 1, "WorkflowType": "temporal-sys-worker-deployment-version-workflow", "WorkflowID": "temporal-sys-worker-deployment-version:rrentVersion_Batching-564e9892_deployment_series.rrentVersion_Batching-564e9892_build_id", "RunID": "0195af0e-98a0-7d94-93e5-2a1d2e5942f8", "taskQueue": "rrentVersion_Batching-564e9892_task_queue_26", "types": [1], "logging-call-at": "/Users/shivamsaraf/Desktop/work/temporal/common/log/with_logger.go:66"}
2025-03-19T11:38:53.948-0400	info	syncing task queue userdata for deployment version	{"host": "127.0.0.1:63281", "Namespace": "namespace-ec265ab4-426c-4316-a4b3-47fc66311932", "TaskQueue": "temporal-sys-per-ns-tq", "WorkerID": "temporal-system@Shivams-MacBook-Pro.local@namespace-ec265ab4-426c-4316-a4b3-47fc66311932", "ActivityID": "867", "ActivityType": "SyncDeploymentVersionUserData", "Attempt": 1, "WorkflowType": "temporal-sys-worker-deployment-version-workflow", "WorkflowID": "temporal-sys-worker-deployment-version:rrentVersion_Batching-564e9892_deployment_series.rrentVersion_Batching-564e9892_build_id", "RunID": "0195af0e-98a0-7d94-93e5-2a1d2e5942f8", "taskQueue": "rrentVersion_Batching-564e9892_task_queue_27", "types": [1], "logging-call-at": "/Users/shivamsaraf/Desktop/work/temporal/common/log/with_logger.go:66"}
2025-03-19T11:38:53.948-0400	debug	Process task as active.	{"host": "127.0.0.1:63280", "shard-id": 1, "address": "127.0.0.1:63280", "component": "timer-queue-processor", "wf-namespace-id": "d0b550e3-6091-4a9b-a9aa-3d80ffb24954", "value": "d0b550e3-6091-4a9b-a9aa-3d80ffb24954/temporal-sys-worker-deployment:rrentVersion_Batching-564e9892_deployment_series/0195af0e-960d-715f-b6c6-08dcdf4b78ec", "logging-call-at": "/Users/shivamsaraf/Desktop/work/temporal/common/log/with_logger.go:61"}
2025-03-19T11:38:53.948-0400	info	syncing task queue userdata for deployment version	{"host": "127.0.0.1:63281", "Namespace": "namespace-ec265ab4-426c-4316-a4b3-47fc66311932", "TaskQueue": "temporal-sys-per-ns-tq", "WorkerID": "temporal-system@Shivams-MacBook-Pro.local@namespace-ec265ab4-426c-4316-a4b3-47fc66311932", "ActivityID": "867", "ActivityType": "SyncDeploymentVersionUserData", "Attempt": 1, "WorkflowType": "temporal-sys-worker-deployment-version-workflow", "WorkflowID": "temporal-sys-worker-deployment-version:rrentVersion_Batching-564e9892_deployment_series.rrentVersion_Batching-564e9892_build_id", "RunID": "0195af0e-98a0-7d94-93e5-2a1d2e5942f8", "taskQueue": "rrentVersion_Batching-564e9892_task_queue_22", "types": [1], "logging-call-at": "/Users/shivamsaraf/Desktop/work/temporal/common/log/with_logger.go:66"}
2025-03-19T11:38:53.948-0400	info	syncing task queue userdata for deployment version	{"host": "127.0.0.1:63281", "Namespace": "namespace-ec265ab4-426c-4316-a4b3-47fc66311932", "TaskQueue": "temporal-sys-per-ns-tq", "WorkerID": "temporal-system@Shivams-MacBook-Pro.local@namespace-ec265ab4-426c-4316-a4b3-47fc66311932", "ActivityID": "867", "ActivityType": "SyncDeploymentVersionUserData", "Attempt": 1, "WorkflowType": "temporal-sys-worker-deployment-version-workflow", "WorkflowID": "temporal-sys-worker-deployment-version:rrentVersion_Batching-564e9892_deployment_series.rrentVersion_Batching-564e9892_build_id", "RunID": "0195af0e-98a0-7d94-93e5-2a1d2e5942f8", "taskQueue": "rrentVersion_Batching-564e9892_task_queue_30", "types": [1], "logging-call-at": "/Users/shivamsaraf/Desktop/work/temporal/common/log/with_logger.go:66"}
2025-03-19T11:38:53.948-0400	info	syncing task queue userdata for deployment version	{"host": "127.0.0.1:63281", "Namespace": "namespace-ec265ab4-426c-4316-a4b3-47fc66311932", "TaskQueue": "temporal-sys-per-ns-tq", "WorkerID": "temporal-system@Shivams-MacBook-Pro.local@namespace-ec265ab4-426c-4316-a4b3-47fc66311932", "ActivityID": "867", "ActivityType": "SyncDeploymentVersionUserData", "Attempt": 1, "WorkflowType": "temporal-sys-worker-deployment-version-workflow", "WorkflowID": "temporal-sys-worker-deployment-version:rrentVersion_Batching-564e9892_deployment_series.rrentVersion_Batching-564e9892_build_id", "RunID": "0195af0e-98a0-7d94-93e5-2a1d2e5942f8", "taskQueue": "rrentVersion_Batching-564e9892_task_queue_29", "types": [1], "logging-call-at": "/Users/shivamsaraf/Desktop/work/temporal/common/log/with_logger.go:66"}
2025-03-19T11:38:54.061-0400	info	modified user data	{"host": "127.0.0.1:63279", "component": "matching-engine", "wf-task-queue-name": "rrentVersion_Batching-564e9892_task_queue_12", "wf-task-queue-type": "Workflow", "wf-namespace": "namespace-ec265ab4-426c-4316-a4b3-47fc66311932", "user-data-update-source": "SyncDeploymentUserData", "user-data-version": 2, "timestamp": "2025-03-19T15:38:53.950Z", "logging-call-at": "/Users/shivamsaraf/Desktop/work/temporal/common/log/with_logger.go:66"}
2025-03-19T11:38:54.061-0400	info	modified user data	{"host": "127.0.0.1:63279", "component": "matching-engine", "wf-task-queue-name": "rrentVersion_Batching-564e9892_task_queue_21", "wf-task-queue-type": "Workflow", "wf-namespace": "namespace-ec265ab4-426c-4316-a4b3-47fc66311932", "user-data-update-source": "SyncDeploymentUserData", "user-data-version": 2, "timestamp": "2025-03-19T15:38:53.948Z", "logging-call-at": "/Users/shivamsaraf/Desktop/work/temporal/common/log/with_logger.go:66"}
2025-03-19T11:38:54.061-0400	info	modified user data	{"host": "127.0.0.1:63279", "component": "matching-engine", "wf-task-queue-name": "rrentVersion_Batching-564e9892_task_queue_1", "wf-task-queue-type": "Workflow", "wf-namespace": "namespace-ec265ab4-426c-4316-a4b3-47fc66311932", "user-data-update-source": "SyncDeploymentUserData", "user-data-version": 2, "timestamp": "2025-03-19T15:38:53.949Z", "logging-call-at": "/Users/shivamsaraf/Desktop/work/temporal/common/log/with_logger.go:66"}
2025-03-19T11:38:54.061-0400	debug	user data changed while blocked in long poll	{"host": "127.0.0.1:63279", "component": "matching-engine", "wf-task-queue-name": "rrentVersion_Batching-564e9892_task_queue_12", "wf-task-queue-type": "Workflow", "wf-namespace": "namespace-ec265ab4-426c-4316-a4b3-47fc66311932", "logging-call-at": "/Users/shivamsaraf/Desktop/work/temporal/common/log/with_logger.go:61"}
2025-03-19T11:38:54.061-0400	debug	user data changed while blocked in long poll	{"host": "127.0.0.1:63279", "component": "matching-engine", "wf-task-queue-name": "rrentVersion_Batching-564e9892_task_queue_12", "wf-task-queue-type": "Workflow", "wf-namespace": "namespace-ec265ab4-426c-4316-a4b3-47fc66311932", "logging-call-at": "/Users/shivamsaraf/Desktop/work/temporal/common/log/with_logger.go:61"}
2025-03-19T11:38:54.061-0400	info	modified user data	{"host": "127.0.0.1:63279", "component": "matching-engine", "wf-task-queue-name": "rrentVersion_Batching-564e9892_task_queue_23", "wf-task-queue-type": "Workflow", "wf-namespace": "namespace-ec265ab4-426c-4316-a4b3-47fc66311932", "user-data-update-source": "SyncDeploymentUserData", "user-data-version": 2, "timestamp": "2025-03-19T15:38:53.949Z", "logging-call-at": "/Users/shivamsaraf/Desktop/work/temporal/common/log/with_logger.go:66"}
2025-03-19T11:38:54.061-0400	debug	user data changed while blocked in long poll	{"host": "127.0.0.1:63279", "component": "matching-engine", "wf-task-queue-name": "rrentVersion_Batching-564e9892_task_queue_21", "wf-task-queue-type": "Workflow", "wf-namespace": "namespace-ec265ab4-426c-4316-a4b3-47fc66311932", "logging-call-at": "/Users/shivamsaraf/Desktop/work/temporal/common/log/with_logger.go:61"}
2025-03-19T11:38:54.061-0400	info	returning user data	{"host": "127.0.0.1:63279", "component": "matching-engine", "wf-task-queue-name": "rrentVersion_Batching-564e9892_task_queue_12", "wf-task-queue-type": "Workflow", "wf-namespace": "namespace-ec265ab4-426c-4316-a4b3-47fc66311932", "long-poll": true, "request-known-version": 1, "user-data-version": 2, "logging-call-at": "/Users/shivamsaraf/Desktop/work/temporal/common/log/with_logger.go:66"}
2025-03-19T11:38:54.061-0400	info	returning user data	{"host": "127.0.0.1:63279", "component": "matching-engine", "wf-task-queue-name": "rrentVersion_Batching-564e9892_task_queue_12", "wf-task-queue-type": "Workflow", "wf-namespace": "namespace-ec265ab4-426c-4316-a4b3-47fc66311932", "long-poll": true, "request-known-version": 1, "user-data-version": 2, "logging-call-at": "/Users/shivamsaraf/Desktop/work/temporal/common/log/with_logger.go:66"}
2025-03-19T11:38:54.061-0400	debug	user data changed while blocked in long poll	{"host": "127.0.0.1:63279", "component": "matching-engine", "wf-task-queue-name": "rrentVersion_Batching-564e9892_task_queue_1", "wf-task-queue-type": "Workflow", "wf-namespace": "namespace-ec265ab4-426c-4316-a4b3-47fc66311932", "logging-call-at": "/Users/shivamsaraf/Desktop/work/temporal/common/log/with_logger.go:61"}
2025-03-19T11:38:54.061-0400	debug	user data changed while blocked in long poll	{"host": "127.0.0.1:63279", "component": "matching-engine", "wf-task-queue-name": "rrentVersion_Batching-564e9892_task_queue_1", "wf-task-queue-type": "Workflow", "wf-namespace": "namespace-ec265ab4-426c-4316-a4b3-47fc66311932", "logging-call-at": "/Users/shivamsaraf/Desktop/work/temporal/common/log/with_logger.go:61"}
2025-03-19T11:38:54.061-0400	debug	user data changed while blocked in long poll	{"host": "127.0.0.1:63279", "component": "matching-engine", "wf-task-queue-name": "rrentVersion_Batching-564e9892_task_queue_12", "wf-task-queue-type": "Workflow", "wf-namespace": "namespace-ec265ab4-426c-4316-a4b3-47fc66311932", "logging-call-at": "/Users/shivamsaraf/Desktop/work/temporal/common/log/with_logger.go:61"}
2025-03-19T11:38:54.061-0400	info	modified user data	{"host": "127.0.0.1:63279", "component": "matching-engine", "wf-task-queue-name": "rrentVersion_Batching-564e9892_task_queue_3", "wf-task-queue-type": "Workflow", "wf-namespace": "namespace-ec265ab4-426c-4316-a4b3-47fc66311932", "user-data-update-source": "SyncDeploymentUserData", "user-data-version": 2, "timestamp": "2025-03-19T15:38:53.948Z", "logging-call-at": "/Users/shivamsaraf/Desktop/work/temporal/common/log/with_logger.go:66"}
2025-03-19T11:38:54.061-0400	debug	user data changed while blocked in long poll	{"host": "127.0.0.1:63279", "component": "matching-engine", "wf-task-queue-name": "rrentVersion_Batching-564e9892_task_queue_23", "wf-task-queue-type": "Workflow", "wf-namespace": "namespace-ec265ab4-426c-4316-a4b3-47fc66311932", "logging-call-at": "/Users/shivamsaraf/Desktop/work/temporal/common/log/with_logger.go:61"}
2025-03-19T11:38:54.061-0400	debug	user data changed while blocked in long poll	{"host": "127.0.0.1:63279", "component": "matching-engine", "wf-task-queue-name": "rrentVersion_Batching-564e9892_task_queue_21", "wf-task-queue-type": "Workflow", "wf-namespace": "namespace-ec265ab4-426c-4316-a4b3-47fc66311932", "logging-call-at": "/Users/shivamsaraf/Desktop/work/temporal/common/log/with_logger.go:61"}
2025-03-19T11:38:54.061-0400	info	modified user data	{"host": "127.0.0.1:63279", "component": "matching-engine", "wf-task-queue-name": "rrentVersion_Batching-564e9892_task_queue_19", "wf-task-queue-type": "Workflow", "wf-namespace": "namespace-ec265ab4-426c-4316-a4b3-47fc66311932", "user-data-update-source": "SyncDeploymentUserData", "user-data-version": 2, "timestamp": "2025-03-19T15:38:53.949Z", "logging-call-at": "/Users/shivamsaraf/Desktop/work/temporal/common/log/with_logger.go:66"}
2025-03-19T11:38:54.061-0400	debug	user data changed while blocked in long poll	{"host": "127.0.0.1:63279", "component": "matching-engine", "wf-task-queue-name": "rrentVersion_Batching-564e9892_task_queue_1", "wf-task-queue-type": "Workflow", "wf-namespace": "namespace-ec265ab4-426c-4316-a4b3-47fc66311932", "logging-call-at": "/Users/shivamsaraf/Desktop/work/temporal/common/log/with_logger.go:61"}
2025-03-19T11:38:54.061-0400	debug	user data changed while blocked in long poll	{"host": "127.0.0.1:63279", "component": "matching-engine", "wf-task-queue-name": "rrentVersion_Batching-564e9892_task_queue_23", "wf-task-queue-type": "Workflow", "wf-namespace": "namespace-ec265ab4-426c-4316-a4b3-47fc66311932", "logging-call-at": "/Users/shivamsaraf/Desktop/work/temporal/common/log/with_logger.go:61"}
2025-03-19T11:38:54.061-0400	info	returning user data	{"host": "127.0.0.1:63279", "component": "matching-engine", "wf-task-queue-name": "rrentVersion_Batching-564e9892_task_queue_23", "wf-task-queue-type": "Workflow", "wf-namespace": "namespace-ec265ab4-426c-4316-a4b3-47fc66311932", "long-poll": true, "request-known-version": 1, "user-data-version": 2, "logging-call-at": "/Users/shivamsaraf/Desktop/work/temporal/common/log/with_logger.go:66"}
2025-03-19T11:38:54.061-0400	debug	user data changed while blocked in long poll	{"host": "127.0.0.1:63279", "component": "matching-engine", "wf-task-queue-name": "rrentVersion_Batching-564e9892_task_queue_3", "wf-task-queue-type": "Workflow", "wf-namespace": "namespace-ec265ab4-426c-4316-a4b3-47fc66311932", "logging-call-at": "/Users/shivamsaraf/Desktop/work/temporal/common/log/with_logger.go:61"}
2025-03-19T11:38:54.061-0400	debug	user data changed while blocked in long poll	{"host": "127.0.0.1:63279", "component": "matching-engine", "wf-task-queue-name": "rrentVersion_Batching-564e9892_task_queue_23", "wf-task-queue-type": "Workflow", "wf-namespace": "namespace-ec265ab4-426c-4316-a4b3-47fc66311932", "logging-call-at": "/Users/shivamsaraf/Desktop/work/temporal/common/log/with_logger.go:61"}
2025-03-19T11:38:54.061-0400	debug	user data changed while blocked in long poll	{"host": "127.0.0.1:63279", "component": "matching-engine", "wf-task-queue-name": "rrentVersion_Batching-564e9892_task_queue_3", "wf-task-queue-type": "Workflow", "wf-namespace": "namespace-ec265ab4-426c-4316-a4b3-47fc66311932", "logging-call-at": "/Users/shivamsaraf/Desktop/work/temporal/common/log/with_logger.go:61"}
2025-03-19T11:38:54.061-0400	info	returning user data	{"host": "127.0.0.1:63279", "component": "matching-engine", "wf-task-queue-name": "rrentVersion_Batching-564e9892_task_queue_1", "wf-task-queue-type": "Workflow", "wf-namespace": "namespace-ec265ab4-426c-4316-a4b3-47fc66311932", "long-poll": true, "request-known-version": 1, "user-data-version": 2, "logging-call-at": "/Users/shivamsaraf/Desktop/work/temporal/common/log/with_logger.go:66"}
2025-03-19T11:38:54.061-0400	info	returning user data	{"host": "127.0.0.1:63279", "component": "matching-engine", "wf-task-queue-name": "rrentVersion_Batching-564e9892_task_queue_3", "wf-task-queue-type": "Workflow", "wf-namespace": "namespace-ec265ab4-426c-4316-a4b3-47fc66311932", "long-poll": true, "request-known-version": 1, "user-data-version": 2, "logging-call-at": "/Users/shivamsaraf/Desktop/work/temporal/common/log/with_logger.go:66"}
2025-03-19T11:38:54.061-0400	info	returning user data	{"host": "127.0.0.1:63279", "component": "matching-engine", "wf-task-queue-name": "rrentVersion_Batching-564e9892_task_queue_1", "wf-task-queue-type": "Workflow", "wf-namespace": "namespace-ec265ab4-426c-4316-a4b3-47fc66311932", "long-poll": true, "request-known-version": 1, "user-data-version": 2, "logging-call-at": "/Users/shivamsaraf/Desktop/work/temporal/common/log/with_logger.go:66"}
2025-03-19T11:38:54.061-0400	info	returning user data	{"host": "127.0.0.1:63279", "component": "matching-engine", "wf-task-queue-name": "rrentVersion_Batching-564e9892_task_queue_12", "wf-task-queue-type": "Workflow", "wf-namespace": "namespace-ec265ab4-426c-4316-a4b3-47fc66311932", "long-poll": true, "request-known-version": 1, "user-data-version": 2, "logging-call-at": "/Users/shivamsaraf/Desktop/work/temporal/common/log/with_logger.go:66"}
2025-03-19T11:38:54.061-0400	debug	user data changed while blocked in long poll	{"host": "127.0.0.1:63279", "component": "matching-engine", "wf-task-queue-name": "rrentVersion_Batching-564e9892_task_queue_19", "wf-task-queue-type": "Workflow", "wf-namespace": "namespace-ec265ab4-426c-4316-a4b3-47fc66311932", "logging-call-at": "/Users/shivamsaraf/Desktop/work/temporal/common/log/with_logger.go:61"}
2025-03-19T11:38:54.061-0400	debug	user data changed while blocked in long poll	{"host": "127.0.0.1:63279", "component": "matching-engine", "wf-task-queue-name": "rrentVersion_Batching-564e9892_task_queue_21", "wf-task-queue-type": "Workflow", "wf-namespace": "namespace-ec265ab4-426c-4316-a4b3-47fc66311932", "logging-call-at": "/Users/shivamsaraf/Desktop/work/temporal/common/log/with_logger.go:61"}
2025-03-19T11:38:54.061-0400	info	returning user data	{"host": "127.0.0.1:63279", "component": "matching-engine", "wf-task-queue-name": "rrentVersion_Batching-564e9892_task_queue_21", "wf-task-queue-type": "Workflow", "wf-namespace": "namespace-ec265ab4-426c-4316-a4b3-47fc66311932", "long-poll": true, "request-known-version": 1, "user-data-version": 2, "logging-call-at": "/Users/shivamsaraf/Desktop/work/temporal/common/log/with_logger.go:66"}
2025-03-19T11:38:54.061-0400	info	returning user data	{"host": "127.0.0.1:63279", "component": "matching-engine", "wf-task-queue-name": "rrentVersion_Batching-564e9892_task_queue_19", "wf-task-queue-type": "Workflow", "wf-namespace": "namespace-ec265ab4-426c-4316-a4b3-47fc66311932", "long-poll": true, "request-known-version": 1, "user-data-version": 2, "logging-call-at": "/Users/shivamsaraf/Desktop/work/temporal/common/log/with_logger.go:66"}
2025-03-19T11:38:54.061-0400	info	returning user data	{"host": "127.0.0.1:63279", "component": "matching-engine", "wf-task-queue-name": "rrentVersion_Batching-564e9892_task_queue_1", "wf-task-queue-type": "Workflow", "wf-namespace": "namespace-ec265ab4-426c-4316-a4b3-47fc66311932", "long-poll": true, "request-known-version": 1, "user-data-version": 2, "logging-call-at": "/Users/shivamsaraf/Desktop/work/temporal/common/log/with_logger.go:66"}
2025-03-19T11:38:54.061-0400	debug	user data changed while blocked in long poll	{"host": "127.0.0.1:63279", "component": "matching-engine", "wf-task-queue-name": "rrentVersion_Batching-564e9892_task_queue_19", "wf-task-queue-type": "Workflow", "wf-namespace": "namespace-ec265ab4-426c-4316-a4b3-47fc66311932", "logging-call-at": "/Users/shivamsaraf/Desktop/work/temporal/common/log/with_logger.go:61"}
2025-03-19T11:38:54.061-0400	info	modified user data	{"host": "127.0.0.1:63279", "component": "matching-engine", "wf-task-queue-name": "rrentVersion_Batching-564e9892_task_queue_24", "wf-task-queue-type": "Workflow", "wf-namespace": "namespace-ec265ab4-426c-4316-a4b3-47fc66311932", "user-data-update-source": "SyncDeploymentUserData", "user-data-version": 2, "timestamp": "2025-03-19T15:38:53.949Z", "logging-call-at": "/Users/shivamsaraf/Desktop/work/temporal/common/log/with_logger.go:66"}
2025-03-19T11:38:54.061-0400	info	returning user data	{"host": "127.0.0.1:63279", "component": "matching-engine", "wf-task-queue-name": "rrentVersion_Batching-564e9892_task_queue_19", "wf-task-queue-type": "Workflow", "wf-namespace": "namespace-ec265ab4-426c-4316-a4b3-47fc66311932", "long-poll": true, "request-known-version": 1, "user-data-version": 2, "logging-call-at": "/Users/shivamsaraf/Desktop/work/temporal/common/log/with_logger.go:66"}
2025-03-19T11:38:54.061-0400	info	returning user data	{"host": "127.0.0.1:63279", "component": "matching-engine", "wf-task-queue-name": "rrentVersion_Batching-564e9892_task_queue_3", "wf-task-queue-type": "Workflow", "wf-namespace": "namespace-ec265ab4-426c-4316-a4b3-47fc66311932", "long-poll": true, "request-known-version": 1, "user-data-version": 2, "logging-call-at": "/Users/shivamsaraf/Desktop/work/temporal/common/log/with_logger.go:66"}
2025-03-19T11:38:54.061-0400	info	modified user data	{"host": "127.0.0.1:63279", "component": "matching-engine", "wf-task-queue-name": "rrentVersion_Batching-564e9892_task_queue_20", "wf-task-queue-type": "Workflow", "wf-namespace": "namespace-ec265ab4-426c-4316-a4b3-47fc66311932", "user-data-update-source": "SyncDeploymentUserData", "user-data-version": 2, "timestamp": "2025-03-19T15:38:53.949Z", "logging-call-at": "/Users/shivamsaraf/Desktop/work/temporal/common/log/with_logger.go:66"}
2025-03-19T11:38:54.061-0400	info	modified user data	{"host": "127.0.0.1:63279", "component": "matching-engine", "wf-task-queue-name": "rrentVersion_Batching-564e9892_task_queue_15", "wf-task-queue-type": "Workflow", "wf-namespace": "namespace-ec265ab4-426c-4316-a4b3-47fc66311932", "user-data-update-source": "SyncDeploymentUserData", "user-data-version": 2, "timestamp": "2025-03-19T15:38:53.949Z", "logging-call-at": "/Users/shivamsaraf/Desktop/work/temporal/common/log/with_logger.go:66"}
2025-03-19T11:38:54.061-0400	debug	user data changed while blocked in long poll	{"host": "127.0.0.1:63279", "component": "matching-engine", "wf-task-queue-name": "rrentVersion_Batching-564e9892_task_queue_24", "wf-task-queue-type": "Workflow", "wf-namespace": "namespace-ec265ab4-426c-4316-a4b3-47fc66311932", "logging-call-at": "/Users/shivamsaraf/Desktop/work/temporal/common/log/with_logger.go:61"}
2025-03-19T11:38:54.062-0400	debug	user data changed while blocked in long poll	{"host": "127.0.0.1:63279", "component": "matching-engine", "wf-task-queue-name": "rrentVersion_Batching-564e9892_task_queue_20", "wf-task-queue-type": "Workflow", "wf-namespace": "namespace-ec265ab4-426c-4316-a4b3-47fc66311932", "logging-call-at": "/Users/shivamsaraf/Desktop/work/temporal/common/log/with_logger.go:61"}
2025-03-19T11:38:54.061-0400	debug	user data changed while blocked in long poll	{"host": "127.0.0.1:63279", "component": "matching-engine", "wf-task-queue-name": "rrentVersion_Batching-564e9892_task_queue_24", "wf-task-queue-type": "Workflow", "wf-namespace": "namespace-ec265ab4-426c-4316-a4b3-47fc66311932", "logging-call-at": "/Users/shivamsaraf/Desktop/work/temporal/common/log/with_logger.go:61"}
2025-03-19T11:38:54.061-0400	info	returning user data	{"host": "127.0.0.1:63279", "component": "matching-engine", "wf-task-queue-name": "rrentVersion_Batching-564e9892_task_queue_23", "wf-task-queue-type": "Workflow", "wf-namespace": "namespace-ec265ab4-426c-4316-a4b3-47fc66311932", "long-poll": true, "request-known-version": 1, "user-data-version": 2, "logging-call-at": "/Users/shivamsaraf/Desktop/work/temporal/common/log/with_logger.go:66"}
2025-03-19T11:38:54.061-0400	debug	user data changed while blocked in long poll	{"host": "127.0.0.1:63279", "component": "matching-engine", "wf-task-queue-name": "rrentVersion_Batching-564e9892_task_queue_19", "wf-task-queue-type": "Workflow", "wf-namespace": "namespace-ec265ab4-426c-4316-a4b3-47fc66311932", "logging-call-at": "/Users/shivamsaraf/Desktop/work/temporal/common/log/with_logger.go:61"}
2025-03-19T11:38:54.062-0400	info	modified user data	{"host": "127.0.0.1:63279", "component": "matching-engine", "wf-task-queue-name": "rrentVersion_Batching-564e9892_task_queue_18", "wf-task-queue-type": "Workflow", "wf-namespace": "namespace-ec265ab4-426c-4316-a4b3-47fc66311932", "user-data-update-source": "SyncDeploymentUserData", "user-data-version": 2, "timestamp": "2025-03-19T15:38:53.949Z", "logging-call-at": "/Users/shivamsaraf/Desktop/work/temporal/common/log/with_logger.go:66"}
2025-03-19T11:38:54.061-0400	info	returning user data	{"host": "127.0.0.1:63279", "component": "matching-engine", "wf-task-queue-name": "rrentVersion_Batching-564e9892_task_queue_23", "wf-task-queue-type": "Workflow", "wf-namespace": "namespace-ec265ab4-426c-4316-a4b3-47fc66311932", "long-poll": true, "request-known-version": 1, "user-data-version": 2, "logging-call-at": "/Users/shivamsaraf/Desktop/work/temporal/common/log/with_logger.go:66"}
2025-03-19T11:38:54.062-0400	debug	user data changed while blocked in long poll	{"host": "127.0.0.1:63279", "component": "matching-engine", "wf-task-queue-name": "rrentVersion_Batching-564e9892_task_queue_20", "wf-task-queue-type": "Workflow", "wf-namespace": "namespace-ec265ab4-426c-4316-a4b3-47fc66311932", "logging-call-at": "/Users/shivamsaraf/Desktop/work/temporal/common/log/with_logger.go:61"}
2025-03-19T11:38:54.062-0400	debug	user data changed while blocked in long poll	{"host": "127.0.0.1:63279", "component": "matching-engine", "wf-task-queue-name": "rrentVersion_Batching-564e9892_task_queue_15", "wf-task-queue-type": "Workflow", "wf-namespace": "namespace-ec265ab4-426c-4316-a4b3-47fc66311932", "logging-call-at": "/Users/shivamsaraf/Desktop/work/temporal/common/log/with_logger.go:61"}
2025-03-19T11:38:54.062-0400	info	modified user data	{"host": "127.0.0.1:63279", "component": "matching-engine", "wf-task-queue-name": "rrentVersion_Batching-564e9892_task_queue_17", "wf-task-queue-type": "Workflow", "wf-namespace": "namespace-ec265ab4-426c-4316-a4b3-47fc66311932", "user-data-update-source": "SyncDeploymentUserData", "user-data-version": 2, "timestamp": "2025-03-19T15:38:53.949Z", "logging-call-at": "/Users/shivamsaraf/Desktop/work/temporal/common/log/with_logger.go:66"}
2025-03-19T11:38:54.062-0400	info	modified user data	{"host": "127.0.0.1:63279", "component": "matching-engine", "wf-task-queue-name": "rrentVersion_Batching-564e9892_task_queue_2", "wf-task-queue-type": "Workflow", "wf-namespace": "namespace-ec265ab4-426c-4316-a4b3-47fc66311932", "user-data-update-source": "SyncDeploymentUserData", "user-data-version": 2, "timestamp": "2025-03-19T15:38:53.949Z", "logging-call-at": "/Users/shivamsaraf/Desktop/work/temporal/common/log/with_logger.go:66"}
2025-03-19T11:38:54.062-0400	info	returning user data	{"host": "127.0.0.1:63279", "component": "matching-engine", "wf-task-queue-name": "rrentVersion_Batching-564e9892_task_queue_15", "wf-task-queue-type": "Workflow", "wf-namespace": "namespace-ec265ab4-426c-4316-a4b3-47fc66311932", "long-poll": true, "request-known-version": 1, "user-data-version": 2, "logging-call-at": "/Users/shivamsaraf/Desktop/work/temporal/common/log/with_logger.go:66"}
2025-03-19T11:38:54.062-0400	debug	user data changed while blocked in long poll	{"host": "127.0.0.1:63279", "component": "matching-engine", "wf-task-queue-name": "rrentVersion_Batching-564e9892_task_queue_15", "wf-task-queue-type": "Workflow", "wf-namespace": "namespace-ec265ab4-426c-4316-a4b3-47fc66311932", "logging-call-at": "/Users/shivamsaraf/Desktop/work/temporal/common/log/with_logger.go:61"}
2025-03-19T11:38:54.062-0400	debug	user data changed while blocked in long poll	{"host": "127.0.0.1:63279", "component": "matching-engine", "wf-task-queue-name": "rrentVersion_Batching-564e9892_task_queue_17", "wf-task-queue-type": "Workflow", "wf-namespace": "namespace-ec265ab4-426c-4316-a4b3-47fc66311932", "logging-call-at": "/Users/shivamsaraf/Desktop/work/temporal/common/log/with_logger.go:61"}
2025-03-19T11:38:54.062-0400	debug	user data changed while blocked in long poll	{"host": "127.0.0.1:63279", "component": "matching-engine", "wf-task-queue-name": "rrentVersion_Batching-564e9892_task_queue_18", "wf-task-queue-type": "Workflow", "wf-namespace": "namespace-ec265ab4-426c-4316-a4b3-47fc66311932", "logging-call-at": "/Users/shivamsaraf/Desktop/work/temporal/common/log/with_logger.go:61"}
2025-03-19T11:38:54.062-0400	info	modified user data	{"host": "127.0.0.1:63279", "component": "matching-engine", "wf-task-queue-name": "rrentVersion_Batching-564e9892_task_queue_22", "wf-task-queue-type": "Workflow", "wf-namespace": "namespace-ec265ab4-426c-4316-a4b3-47fc66311932", "user-data-update-source": "SyncDeploymentUserData", "user-data-version": 2, "timestamp": "2025-03-19T15:38:53.949Z", "logging-call-at": "/Users/shivamsaraf/Desktop/work/temporal/common/log/with_logger.go:66"}
2025-03-19T11:38:54.062-0400	info	returning user data	{"host": "127.0.0.1:63279", "component": "matching-engine", "wf-task-queue-name": "rrentVersion_Batching-564e9892_task_queue_15", "wf-task-queue-type": "Workflow", "wf-namespace": "namespace-ec265ab4-426c-4316-a4b3-47fc66311932", "long-poll": true, "request-known-version": 1, "user-data-version": 2, "logging-call-at": "/Users/shivamsaraf/Desktop/work/temporal/common/log/with_logger.go:66"}
2025-03-19T11:38:54.062-0400	info	returning user data	{"host": "127.0.0.1:63279", "component": "matching-engine", "wf-task-queue-name": "rrentVersion_Batching-564e9892_task_queue_17", "wf-task-queue-type": "Workflow", "wf-namespace": "namespace-ec265ab4-426c-4316-a4b3-47fc66311932", "long-poll": true, "request-known-version": 1, "user-data-version": 2, "logging-call-at": "/Users/shivamsaraf/Desktop/work/temporal/common/log/with_logger.go:66"}
2025-03-19T11:38:54.062-0400	debug	user data changed while blocked in long poll	{"host": "127.0.0.1:63279", "component": "matching-engine", "wf-task-queue-name": "rrentVersion_Batching-564e9892_task_queue_17", "wf-task-queue-type": "Workflow", "wf-namespace": "namespace-ec265ab4-426c-4316-a4b3-47fc66311932", "logging-call-at": "/Users/shivamsaraf/Desktop/work/temporal/common/log/with_logger.go:61"}
2025-03-19T11:38:54.062-0400	debug	user data changed while blocked in long poll	{"host": "127.0.0.1:63279", "component": "matching-engine", "wf-task-queue-name": "rrentVersion_Batching-564e9892_task_queue_2", "wf-task-queue-type": "Workflow", "wf-namespace": "namespace-ec265ab4-426c-4316-a4b3-47fc66311932", "logging-call-at": "/Users/shivamsaraf/Desktop/work/temporal/common/log/with_logger.go:61"}
2025-03-19T11:38:54.062-0400	debug	user data changed while blocked in long poll	{"host": "127.0.0.1:63279", "component": "matching-engine", "wf-task-queue-name": "rrentVersion_Batching-564e9892_task_queue_2", "wf-task-queue-type": "Workflow", "wf-namespace": "namespace-ec265ab4-426c-4316-a4b3-47fc66311932", "logging-call-at": "/Users/shivamsaraf/Desktop/work/temporal/common/log/with_logger.go:61"}
2025-03-19T11:38:54.062-0400	info	modified user data	{"host": "127.0.0.1:63279", "component": "matching-engine", "wf-task-queue-name": "rrentVersion_Batching-564e9892_task_queue_10", "wf-task-queue-type": "Workflow", "wf-namespace": "namespace-ec265ab4-426c-4316-a4b3-47fc66311932", "user-data-update-source": "SyncDeploymentUserData", "user-data-version": 2, "timestamp": "2025-03-19T15:38:53.949Z", "logging-call-at": "/Users/shivamsaraf/Desktop/work/temporal/common/log/with_logger.go:66"}
2025-03-19T11:38:54.062-0400	info	returning user data	{"host": "127.0.0.1:63279", "component": "matching-engine", "wf-task-queue-name": "rrentVersion_Batching-564e9892_task_queue_17", "wf-task-queue-type": "Workflow", "wf-namespace": "namespace-ec265ab4-426c-4316-a4b3-47fc66311932", "long-poll": true, "request-known-version": 1, "user-data-version": 2, "logging-call-at": "/Users/shivamsaraf/Desktop/work/temporal/common/log/with_logger.go:66"}
2025-03-19T11:38:54.062-0400	info	returning user data	{"host": "127.0.0.1:63279", "component": "matching-engine", "wf-task-queue-name": "rrentVersion_Batching-564e9892_task_queue_2", "wf-task-queue-type": "Workflow", "wf-namespace": "namespace-ec265ab4-426c-4316-a4b3-47fc66311932", "long-poll": true, "request-known-version": 1, "user-data-version": 2, "logging-call-at": "/Users/shivamsaraf/Desktop/work/temporal/common/log/with_logger.go:66"}
2025-03-19T11:38:54.062-0400	info	returning user data	{"host": "127.0.0.1:63279", "component": "matching-engine", "wf-task-queue-name": "rrentVersion_Batching-564e9892_task_queue_2", "wf-task-queue-type": "Workflow", "wf-namespace": "namespace-ec265ab4-426c-4316-a4b3-47fc66311932", "long-poll": true, "request-known-version": 1, "user-data-version": 2, "logging-call-at": "/Users/shivamsaraf/Desktop/work/temporal/common/log/with_logger.go:66"}
2025-03-19T11:38:54.062-0400	debug	user data changed while blocked in long poll	{"host": "127.0.0.1:63279", "component": "matching-engine", "wf-task-queue-name": "rrentVersion_Batching-564e9892_task_queue_18", "wf-task-queue-type": "Workflow", "wf-namespace": "namespace-ec265ab4-426c-4316-a4b3-47fc66311932", "logging-call-at": "/Users/shivamsaraf/Desktop/work/temporal/common/log/with_logger.go:61"}
2025-03-19T11:38:54.062-0400	debug	user data changed while blocked in long poll	{"host": "127.0.0.1:63279", "component": "matching-engine", "wf-task-queue-name": "rrentVersion_Batching-564e9892_task_queue_10", "wf-task-queue-type": "Workflow", "wf-namespace": "namespace-ec265ab4-426c-4316-a4b3-47fc66311932", "logging-call-at": "/Users/shivamsaraf/Desktop/work/temporal/common/log/with_logger.go:61"}
2025-03-19T11:38:54.062-0400	info	returning user data	{"host": "127.0.0.1:63279", "component": "matching-engine", "wf-task-queue-name": "rrentVersion_Batching-564e9892_task_queue_18", "wf-task-queue-type": "Workflow", "wf-namespace": "namespace-ec265ab4-426c-4316-a4b3-47fc66311932", "long-poll": true, "request-known-version": 1, "user-data-version": 2, "logging-call-at": "/Users/shivamsaraf/Desktop/work/temporal/common/log/with_logger.go:66"}
2025-03-19T11:38:54.061-0400	debug	user data changed while blocked in long poll	{"host": "127.0.0.1:63279", "component": "matching-engine", "wf-task-queue-name": "rrentVersion_Batching-564e9892_task_queue_3", "wf-task-queue-type": "Workflow", "wf-namespace": "namespace-ec265ab4-426c-4316-a4b3-47fc66311932", "logging-call-at": "/Users/shivamsaraf/Desktop/work/temporal/common/log/with_logger.go:61"}
2025-03-19T11:38:54.062-0400	info	returning user data	{"host": "127.0.0.1:63279", "component": "matching-engine", "wf-task-queue-name": "rrentVersion_Batching-564e9892_task_queue_18", "wf-task-queue-type": "Workflow", "wf-namespace": "namespace-ec265ab4-426c-4316-a4b3-47fc66311932", "long-poll": true, "request-known-version": 1, "user-data-version": 2, "logging-call-at": "/Users/shivamsaraf/Desktop/work/temporal/common/log/with_logger.go:66"}
2025-03-19T11:38:54.062-0400	info	returning user data	{"host": "127.0.0.1:63279", "component": "matching-engine", "wf-task-queue-name": "rrentVersion_Batching-564e9892_task_queue_3", "wf-task-queue-type": "Workflow", "wf-namespace": "namespace-ec265ab4-426c-4316-a4b3-47fc66311932", "long-poll": true, "request-known-version": 1, "user-data-version": 2, "logging-call-at": "/Users/shivamsaraf/Desktop/work/temporal/common/log/with_logger.go:66"}
2025-03-19T11:38:54.062-0400	info	modified user data	{"host": "127.0.0.1:63279", "component": "matching-engine", "wf-task-queue-name": "rrentVersion_Batching-564e9892_task_queue_0", "wf-task-queue-type": "Workflow", "wf-namespace": "namespace-ec265ab4-426c-4316-a4b3-47fc66311932", "user-data-update-source": "SyncDeploymentUserData", "user-data-version": 2, "timestamp": "2025-03-19T15:38:53.949Z", "logging-call-at": "/Users/shivamsaraf/Desktop/work/temporal/common/log/with_logger.go:66"}
2025-03-19T11:38:54.062-0400	debug	user data changed while blocked in long poll	{"host": "127.0.0.1:63279", "component": "matching-engine", "wf-task-queue-name": "rrentVersion_Batching-564e9892_task_queue_10", "wf-task-queue-type": "Workflow", "wf-namespace": "namespace-ec265ab4-426c-4316-a4b3-47fc66311932", "logging-call-at": "/Users/shivamsaraf/Desktop/work/temporal/common/log/with_logger.go:61"}
2025-03-19T11:38:54.062-0400	debug	user data changed while blocked in long poll	{"host": "127.0.0.1:63279", "component": "matching-engine", "wf-task-queue-name": "rrentVersion_Batching-564e9892_task_queue_0", "wf-task-queue-type": "Workflow", "wf-namespace": "namespace-ec265ab4-426c-4316-a4b3-47fc66311932", "logging-call-at": "/Users/shivamsaraf/Desktop/work/temporal/common/log/with_logger.go:61"}
2025-03-19T11:38:54.062-0400	info	modified user data	{"host": "127.0.0.1:63279", "component": "matching-engine", "wf-task-queue-name": "rrentVersion_Batching-564e9892_task_queue_26", "wf-task-queue-type": "Workflow", "wf-namespace": "namespace-ec265ab4-426c-4316-a4b3-47fc66311932", "user-data-update-source": "SyncDeploymentUserData", "user-data-version": 2, "timestamp": "2025-03-19T15:38:53.950Z", "logging-call-at": "/Users/shivamsaraf/Desktop/work/temporal/common/log/with_logger.go:66"}
2025-03-19T11:38:54.062-0400	debug	user data changed while blocked in long poll	{"host": "127.0.0.1:63279", "component": "matching-engine", "wf-task-queue-name": "rrentVersion_Batching-564e9892_task_queue_18", "wf-task-queue-type": "Workflow", "wf-namespace": "namespace-ec265ab4-426c-4316-a4b3-47fc66311932", "logging-call-at": "/Users/shivamsaraf/Desktop/work/temporal/common/log/with_logger.go:61"}
2025-03-19T11:38:54.062-0400	debug	user data changed while blocked in long poll	{"host": "127.0.0.1:63279", "component": "matching-engine", "wf-task-queue-name": "rrentVersion_Batching-564e9892_task_queue_20", "wf-task-queue-type": "Workflow", "wf-namespace": "namespace-ec265ab4-426c-4316-a4b3-47fc66311932", "logging-call-at": "/Users/shivamsaraf/Desktop/work/temporal/common/log/with_logger.go:61"}
2025-03-19T11:38:54.062-0400	debug	user data changed while blocked in long poll	{"host": "127.0.0.1:63279", "component": "matching-engine", "wf-task-queue-name": "rrentVersion_Batching-564e9892_task_queue_0", "wf-task-queue-type": "Workflow", "wf-namespace": "namespace-ec265ab4-426c-4316-a4b3-47fc66311932", "logging-call-at": "/Users/shivamsaraf/Desktop/work/temporal/common/log/with_logger.go:61"}
2025-03-19T11:38:54.062-0400	info	returning user data	{"host": "127.0.0.1:63279", "component": "matching-engine", "wf-task-queue-name": "rrentVersion_Batching-564e9892_task_queue_18", "wf-task-queue-type": "Workflow", "wf-namespace": "namespace-ec265ab4-426c-4316-a4b3-47fc66311932", "long-poll": true, "request-known-version": 1, "user-data-version": 2, "logging-call-at": "/Users/shivamsaraf/Desktop/work/temporal/common/log/with_logger.go:66"}
2025-03-19T11:38:54.062-0400	info	returning user data	{"host": "127.0.0.1:63279", "component": "matching-engine", "wf-task-queue-name": "rrentVersion_Batching-564e9892_task_queue_20", "wf-task-queue-type": "Workflow", "wf-namespace": "namespace-ec265ab4-426c-4316-a4b3-47fc66311932", "long-poll": true, "request-known-version": 1, "user-data-version": 2, "logging-call-at": "/Users/shivamsaraf/Desktop/work/temporal/common/log/with_logger.go:66"}
2025-03-19T11:38:54.062-0400	info	returning user data	{"host": "127.0.0.1:63279", "component": "matching-engine", "wf-task-queue-name": "rrentVersion_Batching-564e9892_task_queue_0", "wf-task-queue-type": "Workflow", "wf-namespace": "namespace-ec265ab4-426c-4316-a4b3-47fc66311932", "long-poll": true, "request-known-version": 1, "user-data-version": 2, "logging-call-at": "/Users/shivamsaraf/Desktop/work/temporal/common/log/with_logger.go:66"}
2025-03-19T11:38:54.062-0400	info	fetched user data from parent	{"host": "127.0.0.1:63279", "component": "matching-engine", "wf-task-queue-name": "/_sys/rrentVersion_Batching-564e9892_task_queue_3/3", "wf-task-queue-type": "Workflow", "wf-namespace": "namespace-ec265ab4-426c-4316-a4b3-47fc66311932", "user-data-version": 2, "timestamp": "2025-03-19T15:38:53.948Z", "logging-call-at": "/Users/shivamsaraf/Desktop/work/temporal/common/log/with_logger.go:66"}
2025-03-19T11:38:54.062-0400	info	modified user data	{"host": "127.0.0.1:63279", "component": "matching-engine", "wf-task-queue-name": "rrentVersion_Batching-564e9892_task_queue_30", "wf-task-queue-type": "Workflow", "wf-namespace": "namespace-ec265ab4-426c-4316-a4b3-47fc66311932", "user-data-update-source": "SyncDeploymentUserData", "user-data-version": 2, "timestamp": "2025-03-19T15:38:53.949Z", "logging-call-at": "/Users/shivamsaraf/Desktop/work/temporal/common/log/with_logger.go:66"}
2025-03-19T11:38:54.062-0400	info	modified user data	{"host": "127.0.0.1:63279", "component": "matching-engine", "wf-task-queue-name": "rrentVersion_Batching-564e9892_task_queue_29", "wf-task-queue-type": "Workflow", "wf-namespace": "namespace-ec265ab4-426c-4316-a4b3-47fc66311932", "user-data-update-source": "SyncDeploymentUserData", "user-data-version": 2, "timestamp": "2025-03-19T15:38:53.950Z", "logging-call-at": "/Users/shivamsaraf/Desktop/work/temporal/common/log/with_logger.go:66"}
2025-03-19T11:38:54.062-0400	info	fetched user data from parent	{"host": "127.0.0.1:63279", "component": "matching-engine", "wf-task-queue-name": "/_sys/rrentVersion_Batching-564e9892_task_queue_12/1", "wf-task-queue-type": "Workflow", "wf-namespace": "namespace-ec265ab4-426c-4316-a4b3-47fc66311932", "user-data-version": 2, "timestamp": "2025-03-19T15:38:53.950Z", "logging-call-at": "/Users/shivamsaraf/Desktop/work/temporal/common/log/with_logger.go:66"}
2025-03-19T11:38:54.062-0400	info	modified user data	{"host": "127.0.0.1:63279", "component": "matching-engine", "wf-task-queue-name": "rrentVersion_Batching-564e9892_task_queue_11", "wf-task-queue-type": "Workflow", "wf-namespace": "namespace-ec265ab4-426c-4316-a4b3-47fc66311932", "user-data-update-source": "SyncDeploymentUserData", "user-data-version": 2, "timestamp": "2025-03-19T15:38:53.949Z", "logging-call-at": "/Users/shivamsaraf/Desktop/work/temporal/common/log/with_logger.go:66"}
2025-03-19T11:38:54.062-0400	debug	user data changed while blocked in long poll	{"host": "127.0.0.1:63279", "component": "matching-engine", "wf-task-queue-name": "rrentVersion_Batching-564e9892_task_queue_22", "wf-task-queue-type": "Workflow", "wf-namespace": "namespace-ec265ab4-426c-4316-a4b3-47fc66311932", "logging-call-at": "/Users/shivamsaraf/Desktop/work/temporal/common/log/with_logger.go:61"}
2025-03-19T11:38:54.062-0400	debug	user data changed while blocked in long poll	{"host": "127.0.0.1:63279", "component": "matching-engine", "wf-task-queue-name": "rrentVersion_Batching-564e9892_task_queue_26", "wf-task-queue-type": "Workflow", "wf-namespace": "namespace-ec265ab4-426c-4316-a4b3-47fc66311932", "logging-call-at": "/Users/shivamsaraf/Desktop/work/temporal/common/log/with_logger.go:61"}
2025-03-19T11:38:54.062-0400	debug	user data changed while blocked in long poll	{"host": "127.0.0.1:63279", "component": "matching-engine", "wf-task-queue-name": "rrentVersion_Batching-564e9892_task_queue_30", "wf-task-queue-type": "Workflow", "wf-namespace": "namespace-ec265ab4-426c-4316-a4b3-47fc66311932", "logging-call-at": "/Users/shivamsaraf/Desktop/work/temporal/common/log/with_logger.go:61"}
2025-03-19T11:38:54.062-0400	debug	user data changed while blocked in long poll	{"host": "127.0.0.1:63279", "component": "matching-engine", "wf-task-queue-name": "rrentVersion_Batching-564e9892_task_queue_0", "wf-task-queue-type": "Workflow", "wf-namespace": "namespace-ec265ab4-426c-4316-a4b3-47fc66311932", "logging-call-at": "/Users/shivamsaraf/Desktop/work/temporal/common/log/with_logger.go:61"}
2025-03-19T11:38:54.062-0400	debug	user data changed while blocked in long poll	{"host": "127.0.0.1:63279", "component": "matching-engine", "wf-task-queue-name": "rrentVersion_Batching-564e9892_task_queue_2", "wf-task-queue-type": "Workflow", "wf-namespace": "namespace-ec265ab4-426c-4316-a4b3-47fc66311932", "logging-call-at": "/Users/shivamsaraf/Desktop/work/temporal/common/log/with_logger.go:61"}
2025-03-19T11:38:54.062-0400	info	returning user data	{"host": "127.0.0.1:63279", "component": "matching-engine", "wf-task-queue-name": "rrentVersion_Batching-564e9892_task_queue_26", "wf-task-queue-type": "Workflow", "wf-namespace": "namespace-ec265ab4-426c-4316-a4b3-47fc66311932", "long-poll": true, "request-known-version": 1, "user-data-version": 2, "logging-call-at": "/Users/shivamsaraf/Desktop/work/temporal/common/log/with_logger.go:66"}
2025-03-19T11:38:54.062-0400	info	returning user data	{"host": "127.0.0.1:63279", "component": "matching-engine", "wf-task-queue-name": "rrentVersion_Batching-564e9892_task_queue_0", "wf-task-queue-type": "Workflow", "wf-namespace": "namespace-ec265ab4-426c-4316-a4b3-47fc66311932", "long-poll": true, "request-known-version": 1, "user-data-version": 2, "logging-call-at": "/Users/shivamsaraf/Desktop/work/temporal/common/log/with_logger.go:66"}
2025-03-19T11:38:54.062-0400	info	modified user data	{"host": "127.0.0.1:63279", "component": "matching-engine", "wf-task-queue-name": "rrentVersion_Batching-564e9892_task_queue_13", "wf-task-queue-type": "Workflow", "wf-namespace": "namespace-ec265ab4-426c-4316-a4b3-47fc66311932", "user-data-update-source": "SyncDeploymentUserData", "user-data-version": 2, "timestamp": "2025-03-19T15:38:53.948Z", "logging-call-at": "/Users/shivamsaraf/Desktop/work/temporal/common/log/with_logger.go:66"}
2025-03-19T11:38:54.062-0400	info	returning user data	{"host": "127.0.0.1:63279", "component": "matching-engine", "wf-task-queue-name": "rrentVersion_Batching-564e9892_task_queue_2", "wf-task-queue-type": "Workflow", "wf-namespace": "namespace-ec265ab4-426c-4316-a4b3-47fc66311932", "long-poll": true, "request-known-version": 1, "user-data-version": 2, "logging-call-at": "/Users/shivamsaraf/Desktop/work/temporal/common/log/with_logger.go:66"}
2025-03-19T11:38:54.062-0400	debug	user data changed while blocked in long poll	{"host": "127.0.0.1:63279", "component": "matching-engine", "wf-task-queue-name": "rrentVersion_Batching-564e9892_task_queue_29", "wf-task-queue-type": "Workflow", "wf-namespace": "namespace-ec265ab4-426c-4316-a4b3-47fc66311932", "logging-call-at": "/Users/shivamsaraf/Desktop/work/temporal/common/log/with_logger.go:61"}
2025-03-19T11:38:54.062-0400	debug	user data changed while blocked in long poll	{"host": "127.0.0.1:63279", "component": "matching-engine", "wf-task-queue-name": "rrentVersion_Batching-564e9892_task_queue_30", "wf-task-queue-type": "Workflow", "wf-namespace": "namespace-ec265ab4-426c-4316-a4b3-47fc66311932", "logging-call-at": "/Users/shivamsaraf/Desktop/work/temporal/common/log/with_logger.go:61"}
2025-03-19T11:38:54.063-0400	info	returning user data	{"host": "127.0.0.1:63279", "component": "matching-engine", "wf-task-queue-name": "rrentVersion_Batching-564e9892_task_queue_29", "wf-task-queue-type": "Workflow", "wf-namespace": "namespace-ec265ab4-426c-4316-a4b3-47fc66311932", "long-poll": true, "request-known-version": 1, "user-data-version": 2, "logging-call-at": "/Users/shivamsaraf/Desktop/work/temporal/common/log/with_logger.go:66"}
2025-03-19T11:38:54.063-0400	info	returning user data	{"host": "127.0.0.1:63279", "component": "matching-engine", "wf-task-queue-name": "rrentVersion_Batching-564e9892_task_queue_30", "wf-task-queue-type": "Workflow", "wf-namespace": "namespace-ec265ab4-426c-4316-a4b3-47fc66311932", "long-poll": true, "request-known-version": 1, "user-data-version": 2, "logging-call-at": "/Users/shivamsaraf/Desktop/work/temporal/common/log/with_logger.go:66"}
2025-03-19T11:38:54.063-0400	debug	user data changed while blocked in long poll	{"host": "127.0.0.1:63279", "component": "matching-engine", "wf-task-queue-name": "rrentVersion_Batching-564e9892_task_queue_11", "wf-task-queue-type": "Workflow", "wf-namespace": "namespace-ec265ab4-426c-4316-a4b3-47fc66311932", "logging-call-at": "/Users/shivamsaraf/Desktop/work/temporal/common/log/with_logger.go:61"}
2025-03-19T11:38:54.063-0400	debug	user data changed while blocked in long poll	{"host": "127.0.0.1:63279", "component": "matching-engine", "wf-task-queue-name": "rrentVersion_Batching-564e9892_task_queue_13", "wf-task-queue-type": "Workflow", "wf-namespace": "namespace-ec265ab4-426c-4316-a4b3-47fc66311932", "logging-call-at": "/Users/shivamsaraf/Desktop/work/temporal/common/log/with_logger.go:61"}
2025-03-19T11:38:54.063-0400	debug	user data changed while blocked in long poll	{"host": "127.0.0.1:63279", "component": "matching-engine", "wf-task-queue-name": "rrentVersion_Batching-564e9892_task_queue_13", "wf-task-queue-type": "Workflow", "wf-namespace": "namespace-ec265ab4-426c-4316-a4b3-47fc66311932", "logging-call-at": "/Users/shivamsaraf/Desktop/work/temporal/common/log/with_logger.go:61"}
2025-03-19T11:38:54.063-0400	info	fetched user data from parent	{"host": "127.0.0.1:63279", "component": "matching-engine", "wf-task-queue-name": "/_sys/rrentVersion_Batching-564e9892_task_queue_1/3", "wf-task-queue-type": "Workflow", "wf-namespace": "namespace-ec265ab4-426c-4316-a4b3-47fc66311932", "user-data-version": 2, "timestamp": "2025-03-19T15:38:53.949Z", "logging-call-at": "/Users/shivamsaraf/Desktop/work/temporal/common/log/with_logger.go:66"}
2025-03-19T11:38:54.062-0400	debug	user data changed while blocked in long poll	{"host": "127.0.0.1:63279", "component": "matching-engine", "wf-task-queue-name": "rrentVersion_Batching-564e9892_task_queue_29", "wf-task-queue-type": "Workflow", "wf-namespace": "namespace-ec265ab4-426c-4316-a4b3-47fc66311932", "logging-call-at": "/Users/shivamsaraf/Desktop/work/temporal/common/log/with_logger.go:61"}
2025-03-19T11:38:54.063-0400	debug	user data changed while blocked in long poll	{"host": "127.0.0.1:63279", "component": "matching-engine", "wf-task-queue-name": "rrentVersion_Batching-564e9892_task_queue_13", "wf-task-queue-type": "Workflow", "wf-namespace": "namespace-ec265ab4-426c-4316-a4b3-47fc66311932", "logging-call-at": "/Users/shivamsaraf/Desktop/work/temporal/common/log/with_logger.go:61"}
2025-03-19T11:38:54.063-0400	info	fetched user data from parent	{"host": "127.0.0.1:63279", "component": "matching-engine", "wf-task-queue-name": "/_sys/rrentVersion_Batching-564e9892_task_queue_12/3", "wf-task-queue-type": "Workflow", "wf-namespace": "namespace-ec265ab4-426c-4316-a4b3-47fc66311932", "user-data-version": 2, "timestamp": "2025-03-19T15:38:53.950Z", "logging-call-at": "/Users/shivamsaraf/Desktop/work/temporal/common/log/with_logger.go:66"}
2025-03-19T11:38:54.061-0400	info	modified user data	{"host": "127.0.0.1:63279", "component": "matching-engine", "wf-task-queue-name": "rrentVersion_Batching-564e9892_task_queue_27", "wf-task-queue-type": "Workflow", "wf-namespace": "namespace-ec265ab4-426c-4316-a4b3-47fc66311932", "user-data-update-source": "SyncDeploymentUserData", "user-data-version": 2, "timestamp": "2025-03-19T15:38:53.950Z", "logging-call-at": "/Users/shivamsaraf/Desktop/work/temporal/common/log/with_logger.go:66"}
2025-03-19T11:38:54.062-0400	debug	user data changed while blocked in long poll	{"host": "127.0.0.1:63279", "component": "matching-engine", "wf-task-queue-name": "rrentVersion_Batching-564e9892_task_queue_26", "wf-task-queue-type": "Workflow", "wf-namespace": "namespace-ec265ab4-426c-4316-a4b3-47fc66311932", "logging-call-at": "/Users/shivamsaraf/Desktop/work/temporal/common/log/with_logger.go:61"}
2025-03-19T11:38:54.063-0400	info	returning user data	{"host": "127.0.0.1:63279", "component": "matching-engine", "wf-task-queue-name": "rrentVersion_Batching-564e9892_task_queue_29", "wf-task-queue-type": "Workflow", "wf-namespace": "namespace-ec265ab4-426c-4316-a4b3-47fc66311932", "long-poll": true, "request-known-version": 1, "user-data-version": 2, "logging-call-at": "/Users/shivamsaraf/Desktop/work/temporal/common/log/with_logger.go:66"}
2025-03-19T11:38:54.063-0400	info	fetched user data from parent	{"host": "127.0.0.1:63279", "component": "matching-engine", "wf-task-queue-name": "/_sys/rrentVersion_Batching-564e9892_task_queue_23/1", "wf-task-queue-type": "Workflow", "wf-namespace": "namespace-ec265ab4-426c-4316-a4b3-47fc66311932", "user-data-version": 2, "timestamp": "2025-03-19T15:38:53.949Z", "logging-call-at": "/Users/shivamsaraf/Desktop/work/temporal/common/log/with_logger.go:66"}
2025-03-19T11:38:54.063-0400	info	fetched user data from parent	{"host": "127.0.0.1:63279", "component": "matching-engine", "wf-task-queue-name": "/_sys/rrentVersion_Batching-564e9892_task_queue_19/1", "wf-task-queue-type": "Workflow", "wf-namespace": "namespace-ec265ab4-426c-4316-a4b3-47fc66311932", "user-data-version": 2, "timestamp": "2025-03-19T15:38:53.949Z", "logging-call-at": "/Users/shivamsaraf/Desktop/work/temporal/common/log/with_logger.go:66"}
2025-03-19T11:38:54.063-0400	info	fetched user data from parent	{"host": "127.0.0.1:63279", "component": "matching-engine", "wf-task-queue-name": "/_sys/rrentVersion_Batching-564e9892_task_queue_19/2", "wf-task-queue-type": "Workflow", "wf-namespace": "namespace-ec265ab4-426c-4316-a4b3-47fc66311932", "user-data-version": 2, "timestamp": "2025-03-19T15:38:53.949Z", "logging-call-at": "/Users/shivamsaraf/Desktop/work/temporal/common/log/with_logger.go:66"}
2025-03-19T11:38:54.062-0400	info	modified user data	{"host": "127.0.0.1:63279", "component": "matching-engine", "wf-task-queue-name": "rrentVersion_Batching-564e9892_task_queue_25", "wf-task-queue-type": "Workflow", "wf-namespace": "namespace-ec265ab4-426c-4316-a4b3-47fc66311932", "user-data-update-source": "SyncDeploymentUserData", "user-data-version": 2, "timestamp": "2025-03-19T15:38:53.949Z", "logging-call-at": "/Users/shivamsaraf/Desktop/work/temporal/common/log/with_logger.go:66"}
2025-03-19T11:38:54.063-0400	info	fetched user data from parent	{"host": "127.0.0.1:63279", "component": "matching-engine", "wf-task-queue-name": "/_sys/rrentVersion_Batching-564e9892_task_queue_1/1", "wf-task-queue-type": "Workflow", "wf-namespace": "namespace-ec265ab4-426c-4316-a4b3-47fc66311932", "user-data-version": 2, "timestamp": "2025-03-19T15:38:53.949Z", "logging-call-at": "/Users/shivamsaraf/Desktop/work/temporal/common/log/with_logger.go:66"}
2025-03-19T11:38:54.063-0400	info	returning user data	{"host": "127.0.0.1:63279", "component": "matching-engine", "wf-task-queue-name": "rrentVersion_Batching-564e9892_task_queue_26", "wf-task-queue-type": "Workflow", "wf-namespace": "namespace-ec265ab4-426c-4316-a4b3-47fc66311932", "long-poll": true, "request-known-version": 1, "user-data-version": 2, "logging-call-at": "/Users/shivamsaraf/Desktop/work/temporal/common/log/with_logger.go:66"}
2025-03-19T11:38:54.063-0400	debug	user data changed while blocked in long poll	{"host": "127.0.0.1:63279", "component": "matching-engine", "wf-task-queue-name": "rrentVersion_Batching-564e9892_task_queue_27", "wf-task-queue-type": "Workflow", "wf-namespace": "namespace-ec265ab4-426c-4316-a4b3-47fc66311932", "logging-call-at": "/Users/shivamsaraf/Desktop/work/temporal/common/log/with_logger.go:61"}
2025-03-19T11:38:54.063-0400	info	returning user data	{"host": "127.0.0.1:63279", "component": "matching-engine", "wf-task-queue-name": "rrentVersion_Batching-564e9892_task_queue_27", "wf-task-queue-type": "Workflow", "wf-namespace": "namespace-ec265ab4-426c-4316-a4b3-47fc66311932", "long-poll": true, "request-known-version": 1, "user-data-version": 2, "logging-call-at": "/Users/shivamsaraf/Desktop/work/temporal/common/log/with_logger.go:66"}
2025-03-19T11:38:54.063-0400	info	fetched user data from parent	{"host": "127.0.0.1:63279", "component": "matching-engine", "wf-task-queue-name": "/_sys/rrentVersion_Batching-564e9892_task_queue_3/2", "wf-task-queue-type": "Workflow", "wf-namespace": "namespace-ec265ab4-426c-4316-a4b3-47fc66311932", "user-data-version": 2, "timestamp": "2025-03-19T15:38:53.948Z", "logging-call-at": "/Users/shivamsaraf/Desktop/work/temporal/common/log/with_logger.go:66"}
2025-03-19T11:38:54.063-0400	info	fetched user data from parent	{"host": "127.0.0.1:63279", "component": "matching-engine", "wf-task-queue-name": "/_sys/rrentVersion_Batching-564e9892_task_queue_21/1", "wf-task-queue-type": "Workflow", "wf-namespace": "namespace-ec265ab4-426c-4316-a4b3-47fc66311932", "user-data-version": 2, "timestamp": "2025-03-19T15:38:53.948Z", "logging-call-at": "/Users/shivamsaraf/Desktop/work/temporal/common/log/with_logger.go:66"}
2025-03-19T11:38:54.063-0400	debug	user data changed while blocked in long poll	{"host": "127.0.0.1:63279", "component": "matching-engine", "wf-task-queue-name": "rrentVersion_Batching-564e9892_task_queue_25", "wf-task-queue-type": "Workflow", "wf-namespace": "namespace-ec265ab4-426c-4316-a4b3-47fc66311932", "logging-call-at": "/Users/shivamsaraf/Desktop/work/temporal/common/log/with_logger.go:61"}
2025-03-19T11:38:54.063-0400	info	returning user data	{"host": "127.0.0.1:63279", "component": "matching-engine", "wf-task-queue-name": "rrentVersion_Batching-564e9892_task_queue_25", "wf-task-queue-type": "Workflow", "wf-namespace": "namespace-ec265ab4-426c-4316-a4b3-47fc66311932", "long-poll": true, "request-known-version": 1, "user-data-version": 2, "logging-call-at": "/Users/shivamsaraf/Desktop/work/temporal/common/log/with_logger.go:66"}
2025-03-19T11:38:54.063-0400	debug	user data changed while blocked in long poll	{"host": "127.0.0.1:63279", "component": "matching-engine", "wf-task-queue-name": "rrentVersion_Batching-564e9892_task_queue_25", "wf-task-queue-type": "Workflow", "wf-namespace": "namespace-ec265ab4-426c-4316-a4b3-47fc66311932", "logging-call-at": "/Users/shivamsaraf/Desktop/work/temporal/common/log/with_logger.go:61"}
2025-03-19T11:38:54.063-0400	debug	user data changed while blocked in long poll	{"host": "127.0.0.1:63279", "component": "matching-engine", "wf-task-queue-name": "rrentVersion_Batching-564e9892_task_queue_27", "wf-task-queue-type": "Workflow", "wf-namespace": "namespace-ec265ab4-426c-4316-a4b3-47fc66311932", "logging-call-at": "/Users/shivamsaraf/Desktop/work/temporal/common/log/with_logger.go:61"}
2025-03-19T11:38:54.063-0400	info	returning user data	{"host": "127.0.0.1:63279", "component": "matching-engine", "wf-task-queue-name": "rrentVersion_Batching-564e9892_task_queue_25", "wf-task-queue-type": "Workflow", "wf-namespace": "namespace-ec265ab4-426c-4316-a4b3-47fc66311932", "long-poll": true, "request-known-version": 1, "user-data-version": 2, "logging-call-at": "/Users/shivamsaraf/Desktop/work/temporal/common/log/with_logger.go:66"}
2025-03-19T11:38:54.063-0400	debug	user data changed while blocked in long poll	{"host": "127.0.0.1:63279", "component": "matching-engine", "wf-task-queue-name": "rrentVersion_Batching-564e9892_task_queue_11", "wf-task-queue-type": "Workflow", "wf-namespace": "namespace-ec265ab4-426c-4316-a4b3-47fc66311932", "logging-call-at": "/Users/shivamsaraf/Desktop/work/temporal/common/log/with_logger.go:61"}
2025-03-19T11:38:54.062-0400	debug	user data changed while blocked in long poll	{"host": "127.0.0.1:63279", "component": "matching-engine", "wf-task-queue-name": "rrentVersion_Batching-564e9892_task_queue_26", "wf-task-queue-type": "Workflow", "wf-namespace": "namespace-ec265ab4-426c-4316-a4b3-47fc66311932", "logging-call-at": "/Users/shivamsaraf/Desktop/work/temporal/common/log/with_logger.go:61"}
2025-03-19T11:38:54.063-0400	info	returning user data	{"host": "127.0.0.1:63279", "component": "matching-engine", "wf-task-queue-name": "rrentVersion_Batching-564e9892_task_queue_27", "wf-task-queue-type": "Workflow", "wf-namespace": "namespace-ec265ab4-426c-4316-a4b3-47fc66311932", "long-poll": true, "request-known-version": 1, "user-data-version": 2, "logging-call-at": "/Users/shivamsaraf/Desktop/work/temporal/common/log/with_logger.go:66"}
2025-03-19T11:38:54.063-0400	info	returning user data	{"host": "127.0.0.1:63279", "component": "matching-engine", "wf-task-queue-name": "rrentVersion_Batching-564e9892_task_queue_11", "wf-task-queue-type": "Workflow", "wf-namespace": "namespace-ec265ab4-426c-4316-a4b3-47fc66311932", "long-poll": true, "request-known-version": 1, "user-data-version": 2, "logging-call-at": "/Users/shivamsaraf/Desktop/work/temporal/common/log/with_logger.go:66"}
2025-03-19T11:38:54.063-0400	info	fetched user data from parent	{"host": "127.0.0.1:63279", "component": "matching-engine", "wf-task-queue-name": "/_sys/rrentVersion_Batching-564e9892_task_queue_23/3", "wf-task-queue-type": "Workflow", "wf-namespace": "namespace-ec265ab4-426c-4316-a4b3-47fc66311932", "user-data-version": 2, "timestamp": "2025-03-19T15:38:53.949Z", "logging-call-at": "/Users/shivamsaraf/Desktop/work/temporal/common/log/with_logger.go:66"}
2025-03-19T11:38:54.062-0400	info	returning user data	{"host": "127.0.0.1:63279", "component": "matching-engine", "wf-task-queue-name": "rrentVersion_Batching-564e9892_task_queue_30", "wf-task-queue-type": "Workflow", "wf-namespace": "namespace-ec265ab4-426c-4316-a4b3-47fc66311932", "long-poll": true, "request-known-version": 1, "user-data-version": 2, "logging-call-at": "/Users/shivamsaraf/Desktop/work/temporal/common/log/with_logger.go:66"}
2025-03-19T11:38:54.063-0400	info	fetched user data from parent	{"host": "127.0.0.1:63279", "component": "matching-engine", "wf-task-queue-name": "/_sys/rrentVersion_Batching-564e9892_task_queue_17/3", "wf-task-queue-type": "Workflow", "wf-namespace": "namespace-ec265ab4-426c-4316-a4b3-47fc66311932", "user-data-version": 2, "timestamp": "2025-03-19T15:38:53.949Z", "logging-call-at": "/Users/shivamsaraf/Desktop/work/temporal/common/log/with_logger.go:66"}
2025-03-19T11:38:54.063-0400	debug	user data changed while blocked in long poll	{"host": "127.0.0.1:63279", "component": "matching-engine", "wf-task-queue-name": "rrentVersion_Batching-564e9892_task_queue_25", "wf-task-queue-type": "Workflow", "wf-namespace": "namespace-ec265ab4-426c-4316-a4b3-47fc66311932", "logging-call-at": "/Users/shivamsaraf/Desktop/work/temporal/common/log/with_logger.go:61"}
2025-03-19T11:38:54.061-0400	info	returning user data	{"host": "127.0.0.1:63279", "component": "matching-engine", "wf-task-queue-name": "rrentVersion_Batching-564e9892_task_queue_21", "wf-task-queue-type": "Workflow", "wf-namespace": "namespace-ec265ab4-426c-4316-a4b3-47fc66311932", "long-poll": true, "request-known-version": 1, "user-data-version": 2, "logging-call-at": "/Users/shivamsaraf/Desktop/work/temporal/common/log/with_logger.go:66"}
2025-03-19T11:38:54.062-0400	info	returning user data	{"host": "127.0.0.1:63279", "component": "matching-engine", "wf-task-queue-name": "rrentVersion_Batching-564e9892_task_queue_24", "wf-task-queue-type": "Workflow", "wf-namespace": "namespace-ec265ab4-426c-4316-a4b3-47fc66311932", "long-poll": true, "request-known-version": 1, "user-data-version": 2, "logging-call-at": "/Users/shivamsaraf/Desktop/work/temporal/common/log/with_logger.go:66"}
2025-03-19T11:38:54.063-0400	info	returning user data	{"host": "127.0.0.1:63279", "component": "matching-engine", "wf-task-queue-name": "rrentVersion_Batching-564e9892_task_queue_25", "wf-task-queue-type": "Workflow", "wf-namespace": "namespace-ec265ab4-426c-4316-a4b3-47fc66311932", "long-poll": true, "request-known-version": 1, "user-data-version": 2, "logging-call-at": "/Users/shivamsaraf/Desktop/work/temporal/common/log/with_logger.go:66"}
2025-03-19T11:38:54.062-0400	info	modified user data	{"host": "127.0.0.1:63279", "component": "matching-engine", "wf-task-queue-name": "rrentVersion_Batching-564e9892_task_queue_14", "wf-task-queue-type": "Workflow", "wf-namespace": "namespace-ec265ab4-426c-4316-a4b3-47fc66311932", "user-data-update-source": "SyncDeploymentUserData", "user-data-version": 2, "timestamp": "2025-03-19T15:38:53.948Z", "logging-call-at": "/Users/shivamsaraf/Desktop/work/temporal/common/log/with_logger.go:66"}
2025-03-19T11:38:54.063-0400	info	fetched user data from parent	{"host": "127.0.0.1:63279", "component": "matching-engine", "wf-task-queue-name": "/_sys/rrentVersion_Batching-564e9892_task_queue_2/3", "wf-task-queue-type": "Workflow", "wf-namespace": "namespace-ec265ab4-426c-4316-a4b3-47fc66311932", "user-data-version": 2, "timestamp": "2025-03-19T15:38:53.949Z", "logging-call-at": "/Users/shivamsaraf/Desktop/work/temporal/common/log/with_logger.go:66"}
2025-03-19T11:38:54.063-0400	info	fetched user data from parent	{"host": "127.0.0.1:63279", "component": "matching-engine", "wf-task-queue-name": "/_sys/rrentVersion_Batching-564e9892_task_queue_17/1", "wf-task-queue-type": "Workflow", "wf-namespace": "namespace-ec265ab4-426c-4316-a4b3-47fc66311932", "user-data-version": 2, "timestamp": "2025-03-19T15:38:53.949Z", "logging-call-at": "/Users/shivamsaraf/Desktop/work/temporal/common/log/with_logger.go:66"}
2025-03-19T11:38:54.062-0400	debug	user data changed while blocked in long poll	{"host": "127.0.0.1:63279", "component": "matching-engine", "wf-task-queue-name": "rrentVersion_Batching-564e9892_task_queue_15", "wf-task-queue-type": "Workflow", "wf-namespace": "namespace-ec265ab4-426c-4316-a4b3-47fc66311932", "logging-call-at": "/Users/shivamsaraf/Desktop/work/temporal/common/log/with_logger.go:61"}
2025-03-19T11:38:54.062-0400	info	returning user data	{"host": "127.0.0.1:63279", "component": "matching-engine", "wf-task-queue-name": "rrentVersion_Batching-564e9892_task_queue_20", "wf-task-queue-type": "Workflow", "wf-namespace": "namespace-ec265ab4-426c-4316-a4b3-47fc66311932", "long-poll": true, "request-known-version": 1, "user-data-version": 2, "logging-call-at": "/Users/shivamsaraf/Desktop/work/temporal/common/log/with_logger.go:66"}
2025-03-19T11:38:54.062-0400	info	returning user data	{"host": "127.0.0.1:63279", "component": "matching-engine", "wf-task-queue-name": "rrentVersion_Batching-564e9892_task_queue_24", "wf-task-queue-type": "Workflow", "wf-namespace": "namespace-ec265ab4-426c-4316-a4b3-47fc66311932", "long-poll": true, "request-known-version": 1, "user-data-version": 2, "logging-call-at": "/Users/shivamsaraf/Desktop/work/temporal/common/log/with_logger.go:66"}
2025-03-19T11:38:54.062-0400	info	returning user data	{"host": "127.0.0.1:63279", "component": "matching-engine", "wf-task-queue-name": "rrentVersion_Batching-564e9892_task_queue_19", "wf-task-queue-type": "Workflow", "wf-namespace": "namespace-ec265ab4-426c-4316-a4b3-47fc66311932", "long-poll": true, "request-known-version": 1, "user-data-version": 2, "logging-call-at": "/Users/shivamsaraf/Desktop/work/temporal/common/log/with_logger.go:66"}
2025-03-19T11:38:54.062-0400	info	returning user data	{"host": "127.0.0.1:63279", "component": "matching-engine", "wf-task-queue-name": "rrentVersion_Batching-564e9892_task_queue_20", "wf-task-queue-type": "Workflow", "wf-namespace": "namespace-ec265ab4-426c-4316-a4b3-47fc66311932", "long-poll": true, "request-known-version": 1, "user-data-version": 2, "logging-call-at": "/Users/shivamsaraf/Desktop/work/temporal/common/log/with_logger.go:66"}
2025-03-19T11:38:54.062-0400	debug	user data changed while blocked in long poll	{"host": "127.0.0.1:63279", "component": "matching-engine", "wf-task-queue-name": "rrentVersion_Batching-564e9892_task_queue_17", "wf-task-queue-type": "Workflow", "wf-namespace": "namespace-ec265ab4-426c-4316-a4b3-47fc66311932", "logging-call-at": "/Users/shivamsaraf/Desktop/work/temporal/common/log/with_logger.go:61"}
2025-03-19T11:38:54.062-0400	info	modified user data	{"host": "127.0.0.1:63279", "component": "matching-engine", "wf-task-queue-name": "rrentVersion_Batching-564e9892_task_queue_16", "wf-task-queue-type": "Workflow", "wf-namespace": "namespace-ec265ab4-426c-4316-a4b3-47fc66311932", "user-data-update-source": "SyncDeploymentUserData", "user-data-version": 2, "timestamp": "2025-03-19T15:38:53.949Z", "logging-call-at": "/Users/shivamsaraf/Desktop/work/temporal/common/log/with_logger.go:66"}
2025-03-19T11:38:54.062-0400	info	returning user data	{"host": "127.0.0.1:63279", "component": "matching-engine", "wf-task-queue-name": "rrentVersion_Batching-564e9892_task_queue_10", "wf-task-queue-type": "Workflow", "wf-namespace": "namespace-ec265ab4-426c-4316-a4b3-47fc66311932", "long-poll": true, "request-known-version": 1, "user-data-version": 2, "logging-call-at": "/Users/shivamsaraf/Desktop/work/temporal/common/log/with_logger.go:66"}
2025-03-19T11:38:54.062-0400	debug	user data changed while blocked in long poll	{"host": "127.0.0.1:63279", "component": "matching-engine", "wf-task-queue-name": "rrentVersion_Batching-564e9892_task_queue_22", "wf-task-queue-type": "Workflow", "wf-namespace": "namespace-ec265ab4-426c-4316-a4b3-47fc66311932", "logging-call-at": "/Users/shivamsaraf/Desktop/work/temporal/common/log/with_logger.go:61"}
2025-03-19T11:38:54.062-0400	debug	user data changed while blocked in long poll	{"host": "127.0.0.1:63279", "component": "matching-engine", "wf-task-queue-name": "rrentVersion_Batching-564e9892_task_queue_10", "wf-task-queue-type": "Workflow", "wf-namespace": "namespace-ec265ab4-426c-4316-a4b3-47fc66311932", "logging-call-at": "/Users/shivamsaraf/Desktop/work/temporal/common/log/with_logger.go:61"}
2025-03-19T11:38:54.062-0400	debug	user data changed while blocked in long poll	{"host": "127.0.0.1:63279", "component": "matching-engine", "wf-task-queue-name": "rrentVersion_Batching-564e9892_task_queue_22", "wf-task-queue-type": "Workflow", "wf-namespace": "namespace-ec265ab4-426c-4316-a4b3-47fc66311932", "logging-call-at": "/Users/shivamsaraf/Desktop/work/temporal/common/log/with_logger.go:61"}
2025-03-19T11:38:54.062-0400	info	fetched user data from parent	{"host": "127.0.0.1:63279", "component": "matching-engine", "wf-task-queue-name": "/_sys/rrentVersion_Batching-564e9892_task_queue_23/2", "wf-task-queue-type": "Workflow", "wf-namespace": "namespace-ec265ab4-426c-4316-a4b3-47fc66311932", "user-data-version": 2, "timestamp": "2025-03-19T15:38:53.949Z", "logging-call-at": "/Users/shivamsaraf/Desktop/work/temporal/common/log/with_logger.go:66"}
2025-03-19T11:38:54.062-0400	info	returning user data	{"host": "127.0.0.1:63279", "component": "matching-engine", "wf-task-queue-name": "rrentVersion_Batching-564e9892_task_queue_10", "wf-task-queue-type": "Workflow", "wf-namespace": "namespace-ec265ab4-426c-4316-a4b3-47fc66311932", "long-poll": true, "request-known-version": 1, "user-data-version": 2, "logging-call-at": "/Users/shivamsaraf/Desktop/work/temporal/common/log/with_logger.go:66"}
2025-03-19T11:38:54.062-0400	info	returning user data	{"host": "127.0.0.1:63279", "component": "matching-engine", "wf-task-queue-name": "rrentVersion_Batching-564e9892_task_queue_0", "wf-task-queue-type": "Workflow", "wf-namespace": "namespace-ec265ab4-426c-4316-a4b3-47fc66311932", "long-poll": true, "request-known-version": 1, "user-data-version": 2, "logging-call-at": "/Users/shivamsaraf/Desktop/work/temporal/common/log/with_logger.go:66"}
2025-03-19T11:38:54.062-0400	info	modified user data	{"host": "127.0.0.1:63279", "component": "matching-engine", "wf-task-queue-name": "rrentVersion_Batching-564e9892_task_queue_28", "wf-task-queue-type": "Workflow", "wf-namespace": "namespace-ec265ab4-426c-4316-a4b3-47fc66311932", "user-data-update-source": "SyncDeploymentUserData", "user-data-version": 2, "timestamp": "2025-03-19T15:38:53.949Z", "logging-call-at": "/Users/shivamsaraf/Desktop/work/temporal/common/log/with_logger.go:66"}
2025-03-19T11:38:54.061-0400	info	returning user data	{"host": "127.0.0.1:63279", "component": "matching-engine", "wf-task-queue-name": "rrentVersion_Batching-564e9892_task_queue_21", "wf-task-queue-type": "Workflow", "wf-namespace": "namespace-ec265ab4-426c-4316-a4b3-47fc66311932", "long-poll": true, "request-known-version": 1, "user-data-version": 2, "logging-call-at": "/Users/shivamsaraf/Desktop/work/temporal/common/log/with_logger.go:66"}
2025-03-19T11:38:54.062-0400	debug	user data changed while blocked in long poll	{"host": "127.0.0.1:63279", "component": "matching-engine", "wf-task-queue-name": "rrentVersion_Batching-564e9892_task_queue_29", "wf-task-queue-type": "Workflow", "wf-namespace": "namespace-ec265ab4-426c-4316-a4b3-47fc66311932", "logging-call-at": "/Users/shivamsaraf/Desktop/work/temporal/common/log/with_logger.go:61"}
2025-03-19T11:38:54.062-0400	info	returning user data	{"host": "127.0.0.1:63279", "component": "matching-engine", "wf-task-queue-name": "rrentVersion_Batching-564e9892_task_queue_22", "wf-task-queue-type": "Workflow", "wf-namespace": "namespace-ec265ab4-426c-4316-a4b3-47fc66311932", "long-poll": true, "request-known-version": 1, "user-data-version": 2, "logging-call-at": "/Users/shivamsaraf/Desktop/work/temporal/common/log/with_logger.go:66"}
2025-03-19T11:38:54.062-0400	debug	user data changed while blocked in long poll	{"host": "127.0.0.1:63279", "component": "matching-engine", "wf-task-queue-name": "rrentVersion_Batching-564e9892_task_queue_30", "wf-task-queue-type": "Workflow", "wf-namespace": "namespace-ec265ab4-426c-4316-a4b3-47fc66311932", "logging-call-at": "/Users/shivamsaraf/Desktop/work/temporal/common/log/with_logger.go:61"}
2025-03-19T11:38:54.063-0400	info	fetched user data from parent	{"host": "127.0.0.1:63279", "component": "matching-engine", "wf-task-queue-name": "/_sys/rrentVersion_Batching-564e9892_task_queue_12/2", "wf-task-queue-type": "Workflow", "wf-namespace": "namespace-ec265ab4-426c-4316-a4b3-47fc66311932", "user-data-version": 2, "timestamp": "2025-03-19T15:38:53.950Z", "logging-call-at": "/Users/shivamsaraf/Desktop/work/temporal/common/log/with_logger.go:66"}
2025-03-19T11:38:54.063-0400	info	returning user data	{"host": "127.0.0.1:63279", "component": "matching-engine", "wf-task-queue-name": "rrentVersion_Batching-564e9892_task_queue_13", "wf-task-queue-type": "Workflow", "wf-namespace": "namespace-ec265ab4-426c-4316-a4b3-47fc66311932", "long-poll": true, "request-known-version": 1, "user-data-version": 2, "logging-call-at": "/Users/shivamsaraf/Desktop/work/temporal/common/log/with_logger.go:66"}
2025-03-19T11:38:54.063-0400	debug	user data changed while blocked in long poll	{"host": "127.0.0.1:63279", "component": "matching-engine", "wf-task-queue-name": "rrentVersion_Batching-564e9892_task_queue_11", "wf-task-queue-type": "Workflow", "wf-namespace": "namespace-ec265ab4-426c-4316-a4b3-47fc66311932", "logging-call-at": "/Users/shivamsaraf/Desktop/work/temporal/common/log/with_logger.go:61"}
2025-03-19T11:38:54.063-0400	info	returning user data	{"host": "127.0.0.1:63279", "component": "matching-engine", "wf-task-queue-name": "rrentVersion_Batching-564e9892_task_queue_13", "wf-task-queue-type": "Workflow", "wf-namespace": "namespace-ec265ab4-426c-4316-a4b3-47fc66311932", "long-poll": true, "request-known-version": 1, "user-data-version": 2, "logging-call-at": "/Users/shivamsaraf/Desktop/work/temporal/common/log/with_logger.go:66"}
2025-03-19T11:38:54.063-0400	info	returning user data	{"host": "127.0.0.1:63279", "component": "matching-engine", "wf-task-queue-name": "rrentVersion_Batching-564e9892_task_queue_13", "wf-task-queue-type": "Workflow", "wf-namespace": "namespace-ec265ab4-426c-4316-a4b3-47fc66311932", "long-poll": true, "request-known-version": 1, "user-data-version": 2, "logging-call-at": "/Users/shivamsaraf/Desktop/work/temporal/common/log/with_logger.go:66"}
2025-03-19T11:38:54.063-0400	info	fetched user data from parent	{"host": "127.0.0.1:63279", "component": "matching-engine", "wf-task-queue-name": "/_sys/rrentVersion_Batching-564e9892_task_queue_1/2", "wf-task-queue-type": "Workflow", "wf-namespace": "namespace-ec265ab4-426c-4316-a4b3-47fc66311932", "user-data-version": 2, "timestamp": "2025-03-19T15:38:53.949Z", "logging-call-at": "/Users/shivamsaraf/Desktop/work/temporal/common/log/with_logger.go:66"}
2025-03-19T11:38:54.063-0400	info	returning user data	{"host": "127.0.0.1:63279", "component": "matching-engine", "wf-task-queue-name": "rrentVersion_Batching-564e9892_task_queue_11", "wf-task-queue-type": "Workflow", "wf-namespace": "namespace-ec265ab4-426c-4316-a4b3-47fc66311932", "long-poll": true, "request-known-version": 1, "user-data-version": 2, "logging-call-at": "/Users/shivamsaraf/Desktop/work/temporal/common/log/with_logger.go:66"}
2025-03-19T11:38:54.063-0400	info	returning user data	{"host": "127.0.0.1:63279", "component": "matching-engine", "wf-task-queue-name": "rrentVersion_Batching-564e9892_task_queue_26", "wf-task-queue-type": "Workflow", "wf-namespace": "namespace-ec265ab4-426c-4316-a4b3-47fc66311932", "long-poll": true, "request-known-version": 1, "user-data-version": 2, "logging-call-at": "/Users/shivamsaraf/Desktop/work/temporal/common/log/with_logger.go:66"}
2025-03-19T11:38:54.063-0400	debug	user data changed while blocked in long poll	{"host": "127.0.0.1:63279", "component": "matching-engine", "wf-task-queue-name": "rrentVersion_Batching-564e9892_task_queue_27", "wf-task-queue-type": "Workflow", "wf-namespace": "namespace-ec265ab4-426c-4316-a4b3-47fc66311932", "logging-call-at": "/Users/shivamsaraf/Desktop/work/temporal/common/log/with_logger.go:61"}
2025-03-19T11:38:54.063-0400	info	fetched user data from parent	{"host": "127.0.0.1:63279", "component": "matching-engine", "wf-task-queue-name": "/_sys/rrentVersion_Batching-564e9892_task_queue_15/1", "wf-task-queue-type": "Workflow", "wf-namespace": "namespace-ec265ab4-426c-4316-a4b3-47fc66311932", "user-data-version": 2, "timestamp": "2025-03-19T15:38:53.949Z", "logging-call-at": "/Users/shivamsaraf/Desktop/work/temporal/common/log/with_logger.go:66"}
2025-03-19T11:38:54.064-0400	info	fetched user data from parent	{"host": "127.0.0.1:63279", "component": "matching-engine", "wf-task-queue-name": "/_sys/rrentVersion_Batching-564e9892_task_queue_26/1", "wf-task-queue-type": "Workflow", "wf-namespace": "namespace-ec265ab4-426c-4316-a4b3-47fc66311932", "user-data-version": 2, "timestamp": "2025-03-19T15:38:53.950Z", "logging-call-at": "/Users/shivamsaraf/Desktop/work/temporal/common/log/with_logger.go:66"}
2025-03-19T11:38:54.064-0400	info	returning user data	{"host": "127.0.0.1:63279", "component": "matching-engine", "wf-task-queue-name": "rrentVersion_Batching-564e9892_task_queue_11", "wf-task-queue-type": "Workflow", "wf-namespace": "namespace-ec265ab4-426c-4316-a4b3-47fc66311932", "long-poll": true, "request-known-version": 1, "user-data-version": 2, "logging-call-at": "/Users/shivamsaraf/Desktop/work/temporal/common/log/with_logger.go:66"}
2025-03-19T11:38:54.064-0400	info	fetched user data from parent	{"host": "127.0.0.1:63279", "component": "matching-engine", "wf-task-queue-name": "/_sys/rrentVersion_Batching-564e9892_task_queue_29/1", "wf-task-queue-type": "Workflow", "wf-namespace": "namespace-ec265ab4-426c-4316-a4b3-47fc66311932", "user-data-version": 2, "timestamp": "2025-03-19T15:38:53.950Z", "logging-call-at": "/Users/shivamsaraf/Desktop/work/temporal/common/log/with_logger.go:66"}
2025-03-19T11:38:54.063-0400	debug	user data changed while blocked in long poll	{"host": "127.0.0.1:63279", "component": "matching-engine", "wf-task-queue-name": "rrentVersion_Batching-564e9892_task_queue_14", "wf-task-queue-type": "Workflow", "wf-namespace": "namespace-ec265ab4-426c-4316-a4b3-47fc66311932", "logging-call-at": "/Users/shivamsaraf/Desktop/work/temporal/common/log/with_logger.go:61"}
2025-03-19T11:38:54.064-0400	info	returning user data	{"host": "127.0.0.1:63279", "component": "matching-engine", "wf-task-queue-name": "rrentVersion_Batching-564e9892_task_queue_14", "wf-task-queue-type": "Workflow", "wf-namespace": "namespace-ec265ab4-426c-4316-a4b3-47fc66311932", "long-poll": true, "request-known-version": 1, "user-data-version": 2, "logging-call-at": "/Users/shivamsaraf/Desktop/work/temporal/common/log/with_logger.go:66"}
2025-03-19T11:38:54.063-0400	info	fetched user data from parent	{"host": "127.0.0.1:63279", "component": "matching-engine", "wf-task-queue-name": "/_sys/rrentVersion_Batching-564e9892_task_queue_2/1", "wf-task-queue-type": "Workflow", "wf-namespace": "namespace-ec265ab4-426c-4316-a4b3-47fc66311932", "user-data-version": 2, "timestamp": "2025-03-19T15:38:53.949Z", "logging-call-at": "/Users/shivamsaraf/Desktop/work/temporal/common/log/with_logger.go:66"}
2025-03-19T11:38:54.064-0400	info	fetched user data from parent	{"host": "127.0.0.1:63279", "component": "matching-engine", "wf-task-queue-name": "/_sys/rrentVersion_Batching-564e9892_task_queue_0/1", "wf-task-queue-type": "Workflow", "wf-namespace": "namespace-ec265ab4-426c-4316-a4b3-47fc66311932", "user-data-version": 2, "timestamp": "2025-03-19T15:38:53.949Z", "logging-call-at": "/Users/shivamsaraf/Desktop/work/temporal/common/log/with_logger.go:66"}
2025-03-19T11:38:54.065-0400	info	fetched user data from parent	{"host": "127.0.0.1:63279", "component": "matching-engine", "wf-task-queue-name": "/_sys/rrentVersion_Batching-564e9892_task_queue_25/3", "wf-task-queue-type": "Workflow", "wf-namespace": "namespace-ec265ab4-426c-4316-a4b3-47fc66311932", "user-data-version": 2, "timestamp": "2025-03-19T15:38:53.949Z", "logging-call-at": "/Users/shivamsaraf/Desktop/work/temporal/common/log/with_logger.go:66"}
2025-03-19T11:38:54.065-0400	info	fetched user data from parent	{"host": "127.0.0.1:63279", "component": "matching-engine", "wf-task-queue-name": "/_sys/rrentVersion_Batching-564e9892_task_queue_27/2", "wf-task-queue-type": "Workflow", "wf-namespace": "namespace-ec265ab4-426c-4316-a4b3-47fc66311932", "user-data-version": 2, "timestamp": "2025-03-19T15:38:53.950Z", "logging-call-at": "/Users/shivamsaraf/Desktop/work/temporal/common/log/with_logger.go:66"}
2025-03-19T11:38:54.062-0400	debug	user data changed while blocked in long poll	{"host": "127.0.0.1:63279", "component": "matching-engine", "wf-task-queue-name": "rrentVersion_Batching-564e9892_task_queue_24", "wf-task-queue-type": "Workflow", "wf-namespace": "namespace-ec265ab4-426c-4316-a4b3-47fc66311932", "logging-call-at": "/Users/shivamsaraf/Desktop/work/temporal/common/log/with_logger.go:61"}
2025-03-19T11:38:54.065-0400	info	fetched user data from parent	{"host": "127.0.0.1:63279", "component": "matching-engine", "wf-task-queue-name": "/_sys/rrentVersion_Batching-564e9892_task_queue_27/1", "wf-task-queue-type": "Workflow", "wf-namespace": "namespace-ec265ab4-426c-4316-a4b3-47fc66311932", "user-data-version": 2, "timestamp": "2025-03-19T15:38:53.950Z", "logging-call-at": "/Users/shivamsaraf/Desktop/work/temporal/common/log/with_logger.go:66"}
2025-03-19T11:38:54.064-0400	info	returning user data	{"host": "127.0.0.1:63279", "component": "matching-engine", "wf-task-queue-name": "rrentVersion_Batching-564e9892_task_queue_15", "wf-task-queue-type": "Workflow", "wf-namespace": "namespace-ec265ab4-426c-4316-a4b3-47fc66311932", "long-poll": true, "request-known-version": 1, "user-data-version": 2, "logging-call-at": "/Users/shivamsaraf/Desktop/work/temporal/common/log/with_logger.go:66"}
2025-03-19T11:38:54.064-0400	debug	user data changed while blocked in long poll	{"host": "127.0.0.1:63279", "component": "matching-engine", "wf-task-queue-name": "rrentVersion_Batching-564e9892_task_queue_14", "wf-task-queue-type": "Workflow", "wf-namespace": "namespace-ec265ab4-426c-4316-a4b3-47fc66311932", "logging-call-at": "/Users/shivamsaraf/Desktop/work/temporal/common/log/with_logger.go:61"}
2025-03-19T11:38:54.064-0400	debug	user data changed while blocked in long poll	{"host": "127.0.0.1:63279", "component": "matching-engine", "wf-task-queue-name": "rrentVersion_Batching-564e9892_task_queue_14", "wf-task-queue-type": "Workflow", "wf-namespace": "namespace-ec265ab4-426c-4316-a4b3-47fc66311932", "logging-call-at": "/Users/shivamsaraf/Desktop/work/temporal/common/log/with_logger.go:61"}
2025-03-19T11:38:54.065-0400	info	returning user data	{"host": "127.0.0.1:63279", "component": "matching-engine", "wf-task-queue-name": "rrentVersion_Batching-564e9892_task_queue_14", "wf-task-queue-type": "Workflow", "wf-namespace": "namespace-ec265ab4-426c-4316-a4b3-47fc66311932", "long-poll": true, "request-known-version": 1, "user-data-version": 2, "logging-call-at": "/Users/shivamsaraf/Desktop/work/temporal/common/log/with_logger.go:66"}
2025-03-19T11:38:54.064-0400	info	fetched user data from parent	{"host": "127.0.0.1:63279", "component": "matching-engine", "wf-task-queue-name": "/_sys/rrentVersion_Batching-564e9892_task_queue_18/3", "wf-task-queue-type": "Workflow", "wf-namespace": "namespace-ec265ab4-426c-4316-a4b3-47fc66311932", "user-data-version": 2, "timestamp": "2025-03-19T15:38:53.949Z", "logging-call-at": "/Users/shivamsaraf/Desktop/work/temporal/common/log/with_logger.go:66"}
2025-03-19T11:38:54.065-0400	info	fetched user data from parent	{"host": "127.0.0.1:63279", "component": "matching-engine", "wf-task-queue-name": "/_sys/rrentVersion_Batching-564e9892_task_queue_25/1", "wf-task-queue-type": "Workflow", "wf-namespace": "namespace-ec265ab4-426c-4316-a4b3-47fc66311932", "user-data-version": 2, "timestamp": "2025-03-19T15:38:53.949Z", "logging-call-at": "/Users/shivamsaraf/Desktop/work/temporal/common/log/with_logger.go:66"}
2025-03-19T11:38:54.065-0400	info	returning user data	{"host": "127.0.0.1:63279", "component": "matching-engine", "wf-task-queue-name": "rrentVersion_Batching-564e9892_task_queue_14", "wf-task-queue-type": "Workflow", "wf-namespace": "namespace-ec265ab4-426c-4316-a4b3-47fc66311932", "long-poll": true, "request-known-version": 1, "user-data-version": 2, "logging-call-at": "/Users/shivamsaraf/Desktop/work/temporal/common/log/with_logger.go:66"}
2025-03-19T11:38:54.065-0400	info	fetched user data from parent	{"host": "127.0.0.1:63279", "component": "matching-engine", "wf-task-queue-name": "/_sys/rrentVersion_Batching-564e9892_task_queue_30/3", "wf-task-queue-type": "Workflow", "wf-namespace": "namespace-ec265ab4-426c-4316-a4b3-47fc66311932", "user-data-version": 2, "timestamp": "2025-03-19T15:38:53.949Z", "logging-call-at": "/Users/shivamsaraf/Desktop/work/temporal/common/log/with_logger.go:66"}
2025-03-19T11:38:54.064-0400	info	returning user data	{"host": "127.0.0.1:63279", "component": "matching-engine", "wf-task-queue-name": "rrentVersion_Batching-564e9892_task_queue_17", "wf-task-queue-type": "Workflow", "wf-namespace": "namespace-ec265ab4-426c-4316-a4b3-47fc66311932", "long-poll": true, "request-known-version": 1, "user-data-version": 2, "logging-call-at": "/Users/shivamsaraf/Desktop/work/temporal/common/log/with_logger.go:66"}
2025-03-19T11:38:54.065-0400	info	fetched user data from parent	{"host": "127.0.0.1:63279", "component": "matching-engine", "wf-task-queue-name": "/_sys/rrentVersion_Batching-564e9892_task_queue_11/2", "wf-task-queue-type": "Workflow", "wf-namespace": "namespace-ec265ab4-426c-4316-a4b3-47fc66311932", "user-data-version": 2, "timestamp": "2025-03-19T15:38:53.949Z", "logging-call-at": "/Users/shivamsaraf/Desktop/work/temporal/common/log/with_logger.go:66"}
2025-03-19T11:38:54.064-0400	info	returning user data	{"host": "127.0.0.1:63279", "component": "matching-engine", "wf-task-queue-name": "rrentVersion_Batching-564e9892_task_queue_22", "wf-task-queue-type": "Workflow", "wf-namespace": "namespace-ec265ab4-426c-4316-a4b3-47fc66311932", "long-poll": true, "request-known-version": 1, "user-data-version": 2, "logging-call-at": "/Users/shivamsaraf/Desktop/work/temporal/common/log/with_logger.go:66"}
2025-03-19T11:38:54.064-0400	info	fetched user data from parent	{"host": "127.0.0.1:63279", "component": "matching-engine", "wf-task-queue-name": "/_sys/rrentVersion_Batching-564e9892_task_queue_18/1", "wf-task-queue-type": "Workflow", "wf-namespace": "namespace-ec265ab4-426c-4316-a4b3-47fc66311932", "user-data-version": 2, "timestamp": "2025-03-19T15:38:53.949Z", "logging-call-at": "/Users/shivamsaraf/Desktop/work/temporal/common/log/with_logger.go:66"}
2025-03-19T11:38:54.064-0400	info	returning user data	{"host": "127.0.0.1:63279", "component": "matching-engine", "wf-task-queue-name": "rrentVersion_Batching-564e9892_task_queue_10", "wf-task-queue-type": "Workflow", "wf-namespace": "namespace-ec265ab4-426c-4316-a4b3-47fc66311932", "long-poll": true, "request-known-version": 1, "user-data-version": 2, "logging-call-at": "/Users/shivamsaraf/Desktop/work/temporal/common/log/with_logger.go:66"}
2025-03-19T11:38:54.064-0400	info	fetched user data from parent	{"host": "127.0.0.1:63279", "component": "matching-engine", "wf-task-queue-name": "/_sys/rrentVersion_Batching-564e9892_task_queue_3/1", "wf-task-queue-type": "Workflow", "wf-namespace": "namespace-ec265ab4-426c-4316-a4b3-47fc66311932", "user-data-version": 2, "timestamp": "2025-03-19T15:38:53.948Z", "logging-call-at": "/Users/shivamsaraf/Desktop/work/temporal/common/log/with_logger.go:66"}
2025-03-19T11:38:54.064-0400	info	returning user data	{"host": "127.0.0.1:63279", "component": "matching-engine", "wf-task-queue-name": "rrentVersion_Batching-564e9892_task_queue_22", "wf-task-queue-type": "Workflow", "wf-namespace": "namespace-ec265ab4-426c-4316-a4b3-47fc66311932", "long-poll": true, "request-known-version": 1, "user-data-version": 2, "logging-call-at": "/Users/shivamsaraf/Desktop/work/temporal/common/log/with_logger.go:66"}
2025-03-19T11:38:54.065-0400	info	fetched user data from parent	{"host": "127.0.0.1:63279", "component": "matching-engine", "wf-task-queue-name": "/_sys/rrentVersion_Batching-564e9892_task_queue_21/3", "wf-task-queue-type": "Workflow", "wf-namespace": "namespace-ec265ab4-426c-4316-a4b3-47fc66311932", "user-data-version": 2, "timestamp": "2025-03-19T15:38:53.948Z", "logging-call-at": "/Users/shivamsaraf/Desktop/work/temporal/common/log/with_logger.go:66"}
2025-03-19T11:38:54.064-0400	info	fetched user data from parent	{"host": "127.0.0.1:63279", "component": "matching-engine", "wf-task-queue-name": "/_sys/rrentVersion_Batching-564e9892_task_queue_0/3", "wf-task-queue-type": "Workflow", "wf-namespace": "namespace-ec265ab4-426c-4316-a4b3-47fc66311932", "user-data-version": 2, "timestamp": "2025-03-19T15:38:53.949Z", "logging-call-at": "/Users/shivamsaraf/Desktop/work/temporal/common/log/with_logger.go:66"}
2025-03-19T11:38:54.064-0400	debug	user data changed while blocked in long poll	{"host": "127.0.0.1:63279", "component": "matching-engine", "wf-task-queue-name": "rrentVersion_Batching-564e9892_task_queue_16", "wf-task-queue-type": "Workflow", "wf-namespace": "namespace-ec265ab4-426c-4316-a4b3-47fc66311932", "logging-call-at": "/Users/shivamsaraf/Desktop/work/temporal/common/log/with_logger.go:61"}
2025-03-19T11:38:54.065-0400	info	returning user data	{"host": "127.0.0.1:63279", "component": "matching-engine", "wf-task-queue-name": "rrentVersion_Batching-564e9892_task_queue_16", "wf-task-queue-type": "Workflow", "wf-namespace": "namespace-ec265ab4-426c-4316-a4b3-47fc66311932", "long-poll": true, "request-known-version": 1, "user-data-version": 2, "logging-call-at": "/Users/shivamsaraf/Desktop/work/temporal/common/log/with_logger.go:66"}
2025-03-19T11:38:54.065-0400	info	fetched user data from parent	{"host": "127.0.0.1:63279", "component": "matching-engine", "wf-task-queue-name": "/_sys/rrentVersion_Batching-564e9892_task_queue_24/1", "wf-task-queue-type": "Workflow", "wf-namespace": "namespace-ec265ab4-426c-4316-a4b3-47fc66311932", "user-data-version": 2, "timestamp": "2025-03-19T15:38:53.949Z", "logging-call-at": "/Users/shivamsaraf/Desktop/work/temporal/common/log/with_logger.go:66"}
2025-03-19T11:38:54.065-0400	info	fetched user data from parent	{"host": "127.0.0.1:63279", "component": "matching-engine", "wf-task-queue-name": "/_sys/rrentVersion_Batching-564e9892_task_queue_20/3", "wf-task-queue-type": "Workflow", "wf-namespace": "namespace-ec265ab4-426c-4316-a4b3-47fc66311932", "user-data-version": 2, "timestamp": "2025-03-19T15:38:53.949Z", "logging-call-at": "/Users/shivamsaraf/Desktop/work/temporal/common/log/with_logger.go:66"}
2025-03-19T11:38:54.064-0400	debug	user data changed while blocked in long poll	{"host": "127.0.0.1:63279", "component": "matching-engine", "wf-task-queue-name": "rrentVersion_Batching-564e9892_task_queue_16", "wf-task-queue-type": "Workflow", "wf-namespace": "namespace-ec265ab4-426c-4316-a4b3-47fc66311932", "logging-call-at": "/Users/shivamsaraf/Desktop/work/temporal/common/log/with_logger.go:61"}
2025-03-19T11:38:54.065-0400	info	fetched user data from parent	{"host": "127.0.0.1:63279", "component": "matching-engine", "wf-task-queue-name": "/_sys/rrentVersion_Batching-564e9892_task_queue_24/2", "wf-task-queue-type": "Workflow", "wf-namespace": "namespace-ec265ab4-426c-4316-a4b3-47fc66311932", "user-data-version": 2, "timestamp": "2025-03-19T15:38:53.949Z", "logging-call-at": "/Users/shivamsaraf/Desktop/work/temporal/common/log/with_logger.go:66"}
2025-03-19T11:38:54.065-0400	info	returning user data	{"host": "127.0.0.1:63279", "component": "matching-engine", "wf-task-queue-name": "rrentVersion_Batching-564e9892_task_queue_16", "wf-task-queue-type": "Workflow", "wf-namespace": "namespace-ec265ab4-426c-4316-a4b3-47fc66311932", "long-poll": true, "request-known-version": 1, "user-data-version": 2, "logging-call-at": "/Users/shivamsaraf/Desktop/work/temporal/common/log/with_logger.go:66"}
2025-03-19T11:38:54.065-0400	info	fetched user data from parent	{"host": "127.0.0.1:63279", "component": "matching-engine", "wf-task-queue-name": "/_sys/rrentVersion_Batching-564e9892_task_queue_19/3", "wf-task-queue-type": "Workflow", "wf-namespace": "namespace-ec265ab4-426c-4316-a4b3-47fc66311932", "user-data-version": 2, "timestamp": "2025-03-19T15:38:53.949Z", "logging-call-at": "/Users/shivamsaraf/Desktop/work/temporal/common/log/with_logger.go:66"}
2025-03-19T11:38:54.064-0400	debug	user data changed while blocked in long poll	{"host": "127.0.0.1:63279", "component": "matching-engine", "wf-task-queue-name": "rrentVersion_Batching-564e9892_task_queue_16", "wf-task-queue-type": "Workflow", "wf-namespace": "namespace-ec265ab4-426c-4316-a4b3-47fc66311932", "logging-call-at": "/Users/shivamsaraf/Desktop/work/temporal/common/log/with_logger.go:61"}
2025-03-19T11:38:54.065-0400	info	returning user data	{"host": "127.0.0.1:63279", "component": "matching-engine", "wf-task-queue-name": "rrentVersion_Batching-564e9892_task_queue_16", "wf-task-queue-type": "Workflow", "wf-namespace": "namespace-ec265ab4-426c-4316-a4b3-47fc66311932", "long-poll": true, "request-known-version": 1, "user-data-version": 2, "logging-call-at": "/Users/shivamsaraf/Desktop/work/temporal/common/log/with_logger.go:66"}
2025-03-19T11:38:54.064-0400	debug	user data changed while blocked in long poll	{"host": "127.0.0.1:63279", "component": "matching-engine", "wf-task-queue-name": "rrentVersion_Batching-564e9892_task_queue_28", "wf-task-queue-type": "Workflow", "wf-namespace": "namespace-ec265ab4-426c-4316-a4b3-47fc66311932", "logging-call-at": "/Users/shivamsaraf/Desktop/work/temporal/common/log/with_logger.go:61"}
2025-03-19T11:38:54.064-0400	info	fetched user data from parent	{"host": "127.0.0.1:63279", "component": "matching-engine", "wf-task-queue-name": "/_sys/rrentVersion_Batching-564e9892_task_queue_15/3", "wf-task-queue-type": "Workflow", "wf-namespace": "namespace-ec265ab4-426c-4316-a4b3-47fc66311932", "user-data-version": 2, "timestamp": "2025-03-19T15:38:53.949Z", "logging-call-at": "/Users/shivamsaraf/Desktop/work/temporal/common/log/with_logger.go:66"}
2025-03-19T11:38:54.064-0400	info	fetched user data from parent	{"host": "127.0.0.1:63279", "component": "matching-engine", "wf-task-queue-name": "/_sys/rrentVersion_Batching-564e9892_task_queue_18/2", "wf-task-queue-type": "Workflow", "wf-namespace": "namespace-ec265ab4-426c-4316-a4b3-47fc66311932", "user-data-version": 2, "timestamp": "2025-03-19T15:38:53.949Z", "logging-call-at": "/Users/shivamsaraf/Desktop/work/temporal/common/log/with_logger.go:66"}
2025-03-19T11:38:54.064-0400	info	fetched user data from parent	{"host": "127.0.0.1:63279", "component": "matching-engine", "wf-task-queue-name": "/_sys/rrentVersion_Batching-564e9892_task_queue_26/2", "wf-task-queue-type": "Workflow", "wf-namespace": "namespace-ec265ab4-426c-4316-a4b3-47fc66311932", "user-data-version": 2, "timestamp": "2025-03-19T15:38:53.950Z", "logging-call-at": "/Users/shivamsaraf/Desktop/work/temporal/common/log/with_logger.go:66"}
2025-03-19T11:38:54.064-0400	info	returning user data	{"host": "127.0.0.1:63279", "component": "matching-engine", "wf-task-queue-name": "rrentVersion_Batching-564e9892_task_queue_29", "wf-task-queue-type": "Workflow", "wf-namespace": "namespace-ec265ab4-426c-4316-a4b3-47fc66311932", "long-poll": true, "request-known-version": 1, "user-data-version": 2, "logging-call-at": "/Users/shivamsaraf/Desktop/work/temporal/common/log/with_logger.go:66"}
2025-03-19T11:38:54.064-0400	debug	user data changed while blocked in long poll	{"host": "127.0.0.1:63279", "component": "matching-engine", "wf-task-queue-name": "rrentVersion_Batching-564e9892_task_queue_28", "wf-task-queue-type": "Workflow", "wf-namespace": "namespace-ec265ab4-426c-4316-a4b3-47fc66311932", "logging-call-at": "/Users/shivamsaraf/Desktop/work/temporal/common/log/with_logger.go:61"}
2025-03-19T11:38:54.064-0400	info	fetched user data from parent	{"host": "127.0.0.1:63279", "component": "matching-engine", "wf-task-queue-name": "/_sys/rrentVersion_Batching-564e9892_task_queue_29/3", "wf-task-queue-type": "Workflow", "wf-namespace": "namespace-ec265ab4-426c-4316-a4b3-47fc66311932", "user-data-version": 2, "timestamp": "2025-03-19T15:38:53.950Z", "logging-call-at": "/Users/shivamsaraf/Desktop/work/temporal/common/log/with_logger.go:66"}
2025-03-19T11:38:54.064-0400	info	fetched user data from parent	{"host": "127.0.0.1:63279", "component": "matching-engine", "wf-task-queue-name": "/_sys/rrentVersion_Batching-564e9892_task_queue_30/2", "wf-task-queue-type": "Workflow", "wf-namespace": "namespace-ec265ab4-426c-4316-a4b3-47fc66311932", "user-data-version": 2, "timestamp": "2025-03-19T15:38:53.949Z", "logging-call-at": "/Users/shivamsaraf/Desktop/work/temporal/common/log/with_logger.go:66"}
2025-03-19T11:38:54.064-0400	info	returning user data	{"host": "127.0.0.1:63279", "component": "matching-engine", "wf-task-queue-name": "rrentVersion_Batching-564e9892_task_queue_30", "wf-task-queue-type": "Workflow", "wf-namespace": "namespace-ec265ab4-426c-4316-a4b3-47fc66311932", "long-poll": true, "request-known-version": 1, "user-data-version": 2, "logging-call-at": "/Users/shivamsaraf/Desktop/work/temporal/common/log/with_logger.go:66"}
2025-03-19T11:38:54.064-0400	info	fetched user data from parent	{"host": "127.0.0.1:63279", "component": "matching-engine", "wf-task-queue-name": "/_sys/rrentVersion_Batching-564e9892_task_queue_2/2", "wf-task-queue-type": "Workflow", "wf-namespace": "namespace-ec265ab4-426c-4316-a4b3-47fc66311932", "user-data-version": 2, "timestamp": "2025-03-19T15:38:53.949Z", "logging-call-at": "/Users/shivamsaraf/Desktop/work/temporal/common/log/with_logger.go:66"}
2025-03-19T11:38:54.064-0400	debug	user data changed while blocked in long poll	{"host": "127.0.0.1:63279", "component": "matching-engine", "wf-task-queue-name": "rrentVersion_Batching-564e9892_task_queue_28", "wf-task-queue-type": "Workflow", "wf-namespace": "namespace-ec265ab4-426c-4316-a4b3-47fc66311932", "logging-call-at": "/Users/shivamsaraf/Desktop/work/temporal/common/log/with_logger.go:61"}
2025-03-19T11:38:54.064-0400	info	returning user data	{"host": "127.0.0.1:63279", "component": "matching-engine", "wf-task-queue-name": "rrentVersion_Batching-564e9892_task_queue_27", "wf-task-queue-type": "Workflow", "wf-namespace": "namespace-ec265ab4-426c-4316-a4b3-47fc66311932", "long-poll": true, "request-known-version": 1, "user-data-version": 2, "logging-call-at": "/Users/shivamsaraf/Desktop/work/temporal/common/log/with_logger.go:66"}
2025-03-19T11:38:54.065-0400	info	returning user data	{"host": "127.0.0.1:63279", "component": "matching-engine", "wf-task-queue-name": "rrentVersion_Batching-564e9892_task_queue_24", "wf-task-queue-type": "Workflow", "wf-namespace": "namespace-ec265ab4-426c-4316-a4b3-47fc66311932", "long-poll": true, "request-known-version": 1, "user-data-version": 2, "logging-call-at": "/Users/shivamsaraf/Desktop/work/temporal/common/log/with_logger.go:66"}
2025-03-19T11:38:54.066-0400	info	fetched user data from parent	{"host": "127.0.0.1:63279", "component": "matching-engine", "wf-task-queue-name": "/_sys/rrentVersion_Batching-564e9892_task_queue_0/2", "wf-task-queue-type": "Workflow", "wf-namespace": "namespace-ec265ab4-426c-4316-a4b3-47fc66311932", "user-data-version": 2, "timestamp": "2025-03-19T15:38:53.949Z", "logging-call-at": "/Users/shivamsaraf/Desktop/work/temporal/common/log/with_logger.go:66"}
2025-03-19T11:38:54.066-0400	info	returning user data	{"host": "127.0.0.1:63279", "component": "matching-engine", "wf-task-queue-name": "rrentVersion_Batching-564e9892_task_queue_28", "wf-task-queue-type": "Workflow", "wf-namespace": "namespace-ec265ab4-426c-4316-a4b3-47fc66311932", "long-poll": true, "request-known-version": 1, "user-data-version": 2, "logging-call-at": "/Users/shivamsaraf/Desktop/work/temporal/common/log/with_logger.go:66"}
2025-03-19T11:38:54.065-0400	debug	Frontend method invoked.	{"host": "127.0.0.1:63278", "wf-namespace": "namespace-ec265ab4-426c-4316-a4b3-47fc66311932", "operation": "RespondActivityTaskCompleted", "server-name": "", "cert-thumbprint": "", "logging-call-at": "/Users/shivamsaraf/Desktop/work/temporal/common/log/with_logger.go:61"}
2025-03-19T11:38:54.066-0400	info	fetched user data from parent	{"host": "127.0.0.1:63279", "component": "matching-engine", "wf-task-queue-name": "/_sys/rrentVersion_Batching-564e9892_task_queue_13/1", "wf-task-queue-type": "Workflow", "wf-namespace": "namespace-ec265ab4-426c-4316-a4b3-47fc66311932", "user-data-version": 2, "timestamp": "2025-03-19T15:38:53.948Z", "logging-call-at": "/Users/shivamsaraf/Desktop/work/temporal/common/log/with_logger.go:66"}
2025-03-19T11:38:54.065-0400	info	fetched user data from parent	{"host": "127.0.0.1:63279", "component": "matching-engine", "wf-task-queue-name": "/_sys/rrentVersion_Batching-564e9892_task_queue_25/2", "wf-task-queue-type": "Workflow", "wf-namespace": "namespace-ec265ab4-426c-4316-a4b3-47fc66311932", "user-data-version": 2, "timestamp": "2025-03-19T15:38:53.949Z", "logging-call-at": "/Users/shivamsaraf/Desktop/work/temporal/common/log/with_logger.go:66"}
2025-03-19T11:38:54.065-0400	info	fetched user data from parent	{"host": "127.0.0.1:63279", "component": "matching-engine", "wf-task-queue-name": "/_sys/rrentVersion_Batching-564e9892_task_queue_20/1", "wf-task-queue-type": "Workflow", "wf-namespace": "namespace-ec265ab4-426c-4316-a4b3-47fc66311932", "user-data-version": 2, "timestamp": "2025-03-19T15:38:53.949Z", "logging-call-at": "/Users/shivamsaraf/Desktop/work/temporal/common/log/with_logger.go:66"}
2025-03-19T11:38:54.064-0400	info	fetched user data from parent	{"host": "127.0.0.1:63279", "component": "matching-engine", "wf-task-queue-name": "/_sys/rrentVersion_Batching-564e9892_task_queue_20/2", "wf-task-queue-type": "Workflow", "wf-namespace": "namespace-ec265ab4-426c-4316-a4b3-47fc66311932", "user-data-version": 2, "timestamp": "2025-03-19T15:38:53.949Z", "logging-call-at": "/Users/shivamsaraf/Desktop/work/temporal/common/log/with_logger.go:66"}
2025-03-19T11:38:54.066-0400	info	fetched user data from parent	{"host": "127.0.0.1:63279", "component": "matching-engine", "wf-task-queue-name": "/_sys/rrentVersion_Batching-564e9892_task_queue_13/2", "wf-task-queue-type": "Workflow", "wf-namespace": "namespace-ec265ab4-426c-4316-a4b3-47fc66311932", "user-data-version": 2, "timestamp": "2025-03-19T15:38:53.948Z", "logging-call-at": "/Users/shivamsaraf/Desktop/work/temporal/common/log/with_logger.go:66"}
2025-03-19T11:38:54.065-0400	info	returning user data	{"host": "127.0.0.1:63279", "component": "matching-engine", "wf-task-queue-name": "rrentVersion_Batching-564e9892_task_queue_28", "wf-task-queue-type": "Workflow", "wf-namespace": "namespace-ec265ab4-426c-4316-a4b3-47fc66311932", "long-poll": true, "request-known-version": 1, "user-data-version": 2, "logging-call-at": "/Users/shivamsaraf/Desktop/work/temporal/common/log/with_logger.go:66"}
2025-03-19T11:38:54.066-0400	info	fetched user data from parent	{"host": "127.0.0.1:63279", "component": "matching-engine", "wf-task-queue-name": "/_sys/rrentVersion_Batching-564e9892_task_queue_11/1", "wf-task-queue-type": "Workflow", "wf-namespace": "namespace-ec265ab4-426c-4316-a4b3-47fc66311932", "user-data-version": 2, "timestamp": "2025-03-19T15:38:53.949Z", "logging-call-at": "/Users/shivamsaraf/Desktop/work/temporal/common/log/with_logger.go:66"}
2025-03-19T11:38:54.065-0400	info	fetched user data from parent	{"host": "127.0.0.1:63279", "component": "matching-engine", "wf-task-queue-name": "/_sys/rrentVersion_Batching-564e9892_task_queue_22/1", "wf-task-queue-type": "Workflow", "wf-namespace": "namespace-ec265ab4-426c-4316-a4b3-47fc66311932", "user-data-version": 2, "timestamp": "2025-03-19T15:38:53.949Z", "logging-call-at": "/Users/shivamsaraf/Desktop/work/temporal/common/log/with_logger.go:66"}
2025-03-19T11:38:54.065-0400	info	fetched user data from parent	{"host": "127.0.0.1:63279", "component": "matching-engine", "wf-task-queue-name": "/_sys/rrentVersion_Batching-564e9892_task_queue_21/2", "wf-task-queue-type": "Workflow", "wf-namespace": "namespace-ec265ab4-426c-4316-a4b3-47fc66311932", "user-data-version": 2, "timestamp": "2025-03-19T15:38:53.948Z", "logging-call-at": "/Users/shivamsaraf/Desktop/work/temporal/common/log/with_logger.go:66"}
2025-03-19T11:38:54.066-0400	info	fetched user data from parent	{"host": "127.0.0.1:63279", "component": "matching-engine", "wf-task-queue-name": "/_sys/rrentVersion_Batching-564e9892_task_queue_11/3", "wf-task-queue-type": "Workflow", "wf-namespace": "namespace-ec265ab4-426c-4316-a4b3-47fc66311932", "user-data-version": 2, "timestamp": "2025-03-19T15:38:53.949Z", "logging-call-at": "/Users/shivamsaraf/Desktop/work/temporal/common/log/with_logger.go:66"}
2025-03-19T11:38:54.065-0400	info	fetched user data from parent	{"host": "127.0.0.1:63279", "component": "matching-engine", "wf-task-queue-name": "/_sys/rrentVersion_Batching-564e9892_task_queue_10/2", "wf-task-queue-type": "Workflow", "wf-namespace": "namespace-ec265ab4-426c-4316-a4b3-47fc66311932", "user-data-version": 2, "timestamp": "2025-03-19T15:38:53.949Z", "logging-call-at": "/Users/shivamsaraf/Desktop/work/temporal/common/log/with_logger.go:66"}
2025-03-19T11:38:54.065-0400	info	fetched user data from parent	{"host": "127.0.0.1:63279", "component": "matching-engine", "wf-task-queue-name": "/_sys/rrentVersion_Batching-564e9892_task_queue_10/3", "wf-task-queue-type": "Workflow", "wf-namespace": "namespace-ec265ab4-426c-4316-a4b3-47fc66311932", "user-data-version": 2, "timestamp": "2025-03-19T15:38:53.949Z", "logging-call-at": "/Users/shivamsaraf/Desktop/work/temporal/common/log/with_logger.go:66"}
2025-03-19T11:38:54.066-0400	info	fetched user data from parent	{"host": "127.0.0.1:63279", "component": "matching-engine", "wf-task-queue-name": "/_sys/rrentVersion_Batching-564e9892_task_queue_13/3", "wf-task-queue-type": "Workflow", "wf-namespace": "namespace-ec265ab4-426c-4316-a4b3-47fc66311932", "user-data-version": 2, "timestamp": "2025-03-19T15:38:53.948Z", "logging-call-at": "/Users/shivamsaraf/Desktop/work/temporal/common/log/with_logger.go:66"}
2025-03-19T11:38:54.066-0400	info	fetched user data from parent	{"host": "127.0.0.1:63279", "component": "matching-engine", "wf-task-queue-name": "/_sys/rrentVersion_Batching-564e9892_task_queue_15/2", "wf-task-queue-type": "Workflow", "wf-namespace": "namespace-ec265ab4-426c-4316-a4b3-47fc66311932", "user-data-version": 2, "timestamp": "2025-03-19T15:38:53.949Z", "logging-call-at": "/Users/shivamsaraf/Desktop/work/temporal/common/log/with_logger.go:66"}
2025-03-19T11:38:54.065-0400	info	returning user data	{"host": "127.0.0.1:63279", "component": "matching-engine", "wf-task-queue-name": "rrentVersion_Batching-564e9892_task_queue_28", "wf-task-queue-type": "Workflow", "wf-namespace": "namespace-ec265ab4-426c-4316-a4b3-47fc66311932", "long-poll": true, "request-known-version": 1, "user-data-version": 2, "logging-call-at": "/Users/shivamsaraf/Desktop/work/temporal/common/log/with_logger.go:66"}
2025-03-19T11:38:54.066-0400	info	fetched user data from parent	{"host": "127.0.0.1:63279", "component": "matching-engine", "wf-task-queue-name": "/_sys/rrentVersion_Batching-564e9892_task_queue_14/3", "wf-task-queue-type": "Workflow", "wf-namespace": "namespace-ec265ab4-426c-4316-a4b3-47fc66311932", "user-data-version": 2, "timestamp": "2025-03-19T15:38:53.948Z", "logging-call-at": "/Users/shivamsaraf/Desktop/work/temporal/common/log/with_logger.go:66"}
2025-03-19T11:38:54.066-0400	info	fetched user data from parent	{"host": "127.0.0.1:63279", "component": "matching-engine", "wf-task-queue-name": "/_sys/rrentVersion_Batching-564e9892_task_queue_17/2", "wf-task-queue-type": "Workflow", "wf-namespace": "namespace-ec265ab4-426c-4316-a4b3-47fc66311932", "user-data-version": 2, "timestamp": "2025-03-19T15:38:53.949Z", "logging-call-at": "/Users/shivamsaraf/Desktop/work/temporal/common/log/with_logger.go:66"}
2025-03-19T11:38:54.066-0400	info	fetched user data from parent	{"host": "127.0.0.1:63279", "component": "matching-engine", "wf-task-queue-name": "/_sys/rrentVersion_Batching-564e9892_task_queue_14/2", "wf-task-queue-type": "Workflow", "wf-namespace": "namespace-ec265ab4-426c-4316-a4b3-47fc66311932", "user-data-version": 2, "timestamp": "2025-03-19T15:38:53.948Z", "logging-call-at": "/Users/shivamsaraf/Desktop/work/temporal/common/log/with_logger.go:66"}
2025-03-19T11:38:54.066-0400	info	fetched user data from parent	{"host": "127.0.0.1:63279", "component": "matching-engine", "wf-task-queue-name": "/_sys/rrentVersion_Batching-564e9892_task_queue_26/3", "wf-task-queue-type": "Workflow", "wf-namespace": "namespace-ec265ab4-426c-4316-a4b3-47fc66311932", "user-data-version": 2, "timestamp": "2025-03-19T15:38:53.950Z", "logging-call-at": "/Users/shivamsaraf/Desktop/work/temporal/common/log/with_logger.go:66"}
2025-03-19T11:38:54.067-0400	info	fetched user data from parent	{"host": "127.0.0.1:63279", "component": "matching-engine", "wf-task-queue-name": "/_sys/rrentVersion_Batching-564e9892_task_queue_14/1", "wf-task-queue-type": "Workflow", "wf-namespace": "namespace-ec265ab4-426c-4316-a4b3-47fc66311932", "user-data-version": 2, "timestamp": "2025-03-19T15:38:53.948Z", "logging-call-at": "/Users/shivamsaraf/Desktop/work/temporal/common/log/with_logger.go:66"}
2025-03-19T11:38:54.067-0400	debug	Workflow task updated	{"host": "127.0.0.1:63280", "shard-id": 4, "address": "127.0.0.1:63280", "wf-scheduled-event-id": 870, "wf-started-event-id": 0, "workflow-task-request-id": "emptyUuid", "workflow-task-timeout": 10, "attempt": 1, "wf-started-timestamp": "0001-01-01T00:00:00.000Z", "wt-type": "Normal", "logging-call-at": "/Users/shivamsaraf/Desktop/work/temporal/common/log/with_logger.go:61"}
2025-03-19T11:38:54.067-0400	info	fetched user data from parent	{"host": "127.0.0.1:63279", "component": "matching-engine", "wf-task-queue-name": "/_sys/rrentVersion_Batching-564e9892_task_queue_10/1", "wf-task-queue-type": "Workflow", "wf-namespace": "namespace-ec265ab4-426c-4316-a4b3-47fc66311932", "user-data-version": 2, "timestamp": "2025-03-19T15:38:53.949Z", "logging-call-at": "/Users/shivamsaraf/Desktop/work/temporal/common/log/with_logger.go:66"}
2025-03-19T11:38:54.067-0400	info	fetched user data from parent	{"host": "127.0.0.1:63279", "component": "matching-engine", "wf-task-queue-name": "/_sys/rrentVersion_Batching-564e9892_task_queue_22/3", "wf-task-queue-type": "Workflow", "wf-namespace": "namespace-ec265ab4-426c-4316-a4b3-47fc66311932", "user-data-version": 2, "timestamp": "2025-03-19T15:38:53.949Z", "logging-call-at": "/Users/shivamsaraf/Desktop/work/temporal/common/log/with_logger.go:66"}
2025-03-19T11:38:54.067-0400	info	fetched user data from parent	{"host": "127.0.0.1:63279", "component": "matching-engine", "wf-task-queue-name": "/_sys/rrentVersion_Batching-564e9892_task_queue_22/2", "wf-task-queue-type": "Workflow", "wf-namespace": "namespace-ec265ab4-426c-4316-a4b3-47fc66311932", "user-data-version": 2, "timestamp": "2025-03-19T15:38:53.949Z", "logging-call-at": "/Users/shivamsaraf/Desktop/work/temporal/common/log/with_logger.go:66"}
2025-03-19T11:38:54.067-0400	info	fetched user data from parent	{"host": "127.0.0.1:63279", "component": "matching-engine", "wf-task-queue-name": "/_sys/rrentVersion_Batching-564e9892_task_queue_16/3", "wf-task-queue-type": "Workflow", "wf-namespace": "namespace-ec265ab4-426c-4316-a4b3-47fc66311932", "user-data-version": 2, "timestamp": "2025-03-19T15:38:53.949Z", "logging-call-at": "/Users/shivamsaraf/Desktop/work/temporal/common/log/with_logger.go:66"}
2025-03-19T11:38:54.067-0400	info	fetched user data from parent	{"host": "127.0.0.1:63279", "component": "matching-engine", "wf-task-queue-name": "/_sys/rrentVersion_Batching-564e9892_task_queue_16/1", "wf-task-queue-type": "Workflow", "wf-namespace": "namespace-ec265ab4-426c-4316-a4b3-47fc66311932", "user-data-version": 2, "timestamp": "2025-03-19T15:38:53.949Z", "logging-call-at": "/Users/shivamsaraf/Desktop/work/temporal/common/log/with_logger.go:66"}
2025-03-19T11:38:54.067-0400	debug	Assigning new task key	{"host": "127.0.0.1:63280", "shard-id": 4, "address": "127.0.0.1:63280", "wf-namespace-id": "d0b550e3-6091-4a9b-a9aa-3d80ffb24954", "wf-id": "temporal-sys-worker-deployment-version:rrentVersion_Batching-564e9892_deployment_series.rrentVersion_Batching-564e9892_build_id", "wf-run-id": "0195af0e-98a0-7d94-93e5-2a1d2e5942f8", "queue-task-type": "WorkflowTaskTimeout", "queue-task-id": 1050819, "timestamp": "2025-03-19T15:38:59.068Z", "cursor-timestamp": "2025-03-19T15:38:54.929Z", "logging-call-at": "/Users/shivamsaraf/Desktop/work/temporal/common/log/with_logger.go:61"}
2025-03-19T11:38:54.067-0400	info	fetched user data from parent	{"host": "127.0.0.1:63279", "component": "matching-engine", "wf-task-queue-name": "/_sys/rrentVersion_Batching-564e9892_task_queue_29/2", "wf-task-queue-type": "Workflow", "wf-namespace": "namespace-ec265ab4-426c-4316-a4b3-47fc66311932", "user-data-version": 2, "timestamp": "2025-03-19T15:38:53.950Z", "logging-call-at": "/Users/shivamsaraf/Desktop/work/temporal/common/log/with_logger.go:66"}
2025-03-19T11:38:54.067-0400	info	fetched user data from parent	{"host": "127.0.0.1:63279", "component": "matching-engine", "wf-task-queue-name": "/_sys/rrentVersion_Batching-564e9892_task_queue_16/2", "wf-task-queue-type": "Workflow", "wf-namespace": "namespace-ec265ab4-426c-4316-a4b3-47fc66311932", "user-data-version": 2, "timestamp": "2025-03-19T15:38:53.949Z", "logging-call-at": "/Users/shivamsaraf/Desktop/work/temporal/common/log/with_logger.go:66"}
2025-03-19T11:38:54.067-0400	debug	Assigning new task key	{"host": "127.0.0.1:63280", "shard-id": 4, "address": "127.0.0.1:63280", "wf-namespace-id": "d0b550e3-6091-4a9b-a9aa-3d80ffb24954", "wf-id": "temporal-sys-worker-deployment-version:rrentVersion_Batching-564e9892_deployment_series.rrentVersion_Batching-564e9892_build_id", "wf-run-id": "0195af0e-98a0-7d94-93e5-2a1d2e5942f8", "queue-task-type": "TransferWorkflowTask", "queue-task-id": 1050820, "timestamp": "2025-03-19T15:38:54.067Z", "cursor-timestamp": "2025-03-19T15:38:54.929Z", "logging-call-at": "/Users/shivamsaraf/Desktop/work/temporal/common/log/with_logger.go:61"}
2025-03-19T11:38:54.067-0400	info	fetched user data from parent	{"host": "127.0.0.1:63279", "component": "matching-engine", "wf-task-queue-name": "/_sys/rrentVersion_Batching-564e9892_task_queue_24/3", "wf-task-queue-type": "Workflow", "wf-namespace": "namespace-ec265ab4-426c-4316-a4b3-47fc66311932", "user-data-version": 2, "timestamp": "2025-03-19T15:38:53.949Z", "logging-call-at": "/Users/shivamsaraf/Desktop/work/temporal/common/log/with_logger.go:66"}
2025-03-19T11:38:54.067-0400	info	fetched user data from parent	{"host": "127.0.0.1:63279", "component": "matching-engine", "wf-task-queue-name": "/_sys/rrentVersion_Batching-564e9892_task_queue_30/1", "wf-task-queue-type": "Workflow", "wf-namespace": "namespace-ec265ab4-426c-4316-a4b3-47fc66311932", "user-data-version": 2, "timestamp": "2025-03-19T15:38:53.949Z", "logging-call-at": "/Users/shivamsaraf/Desktop/work/temporal/common/log/with_logger.go:66"}
2025-03-19T11:38:54.067-0400	info	fetched user data from parent	{"host": "127.0.0.1:63279", "component": "matching-engine", "wf-task-queue-name": "/_sys/rrentVersion_Batching-564e9892_task_queue_28/2", "wf-task-queue-type": "Workflow", "wf-namespace": "namespace-ec265ab4-426c-4316-a4b3-47fc66311932", "user-data-version": 2, "timestamp": "2025-03-19T15:38:53.949Z", "logging-call-at": "/Users/shivamsaraf/Desktop/work/temporal/common/log/with_logger.go:66"}
2025-03-19T11:38:54.067-0400	info	fetched user data from parent	{"host": "127.0.0.1:63279", "component": "matching-engine", "wf-task-queue-name": "/_sys/rrentVersion_Batching-564e9892_task_queue_27/3", "wf-task-queue-type": "Workflow", "wf-namespace": "namespace-ec265ab4-426c-4316-a4b3-47fc66311932", "user-data-version": 2, "timestamp": "2025-03-19T15:38:53.950Z", "logging-call-at": "/Users/shivamsaraf/Desktop/work/temporal/common/log/with_logger.go:66"}
2025-03-19T11:38:54.067-0400	info	fetched user data from parent	{"host": "127.0.0.1:63279", "component": "matching-engine", "wf-task-queue-name": "/_sys/rrentVersion_Batching-564e9892_task_queue_28/3", "wf-task-queue-type": "Workflow", "wf-namespace": "namespace-ec265ab4-426c-4316-a4b3-47fc66311932", "user-data-version": 2, "timestamp": "2025-03-19T15:38:53.949Z", "logging-call-at": "/Users/shivamsaraf/Desktop/work/temporal/common/log/with_logger.go:66"}
2025-03-19T11:38:54.067-0400	info	fetched user data from parent	{"host": "127.0.0.1:63279", "component": "matching-engine", "wf-task-queue-name": "/_sys/rrentVersion_Batching-564e9892_task_queue_28/1", "wf-task-queue-type": "Workflow", "wf-namespace": "namespace-ec265ab4-426c-4316-a4b3-47fc66311932", "user-data-version": 2, "timestamp": "2025-03-19T15:38:53.949Z", "logging-call-at": "/Users/shivamsaraf/Desktop/work/temporal/common/log/with_logger.go:66"}
2025-03-19T11:38:54.073-0400	debug	Process task as active.	{"host": "127.0.0.1:63280", "shard-id": 4, "address": "127.0.0.1:63280", "component": "transfer-queue-processor", "wf-namespace-id": "d0b550e3-6091-4a9b-a9aa-3d80ffb24954", "value": "d0b550e3-6091-4a9b-a9aa-3d80ffb24954/temporal-sys-worker-deployment-version:rrentVersion_Batching-564e9892_deployment_series.rrentVersion_Batching-564e9892_build_id/0195af0e-98a0-7d94-93e5-2a1d2e5942f8", "logging-call-at": "/Users/shivamsaraf/Desktop/work/temporal/common/log/with_logger.go:61"}
2025-03-19T11:38:54.074-0400	debug	Workflow task updated	{"host": "127.0.0.1:63280", "shard-id": 4, "address": "127.0.0.1:63280", "wf-scheduled-event-id": 870, "wf-started-event-id": 871, "workflow-task-request-id": "fe20a85e-50b1-49d5-9eb6-ce08a86c5413", "workflow-task-timeout": 10, "attempt": 1, "wf-started-timestamp": "2025-03-19T15:38:54.074Z", "wt-type": "Normal", "logging-call-at": "/Users/shivamsaraf/Desktop/work/temporal/common/log/with_logger.go:61"}
2025-03-19T11:38:54.074-0400	debug	Assigning new task key	{"host": "127.0.0.1:63280", "shard-id": 4, "address": "127.0.0.1:63280", "wf-namespace-id": "d0b550e3-6091-4a9b-a9aa-3d80ffb24954", "wf-id": "temporal-sys-worker-deployment-version:rrentVersion_Batching-564e9892_deployment_series.rrentVersion_Batching-564e9892_build_id", "wf-run-id": "0195af0e-98a0-7d94-93e5-2a1d2e5942f8", "queue-task-type": "WorkflowTaskTimeout", "queue-task-id": 1050823, "timestamp": "2025-03-19T15:39:04.075Z", "cursor-timestamp": "2025-03-19T15:38:55.072Z", "logging-call-at": "/Users/shivamsaraf/Desktop/work/temporal/common/log/with_logger.go:61"}
2025-03-19T11:38:54.081-0400	debug	Process task as active.	{"host": "127.0.0.1:63280", "shard-id": 4, "address": "127.0.0.1:63280", "component": "timer-queue-processor", "wf-namespace-id": "d0b550e3-6091-4a9b-a9aa-3d80ffb24954", "value": "d0b550e3-6091-4a9b-a9aa-3d80ffb24954/temporal-sys-worker-deployment-version:rrentVersion_Batching-564e9892_deployment_series.rrentVersion_Batching-564e9892_build_id/0195af0e-98a0-7d94-93e5-2a1d2e5942f8", "logging-call-at": "/Users/shivamsaraf/Desktop/work/temporal/common/log/with_logger.go:61"}
2025-03-19T11:38:54.085-0400	debug	ExecuteActivity	{"host": "127.0.0.1:63281", "Namespace": "namespace-ec265ab4-426c-4316-a4b3-47fc66311932", "TaskQueue": "temporal-sys-per-ns-tq", "WorkerID": "temporal-system@Shivams-MacBook-Pro.local@namespace-ec265ab4-426c-4316-a4b3-47fc66311932", "WorkflowType": "temporal-sys-worker-deployment-version-workflow", "WorkflowID": "temporal-sys-worker-deployment-version:rrentVersion_Batching-564e9892_deployment_series.rrentVersion_Batching-564e9892_build_id", "RunID": "0195af0e-98a0-7d94-93e5-2a1d2e5942f8", "Attempt": 0, "ActivityID": "873", "ActivityType": "CheckWorkerDeploymentUserDataPropagation", "logging-call-at": "/Users/shivamsaraf/Desktop/work/temporal/common/log/with_logger.go:61"}
2025-03-19T11:38:54.086-0400	debug	Frontend method invoked.	{"host": "127.0.0.1:63278", "wf-namespace": "namespace-ec265ab4-426c-4316-a4b3-47fc66311932", "operation": "PollWorkflowTaskQueue", "server-name": "", "cert-thumbprint": "", "logging-call-at": "/Users/shivamsaraf/Desktop/work/temporal/common/log/with_logger.go:61"}
2025-03-19T11:38:54.086-0400	debug	Received PollWorkflowTaskQueue	{"host": "127.0.0.1:63278", "service": "frontend", "logging-call-at": "/Users/shivamsaraf/Desktop/work/temporal/common/log/with_logger.go:61"}
2025-03-19T11:38:54.086-0400	debug	Poll workflow task queue.	{"host": "127.0.0.1:63278", "service": "frontend", "wf-namespace": "namespace-ec265ab4-426c-4316-a4b3-47fc66311932", "wf-namespace-id": "d0b550e3-6091-4a9b-a9aa-3d80ffb24954", "logging-call-at": "/Users/shivamsaraf/Desktop/work/temporal/common/log/with_logger.go:61"}
2025-03-19T11:38:54.086-0400	debug	Frontend method invoked.	{"host": "127.0.0.1:63278", "wf-namespace": "namespace-ec265ab4-426c-4316-a4b3-47fc66311932", "operation": "RespondWorkflowTaskCompleted", "server-name": "", "cert-thumbprint": "", "logging-call-at": "/Users/shivamsaraf/Desktop/work/temporal/common/log/with_logger.go:61"}
2025-03-19T11:38:54.086-0400	debug	RespondWorkflowTaskCompleted	{"host": "127.0.0.1:63280", "service": "history", "wf-namespace-id": "d0b550e3-6091-4a9b-a9aa-3d80ffb24954", "wf-id": "temporal-sys-worker-deployment-version:rrentVersion_Batching-564e9892_deployment_series.rrentVersion_Batching-564e9892_build_id", "wf-run-id": "0195af0e-98a0-7d94-93e5-2a1d2e5942f8", "wf-scheduled-event-id": 870, "logging-call-at": "/Users/shivamsaraf/Desktop/work/temporal/common/log/with_logger.go:61"}
2025-03-19T11:38:54.087-0400	debug	Workflow task updated	{"host": "127.0.0.1:63280", "shard-id": 4, "address": "127.0.0.1:63280", "wf-scheduled-event-id": 0, "wf-started-event-id": 0, "workflow-task-request-id": "emptyUuid", "workflow-task-timeout": 0, "attempt": 1, "wf-started-timestamp": "1970-01-01T00:00:00.000Z", "wt-type": "Unspecified", "logging-call-at": "/Users/shivamsaraf/Desktop/work/temporal/common/log/with_logger.go:61"}
2025-03-19T11:38:54.087-0400	debug	Assigning new task key	{"host": "127.0.0.1:63280", "shard-id": 4, "address": "127.0.0.1:63280", "wf-namespace-id": "d0b550e3-6091-4a9b-a9aa-3d80ffb24954", "wf-id": "temporal-sys-worker-deployment-version:rrentVersion_Batching-564e9892_deployment_series.rrentVersion_Batching-564e9892_build_id", "wf-run-id": "0195af0e-98a0-7d94-93e5-2a1d2e5942f8", "queue-task-type": "TransferActivityTask", "queue-task-id": 1050828, "timestamp": "2025-03-19T15:38:54.087Z", "cursor-timestamp": "2025-03-19T15:38:55.072Z", "logging-call-at": "/Users/shivamsaraf/Desktop/work/temporal/common/log/with_logger.go:61"}
2025-03-19T11:38:54.091-0400	debug	Process task as active.	{"host": "127.0.0.1:63280", "shard-id": 4, "address": "127.0.0.1:63280", "component": "transfer-queue-processor", "wf-namespace-id": "d0b550e3-6091-4a9b-a9aa-3d80ffb24954", "value": "d0b550e3-6091-4a9b-a9aa-3d80ffb24954/temporal-sys-worker-deployment-version:rrentVersion_Batching-564e9892_deployment_series.rrentVersion_Batching-564e9892_build_id/0195af0e-98a0-7d94-93e5-2a1d2e5942f8", "logging-call-at": "/Users/shivamsaraf/Desktop/work/temporal/common/log/with_logger.go:61"}
2025-03-19T11:38:54.092-0400	debug	Assigning new task key	{"host": "127.0.0.1:63280", "shard-id": 4, "address": "127.0.0.1:63280", "wf-namespace-id": "d0b550e3-6091-4a9b-a9aa-3d80ffb24954", "wf-id": "temporal-sys-worker-deployment-version:rrentVersion_Batching-564e9892_deployment_series.rrentVersion_Batching-564e9892_build_id", "wf-run-id": "0195af0e-98a0-7d94-93e5-2a1d2e5942f8", "queue-task-type": "ActivityTimeout", "queue-task-id": 1050829, "timestamp": "2025-03-19T15:39:54.093Z", "cursor-timestamp": "2025-03-19T15:38:55.090Z", "logging-call-at": "/Users/shivamsaraf/Desktop/work/temporal/common/log/with_logger.go:61"}
2025-03-19T11:38:54.096-0400	info	waiting for userdata propagation	{"host": "127.0.0.1:63281", "Namespace": "namespace-ec265ab4-426c-4316-a4b3-47fc66311932", "TaskQueue": "temporal-sys-per-ns-tq", "WorkerID": "temporal-system@Shivams-MacBook-Pro.local@namespace-ec265ab4-426c-4316-a4b3-47fc66311932", "ActivityID": "873", "ActivityType": "CheckWorkerDeploymentUserDataPropagation", "Attempt": 1, "WorkflowType": "temporal-sys-worker-deployment-version-workflow", "WorkflowID": "temporal-sys-worker-deployment-version:rrentVersion_Batching-564e9892_deployment_series.rrentVersion_Batching-564e9892_build_id", "RunID": "0195af0e-98a0-7d94-93e5-2a1d2e5942f8", "taskQueue": "rrentVersion_Batching-564e9892_task_queue_16", "version": 2, "logging-call-at": "/Users/shivamsaraf/Desktop/work/temporal/common/log/with_logger.go:66"}
2025-03-19T11:38:54.096-0400	info	waiting for userdata propagation	{"host": "127.0.0.1:63281", "Namespace": "namespace-ec265ab4-426c-4316-a4b3-47fc66311932", "TaskQueue": "temporal-sys-per-ns-tq", "WorkerID": "temporal-system@Shivams-MacBook-Pro.local@namespace-ec265ab4-426c-4316-a4b3-47fc66311932", "ActivityID": "873", "ActivityType": "CheckWorkerDeploymentUserDataPropagation", "Attempt": 1, "WorkflowType": "temporal-sys-worker-deployment-version-workflow", "WorkflowID": "temporal-sys-worker-deployment-version:rrentVersion_Batching-564e9892_deployment_series.rrentVersion_Batching-564e9892_build_id", "RunID": "0195af0e-98a0-7d94-93e5-2a1d2e5942f8", "taskQueue": "rrentVersion_Batching-564e9892_task_queue_14", "version": 2, "logging-call-at": "/Users/shivamsaraf/Desktop/work/temporal/common/log/with_logger.go:66"}
2025-03-19T11:38:54.096-0400	info	waiting for userdata propagation	{"host": "127.0.0.1:63281", "Namespace": "namespace-ec265ab4-426c-4316-a4b3-47fc66311932", "TaskQueue": "temporal-sys-per-ns-tq", "WorkerID": "temporal-system@Shivams-MacBook-Pro.local@namespace-ec265ab4-426c-4316-a4b3-47fc66311932", "ActivityID": "873", "ActivityType": "CheckWorkerDeploymentUserDataPropagation", "Attempt": 1, "WorkflowType": "temporal-sys-worker-deployment-version-workflow", "WorkflowID": "temporal-sys-worker-deployment-version:rrentVersion_Batching-564e9892_deployment_series.rrentVersion_Batching-564e9892_build_id", "RunID": "0195af0e-98a0-7d94-93e5-2a1d2e5942f8", "taskQueue": "rrentVersion_Batching-564e9892_task_queue_24", "version": 2, "logging-call-at": "/Users/shivamsaraf/Desktop/work/temporal/common/log/with_logger.go:66"}
2025-03-19T11:38:54.096-0400	info	waiting for userdata propagation	{"host": "127.0.0.1:63281", "Namespace": "namespace-ec265ab4-426c-4316-a4b3-47fc66311932", "TaskQueue": "temporal-sys-per-ns-tq", "WorkerID": "temporal-system@Shivams-MacBook-Pro.local@namespace-ec265ab4-426c-4316-a4b3-47fc66311932", "ActivityID": "873", "ActivityType": "CheckWorkerDeploymentUserDataPropagation", "Attempt": 1, "WorkflowType": "temporal-sys-worker-deployment-version-workflow", "WorkflowID": "temporal-sys-worker-deployment-version:rrentVersion_Batching-564e9892_deployment_series.rrentVersion_Batching-564e9892_build_id", "RunID": "0195af0e-98a0-7d94-93e5-2a1d2e5942f8", "taskQueue": "rrentVersion_Batching-564e9892_task_queue_1", "version": 2, "logging-call-at": "/Users/shivamsaraf/Desktop/work/temporal/common/log/with_logger.go:66"}
2025-03-19T11:38:54.096-0400	info	waiting for userdata propagation	{"host": "127.0.0.1:63281", "Namespace": "namespace-ec265ab4-426c-4316-a4b3-47fc66311932", "TaskQueue": "temporal-sys-per-ns-tq", "WorkerID": "temporal-system@Shivams-MacBook-Pro.local@namespace-ec265ab4-426c-4316-a4b3-47fc66311932", "ActivityID": "873", "ActivityType": "CheckWorkerDeploymentUserDataPropagation", "Attempt": 1, "WorkflowType": "temporal-sys-worker-deployment-version-workflow", "WorkflowID": "temporal-sys-worker-deployment-version:rrentVersion_Batching-564e9892_deployment_series.rrentVersion_Batching-564e9892_build_id", "RunID": "0195af0e-98a0-7d94-93e5-2a1d2e5942f8", "taskQueue": "rrentVersion_Batching-564e9892_task_queue_26", "version": 2, "logging-call-at": "/Users/shivamsaraf/Desktop/work/temporal/common/log/with_logger.go:66"}
2025-03-19T11:38:54.096-0400	debug	Frontend method invoked.	{"host": "127.0.0.1:63278", "wf-namespace": "namespace-ec265ab4-426c-4316-a4b3-47fc66311932", "operation": "PollActivityTaskQueue", "server-name": "", "cert-thumbprint": "", "logging-call-at": "/Users/shivamsaraf/Desktop/work/temporal/common/log/with_logger.go:61"}
2025-03-19T11:38:54.096-0400	info	waiting for userdata propagation	{"host": "127.0.0.1:63281", "Namespace": "namespace-ec265ab4-426c-4316-a4b3-47fc66311932", "TaskQueue": "temporal-sys-per-ns-tq", "WorkerID": "temporal-system@Shivams-MacBook-Pro.local@namespace-ec265ab4-426c-4316-a4b3-47fc66311932", "ActivityID": "873", "ActivityType": "CheckWorkerDeploymentUserDataPropagation", "Attempt": 1, "WorkflowType": "temporal-sys-worker-deployment-version-workflow", "WorkflowID": "temporal-sys-worker-deployment-version:rrentVersion_Batching-564e9892_deployment_series.rrentVersion_Batching-564e9892_build_id", "RunID": "0195af0e-98a0-7d94-93e5-2a1d2e5942f8", "taskQueue": "rrentVersion_Batching-564e9892_task_queue_29", "version": 2, "logging-call-at": "/Users/shivamsaraf/Desktop/work/temporal/common/log/with_logger.go:66"}
2025-03-19T11:38:54.096-0400	info	waiting for userdata propagation	{"host": "127.0.0.1:63281", "Namespace": "namespace-ec265ab4-426c-4316-a4b3-47fc66311932", "TaskQueue": "temporal-sys-per-ns-tq", "WorkerID": "temporal-system@Shivams-MacBook-Pro.local@namespace-ec265ab4-426c-4316-a4b3-47fc66311932", "ActivityID": "873", "ActivityType": "CheckWorkerDeploymentUserDataPropagation", "Attempt": 1, "WorkflowType": "temporal-sys-worker-deployment-version-workflow", "WorkflowID": "temporal-sys-worker-deployment-version:rrentVersion_Batching-564e9892_deployment_series.rrentVersion_Batching-564e9892_build_id", "RunID": "0195af0e-98a0-7d94-93e5-2a1d2e5942f8", "taskQueue": "rrentVersion_Batching-564e9892_task_queue_15", "version": 2, "logging-call-at": "/Users/shivamsaraf/Desktop/work/temporal/common/log/with_logger.go:66"}
2025-03-19T11:38:54.096-0400	info	waiting for userdata propagation	{"host": "127.0.0.1:63281", "Namespace": "namespace-ec265ab4-426c-4316-a4b3-47fc66311932", "TaskQueue": "temporal-sys-per-ns-tq", "WorkerID": "temporal-system@Shivams-MacBook-Pro.local@namespace-ec265ab4-426c-4316-a4b3-47fc66311932", "ActivityID": "873", "ActivityType": "CheckWorkerDeploymentUserDataPropagation", "Attempt": 1, "WorkflowType": "temporal-sys-worker-deployment-version-workflow", "WorkflowID": "temporal-sys-worker-deployment-version:rrentVersion_Batching-564e9892_deployment_series.rrentVersion_Batching-564e9892_build_id", "RunID": "0195af0e-98a0-7d94-93e5-2a1d2e5942f8", "taskQueue": "rrentVersion_Batching-564e9892_task_queue_21", "version": 2, "logging-call-at": "/Users/shivamsaraf/Desktop/work/temporal/common/log/with_logger.go:66"}
2025-03-19T11:38:54.096-0400	info	waiting for userdata propagation	{"host": "127.0.0.1:63281", "Namespace": "namespace-ec265ab4-426c-4316-a4b3-47fc66311932", "TaskQueue": "temporal-sys-per-ns-tq", "WorkerID": "temporal-system@Shivams-MacBook-Pro.local@namespace-ec265ab4-426c-4316-a4b3-47fc66311932", "ActivityID": "873", "ActivityType": "CheckWorkerDeploymentUserDataPropagation", "Attempt": 1, "WorkflowType": "temporal-sys-worker-deployment-version-workflow", "WorkflowID": "temporal-sys-worker-deployment-version:rrentVersion_Batching-564e9892_deployment_series.rrentVersion_Batching-564e9892_build_id", "RunID": "0195af0e-98a0-7d94-93e5-2a1d2e5942f8", "taskQueue": "rrentVersion_Batching-564e9892_task_queue_27", "version": 2, "logging-call-at": "/Users/shivamsaraf/Desktop/work/temporal/common/log/with_logger.go:66"}
2025-03-19T11:38:54.096-0400	info	waiting for userdata propagation	{"host": "127.0.0.1:63281", "Namespace": "namespace-ec265ab4-426c-4316-a4b3-47fc66311932", "TaskQueue": "temporal-sys-per-ns-tq", "WorkerID": "temporal-system@Shivams-MacBook-Pro.local@namespace-ec265ab4-426c-4316-a4b3-47fc66311932", "ActivityID": "873", "ActivityType": "CheckWorkerDeploymentUserDataPropagation", "Attempt": 1, "WorkflowType": "temporal-sys-worker-deployment-version-workflow", "WorkflowID": "temporal-sys-worker-deployment-version:rrentVersion_Batching-564e9892_deployment_series.rrentVersion_Batching-564e9892_build_id", "RunID": "0195af0e-98a0-7d94-93e5-2a1d2e5942f8", "taskQueue": "rrentVersion_Batching-564e9892_task_queue_28", "version": 2, "logging-call-at": "/Users/shivamsaraf/Desktop/work/temporal/common/log/with_logger.go:66"}
2025-03-19T11:38:54.096-0400	info	waiting for userdata propagation	{"host": "127.0.0.1:63281", "Namespace": "namespace-ec265ab4-426c-4316-a4b3-47fc66311932", "TaskQueue": "temporal-sys-per-ns-tq", "WorkerID": "temporal-system@Shivams-MacBook-Pro.local@namespace-ec265ab4-426c-4316-a4b3-47fc66311932", "ActivityID": "873", "ActivityType": "CheckWorkerDeploymentUserDataPropagation", "Attempt": 1, "WorkflowType": "temporal-sys-worker-deployment-version-workflow", "WorkflowID": "temporal-sys-worker-deployment-version:rrentVersion_Batching-564e9892_deployment_series.rrentVersion_Batching-564e9892_build_id", "RunID": "0195af0e-98a0-7d94-93e5-2a1d2e5942f8", "taskQueue": "rrentVersion_Batching-564e9892_task_queue_25", "version": 2, "logging-call-at": "/Users/shivamsaraf/Desktop/work/temporal/common/log/with_logger.go:66"}
2025-03-19T11:38:54.096-0400	info	waiting for userdata propagation	{"host": "127.0.0.1:63281", "Namespace": "namespace-ec265ab4-426c-4316-a4b3-47fc66311932", "TaskQueue": "temporal-sys-per-ns-tq", "WorkerID": "temporal-system@Shivams-MacBook-Pro.local@namespace-ec265ab4-426c-4316-a4b3-47fc66311932", "ActivityID": "873", "ActivityType": "CheckWorkerDeploymentUserDataPropagation", "Attempt": 1, "WorkflowType": "temporal-sys-worker-deployment-version-workflow", "WorkflowID": "temporal-sys-worker-deployment-version:rrentVersion_Batching-564e9892_deployment_series.rrentVersion_Batching-564e9892_build_id", "RunID": "0195af0e-98a0-7d94-93e5-2a1d2e5942f8", "taskQueue": "rrentVersion_Batching-564e9892_task_queue_18", "version": 2, "logging-call-at": "/Users/shivamsaraf/Desktop/work/temporal/common/log/with_logger.go:66"}
2025-03-19T11:38:54.096-0400	info	waiting for userdata propagation	{"host": "127.0.0.1:63281", "Namespace": "namespace-ec265ab4-426c-4316-a4b3-47fc66311932", "TaskQueue": "temporal-sys-per-ns-tq", "WorkerID": "temporal-system@Shivams-MacBook-Pro.local@namespace-ec265ab4-426c-4316-a4b3-47fc66311932", "ActivityID": "873", "ActivityType": "CheckWorkerDeploymentUserDataPropagation", "Attempt": 1, "WorkflowType": "temporal-sys-worker-deployment-version-workflow", "WorkflowID": "temporal-sys-worker-deployment-version:rrentVersion_Batching-564e9892_deployment_series.rrentVersion_Batching-564e9892_build_id", "RunID": "0195af0e-98a0-7d94-93e5-2a1d2e5942f8", "taskQueue": "rrentVersion_Batching-564e9892_task_queue_10", "version": 2, "logging-call-at": "/Users/shivamsaraf/Desktop/work/temporal/common/log/with_logger.go:66"}
2025-03-19T11:38:54.096-0400	info	waiting for userdata propagation	{"host": "127.0.0.1:63281", "Namespace": "namespace-ec265ab4-426c-4316-a4b3-47fc66311932", "TaskQueue": "temporal-sys-per-ns-tq", "WorkerID": "temporal-system@Shivams-MacBook-Pro.local@namespace-ec265ab4-426c-4316-a4b3-47fc66311932", "ActivityID": "873", "ActivityType": "CheckWorkerDeploymentUserDataPropagation", "Attempt": 1, "WorkflowType": "temporal-sys-worker-deployment-version-workflow", "WorkflowID": "temporal-sys-worker-deployment-version:rrentVersion_Batching-564e9892_deployment_series.rrentVersion_Batching-564e9892_build_id", "RunID": "0195af0e-98a0-7d94-93e5-2a1d2e5942f8", "taskQueue": "rrentVersion_Batching-564e9892_task_queue_3", "version": 2, "logging-call-at": "/Users/shivamsaraf/Desktop/work/temporal/common/log/with_logger.go:66"}
2025-03-19T11:38:54.096-0400	info	waiting for userdata propagation	{"host": "127.0.0.1:63281", "Namespace": "namespace-ec265ab4-426c-4316-a4b3-47fc66311932", "TaskQueue": "temporal-sys-per-ns-tq", "WorkerID": "temporal-system@Shivams-MacBook-Pro.local@namespace-ec265ab4-426c-4316-a4b3-47fc66311932", "ActivityID": "873", "ActivityType": "CheckWorkerDeploymentUserDataPropagation", "Attempt": 1, "WorkflowType": "temporal-sys-worker-deployment-version-workflow", "WorkflowID": "temporal-sys-worker-deployment-version:rrentVersion_Batching-564e9892_deployment_series.rrentVersion_Batching-564e9892_build_id", "RunID": "0195af0e-98a0-7d94-93e5-2a1d2e5942f8", "taskQueue": "rrentVersion_Batching-564e9892_task_queue_17", "version": 2, "logging-call-at": "/Users/shivamsaraf/Desktop/work/temporal/common/log/with_logger.go:66"}
2025-03-19T11:38:54.096-0400	info	waiting for userdata propagation	{"host": "127.0.0.1:63281", "Namespace": "namespace-ec265ab4-426c-4316-a4b3-47fc66311932", "TaskQueue": "temporal-sys-per-ns-tq", "WorkerID": "temporal-system@Shivams-MacBook-Pro.local@namespace-ec265ab4-426c-4316-a4b3-47fc66311932", "ActivityID": "873", "ActivityType": "CheckWorkerDeploymentUserDataPropagation", "Attempt": 1, "WorkflowType": "temporal-sys-worker-deployment-version-workflow", "WorkflowID": "temporal-sys-worker-deployment-version:rrentVersion_Batching-564e9892_deployment_series.rrentVersion_Batching-564e9892_build_id", "RunID": "0195af0e-98a0-7d94-93e5-2a1d2e5942f8", "taskQueue": "rrentVersion_Batching-564e9892_task_queue_23", "version": 2, "logging-call-at": "/Users/shivamsaraf/Desktop/work/temporal/common/log/with_logger.go:66"}
2025-03-19T11:38:54.096-0400	info	waiting for userdata propagation	{"host": "127.0.0.1:63281", "Namespace": "namespace-ec265ab4-426c-4316-a4b3-47fc66311932", "TaskQueue": "temporal-sys-per-ns-tq", "WorkerID": "temporal-system@Shivams-MacBook-Pro.local@namespace-ec265ab4-426c-4316-a4b3-47fc66311932", "ActivityID": "873", "ActivityType": "CheckWorkerDeploymentUserDataPropagation", "Attempt": 1, "WorkflowType": "temporal-sys-worker-deployment-version-workflow", "WorkflowID": "temporal-sys-worker-deployment-version:rrentVersion_Batching-564e9892_deployment_series.rrentVersion_Batching-564e9892_build_id", "RunID": "0195af0e-98a0-7d94-93e5-2a1d2e5942f8", "taskQueue": "rrentVersion_Batching-564e9892_task_queue_19", "version": 2, "logging-call-at": "/Users/shivamsaraf/Desktop/work/temporal/common/log/with_logger.go:66"}
2025-03-19T11:38:54.096-0400	info	waiting for userdata propagation	{"host": "127.0.0.1:63281", "Namespace": "namespace-ec265ab4-426c-4316-a4b3-47fc66311932", "TaskQueue": "temporal-sys-per-ns-tq", "WorkerID": "temporal-system@Shivams-MacBook-Pro.local@namespace-ec265ab4-426c-4316-a4b3-47fc66311932", "ActivityID": "873", "ActivityType": "CheckWorkerDeploymentUserDataPropagation", "Attempt": 1, "WorkflowType": "temporal-sys-worker-deployment-version-workflow", "WorkflowID": "temporal-sys-worker-deployment-version:rrentVersion_Batching-564e9892_deployment_series.rrentVersion_Batching-564e9892_build_id", "RunID": "0195af0e-98a0-7d94-93e5-2a1d2e5942f8", "taskQueue": "rrentVersion_Batching-564e9892_task_queue_12", "version": 2, "logging-call-at": "/Users/shivamsaraf/Desktop/work/temporal/common/log/with_logger.go:66"}
2025-03-19T11:38:54.096-0400	info	waiting for userdata propagation	{"host": "127.0.0.1:63281", "Namespace": "namespace-ec265ab4-426c-4316-a4b3-47fc66311932", "TaskQueue": "temporal-sys-per-ns-tq", "WorkerID": "temporal-system@Shivams-MacBook-Pro.local@namespace-ec265ab4-426c-4316-a4b3-47fc66311932", "ActivityID": "873", "ActivityType": "CheckWorkerDeploymentUserDataPropagation", "Attempt": 1, "WorkflowType": "temporal-sys-worker-deployment-version-workflow", "WorkflowID": "temporal-sys-worker-deployment-version:rrentVersion_Batching-564e9892_deployment_series.rrentVersion_Batching-564e9892_build_id", "RunID": "0195af0e-98a0-7d94-93e5-2a1d2e5942f8", "taskQueue": "rrentVersion_Batching-564e9892_task_queue_0", "version": 2, "logging-call-at": "/Users/shivamsaraf/Desktop/work/temporal/common/log/with_logger.go:66"}
2025-03-19T11:38:54.096-0400	info	waiting for userdata propagation	{"host": "127.0.0.1:63281", "Namespace": "namespace-ec265ab4-426c-4316-a4b3-47fc66311932", "TaskQueue": "temporal-sys-per-ns-tq", "WorkerID": "temporal-system@Shivams-MacBook-Pro.local@namespace-ec265ab4-426c-4316-a4b3-47fc66311932", "ActivityID": "873", "ActivityType": "CheckWorkerDeploymentUserDataPropagation", "Attempt": 1, "WorkflowType": "temporal-sys-worker-deployment-version-workflow", "WorkflowID": "temporal-sys-worker-deployment-version:rrentVersion_Batching-564e9892_deployment_series.rrentVersion_Batching-564e9892_build_id", "RunID": "0195af0e-98a0-7d94-93e5-2a1d2e5942f8", "taskQueue": "rrentVersion_Batching-564e9892_task_queue_20", "version": 2, "logging-call-at": "/Users/shivamsaraf/Desktop/work/temporal/common/log/with_logger.go:66"}
2025-03-19T11:38:54.096-0400	info	waiting for userdata propagation	{"host": "127.0.0.1:63281", "Namespace": "namespace-ec265ab4-426c-4316-a4b3-47fc66311932", "TaskQueue": "temporal-sys-per-ns-tq", "WorkerID": "temporal-system@Shivams-MacBook-Pro.local@namespace-ec265ab4-426c-4316-a4b3-47fc66311932", "ActivityID": "873", "ActivityType": "CheckWorkerDeploymentUserDataPropagation", "Attempt": 1, "WorkflowType": "temporal-sys-worker-deployment-version-workflow", "WorkflowID": "temporal-sys-worker-deployment-version:rrentVersion_Batching-564e9892_deployment_series.rrentVersion_Batching-564e9892_build_id", "RunID": "0195af0e-98a0-7d94-93e5-2a1d2e5942f8", "taskQueue": "rrentVersion_Batching-564e9892_task_queue_2", "version": 2, "logging-call-at": "/Users/shivamsaraf/Desktop/work/temporal/common/log/with_logger.go:66"}
2025-03-19T11:38:54.096-0400	info	waiting for userdata propagation	{"host": "127.0.0.1:63281", "Namespace": "namespace-ec265ab4-426c-4316-a4b3-47fc66311932", "TaskQueue": "temporal-sys-per-ns-tq", "WorkerID": "temporal-system@Shivams-MacBook-Pro.local@namespace-ec265ab4-426c-4316-a4b3-47fc66311932", "ActivityID": "873", "ActivityType": "CheckWorkerDeploymentUserDataPropagation", "Attempt": 1, "WorkflowType": "temporal-sys-worker-deployment-version-workflow", "WorkflowID": "temporal-sys-worker-deployment-version:rrentVersion_Batching-564e9892_deployment_series.rrentVersion_Batching-564e9892_build_id", "RunID": "0195af0e-98a0-7d94-93e5-2a1d2e5942f8", "taskQueue": "rrentVersion_Batching-564e9892_task_queue_13", "version": 2, "logging-call-at": "/Users/shivamsaraf/Desktop/work/temporal/common/log/with_logger.go:66"}
2025-03-19T11:38:54.096-0400	info	waiting for userdata propagation	{"host": "127.0.0.1:63281", "Namespace": "namespace-ec265ab4-426c-4316-a4b3-47fc66311932", "TaskQueue": "temporal-sys-per-ns-tq", "WorkerID": "temporal-system@Shivams-MacBook-Pro.local@namespace-ec265ab4-426c-4316-a4b3-47fc66311932", "ActivityID": "873", "ActivityType": "CheckWorkerDeploymentUserDataPropagation", "Attempt": 1, "WorkflowType": "temporal-sys-worker-deployment-version-workflow", "WorkflowID": "temporal-sys-worker-deployment-version:rrentVersion_Batching-564e9892_deployment_series.rrentVersion_Batching-564e9892_build_id", "RunID": "0195af0e-98a0-7d94-93e5-2a1d2e5942f8", "taskQueue": "rrentVersion_Batching-564e9892_task_queue_11", "version": 2, "logging-call-at": "/Users/shivamsaraf/Desktop/work/temporal/common/log/with_logger.go:66"}
2025-03-19T11:38:54.096-0400	info	waiting for userdata propagation	{"host": "127.0.0.1:63281", "Namespace": "namespace-ec265ab4-426c-4316-a4b3-47fc66311932", "TaskQueue": "temporal-sys-per-ns-tq", "WorkerID": "temporal-system@Shivams-MacBook-Pro.local@namespace-ec265ab4-426c-4316-a4b3-47fc66311932", "ActivityID": "873", "ActivityType": "CheckWorkerDeploymentUserDataPropagation", "Attempt": 1, "WorkflowType": "temporal-sys-worker-deployment-version-workflow", "WorkflowID": "temporal-sys-worker-deployment-version:rrentVersion_Batching-564e9892_deployment_series.rrentVersion_Batching-564e9892_build_id", "RunID": "0195af0e-98a0-7d94-93e5-2a1d2e5942f8", "taskQueue": "rrentVersion_Batching-564e9892_task_queue_22", "version": 2, "logging-call-at": "/Users/shivamsaraf/Desktop/work/temporal/common/log/with_logger.go:66"}
2025-03-19T11:38:54.096-0400	debug	Received PollActivityTaskQueue	{"host": "127.0.0.1:63278", "service": "frontend", "logging-call-at": "/Users/shivamsaraf/Desktop/work/temporal/common/log/with_logger.go:61"}
2025-03-19T11:38:54.096-0400	info	waiting for userdata propagation	{"host": "127.0.0.1:63281", "Namespace": "namespace-ec265ab4-426c-4316-a4b3-47fc66311932", "TaskQueue": "temporal-sys-per-ns-tq", "WorkerID": "temporal-system@Shivams-MacBook-Pro.local@namespace-ec265ab4-426c-4316-a4b3-47fc66311932", "ActivityID": "873", "ActivityType": "CheckWorkerDeploymentUserDataPropagation", "Attempt": 1, "WorkflowType": "temporal-sys-worker-deployment-version-workflow", "WorkflowID": "temporal-sys-worker-deployment-version:rrentVersion_Batching-564e9892_deployment_series.rrentVersion_Batching-564e9892_build_id", "RunID": "0195af0e-98a0-7d94-93e5-2a1d2e5942f8", "taskQueue": "rrentVersion_Batching-564e9892_task_queue_30", "version": 2, "logging-call-at": "/Users/shivamsaraf/Desktop/work/temporal/common/log/with_logger.go:66"}
2025-03-19T11:38:54.102-0400	info	returning user data	{"host": "127.0.0.1:63279", "component": "matching-engine", "wf-task-queue-name": "/_sys/rrentVersion_Batching-564e9892_task_queue_16/1", "wf-task-queue-type": "Workflow", "wf-namespace": "namespace-ec265ab4-426c-4316-a4b3-47fc66311932", "long-poll": true, "request-known-version": 1, "user-data-version": 2, "logging-call-at": "/Users/shivamsaraf/Desktop/work/temporal/common/log/with_logger.go:66"}
2025-03-19T11:38:54.102-0400	info	returning user data	{"host": "127.0.0.1:63279", "component": "matching-engine", "wf-task-queue-name": "/_sys/rrentVersion_Batching-564e9892_task_queue_24/1", "wf-task-queue-type": "Workflow", "wf-namespace": "namespace-ec265ab4-426c-4316-a4b3-47fc66311932", "long-poll": true, "request-known-version": 1, "user-data-version": 2, "logging-call-at": "/Users/shivamsaraf/Desktop/work/temporal/common/log/with_logger.go:66"}
2025-03-19T11:38:54.102-0400	info	matching client encountered error	{"host": "127.0.0.1:63279", "error": "partition was not loaded", "service-error-type": "serviceerror.FailedPrecondition", "logging-call-at": "/Users/shivamsaraf/Desktop/work/temporal/common/log/with_logger.go:66"}
2025-03-19T11:38:54.102-0400	info	matching client encountered error	{"host": "127.0.0.1:63279", "error": "partition was not loaded", "service-error-type": "serviceerror.FailedPrecondition", "logging-call-at": "/Users/shivamsaraf/Desktop/work/temporal/common/log/with_logger.go:66"}
2025-03-19T11:38:54.102-0400	info	returning user data	{"host": "127.0.0.1:63279", "component": "matching-engine", "wf-task-queue-name": "/_sys/rrentVersion_Batching-564e9892_task_queue_16/3", "wf-task-queue-type": "Workflow", "wf-namespace": "namespace-ec265ab4-426c-4316-a4b3-47fc66311932", "long-poll": true, "request-known-version": 1, "user-data-version": 2, "logging-call-at": "/Users/shivamsaraf/Desktop/work/temporal/common/log/with_logger.go:66"}
2025-03-19T11:38:54.103-0400	info	matching client encountered error	{"host": "127.0.0.1:63279", "error": "partition was not loaded", "service-error-type": "serviceerror.FailedPrecondition", "logging-call-at": "/Users/shivamsaraf/Desktop/work/temporal/common/log/with_logger.go:66"}
2025-03-19T11:38:54.103-0400	info	matching client encountered error	{"host": "127.0.0.1:63279", "error": "partition was not loaded", "service-error-type": "serviceerror.FailedPrecondition", "logging-call-at": "/Users/shivamsaraf/Desktop/work/temporal/common/log/with_logger.go:66"}
2025-03-19T11:38:54.103-0400	info	matching client encountered error	{"host": "127.0.0.1:63279", "error": "partition was not loaded", "service-error-type": "serviceerror.FailedPrecondition", "logging-call-at": "/Users/shivamsaraf/Desktop/work/temporal/common/log/with_logger.go:66"}
2025-03-19T11:38:54.103-0400	info	matching client encountered error	{"host": "127.0.0.1:63279", "error": "partition was not loaded", "service-error-type": "serviceerror.FailedPrecondition", "logging-call-at": "/Users/shivamsaraf/Desktop/work/temporal/common/log/with_logger.go:66"}
2025-03-19T11:38:54.103-0400	info	matching client encountered error	{"host": "127.0.0.1:63279", "error": "partition was not loaded", "service-error-type": "serviceerror.FailedPrecondition", "logging-call-at": "/Users/shivamsaraf/Desktop/work/temporal/common/log/with_logger.go:66"}
2025-03-19T11:38:54.103-0400	info	matching client encountered error	{"host": "127.0.0.1:63279", "error": "partition was not loaded", "service-error-type": "serviceerror.FailedPrecondition", "logging-call-at": "/Users/shivamsaraf/Desktop/work/temporal/common/log/with_logger.go:66"}
2025-03-19T11:38:54.103-0400	info	matching client encountered error	{"host": "127.0.0.1:63279", "error": "partition was not loaded", "service-error-type": "serviceerror.FailedPrecondition", "logging-call-at": "/Users/shivamsaraf/Desktop/work/temporal/common/log/with_logger.go:66"}
2025-03-19T11:38:54.103-0400	info	returning user data	{"host": "127.0.0.1:63279", "component": "matching-engine", "wf-task-queue-name": "/_sys/rrentVersion_Batching-564e9892_task_queue_14/1", "wf-task-queue-type": "Workflow", "wf-namespace": "namespace-ec265ab4-426c-4316-a4b3-47fc66311932", "long-poll": true, "request-known-version": 1, "user-data-version": 2, "logging-call-at": "/Users/shivamsaraf/Desktop/work/temporal/common/log/with_logger.go:66"}
2025-03-19T11:38:54.103-0400	info	returning user data	{"host": "127.0.0.1:63279", "component": "matching-engine", "wf-task-queue-name": "/_sys/rrentVersion_Batching-564e9892_task_queue_1/2", "wf-task-queue-type": "Workflow", "wf-namespace": "namespace-ec265ab4-426c-4316-a4b3-47fc66311932", "long-poll": true, "request-known-version": 1, "user-data-version": 2, "logging-call-at": "/Users/shivamsaraf/Desktop/work/temporal/common/log/with_logger.go:66"}
2025-03-19T11:38:54.103-0400	info	matching client encountered error	{"host": "127.0.0.1:63279", "error": "partition was not loaded", "service-error-type": "serviceerror.FailedPrecondition", "logging-call-at": "/Users/shivamsaraf/Desktop/work/temporal/common/log/with_logger.go:66"}
2025-03-19T11:38:54.103-0400	info	returning user data	{"host": "127.0.0.1:63279", "component": "matching-engine", "wf-task-queue-name": "/_sys/rrentVersion_Batching-564e9892_task_queue_29/3", "wf-task-queue-type": "Workflow", "wf-namespace": "namespace-ec265ab4-426c-4316-a4b3-47fc66311932", "long-poll": true, "request-known-version": 1, "user-data-version": 2, "logging-call-at": "/Users/shivamsaraf/Desktop/work/temporal/common/log/with_logger.go:66"}
2025-03-19T11:38:54.103-0400	info	matching client encountered error	{"host": "127.0.0.1:63279", "error": "partition was not loaded", "service-error-type": "serviceerror.FailedPrecondition", "logging-call-at": "/Users/shivamsaraf/Desktop/work/temporal/common/log/with_logger.go:66"}
2025-03-19T11:38:54.103-0400	info	returning user data	{"host": "127.0.0.1:63279", "component": "matching-engine", "wf-task-queue-name": "/_sys/rrentVersion_Batching-564e9892_task_queue_24/2", "wf-task-queue-type": "Workflow", "wf-namespace": "namespace-ec265ab4-426c-4316-a4b3-47fc66311932", "long-poll": true, "request-known-version": 1, "user-data-version": 2, "logging-call-at": "/Users/shivamsaraf/Desktop/work/temporal/common/log/with_logger.go:66"}
2025-03-19T11:38:54.103-0400	info	returning user data	{"host": "127.0.0.1:63279", "component": "matching-engine", "wf-task-queue-name": "/_sys/rrentVersion_Batching-564e9892_task_queue_14/3", "wf-task-queue-type": "Workflow", "wf-namespace": "namespace-ec265ab4-426c-4316-a4b3-47fc66311932", "long-poll": true, "request-known-version": 1, "user-data-version": 2, "logging-call-at": "/Users/shivamsaraf/Desktop/work/temporal/common/log/with_logger.go:66"}
2025-03-19T11:38:54.103-0400	info	returning user data	{"host": "127.0.0.1:63279", "component": "matching-engine", "wf-task-queue-name": "/_sys/rrentVersion_Batching-564e9892_task_queue_14/2", "wf-task-queue-type": "Workflow", "wf-namespace": "namespace-ec265ab4-426c-4316-a4b3-47fc66311932", "long-poll": true, "request-known-version": 1, "user-data-version": 2, "logging-call-at": "/Users/shivamsaraf/Desktop/work/temporal/common/log/with_logger.go:66"}
2025-03-19T11:38:54.103-0400	info	matching client encountered error	{"host": "127.0.0.1:63279", "error": "partition was not loaded", "service-error-type": "serviceerror.FailedPrecondition", "logging-call-at": "/Users/shivamsaraf/Desktop/work/temporal/common/log/with_logger.go:66"}
2025-03-19T11:38:54.103-0400	info	returning user data	{"host": "127.0.0.1:63279", "component": "matching-engine", "wf-task-queue-name": "/_sys/rrentVersion_Batching-564e9892_task_queue_24/3", "wf-task-queue-type": "Workflow", "wf-namespace": "namespace-ec265ab4-426c-4316-a4b3-47fc66311932", "long-poll": true, "request-known-version": 1, "user-data-version": 2, "logging-call-at": "/Users/shivamsaraf/Desktop/work/temporal/common/log/with_logger.go:66"}
2025-03-19T11:38:54.103-0400	info	returning user data	{"host": "127.0.0.1:63279", "component": "matching-engine", "wf-task-queue-name": "/_sys/rrentVersion_Batching-564e9892_task_queue_26/1", "wf-task-queue-type": "Workflow", "wf-namespace": "namespace-ec265ab4-426c-4316-a4b3-47fc66311932", "long-poll": true, "request-known-version": 1, "user-data-version": 2, "logging-call-at": "/Users/shivamsaraf/Desktop/work/temporal/common/log/with_logger.go:66"}
2025-03-19T11:38:54.103-0400	info	matching client encountered error	{"host": "127.0.0.1:63279", "error": "partition was not loaded", "service-error-type": "serviceerror.FailedPrecondition", "logging-call-at": "/Users/shivamsaraf/Desktop/work/temporal/common/log/with_logger.go:66"}
2025-03-19T11:38:54.103-0400	info	matching client encountered error	{"host": "127.0.0.1:63279", "error": "partition was not loaded", "service-error-type": "serviceerror.FailedPrecondition", "logging-call-at": "/Users/shivamsaraf/Desktop/work/temporal/common/log/with_logger.go:66"}
2025-03-19T11:38:54.103-0400	info	matching client encountered error	{"host": "127.0.0.1:63279", "error": "partition was not loaded", "service-error-type": "serviceerror.FailedPrecondition", "logging-call-at": "/Users/shivamsaraf/Desktop/work/temporal/common/log/with_logger.go:66"}
2025-03-19T11:38:54.104-0400	info	returning user data	{"host": "127.0.0.1:63279", "component": "matching-engine", "wf-task-queue-name": "/_sys/rrentVersion_Batching-564e9892_task_queue_26/3", "wf-task-queue-type": "Workflow", "wf-namespace": "namespace-ec265ab4-426c-4316-a4b3-47fc66311932", "long-poll": true, "request-known-version": 1, "user-data-version": 2, "logging-call-at": "/Users/shivamsaraf/Desktop/work/temporal/common/log/with_logger.go:66"}
2025-03-19T11:38:54.104-0400	info	returning user data	{"host": "127.0.0.1:63279", "component": "matching-engine", "wf-task-queue-name": "/_sys/rrentVersion_Batching-564e9892_task_queue_29/1", "wf-task-queue-type": "Workflow", "wf-namespace": "namespace-ec265ab4-426c-4316-a4b3-47fc66311932", "long-poll": true, "request-known-version": 1, "user-data-version": 2, "logging-call-at": "/Users/shivamsaraf/Desktop/work/temporal/common/log/with_logger.go:66"}
2025-03-19T11:38:54.104-0400	info	returning user data	{"host": "127.0.0.1:63279", "component": "matching-engine", "wf-task-queue-name": "/_sys/rrentVersion_Batching-564e9892_task_queue_1/3", "wf-task-queue-type": "Workflow", "wf-namespace": "namespace-ec265ab4-426c-4316-a4b3-47fc66311932", "long-poll": true, "request-known-version": 1, "user-data-version": 2, "logging-call-at": "/Users/shivamsaraf/Desktop/work/temporal/common/log/with_logger.go:66"}
2025-03-19T11:38:54.104-0400	info	matching client encountered error	{"host": "127.0.0.1:63279", "error": "partition was not loaded", "service-error-type": "serviceerror.FailedPrecondition", "logging-call-at": "/Users/shivamsaraf/Desktop/work/temporal/common/log/with_logger.go:66"}
2025-03-19T11:38:54.104-0400	info	matching client encountered error	{"host": "127.0.0.1:63279", "error": "partition was not loaded", "service-error-type": "serviceerror.FailedPrecondition", "logging-call-at": "/Users/shivamsaraf/Desktop/work/temporal/common/log/with_logger.go:66"}
2025-03-19T11:38:54.104-0400	info	matching client encountered error	{"host": "127.0.0.1:63279", "error": "partition was not loaded", "service-error-type": "serviceerror.FailedPrecondition", "logging-call-at": "/Users/shivamsaraf/Desktop/work/temporal/common/log/with_logger.go:66"}
2025-03-19T11:38:54.104-0400	info	matching client encountered error	{"host": "127.0.0.1:63279", "error": "partition was not loaded", "service-error-type": "serviceerror.FailedPrecondition", "logging-call-at": "/Users/shivamsaraf/Desktop/work/temporal/common/log/with_logger.go:66"}
2025-03-19T11:38:54.104-0400	info	returning user data	{"host": "127.0.0.1:63279", "component": "matching-engine", "wf-task-queue-name": "/_sys/rrentVersion_Batching-564e9892_task_queue_1/1", "wf-task-queue-type": "Workflow", "wf-namespace": "namespace-ec265ab4-426c-4316-a4b3-47fc66311932", "long-poll": true, "request-known-version": 1, "user-data-version": 2, "logging-call-at": "/Users/shivamsaraf/Desktop/work/temporal/common/log/with_logger.go:66"}
2025-03-19T11:38:54.104-0400	info	matching client encountered error	{"host": "127.0.0.1:63279", "error": "partition was not loaded", "service-error-type": "serviceerror.FailedPrecondition", "logging-call-at": "/Users/shivamsaraf/Desktop/work/temporal/common/log/with_logger.go:66"}
2025-03-19T11:38:54.104-0400	info	matching client encountered error	{"host": "127.0.0.1:63279", "error": "partition was not loaded", "service-error-type": "serviceerror.FailedPrecondition", "logging-call-at": "/Users/shivamsaraf/Desktop/work/temporal/common/log/with_logger.go:66"}
2025-03-19T11:38:54.104-0400	info	matching client encountered error	{"host": "127.0.0.1:63279", "error": "partition was not loaded", "service-error-type": "serviceerror.FailedPrecondition", "logging-call-at": "/Users/shivamsaraf/Desktop/work/temporal/common/log/with_logger.go:66"}
2025-03-19T11:38:54.104-0400	info	matching client encountered error	{"host": "127.0.0.1:63279", "error": "partition was not loaded", "service-error-type": "serviceerror.FailedPrecondition", "logging-call-at": "/Users/shivamsaraf/Desktop/work/temporal/common/log/with_logger.go:66"}
2025-03-19T11:38:54.104-0400	info	matching client encountered error	{"host": "127.0.0.1:63279", "error": "partition was not loaded", "service-error-type": "serviceerror.FailedPrecondition", "logging-call-at": "/Users/shivamsaraf/Desktop/work/temporal/common/log/with_logger.go:66"}
2025-03-19T11:38:54.104-0400	info	matching client encountered error	{"host": "127.0.0.1:63279", "error": "partition was not loaded", "service-error-type": "serviceerror.FailedPrecondition", "logging-call-at": "/Users/shivamsaraf/Desktop/work/temporal/common/log/with_logger.go:66"}
2025-03-19T11:38:54.104-0400	info	matching client encountered error	{"host": "127.0.0.1:63279", "error": "partition was not loaded", "service-error-type": "serviceerror.FailedPrecondition", "logging-call-at": "/Users/shivamsaraf/Desktop/work/temporal/common/log/with_logger.go:66"}
2025-03-19T11:38:54.104-0400	info	returning user data	{"host": "127.0.0.1:63279", "component": "matching-engine", "wf-task-queue-name": "/_sys/rrentVersion_Batching-564e9892_task_queue_27/1", "wf-task-queue-type": "Workflow", "wf-namespace": "namespace-ec265ab4-426c-4316-a4b3-47fc66311932", "long-poll": true, "request-known-version": 1, "user-data-version": 2, "logging-call-at": "/Users/shivamsaraf/Desktop/work/temporal/common/log/with_logger.go:66"}
2025-03-19T11:38:54.104-0400	info	returning user data	{"host": "127.0.0.1:63279", "component": "matching-engine", "wf-task-queue-name": "/_sys/rrentVersion_Batching-564e9892_task_queue_15/1", "wf-task-queue-type": "Workflow", "wf-namespace": "namespace-ec265ab4-426c-4316-a4b3-47fc66311932", "long-poll": true, "request-known-version": 1, "user-data-version": 2, "logging-call-at": "/Users/shivamsaraf/Desktop/work/temporal/common/log/with_logger.go:66"}
2025-03-19T11:38:54.104-0400	info	returning user data	{"host": "127.0.0.1:63279", "component": "matching-engine", "wf-task-queue-name": "/_sys/rrentVersion_Batching-564e9892_task_queue_29/2", "wf-task-queue-type": "Workflow", "wf-namespace": "namespace-ec265ab4-426c-4316-a4b3-47fc66311932", "long-poll": true, "request-known-version": 1, "user-data-version": 2, "logging-call-at": "/Users/shivamsaraf/Desktop/work/temporal/common/log/with_logger.go:66"}
2025-03-19T11:38:54.104-0400	info	returning user data	{"host": "127.0.0.1:63279", "component": "matching-engine", "wf-task-queue-name": "/_sys/rrentVersion_Batching-564e9892_task_queue_26/2", "wf-task-queue-type": "Workflow", "wf-namespace": "namespace-ec265ab4-426c-4316-a4b3-47fc66311932", "long-poll": true, "request-known-version": 1, "user-data-version": 2, "logging-call-at": "/Users/shivamsaraf/Desktop/work/temporal/common/log/with_logger.go:66"}
2025-03-19T11:38:54.104-0400	info	returning user data	{"host": "127.0.0.1:63279", "component": "matching-engine", "wf-task-queue-name": "/_sys/rrentVersion_Batching-564e9892_task_queue_27/3", "wf-task-queue-type": "Workflow", "wf-namespace": "namespace-ec265ab4-426c-4316-a4b3-47fc66311932", "long-poll": true, "request-known-version": 1, "user-data-version": 2, "logging-call-at": "/Users/shivamsaraf/Desktop/work/temporal/common/log/with_logger.go:66"}
2025-03-19T11:38:54.105-0400	info	matching client encountered error	{"host": "127.0.0.1:63279", "error": "partition was not loaded", "service-error-type": "serviceerror.FailedPrecondition", "logging-call-at": "/Users/shivamsaraf/Desktop/work/temporal/common/log/with_logger.go:66"}
2025-03-19T11:38:54.105-0400	info	returning user data	{"host": "127.0.0.1:63279", "component": "matching-engine", "wf-task-queue-name": "/_sys/rrentVersion_Batching-564e9892_task_queue_25/3", "wf-task-queue-type": "Workflow", "wf-namespace": "namespace-ec265ab4-426c-4316-a4b3-47fc66311932", "long-poll": true, "request-known-version": 1, "user-data-version": 2, "logging-call-at": "/Users/shivamsaraf/Desktop/work/temporal/common/log/with_logger.go:66"}
2025-03-19T11:38:54.105-0400	info	returning user data	{"host": "127.0.0.1:63279", "component": "matching-engine", "wf-task-queue-name": "/_sys/rrentVersion_Batching-564e9892_task_queue_21/1", "wf-task-queue-type": "Workflow", "wf-namespace": "namespace-ec265ab4-426c-4316-a4b3-47fc66311932", "long-poll": true, "request-known-version": 1, "user-data-version": 2, "logging-call-at": "/Users/shivamsaraf/Desktop/work/temporal/common/log/with_logger.go:66"}
2025-03-19T11:38:54.105-0400	info	matching client encountered error	{"host": "127.0.0.1:63279", "error": "partition was not loaded", "service-error-type": "serviceerror.FailedPrecondition", "logging-call-at": "/Users/shivamsaraf/Desktop/work/temporal/common/log/with_logger.go:66"}
2025-03-19T11:38:54.105-0400	info	returning user data	{"host": "127.0.0.1:63279", "component": "matching-engine", "wf-task-queue-name": "/_sys/rrentVersion_Batching-564e9892_task_queue_15/3", "wf-task-queue-type": "Workflow", "wf-namespace": "namespace-ec265ab4-426c-4316-a4b3-47fc66311932", "long-poll": true, "request-known-version": 1, "user-data-version": 2, "logging-call-at": "/Users/shivamsaraf/Desktop/work/temporal/common/log/with_logger.go:66"}
2025-03-19T11:38:54.105-0400	info	returning user data	{"host": "127.0.0.1:63279", "component": "matching-engine", "wf-task-queue-name": "/_sys/rrentVersion_Batching-564e9892_task_queue_21/2", "wf-task-queue-type": "Workflow", "wf-namespace": "namespace-ec265ab4-426c-4316-a4b3-47fc66311932", "long-poll": true, "request-known-version": 1, "user-data-version": 2, "logging-call-at": "/Users/shivamsaraf/Desktop/work/temporal/common/log/with_logger.go:66"}
2025-03-19T11:38:54.105-0400	info	matching client encountered error	{"host": "127.0.0.1:63279", "error": "partition was not loaded", "service-error-type": "serviceerror.FailedPrecondition", "logging-call-at": "/Users/shivamsaraf/Desktop/work/temporal/common/log/with_logger.go:66"}
2025-03-19T11:38:54.105-0400	info	returning user data	{"host": "127.0.0.1:63279", "component": "matching-engine", "wf-task-queue-name": "/_sys/rrentVersion_Batching-564e9892_task_queue_27/2", "wf-task-queue-type": "Workflow", "wf-namespace": "namespace-ec265ab4-426c-4316-a4b3-47fc66311932", "long-poll": true, "request-known-version": 1, "user-data-version": 2, "logging-call-at": "/Users/shivamsaraf/Desktop/work/temporal/common/log/with_logger.go:66"}
2025-03-19T11:38:54.105-0400	info	matching client encountered error	{"host": "127.0.0.1:63279", "error": "partition was not loaded", "service-error-type": "serviceerror.FailedPrecondition", "logging-call-at": "/Users/shivamsaraf/Desktop/work/temporal/common/log/with_logger.go:66"}
2025-03-19T11:38:54.105-0400	info	matching client encountered error	{"host": "127.0.0.1:63279", "error": "partition was not loaded", "service-error-type": "serviceerror.FailedPrecondition", "logging-call-at": "/Users/shivamsaraf/Desktop/work/temporal/common/log/with_logger.go:66"}
2025-03-19T11:38:54.105-0400	info	matching client encountered error	{"host": "127.0.0.1:63279", "error": "partition was not loaded", "service-error-type": "serviceerror.FailedPrecondition", "logging-call-at": "/Users/shivamsaraf/Desktop/work/temporal/common/log/with_logger.go:66"}
2025-03-19T11:38:54.105-0400	info	matching client encountered error	{"host": "127.0.0.1:63279", "error": "partition was not loaded", "service-error-type": "serviceerror.FailedPrecondition", "logging-call-at": "/Users/shivamsaraf/Desktop/work/temporal/common/log/with_logger.go:66"}
2025-03-19T11:38:54.105-0400	info	returning user data	{"host": "127.0.0.1:63279", "component": "matching-engine", "wf-task-queue-name": "/_sys/rrentVersion_Batching-564e9892_task_queue_28/3", "wf-task-queue-type": "Workflow", "wf-namespace": "namespace-ec265ab4-426c-4316-a4b3-47fc66311932", "long-poll": true, "request-known-version": 1, "user-data-version": 2, "logging-call-at": "/Users/shivamsaraf/Desktop/work/temporal/common/log/with_logger.go:66"}
2025-03-19T11:38:54.105-0400	info	returning user data	{"host": "127.0.0.1:63279", "component": "matching-engine", "wf-task-queue-name": "/_sys/rrentVersion_Batching-564e9892_task_queue_25/1", "wf-task-queue-type": "Workflow", "wf-namespace": "namespace-ec265ab4-426c-4316-a4b3-47fc66311932", "long-poll": true, "request-known-version": 1, "user-data-version": 2, "logging-call-at": "/Users/shivamsaraf/Desktop/work/temporal/common/log/with_logger.go:66"}
2025-03-19T11:38:54.105-0400	info	matching client encountered error	{"host": "127.0.0.1:63279", "error": "partition was not loaded", "service-error-type": "serviceerror.FailedPrecondition", "logging-call-at": "/Users/shivamsaraf/Desktop/work/temporal/common/log/with_logger.go:66"}
2025-03-19T11:38:54.105-0400	info	returning user data	{"host": "127.0.0.1:63279", "component": "matching-engine", "wf-task-queue-name": "/_sys/rrentVersion_Batching-564e9892_task_queue_28/1", "wf-task-queue-type": "Workflow", "wf-namespace": "namespace-ec265ab4-426c-4316-a4b3-47fc66311932", "long-poll": true, "request-known-version": 1, "user-data-version": 2, "logging-call-at": "/Users/shivamsaraf/Desktop/work/temporal/common/log/with_logger.go:66"}
2025-03-19T11:38:54.106-0400	info	returning user data	{"host": "127.0.0.1:63279", "component": "matching-engine", "wf-task-queue-name": "/_sys/rrentVersion_Batching-564e9892_task_queue_18/3", "wf-task-queue-type": "Workflow", "wf-namespace": "namespace-ec265ab4-426c-4316-a4b3-47fc66311932", "long-poll": true, "request-known-version": 1, "user-data-version": 2, "logging-call-at": "/Users/shivamsaraf/Desktop/work/temporal/common/log/with_logger.go:66"}
2025-03-19T11:38:54.106-0400	info	returning user data	{"host": "127.0.0.1:63279", "component": "matching-engine", "wf-task-queue-name": "/_sys/rrentVersion_Batching-564e9892_task_queue_25/2", "wf-task-queue-type": "Workflow", "wf-namespace": "namespace-ec265ab4-426c-4316-a4b3-47fc66311932", "long-poll": true, "request-known-version": 1, "user-data-version": 2, "logging-call-at": "/Users/shivamsaraf/Desktop/work/temporal/common/log/with_logger.go:66"}
2025-03-19T11:38:54.106-0400	info	returning user data	{"host": "127.0.0.1:63279", "component": "matching-engine", "wf-task-queue-name": "/_sys/rrentVersion_Batching-564e9892_task_queue_28/2", "wf-task-queue-type": "Workflow", "wf-namespace": "namespace-ec265ab4-426c-4316-a4b3-47fc66311932", "long-poll": true, "request-known-version": 1, "user-data-version": 2, "logging-call-at": "/Users/shivamsaraf/Desktop/work/temporal/common/log/with_logger.go:66"}
2025-03-19T11:38:54.106-0400	info	matching client encountered error	{"host": "127.0.0.1:63279", "error": "partition was not loaded", "service-error-type": "serviceerror.FailedPrecondition", "logging-call-at": "/Users/shivamsaraf/Desktop/work/temporal/common/log/with_logger.go:66"}
2025-03-19T11:38:54.106-0400	info	matching client encountered error	{"host": "127.0.0.1:63279", "error": "partition was not loaded", "service-error-type": "serviceerror.FailedPrecondition", "logging-call-at": "/Users/shivamsaraf/Desktop/work/temporal/common/log/with_logger.go:66"}
2025-03-19T11:38:54.106-0400	info	returning user data	{"host": "127.0.0.1:63279", "component": "matching-engine", "wf-task-queue-name": "/_sys/rrentVersion_Batching-564e9892_task_queue_16/2", "wf-task-queue-type": "Workflow", "wf-namespace": "namespace-ec265ab4-426c-4316-a4b3-47fc66311932", "long-poll": true, "request-known-version": 1, "user-data-version": 2, "logging-call-at": "/Users/shivamsaraf/Desktop/work/temporal/common/log/with_logger.go:66"}
2025-03-19T11:38:54.106-0400	info	returning user data	{"host": "127.0.0.1:63279", "component": "matching-engine", "wf-task-queue-name": "/_sys/rrentVersion_Batching-564e9892_task_queue_18/2", "wf-task-queue-type": "Workflow", "wf-namespace": "namespace-ec265ab4-426c-4316-a4b3-47fc66311932", "long-poll": true, "request-known-version": 1, "user-data-version": 2, "logging-call-at": "/Users/shivamsaraf/Desktop/work/temporal/common/log/with_logger.go:66"}
2025-03-19T11:38:54.106-0400	info	returning user data	{"host": "127.0.0.1:63279", "component": "matching-engine", "wf-task-queue-name": "/_sys/rrentVersion_Batching-564e9892_task_queue_15/2", "wf-task-queue-type": "Workflow", "wf-namespace": "namespace-ec265ab4-426c-4316-a4b3-47fc66311932", "long-poll": true, "request-known-version": 1, "user-data-version": 2, "logging-call-at": "/Users/shivamsaraf/Desktop/work/temporal/common/log/with_logger.go:66"}
2025-03-19T11:38:54.106-0400	info	returning user data	{"host": "127.0.0.1:63279", "component": "matching-engine", "wf-task-queue-name": "/_sys/rrentVersion_Batching-564e9892_task_queue_21/3", "wf-task-queue-type": "Workflow", "wf-namespace": "namespace-ec265ab4-426c-4316-a4b3-47fc66311932", "long-poll": true, "request-known-version": 1, "user-data-version": 2, "logging-call-at": "/Users/shivamsaraf/Desktop/work/temporal/common/log/with_logger.go:66"}
2025-03-19T11:38:54.106-0400	info	matching client encountered error	{"host": "127.0.0.1:63279", "error": "partition was not loaded", "service-error-type": "serviceerror.FailedPrecondition", "logging-call-at": "/Users/shivamsaraf/Desktop/work/temporal/common/log/with_logger.go:66"}
2025-03-19T11:38:54.106-0400	info	matching client encountered error	{"host": "127.0.0.1:63279", "error": "partition was not loaded", "service-error-type": "serviceerror.FailedPrecondition", "logging-call-at": "/Users/shivamsaraf/Desktop/work/temporal/common/log/with_logger.go:66"}
2025-03-19T11:38:54.106-0400	info	returning user data	{"host": "127.0.0.1:63279", "component": "matching-engine", "wf-task-queue-name": "/_sys/rrentVersion_Batching-564e9892_task_queue_3/2", "wf-task-queue-type": "Workflow", "wf-namespace": "namespace-ec265ab4-426c-4316-a4b3-47fc66311932", "long-poll": true, "request-known-version": 1, "user-data-version": 2, "logging-call-at": "/Users/shivamsaraf/Desktop/work/temporal/common/log/with_logger.go:66"}
2025-03-19T11:38:54.106-0400	info	matching client encountered error	{"host": "127.0.0.1:63279", "error": "partition was not loaded", "service-error-type": "serviceerror.FailedPrecondition", "logging-call-at": "/Users/shivamsaraf/Desktop/work/temporal/common/log/with_logger.go:66"}
2025-03-19T11:38:54.106-0400	info	matching client encountered error	{"host": "127.0.0.1:63279", "error": "partition was not loaded", "service-error-type": "serviceerror.FailedPrecondition", "logging-call-at": "/Users/shivamsaraf/Desktop/work/temporal/common/log/with_logger.go:66"}
2025-03-19T11:38:54.106-0400	info	matching client encountered error	{"host": "127.0.0.1:63279", "error": "partition was not loaded", "service-error-type": "serviceerror.FailedPrecondition", "logging-call-at": "/Users/shivamsaraf/Desktop/work/temporal/common/log/with_logger.go:66"}
2025-03-19T11:38:54.107-0400	info	matching client encountered error	{"host": "127.0.0.1:63279", "error": "partition was not loaded", "service-error-type": "serviceerror.FailedPrecondition", "logging-call-at": "/Users/shivamsaraf/Desktop/work/temporal/common/log/with_logger.go:66"}
2025-03-19T11:38:54.107-0400	info	matching client encountered error	{"host": "127.0.0.1:63279", "error": "partition was not loaded", "service-error-type": "serviceerror.FailedPrecondition", "logging-call-at": "/Users/shivamsaraf/Desktop/work/temporal/common/log/with_logger.go:66"}
2025-03-19T11:38:54.107-0400	info	matching client encountered error	{"host": "127.0.0.1:63279", "error": "partition was not loaded", "service-error-type": "serviceerror.FailedPrecondition", "logging-call-at": "/Users/shivamsaraf/Desktop/work/temporal/common/log/with_logger.go:66"}
2025-03-19T11:38:54.107-0400	info	matching client encountered error	{"host": "127.0.0.1:63279", "error": "partition was not loaded", "service-error-type": "serviceerror.FailedPrecondition", "logging-call-at": "/Users/shivamsaraf/Desktop/work/temporal/common/log/with_logger.go:66"}
2025-03-19T11:38:54.107-0400	info	returning user data	{"host": "127.0.0.1:63279", "component": "matching-engine", "wf-task-queue-name": "/_sys/rrentVersion_Batching-564e9892_task_queue_10/1", "wf-task-queue-type": "Workflow", "wf-namespace": "namespace-ec265ab4-426c-4316-a4b3-47fc66311932", "long-poll": true, "request-known-version": 1, "user-data-version": 2, "logging-call-at": "/Users/shivamsaraf/Desktop/work/temporal/common/log/with_logger.go:66"}
2025-03-19T11:38:54.107-0400	info	returning user data	{"host": "127.0.0.1:63279", "component": "matching-engine", "wf-task-queue-name": "/_sys/rrentVersion_Batching-564e9892_task_queue_18/1", "wf-task-queue-type": "Workflow", "wf-namespace": "namespace-ec265ab4-426c-4316-a4b3-47fc66311932", "long-poll": true, "request-known-version": 1, "user-data-version": 2, "logging-call-at": "/Users/shivamsaraf/Desktop/work/temporal/common/log/with_logger.go:66"}
2025-03-19T11:38:54.107-0400	info	returning user data	{"host": "127.0.0.1:63279", "component": "matching-engine", "wf-task-queue-name": "/_sys/rrentVersion_Batching-564e9892_task_queue_3/1", "wf-task-queue-type": "Workflow", "wf-namespace": "namespace-ec265ab4-426c-4316-a4b3-47fc66311932", "long-poll": true, "request-known-version": 1, "user-data-version": 2, "logging-call-at": "/Users/shivamsaraf/Desktop/work/temporal/common/log/with_logger.go:66"}
2025-03-19T11:38:54.107-0400	info	returning user data	{"host": "127.0.0.1:63279", "component": "matching-engine", "wf-task-queue-name": "/_sys/rrentVersion_Batching-564e9892_task_queue_3/3", "wf-task-queue-type": "Workflow", "wf-namespace": "namespace-ec265ab4-426c-4316-a4b3-47fc66311932", "long-poll": true, "request-known-version": 1, "user-data-version": 2, "logging-call-at": "/Users/shivamsaraf/Desktop/work/temporal/common/log/with_logger.go:66"}
2025-03-19T11:38:54.107-0400	info	returning user data	{"host": "127.0.0.1:63279", "component": "matching-engine", "wf-task-queue-name": "/_sys/rrentVersion_Batching-564e9892_task_queue_10/2", "wf-task-queue-type": "Workflow", "wf-namespace": "namespace-ec265ab4-426c-4316-a4b3-47fc66311932", "long-poll": true, "request-known-version": 1, "user-data-version": 2, "logging-call-at": "/Users/shivamsaraf/Desktop/work/temporal/common/log/with_logger.go:66"}
2025-03-19T11:38:54.107-0400	info	matching client encountered error	{"host": "127.0.0.1:63279", "error": "partition was not loaded", "service-error-type": "serviceerror.FailedPrecondition", "logging-call-at": "/Users/shivamsaraf/Desktop/work/temporal/common/log/with_logger.go:66"}
2025-03-19T11:38:54.107-0400	info	returning user data	{"host": "127.0.0.1:63279", "component": "matching-engine", "wf-task-queue-name": "/_sys/rrentVersion_Batching-564e9892_task_queue_17/1", "wf-task-queue-type": "Workflow", "wf-namespace": "namespace-ec265ab4-426c-4316-a4b3-47fc66311932", "long-poll": true, "request-known-version": 1, "user-data-version": 2, "logging-call-at": "/Users/shivamsaraf/Desktop/work/temporal/common/log/with_logger.go:66"}
2025-03-19T11:38:54.107-0400	info	matching client encountered error	{"host": "127.0.0.1:63279", "error": "partition was not loaded", "service-error-type": "serviceerror.FailedPrecondition", "logging-call-at": "/Users/shivamsaraf/Desktop/work/temporal/common/log/with_logger.go:66"}
2025-03-19T11:38:54.107-0400	info	matching client encountered error	{"host": "127.0.0.1:63279", "error": "partition was not loaded", "service-error-type": "serviceerror.FailedPrecondition", "logging-call-at": "/Users/shivamsaraf/Desktop/work/temporal/common/log/with_logger.go:66"}
2025-03-19T11:38:54.107-0400	info	matching client encountered error	{"host": "127.0.0.1:63279", "error": "partition was not loaded", "service-error-type": "serviceerror.FailedPrecondition", "logging-call-at": "/Users/shivamsaraf/Desktop/work/temporal/common/log/with_logger.go:66"}
2025-03-19T11:38:54.107-0400	info	matching client encountered error	{"host": "127.0.0.1:63279", "error": "partition was not loaded", "service-error-type": "serviceerror.FailedPrecondition", "logging-call-at": "/Users/shivamsaraf/Desktop/work/temporal/common/log/with_logger.go:66"}
2025-03-19T11:38:54.107-0400	info	matching client encountered error	{"host": "127.0.0.1:63279", "error": "partition was not loaded", "service-error-type": "serviceerror.FailedPrecondition", "logging-call-at": "/Users/shivamsaraf/Desktop/work/temporal/common/log/with_logger.go:66"}
2025-03-19T11:38:54.107-0400	info	matching client encountered error	{"host": "127.0.0.1:63279", "error": "partition was not loaded", "service-error-type": "serviceerror.FailedPrecondition", "logging-call-at": "/Users/shivamsaraf/Desktop/work/temporal/common/log/with_logger.go:66"}
2025-03-19T11:38:54.107-0400	info	returning user data	{"host": "127.0.0.1:63279", "component": "matching-engine", "wf-task-queue-name": "/_sys/rrentVersion_Batching-564e9892_task_queue_12/1", "wf-task-queue-type": "Workflow", "wf-namespace": "namespace-ec265ab4-426c-4316-a4b3-47fc66311932", "long-poll": true, "request-known-version": 1, "user-data-version": 2, "logging-call-at": "/Users/shivamsaraf/Desktop/work/temporal/common/log/with_logger.go:66"}
2025-03-19T11:38:54.107-0400	info	matching client encountered error	{"host": "127.0.0.1:63279", "error": "partition was not loaded", "service-error-type": "serviceerror.FailedPrecondition", "logging-call-at": "/Users/shivamsaraf/Desktop/work/temporal/common/log/with_logger.go:66"}
2025-03-19T11:38:54.107-0400	info	matching client encountered error	{"host": "127.0.0.1:63279", "error": "partition was not loaded", "service-error-type": "serviceerror.FailedPrecondition", "logging-call-at": "/Users/shivamsaraf/Desktop/work/temporal/common/log/with_logger.go:66"}
2025-03-19T11:38:54.108-0400	info	returning user data	{"host": "127.0.0.1:63279", "component": "matching-engine", "wf-task-queue-name": "/_sys/rrentVersion_Batching-564e9892_task_queue_17/2", "wf-task-queue-type": "Workflow", "wf-namespace": "namespace-ec265ab4-426c-4316-a4b3-47fc66311932", "long-poll": true, "request-known-version": 1, "user-data-version": 2, "logging-call-at": "/Users/shivamsaraf/Desktop/work/temporal/common/log/with_logger.go:66"}
2025-03-19T11:38:54.108-0400	info	matching client encountered error	{"host": "127.0.0.1:63279", "error": "partition was not loaded", "service-error-type": "serviceerror.FailedPrecondition", "logging-call-at": "/Users/shivamsaraf/Desktop/work/temporal/common/log/with_logger.go:66"}
2025-03-19T11:38:54.108-0400	info	matching client encountered error	{"host": "127.0.0.1:63279", "error": "partition was not loaded", "service-error-type": "serviceerror.FailedPrecondition", "logging-call-at": "/Users/shivamsaraf/Desktop/work/temporal/common/log/with_logger.go:66"}
2025-03-19T11:38:54.108-0400	info	matching client encountered error	{"host": "127.0.0.1:63279", "error": "partition was not loaded", "service-error-type": "serviceerror.FailedPrecondition", "logging-call-at": "/Users/shivamsaraf/Desktop/work/temporal/common/log/with_logger.go:66"}
2025-03-19T11:38:54.108-0400	info	matching client encountered error	{"host": "127.0.0.1:63279", "error": "partition was not loaded", "service-error-type": "serviceerror.FailedPrecondition", "logging-call-at": "/Users/shivamsaraf/Desktop/work/temporal/common/log/with_logger.go:66"}
2025-03-19T11:38:54.108-0400	info	returning user data	{"host": "127.0.0.1:63279", "component": "matching-engine", "wf-task-queue-name": "/_sys/rrentVersion_Batching-564e9892_task_queue_12/2", "wf-task-queue-type": "Workflow", "wf-namespace": "namespace-ec265ab4-426c-4316-a4b3-47fc66311932", "long-poll": true, "request-known-version": 1, "user-data-version": 2, "logging-call-at": "/Users/shivamsaraf/Desktop/work/temporal/common/log/with_logger.go:66"}
2025-03-19T11:38:54.108-0400	info	matching client encountered error	{"host": "127.0.0.1:63279", "error": "partition was not loaded", "service-error-type": "serviceerror.FailedPrecondition", "logging-call-at": "/Users/shivamsaraf/Desktop/work/temporal/common/log/with_logger.go:66"}
2025-03-19T11:38:54.108-0400	info	returning user data	{"host": "127.0.0.1:63279", "component": "matching-engine", "wf-task-queue-name": "/_sys/rrentVersion_Batching-564e9892_task_queue_12/3", "wf-task-queue-type": "Workflow", "wf-namespace": "namespace-ec265ab4-426c-4316-a4b3-47fc66311932", "long-poll": true, "request-known-version": 1, "user-data-version": 2, "logging-call-at": "/Users/shivamsaraf/Desktop/work/temporal/common/log/with_logger.go:66"}
2025-03-19T11:38:54.108-0400	info	returning user data	{"host": "127.0.0.1:63279", "component": "matching-engine", "wf-task-queue-name": "/_sys/rrentVersion_Batching-564e9892_task_queue_23/2", "wf-task-queue-type": "Workflow", "wf-namespace": "namespace-ec265ab4-426c-4316-a4b3-47fc66311932", "long-poll": true, "request-known-version": 1, "user-data-version": 2, "logging-call-at": "/Users/shivamsaraf/Desktop/work/temporal/common/log/with_logger.go:66"}
2025-03-19T11:38:54.108-0400	info	matching client encountered error	{"host": "127.0.0.1:63279", "error": "partition was not loaded", "service-error-type": "serviceerror.FailedPrecondition", "logging-call-at": "/Users/shivamsaraf/Desktop/work/temporal/common/log/with_logger.go:66"}
2025-03-19T11:38:54.108-0400	info	returning user data	{"host": "127.0.0.1:63279", "component": "matching-engine", "wf-task-queue-name": "/_sys/rrentVersion_Batching-564e9892_task_queue_17/3", "wf-task-queue-type": "Workflow", "wf-namespace": "namespace-ec265ab4-426c-4316-a4b3-47fc66311932", "long-poll": true, "request-known-version": 1, "user-data-version": 2, "logging-call-at": "/Users/shivamsaraf/Desktop/work/temporal/common/log/with_logger.go:66"}
2025-03-19T11:38:54.108-0400	info	returning user data	{"host": "127.0.0.1:63279", "component": "matching-engine", "wf-task-queue-name": "/_sys/rrentVersion_Batching-564e9892_task_queue_23/3", "wf-task-queue-type": "Workflow", "wf-namespace": "namespace-ec265ab4-426c-4316-a4b3-47fc66311932", "long-poll": true, "request-known-version": 1, "user-data-version": 2, "logging-call-at": "/Users/shivamsaraf/Desktop/work/temporal/common/log/with_logger.go:66"}
2025-03-19T11:38:54.108-0400	info	matching client encountered error	{"host": "127.0.0.1:63279", "error": "partition was not loaded", "service-error-type": "serviceerror.FailedPrecondition", "logging-call-at": "/Users/shivamsaraf/Desktop/work/temporal/common/log/with_logger.go:66"}
2025-03-19T11:38:54.108-0400	info	returning user data	{"host": "127.0.0.1:63279", "component": "matching-engine", "wf-task-queue-name": "/_sys/rrentVersion_Batching-564e9892_task_queue_10/3", "wf-task-queue-type": "Workflow", "wf-namespace": "namespace-ec265ab4-426c-4316-a4b3-47fc66311932", "long-poll": true, "request-known-version": 1, "user-data-version": 2, "logging-call-at": "/Users/shivamsaraf/Desktop/work/temporal/common/log/with_logger.go:66"}
2025-03-19T11:38:54.108-0400	info	returning user data	{"host": "127.0.0.1:63279", "component": "matching-engine", "wf-task-queue-name": "/_sys/rrentVersion_Batching-564e9892_task_queue_20/1", "wf-task-queue-type": "Workflow", "wf-namespace": "namespace-ec265ab4-426c-4316-a4b3-47fc66311932", "long-poll": true, "request-known-version": 1, "user-data-version": 2, "logging-call-at": "/Users/shivamsaraf/Desktop/work/temporal/common/log/with_logger.go:66"}
2025-03-19T11:38:54.108-0400	info	matching client encountered error	{"host": "127.0.0.1:63279", "error": "partition was not loaded", "service-error-type": "serviceerror.FailedPrecondition", "logging-call-at": "/Users/shivamsaraf/Desktop/work/temporal/common/log/with_logger.go:66"}
2025-03-19T11:38:54.108-0400	info	returning user data	{"host": "127.0.0.1:63279", "component": "matching-engine", "wf-task-queue-name": "/_sys/rrentVersion_Batching-564e9892_task_queue_23/1", "wf-task-queue-type": "Workflow", "wf-namespace": "namespace-ec265ab4-426c-4316-a4b3-47fc66311932", "long-poll": true, "request-known-version": 1, "user-data-version": 2, "logging-call-at": "/Users/shivamsaraf/Desktop/work/temporal/common/log/with_logger.go:66"}
2025-03-19T11:38:54.108-0400	info	matching client encountered error	{"host": "127.0.0.1:63279", "error": "partition was not loaded", "service-error-type": "serviceerror.FailedPrecondition", "logging-call-at": "/Users/shivamsaraf/Desktop/work/temporal/common/log/with_logger.go:66"}
2025-03-19T11:38:54.108-0400	info	returning user data	{"host": "127.0.0.1:63279", "component": "matching-engine", "wf-task-queue-name": "/_sys/rrentVersion_Batching-564e9892_task_queue_20/3", "wf-task-queue-type": "Workflow", "wf-namespace": "namespace-ec265ab4-426c-4316-a4b3-47fc66311932", "long-poll": true, "request-known-version": 1, "user-data-version": 2, "logging-call-at": "/Users/shivamsaraf/Desktop/work/temporal/common/log/with_logger.go:66"}
2025-03-19T11:38:54.108-0400	info	matching client encountered error	{"host": "127.0.0.1:63279", "error": "partition was not loaded", "service-error-type": "serviceerror.FailedPrecondition", "logging-call-at": "/Users/shivamsaraf/Desktop/work/temporal/common/log/with_logger.go:66"}
2025-03-19T11:38:54.108-0400	info	matching client encountered error	{"host": "127.0.0.1:63279", "error": "partition was not loaded", "service-error-type": "serviceerror.FailedPrecondition", "logging-call-at": "/Users/shivamsaraf/Desktop/work/temporal/common/log/with_logger.go:66"}
2025-03-19T11:38:54.109-0400	info	returning user data	{"host": "127.0.0.1:63279", "component": "matching-engine", "wf-task-queue-name": "/_sys/rrentVersion_Batching-564e9892_task_queue_20/2", "wf-task-queue-type": "Workflow", "wf-namespace": "namespace-ec265ab4-426c-4316-a4b3-47fc66311932", "long-poll": true, "request-known-version": 1, "user-data-version": 2, "logging-call-at": "/Users/shivamsaraf/Desktop/work/temporal/common/log/with_logger.go:66"}
2025-03-19T11:38:54.109-0400	info	matching client encountered error	{"host": "127.0.0.1:63279", "error": "partition was not loaded", "service-error-type": "serviceerror.FailedPrecondition", "logging-call-at": "/Users/shivamsaraf/Desktop/work/temporal/common/log/with_logger.go:66"}
2025-03-19T11:38:54.109-0400	info	matching client encountered error	{"host": "127.0.0.1:63279", "error": "partition was not loaded", "service-error-type": "serviceerror.FailedPrecondition", "logging-call-at": "/Users/shivamsaraf/Desktop/work/temporal/common/log/with_logger.go:66"}
2025-03-19T11:38:54.109-0400	info	matching client encountered error	{"host": "127.0.0.1:63279", "error": "partition was not loaded", "service-error-type": "serviceerror.FailedPrecondition", "logging-call-at": "/Users/shivamsaraf/Desktop/work/temporal/common/log/with_logger.go:66"}
2025-03-19T11:38:54.109-0400	info	returning user data	{"host": "127.0.0.1:63279", "component": "matching-engine", "wf-task-queue-name": "/_sys/rrentVersion_Batching-564e9892_task_queue_13/1", "wf-task-queue-type": "Workflow", "wf-namespace": "namespace-ec265ab4-426c-4316-a4b3-47fc66311932", "long-poll": true, "request-known-version": 1, "user-data-version": 2, "logging-call-at": "/Users/shivamsaraf/Desktop/work/temporal/common/log/with_logger.go:66"}
2025-03-19T11:38:54.109-0400	info	returning user data	{"host": "127.0.0.1:63279", "component": "matching-engine", "wf-task-queue-name": "/_sys/rrentVersion_Batching-564e9892_task_queue_19/1", "wf-task-queue-type": "Workflow", "wf-namespace": "namespace-ec265ab4-426c-4316-a4b3-47fc66311932", "long-poll": true, "request-known-version": 1, "user-data-version": 2, "logging-call-at": "/Users/shivamsaraf/Desktop/work/temporal/common/log/with_logger.go:66"}
2025-03-19T11:38:54.109-0400	info	matching client encountered error	{"host": "127.0.0.1:63279", "error": "partition was not loaded", "service-error-type": "serviceerror.FailedPrecondition", "logging-call-at": "/Users/shivamsaraf/Desktop/work/temporal/common/log/with_logger.go:66"}
2025-03-19T11:38:54.109-0400	info	matching client encountered error	{"host": "127.0.0.1:63279", "error": "partition was not loaded", "service-error-type": "serviceerror.FailedPrecondition", "logging-call-at": "/Users/shivamsaraf/Desktop/work/temporal/common/log/with_logger.go:66"}
2025-03-19T11:38:54.109-0400	info	matching client encountered error	{"host": "127.0.0.1:63279", "error": "partition was not loaded", "service-error-type": "serviceerror.FailedPrecondition", "logging-call-at": "/Users/shivamsaraf/Desktop/work/temporal/common/log/with_logger.go:66"}
2025-03-19T11:38:54.109-0400	info	matching client encountered error	{"host": "127.0.0.1:63279", "error": "partition was not loaded", "service-error-type": "serviceerror.FailedPrecondition", "logging-call-at": "/Users/shivamsaraf/Desktop/work/temporal/common/log/with_logger.go:66"}
2025-03-19T11:38:54.109-0400	info	returning user data	{"host": "127.0.0.1:63279", "component": "matching-engine", "wf-task-queue-name": "/_sys/rrentVersion_Batching-564e9892_task_queue_11/1", "wf-task-queue-type": "Workflow", "wf-namespace": "namespace-ec265ab4-426c-4316-a4b3-47fc66311932", "long-poll": true, "request-known-version": 1, "user-data-version": 2, "logging-call-at": "/Users/shivamsaraf/Desktop/work/temporal/common/log/with_logger.go:66"}
2025-03-19T11:38:54.109-0400	info	matching client encountered error	{"host": "127.0.0.1:63279", "error": "partition was not loaded", "service-error-type": "serviceerror.FailedPrecondition", "logging-call-at": "/Users/shivamsaraf/Desktop/work/temporal/common/log/with_logger.go:66"}
2025-03-19T11:38:54.109-0400	info	matching client encountered error	{"host": "127.0.0.1:63279", "error": "partition was not loaded", "service-error-type": "serviceerror.FailedPrecondition", "logging-call-at": "/Users/shivamsaraf/Desktop/work/temporal/common/log/with_logger.go:66"}
2025-03-19T11:38:54.109-0400	info	returning user data	{"host": "127.0.0.1:63279", "component": "matching-engine", "wf-task-queue-name": "/_sys/rrentVersion_Batching-564e9892_task_queue_22/1", "wf-task-queue-type": "Workflow", "wf-namespace": "namespace-ec265ab4-426c-4316-a4b3-47fc66311932", "long-poll": true, "request-known-version": 1, "user-data-version": 2, "logging-call-at": "/Users/shivamsaraf/Desktop/work/temporal/common/log/with_logger.go:66"}
2025-03-19T11:38:54.109-0400	info	returning user data	{"host": "127.0.0.1:63279", "component": "matching-engine", "wf-task-queue-name": "/_sys/rrentVersion_Batching-564e9892_task_queue_19/2", "wf-task-queue-type": "Workflow", "wf-namespace": "namespace-ec265ab4-426c-4316-a4b3-47fc66311932", "long-poll": true, "request-known-version": 1, "user-data-version": 2, "logging-call-at": "/Users/shivamsaraf/Desktop/work/temporal/common/log/with_logger.go:66"}
2025-03-19T11:38:54.110-0400	info	matching client encountered error	{"host": "127.0.0.1:63279", "error": "partition was not loaded", "service-error-type": "serviceerror.FailedPrecondition", "logging-call-at": "/Users/shivamsaraf/Desktop/work/temporal/common/log/with_logger.go:66"}
2025-03-19T11:38:54.110-0400	info	matching client encountered error	{"host": "127.0.0.1:63279", "error": "partition was not loaded", "service-error-type": "serviceerror.FailedPrecondition", "logging-call-at": "/Users/shivamsaraf/Desktop/work/temporal/common/log/with_logger.go:66"}
2025-03-19T11:38:54.110-0400	info	matching client encountered error	{"host": "127.0.0.1:63279", "error": "partition was not loaded", "service-error-type": "serviceerror.FailedPrecondition", "logging-call-at": "/Users/shivamsaraf/Desktop/work/temporal/common/log/with_logger.go:66"}
2025-03-19T11:38:54.110-0400	info	matching client encountered error	{"host": "127.0.0.1:63279", "error": "partition was not loaded", "service-error-type": "serviceerror.FailedPrecondition", "logging-call-at": "/Users/shivamsaraf/Desktop/work/temporal/common/log/with_logger.go:66"}
2025-03-19T11:38:54.110-0400	info	returning user data	{"host": "127.0.0.1:63279", "component": "matching-engine", "wf-task-queue-name": "/_sys/rrentVersion_Batching-564e9892_task_queue_13/2", "wf-task-queue-type": "Workflow", "wf-namespace": "namespace-ec265ab4-426c-4316-a4b3-47fc66311932", "long-poll": true, "request-known-version": 1, "user-data-version": 2, "logging-call-at": "/Users/shivamsaraf/Desktop/work/temporal/common/log/with_logger.go:66"}
2025-03-19T11:38:54.110-0400	info	matching client encountered error	{"host": "127.0.0.1:63279", "error": "partition was not loaded", "service-error-type": "serviceerror.FailedPrecondition", "logging-call-at": "/Users/shivamsaraf/Desktop/work/temporal/common/log/with_logger.go:66"}
2025-03-19T11:38:54.110-0400	info	matching client encountered error	{"host": "127.0.0.1:63279", "error": "partition was not loaded", "service-error-type": "serviceerror.FailedPrecondition", "logging-call-at": "/Users/shivamsaraf/Desktop/work/temporal/common/log/with_logger.go:66"}
2025-03-19T11:38:54.110-0400	info	matching client encountered error	{"host": "127.0.0.1:63279", "error": "partition was not loaded", "service-error-type": "serviceerror.FailedPrecondition", "logging-call-at": "/Users/shivamsaraf/Desktop/work/temporal/common/log/with_logger.go:66"}
2025-03-19T11:38:54.110-0400	info	matching client encountered error	{"host": "127.0.0.1:63279", "error": "partition was not loaded", "service-error-type": "serviceerror.FailedPrecondition", "logging-call-at": "/Users/shivamsaraf/Desktop/work/temporal/common/log/with_logger.go:66"}
2025-03-19T11:38:54.110-0400	info	matching client encountered error	{"host": "127.0.0.1:63279", "error": "partition was not loaded", "service-error-type": "serviceerror.FailedPrecondition", "logging-call-at": "/Users/shivamsaraf/Desktop/work/temporal/common/log/with_logger.go:66"}
2025-03-19T11:38:54.110-0400	info	matching client encountered error	{"host": "127.0.0.1:63279", "error": "partition was not loaded", "service-error-type": "serviceerror.FailedPrecondition", "logging-call-at": "/Users/shivamsaraf/Desktop/work/temporal/common/log/with_logger.go:66"}
2025-03-19T11:38:54.110-0400	info	matching client encountered error	{"host": "127.0.0.1:63279", "error": "partition was not loaded", "service-error-type": "serviceerror.FailedPrecondition", "logging-call-at": "/Users/shivamsaraf/Desktop/work/temporal/common/log/with_logger.go:66"}
2025-03-19T11:38:54.110-0400	info	matching client encountered error	{"host": "127.0.0.1:63279", "error": "partition was not loaded", "service-error-type": "serviceerror.FailedPrecondition", "logging-call-at": "/Users/shivamsaraf/Desktop/work/temporal/common/log/with_logger.go:66"}
2025-03-19T11:38:54.110-0400	info	returning user data	{"host": "127.0.0.1:63279", "component": "matching-engine", "wf-task-queue-name": "/_sys/rrentVersion_Batching-564e9892_task_queue_2/3", "wf-task-queue-type": "Workflow", "wf-namespace": "namespace-ec265ab4-426c-4316-a4b3-47fc66311932", "long-poll": true, "request-known-version": 1, "user-data-version": 2, "logging-call-at": "/Users/shivamsaraf/Desktop/work/temporal/common/log/with_logger.go:66"}
2025-03-19T11:38:54.110-0400	info	matching client encountered error	{"host": "127.0.0.1:63279", "error": "partition was not loaded", "service-error-type": "serviceerror.FailedPrecondition", "logging-call-at": "/Users/shivamsaraf/Desktop/work/temporal/common/log/with_logger.go:66"}
2025-03-19T11:38:54.110-0400	info	matching client encountered error	{"host": "127.0.0.1:63279", "error": "partition was not loaded", "service-error-type": "serviceerror.FailedPrecondition", "logging-call-at": "/Users/shivamsaraf/Desktop/work/temporal/common/log/with_logger.go:66"}
2025-03-19T11:38:54.110-0400	info	matching client encountered error	{"host": "127.0.0.1:63279", "error": "partition was not loaded", "service-error-type": "serviceerror.FailedPrecondition", "logging-call-at": "/Users/shivamsaraf/Desktop/work/temporal/common/log/with_logger.go:66"}
2025-03-19T11:38:54.110-0400	info	matching client encountered error	{"host": "127.0.0.1:63279", "error": "partition was not loaded", "service-error-type": "serviceerror.FailedPrecondition", "logging-call-at": "/Users/shivamsaraf/Desktop/work/temporal/common/log/with_logger.go:66"}
2025-03-19T11:38:54.110-0400	info	returning user data	{"host": "127.0.0.1:63279", "component": "matching-engine", "wf-task-queue-name": "/_sys/rrentVersion_Batching-564e9892_task_queue_0/2", "wf-task-queue-type": "Workflow", "wf-namespace": "namespace-ec265ab4-426c-4316-a4b3-47fc66311932", "long-poll": true, "request-known-version": 1, "user-data-version": 2, "logging-call-at": "/Users/shivamsaraf/Desktop/work/temporal/common/log/with_logger.go:66"}
2025-03-19T11:38:54.110-0400	info	returning user data	{"host": "127.0.0.1:63279", "component": "matching-engine", "wf-task-queue-name": "/_sys/rrentVersion_Batching-564e9892_task_queue_11/2", "wf-task-queue-type": "Workflow", "wf-namespace": "namespace-ec265ab4-426c-4316-a4b3-47fc66311932", "long-poll": true, "request-known-version": 1, "user-data-version": 2, "logging-call-at": "/Users/shivamsaraf/Desktop/work/temporal/common/log/with_logger.go:66"}
2025-03-19T11:38:54.111-0400	info	returning user data	{"host": "127.0.0.1:63279", "component": "matching-engine", "wf-task-queue-name": "/_sys/rrentVersion_Batching-564e9892_task_queue_30/1", "wf-task-queue-type": "Workflow", "wf-namespace": "namespace-ec265ab4-426c-4316-a4b3-47fc66311932", "long-poll": true, "request-known-version": 1, "user-data-version": 2, "logging-call-at": "/Users/shivamsaraf/Desktop/work/temporal/common/log/with_logger.go:66"}
2025-03-19T11:38:54.111-0400	info	returning user data	{"host": "127.0.0.1:63279", "component": "matching-engine", "wf-task-queue-name": "/_sys/rrentVersion_Batching-564e9892_task_queue_13/3", "wf-task-queue-type": "Workflow", "wf-namespace": "namespace-ec265ab4-426c-4316-a4b3-47fc66311932", "long-poll": true, "request-known-version": 1, "user-data-version": 2, "logging-call-at": "/Users/shivamsaraf/Desktop/work/temporal/common/log/with_logger.go:66"}
2025-03-19T11:38:54.111-0400	info	returning user data	{"host": "127.0.0.1:63279", "component": "matching-engine", "wf-task-queue-name": "/_sys/rrentVersion_Batching-564e9892_task_queue_2/2", "wf-task-queue-type": "Workflow", "wf-namespace": "namespace-ec265ab4-426c-4316-a4b3-47fc66311932", "long-poll": true, "request-known-version": 1, "user-data-version": 2, "logging-call-at": "/Users/shivamsaraf/Desktop/work/temporal/common/log/with_logger.go:66"}
2025-03-19T11:38:54.111-0400	info	returning user data	{"host": "127.0.0.1:63279", "component": "matching-engine", "wf-task-queue-name": "/_sys/rrentVersion_Batching-564e9892_task_queue_0/1", "wf-task-queue-type": "Workflow", "wf-namespace": "namespace-ec265ab4-426c-4316-a4b3-47fc66311932", "long-poll": true, "request-known-version": 1, "user-data-version": 2, "logging-call-at": "/Users/shivamsaraf/Desktop/work/temporal/common/log/with_logger.go:66"}
2025-03-19T11:38:54.111-0400	info	returning user data	{"host": "127.0.0.1:63279", "component": "matching-engine", "wf-task-queue-name": "/_sys/rrentVersion_Batching-564e9892_task_queue_30/2", "wf-task-queue-type": "Workflow", "wf-namespace": "namespace-ec265ab4-426c-4316-a4b3-47fc66311932", "long-poll": true, "request-known-version": 1, "user-data-version": 2, "logging-call-at": "/Users/shivamsaraf/Desktop/work/temporal/common/log/with_logger.go:66"}
2025-03-19T11:38:54.111-0400	info	returning user data	{"host": "127.0.0.1:63279", "component": "matching-engine", "wf-task-queue-name": "/_sys/rrentVersion_Batching-564e9892_task_queue_19/3", "wf-task-queue-type": "Workflow", "wf-namespace": "namespace-ec265ab4-426c-4316-a4b3-47fc66311932", "long-poll": true, "request-known-version": 1, "user-data-version": 2, "logging-call-at": "/Users/shivamsaraf/Desktop/work/temporal/common/log/with_logger.go:66"}
2025-03-19T11:38:54.111-0400	info	returning user data	{"host": "127.0.0.1:63279", "component": "matching-engine", "wf-task-queue-name": "/_sys/rrentVersion_Batching-564e9892_task_queue_11/3", "wf-task-queue-type": "Workflow", "wf-namespace": "namespace-ec265ab4-426c-4316-a4b3-47fc66311932", "long-poll": true, "request-known-version": 1, "user-data-version": 2, "logging-call-at": "/Users/shivamsaraf/Desktop/work/temporal/common/log/with_logger.go:66"}
2025-03-19T11:38:54.111-0400	info	matching client encountered error	{"host": "127.0.0.1:63279", "error": "partition was not loaded", "service-error-type": "serviceerror.FailedPrecondition", "logging-call-at": "/Users/shivamsaraf/Desktop/work/temporal/common/log/with_logger.go:66"}
2025-03-19T11:38:54.111-0400	info	returning user data	{"host": "127.0.0.1:63279", "component": "matching-engine", "wf-task-queue-name": "/_sys/rrentVersion_Batching-564e9892_task_queue_2/1", "wf-task-queue-type": "Workflow", "wf-namespace": "namespace-ec265ab4-426c-4316-a4b3-47fc66311932", "long-poll": true, "request-known-version": 1, "user-data-version": 2, "logging-call-at": "/Users/shivamsaraf/Desktop/work/temporal/common/log/with_logger.go:66"}
2025-03-19T11:38:54.111-0400	info	returning user data	{"host": "127.0.0.1:63279", "component": "matching-engine", "wf-task-queue-name": "/_sys/rrentVersion_Batching-564e9892_task_queue_30/3", "wf-task-queue-type": "Workflow", "wf-namespace": "namespace-ec265ab4-426c-4316-a4b3-47fc66311932", "long-poll": true, "request-known-version": 1, "user-data-version": 2, "logging-call-at": "/Users/shivamsaraf/Desktop/work/temporal/common/log/with_logger.go:66"}
2025-03-19T11:38:54.111-0400	info	returning user data	{"host": "127.0.0.1:63279", "component": "matching-engine", "wf-task-queue-name": "/_sys/rrentVersion_Batching-564e9892_task_queue_0/3", "wf-task-queue-type": "Workflow", "wf-namespace": "namespace-ec265ab4-426c-4316-a4b3-47fc66311932", "long-poll": true, "request-known-version": 1, "user-data-version": 2, "logging-call-at": "/Users/shivamsaraf/Desktop/work/temporal/common/log/with_logger.go:66"}
2025-03-19T11:38:54.111-0400	info	matching client encountered error	{"host": "127.0.0.1:63279", "error": "partition was not loaded", "service-error-type": "serviceerror.FailedPrecondition", "logging-call-at": "/Users/shivamsaraf/Desktop/work/temporal/common/log/with_logger.go:66"}
2025-03-19T11:38:54.111-0400	info	matching client encountered error	{"host": "127.0.0.1:63279", "error": "partition was not loaded", "service-error-type": "serviceerror.FailedPrecondition", "logging-call-at": "/Users/shivamsaraf/Desktop/work/temporal/common/log/with_logger.go:66"}
2025-03-19T11:38:54.111-0400	info	matching client encountered error	{"host": "127.0.0.1:63279", "error": "partition was not loaded", "service-error-type": "serviceerror.FailedPrecondition", "logging-call-at": "/Users/shivamsaraf/Desktop/work/temporal/common/log/with_logger.go:66"}
2025-03-19T11:38:54.111-0400	info	returning user data	{"host": "127.0.0.1:63279", "component": "matching-engine", "wf-task-queue-name": "/_sys/rrentVersion_Batching-564e9892_task_queue_22/3", "wf-task-queue-type": "Workflow", "wf-namespace": "namespace-ec265ab4-426c-4316-a4b3-47fc66311932", "long-poll": true, "request-known-version": 1, "user-data-version": 2, "logging-call-at": "/Users/shivamsaraf/Desktop/work/temporal/common/log/with_logger.go:66"}
2025-03-19T11:38:54.111-0400	info	returning user data	{"host": "127.0.0.1:63279", "component": "matching-engine", "wf-task-queue-name": "/_sys/rrentVersion_Batching-564e9892_task_queue_22/2", "wf-task-queue-type": "Workflow", "wf-namespace": "namespace-ec265ab4-426c-4316-a4b3-47fc66311932", "long-poll": true, "request-known-version": 1, "user-data-version": 2, "logging-call-at": "/Users/shivamsaraf/Desktop/work/temporal/common/log/with_logger.go:66"}
2025-03-19T11:38:54.111-0400	info	matching client encountered error	{"host": "127.0.0.1:63279", "error": "partition was not loaded", "service-error-type": "serviceerror.FailedPrecondition", "logging-call-at": "/Users/shivamsaraf/Desktop/work/temporal/common/log/with_logger.go:66"}
2025-03-19T11:38:54.111-0400	info	matching client encountered error	{"host": "127.0.0.1:63279", "error": "partition was not loaded", "service-error-type": "serviceerror.FailedPrecondition", "logging-call-at": "/Users/shivamsaraf/Desktop/work/temporal/common/log/with_logger.go:66"}
2025-03-19T11:38:54.111-0400	info	matching client encountered error	{"host": "127.0.0.1:63279", "error": "partition was not loaded", "service-error-type": "serviceerror.FailedPrecondition", "logging-call-at": "/Users/shivamsaraf/Desktop/work/temporal/common/log/with_logger.go:66"}
2025-03-19T11:38:54.112-0400	info	matching client encountered error	{"host": "127.0.0.1:63279", "error": "partition was not loaded", "service-error-type": "serviceerror.FailedPrecondition", "logging-call-at": "/Users/shivamsaraf/Desktop/work/temporal/common/log/with_logger.go:66"}
2025-03-19T11:38:54.112-0400	info	matching client encountered error	{"host": "127.0.0.1:63279", "error": "partition was not loaded", "service-error-type": "serviceerror.FailedPrecondition", "logging-call-at": "/Users/shivamsaraf/Desktop/work/temporal/common/log/with_logger.go:66"}
2025-03-19T11:38:54.112-0400	info	matching client encountered error	{"host": "127.0.0.1:63279", "error": "partition was not loaded", "service-error-type": "serviceerror.FailedPrecondition", "logging-call-at": "/Users/shivamsaraf/Desktop/work/temporal/common/log/with_logger.go:66"}
2025-03-19T11:38:54.112-0400	debug	Process task as active.	{"host": "127.0.0.1:63280", "shard-id": 4, "address": "127.0.0.1:63280", "component": "timer-queue-processor", "wf-namespace-id": "d0b550e3-6091-4a9b-a9aa-3d80ffb24954", "value": "d0b550e3-6091-4a9b-a9aa-3d80ffb24954/temporal-sys-worker-deployment-version:rrentVersion_Batching-564e9892_deployment_series.rrentVersion_Batching-564e9892_build_id/0195af0e-98a0-7d94-93e5-2a1d2e5942f8", "logging-call-at": "/Users/shivamsaraf/Desktop/work/temporal/common/log/with_logger.go:61"}
2025-03-19T11:38:54.112-0400	debug	Frontend method invoked.	{"host": "127.0.0.1:63278", "wf-namespace": "namespace-ec265ab4-426c-4316-a4b3-47fc66311932", "operation": "RespondActivityTaskCompleted", "server-name": "", "cert-thumbprint": "", "logging-call-at": "/Users/shivamsaraf/Desktop/work/temporal/common/log/with_logger.go:61"}
2025-03-19T11:38:54.113-0400	debug	Workflow task updated	{"host": "127.0.0.1:63280", "shard-id": 4, "address": "127.0.0.1:63280", "wf-scheduled-event-id": 876, "wf-started-event-id": 0, "workflow-task-request-id": "emptyUuid", "workflow-task-timeout": 10, "attempt": 1, "wf-started-timestamp": "0001-01-01T00:00:00.000Z", "wt-type": "Normal", "logging-call-at": "/Users/shivamsaraf/Desktop/work/temporal/common/log/with_logger.go:61"}
2025-03-19T11:38:54.113-0400	debug	Assigning new task key	{"host": "127.0.0.1:63280", "shard-id": 4, "address": "127.0.0.1:63280", "wf-namespace-id": "d0b550e3-6091-4a9b-a9aa-3d80ffb24954", "wf-id": "temporal-sys-worker-deployment-version:rrentVersion_Batching-564e9892_deployment_series.rrentVersion_Batching-564e9892_build_id", "wf-run-id": "0195af0e-98a0-7d94-93e5-2a1d2e5942f8", "queue-task-type": "TransferWorkflowTask", "queue-task-id": 1050835, "timestamp": "2025-03-19T15:38:54.113Z", "cursor-timestamp": "2025-03-19T15:38:55.090Z", "logging-call-at": "/Users/shivamsaraf/Desktop/work/temporal/common/log/with_logger.go:61"}
2025-03-19T11:38:54.113-0400	debug	Assigning new task key	{"host": "127.0.0.1:63280", "shard-id": 4, "address": "127.0.0.1:63280", "wf-namespace-id": "d0b550e3-6091-4a9b-a9aa-3d80ffb24954", "wf-id": "temporal-sys-worker-deployment-version:rrentVersion_Batching-564e9892_deployment_series.rrentVersion_Batching-564e9892_build_id", "wf-run-id": "0195af0e-98a0-7d94-93e5-2a1d2e5942f8", "queue-task-type": "WorkflowTaskTimeout", "queue-task-id": 1050836, "timestamp": "2025-03-19T15:38:59.114Z", "cursor-timestamp": "2025-03-19T15:38:55.090Z", "logging-call-at": "/Users/shivamsaraf/Desktop/work/temporal/common/log/with_logger.go:61"}
2025-03-19T11:38:54.118-0400	debug	Process task as active.	{"host": "127.0.0.1:63280", "shard-id": 4, "address": "127.0.0.1:63280", "component": "transfer-queue-processor", "wf-namespace-id": "d0b550e3-6091-4a9b-a9aa-3d80ffb24954", "value": "d0b550e3-6091-4a9b-a9aa-3d80ffb24954/temporal-sys-worker-deployment-version:rrentVersion_Batching-564e9892_deployment_series.rrentVersion_Batching-564e9892_build_id/0195af0e-98a0-7d94-93e5-2a1d2e5942f8", "logging-call-at": "/Users/shivamsaraf/Desktop/work/temporal/common/log/with_logger.go:61"}
2025-03-19T11:38:54.119-0400	debug	Workflow task updated	{"host": "127.0.0.1:63280", "shard-id": 4, "address": "127.0.0.1:63280", "wf-scheduled-event-id": 876, "wf-started-event-id": 877, "workflow-task-request-id": "a661a7a0-ce35-4815-9f47-a67699b2b071", "workflow-task-timeout": 10, "attempt": 1, "wf-started-timestamp": "2025-03-19T15:38:54.119Z", "wt-type": "Normal", "logging-call-at": "/Users/shivamsaraf/Desktop/work/temporal/common/log/with_logger.go:61"}
2025-03-19T11:38:54.119-0400	debug	Assigning new task key	{"host": "127.0.0.1:63280", "shard-id": 4, "address": "127.0.0.1:63280", "wf-namespace-id": "d0b550e3-6091-4a9b-a9aa-3d80ffb24954", "wf-id": "temporal-sys-worker-deployment-version:rrentVersion_Batching-564e9892_deployment_series.rrentVersion_Batching-564e9892_build_id", "wf-run-id": "0195af0e-98a0-7d94-93e5-2a1d2e5942f8", "queue-task-type": "WorkflowTaskTimeout", "queue-task-id": 1050839, "timestamp": "2025-03-19T15:39:04.120Z", "cursor-timestamp": "2025-03-19T15:38:55.117Z", "logging-call-at": "/Users/shivamsaraf/Desktop/work/temporal/common/log/with_logger.go:61"}
----
SyncDeploymentVersionUserData called 1 times
2025-03-19T11:38:54.128-0400	debug	Frontend method invoked.	{"host": "127.0.0.1:63278", "wf-namespace": "namespace-ec265ab4-426c-4316-a4b3-47fc66311932", "operation": "PollWorkflowTaskQueue", "server-name": "", "cert-thumbprint": "", "logging-call-at": "/Users/shivamsaraf/Desktop/work/temporal/common/log/with_logger.go:61"}
2025-03-19T11:38:54.128-0400	debug	ExecuteActivity	{"host": "127.0.0.1:63281", "Namespace": "namespace-ec265ab4-426c-4316-a4b3-47fc66311932", "TaskQueue": "temporal-sys-per-ns-tq", "WorkerID": "temporal-system@Shivams-MacBook-Pro.local@namespace-ec265ab4-426c-4316-a4b3-47fc66311932", "WorkflowType": "temporal-sys-worker-deployment-version-workflow", "WorkflowID": "temporal-sys-worker-deployment-version:rrentVersion_Batching-564e9892_deployment_series.rrentVersion_Batching-564e9892_build_id", "RunID": "0195af0e-98a0-7d94-93e5-2a1d2e5942f8", "Attempt": 0, "ActivityID": "879", "ActivityType": "SyncDeploymentVersionUserData", "logging-call-at": "/Users/shivamsaraf/Desktop/work/temporal/common/log/with_logger.go:61"}
2025-03-19T11:38:54.128-0400	debug	Received PollWorkflowTaskQueue	{"host": "127.0.0.1:63278", "service": "frontend", "logging-call-at": "/Users/shivamsaraf/Desktop/work/temporal/common/log/with_logger.go:61"}
2025-03-19T11:38:54.128-0400	debug	Poll workflow task queue.	{"host": "127.0.0.1:63278", "service": "frontend", "wf-namespace": "namespace-ec265ab4-426c-4316-a4b3-47fc66311932", "wf-namespace-id": "d0b550e3-6091-4a9b-a9aa-3d80ffb24954", "logging-call-at": "/Users/shivamsaraf/Desktop/work/temporal/common/log/with_logger.go:61"}
2025-03-19T11:38:54.128-0400	debug	Frontend method invoked.	{"host": "127.0.0.1:63278", "wf-namespace": "namespace-ec265ab4-426c-4316-a4b3-47fc66311932", "operation": "RespondWorkflowTaskCompleted", "server-name": "", "cert-thumbprint": "", "logging-call-at": "/Users/shivamsaraf/Desktop/work/temporal/common/log/with_logger.go:61"}
2025-03-19T11:38:54.129-0400	debug	Process task as active.	{"host": "127.0.0.1:63280", "shard-id": 1, "address": "127.0.0.1:63280", "component": "timer-queue-processor", "wf-namespace-id": "d0b550e3-6091-4a9b-a9aa-3d80ffb24954", "value": "d0b550e3-6091-4a9b-a9aa-3d80ffb24954/temporal-sys-worker-deployment:rrentVersion_Batching-564e9892_deployment_series/0195af0e-960d-715f-b6c6-08dcdf4b78ec", "logging-call-at": "/Users/shivamsaraf/Desktop/work/temporal/common/log/with_logger.go:61"}
2025-03-19T11:38:54.129-0400	debug	RespondWorkflowTaskCompleted	{"host": "127.0.0.1:63280", "service": "history", "wf-namespace-id": "d0b550e3-6091-4a9b-a9aa-3d80ffb24954", "wf-id": "temporal-sys-worker-deployment-version:rrentVersion_Batching-564e9892_deployment_series.rrentVersion_Batching-564e9892_build_id", "wf-run-id": "0195af0e-98a0-7d94-93e5-2a1d2e5942f8", "wf-scheduled-event-id": 876, "logging-call-at": "/Users/shivamsaraf/Desktop/work/temporal/common/log/with_logger.go:61"}
2025-03-19T11:38:54.129-0400	debug	Workflow task updated	{"host": "127.0.0.1:63280", "shard-id": 4, "address": "127.0.0.1:63280", "wf-scheduled-event-id": 0, "wf-started-event-id": 0, "workflow-task-request-id": "emptyUuid", "workflow-task-timeout": 0, "attempt": 1, "wf-started-timestamp": "1970-01-01T00:00:00.000Z", "wt-type": "Unspecified", "logging-call-at": "/Users/shivamsaraf/Desktop/work/temporal/common/log/with_logger.go:61"}
2025-03-19T11:38:54.129-0400	debug	Assigning new task key	{"host": "127.0.0.1:63280", "shard-id": 4, "address": "127.0.0.1:63280", "wf-namespace-id": "d0b550e3-6091-4a9b-a9aa-3d80ffb24954", "wf-id": "temporal-sys-worker-deployment-version:rrentVersion_Batching-564e9892_deployment_series.rrentVersion_Batching-564e9892_build_id", "wf-run-id": "0195af0e-98a0-7d94-93e5-2a1d2e5942f8", "queue-task-type": "TransferActivityTask", "queue-task-id": 1050844, "timestamp": "2025-03-19T15:38:54.129Z", "cursor-timestamp": "2025-03-19T15:38:55.117Z", "logging-call-at": "/Users/shivamsaraf/Desktop/work/temporal/common/log/with_logger.go:61"}
2025-03-19T11:38:54.133-0400	debug	Process task as active.	{"host": "127.0.0.1:63280", "shard-id": 4, "address": "127.0.0.1:63280", "component": "transfer-queue-processor", "wf-namespace-id": "d0b550e3-6091-4a9b-a9aa-3d80ffb24954", "value": "d0b550e3-6091-4a9b-a9aa-3d80ffb24954/temporal-sys-worker-deployment-version:rrentVersion_Batching-564e9892_deployment_series.rrentVersion_Batching-564e9892_build_id/0195af0e-98a0-7d94-93e5-2a1d2e5942f8", "logging-call-at": "/Users/shivamsaraf/Desktop/work/temporal/common/log/with_logger.go:61"}
2025-03-19T11:38:54.134-0400	debug	Assigning new task key	{"host": "127.0.0.1:63280", "shard-id": 4, "address": "127.0.0.1:63280", "wf-namespace-id": "d0b550e3-6091-4a9b-a9aa-3d80ffb24954", "wf-id": "temporal-sys-worker-deployment-version:rrentVersion_Batching-564e9892_deployment_series.rrentVersion_Batching-564e9892_build_id", "wf-run-id": "0195af0e-98a0-7d94-93e5-2a1d2e5942f8", "queue-task-type": "ActivityTimeout", "queue-task-id": 1050845, "timestamp": "2025-03-19T15:39:54.135Z", "cursor-timestamp": "2025-03-19T15:38:55.132Z", "logging-call-at": "/Users/shivamsaraf/Desktop/work/temporal/common/log/with_logger.go:61"}
2025-03-19T11:38:54.138-0400	info	syncing task queue userdata for deployment version	{"host": "127.0.0.1:63281", "Namespace": "namespace-ec265ab4-426c-4316-a4b3-47fc66311932", "TaskQueue": "temporal-sys-per-ns-tq", "WorkerID": "temporal-system@Shivams-MacBook-Pro.local@namespace-ec265ab4-426c-4316-a4b3-47fc66311932", "ActivityID": "879", "ActivityType": "SyncDeploymentVersionUserData", "Attempt": 1, "WorkflowType": "temporal-sys-worker-deployment-version-workflow", "WorkflowID": "temporal-sys-worker-deployment-version:rrentVersion_Batching-564e9892_deployment_series.rrentVersion_Batching-564e9892_build_id", "RunID": "0195af0e-98a0-7d94-93e5-2a1d2e5942f8", "taskQueue": "rrentVersion_Batching-564e9892_task_queue_34", "types": [1], "logging-call-at": "/Users/shivamsaraf/Desktop/work/temporal/common/log/with_logger.go:66"}
2025-03-19T11:38:54.138-0400	info	syncing task queue userdata for deployment version	{"host": "127.0.0.1:63281", "Namespace": "namespace-ec265ab4-426c-4316-a4b3-47fc66311932", "TaskQueue": "temporal-sys-per-ns-tq", "WorkerID": "temporal-system@Shivams-MacBook-Pro.local@namespace-ec265ab4-426c-4316-a4b3-47fc66311932", "ActivityID": "879", "ActivityType": "SyncDeploymentVersionUserData", "Attempt": 1, "WorkflowType": "temporal-sys-worker-deployment-version-workflow", "WorkflowID": "temporal-sys-worker-deployment-version:rrentVersion_Batching-564e9892_deployment_series.rrentVersion_Batching-564e9892_build_id", "RunID": "0195af0e-98a0-7d94-93e5-2a1d2e5942f8", "taskQueue": "rrentVersion_Batching-564e9892_task_queue_9", "types": [1], "logging-call-at": "/Users/shivamsaraf/Desktop/work/temporal/common/log/with_logger.go:66"}
2025-03-19T11:38:54.138-0400	info	syncing task queue userdata for deployment version	{"host": "127.0.0.1:63281", "Namespace": "namespace-ec265ab4-426c-4316-a4b3-47fc66311932", "TaskQueue": "temporal-sys-per-ns-tq", "WorkerID": "temporal-system@Shivams-MacBook-Pro.local@namespace-ec265ab4-426c-4316-a4b3-47fc66311932", "ActivityID": "879", "ActivityType": "SyncDeploymentVersionUserData", "Attempt": 1, "WorkflowType": "temporal-sys-worker-deployment-version-workflow", "WorkflowID": "temporal-sys-worker-deployment-version:rrentVersion_Batching-564e9892_deployment_series.rrentVersion_Batching-564e9892_build_id", "RunID": "0195af0e-98a0-7d94-93e5-2a1d2e5942f8", "taskQueue": "rrentVersion_Batching-564e9892_task_queue_39", "types": [1], "logging-call-at": "/Users/shivamsaraf/Desktop/work/temporal/common/log/with_logger.go:66"}
2025-03-19T11:38:54.138-0400	info	syncing task queue userdata for deployment version	{"host": "127.0.0.1:63281", "Namespace": "namespace-ec265ab4-426c-4316-a4b3-47fc66311932", "TaskQueue": "temporal-sys-per-ns-tq", "WorkerID": "temporal-system@Shivams-MacBook-Pro.local@namespace-ec265ab4-426c-4316-a4b3-47fc66311932", "ActivityID": "879", "ActivityType": "SyncDeploymentVersionUserData", "Attempt": 1, "WorkflowType": "temporal-sys-worker-deployment-version-workflow", "WorkflowID": "temporal-sys-worker-deployment-version:rrentVersion_Batching-564e9892_deployment_series.rrentVersion_Batching-564e9892_build_id", "RunID": "0195af0e-98a0-7d94-93e5-2a1d2e5942f8", "taskQueue": "rrentVersion_Batching-564e9892_task_queue_47", "types": [1], "logging-call-at": "/Users/shivamsaraf/Desktop/work/temporal/common/log/with_logger.go:66"}
2025-03-19T11:38:54.138-0400	info	syncing task queue userdata for deployment version	{"host": "127.0.0.1:63281", "Namespace": "namespace-ec265ab4-426c-4316-a4b3-47fc66311932", "TaskQueue": "temporal-sys-per-ns-tq", "WorkerID": "temporal-system@Shivams-MacBook-Pro.local@namespace-ec265ab4-426c-4316-a4b3-47fc66311932", "ActivityID": "879", "ActivityType": "SyncDeploymentVersionUserData", "Attempt": 1, "WorkflowType": "temporal-sys-worker-deployment-version-workflow", "WorkflowID": "temporal-sys-worker-deployment-version:rrentVersion_Batching-564e9892_deployment_series.rrentVersion_Batching-564e9892_build_id", "RunID": "0195af0e-98a0-7d94-93e5-2a1d2e5942f8", "taskQueue": "rrentVersion_Batching-564e9892_task_queue_36", "types": [1], "logging-call-at": "/Users/shivamsaraf/Desktop/work/temporal/common/log/with_logger.go:66"}
2025-03-19T11:38:54.138-0400	info	syncing task queue userdata for deployment version	{"host": "127.0.0.1:63281", "Namespace": "namespace-ec265ab4-426c-4316-a4b3-47fc66311932", "TaskQueue": "temporal-sys-per-ns-tq", "WorkerID": "temporal-system@Shivams-MacBook-Pro.local@namespace-ec265ab4-426c-4316-a4b3-47fc66311932", "ActivityID": "879", "ActivityType": "SyncDeploymentVersionUserData", "Attempt": 1, "WorkflowType": "temporal-sys-worker-deployment-version-workflow", "WorkflowID": "temporal-sys-worker-deployment-version:rrentVersion_Batching-564e9892_deployment_series.rrentVersion_Batching-564e9892_build_id", "RunID": "0195af0e-98a0-7d94-93e5-2a1d2e5942f8", "taskQueue": "rrentVersion_Batching-564e9892_task_queue_43", "types": [1], "logging-call-at": "/Users/shivamsaraf/Desktop/work/temporal/common/log/with_logger.go:66"}
2025-03-19T11:38:54.138-0400	info	syncing task queue userdata for deployment version	{"host": "127.0.0.1:63281", "Namespace": "namespace-ec265ab4-426c-4316-a4b3-47fc66311932", "TaskQueue": "temporal-sys-per-ns-tq", "WorkerID": "temporal-system@Shivams-MacBook-Pro.local@namespace-ec265ab4-426c-4316-a4b3-47fc66311932", "ActivityID": "879", "ActivityType": "SyncDeploymentVersionUserData", "Attempt": 1, "WorkflowType": "temporal-sys-worker-deployment-version-workflow", "WorkflowID": "temporal-sys-worker-deployment-version:rrentVersion_Batching-564e9892_deployment_series.rrentVersion_Batching-564e9892_build_id", "RunID": "0195af0e-98a0-7d94-93e5-2a1d2e5942f8", "taskQueue": "rrentVersion_Batching-564e9892_task_queue_35", "types": [1], "logging-call-at": "/Users/shivamsaraf/Desktop/work/temporal/common/log/with_logger.go:66"}
2025-03-19T11:38:54.138-0400	info	syncing task queue userdata for deployment version	{"host": "127.0.0.1:63281", "Namespace": "namespace-ec265ab4-426c-4316-a4b3-47fc66311932", "TaskQueue": "temporal-sys-per-ns-tq", "WorkerID": "temporal-system@Shivams-MacBook-Pro.local@namespace-ec265ab4-426c-4316-a4b3-47fc66311932", "ActivityID": "879", "ActivityType": "SyncDeploymentVersionUserData", "Attempt": 1, "WorkflowType": "temporal-sys-worker-deployment-version-workflow", "WorkflowID": "temporal-sys-worker-deployment-version:rrentVersion_Batching-564e9892_deployment_series.rrentVersion_Batching-564e9892_build_id", "RunID": "0195af0e-98a0-7d94-93e5-2a1d2e5942f8", "taskQueue": "rrentVersion_Batching-564e9892_task_queue_31", "types": [1], "logging-call-at": "/Users/shivamsaraf/Desktop/work/temporal/common/log/with_logger.go:66"}
2025-03-19T11:38:54.138-0400	info	syncing task queue userdata for deployment version	{"host": "127.0.0.1:63281", "Namespace": "namespace-ec265ab4-426c-4316-a4b3-47fc66311932", "TaskQueue": "temporal-sys-per-ns-tq", "WorkerID": "temporal-system@Shivams-MacBook-Pro.local@namespace-ec265ab4-426c-4316-a4b3-47fc66311932", "ActivityID": "879", "ActivityType": "SyncDeploymentVersionUserData", "Attempt": 1, "WorkflowType": "temporal-sys-worker-deployment-version-workflow", "WorkflowID": "temporal-sys-worker-deployment-version:rrentVersion_Batching-564e9892_deployment_series.rrentVersion_Batching-564e9892_build_id", "RunID": "0195af0e-98a0-7d94-93e5-2a1d2e5942f8", "taskQueue": "rrentVersion_Batching-564e9892_task_queue_38", "types": [1], "logging-call-at": "/Users/shivamsaraf/Desktop/work/temporal/common/log/with_logger.go:66"}
2025-03-19T11:38:54.138-0400	info	syncing task queue userdata for deployment version	{"host": "127.0.0.1:63281", "Namespace": "namespace-ec265ab4-426c-4316-a4b3-47fc66311932", "TaskQueue": "temporal-sys-per-ns-tq", "WorkerID": "temporal-system@Shivams-MacBook-Pro.local@namespace-ec265ab4-426c-4316-a4b3-47fc66311932", "ActivityID": "879", "ActivityType": "SyncDeploymentVersionUserData", "Attempt": 1, "WorkflowType": "temporal-sys-worker-deployment-version-workflow", "WorkflowID": "temporal-sys-worker-deployment-version:rrentVersion_Batching-564e9892_deployment_series.rrentVersion_Batching-564e9892_build_id", "RunID": "0195af0e-98a0-7d94-93e5-2a1d2e5942f8", "taskQueue": "rrentVersion_Batching-564e9892_task_queue_8", "types": [1], "logging-call-at": "/Users/shivamsaraf/Desktop/work/temporal/common/log/with_logger.go:66"}
2025-03-19T11:38:54.138-0400	info	syncing task queue userdata for deployment version	{"host": "127.0.0.1:63281", "Namespace": "namespace-ec265ab4-426c-4316-a4b3-47fc66311932", "TaskQueue": "temporal-sys-per-ns-tq", "WorkerID": "temporal-system@Shivams-MacBook-Pro.local@namespace-ec265ab4-426c-4316-a4b3-47fc66311932", "ActivityID": "879", "ActivityType": "SyncDeploymentVersionUserData", "Attempt": 1, "WorkflowType": "temporal-sys-worker-deployment-version-workflow", "WorkflowID": "temporal-sys-worker-deployment-version:rrentVersion_Batching-564e9892_deployment_series.rrentVersion_Batching-564e9892_build_id", "RunID": "0195af0e-98a0-7d94-93e5-2a1d2e5942f8", "taskQueue": "rrentVersion_Batching-564e9892_task_queue_46", "types": [1], "logging-call-at": "/Users/shivamsaraf/Desktop/work/temporal/common/log/with_logger.go:66"}
2025-03-19T11:38:54.138-0400	info	syncing task queue userdata for deployment version	{"host": "127.0.0.1:63281", "Namespace": "namespace-ec265ab4-426c-4316-a4b3-47fc66311932", "TaskQueue": "temporal-sys-per-ns-tq", "WorkerID": "temporal-system@Shivams-MacBook-Pro.local@namespace-ec265ab4-426c-4316-a4b3-47fc66311932", "ActivityID": "879", "ActivityType": "SyncDeploymentVersionUserData", "Attempt": 1, "WorkflowType": "temporal-sys-worker-deployment-version-workflow", "WorkflowID": "temporal-sys-worker-deployment-version:rrentVersion_Batching-564e9892_deployment_series.rrentVersion_Batching-564e9892_build_id", "RunID": "0195af0e-98a0-7d94-93e5-2a1d2e5942f8", "taskQueue": "rrentVersion_Batching-564e9892_task_queue_37", "types": [1], "logging-call-at": "/Users/shivamsaraf/Desktop/work/temporal/common/log/with_logger.go:66"}
2025-03-19T11:38:54.138-0400	info	syncing task queue userdata for deployment version	{"host": "127.0.0.1:63281", "Namespace": "namespace-ec265ab4-426c-4316-a4b3-47fc66311932", "TaskQueue": "temporal-sys-per-ns-tq", "WorkerID": "temporal-system@Shivams-MacBook-Pro.local@namespace-ec265ab4-426c-4316-a4b3-47fc66311932", "ActivityID": "879", "ActivityType": "SyncDeploymentVersionUserData", "Attempt": 1, "WorkflowType": "temporal-sys-worker-deployment-version-workflow", "WorkflowID": "temporal-sys-worker-deployment-version:rrentVersion_Batching-564e9892_deployment_series.rrentVersion_Batching-564e9892_build_id", "RunID": "0195af0e-98a0-7d94-93e5-2a1d2e5942f8", "taskQueue": "rrentVersion_Batching-564e9892_task_queue_7", "types": [1], "logging-call-at": "/Users/shivamsaraf/Desktop/work/temporal/common/log/with_logger.go:66"}
2025-03-19T11:38:54.138-0400	info	syncing task queue userdata for deployment version	{"host": "127.0.0.1:63281", "Namespace": "namespace-ec265ab4-426c-4316-a4b3-47fc66311932", "TaskQueue": "temporal-sys-per-ns-tq", "WorkerID": "temporal-system@Shivams-MacBook-Pro.local@namespace-ec265ab4-426c-4316-a4b3-47fc66311932", "ActivityID": "879", "ActivityType": "SyncDeploymentVersionUserData", "Attempt": 1, "WorkflowType": "temporal-sys-worker-deployment-version-workflow", "WorkflowID": "temporal-sys-worker-deployment-version:rrentVersion_Batching-564e9892_deployment_series.rrentVersion_Batching-564e9892_build_id", "RunID": "0195af0e-98a0-7d94-93e5-2a1d2e5942f8", "taskQueue": "rrentVersion_Batching-564e9892_task_queue_45", "types": [1], "logging-call-at": "/Users/shivamsaraf/Desktop/work/temporal/common/log/with_logger.go:66"}
2025-03-19T11:38:54.138-0400	info	syncing task queue userdata for deployment version	{"host": "127.0.0.1:63281", "Namespace": "namespace-ec265ab4-426c-4316-a4b3-47fc66311932", "TaskQueue": "temporal-sys-per-ns-tq", "WorkerID": "temporal-system@Shivams-MacBook-Pro.local@namespace-ec265ab4-426c-4316-a4b3-47fc66311932", "ActivityID": "879", "ActivityType": "SyncDeploymentVersionUserData", "Attempt": 1, "WorkflowType": "temporal-sys-worker-deployment-version-workflow", "WorkflowID": "temporal-sys-worker-deployment-version:rrentVersion_Batching-564e9892_deployment_series.rrentVersion_Batching-564e9892_build_id", "RunID": "0195af0e-98a0-7d94-93e5-2a1d2e5942f8", "taskQueue": "rrentVersion_Batching-564e9892_task_queue_40", "types": [1], "logging-call-at": "/Users/shivamsaraf/Desktop/work/temporal/common/log/with_logger.go:66"}
2025-03-19T11:38:54.138-0400	info	syncing task queue userdata for deployment version	{"host": "127.0.0.1:63281", "Namespace": "namespace-ec265ab4-426c-4316-a4b3-47fc66311932", "TaskQueue": "temporal-sys-per-ns-tq", "WorkerID": "temporal-system@Shivams-MacBook-Pro.local@namespace-ec265ab4-426c-4316-a4b3-47fc66311932", "ActivityID": "879", "ActivityType": "SyncDeploymentVersionUserData", "Attempt": 1, "WorkflowType": "temporal-sys-worker-deployment-version-workflow", "WorkflowID": "temporal-sys-worker-deployment-version:rrentVersion_Batching-564e9892_deployment_series.rrentVersion_Batching-564e9892_build_id", "RunID": "0195af0e-98a0-7d94-93e5-2a1d2e5942f8", "taskQueue": "rrentVersion_Batching-564e9892_task_queue_6", "types": [1], "logging-call-at": "/Users/shivamsaraf/Desktop/work/temporal/common/log/with_logger.go:66"}
2025-03-19T11:38:54.138-0400	info	syncing task queue userdata for deployment version	{"host": "127.0.0.1:63281", "Namespace": "namespace-ec265ab4-426c-4316-a4b3-47fc66311932", "TaskQueue": "temporal-sys-per-ns-tq", "WorkerID": "temporal-system@Shivams-MacBook-Pro.local@namespace-ec265ab4-426c-4316-a4b3-47fc66311932", "ActivityID": "879", "ActivityType": "SyncDeploymentVersionUserData", "Attempt": 1, "WorkflowType": "temporal-sys-worker-deployment-version-workflow", "WorkflowID": "temporal-sys-worker-deployment-version:rrentVersion_Batching-564e9892_deployment_series.rrentVersion_Batching-564e9892_build_id", "RunID": "0195af0e-98a0-7d94-93e5-2a1d2e5942f8", "taskQueue": "rrentVersion_Batching-564e9892_task_queue_48", "types": [1], "logging-call-at": "/Users/shivamsaraf/Desktop/work/temporal/common/log/with_logger.go:66"}
2025-03-19T11:38:54.138-0400	info	syncing task queue userdata for deployment version	{"host": "127.0.0.1:63281", "Namespace": "namespace-ec265ab4-426c-4316-a4b3-47fc66311932", "TaskQueue": "temporal-sys-per-ns-tq", "WorkerID": "temporal-system@Shivams-MacBook-Pro.local@namespace-ec265ab4-426c-4316-a4b3-47fc66311932", "ActivityID": "879", "ActivityType": "SyncDeploymentVersionUserData", "Attempt": 1, "WorkflowType": "temporal-sys-worker-deployment-version-workflow", "WorkflowID": "temporal-sys-worker-deployment-version:rrentVersion_Batching-564e9892_deployment_series.rrentVersion_Batching-564e9892_build_id", "RunID": "0195af0e-98a0-7d94-93e5-2a1d2e5942f8", "taskQueue": "rrentVersion_Batching-564e9892_task_queue_4", "types": [1], "logging-call-at": "/Users/shivamsaraf/Desktop/work/temporal/common/log/with_logger.go:66"}
2025-03-19T11:38:54.138-0400	info	syncing task queue userdata for deployment version	{"host": "127.0.0.1:63281", "Namespace": "namespace-ec265ab4-426c-4316-a4b3-47fc66311932", "TaskQueue": "temporal-sys-per-ns-tq", "WorkerID": "temporal-system@Shivams-MacBook-Pro.local@namespace-ec265ab4-426c-4316-a4b3-47fc66311932", "ActivityID": "879", "ActivityType": "SyncDeploymentVersionUserData", "Attempt": 1, "WorkflowType": "temporal-sys-worker-deployment-version-workflow", "WorkflowID": "temporal-sys-worker-deployment-version:rrentVersion_Batching-564e9892_deployment_series.rrentVersion_Batching-564e9892_build_id", "RunID": "0195af0e-98a0-7d94-93e5-2a1d2e5942f8", "taskQueue": "rrentVersion_Batching-564e9892_task_queue_33", "types": [1], "logging-call-at": "/Users/shivamsaraf/Desktop/work/temporal/common/log/with_logger.go:66"}
2025-03-19T11:38:54.138-0400	info	syncing task queue userdata for deployment version	{"host": "127.0.0.1:63281", "Namespace": "namespace-ec265ab4-426c-4316-a4b3-47fc66311932", "TaskQueue": "temporal-sys-per-ns-tq", "WorkerID": "temporal-system@Shivams-MacBook-Pro.local@namespace-ec265ab4-426c-4316-a4b3-47fc66311932", "ActivityID": "879", "ActivityType": "SyncDeploymentVersionUserData", "Attempt": 1, "WorkflowType": "temporal-sys-worker-deployment-version-workflow", "WorkflowID": "temporal-sys-worker-deployment-version:rrentVersion_Batching-564e9892_deployment_series.rrentVersion_Batching-564e9892_build_id", "RunID": "0195af0e-98a0-7d94-93e5-2a1d2e5942f8", "taskQueue": "rrentVersion_Batching-564e9892_task_queue_32", "types": [1], "logging-call-at": "/Users/shivamsaraf/Desktop/work/temporal/common/log/with_logger.go:66"}
2025-03-19T11:38:54.138-0400	info	syncing task queue userdata for deployment version	{"host": "127.0.0.1:63281", "Namespace": "namespace-ec265ab4-426c-4316-a4b3-47fc66311932", "TaskQueue": "temporal-sys-per-ns-tq", "WorkerID": "temporal-system@Shivams-MacBook-Pro.local@namespace-ec265ab4-426c-4316-a4b3-47fc66311932", "ActivityID": "879", "ActivityType": "SyncDeploymentVersionUserData", "Attempt": 1, "WorkflowType": "temporal-sys-worker-deployment-version-workflow", "WorkflowID": "temporal-sys-worker-deployment-version:rrentVersion_Batching-564e9892_deployment_series.rrentVersion_Batching-564e9892_build_id", "RunID": "0195af0e-98a0-7d94-93e5-2a1d2e5942f8", "taskQueue": "rrentVersion_Batching-564e9892_task_queue_49", "types": [1], "logging-call-at": "/Users/shivamsaraf/Desktop/work/temporal/common/log/with_logger.go:66"}
2025-03-19T11:38:54.138-0400	info	syncing task queue userdata for deployment version	{"host": "127.0.0.1:63281", "Namespace": "namespace-ec265ab4-426c-4316-a4b3-47fc66311932", "TaskQueue": "temporal-sys-per-ns-tq", "WorkerID": "temporal-system@Shivams-MacBook-Pro.local@namespace-ec265ab4-426c-4316-a4b3-47fc66311932", "ActivityID": "879", "ActivityType": "SyncDeploymentVersionUserData", "Attempt": 1, "WorkflowType": "temporal-sys-worker-deployment-version-workflow", "WorkflowID": "temporal-sys-worker-deployment-version:rrentVersion_Batching-564e9892_deployment_series.rrentVersion_Batching-564e9892_build_id", "RunID": "0195af0e-98a0-7d94-93e5-2a1d2e5942f8", "taskQueue": "rrentVersion_Batching-564e9892_task_queue_44", "types": [1], "logging-call-at": "/Users/shivamsaraf/Desktop/work/temporal/common/log/with_logger.go:66"}
2025-03-19T11:38:54.138-0400	debug	Frontend method invoked.	{"host": "127.0.0.1:63278", "wf-namespace": "namespace-ec265ab4-426c-4316-a4b3-47fc66311932", "operation": "PollActivityTaskQueue", "server-name": "", "cert-thumbprint": "", "logging-call-at": "/Users/shivamsaraf/Desktop/work/temporal/common/log/with_logger.go:61"}
2025-03-19T11:38:54.138-0400	info	syncing task queue userdata for deployment version	{"host": "127.0.0.1:63281", "Namespace": "namespace-ec265ab4-426c-4316-a4b3-47fc66311932", "TaskQueue": "temporal-sys-per-ns-tq", "WorkerID": "temporal-system@Shivams-MacBook-Pro.local@namespace-ec265ab4-426c-4316-a4b3-47fc66311932", "ActivityID": "879", "ActivityType": "SyncDeploymentVersionUserData", "Attempt": 1, "WorkflowType": "temporal-sys-worker-deployment-version-workflow", "WorkflowID": "temporal-sys-worker-deployment-version:rrentVersion_Batching-564e9892_deployment_series.rrentVersion_Batching-564e9892_build_id", "RunID": "0195af0e-98a0-7d94-93e5-2a1d2e5942f8", "taskQueue": "rrentVersion_Batching-564e9892_task_queue_41", "types": [1], "logging-call-at": "/Users/shivamsaraf/Desktop/work/temporal/common/log/with_logger.go:66"}
2025-03-19T11:38:54.138-0400	info	syncing task queue userdata for deployment version	{"host": "127.0.0.1:63281", "Namespace": "namespace-ec265ab4-426c-4316-a4b3-47fc66311932", "TaskQueue": "temporal-sys-per-ns-tq", "WorkerID": "temporal-system@Shivams-MacBook-Pro.local@namespace-ec265ab4-426c-4316-a4b3-47fc66311932", "ActivityID": "879", "ActivityType": "SyncDeploymentVersionUserData", "Attempt": 1, "WorkflowType": "temporal-sys-worker-deployment-version-workflow", "WorkflowID": "temporal-sys-worker-deployment-version:rrentVersion_Batching-564e9892_deployment_series.rrentVersion_Batching-564e9892_build_id", "RunID": "0195af0e-98a0-7d94-93e5-2a1d2e5942f8", "taskQueue": "rrentVersion_Batching-564e9892_task_queue_42", "types": [1], "logging-call-at": "/Users/shivamsaraf/Desktop/work/temporal/common/log/with_logger.go:66"}
2025-03-19T11:38:54.138-0400	info	syncing task queue userdata for deployment version	{"host": "127.0.0.1:63281", "Namespace": "namespace-ec265ab4-426c-4316-a4b3-47fc66311932", "TaskQueue": "temporal-sys-per-ns-tq", "WorkerID": "temporal-system@Shivams-MacBook-Pro.local@namespace-ec265ab4-426c-4316-a4b3-47fc66311932", "ActivityID": "879", "ActivityType": "SyncDeploymentVersionUserData", "Attempt": 1, "WorkflowType": "temporal-sys-worker-deployment-version-workflow", "WorkflowID": "temporal-sys-worker-deployment-version:rrentVersion_Batching-564e9892_deployment_series.rrentVersion_Batching-564e9892_build_id", "RunID": "0195af0e-98a0-7d94-93e5-2a1d2e5942f8", "taskQueue": "rrentVersion_Batching-564e9892_task_queue_5", "types": [1], "logging-call-at": "/Users/shivamsaraf/Desktop/work/temporal/common/log/with_logger.go:66"}
2025-03-19T11:38:54.138-0400	debug	Received PollActivityTaskQueue	{"host": "127.0.0.1:63278", "service": "frontend", "logging-call-at": "/Users/shivamsaraf/Desktop/work/temporal/common/log/with_logger.go:61"}
2025-03-19T11:38:54.186-0400	debug	Process task as active.	{"host": "127.0.0.1:63280", "shard-id": 1, "address": "127.0.0.1:63280", "component": "timer-queue-processor", "wf-namespace-id": "d0b550e3-6091-4a9b-a9aa-3d80ffb24954", "value": "d0b550e3-6091-4a9b-a9aa-3d80ffb24954/temporal-sys-worker-deployment:rrentVersion_Batching-564e9892_deployment_series/0195af0e-960d-715f-b6c6-08dcdf4b78ec", "logging-call-at": "/Users/shivamsaraf/Desktop/work/temporal/common/log/with_logger.go:61"}
2025-03-19T11:38:54.252-0400	info	modified user data	{"host": "127.0.0.1:63279", "component": "matching-engine", "wf-task-queue-name": "rrentVersion_Batching-564e9892_task_queue_43", "wf-task-queue-type": "Workflow", "wf-namespace": "namespace-ec265ab4-426c-4316-a4b3-47fc66311932", "user-data-update-source": "SyncDeploymentUserData", "user-data-version": 2, "timestamp": "2025-03-19T15:38:54.139Z", "logging-call-at": "/Users/shivamsaraf/Desktop/work/temporal/common/log/with_logger.go:66"}
2025-03-19T11:38:54.252-0400	info	modified user data	{"host": "127.0.0.1:63279", "component": "matching-engine", "wf-task-queue-name": "rrentVersion_Batching-564e9892_task_queue_36", "wf-task-queue-type": "Workflow", "wf-namespace": "namespace-ec265ab4-426c-4316-a4b3-47fc66311932", "user-data-update-source": "SyncDeploymentUserData", "user-data-version": 2, "timestamp": "2025-03-19T15:38:54.139Z", "logging-call-at": "/Users/shivamsaraf/Desktop/work/temporal/common/log/with_logger.go:66"}
2025-03-19T11:38:54.252-0400	debug	user data changed while blocked in long poll	{"host": "127.0.0.1:63279", "component": "matching-engine", "wf-task-queue-name": "rrentVersion_Batching-564e9892_task_queue_43", "wf-task-queue-type": "Workflow", "wf-namespace": "namespace-ec265ab4-426c-4316-a4b3-47fc66311932", "logging-call-at": "/Users/shivamsaraf/Desktop/work/temporal/common/log/with_logger.go:61"}
2025-03-19T11:38:54.252-0400	info	modified user data	{"host": "127.0.0.1:63279", "component": "matching-engine", "wf-task-queue-name": "rrentVersion_Batching-564e9892_task_queue_34", "wf-task-queue-type": "Workflow", "wf-namespace": "namespace-ec265ab4-426c-4316-a4b3-47fc66311932", "user-data-update-source": "SyncDeploymentUserData", "user-data-version": 2, "timestamp": "2025-03-19T15:38:54.139Z", "logging-call-at": "/Users/shivamsaraf/Desktop/work/temporal/common/log/with_logger.go:66"}
2025-03-19T11:38:54.252-0400	debug	user data changed while blocked in long poll	{"host": "127.0.0.1:63279", "component": "matching-engine", "wf-task-queue-name": "rrentVersion_Batching-564e9892_task_queue_36", "wf-task-queue-type": "Workflow", "wf-namespace": "namespace-ec265ab4-426c-4316-a4b3-47fc66311932", "logging-call-at": "/Users/shivamsaraf/Desktop/work/temporal/common/log/with_logger.go:61"}
2025-03-19T11:38:54.252-0400	debug	user data changed while blocked in long poll	{"host": "127.0.0.1:63279", "component": "matching-engine", "wf-task-queue-name": "rrentVersion_Batching-564e9892_task_queue_43", "wf-task-queue-type": "Workflow", "wf-namespace": "namespace-ec265ab4-426c-4316-a4b3-47fc66311932", "logging-call-at": "/Users/shivamsaraf/Desktop/work/temporal/common/log/with_logger.go:61"}
2025-03-19T11:38:54.252-0400	info	modified user data	{"host": "127.0.0.1:63279", "component": "matching-engine", "wf-task-queue-name": "rrentVersion_Batching-564e9892_task_queue_9", "wf-task-queue-type": "Workflow", "wf-namespace": "namespace-ec265ab4-426c-4316-a4b3-47fc66311932", "user-data-update-source": "SyncDeploymentUserData", "user-data-version": 2, "timestamp": "2025-03-19T15:38:54.139Z", "logging-call-at": "/Users/shivamsaraf/Desktop/work/temporal/common/log/with_logger.go:66"}
2025-03-19T11:38:54.252-0400	info	returning user data	{"host": "127.0.0.1:63279", "component": "matching-engine", "wf-task-queue-name": "rrentVersion_Batching-564e9892_task_queue_36", "wf-task-queue-type": "Workflow", "wf-namespace": "namespace-ec265ab4-426c-4316-a4b3-47fc66311932", "long-poll": true, "request-known-version": 1, "user-data-version": 2, "logging-call-at": "/Users/shivamsaraf/Desktop/work/temporal/common/log/with_logger.go:66"}
2025-03-19T11:38:54.252-0400	info	returning user data	{"host": "127.0.0.1:63279", "component": "matching-engine", "wf-task-queue-name": "rrentVersion_Batching-564e9892_task_queue_43", "wf-task-queue-type": "Workflow", "wf-namespace": "namespace-ec265ab4-426c-4316-a4b3-47fc66311932", "long-poll": true, "request-known-version": 1, "user-data-version": 2, "logging-call-at": "/Users/shivamsaraf/Desktop/work/temporal/common/log/with_logger.go:66"}
2025-03-19T11:38:54.252-0400	debug	user data changed while blocked in long poll	{"host": "127.0.0.1:63279", "component": "matching-engine", "wf-task-queue-name": "rrentVersion_Batching-564e9892_task_queue_34", "wf-task-queue-type": "Workflow", "wf-namespace": "namespace-ec265ab4-426c-4316-a4b3-47fc66311932", "logging-call-at": "/Users/shivamsaraf/Desktop/work/temporal/common/log/with_logger.go:61"}
2025-03-19T11:38:54.252-0400	info	modified user data	{"host": "127.0.0.1:63279", "component": "matching-engine", "wf-task-queue-name": "rrentVersion_Batching-564e9892_task_queue_37", "wf-task-queue-type": "Workflow", "wf-namespace": "namespace-ec265ab4-426c-4316-a4b3-47fc66311932", "user-data-update-source": "SyncDeploymentUserData", "user-data-version": 2, "timestamp": "2025-03-19T15:38:54.140Z", "logging-call-at": "/Users/shivamsaraf/Desktop/work/temporal/common/log/with_logger.go:66"}
2025-03-19T11:38:54.252-0400	debug	user data changed while blocked in long poll	{"host": "127.0.0.1:63279", "component": "matching-engine", "wf-task-queue-name": "rrentVersion_Batching-564e9892_task_queue_43", "wf-task-queue-type": "Workflow", "wf-namespace": "namespace-ec265ab4-426c-4316-a4b3-47fc66311932", "logging-call-at": "/Users/shivamsaraf/Desktop/work/temporal/common/log/with_logger.go:61"}
2025-03-19T11:38:54.253-0400	info	returning user data	{"host": "127.0.0.1:63279", "component": "matching-engine", "wf-task-queue-name": "rrentVersion_Batching-564e9892_task_queue_34", "wf-task-queue-type": "Workflow", "wf-namespace": "namespace-ec265ab4-426c-4316-a4b3-47fc66311932", "long-poll": true, "request-known-version": 1, "user-data-version": 2, "logging-call-at": "/Users/shivamsaraf/Desktop/work/temporal/common/log/with_logger.go:66"}
2025-03-19T11:38:54.253-0400	info	modified user data	{"host": "127.0.0.1:63279", "component": "matching-engine", "wf-task-queue-name": "rrentVersion_Batching-564e9892_task_queue_46", "wf-task-queue-type": "Workflow", "wf-namespace": "namespace-ec265ab4-426c-4316-a4b3-47fc66311932", "user-data-update-source": "SyncDeploymentUserData", "user-data-version": 2, "timestamp": "2025-03-19T15:38:54.140Z", "logging-call-at": "/Users/shivamsaraf/Desktop/work/temporal/common/log/with_logger.go:66"}
2025-03-19T11:38:54.252-0400	debug	user data changed while blocked in long poll	{"host": "127.0.0.1:63279", "component": "matching-engine", "wf-task-queue-name": "rrentVersion_Batching-564e9892_task_queue_36", "wf-task-queue-type": "Workflow", "wf-namespace": "namespace-ec265ab4-426c-4316-a4b3-47fc66311932", "logging-call-at": "/Users/shivamsaraf/Desktop/work/temporal/common/log/with_logger.go:61"}
2025-03-19T11:38:54.253-0400	info	returning user data	{"host": "127.0.0.1:63279", "component": "matching-engine", "wf-task-queue-name": "rrentVersion_Batching-564e9892_task_queue_43", "wf-task-queue-type": "Workflow", "wf-namespace": "namespace-ec265ab4-426c-4316-a4b3-47fc66311932", "long-poll": true, "request-known-version": 1, "user-data-version": 2, "logging-call-at": "/Users/shivamsaraf/Desktop/work/temporal/common/log/with_logger.go:66"}
2025-03-19T11:38:54.253-0400	info	modified user data	{"host": "127.0.0.1:63279", "component": "matching-engine", "wf-task-queue-name": "rrentVersion_Batching-564e9892_task_queue_5", "wf-task-queue-type": "Workflow", "wf-namespace": "namespace-ec265ab4-426c-4316-a4b3-47fc66311932", "user-data-update-source": "SyncDeploymentUserData", "user-data-version": 2, "timestamp": "2025-03-19T15:38:54.140Z", "logging-call-at": "/Users/shivamsaraf/Desktop/work/temporal/common/log/with_logger.go:66"}
2025-03-19T11:38:54.253-0400	info	returning user data	{"host": "127.0.0.1:63279", "component": "matching-engine", "wf-task-queue-name": "rrentVersion_Batching-564e9892_task_queue_36", "wf-task-queue-type": "Workflow", "wf-namespace": "namespace-ec265ab4-426c-4316-a4b3-47fc66311932", "long-poll": true, "request-known-version": 1, "user-data-version": 2, "logging-call-at": "/Users/shivamsaraf/Desktop/work/temporal/common/log/with_logger.go:66"}
2025-03-19T11:38:54.253-0400	debug	user data changed while blocked in long poll	{"host": "127.0.0.1:63279", "component": "matching-engine", "wf-task-queue-name": "rrentVersion_Batching-564e9892_task_queue_9", "wf-task-queue-type": "Workflow", "wf-namespace": "namespace-ec265ab4-426c-4316-a4b3-47fc66311932", "logging-call-at": "/Users/shivamsaraf/Desktop/work/temporal/common/log/with_logger.go:61"}
2025-03-19T11:38:54.252-0400	info	returning user data	{"host": "127.0.0.1:63279", "component": "matching-engine", "wf-task-queue-name": "rrentVersion_Batching-564e9892_task_queue_43", "wf-task-queue-type": "Workflow", "wf-namespace": "namespace-ec265ab4-426c-4316-a4b3-47fc66311932", "long-poll": true, "request-known-version": 1, "user-data-version": 2, "logging-call-at": "/Users/shivamsaraf/Desktop/work/temporal/common/log/with_logger.go:66"}
2025-03-19T11:38:54.252-0400	debug	user data changed while blocked in long poll	{"host": "127.0.0.1:63279", "component": "matching-engine", "wf-task-queue-name": "rrentVersion_Batching-564e9892_task_queue_34", "wf-task-queue-type": "Workflow", "wf-namespace": "namespace-ec265ab4-426c-4316-a4b3-47fc66311932", "logging-call-at": "/Users/shivamsaraf/Desktop/work/temporal/common/log/with_logger.go:61"}
2025-03-19T11:38:54.253-0400	debug	user data changed while blocked in long poll	{"host": "127.0.0.1:63279", "component": "matching-engine", "wf-task-queue-name": "rrentVersion_Batching-564e9892_task_queue_5", "wf-task-queue-type": "Workflow", "wf-namespace": "namespace-ec265ab4-426c-4316-a4b3-47fc66311932", "logging-call-at": "/Users/shivamsaraf/Desktop/work/temporal/common/log/with_logger.go:61"}
2025-03-19T11:38:54.253-0400	debug	user data changed while blocked in long poll	{"host": "127.0.0.1:63279", "component": "matching-engine", "wf-task-queue-name": "rrentVersion_Batching-564e9892_task_queue_9", "wf-task-queue-type": "Workflow", "wf-namespace": "namespace-ec265ab4-426c-4316-a4b3-47fc66311932", "logging-call-at": "/Users/shivamsaraf/Desktop/work/temporal/common/log/with_logger.go:61"}
2025-03-19T11:38:54.253-0400	debug	user data changed while blocked in long poll	{"host": "127.0.0.1:63279", "component": "matching-engine", "wf-task-queue-name": "rrentVersion_Batching-564e9892_task_queue_9", "wf-task-queue-type": "Workflow", "wf-namespace": "namespace-ec265ab4-426c-4316-a4b3-47fc66311932", "logging-call-at": "/Users/shivamsaraf/Desktop/work/temporal/common/log/with_logger.go:61"}
2025-03-19T11:38:54.253-0400	debug	user data changed while blocked in long poll	{"host": "127.0.0.1:63279", "component": "matching-engine", "wf-task-queue-name": "rrentVersion_Batching-564e9892_task_queue_37", "wf-task-queue-type": "Workflow", "wf-namespace": "namespace-ec265ab4-426c-4316-a4b3-47fc66311932", "logging-call-at": "/Users/shivamsaraf/Desktop/work/temporal/common/log/with_logger.go:61"}
2025-03-19T11:38:54.253-0400	info	returning user data	{"host": "127.0.0.1:63279", "component": "matching-engine", "wf-task-queue-name": "rrentVersion_Batching-564e9892_task_queue_34", "wf-task-queue-type": "Workflow", "wf-namespace": "namespace-ec265ab4-426c-4316-a4b3-47fc66311932", "long-poll": true, "request-known-version": 1, "user-data-version": 2, "logging-call-at": "/Users/shivamsaraf/Desktop/work/temporal/common/log/with_logger.go:66"}
2025-03-19T11:38:54.253-0400	info	returning user data	{"host": "127.0.0.1:63279", "component": "matching-engine", "wf-task-queue-name": "rrentVersion_Batching-564e9892_task_queue_5", "wf-task-queue-type": "Workflow", "wf-namespace": "namespace-ec265ab4-426c-4316-a4b3-47fc66311932", "long-poll": true, "request-known-version": 1, "user-data-version": 2, "logging-call-at": "/Users/shivamsaraf/Desktop/work/temporal/common/log/with_logger.go:66"}
2025-03-19T11:38:54.253-0400	debug	user data changed while blocked in long poll	{"host": "127.0.0.1:63279", "component": "matching-engine", "wf-task-queue-name": "rrentVersion_Batching-564e9892_task_queue_5", "wf-task-queue-type": "Workflow", "wf-namespace": "namespace-ec265ab4-426c-4316-a4b3-47fc66311932", "logging-call-at": "/Users/shivamsaraf/Desktop/work/temporal/common/log/with_logger.go:61"}
2025-03-19T11:38:54.253-0400	info	returning user data	{"host": "127.0.0.1:63279", "component": "matching-engine", "wf-task-queue-name": "rrentVersion_Batching-564e9892_task_queue_9", "wf-task-queue-type": "Workflow", "wf-namespace": "namespace-ec265ab4-426c-4316-a4b3-47fc66311932", "long-poll": true, "request-known-version": 1, "user-data-version": 2, "logging-call-at": "/Users/shivamsaraf/Desktop/work/temporal/common/log/with_logger.go:66"}
2025-03-19T11:38:54.253-0400	info	returning user data	{"host": "127.0.0.1:63279", "component": "matching-engine", "wf-task-queue-name": "rrentVersion_Batching-564e9892_task_queue_37", "wf-task-queue-type": "Workflow", "wf-namespace": "namespace-ec265ab4-426c-4316-a4b3-47fc66311932", "long-poll": true, "request-known-version": 1, "user-data-version": 2, "logging-call-at": "/Users/shivamsaraf/Desktop/work/temporal/common/log/with_logger.go:66"}
2025-03-19T11:38:54.253-0400	debug	user data changed while blocked in long poll	{"host": "127.0.0.1:63279", "component": "matching-engine", "wf-task-queue-name": "rrentVersion_Batching-564e9892_task_queue_46", "wf-task-queue-type": "Workflow", "wf-namespace": "namespace-ec265ab4-426c-4316-a4b3-47fc66311932", "logging-call-at": "/Users/shivamsaraf/Desktop/work/temporal/common/log/with_logger.go:61"}
2025-03-19T11:38:54.253-0400	info	returning user data	{"host": "127.0.0.1:63279", "component": "matching-engine", "wf-task-queue-name": "rrentVersion_Batching-564e9892_task_queue_5", "wf-task-queue-type": "Workflow", "wf-namespace": "namespace-ec265ab4-426c-4316-a4b3-47fc66311932", "long-poll": true, "request-known-version": 1, "user-data-version": 2, "logging-call-at": "/Users/shivamsaraf/Desktop/work/temporal/common/log/with_logger.go:66"}
2025-03-19T11:38:54.253-0400	info	returning user data	{"host": "127.0.0.1:63279", "component": "matching-engine", "wf-task-queue-name": "rrentVersion_Batching-564e9892_task_queue_9", "wf-task-queue-type": "Workflow", "wf-namespace": "namespace-ec265ab4-426c-4316-a4b3-47fc66311932", "long-poll": true, "request-known-version": 1, "user-data-version": 2, "logging-call-at": "/Users/shivamsaraf/Desktop/work/temporal/common/log/with_logger.go:66"}
2025-03-19T11:38:54.253-0400	info	returning user data	{"host": "127.0.0.1:63279", "component": "matching-engine", "wf-task-queue-name": "rrentVersion_Batching-564e9892_task_queue_46", "wf-task-queue-type": "Workflow", "wf-namespace": "namespace-ec265ab4-426c-4316-a4b3-47fc66311932", "long-poll": true, "request-known-version": 1, "user-data-version": 2, "logging-call-at": "/Users/shivamsaraf/Desktop/work/temporal/common/log/with_logger.go:66"}
2025-03-19T11:38:54.253-0400	debug	user data changed while blocked in long poll	{"host": "127.0.0.1:63279", "component": "matching-engine", "wf-task-queue-name": "rrentVersion_Batching-564e9892_task_queue_34", "wf-task-queue-type": "Workflow", "wf-namespace": "namespace-ec265ab4-426c-4316-a4b3-47fc66311932", "logging-call-at": "/Users/shivamsaraf/Desktop/work/temporal/common/log/with_logger.go:61"}
2025-03-19T11:38:54.253-0400	info	returning user data	{"host": "127.0.0.1:63279", "component": "matching-engine", "wf-task-queue-name": "rrentVersion_Batching-564e9892_task_queue_9", "wf-task-queue-type": "Workflow", "wf-namespace": "namespace-ec265ab4-426c-4316-a4b3-47fc66311932", "long-poll": true, "request-known-version": 1, "user-data-version": 2, "logging-call-at": "/Users/shivamsaraf/Desktop/work/temporal/common/log/with_logger.go:66"}
2025-03-19T11:38:54.253-0400	debug	user data changed while blocked in long poll	{"host": "127.0.0.1:63279", "component": "matching-engine", "wf-task-queue-name": "rrentVersion_Batching-564e9892_task_queue_36", "wf-task-queue-type": "Workflow", "wf-namespace": "namespace-ec265ab4-426c-4316-a4b3-47fc66311932", "logging-call-at": "/Users/shivamsaraf/Desktop/work/temporal/common/log/with_logger.go:61"}
2025-03-19T11:38:54.253-0400	info	returning user data	{"host": "127.0.0.1:63279", "component": "matching-engine", "wf-task-queue-name": "rrentVersion_Batching-564e9892_task_queue_34", "wf-task-queue-type": "Workflow", "wf-namespace": "namespace-ec265ab4-426c-4316-a4b3-47fc66311932", "long-poll": true, "request-known-version": 1, "user-data-version": 2, "logging-call-at": "/Users/shivamsaraf/Desktop/work/temporal/common/log/with_logger.go:66"}
2025-03-19T11:38:54.253-0400	info	returning user data	{"host": "127.0.0.1:63279", "component": "matching-engine", "wf-task-queue-name": "rrentVersion_Batching-564e9892_task_queue_36", "wf-task-queue-type": "Workflow", "wf-namespace": "namespace-ec265ab4-426c-4316-a4b3-47fc66311932", "long-poll": true, "request-known-version": 1, "user-data-version": 2, "logging-call-at": "/Users/shivamsaraf/Desktop/work/temporal/common/log/with_logger.go:66"}
2025-03-19T11:38:54.253-0400	debug	user data changed while blocked in long poll	{"host": "127.0.0.1:63279", "component": "matching-engine", "wf-task-queue-name": "rrentVersion_Batching-564e9892_task_queue_37", "wf-task-queue-type": "Workflow", "wf-namespace": "namespace-ec265ab4-426c-4316-a4b3-47fc66311932", "logging-call-at": "/Users/shivamsaraf/Desktop/work/temporal/common/log/with_logger.go:61"}
2025-03-19T11:38:54.253-0400	debug	user data changed while blocked in long poll	{"host": "127.0.0.1:63279", "component": "matching-engine", "wf-task-queue-name": "rrentVersion_Batching-564e9892_task_queue_46", "wf-task-queue-type": "Workflow", "wf-namespace": "namespace-ec265ab4-426c-4316-a4b3-47fc66311932", "logging-call-at": "/Users/shivamsaraf/Desktop/work/temporal/common/log/with_logger.go:61"}
2025-03-19T11:38:54.253-0400	info	returning user data	{"host": "127.0.0.1:63279", "component": "matching-engine", "wf-task-queue-name": "rrentVersion_Batching-564e9892_task_queue_37", "wf-task-queue-type": "Workflow", "wf-namespace": "namespace-ec265ab4-426c-4316-a4b3-47fc66311932", "long-poll": true, "request-known-version": 1, "user-data-version": 2, "logging-call-at": "/Users/shivamsaraf/Desktop/work/temporal/common/log/with_logger.go:66"}
2025-03-19T11:38:54.253-0400	debug	user data changed while blocked in long poll	{"host": "127.0.0.1:63279", "component": "matching-engine", "wf-task-queue-name": "rrentVersion_Batching-564e9892_task_queue_5", "wf-task-queue-type": "Workflow", "wf-namespace": "namespace-ec265ab4-426c-4316-a4b3-47fc66311932", "logging-call-at": "/Users/shivamsaraf/Desktop/work/temporal/common/log/with_logger.go:61"}
2025-03-19T11:38:54.253-0400	info	modified user data	{"host": "127.0.0.1:63279", "component": "matching-engine", "wf-task-queue-name": "rrentVersion_Batching-564e9892_task_queue_40", "wf-task-queue-type": "Workflow", "wf-namespace": "namespace-ec265ab4-426c-4316-a4b3-47fc66311932", "user-data-update-source": "SyncDeploymentUserData", "user-data-version": 2, "timestamp": "2025-03-19T15:38:54.140Z", "logging-call-at": "/Users/shivamsaraf/Desktop/work/temporal/common/log/with_logger.go:66"}
2025-03-19T11:38:54.253-0400	debug	user data changed while blocked in long poll	{"host": "127.0.0.1:63279", "component": "matching-engine", "wf-task-queue-name": "rrentVersion_Batching-564e9892_task_queue_46", "wf-task-queue-type": "Workflow", "wf-namespace": "namespace-ec265ab4-426c-4316-a4b3-47fc66311932", "logging-call-at": "/Users/shivamsaraf/Desktop/work/temporal/common/log/with_logger.go:61"}
2025-03-19T11:38:54.253-0400	info	returning user data	{"host": "127.0.0.1:63279", "component": "matching-engine", "wf-task-queue-name": "rrentVersion_Batching-564e9892_task_queue_46", "wf-task-queue-type": "Workflow", "wf-namespace": "namespace-ec265ab4-426c-4316-a4b3-47fc66311932", "long-poll": true, "request-known-version": 1, "user-data-version": 2, "logging-call-at": "/Users/shivamsaraf/Desktop/work/temporal/common/log/with_logger.go:66"}
2025-03-19T11:38:54.253-0400	debug	user data changed while blocked in long poll	{"host": "127.0.0.1:63279", "component": "matching-engine", "wf-task-queue-name": "rrentVersion_Batching-564e9892_task_queue_37", "wf-task-queue-type": "Workflow", "wf-namespace": "namespace-ec265ab4-426c-4316-a4b3-47fc66311932", "logging-call-at": "/Users/shivamsaraf/Desktop/work/temporal/common/log/with_logger.go:61"}
2025-03-19T11:38:54.253-0400	info	returning user data	{"host": "127.0.0.1:63279", "component": "matching-engine", "wf-task-queue-name": "rrentVersion_Batching-564e9892_task_queue_46", "wf-task-queue-type": "Workflow", "wf-namespace": "namespace-ec265ab4-426c-4316-a4b3-47fc66311932", "long-poll": true, "request-known-version": 1, "user-data-version": 2, "logging-call-at": "/Users/shivamsaraf/Desktop/work/temporal/common/log/with_logger.go:66"}
2025-03-19T11:38:54.253-0400	info	returning user data	{"host": "127.0.0.1:63279", "component": "matching-engine", "wf-task-queue-name": "rrentVersion_Batching-564e9892_task_queue_37", "wf-task-queue-type": "Workflow", "wf-namespace": "namespace-ec265ab4-426c-4316-a4b3-47fc66311932", "long-poll": true, "request-known-version": 1, "user-data-version": 2, "logging-call-at": "/Users/shivamsaraf/Desktop/work/temporal/common/log/with_logger.go:66"}
2025-03-19T11:38:54.253-0400	info	returning user data	{"host": "127.0.0.1:63279", "component": "matching-engine", "wf-task-queue-name": "rrentVersion_Batching-564e9892_task_queue_5", "wf-task-queue-type": "Workflow", "wf-namespace": "namespace-ec265ab4-426c-4316-a4b3-47fc66311932", "long-poll": true, "request-known-version": 1, "user-data-version": 2, "logging-call-at": "/Users/shivamsaraf/Desktop/work/temporal/common/log/with_logger.go:66"}
2025-03-19T11:38:54.253-0400	info	modified user data	{"host": "127.0.0.1:63279", "component": "matching-engine", "wf-task-queue-name": "rrentVersion_Batching-564e9892_task_queue_35", "wf-task-queue-type": "Workflow", "wf-namespace": "namespace-ec265ab4-426c-4316-a4b3-47fc66311932", "user-data-update-source": "SyncDeploymentUserData", "user-data-version": 2, "timestamp": "2025-03-19T15:38:54.140Z", "logging-call-at": "/Users/shivamsaraf/Desktop/work/temporal/common/log/with_logger.go:66"}
2025-03-19T11:38:54.253-0400	info	modified user data	{"host": "127.0.0.1:63279", "component": "matching-engine", "wf-task-queue-name": "rrentVersion_Batching-564e9892_task_queue_4", "wf-task-queue-type": "Workflow", "wf-namespace": "namespace-ec265ab4-426c-4316-a4b3-47fc66311932", "user-data-update-source": "SyncDeploymentUserData", "user-data-version": 2, "timestamp": "2025-03-19T15:38:54.140Z", "logging-call-at": "/Users/shivamsaraf/Desktop/work/temporal/common/log/with_logger.go:66"}
2025-03-19T11:38:54.253-0400	info	modified user data	{"host": "127.0.0.1:63279", "component": "matching-engine", "wf-task-queue-name": "rrentVersion_Batching-564e9892_task_queue_38", "wf-task-queue-type": "Workflow", "wf-namespace": "namespace-ec265ab4-426c-4316-a4b3-47fc66311932", "user-data-update-source": "SyncDeploymentUserData", "user-data-version": 2, "timestamp": "2025-03-19T15:38:54.140Z", "logging-call-at": "/Users/shivamsaraf/Desktop/work/temporal/common/log/with_logger.go:66"}
2025-03-19T11:38:54.253-0400	info	modified user data	{"host": "127.0.0.1:63279", "component": "matching-engine", "wf-task-queue-name": "rrentVersion_Batching-564e9892_task_queue_8", "wf-task-queue-type": "Workflow", "wf-namespace": "namespace-ec265ab4-426c-4316-a4b3-47fc66311932", "user-data-update-source": "SyncDeploymentUserData", "user-data-version": 2, "timestamp": "2025-03-19T15:38:54.140Z", "logging-call-at": "/Users/shivamsaraf/Desktop/work/temporal/common/log/with_logger.go:66"}
2025-03-19T11:38:54.253-0400	debug	user data changed while blocked in long poll	{"host": "127.0.0.1:63279", "component": "matching-engine", "wf-task-queue-name": "rrentVersion_Batching-564e9892_task_queue_40", "wf-task-queue-type": "Workflow", "wf-namespace": "namespace-ec265ab4-426c-4316-a4b3-47fc66311932", "logging-call-at": "/Users/shivamsaraf/Desktop/work/temporal/common/log/with_logger.go:61"}
2025-03-19T11:38:54.253-0400	info	modified user data	{"host": "127.0.0.1:63279", "component": "matching-engine", "wf-task-queue-name": "rrentVersion_Batching-564e9892_task_queue_44", "wf-task-queue-type": "Workflow", "wf-namespace": "namespace-ec265ab4-426c-4316-a4b3-47fc66311932", "user-data-update-source": "SyncDeploymentUserData", "user-data-version": 2, "timestamp": "2025-03-19T15:38:54.140Z", "logging-call-at": "/Users/shivamsaraf/Desktop/work/temporal/common/log/with_logger.go:66"}
2025-03-19T11:38:54.253-0400	debug	user data changed while blocked in long poll	{"host": "127.0.0.1:63279", "component": "matching-engine", "wf-task-queue-name": "rrentVersion_Batching-564e9892_task_queue_38", "wf-task-queue-type": "Workflow", "wf-namespace": "namespace-ec265ab4-426c-4316-a4b3-47fc66311932", "logging-call-at": "/Users/shivamsaraf/Desktop/work/temporal/common/log/with_logger.go:61"}
2025-03-19T11:38:54.253-0400	debug	user data changed while blocked in long poll	{"host": "127.0.0.1:63279", "component": "matching-engine", "wf-task-queue-name": "rrentVersion_Batching-564e9892_task_queue_40", "wf-task-queue-type": "Workflow", "wf-namespace": "namespace-ec265ab4-426c-4316-a4b3-47fc66311932", "logging-call-at": "/Users/shivamsaraf/Desktop/work/temporal/common/log/with_logger.go:61"}
2025-03-19T11:38:54.253-0400	debug	user data changed while blocked in long poll	{"host": "127.0.0.1:63279", "component": "matching-engine", "wf-task-queue-name": "rrentVersion_Batching-564e9892_task_queue_8", "wf-task-queue-type": "Workflow", "wf-namespace": "namespace-ec265ab4-426c-4316-a4b3-47fc66311932", "logging-call-at": "/Users/shivamsaraf/Desktop/work/temporal/common/log/with_logger.go:61"}
2025-03-19T11:38:54.253-0400	info	modified user data	{"host": "127.0.0.1:63279", "component": "matching-engine", "wf-task-queue-name": "rrentVersion_Batching-564e9892_task_queue_48", "wf-task-queue-type": "Workflow", "wf-namespace": "namespace-ec265ab4-426c-4316-a4b3-47fc66311932", "user-data-update-source": "SyncDeploymentUserData", "user-data-version": 2, "timestamp": "2025-03-19T15:38:54.139Z", "logging-call-at": "/Users/shivamsaraf/Desktop/work/temporal/common/log/with_logger.go:66"}
2025-03-19T11:38:54.253-0400	info	returning user data	{"host": "127.0.0.1:63279", "component": "matching-engine", "wf-task-queue-name": "rrentVersion_Batching-564e9892_task_queue_38", "wf-task-queue-type": "Workflow", "wf-namespace": "namespace-ec265ab4-426c-4316-a4b3-47fc66311932", "long-poll": true, "request-known-version": 1, "user-data-version": 2, "logging-call-at": "/Users/shivamsaraf/Desktop/work/temporal/common/log/with_logger.go:66"}
2025-03-19T11:38:54.253-0400	info	modified user data	{"host": "127.0.0.1:63279", "component": "matching-engine", "wf-task-queue-name": "rrentVersion_Batching-564e9892_task_queue_32", "wf-task-queue-type": "Workflow", "wf-namespace": "namespace-ec265ab4-426c-4316-a4b3-47fc66311932", "user-data-update-source": "SyncDeploymentUserData", "user-data-version": 2, "timestamp": "2025-03-19T15:38:54.140Z", "logging-call-at": "/Users/shivamsaraf/Desktop/work/temporal/common/log/with_logger.go:66"}
2025-03-19T11:38:54.254-0400	debug	user data changed while blocked in long poll	{"host": "127.0.0.1:63279", "component": "matching-engine", "wf-task-queue-name": "rrentVersion_Batching-564e9892_task_queue_38", "wf-task-queue-type": "Workflow", "wf-namespace": "namespace-ec265ab4-426c-4316-a4b3-47fc66311932", "logging-call-at": "/Users/shivamsaraf/Desktop/work/temporal/common/log/with_logger.go:61"}
2025-03-19T11:38:54.254-0400	debug	user data changed while blocked in long poll	{"host": "127.0.0.1:63279", "component": "matching-engine", "wf-task-queue-name": "rrentVersion_Batching-564e9892_task_queue_35", "wf-task-queue-type": "Workflow", "wf-namespace": "namespace-ec265ab4-426c-4316-a4b3-47fc66311932", "logging-call-at": "/Users/shivamsaraf/Desktop/work/temporal/common/log/with_logger.go:61"}
2025-03-19T11:38:54.254-0400	debug	user data changed while blocked in long poll	{"host": "127.0.0.1:63279", "component": "matching-engine", "wf-task-queue-name": "rrentVersion_Batching-564e9892_task_queue_44", "wf-task-queue-type": "Workflow", "wf-namespace": "namespace-ec265ab4-426c-4316-a4b3-47fc66311932", "logging-call-at": "/Users/shivamsaraf/Desktop/work/temporal/common/log/with_logger.go:61"}
2025-03-19T11:38:54.254-0400	debug	user data changed while blocked in long poll	{"host": "127.0.0.1:63279", "component": "matching-engine", "wf-task-queue-name": "rrentVersion_Batching-564e9892_task_queue_4", "wf-task-queue-type": "Workflow", "wf-namespace": "namespace-ec265ab4-426c-4316-a4b3-47fc66311932", "logging-call-at": "/Users/shivamsaraf/Desktop/work/temporal/common/log/with_logger.go:61"}
2025-03-19T11:38:54.254-0400	debug	user data changed while blocked in long poll	{"host": "127.0.0.1:63279", "component": "matching-engine", "wf-task-queue-name": "rrentVersion_Batching-564e9892_task_queue_48", "wf-task-queue-type": "Workflow", "wf-namespace": "namespace-ec265ab4-426c-4316-a4b3-47fc66311932", "logging-call-at": "/Users/shivamsaraf/Desktop/work/temporal/common/log/with_logger.go:61"}
2025-03-19T11:38:54.254-0400	info	modified user data	{"host": "127.0.0.1:63279", "component": "matching-engine", "wf-task-queue-name": "rrentVersion_Batching-564e9892_task_queue_6", "wf-task-queue-type": "Workflow", "wf-namespace": "namespace-ec265ab4-426c-4316-a4b3-47fc66311932", "user-data-update-source": "SyncDeploymentUserData", "user-data-version": 2, "timestamp": "2025-03-19T15:38:54.140Z", "logging-call-at": "/Users/shivamsaraf/Desktop/work/temporal/common/log/with_logger.go:66"}
2025-03-19T11:38:54.254-0400	debug	user data changed while blocked in long poll	{"host": "127.0.0.1:63279", "component": "matching-engine", "wf-task-queue-name": "rrentVersion_Batching-564e9892_task_queue_8", "wf-task-queue-type": "Workflow", "wf-namespace": "namespace-ec265ab4-426c-4316-a4b3-47fc66311932", "logging-call-at": "/Users/shivamsaraf/Desktop/work/temporal/common/log/with_logger.go:61"}
2025-03-19T11:38:54.254-0400	info	modified user data	{"host": "127.0.0.1:63279", "component": "matching-engine", "wf-task-queue-name": "rrentVersion_Batching-564e9892_task_queue_7", "wf-task-queue-type": "Workflow", "wf-namespace": "namespace-ec265ab4-426c-4316-a4b3-47fc66311932", "user-data-update-source": "SyncDeploymentUserData", "user-data-version": 2, "timestamp": "2025-03-19T15:38:54.139Z", "logging-call-at": "/Users/shivamsaraf/Desktop/work/temporal/common/log/with_logger.go:66"}
2025-03-19T11:38:54.254-0400	debug	user data changed while blocked in long poll	{"host": "127.0.0.1:63279", "component": "matching-engine", "wf-task-queue-name": "rrentVersion_Batching-564e9892_task_queue_38", "wf-task-queue-type": "Workflow", "wf-namespace": "namespace-ec265ab4-426c-4316-a4b3-47fc66311932", "logging-call-at": "/Users/shivamsaraf/Desktop/work/temporal/common/log/with_logger.go:61"}
2025-03-19T11:38:54.254-0400	info	returning user data	{"host": "127.0.0.1:63279", "component": "matching-engine", "wf-task-queue-name": "rrentVersion_Batching-564e9892_task_queue_48", "wf-task-queue-type": "Workflow", "wf-namespace": "namespace-ec265ab4-426c-4316-a4b3-47fc66311932", "long-poll": true, "request-known-version": 1, "user-data-version": 2, "logging-call-at": "/Users/shivamsaraf/Desktop/work/temporal/common/log/with_logger.go:66"}
2025-03-19T11:38:54.254-0400	info	returning user data	{"host": "127.0.0.1:63279", "component": "matching-engine", "wf-task-queue-name": "rrentVersion_Batching-564e9892_task_queue_8", "wf-task-queue-type": "Workflow", "wf-namespace": "namespace-ec265ab4-426c-4316-a4b3-47fc66311932", "long-poll": true, "request-known-version": 1, "user-data-version": 2, "logging-call-at": "/Users/shivamsaraf/Desktop/work/temporal/common/log/with_logger.go:66"}
2025-03-19T11:38:54.254-0400	info	returning user data	{"host": "127.0.0.1:63279", "component": "matching-engine", "wf-task-queue-name": "rrentVersion_Batching-564e9892_task_queue_4", "wf-task-queue-type": "Workflow", "wf-namespace": "namespace-ec265ab4-426c-4316-a4b3-47fc66311932", "long-poll": true, "request-known-version": 1, "user-data-version": 2, "logging-call-at": "/Users/shivamsaraf/Desktop/work/temporal/common/log/with_logger.go:66"}
2025-03-19T11:38:54.254-0400	info	returning user data	{"host": "127.0.0.1:63279", "component": "matching-engine", "wf-task-queue-name": "rrentVersion_Batching-564e9892_task_queue_38", "wf-task-queue-type": "Workflow", "wf-namespace": "namespace-ec265ab4-426c-4316-a4b3-47fc66311932", "long-poll": true, "request-known-version": 1, "user-data-version": 2, "logging-call-at": "/Users/shivamsaraf/Desktop/work/temporal/common/log/with_logger.go:66"}
2025-03-19T11:38:54.254-0400	debug	user data changed while blocked in long poll	{"host": "127.0.0.1:63279", "component": "matching-engine", "wf-task-queue-name": "rrentVersion_Batching-564e9892_task_queue_48", "wf-task-queue-type": "Workflow", "wf-namespace": "namespace-ec265ab4-426c-4316-a4b3-47fc66311932", "logging-call-at": "/Users/shivamsaraf/Desktop/work/temporal/common/log/with_logger.go:61"}
2025-03-19T11:38:54.254-0400	debug	user data changed while blocked in long poll	{"host": "127.0.0.1:63279", "component": "matching-engine", "wf-task-queue-name": "rrentVersion_Batching-564e9892_task_queue_32", "wf-task-queue-type": "Workflow", "wf-namespace": "namespace-ec265ab4-426c-4316-a4b3-47fc66311932", "logging-call-at": "/Users/shivamsaraf/Desktop/work/temporal/common/log/with_logger.go:61"}
2025-03-19T11:38:54.254-0400	debug	user data changed while blocked in long poll	{"host": "127.0.0.1:63279", "component": "matching-engine", "wf-task-queue-name": "rrentVersion_Batching-564e9892_task_queue_6", "wf-task-queue-type": "Workflow", "wf-namespace": "namespace-ec265ab4-426c-4316-a4b3-47fc66311932", "logging-call-at": "/Users/shivamsaraf/Desktop/work/temporal/common/log/with_logger.go:61"}
2025-03-19T11:38:54.254-0400	debug	user data changed while blocked in long poll	{"host": "127.0.0.1:63279", "component": "matching-engine", "wf-task-queue-name": "rrentVersion_Batching-564e9892_task_queue_7", "wf-task-queue-type": "Workflow", "wf-namespace": "namespace-ec265ab4-426c-4316-a4b3-47fc66311932", "logging-call-at": "/Users/shivamsaraf/Desktop/work/temporal/common/log/with_logger.go:61"}
2025-03-19T11:38:54.254-0400	info	modified user data	{"host": "127.0.0.1:63279", "component": "matching-engine", "wf-task-queue-name": "rrentVersion_Batching-564e9892_task_queue_47", "wf-task-queue-type": "Workflow", "wf-namespace": "namespace-ec265ab4-426c-4316-a4b3-47fc66311932", "user-data-update-source": "SyncDeploymentUserData", "user-data-version": 2, "timestamp": "2025-03-19T15:38:54.139Z", "logging-call-at": "/Users/shivamsaraf/Desktop/work/temporal/common/log/with_logger.go:66"}
2025-03-19T11:38:54.254-0400	info	returning user data	{"host": "127.0.0.1:63279", "component": "matching-engine", "wf-task-queue-name": "rrentVersion_Batching-564e9892_task_queue_48", "wf-task-queue-type": "Workflow", "wf-namespace": "namespace-ec265ab4-426c-4316-a4b3-47fc66311932", "long-poll": true, "request-known-version": 1, "user-data-version": 2, "logging-call-at": "/Users/shivamsaraf/Desktop/work/temporal/common/log/with_logger.go:66"}
2025-03-19T11:38:54.254-0400	info	returning user data	{"host": "127.0.0.1:63279", "component": "matching-engine", "wf-task-queue-name": "rrentVersion_Batching-564e9892_task_queue_6", "wf-task-queue-type": "Workflow", "wf-namespace": "namespace-ec265ab4-426c-4316-a4b3-47fc66311932", "long-poll": true, "request-known-version": 1, "user-data-version": 2, "logging-call-at": "/Users/shivamsaraf/Desktop/work/temporal/common/log/with_logger.go:66"}
2025-03-19T11:38:54.253-0400	debug	user data changed while blocked in long poll	{"host": "127.0.0.1:63279", "component": "matching-engine", "wf-task-queue-name": "rrentVersion_Batching-564e9892_task_queue_40", "wf-task-queue-type": "Workflow", "wf-namespace": "namespace-ec265ab4-426c-4316-a4b3-47fc66311932", "logging-call-at": "/Users/shivamsaraf/Desktop/work/temporal/common/log/with_logger.go:61"}
2025-03-19T11:38:54.254-0400	debug	user data changed while blocked in long poll	{"host": "127.0.0.1:63279", "component": "matching-engine", "wf-task-queue-name": "rrentVersion_Batching-564e9892_task_queue_6", "wf-task-queue-type": "Workflow", "wf-namespace": "namespace-ec265ab4-426c-4316-a4b3-47fc66311932", "logging-call-at": "/Users/shivamsaraf/Desktop/work/temporal/common/log/with_logger.go:61"}
2025-03-19T11:38:54.253-0400	info	modified user data	{"host": "127.0.0.1:63279", "component": "matching-engine", "wf-task-queue-name": "rrentVersion_Batching-564e9892_task_queue_45", "wf-task-queue-type": "Workflow", "wf-namespace": "namespace-ec265ab4-426c-4316-a4b3-47fc66311932", "user-data-update-source": "SyncDeploymentUserData", "user-data-version": 2, "timestamp": "2025-03-19T15:38:54.140Z", "logging-call-at": "/Users/shivamsaraf/Desktop/work/temporal/common/log/with_logger.go:66"}
2025-03-19T11:38:54.254-0400	info	returning user data	{"host": "127.0.0.1:63279", "component": "matching-engine", "wf-task-queue-name": "rrentVersion_Batching-564e9892_task_queue_32", "wf-task-queue-type": "Workflow", "wf-namespace": "namespace-ec265ab4-426c-4316-a4b3-47fc66311932", "long-poll": true, "request-known-version": 1, "user-data-version": 2, "logging-call-at": "/Users/shivamsaraf/Desktop/work/temporal/common/log/with_logger.go:66"}
2025-03-19T11:38:54.254-0400	debug	user data changed while blocked in long poll	{"host": "127.0.0.1:63279", "component": "matching-engine", "wf-task-queue-name": "rrentVersion_Batching-564e9892_task_queue_48", "wf-task-queue-type": "Workflow", "wf-namespace": "namespace-ec265ab4-426c-4316-a4b3-47fc66311932", "logging-call-at": "/Users/shivamsaraf/Desktop/work/temporal/common/log/with_logger.go:61"}
2025-03-19T11:38:54.254-0400	debug	user data changed while blocked in long poll	{"host": "127.0.0.1:63279", "component": "matching-engine", "wf-task-queue-name": "rrentVersion_Batching-564e9892_task_queue_47", "wf-task-queue-type": "Workflow", "wf-namespace": "namespace-ec265ab4-426c-4316-a4b3-47fc66311932", "logging-call-at": "/Users/shivamsaraf/Desktop/work/temporal/common/log/with_logger.go:61"}
2025-03-19T11:38:54.254-0400	info	returning user data	{"host": "127.0.0.1:63279", "component": "matching-engine", "wf-task-queue-name": "rrentVersion_Batching-564e9892_task_queue_48", "wf-task-queue-type": "Workflow", "wf-namespace": "namespace-ec265ab4-426c-4316-a4b3-47fc66311932", "long-poll": true, "request-known-version": 1, "user-data-version": 2, "logging-call-at": "/Users/shivamsaraf/Desktop/work/temporal/common/log/with_logger.go:66"}
2025-03-19T11:38:54.254-0400	info	returning user data	{"host": "127.0.0.1:63279", "component": "matching-engine", "wf-task-queue-name": "rrentVersion_Batching-564e9892_task_queue_6", "wf-task-queue-type": "Workflow", "wf-namespace": "namespace-ec265ab4-426c-4316-a4b3-47fc66311932", "long-poll": true, "request-known-version": 1, "user-data-version": 2, "logging-call-at": "/Users/shivamsaraf/Desktop/work/temporal/common/log/with_logger.go:66"}
2025-03-19T11:38:54.253-0400	info	modified user data	{"host": "127.0.0.1:63279", "component": "matching-engine", "wf-task-queue-name": "rrentVersion_Batching-564e9892_task_queue_33", "wf-task-queue-type": "Workflow", "wf-namespace": "namespace-ec265ab4-426c-4316-a4b3-47fc66311932", "user-data-update-source": "SyncDeploymentUserData", "user-data-version": 2, "timestamp": "2025-03-19T15:38:54.140Z", "logging-call-at": "/Users/shivamsaraf/Desktop/work/temporal/common/log/with_logger.go:66"}
2025-03-19T11:38:54.254-0400	debug	user data changed while blocked in long poll	{"host": "127.0.0.1:63279", "component": "matching-engine", "wf-task-queue-name": "rrentVersion_Batching-564e9892_task_queue_47", "wf-task-queue-type": "Workflow", "wf-namespace": "namespace-ec265ab4-426c-4316-a4b3-47fc66311932", "logging-call-at": "/Users/shivamsaraf/Desktop/work/temporal/common/log/with_logger.go:61"}
2025-03-19T11:38:54.254-0400	info	returning user data	{"host": "127.0.0.1:63279", "component": "matching-engine", "wf-task-queue-name": "rrentVersion_Batching-564e9892_task_queue_7", "wf-task-queue-type": "Workflow", "wf-namespace": "namespace-ec265ab4-426c-4316-a4b3-47fc66311932", "long-poll": true, "request-known-version": 1, "user-data-version": 2, "logging-call-at": "/Users/shivamsaraf/Desktop/work/temporal/common/log/with_logger.go:66"}
2025-03-19T11:38:54.254-0400	debug	user data changed while blocked in long poll	{"host": "127.0.0.1:63279", "component": "matching-engine", "wf-task-queue-name": "rrentVersion_Batching-564e9892_task_queue_7", "wf-task-queue-type": "Workflow", "wf-namespace": "namespace-ec265ab4-426c-4316-a4b3-47fc66311932", "logging-call-at": "/Users/shivamsaraf/Desktop/work/temporal/common/log/with_logger.go:61"}
2025-03-19T11:38:54.254-0400	info	returning user data	{"host": "127.0.0.1:63279", "component": "matching-engine", "wf-task-queue-name": "rrentVersion_Batching-564e9892_task_queue_47", "wf-task-queue-type": "Workflow", "wf-namespace": "namespace-ec265ab4-426c-4316-a4b3-47fc66311932", "long-poll": true, "request-known-version": 1, "user-data-version": 2, "logging-call-at": "/Users/shivamsaraf/Desktop/work/temporal/common/log/with_logger.go:66"}
2025-03-19T11:38:54.254-0400	info	modified user data	{"host": "127.0.0.1:63279", "component": "matching-engine", "wf-task-queue-name": "rrentVersion_Batching-564e9892_task_queue_31", "wf-task-queue-type": "Workflow", "wf-namespace": "namespace-ec265ab4-426c-4316-a4b3-47fc66311932", "user-data-update-source": "SyncDeploymentUserData", "user-data-version": 2, "timestamp": "2025-03-19T15:38:54.140Z", "logging-call-at": "/Users/shivamsaraf/Desktop/work/temporal/common/log/with_logger.go:66"}
2025-03-19T11:38:54.254-0400	info	modified user data	{"host": "127.0.0.1:63279", "component": "matching-engine", "wf-task-queue-name": "rrentVersion_Batching-564e9892_task_queue_41", "wf-task-queue-type": "Workflow", "wf-namespace": "namespace-ec265ab4-426c-4316-a4b3-47fc66311932", "user-data-update-source": "SyncDeploymentUserData", "user-data-version": 2, "timestamp": "2025-03-19T15:38:54.140Z", "logging-call-at": "/Users/shivamsaraf/Desktop/work/temporal/common/log/with_logger.go:66"}
2025-03-19T11:38:54.254-0400	info	returning user data	{"host": "127.0.0.1:63279", "component": "matching-engine", "wf-task-queue-name": "rrentVersion_Batching-564e9892_task_queue_7", "wf-task-queue-type": "Workflow", "wf-namespace": "namespace-ec265ab4-426c-4316-a4b3-47fc66311932", "long-poll": true, "request-known-version": 1, "user-data-version": 2, "logging-call-at": "/Users/shivamsaraf/Desktop/work/temporal/common/log/with_logger.go:66"}
2025-03-19T11:38:54.254-0400	debug	user data changed while blocked in long poll	{"host": "127.0.0.1:63279", "component": "matching-engine", "wf-task-queue-name": "rrentVersion_Batching-564e9892_task_queue_33", "wf-task-queue-type": "Workflow", "wf-namespace": "namespace-ec265ab4-426c-4316-a4b3-47fc66311932", "logging-call-at": "/Users/shivamsaraf/Desktop/work/temporal/common/log/with_logger.go:61"}
2025-03-19T11:38:54.254-0400	debug	user data changed while blocked in long poll	{"host": "127.0.0.1:63279", "component": "matching-engine", "wf-task-queue-name": "rrentVersion_Batching-564e9892_task_queue_33", "wf-task-queue-type": "Workflow", "wf-namespace": "namespace-ec265ab4-426c-4316-a4b3-47fc66311932", "logging-call-at": "/Users/shivamsaraf/Desktop/work/temporal/common/log/with_logger.go:61"}
2025-03-19T11:38:54.254-0400	info	returning user data	{"host": "127.0.0.1:63279", "component": "matching-engine", "wf-task-queue-name": "rrentVersion_Batching-564e9892_task_queue_33", "wf-task-queue-type": "Workflow", "wf-namespace": "namespace-ec265ab4-426c-4316-a4b3-47fc66311932", "long-poll": true, "request-known-version": 1, "user-data-version": 2, "logging-call-at": "/Users/shivamsaraf/Desktop/work/temporal/common/log/with_logger.go:66"}
2025-03-19T11:38:54.254-0400	info	returning user data	{"host": "127.0.0.1:63279", "component": "matching-engine", "wf-task-queue-name": "rrentVersion_Batching-564e9892_task_queue_33", "wf-task-queue-type": "Workflow", "wf-namespace": "namespace-ec265ab4-426c-4316-a4b3-47fc66311932", "long-poll": true, "request-known-version": 1, "user-data-version": 2, "logging-call-at": "/Users/shivamsaraf/Desktop/work/temporal/common/log/with_logger.go:66"}
2025-03-19T11:38:54.254-0400	debug	user data changed while blocked in long poll	{"host": "127.0.0.1:63279", "component": "matching-engine", "wf-task-queue-name": "rrentVersion_Batching-564e9892_task_queue_44", "wf-task-queue-type": "Workflow", "wf-namespace": "namespace-ec265ab4-426c-4316-a4b3-47fc66311932", "logging-call-at": "/Users/shivamsaraf/Desktop/work/temporal/common/log/with_logger.go:61"}
2025-03-19T11:38:54.254-0400	info	fetched user data from parent	{"host": "127.0.0.1:63279", "component": "matching-engine", "wf-task-queue-name": "/_sys/rrentVersion_Batching-564e9892_task_queue_36/3", "wf-task-queue-type": "Workflow", "wf-namespace": "namespace-ec265ab4-426c-4316-a4b3-47fc66311932", "user-data-version": 2, "timestamp": "2025-03-19T15:38:54.139Z", "logging-call-at": "/Users/shivamsaraf/Desktop/work/temporal/common/log/with_logger.go:66"}
2025-03-19T11:38:54.254-0400	debug	user data changed while blocked in long poll	{"host": "127.0.0.1:63279", "component": "matching-engine", "wf-task-queue-name": "rrentVersion_Batching-564e9892_task_queue_45", "wf-task-queue-type": "Workflow", "wf-namespace": "namespace-ec265ab4-426c-4316-a4b3-47fc66311932", "logging-call-at": "/Users/shivamsaraf/Desktop/work/temporal/common/log/with_logger.go:61"}
2025-03-19T11:38:54.254-0400	debug	user data changed while blocked in long poll	{"host": "127.0.0.1:63279", "component": "matching-engine", "wf-task-queue-name": "rrentVersion_Batching-564e9892_task_queue_31", "wf-task-queue-type": "Workflow", "wf-namespace": "namespace-ec265ab4-426c-4316-a4b3-47fc66311932", "logging-call-at": "/Users/shivamsaraf/Desktop/work/temporal/common/log/with_logger.go:61"}
2025-03-19T11:38:54.254-0400	debug	user data changed while blocked in long poll	{"host": "127.0.0.1:63279", "component": "matching-engine", "wf-task-queue-name": "rrentVersion_Batching-564e9892_task_queue_32", "wf-task-queue-type": "Workflow", "wf-namespace": "namespace-ec265ab4-426c-4316-a4b3-47fc66311932", "logging-call-at": "/Users/shivamsaraf/Desktop/work/temporal/common/log/with_logger.go:61"}
2025-03-19T11:38:54.254-0400	info	returning user data	{"host": "127.0.0.1:63279", "component": "matching-engine", "wf-task-queue-name": "rrentVersion_Batching-564e9892_task_queue_31", "wf-task-queue-type": "Workflow", "wf-namespace": "namespace-ec265ab4-426c-4316-a4b3-47fc66311932", "long-poll": true, "request-known-version": 1, "user-data-version": 2, "logging-call-at": "/Users/shivamsaraf/Desktop/work/temporal/common/log/with_logger.go:66"}
2025-03-19T11:38:54.254-0400	info	returning user data	{"host": "127.0.0.1:63279", "component": "matching-engine", "wf-task-queue-name": "rrentVersion_Batching-564e9892_task_queue_32", "wf-task-queue-type": "Workflow", "wf-namespace": "namespace-ec265ab4-426c-4316-a4b3-47fc66311932", "long-poll": true, "request-known-version": 1, "user-data-version": 2, "logging-call-at": "/Users/shivamsaraf/Desktop/work/temporal/common/log/with_logger.go:66"}
2025-03-19T11:38:54.254-0400	info	fetched user data from parent	{"host": "127.0.0.1:63279", "component": "matching-engine", "wf-task-queue-name": "/_sys/rrentVersion_Batching-564e9892_task_queue_46/1", "wf-task-queue-type": "Workflow", "wf-namespace": "namespace-ec265ab4-426c-4316-a4b3-47fc66311932", "user-data-version": 2, "timestamp": "2025-03-19T15:38:54.140Z", "logging-call-at": "/Users/shivamsaraf/Desktop/work/temporal/common/log/with_logger.go:66"}
2025-03-19T11:38:54.254-0400	debug	user data changed while blocked in long poll	{"host": "127.0.0.1:63279", "component": "matching-engine", "wf-task-queue-name": "rrentVersion_Batching-564e9892_task_queue_41", "wf-task-queue-type": "Workflow", "wf-namespace": "namespace-ec265ab4-426c-4316-a4b3-47fc66311932", "logging-call-at": "/Users/shivamsaraf/Desktop/work/temporal/common/log/with_logger.go:61"}
2025-03-19T11:38:54.254-0400	info	returning user data	{"host": "127.0.0.1:63279", "component": "matching-engine", "wf-task-queue-name": "rrentVersion_Batching-564e9892_task_queue_38", "wf-task-queue-type": "Workflow", "wf-namespace": "namespace-ec265ab4-426c-4316-a4b3-47fc66311932", "long-poll": true, "request-known-version": 1, "user-data-version": 2, "logging-call-at": "/Users/shivamsaraf/Desktop/work/temporal/common/log/with_logger.go:66"}
2025-03-19T11:38:54.254-0400	info	fetched user data from parent	{"host": "127.0.0.1:63279", "component": "matching-engine", "wf-task-queue-name": "/_sys/rrentVersion_Batching-564e9892_task_queue_43/3", "wf-task-queue-type": "Workflow", "wf-namespace": "namespace-ec265ab4-426c-4316-a4b3-47fc66311932", "user-data-version": 2, "timestamp": "2025-03-19T15:38:54.139Z", "logging-call-at": "/Users/shivamsaraf/Desktop/work/temporal/common/log/with_logger.go:66"}
2025-03-19T11:38:54.254-0400	debug	user data changed while blocked in long poll	{"host": "127.0.0.1:63279", "component": "matching-engine", "wf-task-queue-name": "rrentVersion_Batching-564e9892_task_queue_31", "wf-task-queue-type": "Workflow", "wf-namespace": "namespace-ec265ab4-426c-4316-a4b3-47fc66311932", "logging-call-at": "/Users/shivamsaraf/Desktop/work/temporal/common/log/with_logger.go:61"}
2025-03-19T11:38:54.254-0400	info	returning user data	{"host": "127.0.0.1:63279", "component": "matching-engine", "wf-task-queue-name": "rrentVersion_Batching-564e9892_task_queue_41", "wf-task-queue-type": "Workflow", "wf-namespace": "namespace-ec265ab4-426c-4316-a4b3-47fc66311932", "long-poll": true, "request-known-version": 1, "user-data-version": 2, "logging-call-at": "/Users/shivamsaraf/Desktop/work/temporal/common/log/with_logger.go:66"}
2025-03-19T11:38:54.253-0400	debug	user data changed while blocked in long poll	{"host": "127.0.0.1:63279", "component": "matching-engine", "wf-task-queue-name": "rrentVersion_Batching-564e9892_task_queue_4", "wf-task-queue-type": "Workflow", "wf-namespace": "namespace-ec265ab4-426c-4316-a4b3-47fc66311932", "logging-call-at": "/Users/shivamsaraf/Desktop/work/temporal/common/log/with_logger.go:61"}
2025-03-19T11:38:54.254-0400	info	returning user data	{"host": "127.0.0.1:63279", "component": "matching-engine", "wf-task-queue-name": "rrentVersion_Batching-564e9892_task_queue_31", "wf-task-queue-type": "Workflow", "wf-namespace": "namespace-ec265ab4-426c-4316-a4b3-47fc66311932", "long-poll": true, "request-known-version": 1, "user-data-version": 2, "logging-call-at": "/Users/shivamsaraf/Desktop/work/temporal/common/log/with_logger.go:66"}
2025-03-19T11:38:54.254-0400	debug	user data changed while blocked in long poll	{"host": "127.0.0.1:63279", "component": "matching-engine", "wf-task-queue-name": "rrentVersion_Batching-564e9892_task_queue_44", "wf-task-queue-type": "Workflow", "wf-namespace": "namespace-ec265ab4-426c-4316-a4b3-47fc66311932", "logging-call-at": "/Users/shivamsaraf/Desktop/work/temporal/common/log/with_logger.go:61"}
2025-03-19T11:38:54.254-0400	info	returning user data	{"host": "127.0.0.1:63279", "component": "matching-engine", "wf-task-queue-name": "rrentVersion_Batching-564e9892_task_queue_4", "wf-task-queue-type": "Workflow", "wf-namespace": "namespace-ec265ab4-426c-4316-a4b3-47fc66311932", "long-poll": true, "request-known-version": 1, "user-data-version": 2, "logging-call-at": "/Users/shivamsaraf/Desktop/work/temporal/common/log/with_logger.go:66"}
2025-03-19T11:38:54.254-0400	debug	user data changed while blocked in long poll	{"host": "127.0.0.1:63279", "component": "matching-engine", "wf-task-queue-name": "rrentVersion_Batching-564e9892_task_queue_32", "wf-task-queue-type": "Workflow", "wf-namespace": "namespace-ec265ab4-426c-4316-a4b3-47fc66311932", "logging-call-at": "/Users/shivamsaraf/Desktop/work/temporal/common/log/with_logger.go:61"}
2025-03-19T11:38:54.254-0400	info	returning user data	{"host": "127.0.0.1:63279", "component": "matching-engine", "wf-task-queue-name": "rrentVersion_Batching-564e9892_task_queue_44", "wf-task-queue-type": "Workflow", "wf-namespace": "namespace-ec265ab4-426c-4316-a4b3-47fc66311932", "long-poll": true, "request-known-version": 1, "user-data-version": 2, "logging-call-at": "/Users/shivamsaraf/Desktop/work/temporal/common/log/with_logger.go:66"}
2025-03-19T11:38:54.254-0400	info	returning user data	{"host": "127.0.0.1:63279", "component": "matching-engine", "wf-task-queue-name": "rrentVersion_Batching-564e9892_task_queue_32", "wf-task-queue-type": "Workflow", "wf-namespace": "namespace-ec265ab4-426c-4316-a4b3-47fc66311932", "long-poll": true, "request-known-version": 1, "user-data-version": 2, "logging-call-at": "/Users/shivamsaraf/Desktop/work/temporal/common/log/with_logger.go:66"}
2025-03-19T11:38:54.254-0400	info	fetched user data from parent	{"host": "127.0.0.1:63279", "component": "matching-engine", "wf-task-queue-name": "/_sys/rrentVersion_Batching-564e9892_task_queue_34/1", "wf-task-queue-type": "Workflow", "wf-namespace": "namespace-ec265ab4-426c-4316-a4b3-47fc66311932", "user-data-version": 2, "timestamp": "2025-03-19T15:38:54.139Z", "logging-call-at": "/Users/shivamsaraf/Desktop/work/temporal/common/log/with_logger.go:66"}
2025-03-19T11:38:54.254-0400	info	fetched user data from parent	{"host": "127.0.0.1:63279", "component": "matching-engine", "wf-task-queue-name": "/_sys/rrentVersion_Batching-564e9892_task_queue_5/1", "wf-task-queue-type": "Workflow", "wf-namespace": "namespace-ec265ab4-426c-4316-a4b3-47fc66311932", "user-data-version": 2, "timestamp": "2025-03-19T15:38:54.140Z", "logging-call-at": "/Users/shivamsaraf/Desktop/work/temporal/common/log/with_logger.go:66"}
2025-03-19T11:38:54.254-0400	info	fetched user data from parent	{"host": "127.0.0.1:63279", "component": "matching-engine", "wf-task-queue-name": "/_sys/rrentVersion_Batching-564e9892_task_queue_37/1", "wf-task-queue-type": "Workflow", "wf-namespace": "namespace-ec265ab4-426c-4316-a4b3-47fc66311932", "user-data-version": 2, "timestamp": "2025-03-19T15:38:54.140Z", "logging-call-at": "/Users/shivamsaraf/Desktop/work/temporal/common/log/with_logger.go:66"}
2025-03-19T11:38:54.255-0400	debug	user data changed while blocked in long poll	{"host": "127.0.0.1:63279", "component": "matching-engine", "wf-task-queue-name": "rrentVersion_Batching-564e9892_task_queue_41", "wf-task-queue-type": "Workflow", "wf-namespace": "namespace-ec265ab4-426c-4316-a4b3-47fc66311932", "logging-call-at": "/Users/shivamsaraf/Desktop/work/temporal/common/log/with_logger.go:61"}
2025-03-19T11:38:54.255-0400	info	fetched user data from parent	{"host": "127.0.0.1:63279", "component": "matching-engine", "wf-task-queue-name": "/_sys/rrentVersion_Batching-564e9892_task_queue_37/3", "wf-task-queue-type": "Workflow", "wf-namespace": "namespace-ec265ab4-426c-4316-a4b3-47fc66311932", "user-data-version": 2, "timestamp": "2025-03-19T15:38:54.140Z", "logging-call-at": "/Users/shivamsaraf/Desktop/work/temporal/common/log/with_logger.go:66"}
2025-03-19T11:38:54.253-0400	debug	user data changed while blocked in long poll	{"host": "127.0.0.1:63279", "component": "matching-engine", "wf-task-queue-name": "rrentVersion_Batching-564e9892_task_queue_35", "wf-task-queue-type": "Workflow", "wf-namespace": "namespace-ec265ab4-426c-4316-a4b3-47fc66311932", "logging-call-at": "/Users/shivamsaraf/Desktop/work/temporal/common/log/with_logger.go:61"}
2025-03-19T11:38:54.255-0400	info	returning user data	{"host": "127.0.0.1:63279", "component": "matching-engine", "wf-task-queue-name": "rrentVersion_Batching-564e9892_task_queue_41", "wf-task-queue-type": "Workflow", "wf-namespace": "namespace-ec265ab4-426c-4316-a4b3-47fc66311932", "long-poll": true, "request-known-version": 1, "user-data-version": 2, "logging-call-at": "/Users/shivamsaraf/Desktop/work/temporal/common/log/with_logger.go:66"}
2025-03-19T11:38:54.255-0400	debug	user data changed while blocked in long poll	{"host": "127.0.0.1:63279", "component": "matching-engine", "wf-task-queue-name": "rrentVersion_Batching-564e9892_task_queue_31", "wf-task-queue-type": "Workflow", "wf-namespace": "namespace-ec265ab4-426c-4316-a4b3-47fc66311932", "logging-call-at": "/Users/shivamsaraf/Desktop/work/temporal/common/log/with_logger.go:61"}
2025-03-19T11:38:54.255-0400	info	returning user data	{"host": "127.0.0.1:63279", "component": "matching-engine", "wf-task-queue-name": "rrentVersion_Batching-564e9892_task_queue_35", "wf-task-queue-type": "Workflow", "wf-namespace": "namespace-ec265ab4-426c-4316-a4b3-47fc66311932", "long-poll": true, "request-known-version": 1, "user-data-version": 2, "logging-call-at": "/Users/shivamsaraf/Desktop/work/temporal/common/log/with_logger.go:66"}
2025-03-19T11:38:54.254-0400	debug	user data changed while blocked in long poll	{"host": "127.0.0.1:63279", "component": "matching-engine", "wf-task-queue-name": "rrentVersion_Batching-564e9892_task_queue_45", "wf-task-queue-type": "Workflow", "wf-namespace": "namespace-ec265ab4-426c-4316-a4b3-47fc66311932", "logging-call-at": "/Users/shivamsaraf/Desktop/work/temporal/common/log/with_logger.go:61"}
2025-03-19T11:38:54.255-0400	info	modified user data	{"host": "127.0.0.1:63279", "component": "matching-engine", "wf-task-queue-name": "rrentVersion_Batching-564e9892_task_queue_49", "wf-task-queue-type": "Workflow", "wf-namespace": "namespace-ec265ab4-426c-4316-a4b3-47fc66311932", "user-data-update-source": "SyncDeploymentUserData", "user-data-version": 2, "timestamp": "2025-03-19T15:38:54.140Z", "logging-call-at": "/Users/shivamsaraf/Desktop/work/temporal/common/log/with_logger.go:66"}
2025-03-19T11:38:54.255-0400	info	returning user data	{"host": "127.0.0.1:63279", "component": "matching-engine", "wf-task-queue-name": "rrentVersion_Batching-564e9892_task_queue_31", "wf-task-queue-type": "Workflow", "wf-namespace": "namespace-ec265ab4-426c-4316-a4b3-47fc66311932", "long-poll": true, "request-known-version": 1, "user-data-version": 2, "logging-call-at": "/Users/shivamsaraf/Desktop/work/temporal/common/log/with_logger.go:66"}
2025-03-19T11:38:54.255-0400	info	returning user data	{"host": "127.0.0.1:63279", "component": "matching-engine", "wf-task-queue-name": "rrentVersion_Batching-564e9892_task_queue_45", "wf-task-queue-type": "Workflow", "wf-namespace": "namespace-ec265ab4-426c-4316-a4b3-47fc66311932", "long-poll": true, "request-known-version": 1, "user-data-version": 2, "logging-call-at": "/Users/shivamsaraf/Desktop/work/temporal/common/log/with_logger.go:66"}
2025-03-19T11:38:54.253-0400	debug	user data changed while blocked in long poll	{"host": "127.0.0.1:63279", "component": "matching-engine", "wf-task-queue-name": "rrentVersion_Batching-564e9892_task_queue_4", "wf-task-queue-type": "Workflow", "wf-namespace": "namespace-ec265ab4-426c-4316-a4b3-47fc66311932", "logging-call-at": "/Users/shivamsaraf/Desktop/work/temporal/common/log/with_logger.go:61"}
2025-03-19T11:38:54.254-0400	info	fetched user data from parent	{"host": "127.0.0.1:63279", "component": "matching-engine", "wf-task-queue-name": "/_sys/rrentVersion_Batching-564e9892_task_queue_43/2", "wf-task-queue-type": "Workflow", "wf-namespace": "namespace-ec265ab4-426c-4316-a4b3-47fc66311932", "user-data-version": 2, "timestamp": "2025-03-19T15:38:54.139Z", "logging-call-at": "/Users/shivamsaraf/Desktop/work/temporal/common/log/with_logger.go:66"}
2025-03-19T11:38:54.253-0400	info	returning user data	{"host": "127.0.0.1:63279", "component": "matching-engine", "wf-task-queue-name": "rrentVersion_Batching-564e9892_task_queue_40", "wf-task-queue-type": "Workflow", "wf-namespace": "namespace-ec265ab4-426c-4316-a4b3-47fc66311932", "long-poll": true, "request-known-version": 1, "user-data-version": 2, "logging-call-at": "/Users/shivamsaraf/Desktop/work/temporal/common/log/with_logger.go:66"}
2025-03-19T11:38:54.254-0400	debug	user data changed while blocked in long poll	{"host": "127.0.0.1:63279", "component": "matching-engine", "wf-task-queue-name": "rrentVersion_Batching-564e9892_task_queue_41", "wf-task-queue-type": "Workflow", "wf-namespace": "namespace-ec265ab4-426c-4316-a4b3-47fc66311932", "logging-call-at": "/Users/shivamsaraf/Desktop/work/temporal/common/log/with_logger.go:61"}
2025-03-19T11:38:54.254-0400	debug	user data changed while blocked in long poll	{"host": "127.0.0.1:63279", "component": "matching-engine", "wf-task-queue-name": "rrentVersion_Batching-564e9892_task_queue_33", "wf-task-queue-type": "Workflow", "wf-namespace": "namespace-ec265ab4-426c-4316-a4b3-47fc66311932", "logging-call-at": "/Users/shivamsaraf/Desktop/work/temporal/common/log/with_logger.go:61"}
2025-03-19T11:38:54.255-0400	info	returning user data	{"host": "127.0.0.1:63279", "component": "matching-engine", "wf-task-queue-name": "rrentVersion_Batching-564e9892_task_queue_41", "wf-task-queue-type": "Workflow", "wf-namespace": "namespace-ec265ab4-426c-4316-a4b3-47fc66311932", "long-poll": true, "request-known-version": 1, "user-data-version": 2, "logging-call-at": "/Users/shivamsaraf/Desktop/work/temporal/common/log/with_logger.go:66"}
2025-03-19T11:38:54.255-0400	debug	user data changed while blocked in long poll	{"host": "127.0.0.1:63279", "component": "matching-engine", "wf-task-queue-name": "rrentVersion_Batching-564e9892_task_queue_49", "wf-task-queue-type": "Workflow", "wf-namespace": "namespace-ec265ab4-426c-4316-a4b3-47fc66311932", "logging-call-at": "/Users/shivamsaraf/Desktop/work/temporal/common/log/with_logger.go:61"}
2025-03-19T11:38:54.255-0400	info	returning user data	{"host": "127.0.0.1:63279", "component": "matching-engine", "wf-task-queue-name": "rrentVersion_Batching-564e9892_task_queue_33", "wf-task-queue-type": "Workflow", "wf-namespace": "namespace-ec265ab4-426c-4316-a4b3-47fc66311932", "long-poll": true, "request-known-version": 1, "user-data-version": 2, "logging-call-at": "/Users/shivamsaraf/Desktop/work/temporal/common/log/with_logger.go:66"}
2025-03-19T11:38:54.255-0400	info	returning user data	{"host": "127.0.0.1:63279", "component": "matching-engine", "wf-task-queue-name": "rrentVersion_Batching-564e9892_task_queue_49", "wf-task-queue-type": "Workflow", "wf-namespace": "namespace-ec265ab4-426c-4316-a4b3-47fc66311932", "long-poll": true, "request-known-version": 1, "user-data-version": 2, "logging-call-at": "/Users/shivamsaraf/Desktop/work/temporal/common/log/with_logger.go:66"}
2025-03-19T11:38:54.253-0400	info	returning user data	{"host": "127.0.0.1:63279", "component": "matching-engine", "wf-task-queue-name": "rrentVersion_Batching-564e9892_task_queue_40", "wf-task-queue-type": "Workflow", "wf-namespace": "namespace-ec265ab4-426c-4316-a4b3-47fc66311932", "long-poll": true, "request-known-version": 1, "user-data-version": 2, "logging-call-at": "/Users/shivamsaraf/Desktop/work/temporal/common/log/with_logger.go:66"}
2025-03-19T11:38:54.255-0400	debug	user data changed while blocked in long poll	{"host": "127.0.0.1:63279", "component": "matching-engine", "wf-task-queue-name": "rrentVersion_Batching-564e9892_task_queue_49", "wf-task-queue-type": "Workflow", "wf-namespace": "namespace-ec265ab4-426c-4316-a4b3-47fc66311932", "logging-call-at": "/Users/shivamsaraf/Desktop/work/temporal/common/log/with_logger.go:61"}
2025-03-19T11:38:54.255-0400	info	fetched user data from parent	{"host": "127.0.0.1:63279", "component": "matching-engine", "wf-task-queue-name": "/_sys/rrentVersion_Batching-564e9892_task_queue_9/1", "wf-task-queue-type": "Workflow", "wf-namespace": "namespace-ec265ab4-426c-4316-a4b3-47fc66311932", "user-data-version": 2, "timestamp": "2025-03-19T15:38:54.139Z", "logging-call-at": "/Users/shivamsaraf/Desktop/work/temporal/common/log/with_logger.go:66"}
2025-03-19T11:38:54.253-0400	debug	user data changed while blocked in long poll	{"host": "127.0.0.1:63279", "component": "matching-engine", "wf-task-queue-name": "rrentVersion_Batching-564e9892_task_queue_35", "wf-task-queue-type": "Workflow", "wf-namespace": "namespace-ec265ab4-426c-4316-a4b3-47fc66311932", "logging-call-at": "/Users/shivamsaraf/Desktop/work/temporal/common/log/with_logger.go:61"}
2025-03-19T11:38:54.255-0400	info	returning user data	{"host": "127.0.0.1:63279", "component": "matching-engine", "wf-task-queue-name": "rrentVersion_Batching-564e9892_task_queue_49", "wf-task-queue-type": "Workflow", "wf-namespace": "namespace-ec265ab4-426c-4316-a4b3-47fc66311932", "long-poll": true, "request-known-version": 1, "user-data-version": 2, "logging-call-at": "/Users/shivamsaraf/Desktop/work/temporal/common/log/with_logger.go:66"}
2025-03-19T11:38:54.255-0400	info	fetched user data from parent	{"host": "127.0.0.1:63279", "component": "matching-engine", "wf-task-queue-name": "/_sys/rrentVersion_Batching-564e9892_task_queue_34/2", "wf-task-queue-type": "Workflow", "wf-namespace": "namespace-ec265ab4-426c-4316-a4b3-47fc66311932", "user-data-version": 2, "timestamp": "2025-03-19T15:38:54.139Z", "logging-call-at": "/Users/shivamsaraf/Desktop/work/temporal/common/log/with_logger.go:66"}
2025-03-19T11:38:54.255-0400	info	returning user data	{"host": "127.0.0.1:63279", "component": "matching-engine", "wf-task-queue-name": "rrentVersion_Batching-564e9892_task_queue_35", "wf-task-queue-type": "Workflow", "wf-namespace": "namespace-ec265ab4-426c-4316-a4b3-47fc66311932", "long-poll": true, "request-known-version": 1, "user-data-version": 2, "logging-call-at": "/Users/shivamsaraf/Desktop/work/temporal/common/log/with_logger.go:66"}
2025-03-19T11:38:54.254-0400	debug	user data changed while blocked in long poll	{"host": "127.0.0.1:63279", "component": "matching-engine", "wf-task-queue-name": "rrentVersion_Batching-564e9892_task_queue_45", "wf-task-queue-type": "Workflow", "wf-namespace": "namespace-ec265ab4-426c-4316-a4b3-47fc66311932", "logging-call-at": "/Users/shivamsaraf/Desktop/work/temporal/common/log/with_logger.go:61"}
2025-03-19T11:38:54.255-0400	info	returning user data	{"host": "127.0.0.1:63279", "component": "matching-engine", "wf-task-queue-name": "rrentVersion_Batching-564e9892_task_queue_45", "wf-task-queue-type": "Workflow", "wf-namespace": "namespace-ec265ab4-426c-4316-a4b3-47fc66311932", "long-poll": true, "request-known-version": 1, "user-data-version": 2, "logging-call-at": "/Users/shivamsaraf/Desktop/work/temporal/common/log/with_logger.go:66"}
2025-03-19T11:38:54.255-0400	debug	user data changed while blocked in long poll	{"host": "127.0.0.1:63279", "component": "matching-engine", "wf-task-queue-name": "rrentVersion_Batching-564e9892_task_queue_49", "wf-task-queue-type": "Workflow", "wf-namespace": "namespace-ec265ab4-426c-4316-a4b3-47fc66311932", "logging-call-at": "/Users/shivamsaraf/Desktop/work/temporal/common/log/with_logger.go:61"}
2025-03-19T11:38:54.255-0400	info	fetched user data from parent	{"host": "127.0.0.1:63279", "component": "matching-engine", "wf-task-queue-name": "/_sys/rrentVersion_Batching-564e9892_task_queue_46/3", "wf-task-queue-type": "Workflow", "wf-namespace": "namespace-ec265ab4-426c-4316-a4b3-47fc66311932", "user-data-version": 2, "timestamp": "2025-03-19T15:38:54.140Z", "logging-call-at": "/Users/shivamsaraf/Desktop/work/temporal/common/log/with_logger.go:66"}
2025-03-19T11:38:54.255-0400	info	returning user data	{"host": "127.0.0.1:63279", "component": "matching-engine", "wf-task-queue-name": "rrentVersion_Batching-564e9892_task_queue_49", "wf-task-queue-type": "Workflow", "wf-namespace": "namespace-ec265ab4-426c-4316-a4b3-47fc66311932", "long-poll": true, "request-known-version": 1, "user-data-version": 2, "logging-call-at": "/Users/shivamsaraf/Desktop/work/temporal/common/log/with_logger.go:66"}
2025-03-19T11:38:54.255-0400	info	fetched user data from parent	{"host": "127.0.0.1:63279", "component": "matching-engine", "wf-task-queue-name": "/_sys/rrentVersion_Batching-564e9892_task_queue_5/2", "wf-task-queue-type": "Workflow", "wf-namespace": "namespace-ec265ab4-426c-4316-a4b3-47fc66311932", "user-data-version": 2, "timestamp": "2025-03-19T15:38:54.140Z", "logging-call-at": "/Users/shivamsaraf/Desktop/work/temporal/common/log/with_logger.go:66"}
2025-03-19T11:38:54.254-0400	info	returning user data	{"host": "127.0.0.1:63279", "component": "matching-engine", "wf-task-queue-name": "rrentVersion_Batching-564e9892_task_queue_45", "wf-task-queue-type": "Workflow", "wf-namespace": "namespace-ec265ab4-426c-4316-a4b3-47fc66311932", "long-poll": true, "request-known-version": 1, "user-data-version": 2, "logging-call-at": "/Users/shivamsaraf/Desktop/work/temporal/common/log/with_logger.go:66"}
2025-03-19T11:38:54.254-0400	info	returning user data	{"host": "127.0.0.1:63279", "component": "matching-engine", "wf-task-queue-name": "rrentVersion_Batching-564e9892_task_queue_44", "wf-task-queue-type": "Workflow", "wf-namespace": "namespace-ec265ab4-426c-4316-a4b3-47fc66311932", "long-poll": true, "request-known-version": 1, "user-data-version": 2, "logging-call-at": "/Users/shivamsaraf/Desktop/work/temporal/common/log/with_logger.go:66"}
2025-03-19T11:38:54.255-0400	info	fetched user data from parent	{"host": "127.0.0.1:63279", "component": "matching-engine", "wf-task-queue-name": "/_sys/rrentVersion_Batching-564e9892_task_queue_37/2", "wf-task-queue-type": "Workflow", "wf-namespace": "namespace-ec265ab4-426c-4316-a4b3-47fc66311932", "user-data-version": 2, "timestamp": "2025-03-19T15:38:54.140Z", "logging-call-at": "/Users/shivamsaraf/Desktop/work/temporal/common/log/with_logger.go:66"}
2025-03-19T11:38:54.255-0400	info	fetched user data from parent	{"host": "127.0.0.1:63279", "component": "matching-engine", "wf-task-queue-name": "/_sys/rrentVersion_Batching-564e9892_task_queue_43/1", "wf-task-queue-type": "Workflow", "wf-namespace": "namespace-ec265ab4-426c-4316-a4b3-47fc66311932", "user-data-version": 2, "timestamp": "2025-03-19T15:38:54.139Z", "logging-call-at": "/Users/shivamsaraf/Desktop/work/temporal/common/log/with_logger.go:66"}
2025-03-19T11:38:54.255-0400	info	fetched user data from parent	{"host": "127.0.0.1:63279", "component": "matching-engine", "wf-task-queue-name": "/_sys/rrentVersion_Batching-564e9892_task_queue_46/2", "wf-task-queue-type": "Workflow", "wf-namespace": "namespace-ec265ab4-426c-4316-a4b3-47fc66311932", "user-data-version": 2, "timestamp": "2025-03-19T15:38:54.140Z", "logging-call-at": "/Users/shivamsaraf/Desktop/work/temporal/common/log/with_logger.go:66"}
2025-03-19T11:38:54.255-0400	info	fetched user data from parent	{"host": "127.0.0.1:63279", "component": "matching-engine", "wf-task-queue-name": "/_sys/rrentVersion_Batching-564e9892_task_queue_36/2", "wf-task-queue-type": "Workflow", "wf-namespace": "namespace-ec265ab4-426c-4316-a4b3-47fc66311932", "user-data-version": 2, "timestamp": "2025-03-19T15:38:54.139Z", "logging-call-at": "/Users/shivamsaraf/Desktop/work/temporal/common/log/with_logger.go:66"}
2025-03-19T11:38:54.253-0400	info	modified user data	{"host": "127.0.0.1:63279", "component": "matching-engine", "wf-task-queue-name": "rrentVersion_Batching-564e9892_task_queue_39", "wf-task-queue-type": "Workflow", "wf-namespace": "namespace-ec265ab4-426c-4316-a4b3-47fc66311932", "user-data-update-source": "SyncDeploymentUserData", "user-data-version": 2, "timestamp": "2025-03-19T15:38:54.139Z", "logging-call-at": "/Users/shivamsaraf/Desktop/work/temporal/common/log/with_logger.go:66"}
2025-03-19T11:38:54.254-0400	info	returning user data	{"host": "127.0.0.1:63279", "component": "matching-engine", "wf-task-queue-name": "rrentVersion_Batching-564e9892_task_queue_40", "wf-task-queue-type": "Workflow", "wf-namespace": "namespace-ec265ab4-426c-4316-a4b3-47fc66311932", "long-poll": true, "request-known-version": 1, "user-data-version": 2, "logging-call-at": "/Users/shivamsaraf/Desktop/work/temporal/common/log/with_logger.go:66"}
2025-03-19T11:38:54.254-0400	debug	user data changed while blocked in long poll	{"host": "127.0.0.1:63279", "component": "matching-engine", "wf-task-queue-name": "rrentVersion_Batching-564e9892_task_queue_47", "wf-task-queue-type": "Workflow", "wf-namespace": "namespace-ec265ab4-426c-4316-a4b3-47fc66311932", "logging-call-at": "/Users/shivamsaraf/Desktop/work/temporal/common/log/with_logger.go:61"}
2025-03-19T11:38:54.254-0400	debug	user data changed while blocked in long poll	{"host": "127.0.0.1:63279", "component": "matching-engine", "wf-task-queue-name": "rrentVersion_Batching-564e9892_task_queue_7", "wf-task-queue-type": "Workflow", "wf-namespace": "namespace-ec265ab4-426c-4316-a4b3-47fc66311932", "logging-call-at": "/Users/shivamsaraf/Desktop/work/temporal/common/log/with_logger.go:61"}
2025-03-19T11:38:54.254-0400	info	returning user data	{"host": "127.0.0.1:63279", "component": "matching-engine", "wf-task-queue-name": "rrentVersion_Batching-564e9892_task_queue_47", "wf-task-queue-type": "Workflow", "wf-namespace": "namespace-ec265ab4-426c-4316-a4b3-47fc66311932", "long-poll": true, "request-known-version": 1, "user-data-version": 2, "logging-call-at": "/Users/shivamsaraf/Desktop/work/temporal/common/log/with_logger.go:66"}
2025-03-19T11:38:54.254-0400	debug	user data changed while blocked in long poll	{"host": "127.0.0.1:63279", "component": "matching-engine", "wf-task-queue-name": "rrentVersion_Batching-564e9892_task_queue_6", "wf-task-queue-type": "Workflow", "wf-namespace": "namespace-ec265ab4-426c-4316-a4b3-47fc66311932", "logging-call-at": "/Users/shivamsaraf/Desktop/work/temporal/common/log/with_logger.go:61"}
2025-03-19T11:38:54.254-0400	info	returning user data	{"host": "127.0.0.1:63279", "component": "matching-engine", "wf-task-queue-name": "rrentVersion_Batching-564e9892_task_queue_44", "wf-task-queue-type": "Workflow", "wf-namespace": "namespace-ec265ab4-426c-4316-a4b3-47fc66311932", "long-poll": true, "request-known-version": 1, "user-data-version": 2, "logging-call-at": "/Users/shivamsaraf/Desktop/work/temporal/common/log/with_logger.go:66"}
2025-03-19T11:38:54.254-0400	info	fetched user data from parent	{"host": "127.0.0.1:63279", "component": "matching-engine", "wf-task-queue-name": "/_sys/rrentVersion_Batching-564e9892_task_queue_9/2", "wf-task-queue-type": "Workflow", "wf-namespace": "namespace-ec265ab4-426c-4316-a4b3-47fc66311932", "user-data-version": 2, "timestamp": "2025-03-19T15:38:54.139Z", "logging-call-at": "/Users/shivamsaraf/Desktop/work/temporal/common/log/with_logger.go:66"}
2025-03-19T11:38:54.255-0400	info	fetched user data from parent	{"host": "127.0.0.1:63279", "component": "matching-engine", "wf-task-queue-name": "/_sys/rrentVersion_Batching-564e9892_task_queue_34/3", "wf-task-queue-type": "Workflow", "wf-namespace": "namespace-ec265ab4-426c-4316-a4b3-47fc66311932", "user-data-version": 2, "timestamp": "2025-03-19T15:38:54.139Z", "logging-call-at": "/Users/shivamsaraf/Desktop/work/temporal/common/log/with_logger.go:66"}
2025-03-19T11:38:54.256-0400	info	returning user data	{"host": "127.0.0.1:63279", "component": "matching-engine", "wf-task-queue-name": "rrentVersion_Batching-564e9892_task_queue_6", "wf-task-queue-type": "Workflow", "wf-namespace": "namespace-ec265ab4-426c-4316-a4b3-47fc66311932", "long-poll": true, "request-known-version": 1, "user-data-version": 2, "logging-call-at": "/Users/shivamsaraf/Desktop/work/temporal/common/log/with_logger.go:66"}
2025-03-19T11:38:54.256-0400	info	fetched user data from parent	{"host": "127.0.0.1:63279", "component": "matching-engine", "wf-task-queue-name": "/_sys/rrentVersion_Batching-564e9892_task_queue_8/2", "wf-task-queue-type": "Workflow", "wf-namespace": "namespace-ec265ab4-426c-4316-a4b3-47fc66311932", "user-data-version": 2, "timestamp": "2025-03-19T15:38:54.140Z", "logging-call-at": "/Users/shivamsaraf/Desktop/work/temporal/common/log/with_logger.go:66"}
2025-03-19T11:38:54.256-0400	info	fetched user data from parent	{"host": "127.0.0.1:63279", "component": "matching-engine", "wf-task-queue-name": "/_sys/rrentVersion_Batching-564e9892_task_queue_4/2", "wf-task-queue-type": "Workflow", "wf-namespace": "namespace-ec265ab4-426c-4316-a4b3-47fc66311932", "user-data-version": 2, "timestamp": "2025-03-19T15:38:54.140Z", "logging-call-at": "/Users/shivamsaraf/Desktop/work/temporal/common/log/with_logger.go:66"}
2025-03-19T11:38:54.255-0400	info	returning user data	{"host": "127.0.0.1:63279", "component": "matching-engine", "wf-task-queue-name": "rrentVersion_Batching-564e9892_task_queue_4", "wf-task-queue-type": "Workflow", "wf-namespace": "namespace-ec265ab4-426c-4316-a4b3-47fc66311932", "long-poll": true, "request-known-version": 1, "user-data-version": 2, "logging-call-at": "/Users/shivamsaraf/Desktop/work/temporal/common/log/with_logger.go:66"}
2025-03-19T11:38:54.256-0400	info	fetched user data from parent	{"host": "127.0.0.1:63279", "component": "matching-engine", "wf-task-queue-name": "/_sys/rrentVersion_Batching-564e9892_task_queue_38/2", "wf-task-queue-type": "Workflow", "wf-namespace": "namespace-ec265ab4-426c-4316-a4b3-47fc66311932", "user-data-version": 2, "timestamp": "2025-03-19T15:38:54.140Z", "logging-call-at": "/Users/shivamsaraf/Desktop/work/temporal/common/log/with_logger.go:66"}
2025-03-19T11:38:54.253-0400	info	returning user data	{"host": "127.0.0.1:63279", "component": "matching-engine", "wf-task-queue-name": "rrentVersion_Batching-564e9892_task_queue_8", "wf-task-queue-type": "Workflow", "wf-namespace": "namespace-ec265ab4-426c-4316-a4b3-47fc66311932", "long-poll": true, "request-known-version": 1, "user-data-version": 2, "logging-call-at": "/Users/shivamsaraf/Desktop/work/temporal/common/log/with_logger.go:66"}
2025-03-19T11:38:54.254-0400	debug	user data changed while blocked in long poll	{"host": "127.0.0.1:63279", "component": "matching-engine", "wf-task-queue-name": "rrentVersion_Batching-564e9892_task_queue_8", "wf-task-queue-type": "Workflow", "wf-namespace": "namespace-ec265ab4-426c-4316-a4b3-47fc66311932", "logging-call-at": "/Users/shivamsaraf/Desktop/work/temporal/common/log/with_logger.go:61"}
2025-03-19T11:38:54.255-0400	info	fetched user data from parent	{"host": "127.0.0.1:63279", "component": "matching-engine", "wf-task-queue-name": "/_sys/rrentVersion_Batching-564e9892_task_queue_5/3", "wf-task-queue-type": "Workflow", "wf-namespace": "namespace-ec265ab4-426c-4316-a4b3-47fc66311932", "user-data-version": 2, "timestamp": "2025-03-19T15:38:54.140Z", "logging-call-at": "/Users/shivamsaraf/Desktop/work/temporal/common/log/with_logger.go:66"}
2025-03-19T11:38:54.256-0400	info	fetched user data from parent	{"host": "127.0.0.1:63279", "component": "matching-engine", "wf-task-queue-name": "/_sys/rrentVersion_Batching-564e9892_task_queue_32/3", "wf-task-queue-type": "Workflow", "wf-namespace": "namespace-ec265ab4-426c-4316-a4b3-47fc66311932", "user-data-version": 2, "timestamp": "2025-03-19T15:38:54.140Z", "logging-call-at": "/Users/shivamsaraf/Desktop/work/temporal/common/log/with_logger.go:66"}
2025-03-19T11:38:54.254-0400	info	returning user data	{"host": "127.0.0.1:63279", "component": "matching-engine", "wf-task-queue-name": "rrentVersion_Batching-564e9892_task_queue_35", "wf-task-queue-type": "Workflow", "wf-namespace": "namespace-ec265ab4-426c-4316-a4b3-47fc66311932", "long-poll": true, "request-known-version": 1, "user-data-version": 2, "logging-call-at": "/Users/shivamsaraf/Desktop/work/temporal/common/log/with_logger.go:66"}
2025-03-19T11:38:54.256-0400	info	returning user data	{"host": "127.0.0.1:63279", "component": "matching-engine", "wf-task-queue-name": "rrentVersion_Batching-564e9892_task_queue_8", "wf-task-queue-type": "Workflow", "wf-namespace": "namespace-ec265ab4-426c-4316-a4b3-47fc66311932", "long-poll": true, "request-known-version": 1, "user-data-version": 2, "logging-call-at": "/Users/shivamsaraf/Desktop/work/temporal/common/log/with_logger.go:66"}
2025-03-19T11:38:54.254-0400	info	modified user data	{"host": "127.0.0.1:63279", "component": "matching-engine", "wf-task-queue-name": "rrentVersion_Batching-564e9892_task_queue_42", "wf-task-queue-type": "Workflow", "wf-namespace": "namespace-ec265ab4-426c-4316-a4b3-47fc66311932", "user-data-update-source": "SyncDeploymentUserData", "user-data-version": 2, "timestamp": "2025-03-19T15:38:54.140Z", "logging-call-at": "/Users/shivamsaraf/Desktop/work/temporal/common/log/with_logger.go:66"}
2025-03-19T11:38:54.255-0400	info	fetched user data from parent	{"host": "127.0.0.1:63279", "component": "matching-engine", "wf-task-queue-name": "/_sys/rrentVersion_Batching-564e9892_task_queue_9/3", "wf-task-queue-type": "Workflow", "wf-namespace": "namespace-ec265ab4-426c-4316-a4b3-47fc66311932", "user-data-version": 2, "timestamp": "2025-03-19T15:38:54.139Z", "logging-call-at": "/Users/shivamsaraf/Desktop/work/temporal/common/log/with_logger.go:66"}
2025-03-19T11:38:54.255-0400	info	fetched user data from parent	{"host": "127.0.0.1:63279", "component": "matching-engine", "wf-task-queue-name": "/_sys/rrentVersion_Batching-564e9892_task_queue_36/1", "wf-task-queue-type": "Workflow", "wf-namespace": "namespace-ec265ab4-426c-4316-a4b3-47fc66311932", "user-data-version": 2, "timestamp": "2025-03-19T15:38:54.139Z", "logging-call-at": "/Users/shivamsaraf/Desktop/work/temporal/common/log/with_logger.go:66"}
2025-03-19T11:38:54.256-0400	debug	user data changed while blocked in long poll	{"host": "127.0.0.1:63279", "component": "matching-engine", "wf-task-queue-name": "rrentVersion_Batching-564e9892_task_queue_42", "wf-task-queue-type": "Workflow", "wf-namespace": "namespace-ec265ab4-426c-4316-a4b3-47fc66311932", "logging-call-at": "/Users/shivamsaraf/Desktop/work/temporal/common/log/with_logger.go:61"}
2025-03-19T11:38:54.256-0400	debug	user data changed while blocked in long poll	{"host": "127.0.0.1:63279", "component": "matching-engine", "wf-task-queue-name": "rrentVersion_Batching-564e9892_task_queue_42", "wf-task-queue-type": "Workflow", "wf-namespace": "namespace-ec265ab4-426c-4316-a4b3-47fc66311932", "logging-call-at": "/Users/shivamsaraf/Desktop/work/temporal/common/log/with_logger.go:61"}
2025-03-19T11:38:54.256-0400	info	fetched user data from parent	{"host": "127.0.0.1:63279", "component": "matching-engine", "wf-task-queue-name": "/_sys/rrentVersion_Batching-564e9892_task_queue_47/2", "wf-task-queue-type": "Workflow", "wf-namespace": "namespace-ec265ab4-426c-4316-a4b3-47fc66311932", "user-data-version": 2, "timestamp": "2025-03-19T15:38:54.139Z", "logging-call-at": "/Users/shivamsaraf/Desktop/work/temporal/common/log/with_logger.go:66"}
2025-03-19T11:38:54.256-0400	debug	user data changed while blocked in long poll	{"host": "127.0.0.1:63279", "component": "matching-engine", "wf-task-queue-name": "rrentVersion_Batching-564e9892_task_queue_42", "wf-task-queue-type": "Workflow", "wf-namespace": "namespace-ec265ab4-426c-4316-a4b3-47fc66311932", "logging-call-at": "/Users/shivamsaraf/Desktop/work/temporal/common/log/with_logger.go:61"}
2025-03-19T11:38:54.256-0400	info	returning user data	{"host": "127.0.0.1:63279", "component": "matching-engine", "wf-task-queue-name": "rrentVersion_Batching-564e9892_task_queue_42", "wf-task-queue-type": "Workflow", "wf-namespace": "namespace-ec265ab4-426c-4316-a4b3-47fc66311932", "long-poll": true, "request-known-version": 1, "user-data-version": 2, "logging-call-at": "/Users/shivamsaraf/Desktop/work/temporal/common/log/with_logger.go:66"}
2025-03-19T11:38:54.256-0400	info	returning user data	{"host": "127.0.0.1:63279", "component": "matching-engine", "wf-task-queue-name": "rrentVersion_Batching-564e9892_task_queue_42", "wf-task-queue-type": "Workflow", "wf-namespace": "namespace-ec265ab4-426c-4316-a4b3-47fc66311932", "long-poll": true, "request-known-version": 1, "user-data-version": 2, "logging-call-at": "/Users/shivamsaraf/Desktop/work/temporal/common/log/with_logger.go:66"}
2025-03-19T11:38:54.256-0400	info	returning user data	{"host": "127.0.0.1:63279", "component": "matching-engine", "wf-task-queue-name": "rrentVersion_Batching-564e9892_task_queue_42", "wf-task-queue-type": "Workflow", "wf-namespace": "namespace-ec265ab4-426c-4316-a4b3-47fc66311932", "long-poll": true, "request-known-version": 1, "user-data-version": 2, "logging-call-at": "/Users/shivamsaraf/Desktop/work/temporal/common/log/with_logger.go:66"}
2025-03-19T11:38:54.256-0400	info	fetched user data from parent	{"host": "127.0.0.1:63279", "component": "matching-engine", "wf-task-queue-name": "/_sys/rrentVersion_Batching-564e9892_task_queue_7/2", "wf-task-queue-type": "Workflow", "wf-namespace": "namespace-ec265ab4-426c-4316-a4b3-47fc66311932", "user-data-version": 2, "timestamp": "2025-03-19T15:38:54.139Z", "logging-call-at": "/Users/shivamsaraf/Desktop/work/temporal/common/log/with_logger.go:66"}
2025-03-19T11:38:54.255-0400	debug	user data changed while blocked in long poll	{"host": "127.0.0.1:63279", "component": "matching-engine", "wf-task-queue-name": "rrentVersion_Batching-564e9892_task_queue_39", "wf-task-queue-type": "Workflow", "wf-namespace": "namespace-ec265ab4-426c-4316-a4b3-47fc66311932", "logging-call-at": "/Users/shivamsaraf/Desktop/work/temporal/common/log/with_logger.go:61"}
2025-03-19T11:38:54.255-0400	debug	user data changed while blocked in long poll	{"host": "127.0.0.1:63279", "component": "matching-engine", "wf-task-queue-name": "rrentVersion_Batching-564e9892_task_queue_39", "wf-task-queue-type": "Workflow", "wf-namespace": "namespace-ec265ab4-426c-4316-a4b3-47fc66311932", "logging-call-at": "/Users/shivamsaraf/Desktop/work/temporal/common/log/with_logger.go:61"}
2025-03-19T11:38:54.256-0400	info	fetched user data from parent	{"host": "127.0.0.1:63279", "component": "matching-engine", "wf-task-queue-name": "/_sys/rrentVersion_Batching-564e9892_task_queue_7/3", "wf-task-queue-type": "Workflow", "wf-namespace": "namespace-ec265ab4-426c-4316-a4b3-47fc66311932", "user-data-version": 2, "timestamp": "2025-03-19T15:38:54.139Z", "logging-call-at": "/Users/shivamsaraf/Desktop/work/temporal/common/log/with_logger.go:66"}
2025-03-19T11:38:54.256-0400	info	returning user data	{"host": "127.0.0.1:63279", "component": "matching-engine", "wf-task-queue-name": "rrentVersion_Batching-564e9892_task_queue_39", "wf-task-queue-type": "Workflow", "wf-namespace": "namespace-ec265ab4-426c-4316-a4b3-47fc66311932", "long-poll": true, "request-known-version": 1, "user-data-version": 2, "logging-call-at": "/Users/shivamsaraf/Desktop/work/temporal/common/log/with_logger.go:66"}
2025-03-19T11:38:54.255-0400	debug	user data changed while blocked in long poll	{"host": "127.0.0.1:63279", "component": "matching-engine", "wf-task-queue-name": "rrentVersion_Batching-564e9892_task_queue_39", "wf-task-queue-type": "Workflow", "wf-namespace": "namespace-ec265ab4-426c-4316-a4b3-47fc66311932", "logging-call-at": "/Users/shivamsaraf/Desktop/work/temporal/common/log/with_logger.go:61"}
2025-03-19T11:38:54.255-0400	info	returning user data	{"host": "127.0.0.1:63279", "component": "matching-engine", "wf-task-queue-name": "rrentVersion_Batching-564e9892_task_queue_47", "wf-task-queue-type": "Workflow", "wf-namespace": "namespace-ec265ab4-426c-4316-a4b3-47fc66311932", "long-poll": true, "request-known-version": 1, "user-data-version": 2, "logging-call-at": "/Users/shivamsaraf/Desktop/work/temporal/common/log/with_logger.go:66"}
2025-03-19T11:38:54.256-0400	info	returning user data	{"host": "127.0.0.1:63279", "component": "matching-engine", "wf-task-queue-name": "rrentVersion_Batching-564e9892_task_queue_39", "wf-task-queue-type": "Workflow", "wf-namespace": "namespace-ec265ab4-426c-4316-a4b3-47fc66311932", "long-poll": true, "request-known-version": 1, "user-data-version": 2, "logging-call-at": "/Users/shivamsaraf/Desktop/work/temporal/common/log/with_logger.go:66"}
2025-03-19T11:38:54.255-0400	info	fetched user data from parent	{"host": "127.0.0.1:63279", "component": "matching-engine", "wf-task-queue-name": "/_sys/rrentVersion_Batching-564e9892_task_queue_38/1", "wf-task-queue-type": "Workflow", "wf-namespace": "namespace-ec265ab4-426c-4316-a4b3-47fc66311932", "user-data-version": 2, "timestamp": "2025-03-19T15:38:54.140Z", "logging-call-at": "/Users/shivamsaraf/Desktop/work/temporal/common/log/with_logger.go:66"}
2025-03-19T11:38:54.256-0400	info	returning user data	{"host": "127.0.0.1:63279", "component": "matching-engine", "wf-task-queue-name": "rrentVersion_Batching-564e9892_task_queue_7", "wf-task-queue-type": "Workflow", "wf-namespace": "namespace-ec265ab4-426c-4316-a4b3-47fc66311932", "long-poll": true, "request-known-version": 1, "user-data-version": 2, "logging-call-at": "/Users/shivamsaraf/Desktop/work/temporal/common/log/with_logger.go:66"}
2025-03-19T11:38:54.256-0400	info	fetched user data from parent	{"host": "127.0.0.1:63279", "component": "matching-engine", "wf-task-queue-name": "/_sys/rrentVersion_Batching-564e9892_task_queue_48/3", "wf-task-queue-type": "Workflow", "wf-namespace": "namespace-ec265ab4-426c-4316-a4b3-47fc66311932", "user-data-version": 2, "timestamp": "2025-03-19T15:38:54.139Z", "logging-call-at": "/Users/shivamsaraf/Desktop/work/temporal/common/log/with_logger.go:66"}
2025-03-19T11:38:54.256-0400	info	fetched user data from parent	{"host": "127.0.0.1:63279", "component": "matching-engine", "wf-task-queue-name": "/_sys/rrentVersion_Batching-564e9892_task_queue_48/1", "wf-task-queue-type": "Workflow", "wf-namespace": "namespace-ec265ab4-426c-4316-a4b3-47fc66311932", "user-data-version": 2, "timestamp": "2025-03-19T15:38:54.139Z", "logging-call-at": "/Users/shivamsaraf/Desktop/work/temporal/common/log/with_logger.go:66"}
2025-03-19T11:38:54.256-0400	info	fetched user data from parent	{"host": "127.0.0.1:63279", "component": "matching-engine", "wf-task-queue-name": "/_sys/rrentVersion_Batching-564e9892_task_queue_6/1", "wf-task-queue-type": "Workflow", "wf-namespace": "namespace-ec265ab4-426c-4316-a4b3-47fc66311932", "user-data-version": 2, "timestamp": "2025-03-19T15:38:54.140Z", "logging-call-at": "/Users/shivamsaraf/Desktop/work/temporal/common/log/with_logger.go:66"}
2025-03-19T11:38:54.255-0400	info	fetched user data from parent	{"host": "127.0.0.1:63279", "component": "matching-engine", "wf-task-queue-name": "/_sys/rrentVersion_Batching-564e9892_task_queue_48/2", "wf-task-queue-type": "Workflow", "wf-namespace": "namespace-ec265ab4-426c-4316-a4b3-47fc66311932", "user-data-version": 2, "timestamp": "2025-03-19T15:38:54.139Z", "logging-call-at": "/Users/shivamsaraf/Desktop/work/temporal/common/log/with_logger.go:66"}
2025-03-19T11:38:54.256-0400	info	fetched user data from parent	{"host": "127.0.0.1:63279", "component": "matching-engine", "wf-task-queue-name": "/_sys/rrentVersion_Batching-564e9892_task_queue_33/2", "wf-task-queue-type": "Workflow", "wf-namespace": "namespace-ec265ab4-426c-4316-a4b3-47fc66311932", "user-data-version": 2, "timestamp": "2025-03-19T15:38:54.140Z", "logging-call-at": "/Users/shivamsaraf/Desktop/work/temporal/common/log/with_logger.go:66"}
2025-03-19T11:38:54.257-0400	info	fetched user data from parent	{"host": "127.0.0.1:63279", "component": "matching-engine", "wf-task-queue-name": "/_sys/rrentVersion_Batching-564e9892_task_queue_32/2", "wf-task-queue-type": "Workflow", "wf-namespace": "namespace-ec265ab4-426c-4316-a4b3-47fc66311932", "user-data-version": 2, "timestamp": "2025-03-19T15:38:54.140Z", "logging-call-at": "/Users/shivamsaraf/Desktop/work/temporal/common/log/with_logger.go:66"}
2025-03-19T11:38:54.257-0400	info	fetched user data from parent	{"host": "127.0.0.1:63279", "component": "matching-engine", "wf-task-queue-name": "/_sys/rrentVersion_Batching-564e9892_task_queue_33/1", "wf-task-queue-type": "Workflow", "wf-namespace": "namespace-ec265ab4-426c-4316-a4b3-47fc66311932", "user-data-version": 2, "timestamp": "2025-03-19T15:38:54.140Z", "logging-call-at": "/Users/shivamsaraf/Desktop/work/temporal/common/log/with_logger.go:66"}
2025-03-19T11:38:54.257-0400	info	fetched user data from parent	{"host": "127.0.0.1:63279", "component": "matching-engine", "wf-task-queue-name": "/_sys/rrentVersion_Batching-564e9892_task_queue_38/3", "wf-task-queue-type": "Workflow", "wf-namespace": "namespace-ec265ab4-426c-4316-a4b3-47fc66311932", "user-data-version": 2, "timestamp": "2025-03-19T15:38:54.140Z", "logging-call-at": "/Users/shivamsaraf/Desktop/work/temporal/common/log/with_logger.go:66"}
2025-03-19T11:38:54.257-0400	info	fetched user data from parent	{"host": "127.0.0.1:63279", "component": "matching-engine", "wf-task-queue-name": "/_sys/rrentVersion_Batching-564e9892_task_queue_41/3", "wf-task-queue-type": "Workflow", "wf-namespace": "namespace-ec265ab4-426c-4316-a4b3-47fc66311932", "user-data-version": 2, "timestamp": "2025-03-19T15:38:54.140Z", "logging-call-at": "/Users/shivamsaraf/Desktop/work/temporal/common/log/with_logger.go:66"}
2025-03-19T11:38:54.256-0400	info	returning user data	{"host": "127.0.0.1:63279", "component": "matching-engine", "wf-task-queue-name": "rrentVersion_Batching-564e9892_task_queue_39", "wf-task-queue-type": "Workflow", "wf-namespace": "namespace-ec265ab4-426c-4316-a4b3-47fc66311932", "long-poll": true, "request-known-version": 1, "user-data-version": 2, "logging-call-at": "/Users/shivamsaraf/Desktop/work/temporal/common/log/with_logger.go:66"}
2025-03-19T11:38:54.257-0400	info	fetched user data from parent	{"host": "127.0.0.1:63279", "component": "matching-engine", "wf-task-queue-name": "/_sys/rrentVersion_Batching-564e9892_task_queue_4/3", "wf-task-queue-type": "Workflow", "wf-namespace": "namespace-ec265ab4-426c-4316-a4b3-47fc66311932", "user-data-version": 2, "timestamp": "2025-03-19T15:38:54.140Z", "logging-call-at": "/Users/shivamsaraf/Desktop/work/temporal/common/log/with_logger.go:66"}
2025-03-19T11:38:54.257-0400	info	fetched user data from parent	{"host": "127.0.0.1:63279", "component": "matching-engine", "wf-task-queue-name": "/_sys/rrentVersion_Batching-564e9892_task_queue_31/3", "wf-task-queue-type": "Workflow", "wf-namespace": "namespace-ec265ab4-426c-4316-a4b3-47fc66311932", "user-data-version": 2, "timestamp": "2025-03-19T15:38:54.140Z", "logging-call-at": "/Users/shivamsaraf/Desktop/work/temporal/common/log/with_logger.go:66"}
2025-03-19T11:38:54.257-0400	debug	Frontend method invoked.	{"host": "127.0.0.1:63278", "wf-namespace": "namespace-ec265ab4-426c-4316-a4b3-47fc66311932", "operation": "RespondActivityTaskCompleted", "server-name": "", "cert-thumbprint": "", "logging-call-at": "/Users/shivamsaraf/Desktop/work/temporal/common/log/with_logger.go:61"}
2025-03-19T11:38:54.257-0400	info	fetched user data from parent	{"host": "127.0.0.1:63279", "component": "matching-engine", "wf-task-queue-name": "/_sys/rrentVersion_Batching-564e9892_task_queue_32/1", "wf-task-queue-type": "Workflow", "wf-namespace": "namespace-ec265ab4-426c-4316-a4b3-47fc66311932", "user-data-version": 2, "timestamp": "2025-03-19T15:38:54.140Z", "logging-call-at": "/Users/shivamsaraf/Desktop/work/temporal/common/log/with_logger.go:66"}
2025-03-19T11:38:54.257-0400	info	fetched user data from parent	{"host": "127.0.0.1:63279", "component": "matching-engine", "wf-task-queue-name": "/_sys/rrentVersion_Batching-564e9892_task_queue_35/3", "wf-task-queue-type": "Workflow", "wf-namespace": "namespace-ec265ab4-426c-4316-a4b3-47fc66311932", "user-data-version": 2, "timestamp": "2025-03-19T15:38:54.140Z", "logging-call-at": "/Users/shivamsaraf/Desktop/work/temporal/common/log/with_logger.go:66"}
2025-03-19T11:38:54.257-0400	info	fetched user data from parent	{"host": "127.0.0.1:63279", "component": "matching-engine", "wf-task-queue-name": "/_sys/rrentVersion_Batching-564e9892_task_queue_41/2", "wf-task-queue-type": "Workflow", "wf-namespace": "namespace-ec265ab4-426c-4316-a4b3-47fc66311932", "user-data-version": 2, "timestamp": "2025-03-19T15:38:54.140Z", "logging-call-at": "/Users/shivamsaraf/Desktop/work/temporal/common/log/with_logger.go:66"}
2025-03-19T11:38:54.257-0400	info	fetched user data from parent	{"host": "127.0.0.1:63279", "component": "matching-engine", "wf-task-queue-name": "/_sys/rrentVersion_Batching-564e9892_task_queue_6/3", "wf-task-queue-type": "Workflow", "wf-namespace": "namespace-ec265ab4-426c-4316-a4b3-47fc66311932", "user-data-version": 2, "timestamp": "2025-03-19T15:38:54.140Z", "logging-call-at": "/Users/shivamsaraf/Desktop/work/temporal/common/log/with_logger.go:66"}
2025-03-19T11:38:54.257-0400	info	fetched user data from parent	{"host": "127.0.0.1:63279", "component": "matching-engine", "wf-task-queue-name": "/_sys/rrentVersion_Batching-564e9892_task_queue_40/1", "wf-task-queue-type": "Workflow", "wf-namespace": "namespace-ec265ab4-426c-4316-a4b3-47fc66311932", "user-data-version": 2, "timestamp": "2025-03-19T15:38:54.140Z", "logging-call-at": "/Users/shivamsaraf/Desktop/work/temporal/common/log/with_logger.go:66"}
2025-03-19T11:38:54.257-0400	info	fetched user data from parent	{"host": "127.0.0.1:63279", "component": "matching-engine", "wf-task-queue-name": "/_sys/rrentVersion_Batching-564e9892_task_queue_45/3", "wf-task-queue-type": "Workflow", "wf-namespace": "namespace-ec265ab4-426c-4316-a4b3-47fc66311932", "user-data-version": 2, "timestamp": "2025-03-19T15:38:54.140Z", "logging-call-at": "/Users/shivamsaraf/Desktop/work/temporal/common/log/with_logger.go:66"}
2025-03-19T11:38:54.257-0400	info	fetched user data from parent	{"host": "127.0.0.1:63279", "component": "matching-engine", "wf-task-queue-name": "/_sys/rrentVersion_Batching-564e9892_task_queue_31/2", "wf-task-queue-type": "Workflow", "wf-namespace": "namespace-ec265ab4-426c-4316-a4b3-47fc66311932", "user-data-version": 2, "timestamp": "2025-03-19T15:38:54.140Z", "logging-call-at": "/Users/shivamsaraf/Desktop/work/temporal/common/log/with_logger.go:66"}
2025-03-19T11:38:54.257-0400	info	fetched user data from parent	{"host": "127.0.0.1:63279", "component": "matching-engine", "wf-task-queue-name": "/_sys/rrentVersion_Batching-564e9892_task_queue_31/1", "wf-task-queue-type": "Workflow", "wf-namespace": "namespace-ec265ab4-426c-4316-a4b3-47fc66311932", "user-data-version": 2, "timestamp": "2025-03-19T15:38:54.140Z", "logging-call-at": "/Users/shivamsaraf/Desktop/work/temporal/common/log/with_logger.go:66"}
2025-03-19T11:38:54.257-0400	info	fetched user data from parent	{"host": "127.0.0.1:63279", "component": "matching-engine", "wf-task-queue-name": "/_sys/rrentVersion_Batching-564e9892_task_queue_41/1", "wf-task-queue-type": "Workflow", "wf-namespace": "namespace-ec265ab4-426c-4316-a4b3-47fc66311932", "user-data-version": 2, "timestamp": "2025-03-19T15:38:54.140Z", "logging-call-at": "/Users/shivamsaraf/Desktop/work/temporal/common/log/with_logger.go:66"}
2025-03-19T11:38:54.257-0400	info	fetched user data from parent	{"host": "127.0.0.1:63279", "component": "matching-engine", "wf-task-queue-name": "/_sys/rrentVersion_Batching-564e9892_task_queue_40/3", "wf-task-queue-type": "Workflow", "wf-namespace": "namespace-ec265ab4-426c-4316-a4b3-47fc66311932", "user-data-version": 2, "timestamp": "2025-03-19T15:38:54.140Z", "logging-call-at": "/Users/shivamsaraf/Desktop/work/temporal/common/log/with_logger.go:66"}
2025-03-19T11:38:54.258-0400	info	fetched user data from parent	{"host": "127.0.0.1:63279", "component": "matching-engine", "wf-task-queue-name": "/_sys/rrentVersion_Batching-564e9892_task_queue_49/2", "wf-task-queue-type": "Workflow", "wf-namespace": "namespace-ec265ab4-426c-4316-a4b3-47fc66311932", "user-data-version": 2, "timestamp": "2025-03-19T15:38:54.140Z", "logging-call-at": "/Users/shivamsaraf/Desktop/work/temporal/common/log/with_logger.go:66"}
2025-03-19T11:38:54.258-0400	info	fetched user data from parent	{"host": "127.0.0.1:63279", "component": "matching-engine", "wf-task-queue-name": "/_sys/rrentVersion_Batching-564e9892_task_queue_35/1", "wf-task-queue-type": "Workflow", "wf-namespace": "namespace-ec265ab4-426c-4316-a4b3-47fc66311932", "user-data-version": 2, "timestamp": "2025-03-19T15:38:54.140Z", "logging-call-at": "/Users/shivamsaraf/Desktop/work/temporal/common/log/with_logger.go:66"}
2025-03-19T11:38:54.258-0400	info	fetched user data from parent	{"host": "127.0.0.1:63279", "component": "matching-engine", "wf-task-queue-name": "/_sys/rrentVersion_Batching-564e9892_task_queue_45/2", "wf-task-queue-type": "Workflow", "wf-namespace": "namespace-ec265ab4-426c-4316-a4b3-47fc66311932", "user-data-version": 2, "timestamp": "2025-03-19T15:38:54.140Z", "logging-call-at": "/Users/shivamsaraf/Desktop/work/temporal/common/log/with_logger.go:66"}
2025-03-19T11:38:54.258-0400	info	fetched user data from parent	{"host": "127.0.0.1:63279", "component": "matching-engine", "wf-task-queue-name": "/_sys/rrentVersion_Batching-564e9892_task_queue_33/3", "wf-task-queue-type": "Workflow", "wf-namespace": "namespace-ec265ab4-426c-4316-a4b3-47fc66311932", "user-data-version": 2, "timestamp": "2025-03-19T15:38:54.140Z", "logging-call-at": "/Users/shivamsaraf/Desktop/work/temporal/common/log/with_logger.go:66"}
2025-03-19T11:38:54.258-0400	info	fetched user data from parent	{"host": "127.0.0.1:63279", "component": "matching-engine", "wf-task-queue-name": "/_sys/rrentVersion_Batching-564e9892_task_queue_44/1", "wf-task-queue-type": "Workflow", "wf-namespace": "namespace-ec265ab4-426c-4316-a4b3-47fc66311932", "user-data-version": 2, "timestamp": "2025-03-19T15:38:54.140Z", "logging-call-at": "/Users/shivamsaraf/Desktop/work/temporal/common/log/with_logger.go:66"}
2025-03-19T11:38:54.258-0400	info	fetched user data from parent	{"host": "127.0.0.1:63279", "component": "matching-engine", "wf-task-queue-name": "/_sys/rrentVersion_Batching-564e9892_task_queue_49/3", "wf-task-queue-type": "Workflow", "wf-namespace": "namespace-ec265ab4-426c-4316-a4b3-47fc66311932", "user-data-version": 2, "timestamp": "2025-03-19T15:38:54.140Z", "logging-call-at": "/Users/shivamsaraf/Desktop/work/temporal/common/log/with_logger.go:66"}
2025-03-19T11:38:54.258-0400	debug	Workflow task updated	{"host": "127.0.0.1:63280", "shard-id": 4, "address": "127.0.0.1:63280", "wf-scheduled-event-id": 882, "wf-started-event-id": 0, "workflow-task-request-id": "emptyUuid", "workflow-task-timeout": 10, "attempt": 1, "wf-started-timestamp": "0001-01-01T00:00:00.000Z", "wt-type": "Normal", "logging-call-at": "/Users/shivamsaraf/Desktop/work/temporal/common/log/with_logger.go:61"}
2025-03-19T11:38:54.258-0400	debug	Assigning new task key	{"host": "127.0.0.1:63280", "shard-id": 4, "address": "127.0.0.1:63280", "wf-namespace-id": "d0b550e3-6091-4a9b-a9aa-3d80ffb24954", "wf-id": "temporal-sys-worker-deployment-version:rrentVersion_Batching-564e9892_deployment_series.rrentVersion_Batching-564e9892_build_id", "wf-run-id": "0195af0e-98a0-7d94-93e5-2a1d2e5942f8", "queue-task-type": "WorkflowTaskTimeout", "queue-task-id": 1050851, "timestamp": "2025-03-19T15:38:59.259Z", "cursor-timestamp": "2025-03-19T15:38:55.132Z", "logging-call-at": "/Users/shivamsaraf/Desktop/work/temporal/common/log/with_logger.go:61"}
2025-03-19T11:38:54.258-0400	info	fetched user data from parent	{"host": "127.0.0.1:63279", "component": "matching-engine", "wf-task-queue-name": "/_sys/rrentVersion_Batching-564e9892_task_queue_45/1", "wf-task-queue-type": "Workflow", "wf-namespace": "namespace-ec265ab4-426c-4316-a4b3-47fc66311932", "user-data-version": 2, "timestamp": "2025-03-19T15:38:54.140Z", "logging-call-at": "/Users/shivamsaraf/Desktop/work/temporal/common/log/with_logger.go:66"}
2025-03-19T11:38:54.258-0400	info	fetched user data from parent	{"host": "127.0.0.1:63279", "component": "matching-engine", "wf-task-queue-name": "/_sys/rrentVersion_Batching-564e9892_task_queue_49/1", "wf-task-queue-type": "Workflow", "wf-namespace": "namespace-ec265ab4-426c-4316-a4b3-47fc66311932", "user-data-version": 2, "timestamp": "2025-03-19T15:38:54.140Z", "logging-call-at": "/Users/shivamsaraf/Desktop/work/temporal/common/log/with_logger.go:66"}
2025-03-19T11:38:54.258-0400	debug	Assigning new task key	{"host": "127.0.0.1:63280", "shard-id": 4, "address": "127.0.0.1:63280", "wf-namespace-id": "d0b550e3-6091-4a9b-a9aa-3d80ffb24954", "wf-id": "temporal-sys-worker-deployment-version:rrentVersion_Batching-564e9892_deployment_series.rrentVersion_Batching-564e9892_build_id", "wf-run-id": "0195af0e-98a0-7d94-93e5-2a1d2e5942f8", "queue-task-type": "TransferWorkflowTask", "queue-task-id": 1050852, "timestamp": "2025-03-19T15:38:54.258Z", "cursor-timestamp": "2025-03-19T15:38:55.132Z", "logging-call-at": "/Users/shivamsaraf/Desktop/work/temporal/common/log/with_logger.go:61"}
2025-03-19T11:38:54.258-0400	info	fetched user data from parent	{"host": "127.0.0.1:63279", "component": "matching-engine", "wf-task-queue-name": "/_sys/rrentVersion_Batching-564e9892_task_queue_44/3", "wf-task-queue-type": "Workflow", "wf-namespace": "namespace-ec265ab4-426c-4316-a4b3-47fc66311932", "user-data-version": 2, "timestamp": "2025-03-19T15:38:54.140Z", "logging-call-at": "/Users/shivamsaraf/Desktop/work/temporal/common/log/with_logger.go:66"}
2025-03-19T11:38:54.258-0400	info	fetched user data from parent	{"host": "127.0.0.1:63279", "component": "matching-engine", "wf-task-queue-name": "/_sys/rrentVersion_Batching-564e9892_task_queue_47/1", "wf-task-queue-type": "Workflow", "wf-namespace": "namespace-ec265ab4-426c-4316-a4b3-47fc66311932", "user-data-version": 2, "timestamp": "2025-03-19T15:38:54.139Z", "logging-call-at": "/Users/shivamsaraf/Desktop/work/temporal/common/log/with_logger.go:66"}
2025-03-19T11:38:54.258-0400	info	fetched user data from parent	{"host": "127.0.0.1:63279", "component": "matching-engine", "wf-task-queue-name": "/_sys/rrentVersion_Batching-564e9892_task_queue_40/2", "wf-task-queue-type": "Workflow", "wf-namespace": "namespace-ec265ab4-426c-4316-a4b3-47fc66311932", "user-data-version": 2, "timestamp": "2025-03-19T15:38:54.140Z", "logging-call-at": "/Users/shivamsaraf/Desktop/work/temporal/common/log/with_logger.go:66"}
2025-03-19T11:38:54.258-0400	info	fetched user data from parent	{"host": "127.0.0.1:63279", "component": "matching-engine", "wf-task-queue-name": "/_sys/rrentVersion_Batching-564e9892_task_queue_44/2", "wf-task-queue-type": "Workflow", "wf-namespace": "namespace-ec265ab4-426c-4316-a4b3-47fc66311932", "user-data-version": 2, "timestamp": "2025-03-19T15:38:54.140Z", "logging-call-at": "/Users/shivamsaraf/Desktop/work/temporal/common/log/with_logger.go:66"}
2025-03-19T11:38:54.258-0400	info	fetched user data from parent	{"host": "127.0.0.1:63279", "component": "matching-engine", "wf-task-queue-name": "/_sys/rrentVersion_Batching-564e9892_task_queue_6/2", "wf-task-queue-type": "Workflow", "wf-namespace": "namespace-ec265ab4-426c-4316-a4b3-47fc66311932", "user-data-version": 2, "timestamp": "2025-03-19T15:38:54.140Z", "logging-call-at": "/Users/shivamsaraf/Desktop/work/temporal/common/log/with_logger.go:66"}
2025-03-19T11:38:54.258-0400	info	fetched user data from parent	{"host": "127.0.0.1:63279", "component": "matching-engine", "wf-task-queue-name": "/_sys/rrentVersion_Batching-564e9892_task_queue_4/1", "wf-task-queue-type": "Workflow", "wf-namespace": "namespace-ec265ab4-426c-4316-a4b3-47fc66311932", "user-data-version": 2, "timestamp": "2025-03-19T15:38:54.140Z", "logging-call-at": "/Users/shivamsaraf/Desktop/work/temporal/common/log/with_logger.go:66"}
2025-03-19T11:38:54.258-0400	info	fetched user data from parent	{"host": "127.0.0.1:63279", "component": "matching-engine", "wf-task-queue-name": "/_sys/rrentVersion_Batching-564e9892_task_queue_8/1", "wf-task-queue-type": "Workflow", "wf-namespace": "namespace-ec265ab4-426c-4316-a4b3-47fc66311932", "user-data-version": 2, "timestamp": "2025-03-19T15:38:54.140Z", "logging-call-at": "/Users/shivamsaraf/Desktop/work/temporal/common/log/with_logger.go:66"}
2025-03-19T11:38:54.258-0400	info	fetched user data from parent	{"host": "127.0.0.1:63279", "component": "matching-engine", "wf-task-queue-name": "/_sys/rrentVersion_Batching-564e9892_task_queue_35/2", "wf-task-queue-type": "Workflow", "wf-namespace": "namespace-ec265ab4-426c-4316-a4b3-47fc66311932", "user-data-version": 2, "timestamp": "2025-03-19T15:38:54.140Z", "logging-call-at": "/Users/shivamsaraf/Desktop/work/temporal/common/log/with_logger.go:66"}
2025-03-19T11:38:54.258-0400	info	fetched user data from parent	{"host": "127.0.0.1:63279", "component": "matching-engine", "wf-task-queue-name": "/_sys/rrentVersion_Batching-564e9892_task_queue_8/3", "wf-task-queue-type": "Workflow", "wf-namespace": "namespace-ec265ab4-426c-4316-a4b3-47fc66311932", "user-data-version": 2, "timestamp": "2025-03-19T15:38:54.140Z", "logging-call-at": "/Users/shivamsaraf/Desktop/work/temporal/common/log/with_logger.go:66"}
2025-03-19T11:38:54.259-0400	info	fetched user data from parent	{"host": "127.0.0.1:63279", "component": "matching-engine", "wf-task-queue-name": "/_sys/rrentVersion_Batching-564e9892_task_queue_42/3", "wf-task-queue-type": "Workflow", "wf-namespace": "namespace-ec265ab4-426c-4316-a4b3-47fc66311932", "user-data-version": 2, "timestamp": "2025-03-19T15:38:54.140Z", "logging-call-at": "/Users/shivamsaraf/Desktop/work/temporal/common/log/with_logger.go:66"}
2025-03-19T11:38:54.259-0400	info	fetched user data from parent	{"host": "127.0.0.1:63279", "component": "matching-engine", "wf-task-queue-name": "/_sys/rrentVersion_Batching-564e9892_task_queue_42/1", "wf-task-queue-type": "Workflow", "wf-namespace": "namespace-ec265ab4-426c-4316-a4b3-47fc66311932", "user-data-version": 2, "timestamp": "2025-03-19T15:38:54.140Z", "logging-call-at": "/Users/shivamsaraf/Desktop/work/temporal/common/log/with_logger.go:66"}
2025-03-19T11:38:54.259-0400	info	fetched user data from parent	{"host": "127.0.0.1:63279", "component": "matching-engine", "wf-task-queue-name": "/_sys/rrentVersion_Batching-564e9892_task_queue_42/2", "wf-task-queue-type": "Workflow", "wf-namespace": "namespace-ec265ab4-426c-4316-a4b3-47fc66311932", "user-data-version": 2, "timestamp": "2025-03-19T15:38:54.140Z", "logging-call-at": "/Users/shivamsaraf/Desktop/work/temporal/common/log/with_logger.go:66"}
2025-03-19T11:38:54.259-0400	info	fetched user data from parent	{"host": "127.0.0.1:63279", "component": "matching-engine", "wf-task-queue-name": "/_sys/rrentVersion_Batching-564e9892_task_queue_39/2", "wf-task-queue-type": "Workflow", "wf-namespace": "namespace-ec265ab4-426c-4316-a4b3-47fc66311932", "user-data-version": 2, "timestamp": "2025-03-19T15:38:54.139Z", "logging-call-at": "/Users/shivamsaraf/Desktop/work/temporal/common/log/with_logger.go:66"}
2025-03-19T11:38:54.259-0400	info	fetched user data from parent	{"host": "127.0.0.1:63279", "component": "matching-engine", "wf-task-queue-name": "/_sys/rrentVersion_Batching-564e9892_task_queue_39/1", "wf-task-queue-type": "Workflow", "wf-namespace": "namespace-ec265ab4-426c-4316-a4b3-47fc66311932", "user-data-version": 2, "timestamp": "2025-03-19T15:38:54.139Z", "logging-call-at": "/Users/shivamsaraf/Desktop/work/temporal/common/log/with_logger.go:66"}
2025-03-19T11:38:54.259-0400	info	fetched user data from parent	{"host": "127.0.0.1:63279", "component": "matching-engine", "wf-task-queue-name": "/_sys/rrentVersion_Batching-564e9892_task_queue_47/3", "wf-task-queue-type": "Workflow", "wf-namespace": "namespace-ec265ab4-426c-4316-a4b3-47fc66311932", "user-data-version": 2, "timestamp": "2025-03-19T15:38:54.139Z", "logging-call-at": "/Users/shivamsaraf/Desktop/work/temporal/common/log/with_logger.go:66"}
2025-03-19T11:38:54.259-0400	info	fetched user data from parent	{"host": "127.0.0.1:63279", "component": "matching-engine", "wf-task-queue-name": "/_sys/rrentVersion_Batching-564e9892_task_queue_7/1", "wf-task-queue-type": "Workflow", "wf-namespace": "namespace-ec265ab4-426c-4316-a4b3-47fc66311932", "user-data-version": 2, "timestamp": "2025-03-19T15:38:54.139Z", "logging-call-at": "/Users/shivamsaraf/Desktop/work/temporal/common/log/with_logger.go:66"}
2025-03-19T11:38:54.259-0400	info	fetched user data from parent	{"host": "127.0.0.1:63279", "component": "matching-engine", "wf-task-queue-name": "/_sys/rrentVersion_Batching-564e9892_task_queue_39/3", "wf-task-queue-type": "Workflow", "wf-namespace": "namespace-ec265ab4-426c-4316-a4b3-47fc66311932", "user-data-version": 2, "timestamp": "2025-03-19T15:38:54.139Z", "logging-call-at": "/Users/shivamsaraf/Desktop/work/temporal/common/log/with_logger.go:66"}
2025-03-19T11:38:54.264-0400	debug	Process task as active.	{"host": "127.0.0.1:63280", "shard-id": 4, "address": "127.0.0.1:63280", "component": "timer-queue-processor", "wf-namespace-id": "d0b550e3-6091-4a9b-a9aa-3d80ffb24954", "value": "d0b550e3-6091-4a9b-a9aa-3d80ffb24954/temporal-sys-worker-deployment-version:rrentVersion_Batching-564e9892_deployment_series.rrentVersion_Batching-564e9892_build_id/0195af0e-98a0-7d94-93e5-2a1d2e5942f8", "logging-call-at": "/Users/shivamsaraf/Desktop/work/temporal/common/log/with_logger.go:61"}
2025-03-19T11:38:54.264-0400	debug	Process task as active.	{"host": "127.0.0.1:63280", "shard-id": 4, "address": "127.0.0.1:63280", "component": "transfer-queue-processor", "wf-namespace-id": "d0b550e3-6091-4a9b-a9aa-3d80ffb24954", "value": "d0b550e3-6091-4a9b-a9aa-3d80ffb24954/temporal-sys-worker-deployment-version:rrentVersion_Batching-564e9892_deployment_series.rrentVersion_Batching-564e9892_build_id/0195af0e-98a0-7d94-93e5-2a1d2e5942f8", "logging-call-at": "/Users/shivamsaraf/Desktop/work/temporal/common/log/with_logger.go:61"}
2025-03-19T11:38:54.265-0400	debug	Workflow task updated	{"host": "127.0.0.1:63280", "shard-id": 4, "address": "127.0.0.1:63280", "wf-scheduled-event-id": 882, "wf-started-event-id": 883, "workflow-task-request-id": "a9398c08-6730-4d05-993d-75ccc662e016", "workflow-task-timeout": 10, "attempt": 1, "wf-started-timestamp": "2025-03-19T15:38:54.265Z", "wt-type": "Normal", "logging-call-at": "/Users/shivamsaraf/Desktop/work/temporal/common/log/with_logger.go:61"}
2025-03-19T11:38:54.265-0400	debug	Assigning new task key	{"host": "127.0.0.1:63280", "shard-id": 4, "address": "127.0.0.1:63280", "wf-namespace-id": "d0b550e3-6091-4a9b-a9aa-3d80ffb24954", "wf-id": "temporal-sys-worker-deployment-version:rrentVersion_Batching-564e9892_deployment_series.rrentVersion_Batching-564e9892_build_id", "wf-run-id": "0195af0e-98a0-7d94-93e5-2a1d2e5942f8", "queue-task-type": "WorkflowTaskTimeout", "queue-task-id": 1050855, "timestamp": "2025-03-19T15:39:04.266Z", "cursor-timestamp": "2025-03-19T15:38:55.263Z", "logging-call-at": "/Users/shivamsaraf/Desktop/work/temporal/common/log/with_logger.go:61"}
2025-03-19T11:38:54.270-0400	debug	Process task as active.	{"host": "127.0.0.1:63280", "shard-id": 4, "address": "127.0.0.1:63280", "component": "timer-queue-processor", "wf-namespace-id": "d0b550e3-6091-4a9b-a9aa-3d80ffb24954", "value": "d0b550e3-6091-4a9b-a9aa-3d80ffb24954/temporal-sys-worker-deployment-version:rrentVersion_Batching-564e9892_deployment_series.rrentVersion_Batching-564e9892_build_id/0195af0e-98a0-7d94-93e5-2a1d2e5942f8", "logging-call-at": "/Users/shivamsaraf/Desktop/work/temporal/common/log/with_logger.go:61"}
2025-03-19T11:38:54.275-0400	debug	ExecuteActivity	{"host": "127.0.0.1:63281", "Namespace": "namespace-ec265ab4-426c-4316-a4b3-47fc66311932", "TaskQueue": "temporal-sys-per-ns-tq", "WorkerID": "temporal-system@Shivams-MacBook-Pro.local@namespace-ec265ab4-426c-4316-a4b3-47fc66311932", "WorkflowType": "temporal-sys-worker-deployment-version-workflow", "WorkflowID": "temporal-sys-worker-deployment-version:rrentVersion_Batching-564e9892_deployment_series.rrentVersion_Batching-564e9892_build_id", "RunID": "0195af0e-98a0-7d94-93e5-2a1d2e5942f8", "Attempt": 0, "ActivityID": "885", "ActivityType": "CheckWorkerDeploymentUserDataPropagation", "logging-call-at": "/Users/shivamsaraf/Desktop/work/temporal/common/log/with_logger.go:61"}
2025-03-19T11:38:54.275-0400	debug	Frontend method invoked.	{"host": "127.0.0.1:63278", "wf-namespace": "namespace-ec265ab4-426c-4316-a4b3-47fc66311932", "operation": "PollWorkflowTaskQueue", "server-name": "", "cert-thumbprint": "", "logging-call-at": "/Users/shivamsaraf/Desktop/work/temporal/common/log/with_logger.go:61"}
2025-03-19T11:38:54.275-0400	debug	Received PollWorkflowTaskQueue	{"host": "127.0.0.1:63278", "service": "frontend", "logging-call-at": "/Users/shivamsaraf/Desktop/work/temporal/common/log/with_logger.go:61"}
2025-03-19T11:38:54.275-0400	debug	Poll workflow task queue.	{"host": "127.0.0.1:63278", "service": "frontend", "wf-namespace": "namespace-ec265ab4-426c-4316-a4b3-47fc66311932", "wf-namespace-id": "d0b550e3-6091-4a9b-a9aa-3d80ffb24954", "logging-call-at": "/Users/shivamsaraf/Desktop/work/temporal/common/log/with_logger.go:61"}
2025-03-19T11:38:54.275-0400	debug	Frontend method invoked.	{"host": "127.0.0.1:63278", "wf-namespace": "namespace-ec265ab4-426c-4316-a4b3-47fc66311932", "operation": "RespondWorkflowTaskCompleted", "server-name": "", "cert-thumbprint": "", "logging-call-at": "/Users/shivamsaraf/Desktop/work/temporal/common/log/with_logger.go:61"}
2025-03-19T11:38:54.276-0400	debug	RespondWorkflowTaskCompleted	{"host": "127.0.0.1:63280", "service": "history", "wf-namespace-id": "d0b550e3-6091-4a9b-a9aa-3d80ffb24954", "wf-id": "temporal-sys-worker-deployment-version:rrentVersion_Batching-564e9892_deployment_series.rrentVersion_Batching-564e9892_build_id", "wf-run-id": "0195af0e-98a0-7d94-93e5-2a1d2e5942f8", "wf-scheduled-event-id": 882, "logging-call-at": "/Users/shivamsaraf/Desktop/work/temporal/common/log/with_logger.go:61"}
2025-03-19T11:38:54.276-0400	debug	Workflow task updated	{"host": "127.0.0.1:63280", "shard-id": 4, "address": "127.0.0.1:63280", "wf-scheduled-event-id": 0, "wf-started-event-id": 0, "workflow-task-request-id": "emptyUuid", "workflow-task-timeout": 0, "attempt": 1, "wf-started-timestamp": "1970-01-01T00:00:00.000Z", "wt-type": "Unspecified", "logging-call-at": "/Users/shivamsaraf/Desktop/work/temporal/common/log/with_logger.go:61"}
2025-03-19T11:38:54.276-0400	debug	Assigning new task key	{"host": "127.0.0.1:63280", "shard-id": 4, "address": "127.0.0.1:63280", "wf-namespace-id": "d0b550e3-6091-4a9b-a9aa-3d80ffb24954", "wf-id": "temporal-sys-worker-deployment-version:rrentVersion_Batching-564e9892_deployment_series.rrentVersion_Batching-564e9892_build_id", "wf-run-id": "0195af0e-98a0-7d94-93e5-2a1d2e5942f8", "queue-task-type": "TransferActivityTask", "queue-task-id": 1050860, "timestamp": "2025-03-19T15:38:54.276Z", "cursor-timestamp": "2025-03-19T15:38:55.263Z", "logging-call-at": "/Users/shivamsaraf/Desktop/work/temporal/common/log/with_logger.go:61"}
2025-03-19T11:38:54.280-0400	debug	Process task as active.	{"host": "127.0.0.1:63280", "shard-id": 4, "address": "127.0.0.1:63280", "component": "transfer-queue-processor", "wf-namespace-id": "d0b550e3-6091-4a9b-a9aa-3d80ffb24954", "value": "d0b550e3-6091-4a9b-a9aa-3d80ffb24954/temporal-sys-worker-deployment-version:rrentVersion_Batching-564e9892_deployment_series.rrentVersion_Batching-564e9892_build_id/0195af0e-98a0-7d94-93e5-2a1d2e5942f8", "logging-call-at": "/Users/shivamsaraf/Desktop/work/temporal/common/log/with_logger.go:61"}
2025-03-19T11:38:54.281-0400	debug	Assigning new task key	{"host": "127.0.0.1:63280", "shard-id": 4, "address": "127.0.0.1:63280", "wf-namespace-id": "d0b550e3-6091-4a9b-a9aa-3d80ffb24954", "wf-id": "temporal-sys-worker-deployment-version:rrentVersion_Batching-564e9892_deployment_series.rrentVersion_Batching-564e9892_build_id", "wf-run-id": "0195af0e-98a0-7d94-93e5-2a1d2e5942f8", "queue-task-type": "ActivityTimeout", "queue-task-id": 1050861, "timestamp": "2025-03-19T15:39:54.282Z", "cursor-timestamp": "2025-03-19T15:38:55.280Z", "logging-call-at": "/Users/shivamsaraf/Desktop/work/temporal/common/log/with_logger.go:61"}
2025-03-19T11:38:54.285-0400	info	waiting for userdata propagation	{"host": "127.0.0.1:63281", "Namespace": "namespace-ec265ab4-426c-4316-a4b3-47fc66311932", "TaskQueue": "temporal-sys-per-ns-tq", "WorkerID": "temporal-system@Shivams-MacBook-Pro.local@namespace-ec265ab4-426c-4316-a4b3-47fc66311932", "ActivityID": "885", "ActivityType": "CheckWorkerDeploymentUserDataPropagation", "Attempt": 1, "WorkflowType": "temporal-sys-worker-deployment-version-workflow", "WorkflowID": "temporal-sys-worker-deployment-version:rrentVersion_Batching-564e9892_deployment_series.rrentVersion_Batching-564e9892_build_id", "RunID": "0195af0e-98a0-7d94-93e5-2a1d2e5942f8", "taskQueue": "rrentVersion_Batching-564e9892_task_queue_46", "version": 2, "logging-call-at": "/Users/shivamsaraf/Desktop/work/temporal/common/log/with_logger.go:66"}
2025-03-19T11:38:54.285-0400	debug	Frontend method invoked.	{"host": "127.0.0.1:63278", "wf-namespace": "namespace-ec265ab4-426c-4316-a4b3-47fc66311932", "operation": "PollActivityTaskQueue", "server-name": "", "cert-thumbprint": "", "logging-call-at": "/Users/shivamsaraf/Desktop/work/temporal/common/log/with_logger.go:61"}
2025-03-19T11:38:54.285-0400	info	waiting for userdata propagation	{"host": "127.0.0.1:63281", "Namespace": "namespace-ec265ab4-426c-4316-a4b3-47fc66311932", "TaskQueue": "temporal-sys-per-ns-tq", "WorkerID": "temporal-system@Shivams-MacBook-Pro.local@namespace-ec265ab4-426c-4316-a4b3-47fc66311932", "ActivityID": "885", "ActivityType": "CheckWorkerDeploymentUserDataPropagation", "Attempt": 1, "WorkflowType": "temporal-sys-worker-deployment-version-workflow", "WorkflowID": "temporal-sys-worker-deployment-version:rrentVersion_Batching-564e9892_deployment_series.rrentVersion_Batching-564e9892_build_id", "RunID": "0195af0e-98a0-7d94-93e5-2a1d2e5942f8", "taskQueue": "rrentVersion_Batching-564e9892_task_queue_49", "version": 2, "logging-call-at": "/Users/shivamsaraf/Desktop/work/temporal/common/log/with_logger.go:66"}
2025-03-19T11:38:54.285-0400	info	waiting for userdata propagation	{"host": "127.0.0.1:63281", "Namespace": "namespace-ec265ab4-426c-4316-a4b3-47fc66311932", "TaskQueue": "temporal-sys-per-ns-tq", "WorkerID": "temporal-system@Shivams-MacBook-Pro.local@namespace-ec265ab4-426c-4316-a4b3-47fc66311932", "ActivityID": "885", "ActivityType": "CheckWorkerDeploymentUserDataPropagation", "Attempt": 1, "WorkflowType": "temporal-sys-worker-deployment-version-workflow", "WorkflowID": "temporal-sys-worker-deployment-version:rrentVersion_Batching-564e9892_deployment_series.rrentVersion_Batching-564e9892_build_id", "RunID": "0195af0e-98a0-7d94-93e5-2a1d2e5942f8", "taskQueue": "rrentVersion_Batching-564e9892_task_queue_32", "version": 2, "logging-call-at": "/Users/shivamsaraf/Desktop/work/temporal/common/log/with_logger.go:66"}
2025-03-19T11:38:54.285-0400	info	waiting for userdata propagation	{"host": "127.0.0.1:63281", "Namespace": "namespace-ec265ab4-426c-4316-a4b3-47fc66311932", "TaskQueue": "temporal-sys-per-ns-tq", "WorkerID": "temporal-system@Shivams-MacBook-Pro.local@namespace-ec265ab4-426c-4316-a4b3-47fc66311932", "ActivityID": "885", "ActivityType": "CheckWorkerDeploymentUserDataPropagation", "Attempt": 1, "WorkflowType": "temporal-sys-worker-deployment-version-workflow", "WorkflowID": "temporal-sys-worker-deployment-version:rrentVersion_Batching-564e9892_deployment_series.rrentVersion_Batching-564e9892_build_id", "RunID": "0195af0e-98a0-7d94-93e5-2a1d2e5942f8", "taskQueue": "rrentVersion_Batching-564e9892_task_queue_34", "version": 2, "logging-call-at": "/Users/shivamsaraf/Desktop/work/temporal/common/log/with_logger.go:66"}
2025-03-19T11:38:54.285-0400	info	waiting for userdata propagation	{"host": "127.0.0.1:63281", "Namespace": "namespace-ec265ab4-426c-4316-a4b3-47fc66311932", "TaskQueue": "temporal-sys-per-ns-tq", "WorkerID": "temporal-system@Shivams-MacBook-Pro.local@namespace-ec265ab4-426c-4316-a4b3-47fc66311932", "ActivityID": "885", "ActivityType": "CheckWorkerDeploymentUserDataPropagation", "Attempt": 1, "WorkflowType": "temporal-sys-worker-deployment-version-workflow", "WorkflowID": "temporal-sys-worker-deployment-version:rrentVersion_Batching-564e9892_deployment_series.rrentVersion_Batching-564e9892_build_id", "RunID": "0195af0e-98a0-7d94-93e5-2a1d2e5942f8", "taskQueue": "rrentVersion_Batching-564e9892_task_queue_47", "version": 2, "logging-call-at": "/Users/shivamsaraf/Desktop/work/temporal/common/log/with_logger.go:66"}
2025-03-19T11:38:54.285-0400	info	waiting for userdata propagation	{"host": "127.0.0.1:63281", "Namespace": "namespace-ec265ab4-426c-4316-a4b3-47fc66311932", "TaskQueue": "temporal-sys-per-ns-tq", "WorkerID": "temporal-system@Shivams-MacBook-Pro.local@namespace-ec265ab4-426c-4316-a4b3-47fc66311932", "ActivityID": "885", "ActivityType": "CheckWorkerDeploymentUserDataPropagation", "Attempt": 1, "WorkflowType": "temporal-sys-worker-deployment-version-workflow", "WorkflowID": "temporal-sys-worker-deployment-version:rrentVersion_Batching-564e9892_deployment_series.rrentVersion_Batching-564e9892_build_id", "RunID": "0195af0e-98a0-7d94-93e5-2a1d2e5942f8", "taskQueue": "rrentVersion_Batching-564e9892_task_queue_6", "version": 2, "logging-call-at": "/Users/shivamsaraf/Desktop/work/temporal/common/log/with_logger.go:66"}
2025-03-19T11:38:54.285-0400	debug	Received PollActivityTaskQueue	{"host": "127.0.0.1:63278", "service": "frontend", "logging-call-at": "/Users/shivamsaraf/Desktop/work/temporal/common/log/with_logger.go:61"}
2025-03-19T11:38:54.285-0400	info	waiting for userdata propagation	{"host": "127.0.0.1:63281", "Namespace": "namespace-ec265ab4-426c-4316-a4b3-47fc66311932", "TaskQueue": "temporal-sys-per-ns-tq", "WorkerID": "temporal-system@Shivams-MacBook-Pro.local@namespace-ec265ab4-426c-4316-a4b3-47fc66311932", "ActivityID": "885", "ActivityType": "CheckWorkerDeploymentUserDataPropagation", "Attempt": 1, "WorkflowType": "temporal-sys-worker-deployment-version-workflow", "WorkflowID": "temporal-sys-worker-deployment-version:rrentVersion_Batching-564e9892_deployment_series.rrentVersion_Batching-564e9892_build_id", "RunID": "0195af0e-98a0-7d94-93e5-2a1d2e5942f8", "taskQueue": "rrentVersion_Batching-564e9892_task_queue_35", "version": 2, "logging-call-at": "/Users/shivamsaraf/Desktop/work/temporal/common/log/with_logger.go:66"}
2025-03-19T11:38:54.285-0400	info	waiting for userdata propagation	{"host": "127.0.0.1:63281", "Namespace": "namespace-ec265ab4-426c-4316-a4b3-47fc66311932", "TaskQueue": "temporal-sys-per-ns-tq", "WorkerID": "temporal-system@Shivams-MacBook-Pro.local@namespace-ec265ab4-426c-4316-a4b3-47fc66311932", "ActivityID": "885", "ActivityType": "CheckWorkerDeploymentUserDataPropagation", "Attempt": 1, "WorkflowType": "temporal-sys-worker-deployment-version-workflow", "WorkflowID": "temporal-sys-worker-deployment-version:rrentVersion_Batching-564e9892_deployment_series.rrentVersion_Batching-564e9892_build_id", "RunID": "0195af0e-98a0-7d94-93e5-2a1d2e5942f8", "taskQueue": "rrentVersion_Batching-564e9892_task_queue_40", "version": 2, "logging-call-at": "/Users/shivamsaraf/Desktop/work/temporal/common/log/with_logger.go:66"}
2025-03-19T11:38:54.285-0400	info	waiting for userdata propagation	{"host": "127.0.0.1:63281", "Namespace": "namespace-ec265ab4-426c-4316-a4b3-47fc66311932", "TaskQueue": "temporal-sys-per-ns-tq", "WorkerID": "temporal-system@Shivams-MacBook-Pro.local@namespace-ec265ab4-426c-4316-a4b3-47fc66311932", "ActivityID": "885", "ActivityType": "CheckWorkerDeploymentUserDataPropagation", "Attempt": 1, "WorkflowType": "temporal-sys-worker-deployment-version-workflow", "WorkflowID": "temporal-sys-worker-deployment-version:rrentVersion_Batching-564e9892_deployment_series.rrentVersion_Batching-564e9892_build_id", "RunID": "0195af0e-98a0-7d94-93e5-2a1d2e5942f8", "taskQueue": "rrentVersion_Batching-564e9892_task_queue_45", "version": 2, "logging-call-at": "/Users/shivamsaraf/Desktop/work/temporal/common/log/with_logger.go:66"}
2025-03-19T11:38:54.285-0400	info	waiting for userdata propagation	{"host": "127.0.0.1:63281", "Namespace": "namespace-ec265ab4-426c-4316-a4b3-47fc66311932", "TaskQueue": "temporal-sys-per-ns-tq", "WorkerID": "temporal-system@Shivams-MacBook-Pro.local@namespace-ec265ab4-426c-4316-a4b3-47fc66311932", "ActivityID": "885", "ActivityType": "CheckWorkerDeploymentUserDataPropagation", "Attempt": 1, "WorkflowType": "temporal-sys-worker-deployment-version-workflow", "WorkflowID": "temporal-sys-worker-deployment-version:rrentVersion_Batching-564e9892_deployment_series.rrentVersion_Batching-564e9892_build_id", "RunID": "0195af0e-98a0-7d94-93e5-2a1d2e5942f8", "taskQueue": "rrentVersion_Batching-564e9892_task_queue_7", "version": 2, "logging-call-at": "/Users/shivamsaraf/Desktop/work/temporal/common/log/with_logger.go:66"}
2025-03-19T11:38:54.285-0400	info	waiting for userdata propagation	{"host": "127.0.0.1:63281", "Namespace": "namespace-ec265ab4-426c-4316-a4b3-47fc66311932", "TaskQueue": "temporal-sys-per-ns-tq", "WorkerID": "temporal-system@Shivams-MacBook-Pro.local@namespace-ec265ab4-426c-4316-a4b3-47fc66311932", "ActivityID": "885", "ActivityType": "CheckWorkerDeploymentUserDataPropagation", "Attempt": 1, "WorkflowType": "temporal-sys-worker-deployment-version-workflow", "WorkflowID": "temporal-sys-worker-deployment-version:rrentVersion_Batching-564e9892_deployment_series.rrentVersion_Batching-564e9892_build_id", "RunID": "0195af0e-98a0-7d94-93e5-2a1d2e5942f8", "taskQueue": "rrentVersion_Batching-564e9892_task_queue_36", "version": 2, "logging-call-at": "/Users/shivamsaraf/Desktop/work/temporal/common/log/with_logger.go:66"}
2025-03-19T11:38:54.285-0400	info	waiting for userdata propagation	{"host": "127.0.0.1:63281", "Namespace": "namespace-ec265ab4-426c-4316-a4b3-47fc66311932", "TaskQueue": "temporal-sys-per-ns-tq", "WorkerID": "temporal-system@Shivams-MacBook-Pro.local@namespace-ec265ab4-426c-4316-a4b3-47fc66311932", "ActivityID": "885", "ActivityType": "CheckWorkerDeploymentUserDataPropagation", "Attempt": 1, "WorkflowType": "temporal-sys-worker-deployment-version-workflow", "WorkflowID": "temporal-sys-worker-deployment-version:rrentVersion_Batching-564e9892_deployment_series.rrentVersion_Batching-564e9892_build_id", "RunID": "0195af0e-98a0-7d94-93e5-2a1d2e5942f8", "taskQueue": "rrentVersion_Batching-564e9892_task_queue_48", "version": 2, "logging-call-at": "/Users/shivamsaraf/Desktop/work/temporal/common/log/with_logger.go:66"}
2025-03-19T11:38:54.285-0400	info	waiting for userdata propagation	{"host": "127.0.0.1:63281", "Namespace": "namespace-ec265ab4-426c-4316-a4b3-47fc66311932", "TaskQueue": "temporal-sys-per-ns-tq", "WorkerID": "temporal-system@Shivams-MacBook-Pro.local@namespace-ec265ab4-426c-4316-a4b3-47fc66311932", "ActivityID": "885", "ActivityType": "CheckWorkerDeploymentUserDataPropagation", "Attempt": 1, "WorkflowType": "temporal-sys-worker-deployment-version-workflow", "WorkflowID": "temporal-sys-worker-deployment-version:rrentVersion_Batching-564e9892_deployment_series.rrentVersion_Batching-564e9892_build_id", "RunID": "0195af0e-98a0-7d94-93e5-2a1d2e5942f8", "taskQueue": "rrentVersion_Batching-564e9892_task_queue_37", "version": 2, "logging-call-at": "/Users/shivamsaraf/Desktop/work/temporal/common/log/with_logger.go:66"}
2025-03-19T11:38:54.285-0400	info	waiting for userdata propagation	{"host": "127.0.0.1:63281", "Namespace": "namespace-ec265ab4-426c-4316-a4b3-47fc66311932", "TaskQueue": "temporal-sys-per-ns-tq", "WorkerID": "temporal-system@Shivams-MacBook-Pro.local@namespace-ec265ab4-426c-4316-a4b3-47fc66311932", "ActivityID": "885", "ActivityType": "CheckWorkerDeploymentUserDataPropagation", "Attempt": 1, "WorkflowType": "temporal-sys-worker-deployment-version-workflow", "WorkflowID": "temporal-sys-worker-deployment-version:rrentVersion_Batching-564e9892_deployment_series.rrentVersion_Batching-564e9892_build_id", "RunID": "0195af0e-98a0-7d94-93e5-2a1d2e5942f8", "taskQueue": "rrentVersion_Batching-564e9892_task_queue_42", "version": 2, "logging-call-at": "/Users/shivamsaraf/Desktop/work/temporal/common/log/with_logger.go:66"}
2025-03-19T11:38:54.285-0400	info	waiting for userdata propagation	{"host": "127.0.0.1:63281", "Namespace": "namespace-ec265ab4-426c-4316-a4b3-47fc66311932", "TaskQueue": "temporal-sys-per-ns-tq", "WorkerID": "temporal-system@Shivams-MacBook-Pro.local@namespace-ec265ab4-426c-4316-a4b3-47fc66311932", "ActivityID": "885", "ActivityType": "CheckWorkerDeploymentUserDataPropagation", "Attempt": 1, "WorkflowType": "temporal-sys-worker-deployment-version-workflow", "WorkflowID": "temporal-sys-worker-deployment-version:rrentVersion_Batching-564e9892_deployment_series.rrentVersion_Batching-564e9892_build_id", "RunID": "0195af0e-98a0-7d94-93e5-2a1d2e5942f8", "taskQueue": "rrentVersion_Batching-564e9892_task_queue_31", "version": 2, "logging-call-at": "/Users/shivamsaraf/Desktop/work/temporal/common/log/with_logger.go:66"}
2025-03-19T11:38:54.285-0400	info	waiting for userdata propagation	{"host": "127.0.0.1:63281", "Namespace": "namespace-ec265ab4-426c-4316-a4b3-47fc66311932", "TaskQueue": "temporal-sys-per-ns-tq", "WorkerID": "temporal-system@Shivams-MacBook-Pro.local@namespace-ec265ab4-426c-4316-a4b3-47fc66311932", "ActivityID": "885", "ActivityType": "CheckWorkerDeploymentUserDataPropagation", "Attempt": 1, "WorkflowType": "temporal-sys-worker-deployment-version-workflow", "WorkflowID": "temporal-sys-worker-deployment-version:rrentVersion_Batching-564e9892_deployment_series.rrentVersion_Batching-564e9892_build_id", "RunID": "0195af0e-98a0-7d94-93e5-2a1d2e5942f8", "taskQueue": "rrentVersion_Batching-564e9892_task_queue_4", "version": 2, "logging-call-at": "/Users/shivamsaraf/Desktop/work/temporal/common/log/with_logger.go:66"}
2025-03-19T11:38:54.285-0400	info	waiting for userdata propagation	{"host": "127.0.0.1:63281", "Namespace": "namespace-ec265ab4-426c-4316-a4b3-47fc66311932", "TaskQueue": "temporal-sys-per-ns-tq", "WorkerID": "temporal-system@Shivams-MacBook-Pro.local@namespace-ec265ab4-426c-4316-a4b3-47fc66311932", "ActivityID": "885", "ActivityType": "CheckWorkerDeploymentUserDataPropagation", "Attempt": 1, "WorkflowType": "temporal-sys-worker-deployment-version-workflow", "WorkflowID": "temporal-sys-worker-deployment-version:rrentVersion_Batching-564e9892_deployment_series.rrentVersion_Batching-564e9892_build_id", "RunID": "0195af0e-98a0-7d94-93e5-2a1d2e5942f8", "taskQueue": "rrentVersion_Batching-564e9892_task_queue_38", "version": 2, "logging-call-at": "/Users/shivamsaraf/Desktop/work/temporal/common/log/with_logger.go:66"}
2025-03-19T11:38:54.285-0400	info	waiting for userdata propagation	{"host": "127.0.0.1:63281", "Namespace": "namespace-ec265ab4-426c-4316-a4b3-47fc66311932", "TaskQueue": "temporal-sys-per-ns-tq", "WorkerID": "temporal-system@Shivams-MacBook-Pro.local@namespace-ec265ab4-426c-4316-a4b3-47fc66311932", "ActivityID": "885", "ActivityType": "CheckWorkerDeploymentUserDataPropagation", "Attempt": 1, "WorkflowType": "temporal-sys-worker-deployment-version-workflow", "WorkflowID": "temporal-sys-worker-deployment-version:rrentVersion_Batching-564e9892_deployment_series.rrentVersion_Batching-564e9892_build_id", "RunID": "0195af0e-98a0-7d94-93e5-2a1d2e5942f8", "taskQueue": "rrentVersion_Batching-564e9892_task_queue_8", "version": 2, "logging-call-at": "/Users/shivamsaraf/Desktop/work/temporal/common/log/with_logger.go:66"}
2025-03-19T11:38:54.285-0400	info	waiting for userdata propagation	{"host": "127.0.0.1:63281", "Namespace": "namespace-ec265ab4-426c-4316-a4b3-47fc66311932", "TaskQueue": "temporal-sys-per-ns-tq", "WorkerID": "temporal-system@Shivams-MacBook-Pro.local@namespace-ec265ab4-426c-4316-a4b3-47fc66311932", "ActivityID": "885", "ActivityType": "CheckWorkerDeploymentUserDataPropagation", "Attempt": 1, "WorkflowType": "temporal-sys-worker-deployment-version-workflow", "WorkflowID": "temporal-sys-worker-deployment-version:rrentVersion_Batching-564e9892_deployment_series.rrentVersion_Batching-564e9892_build_id", "RunID": "0195af0e-98a0-7d94-93e5-2a1d2e5942f8", "taskQueue": "rrentVersion_Batching-564e9892_task_queue_44", "version": 2, "logging-call-at": "/Users/shivamsaraf/Desktop/work/temporal/common/log/with_logger.go:66"}
2025-03-19T11:38:54.285-0400	info	waiting for userdata propagation	{"host": "127.0.0.1:63281", "Namespace": "namespace-ec265ab4-426c-4316-a4b3-47fc66311932", "TaskQueue": "temporal-sys-per-ns-tq", "WorkerID": "temporal-system@Shivams-MacBook-Pro.local@namespace-ec265ab4-426c-4316-a4b3-47fc66311932", "ActivityID": "885", "ActivityType": "CheckWorkerDeploymentUserDataPropagation", "Attempt": 1, "WorkflowType": "temporal-sys-worker-deployment-version-workflow", "WorkflowID": "temporal-sys-worker-deployment-version:rrentVersion_Batching-564e9892_deployment_series.rrentVersion_Batching-564e9892_build_id", "RunID": "0195af0e-98a0-7d94-93e5-2a1d2e5942f8", "taskQueue": "rrentVersion_Batching-564e9892_task_queue_9", "version": 2, "logging-call-at": "/Users/shivamsaraf/Desktop/work/temporal/common/log/with_logger.go:66"}
2025-03-19T11:38:54.286-0400	info	waiting for userdata propagation	{"host": "127.0.0.1:63281", "Namespace": "namespace-ec265ab4-426c-4316-a4b3-47fc66311932", "TaskQueue": "temporal-sys-per-ns-tq", "WorkerID": "temporal-system@Shivams-MacBook-Pro.local@namespace-ec265ab4-426c-4316-a4b3-47fc66311932", "ActivityID": "885", "ActivityType": "CheckWorkerDeploymentUserDataPropagation", "Attempt": 1, "WorkflowType": "temporal-sys-worker-deployment-version-workflow", "WorkflowID": "temporal-sys-worker-deployment-version:rrentVersion_Batching-564e9892_deployment_series.rrentVersion_Batching-564e9892_build_id", "RunID": "0195af0e-98a0-7d94-93e5-2a1d2e5942f8", "taskQueue": "rrentVersion_Batching-564e9892_task_queue_33", "version": 2, "logging-call-at": "/Users/shivamsaraf/Desktop/work/temporal/common/log/with_logger.go:66"}
2025-03-19T11:38:54.285-0400	info	waiting for userdata propagation	{"host": "127.0.0.1:63281", "Namespace": "namespace-ec265ab4-426c-4316-a4b3-47fc66311932", "TaskQueue": "temporal-sys-per-ns-tq", "WorkerID": "temporal-system@Shivams-MacBook-Pro.local@namespace-ec265ab4-426c-4316-a4b3-47fc66311932", "ActivityID": "885", "ActivityType": "CheckWorkerDeploymentUserDataPropagation", "Attempt": 1, "WorkflowType": "temporal-sys-worker-deployment-version-workflow", "WorkflowID": "temporal-sys-worker-deployment-version:rrentVersion_Batching-564e9892_deployment_series.rrentVersion_Batching-564e9892_build_id", "RunID": "0195af0e-98a0-7d94-93e5-2a1d2e5942f8", "taskQueue": "rrentVersion_Batching-564e9892_task_queue_41", "version": 2, "logging-call-at": "/Users/shivamsaraf/Desktop/work/temporal/common/log/with_logger.go:66"}
2025-03-19T11:38:54.285-0400	info	waiting for userdata propagation	{"host": "127.0.0.1:63281", "Namespace": "namespace-ec265ab4-426c-4316-a4b3-47fc66311932", "TaskQueue": "temporal-sys-per-ns-tq", "WorkerID": "temporal-system@Shivams-MacBook-Pro.local@namespace-ec265ab4-426c-4316-a4b3-47fc66311932", "ActivityID": "885", "ActivityType": "CheckWorkerDeploymentUserDataPropagation", "Attempt": 1, "WorkflowType": "temporal-sys-worker-deployment-version-workflow", "WorkflowID": "temporal-sys-worker-deployment-version:rrentVersion_Batching-564e9892_deployment_series.rrentVersion_Batching-564e9892_build_id", "RunID": "0195af0e-98a0-7d94-93e5-2a1d2e5942f8", "taskQueue": "rrentVersion_Batching-564e9892_task_queue_43", "version": 2, "logging-call-at": "/Users/shivamsaraf/Desktop/work/temporal/common/log/with_logger.go:66"}
2025-03-19T11:38:54.285-0400	info	waiting for userdata propagation	{"host": "127.0.0.1:63281", "Namespace": "namespace-ec265ab4-426c-4316-a4b3-47fc66311932", "TaskQueue": "temporal-sys-per-ns-tq", "WorkerID": "temporal-system@Shivams-MacBook-Pro.local@namespace-ec265ab4-426c-4316-a4b3-47fc66311932", "ActivityID": "885", "ActivityType": "CheckWorkerDeploymentUserDataPropagation", "Attempt": 1, "WorkflowType": "temporal-sys-worker-deployment-version-workflow", "WorkflowID": "temporal-sys-worker-deployment-version:rrentVersion_Batching-564e9892_deployment_series.rrentVersion_Batching-564e9892_build_id", "RunID": "0195af0e-98a0-7d94-93e5-2a1d2e5942f8", "taskQueue": "rrentVersion_Batching-564e9892_task_queue_5", "version": 2, "logging-call-at": "/Users/shivamsaraf/Desktop/work/temporal/common/log/with_logger.go:66"}
2025-03-19T11:38:54.285-0400	info	waiting for userdata propagation	{"host": "127.0.0.1:63281", "Namespace": "namespace-ec265ab4-426c-4316-a4b3-47fc66311932", "TaskQueue": "temporal-sys-per-ns-tq", "WorkerID": "temporal-system@Shivams-MacBook-Pro.local@namespace-ec265ab4-426c-4316-a4b3-47fc66311932", "ActivityID": "885", "ActivityType": "CheckWorkerDeploymentUserDataPropagation", "Attempt": 1, "WorkflowType": "temporal-sys-worker-deployment-version-workflow", "WorkflowID": "temporal-sys-worker-deployment-version:rrentVersion_Batching-564e9892_deployment_series.rrentVersion_Batching-564e9892_build_id", "RunID": "0195af0e-98a0-7d94-93e5-2a1d2e5942f8", "taskQueue": "rrentVersion_Batching-564e9892_task_queue_39", "version": 2, "logging-call-at": "/Users/shivamsaraf/Desktop/work/temporal/common/log/with_logger.go:66"}
2025-03-19T11:38:54.292-0400	info	returning user data	{"host": "127.0.0.1:63279", "component": "matching-engine", "wf-task-queue-name": "/_sys/rrentVersion_Batching-564e9892_task_queue_46/2", "wf-task-queue-type": "Workflow", "wf-namespace": "namespace-ec265ab4-426c-4316-a4b3-47fc66311932", "long-poll": true, "request-known-version": 1, "user-data-version": 2, "logging-call-at": "/Users/shivamsaraf/Desktop/work/temporal/common/log/with_logger.go:66"}
2025-03-19T11:38:54.292-0400	info	returning user data	{"host": "127.0.0.1:63279", "component": "matching-engine", "wf-task-queue-name": "/_sys/rrentVersion_Batching-564e9892_task_queue_46/1", "wf-task-queue-type": "Workflow", "wf-namespace": "namespace-ec265ab4-426c-4316-a4b3-47fc66311932", "long-poll": true, "request-known-version": 1, "user-data-version": 2, "logging-call-at": "/Users/shivamsaraf/Desktop/work/temporal/common/log/with_logger.go:66"}
2025-03-19T11:38:54.292-0400	info	returning user data	{"host": "127.0.0.1:63279", "component": "matching-engine", "wf-task-queue-name": "/_sys/rrentVersion_Batching-564e9892_task_queue_46/3", "wf-task-queue-type": "Workflow", "wf-namespace": "namespace-ec265ab4-426c-4316-a4b3-47fc66311932", "long-poll": true, "request-known-version": 1, "user-data-version": 2, "logging-call-at": "/Users/shivamsaraf/Desktop/work/temporal/common/log/with_logger.go:66"}
2025-03-19T11:38:54.292-0400	info	matching client encountered error	{"host": "127.0.0.1:63279", "error": "partition was not loaded", "service-error-type": "serviceerror.FailedPrecondition", "logging-call-at": "/Users/shivamsaraf/Desktop/work/temporal/common/log/with_logger.go:66"}
2025-03-19T11:38:54.292-0400	info	matching client encountered error	{"host": "127.0.0.1:63279", "error": "partition was not loaded", "service-error-type": "serviceerror.FailedPrecondition", "logging-call-at": "/Users/shivamsaraf/Desktop/work/temporal/common/log/with_logger.go:66"}
2025-03-19T11:38:54.292-0400	info	matching client encountered error	{"host": "127.0.0.1:63279", "error": "partition was not loaded", "service-error-type": "serviceerror.FailedPrecondition", "logging-call-at": "/Users/shivamsaraf/Desktop/work/temporal/common/log/with_logger.go:66"}
2025-03-19T11:38:54.292-0400	info	returning user data	{"host": "127.0.0.1:63279", "component": "matching-engine", "wf-task-queue-name": "/_sys/rrentVersion_Batching-564e9892_task_queue_49/2", "wf-task-queue-type": "Workflow", "wf-namespace": "namespace-ec265ab4-426c-4316-a4b3-47fc66311932", "long-poll": true, "request-known-version": 1, "user-data-version": 2, "logging-call-at": "/Users/shivamsaraf/Desktop/work/temporal/common/log/with_logger.go:66"}
2025-03-19T11:38:54.292-0400	info	returning user data	{"host": "127.0.0.1:63279", "component": "matching-engine", "wf-task-queue-name": "/_sys/rrentVersion_Batching-564e9892_task_queue_49/1", "wf-task-queue-type": "Workflow", "wf-namespace": "namespace-ec265ab4-426c-4316-a4b3-47fc66311932", "long-poll": true, "request-known-version": 1, "user-data-version": 2, "logging-call-at": "/Users/shivamsaraf/Desktop/work/temporal/common/log/with_logger.go:66"}
2025-03-19T11:38:54.292-0400	info	returning user data	{"host": "127.0.0.1:63279", "component": "matching-engine", "wf-task-queue-name": "/_sys/rrentVersion_Batching-564e9892_task_queue_32/2", "wf-task-queue-type": "Workflow", "wf-namespace": "namespace-ec265ab4-426c-4316-a4b3-47fc66311932", "long-poll": true, "request-known-version": 1, "user-data-version": 2, "logging-call-at": "/Users/shivamsaraf/Desktop/work/temporal/common/log/with_logger.go:66"}
2025-03-19T11:38:54.292-0400	info	returning user data	{"host": "127.0.0.1:63279", "component": "matching-engine", "wf-task-queue-name": "/_sys/rrentVersion_Batching-564e9892_task_queue_49/3", "wf-task-queue-type": "Workflow", "wf-namespace": "namespace-ec265ab4-426c-4316-a4b3-47fc66311932", "long-poll": true, "request-known-version": 1, "user-data-version": 2, "logging-call-at": "/Users/shivamsaraf/Desktop/work/temporal/common/log/with_logger.go:66"}
2025-03-19T11:38:54.292-0400	info	returning user data	{"host": "127.0.0.1:63279", "component": "matching-engine", "wf-task-queue-name": "/_sys/rrentVersion_Batching-564e9892_task_queue_47/3", "wf-task-queue-type": "Workflow", "wf-namespace": "namespace-ec265ab4-426c-4316-a4b3-47fc66311932", "long-poll": true, "request-known-version": 1, "user-data-version": 2, "logging-call-at": "/Users/shivamsaraf/Desktop/work/temporal/common/log/with_logger.go:66"}
2025-03-19T11:38:54.292-0400	info	matching client encountered error	{"host": "127.0.0.1:63279", "error": "partition was not loaded", "service-error-type": "serviceerror.FailedPrecondition", "logging-call-at": "/Users/shivamsaraf/Desktop/work/temporal/common/log/with_logger.go:66"}
2025-03-19T11:38:54.292-0400	info	matching client encountered error	{"host": "127.0.0.1:63279", "error": "partition was not loaded", "service-error-type": "serviceerror.FailedPrecondition", "logging-call-at": "/Users/shivamsaraf/Desktop/work/temporal/common/log/with_logger.go:66"}
2025-03-19T11:38:54.292-0400	info	matching client encountered error	{"host": "127.0.0.1:63279", "error": "partition was not loaded", "service-error-type": "serviceerror.FailedPrecondition", "logging-call-at": "/Users/shivamsaraf/Desktop/work/temporal/common/log/with_logger.go:66"}
2025-03-19T11:38:54.293-0400	info	matching client encountered error	{"host": "127.0.0.1:63279", "error": "partition was not loaded", "service-error-type": "serviceerror.FailedPrecondition", "logging-call-at": "/Users/shivamsaraf/Desktop/work/temporal/common/log/with_logger.go:66"}
2025-03-19T11:38:54.293-0400	info	returning user data	{"host": "127.0.0.1:63279", "component": "matching-engine", "wf-task-queue-name": "/_sys/rrentVersion_Batching-564e9892_task_queue_6/2", "wf-task-queue-type": "Workflow", "wf-namespace": "namespace-ec265ab4-426c-4316-a4b3-47fc66311932", "long-poll": true, "request-known-version": 1, "user-data-version": 2, "logging-call-at": "/Users/shivamsaraf/Desktop/work/temporal/common/log/with_logger.go:66"}
2025-03-19T11:38:54.293-0400	info	returning user data	{"host": "127.0.0.1:63279", "component": "matching-engine", "wf-task-queue-name": "/_sys/rrentVersion_Batching-564e9892_task_queue_6/1", "wf-task-queue-type": "Workflow", "wf-namespace": "namespace-ec265ab4-426c-4316-a4b3-47fc66311932", "long-poll": true, "request-known-version": 1, "user-data-version": 2, "logging-call-at": "/Users/shivamsaraf/Desktop/work/temporal/common/log/with_logger.go:66"}
2025-03-19T11:38:54.293-0400	info	matching client encountered error	{"host": "127.0.0.1:63279", "error": "partition was not loaded", "service-error-type": "serviceerror.FailedPrecondition", "logging-call-at": "/Users/shivamsaraf/Desktop/work/temporal/common/log/with_logger.go:66"}
2025-03-19T11:38:54.293-0400	info	matching client encountered error	{"host": "127.0.0.1:63279", "error": "partition was not loaded", "service-error-type": "serviceerror.FailedPrecondition", "logging-call-at": "/Users/shivamsaraf/Desktop/work/temporal/common/log/with_logger.go:66"}
2025-03-19T11:38:54.293-0400	info	matching client encountered error	{"host": "127.0.0.1:63279", "error": "partition was not loaded", "service-error-type": "serviceerror.FailedPrecondition", "logging-call-at": "/Users/shivamsaraf/Desktop/work/temporal/common/log/with_logger.go:66"}
2025-03-19T11:38:54.293-0400	info	matching client encountered error	{"host": "127.0.0.1:63279", "error": "partition was not loaded", "service-error-type": "serviceerror.FailedPrecondition", "logging-call-at": "/Users/shivamsaraf/Desktop/work/temporal/common/log/with_logger.go:66"}
2025-03-19T11:38:54.293-0400	info	matching client encountered error	{"host": "127.0.0.1:63279", "error": "partition was not loaded", "service-error-type": "serviceerror.FailedPrecondition", "logging-call-at": "/Users/shivamsaraf/Desktop/work/temporal/common/log/with_logger.go:66"}
2025-03-19T11:38:54.293-0400	info	returning user data	{"host": "127.0.0.1:63279", "component": "matching-engine", "wf-task-queue-name": "/_sys/rrentVersion_Batching-564e9892_task_queue_32/1", "wf-task-queue-type": "Workflow", "wf-namespace": "namespace-ec265ab4-426c-4316-a4b3-47fc66311932", "long-poll": true, "request-known-version": 1, "user-data-version": 2, "logging-call-at": "/Users/shivamsaraf/Desktop/work/temporal/common/log/with_logger.go:66"}
2025-03-19T11:38:54.293-0400	info	matching client encountered error	{"host": "127.0.0.1:63279", "error": "partition was not loaded", "service-error-type": "serviceerror.FailedPrecondition", "logging-call-at": "/Users/shivamsaraf/Desktop/work/temporal/common/log/with_logger.go:66"}
2025-03-19T11:38:54.293-0400	info	matching client encountered error	{"host": "127.0.0.1:63279", "error": "partition was not loaded", "service-error-type": "serviceerror.FailedPrecondition", "logging-call-at": "/Users/shivamsaraf/Desktop/work/temporal/common/log/with_logger.go:66"}
2025-03-19T11:38:54.293-0400	info	returning user data	{"host": "127.0.0.1:63279", "component": "matching-engine", "wf-task-queue-name": "/_sys/rrentVersion_Batching-564e9892_task_queue_32/3", "wf-task-queue-type": "Workflow", "wf-namespace": "namespace-ec265ab4-426c-4316-a4b3-47fc66311932", "long-poll": true, "request-known-version": 1, "user-data-version": 2, "logging-call-at": "/Users/shivamsaraf/Desktop/work/temporal/common/log/with_logger.go:66"}
2025-03-19T11:38:54.293-0400	info	returning user data	{"host": "127.0.0.1:63279", "component": "matching-engine", "wf-task-queue-name": "/_sys/rrentVersion_Batching-564e9892_task_queue_47/1", "wf-task-queue-type": "Workflow", "wf-namespace": "namespace-ec265ab4-426c-4316-a4b3-47fc66311932", "long-poll": true, "request-known-version": 1, "user-data-version": 2, "logging-call-at": "/Users/shivamsaraf/Desktop/work/temporal/common/log/with_logger.go:66"}
2025-03-19T11:38:54.293-0400	info	matching client encountered error	{"host": "127.0.0.1:63279", "error": "partition was not loaded", "service-error-type": "serviceerror.FailedPrecondition", "logging-call-at": "/Users/shivamsaraf/Desktop/work/temporal/common/log/with_logger.go:66"}
2025-03-19T11:38:54.293-0400	info	returning user data	{"host": "127.0.0.1:63279", "component": "matching-engine", "wf-task-queue-name": "/_sys/rrentVersion_Batching-564e9892_task_queue_6/3", "wf-task-queue-type": "Workflow", "wf-namespace": "namespace-ec265ab4-426c-4316-a4b3-47fc66311932", "long-poll": true, "request-known-version": 1, "user-data-version": 2, "logging-call-at": "/Users/shivamsaraf/Desktop/work/temporal/common/log/with_logger.go:66"}
2025-03-19T11:38:54.293-0400	info	matching client encountered error	{"host": "127.0.0.1:63279", "error": "partition was not loaded", "service-error-type": "serviceerror.FailedPrecondition", "logging-call-at": "/Users/shivamsaraf/Desktop/work/temporal/common/log/with_logger.go:66"}
2025-03-19T11:38:54.293-0400	info	matching client encountered error	{"host": "127.0.0.1:63279", "error": "partition was not loaded", "service-error-type": "serviceerror.FailedPrecondition", "logging-call-at": "/Users/shivamsaraf/Desktop/work/temporal/common/log/with_logger.go:66"}
2025-03-19T11:38:54.293-0400	info	matching client encountered error	{"host": "127.0.0.1:63279", "error": "partition was not loaded", "service-error-type": "serviceerror.FailedPrecondition", "logging-call-at": "/Users/shivamsaraf/Desktop/work/temporal/common/log/with_logger.go:66"}
2025-03-19T11:38:54.293-0400	info	matching client encountered error	{"host": "127.0.0.1:63279", "error": "partition was not loaded", "service-error-type": "serviceerror.FailedPrecondition", "logging-call-at": "/Users/shivamsaraf/Desktop/work/temporal/common/log/with_logger.go:66"}
2025-03-19T11:38:54.293-0400	info	returning user data	{"host": "127.0.0.1:63279", "component": "matching-engine", "wf-task-queue-name": "/_sys/rrentVersion_Batching-564e9892_task_queue_47/2", "wf-task-queue-type": "Workflow", "wf-namespace": "namespace-ec265ab4-426c-4316-a4b3-47fc66311932", "long-poll": true, "request-known-version": 1, "user-data-version": 2, "logging-call-at": "/Users/shivamsaraf/Desktop/work/temporal/common/log/with_logger.go:66"}
2025-03-19T11:38:54.293-0400	info	matching client encountered error	{"host": "127.0.0.1:63279", "error": "partition was not loaded", "service-error-type": "serviceerror.FailedPrecondition", "logging-call-at": "/Users/shivamsaraf/Desktop/work/temporal/common/log/with_logger.go:66"}
2025-03-19T11:38:54.293-0400	info	returning user data	{"host": "127.0.0.1:63279", "component": "matching-engine", "wf-task-queue-name": "/_sys/rrentVersion_Batching-564e9892_task_queue_40/2", "wf-task-queue-type": "Workflow", "wf-namespace": "namespace-ec265ab4-426c-4316-a4b3-47fc66311932", "long-poll": true, "request-known-version": 1, "user-data-version": 2, "logging-call-at": "/Users/shivamsaraf/Desktop/work/temporal/common/log/with_logger.go:66"}
2025-03-19T11:38:54.294-0400	info	matching client encountered error	{"host": "127.0.0.1:63279", "error": "partition was not loaded", "service-error-type": "serviceerror.FailedPrecondition", "logging-call-at": "/Users/shivamsaraf/Desktop/work/temporal/common/log/with_logger.go:66"}
2025-03-19T11:38:54.294-0400	info	matching client encountered error	{"host": "127.0.0.1:63279", "error": "partition was not loaded", "service-error-type": "serviceerror.FailedPrecondition", "logging-call-at": "/Users/shivamsaraf/Desktop/work/temporal/common/log/with_logger.go:66"}
2025-03-19T11:38:54.294-0400	info	matching client encountered error	{"host": "127.0.0.1:63279", "error": "partition was not loaded", "service-error-type": "serviceerror.FailedPrecondition", "logging-call-at": "/Users/shivamsaraf/Desktop/work/temporal/common/log/with_logger.go:66"}
2025-03-19T11:38:54.294-0400	info	returning user data	{"host": "127.0.0.1:63279", "component": "matching-engine", "wf-task-queue-name": "/_sys/rrentVersion_Batching-564e9892_task_queue_34/2", "wf-task-queue-type": "Workflow", "wf-namespace": "namespace-ec265ab4-426c-4316-a4b3-47fc66311932", "long-poll": true, "request-known-version": 1, "user-data-version": 2, "logging-call-at": "/Users/shivamsaraf/Desktop/work/temporal/common/log/with_logger.go:66"}
2025-03-19T11:38:54.294-0400	info	returning user data	{"host": "127.0.0.1:63279", "component": "matching-engine", "wf-task-queue-name": "/_sys/rrentVersion_Batching-564e9892_task_queue_35/1", "wf-task-queue-type": "Workflow", "wf-namespace": "namespace-ec265ab4-426c-4316-a4b3-47fc66311932", "long-poll": true, "request-known-version": 1, "user-data-version": 2, "logging-call-at": "/Users/shivamsaraf/Desktop/work/temporal/common/log/with_logger.go:66"}
2025-03-19T11:38:54.294-0400	info	returning user data	{"host": "127.0.0.1:63279", "component": "matching-engine", "wf-task-queue-name": "/_sys/rrentVersion_Batching-564e9892_task_queue_35/3", "wf-task-queue-type": "Workflow", "wf-namespace": "namespace-ec265ab4-426c-4316-a4b3-47fc66311932", "long-poll": true, "request-known-version": 1, "user-data-version": 2, "logging-call-at": "/Users/shivamsaraf/Desktop/work/temporal/common/log/with_logger.go:66"}
2025-03-19T11:38:54.294-0400	info	matching client encountered error	{"host": "127.0.0.1:63279", "error": "partition was not loaded", "service-error-type": "serviceerror.FailedPrecondition", "logging-call-at": "/Users/shivamsaraf/Desktop/work/temporal/common/log/with_logger.go:66"}
2025-03-19T11:38:54.294-0400	info	returning user data	{"host": "127.0.0.1:63279", "component": "matching-engine", "wf-task-queue-name": "/_sys/rrentVersion_Batching-564e9892_task_queue_40/3", "wf-task-queue-type": "Workflow", "wf-namespace": "namespace-ec265ab4-426c-4316-a4b3-47fc66311932", "long-poll": true, "request-known-version": 1, "user-data-version": 2, "logging-call-at": "/Users/shivamsaraf/Desktop/work/temporal/common/log/with_logger.go:66"}
2025-03-19T11:38:54.294-0400	info	matching client encountered error	{"host": "127.0.0.1:63279", "error": "partition was not loaded", "service-error-type": "serviceerror.FailedPrecondition", "logging-call-at": "/Users/shivamsaraf/Desktop/work/temporal/common/log/with_logger.go:66"}
2025-03-19T11:38:54.294-0400	info	matching client encountered error	{"host": "127.0.0.1:63279", "error": "partition was not loaded", "service-error-type": "serviceerror.FailedPrecondition", "logging-call-at": "/Users/shivamsaraf/Desktop/work/temporal/common/log/with_logger.go:66"}
2025-03-19T11:38:54.294-0400	info	matching client encountered error	{"host": "127.0.0.1:63279", "error": "partition was not loaded", "service-error-type": "serviceerror.FailedPrecondition", "logging-call-at": "/Users/shivamsaraf/Desktop/work/temporal/common/log/with_logger.go:66"}
2025-03-19T11:38:54.294-0400	info	matching client encountered error	{"host": "127.0.0.1:63279", "error": "partition was not loaded", "service-error-type": "serviceerror.FailedPrecondition", "logging-call-at": "/Users/shivamsaraf/Desktop/work/temporal/common/log/with_logger.go:66"}
2025-03-19T11:38:54.294-0400	info	matching client encountered error	{"host": "127.0.0.1:63279", "error": "partition was not loaded", "service-error-type": "serviceerror.FailedPrecondition", "logging-call-at": "/Users/shivamsaraf/Desktop/work/temporal/common/log/with_logger.go:66"}
2025-03-19T11:38:54.294-0400	info	returning user data	{"host": "127.0.0.1:63279", "component": "matching-engine", "wf-task-queue-name": "/_sys/rrentVersion_Batching-564e9892_task_queue_7/2", "wf-task-queue-type": "Workflow", "wf-namespace": "namespace-ec265ab4-426c-4316-a4b3-47fc66311932", "long-poll": true, "request-known-version": 1, "user-data-version": 2, "logging-call-at": "/Users/shivamsaraf/Desktop/work/temporal/common/log/with_logger.go:66"}
2025-03-19T11:38:54.294-0400	info	returning user data	{"host": "127.0.0.1:63279", "component": "matching-engine", "wf-task-queue-name": "/_sys/rrentVersion_Batching-564e9892_task_queue_34/3", "wf-task-queue-type": "Workflow", "wf-namespace": "namespace-ec265ab4-426c-4316-a4b3-47fc66311932", "long-poll": true, "request-known-version": 1, "user-data-version": 2, "logging-call-at": "/Users/shivamsaraf/Desktop/work/temporal/common/log/with_logger.go:66"}
2025-03-19T11:38:54.294-0400	info	returning user data	{"host": "127.0.0.1:63279", "component": "matching-engine", "wf-task-queue-name": "/_sys/rrentVersion_Batching-564e9892_task_queue_34/1", "wf-task-queue-type": "Workflow", "wf-namespace": "namespace-ec265ab4-426c-4316-a4b3-47fc66311932", "long-poll": true, "request-known-version": 1, "user-data-version": 2, "logging-call-at": "/Users/shivamsaraf/Desktop/work/temporal/common/log/with_logger.go:66"}
2025-03-19T11:38:54.294-0400	info	returning user data	{"host": "127.0.0.1:63279", "component": "matching-engine", "wf-task-queue-name": "/_sys/rrentVersion_Batching-564e9892_task_queue_7/1", "wf-task-queue-type": "Workflow", "wf-namespace": "namespace-ec265ab4-426c-4316-a4b3-47fc66311932", "long-poll": true, "request-known-version": 1, "user-data-version": 2, "logging-call-at": "/Users/shivamsaraf/Desktop/work/temporal/common/log/with_logger.go:66"}
2025-03-19T11:38:54.294-0400	info	returning user data	{"host": "127.0.0.1:63279", "component": "matching-engine", "wf-task-queue-name": "/_sys/rrentVersion_Batching-564e9892_task_queue_35/2", "wf-task-queue-type": "Workflow", "wf-namespace": "namespace-ec265ab4-426c-4316-a4b3-47fc66311932", "long-poll": true, "request-known-version": 1, "user-data-version": 2, "logging-call-at": "/Users/shivamsaraf/Desktop/work/temporal/common/log/with_logger.go:66"}
2025-03-19T11:38:54.294-0400	info	matching client encountered error	{"host": "127.0.0.1:63279", "error": "partition was not loaded", "service-error-type": "serviceerror.FailedPrecondition", "logging-call-at": "/Users/shivamsaraf/Desktop/work/temporal/common/log/with_logger.go:66"}
2025-03-19T11:38:54.295-0400	info	returning user data	{"host": "127.0.0.1:63279", "component": "matching-engine", "wf-task-queue-name": "/_sys/rrentVersion_Batching-564e9892_task_queue_7/3", "wf-task-queue-type": "Workflow", "wf-namespace": "namespace-ec265ab4-426c-4316-a4b3-47fc66311932", "long-poll": true, "request-known-version": 1, "user-data-version": 2, "logging-call-at": "/Users/shivamsaraf/Desktop/work/temporal/common/log/with_logger.go:66"}
2025-03-19T11:38:54.295-0400	info	returning user data	{"host": "127.0.0.1:63279", "component": "matching-engine", "wf-task-queue-name": "/_sys/rrentVersion_Batching-564e9892_task_queue_45/1", "wf-task-queue-type": "Workflow", "wf-namespace": "namespace-ec265ab4-426c-4316-a4b3-47fc66311932", "long-poll": true, "request-known-version": 1, "user-data-version": 2, "logging-call-at": "/Users/shivamsaraf/Desktop/work/temporal/common/log/with_logger.go:66"}
2025-03-19T11:38:54.295-0400	info	matching client encountered error	{"host": "127.0.0.1:63279", "error": "partition was not loaded", "service-error-type": "serviceerror.FailedPrecondition", "logging-call-at": "/Users/shivamsaraf/Desktop/work/temporal/common/log/with_logger.go:66"}
2025-03-19T11:38:54.295-0400	info	returning user data	{"host": "127.0.0.1:63279", "component": "matching-engine", "wf-task-queue-name": "/_sys/rrentVersion_Batching-564e9892_task_queue_48/2", "wf-task-queue-type": "Workflow", "wf-namespace": "namespace-ec265ab4-426c-4316-a4b3-47fc66311932", "long-poll": true, "request-known-version": 1, "user-data-version": 2, "logging-call-at": "/Users/shivamsaraf/Desktop/work/temporal/common/log/with_logger.go:66"}
2025-03-19T11:38:54.295-0400	info	matching client encountered error	{"host": "127.0.0.1:63279", "error": "partition was not loaded", "service-error-type": "serviceerror.FailedPrecondition", "logging-call-at": "/Users/shivamsaraf/Desktop/work/temporal/common/log/with_logger.go:66"}
2025-03-19T11:38:54.295-0400	info	matching client encountered error	{"host": "127.0.0.1:63279", "error": "partition was not loaded", "service-error-type": "serviceerror.FailedPrecondition", "logging-call-at": "/Users/shivamsaraf/Desktop/work/temporal/common/log/with_logger.go:66"}
2025-03-19T11:38:54.295-0400	info	matching client encountered error	{"host": "127.0.0.1:63279", "error": "partition was not loaded", "service-error-type": "serviceerror.FailedPrecondition", "logging-call-at": "/Users/shivamsaraf/Desktop/work/temporal/common/log/with_logger.go:66"}
2025-03-19T11:38:54.295-0400	info	returning user data	{"host": "127.0.0.1:63279", "component": "matching-engine", "wf-task-queue-name": "/_sys/rrentVersion_Batching-564e9892_task_queue_31/2", "wf-task-queue-type": "Workflow", "wf-namespace": "namespace-ec265ab4-426c-4316-a4b3-47fc66311932", "long-poll": true, "request-known-version": 1, "user-data-version": 2, "logging-call-at": "/Users/shivamsaraf/Desktop/work/temporal/common/log/with_logger.go:66"}
2025-03-19T11:38:54.295-0400	info	returning user data	{"host": "127.0.0.1:63279", "component": "matching-engine", "wf-task-queue-name": "/_sys/rrentVersion_Batching-564e9892_task_queue_45/3", "wf-task-queue-type": "Workflow", "wf-namespace": "namespace-ec265ab4-426c-4316-a4b3-47fc66311932", "long-poll": true, "request-known-version": 1, "user-data-version": 2, "logging-call-at": "/Users/shivamsaraf/Desktop/work/temporal/common/log/with_logger.go:66"}
2025-03-19T11:38:54.295-0400	info	returning user data	{"host": "127.0.0.1:63279", "component": "matching-engine", "wf-task-queue-name": "/_sys/rrentVersion_Batching-564e9892_task_queue_40/1", "wf-task-queue-type": "Workflow", "wf-namespace": "namespace-ec265ab4-426c-4316-a4b3-47fc66311932", "long-poll": true, "request-known-version": 1, "user-data-version": 2, "logging-call-at": "/Users/shivamsaraf/Desktop/work/temporal/common/log/with_logger.go:66"}
2025-03-19T11:38:54.295-0400	info	matching client encountered error	{"host": "127.0.0.1:63279", "error": "partition was not loaded", "service-error-type": "serviceerror.FailedPrecondition", "logging-call-at": "/Users/shivamsaraf/Desktop/work/temporal/common/log/with_logger.go:66"}
2025-03-19T11:38:54.295-0400	info	returning user data	{"host": "127.0.0.1:63279", "component": "matching-engine", "wf-task-queue-name": "/_sys/rrentVersion_Batching-564e9892_task_queue_48/1", "wf-task-queue-type": "Workflow", "wf-namespace": "namespace-ec265ab4-426c-4316-a4b3-47fc66311932", "long-poll": true, "request-known-version": 1, "user-data-version": 2, "logging-call-at": "/Users/shivamsaraf/Desktop/work/temporal/common/log/with_logger.go:66"}
2025-03-19T11:38:54.295-0400	info	matching client encountered error	{"host": "127.0.0.1:63279", "error": "partition was not loaded", "service-error-type": "serviceerror.FailedPrecondition", "logging-call-at": "/Users/shivamsaraf/Desktop/work/temporal/common/log/with_logger.go:66"}
2025-03-19T11:38:54.295-0400	info	matching client encountered error	{"host": "127.0.0.1:63279", "error": "partition was not loaded", "service-error-type": "serviceerror.FailedPrecondition", "logging-call-at": "/Users/shivamsaraf/Desktop/work/temporal/common/log/with_logger.go:66"}
2025-03-19T11:38:54.295-0400	info	matching client encountered error	{"host": "127.0.0.1:63279", "error": "partition was not loaded", "service-error-type": "serviceerror.FailedPrecondition", "logging-call-at": "/Users/shivamsaraf/Desktop/work/temporal/common/log/with_logger.go:66"}
2025-03-19T11:38:54.295-0400	info	returning user data	{"host": "127.0.0.1:63279", "component": "matching-engine", "wf-task-queue-name": "/_sys/rrentVersion_Batching-564e9892_task_queue_48/3", "wf-task-queue-type": "Workflow", "wf-namespace": "namespace-ec265ab4-426c-4316-a4b3-47fc66311932", "long-poll": true, "request-known-version": 1, "user-data-version": 2, "logging-call-at": "/Users/shivamsaraf/Desktop/work/temporal/common/log/with_logger.go:66"}
2025-03-19T11:38:54.295-0400	info	returning user data	{"host": "127.0.0.1:63279", "component": "matching-engine", "wf-task-queue-name": "/_sys/rrentVersion_Batching-564e9892_task_queue_9/2", "wf-task-queue-type": "Workflow", "wf-namespace": "namespace-ec265ab4-426c-4316-a4b3-47fc66311932", "long-poll": true, "request-known-version": 1, "user-data-version": 2, "logging-call-at": "/Users/shivamsaraf/Desktop/work/temporal/common/log/with_logger.go:66"}
2025-03-19T11:38:54.295-0400	info	returning user data	{"host": "127.0.0.1:63279", "component": "matching-engine", "wf-task-queue-name": "/_sys/rrentVersion_Batching-564e9892_task_queue_45/2", "wf-task-queue-type": "Workflow", "wf-namespace": "namespace-ec265ab4-426c-4316-a4b3-47fc66311932", "long-poll": true, "request-known-version": 1, "user-data-version": 2, "logging-call-at": "/Users/shivamsaraf/Desktop/work/temporal/common/log/with_logger.go:66"}
2025-03-19T11:38:54.296-0400	info	matching client encountered error	{"host": "127.0.0.1:63279", "error": "partition was not loaded", "service-error-type": "serviceerror.FailedPrecondition", "logging-call-at": "/Users/shivamsaraf/Desktop/work/temporal/common/log/with_logger.go:66"}
2025-03-19T11:38:54.296-0400	info	returning user data	{"host": "127.0.0.1:63279", "component": "matching-engine", "wf-task-queue-name": "/_sys/rrentVersion_Batching-564e9892_task_queue_31/1", "wf-task-queue-type": "Workflow", "wf-namespace": "namespace-ec265ab4-426c-4316-a4b3-47fc66311932", "long-poll": true, "request-known-version": 1, "user-data-version": 2, "logging-call-at": "/Users/shivamsaraf/Desktop/work/temporal/common/log/with_logger.go:66"}
2025-03-19T11:38:54.296-0400	info	matching client encountered error	{"host": "127.0.0.1:63279", "error": "partition was not loaded", "service-error-type": "serviceerror.FailedPrecondition", "logging-call-at": "/Users/shivamsaraf/Desktop/work/temporal/common/log/with_logger.go:66"}
2025-03-19T11:38:54.296-0400	info	matching client encountered error	{"host": "127.0.0.1:63279", "error": "partition was not loaded", "service-error-type": "serviceerror.FailedPrecondition", "logging-call-at": "/Users/shivamsaraf/Desktop/work/temporal/common/log/with_logger.go:66"}
2025-03-19T11:38:54.296-0400	info	matching client encountered error	{"host": "127.0.0.1:63279", "error": "partition was not loaded", "service-error-type": "serviceerror.FailedPrecondition", "logging-call-at": "/Users/shivamsaraf/Desktop/work/temporal/common/log/with_logger.go:66"}
2025-03-19T11:38:54.296-0400	info	matching client encountered error	{"host": "127.0.0.1:63279", "error": "partition was not loaded", "service-error-type": "serviceerror.FailedPrecondition", "logging-call-at": "/Users/shivamsaraf/Desktop/work/temporal/common/log/with_logger.go:66"}
2025-03-19T11:38:54.296-0400	info	matching client encountered error	{"host": "127.0.0.1:63279", "error": "partition was not loaded", "service-error-type": "serviceerror.FailedPrecondition", "logging-call-at": "/Users/shivamsaraf/Desktop/work/temporal/common/log/with_logger.go:66"}
2025-03-19T11:38:54.296-0400	info	returning user data	{"host": "127.0.0.1:63279", "component": "matching-engine", "wf-task-queue-name": "/_sys/rrentVersion_Batching-564e9892_task_queue_42/3", "wf-task-queue-type": "Workflow", "wf-namespace": "namespace-ec265ab4-426c-4316-a4b3-47fc66311932", "long-poll": true, "request-known-version": 1, "user-data-version": 2, "logging-call-at": "/Users/shivamsaraf/Desktop/work/temporal/common/log/with_logger.go:66"}
2025-03-19T11:38:54.296-0400	info	matching client encountered error	{"host": "127.0.0.1:63279", "error": "partition was not loaded", "service-error-type": "serviceerror.FailedPrecondition", "logging-call-at": "/Users/shivamsaraf/Desktop/work/temporal/common/log/with_logger.go:66"}
2025-03-19T11:38:54.296-0400	info	matching client encountered error	{"host": "127.0.0.1:63279", "error": "partition was not loaded", "service-error-type": "serviceerror.FailedPrecondition", "logging-call-at": "/Users/shivamsaraf/Desktop/work/temporal/common/log/with_logger.go:66"}
2025-03-19T11:38:54.296-0400	info	matching client encountered error	{"host": "127.0.0.1:63279", "error": "partition was not loaded", "service-error-type": "serviceerror.FailedPrecondition", "logging-call-at": "/Users/shivamsaraf/Desktop/work/temporal/common/log/with_logger.go:66"}
2025-03-19T11:38:54.296-0400	info	matching client encountered error	{"host": "127.0.0.1:63279", "error": "partition was not loaded", "service-error-type": "serviceerror.FailedPrecondition", "logging-call-at": "/Users/shivamsaraf/Desktop/work/temporal/common/log/with_logger.go:66"}
2025-03-19T11:38:54.296-0400	info	returning user data	{"host": "127.0.0.1:63279", "component": "matching-engine", "wf-task-queue-name": "/_sys/rrentVersion_Batching-564e9892_task_queue_37/3", "wf-task-queue-type": "Workflow", "wf-namespace": "namespace-ec265ab4-426c-4316-a4b3-47fc66311932", "long-poll": true, "request-known-version": 1, "user-data-version": 2, "logging-call-at": "/Users/shivamsaraf/Desktop/work/temporal/common/log/with_logger.go:66"}
2025-03-19T11:38:54.296-0400	info	returning user data	{"host": "127.0.0.1:63279", "component": "matching-engine", "wf-task-queue-name": "/_sys/rrentVersion_Batching-564e9892_task_queue_9/3", "wf-task-queue-type": "Workflow", "wf-namespace": "namespace-ec265ab4-426c-4316-a4b3-47fc66311932", "long-poll": true, "request-known-version": 1, "user-data-version": 2, "logging-call-at": "/Users/shivamsaraf/Desktop/work/temporal/common/log/with_logger.go:66"}
2025-03-19T11:38:54.296-0400	info	matching client encountered error	{"host": "127.0.0.1:63279", "error": "partition was not loaded", "service-error-type": "serviceerror.FailedPrecondition", "logging-call-at": "/Users/shivamsaraf/Desktop/work/temporal/common/log/with_logger.go:66"}
2025-03-19T11:38:54.296-0400	info	returning user data	{"host": "127.0.0.1:63279", "component": "matching-engine", "wf-task-queue-name": "/_sys/rrentVersion_Batching-564e9892_task_queue_37/1", "wf-task-queue-type": "Workflow", "wf-namespace": "namespace-ec265ab4-426c-4316-a4b3-47fc66311932", "long-poll": true, "request-known-version": 1, "user-data-version": 2, "logging-call-at": "/Users/shivamsaraf/Desktop/work/temporal/common/log/with_logger.go:66"}
2025-03-19T11:38:54.296-0400	info	matching client encountered error	{"host": "127.0.0.1:63279", "error": "partition was not loaded", "service-error-type": "serviceerror.FailedPrecondition", "logging-call-at": "/Users/shivamsaraf/Desktop/work/temporal/common/log/with_logger.go:66"}
2025-03-19T11:38:54.296-0400	info	matching client encountered error	{"host": "127.0.0.1:63279", "error": "partition was not loaded", "service-error-type": "serviceerror.FailedPrecondition", "logging-call-at": "/Users/shivamsaraf/Desktop/work/temporal/common/log/with_logger.go:66"}
2025-03-19T11:38:54.296-0400	info	matching client encountered error	{"host": "127.0.0.1:63279", "error": "partition was not loaded", "service-error-type": "serviceerror.FailedPrecondition", "logging-call-at": "/Users/shivamsaraf/Desktop/work/temporal/common/log/with_logger.go:66"}
2025-03-19T11:38:54.296-0400	info	returning user data	{"host": "127.0.0.1:63279", "component": "matching-engine", "wf-task-queue-name": "/_sys/rrentVersion_Batching-564e9892_task_queue_42/2", "wf-task-queue-type": "Workflow", "wf-namespace": "namespace-ec265ab4-426c-4316-a4b3-47fc66311932", "long-poll": true, "request-known-version": 1, "user-data-version": 2, "logging-call-at": "/Users/shivamsaraf/Desktop/work/temporal/common/log/with_logger.go:66"}
2025-03-19T11:38:54.296-0400	info	returning user data	{"host": "127.0.0.1:63279", "component": "matching-engine", "wf-task-queue-name": "/_sys/rrentVersion_Batching-564e9892_task_queue_9/1", "wf-task-queue-type": "Workflow", "wf-namespace": "namespace-ec265ab4-426c-4316-a4b3-47fc66311932", "long-poll": true, "request-known-version": 1, "user-data-version": 2, "logging-call-at": "/Users/shivamsaraf/Desktop/work/temporal/common/log/with_logger.go:66"}
2025-03-19T11:38:54.296-0400	info	returning user data	{"host": "127.0.0.1:63279", "component": "matching-engine", "wf-task-queue-name": "/_sys/rrentVersion_Batching-564e9892_task_queue_4/3", "wf-task-queue-type": "Workflow", "wf-namespace": "namespace-ec265ab4-426c-4316-a4b3-47fc66311932", "long-poll": true, "request-known-version": 1, "user-data-version": 2, "logging-call-at": "/Users/shivamsaraf/Desktop/work/temporal/common/log/with_logger.go:66"}
2025-03-19T11:38:54.297-0400	info	returning user data	{"host": "127.0.0.1:63279", "component": "matching-engine", "wf-task-queue-name": "/_sys/rrentVersion_Batching-564e9892_task_queue_33/2", "wf-task-queue-type": "Workflow", "wf-namespace": "namespace-ec265ab4-426c-4316-a4b3-47fc66311932", "long-poll": true, "request-known-version": 1, "user-data-version": 2, "logging-call-at": "/Users/shivamsaraf/Desktop/work/temporal/common/log/with_logger.go:66"}
2025-03-19T11:38:54.297-0400	info	returning user data	{"host": "127.0.0.1:63279", "component": "matching-engine", "wf-task-queue-name": "/_sys/rrentVersion_Batching-564e9892_task_queue_4/2", "wf-task-queue-type": "Workflow", "wf-namespace": "namespace-ec265ab4-426c-4316-a4b3-47fc66311932", "long-poll": true, "request-known-version": 1, "user-data-version": 2, "logging-call-at": "/Users/shivamsaraf/Desktop/work/temporal/common/log/with_logger.go:66"}
2025-03-19T11:38:54.297-0400	info	matching client encountered error	{"host": "127.0.0.1:63279", "error": "partition was not loaded", "service-error-type": "serviceerror.FailedPrecondition", "logging-call-at": "/Users/shivamsaraf/Desktop/work/temporal/common/log/with_logger.go:66"}
2025-03-19T11:38:54.297-0400	info	matching client encountered error	{"host": "127.0.0.1:63279", "error": "partition was not loaded", "service-error-type": "serviceerror.FailedPrecondition", "logging-call-at": "/Users/shivamsaraf/Desktop/work/temporal/common/log/with_logger.go:66"}
2025-03-19T11:38:54.297-0400	info	matching client encountered error	{"host": "127.0.0.1:63279", "error": "partition was not loaded", "service-error-type": "serviceerror.FailedPrecondition", "logging-call-at": "/Users/shivamsaraf/Desktop/work/temporal/common/log/with_logger.go:66"}
2025-03-19T11:38:54.297-0400	info	matching client encountered error	{"host": "127.0.0.1:63279", "error": "partition was not loaded", "service-error-type": "serviceerror.FailedPrecondition", "logging-call-at": "/Users/shivamsaraf/Desktop/work/temporal/common/log/with_logger.go:66"}
2025-03-19T11:38:54.297-0400	info	matching client encountered error	{"host": "127.0.0.1:63279", "error": "partition was not loaded", "service-error-type": "serviceerror.FailedPrecondition", "logging-call-at": "/Users/shivamsaraf/Desktop/work/temporal/common/log/with_logger.go:66"}
2025-03-19T11:38:54.297-0400	info	matching client encountered error	{"host": "127.0.0.1:63279", "error": "partition was not loaded", "service-error-type": "serviceerror.FailedPrecondition", "logging-call-at": "/Users/shivamsaraf/Desktop/work/temporal/common/log/with_logger.go:66"}
2025-03-19T11:38:54.297-0400	info	returning user data	{"host": "127.0.0.1:63279", "component": "matching-engine", "wf-task-queue-name": "/_sys/rrentVersion_Batching-564e9892_task_queue_4/1", "wf-task-queue-type": "Workflow", "wf-namespace": "namespace-ec265ab4-426c-4316-a4b3-47fc66311932", "long-poll": true, "request-known-version": 1, "user-data-version": 2, "logging-call-at": "/Users/shivamsaraf/Desktop/work/temporal/common/log/with_logger.go:66"}
2025-03-19T11:38:54.297-0400	info	returning user data	{"host": "127.0.0.1:63279", "component": "matching-engine", "wf-task-queue-name": "/_sys/rrentVersion_Batching-564e9892_task_queue_8/3", "wf-task-queue-type": "Workflow", "wf-namespace": "namespace-ec265ab4-426c-4316-a4b3-47fc66311932", "long-poll": true, "request-known-version": 1, "user-data-version": 2, "logging-call-at": "/Users/shivamsaraf/Desktop/work/temporal/common/log/with_logger.go:66"}
2025-03-19T11:38:54.297-0400	info	returning user data	{"host": "127.0.0.1:63279", "component": "matching-engine", "wf-task-queue-name": "/_sys/rrentVersion_Batching-564e9892_task_queue_42/1", "wf-task-queue-type": "Workflow", "wf-namespace": "namespace-ec265ab4-426c-4316-a4b3-47fc66311932", "long-poll": true, "request-known-version": 1, "user-data-version": 2, "logging-call-at": "/Users/shivamsaraf/Desktop/work/temporal/common/log/with_logger.go:66"}
2025-03-19T11:38:54.297-0400	info	returning user data	{"host": "127.0.0.1:63279", "component": "matching-engine", "wf-task-queue-name": "/_sys/rrentVersion_Batching-564e9892_task_queue_37/2", "wf-task-queue-type": "Workflow", "wf-namespace": "namespace-ec265ab4-426c-4316-a4b3-47fc66311932", "long-poll": true, "request-known-version": 1, "user-data-version": 2, "logging-call-at": "/Users/shivamsaraf/Desktop/work/temporal/common/log/with_logger.go:66"}
2025-03-19T11:38:54.297-0400	info	returning user data	{"host": "127.0.0.1:63279", "component": "matching-engine", "wf-task-queue-name": "/_sys/rrentVersion_Batching-564e9892_task_queue_31/3", "wf-task-queue-type": "Workflow", "wf-namespace": "namespace-ec265ab4-426c-4316-a4b3-47fc66311932", "long-poll": true, "request-known-version": 1, "user-data-version": 2, "logging-call-at": "/Users/shivamsaraf/Desktop/work/temporal/common/log/with_logger.go:66"}
2025-03-19T11:38:54.297-0400	info	returning user data	{"host": "127.0.0.1:63279", "component": "matching-engine", "wf-task-queue-name": "/_sys/rrentVersion_Batching-564e9892_task_queue_33/1", "wf-task-queue-type": "Workflow", "wf-namespace": "namespace-ec265ab4-426c-4316-a4b3-47fc66311932", "long-poll": true, "request-known-version": 1, "user-data-version": 2, "logging-call-at": "/Users/shivamsaraf/Desktop/work/temporal/common/log/with_logger.go:66"}
2025-03-19T11:38:54.297-0400	info	returning user data	{"host": "127.0.0.1:63279", "component": "matching-engine", "wf-task-queue-name": "/_sys/rrentVersion_Batching-564e9892_task_queue_8/1", "wf-task-queue-type": "Workflow", "wf-namespace": "namespace-ec265ab4-426c-4316-a4b3-47fc66311932", "long-poll": true, "request-known-version": 1, "user-data-version": 2, "logging-call-at": "/Users/shivamsaraf/Desktop/work/temporal/common/log/with_logger.go:66"}
2025-03-19T11:38:54.297-0400	info	returning user data	{"host": "127.0.0.1:63279", "component": "matching-engine", "wf-task-queue-name": "/_sys/rrentVersion_Batching-564e9892_task_queue_8/2", "wf-task-queue-type": "Workflow", "wf-namespace": "namespace-ec265ab4-426c-4316-a4b3-47fc66311932", "long-poll": true, "request-known-version": 1, "user-data-version": 2, "logging-call-at": "/Users/shivamsaraf/Desktop/work/temporal/common/log/with_logger.go:66"}
2025-03-19T11:38:54.297-0400	info	returning user data	{"host": "127.0.0.1:63279", "component": "matching-engine", "wf-task-queue-name": "/_sys/rrentVersion_Batching-564e9892_task_queue_33/3", "wf-task-queue-type": "Workflow", "wf-namespace": "namespace-ec265ab4-426c-4316-a4b3-47fc66311932", "long-poll": true, "request-known-version": 1, "user-data-version": 2, "logging-call-at": "/Users/shivamsaraf/Desktop/work/temporal/common/log/with_logger.go:66"}
2025-03-19T11:38:54.297-0400	info	matching client encountered error	{"host": "127.0.0.1:63279", "error": "partition was not loaded", "service-error-type": "serviceerror.FailedPrecondition", "logging-call-at": "/Users/shivamsaraf/Desktop/work/temporal/common/log/with_logger.go:66"}
2025-03-19T11:38:54.297-0400	info	matching client encountered error	{"host": "127.0.0.1:63279", "error": "partition was not loaded", "service-error-type": "serviceerror.FailedPrecondition", "logging-call-at": "/Users/shivamsaraf/Desktop/work/temporal/common/log/with_logger.go:66"}
2025-03-19T11:38:54.298-0400	info	matching client encountered error	{"host": "127.0.0.1:63279", "error": "partition was not loaded", "service-error-type": "serviceerror.FailedPrecondition", "logging-call-at": "/Users/shivamsaraf/Desktop/work/temporal/common/log/with_logger.go:66"}
2025-03-19T11:38:54.298-0400	debug	Process task as active.	{"host": "127.0.0.1:63280", "shard-id": 4, "address": "127.0.0.1:63280", "component": "timer-queue-processor", "wf-namespace-id": "d0b550e3-6091-4a9b-a9aa-3d80ffb24954", "value": "d0b550e3-6091-4a9b-a9aa-3d80ffb24954/temporal-sys-worker-deployment-version:rrentVersion_Batching-564e9892_deployment_series.rrentVersion_Batching-564e9892_build_id/0195af0e-98a0-7d94-93e5-2a1d2e5942f8", "logging-call-at": "/Users/shivamsaraf/Desktop/work/temporal/common/log/with_logger.go:61"}
2025-03-19T11:38:54.298-0400	info	matching client encountered error	{"host": "127.0.0.1:63279", "error": "partition was not loaded", "service-error-type": "serviceerror.FailedPrecondition", "logging-call-at": "/Users/shivamsaraf/Desktop/work/temporal/common/log/with_logger.go:66"}
2025-03-19T11:38:54.298-0400	info	matching client encountered error	{"host": "127.0.0.1:63279", "error": "partition was not loaded", "service-error-type": "serviceerror.FailedPrecondition", "logging-call-at": "/Users/shivamsaraf/Desktop/work/temporal/common/log/with_logger.go:66"}
2025-03-19T11:38:54.298-0400	info	returning user data	{"host": "127.0.0.1:63279", "component": "matching-engine", "wf-task-queue-name": "/_sys/rrentVersion_Batching-564e9892_task_queue_43/2", "wf-task-queue-type": "Workflow", "wf-namespace": "namespace-ec265ab4-426c-4316-a4b3-47fc66311932", "long-poll": true, "request-known-version": 1, "user-data-version": 2, "logging-call-at": "/Users/shivamsaraf/Desktop/work/temporal/common/log/with_logger.go:66"}
2025-03-19T11:38:54.298-0400	info	matching client encountered error	{"host": "127.0.0.1:63279", "error": "partition was not loaded", "service-error-type": "serviceerror.FailedPrecondition", "logging-call-at": "/Users/shivamsaraf/Desktop/work/temporal/common/log/with_logger.go:66"}
2025-03-19T11:38:54.298-0400	info	returning user data	{"host": "127.0.0.1:63279", "component": "matching-engine", "wf-task-queue-name": "/_sys/rrentVersion_Batching-564e9892_task_queue_43/1", "wf-task-queue-type": "Workflow", "wf-namespace": "namespace-ec265ab4-426c-4316-a4b3-47fc66311932", "long-poll": true, "request-known-version": 1, "user-data-version": 2, "logging-call-at": "/Users/shivamsaraf/Desktop/work/temporal/common/log/with_logger.go:66"}
2025-03-19T11:38:54.298-0400	info	returning user data	{"host": "127.0.0.1:63279", "component": "matching-engine", "wf-task-queue-name": "/_sys/rrentVersion_Batching-564e9892_task_queue_43/3", "wf-task-queue-type": "Workflow", "wf-namespace": "namespace-ec265ab4-426c-4316-a4b3-47fc66311932", "long-poll": true, "request-known-version": 1, "user-data-version": 2, "logging-call-at": "/Users/shivamsaraf/Desktop/work/temporal/common/log/with_logger.go:66"}
2025-03-19T11:38:54.298-0400	info	matching client encountered error	{"host": "127.0.0.1:63279", "error": "partition was not loaded", "service-error-type": "serviceerror.FailedPrecondition", "logging-call-at": "/Users/shivamsaraf/Desktop/work/temporal/common/log/with_logger.go:66"}
2025-03-19T11:38:54.298-0400	info	matching client encountered error	{"host": "127.0.0.1:63279", "error": "partition was not loaded", "service-error-type": "serviceerror.FailedPrecondition", "logging-call-at": "/Users/shivamsaraf/Desktop/work/temporal/common/log/with_logger.go:66"}
2025-03-19T11:38:54.298-0400	info	matching client encountered error	{"host": "127.0.0.1:63279", "error": "partition was not loaded", "service-error-type": "serviceerror.FailedPrecondition", "logging-call-at": "/Users/shivamsaraf/Desktop/work/temporal/common/log/with_logger.go:66"}
2025-03-19T11:38:54.298-0400	info	matching client encountered error	{"host": "127.0.0.1:63279", "error": "partition was not loaded", "service-error-type": "serviceerror.FailedPrecondition", "logging-call-at": "/Users/shivamsaraf/Desktop/work/temporal/common/log/with_logger.go:66"}
2025-03-19T11:38:54.298-0400	info	matching client encountered error	{"host": "127.0.0.1:63279", "error": "partition was not loaded", "service-error-type": "serviceerror.FailedPrecondition", "logging-call-at": "/Users/shivamsaraf/Desktop/work/temporal/common/log/with_logger.go:66"}
2025-03-19T11:38:54.298-0400	info	matching client encountered error	{"host": "127.0.0.1:63279", "error": "partition was not loaded", "service-error-type": "serviceerror.FailedPrecondition", "logging-call-at": "/Users/shivamsaraf/Desktop/work/temporal/common/log/with_logger.go:66"}
2025-03-19T11:38:54.298-0400	info	matching client encountered error	{"host": "127.0.0.1:63279", "error": "partition was not loaded", "service-error-type": "serviceerror.FailedPrecondition", "logging-call-at": "/Users/shivamsaraf/Desktop/work/temporal/common/log/with_logger.go:66"}
2025-03-19T11:38:54.298-0400	info	matching client encountered error	{"host": "127.0.0.1:63279", "error": "partition was not loaded", "service-error-type": "serviceerror.FailedPrecondition", "logging-call-at": "/Users/shivamsaraf/Desktop/work/temporal/common/log/with_logger.go:66"}
2025-03-19T11:38:54.298-0400	info	matching client encountered error	{"host": "127.0.0.1:63279", "error": "partition was not loaded", "service-error-type": "serviceerror.FailedPrecondition", "logging-call-at": "/Users/shivamsaraf/Desktop/work/temporal/common/log/with_logger.go:66"}
2025-03-19T11:38:54.298-0400	info	matching client encountered error	{"host": "127.0.0.1:63279", "error": "partition was not loaded", "service-error-type": "serviceerror.FailedPrecondition", "logging-call-at": "/Users/shivamsaraf/Desktop/work/temporal/common/log/with_logger.go:66"}
2025-03-19T11:38:54.298-0400	info	matching client encountered error	{"host": "127.0.0.1:63279", "error": "partition was not loaded", "service-error-type": "serviceerror.FailedPrecondition", "logging-call-at": "/Users/shivamsaraf/Desktop/work/temporal/common/log/with_logger.go:66"}
2025-03-19T11:38:54.298-0400	info	matching client encountered error	{"host": "127.0.0.1:63279", "error": "partition was not loaded", "service-error-type": "serviceerror.FailedPrecondition", "logging-call-at": "/Users/shivamsaraf/Desktop/work/temporal/common/log/with_logger.go:66"}
2025-03-19T11:38:54.299-0400	info	returning user data	{"host": "127.0.0.1:63279", "component": "matching-engine", "wf-task-queue-name": "/_sys/rrentVersion_Batching-564e9892_task_queue_41/3", "wf-task-queue-type": "Workflow", "wf-namespace": "namespace-ec265ab4-426c-4316-a4b3-47fc66311932", "long-poll": true, "request-known-version": 1, "user-data-version": 2, "logging-call-at": "/Users/shivamsaraf/Desktop/work/temporal/common/log/with_logger.go:66"}
2025-03-19T11:38:54.299-0400	info	returning user data	{"host": "127.0.0.1:63279", "component": "matching-engine", "wf-task-queue-name": "/_sys/rrentVersion_Batching-564e9892_task_queue_38/3", "wf-task-queue-type": "Workflow", "wf-namespace": "namespace-ec265ab4-426c-4316-a4b3-47fc66311932", "long-poll": true, "request-known-version": 1, "user-data-version": 2, "logging-call-at": "/Users/shivamsaraf/Desktop/work/temporal/common/log/with_logger.go:66"}
2025-03-19T11:38:54.299-0400	info	matching client encountered error	{"host": "127.0.0.1:63279", "error": "partition was not loaded", "service-error-type": "serviceerror.FailedPrecondition", "logging-call-at": "/Users/shivamsaraf/Desktop/work/temporal/common/log/with_logger.go:66"}
2025-03-19T11:38:54.299-0400	info	matching client encountered error	{"host": "127.0.0.1:63279", "error": "partition was not loaded", "service-error-type": "serviceerror.FailedPrecondition", "logging-call-at": "/Users/shivamsaraf/Desktop/work/temporal/common/log/with_logger.go:66"}
2025-03-19T11:38:54.299-0400	info	matching client encountered error	{"host": "127.0.0.1:63279", "error": "partition was not loaded", "service-error-type": "serviceerror.FailedPrecondition", "logging-call-at": "/Users/shivamsaraf/Desktop/work/temporal/common/log/with_logger.go:66"}
2025-03-19T11:38:54.299-0400	info	returning user data	{"host": "127.0.0.1:63279", "component": "matching-engine", "wf-task-queue-name": "/_sys/rrentVersion_Batching-564e9892_task_queue_41/1", "wf-task-queue-type": "Workflow", "wf-namespace": "namespace-ec265ab4-426c-4316-a4b3-47fc66311932", "long-poll": true, "request-known-version": 1, "user-data-version": 2, "logging-call-at": "/Users/shivamsaraf/Desktop/work/temporal/common/log/with_logger.go:66"}
2025-03-19T11:38:54.299-0400	info	returning user data	{"host": "127.0.0.1:63279", "component": "matching-engine", "wf-task-queue-name": "/_sys/rrentVersion_Batching-564e9892_task_queue_38/2", "wf-task-queue-type": "Workflow", "wf-namespace": "namespace-ec265ab4-426c-4316-a4b3-47fc66311932", "long-poll": true, "request-known-version": 1, "user-data-version": 2, "logging-call-at": "/Users/shivamsaraf/Desktop/work/temporal/common/log/with_logger.go:66"}
2025-03-19T11:38:54.299-0400	info	matching client encountered error	{"host": "127.0.0.1:63279", "error": "partition was not loaded", "service-error-type": "serviceerror.FailedPrecondition", "logging-call-at": "/Users/shivamsaraf/Desktop/work/temporal/common/log/with_logger.go:66"}
2025-03-19T11:38:54.299-0400	info	matching client encountered error	{"host": "127.0.0.1:63279", "error": "partition was not loaded", "service-error-type": "serviceerror.FailedPrecondition", "logging-call-at": "/Users/shivamsaraf/Desktop/work/temporal/common/log/with_logger.go:66"}
2025-03-19T11:38:54.299-0400	info	matching client encountered error	{"host": "127.0.0.1:63279", "error": "partition was not loaded", "service-error-type": "serviceerror.FailedPrecondition", "logging-call-at": "/Users/shivamsaraf/Desktop/work/temporal/common/log/with_logger.go:66"}
2025-03-19T11:38:54.299-0400	info	returning user data	{"host": "127.0.0.1:63279", "component": "matching-engine", "wf-task-queue-name": "/_sys/rrentVersion_Batching-564e9892_task_queue_38/1", "wf-task-queue-type": "Workflow", "wf-namespace": "namespace-ec265ab4-426c-4316-a4b3-47fc66311932", "long-poll": true, "request-known-version": 1, "user-data-version": 2, "logging-call-at": "/Users/shivamsaraf/Desktop/work/temporal/common/log/with_logger.go:66"}
2025-03-19T11:38:54.299-0400	info	returning user data	{"host": "127.0.0.1:63279", "component": "matching-engine", "wf-task-queue-name": "/_sys/rrentVersion_Batching-564e9892_task_queue_39/1", "wf-task-queue-type": "Workflow", "wf-namespace": "namespace-ec265ab4-426c-4316-a4b3-47fc66311932", "long-poll": true, "request-known-version": 1, "user-data-version": 2, "logging-call-at": "/Users/shivamsaraf/Desktop/work/temporal/common/log/with_logger.go:66"}
2025-03-19T11:38:54.299-0400	info	matching client encountered error	{"host": "127.0.0.1:63279", "error": "partition was not loaded", "service-error-type": "serviceerror.FailedPrecondition", "logging-call-at": "/Users/shivamsaraf/Desktop/work/temporal/common/log/with_logger.go:66"}
2025-03-19T11:38:54.299-0400	info	returning user data	{"host": "127.0.0.1:63279", "component": "matching-engine", "wf-task-queue-name": "/_sys/rrentVersion_Batching-564e9892_task_queue_36/2", "wf-task-queue-type": "Workflow", "wf-namespace": "namespace-ec265ab4-426c-4316-a4b3-47fc66311932", "long-poll": true, "request-known-version": 1, "user-data-version": 2, "logging-call-at": "/Users/shivamsaraf/Desktop/work/temporal/common/log/with_logger.go:66"}
2025-03-19T11:38:54.299-0400	info	matching client encountered error	{"host": "127.0.0.1:63279", "error": "partition was not loaded", "service-error-type": "serviceerror.FailedPrecondition", "logging-call-at": "/Users/shivamsaraf/Desktop/work/temporal/common/log/with_logger.go:66"}
2025-03-19T11:38:54.299-0400	info	returning user data	{"host": "127.0.0.1:63279", "component": "matching-engine", "wf-task-queue-name": "/_sys/rrentVersion_Batching-564e9892_task_queue_39/2", "wf-task-queue-type": "Workflow", "wf-namespace": "namespace-ec265ab4-426c-4316-a4b3-47fc66311932", "long-poll": true, "request-known-version": 1, "user-data-version": 2, "logging-call-at": "/Users/shivamsaraf/Desktop/work/temporal/common/log/with_logger.go:66"}
2025-03-19T11:38:54.299-0400	info	returning user data	{"host": "127.0.0.1:63279", "component": "matching-engine", "wf-task-queue-name": "/_sys/rrentVersion_Batching-564e9892_task_queue_39/3", "wf-task-queue-type": "Workflow", "wf-namespace": "namespace-ec265ab4-426c-4316-a4b3-47fc66311932", "long-poll": true, "request-known-version": 1, "user-data-version": 2, "logging-call-at": "/Users/shivamsaraf/Desktop/work/temporal/common/log/with_logger.go:66"}
2025-03-19T11:38:54.299-0400	info	returning user data	{"host": "127.0.0.1:63279", "component": "matching-engine", "wf-task-queue-name": "/_sys/rrentVersion_Batching-564e9892_task_queue_41/2", "wf-task-queue-type": "Workflow", "wf-namespace": "namespace-ec265ab4-426c-4316-a4b3-47fc66311932", "long-poll": true, "request-known-version": 1, "user-data-version": 2, "logging-call-at": "/Users/shivamsaraf/Desktop/work/temporal/common/log/with_logger.go:66"}
2025-03-19T11:38:54.299-0400	info	returning user data	{"host": "127.0.0.1:63279", "component": "matching-engine", "wf-task-queue-name": "/_sys/rrentVersion_Batching-564e9892_task_queue_5/1", "wf-task-queue-type": "Workflow", "wf-namespace": "namespace-ec265ab4-426c-4316-a4b3-47fc66311932", "long-poll": true, "request-known-version": 1, "user-data-version": 2, "logging-call-at": "/Users/shivamsaraf/Desktop/work/temporal/common/log/with_logger.go:66"}
2025-03-19T11:38:54.299-0400	info	returning user data	{"host": "127.0.0.1:63279", "component": "matching-engine", "wf-task-queue-name": "/_sys/rrentVersion_Batching-564e9892_task_queue_36/3", "wf-task-queue-type": "Workflow", "wf-namespace": "namespace-ec265ab4-426c-4316-a4b3-47fc66311932", "long-poll": true, "request-known-version": 1, "user-data-version": 2, "logging-call-at": "/Users/shivamsaraf/Desktop/work/temporal/common/log/with_logger.go:66"}
2025-03-19T11:38:54.299-0400	info	returning user data	{"host": "127.0.0.1:63279", "component": "matching-engine", "wf-task-queue-name": "/_sys/rrentVersion_Batching-564e9892_task_queue_5/3", "wf-task-queue-type": "Workflow", "wf-namespace": "namespace-ec265ab4-426c-4316-a4b3-47fc66311932", "long-poll": true, "request-known-version": 1, "user-data-version": 2, "logging-call-at": "/Users/shivamsaraf/Desktop/work/temporal/common/log/with_logger.go:66"}
2025-03-19T11:38:54.300-0400	info	matching client encountered error	{"host": "127.0.0.1:63279", "error": "partition was not loaded", "service-error-type": "serviceerror.FailedPrecondition", "logging-call-at": "/Users/shivamsaraf/Desktop/work/temporal/common/log/with_logger.go:66"}
2025-03-19T11:38:54.300-0400	info	matching client encountered error	{"host": "127.0.0.1:63279", "error": "partition was not loaded", "service-error-type": "serviceerror.FailedPrecondition", "logging-call-at": "/Users/shivamsaraf/Desktop/work/temporal/common/log/with_logger.go:66"}
2025-03-19T11:38:54.300-0400	info	returning user data	{"host": "127.0.0.1:63279", "component": "matching-engine", "wf-task-queue-name": "/_sys/rrentVersion_Batching-564e9892_task_queue_44/2", "wf-task-queue-type": "Workflow", "wf-namespace": "namespace-ec265ab4-426c-4316-a4b3-47fc66311932", "long-poll": true, "request-known-version": 1, "user-data-version": 2, "logging-call-at": "/Users/shivamsaraf/Desktop/work/temporal/common/log/with_logger.go:66"}
2025-03-19T11:38:54.300-0400	info	matching client encountered error	{"host": "127.0.0.1:63279", "error": "partition was not loaded", "service-error-type": "serviceerror.FailedPrecondition", "logging-call-at": "/Users/shivamsaraf/Desktop/work/temporal/common/log/with_logger.go:66"}
2025-03-19T11:38:54.300-0400	info	matching client encountered error	{"host": "127.0.0.1:63279", "error": "partition was not loaded", "service-error-type": "serviceerror.FailedPrecondition", "logging-call-at": "/Users/shivamsaraf/Desktop/work/temporal/common/log/with_logger.go:66"}
2025-03-19T11:38:54.300-0400	info	matching client encountered error	{"host": "127.0.0.1:63279", "error": "partition was not loaded", "service-error-type": "serviceerror.FailedPrecondition", "logging-call-at": "/Users/shivamsaraf/Desktop/work/temporal/common/log/with_logger.go:66"}
2025-03-19T11:38:54.300-0400	info	matching client encountered error	{"host": "127.0.0.1:63279", "error": "partition was not loaded", "service-error-type": "serviceerror.FailedPrecondition", "logging-call-at": "/Users/shivamsaraf/Desktop/work/temporal/common/log/with_logger.go:66"}
2025-03-19T11:38:54.300-0400	info	returning user data	{"host": "127.0.0.1:63279", "component": "matching-engine", "wf-task-queue-name": "/_sys/rrentVersion_Batching-564e9892_task_queue_36/1", "wf-task-queue-type": "Workflow", "wf-namespace": "namespace-ec265ab4-426c-4316-a4b3-47fc66311932", "long-poll": true, "request-known-version": 1, "user-data-version": 2, "logging-call-at": "/Users/shivamsaraf/Desktop/work/temporal/common/log/with_logger.go:66"}
2025-03-19T11:38:54.300-0400	info	matching client encountered error	{"host": "127.0.0.1:63279", "error": "partition was not loaded", "service-error-type": "serviceerror.FailedPrecondition", "logging-call-at": "/Users/shivamsaraf/Desktop/work/temporal/common/log/with_logger.go:66"}
2025-03-19T11:38:54.300-0400	info	returning user data	{"host": "127.0.0.1:63279", "component": "matching-engine", "wf-task-queue-name": "/_sys/rrentVersion_Batching-564e9892_task_queue_5/2", "wf-task-queue-type": "Workflow", "wf-namespace": "namespace-ec265ab4-426c-4316-a4b3-47fc66311932", "long-poll": true, "request-known-version": 1, "user-data-version": 2, "logging-call-at": "/Users/shivamsaraf/Desktop/work/temporal/common/log/with_logger.go:66"}
2025-03-19T11:38:54.300-0400	info	returning user data	{"host": "127.0.0.1:63279", "component": "matching-engine", "wf-task-queue-name": "/_sys/rrentVersion_Batching-564e9892_task_queue_44/1", "wf-task-queue-type": "Workflow", "wf-namespace": "namespace-ec265ab4-426c-4316-a4b3-47fc66311932", "long-poll": true, "request-known-version": 1, "user-data-version": 2, "logging-call-at": "/Users/shivamsaraf/Desktop/work/temporal/common/log/with_logger.go:66"}
2025-03-19T11:38:54.300-0400	info	matching client encountered error	{"host": "127.0.0.1:63279", "error": "partition was not loaded", "service-error-type": "serviceerror.FailedPrecondition", "logging-call-at": "/Users/shivamsaraf/Desktop/work/temporal/common/log/with_logger.go:66"}
2025-03-19T11:38:54.300-0400	info	returning user data	{"host": "127.0.0.1:63279", "component": "matching-engine", "wf-task-queue-name": "/_sys/rrentVersion_Batching-564e9892_task_queue_44/3", "wf-task-queue-type": "Workflow", "wf-namespace": "namespace-ec265ab4-426c-4316-a4b3-47fc66311932", "long-poll": true, "request-known-version": 1, "user-data-version": 2, "logging-call-at": "/Users/shivamsaraf/Desktop/work/temporal/common/log/with_logger.go:66"}
2025-03-19T11:38:54.300-0400	info	matching client encountered error	{"host": "127.0.0.1:63279", "error": "partition was not loaded", "service-error-type": "serviceerror.FailedPrecondition", "logging-call-at": "/Users/shivamsaraf/Desktop/work/temporal/common/log/with_logger.go:66"}
2025-03-19T11:38:54.300-0400	info	matching client encountered error	{"host": "127.0.0.1:63279", "error": "partition was not loaded", "service-error-type": "serviceerror.FailedPrecondition", "logging-call-at": "/Users/shivamsaraf/Desktop/work/temporal/common/log/with_logger.go:66"}
2025-03-19T11:38:54.300-0400	info	matching client encountered error	{"host": "127.0.0.1:63279", "error": "partition was not loaded", "service-error-type": "serviceerror.FailedPrecondition", "logging-call-at": "/Users/shivamsaraf/Desktop/work/temporal/common/log/with_logger.go:66"}
2025-03-19T11:38:54.300-0400	info	matching client encountered error	{"host": "127.0.0.1:63279", "error": "partition was not loaded", "service-error-type": "serviceerror.FailedPrecondition", "logging-call-at": "/Users/shivamsaraf/Desktop/work/temporal/common/log/with_logger.go:66"}
2025-03-19T11:38:54.300-0400	info	matching client encountered error	{"host": "127.0.0.1:63279", "error": "partition was not loaded", "service-error-type": "serviceerror.FailedPrecondition", "logging-call-at": "/Users/shivamsaraf/Desktop/work/temporal/common/log/with_logger.go:66"}
2025-03-19T11:38:54.300-0400	info	matching client encountered error	{"host": "127.0.0.1:63279", "error": "partition was not loaded", "service-error-type": "serviceerror.FailedPrecondition", "logging-call-at": "/Users/shivamsaraf/Desktop/work/temporal/common/log/with_logger.go:66"}
2025-03-19T11:38:54.300-0400	info	matching client encountered error	{"host": "127.0.0.1:63279", "error": "partition was not loaded", "service-error-type": "serviceerror.FailedPrecondition", "logging-call-at": "/Users/shivamsaraf/Desktop/work/temporal/common/log/with_logger.go:66"}
2025-03-19T11:38:54.300-0400	info	matching client encountered error	{"host": "127.0.0.1:63279", "error": "partition was not loaded", "service-error-type": "serviceerror.FailedPrecondition", "logging-call-at": "/Users/shivamsaraf/Desktop/work/temporal/common/log/with_logger.go:66"}
2025-03-19T11:38:54.301-0400	debug	Frontend method invoked.	{"host": "127.0.0.1:63278", "wf-namespace": "namespace-ec265ab4-426c-4316-a4b3-47fc66311932", "operation": "RespondActivityTaskCompleted", "server-name": "", "cert-thumbprint": "", "logging-call-at": "/Users/shivamsaraf/Desktop/work/temporal/common/log/with_logger.go:61"}
2025-03-19T11:38:54.302-0400	debug	Workflow task updated	{"host": "127.0.0.1:63280", "shard-id": 4, "address": "127.0.0.1:63280", "wf-scheduled-event-id": 888, "wf-started-event-id": 0, "workflow-task-request-id": "emptyUuid", "workflow-task-timeout": 10, "attempt": 1, "wf-started-timestamp": "0001-01-01T00:00:00.000Z", "wt-type": "Normal", "logging-call-at": "/Users/shivamsaraf/Desktop/work/temporal/common/log/with_logger.go:61"}
2025-03-19T11:38:54.302-0400	debug	Assigning new task key	{"host": "127.0.0.1:63280", "shard-id": 4, "address": "127.0.0.1:63280", "wf-namespace-id": "d0b550e3-6091-4a9b-a9aa-3d80ffb24954", "wf-id": "temporal-sys-worker-deployment-version:rrentVersion_Batching-564e9892_deployment_series.rrentVersion_Batching-564e9892_build_id", "wf-run-id": "0195af0e-98a0-7d94-93e5-2a1d2e5942f8", "queue-task-type": "WorkflowTaskTimeout", "queue-task-id": 1050867, "timestamp": "2025-03-19T15:38:59.303Z", "cursor-timestamp": "2025-03-19T15:38:55.280Z", "logging-call-at": "/Users/shivamsaraf/Desktop/work/temporal/common/log/with_logger.go:61"}
2025-03-19T11:38:54.302-0400	debug	Assigning new task key	{"host": "127.0.0.1:63280", "shard-id": 4, "address": "127.0.0.1:63280", "wf-namespace-id": "d0b550e3-6091-4a9b-a9aa-3d80ffb24954", "wf-id": "temporal-sys-worker-deployment-version:rrentVersion_Batching-564e9892_deployment_series.rrentVersion_Batching-564e9892_build_id", "wf-run-id": "0195af0e-98a0-7d94-93e5-2a1d2e5942f8", "queue-task-type": "TransferWorkflowTask", "queue-task-id": 1050868, "timestamp": "2025-03-19T15:38:54.302Z", "cursor-timestamp": "2025-03-19T15:38:55.280Z", "logging-call-at": "/Users/shivamsaraf/Desktop/work/temporal/common/log/with_logger.go:61"}
2025-03-19T11:38:54.306-0400	debug	Process task as active.	{"host": "127.0.0.1:63280", "shard-id": 4, "address": "127.0.0.1:63280", "component": "transfer-queue-processor", "wf-namespace-id": "d0b550e3-6091-4a9b-a9aa-3d80ffb24954", "value": "d0b550e3-6091-4a9b-a9aa-3d80ffb24954/temporal-sys-worker-deployment-version:rrentVersion_Batching-564e9892_deployment_series.rrentVersion_Batching-564e9892_build_id/0195af0e-98a0-7d94-93e5-2a1d2e5942f8", "logging-call-at": "/Users/shivamsaraf/Desktop/work/temporal/common/log/with_logger.go:61"}
2025-03-19T11:38:54.307-0400	debug	Workflow task updated	{"host": "127.0.0.1:63280", "shard-id": 4, "address": "127.0.0.1:63280", "wf-scheduled-event-id": 888, "wf-started-event-id": 889, "workflow-task-request-id": "1c836ad3-2462-4b74-9ef9-e5d9fae9da53", "workflow-task-timeout": 10, "attempt": 1, "wf-started-timestamp": "2025-03-19T15:38:54.307Z", "wt-type": "Normal", "logging-call-at": "/Users/shivamsaraf/Desktop/work/temporal/common/log/with_logger.go:61"}
2025-03-19T11:38:54.307-0400	debug	Assigning new task key	{"host": "127.0.0.1:63280", "shard-id": 4, "address": "127.0.0.1:63280", "wf-namespace-id": "d0b550e3-6091-4a9b-a9aa-3d80ffb24954", "wf-id": "temporal-sys-worker-deployment-version:rrentVersion_Batching-564e9892_deployment_series.rrentVersion_Batching-564e9892_build_id", "wf-run-id": "0195af0e-98a0-7d94-93e5-2a1d2e5942f8", "queue-task-type": "WorkflowTaskTimeout", "queue-task-id": 1050871, "timestamp": "2025-03-19T15:39:04.308Z", "cursor-timestamp": "2025-03-19T15:38:55.306Z", "logging-call-at": "/Users/shivamsaraf/Desktop/work/temporal/common/log/with_logger.go:61"}
2025-03-19T11:38:54.314-0400	debug	Process task as active.	{"host": "127.0.0.1:63280", "shard-id": 4, "address": "127.0.0.1:63280", "component": "timer-queue-processor", "wf-namespace-id": "d0b550e3-6091-4a9b-a9aa-3d80ffb24954", "value": "d0b550e3-6091-4a9b-a9aa-3d80ffb24954/temporal-sys-worker-deployment-version:rrentVersion_Batching-564e9892_deployment_series.rrentVersion_Batching-564e9892_build_id/0195af0e-98a0-7d94-93e5-2a1d2e5942f8", "logging-call-at": "/Users/shivamsaraf/Desktop/work/temporal/common/log/with_logger.go:61"}
2025-03-19T11:38:54.315-0400	debug	Process task as active.	{"host": "127.0.0.1:63280", "shard-id": 1, "address": "127.0.0.1:63280", "component": "timer-queue-processor", "wf-namespace-id": "d0b550e3-6091-4a9b-a9aa-3d80ffb24954", "value": "d0b550e3-6091-4a9b-a9aa-3d80ffb24954/temporal-sys-worker-deployment:rrentVersion_Batching-564e9892_deployment_series/0195af0e-960d-715f-b6c6-08dcdf4b78ec", "logging-call-at": "/Users/shivamsaraf/Desktop/work/temporal/common/log/with_logger.go:61"}
2025-03-19T11:38:54.316-0400	debug	Frontend method invoked.	{"host": "127.0.0.1:63278", "wf-namespace": "namespace-ec265ab4-426c-4316-a4b3-47fc66311932", "operation": "PollWorkflowTaskQueue", "server-name": "", "cert-thumbprint": "", "logging-call-at": "/Users/shivamsaraf/Desktop/work/temporal/common/log/with_logger.go:61"}
2025-03-19T11:38:54.316-0400	debug	Received PollWorkflowTaskQueue	{"host": "127.0.0.1:63278", "service": "frontend", "logging-call-at": "/Users/shivamsaraf/Desktop/work/temporal/common/log/with_logger.go:61"}
2025-03-19T11:38:54.316-0400	debug	Poll workflow task queue.	{"host": "127.0.0.1:63278", "service": "frontend", "wf-namespace": "namespace-ec265ab4-426c-4316-a4b3-47fc66311932", "wf-namespace-id": "d0b550e3-6091-4a9b-a9aa-3d80ffb24954", "logging-call-at": "/Users/shivamsaraf/Desktop/work/temporal/common/log/with_logger.go:61"}
2025-03-19T11:38:54.316-0400	debug	Frontend method invoked.	{"host": "127.0.0.1:63278", "wf-namespace": "namespace-ec265ab4-426c-4316-a4b3-47fc66311932", "operation": "RespondWorkflowTaskCompleted", "server-name": "", "cert-thumbprint": "", "logging-call-at": "/Users/shivamsaraf/Desktop/work/temporal/common/log/with_logger.go:61"}
2025-03-19T11:38:54.317-0400	debug	RespondWorkflowTaskCompleted	{"host": "127.0.0.1:63280", "service": "history", "wf-namespace-id": "d0b550e3-6091-4a9b-a9aa-3d80ffb24954", "wf-id": "temporal-sys-worker-deployment-version:rrentVersion_Batching-564e9892_deployment_series.rrentVersion_Batching-564e9892_build_id", "wf-run-id": "0195af0e-98a0-7d94-93e5-2a1d2e5942f8", "wf-scheduled-event-id": 888, "logging-call-at": "/Users/shivamsaraf/Desktop/work/temporal/common/log/with_logger.go:61"}
2025-03-19T11:38:54.317-0400	debug	Workflow task updated	{"host": "127.0.0.1:63280", "shard-id": 4, "address": "127.0.0.1:63280", "wf-scheduled-event-id": 0, "wf-started-event-id": 0, "workflow-task-request-id": "emptyUuid", "workflow-task-timeout": 0, "attempt": 1, "wf-started-timestamp": "1970-01-01T00:00:00.000Z", "wt-type": "Unspecified", "logging-call-at": "/Users/shivamsaraf/Desktop/work/temporal/common/log/with_logger.go:61"}
2025-03-19T11:38:54.317-0400	debug	update state change	{"host": "127.0.0.1:63280", "shard-id": 4, "address": "127.0.0.1:63280", "wf-namespace-id": "d0b550e3-6091-4a9b-a9aa-3d80ffb24954", "wf-id": "temporal-sys-worker-deployment-version:rrentVersion_Batching-564e9892_deployment_series.rrentVersion_Batching-564e9892_build_id", "wf-run-id": "0195af0e-98a0-7d94-93e5-2a1d2e5942f8", "update-id": "30df8b5d-debe-4cb1-afd3-b45ba97e726f", "from-state": "Accepted", "to-state": "ProvisionallyCompleted", "logging-call-at": "/Users/shivamsaraf/Desktop/work/temporal/common/log/with_logger.go:61"}
2025-03-19T11:38:54.320-0400	debug	update state change	{"host": "127.0.0.1:63280", "shard-id": 4, "address": "127.0.0.1:63280", "wf-namespace-id": "d0b550e3-6091-4a9b-a9aa-3d80ffb24954", "wf-id": "temporal-sys-worker-deployment-version:rrentVersion_Batching-564e9892_deployment_series.rrentVersion_Batching-564e9892_build_id", "wf-run-id": "0195af0e-98a0-7d94-93e5-2a1d2e5942f8", "update-id": "30df8b5d-debe-4cb1-afd3-b45ba97e726f", "from-state": "ProvisionallyCompleted", "to-state": "Completed", "logging-call-at": "/Users/shivamsaraf/Desktop/work/temporal/common/log/with_logger.go:61"}
2025-03-19T11:38:54.320-0400	debug	deployment client success	{"host": "127.0.0.1:63281", "operation": "SyncVersionWorkflowFromWorkerDeployment", "elapsed": 0.407294, "args": ["namespace-ec265ab4-426c-4316-a4b3-47fc66311932","rrentVersion_Batching-564e9892_deployment_series","rrentVersion_Batching-564e9892_deployment_series.rrentVersion_Batching-564e9892_build_id",{"routing_update_time":{"seconds":1742398733,"nanos":894418000},"current_since_time":{"seconds":1742398733,"nanos":894418000}},"worker-deployment workflow temporal-sys-worker-deployment:rrentVersion_Batching-564e9892_deployment_series"], "logging-call-at": "/Users/shivamsaraf/Desktop/work/temporal/common/log/with_logger.go:61"}
2025-03-19T11:38:54.321-0400	debug	Frontend method invoked.	{"host": "127.0.0.1:63278", "wf-namespace": "namespace-ec265ab4-426c-4316-a4b3-47fc66311932", "operation": "RespondActivityTaskCompleted", "server-name": "", "cert-thumbprint": "", "logging-call-at": "/Users/shivamsaraf/Desktop/work/temporal/common/log/with_logger.go:61"}
2025-03-19T11:38:54.322-0400	debug	Workflow task updated	{"host": "127.0.0.1:63280", "shard-id": 1, "address": "127.0.0.1:63280", "wf-scheduled-event-id": 415, "wf-started-event-id": 0, "workflow-task-request-id": "emptyUuid", "workflow-task-timeout": 10, "attempt": 1, "wf-started-timestamp": "0001-01-01T00:00:00.000Z", "wt-type": "Normal", "logging-call-at": "/Users/shivamsaraf/Desktop/work/temporal/common/log/with_logger.go:61"}
2025-03-19T11:38:54.322-0400	debug	Assigning new task key	{"host": "127.0.0.1:63280", "shard-id": 1, "address": "127.0.0.1:63280", "wf-namespace-id": "d0b550e3-6091-4a9b-a9aa-3d80ffb24954", "wf-id": "temporal-sys-worker-deployment:rrentVersion_Batching-564e9892_deployment_series", "wf-run-id": "0195af0e-960d-715f-b6c6-08dcdf4b78ec", "queue-task-type": "WorkflowTaskTimeout", "queue-task-id": 1049575, "timestamp": "2025-03-19T15:38:59.323Z", "cursor-timestamp": "2025-03-19T15:38:54.938Z", "logging-call-at": "/Users/shivamsaraf/Desktop/work/temporal/common/log/with_logger.go:61"}
2025-03-19T11:38:54.322-0400	debug	Assigning new task key	{"host": "127.0.0.1:63280", "shard-id": 1, "address": "127.0.0.1:63280", "wf-namespace-id": "d0b550e3-6091-4a9b-a9aa-3d80ffb24954", "wf-id": "temporal-sys-worker-deployment:rrentVersion_Batching-564e9892_deployment_series", "wf-run-id": "0195af0e-960d-715f-b6c6-08dcdf4b78ec", "queue-task-type": "TransferWorkflowTask", "queue-task-id": 1049576, "timestamp": "2025-03-19T15:38:54.322Z", "cursor-timestamp": "2025-03-19T15:38:54.938Z", "logging-call-at": "/Users/shivamsaraf/Desktop/work/temporal/common/log/with_logger.go:61"}
2025-03-19T11:38:54.326-0400	debug	Process task as active.	{"host": "127.0.0.1:63280", "shard-id": 1, "address": "127.0.0.1:63280", "component": "transfer-queue-processor", "wf-namespace-id": "d0b550e3-6091-4a9b-a9aa-3d80ffb24954", "value": "d0b550e3-6091-4a9b-a9aa-3d80ffb24954/temporal-sys-worker-deployment:rrentVersion_Batching-564e9892_deployment_series/0195af0e-960d-715f-b6c6-08dcdf4b78ec", "logging-call-at": "/Users/shivamsaraf/Desktop/work/temporal/common/log/with_logger.go:61"}
2025-03-19T11:38:54.327-0400	debug	Workflow task updated	{"host": "127.0.0.1:63280", "shard-id": 1, "address": "127.0.0.1:63280", "wf-scheduled-event-id": 415, "wf-started-event-id": 416, "workflow-task-request-id": "a5d082c1-86b5-4a4e-a2ea-dce9f6078fe3", "workflow-task-timeout": 10, "attempt": 1, "wf-started-timestamp": "2025-03-19T15:38:54.327Z", "wt-type": "Normal", "logging-call-at": "/Users/shivamsaraf/Desktop/work/temporal/common/log/with_logger.go:61"}
2025-03-19T11:38:54.327-0400	debug	Assigning new task key	{"host": "127.0.0.1:63280", "shard-id": 1, "address": "127.0.0.1:63280", "wf-namespace-id": "d0b550e3-6091-4a9b-a9aa-3d80ffb24954", "wf-id": "temporal-sys-worker-deployment:rrentVersion_Batching-564e9892_deployment_series", "wf-run-id": "0195af0e-960d-715f-b6c6-08dcdf4b78ec", "queue-task-type": "WorkflowTaskTimeout", "queue-task-id": 1049579, "timestamp": "2025-03-19T15:39:04.328Z", "cursor-timestamp": "2025-03-19T15:38:55.325Z", "logging-call-at": "/Users/shivamsaraf/Desktop/work/temporal/common/log/with_logger.go:61"}
2025-03-19T11:38:54.334-0400	debug	Frontend method invoked.	{"host": "127.0.0.1:63278", "wf-namespace": "namespace-ec265ab4-426c-4316-a4b3-47fc66311932", "operation": "PollWorkflowTaskQueue", "server-name": "", "cert-thumbprint": "", "logging-call-at": "/Users/shivamsaraf/Desktop/work/temporal/common/log/with_logger.go:61"}
2025-03-19T11:38:54.334-0400	debug	Received PollWorkflowTaskQueue	{"host": "127.0.0.1:63278", "service": "frontend", "logging-call-at": "/Users/shivamsaraf/Desktop/work/temporal/common/log/with_logger.go:61"}
2025-03-19T11:38:54.334-0400	debug	Poll workflow task queue.	{"host": "127.0.0.1:63278", "service": "frontend", "wf-namespace": "namespace-ec265ab4-426c-4316-a4b3-47fc66311932", "wf-namespace-id": "d0b550e3-6091-4a9b-a9aa-3d80ffb24954", "logging-call-at": "/Users/shivamsaraf/Desktop/work/temporal/common/log/with_logger.go:61"}
2025-03-19T11:38:54.334-0400	debug	Frontend method invoked.	{"host": "127.0.0.1:63278", "wf-namespace": "namespace-ec265ab4-426c-4316-a4b3-47fc66311932", "operation": "RespondWorkflowTaskCompleted", "server-name": "", "cert-thumbprint": "", "logging-call-at": "/Users/shivamsaraf/Desktop/work/temporal/common/log/with_logger.go:61"}
2025-03-19T11:38:54.335-0400	debug	RespondWorkflowTaskCompleted	{"host": "127.0.0.1:63280", "service": "history", "wf-namespace-id": "d0b550e3-6091-4a9b-a9aa-3d80ffb24954", "wf-id": "temporal-sys-worker-deployment:rrentVersion_Batching-564e9892_deployment_series", "wf-run-id": "0195af0e-960d-715f-b6c6-08dcdf4b78ec", "wf-scheduled-event-id": 415, "logging-call-at": "/Users/shivamsaraf/Desktop/work/temporal/common/log/with_logger.go:61"}
2025-03-19T11:38:54.335-0400	debug	Workflow task updated	{"host": "127.0.0.1:63280", "shard-id": 1, "address": "127.0.0.1:63280", "wf-scheduled-event-id": 0, "wf-started-event-id": 0, "workflow-task-request-id": "emptyUuid", "workflow-task-timeout": 0, "attempt": 1, "wf-started-timestamp": "1970-01-01T00:00:00.000Z", "wt-type": "Unspecified", "logging-call-at": "/Users/shivamsaraf/Desktop/work/temporal/common/log/with_logger.go:61"}
2025-03-19T11:38:54.335-0400	debug	update state change	{"host": "127.0.0.1:63280", "shard-id": 1, "address": "127.0.0.1:63280", "wf-namespace-id": "d0b550e3-6091-4a9b-a9aa-3d80ffb24954", "wf-id": "temporal-sys-worker-deployment:rrentVersion_Batching-564e9892_deployment_series", "wf-run-id": "0195af0e-960d-715f-b6c6-08dcdf4b78ec", "update-id": "a5c9a914-231d-4d93-a833-b65f5ef7fd2c", "from-state": "Accepted", "to-state": "ProvisionallyCompleted", "logging-call-at": "/Users/shivamsaraf/Desktop/work/temporal/common/log/with_logger.go:61"}
2025-03-19T11:38:54.336-0400	debug	Assigning new task key	{"host": "127.0.0.1:63280", "shard-id": 1, "address": "127.0.0.1:63280", "wf-namespace-id": "d0b550e3-6091-4a9b-a9aa-3d80ffb24954", "wf-id": "temporal-sys-worker-deployment:rrentVersion_Batching-564e9892_deployment_series", "wf-run-id": "0195af0e-960d-715f-b6c6-08dcdf4b78ec", "queue-task-type": "VisibilityUpsertExecution", "queue-task-id": 1049585, "timestamp": "2025-03-19T15:38:54.336Z", "cursor-timestamp": "2025-03-19T15:38:55.325Z", "logging-call-at": "/Users/shivamsaraf/Desktop/work/temporal/common/log/with_logger.go:61"}
2025-03-19T11:38:54.338-0400	debug	update state change	{"host": "127.0.0.1:63280", "shard-id": 1, "address": "127.0.0.1:63280", "wf-namespace-id": "d0b550e3-6091-4a9b-a9aa-3d80ffb24954", "wf-id": "temporal-sys-worker-deployment:rrentVersion_Batching-564e9892_deployment_series", "wf-run-id": "0195af0e-960d-715f-b6c6-08dcdf4b78ec", "update-id": "a5c9a914-231d-4d93-a833-b65f5ef7fd2c", "from-state": "ProvisionallyCompleted", "to-state": "Completed", "logging-call-at": "/Users/shivamsaraf/Desktop/work/temporal/common/log/with_logger.go:61"}
2025-03-19T11:38:54.339-0400	debug	deployment client success	{"host": "127.0.0.1:63278", "operation": "SetCurrentVersion", "elapsed": 0.447394167, "args": ["namespace-ec265ab4-426c-4316-a4b3-47fc66311932","rrentVersion_Batching-564e9892_deployment_series.rrentVersion_Batching-564e9892_build_id","rrentVersion_Batching-564e9892_client_identity"], "logging-call-at": "/Users/shivamsaraf/Desktop/work/temporal/common/log/with_logger.go:61"}
--- PASS: TestWorkerDeploymentSuite (12.83s)
    --- PASS: TestWorkerDeploymentSuite/TestSetCurrentVersion_Batching (10.96s)
PASS
ok  	go.temporal.io/server/tests	15.233s
