=== RUN   TestDeploymentVersionSuite
=== PAUSE TestDeploymentVersionSuite
=== CONT  TestDeploymentVersionSuite
2025-05-05T16:56:31.404-0400	info	created database	{"database": "test_0505205631_frt", "logging-call-at": "/Users/shivamsaraf/Desktop/work/temporal/common/persistence/sql/test_sql_persistence.go:137"}
2025-05-05T16:56:31.404-0400	info	No schema directory provided, skipping schema setup	{"logging-call-at": "/Users/shivamsaraf/Desktop/work/temporal/common/persistence/sql/test_sql_persistence.go:75"}
2025-05-05T16:56:31.405-0400	info	PProf listen on 	{"host": "localhost", "port": 7000, "logging-call-at": "/Users/shivamsaraf/Desktop/work/temporal/common/pprof/pprof.go:58"}
2025-05-05T16:56:31.409-0400	debug	initialized custom fxevent.Logger	{"host": "127.0.0.1:54943", "component": "fx", "function": "go.temporal.io/server/temporal.init.func6()", "logging-call-at": "/Users/shivamsaraf/Desktop/work/temporal/common/log/with_logger.go:37"}
2025-05-05T16:56:31.409-0400	debug	invoking	{"host": "127.0.0.1:54943", "component": "fx", "function": "go.temporal.io/server/common/persistence/client.DataStoreFactoryLifetimeHooks()", "module": "", "logging-call-at": "/Users/shivamsaraf/Desktop/work/temporal/common/log/with_logger.go:37"}
2025-05-05T16:56:31.411-0400	debug	invoking	{"host": "127.0.0.1:54943", "component": "fx", "function": "go.temporal.io/server/common/cluster.MetadataLifetimeHooks()", "module": "", "logging-call-at": "/Users/shivamsaraf/Desktop/work/temporal/common/log/with_logger.go:37"}
2025-05-05T16:56:31.411-0400	info	Quota changed	{"host": "127.0.0.1:54943", "service": "matching", "component": "persistence", "scope": "host", "current-quota": null, "new-quota": 3000, "logging-call-at": "/Users/shivamsaraf/Desktop/work/temporal/common/log/with_logger.go:42"}
2025-05-05T16:56:31.411-0400	debug	invoking	{"host": "127.0.0.1:54943", "component": "fx", "function": "go.temporal.io/server/common/namespace/nsregistry.RegistryLifetimeHooks()", "module": "", "logging-call-at": "/Users/shivamsaraf/Desktop/work/temporal/common/log/with_logger.go:37"}
2025-05-05T16:56:31.411-0400	debug	invoking	{"host": "127.0.0.1:54943", "component": "fx", "function": "go.temporal.io/server/common/metrics.RuntimeMetricsReporterLifetimeHooks()", "module": "", "logging-call-at": "/Users/shivamsaraf/Desktop/work/temporal/common/log/with_logger.go:37"}
2025-05-05T16:56:31.411-0400	debug	invoking	{"host": "127.0.0.1:54943", "component": "fx", "function": "go.temporal.io/server/common/resource.RegisterBootstrapContainer()", "module": "", "logging-call-at": "/Users/shivamsaraf/Desktop/work/temporal/common/log/with_logger.go:37"}
2025-05-05T16:56:31.411-0400	debug	invoking	{"host": "127.0.0.1:54943", "component": "fx", "function": "go.temporal.io/server/common/deadlock.init.func1()", "module": "", "logging-call-at": "/Users/shivamsaraf/Desktop/work/temporal/common/log/with_logger.go:37"}
2025-05-05T16:56:31.411-0400	debug	invoking	{"host": "127.0.0.1:54943", "component": "fx", "function": "go.temporal.io/server/service.initPersistenceLazyLoadedServiceResolver()", "module": "", "logging-call-at": "/Users/shivamsaraf/Desktop/work/temporal/common/log/with_logger.go:37"}
2025-05-05T16:56:31.411-0400	info	Initialized service resolver for persistence rate limiting	{"host": "127.0.0.1:54943", "service": "matching", "service": "matching", "logging-call-at": "/Users/shivamsaraf/Desktop/work/temporal/common/log/with_logger.go:42"}
2025-05-05T16:56:31.411-0400	debug	invoking	{"host": "127.0.0.1:54943", "component": "fx", "function": "go.temporal.io/server/service/matching.ServiceLifetimeHooks()", "module": "", "logging-call-at": "/Users/shivamsaraf/Desktop/work/temporal/common/log/with_logger.go:37"}
2025-05-05T16:56:31.411-0400	info	Created gRPC listener	{"host": "127.0.0.1:54943", "service": "matching", "address": "127.0.0.1:54943", "logging-call-at": "/Users/shivamsaraf/Desktop/work/temporal/common/log/with_logger.go:42"}
2025-05-05T16:56:31.411-0400	info	historyClient: ownership caching disabled	{"host": "127.0.0.1:54943", "service": "matching", "logging-call-at": "/Users/shivamsaraf/Desktop/work/temporal/common/log/with_logger.go:42"}
2025-05-05T16:56:31.412-0400	info	creating new visibility manager	{"host": "127.0.0.1:54943", "visibility_plugin_name": "sqlite", "visibility_index_name": "test_0505205631_frt", "logging-call-at": "/Users/shivamsaraf/Desktop/work/temporal/common/log/with_logger.go:42"}
2025-05-05T16:56:31.412-0400	debug	invoking	{"host": "127.0.0.1:54943", "component": "fx", "function": "reflect.makeFuncStub()", "module": "", "logging-call-at": "/Users/shivamsaraf/Desktop/work/temporal/common/log/with_logger.go:37"}
2025-05-05T16:56:31.412-0400	debug	OnStart hook executing	{"host": "127.0.0.1:54943", "component": "fx", "callee": "go.temporal.io/server/common/dynamicconfig.(*Collection).Start-fm()", "caller": "go.temporal.io/server/common/dynamicconfig.init.func1", "logging-call-at": "/Users/shivamsaraf/Desktop/work/temporal/common/log/with_logger.go:37"}
2025-05-05T16:56:31.412-0400	debug	OnStart hook executed	{"host": "127.0.0.1:54943", "component": "fx", "callee": "go.temporal.io/server/common/dynamicconfig.(*Collection).Start-fm()", "caller": "go.temporal.io/server/common/dynamicconfig.init.func1", "runtime": "9.167µs", "logging-call-at": "/Users/shivamsaraf/Desktop/work/temporal/common/log/with_logger.go:37"}
2025-05-05T16:56:31.412-0400	debug	OnStart hook executing	{"host": "127.0.0.1:54943", "component": "fx", "callee": "go.temporal.io/server/temporal.init.func1.2()", "caller": "go.temporal.io/server/temporal.init.func1", "logging-call-at": "/Users/shivamsaraf/Desktop/work/temporal/common/log/with_logger.go:37"}
2025-05-05T16:56:31.412-0400	debug	OnStart hook executed	{"host": "127.0.0.1:54943", "component": "fx", "callee": "go.temporal.io/server/temporal.init.func1.2()", "caller": "go.temporal.io/server/temporal.init.func1", "runtime": "250ns", "logging-call-at": "/Users/shivamsaraf/Desktop/work/temporal/common/log/with_logger.go:37"}
2025-05-05T16:56:31.412-0400	debug	OnStart hook executing	{"host": "127.0.0.1:54943", "component": "fx", "callee": "go.temporal.io/server/common/cluster.MetadataLifetimeHooks.func1()", "caller": "go.temporal.io/server/common/cluster.MetadataLifetimeHooks", "logging-call-at": "/Users/shivamsaraf/Desktop/work/temporal/common/log/with_logger.go:37"}
2025-05-05T16:56:31.412-0400	debug	OnStart hook executed	{"host": "127.0.0.1:54943", "component": "fx", "callee": "go.temporal.io/server/common/cluster.MetadataLifetimeHooks.func1()", "caller": "go.temporal.io/server/common/cluster.MetadataLifetimeHooks", "runtime": "200.917µs", "logging-call-at": "/Users/shivamsaraf/Desktop/work/temporal/common/log/with_logger.go:37"}
2025-05-05T16:56:31.412-0400	debug	OnStart hook executing	{"host": "127.0.0.1:54943", "component": "fx", "callee": "go.temporal.io/server/common/namespace.Registry.Start-fm()", "caller": "go.temporal.io/server/common/namespace/nsregistry.RegistryLifetimeHooks", "logging-call-at": "/Users/shivamsaraf/Desktop/work/temporal/common/log/with_logger.go:37"}
2025-05-05T16:56:31.412-0400	debug	OnStart hook executed	{"host": "127.0.0.1:54943", "component": "fx", "callee": "go.temporal.io/server/common/namespace.Registry.Start-fm()", "caller": "go.temporal.io/server/common/namespace/nsregistry.RegistryLifetimeHooks", "runtime": "63.458µs", "logging-call-at": "/Users/shivamsaraf/Desktop/work/temporal/common/log/with_logger.go:37"}
2025-05-05T16:56:31.412-0400	debug	OnStart hook executing	{"host": "127.0.0.1:54943", "component": "fx", "callee": "go.temporal.io/server/common/metrics.RuntimeMetricsReporterLifetimeHooks.func1()", "caller": "go.temporal.io/server/common/metrics.RuntimeMetricsReporterLifetimeHooks", "logging-call-at": "/Users/shivamsaraf/Desktop/work/temporal/common/log/with_logger.go:37"}
2025-05-05T16:56:31.412-0400	info	RuntimeMetricsReporter started	{"host": "127.0.0.1:54943", "service": "matching", "logging-call-at": "/Users/shivamsaraf/Desktop/work/temporal/common/log/with_logger.go:42"}
2025-05-05T16:56:31.412-0400	debug	OnStart hook executed	{"host": "127.0.0.1:54943", "component": "fx", "callee": "go.temporal.io/server/common/metrics.RuntimeMetricsReporterLifetimeHooks.func1()", "caller": "go.temporal.io/server/common/metrics.RuntimeMetricsReporterLifetimeHooks", "runtime": "60.208µs", "logging-call-at": "/Users/shivamsaraf/Desktop/work/temporal/common/log/with_logger.go:37"}
2025-05-05T16:56:31.412-0400	debug	OnStart hook executing	{"host": "127.0.0.1:54943", "component": "fx", "callee": "go.temporal.io/server/common/deadlock.(*deadlockDetector).Start-fm()", "caller": "go.temporal.io/server/common/deadlock.init.func1", "logging-call-at": "/Users/shivamsaraf/Desktop/work/temporal/common/log/with_logger.go:37"}
2025-05-05T16:56:31.412-0400	debug	OnStart hook executed	{"host": "127.0.0.1:54943", "component": "fx", "callee": "go.temporal.io/server/common/deadlock.(*deadlockDetector).Start-fm()", "caller": "go.temporal.io/server/common/deadlock.init.func1", "runtime": "8.333µs", "logging-call-at": "/Users/shivamsaraf/Desktop/work/temporal/common/log/with_logger.go:37"}
2025-05-05T16:56:31.412-0400	debug	OnStart hook executing	{"host": "127.0.0.1:54943", "component": "fx", "callee": "go.temporal.io/server/service/matching.(*Service).Start-fm()", "caller": "go.temporal.io/server/service/matching.ServiceLifetimeHooks", "logging-call-at": "/Users/shivamsaraf/Desktop/work/temporal/common/log/with_logger.go:37"}
2025-05-05T16:56:31.412-0400	info	matching starting	{"host": "127.0.0.1:54943", "service": "matching", "logging-call-at": "/Users/shivamsaraf/Desktop/work/temporal/common/log/with_logger.go:42"}
2025-05-05T16:56:31.412-0400	debug	OnStart hook executed	{"host": "127.0.0.1:54943", "component": "fx", "callee": "go.temporal.io/server/service/matching.(*Service).Start-fm()", "caller": "go.temporal.io/server/service/matching.ServiceLifetimeHooks", "runtime": "43.542µs", "logging-call-at": "/Users/shivamsaraf/Desktop/work/temporal/common/log/with_logger.go:37"}
2025-05-05T16:56:31.412-0400	debug	started	{"host": "127.0.0.1:54943", "component": "fx", "logging-call-at": "/Users/shivamsaraf/Desktop/work/temporal/common/log/with_logger.go:37"}
2025-05-05T16:56:31.412-0400	info	Starting to serve on matching listener	{"host": "127.0.0.1:54943", "service": "matching", "logging-call-at": "/Users/shivamsaraf/Desktop/work/temporal/common/log/with_logger.go:42"}
2025-05-05T16:56:31.415-0400	debug	initialized custom fxevent.Logger	{"host": "127.0.0.1:54944", "component": "fx", "function": "go.temporal.io/server/temporal.init.func6()", "logging-call-at": "/Users/shivamsaraf/Desktop/work/temporal/common/log/with_logger.go:37"}
2025-05-05T16:56:31.415-0400	debug	invoking	{"host": "127.0.0.1:54944", "component": "fx", "function": "go.temporal.io/server/components/callbacks.RegisterTaskSerializers()", "module": "component.callbacks", "logging-call-at": "/Users/shivamsaraf/Desktop/work/temporal/common/log/with_logger.go:37"}
2025-05-05T16:56:31.415-0400	debug	invoking	{"host": "127.0.0.1:54944", "component": "fx", "function": "go.temporal.io/server/components/callbacks.RegisterStateMachine()", "module": "component.callbacks", "logging-call-at": "/Users/shivamsaraf/Desktop/work/temporal/common/log/with_logger.go:37"}
2025-05-05T16:56:31.415-0400	debug	invoking	{"host": "127.0.0.1:54944", "component": "fx", "function": "go.temporal.io/server/components/callbacks.RegisterExecutor()", "module": "component.callbacks", "logging-call-at": "/Users/shivamsaraf/Desktop/work/temporal/common/log/with_logger.go:37"}
2025-05-05T16:56:31.415-0400	info	Quota changed	{"host": "127.0.0.1:54944", "service": "history", "component": "persistence", "scope": "host", "current-quota": null, "new-quota": 9000, "logging-call-at": "/Users/shivamsaraf/Desktop/work/temporal/common/log/with_logger.go:42"}
2025-05-05T16:56:31.416-0400	info	historyClient: ownership caching disabled	{"host": "127.0.0.1:54944", "service": "history", "logging-call-at": "/Users/shivamsaraf/Desktop/work/temporal/common/log/with_logger.go:42"}
2025-05-05T16:56:31.416-0400	debug	invoking	{"host": "127.0.0.1:54944", "component": "fx", "function": "go.temporal.io/server/components/nexusoperations.EndpointRegistryLifetimeHooks()", "module": "component.nexusoperations", "logging-call-at": "/Users/shivamsaraf/Desktop/work/temporal/common/log/with_logger.go:37"}
2025-05-05T16:56:31.416-0400	debug	invoking	{"host": "127.0.0.1:54944", "component": "fx", "function": "go.temporal.io/server/components/nexusoperations.RegisterStateMachines()", "module": "component.nexusoperations", "logging-call-at": "/Users/shivamsaraf/Desktop/work/temporal/common/log/with_logger.go:37"}
2025-05-05T16:56:31.416-0400	debug	invoking	{"host": "127.0.0.1:54944", "component": "fx", "function": "go.temporal.io/server/components/nexusoperations.RegisterTaskSerializers()", "module": "component.nexusoperations", "logging-call-at": "/Users/shivamsaraf/Desktop/work/temporal/common/log/with_logger.go:37"}
2025-05-05T16:56:31.416-0400	debug	invoking	{"host": "127.0.0.1:54944", "component": "fx", "function": "go.temporal.io/server/components/nexusoperations.RegisterEventDefinitions()", "module": "component.nexusoperations", "logging-call-at": "/Users/shivamsaraf/Desktop/work/temporal/common/log/with_logger.go:37"}
2025-05-05T16:56:31.416-0400	debug	invoking	{"host": "127.0.0.1:54944", "component": "fx", "function": "go.temporal.io/server/components/nexusoperations.RegisterExecutor()", "module": "component.nexusoperations", "logging-call-at": "/Users/shivamsaraf/Desktop/work/temporal/common/log/with_logger.go:37"}
2025-05-05T16:56:31.416-0400	debug	invoking	{"host": "127.0.0.1:54944", "component": "fx", "function": "go.temporal.io/server/service/history.QueueFactoryLifetimeHooks()", "module": "", "logging-call-at": "/Users/shivamsaraf/Desktop/work/temporal/common/log/with_logger.go:37"}
2025-05-05T16:56:31.416-0400	info	Quota changed	{"host": "127.0.0.1:54944", "service": "history", "component": "task-scheduler", "scope": "host", "current-quota": null, "new-quota": 0, "logging-call-at": "/Users/shivamsaraf/Desktop/work/temporal/common/log/with_logger.go:42"}
2025-05-05T16:56:31.416-0400	info	creating new visibility manager	{"host": "127.0.0.1:54944", "visibility_plugin_name": "sqlite", "visibility_index_name": "test_0505205631_frt", "logging-call-at": "/Users/shivamsaraf/Desktop/work/temporal/common/log/with_logger.go:42"}
2025-05-05T16:56:31.416-0400	debug	invoking	{"host": "127.0.0.1:54944", "component": "fx", "function": "go.temporal.io/server/common/persistence/client.DataStoreFactoryLifetimeHooks()", "module": "", "logging-call-at": "/Users/shivamsaraf/Desktop/work/temporal/common/log/with_logger.go:37"}
2025-05-05T16:56:31.416-0400	debug	invoking	{"host": "127.0.0.1:54944", "component": "fx", "function": "go.temporal.io/server/common/cluster.MetadataLifetimeHooks()", "module": "", "logging-call-at": "/Users/shivamsaraf/Desktop/work/temporal/common/log/with_logger.go:37"}
2025-05-05T16:56:31.416-0400	debug	invoking	{"host": "127.0.0.1:54944", "component": "fx", "function": "go.temporal.io/server/common/namespace/nsregistry.RegistryLifetimeHooks()", "module": "", "logging-call-at": "/Users/shivamsaraf/Desktop/work/temporal/common/log/with_logger.go:37"}
2025-05-05T16:56:31.416-0400	debug	invoking	{"host": "127.0.0.1:54944", "component": "fx", "function": "go.temporal.io/server/common/metrics.RuntimeMetricsReporterLifetimeHooks()", "module": "", "logging-call-at": "/Users/shivamsaraf/Desktop/work/temporal/common/log/with_logger.go:37"}
2025-05-05T16:56:31.417-0400	debug	invoking	{"host": "127.0.0.1:54944", "component": "fx", "function": "go.temporal.io/server/common/resource.RegisterBootstrapContainer()", "module": "", "logging-call-at": "/Users/shivamsaraf/Desktop/work/temporal/common/log/with_logger.go:37"}
2025-05-05T16:56:31.417-0400	debug	invoking	{"host": "127.0.0.1:54944", "component": "fx", "function": "go.temporal.io/server/common/deadlock.init.func1()", "module": "", "logging-call-at": "/Users/shivamsaraf/Desktop/work/temporal/common/log/with_logger.go:37"}
2025-05-05T16:56:31.417-0400	debug	invoking	{"host": "127.0.0.1:54944", "component": "fx", "function": "go.temporal.io/server/service/history/workflow.populateTaskGeneratorProvider()", "module": "", "logging-call-at": "/Users/shivamsaraf/Desktop/work/temporal/common/log/with_logger.go:37"}
2025-05-05T16:56:31.417-0400	debug	invoking	{"host": "127.0.0.1:54944", "component": "fx", "function": "go.temporal.io/server/service/history/workflow.RegisterStateMachine()", "module": "", "logging-call-at": "/Users/shivamsaraf/Desktop/work/temporal/common/log/with_logger.go:37"}
2025-05-05T16:56:31.417-0400	debug	invoking	{"host": "127.0.0.1:54944", "component": "fx", "function": "go.temporal.io/server/service/history/shard.initLazyLoadedOwnershipBasedQuotaScaler()", "module": "", "logging-call-at": "/Users/shivamsaraf/Desktop/work/temporal/common/log/with_logger.go:37"}
2025-05-05T16:56:31.417-0400	info	Initialized lazy loaded OwnershipBasedQuotaScaler	{"host": "127.0.0.1:54944", "service": "history", "service": "history", "logging-call-at": "/Users/shivamsaraf/Desktop/work/temporal/common/log/with_logger.go:42"}
2025-05-05T16:56:31.417-0400	debug	invoking	{"host": "127.0.0.1:54944", "component": "fx", "function": "go.temporal.io/server/service/history/shard.init.func4()", "module": "", "logging-call-at": "/Users/shivamsaraf/Desktop/work/temporal/common/log/with_logger.go:37"}
2025-05-05T16:56:31.417-0400	debug	invoking	{"host": "127.0.0.1:54944", "component": "fx", "function": "go.temporal.io/server/service.initPersistenceLazyLoadedServiceResolver()", "module": "", "logging-call-at": "/Users/shivamsaraf/Desktop/work/temporal/common/log/with_logger.go:37"}
2025-05-05T16:56:31.417-0400	info	Initialized service resolver for persistence rate limiting	{"host": "127.0.0.1:54944", "service": "history", "service": "history", "logging-call-at": "/Users/shivamsaraf/Desktop/work/temporal/common/log/with_logger.go:42"}
2025-05-05T16:56:31.417-0400	debug	invoking	{"host": "127.0.0.1:54944", "component": "fx", "function": "go.temporal.io/server/service/history.ServiceLifetimeHooks()", "module": "", "logging-call-at": "/Users/shivamsaraf/Desktop/work/temporal/common/log/with_logger.go:37"}
2025-05-05T16:56:31.417-0400	info	Created gRPC listener	{"host": "127.0.0.1:54944", "service": "history", "address": "127.0.0.1:54944", "logging-call-at": "/Users/shivamsaraf/Desktop/work/temporal/common/log/with_logger.go:42"}
2025-05-05T16:56:31.417-0400	debug	invoking	{"host": "127.0.0.1:54944", "component": "fx", "function": "go.temporal.io/server/components/nexusoperations/workflow.RegisterCommandHandlers()", "module": "", "logging-call-at": "/Users/shivamsaraf/Desktop/work/temporal/common/log/with_logger.go:37"}
2025-05-05T16:56:31.417-0400	debug	invoking	{"host": "127.0.0.1:54944", "component": "fx", "function": "reflect.makeFuncStub()", "module": "", "logging-call-at": "/Users/shivamsaraf/Desktop/work/temporal/common/log/with_logger.go:37"}
2025-05-05T16:56:31.417-0400	debug	OnStart hook executing	{"host": "127.0.0.1:54944", "component": "fx", "callee": "go.temporal.io/server/common/dynamicconfig.(*Collection).Start-fm()", "caller": "go.temporal.io/server/common/dynamicconfig.init.func1", "logging-call-at": "/Users/shivamsaraf/Desktop/work/temporal/common/log/with_logger.go:37"}
2025-05-05T16:56:31.417-0400	debug	OnStart hook executed	{"host": "127.0.0.1:54944", "component": "fx", "callee": "go.temporal.io/server/common/dynamicconfig.(*Collection).Start-fm()", "caller": "go.temporal.io/server/common/dynamicconfig.init.func1", "runtime": "4.083µs", "logging-call-at": "/Users/shivamsaraf/Desktop/work/temporal/common/log/with_logger.go:37"}
2025-05-05T16:56:31.417-0400	debug	OnStart hook executing	{"host": "127.0.0.1:54944", "component": "fx", "callee": "go.temporal.io/server/temporal.init.func1.2()", "caller": "go.temporal.io/server/temporal.init.func1", "logging-call-at": "/Users/shivamsaraf/Desktop/work/temporal/common/log/with_logger.go:37"}
2025-05-05T16:56:31.417-0400	debug	OnStart hook executed	{"host": "127.0.0.1:54944", "component": "fx", "callee": "go.temporal.io/server/temporal.init.func1.2()", "caller": "go.temporal.io/server/temporal.init.func1", "runtime": "83ns", "logging-call-at": "/Users/shivamsaraf/Desktop/work/temporal/common/log/with_logger.go:37"}
2025-05-05T16:56:31.417-0400	debug	OnStart hook executing	{"host": "127.0.0.1:54944", "component": "fx", "callee": "go.temporal.io/server/common/nexus.EndpointRegistry.StartLifecycle-fm()", "caller": "go.temporal.io/server/components/nexusoperations.EndpointRegistryLifetimeHooks", "logging-call-at": "/Users/shivamsaraf/Desktop/work/temporal/common/log/with_logger.go:37"}
2025-05-05T16:56:31.417-0400	debug	OnStart hook executed	{"host": "127.0.0.1:54944", "component": "fx", "callee": "go.temporal.io/server/common/nexus.EndpointRegistry.StartLifecycle-fm()", "caller": "go.temporal.io/server/components/nexusoperations.EndpointRegistryLifetimeHooks", "runtime": "2.708µs", "logging-call-at": "/Users/shivamsaraf/Desktop/work/temporal/common/log/with_logger.go:37"}
2025-05-05T16:56:31.417-0400	debug	OnStart hook executing	{"host": "127.0.0.1:54944", "component": "fx", "callee": "go.temporal.io/server/service/history.QueueFactoryLifetimeHooks.func1()", "caller": "go.temporal.io/server/service/history.QueueFactoryLifetimeHooks", "logging-call-at": "/Users/shivamsaraf/Desktop/work/temporal/common/log/with_logger.go:37"}
2025-05-05T16:56:31.418-0400	info	Update worker pool size	{"host": "127.0.0.1:54944", "service": "history", "key": "worker-pool-size", "value": 512, "logging-call-at": "/Users/shivamsaraf/Desktop/work/temporal/common/log/with_logger.go:42"}
2025-05-05T16:56:31.418-0400	info	fifo scheduler started	{"host": "127.0.0.1:54944", "service": "history", "logging-call-at": "/Users/shivamsaraf/Desktop/work/temporal/common/log/with_logger.go:42"}
2025-05-05T16:56:31.418-0400	info	interleaved weighted round robin task scheduler started	{"host": "127.0.0.1:54944", "service": "history", "logging-call-at": "/Users/shivamsaraf/Desktop/work/temporal/common/log/with_logger.go:42"}
2025-05-05T16:56:31.418-0400	info	Update worker pool size	{"host": "127.0.0.1:54944", "service": "history", "component": "memory-scheduled-queue-processor", "key": "worker-pool-size", "value": 64, "logging-call-at": "/Users/shivamsaraf/Desktop/work/temporal/common/log/with_logger.go:42"}
2025-05-05T16:56:31.418-0400	info	fifo scheduler started	{"host": "127.0.0.1:54944", "service": "history", "component": "memory-scheduled-queue-processor", "logging-call-at": "/Users/shivamsaraf/Desktop/work/temporal/common/log/with_logger.go:42"}
2025-05-05T16:56:31.418-0400	info	Update worker pool size	{"host": "127.0.0.1:54944", "service": "history", "key": "worker-pool-size", "value": 512, "logging-call-at": "/Users/shivamsaraf/Desktop/work/temporal/common/log/with_logger.go:42"}
2025-05-05T16:56:31.418-0400	info	fifo scheduler started	{"host": "127.0.0.1:54944", "service": "history", "logging-call-at": "/Users/shivamsaraf/Desktop/work/temporal/common/log/with_logger.go:42"}
2025-05-05T16:56:31.418-0400	info	interleaved weighted round robin task scheduler started	{"host": "127.0.0.1:54944", "service": "history", "logging-call-at": "/Users/shivamsaraf/Desktop/work/temporal/common/log/with_logger.go:42"}
2025-05-05T16:56:31.418-0400	info	Update worker pool size	{"host": "127.0.0.1:54944", "service": "history", "key": "worker-pool-size", "value": 512, "logging-call-at": "/Users/shivamsaraf/Desktop/work/temporal/common/log/with_logger.go:42"}
2025-05-05T16:56:31.418-0400	info	fifo scheduler started	{"host": "127.0.0.1:54944", "service": "history", "logging-call-at": "/Users/shivamsaraf/Desktop/work/temporal/common/log/with_logger.go:42"}
2025-05-05T16:56:31.418-0400	info	interleaved weighted round robin task scheduler started	{"host": "127.0.0.1:54944", "service": "history", "logging-call-at": "/Users/shivamsaraf/Desktop/work/temporal/common/log/with_logger.go:42"}
2025-05-05T16:56:31.418-0400	debug	OnStart hook executed	{"host": "127.0.0.1:54944", "component": "fx", "callee": "go.temporal.io/server/service/history.QueueFactoryLifetimeHooks.func1()", "caller": "go.temporal.io/server/service/history.QueueFactoryLifetimeHooks", "runtime": "1.253042ms", "logging-call-at": "/Users/shivamsaraf/Desktop/work/temporal/common/log/with_logger.go:37"}
2025-05-05T16:56:31.418-0400	debug	OnStart hook executing	{"host": "127.0.0.1:54944", "component": "fx", "callee": "go.temporal.io/server/common/cluster.MetadataLifetimeHooks.func1()", "caller": "go.temporal.io/server/common/cluster.MetadataLifetimeHooks", "logging-call-at": "/Users/shivamsaraf/Desktop/work/temporal/common/log/with_logger.go:37"}
2025-05-05T16:56:31.419-0400	debug	OnStart hook executed	{"host": "127.0.0.1:54944", "component": "fx", "callee": "go.temporal.io/server/common/cluster.MetadataLifetimeHooks.func1()", "caller": "go.temporal.io/server/common/cluster.MetadataLifetimeHooks", "runtime": "88.208µs", "logging-call-at": "/Users/shivamsaraf/Desktop/work/temporal/common/log/with_logger.go:37"}
2025-05-05T16:56:31.419-0400	debug	OnStart hook executing	{"host": "127.0.0.1:54944", "component": "fx", "callee": "go.temporal.io/server/common/namespace.Registry.Start-fm()", "caller": "go.temporal.io/server/common/namespace/nsregistry.RegistryLifetimeHooks", "logging-call-at": "/Users/shivamsaraf/Desktop/work/temporal/common/log/with_logger.go:37"}
2025-05-05T16:56:31.419-0400	debug	OnStart hook executed	{"host": "127.0.0.1:54944", "component": "fx", "callee": "go.temporal.io/server/common/namespace.Registry.Start-fm()", "caller": "go.temporal.io/server/common/namespace/nsregistry.RegistryLifetimeHooks", "runtime": "37.792µs", "logging-call-at": "/Users/shivamsaraf/Desktop/work/temporal/common/log/with_logger.go:37"}
2025-05-05T16:56:31.419-0400	debug	OnStart hook executing	{"host": "127.0.0.1:54944", "component": "fx", "callee": "go.temporal.io/server/common/metrics.RuntimeMetricsReporterLifetimeHooks.func1()", "caller": "go.temporal.io/server/common/metrics.RuntimeMetricsReporterLifetimeHooks", "logging-call-at": "/Users/shivamsaraf/Desktop/work/temporal/common/log/with_logger.go:37"}
2025-05-05T16:56:31.419-0400	info	RuntimeMetricsReporter started	{"host": "127.0.0.1:54944", "service": "history", "logging-call-at": "/Users/shivamsaraf/Desktop/work/temporal/common/log/with_logger.go:42"}
2025-05-05T16:56:31.419-0400	debug	OnStart hook executed	{"host": "127.0.0.1:54944", "component": "fx", "callee": "go.temporal.io/server/common/metrics.RuntimeMetricsReporterLifetimeHooks.func1()", "caller": "go.temporal.io/server/common/metrics.RuntimeMetricsReporterLifetimeHooks", "runtime": "230.167µs", "logging-call-at": "/Users/shivamsaraf/Desktop/work/temporal/common/log/with_logger.go:37"}
2025-05-05T16:56:31.419-0400	debug	OnStart hook executing	{"host": "127.0.0.1:54944", "component": "fx", "callee": "go.temporal.io/server/common/deadlock.(*deadlockDetector).Start-fm()", "caller": "go.temporal.io/server/common/deadlock.init.func1", "logging-call-at": "/Users/shivamsaraf/Desktop/work/temporal/common/log/with_logger.go:37"}
2025-05-05T16:56:31.419-0400	debug	OnStart hook executed	{"host": "127.0.0.1:54944", "component": "fx", "callee": "go.temporal.io/server/common/deadlock.(*deadlockDetector).Start-fm()", "caller": "go.temporal.io/server/common/deadlock.init.func1", "runtime": "3.708µs", "logging-call-at": "/Users/shivamsaraf/Desktop/work/temporal/common/log/with_logger.go:37"}
2025-05-05T16:56:31.419-0400	debug	OnStart hook executing	{"host": "127.0.0.1:54944", "component": "fx", "callee": "go.temporal.io/server/common/tasks.(*InterleavedWeightedRoundRobinScheduler[...]).Start-fm()", "caller": "go.temporal.io/server/service/history/replication.replicationStreamHighPrioritySchedulerProvider", "logging-call-at": "/Users/shivamsaraf/Desktop/work/temporal/common/log/with_logger.go:37"}
2025-05-05T16:56:31.419-0400	info	Update worker pool size	{"host": "127.0.0.1:54944", "key": "worker-pool-size", "value": 512, "logging-call-at": "/Users/shivamsaraf/Desktop/work/temporal/common/log/with_logger.go:42"}
2025-05-05T16:56:31.419-0400	info	sequential scheduler started	{"host": "127.0.0.1:54944", "logging-call-at": "/Users/shivamsaraf/Desktop/work/temporal/common/log/with_logger.go:42"}
2025-05-05T16:56:31.419-0400	info	interleaved weighted round robin task scheduler started	{"host": "127.0.0.1:54944", "logging-call-at": "/Users/shivamsaraf/Desktop/work/temporal/common/log/with_logger.go:42"}
2025-05-05T16:56:31.419-0400	debug	OnStart hook executed	{"host": "127.0.0.1:54944", "component": "fx", "callee": "go.temporal.io/server/common/tasks.(*InterleavedWeightedRoundRobinScheduler[...]).Start-fm()", "caller": "go.temporal.io/server/service/history/replication.replicationStreamHighPrioritySchedulerProvider", "runtime": "383.708µs", "logging-call-at": "/Users/shivamsaraf/Desktop/work/temporal/common/log/with_logger.go:37"}
2025-05-05T16:56:31.419-0400	debug	OnStart hook executing	{"host": "127.0.0.1:54944", "component": "fx", "callee": "go.temporal.io/server/common/tasks.(*InterleavedWeightedRoundRobinScheduler[...]).Start-fm()", "caller": "go.temporal.io/server/service/history/replication.replicationStreamLowPrioritySchedulerProvider", "logging-call-at": "/Users/shivamsaraf/Desktop/work/temporal/common/log/with_logger.go:37"}
2025-05-05T16:56:31.419-0400	info	Update worker pool size	{"host": "127.0.0.1:54944", "key": "worker-pool-size", "value": 128, "logging-call-at": "/Users/shivamsaraf/Desktop/work/temporal/common/log/with_logger.go:42"}
2025-05-05T16:56:31.419-0400	info	sequential scheduler started	{"host": "127.0.0.1:54944", "logging-call-at": "/Users/shivamsaraf/Desktop/work/temporal/common/log/with_logger.go:42"}
2025-05-05T16:56:31.419-0400	info	interleaved weighted round robin task scheduler started	{"host": "127.0.0.1:54944", "logging-call-at": "/Users/shivamsaraf/Desktop/work/temporal/common/log/with_logger.go:42"}
2025-05-05T16:56:31.419-0400	debug	OnStart hook executed	{"host": "127.0.0.1:54944", "component": "fx", "callee": "go.temporal.io/server/common/tasks.(*InterleavedWeightedRoundRobinScheduler[...]).Start-fm()", "caller": "go.temporal.io/server/service/history/replication.replicationStreamLowPrioritySchedulerProvider", "runtime": "121.292µs", "logging-call-at": "/Users/shivamsaraf/Desktop/work/temporal/common/log/with_logger.go:37"}
2025-05-05T16:56:31.419-0400	debug	OnStart hook executing	{"host": "127.0.0.1:54944", "component": "fx", "callee": "go.temporal.io/server/service/history.(*Service).Start-fm()", "caller": "go.temporal.io/server/service/history.ServiceLifetimeHooks", "logging-call-at": "/Users/shivamsaraf/Desktop/work/temporal/common/log/with_logger.go:37"}
2025-05-05T16:56:31.419-0400	info	history starting	{"host": "127.0.0.1:54944", "logging-call-at": "/Users/shivamsaraf/Desktop/work/temporal/common/log/with_logger.go:42"}
2025-05-05T16:56:31.419-0400	info	Replication task fetchers started.	{"host": "127.0.0.1:54944", "logging-call-at": "/Users/shivamsaraf/Desktop/work/temporal/common/log/with_logger.go:42"}
2025-05-05T16:56:31.419-0400	info	StreamReceiverMonitor started.	{"host": "127.0.0.1:54944", "logging-call-at": "/Users/shivamsaraf/Desktop/work/temporal/common/log/with_logger.go:42"}
2025-05-05T16:56:31.419-0400	info	none	{"host": "127.0.0.1:54944", "component": "shard-controller", "address": "127.0.0.1:54944", "lifecycle": "Started", "logging-call-at": "/Users/shivamsaraf/Desktop/work/temporal/common/log/with_logger.go:42"}
2025-05-05T16:56:31.419-0400	debug	OnStart hook executed	{"host": "127.0.0.1:54944", "component": "fx", "callee": "go.temporal.io/server/service/history.(*Service).Start-fm()", "caller": "go.temporal.io/server/service/history.ServiceLifetimeHooks", "runtime": "84.292µs", "logging-call-at": "/Users/shivamsaraf/Desktop/work/temporal/common/log/with_logger.go:37"}
2025-05-05T16:56:31.419-0400	debug	started	{"host": "127.0.0.1:54944", "component": "fx", "logging-call-at": "/Users/shivamsaraf/Desktop/work/temporal/common/log/with_logger.go:37"}
2025-05-05T16:56:31.420-0400	info	Starting to serve on history listener	{"host": "127.0.0.1:54944", "logging-call-at": "/Users/shivamsaraf/Desktop/work/temporal/common/log/with_logger.go:42"}
2025-05-05T16:56:31.420-0400	info	none	{"host": "127.0.0.1:54944", "component": "shard-controller", "address": "127.0.0.1:54944", "component": "shard-controller", "address": "127.0.0.1:54944", "shard-update": "RingMembershipChangedEvent", "number-processed": 1, "number-deleted": 0, "number-changed": 0, "logging-call-at": "/Users/shivamsaraf/Desktop/work/temporal/common/log/with_logger.go:42"}
2025-05-05T16:56:31.420-0400	info	none	{"host": "127.0.0.1:54944", "shard-id": 4, "address": "127.0.0.1:54944", "lifecycle": "Started", "component": "shard-context", "logging-call-at": "/Users/shivamsaraf/Desktop/work/temporal/common/log/with_logger.go:42"}
2025-05-05T16:56:31.420-0400	info	none	{"host": "127.0.0.1:54944", "component": "shard-controller", "address": "127.0.0.1:54944", "numShards": 1, "logging-call-at": "/Users/shivamsaraf/Desktop/work/temporal/common/log/with_logger.go:42"}
2025-05-05T16:56:31.420-0400	info	none	{"host": "127.0.0.1:54944", "shard-id": 3, "address": "127.0.0.1:54944", "lifecycle": "Started", "component": "shard-context", "logging-call-at": "/Users/shivamsaraf/Desktop/work/temporal/common/log/with_logger.go:42"}
2025-05-05T16:56:31.420-0400	info	none	{"host": "127.0.0.1:54944", "component": "shard-controller", "address": "127.0.0.1:54944", "numShards": 2, "logging-call-at": "/Users/shivamsaraf/Desktop/work/temporal/common/log/with_logger.go:42"}
2025-05-05T16:56:31.420-0400	info	none	{"host": "127.0.0.1:54944", "shard-id": 2, "address": "127.0.0.1:54944", "lifecycle": "Started", "component": "shard-context", "logging-call-at": "/Users/shivamsaraf/Desktop/work/temporal/common/log/with_logger.go:42"}
2025-05-05T16:56:31.420-0400	info	none	{"host": "127.0.0.1:54944", "component": "shard-controller", "address": "127.0.0.1:54944", "numShards": 3, "logging-call-at": "/Users/shivamsaraf/Desktop/work/temporal/common/log/with_logger.go:42"}
2025-05-05T16:56:31.420-0400	info	none	{"host": "127.0.0.1:54944", "shard-id": 1, "address": "127.0.0.1:54944", "lifecycle": "Started", "component": "shard-context", "logging-call-at": "/Users/shivamsaraf/Desktop/work/temporal/common/log/with_logger.go:42"}
2025-05-05T16:56:31.420-0400	info	none	{"host": "127.0.0.1:54944", "component": "shard-controller", "address": "127.0.0.1:54944", "numShards": 4, "logging-call-at": "/Users/shivamsaraf/Desktop/work/temporal/common/log/with_logger.go:42"}
2025-05-05T16:56:31.421-0400	info	Range updated for shardID	{"host": "127.0.0.1:54944", "shard-id": 3, "address": "127.0.0.1:54944", "shard-range-id": 1, "previous-shard-range-id": 0, "logging-call-at": "/Users/shivamsaraf/Desktop/work/temporal/common/log/with_logger.go:42"}
2025-05-05T16:56:31.421-0400	info	Task key range updated	{"host": "127.0.0.1:54944", "shard-id": 3, "address": "127.0.0.1:54944", "number": 1048576, "next-number": 2097152, "logging-call-at": "/Users/shivamsaraf/Desktop/work/temporal/common/log/with_logger.go:42"}
2025-05-05T16:56:31.422-0400	info	Acquired shard	{"host": "127.0.0.1:54944", "shard-id": 3, "address": "127.0.0.1:54944", "logging-call-at": "/Users/shivamsaraf/Desktop/work/temporal/common/log/with_logger.go:42"}
2025-05-05T16:56:31.422-0400	info	none	{"host": "127.0.0.1:54944", "shard-id": 3, "address": "127.0.0.1:54944", "lifecycle": "Starting", "component": "shard-engine", "logging-call-at": "/Users/shivamsaraf/Desktop/work/temporal/common/log/with_logger.go:42"}
2025-05-05T16:56:31.422-0400	info	none	{"host": "127.0.0.1:54944", "shard-id": 3, "address": "127.0.0.1:54944", "component": "history-engine", "lifecycle": "Starting", "logging-call-at": "/Users/shivamsaraf/Desktop/work/temporal/common/log/with_logger.go:42"}
2025-05-05T16:56:31.422-0400	info	none	{"host": "127.0.0.1:54944", "shard-id": 3, "address": "127.0.0.1:54944", "component": "timer-queue-processor", "lifecycle": "Starting", "logging-call-at": "/Users/shivamsaraf/Desktop/work/temporal/common/log/with_logger.go:42"}
2025-05-05T16:56:31.422-0400	info	Task rescheduler started.	{"host": "127.0.0.1:54944", "shard-id": 3, "address": "127.0.0.1:54944", "component": "timer-queue-processor", "lifecycle": "Started", "logging-call-at": "/Users/shivamsaraf/Desktop/work/temporal/common/log/with_logger.go:42"}
2025-05-05T16:56:31.422-0400	info	none	{"host": "127.0.0.1:54944", "shard-id": 3, "address": "127.0.0.1:54944", "component": "timer-queue-processor", "lifecycle": "Started", "logging-call-at": "/Users/shivamsaraf/Desktop/work/temporal/common/log/with_logger.go:42"}
2025-05-05T16:56:31.422-0400	info	none	{"host": "127.0.0.1:54944", "service": "history", "component": "memory-scheduled-queue-processor", "lifecycle": "Starting", "logging-call-at": "/Users/shivamsaraf/Desktop/work/temporal/common/log/with_logger.go:42"}
2025-05-05T16:56:31.422-0400	info	none	{"host": "127.0.0.1:54944", "service": "history", "component": "memory-scheduled-queue-processor", "lifecycle": "Started", "logging-call-at": "/Users/shivamsaraf/Desktop/work/temporal/common/log/with_logger.go:42"}
2025-05-05T16:56:31.422-0400	info	none	{"host": "127.0.0.1:54944", "shard-id": 3, "address": "127.0.0.1:54944", "component": "outbound-queue-processor", "lifecycle": "Starting", "logging-call-at": "/Users/shivamsaraf/Desktop/work/temporal/common/log/with_logger.go:42"}
2025-05-05T16:56:31.422-0400	info	Task rescheduler started.	{"host": "127.0.0.1:54944", "shard-id": 3, "address": "127.0.0.1:54944", "component": "outbound-queue-processor", "lifecycle": "Started", "logging-call-at": "/Users/shivamsaraf/Desktop/work/temporal/common/log/with_logger.go:42"}
2025-05-05T16:56:31.422-0400	info	none	{"host": "127.0.0.1:54944", "shard-id": 3, "address": "127.0.0.1:54944", "component": "outbound-queue-processor", "lifecycle": "Started", "logging-call-at": "/Users/shivamsaraf/Desktop/work/temporal/common/log/with_logger.go:42"}
2025-05-05T16:56:31.422-0400	info	none	{"host": "127.0.0.1:54944", "shard-id": 3, "address": "127.0.0.1:54944", "component": "visibility-queue-processor", "lifecycle": "Starting", "logging-call-at": "/Users/shivamsaraf/Desktop/work/temporal/common/log/with_logger.go:42"}
2025-05-05T16:56:31.422-0400	info	Task rescheduler started.	{"host": "127.0.0.1:54944", "shard-id": 3, "address": "127.0.0.1:54944", "component": "visibility-queue-processor", "lifecycle": "Started", "logging-call-at": "/Users/shivamsaraf/Desktop/work/temporal/common/log/with_logger.go:42"}
2025-05-05T16:56:31.422-0400	info	none	{"host": "127.0.0.1:54944", "shard-id": 3, "address": "127.0.0.1:54944", "component": "visibility-queue-processor", "lifecycle": "Started", "logging-call-at": "/Users/shivamsaraf/Desktop/work/temporal/common/log/with_logger.go:42"}
2025-05-05T16:56:31.422-0400	info	none	{"host": "127.0.0.1:54944", "shard-id": 3, "address": "127.0.0.1:54944", "component": "transfer-queue-processor", "lifecycle": "Starting", "logging-call-at": "/Users/shivamsaraf/Desktop/work/temporal/common/log/with_logger.go:42"}
2025-05-05T16:56:31.422-0400	info	Task rescheduler started.	{"host": "127.0.0.1:54944", "shard-id": 3, "address": "127.0.0.1:54944", "component": "transfer-queue-processor", "lifecycle": "Started", "logging-call-at": "/Users/shivamsaraf/Desktop/work/temporal/common/log/with_logger.go:42"}
2025-05-05T16:56:31.423-0400	info	none	{"host": "127.0.0.1:54944", "shard-id": 3, "address": "127.0.0.1:54944", "component": "transfer-queue-processor", "lifecycle": "Started", "logging-call-at": "/Users/shivamsaraf/Desktop/work/temporal/common/log/with_logger.go:42"}
2025-05-05T16:56:31.423-0400	info	none	{"host": "127.0.0.1:54944", "shard-id": 3, "address": "127.0.0.1:54944", "component": "history-engine", "lifecycle": "Started", "logging-call-at": "/Users/shivamsaraf/Desktop/work/temporal/common/log/with_logger.go:42"}
2025-05-05T16:56:31.423-0400	info	none	{"host": "127.0.0.1:54944", "shard-id": 3, "address": "127.0.0.1:54944", "lifecycle": "Started", "component": "shard-engine", "logging-call-at": "/Users/shivamsaraf/Desktop/work/temporal/common/log/with_logger.go:42"}
2025-05-05T16:56:31.424-0400	info	Range updated for shardID	{"host": "127.0.0.1:54944", "shard-id": 4, "address": "127.0.0.1:54944", "shard-range-id": 1, "previous-shard-range-id": 0, "logging-call-at": "/Users/shivamsaraf/Desktop/work/temporal/common/log/with_logger.go:42"}
2025-05-05T16:56:31.424-0400	info	Task key range updated	{"host": "127.0.0.1:54944", "shard-id": 4, "address": "127.0.0.1:54944", "number": 1048576, "next-number": 2097152, "logging-call-at": "/Users/shivamsaraf/Desktop/work/temporal/common/log/with_logger.go:42"}
2025-05-05T16:56:31.424-0400	info	Acquired shard	{"host": "127.0.0.1:54944", "shard-id": 4, "address": "127.0.0.1:54944", "logging-call-at": "/Users/shivamsaraf/Desktop/work/temporal/common/log/with_logger.go:42"}
2025-05-05T16:56:31.424-0400	info	none	{"host": "127.0.0.1:54944", "shard-id": 4, "address": "127.0.0.1:54944", "lifecycle": "Starting", "component": "shard-engine", "logging-call-at": "/Users/shivamsaraf/Desktop/work/temporal/common/log/with_logger.go:42"}
2025-05-05T16:56:31.424-0400	info	none	{"host": "127.0.0.1:54944", "shard-id": 4, "address": "127.0.0.1:54944", "component": "history-engine", "lifecycle": "Starting", "logging-call-at": "/Users/shivamsaraf/Desktop/work/temporal/common/log/with_logger.go:42"}
2025-05-05T16:56:31.424-0400	info	none	{"host": "127.0.0.1:54944", "service": "history", "component": "memory-scheduled-queue-processor", "lifecycle": "Starting", "logging-call-at": "/Users/shivamsaraf/Desktop/work/temporal/common/log/with_logger.go:42"}
2025-05-05T16:56:31.424-0400	info	none	{"host": "127.0.0.1:54944", "service": "history", "component": "memory-scheduled-queue-processor", "lifecycle": "Started", "logging-call-at": "/Users/shivamsaraf/Desktop/work/temporal/common/log/with_logger.go:42"}
2025-05-05T16:56:31.424-0400	info	none	{"host": "127.0.0.1:54944", "shard-id": 4, "address": "127.0.0.1:54944", "component": "outbound-queue-processor", "lifecycle": "Starting", "logging-call-at": "/Users/shivamsaraf/Desktop/work/temporal/common/log/with_logger.go:42"}
2025-05-05T16:56:31.424-0400	info	Task rescheduler started.	{"host": "127.0.0.1:54944", "shard-id": 4, "address": "127.0.0.1:54944", "component": "outbound-queue-processor", "lifecycle": "Started", "logging-call-at": "/Users/shivamsaraf/Desktop/work/temporal/common/log/with_logger.go:42"}
2025-05-05T16:56:31.424-0400	info	none	{"host": "127.0.0.1:54944", "shard-id": 4, "address": "127.0.0.1:54944", "component": "outbound-queue-processor", "lifecycle": "Started", "logging-call-at": "/Users/shivamsaraf/Desktop/work/temporal/common/log/with_logger.go:42"}
2025-05-05T16:56:31.424-0400	info	none	{"host": "127.0.0.1:54944", "shard-id": 4, "address": "127.0.0.1:54944", "component": "visibility-queue-processor", "lifecycle": "Starting", "logging-call-at": "/Users/shivamsaraf/Desktop/work/temporal/common/log/with_logger.go:42"}
2025-05-05T16:56:31.424-0400	info	Task rescheduler started.	{"host": "127.0.0.1:54944", "shard-id": 4, "address": "127.0.0.1:54944", "component": "visibility-queue-processor", "lifecycle": "Started", "logging-call-at": "/Users/shivamsaraf/Desktop/work/temporal/common/log/with_logger.go:42"}
2025-05-05T16:56:31.424-0400	info	none	{"host": "127.0.0.1:54944", "shard-id": 4, "address": "127.0.0.1:54944", "component": "visibility-queue-processor", "lifecycle": "Started", "logging-call-at": "/Users/shivamsaraf/Desktop/work/temporal/common/log/with_logger.go:42"}
2025-05-05T16:56:31.424-0400	info	none	{"host": "127.0.0.1:54944", "shard-id": 4, "address": "127.0.0.1:54944", "component": "transfer-queue-processor", "lifecycle": "Starting", "logging-call-at": "/Users/shivamsaraf/Desktop/work/temporal/common/log/with_logger.go:42"}
2025-05-05T16:56:31.424-0400	info	Task rescheduler started.	{"host": "127.0.0.1:54944", "shard-id": 4, "address": "127.0.0.1:54944", "component": "transfer-queue-processor", "lifecycle": "Started", "logging-call-at": "/Users/shivamsaraf/Desktop/work/temporal/common/log/with_logger.go:42"}
2025-05-05T16:56:31.424-0400	info	none	{"host": "127.0.0.1:54944", "shard-id": 4, "address": "127.0.0.1:54944", "component": "transfer-queue-processor", "lifecycle": "Started", "logging-call-at": "/Users/shivamsaraf/Desktop/work/temporal/common/log/with_logger.go:42"}
2025-05-05T16:56:31.424-0400	info	none	{"host": "127.0.0.1:54944", "shard-id": 4, "address": "127.0.0.1:54944", "component": "timer-queue-processor", "lifecycle": "Starting", "logging-call-at": "/Users/shivamsaraf/Desktop/work/temporal/common/log/with_logger.go:42"}
2025-05-05T16:56:31.425-0400	info	Task rescheduler started.	{"host": "127.0.0.1:54944", "shard-id": 4, "address": "127.0.0.1:54944", "component": "timer-queue-processor", "lifecycle": "Started", "logging-call-at": "/Users/shivamsaraf/Desktop/work/temporal/common/log/with_logger.go:42"}
2025-05-05T16:56:31.425-0400	info	none	{"host": "127.0.0.1:54944", "shard-id": 4, "address": "127.0.0.1:54944", "component": "timer-queue-processor", "lifecycle": "Started", "logging-call-at": "/Users/shivamsaraf/Desktop/work/temporal/common/log/with_logger.go:42"}
2025-05-05T16:56:31.425-0400	info	none	{"host": "127.0.0.1:54944", "shard-id": 4, "address": "127.0.0.1:54944", "component": "history-engine", "lifecycle": "Started", "logging-call-at": "/Users/shivamsaraf/Desktop/work/temporal/common/log/with_logger.go:42"}
2025-05-05T16:56:31.425-0400	info	none	{"host": "127.0.0.1:54944", "shard-id": 4, "address": "127.0.0.1:54944", "lifecycle": "Started", "component": "shard-engine", "logging-call-at": "/Users/shivamsaraf/Desktop/work/temporal/common/log/with_logger.go:42"}
2025-05-05T16:56:31.425-0400	info	queue reader started	{"host": "127.0.0.1:54944", "shard-id": 3, "address": "127.0.0.1:54944", "component": "timer-queue-processor", "queue-reader-id": 0, "lifecycle": "Started", "logging-call-at": "/Users/shivamsaraf/Desktop/work/temporal/common/log/with_logger.go:42"}
2025-05-05T16:56:31.425-0400	info	queue reader started	{"host": "127.0.0.1:54944", "shard-id": 3, "address": "127.0.0.1:54944", "component": "outbound-queue-processor", "queue-reader-id": 0, "lifecycle": "Started", "logging-call-at": "/Users/shivamsaraf/Desktop/work/temporal/common/log/with_logger.go:42"}
2025-05-05T16:56:31.425-0400	info	queue reader started	{"host": "127.0.0.1:54944", "shard-id": 4, "address": "127.0.0.1:54944", "component": "outbound-queue-processor", "queue-reader-id": 0, "lifecycle": "Started", "logging-call-at": "/Users/shivamsaraf/Desktop/work/temporal/common/log/with_logger.go:42"}
2025-05-05T16:56:31.425-0400	info	queue reader started	{"host": "127.0.0.1:54944", "shard-id": 3, "address": "127.0.0.1:54944", "component": "visibility-queue-processor", "queue-reader-id": 0, "lifecycle": "Started", "logging-call-at": "/Users/shivamsaraf/Desktop/work/temporal/common/log/with_logger.go:42"}
2025-05-05T16:56:31.426-0400	info	queue reader started	{"host": "127.0.0.1:54944", "shard-id": 4, "address": "127.0.0.1:54944", "component": "transfer-queue-processor", "queue-reader-id": 0, "lifecycle": "Started", "logging-call-at": "/Users/shivamsaraf/Desktop/work/temporal/common/log/with_logger.go:42"}
2025-05-05T16:56:31.426-0400	info	queue reader started	{"host": "127.0.0.1:54944", "shard-id": 4, "address": "127.0.0.1:54944", "component": "timer-queue-processor", "queue-reader-id": 0, "lifecycle": "Started", "logging-call-at": "/Users/shivamsaraf/Desktop/work/temporal/common/log/with_logger.go:42"}
2025-05-05T16:56:31.426-0400	info	queue reader started	{"host": "127.0.0.1:54944", "shard-id": 3, "address": "127.0.0.1:54944", "component": "transfer-queue-processor", "queue-reader-id": 0, "lifecycle": "Started", "logging-call-at": "/Users/shivamsaraf/Desktop/work/temporal/common/log/with_logger.go:42"}
2025-05-05T16:56:31.426-0400	info	Range updated for shardID	{"host": "127.0.0.1:54944", "shard-id": 2, "address": "127.0.0.1:54944", "shard-range-id": 1, "previous-shard-range-id": 0, "logging-call-at": "/Users/shivamsaraf/Desktop/work/temporal/common/log/with_logger.go:42"}
2025-05-05T16:56:31.426-0400	info	queue reader started	{"host": "127.0.0.1:54944", "shard-id": 4, "address": "127.0.0.1:54944", "component": "visibility-queue-processor", "queue-reader-id": 0, "lifecycle": "Started", "logging-call-at": "/Users/shivamsaraf/Desktop/work/temporal/common/log/with_logger.go:42"}
2025-05-05T16:56:31.426-0400	info	Task key range updated	{"host": "127.0.0.1:54944", "shard-id": 2, "address": "127.0.0.1:54944", "number": 1048576, "next-number": 2097152, "logging-call-at": "/Users/shivamsaraf/Desktop/work/temporal/common/log/with_logger.go:42"}
2025-05-05T16:56:31.426-0400	info	Acquired shard	{"host": "127.0.0.1:54944", "shard-id": 2, "address": "127.0.0.1:54944", "logging-call-at": "/Users/shivamsaraf/Desktop/work/temporal/common/log/with_logger.go:42"}
2025-05-05T16:56:31.426-0400	info	none	{"host": "127.0.0.1:54944", "shard-id": 2, "address": "127.0.0.1:54944", "lifecycle": "Starting", "component": "shard-engine", "logging-call-at": "/Users/shivamsaraf/Desktop/work/temporal/common/log/with_logger.go:42"}
2025-05-05T16:56:31.426-0400	info	Range updated for shardID	{"host": "127.0.0.1:54944", "shard-id": 1, "address": "127.0.0.1:54944", "shard-range-id": 1, "previous-shard-range-id": 0, "logging-call-at": "/Users/shivamsaraf/Desktop/work/temporal/common/log/with_logger.go:42"}
2025-05-05T16:56:31.426-0400	info	Task key range updated	{"host": "127.0.0.1:54944", "shard-id": 1, "address": "127.0.0.1:54944", "number": 1048576, "next-number": 2097152, "logging-call-at": "/Users/shivamsaraf/Desktop/work/temporal/common/log/with_logger.go:42"}
2025-05-05T16:56:31.426-0400	info	Acquired shard	{"host": "127.0.0.1:54944", "shard-id": 1, "address": "127.0.0.1:54944", "logging-call-at": "/Users/shivamsaraf/Desktop/work/temporal/common/log/with_logger.go:42"}
2025-05-05T16:56:31.426-0400	info	none	{"host": "127.0.0.1:54944", "shard-id": 1, "address": "127.0.0.1:54944", "lifecycle": "Starting", "component": "shard-engine", "logging-call-at": "/Users/shivamsaraf/Desktop/work/temporal/common/log/with_logger.go:42"}
2025-05-05T16:56:31.426-0400	debug	initialized custom fxevent.Logger	{"host": "127.0.0.1:54942", "component": "fx", "function": "go.temporal.io/server/temporal.init.func6()", "logging-call-at": "/Users/shivamsaraf/Desktop/work/temporal/common/log/with_logger.go:37"}
2025-05-05T16:56:31.426-0400	info	none	{"host": "127.0.0.1:54944", "shard-id": 2, "address": "127.0.0.1:54944", "component": "history-engine", "lifecycle": "Starting", "logging-call-at": "/Users/shivamsaraf/Desktop/work/temporal/common/log/with_logger.go:42"}
2025-05-05T16:56:31.426-0400	info	none	{"host": "127.0.0.1:54944", "shard-id": 1, "address": "127.0.0.1:54944", "component": "history-engine", "lifecycle": "Starting", "logging-call-at": "/Users/shivamsaraf/Desktop/work/temporal/common/log/with_logger.go:42"}
2025-05-05T16:56:31.426-0400	info	none	{"host": "127.0.0.1:54944", "shard-id": 2, "address": "127.0.0.1:54944", "component": "visibility-queue-processor", "lifecycle": "Starting", "logging-call-at": "/Users/shivamsaraf/Desktop/work/temporal/common/log/with_logger.go:42"}
2025-05-05T16:56:31.426-0400	info	none	{"host": "127.0.0.1:54944", "shard-id": 1, "address": "127.0.0.1:54944", "component": "transfer-queue-processor", "lifecycle": "Starting", "logging-call-at": "/Users/shivamsaraf/Desktop/work/temporal/common/log/with_logger.go:42"}
2025-05-05T16:56:31.426-0400	debug	invoking	{"host": "127.0.0.1:54942", "component": "fx", "function": "go.temporal.io/server/components/nexusoperations/frontend.RegisterHTTPHandler()", "module": "component.nexusoperations.frontend", "logging-call-at": "/Users/shivamsaraf/Desktop/work/temporal/common/log/with_logger.go:37"}
2025-05-05T16:56:31.426-0400	info	Task rescheduler started.	{"host": "127.0.0.1:54944", "shard-id": 1, "address": "127.0.0.1:54944", "component": "transfer-queue-processor", "lifecycle": "Started", "logging-call-at": "/Users/shivamsaraf/Desktop/work/temporal/common/log/with_logger.go:42"}
2025-05-05T16:56:31.426-0400	info	none	{"host": "127.0.0.1:54944", "shard-id": 1, "address": "127.0.0.1:54944", "component": "transfer-queue-processor", "lifecycle": "Started", "logging-call-at": "/Users/shivamsaraf/Desktop/work/temporal/common/log/with_logger.go:42"}
2025-05-05T16:56:31.426-0400	info	none	{"host": "127.0.0.1:54944", "shard-id": 1, "address": "127.0.0.1:54944", "component": "timer-queue-processor", "lifecycle": "Starting", "logging-call-at": "/Users/shivamsaraf/Desktop/work/temporal/common/log/with_logger.go:42"}
2025-05-05T16:56:31.426-0400	info	Task rescheduler started.	{"host": "127.0.0.1:54944", "shard-id": 1, "address": "127.0.0.1:54944", "component": "timer-queue-processor", "lifecycle": "Started", "logging-call-at": "/Users/shivamsaraf/Desktop/work/temporal/common/log/with_logger.go:42"}
2025-05-05T16:56:31.426-0400	info	none	{"host": "127.0.0.1:54944", "shard-id": 1, "address": "127.0.0.1:54944", "component": "timer-queue-processor", "lifecycle": "Started", "logging-call-at": "/Users/shivamsaraf/Desktop/work/temporal/common/log/with_logger.go:42"}
2025-05-05T16:56:31.426-0400	info	none	{"host": "127.0.0.1:54944", "service": "history", "component": "memory-scheduled-queue-processor", "lifecycle": "Starting", "logging-call-at": "/Users/shivamsaraf/Desktop/work/temporal/common/log/with_logger.go:42"}
2025-05-05T16:56:31.426-0400	info	none	{"host": "127.0.0.1:54944", "service": "history", "component": "memory-scheduled-queue-processor", "lifecycle": "Started", "logging-call-at": "/Users/shivamsaraf/Desktop/work/temporal/common/log/with_logger.go:42"}
2025-05-05T16:56:31.426-0400	info	queue reader started	{"host": "127.0.0.1:54944", "shard-id": 1, "address": "127.0.0.1:54944", "component": "transfer-queue-processor", "queue-reader-id": 0, "lifecycle": "Started", "logging-call-at": "/Users/shivamsaraf/Desktop/work/temporal/common/log/with_logger.go:42"}
2025-05-05T16:56:31.426-0400	info	none	{"host": "127.0.0.1:54944", "shard-id": 1, "address": "127.0.0.1:54944", "component": "outbound-queue-processor", "lifecycle": "Starting", "logging-call-at": "/Users/shivamsaraf/Desktop/work/temporal/common/log/with_logger.go:42"}
2025-05-05T16:56:31.426-0400	info	Task rescheduler started.	{"host": "127.0.0.1:54944", "shard-id": 1, "address": "127.0.0.1:54944", "component": "outbound-queue-processor", "lifecycle": "Started", "logging-call-at": "/Users/shivamsaraf/Desktop/work/temporal/common/log/with_logger.go:42"}
2025-05-05T16:56:31.426-0400	info	none	{"host": "127.0.0.1:54944", "shard-id": 1, "address": "127.0.0.1:54944", "component": "outbound-queue-processor", "lifecycle": "Started", "logging-call-at": "/Users/shivamsaraf/Desktop/work/temporal/common/log/with_logger.go:42"}
2025-05-05T16:56:31.426-0400	info	none	{"host": "127.0.0.1:54944", "shard-id": 1, "address": "127.0.0.1:54944", "component": "visibility-queue-processor", "lifecycle": "Starting", "logging-call-at": "/Users/shivamsaraf/Desktop/work/temporal/common/log/with_logger.go:42"}
2025-05-05T16:56:31.426-0400	info	Task rescheduler started.	{"host": "127.0.0.1:54944", "shard-id": 1, "address": "127.0.0.1:54944", "component": "visibility-queue-processor", "lifecycle": "Started", "logging-call-at": "/Users/shivamsaraf/Desktop/work/temporal/common/log/with_logger.go:42"}
2025-05-05T16:56:31.426-0400	info	none	{"host": "127.0.0.1:54944", "shard-id": 1, "address": "127.0.0.1:54944", "component": "visibility-queue-processor", "lifecycle": "Started", "logging-call-at": "/Users/shivamsaraf/Desktop/work/temporal/common/log/with_logger.go:42"}
2025-05-05T16:56:31.426-0400	info	none	{"host": "127.0.0.1:54944", "shard-id": 1, "address": "127.0.0.1:54944", "component": "history-engine", "lifecycle": "Started", "logging-call-at": "/Users/shivamsaraf/Desktop/work/temporal/common/log/with_logger.go:42"}
2025-05-05T16:56:31.426-0400	info	none	{"host": "127.0.0.1:54944", "shard-id": 1, "address": "127.0.0.1:54944", "lifecycle": "Started", "component": "shard-engine", "logging-call-at": "/Users/shivamsaraf/Desktop/work/temporal/common/log/with_logger.go:42"}
2025-05-05T16:56:31.426-0400	info	Task rescheduler started.	{"host": "127.0.0.1:54944", "shard-id": 2, "address": "127.0.0.1:54944", "component": "visibility-queue-processor", "lifecycle": "Started", "logging-call-at": "/Users/shivamsaraf/Desktop/work/temporal/common/log/with_logger.go:42"}
2025-05-05T16:56:31.426-0400	error	Queue reader unable to retrieve tasks	{"host": "127.0.0.1:54944", "shard-id": 1, "address": "127.0.0.1:54944", "component": "transfer-queue-processor", "queue-reader-id": 0, "error": "shard status unknown", "logging-call-at": "/Users/shivamsaraf/Desktop/work/temporal/common/log/with_logger.go:52"}
go.temporal.io/server/common/log.(*zapLogger).Error
	/Users/shivamsaraf/Desktop/work/temporal/common/log/zap_logger.go:132
go.temporal.io/server/common/testing/testlogger.(*TestLogger).Error
	/Users/shivamsaraf/Desktop/work/temporal/common/testing/testlogger/testlogger.go:344
go.temporal.io/server/common/log.(*withLogger).Error
	/Users/shivamsaraf/Desktop/work/temporal/common/log/with_logger.go:52
go.temporal.io/server/common/log.(*withLogger).Error
	/Users/shivamsaraf/Desktop/work/temporal/common/log/with_logger.go:52
go.temporal.io/server/common/log.(*withLogger).Error
	/Users/shivamsaraf/Desktop/work/temporal/common/log/with_logger.go:52
go.temporal.io/server/common/log.(*withLogger).Error
	/Users/shivamsaraf/Desktop/work/temporal/common/log/with_logger.go:52
go.temporal.io/server/service/history/queues.(*ReaderImpl).loadAndSubmitTasks
	/Users/shivamsaraf/Desktop/work/temporal/service/history/queues/reader.go:450
go.temporal.io/server/service/history/queues.(*ReaderImpl).eventLoop
	/Users/shivamsaraf/Desktop/work/temporal/service/history/queues/reader.go:416
2025-05-05T16:56:31.426-0400	info	none	{"host": "127.0.0.1:54944", "shard-id": 2, "address": "127.0.0.1:54944", "component": "visibility-queue-processor", "lifecycle": "Started", "logging-call-at": "/Users/shivamsaraf/Desktop/work/temporal/common/log/with_logger.go:42"}
2025-05-05T16:56:31.426-0400	info	none	{"host": "127.0.0.1:54944", "shard-id": 2, "address": "127.0.0.1:54944", "component": "transfer-queue-processor", "lifecycle": "Starting", "logging-call-at": "/Users/shivamsaraf/Desktop/work/temporal/common/log/with_logger.go:42"}
2025-05-05T16:56:31.426-0400	info	queue reader started	{"host": "127.0.0.1:54944", "shard-id": 1, "address": "127.0.0.1:54944", "component": "timer-queue-processor", "queue-reader-id": 0, "lifecycle": "Started", "logging-call-at": "/Users/shivamsaraf/Desktop/work/temporal/common/log/with_logger.go:42"}
2025-05-05T16:56:31.426-0400	info	Task rescheduler started.	{"host": "127.0.0.1:54944", "shard-id": 2, "address": "127.0.0.1:54944", "component": "transfer-queue-processor", "lifecycle": "Started", "logging-call-at": "/Users/shivamsaraf/Desktop/work/temporal/common/log/with_logger.go:42"}
2025-05-05T16:56:31.426-0400	info	none	{"host": "127.0.0.1:54944", "shard-id": 2, "address": "127.0.0.1:54944", "component": "transfer-queue-processor", "lifecycle": "Started", "logging-call-at": "/Users/shivamsaraf/Desktop/work/temporal/common/log/with_logger.go:42"}
2025-05-05T16:56:31.426-0400	info	queue reader started	{"host": "127.0.0.1:54944", "shard-id": 1, "address": "127.0.0.1:54944", "component": "outbound-queue-processor", "queue-reader-id": 0, "lifecycle": "Started", "logging-call-at": "/Users/shivamsaraf/Desktop/work/temporal/common/log/with_logger.go:42"}
2025-05-05T16:56:31.426-0400	info	queue reader started	{"host": "127.0.0.1:54944", "shard-id": 1, "address": "127.0.0.1:54944", "component": "visibility-queue-processor", "queue-reader-id": 0, "lifecycle": "Started", "logging-call-at": "/Users/shivamsaraf/Desktop/work/temporal/common/log/with_logger.go:42"}
2025-05-05T16:56:31.426-0400	info	none	{"host": "127.0.0.1:54944", "shard-id": 2, "address": "127.0.0.1:54944", "component": "timer-queue-processor", "lifecycle": "Starting", "logging-call-at": "/Users/shivamsaraf/Desktop/work/temporal/common/log/with_logger.go:42"}
2025-05-05T16:56:31.426-0400	info	queue reader started	{"host": "127.0.0.1:54944", "shard-id": 2, "address": "127.0.0.1:54944", "component": "transfer-queue-processor", "queue-reader-id": 0, "lifecycle": "Started", "logging-call-at": "/Users/shivamsaraf/Desktop/work/temporal/common/log/with_logger.go:42"}
2025-05-05T16:56:31.426-0400	info	Task rescheduler started.	{"host": "127.0.0.1:54944", "shard-id": 2, "address": "127.0.0.1:54944", "component": "timer-queue-processor", "lifecycle": "Started", "logging-call-at": "/Users/shivamsaraf/Desktop/work/temporal/common/log/with_logger.go:42"}
2025-05-05T16:56:31.426-0400	error	Queue reader unable to retrieve tasks	{"host": "127.0.0.1:54944", "shard-id": 1, "address": "127.0.0.1:54944", "component": "timer-queue-processor", "queue-reader-id": 0, "error": "shard status unknown", "logging-call-at": "/Users/shivamsaraf/Desktop/work/temporal/common/log/with_logger.go:52"}
go.temporal.io/server/common/log.(*zapLogger).Error
	/Users/shivamsaraf/Desktop/work/temporal/common/log/zap_logger.go:132
go.temporal.io/server/common/testing/testlogger.(*TestLogger).Error
	/Users/shivamsaraf/Desktop/work/temporal/common/testing/testlogger/testlogger.go:344
go.temporal.io/server/common/log.(*withLogger).Error
	/Users/shivamsaraf/Desktop/work/temporal/common/log/with_logger.go:52
go.temporal.io/server/common/log.(*withLogger).Error
	/Users/shivamsaraf/Desktop/work/temporal/common/log/with_logger.go:52
go.temporal.io/server/common/log.(*withLogger).Error
	/Users/shivamsaraf/Desktop/work/temporal/common/log/with_logger.go:52
go.temporal.io/server/common/log.(*withLogger).Error
	/Users/shivamsaraf/Desktop/work/temporal/common/log/with_logger.go:52
go.temporal.io/server/service/history/queues.(*ReaderImpl).loadAndSubmitTasks
	/Users/shivamsaraf/Desktop/work/temporal/service/history/queues/reader.go:450
go.temporal.io/server/service/history/queues.(*ReaderImpl).eventLoop
	/Users/shivamsaraf/Desktop/work/temporal/service/history/queues/reader.go:416
2025-05-05T16:56:31.426-0400	info	none	{"host": "127.0.0.1:54944", "shard-id": 2, "address": "127.0.0.1:54944", "component": "timer-queue-processor", "lifecycle": "Started", "logging-call-at": "/Users/shivamsaraf/Desktop/work/temporal/common/log/with_logger.go:42"}
2025-05-05T16:56:31.427-0400	info	none	{"host": "127.0.0.1:54944", "service": "history", "component": "memory-scheduled-queue-processor", "lifecycle": "Starting", "logging-call-at": "/Users/shivamsaraf/Desktop/work/temporal/common/log/with_logger.go:42"}
2025-05-05T16:56:31.427-0400	info	none	{"host": "127.0.0.1:54944", "service": "history", "component": "memory-scheduled-queue-processor", "lifecycle": "Started", "logging-call-at": "/Users/shivamsaraf/Desktop/work/temporal/common/log/with_logger.go:42"}
2025-05-05T16:56:31.427-0400	info	none	{"host": "127.0.0.1:54944", "shard-id": 2, "address": "127.0.0.1:54944", "component": "outbound-queue-processor", "lifecycle": "Starting", "logging-call-at": "/Users/shivamsaraf/Desktop/work/temporal/common/log/with_logger.go:42"}
2025-05-05T16:56:31.427-0400	info	queue reader started	{"host": "127.0.0.1:54944", "shard-id": 2, "address": "127.0.0.1:54944", "component": "visibility-queue-processor", "queue-reader-id": 0, "lifecycle": "Started", "logging-call-at": "/Users/shivamsaraf/Desktop/work/temporal/common/log/with_logger.go:42"}
2025-05-05T16:56:31.426-0400	error	Queue reader unable to retrieve tasks	{"host": "127.0.0.1:54944", "shard-id": 2, "address": "127.0.0.1:54944", "component": "transfer-queue-processor", "queue-reader-id": 0, "error": "shard status unknown", "logging-call-at": "/Users/shivamsaraf/Desktop/work/temporal/common/log/with_logger.go:52"}
go.temporal.io/server/common/log.(*zapLogger).Error
	/Users/shivamsaraf/Desktop/work/temporal/common/log/zap_logger.go:132
go.temporal.io/server/common/testing/testlogger.(*TestLogger).Error
	/Users/shivamsaraf/Desktop/work/temporal/common/testing/testlogger/testlogger.go:344
go.temporal.io/server/common/log.(*withLogger).Error
	/Users/shivamsaraf/Desktop/work/temporal/common/log/with_logger.go:52
go.temporal.io/server/common/log.(*withLogger).Error
	/Users/shivamsaraf/Desktop/work/temporal/common/log/with_logger.go:52
go.temporal.io/server/common/log.(*withLogger).Error
	/Users/shivamsaraf/Desktop/work/temporal/common/log/with_logger.go:52
go.temporal.io/server/common/log.(*withLogger).Error
	/Users/shivamsaraf/Desktop/work/temporal/common/log/with_logger.go:52
go.temporal.io/server/service/history/queues.(*ReaderImpl).loadAndSubmitTasks
	/Users/shivamsaraf/Desktop/work/temporal/service/history/queues/reader.go:450
go.temporal.io/server/service/history/queues.(*ReaderImpl).eventLoop
	/Users/shivamsaraf/Desktop/work/temporal/service/history/queues/reader.go:416
2025-05-05T16:56:31.427-0400	info	queue reader started	{"host": "127.0.0.1:54944", "shard-id": 2, "address": "127.0.0.1:54944", "component": "timer-queue-processor", "queue-reader-id": 0, "lifecycle": "Started", "logging-call-at": "/Users/shivamsaraf/Desktop/work/temporal/common/log/with_logger.go:42"}
2025-05-05T16:56:31.427-0400	error	Queue reader unable to retrieve tasks	{"host": "127.0.0.1:54944", "shard-id": 2, "address": "127.0.0.1:54944", "component": "visibility-queue-processor", "queue-reader-id": 0, "error": "shard status unknown", "logging-call-at": "/Users/shivamsaraf/Desktop/work/temporal/common/log/with_logger.go:52"}
go.temporal.io/server/common/log.(*zapLogger).Error
	/Users/shivamsaraf/Desktop/work/temporal/common/log/zap_logger.go:132
go.temporal.io/server/common/testing/testlogger.(*TestLogger).Error
	/Users/shivamsaraf/Desktop/work/temporal/common/testing/testlogger/testlogger.go:344
go.temporal.io/server/common/log.(*withLogger).Error
	/Users/shivamsaraf/Desktop/work/temporal/common/log/with_logger.go:52
go.temporal.io/server/common/log.(*withLogger).Error
	/Users/shivamsaraf/Desktop/work/temporal/common/log/with_logger.go:52
go.temporal.io/server/common/log.(*withLogger).Error
	/Users/shivamsaraf/Desktop/work/temporal/common/log/with_logger.go:52
go.temporal.io/server/common/log.(*withLogger).Error
	/Users/shivamsaraf/Desktop/work/temporal/common/log/with_logger.go:52
go.temporal.io/server/service/history/queues.(*ReaderImpl).loadAndSubmitTasks
	/Users/shivamsaraf/Desktop/work/temporal/service/history/queues/reader.go:450
go.temporal.io/server/service/history/queues.(*ReaderImpl).eventLoop
	/Users/shivamsaraf/Desktop/work/temporal/service/history/queues/reader.go:416
2025-05-05T16:56:31.427-0400	error	Queue reader unable to retrieve tasks	{"host": "127.0.0.1:54944", "shard-id": 2, "address": "127.0.0.1:54944", "component": "timer-queue-processor", "queue-reader-id": 0, "error": "shard status unknown", "logging-call-at": "/Users/shivamsaraf/Desktop/work/temporal/common/log/with_logger.go:52"}
go.temporal.io/server/common/log.(*zapLogger).Error
	/Users/shivamsaraf/Desktop/work/temporal/common/log/zap_logger.go:132
go.temporal.io/server/common/testing/testlogger.(*TestLogger).Error
	/Users/shivamsaraf/Desktop/work/temporal/common/testing/testlogger/testlogger.go:344
go.temporal.io/server/common/log.(*withLogger).Error
	/Users/shivamsaraf/Desktop/work/temporal/common/log/with_logger.go:52
go.temporal.io/server/common/log.(*withLogger).Error
	/Users/shivamsaraf/Desktop/work/temporal/common/log/with_logger.go:52
go.temporal.io/server/common/log.(*withLogger).Error
	/Users/shivamsaraf/Desktop/work/temporal/common/log/with_logger.go:52
go.temporal.io/server/common/log.(*withLogger).Error
	/Users/shivamsaraf/Desktop/work/temporal/common/log/with_logger.go:52
go.temporal.io/server/service/history/queues.(*ReaderImpl).loadAndSubmitTasks
	/Users/shivamsaraf/Desktop/work/temporal/service/history/queues/reader.go:450
go.temporal.io/server/service/history/queues.(*ReaderImpl).eventLoop
	/Users/shivamsaraf/Desktop/work/temporal/service/history/queues/reader.go:416
2025-05-05T16:56:31.427-0400	info	Task rescheduler started.	{"host": "127.0.0.1:54944", "shard-id": 2, "address": "127.0.0.1:54944", "component": "outbound-queue-processor", "lifecycle": "Started", "logging-call-at": "/Users/shivamsaraf/Desktop/work/temporal/common/log/with_logger.go:42"}
2025-05-05T16:56:31.427-0400	info	none	{"host": "127.0.0.1:54944", "shard-id": 2, "address": "127.0.0.1:54944", "component": "outbound-queue-processor", "lifecycle": "Started", "logging-call-at": "/Users/shivamsaraf/Desktop/work/temporal/common/log/with_logger.go:42"}
2025-05-05T16:56:31.427-0400	info	none	{"host": "127.0.0.1:54944", "shard-id": 2, "address": "127.0.0.1:54944", "component": "history-engine", "lifecycle": "Started", "logging-call-at": "/Users/shivamsaraf/Desktop/work/temporal/common/log/with_logger.go:42"}
2025-05-05T16:56:31.427-0400	info	none	{"host": "127.0.0.1:54944", "shard-id": 2, "address": "127.0.0.1:54944", "lifecycle": "Started", "component": "shard-engine", "logging-call-at": "/Users/shivamsaraf/Desktop/work/temporal/common/log/with_logger.go:42"}
2025-05-05T16:56:31.427-0400	info	queue reader started	{"host": "127.0.0.1:54944", "shard-id": 2, "address": "127.0.0.1:54944", "component": "outbound-queue-processor", "queue-reader-id": 0, "lifecycle": "Started", "logging-call-at": "/Users/shivamsaraf/Desktop/work/temporal/common/log/with_logger.go:42"}
2025-05-05T16:56:31.427-0400	info	initial shards ready	{"host": "127.0.0.1:54944", "component": "shard-controller", "address": "127.0.0.1:54944", "total": 4, "logging-call-at": "/Users/shivamsaraf/Desktop/work/temporal/common/log/with_logger.go:42"}
2025-05-05T16:56:31.427-0400	info	Quota changed	{"host": "127.0.0.1:54942", "service": "frontend", "component": "persistence", "scope": "host", "current-quota": null, "new-quota": 2000, "logging-call-at": "/Users/shivamsaraf/Desktop/work/temporal/common/log/with_logger.go:42"}
2025-05-05T16:56:31.427-0400	info	historyClient: ownership caching disabled	{"host": "127.0.0.1:54942", "service": "frontend", "logging-call-at": "/Users/shivamsaraf/Desktop/work/temporal/common/log/with_logger.go:42"}
2025-05-05T16:56:31.427-0400	info	Quota changed	{"host": "127.0.0.1:54942", "service": "frontend", "component": "rpc-handler", "scope": "host", "current-quota": null, "new-quota": 3000, "logging-call-at": "/Users/shivamsaraf/Desktop/work/temporal/common/log/with_logger.go:42"}
2025-05-05T16:56:31.427-0400	debug	invoking	{"host": "127.0.0.1:54942", "component": "fx", "function": "go.temporal.io/server/common/persistence/client.DataStoreFactoryLifetimeHooks()", "module": "", "logging-call-at": "/Users/shivamsaraf/Desktop/work/temporal/common/log/with_logger.go:37"}
2025-05-05T16:56:31.427-0400	debug	invoking	{"host": "127.0.0.1:54942", "component": "fx", "function": "go.temporal.io/server/common/cluster.MetadataLifetimeHooks()", "module": "", "logging-call-at": "/Users/shivamsaraf/Desktop/work/temporal/common/log/with_logger.go:37"}
2025-05-05T16:56:31.427-0400	debug	invoking	{"host": "127.0.0.1:54942", "component": "fx", "function": "go.temporal.io/server/common/namespace/nsregistry.RegistryLifetimeHooks()", "module": "", "logging-call-at": "/Users/shivamsaraf/Desktop/work/temporal/common/log/with_logger.go:37"}
2025-05-05T16:56:31.427-0400	debug	invoking	{"host": "127.0.0.1:54942", "component": "fx", "function": "go.temporal.io/server/common/metrics.RuntimeMetricsReporterLifetimeHooks()", "module": "", "logging-call-at": "/Users/shivamsaraf/Desktop/work/temporal/common/log/with_logger.go:37"}
2025-05-05T16:56:31.428-0400	debug	invoking	{"host": "127.0.0.1:54942", "component": "fx", "function": "go.temporal.io/server/common/resource.RegisterBootstrapContainer()", "module": "", "logging-call-at": "/Users/shivamsaraf/Desktop/work/temporal/common/log/with_logger.go:37"}
2025-05-05T16:56:31.428-0400	debug	invoking	{"host": "127.0.0.1:54942", "component": "fx", "function": "go.temporal.io/server/common/deadlock.init.func1()", "module": "", "logging-call-at": "/Users/shivamsaraf/Desktop/work/temporal/common/log/with_logger.go:37"}
2025-05-05T16:56:31.428-0400	debug	invoking	{"host": "127.0.0.1:54942", "component": "fx", "function": "go.temporal.io/server/service.initPersistenceLazyLoadedServiceResolver()", "module": "", "logging-call-at": "/Users/shivamsaraf/Desktop/work/temporal/common/log/with_logger.go:37"}
2025-05-05T16:56:31.428-0400	info	Initialized service resolver for persistence rate limiting	{"host": "127.0.0.1:54942", "service": "frontend", "service": "frontend", "logging-call-at": "/Users/shivamsaraf/Desktop/work/temporal/common/log/with_logger.go:42"}
2025-05-05T16:56:31.428-0400	debug	invoking	{"host": "127.0.0.1:54942", "component": "fx", "function": "go.temporal.io/server/service/frontend.RegisterNexusHTTPHandler()", "module": "", "logging-call-at": "/Users/shivamsaraf/Desktop/work/temporal/common/log/with_logger.go:37"}
2025-05-05T16:56:31.428-0400	debug	invoking	{"host": "127.0.0.1:54942", "component": "fx", "function": "go.temporal.io/server/service/frontend.RegisterOpenAPIHTTPHandler()", "module": "", "logging-call-at": "/Users/shivamsaraf/Desktop/work/temporal/common/log/with_logger.go:37"}
2025-05-05T16:56:31.428-0400	debug	invoking	{"host": "127.0.0.1:54942", "component": "fx", "function": "go.temporal.io/server/service/frontend.ServiceLifetimeHooks()", "module": "", "logging-call-at": "/Users/shivamsaraf/Desktop/work/temporal/common/log/with_logger.go:37"}
2025-05-05T16:56:31.428-0400	info	Created gRPC listener	{"host": "127.0.0.1:54942", "service": "frontend", "address": "127.0.0.1:54942", "logging-call-at": "/Users/shivamsaraf/Desktop/work/temporal/common/log/with_logger.go:42"}
2025-05-05T16:56:31.428-0400	info	creating new visibility manager	{"host": "127.0.0.1:54942", "visibility_plugin_name": "sqlite", "visibility_index_name": "test_0505205631_frt", "logging-call-at": "/Users/shivamsaraf/Desktop/work/temporal/common/log/with_logger.go:42"}
2025-05-05T16:56:31.429-0400	debug	invoking	{"host": "127.0.0.1:54942", "component": "fx", "function": "go.temporal.io/server/service/frontend.EndpointRegistryLifetimeHooks()", "module": "", "logging-call-at": "/Users/shivamsaraf/Desktop/work/temporal/common/log/with_logger.go:37"}
2025-05-05T16:56:31.429-0400	debug	invoking	{"host": "127.0.0.1:54942", "component": "fx", "function": "reflect.makeFuncStub()", "module": "", "logging-call-at": "/Users/shivamsaraf/Desktop/work/temporal/common/log/with_logger.go:37"}
2025-05-05T16:56:31.429-0400	debug	OnStart hook executing	{"host": "127.0.0.1:54942", "component": "fx", "callee": "go.temporal.io/server/common/dynamicconfig.(*Collection).Start-fm()", "caller": "go.temporal.io/server/common/dynamicconfig.init.func1", "logging-call-at": "/Users/shivamsaraf/Desktop/work/temporal/common/log/with_logger.go:37"}
2025-05-05T16:56:31.429-0400	debug	OnStart hook executed	{"host": "127.0.0.1:54942", "component": "fx", "callee": "go.temporal.io/server/common/dynamicconfig.(*Collection).Start-fm()", "caller": "go.temporal.io/server/common/dynamicconfig.init.func1", "runtime": "10.042µs", "logging-call-at": "/Users/shivamsaraf/Desktop/work/temporal/common/log/with_logger.go:37"}
2025-05-05T16:56:31.429-0400	debug	OnStart hook executing	{"host": "127.0.0.1:54942", "component": "fx", "callee": "go.temporal.io/server/temporal.init.func1.2()", "caller": "go.temporal.io/server/temporal.init.func1", "logging-call-at": "/Users/shivamsaraf/Desktop/work/temporal/common/log/with_logger.go:37"}
2025-05-05T16:56:31.429-0400	debug	OnStart hook executed	{"host": "127.0.0.1:54942", "component": "fx", "callee": "go.temporal.io/server/temporal.init.func1.2()", "caller": "go.temporal.io/server/temporal.init.func1", "runtime": "2.875µs", "logging-call-at": "/Users/shivamsaraf/Desktop/work/temporal/common/log/with_logger.go:37"}
2025-05-05T16:56:31.429-0400	debug	OnStart hook executing	{"host": "127.0.0.1:54942", "component": "fx", "callee": "go.temporal.io/server/common/cluster.MetadataLifetimeHooks.func1()", "caller": "go.temporal.io/server/common/cluster.MetadataLifetimeHooks", "logging-call-at": "/Users/shivamsaraf/Desktop/work/temporal/common/log/with_logger.go:37"}
2025-05-05T16:56:31.429-0400	debug	OnStart hook executed	{"host": "127.0.0.1:54942", "component": "fx", "callee": "go.temporal.io/server/common/cluster.MetadataLifetimeHooks.func1()", "caller": "go.temporal.io/server/common/cluster.MetadataLifetimeHooks", "runtime": "56.334µs", "logging-call-at": "/Users/shivamsaraf/Desktop/work/temporal/common/log/with_logger.go:37"}
2025-05-05T16:56:31.429-0400	debug	OnStart hook executing	{"host": "127.0.0.1:54942", "component": "fx", "callee": "go.temporal.io/server/common/namespace.Registry.Start-fm()", "caller": "go.temporal.io/server/common/namespace/nsregistry.RegistryLifetimeHooks", "logging-call-at": "/Users/shivamsaraf/Desktop/work/temporal/common/log/with_logger.go:37"}
2025-05-05T16:56:31.429-0400	debug	OnStart hook executed	{"host": "127.0.0.1:54942", "component": "fx", "callee": "go.temporal.io/server/common/namespace.Registry.Start-fm()", "caller": "go.temporal.io/server/common/namespace/nsregistry.RegistryLifetimeHooks", "runtime": "39.084µs", "logging-call-at": "/Users/shivamsaraf/Desktop/work/temporal/common/log/with_logger.go:37"}
2025-05-05T16:56:31.429-0400	debug	OnStart hook executing	{"host": "127.0.0.1:54942", "component": "fx", "callee": "go.temporal.io/server/common/metrics.RuntimeMetricsReporterLifetimeHooks.func1()", "caller": "go.temporal.io/server/common/metrics.RuntimeMetricsReporterLifetimeHooks", "logging-call-at": "/Users/shivamsaraf/Desktop/work/temporal/common/log/with_logger.go:37"}
2025-05-05T16:56:31.429-0400	info	RuntimeMetricsReporter started	{"host": "127.0.0.1:54942", "service": "frontend", "logging-call-at": "/Users/shivamsaraf/Desktop/work/temporal/common/log/with_logger.go:42"}
2025-05-05T16:56:31.429-0400	debug	OnStart hook executed	{"host": "127.0.0.1:54942", "component": "fx", "callee": "go.temporal.io/server/common/metrics.RuntimeMetricsReporterLifetimeHooks.func1()", "caller": "go.temporal.io/server/common/metrics.RuntimeMetricsReporterLifetimeHooks", "runtime": "62.917µs", "logging-call-at": "/Users/shivamsaraf/Desktop/work/temporal/common/log/with_logger.go:37"}
2025-05-05T16:56:31.429-0400	debug	OnStart hook executing	{"host": "127.0.0.1:54942", "component": "fx", "callee": "go.temporal.io/server/common/deadlock.(*deadlockDetector).Start-fm()", "caller": "go.temporal.io/server/common/deadlock.init.func1", "logging-call-at": "/Users/shivamsaraf/Desktop/work/temporal/common/log/with_logger.go:37"}
2025-05-05T16:56:31.429-0400	debug	OnStart hook executed	{"host": "127.0.0.1:54942", "component": "fx", "callee": "go.temporal.io/server/common/deadlock.(*deadlockDetector).Start-fm()", "caller": "go.temporal.io/server/common/deadlock.init.func1", "runtime": "4.417µs", "logging-call-at": "/Users/shivamsaraf/Desktop/work/temporal/common/log/with_logger.go:37"}
2025-05-05T16:56:31.429-0400	debug	OnStart hook executing	{"host": "127.0.0.1:54942", "component": "fx", "callee": "go.temporal.io/server/service/frontend.(*Service).Start-fm()", "caller": "go.temporal.io/server/service/frontend.ServiceLifetimeHooks", "logging-call-at": "/Users/shivamsaraf/Desktop/work/temporal/common/log/with_logger.go:37"}
2025-05-05T16:56:31.429-0400	info	frontend starting	{"host": "127.0.0.1:54942", "service": "frontend", "logging-call-at": "/Users/shivamsaraf/Desktop/work/temporal/common/log/with_logger.go:42"}
2025-05-05T16:56:31.429-0400	debug	OnStart hook executed	{"host": "127.0.0.1:54942", "component": "fx", "callee": "go.temporal.io/server/service/frontend.(*Service).Start-fm()", "caller": "go.temporal.io/server/service/frontend.ServiceLifetimeHooks", "runtime": "73.166µs", "logging-call-at": "/Users/shivamsaraf/Desktop/work/temporal/common/log/with_logger.go:37"}
2025-05-05T16:56:31.429-0400	debug	OnStart hook executing	{"host": "127.0.0.1:54942", "component": "fx", "callee": "go.temporal.io/server/common/nexus.EndpointRegistry.StartLifecycle-fm()", "caller": "go.temporal.io/server/service/frontend.EndpointRegistryLifetimeHooks", "logging-call-at": "/Users/shivamsaraf/Desktop/work/temporal/common/log/with_logger.go:37"}
2025-05-05T16:56:31.430-0400	debug	OnStart hook executed	{"host": "127.0.0.1:54942", "component": "fx", "callee": "go.temporal.io/server/common/nexus.EndpointRegistry.StartLifecycle-fm()", "caller": "go.temporal.io/server/service/frontend.EndpointRegistryLifetimeHooks", "runtime": "2.791µs", "logging-call-at": "/Users/shivamsaraf/Desktop/work/temporal/common/log/with_logger.go:37"}
2025-05-05T16:56:31.430-0400	info	Starting to serve on frontend listener	{"host": "127.0.0.1:54942", "service": "frontend", "logging-call-at": "/Users/shivamsaraf/Desktop/work/temporal/common/log/with_logger.go:42"}
2025-05-05T16:56:31.430-0400	info	Frontend is now healthy	{"host": "127.0.0.1:54942", "service": "frontend", "logging-call-at": "/Users/shivamsaraf/Desktop/work/temporal/common/log/with_logger.go:42"}
2025-05-05T16:56:31.430-0400	debug	started	{"host": "127.0.0.1:54942", "component": "fx", "logging-call-at": "/Users/shivamsaraf/Desktop/work/temporal/common/log/with_logger.go:37"}
2025-05-05T16:56:31.431-0400	debug	initialized custom fxevent.Logger	{"host": "127.0.0.1:54945", "component": "fx", "function": "go.temporal.io/server/temporal.init.func6()", "logging-call-at": "/Users/shivamsaraf/Desktop/work/temporal/common/log/with_logger.go:37"}
2025-05-05T16:56:31.431-0400	debug	invoking	{"host": "127.0.0.1:54945", "component": "fx", "function": "go.temporal.io/server/common/persistence/client.DataStoreFactoryLifetimeHooks()", "module": "", "logging-call-at": "/Users/shivamsaraf/Desktop/work/temporal/common/log/with_logger.go:37"}
2025-05-05T16:56:31.432-0400	debug	invoking	{"host": "127.0.0.1:54945", "component": "fx", "function": "go.temporal.io/server/common/cluster.MetadataLifetimeHooks()", "module": "", "logging-call-at": "/Users/shivamsaraf/Desktop/work/temporal/common/log/with_logger.go:37"}
2025-05-05T16:56:31.432-0400	info	Quota changed	{"host": "127.0.0.1:54945", "service": "worker", "component": "persistence", "scope": "host", "current-quota": null, "new-quota": 500, "logging-call-at": "/Users/shivamsaraf/Desktop/work/temporal/common/log/with_logger.go:42"}
2025-05-05T16:56:31.432-0400	debug	invoking	{"host": "127.0.0.1:54945", "component": "fx", "function": "go.temporal.io/server/common/namespace/nsregistry.RegistryLifetimeHooks()", "module": "", "logging-call-at": "/Users/shivamsaraf/Desktop/work/temporal/common/log/with_logger.go:37"}
2025-05-05T16:56:31.432-0400	debug	invoking	{"host": "127.0.0.1:54945", "component": "fx", "function": "go.temporal.io/server/common/metrics.RuntimeMetricsReporterLifetimeHooks()", "module": "", "logging-call-at": "/Users/shivamsaraf/Desktop/work/temporal/common/log/with_logger.go:37"}
2025-05-05T16:56:31.432-0400	debug	invoking	{"host": "127.0.0.1:54945", "component": "fx", "function": "go.temporal.io/server/common/resource.RegisterBootstrapContainer()", "module": "", "logging-call-at": "/Users/shivamsaraf/Desktop/work/temporal/common/log/with_logger.go:37"}
2025-05-05T16:56:31.432-0400	debug	invoking	{"host": "127.0.0.1:54945", "component": "fx", "function": "go.temporal.io/server/common/deadlock.init.func1()", "module": "", "logging-call-at": "/Users/shivamsaraf/Desktop/work/temporal/common/log/with_logger.go:37"}
2025-05-05T16:56:31.432-0400	debug	invoking	{"host": "127.0.0.1:54945", "component": "fx", "function": "go.temporal.io/server/service.initPersistenceLazyLoadedServiceResolver()", "module": "", "logging-call-at": "/Users/shivamsaraf/Desktop/work/temporal/common/log/with_logger.go:37"}
2025-05-05T16:56:31.432-0400	info	Initialized service resolver for persistence rate limiting	{"host": "127.0.0.1:54945", "service": "worker", "service": "worker", "logging-call-at": "/Users/shivamsaraf/Desktop/work/temporal/common/log/with_logger.go:42"}
2025-05-05T16:56:31.432-0400	debug	invoking	{"host": "127.0.0.1:54945", "component": "fx", "function": "go.temporal.io/server/service/worker.ServiceLifetimeHooks()", "module": "", "logging-call-at": "/Users/shivamsaraf/Desktop/work/temporal/common/log/with_logger.go:37"}
2025-05-05T16:56:31.432-0400	info	historyClient: ownership caching disabled	{"host": "127.0.0.1:54945", "service": "worker", "logging-call-at": "/Users/shivamsaraf/Desktop/work/temporal/common/log/with_logger.go:42"}
2025-05-05T16:56:31.432-0400	info	creating new visibility manager	{"host": "127.0.0.1:54945", "visibility_plugin_name": "sqlite", "visibility_index_name": "test_0505205631_frt", "logging-call-at": "/Users/shivamsaraf/Desktop/work/temporal/common/log/with_logger.go:42"}
2025-05-05T16:56:31.432-0400	debug	invoking	{"host": "127.0.0.1:54945", "component": "fx", "function": "reflect.makeFuncStub()", "module": "", "logging-call-at": "/Users/shivamsaraf/Desktop/work/temporal/common/log/with_logger.go:37"}
2025-05-05T16:56:31.432-0400	debug	OnStart hook executing	{"host": "127.0.0.1:54945", "component": "fx", "callee": "go.temporal.io/server/common/dynamicconfig.(*Collection).Start-fm()", "caller": "go.temporal.io/server/common/dynamicconfig.init.func1", "logging-call-at": "/Users/shivamsaraf/Desktop/work/temporal/common/log/with_logger.go:37"}
2025-05-05T16:56:31.432-0400	debug	OnStart hook executed	{"host": "127.0.0.1:54945", "component": "fx", "callee": "go.temporal.io/server/common/dynamicconfig.(*Collection).Start-fm()", "caller": "go.temporal.io/server/common/dynamicconfig.init.func1", "runtime": "5.292µs", "logging-call-at": "/Users/shivamsaraf/Desktop/work/temporal/common/log/with_logger.go:37"}
2025-05-05T16:56:31.432-0400	debug	OnStart hook executing	{"host": "127.0.0.1:54945", "component": "fx", "callee": "go.temporal.io/server/temporal.init.func1.2()", "caller": "go.temporal.io/server/temporal.init.func1", "logging-call-at": "/Users/shivamsaraf/Desktop/work/temporal/common/log/with_logger.go:37"}
2025-05-05T16:56:31.432-0400	debug	OnStart hook executed	{"host": "127.0.0.1:54945", "component": "fx", "callee": "go.temporal.io/server/temporal.init.func1.2()", "caller": "go.temporal.io/server/temporal.init.func1", "runtime": "83ns", "logging-call-at": "/Users/shivamsaraf/Desktop/work/temporal/common/log/with_logger.go:37"}
2025-05-05T16:56:31.432-0400	debug	OnStart hook executing	{"host": "127.0.0.1:54945", "component": "fx", "callee": "go.temporal.io/server/common/cluster.MetadataLifetimeHooks.func1()", "caller": "go.temporal.io/server/common/cluster.MetadataLifetimeHooks", "logging-call-at": "/Users/shivamsaraf/Desktop/work/temporal/common/log/with_logger.go:37"}
2025-05-05T16:56:31.432-0400	debug	OnStart hook executed	{"host": "127.0.0.1:54945", "component": "fx", "callee": "go.temporal.io/server/common/cluster.MetadataLifetimeHooks.func1()", "caller": "go.temporal.io/server/common/cluster.MetadataLifetimeHooks", "runtime": "41.5µs", "logging-call-at": "/Users/shivamsaraf/Desktop/work/temporal/common/log/with_logger.go:37"}
2025-05-05T16:56:31.432-0400	debug	OnStart hook executing	{"host": "127.0.0.1:54945", "component": "fx", "callee": "go.temporal.io/server/common/namespace.Registry.Start-fm()", "caller": "go.temporal.io/server/common/namespace/nsregistry.RegistryLifetimeHooks", "logging-call-at": "/Users/shivamsaraf/Desktop/work/temporal/common/log/with_logger.go:37"}
2025-05-05T16:56:31.432-0400	debug	OnStart hook executed	{"host": "127.0.0.1:54945", "component": "fx", "callee": "go.temporal.io/server/common/namespace.Registry.Start-fm()", "caller": "go.temporal.io/server/common/namespace/nsregistry.RegistryLifetimeHooks", "runtime": "34.666µs", "logging-call-at": "/Users/shivamsaraf/Desktop/work/temporal/common/log/with_logger.go:37"}
2025-05-05T16:56:31.432-0400	debug	OnStart hook executing	{"host": "127.0.0.1:54945", "component": "fx", "callee": "go.temporal.io/server/common/metrics.RuntimeMetricsReporterLifetimeHooks.func1()", "caller": "go.temporal.io/server/common/metrics.RuntimeMetricsReporterLifetimeHooks", "logging-call-at": "/Users/shivamsaraf/Desktop/work/temporal/common/log/with_logger.go:37"}
2025-05-05T16:56:31.433-0400	info	RuntimeMetricsReporter started	{"host": "127.0.0.1:54945", "service": "worker", "logging-call-at": "/Users/shivamsaraf/Desktop/work/temporal/common/log/with_logger.go:42"}
2025-05-05T16:56:31.433-0400	debug	OnStart hook executed	{"host": "127.0.0.1:54945", "component": "fx", "callee": "go.temporal.io/server/common/metrics.RuntimeMetricsReporterLifetimeHooks.func1()", "caller": "go.temporal.io/server/common/metrics.RuntimeMetricsReporterLifetimeHooks", "runtime": "60.208µs", "logging-call-at": "/Users/shivamsaraf/Desktop/work/temporal/common/log/with_logger.go:37"}
2025-05-05T16:56:31.433-0400	debug	OnStart hook executing	{"host": "127.0.0.1:54945", "component": "fx", "callee": "go.temporal.io/server/common/deadlock.(*deadlockDetector).Start-fm()", "caller": "go.temporal.io/server/common/deadlock.init.func1", "logging-call-at": "/Users/shivamsaraf/Desktop/work/temporal/common/log/with_logger.go:37"}
2025-05-05T16:56:31.433-0400	debug	OnStart hook executed	{"host": "127.0.0.1:54945", "component": "fx", "callee": "go.temporal.io/server/common/deadlock.(*deadlockDetector).Start-fm()", "caller": "go.temporal.io/server/common/deadlock.init.func1", "runtime": "3.667µs", "logging-call-at": "/Users/shivamsaraf/Desktop/work/temporal/common/log/with_logger.go:37"}
2025-05-05T16:56:31.433-0400	debug	OnStart hook executing	{"host": "127.0.0.1:54945", "component": "fx", "callee": "go.temporal.io/server/service/worker.(*Service).Start-fm()", "caller": "go.temporal.io/server/service/worker.ServiceLifetimeHooks", "logging-call-at": "/Users/shivamsaraf/Desktop/work/temporal/common/log/with_logger.go:37"}
2025-05-05T16:56:31.433-0400	info	worker starting	{"host": "127.0.0.1:54945", "service": "worker", "component": "worker", "logging-call-at": "/Users/shivamsaraf/Desktop/work/temporal/common/log/with_logger.go:42"}
2025-05-05T16:56:31.434-0400	debug	Frontend method invoked.	{"host": "127.0.0.1:54942", "wf-namespace": "", "operation": "GetSystemInfo", "server-name": "", "cert-thumbprint": "", "logging-call-at": "/Users/shivamsaraf/Desktop/work/temporal/common/log/with_logger.go:37"}
2025-05-05T16:56:31.434-0400	debug	Frontend method invoked.	{"host": "127.0.0.1:54942", "wf-namespace": "temporal-system", "operation": "DescribeNamespace", "server-name": "", "cert-thumbprint": "", "logging-call-at": "/Users/shivamsaraf/Desktop/work/temporal/common/log/with_logger.go:37"}
2025-05-05T16:56:31.435-0400	info	Quota changed	{"host": "127.0.0.1:54942", "service": "frontend", "component": "rpc-handler", "scope": "namespace", "wf-namespace": "temporal-system", "current-quota": null, "new-quota": 2400, "logging-call-at": "/Users/shivamsaraf/Desktop/work/temporal/common/log/with_logger.go:42"}
2025-05-05T16:56:31.435-0400	info	Quota changed	{"host": "127.0.0.1:54942", "service": "frontend", "component": "visibility-handler", "scope": "namespace", "wf-namespace": "temporal-system", "current-quota": null, "new-quota": 50, "logging-call-at": "/Users/shivamsaraf/Desktop/work/temporal/common/log/with_logger.go:42"}
2025-05-05T16:56:31.435-0400	info	Quota changed	{"host": "127.0.0.1:54942", "service": "frontend", "component": "namespace-replication", "scope": "namespace", "wf-namespace": "temporal-system", "current-quota": null, "new-quota": 1000, "logging-call-at": "/Users/shivamsaraf/Desktop/work/temporal/common/log/with_logger.go:42"}
2025-05-05T16:56:31.435-0400	info	Quota changed	{"host": "127.0.0.1:54942", "service": "frontend", "component": "persistence", "scope": "namespace", "wf-namespace": "temporal-system", "current-quota": null, "new-quota": 0, "logging-call-at": "/Users/shivamsaraf/Desktop/work/temporal/common/log/with_logger.go:42"}
2025-05-05T16:56:31.435-0400	debug	Frontend method invoked.	{"host": "127.0.0.1:54942", "wf-namespace": "temporal-system", "operation": "DescribeNamespace", "server-name": "", "cert-thumbprint": "", "logging-call-at": "/Users/shivamsaraf/Desktop/work/temporal/common/log/with_logger.go:37"}
2025-05-05T16:56:31.435-0400	info	Started Worker	{"host": "127.0.0.1:54945", "Namespace": "temporal-system", "TaskQueue": "temporal-sys-processor-parent-close-policy", "WorkerID": "temporal-system@127.0.0.1:54945", "logging-call-at": "/Users/shivamsaraf/Desktop/work/temporal/common/log/with_logger.go:42"}
2025-05-05T16:56:31.435-0400	debug	Frontend method invoked.	{"host": "127.0.0.1:54942", "wf-namespace": "temporal-system", "operation": "PollWorkflowTaskQueue", "server-name": "", "cert-thumbprint": "", "logging-call-at": "/Users/shivamsaraf/Desktop/work/temporal/common/log/with_logger.go:37"}
2025-05-05T16:56:31.435-0400	info	Quota changed	{"host": "127.0.0.1:54942", "service": "frontend", "component": "long-poll-handler", "scope": "namespace", "wf-namespace": "temporal-system", "current-quota": null, "new-quota": 1200, "logging-call-at": "/Users/shivamsaraf/Desktop/work/temporal/common/log/with_logger.go:42"}
2025-05-05T16:56:31.435-0400	debug	Received PollWorkflowTaskQueue	{"host": "127.0.0.1:54942", "service": "frontend", "logging-call-at": "/Users/shivamsaraf/Desktop/work/temporal/common/log/with_logger.go:37"}
2025-05-05T16:56:31.435-0400	debug	Poll workflow task queue.	{"host": "127.0.0.1:54942", "service": "frontend", "wf-namespace": "temporal-system", "wf-namespace-id": "32049b68-7872-4094-8e63-d0dd59896a83", "logging-call-at": "/Users/shivamsaraf/Desktop/work/temporal/common/log/with_logger.go:37"}
2025-05-05T16:56:31.435-0400	debug	Frontend method invoked.	{"host": "127.0.0.1:54942", "wf-namespace": "temporal-system", "operation": "PollActivityTaskQueue", "server-name": "", "cert-thumbprint": "", "logging-call-at": "/Users/shivamsaraf/Desktop/work/temporal/common/log/with_logger.go:37"}
2025-05-05T16:56:31.436-0400	debug	Received PollActivityTaskQueue	{"host": "127.0.0.1:54942", "service": "frontend", "logging-call-at": "/Users/shivamsaraf/Desktop/work/temporal/common/log/with_logger.go:37"}
2025-05-05T16:56:31.436-0400	info	Started physicalTaskQueueManager	{"host": "127.0.0.1:54943", "component": "matching-engine", "wf-task-queue-name": "Shivams-MacBook-Pro.local:53d9434c-9ca0-4c1d-b173-3a9e94b4e90b", "wf-task-queue-type": "Workflow", "wf-namespace": "temporal-system", "worker-build-id": "_unversioned_", "lifecycle": "Started", "cause": "Poll", "logging-call-at": "/Users/shivamsaraf/Desktop/work/temporal/common/log/with_logger.go:42"}
2025-05-05T16:56:31.436-0400	info	Quota changed	{"host": "127.0.0.1:54943", "service": "matching", "component": "persistence", "scope": "namespace", "wf-namespace": "temporal-system", "current-quota": null, "new-quota": 0, "logging-call-at": "/Users/shivamsaraf/Desktop/work/temporal/common/log/with_logger.go:42"}
2025-05-05T16:56:31.436-0400	info	Started physicalTaskQueueManager	{"host": "127.0.0.1:54943", "component": "matching-engine", "wf-task-queue-name": "temporal-sys-processor-parent-close-policy", "wf-task-queue-type": "Activity", "wf-namespace": "temporal-system", "worker-build-id": "_unversioned_", "lifecycle": "Started", "cause": "Poll", "logging-call-at": "/Users/shivamsaraf/Desktop/work/temporal/common/log/with_logger.go:42"}
2025-05-05T16:56:31.436-0400	debug	Frontend method invoked.	{"host": "127.0.0.1:54942", "wf-namespace": "temporal-system", "operation": "DescribeNamespace", "server-name": "", "cert-thumbprint": "", "logging-call-at": "/Users/shivamsaraf/Desktop/work/temporal/common/log/with_logger.go:37"}
2025-05-05T16:56:31.436-0400	debug	Frontend method invoked.	{"host": "127.0.0.1:54942", "wf-namespace": "temporal-system", "operation": "PollWorkflowTaskQueue", "server-name": "", "cert-thumbprint": "", "logging-call-at": "/Users/shivamsaraf/Desktop/work/temporal/common/log/with_logger.go:37"}
2025-05-05T16:56:31.436-0400	debug	Received PollWorkflowTaskQueue	{"host": "127.0.0.1:54942", "service": "frontend", "logging-call-at": "/Users/shivamsaraf/Desktop/work/temporal/common/log/with_logger.go:37"}
2025-05-05T16:56:31.436-0400	debug	Poll workflow task queue.	{"host": "127.0.0.1:54942", "service": "frontend", "wf-namespace": "temporal-system", "wf-namespace-id": "32049b68-7872-4094-8e63-d0dd59896a83", "logging-call-at": "/Users/shivamsaraf/Desktop/work/temporal/common/log/with_logger.go:37"}
2025-05-05T16:56:31.436-0400	debug	Frontend method invoked.	{"host": "127.0.0.1:54942", "wf-namespace": "temporal-system", "operation": "DescribeNamespace", "server-name": "", "cert-thumbprint": "", "logging-call-at": "/Users/shivamsaraf/Desktop/work/temporal/common/log/with_logger.go:37"}
2025-05-05T16:56:31.436-0400	debug	Frontend method invoked.	{"host": "127.0.0.1:54942", "wf-namespace": "temporal-system", "operation": "PollWorkflowTaskQueue", "server-name": "", "cert-thumbprint": "", "logging-call-at": "/Users/shivamsaraf/Desktop/work/temporal/common/log/with_logger.go:37"}
2025-05-05T16:56:31.436-0400	debug	Received PollWorkflowTaskQueue	{"host": "127.0.0.1:54942", "service": "frontend", "logging-call-at": "/Users/shivamsaraf/Desktop/work/temporal/common/log/with_logger.go:37"}
2025-05-05T16:56:31.436-0400	debug	Poll workflow task queue.	{"host": "127.0.0.1:54942", "service": "frontend", "wf-namespace": "temporal-system", "wf-namespace-id": "32049b68-7872-4094-8e63-d0dd59896a83", "logging-call-at": "/Users/shivamsaraf/Desktop/work/temporal/common/log/with_logger.go:37"}
2025-05-05T16:56:31.436-0400	debug	Frontend method invoked.	{"host": "127.0.0.1:54942", "wf-namespace": "temporal-system", "operation": "PollActivityTaskQueue", "server-name": "", "cert-thumbprint": "", "logging-call-at": "/Users/shivamsaraf/Desktop/work/temporal/common/log/with_logger.go:37"}
2025-05-05T16:56:31.437-0400	info	Started physicalTaskQueueManager	{"host": "127.0.0.1:54943", "component": "matching-engine", "wf-task-queue-name": "/_sys/temporal-sys-processor-parent-close-policy/1", "wf-task-queue-type": "Activity", "wf-namespace": "temporal-system", "worker-build-id": "_unversioned_", "lifecycle": "Started", "cause": "Force", "logging-call-at": "/Users/shivamsaraf/Desktop/work/temporal/common/log/with_logger.go:42"}
2025-05-05T16:56:31.437-0400	info	Started physicalTaskQueueManager	{"host": "127.0.0.1:54943", "component": "matching-engine", "wf-task-queue-name": "temporal-sys-processor-parent-close-policy", "wf-task-queue-type": "Workflow", "wf-namespace": "temporal-system", "worker-build-id": "_unversioned_", "lifecycle": "Started", "cause": "UserData", "logging-call-at": "/Users/shivamsaraf/Desktop/work/temporal/common/log/with_logger.go:42"}
2025-05-05T16:56:31.437-0400	info	Started physicalTaskQueueManager	{"host": "127.0.0.1:54943", "component": "matching-engine", "wf-task-queue-name": "/_sys/temporal-sys-processor-parent-close-policy/3", "wf-task-queue-type": "Activity", "wf-namespace": "temporal-system", "worker-build-id": "_unversioned_", "lifecycle": "Started", "cause": "Force", "logging-call-at": "/Users/shivamsaraf/Desktop/work/temporal/common/log/with_logger.go:42"}
2025-05-05T16:56:31.437-0400	debug	Received PollActivityTaskQueue	{"host": "127.0.0.1:54942", "service": "frontend", "logging-call-at": "/Users/shivamsaraf/Desktop/work/temporal/common/log/with_logger.go:37"}
2025-05-05T16:56:31.437-0400	info	Started physicalTaskQueueManager	{"host": "127.0.0.1:54943", "component": "matching-engine", "wf-task-queue-name": "/_sys/temporal-sys-processor-parent-close-policy/2", "wf-task-queue-type": "Activity", "wf-namespace": "temporal-system", "worker-build-id": "_unversioned_", "lifecycle": "Started", "cause": "Force", "logging-call-at": "/Users/shivamsaraf/Desktop/work/temporal/common/log/with_logger.go:42"}
2025-05-05T16:56:31.437-0400	info	Started physicalTaskQueueManager	{"host": "127.0.0.1:54943", "component": "matching-engine", "wf-task-queue-name": "Shivams-MacBook-Pro.local:2dcf1531-3571-4d59-941c-7c37b4c33b77", "wf-task-queue-type": "Workflow", "wf-namespace": "temporal-system", "worker-build-id": "_unversioned_", "lifecycle": "Started", "cause": "Poll", "logging-call-at": "/Users/shivamsaraf/Desktop/work/temporal/common/log/with_logger.go:42"}
2025-05-05T16:56:31.437-0400	info	Started physicalTaskQueueManager	{"host": "127.0.0.1:54943", "component": "matching-engine", "wf-task-queue-name": "/_sys/temporal-sys-processor-parent-close-policy/1", "wf-task-queue-type": "Workflow", "wf-namespace": "temporal-system", "worker-build-id": "_unversioned_", "lifecycle": "Started", "cause": "Poll", "logging-call-at": "/Users/shivamsaraf/Desktop/work/temporal/common/log/with_logger.go:42"}
2025-05-05T16:56:31.437-0400	info	Started Worker	{"host": "127.0.0.1:54945", "Namespace": "temporal-system", "TaskQueue": "default-worker-tq", "WorkerID": "temporal-system@Shivams-MacBook-Pro.local", "logging-call-at": "/Users/shivamsaraf/Desktop/work/temporal/common/log/with_logger.go:42"}
2025-05-05T16:56:31.437-0400	info	Started physicalTaskQueueManager	{"host": "127.0.0.1:54943", "component": "matching-engine", "wf-task-queue-name": "/_sys/temporal-sys-processor-parent-close-policy/3", "wf-task-queue-type": "Workflow", "wf-namespace": "temporal-system", "worker-build-id": "_unversioned_", "lifecycle": "Started", "cause": "Force", "logging-call-at": "/Users/shivamsaraf/Desktop/work/temporal/common/log/with_logger.go:42"}
2025-05-05T16:56:31.437-0400	debug	Frontend method invoked.	{"host": "127.0.0.1:54942", "wf-namespace": "temporal-system", "operation": "PollActivityTaskQueue", "server-name": "", "cert-thumbprint": "", "logging-call-at": "/Users/shivamsaraf/Desktop/work/temporal/common/log/with_logger.go:37"}
2025-05-05T16:56:31.437-0400	debug	Frontend method invoked.	{"host": "127.0.0.1:54942", "wf-namespace": "temporal-system", "operation": "DescribeNamespace", "server-name": "", "cert-thumbprint": "", "logging-call-at": "/Users/shivamsaraf/Desktop/work/temporal/common/log/with_logger.go:37"}
2025-05-05T16:56:31.437-0400	debug	Frontend method invoked.	{"host": "127.0.0.1:54942", "wf-namespace": "temporal-system", "operation": "PollWorkflowTaskQueue", "server-name": "", "cert-thumbprint": "", "logging-call-at": "/Users/shivamsaraf/Desktop/work/temporal/common/log/with_logger.go:37"}
2025-05-05T16:56:31.437-0400	debug	Received PollActivityTaskQueue	{"host": "127.0.0.1:54942", "service": "frontend", "logging-call-at": "/Users/shivamsaraf/Desktop/work/temporal/common/log/with_logger.go:37"}
2025-05-05T16:56:31.437-0400	info	Started physicalTaskQueueManager	{"host": "127.0.0.1:54943", "component": "matching-engine", "wf-task-queue-name": "/_sys/temporal-sys-processor-parent-close-policy/2", "wf-task-queue-type": "Workflow", "wf-namespace": "temporal-system", "worker-build-id": "_unversioned_", "lifecycle": "Started", "cause": "Force", "logging-call-at": "/Users/shivamsaraf/Desktop/work/temporal/common/log/with_logger.go:42"}
2025-05-05T16:56:31.437-0400	debug	Received PollWorkflowTaskQueue	{"host": "127.0.0.1:54942", "service": "frontend", "logging-call-at": "/Users/shivamsaraf/Desktop/work/temporal/common/log/with_logger.go:37"}
2025-05-05T16:56:31.437-0400	debug	Poll workflow task queue.	{"host": "127.0.0.1:54942", "service": "frontend", "wf-namespace": "temporal-system", "wf-namespace-id": "32049b68-7872-4094-8e63-d0dd59896a83", "logging-call-at": "/Users/shivamsaraf/Desktop/work/temporal/common/log/with_logger.go:37"}
2025-05-05T16:56:31.437-0400	info	loaded user data from db	{"host": "127.0.0.1:54943", "component": "matching-engine", "wf-task-queue-name": "temporal-sys-processor-parent-close-policy", "wf-task-queue-type": "Workflow", "wf-namespace": "temporal-system", "user-data-version": 0, "timestamp": "1970-01-01T00:00:00.000Z", "logging-call-at": "/Users/shivamsaraf/Desktop/work/temporal/common/log/with_logger.go:42"}
2025-05-05T16:56:31.437-0400	info	Started physicalTaskQueueManager	{"host": "127.0.0.1:54943", "component": "matching-engine", "wf-task-queue-name": "default-worker-tq", "wf-task-queue-type": "Workflow", "wf-namespace": "temporal-system", "worker-build-id": "_unversioned_", "lifecycle": "Started", "cause": "UserData", "logging-call-at": "/Users/shivamsaraf/Desktop/work/temporal/common/log/with_logger.go:42"}
2025-05-05T16:56:31.438-0400	debug	returning empty user data (no data)	{"host": "127.0.0.1:54943", "component": "matching-engine", "wf-task-queue-name": "temporal-sys-processor-parent-close-policy", "wf-task-queue-type": "Workflow", "wf-namespace": "temporal-system", "long-poll": false, "logging-call-at": "/Users/shivamsaraf/Desktop/work/temporal/common/log/with_logger.go:37"}
2025-05-05T16:56:31.438-0400	debug	returning empty user data (no data)	{"host": "127.0.0.1:54943", "component": "matching-engine", "wf-task-queue-name": "temporal-sys-processor-parent-close-policy", "wf-task-queue-type": "Workflow", "wf-namespace": "temporal-system", "long-poll": false, "logging-call-at": "/Users/shivamsaraf/Desktop/work/temporal/common/log/with_logger.go:37"}
2025-05-05T16:56:31.438-0400	debug	returning empty user data (no data)	{"host": "127.0.0.1:54943", "component": "matching-engine", "wf-task-queue-name": "temporal-sys-processor-parent-close-policy", "wf-task-queue-type": "Workflow", "wf-namespace": "temporal-system", "long-poll": false, "logging-call-at": "/Users/shivamsaraf/Desktop/work/temporal/common/log/with_logger.go:37"}
2025-05-05T16:56:31.438-0400	debug	returning empty user data (no data)	{"host": "127.0.0.1:54943", "component": "matching-engine", "wf-task-queue-name": "temporal-sys-processor-parent-close-policy", "wf-task-queue-type": "Workflow", "wf-namespace": "temporal-system", "long-poll": false, "logging-call-at": "/Users/shivamsaraf/Desktop/work/temporal/common/log/with_logger.go:37"}
2025-05-05T16:56:31.438-0400	debug	returning empty user data (no data)	{"host": "127.0.0.1:54943", "component": "matching-engine", "wf-task-queue-name": "temporal-sys-processor-parent-close-policy", "wf-task-queue-type": "Workflow", "wf-namespace": "temporal-system", "long-poll": false, "logging-call-at": "/Users/shivamsaraf/Desktop/work/temporal/common/log/with_logger.go:37"}
2025-05-05T16:56:31.438-0400	debug	returning empty user data (no data)	{"host": "127.0.0.1:54943", "component": "matching-engine", "wf-task-queue-name": "temporal-sys-processor-parent-close-policy", "wf-task-queue-type": "Workflow", "wf-namespace": "temporal-system", "long-poll": false, "logging-call-at": "/Users/shivamsaraf/Desktop/work/temporal/common/log/with_logger.go:37"}
2025-05-05T16:56:31.438-0400	info	Started physicalTaskQueueManager	{"host": "127.0.0.1:54943", "component": "matching-engine", "wf-task-queue-name": "/_sys/default-worker-tq/3", "wf-task-queue-type": "Workflow", "wf-namespace": "temporal-system", "worker-build-id": "_unversioned_", "lifecycle": "Started", "cause": "Poll", "logging-call-at": "/Users/shivamsaraf/Desktop/work/temporal/common/log/with_logger.go:42"}
2025-05-05T16:56:31.438-0400	info	loaded user data from db	{"host": "127.0.0.1:54943", "component": "matching-engine", "wf-task-queue-name": "default-worker-tq", "wf-task-queue-type": "Workflow", "wf-namespace": "temporal-system", "user-data-version": 0, "timestamp": "1970-01-01T00:00:00.000Z", "logging-call-at": "/Users/shivamsaraf/Desktop/work/temporal/common/log/with_logger.go:42"}
2025-05-05T16:56:31.438-0400	info	Started Worker	{"host": "127.0.0.1:54945", "Namespace": "temporal-system", "TaskQueue": "temporal-sys-dlq-activity-tq", "WorkerID": "temporal-system@Shivams-MacBook-Pro.local", "logging-call-at": "/Users/shivamsaraf/Desktop/work/temporal/common/log/with_logger.go:42"}
2025-05-05T16:56:31.438-0400	debug	Frontend method invoked.	{"host": "127.0.0.1:54942", "wf-namespace": "temporal-system", "operation": "PollActivityTaskQueue", "server-name": "", "cert-thumbprint": "", "logging-call-at": "/Users/shivamsaraf/Desktop/work/temporal/common/log/with_logger.go:37"}
2025-05-05T16:56:31.438-0400	debug	returning empty user data (no data)	{"host": "127.0.0.1:54943", "component": "matching-engine", "wf-task-queue-name": "default-worker-tq", "wf-task-queue-type": "Workflow", "wf-namespace": "temporal-system", "long-poll": false, "logging-call-at": "/Users/shivamsaraf/Desktop/work/temporal/common/log/with_logger.go:37"}
2025-05-05T16:56:31.438-0400	info	Started physicalTaskQueueManager	{"host": "127.0.0.1:54943", "component": "matching-engine", "wf-task-queue-name": "/_sys/default-worker-tq/1", "wf-task-queue-type": "Activity", "wf-namespace": "temporal-system", "worker-build-id": "_unversioned_", "lifecycle": "Started", "cause": "Poll", "logging-call-at": "/Users/shivamsaraf/Desktop/work/temporal/common/log/with_logger.go:42"}
2025-05-05T16:56:31.438-0400	debug	returning empty user data (no data)	{"host": "127.0.0.1:54943", "component": "matching-engine", "wf-task-queue-name": "temporal-sys-processor-parent-close-policy", "wf-task-queue-type": "Workflow", "wf-namespace": "temporal-system", "long-poll": false, "logging-call-at": "/Users/shivamsaraf/Desktop/work/temporal/common/log/with_logger.go:37"}
2025-05-05T16:56:31.438-0400	debug	Received PollActivityTaskQueue	{"host": "127.0.0.1:54942", "service": "frontend", "logging-call-at": "/Users/shivamsaraf/Desktop/work/temporal/common/log/with_logger.go:37"}
2025-05-05T16:56:31.438-0400	info	Started physicalTaskQueueManager	{"host": "127.0.0.1:54943", "component": "matching-engine", "wf-task-queue-name": "/_sys/default-worker-tq/2", "wf-task-queue-type": "Workflow", "wf-namespace": "temporal-system", "worker-build-id": "_unversioned_", "lifecycle": "Started", "cause": "Force", "logging-call-at": "/Users/shivamsaraf/Desktop/work/temporal/common/log/with_logger.go:42"}
2025-05-05T16:56:31.438-0400	debug	returning empty user data (no data)	{"host": "127.0.0.1:54943", "component": "matching-engine", "wf-task-queue-name": "temporal-sys-processor-parent-close-policy", "wf-task-queue-type": "Workflow", "wf-namespace": "temporal-system", "long-poll": false, "logging-call-at": "/Users/shivamsaraf/Desktop/work/temporal/common/log/with_logger.go:37"}
2025-05-05T16:56:31.438-0400	debug	Frontend method invoked.	{"host": "127.0.0.1:54942", "wf-namespace": "temporal-system", "operation": "PollActivityTaskQueue", "server-name": "", "cert-thumbprint": "", "logging-call-at": "/Users/shivamsaraf/Desktop/work/temporal/common/log/with_logger.go:37"}
2025-05-05T16:56:31.438-0400	debug	fetched user data from parent, no change	{"host": "127.0.0.1:54943", "component": "matching-engine", "wf-task-queue-name": "/_sys/temporal-sys-processor-parent-close-policy/2", "wf-task-queue-type": "Activity", "wf-namespace": "temporal-system", "logging-call-at": "/Users/shivamsaraf/Desktop/work/temporal/common/log/with_logger.go:37"}
2025-05-05T16:56:31.438-0400	info	Started physicalTaskQueueManager	{"host": "127.0.0.1:54943", "component": "matching-engine", "wf-task-queue-name": "/_sys/default-worker-tq/1", "wf-task-queue-type": "Workflow", "wf-namespace": "temporal-system", "worker-build-id": "_unversioned_", "lifecycle": "Started", "cause": "Force", "logging-call-at": "/Users/shivamsaraf/Desktop/work/temporal/common/log/with_logger.go:42"}
2025-05-05T16:56:31.438-0400	debug	Received PollActivityTaskQueue	{"host": "127.0.0.1:54942", "service": "frontend", "logging-call-at": "/Users/shivamsaraf/Desktop/work/temporal/common/log/with_logger.go:37"}
2025-05-05T16:56:31.438-0400	debug	fetched user data from parent, no change	{"host": "127.0.0.1:54943", "component": "matching-engine", "wf-task-queue-name": "/_sys/temporal-sys-processor-parent-close-policy/3", "wf-task-queue-type": "Workflow", "wf-namespace": "temporal-system", "logging-call-at": "/Users/shivamsaraf/Desktop/work/temporal/common/log/with_logger.go:37"}
2025-05-05T16:56:31.438-0400	debug	fetched user data from parent, no change	{"host": "127.0.0.1:54943", "component": "matching-engine", "wf-task-queue-name": "/_sys/temporal-sys-processor-parent-close-policy/1", "wf-task-queue-type": "Activity", "wf-namespace": "temporal-system", "logging-call-at": "/Users/shivamsaraf/Desktop/work/temporal/common/log/with_logger.go:37"}
2025-05-05T16:56:31.438-0400	info	Started physicalTaskQueueManager	{"host": "127.0.0.1:54943", "component": "matching-engine", "wf-task-queue-name": "/_sys/temporal-sys-dlq-activity-tq/3", "wf-task-queue-type": "Activity", "wf-namespace": "temporal-system", "worker-build-id": "_unversioned_", "lifecycle": "Started", "cause": "Poll", "logging-call-at": "/Users/shivamsaraf/Desktop/work/temporal/common/log/with_logger.go:42"}
2025-05-05T16:56:31.438-0400	debug	fetched user data from parent, no change	{"host": "127.0.0.1:54943", "component": "matching-engine", "wf-task-queue-name": "Shivams-MacBook-Pro.local:53d9434c-9ca0-4c1d-b173-3a9e94b4e90b", "wf-task-queue-type": "Workflow", "wf-namespace": "temporal-system", "logging-call-at": "/Users/shivamsaraf/Desktop/work/temporal/common/log/with_logger.go:37"}
2025-05-05T16:56:31.438-0400	debug	fetched user data from parent, no change	{"host": "127.0.0.1:54943", "component": "matching-engine", "wf-task-queue-name": "/_sys/temporal-sys-processor-parent-close-policy/3", "wf-task-queue-type": "Activity", "wf-namespace": "temporal-system", "logging-call-at": "/Users/shivamsaraf/Desktop/work/temporal/common/log/with_logger.go:37"}
2025-05-05T16:56:31.438-0400	debug	Frontend method invoked.	{"host": "127.0.0.1:54942", "wf-namespace": "temporal-system", "operation": "PollWorkflowTaskQueue", "server-name": "", "cert-thumbprint": "", "logging-call-at": "/Users/shivamsaraf/Desktop/work/temporal/common/log/with_logger.go:37"}
2025-05-05T16:56:31.438-0400	debug	fetched user data from parent, no change	{"host": "127.0.0.1:54943", "component": "matching-engine", "wf-task-queue-name": "/_sys/temporal-sys-processor-parent-close-policy/1", "wf-task-queue-type": "Workflow", "wf-namespace": "temporal-system", "logging-call-at": "/Users/shivamsaraf/Desktop/work/temporal/common/log/with_logger.go:37"}
2025-05-05T16:56:31.438-0400	debug	fetched user data from parent, no change	{"host": "127.0.0.1:54943", "component": "matching-engine", "wf-task-queue-name": "temporal-sys-processor-parent-close-policy", "wf-task-queue-type": "Activity", "wf-namespace": "temporal-system", "logging-call-at": "/Users/shivamsaraf/Desktop/work/temporal/common/log/with_logger.go:37"}
2025-05-05T16:56:31.438-0400	debug	Received PollWorkflowTaskQueue	{"host": "127.0.0.1:54942", "service": "frontend", "logging-call-at": "/Users/shivamsaraf/Desktop/work/temporal/common/log/with_logger.go:37"}
2025-05-05T16:56:31.438-0400	debug	Poll workflow task queue.	{"host": "127.0.0.1:54942", "service": "frontend", "wf-namespace": "temporal-system", "wf-namespace-id": "32049b68-7872-4094-8e63-d0dd59896a83", "logging-call-at": "/Users/shivamsaraf/Desktop/work/temporal/common/log/with_logger.go:37"}
2025-05-05T16:56:31.438-0400	debug	fetched user data from parent, no change	{"host": "127.0.0.1:54943", "component": "matching-engine", "wf-task-queue-name": "/_sys/temporal-sys-processor-parent-close-policy/2", "wf-task-queue-type": "Workflow", "wf-namespace": "temporal-system", "logging-call-at": "/Users/shivamsaraf/Desktop/work/temporal/common/log/with_logger.go:37"}
2025-05-05T16:56:31.438-0400	info	Started physicalTaskQueueManager	{"host": "127.0.0.1:54943", "component": "matching-engine", "wf-task-queue-name": "/_sys/default-worker-tq/2", "wf-task-queue-type": "Activity", "wf-namespace": "temporal-system", "worker-build-id": "_unversioned_", "lifecycle": "Started", "cause": "Poll", "logging-call-at": "/Users/shivamsaraf/Desktop/work/temporal/common/log/with_logger.go:42"}
2025-05-05T16:56:31.439-0400	debug	fetched user data from parent, no change	{"host": "127.0.0.1:54943", "component": "matching-engine", "wf-task-queue-name": "Shivams-MacBook-Pro.local:2dcf1531-3571-4d59-941c-7c37b4c33b77", "wf-task-queue-type": "Workflow", "wf-namespace": "temporal-system", "logging-call-at": "/Users/shivamsaraf/Desktop/work/temporal/common/log/with_logger.go:37"}
2025-05-05T16:56:31.439-0400	debug	Frontend method invoked.	{"host": "127.0.0.1:54942", "wf-namespace": "temporal-system", "operation": "DescribeNamespace", "server-name": "", "cert-thumbprint": "", "logging-call-at": "/Users/shivamsaraf/Desktop/work/temporal/common/log/with_logger.go:37"}
2025-05-05T16:56:31.439-0400	debug	Frontend method invoked.	{"host": "127.0.0.1:54942", "wf-namespace": "temporal-system", "operation": "PollActivityTaskQueue", "server-name": "", "cert-thumbprint": "", "logging-call-at": "/Users/shivamsaraf/Desktop/work/temporal/common/log/with_logger.go:37"}
2025-05-05T16:56:31.439-0400	debug	Received PollActivityTaskQueue	{"host": "127.0.0.1:54942", "service": "frontend", "logging-call-at": "/Users/shivamsaraf/Desktop/work/temporal/common/log/with_logger.go:37"}
2025-05-05T16:56:31.439-0400	debug	returning empty user data (no data)	{"host": "127.0.0.1:54943", "component": "matching-engine", "wf-task-queue-name": "default-worker-tq", "wf-task-queue-type": "Workflow", "wf-namespace": "temporal-system", "long-poll": false, "logging-call-at": "/Users/shivamsaraf/Desktop/work/temporal/common/log/with_logger.go:37"}
2025-05-05T16:56:31.439-0400	debug	Frontend method invoked.	{"host": "127.0.0.1:54942", "wf-namespace": "temporal-system", "operation": "PollActivityTaskQueue", "server-name": "", "cert-thumbprint": "", "logging-call-at": "/Users/shivamsaraf/Desktop/work/temporal/common/log/with_logger.go:37"}
2025-05-05T16:56:31.439-0400	debug	returning empty user data (no data)	{"host": "127.0.0.1:54943", "component": "matching-engine", "wf-task-queue-name": "default-worker-tq", "wf-task-queue-type": "Workflow", "wf-namespace": "temporal-system", "long-poll": false, "logging-call-at": "/Users/shivamsaraf/Desktop/work/temporal/common/log/with_logger.go:37"}
2025-05-05T16:56:31.439-0400	debug	Received PollActivityTaskQueue	{"host": "127.0.0.1:54942", "service": "frontend", "logging-call-at": "/Users/shivamsaraf/Desktop/work/temporal/common/log/with_logger.go:37"}
2025-05-05T16:56:31.439-0400	debug	Frontend method invoked.	{"host": "127.0.0.1:54942", "wf-namespace": "temporal-system", "operation": "PollWorkflowTaskQueue", "server-name": "", "cert-thumbprint": "", "logging-call-at": "/Users/shivamsaraf/Desktop/work/temporal/common/log/with_logger.go:37"}
2025-05-05T16:56:31.439-0400	debug	returning empty user data (no data)	{"host": "127.0.0.1:54943", "component": "matching-engine", "wf-task-queue-name": "default-worker-tq", "wf-task-queue-type": "Workflow", "wf-namespace": "temporal-system", "long-poll": false, "logging-call-at": "/Users/shivamsaraf/Desktop/work/temporal/common/log/with_logger.go:37"}
2025-05-05T16:56:31.439-0400	debug	Received PollWorkflowTaskQueue	{"host": "127.0.0.1:54942", "service": "frontend", "logging-call-at": "/Users/shivamsaraf/Desktop/work/temporal/common/log/with_logger.go:37"}
2025-05-05T16:56:31.439-0400	debug	Poll workflow task queue.	{"host": "127.0.0.1:54942", "service": "frontend", "wf-namespace": "temporal-system", "wf-namespace-id": "32049b68-7872-4094-8e63-d0dd59896a83", "logging-call-at": "/Users/shivamsaraf/Desktop/work/temporal/common/log/with_logger.go:37"}
2025-05-05T16:56:31.439-0400	info	Started physicalTaskQueueManager	{"host": "127.0.0.1:54943", "component": "matching-engine", "wf-task-queue-name": "temporal-sys-dlq-activity-tq", "wf-task-queue-type": "Workflow", "wf-namespace": "temporal-system", "worker-build-id": "_unversioned_", "lifecycle": "Started", "cause": "UserData", "logging-call-at": "/Users/shivamsaraf/Desktop/work/temporal/common/log/with_logger.go:42"}
2025-05-05T16:56:31.439-0400	debug	returning empty user data (no data)	{"host": "127.0.0.1:54943", "component": "matching-engine", "wf-task-queue-name": "default-worker-tq", "wf-task-queue-type": "Workflow", "wf-namespace": "temporal-system", "long-poll": false, "logging-call-at": "/Users/shivamsaraf/Desktop/work/temporal/common/log/with_logger.go:37"}
2025-05-05T16:56:31.439-0400	debug	fetched user data from parent, no change	{"host": "127.0.0.1:54943", "component": "matching-engine", "wf-task-queue-name": "/_sys/default-worker-tq/3", "wf-task-queue-type": "Workflow", "wf-namespace": "temporal-system", "logging-call-at": "/Users/shivamsaraf/Desktop/work/temporal/common/log/with_logger.go:37"}
2025-05-05T16:56:31.439-0400	debug	returning empty user data (no data)	{"host": "127.0.0.1:54943", "component": "matching-engine", "wf-task-queue-name": "default-worker-tq", "wf-task-queue-type": "Workflow", "wf-namespace": "temporal-system", "long-poll": false, "logging-call-at": "/Users/shivamsaraf/Desktop/work/temporal/common/log/with_logger.go:37"}
2025-05-05T16:56:31.439-0400	debug	fetched user data from parent, no change	{"host": "127.0.0.1:54943", "component": "matching-engine", "wf-task-queue-name": "/_sys/default-worker-tq/1", "wf-task-queue-type": "Activity", "wf-namespace": "temporal-system", "logging-call-at": "/Users/shivamsaraf/Desktop/work/temporal/common/log/with_logger.go:37"}
2025-05-05T16:56:31.439-0400	info	loaded user data from db	{"host": "127.0.0.1:54943", "component": "matching-engine", "wf-task-queue-name": "temporal-sys-dlq-activity-tq", "wf-task-queue-type": "Workflow", "wf-namespace": "temporal-system", "user-data-version": 0, "timestamp": "1970-01-01T00:00:00.000Z", "logging-call-at": "/Users/shivamsaraf/Desktop/work/temporal/common/log/with_logger.go:42"}
2025-05-05T16:56:31.439-0400	debug	fetched user data from parent, no change	{"host": "127.0.0.1:54943", "component": "matching-engine", "wf-task-queue-name": "/_sys/default-worker-tq/2", "wf-task-queue-type": "Workflow", "wf-namespace": "temporal-system", "logging-call-at": "/Users/shivamsaraf/Desktop/work/temporal/common/log/with_logger.go:37"}
2025-05-05T16:56:31.439-0400	info	Started Worker	{"host": "127.0.0.1:54945", "Namespace": "temporal-system", "TaskQueue": "temporal-sys-delete-namespace-activity-tq", "WorkerID": "temporal-system@Shivams-MacBook-Pro.local", "logging-call-at": "/Users/shivamsaraf/Desktop/work/temporal/common/log/with_logger.go:42"}
2025-05-05T16:56:31.439-0400	info	Started physicalTaskQueueManager	{"host": "127.0.0.1:54943", "component": "matching-engine", "wf-task-queue-name": "/_sys/temporal-sys-dlq-activity-tq/3", "wf-task-queue-type": "Workflow", "wf-namespace": "temporal-system", "worker-build-id": "_unversioned_", "lifecycle": "Started", "cause": "Force", "logging-call-at": "/Users/shivamsaraf/Desktop/work/temporal/common/log/with_logger.go:42"}
2025-05-05T16:56:31.439-0400	debug	returning empty user data (no data)	{"host": "127.0.0.1:54943", "component": "matching-engine", "wf-task-queue-name": "temporal-sys-dlq-activity-tq", "wf-task-queue-type": "Workflow", "wf-namespace": "temporal-system", "long-poll": false, "logging-call-at": "/Users/shivamsaraf/Desktop/work/temporal/common/log/with_logger.go:37"}
2025-05-05T16:56:31.439-0400	debug	fetched user data from parent, no change	{"host": "127.0.0.1:54943", "component": "matching-engine", "wf-task-queue-name": "/_sys/default-worker-tq/1", "wf-task-queue-type": "Workflow", "wf-namespace": "temporal-system", "logging-call-at": "/Users/shivamsaraf/Desktop/work/temporal/common/log/with_logger.go:37"}
2025-05-05T16:56:31.439-0400	debug	Frontend method invoked.	{"host": "127.0.0.1:54942", "wf-namespace": "temporal-system", "operation": "PollActivityTaskQueue", "server-name": "", "cert-thumbprint": "", "logging-call-at": "/Users/shivamsaraf/Desktop/work/temporal/common/log/with_logger.go:37"}
2025-05-05T16:56:31.439-0400	debug	Frontend method invoked.	{"host": "127.0.0.1:54942", "wf-namespace": "temporal-system", "operation": "DescribeNamespace", "server-name": "", "cert-thumbprint": "", "logging-call-at": "/Users/shivamsaraf/Desktop/work/temporal/common/log/with_logger.go:37"}
2025-05-05T16:56:31.439-0400	debug	Received PollActivityTaskQueue	{"host": "127.0.0.1:54942", "service": "frontend", "logging-call-at": "/Users/shivamsaraf/Desktop/work/temporal/common/log/with_logger.go:37"}
2025-05-05T16:56:31.439-0400	debug	returning empty user data (no data)	{"host": "127.0.0.1:54943", "component": "matching-engine", "wf-task-queue-name": "temporal-sys-dlq-activity-tq", "wf-task-queue-type": "Workflow", "wf-namespace": "temporal-system", "long-poll": false, "logging-call-at": "/Users/shivamsaraf/Desktop/work/temporal/common/log/with_logger.go:37"}
2025-05-05T16:56:31.439-0400	debug	fetched user data from parent, no change	{"host": "127.0.0.1:54943", "component": "matching-engine", "wf-task-queue-name": "/_sys/temporal-sys-dlq-activity-tq/3", "wf-task-queue-type": "Activity", "wf-namespace": "temporal-system", "logging-call-at": "/Users/shivamsaraf/Desktop/work/temporal/common/log/with_logger.go:37"}
2025-05-05T16:56:31.439-0400	debug	fetched user data from parent, no change	{"host": "127.0.0.1:54943", "component": "matching-engine", "wf-task-queue-name": "/_sys/default-worker-tq/2", "wf-task-queue-type": "Activity", "wf-namespace": "temporal-system", "logging-call-at": "/Users/shivamsaraf/Desktop/work/temporal/common/log/with_logger.go:37"}
2025-05-05T16:56:31.439-0400	debug	fetched user data from parent, no change	{"host": "127.0.0.1:54943", "component": "matching-engine", "wf-task-queue-name": "/_sys/temporal-sys-dlq-activity-tq/3", "wf-task-queue-type": "Workflow", "wf-namespace": "temporal-system", "logging-call-at": "/Users/shivamsaraf/Desktop/work/temporal/common/log/with_logger.go:37"}
2025-05-05T16:56:31.439-0400	info	Started physicalTaskQueueManager	{"host": "127.0.0.1:54943", "component": "matching-engine", "wf-task-queue-name": "/_sys/temporal-sys-dlq-activity-tq/1", "wf-task-queue-type": "Workflow", "wf-namespace": "temporal-system", "worker-build-id": "_unversioned_", "lifecycle": "Started", "cause": "Force", "logging-call-at": "/Users/shivamsaraf/Desktop/work/temporal/common/log/with_logger.go:42"}
2025-05-05T16:56:31.439-0400	debug	Frontend method invoked.	{"host": "127.0.0.1:54942", "wf-namespace": "temporal-system", "operation": "PollActivityTaskQueue", "server-name": "", "cert-thumbprint": "", "logging-call-at": "/Users/shivamsaraf/Desktop/work/temporal/common/log/with_logger.go:37"}
2025-05-05T16:56:31.440-0400	debug	Received PollActivityTaskQueue	{"host": "127.0.0.1:54942", "service": "frontend", "logging-call-at": "/Users/shivamsaraf/Desktop/work/temporal/common/log/with_logger.go:37"}
2025-05-05T16:56:31.440-0400	info	Started physicalTaskQueueManager	{"host": "127.0.0.1:54943", "component": "matching-engine", "wf-task-queue-name": "/_sys/temporal-sys-dlq-activity-tq/2", "wf-task-queue-type": "Workflow", "wf-namespace": "temporal-system", "worker-build-id": "_unversioned_", "lifecycle": "Started", "cause": "Force", "logging-call-at": "/Users/shivamsaraf/Desktop/work/temporal/common/log/with_logger.go:42"}
2025-05-05T16:56:31.440-0400	info	Started physicalTaskQueueManager	{"host": "127.0.0.1:54943", "component": "matching-engine", "wf-task-queue-name": "default-worker-tq", "wf-task-queue-type": "Activity", "wf-namespace": "temporal-system", "worker-build-id": "_unversioned_", "lifecycle": "Started", "cause": "Poll", "logging-call-at": "/Users/shivamsaraf/Desktop/work/temporal/common/log/with_logger.go:42"}
2025-05-05T16:56:31.440-0400	info	Started physicalTaskQueueManager	{"host": "127.0.0.1:54943", "component": "matching-engine", "wf-task-queue-name": "/_sys/temporal-sys-dlq-activity-tq/1", "wf-task-queue-type": "Activity", "wf-namespace": "temporal-system", "worker-build-id": "_unversioned_", "lifecycle": "Started", "cause": "Poll", "logging-call-at": "/Users/shivamsaraf/Desktop/work/temporal/common/log/with_logger.go:42"}
2025-05-05T16:56:31.440-0400	info	Started Worker	{"host": "127.0.0.1:54945", "Namespace": "temporal-system", "TaskQueue": "temporal-sys-add-search-attributes-activity-tq", "WorkerID": "temporal-system@Shivams-MacBook-Pro.local", "logging-call-at": "/Users/shivamsaraf/Desktop/work/temporal/common/log/with_logger.go:42"}
2025-05-05T16:56:31.440-0400	debug	Frontend method invoked.	{"host": "127.0.0.1:54942", "wf-namespace": "temporal-system", "operation": "DescribeNamespace", "server-name": "", "cert-thumbprint": "", "logging-call-at": "/Users/shivamsaraf/Desktop/work/temporal/common/log/with_logger.go:37"}
2025-05-05T16:56:31.440-0400	debug	returning empty user data (no data)	{"host": "127.0.0.1:54943", "component": "matching-engine", "wf-task-queue-name": "temporal-sys-dlq-activity-tq", "wf-task-queue-type": "Workflow", "wf-namespace": "temporal-system", "long-poll": false, "logging-call-at": "/Users/shivamsaraf/Desktop/work/temporal/common/log/with_logger.go:37"}
2025-05-05T16:56:31.440-0400	debug	returning empty user data (no data)	{"host": "127.0.0.1:54943", "component": "matching-engine", "wf-task-queue-name": "temporal-sys-dlq-activity-tq", "wf-task-queue-type": "Workflow", "wf-namespace": "temporal-system", "long-poll": false, "logging-call-at": "/Users/shivamsaraf/Desktop/work/temporal/common/log/with_logger.go:37"}
2025-05-05T16:56:31.440-0400	info	Started physicalTaskQueueManager	{"host": "127.0.0.1:54943", "component": "matching-engine", "wf-task-queue-name": "temporal-sys-delete-namespace-activity-tq", "wf-task-queue-type": "Activity", "wf-namespace": "temporal-system", "worker-build-id": "_unversioned_", "lifecycle": "Started", "cause": "Poll", "logging-call-at": "/Users/shivamsaraf/Desktop/work/temporal/common/log/with_logger.go:42"}
2025-05-05T16:56:31.440-0400	debug	returning empty user data (no data)	{"host": "127.0.0.1:54943", "component": "matching-engine", "wf-task-queue-name": "temporal-sys-dlq-activity-tq", "wf-task-queue-type": "Workflow", "wf-namespace": "temporal-system", "long-poll": false, "logging-call-at": "/Users/shivamsaraf/Desktop/work/temporal/common/log/with_logger.go:37"}
2025-05-05T16:56:31.440-0400	debug	Frontend method invoked.	{"host": "127.0.0.1:54942", "wf-namespace": "temporal-system", "operation": "PollActivityTaskQueue", "server-name": "", "cert-thumbprint": "", "logging-call-at": "/Users/shivamsaraf/Desktop/work/temporal/common/log/with_logger.go:37"}
2025-05-05T16:56:31.440-0400	debug	returning empty user data (no data)	{"host": "127.0.0.1:54943", "component": "matching-engine", "wf-task-queue-name": "default-worker-tq", "wf-task-queue-type": "Workflow", "wf-namespace": "temporal-system", "long-poll": false, "logging-call-at": "/Users/shivamsaraf/Desktop/work/temporal/common/log/with_logger.go:37"}
2025-05-05T16:56:31.440-0400	info	Started physicalTaskQueueManager	{"host": "127.0.0.1:54943", "component": "matching-engine", "wf-task-queue-name": "/_sys/default-worker-tq/3", "wf-task-queue-type": "Activity", "wf-namespace": "temporal-system", "worker-build-id": "_unversioned_", "lifecycle": "Started", "cause": "Force", "logging-call-at": "/Users/shivamsaraf/Desktop/work/temporal/common/log/with_logger.go:42"}
2025-05-05T16:56:31.440-0400	debug	Received PollActivityTaskQueue	{"host": "127.0.0.1:54942", "service": "frontend", "logging-call-at": "/Users/shivamsaraf/Desktop/work/temporal/common/log/with_logger.go:37"}
2025-05-05T16:56:31.440-0400	debug	fetched user data from parent, no change	{"host": "127.0.0.1:54943", "component": "matching-engine", "wf-task-queue-name": "/_sys/temporal-sys-dlq-activity-tq/1", "wf-task-queue-type": "Activity", "wf-namespace": "temporal-system", "logging-call-at": "/Users/shivamsaraf/Desktop/work/temporal/common/log/with_logger.go:37"}
2025-05-05T16:56:31.440-0400	debug	returning empty user data (no data)	{"host": "127.0.0.1:54943", "component": "matching-engine", "wf-task-queue-name": "default-worker-tq", "wf-task-queue-type": "Workflow", "wf-namespace": "temporal-system", "long-poll": false, "logging-call-at": "/Users/shivamsaraf/Desktop/work/temporal/common/log/with_logger.go:37"}
2025-05-05T16:56:31.440-0400	debug	fetched user data from parent, no change	{"host": "127.0.0.1:54943", "component": "matching-engine", "wf-task-queue-name": "default-worker-tq", "wf-task-queue-type": "Activity", "wf-namespace": "temporal-system", "logging-call-at": "/Users/shivamsaraf/Desktop/work/temporal/common/log/with_logger.go:37"}
2025-05-05T16:56:31.440-0400	debug	Frontend method invoked.	{"host": "127.0.0.1:54942", "wf-namespace": "temporal-system", "operation": "PollActivityTaskQueue", "server-name": "", "cert-thumbprint": "", "logging-call-at": "/Users/shivamsaraf/Desktop/work/temporal/common/log/with_logger.go:37"}
2025-05-05T16:56:31.440-0400	debug	fetched user data from parent, no change	{"host": "127.0.0.1:54943", "component": "matching-engine", "wf-task-queue-name": "/_sys/temporal-sys-dlq-activity-tq/2", "wf-task-queue-type": "Workflow", "wf-namespace": "temporal-system", "logging-call-at": "/Users/shivamsaraf/Desktop/work/temporal/common/log/with_logger.go:37"}
2025-05-05T16:56:31.440-0400	debug	Received PollActivityTaskQueue	{"host": "127.0.0.1:54942", "service": "frontend", "logging-call-at": "/Users/shivamsaraf/Desktop/work/temporal/common/log/with_logger.go:37"}
2025-05-05T16:56:31.440-0400	info	Started physicalTaskQueueManager	{"host": "127.0.0.1:54943", "component": "matching-engine", "wf-task-queue-name": "temporal-sys-delete-namespace-activity-tq", "wf-task-queue-type": "Workflow", "wf-namespace": "temporal-system", "worker-build-id": "_unversioned_", "lifecycle": "Started", "cause": "UserData", "logging-call-at": "/Users/shivamsaraf/Desktop/work/temporal/common/log/with_logger.go:42"}
2025-05-05T16:56:31.440-0400	info	Started Worker	{"host": "127.0.0.1:54945", "Namespace": "temporal-system", "TaskQueue": "temporal-sys-migration-activity-tq", "WorkerID": "temporal-system@Shivams-MacBook-Pro.local", "logging-call-at": "/Users/shivamsaraf/Desktop/work/temporal/common/log/with_logger.go:42"}
2025-05-05T16:56:31.440-0400	info	none	{"host": "127.0.0.1:54945", "component": "worker-manager", "lifecycle": "Started", "logging-call-at": "/Users/shivamsaraf/Desktop/work/temporal/common/log/with_logger.go:42"}
2025-05-05T16:56:31.440-0400	debug	fetched user data from parent, no change	{"host": "127.0.0.1:54943", "component": "matching-engine", "wf-task-queue-name": "/_sys/default-worker-tq/3", "wf-task-queue-type": "Activity", "wf-namespace": "temporal-system", "logging-call-at": "/Users/shivamsaraf/Desktop/work/temporal/common/log/with_logger.go:37"}
2025-05-05T16:56:31.440-0400	info	loaded user data from db	{"host": "127.0.0.1:54943", "component": "matching-engine", "wf-task-queue-name": "temporal-sys-delete-namespace-activity-tq", "wf-task-queue-type": "Workflow", "wf-namespace": "temporal-system", "user-data-version": 0, "timestamp": "1970-01-01T00:00:00.000Z", "logging-call-at": "/Users/shivamsaraf/Desktop/work/temporal/common/log/with_logger.go:42"}
2025-05-05T16:56:31.440-0400	info	none	{"host": "127.0.0.1:54945", "component": "perns-worker-manager", "lifecycle": "Starting", "logging-call-at": "/Users/shivamsaraf/Desktop/work/temporal/common/log/with_logger.go:42"}
2025-05-05T16:56:31.440-0400	debug	fetched user data from parent, no change	{"host": "127.0.0.1:54943", "component": "matching-engine", "wf-task-queue-name": "/_sys/temporal-sys-dlq-activity-tq/1", "wf-task-queue-type": "Workflow", "wf-namespace": "temporal-system", "logging-call-at": "/Users/shivamsaraf/Desktop/work/temporal/common/log/with_logger.go:37"}
2025-05-05T16:56:31.440-0400	debug	returning empty user data (no data)	{"host": "127.0.0.1:54943", "component": "matching-engine", "wf-task-queue-name": "temporal-sys-delete-namespace-activity-tq", "wf-task-queue-type": "Workflow", "wf-namespace": "temporal-system", "long-poll": false, "logging-call-at": "/Users/shivamsaraf/Desktop/work/temporal/common/log/with_logger.go:37"}
2025-05-05T16:56:31.440-0400	info	Started physicalTaskQueueManager	{"host": "127.0.0.1:54943", "component": "matching-engine", "wf-task-queue-name": "temporal-sys-dlq-activity-tq", "wf-task-queue-type": "Activity", "wf-namespace": "temporal-system", "worker-build-id": "_unversioned_", "lifecycle": "Started", "cause": "Poll", "logging-call-at": "/Users/shivamsaraf/Desktop/work/temporal/common/log/with_logger.go:42"}
2025-05-05T16:56:31.440-0400	info	none	{"host": "127.0.0.1:54945", "component": "perns-worker-manager", "lifecycle": "Started", "logging-call-at": "/Users/shivamsaraf/Desktop/work/temporal/common/log/with_logger.go:42"}
2025-05-05T16:56:31.440-0400	info	worker service started	{"host": "127.0.0.1:54945", "service": "worker", "component": "worker", "address": "127.0.0.1:54945", "logging-call-at": "/Users/shivamsaraf/Desktop/work/temporal/common/log/with_logger.go:42"}
2025-05-05T16:56:31.440-0400	info	Started physicalTaskQueueManager	{"host": "127.0.0.1:54943", "component": "matching-engine", "wf-task-queue-name": "temporal-sys-add-search-attributes-activity-tq", "wf-task-queue-type": "Activity", "wf-namespace": "temporal-system", "worker-build-id": "_unversioned_", "lifecycle": "Started", "cause": "Poll", "logging-call-at": "/Users/shivamsaraf/Desktop/work/temporal/common/log/with_logger.go:42"}
2025-05-05T16:56:31.441-0400	debug	OnStart hook executed	{"host": "127.0.0.1:54945", "component": "fx", "callee": "go.temporal.io/server/service/worker.(*Service).Start-fm()", "caller": "go.temporal.io/server/service/worker.ServiceLifetimeHooks", "runtime": "7.944042ms", "logging-call-at": "/Users/shivamsaraf/Desktop/work/temporal/common/log/with_logger.go:37"}
2025-05-05T16:56:31.441-0400	debug	started	{"host": "127.0.0.1:54945", "component": "fx", "logging-call-at": "/Users/shivamsaraf/Desktop/work/temporal/common/log/with_logger.go:37"}
2025-05-05T16:56:31.441-0400	info	Register namespace succeeded	{"wf-namespace": "namespace-42f52dc7-121e-4d0f-9fad-c806d0420c24", "wf-namespace-id": "16489026-76fa-49af-8333-d07c4a9341f7", "logging-call-at": "/Users/shivamsaraf/Desktop/work/temporal/tests/testcore/functional_test_base.go:424"}
2025-05-05T16:56:31.441-0400	debug	Frontend method invoked.	{"host": "127.0.0.1:54942", "wf-namespace": "temporal-system", "operation": "PollActivityTaskQueue", "server-name": "", "cert-thumbprint": "", "logging-call-at": "/Users/shivamsaraf/Desktop/work/temporal/common/log/with_logger.go:37"}
2025-05-05T16:56:31.441-0400	info	Register namespace succeeded	{"wf-namespace": "foreign-namespace-91c55882-5146-4963-b046-ca2a47f2eb5f", "wf-namespace-id": "8e091486-487d-4f8e-983d-859eaacca172", "logging-call-at": "/Users/shivamsaraf/Desktop/work/temporal/tests/testcore/functional_test_base.go:424"}
2025-05-05T16:56:31.441-0400	info	Started physicalTaskQueueManager	{"host": "127.0.0.1:54943", "component": "matching-engine", "wf-task-queue-name": "/_sys/temporal-sys-dlq-activity-tq/2", "wf-task-queue-type": "Activity", "wf-namespace": "temporal-system", "worker-build-id": "_unversioned_", "lifecycle": "Started", "cause": "Force", "logging-call-at": "/Users/shivamsaraf/Desktop/work/temporal/common/log/with_logger.go:42"}
2025-05-05T16:56:31.441-0400	info	Started physicalTaskQueueManager	{"host": "127.0.0.1:54943", "component": "matching-engine", "wf-task-queue-name": "temporal-sys-add-search-attributes-activity-tq", "wf-task-queue-type": "Workflow", "wf-namespace": "temporal-system", "worker-build-id": "_unversioned_", "lifecycle": "Started", "cause": "UserData", "logging-call-at": "/Users/shivamsaraf/Desktop/work/temporal/common/log/with_logger.go:42"}
2025-05-05T16:56:31.441-0400	debug	Received PollActivityTaskQueue	{"host": "127.0.0.1:54942", "service": "frontend", "logging-call-at": "/Users/shivamsaraf/Desktop/work/temporal/common/log/with_logger.go:37"}
2025-05-05T16:56:31.441-0400	debug	returning empty user data (no data)	{"host": "127.0.0.1:54943", "component": "matching-engine", "wf-task-queue-name": "temporal-sys-dlq-activity-tq", "wf-task-queue-type": "Workflow", "wf-namespace": "temporal-system", "long-poll": false, "logging-call-at": "/Users/shivamsaraf/Desktop/work/temporal/common/log/with_logger.go:37"}
2025-05-05T16:56:31.441-0400	debug	returning empty user data (no data)	{"host": "127.0.0.1:54943", "component": "matching-engine", "wf-task-queue-name": "temporal-sys-dlq-activity-tq", "wf-task-queue-type": "Workflow", "wf-namespace": "temporal-system", "long-poll": false, "logging-call-at": "/Users/shivamsaraf/Desktop/work/temporal/common/log/with_logger.go:37"}
2025-05-05T16:56:31.441-0400	debug	fetched user data from parent, no change	{"host": "127.0.0.1:54943", "component": "matching-engine", "wf-task-queue-name": "temporal-sys-delete-namespace-activity-tq", "wf-task-queue-type": "Activity", "wf-namespace": "temporal-system", "logging-call-at": "/Users/shivamsaraf/Desktop/work/temporal/common/log/with_logger.go:37"}
2025-05-05T16:56:31.441-0400	info	loaded user data from db	{"host": "127.0.0.1:54943", "component": "matching-engine", "wf-task-queue-name": "temporal-sys-add-search-attributes-activity-tq", "wf-task-queue-type": "Workflow", "wf-namespace": "temporal-system", "user-data-version": 0, "timestamp": "1970-01-01T00:00:00.000Z", "logging-call-at": "/Users/shivamsaraf/Desktop/work/temporal/common/log/with_logger.go:42"}
2025-05-05T16:56:31.441-0400	debug	returning empty user data (no data)	{"host": "127.0.0.1:54943", "component": "matching-engine", "wf-task-queue-name": "temporal-sys-add-search-attributes-activity-tq", "wf-task-queue-type": "Workflow", "wf-namespace": "temporal-system", "long-poll": false, "logging-call-at": "/Users/shivamsaraf/Desktop/work/temporal/common/log/with_logger.go:37"}
2025-05-05T16:56:31.441-0400	debug	Frontend method invoked.	{"host": "127.0.0.1:54942", "wf-namespace": "temporal-system", "operation": "PollActivityTaskQueue", "server-name": "", "cert-thumbprint": "", "logging-call-at": "/Users/shivamsaraf/Desktop/work/temporal/common/log/with_logger.go:37"}
=== RUN   TestDeploymentVersionSuite/TestDeleteVersion_DrainingVersion
2025-05-05T16:56:31.441-0400	debug	Received PollActivityTaskQueue	{"host": "127.0.0.1:54942", "service": "frontend", "logging-call-at": "/Users/shivamsaraf/Desktop/work/temporal/common/log/with_logger.go:37"}
2025/05/05 16:56:31 INFO  No logger configured for temporal client. Created default one.
2025-05-05T16:56:31.441-0400	info	Started physicalTaskQueueManager	{"host": "127.0.0.1:54943", "component": "matching-engine", "wf-task-queue-name": "temporal-sys-migration-activity-tq", "wf-task-queue-type": "Activity", "wf-namespace": "temporal-system", "worker-build-id": "_unversioned_", "lifecycle": "Started", "cause": "Poll", "logging-call-at": "/Users/shivamsaraf/Desktop/work/temporal/common/log/with_logger.go:42"}
2025-05-05T16:56:31.442-0400	debug	fetched user data from parent, no change	{"host": "127.0.0.1:54943", "component": "matching-engine", "wf-task-queue-name": "temporal-sys-dlq-activity-tq", "wf-task-queue-type": "Activity", "wf-namespace": "temporal-system", "logging-call-at": "/Users/shivamsaraf/Desktop/work/temporal/common/log/with_logger.go:37"}
2025-05-05T16:56:31.442-0400	debug	Frontend method invoked.	{"host": "127.0.0.1:54942", "wf-namespace": "temporal-system", "operation": "PollActivityTaskQueue", "server-name": "", "cert-thumbprint": "", "logging-call-at": "/Users/shivamsaraf/Desktop/work/temporal/common/log/with_logger.go:37"}
2025-05-05T16:56:31.442-0400	debug	fetched user data from parent, no change	{"host": "127.0.0.1:54943", "component": "matching-engine", "wf-task-queue-name": "temporal-sys-add-search-attributes-activity-tq", "wf-task-queue-type": "Activity", "wf-namespace": "temporal-system", "logging-call-at": "/Users/shivamsaraf/Desktop/work/temporal/common/log/with_logger.go:37"}
2025-05-05T16:56:31.442-0400	debug	Received PollActivityTaskQueue	{"host": "127.0.0.1:54942", "service": "frontend", "logging-call-at": "/Users/shivamsaraf/Desktop/work/temporal/common/log/with_logger.go:37"}
2025-05-05T16:56:31.442-0400	debug	fetched user data from parent, no change	{"host": "127.0.0.1:54943", "component": "matching-engine", "wf-task-queue-name": "/_sys/temporal-sys-dlq-activity-tq/2", "wf-task-queue-type": "Activity", "wf-namespace": "temporal-system", "logging-call-at": "/Users/shivamsaraf/Desktop/work/temporal/common/log/with_logger.go:37"}
2025-05-05T16:56:31.442-0400	debug	Frontend method invoked.	{"host": "127.0.0.1:54942", "wf-namespace": "temporal-system", "operation": "DescribeNamespace", "server-name": "", "cert-thumbprint": "", "logging-call-at": "/Users/shivamsaraf/Desktop/work/temporal/common/log/with_logger.go:37"}
2025-05-05T16:56:31.442-0400	info	Started physicalTaskQueueManager	{"host": "127.0.0.1:54943", "component": "matching-engine", "wf-task-queue-name": "temporal-sys-migration-activity-tq", "wf-task-queue-type": "Workflow", "wf-namespace": "temporal-system", "worker-build-id": "_unversioned_", "lifecycle": "Started", "cause": "UserData", "logging-call-at": "/Users/shivamsaraf/Desktop/work/temporal/common/log/with_logger.go:42"}
2025-05-05T16:56:31.442-0400	info	loaded user data from db	{"host": "127.0.0.1:54943", "component": "matching-engine", "wf-task-queue-name": "temporal-sys-migration-activity-tq", "wf-task-queue-type": "Workflow", "wf-namespace": "temporal-system", "user-data-version": 0, "timestamp": "1970-01-01T00:00:00.000Z", "logging-call-at": "/Users/shivamsaraf/Desktop/work/temporal/common/log/with_logger.go:42"}
2025-05-05T16:56:31.442-0400	debug	returning empty user data (no data)	{"host": "127.0.0.1:54943", "component": "matching-engine", "wf-task-queue-name": "temporal-sys-migration-activity-tq", "wf-task-queue-type": "Workflow", "wf-namespace": "temporal-system", "long-poll": false, "logging-call-at": "/Users/shivamsaraf/Desktop/work/temporal/common/log/with_logger.go:37"}
2025-05-05T16:56:31.442-0400	debug	Frontend method invoked.	{"host": "127.0.0.1:54942", "wf-namespace": "temporal-system", "operation": "DescribeNamespace", "server-name": "", "cert-thumbprint": "", "logging-call-at": "/Users/shivamsaraf/Desktop/work/temporal/common/log/with_logger.go:37"}
2025-05-05T16:56:31.442-0400	debug	fetched user data from parent, no change	{"host": "127.0.0.1:54943", "component": "matching-engine", "wf-task-queue-name": "temporal-sys-migration-activity-tq", "wf-task-queue-type": "Activity", "wf-namespace": "temporal-system", "logging-call-at": "/Users/shivamsaraf/Desktop/work/temporal/common/log/with_logger.go:37"}
2025-05-05T16:56:31.442-0400	debug	Frontend method invoked.	{"host": "127.0.0.1:54942", "wf-namespace": "temporal-system", "operation": "PollWorkflowTaskQueue", "server-name": "", "cert-thumbprint": "", "logging-call-at": "/Users/shivamsaraf/Desktop/work/temporal/common/log/with_logger.go:37"}
2025-05-05T16:56:31.442-0400	debug	Received PollWorkflowTaskQueue	{"host": "127.0.0.1:54942", "service": "frontend", "logging-call-at": "/Users/shivamsaraf/Desktop/work/temporal/common/log/with_logger.go:37"}
2025-05-05T16:56:31.442-0400	debug	Poll workflow task queue.	{"host": "127.0.0.1:54942", "service": "frontend", "wf-namespace": "temporal-system", "wf-namespace-id": "32049b68-7872-4094-8e63-d0dd59896a83", "logging-call-at": "/Users/shivamsaraf/Desktop/work/temporal/common/log/with_logger.go:37"}
2025-05-05T16:56:31.442-0400	debug	Frontend method invoked.	{"host": "127.0.0.1:54942", "wf-namespace": "", "operation": "GetSystemInfo", "server-name": "", "cert-thumbprint": "", "logging-call-at": "/Users/shivamsaraf/Desktop/work/temporal/common/log/with_logger.go:37"}
2025-05-05T16:56:31.442-0400	info	Started Worker	{"host": "127.0.0.1:54945", "Namespace": "temporal-system", "TaskQueue": "temporal-sys-per-ns-tq", "WorkerID": "temporal-system@Shivams-MacBook-Pro.local@temporal-system", "logging-call-at": "/Users/shivamsaraf/Desktop/work/temporal/common/log/with_logger.go:42"}
2025-05-05T16:56:31.442-0400	info	Started physicalTaskQueueManager	{"host": "127.0.0.1:54943", "component": "matching-engine", "wf-task-queue-name": "Shivams-MacBook-Pro.local:ade422c7-26e0-4fc4-a39e-c7efb1b21be1", "wf-task-queue-type": "Workflow", "wf-namespace": "temporal-system", "worker-build-id": "_unversioned_", "lifecycle": "Started", "cause": "Poll", "logging-call-at": "/Users/shivamsaraf/Desktop/work/temporal/common/log/with_logger.go:42"}
2025-05-05T16:56:31.443-0400	debug	Frontend method invoked.	{"host": "127.0.0.1:54942", "wf-namespace": "temporal-system", "operation": "PollActivityTaskQueue", "server-name": "", "cert-thumbprint": "", "logging-call-at": "/Users/shivamsaraf/Desktop/work/temporal/common/log/with_logger.go:37"}
2025-05-05T16:56:31.443-0400	debug	Received PollActivityTaskQueue	{"host": "127.0.0.1:54942", "service": "frontend", "logging-call-at": "/Users/shivamsaraf/Desktop/work/temporal/common/log/with_logger.go:37"}
2025-05-05T16:56:31.443-0400	info	Started physicalTaskQueueManager	{"host": "127.0.0.1:54943", "component": "matching-engine", "wf-task-queue-name": "temporal-sys-per-ns-tq", "wf-task-queue-type": "Workflow", "wf-namespace": "temporal-system", "worker-build-id": "_unversioned_", "lifecycle": "Started", "cause": "UserData", "logging-call-at": "/Users/shivamsaraf/Desktop/work/temporal/common/log/with_logger.go:42"}
2025-05-05T16:56:31.443-0400	info	loaded user data from db	{"host": "127.0.0.1:54943", "component": "matching-engine", "wf-task-queue-name": "temporal-sys-per-ns-tq", "wf-task-queue-type": "Workflow", "wf-namespace": "temporal-system", "user-data-version": 0, "timestamp": "1970-01-01T00:00:00.000Z", "logging-call-at": "/Users/shivamsaraf/Desktop/work/temporal/common/log/with_logger.go:42"}
2025-05-05T16:56:31.443-0400	debug	returning empty user data (no data)	{"host": "127.0.0.1:54943", "component": "matching-engine", "wf-task-queue-name": "temporal-sys-per-ns-tq", "wf-task-queue-type": "Workflow", "wf-namespace": "temporal-system", "long-poll": false, "logging-call-at": "/Users/shivamsaraf/Desktop/work/temporal/common/log/with_logger.go:37"}
2025-05-05T16:56:31.443-0400	info	Started physicalTaskQueueManager	{"host": "127.0.0.1:54943", "component": "matching-engine", "wf-task-queue-name": "temporal-sys-per-ns-tq", "wf-task-queue-type": "Activity", "wf-namespace": "temporal-system", "worker-build-id": "_unversioned_", "lifecycle": "Started", "cause": "Poll", "logging-call-at": "/Users/shivamsaraf/Desktop/work/temporal/common/log/with_logger.go:42"}
2025-05-05T16:56:31.443-0400	debug	fetched user data from parent, no change	{"host": "127.0.0.1:54943", "component": "matching-engine", "wf-task-queue-name": "Shivams-MacBook-Pro.local:ade422c7-26e0-4fc4-a39e-c7efb1b21be1", "wf-task-queue-type": "Workflow", "wf-namespace": "temporal-system", "logging-call-at": "/Users/shivamsaraf/Desktop/work/temporal/common/log/with_logger.go:37"}
2025-05-05T16:56:31.443-0400	debug	returning empty user data (no data)	{"host": "127.0.0.1:54943", "component": "matching-engine", "wf-task-queue-name": "temporal-sys-per-ns-tq", "wf-task-queue-type": "Workflow", "wf-namespace": "temporal-system", "long-poll": false, "logging-call-at": "/Users/shivamsaraf/Desktop/work/temporal/common/log/with_logger.go:37"}
2025-05-05T16:56:31.443-0400	debug	Frontend method invoked.	{"host": "127.0.0.1:54942", "wf-namespace": "temporal-system", "operation": "PollWorkflowTaskQueue", "server-name": "", "cert-thumbprint": "", "logging-call-at": "/Users/shivamsaraf/Desktop/work/temporal/common/log/with_logger.go:37"}
2025-05-05T16:56:31.443-0400	debug	Received PollWorkflowTaskQueue	{"host": "127.0.0.1:54942", "service": "frontend", "logging-call-at": "/Users/shivamsaraf/Desktop/work/temporal/common/log/with_logger.go:37"}
2025-05-05T16:56:31.443-0400	debug	Poll workflow task queue.	{"host": "127.0.0.1:54942", "service": "frontend", "wf-namespace": "temporal-system", "wf-namespace-id": "32049b68-7872-4094-8e63-d0dd59896a83", "logging-call-at": "/Users/shivamsaraf/Desktop/work/temporal/common/log/with_logger.go:37"}
2025-05-05T16:56:31.443-0400	debug	fetched user data from parent, no change	{"host": "127.0.0.1:54943", "component": "matching-engine", "wf-task-queue-name": "temporal-sys-per-ns-tq", "wf-task-queue-type": "Activity", "wf-namespace": "temporal-system", "logging-call-at": "/Users/shivamsaraf/Desktop/work/temporal/common/log/with_logger.go:37"}
2025-05-05T16:56:31.444-0400	debug	Frontend method invoked.	{"host": "127.0.0.1:54942", "wf-namespace": "namespace-42f52dc7-121e-4d0f-9fad-c806d0420c24", "operation": "PollWorkflowTaskQueue", "server-name": "", "cert-thumbprint": "", "logging-call-at": "/Users/shivamsaraf/Desktop/work/temporal/common/log/with_logger.go:37"}
2025-05-05T16:56:31.444-0400	info	Quota changed	{"host": "127.0.0.1:54942", "service": "frontend", "component": "long-poll-handler", "scope": "namespace", "wf-namespace": "namespace-42f52dc7-121e-4d0f-9fad-c806d0420c24", "current-quota": null, "new-quota": 1200, "logging-call-at": "/Users/shivamsaraf/Desktop/work/temporal/common/log/with_logger.go:42"}
2025-05-05T16:56:31.444-0400	info	Quota changed	{"host": "127.0.0.1:54942", "service": "frontend", "component": "rpc-handler", "scope": "namespace", "wf-namespace": "namespace-42f52dc7-121e-4d0f-9fad-c806d0420c24", "current-quota": null, "new-quota": 2400, "logging-call-at": "/Users/shivamsaraf/Desktop/work/temporal/common/log/with_logger.go:42"}
2025-05-05T16:56:31.444-0400	info	Quota changed	{"host": "127.0.0.1:54942", "service": "frontend", "component": "visibility-handler", "scope": "namespace", "wf-namespace": "namespace-42f52dc7-121e-4d0f-9fad-c806d0420c24", "current-quota": null, "new-quota": 50, "logging-call-at": "/Users/shivamsaraf/Desktop/work/temporal/common/log/with_logger.go:42"}
2025-05-05T16:56:31.444-0400	info	Quota changed	{"host": "127.0.0.1:54942", "service": "frontend", "component": "namespace-replication", "scope": "namespace", "wf-namespace": "namespace-42f52dc7-121e-4d0f-9fad-c806d0420c24", "current-quota": null, "new-quota": 1000, "logging-call-at": "/Users/shivamsaraf/Desktop/work/temporal/common/log/with_logger.go:42"}
2025-05-05T16:56:31.444-0400	debug	Frontend method invoked.	{"host": "127.0.0.1:54942", "wf-namespace": "temporal-system", "operation": "PollActivityTaskQueue", "server-name": "", "cert-thumbprint": "", "logging-call-at": "/Users/shivamsaraf/Desktop/work/temporal/common/log/with_logger.go:37"}
2025-05-05T16:56:31.444-0400	debug	Received PollWorkflowTaskQueue	{"host": "127.0.0.1:54942", "service": "frontend", "logging-call-at": "/Users/shivamsaraf/Desktop/work/temporal/common/log/with_logger.go:37"}
2025-05-05T16:56:31.444-0400	debug	Poll workflow task queue.	{"host": "127.0.0.1:54942", "service": "frontend", "wf-namespace": "namespace-42f52dc7-121e-4d0f-9fad-c806d0420c24", "wf-namespace-id": "16489026-76fa-49af-8333-d07c4a9341f7", "logging-call-at": "/Users/shivamsaraf/Desktop/work/temporal/common/log/with_logger.go:37"}
2025-05-05T16:56:31.444-0400	debug	Received PollActivityTaskQueue	{"host": "127.0.0.1:54942", "service": "frontend", "logging-call-at": "/Users/shivamsaraf/Desktop/work/temporal/common/log/with_logger.go:37"}
2025-05-05T16:56:31.444-0400	info	Started physicalTaskQueueManager	{"host": "127.0.0.1:54943", "component": "matching-engine", "wf-task-queue-name": "/_sys/rsion_DrainingVersion-56fd90ab_task_queue/2", "wf-task-queue-type": "Workflow", "wf-namespace": "namespace-42f52dc7-121e-4d0f-9fad-c806d0420c24", "worker-build-id": "_unversioned_", "lifecycle": "Started", "cause": "Poll", "logging-call-at": "/Users/shivamsaraf/Desktop/work/temporal/common/log/with_logger.go:42"}
2025-05-05T16:56:31.444-0400	info	Quota changed	{"host": "127.0.0.1:54943", "service": "matching", "component": "persistence", "scope": "namespace", "wf-namespace": "namespace-42f52dc7-121e-4d0f-9fad-c806d0420c24", "current-quota": null, "new-quota": 0, "logging-call-at": "/Users/shivamsaraf/Desktop/work/temporal/common/log/with_logger.go:42"}
2025-05-05T16:56:31.444-0400	info	Started physicalTaskQueueManager	{"host": "127.0.0.1:54943", "component": "matching-engine", "wf-task-queue-name": "rsion_DrainingVersion-56fd90ab_task_queue", "wf-task-queue-type": "Workflow", "wf-namespace": "namespace-42f52dc7-121e-4d0f-9fad-c806d0420c24", "worker-build-id": "_unversioned_", "lifecycle": "Started", "cause": "UserData", "logging-call-at": "/Users/shivamsaraf/Desktop/work/temporal/common/log/with_logger.go:42"}
2025-05-05T16:56:31.444-0400	info	loaded user data from db	{"host": "127.0.0.1:54943", "component": "matching-engine", "wf-task-queue-name": "rsion_DrainingVersion-56fd90ab_task_queue", "wf-task-queue-type": "Workflow", "wf-namespace": "namespace-42f52dc7-121e-4d0f-9fad-c806d0420c24", "user-data-version": 0, "timestamp": "1970-01-01T00:00:00.000Z", "logging-call-at": "/Users/shivamsaraf/Desktop/work/temporal/common/log/with_logger.go:42"}
2025-05-05T16:56:31.444-0400	debug	returning empty user data (no data)	{"host": "127.0.0.1:54943", "component": "matching-engine", "wf-task-queue-name": "rsion_DrainingVersion-56fd90ab_task_queue", "wf-task-queue-type": "Workflow", "wf-namespace": "namespace-42f52dc7-121e-4d0f-9fad-c806d0420c24", "long-poll": false, "logging-call-at": "/Users/shivamsaraf/Desktop/work/temporal/common/log/with_logger.go:37"}
2025-05-05T16:56:31.444-0400	info	Started physicalTaskQueueManager	{"host": "127.0.0.1:54943", "component": "matching-engine", "wf-task-queue-name": "/_sys/rsion_DrainingVersion-56fd90ab_task_queue/3", "wf-task-queue-type": "Workflow", "wf-namespace": "namespace-42f52dc7-121e-4d0f-9fad-c806d0420c24", "worker-build-id": "_unversioned_", "lifecycle": "Started", "cause": "Force", "logging-call-at": "/Users/shivamsaraf/Desktop/work/temporal/common/log/with_logger.go:42"}
2025-05-05T16:56:31.444-0400	info	Started physicalTaskQueueManager	{"host": "127.0.0.1:54943", "component": "matching-engine", "wf-task-queue-name": "/_sys/rsion_DrainingVersion-56fd90ab_task_queue/1", "wf-task-queue-type": "Workflow", "wf-namespace": "namespace-42f52dc7-121e-4d0f-9fad-c806d0420c24", "worker-build-id": "_unversioned_", "lifecycle": "Started", "cause": "Force", "logging-call-at": "/Users/shivamsaraf/Desktop/work/temporal/common/log/with_logger.go:42"}
2025-05-05T16:56:31.444-0400	debug	fetched user data from parent, no change	{"host": "127.0.0.1:54943", "component": "matching-engine", "wf-task-queue-name": "/_sys/rsion_DrainingVersion-56fd90ab_task_queue/2", "wf-task-queue-type": "Workflow", "wf-namespace": "namespace-42f52dc7-121e-4d0f-9fad-c806d0420c24", "logging-call-at": "/Users/shivamsaraf/Desktop/work/temporal/common/log/with_logger.go:37"}
2025-05-05T16:56:31.444-0400	info	Started physicalTaskQueueManager	{"host": "127.0.0.1:54943", "component": "matching-engine", "wf-task-queue-name": "/_sys/rsion_DrainingVersion-56fd90ab_task_queue/2", "wf-task-queue-type": "Workflow", "wf-namespace": "namespace-42f52dc7-121e-4d0f-9fad-c806d0420c24", "worker-build-id": "test-deployment-series/one_1", "lifecycle": "Started", "cause": "Poll", "logging-call-at": "/Users/shivamsaraf/Desktop/work/temporal/common/log/with_logger.go:42"}
2025-05-05T16:56:31.444-0400	debug	returning empty user data (no data)	{"host": "127.0.0.1:54943", "component": "matching-engine", "wf-task-queue-name": "rsion_DrainingVersion-56fd90ab_task_queue", "wf-task-queue-type": "Workflow", "wf-namespace": "namespace-42f52dc7-121e-4d0f-9fad-c806d0420c24", "long-poll": false, "logging-call-at": "/Users/shivamsaraf/Desktop/work/temporal/common/log/with_logger.go:37"}
2025-05-05T16:56:31.444-0400	debug	returning empty user data (no data)	{"host": "127.0.0.1:54943", "component": "matching-engine", "wf-task-queue-name": "rsion_DrainingVersion-56fd90ab_task_queue", "wf-task-queue-type": "Workflow", "wf-namespace": "namespace-42f52dc7-121e-4d0f-9fad-c806d0420c24", "long-poll": false, "logging-call-at": "/Users/shivamsaraf/Desktop/work/temporal/common/log/with_logger.go:37"}
2025-05-05T16:56:31.445-0400	debug	fetched user data from parent, no change	{"host": "127.0.0.1:54943", "component": "matching-engine", "wf-task-queue-name": "/_sys/rsion_DrainingVersion-56fd90ab_task_queue/1", "wf-task-queue-type": "Workflow", "wf-namespace": "namespace-42f52dc7-121e-4d0f-9fad-c806d0420c24", "logging-call-at": "/Users/shivamsaraf/Desktop/work/temporal/common/log/with_logger.go:37"}
2025-05-05T16:56:31.445-0400	debug	fetched user data from parent, no change	{"host": "127.0.0.1:54943", "component": "matching-engine", "wf-task-queue-name": "/_sys/rsion_DrainingVersion-56fd90ab_task_queue/3", "wf-task-queue-type": "Workflow", "wf-namespace": "namespace-42f52dc7-121e-4d0f-9fad-c806d0420c24", "logging-call-at": "/Users/shivamsaraf/Desktop/work/temporal/common/log/with_logger.go:37"}
2025-05-05T16:56:31.445-0400	debug	deployment client success	{"host": "127.0.0.1:54943", "operation": "ListWorkerDeployments", "elapsed": 0.000490417, "args": null, "logging-call-at": "/Users/shivamsaraf/Desktop/work/temporal/common/log/with_logger.go:37"}
2025-05-05T16:56:31.447-0400	info	Quota changed	{"host": "127.0.0.1:54944", "service": "history", "component": "persistence", "scope": "namespace", "wf-namespace": "namespace-42f52dc7-121e-4d0f-9fad-c806d0420c24", "current-quota": null, "new-quota": 0, "logging-call-at": "/Users/shivamsaraf/Desktop/work/temporal/common/log/with_logger.go:42"}
2025-05-05T16:56:31.448-0400	debug	Workflow task updated	{"host": "127.0.0.1:54944", "shard-id": 3, "address": "127.0.0.1:54944", "wf-scheduled-event-id": 2, "wf-started-event-id": 0, "workflow-task-request-id": "emptyUuid", "workflow-task-timeout": 10, "attempt": 1, "wf-started-timestamp": "0001-01-01T00:00:00.000Z", "wt-type": "Normal", "logging-call-at": "/Users/shivamsaraf/Desktop/work/temporal/common/log/with_logger.go:37"}
2025-05-05T16:56:31.448-0400	debug	update state change	{"host": "127.0.0.1:54944", "shard-id": 3, "address": "127.0.0.1:54944", "wf-namespace-id": "16489026-76fa-49af-8333-d07c4a9341f7", "wf-id": "temporal-sys-worker-deployment:test-deployment-series", "wf-run-id": "0196a23c-6dd7-73c8-be3b-1a7ec93a2003", "update-id": "8795d3f3-7aba-4149-b53f-33c60080d8be", "from-state": "Created", "to-state": "ProvisionallyAdmitted", "logging-call-at": "/Users/shivamsaraf/Desktop/work/temporal/common/log/with_logger.go:37"}
2025-05-05T16:56:31.448-0400	debug	update state change	{"host": "127.0.0.1:54944", "shard-id": 3, "address": "127.0.0.1:54944", "wf-namespace-id": "16489026-76fa-49af-8333-d07c4a9341f7", "wf-id": "temporal-sys-worker-deployment:test-deployment-series", "wf-run-id": "0196a23c-6dd7-73c8-be3b-1a7ec93a2003", "update-id": "8795d3f3-7aba-4149-b53f-33c60080d8be", "from-state": "ProvisionallyAdmitted", "to-state": "Admitted", "logging-call-at": "/Users/shivamsaraf/Desktop/work/temporal/common/log/with_logger.go:37"}
2025-05-05T16:56:31.448-0400	debug	Assigning new task key	{"host": "127.0.0.1:54944", "shard-id": 3, "address": "127.0.0.1:54944", "wf-namespace-id": "16489026-76fa-49af-8333-d07c4a9341f7", "wf-id": "temporal-sys-worker-deployment:test-deployment-series", "wf-run-id": "0196a23c-6dd7-73c8-be3b-1a7ec93a2003", "queue-task-type": "VisibilityStartExecution", "queue-task-id": 1048579, "timestamp": "2025-05-05T20:56:31.448Z", "cursor-timestamp": "2025-05-05T20:56:32.425Z", "logging-call-at": "/Users/shivamsaraf/Desktop/work/temporal/common/log/with_logger.go:37"}
2025-05-05T16:56:31.448-0400	debug	Assigning new task key	{"host": "127.0.0.1:54944", "shard-id": 3, "address": "127.0.0.1:54944", "wf-namespace-id": "16489026-76fa-49af-8333-d07c4a9341f7", "wf-id": "temporal-sys-worker-deployment:test-deployment-series", "wf-run-id": "0196a23c-6dd7-73c8-be3b-1a7ec93a2003", "queue-task-type": "TransferWorkflowTask", "queue-task-id": 1048580, "timestamp": "2025-05-05T20:56:31.448Z", "cursor-timestamp": "2025-05-05T20:56:32.425Z", "logging-call-at": "/Users/shivamsaraf/Desktop/work/temporal/common/log/with_logger.go:37"}
2025-05-05T16:56:31.449-0400	debug	Process task as active.	{"host": "127.0.0.1:54944", "shard-id": 3, "address": "127.0.0.1:54944", "component": "transfer-queue-processor", "wf-namespace-id": "16489026-76fa-49af-8333-d07c4a9341f7", "value": "16489026-76fa-49af-8333-d07c4a9341f7/temporal-sys-worker-deployment:test-deployment-series/0196a23c-6dd7-73c8-be3b-1a7ec93a2003", "logging-call-at": "/Users/shivamsaraf/Desktop/work/temporal/common/log/with_logger.go:37"}
2025-05-05T16:56:31.449-0400	info	Started physicalTaskQueueManager	{"host": "127.0.0.1:54943", "component": "matching-engine", "wf-task-queue-name": "temporal-sys-per-ns-tq", "wf-task-queue-type": "Workflow", "wf-namespace": "namespace-42f52dc7-121e-4d0f-9fad-c806d0420c24", "worker-build-id": "_unversioned_", "lifecycle": "Started", "cause": "Task", "logging-call-at": "/Users/shivamsaraf/Desktop/work/temporal/common/log/with_logger.go:42"}
2025-05-05T16:56:31.449-0400	info	loaded user data from db	{"host": "127.0.0.1:54943", "component": "matching-engine", "wf-task-queue-name": "temporal-sys-per-ns-tq", "wf-task-queue-type": "Workflow", "wf-namespace": "namespace-42f52dc7-121e-4d0f-9fad-c806d0420c24", "user-data-version": 0, "timestamp": "1970-01-01T00:00:00.000Z", "logging-call-at": "/Users/shivamsaraf/Desktop/work/temporal/common/log/with_logger.go:42"}
2025-05-05T16:56:31.513-0400	debug	starting ping check	{"host": "127.0.0.1:54943", "service": "matching", "name": "cluster metadata lock", "logging-call-at": "/Users/shivamsaraf/Desktop/work/temporal/common/log/with_logger.go:37"}
2025-05-05T16:56:31.513-0400	debug	ping check succeeded	{"host": "127.0.0.1:54943", "service": "matching", "name": "cluster metadata lock", "logging-call-at": "/Users/shivamsaraf/Desktop/work/temporal/common/log/with_logger.go:37"}
2025-05-05T16:56:31.513-0400	debug	starting ping check	{"host": "127.0.0.1:54943", "service": "matching", "name": "dynamic config callbacks", "logging-call-at": "/Users/shivamsaraf/Desktop/work/temporal/common/log/with_logger.go:37"}
2025-05-05T16:56:31.513-0400	debug	ping check succeeded	{"host": "127.0.0.1:54943", "service": "matching", "name": "dynamic config callbacks", "logging-call-at": "/Users/shivamsaraf/Desktop/work/temporal/common/log/with_logger.go:37"}
2025-05-05T16:56:31.513-0400	debug	starting ping check	{"host": "127.0.0.1:54943", "service": "matching", "name": "cluster metadata callback lock", "logging-call-at": "/Users/shivamsaraf/Desktop/work/temporal/common/log/with_logger.go:37"}
2025-05-05T16:56:31.513-0400	debug	ping check succeeded	{"host": "127.0.0.1:54943", "service": "matching", "name": "cluster metadata callback lock", "logging-call-at": "/Users/shivamsaraf/Desktop/work/temporal/common/log/with_logger.go:37"}
2025-05-05T16:56:31.513-0400	debug	starting ping check	{"host": "127.0.0.1:54943", "service": "matching", "name": "namespace registry lock", "logging-call-at": "/Users/shivamsaraf/Desktop/work/temporal/common/log/with_logger.go:37"}
2025-05-05T16:56:31.513-0400	debug	ping check succeeded	{"host": "127.0.0.1:54943", "service": "matching", "name": "namespace registry lock", "logging-call-at": "/Users/shivamsaraf/Desktop/work/temporal/common/log/with_logger.go:37"}
2025-05-05T16:56:31.520-0400	debug	starting ping check	{"host": "127.0.0.1:54944", "service": "history", "name": "cluster metadata lock", "logging-call-at": "/Users/shivamsaraf/Desktop/work/temporal/common/log/with_logger.go:37"}
2025-05-05T16:56:31.520-0400	debug	ping check succeeded	{"host": "127.0.0.1:54944", "service": "history", "name": "cluster metadata lock", "logging-call-at": "/Users/shivamsaraf/Desktop/work/temporal/common/log/with_logger.go:37"}
2025-05-05T16:56:31.520-0400	debug	starting ping check	{"host": "127.0.0.1:54944", "service": "history", "name": "cluster metadata callback lock", "logging-call-at": "/Users/shivamsaraf/Desktop/work/temporal/common/log/with_logger.go:37"}
2025-05-05T16:56:31.520-0400	debug	ping check succeeded	{"host": "127.0.0.1:54944", "service": "history", "name": "cluster metadata callback lock", "logging-call-at": "/Users/shivamsaraf/Desktop/work/temporal/common/log/with_logger.go:37"}
2025-05-05T16:56:31.520-0400	debug	starting ping check	{"host": "127.0.0.1:54944", "service": "history", "name": "namespace registry lock", "logging-call-at": "/Users/shivamsaraf/Desktop/work/temporal/common/log/with_logger.go:37"}
2025-05-05T16:56:31.520-0400	debug	starting ping check	{"host": "127.0.0.1:54944", "service": "history", "name": "shard controller", "logging-call-at": "/Users/shivamsaraf/Desktop/work/temporal/common/log/with_logger.go:37"}
2025-05-05T16:56:31.520-0400	debug	ping check succeeded	{"host": "127.0.0.1:54944", "service": "history", "name": "namespace registry lock", "logging-call-at": "/Users/shivamsaraf/Desktop/work/temporal/common/log/with_logger.go:37"}
2025-05-05T16:56:31.520-0400	debug	ping check succeeded	{"host": "127.0.0.1:54944", "service": "history", "name": "shard controller", "logging-call-at": "/Users/shivamsaraf/Desktop/work/temporal/common/log/with_logger.go:37"}
2025-05-05T16:56:31.520-0400	debug	starting ping check	{"host": "127.0.0.1:54944", "service": "history", "name": "dynamic config callbacks", "logging-call-at": "/Users/shivamsaraf/Desktop/work/temporal/common/log/with_logger.go:37"}
2025-05-05T16:56:31.520-0400	debug	ping check succeeded	{"host": "127.0.0.1:54944", "service": "history", "name": "dynamic config callbacks", "logging-call-at": "/Users/shivamsaraf/Desktop/work/temporal/common/log/with_logger.go:37"}
2025-05-05T16:56:31.530-0400	debug	starting ping check	{"host": "127.0.0.1:54942", "service": "frontend", "name": "namespace registry lock", "logging-call-at": "/Users/shivamsaraf/Desktop/work/temporal/common/log/with_logger.go:37"}
2025-05-05T16:56:31.530-0400	debug	starting ping check	{"host": "127.0.0.1:54942", "service": "frontend", "name": "dynamic config callbacks", "logging-call-at": "/Users/shivamsaraf/Desktop/work/temporal/common/log/with_logger.go:37"}
2025-05-05T16:56:31.530-0400	debug	ping check succeeded	{"host": "127.0.0.1:54942", "service": "frontend", "name": "namespace registry lock", "logging-call-at": "/Users/shivamsaraf/Desktop/work/temporal/common/log/with_logger.go:37"}
2025-05-05T16:56:31.530-0400	debug	ping check succeeded	{"host": "127.0.0.1:54942", "service": "frontend", "name": "dynamic config callbacks", "logging-call-at": "/Users/shivamsaraf/Desktop/work/temporal/common/log/with_logger.go:37"}
2025-05-05T16:56:31.530-0400	debug	starting ping check	{"host": "127.0.0.1:54942", "service": "frontend", "name": "cluster metadata lock", "logging-call-at": "/Users/shivamsaraf/Desktop/work/temporal/common/log/with_logger.go:37"}
2025-05-05T16:56:31.530-0400	debug	ping check succeeded	{"host": "127.0.0.1:54942", "service": "frontend", "name": "cluster metadata lock", "logging-call-at": "/Users/shivamsaraf/Desktop/work/temporal/common/log/with_logger.go:37"}
2025-05-05T16:56:31.530-0400	debug	starting ping check	{"host": "127.0.0.1:54942", "service": "frontend", "name": "cluster metadata callback lock", "logging-call-at": "/Users/shivamsaraf/Desktop/work/temporal/common/log/with_logger.go:37"}
2025-05-05T16:56:31.530-0400	debug	ping check succeeded	{"host": "127.0.0.1:54942", "service": "frontend", "name": "cluster metadata callback lock", "logging-call-at": "/Users/shivamsaraf/Desktop/work/temporal/common/log/with_logger.go:37"}
2025-05-05T16:56:31.533-0400	debug	starting ping check	{"host": "127.0.0.1:54945", "service": "worker", "name": "namespace registry lock", "logging-call-at": "/Users/shivamsaraf/Desktop/work/temporal/common/log/with_logger.go:37"}
2025-05-05T16:56:31.533-0400	debug	ping check succeeded	{"host": "127.0.0.1:54945", "service": "worker", "name": "namespace registry lock", "logging-call-at": "/Users/shivamsaraf/Desktop/work/temporal/common/log/with_logger.go:37"}
2025-05-05T16:56:31.533-0400	debug	starting ping check	{"host": "127.0.0.1:54945", "service": "worker", "name": "dynamic config callbacks", "logging-call-at": "/Users/shivamsaraf/Desktop/work/temporal/common/log/with_logger.go:37"}
2025-05-05T16:56:31.533-0400	debug	ping check succeeded	{"host": "127.0.0.1:54945", "service": "worker", "name": "dynamic config callbacks", "logging-call-at": "/Users/shivamsaraf/Desktop/work/temporal/common/log/with_logger.go:37"}
2025-05-05T16:56:31.533-0400	debug	starting ping check	{"host": "127.0.0.1:54945", "service": "worker", "name": "cluster metadata lock", "logging-call-at": "/Users/shivamsaraf/Desktop/work/temporal/common/log/with_logger.go:37"}
2025-05-05T16:56:31.533-0400	debug	ping check succeeded	{"host": "127.0.0.1:54945", "service": "worker", "name": "cluster metadata lock", "logging-call-at": "/Users/shivamsaraf/Desktop/work/temporal/common/log/with_logger.go:37"}
2025-05-05T16:56:31.533-0400	debug	starting ping check	{"host": "127.0.0.1:54945", "service": "worker", "name": "cluster metadata callback lock", "logging-call-at": "/Users/shivamsaraf/Desktop/work/temporal/common/log/with_logger.go:37"}
2025-05-05T16:56:31.533-0400	debug	ping check succeeded	{"host": "127.0.0.1:54945", "service": "worker", "name": "cluster metadata callback lock", "logging-call-at": "/Users/shivamsaraf/Desktop/work/temporal/common/log/with_logger.go:37"}
2025-05-05T16:56:31.543-0400	debug	Frontend method invoked.	{"host": "127.0.0.1:54942", "wf-namespace": "namespace-42f52dc7-121e-4d0f-9fad-c806d0420c24", "operation": "DescribeWorkerDeploymentVersion", "server-name": "", "cert-thumbprint": "", "logging-call-at": "/Users/shivamsaraf/Desktop/work/temporal/common/log/with_logger.go:37"}
2025-05-05T16:56:31.545-0400	error	deployment client error	{"host": "127.0.0.1:54942", "error": "Worker Deployment Version not found", "operation": "DescribeVersion", "elapsed": 0.001172917, "args": ["test-deployment-series","one_1"], "logging-call-at": "/Users/shivamsaraf/Desktop/work/temporal/common/log/with_logger.go:52"}
go.temporal.io/server/common/log.(*zapLogger).Error
	/Users/shivamsaraf/Desktop/work/temporal/common/log/zap_logger.go:132
go.temporal.io/server/common/testing/testlogger.(*TestLogger).Error
	/Users/shivamsaraf/Desktop/work/temporal/common/testing/testlogger/testlogger.go:344
go.temporal.io/server/common/log.(*withLogger).Error
	/Users/shivamsaraf/Desktop/work/temporal/common/log/with_logger.go:52
go.temporal.io/server/service/worker/workerdeployment.(*ClientImpl).DescribeVersion.(*ClientImpl).record.func1
	/Users/shivamsaraf/Desktop/work/temporal/service/worker/workerdeployment/client.go:1263
go.temporal.io/server/service/worker/workerdeployment.(*ClientImpl).DescribeVersion
	/Users/shivamsaraf/Desktop/work/temporal/service/worker/workerdeployment/client.go:290
go.temporal.io/server/service/frontend.(*WorkflowHandler).DescribeWorkerDeploymentVersion
	/Users/shivamsaraf/Desktop/work/temporal/service/frontend/workflow_handler.go:3357
go.temporal.io/api/workflowservice/v1._WorkflowService_DescribeWorkerDeploymentVersion_Handler.func1
	/Users/shivamsaraf/go/pkg/mod/go.temporal.io/api@v1.49.0/workflowservice/v1/service_grpc.pb.go:3429
go.temporal.io/server/common/rpc/interceptor.(*RetryableInterceptor).Intercept.func1
	/Users/shivamsaraf/Desktop/work/temporal/common/rpc/interceptor/retry.go:38
go.temporal.io/server/common/backoff.ThrottleRetryContext
	/Users/shivamsaraf/Desktop/work/temporal/common/backoff/retry.go:65
go.temporal.io/server/common/rpc/interceptor.(*RetryableInterceptor).Intercept
	/Users/shivamsaraf/Desktop/work/temporal/common/rpc/interceptor/retry.go:42
google.golang.org/grpc.getChainUnaryHandler.func1
	/Users/shivamsaraf/go/pkg/mod/google.golang.org/grpc@v1.71.0/server.go:1217
go.temporal.io/server/common/rpc/interceptor.(*CallerInfoInterceptor).Intercept
	/Users/shivamsaraf/Desktop/work/temporal/common/rpc/interceptor/caller_info.go:40
google.golang.org/grpc.getChainUnaryHandler.func1
	/Users/shivamsaraf/go/pkg/mod/google.golang.org/grpc@v1.71.0/server.go:1217
go.temporal.io/server/common/rpc/interceptor.(*SDKVersionInterceptor).Intercept
	/Users/shivamsaraf/Desktop/work/temporal/common/rpc/interceptor/sdk_version.go:44
google.golang.org/grpc.getChainUnaryHandler.func1
	/Users/shivamsaraf/go/pkg/mod/google.golang.org/grpc@v1.71.0/server.go:1217
go.temporal.io/server/common/rpc/interceptor.(*RateLimitInterceptor).Intercept
	/Users/shivamsaraf/Desktop/work/temporal/common/rpc/interceptor/rate_limit.go:64
google.golang.org/grpc.getChainUnaryHandler.func1
	/Users/shivamsaraf/go/pkg/mod/google.golang.org/grpc@v1.71.0/server.go:1217
go.temporal.io/server/common/rpc/interceptor.(*NamespaceRateLimitInterceptorImpl).Intercept
	/Users/shivamsaraf/Desktop/work/temporal/common/rpc/interceptor/namespace_rate_limit.go:77
google.golang.org/grpc.getChainUnaryHandler.func1
	/Users/shivamsaraf/go/pkg/mod/google.golang.org/grpc@v1.71.0/server.go:1217
go.temporal.io/server/common/rpc/interceptor.(*ConcurrentRequestLimitInterceptor).Intercept
	/Users/shivamsaraf/Desktop/work/temporal/common/rpc/interceptor/concurrent_request_limit.go:83
google.golang.org/grpc.getChainUnaryHandler.func1
	/Users/shivamsaraf/go/pkg/mod/google.golang.org/grpc@v1.71.0/server.go:1217
go.temporal.io/server/common/rpc/interceptor.(*NamespaceValidatorInterceptor).StateValidationIntercept
	/Users/shivamsaraf/Desktop/work/temporal/common/rpc/interceptor/namespace_validator.go:210
google.golang.org/grpc.getChainUnaryHandler.func1
	/Users/shivamsaraf/go/pkg/mod/google.golang.org/grpc@v1.71.0/server.go:1217
go.temporal.io/server/common/rpc/interceptor.(*HealthInterceptor).Intercept
	/Users/shivamsaraf/Desktop/work/temporal/common/rpc/interceptor/health.go:41
google.golang.org/grpc.getChainUnaryHandler.func1
	/Users/shivamsaraf/go/pkg/mod/google.golang.org/grpc@v1.71.0/server.go:1217
go.temporal.io/server/common/rpc/interceptor.(*TelemetryInterceptor).UnaryIntercept
	/Users/shivamsaraf/Desktop/work/temporal/common/rpc/interceptor/telemetry.go:176
google.golang.org/grpc.getChainUnaryHandler.func1
	/Users/shivamsaraf/go/pkg/mod/google.golang.org/grpc@v1.71.0/server.go:1217
go.temporal.io/server/common/rpc/interceptor.(*Redirection).handleRedirectAPIInvocation.func2
	/Users/shivamsaraf/Desktop/work/temporal/common/rpc/interceptor/redirection.go:247
go.temporal.io/server/common/rpc/interceptor.(*NoopRedirectionPolicy).WithNamespaceRedirect
	/Users/shivamsaraf/Desktop/work/temporal/common/rpc/interceptor/dc_redirection_policy.go:101
go.temporal.io/server/common/rpc/interceptor.(*Redirection).handleRedirectAPIInvocation
	/Users/shivamsaraf/Desktop/work/temporal/common/rpc/interceptor/redirection.go:244
go.temporal.io/server/common/rpc/interceptor.(*Redirection).Intercept
	/Users/shivamsaraf/Desktop/work/temporal/common/rpc/interceptor/redirection.go:204
google.golang.org/grpc.getChainUnaryHandler.func1
	/Users/shivamsaraf/go/pkg/mod/google.golang.org/grpc@v1.71.0/server.go:1217
go.temporal.io/server/common/rpc/interceptor.(*NamespaceHandoverInterceptor).Intercept
	/Users/shivamsaraf/Desktop/work/temporal/common/rpc/interceptor/namespace_handover.go:85
google.golang.org/grpc.getChainUnaryHandler.func1
	/Users/shivamsaraf/go/pkg/mod/google.golang.org/grpc@v1.71.0/server.go:1217
go.temporal.io/server/common/authorization.(*Interceptor).Intercept
	/Users/shivamsaraf/Desktop/work/temporal/common/authorization/interceptor.go:154
google.golang.org/grpc.getChainUnaryHandler.func1
	/Users/shivamsaraf/go/pkg/mod/google.golang.org/grpc@v1.71.0/server.go:1217
go.temporal.io/server/service/frontend.GrpcServerOptionsProvider.NewServerMetricsContextInjectorInterceptor.func2
	/Users/shivamsaraf/Desktop/work/temporal/common/metrics/grpc.go:41
google.golang.org/grpc.getChainUnaryHandler.func1
	/Users/shivamsaraf/go/pkg/mod/google.golang.org/grpc@v1.71.0/server.go:1217
go.temporal.io/server/common/rpc/interceptor.(*NamespaceLogInterceptor).Intercept
	/Users/shivamsaraf/Desktop/work/temporal/common/rpc/interceptor/namespace_logger.go:60
google.golang.org/grpc.getChainUnaryHandler.func1
	/Users/shivamsaraf/go/pkg/mod/google.golang.org/grpc@v1.71.0/server.go:1217
go.temporal.io/server/common/rpc/interceptor.(*NamespaceValidatorInterceptor).NamespaceValidateIntercept
	/Users/shivamsaraf/Desktop/work/temporal/common/rpc/interceptor/namespace_validator.go:121
google.golang.org/grpc.getChainUnaryHandler.func1
	/Users/shivamsaraf/go/pkg/mod/google.golang.org/grpc@v1.71.0/server.go:1217
go.temporal.io/server/service/frontend.GrpcServerOptionsProvider.NewFrontendServiceErrorInterceptor.func1
	/Users/shivamsaraf/Desktop/work/temporal/common/rpc/grpc.go:135
google.golang.org/grpc.getChainUnaryHandler.func1
	/Users/shivamsaraf/go/pkg/mod/google.golang.org/grpc@v1.71.0/server.go:1217
go.temporal.io/server/common/rpc/interceptor.ServiceErrorInterceptor
	/Users/shivamsaraf/Desktop/work/temporal/common/rpc/interceptor/service_error_interceptor.go:19
google.golang.org/grpc.getChainUnaryHandler.func1
	/Users/shivamsaraf/go/pkg/mod/google.golang.org/grpc@v1.71.0/server.go:1217
go.temporal.io/server/common/rpc/interceptor.(*MaskInternalErrorDetailsInterceptor).Intercept
	/Users/shivamsaraf/Desktop/work/temporal/common/rpc/interceptor/mask_internal_error.go:51
google.golang.org/grpc.NewServer.chainUnaryServerInterceptors.chainUnaryInterceptors.func1
	/Users/shivamsaraf/go/pkg/mod/google.golang.org/grpc@v1.71.0/server.go:1208
go.temporal.io/api/workflowservice/v1._WorkflowService_DescribeWorkerDeploymentVersion_Handler
	/Users/shivamsaraf/go/pkg/mod/go.temporal.io/api@v1.49.0/workflowservice/v1/service_grpc.pb.go:3431
google.golang.org/grpc.(*Server).processUnaryRPC
	/Users/shivamsaraf/go/pkg/mod/google.golang.org/grpc@v1.71.0/server.go:1405
google.golang.org/grpc.(*Server).handleStream
	/Users/shivamsaraf/go/pkg/mod/google.golang.org/grpc@v1.71.0/server.go:1815
google.golang.org/grpc.(*Server).serveStreams.func2.1
	/Users/shivamsaraf/go/pkg/mod/google.golang.org/grpc@v1.71.0/server.go:1035
2025-05-05T16:56:31.545-0400	debug	Frontend method invoked.	{"host": "127.0.0.1:54942", "wf-namespace": "namespace-42f52dc7-121e-4d0f-9fad-c806d0420c24", "operation": "DescribeWorkerDeployment", "server-name": "", "cert-thumbprint": "", "logging-call-at": "/Users/shivamsaraf/Desktop/work/temporal/common/log/with_logger.go:37"}
2025-05-05T16:56:31.620-0400	debug	starting ping check	{"host": "127.0.0.1:54944", "service": "history", "name": "Shard(2)-shard-lock", "logging-call-at": "/Users/shivamsaraf/Desktop/work/temporal/common/log/with_logger.go:37"}
2025-05-05T16:56:31.620-0400	debug	ping check succeeded	{"host": "127.0.0.1:54944", "service": "history", "name": "Shard(2)-shard-lock", "logging-call-at": "/Users/shivamsaraf/Desktop/work/temporal/common/log/with_logger.go:37"}
2025-05-05T16:56:31.620-0400	debug	starting ping check	{"host": "127.0.0.1:54944", "service": "history", "name": "Shard(2)-io-semaphore", "logging-call-at": "/Users/shivamsaraf/Desktop/work/temporal/common/log/with_logger.go:37"}
2025-05-05T16:56:31.620-0400	debug	ping check succeeded	{"host": "127.0.0.1:54944", "service": "history", "name": "Shard(2)-io-semaphore", "logging-call-at": "/Users/shivamsaraf/Desktop/work/temporal/common/log/with_logger.go:37"}
2025-05-05T16:56:31.620-0400	debug	starting ping check	{"host": "127.0.0.1:54944", "service": "history", "name": "Shard(1)-shard-lock", "logging-call-at": "/Users/shivamsaraf/Desktop/work/temporal/common/log/with_logger.go:37"}
2025-05-05T16:56:31.620-0400	debug	ping check succeeded	{"host": "127.0.0.1:54944", "service": "history", "name": "Shard(1)-shard-lock", "logging-call-at": "/Users/shivamsaraf/Desktop/work/temporal/common/log/with_logger.go:37"}
2025-05-05T16:56:31.620-0400	debug	starting ping check	{"host": "127.0.0.1:54944", "service": "history", "name": "Shard(1)-io-semaphore", "logging-call-at": "/Users/shivamsaraf/Desktop/work/temporal/common/log/with_logger.go:37"}
2025-05-05T16:56:31.620-0400	debug	ping check succeeded	{"host": "127.0.0.1:54944", "service": "history", "name": "Shard(1)-io-semaphore", "logging-call-at": "/Users/shivamsaraf/Desktop/work/temporal/common/log/with_logger.go:37"}
2025-05-05T16:56:31.620-0400	debug	starting ping check	{"host": "127.0.0.1:54944", "service": "history", "name": "Shard(4)-shard-lock", "logging-call-at": "/Users/shivamsaraf/Desktop/work/temporal/common/log/with_logger.go:37"}
2025-05-05T16:56:31.620-0400	debug	ping check succeeded	{"host": "127.0.0.1:54944", "service": "history", "name": "Shard(4)-shard-lock", "logging-call-at": "/Users/shivamsaraf/Desktop/work/temporal/common/log/with_logger.go:37"}
2025-05-05T16:56:31.620-0400	debug	starting ping check	{"host": "127.0.0.1:54944", "service": "history", "name": "Shard(4)-io-semaphore", "logging-call-at": "/Users/shivamsaraf/Desktop/work/temporal/common/log/with_logger.go:37"}
2025-05-05T16:56:31.620-0400	debug	ping check succeeded	{"host": "127.0.0.1:54944", "service": "history", "name": "Shard(4)-io-semaphore", "logging-call-at": "/Users/shivamsaraf/Desktop/work/temporal/common/log/with_logger.go:37"}
2025-05-05T16:56:31.620-0400	debug	starting ping check	{"host": "127.0.0.1:54944", "service": "history", "name": "Shard(3)-shard-lock", "logging-call-at": "/Users/shivamsaraf/Desktop/work/temporal/common/log/with_logger.go:37"}
2025-05-05T16:56:31.620-0400	debug	ping check succeeded	{"host": "127.0.0.1:54944", "service": "history", "name": "Shard(3)-shard-lock", "logging-call-at": "/Users/shivamsaraf/Desktop/work/temporal/common/log/with_logger.go:37"}
2025-05-05T16:56:31.620-0400	debug	starting ping check	{"host": "127.0.0.1:54944", "service": "history", "name": "Shard(3)-io-semaphore", "logging-call-at": "/Users/shivamsaraf/Desktop/work/temporal/common/log/with_logger.go:37"}
2025-05-05T16:56:31.620-0400	debug	ping check succeeded	{"host": "127.0.0.1:54944", "service": "history", "name": "Shard(3)-io-semaphore", "logging-call-at": "/Users/shivamsaraf/Desktop/work/temporal/common/log/with_logger.go:37"}
2025-05-05T16:56:32.435-0400	debug	Frontend method invoked.	{"host": "127.0.0.1:54942", "wf-namespace": "foreign-namespace-91c55882-5146-4963-b046-ca2a47f2eb5f", "operation": "DescribeNamespace", "server-name": "", "cert-thumbprint": "", "logging-call-at": "/Users/shivamsaraf/Desktop/work/temporal/common/log/with_logger.go:37"}
2025-05-05T16:56:32.435-0400	debug	Frontend method invoked.	{"host": "127.0.0.1:54942", "wf-namespace": "namespace-42f52dc7-121e-4d0f-9fad-c806d0420c24", "operation": "DescribeNamespace", "server-name": "", "cert-thumbprint": "", "logging-call-at": "/Users/shivamsaraf/Desktop/work/temporal/common/log/with_logger.go:37"}
2025-05-05T16:56:32.435-0400	info	Quota changed	{"host": "127.0.0.1:54942", "service": "frontend", "component": "rpc-handler", "scope": "namespace", "wf-namespace": "foreign-namespace-91c55882-5146-4963-b046-ca2a47f2eb5f", "current-quota": null, "new-quota": 2400, "logging-call-at": "/Users/shivamsaraf/Desktop/work/temporal/common/log/with_logger.go:42"}
2025-05-05T16:56:32.435-0400	info	Quota changed	{"host": "127.0.0.1:54942", "service": "frontend", "component": "visibility-handler", "scope": "namespace", "wf-namespace": "foreign-namespace-91c55882-5146-4963-b046-ca2a47f2eb5f", "current-quota": null, "new-quota": 50, "logging-call-at": "/Users/shivamsaraf/Desktop/work/temporal/common/log/with_logger.go:42"}
2025-05-05T16:56:32.435-0400	info	Quota changed	{"host": "127.0.0.1:54942", "service": "frontend", "component": "persistence", "scope": "namespace", "wf-namespace": "namespace-42f52dc7-121e-4d0f-9fad-c806d0420c24", "current-quota": null, "new-quota": 0, "logging-call-at": "/Users/shivamsaraf/Desktop/work/temporal/common/log/with_logger.go:42"}
2025-05-05T16:56:32.435-0400	info	Quota changed	{"host": "127.0.0.1:54942", "service": "frontend", "component": "namespace-replication", "scope": "namespace", "wf-namespace": "foreign-namespace-91c55882-5146-4963-b046-ca2a47f2eb5f", "current-quota": null, "new-quota": 1000, "logging-call-at": "/Users/shivamsaraf/Desktop/work/temporal/common/log/with_logger.go:42"}
2025-05-05T16:56:32.435-0400	info	Quota changed	{"host": "127.0.0.1:54942", "service": "frontend", "component": "persistence", "scope": "namespace", "wf-namespace": "foreign-namespace-91c55882-5146-4963-b046-ca2a47f2eb5f", "current-quota": null, "new-quota": 0, "logging-call-at": "/Users/shivamsaraf/Desktop/work/temporal/common/log/with_logger.go:42"}
2025-05-05T16:56:32.436-0400	debug	Frontend method invoked.	{"host": "127.0.0.1:54942", "wf-namespace": "namespace-42f52dc7-121e-4d0f-9fad-c806d0420c24", "operation": "DescribeNamespace", "server-name": "", "cert-thumbprint": "", "logging-call-at": "/Users/shivamsaraf/Desktop/work/temporal/common/log/with_logger.go:37"}
2025-05-05T16:56:32.436-0400	debug	Frontend method invoked.	{"host": "127.0.0.1:54942", "wf-namespace": "foreign-namespace-91c55882-5146-4963-b046-ca2a47f2eb5f", "operation": "DescribeNamespace", "server-name": "", "cert-thumbprint": "", "logging-call-at": "/Users/shivamsaraf/Desktop/work/temporal/common/log/with_logger.go:37"}
2025-05-05T16:56:32.436-0400	debug	Frontend method invoked.	{"host": "127.0.0.1:54942", "wf-namespace": "namespace-42f52dc7-121e-4d0f-9fad-c806d0420c24", "operation": "PollWorkflowTaskQueue", "server-name": "", "cert-thumbprint": "", "logging-call-at": "/Users/shivamsaraf/Desktop/work/temporal/common/log/with_logger.go:37"}
2025-05-05T16:56:32.436-0400	debug	Received PollWorkflowTaskQueue	{"host": "127.0.0.1:54942", "service": "frontend", "logging-call-at": "/Users/shivamsaraf/Desktop/work/temporal/common/log/with_logger.go:37"}
2025-05-05T16:56:32.436-0400	debug	Poll workflow task queue.	{"host": "127.0.0.1:54942", "service": "frontend", "wf-namespace": "namespace-42f52dc7-121e-4d0f-9fad-c806d0420c24", "wf-namespace-id": "16489026-76fa-49af-8333-d07c4a9341f7", "logging-call-at": "/Users/shivamsaraf/Desktop/work/temporal/common/log/with_logger.go:37"}
2025-05-05T16:56:32.436-0400	debug	Frontend method invoked.	{"host": "127.0.0.1:54942", "wf-namespace": "foreign-namespace-91c55882-5146-4963-b046-ca2a47f2eb5f", "operation": "PollWorkflowTaskQueue", "server-name": "", "cert-thumbprint": "", "logging-call-at": "/Users/shivamsaraf/Desktop/work/temporal/common/log/with_logger.go:37"}
2025-05-05T16:56:32.437-0400	info	Quota changed	{"host": "127.0.0.1:54942", "service": "frontend", "component": "long-poll-handler", "scope": "namespace", "wf-namespace": "foreign-namespace-91c55882-5146-4963-b046-ca2a47f2eb5f", "current-quota": null, "new-quota": 1200, "logging-call-at": "/Users/shivamsaraf/Desktop/work/temporal/common/log/with_logger.go:42"}
2025-05-05T16:56:32.437-0400	debug	Received PollWorkflowTaskQueue	{"host": "127.0.0.1:54942", "service": "frontend", "logging-call-at": "/Users/shivamsaraf/Desktop/work/temporal/common/log/with_logger.go:37"}
2025-05-05T16:56:32.437-0400	debug	Poll workflow task queue.	{"host": "127.0.0.1:54942", "service": "frontend", "wf-namespace": "foreign-namespace-91c55882-5146-4963-b046-ca2a47f2eb5f", "wf-namespace-id": "8e091486-487d-4f8e-983d-859eaacca172", "logging-call-at": "/Users/shivamsaraf/Desktop/work/temporal/common/log/with_logger.go:37"}
2025-05-05T16:56:32.437-0400	info	Started Worker	{"host": "127.0.0.1:54945", "Namespace": "namespace-42f52dc7-121e-4d0f-9fad-c806d0420c24", "TaskQueue": "temporal-sys-per-ns-tq", "WorkerID": "temporal-system@Shivams-MacBook-Pro.local@namespace-42f52dc7-121e-4d0f-9fad-c806d0420c24", "logging-call-at": "/Users/shivamsaraf/Desktop/work/temporal/common/log/with_logger.go:42"}
2025-05-05T16:56:32.437-0400	info	Started Worker	{"host": "127.0.0.1:54945", "Namespace": "foreign-namespace-91c55882-5146-4963-b046-ca2a47f2eb5f", "TaskQueue": "temporal-sys-per-ns-tq", "WorkerID": "temporal-system@Shivams-MacBook-Pro.local@foreign-namespace-91c55882-5146-4963-b046-ca2a47f2eb5f", "logging-call-at": "/Users/shivamsaraf/Desktop/work/temporal/common/log/with_logger.go:42"}
2025-05-05T16:56:32.437-0400	debug	Frontend method invoked.	{"host": "127.0.0.1:54942", "wf-namespace": "namespace-42f52dc7-121e-4d0f-9fad-c806d0420c24", "operation": "PollActivityTaskQueue", "server-name": "", "cert-thumbprint": "", "logging-call-at": "/Users/shivamsaraf/Desktop/work/temporal/common/log/with_logger.go:37"}
2025-05-05T16:56:32.437-0400	info	Started physicalTaskQueueManager	{"host": "127.0.0.1:54943", "component": "matching-engine", "wf-task-queue-name": "Shivams-MacBook-Pro.local:60a6fda2-0e9b-48ee-9cf6-818c24f3d3fa", "wf-task-queue-type": "Workflow", "wf-namespace": "foreign-namespace-91c55882-5146-4963-b046-ca2a47f2eb5f", "worker-build-id": "_unversioned_", "lifecycle": "Started", "cause": "Poll", "logging-call-at": "/Users/shivamsaraf/Desktop/work/temporal/common/log/with_logger.go:42"}
2025-05-05T16:56:32.437-0400	debug	Received PollActivityTaskQueue	{"host": "127.0.0.1:54942", "service": "frontend", "logging-call-at": "/Users/shivamsaraf/Desktop/work/temporal/common/log/with_logger.go:37"}
2025-05-05T16:56:32.437-0400	info	Started physicalTaskQueueManager	{"host": "127.0.0.1:54943", "component": "matching-engine", "wf-task-queue-name": "Shivams-MacBook-Pro.local:a5ad059e-ebfe-4ede-80ed-b76b7061bfd8", "wf-task-queue-type": "Workflow", "wf-namespace": "namespace-42f52dc7-121e-4d0f-9fad-c806d0420c24", "worker-build-id": "_unversioned_", "lifecycle": "Started", "cause": "Poll", "logging-call-at": "/Users/shivamsaraf/Desktop/work/temporal/common/log/with_logger.go:42"}
2025-05-05T16:56:32.437-0400	debug	Frontend method invoked.	{"host": "127.0.0.1:54942", "wf-namespace": "namespace-42f52dc7-121e-4d0f-9fad-c806d0420c24", "operation": "PollWorkflowTaskQueue", "server-name": "", "cert-thumbprint": "", "logging-call-at": "/Users/shivamsaraf/Desktop/work/temporal/common/log/with_logger.go:37"}
2025-05-05T16:56:32.438-0400	info	Quota changed	{"host": "127.0.0.1:54943", "service": "matching", "component": "persistence", "scope": "namespace", "wf-namespace": "foreign-namespace-91c55882-5146-4963-b046-ca2a47f2eb5f", "current-quota": null, "new-quota": 0, "logging-call-at": "/Users/shivamsaraf/Desktop/work/temporal/common/log/with_logger.go:42"}
2025-05-05T16:56:32.438-0400	debug	Frontend method invoked.	{"host": "127.0.0.1:54942", "wf-namespace": "foreign-namespace-91c55882-5146-4963-b046-ca2a47f2eb5f", "operation": "PollActivityTaskQueue", "server-name": "", "cert-thumbprint": "", "logging-call-at": "/Users/shivamsaraf/Desktop/work/temporal/common/log/with_logger.go:37"}
2025-05-05T16:56:32.438-0400	debug	Received PollActivityTaskQueue	{"host": "127.0.0.1:54942", "service": "frontend", "logging-call-at": "/Users/shivamsaraf/Desktop/work/temporal/common/log/with_logger.go:37"}
2025-05-05T16:56:32.438-0400	debug	Received PollWorkflowTaskQueue	{"host": "127.0.0.1:54942", "service": "frontend", "logging-call-at": "/Users/shivamsaraf/Desktop/work/temporal/common/log/with_logger.go:37"}
2025-05-05T16:56:32.438-0400	debug	Poll workflow task queue.	{"host": "127.0.0.1:54942", "service": "frontend", "wf-namespace": "namespace-42f52dc7-121e-4d0f-9fad-c806d0420c24", "wf-namespace-id": "16489026-76fa-49af-8333-d07c4a9341f7", "logging-call-at": "/Users/shivamsaraf/Desktop/work/temporal/common/log/with_logger.go:37"}
2025-05-05T16:56:32.438-0400	info	Started physicalTaskQueueManager	{"host": "127.0.0.1:54943", "component": "matching-engine", "wf-task-queue-name": "temporal-sys-per-ns-tq", "wf-task-queue-type": "Activity", "wf-namespace": "namespace-42f52dc7-121e-4d0f-9fad-c806d0420c24", "worker-build-id": "_unversioned_", "lifecycle": "Started", "cause": "Poll", "logging-call-at": "/Users/shivamsaraf/Desktop/work/temporal/common/log/with_logger.go:42"}
2025-05-05T16:56:32.438-0400	debug	returning empty user data (no data)	{"host": "127.0.0.1:54943", "component": "matching-engine", "wf-task-queue-name": "temporal-sys-per-ns-tq", "wf-task-queue-type": "Workflow", "wf-namespace": "namespace-42f52dc7-121e-4d0f-9fad-c806d0420c24", "long-poll": false, "logging-call-at": "/Users/shivamsaraf/Desktop/work/temporal/common/log/with_logger.go:37"}
2025-05-05T16:56:32.438-0400	info	Started physicalTaskQueueManager	{"host": "127.0.0.1:54943", "component": "matching-engine", "wf-task-queue-name": "temporal-sys-per-ns-tq", "wf-task-queue-type": "Workflow", "wf-namespace": "foreign-namespace-91c55882-5146-4963-b046-ca2a47f2eb5f", "worker-build-id": "_unversioned_", "lifecycle": "Started", "cause": "UserData", "logging-call-at": "/Users/shivamsaraf/Desktop/work/temporal/common/log/with_logger.go:42"}
2025-05-05T16:56:32.438-0400	debug	Frontend method invoked.	{"host": "127.0.0.1:54942", "wf-namespace": "namespace-42f52dc7-121e-4d0f-9fad-c806d0420c24", "operation": "PollActivityTaskQueue", "server-name": "", "cert-thumbprint": "", "logging-call-at": "/Users/shivamsaraf/Desktop/work/temporal/common/log/with_logger.go:37"}
2025-05-05T16:56:32.438-0400	debug	returning empty user data (no data)	{"host": "127.0.0.1:54943", "component": "matching-engine", "wf-task-queue-name": "temporal-sys-per-ns-tq", "wf-task-queue-type": "Workflow", "wf-namespace": "namespace-42f52dc7-121e-4d0f-9fad-c806d0420c24", "long-poll": false, "logging-call-at": "/Users/shivamsaraf/Desktop/work/temporal/common/log/with_logger.go:37"}
2025-05-05T16:56:32.438-0400	debug	Received PollActivityTaskQueue	{"host": "127.0.0.1:54942", "service": "frontend", "logging-call-at": "/Users/shivamsaraf/Desktop/work/temporal/common/log/with_logger.go:37"}
2025-05-05T16:56:32.438-0400	debug	fetched user data from parent, no change	{"host": "127.0.0.1:54943", "component": "matching-engine", "wf-task-queue-name": "temporal-sys-per-ns-tq", "wf-task-queue-type": "Activity", "wf-namespace": "namespace-42f52dc7-121e-4d0f-9fad-c806d0420c24", "logging-call-at": "/Users/shivamsaraf/Desktop/work/temporal/common/log/with_logger.go:37"}
2025-05-05T16:56:32.438-0400	info	loaded user data from db	{"host": "127.0.0.1:54943", "component": "matching-engine", "wf-task-queue-name": "temporal-sys-per-ns-tq", "wf-task-queue-type": "Workflow", "wf-namespace": "foreign-namespace-91c55882-5146-4963-b046-ca2a47f2eb5f", "user-data-version": 0, "timestamp": "1970-01-01T00:00:00.000Z", "logging-call-at": "/Users/shivamsaraf/Desktop/work/temporal/common/log/with_logger.go:42"}
2025-05-05T16:56:32.438-0400	debug	Frontend method invoked.	{"host": "127.0.0.1:54942", "wf-namespace": "foreign-namespace-91c55882-5146-4963-b046-ca2a47f2eb5f", "operation": "PollWorkflowTaskQueue", "server-name": "", "cert-thumbprint": "", "logging-call-at": "/Users/shivamsaraf/Desktop/work/temporal/common/log/with_logger.go:37"}
2025-05-05T16:56:32.438-0400	debug	Received PollWorkflowTaskQueue	{"host": "127.0.0.1:54942", "service": "frontend", "logging-call-at": "/Users/shivamsaraf/Desktop/work/temporal/common/log/with_logger.go:37"}
2025-05-05T16:56:32.439-0400	info	Started physicalTaskQueueManager	{"host": "127.0.0.1:54943", "component": "matching-engine", "wf-task-queue-name": "temporal-sys-per-ns-tq", "wf-task-queue-type": "Activity", "wf-namespace": "foreign-namespace-91c55882-5146-4963-b046-ca2a47f2eb5f", "worker-build-id": "_unversioned_", "lifecycle": "Started", "cause": "Poll", "logging-call-at": "/Users/shivamsaraf/Desktop/work/temporal/common/log/with_logger.go:42"}
2025-05-05T16:56:32.439-0400	debug	Poll workflow task queue.	{"host": "127.0.0.1:54942", "service": "frontend", "wf-namespace": "foreign-namespace-91c55882-5146-4963-b046-ca2a47f2eb5f", "wf-namespace-id": "8e091486-487d-4f8e-983d-859eaacca172", "logging-call-at": "/Users/shivamsaraf/Desktop/work/temporal/common/log/with_logger.go:37"}
2025-05-05T16:56:32.439-0400	debug	returning empty user data (no data)	{"host": "127.0.0.1:54943", "component": "matching-engine", "wf-task-queue-name": "temporal-sys-per-ns-tq", "wf-task-queue-type": "Workflow", "wf-namespace": "foreign-namespace-91c55882-5146-4963-b046-ca2a47f2eb5f", "long-poll": false, "logging-call-at": "/Users/shivamsaraf/Desktop/work/temporal/common/log/with_logger.go:37"}
2025-05-05T16:56:32.439-0400	debug	fetched user data from parent, no change	{"host": "127.0.0.1:54943", "component": "matching-engine", "wf-task-queue-name": "Shivams-MacBook-Pro.local:a5ad059e-ebfe-4ede-80ed-b76b7061bfd8", "wf-task-queue-type": "Workflow", "wf-namespace": "namespace-42f52dc7-121e-4d0f-9fad-c806d0420c24", "logging-call-at": "/Users/shivamsaraf/Desktop/work/temporal/common/log/with_logger.go:37"}
2025-05-05T16:56:32.439-0400	debug	fetched user data from parent, no change	{"host": "127.0.0.1:54943", "component": "matching-engine", "wf-task-queue-name": "Shivams-MacBook-Pro.local:60a6fda2-0e9b-48ee-9cf6-818c24f3d3fa", "wf-task-queue-type": "Workflow", "wf-namespace": "foreign-namespace-91c55882-5146-4963-b046-ca2a47f2eb5f", "logging-call-at": "/Users/shivamsaraf/Desktop/work/temporal/common/log/with_logger.go:37"}
2025-05-05T16:56:32.439-0400	debug	Workflow task updated	{"host": "127.0.0.1:54944", "shard-id": 3, "address": "127.0.0.1:54944", "wf-scheduled-event-id": 2, "wf-started-event-id": 3, "workflow-task-request-id": "d045f129-e9a6-4e3e-afaf-6bd95356f85b", "workflow-task-timeout": 10, "attempt": 1, "wf-started-timestamp": "2025-05-05T20:56:32.439Z", "wt-type": "Normal", "logging-call-at": "/Users/shivamsaraf/Desktop/work/temporal/common/log/with_logger.go:37"}
2025-05-05T16:56:32.439-0400	debug	returning empty user data (no data)	{"host": "127.0.0.1:54943", "component": "matching-engine", "wf-task-queue-name": "temporal-sys-per-ns-tq", "wf-task-queue-type": "Workflow", "wf-namespace": "foreign-namespace-91c55882-5146-4963-b046-ca2a47f2eb5f", "long-poll": false, "logging-call-at": "/Users/shivamsaraf/Desktop/work/temporal/common/log/with_logger.go:37"}
2025-05-05T16:56:32.439-0400	debug	Frontend method invoked.	{"host": "127.0.0.1:54942", "wf-namespace": "foreign-namespace-91c55882-5146-4963-b046-ca2a47f2eb5f", "operation": "PollActivityTaskQueue", "server-name": "", "cert-thumbprint": "", "logging-call-at": "/Users/shivamsaraf/Desktop/work/temporal/common/log/with_logger.go:37"}
2025-05-05T16:56:32.439-0400	debug	Received PollActivityTaskQueue	{"host": "127.0.0.1:54942", "service": "frontend", "logging-call-at": "/Users/shivamsaraf/Desktop/work/temporal/common/log/with_logger.go:37"}
2025-05-05T16:56:32.439-0400	debug	update state change	{"host": "127.0.0.1:54944", "shard-id": 3, "address": "127.0.0.1:54944", "wf-namespace-id": "16489026-76fa-49af-8333-d07c4a9341f7", "wf-id": "temporal-sys-worker-deployment:test-deployment-series", "wf-run-id": "0196a23c-6dd7-73c8-be3b-1a7ec93a2003", "update-id": "8795d3f3-7aba-4149-b53f-33c60080d8be", "from-state": "Admitted", "to-state": "Sent", "logging-call-at": "/Users/shivamsaraf/Desktop/work/temporal/common/log/with_logger.go:37"}
2025-05-05T16:56:32.439-0400	debug	Assigning new task key	{"host": "127.0.0.1:54944", "shard-id": 3, "address": "127.0.0.1:54944", "wf-namespace-id": "16489026-76fa-49af-8333-d07c4a9341f7", "wf-id": "temporal-sys-worker-deployment:test-deployment-series", "wf-run-id": "0196a23c-6dd7-73c8-be3b-1a7ec93a2003", "queue-task-type": "WorkflowTaskTimeout", "queue-task-id": 1048583, "timestamp": "2025-05-05T20:56:42.440Z", "cursor-timestamp": "2025-05-05T20:56:32.448Z", "logging-call-at": "/Users/shivamsaraf/Desktop/work/temporal/common/log/with_logger.go:37"}
2025-05-05T16:56:32.439-0400	debug	fetched user data from parent, no change	{"host": "127.0.0.1:54943", "component": "matching-engine", "wf-task-queue-name": "temporal-sys-per-ns-tq", "wf-task-queue-type": "Activity", "wf-namespace": "foreign-namespace-91c55882-5146-4963-b046-ca2a47f2eb5f", "logging-call-at": "/Users/shivamsaraf/Desktop/work/temporal/common/log/with_logger.go:37"}
2025-05-05T16:56:32.444-0400	debug	Frontend method invoked.	{"host": "127.0.0.1:54942", "wf-namespace": "namespace-42f52dc7-121e-4d0f-9fad-c806d0420c24", "operation": "PollWorkflowTaskQueue", "server-name": "", "cert-thumbprint": "", "logging-call-at": "/Users/shivamsaraf/Desktop/work/temporal/common/log/with_logger.go:37"}
2025-05-05T16:56:32.444-0400	debug	Received PollWorkflowTaskQueue	{"host": "127.0.0.1:54942", "service": "frontend", "logging-call-at": "/Users/shivamsaraf/Desktop/work/temporal/common/log/with_logger.go:37"}
2025-05-05T16:56:32.444-0400	debug	Poll workflow task queue.	{"host": "127.0.0.1:54942", "service": "frontend", "wf-namespace": "namespace-42f52dc7-121e-4d0f-9fad-c806d0420c24", "wf-namespace-id": "16489026-76fa-49af-8333-d07c4a9341f7", "logging-call-at": "/Users/shivamsaraf/Desktop/work/temporal/common/log/with_logger.go:37"}
Registering a version deployment_name:"test-deployment-series"  build_id:"one_1"
2025-05-05T16:56:32.445-0400	debug	ExecuteActivity	{"host": "127.0.0.1:54945", "Namespace": "namespace-42f52dc7-121e-4d0f-9fad-c806d0420c24", "TaskQueue": "temporal-sys-per-ns-tq", "WorkerID": "temporal-system@Shivams-MacBook-Pro.local@namespace-42f52dc7-121e-4d0f-9fad-c806d0420c24", "WorkflowType": "temporal-sys-worker-deployment-workflow", "WorkflowID": "temporal-sys-worker-deployment:test-deployment-series", "RunID": "0196a23c-6dd7-73c8-be3b-1a7ec93a2003", "Attempt": 0, "ActivityID": "8", "ActivityType": "RegisterWorkerInVersion", "logging-call-at": "/Users/shivamsaraf/Desktop/work/temporal/common/log/with_logger.go:37"}
2025-05-05T16:56:32.446-0400	debug	Frontend method invoked.	{"host": "127.0.0.1:54942", "wf-namespace": "namespace-42f52dc7-121e-4d0f-9fad-c806d0420c24", "operation": "RespondWorkflowTaskCompleted", "server-name": "", "cert-thumbprint": "", "logging-call-at": "/Users/shivamsaraf/Desktop/work/temporal/common/log/with_logger.go:37"}
2025-05-05T16:56:32.446-0400	debug	RespondWorkflowTaskCompleted	{"host": "127.0.0.1:54944", "service": "history", "wf-namespace-id": "16489026-76fa-49af-8333-d07c4a9341f7", "wf-id": "temporal-sys-worker-deployment:test-deployment-series", "wf-run-id": "0196a23c-6dd7-73c8-be3b-1a7ec93a2003", "wf-scheduled-event-id": 2, "logging-call-at": "/Users/shivamsaraf/Desktop/work/temporal/common/log/with_logger.go:37"}
2025-05-05T16:56:32.447-0400	debug	Workflow task updated	{"host": "127.0.0.1:54944", "shard-id": 3, "address": "127.0.0.1:54944", "wf-scheduled-event-id": 0, "wf-started-event-id": 0, "workflow-task-request-id": "emptyUuid", "workflow-task-timeout": 0, "attempt": 1, "wf-started-timestamp": "1970-01-01T00:00:00.000Z", "wt-type": "Unspecified", "logging-call-at": "/Users/shivamsaraf/Desktop/work/temporal/common/log/with_logger.go:37"}
2025-05-05T16:56:32.447-0400	debug	update state change	{"host": "127.0.0.1:54944", "shard-id": 3, "address": "127.0.0.1:54944", "wf-namespace-id": "16489026-76fa-49af-8333-d07c4a9341f7", "wf-id": "temporal-sys-worker-deployment:test-deployment-series", "wf-run-id": "0196a23c-6dd7-73c8-be3b-1a7ec93a2003", "update-id": "8795d3f3-7aba-4149-b53f-33c60080d8be", "from-state": "Sent", "to-state": "ProvisionallyAccepted", "logging-call-at": "/Users/shivamsaraf/Desktop/work/temporal/common/log/with_logger.go:37"}
2025-05-05T16:56:32.447-0400	debug	Assigning new task key	{"host": "127.0.0.1:54944", "shard-id": 3, "address": "127.0.0.1:54944", "wf-namespace-id": "16489026-76fa-49af-8333-d07c4a9341f7", "wf-id": "temporal-sys-worker-deployment:test-deployment-series", "wf-run-id": "0196a23c-6dd7-73c8-be3b-1a7ec93a2003", "queue-task-type": "VisibilityUpsertExecution", "queue-task-id": 1048591, "timestamp": "2025-05-05T20:56:32.447Z", "cursor-timestamp": "2025-05-05T20:56:32.448Z", "logging-call-at": "/Users/shivamsaraf/Desktop/work/temporal/common/log/with_logger.go:37"}
2025-05-05T16:56:32.447-0400	debug	Assigning new task key	{"host": "127.0.0.1:54944", "shard-id": 3, "address": "127.0.0.1:54944", "wf-namespace-id": "16489026-76fa-49af-8333-d07c4a9341f7", "wf-id": "temporal-sys-worker-deployment:test-deployment-series", "wf-run-id": "0196a23c-6dd7-73c8-be3b-1a7ec93a2003", "queue-task-type": "TransferActivityTask", "queue-task-id": 1048592, "timestamp": "2025-05-05T20:56:32.447Z", "cursor-timestamp": "2025-05-05T20:56:32.448Z", "logging-call-at": "/Users/shivamsaraf/Desktop/work/temporal/common/log/with_logger.go:37"}
2025-05-05T16:56:32.448-0400	debug	update state change	{"host": "127.0.0.1:54944", "shard-id": 3, "address": "127.0.0.1:54944", "wf-namespace-id": "16489026-76fa-49af-8333-d07c4a9341f7", "wf-id": "temporal-sys-worker-deployment:test-deployment-series", "wf-run-id": "0196a23c-6dd7-73c8-be3b-1a7ec93a2003", "update-id": "8795d3f3-7aba-4149-b53f-33c60080d8be", "from-state": "ProvisionallyAccepted", "to-state": "Accepted", "logging-call-at": "/Users/shivamsaraf/Desktop/work/temporal/common/log/with_logger.go:37"}
2025-05-05T16:56:32.448-0400	debug	Process task as active.	{"host": "127.0.0.1:54944", "shard-id": 3, "address": "127.0.0.1:54944", "component": "transfer-queue-processor", "wf-namespace-id": "16489026-76fa-49af-8333-d07c4a9341f7", "value": "16489026-76fa-49af-8333-d07c4a9341f7/temporal-sys-worker-deployment:test-deployment-series/0196a23c-6dd7-73c8-be3b-1a7ec93a2003", "logging-call-at": "/Users/shivamsaraf/Desktop/work/temporal/common/log/with_logger.go:37"}
2025-05-05T16:56:32.448-0400	debug	deployment client success	{"host": "127.0.0.1:54942", "operation": "DescribeWorkerDeployment", "elapsed": 0.903050792, "args": ["test-deployment-series"], "logging-call-at": "/Users/shivamsaraf/Desktop/work/temporal/common/log/with_logger.go:37"}
2025-05-05T16:56:32.449-0400	debug	Frontend method invoked.	{"host": "127.0.0.1:54942", "wf-namespace": "namespace-42f52dc7-121e-4d0f-9fad-c806d0420c24", "operation": "DescribeWorkerDeploymentVersion", "server-name": "", "cert-thumbprint": "", "logging-call-at": "/Users/shivamsaraf/Desktop/work/temporal/common/log/with_logger.go:37"}
2025-05-05T16:56:32.449-0400	debug	Assigning new task key	{"host": "127.0.0.1:54944", "shard-id": 3, "address": "127.0.0.1:54944", "wf-namespace-id": "16489026-76fa-49af-8333-d07c4a9341f7", "wf-id": "temporal-sys-worker-deployment:test-deployment-series", "wf-run-id": "0196a23c-6dd7-73c8-be3b-1a7ec93a2003", "queue-task-type": "ActivityTimeout", "queue-task-id": 1048593, "timestamp": "2025-05-05T20:57:32.450Z", "cursor-timestamp": "2025-05-05T20:56:33.448Z", "logging-call-at": "/Users/shivamsaraf/Desktop/work/temporal/common/log/with_logger.go:37"}
2025-05-05T16:56:32.450-0400	error	deployment client error	{"host": "127.0.0.1:54942", "error": "Worker Deployment Version not found", "operation": "DescribeVersion", "elapsed": 0.001548417, "args": ["test-deployment-series","one_1"], "logging-call-at": "/Users/shivamsaraf/Desktop/work/temporal/common/log/with_logger.go:52"}
go.temporal.io/server/common/log.(*zapLogger).Error
	/Users/shivamsaraf/Desktop/work/temporal/common/log/zap_logger.go:132
go.temporal.io/server/common/testing/testlogger.(*TestLogger).Error
	/Users/shivamsaraf/Desktop/work/temporal/common/testing/testlogger/testlogger.go:344
go.temporal.io/server/common/log.(*withLogger).Error
	/Users/shivamsaraf/Desktop/work/temporal/common/log/with_logger.go:52
go.temporal.io/server/service/worker/workerdeployment.(*ClientImpl).DescribeVersion.(*ClientImpl).record.func1
	/Users/shivamsaraf/Desktop/work/temporal/service/worker/workerdeployment/client.go:1263
go.temporal.io/server/service/worker/workerdeployment.(*ClientImpl).DescribeVersion
	/Users/shivamsaraf/Desktop/work/temporal/service/worker/workerdeployment/client.go:290
go.temporal.io/server/service/frontend.(*WorkflowHandler).DescribeWorkerDeploymentVersion
	/Users/shivamsaraf/Desktop/work/temporal/service/frontend/workflow_handler.go:3357
go.temporal.io/api/workflowservice/v1._WorkflowService_DescribeWorkerDeploymentVersion_Handler.func1
	/Users/shivamsaraf/go/pkg/mod/go.temporal.io/api@v1.49.0/workflowservice/v1/service_grpc.pb.go:3429
go.temporal.io/server/common/rpc/interceptor.(*RetryableInterceptor).Intercept.func1
	/Users/shivamsaraf/Desktop/work/temporal/common/rpc/interceptor/retry.go:38
go.temporal.io/server/common/backoff.ThrottleRetryContext
	/Users/shivamsaraf/Desktop/work/temporal/common/backoff/retry.go:65
go.temporal.io/server/common/rpc/interceptor.(*RetryableInterceptor).Intercept
	/Users/shivamsaraf/Desktop/work/temporal/common/rpc/interceptor/retry.go:42
google.golang.org/grpc.getChainUnaryHandler.func1
	/Users/shivamsaraf/go/pkg/mod/google.golang.org/grpc@v1.71.0/server.go:1217
go.temporal.io/server/common/rpc/interceptor.(*CallerInfoInterceptor).Intercept
	/Users/shivamsaraf/Desktop/work/temporal/common/rpc/interceptor/caller_info.go:40
google.golang.org/grpc.getChainUnaryHandler.func1
	/Users/shivamsaraf/go/pkg/mod/google.golang.org/grpc@v1.71.0/server.go:1217
go.temporal.io/server/common/rpc/interceptor.(*SDKVersionInterceptor).Intercept
	/Users/shivamsaraf/Desktop/work/temporal/common/rpc/interceptor/sdk_version.go:44
google.golang.org/grpc.getChainUnaryHandler.func1
	/Users/shivamsaraf/go/pkg/mod/google.golang.org/grpc@v1.71.0/server.go:1217
go.temporal.io/server/common/rpc/interceptor.(*RateLimitInterceptor).Intercept
	/Users/shivamsaraf/Desktop/work/temporal/common/rpc/interceptor/rate_limit.go:64
google.golang.org/grpc.getChainUnaryHandler.func1
	/Users/shivamsaraf/go/pkg/mod/google.golang.org/grpc@v1.71.0/server.go:1217
go.temporal.io/server/common/rpc/interceptor.(*NamespaceRateLimitInterceptorImpl).Intercept
	/Users/shivamsaraf/Desktop/work/temporal/common/rpc/interceptor/namespace_rate_limit.go:77
google.golang.org/grpc.getChainUnaryHandler.func1
	/Users/shivamsaraf/go/pkg/mod/google.golang.org/grpc@v1.71.0/server.go:1217
go.temporal.io/server/common/rpc/interceptor.(*ConcurrentRequestLimitInterceptor).Intercept
	/Users/shivamsaraf/Desktop/work/temporal/common/rpc/interceptor/concurrent_request_limit.go:83
google.golang.org/grpc.getChainUnaryHandler.func1
	/Users/shivamsaraf/go/pkg/mod/google.golang.org/grpc@v1.71.0/server.go:1217
go.temporal.io/server/common/rpc/interceptor.(*NamespaceValidatorInterceptor).StateValidationIntercept
	/Users/shivamsaraf/Desktop/work/temporal/common/rpc/interceptor/namespace_validator.go:210
google.golang.org/grpc.getChainUnaryHandler.func1
	/Users/shivamsaraf/go/pkg/mod/google.golang.org/grpc@v1.71.0/server.go:1217
go.temporal.io/server/common/rpc/interceptor.(*HealthInterceptor).Intercept
	/Users/shivamsaraf/Desktop/work/temporal/common/rpc/interceptor/health.go:41
google.golang.org/grpc.getChainUnaryHandler.func1
	/Users/shivamsaraf/go/pkg/mod/google.golang.org/grpc@v1.71.0/server.go:1217
go.temporal.io/server/common/rpc/interceptor.(*TelemetryInterceptor).UnaryIntercept
	/Users/shivamsaraf/Desktop/work/temporal/common/rpc/interceptor/telemetry.go:176
google.golang.org/grpc.getChainUnaryHandler.func1
	/Users/shivamsaraf/go/pkg/mod/google.golang.org/grpc@v1.71.0/server.go:1217
go.temporal.io/server/common/rpc/interceptor.(*Redirection).handleRedirectAPIInvocation.func2
	/Users/shivamsaraf/Desktop/work/temporal/common/rpc/interceptor/redirection.go:247
go.temporal.io/server/common/rpc/interceptor.(*NoopRedirectionPolicy).WithNamespaceRedirect
	/Users/shivamsaraf/Desktop/work/temporal/common/rpc/interceptor/dc_redirection_policy.go:101
go.temporal.io/server/common/rpc/interceptor.(*Redirection).handleRedirectAPIInvocation
	/Users/shivamsaraf/Desktop/work/temporal/common/rpc/interceptor/redirection.go:244
go.temporal.io/server/common/rpc/interceptor.(*Redirection).Intercept
	/Users/shivamsaraf/Desktop/work/temporal/common/rpc/interceptor/redirection.go:204
google.golang.org/grpc.getChainUnaryHandler.func1
	/Users/shivamsaraf/go/pkg/mod/google.golang.org/grpc@v1.71.0/server.go:1217
go.temporal.io/server/common/rpc/interceptor.(*NamespaceHandoverInterceptor).Intercept
	/Users/shivamsaraf/Desktop/work/temporal/common/rpc/interceptor/namespace_handover.go:85
google.golang.org/grpc.getChainUnaryHandler.func1
	/Users/shivamsaraf/go/pkg/mod/google.golang.org/grpc@v1.71.0/server.go:1217
go.temporal.io/server/common/authorization.(*Interceptor).Intercept
	/Users/shivamsaraf/Desktop/work/temporal/common/authorization/interceptor.go:154
google.golang.org/grpc.getChainUnaryHandler.func1
	/Users/shivamsaraf/go/pkg/mod/google.golang.org/grpc@v1.71.0/server.go:1217
go.temporal.io/server/service/frontend.GrpcServerOptionsProvider.NewServerMetricsContextInjectorInterceptor.func2
	/Users/shivamsaraf/Desktop/work/temporal/common/metrics/grpc.go:41
google.golang.org/grpc.getChainUnaryHandler.func1
	/Users/shivamsaraf/go/pkg/mod/google.golang.org/grpc@v1.71.0/server.go:1217
go.temporal.io/server/common/rpc/interceptor.(*NamespaceLogInterceptor).Intercept
	/Users/shivamsaraf/Desktop/work/temporal/common/rpc/interceptor/namespace_logger.go:60
google.golang.org/grpc.getChainUnaryHandler.func1
	/Users/shivamsaraf/go/pkg/mod/google.golang.org/grpc@v1.71.0/server.go:1217
go.temporal.io/server/common/rpc/interceptor.(*NamespaceValidatorInterceptor).NamespaceValidateIntercept
	/Users/shivamsaraf/Desktop/work/temporal/common/rpc/interceptor/namespace_validator.go:121
google.golang.org/grpc.getChainUnaryHandler.func1
	/Users/shivamsaraf/go/pkg/mod/google.golang.org/grpc@v1.71.0/server.go:1217
go.temporal.io/server/service/frontend.GrpcServerOptionsProvider.NewFrontendServiceErrorInterceptor.func1
	/Users/shivamsaraf/Desktop/work/temporal/common/rpc/grpc.go:135
google.golang.org/grpc.getChainUnaryHandler.func1
	/Users/shivamsaraf/go/pkg/mod/google.golang.org/grpc@v1.71.0/server.go:1217
go.temporal.io/server/common/rpc/interceptor.ServiceErrorInterceptor
	/Users/shivamsaraf/Desktop/work/temporal/common/rpc/interceptor/service_error_interceptor.go:19
google.golang.org/grpc.getChainUnaryHandler.func1
	/Users/shivamsaraf/go/pkg/mod/google.golang.org/grpc@v1.71.0/server.go:1217
go.temporal.io/server/common/rpc/interceptor.(*MaskInternalErrorDetailsInterceptor).Intercept
	/Users/shivamsaraf/Desktop/work/temporal/common/rpc/interceptor/mask_internal_error.go:51
google.golang.org/grpc.NewServer.chainUnaryServerInterceptors.chainUnaryInterceptors.func1
	/Users/shivamsaraf/go/pkg/mod/google.golang.org/grpc@v1.71.0/server.go:1208
go.temporal.io/api/workflowservice/v1._WorkflowService_DescribeWorkerDeploymentVersion_Handler
	/Users/shivamsaraf/go/pkg/mod/go.temporal.io/api@v1.49.0/workflowservice/v1/service_grpc.pb.go:3431
google.golang.org/grpc.(*Server).processUnaryRPC
	/Users/shivamsaraf/go/pkg/mod/google.golang.org/grpc@v1.71.0/server.go:1405
google.golang.org/grpc.(*Server).handleStream
	/Users/shivamsaraf/go/pkg/mod/google.golang.org/grpc@v1.71.0/server.go:1815
google.golang.org/grpc.(*Server).serveStreams.func2.1
	/Users/shivamsaraf/go/pkg/mod/google.golang.org/grpc@v1.71.0/server.go:1035
2025-05-05T16:56:32.451-0400	debug	Frontend method invoked.	{"host": "127.0.0.1:54942", "wf-namespace": "namespace-42f52dc7-121e-4d0f-9fad-c806d0420c24", "operation": "DescribeWorkerDeployment", "server-name": "", "cert-thumbprint": "", "logging-call-at": "/Users/shivamsaraf/Desktop/work/temporal/common/log/with_logger.go:37"}
2025-05-05T16:56:32.451-0400	debug	Frontend method invoked.	{"host": "127.0.0.1:54942", "wf-namespace": "namespace-42f52dc7-121e-4d0f-9fad-c806d0420c24", "operation": "PollActivityTaskQueue", "server-name": "", "cert-thumbprint": "", "logging-call-at": "/Users/shivamsaraf/Desktop/work/temporal/common/log/with_logger.go:37"}
2025-05-05T16:56:32.451-0400	debug	Received PollActivityTaskQueue	{"host": "127.0.0.1:54942", "service": "frontend", "logging-call-at": "/Users/shivamsaraf/Desktop/work/temporal/common/log/with_logger.go:37"}
2025-05-05T16:56:32.452-0400	debug	Frontend method invoked.	{"host": "127.0.0.1:54942", "wf-namespace": "namespace-42f52dc7-121e-4d0f-9fad-c806d0420c24", "operation": "PollWorkflowTaskQueue", "server-name": "", "cert-thumbprint": "", "logging-call-at": "/Users/shivamsaraf/Desktop/work/temporal/common/log/with_logger.go:37"}
2025-05-05T16:56:32.452-0400	debug	Received PollWorkflowTaskQueue	{"host": "127.0.0.1:54942", "service": "frontend", "logging-call-at": "/Users/shivamsaraf/Desktop/work/temporal/common/log/with_logger.go:37"}
2025-05-05T16:56:32.452-0400	debug	Poll workflow task queue.	{"host": "127.0.0.1:54942", "service": "frontend", "wf-namespace": "namespace-42f52dc7-121e-4d0f-9fad-c806d0420c24", "wf-namespace-id": "16489026-76fa-49af-8333-d07c4a9341f7", "logging-call-at": "/Users/shivamsaraf/Desktop/work/temporal/common/log/with_logger.go:37"}
2025-05-05T16:56:32.452-0400	debug	Workflow task updated	{"host": "127.0.0.1:54944", "shard-id": 3, "address": "127.0.0.1:54944", "wf-scheduled-event-id": 2, "wf-started-event-id": 0, "workflow-task-request-id": "emptyUuid", "workflow-task-timeout": 10, "attempt": 1, "wf-started-timestamp": "0001-01-01T00:00:00.000Z", "wt-type": "Normal", "logging-call-at": "/Users/shivamsaraf/Desktop/work/temporal/common/log/with_logger.go:37"}
2025-05-05T16:56:32.452-0400	debug	update state change	{"host": "127.0.0.1:54944", "shard-id": 3, "address": "127.0.0.1:54944", "wf-namespace-id": "16489026-76fa-49af-8333-d07c4a9341f7", "wf-id": "temporal-sys-worker-deployment-version:test-deployment-series.one_1", "wf-run-id": "0196a23c-71c4-7562-b9f3-b79a39e939cd", "update-id": "abd470b6-05a9-4412-9570-fad94f26b7a7", "from-state": "Created", "to-state": "ProvisionallyAdmitted", "logging-call-at": "/Users/shivamsaraf/Desktop/work/temporal/common/log/with_logger.go:37"}
2025-05-05T16:56:32.452-0400	debug	update state change	{"host": "127.0.0.1:54944", "shard-id": 3, "address": "127.0.0.1:54944", "wf-namespace-id": "16489026-76fa-49af-8333-d07c4a9341f7", "wf-id": "temporal-sys-worker-deployment-version:test-deployment-series.one_1", "wf-run-id": "0196a23c-71c4-7562-b9f3-b79a39e939cd", "update-id": "abd470b6-05a9-4412-9570-fad94f26b7a7", "from-state": "ProvisionallyAdmitted", "to-state": "Admitted", "logging-call-at": "/Users/shivamsaraf/Desktop/work/temporal/common/log/with_logger.go:37"}
2025-05-05T16:56:32.452-0400	debug	Assigning new task key	{"host": "127.0.0.1:54944", "shard-id": 3, "address": "127.0.0.1:54944", "wf-namespace-id": "16489026-76fa-49af-8333-d07c4a9341f7", "wf-id": "temporal-sys-worker-deployment-version:test-deployment-series.one_1", "wf-run-id": "0196a23c-71c4-7562-b9f3-b79a39e939cd", "queue-task-type": "VisibilityStartExecution", "queue-task-id": 1048598, "timestamp": "2025-05-05T20:56:32.452Z", "cursor-timestamp": "2025-05-05T20:56:33.448Z", "logging-call-at": "/Users/shivamsaraf/Desktop/work/temporal/common/log/with_logger.go:37"}
2025-05-05T16:56:32.452-0400	debug	Assigning new task key	{"host": "127.0.0.1:54944", "shard-id": 3, "address": "127.0.0.1:54944", "wf-namespace-id": "16489026-76fa-49af-8333-d07c4a9341f7", "wf-id": "temporal-sys-worker-deployment-version:test-deployment-series.one_1", "wf-run-id": "0196a23c-71c4-7562-b9f3-b79a39e939cd", "queue-task-type": "TransferWorkflowTask", "queue-task-id": 1048599, "timestamp": "2025-05-05T20:56:32.452Z", "cursor-timestamp": "2025-05-05T20:56:33.448Z", "logging-call-at": "/Users/shivamsaraf/Desktop/work/temporal/common/log/with_logger.go:37"}
2025-05-05T16:56:32.452-0400	debug	Frontend method invoked.	{"host": "127.0.0.1:54942", "wf-namespace": "namespace-42f52dc7-121e-4d0f-9fad-c806d0420c24", "operation": "RespondQueryTaskCompleted", "server-name": "", "cert-thumbprint": "", "logging-call-at": "/Users/shivamsaraf/Desktop/work/temporal/common/log/with_logger.go:37"}
2025-05-05T16:56:32.453-0400	debug	Process task as active.	{"host": "127.0.0.1:54944", "shard-id": 3, "address": "127.0.0.1:54944", "component": "transfer-queue-processor", "wf-namespace-id": "16489026-76fa-49af-8333-d07c4a9341f7", "value": "16489026-76fa-49af-8333-d07c4a9341f7/temporal-sys-worker-deployment-version:test-deployment-series.one_1/0196a23c-71c4-7562-b9f3-b79a39e939cd", "logging-call-at": "/Users/shivamsaraf/Desktop/work/temporal/common/log/with_logger.go:37"}
2025-05-05T16:56:32.453-0400	debug	deployment client success	{"host": "127.0.0.1:54942", "operation": "DescribeWorkerDeployment", "elapsed": 0.001981958, "args": ["test-deployment-series"], "logging-call-at": "/Users/shivamsaraf/Desktop/work/temporal/common/log/with_logger.go:37"}
2025-05-05T16:56:32.453-0400	debug	Workflow task updated	{"host": "127.0.0.1:54944", "shard-id": 3, "address": "127.0.0.1:54944", "wf-scheduled-event-id": 2, "wf-started-event-id": 3, "workflow-task-request-id": "f4890853-e6cb-459c-864c-dc51e31209f3", "workflow-task-timeout": 10, "attempt": 1, "wf-started-timestamp": "2025-05-05T20:56:32.453Z", "wt-type": "Normal", "logging-call-at": "/Users/shivamsaraf/Desktop/work/temporal/common/log/with_logger.go:37"}
2025-05-05T16:56:32.453-0400	debug	update state change	{"host": "127.0.0.1:54944", "shard-id": 3, "address": "127.0.0.1:54944", "wf-namespace-id": "16489026-76fa-49af-8333-d07c4a9341f7", "wf-id": "temporal-sys-worker-deployment-version:test-deployment-series.one_1", "wf-run-id": "0196a23c-71c4-7562-b9f3-b79a39e939cd", "update-id": "abd470b6-05a9-4412-9570-fad94f26b7a7", "from-state": "Admitted", "to-state": "Sent", "logging-call-at": "/Users/shivamsaraf/Desktop/work/temporal/common/log/with_logger.go:37"}
2025-05-05T16:56:32.453-0400	debug	Assigning new task key	{"host": "127.0.0.1:54944", "shard-id": 3, "address": "127.0.0.1:54944", "wf-namespace-id": "16489026-76fa-49af-8333-d07c4a9341f7", "wf-id": "temporal-sys-worker-deployment-version:test-deployment-series.one_1", "wf-run-id": "0196a23c-71c4-7562-b9f3-b79a39e939cd", "queue-task-type": "WorkflowTaskTimeout", "queue-task-id": 1048602, "timestamp": "2025-05-05T20:56:42.454Z", "cursor-timestamp": "2025-05-05T20:56:33.452Z", "logging-call-at": "/Users/shivamsaraf/Desktop/work/temporal/common/log/with_logger.go:37"}
2025-05-05T16:56:32.454-0400	debug	Frontend method invoked.	{"host": "127.0.0.1:54942", "wf-namespace": "namespace-42f52dc7-121e-4d0f-9fad-c806d0420c24", "operation": "PollWorkflowTaskQueue", "server-name": "", "cert-thumbprint": "", "logging-call-at": "/Users/shivamsaraf/Desktop/work/temporal/common/log/with_logger.go:37"}
2025-05-05T16:56:32.454-0400	debug	Received PollWorkflowTaskQueue	{"host": "127.0.0.1:54942", "service": "frontend", "logging-call-at": "/Users/shivamsaraf/Desktop/work/temporal/common/log/with_logger.go:37"}
2025-05-05T16:56:32.454-0400	debug	Poll workflow task queue.	{"host": "127.0.0.1:54942", "service": "frontend", "wf-namespace": "namespace-42f52dc7-121e-4d0f-9fad-c806d0420c24", "wf-namespace-id": "16489026-76fa-49af-8333-d07c4a9341f7", "logging-call-at": "/Users/shivamsaraf/Desktop/work/temporal/common/log/with_logger.go:37"}
2025-05-05T16:56:32.454-0400	debug	ExecuteActivity	{"host": "127.0.0.1:54945", "Namespace": "namespace-42f52dc7-121e-4d0f-9fad-c806d0420c24", "TaskQueue": "temporal-sys-per-ns-tq", "WorkerID": "temporal-system@Shivams-MacBook-Pro.local@namespace-42f52dc7-121e-4d0f-9fad-c806d0420c24", "WorkflowType": "temporal-sys-worker-deployment-version-workflow", "WorkflowID": "temporal-sys-worker-deployment-version:test-deployment-series.one_1", "RunID": "0196a23c-71c4-7562-b9f3-b79a39e939cd", "Attempt": 0, "ActivityID": "8", "ActivityType": "SyncDeploymentVersionUserData", "logging-call-at": "/Users/shivamsaraf/Desktop/work/temporal/common/log/with_logger.go:37"}
2025-05-05T16:56:32.455-0400	debug	SideEffect Marker added	{"host": "127.0.0.1:54945", "Namespace": "namespace-42f52dc7-121e-4d0f-9fad-c806d0420c24", "TaskQueue": "temporal-sys-per-ns-tq", "WorkerID": "temporal-system@Shivams-MacBook-Pro.local@namespace-42f52dc7-121e-4d0f-9fad-c806d0420c24", "WorkflowType": "temporal-sys-worker-deployment-version-workflow", "WorkflowID": "temporal-sys-worker-deployment-version:test-deployment-series.one_1", "RunID": "0196a23c-71c4-7562-b9f3-b79a39e939cd", "Attempt": 0, "SideEffectID": 1, "logging-call-at": "/Users/shivamsaraf/Desktop/work/temporal/common/log/with_logger.go:37"}
2025-05-05T16:56:32.455-0400	debug	ExecuteActivity	{"host": "127.0.0.1:54945", "Namespace": "namespace-42f52dc7-121e-4d0f-9fad-c806d0420c24", "TaskQueue": "temporal-sys-per-ns-tq", "WorkerID": "temporal-system@Shivams-MacBook-Pro.local@namespace-42f52dc7-121e-4d0f-9fad-c806d0420c24", "WorkflowType": "temporal-sys-worker-deployment-version-workflow", "WorkflowID": "temporal-sys-worker-deployment-version:test-deployment-series.one_1", "RunID": "0196a23c-71c4-7562-b9f3-b79a39e939cd", "Attempt": 0, "ActivityID": "10", "ActivityType": "StartWorkerDeploymentWorkflow", "logging-call-at": "/Users/shivamsaraf/Desktop/work/temporal/common/log/with_logger.go:37"}
2025-05-05T16:56:32.455-0400	debug	Frontend method invoked.	{"host": "127.0.0.1:54942", "wf-namespace": "namespace-42f52dc7-121e-4d0f-9fad-c806d0420c24", "operation": "RespondWorkflowTaskCompleted", "server-name": "", "cert-thumbprint": "", "logging-call-at": "/Users/shivamsaraf/Desktop/work/temporal/common/log/with_logger.go:37"}
2025-05-05T16:56:32.455-0400	debug	RespondWorkflowTaskCompleted	{"host": "127.0.0.1:54944", "service": "history", "wf-namespace-id": "16489026-76fa-49af-8333-d07c4a9341f7", "wf-id": "temporal-sys-worker-deployment-version:test-deployment-series.one_1", "wf-run-id": "0196a23c-71c4-7562-b9f3-b79a39e939cd", "wf-scheduled-event-id": 2, "logging-call-at": "/Users/shivamsaraf/Desktop/work/temporal/common/log/with_logger.go:37"}
2025-05-05T16:56:32.455-0400	debug	Workflow task updated	{"host": "127.0.0.1:54944", "shard-id": 3, "address": "127.0.0.1:54944", "wf-scheduled-event-id": 0, "wf-started-event-id": 0, "workflow-task-request-id": "emptyUuid", "workflow-task-timeout": 0, "attempt": 1, "wf-started-timestamp": "1970-01-01T00:00:00.000Z", "wt-type": "Unspecified", "logging-call-at": "/Users/shivamsaraf/Desktop/work/temporal/common/log/with_logger.go:37"}
2025-05-05T16:56:32.455-0400	debug	update state change	{"host": "127.0.0.1:54944", "shard-id": 3, "address": "127.0.0.1:54944", "wf-namespace-id": "16489026-76fa-49af-8333-d07c4a9341f7", "wf-id": "temporal-sys-worker-deployment-version:test-deployment-series.one_1", "wf-run-id": "0196a23c-71c4-7562-b9f3-b79a39e939cd", "update-id": "abd470b6-05a9-4412-9570-fad94f26b7a7", "from-state": "Sent", "to-state": "ProvisionallyAccepted", "logging-call-at": "/Users/shivamsaraf/Desktop/work/temporal/common/log/with_logger.go:37"}
2025-05-05T16:56:32.455-0400	debug	Assigning new task key	{"host": "127.0.0.1:54944", "shard-id": 3, "address": "127.0.0.1:54944", "wf-namespace-id": "16489026-76fa-49af-8333-d07c4a9341f7", "wf-id": "temporal-sys-worker-deployment-version:test-deployment-series.one_1", "wf-run-id": "0196a23c-71c4-7562-b9f3-b79a39e939cd", "queue-task-type": "VisibilityUpsertExecution", "queue-task-id": 1048612, "timestamp": "2025-05-05T20:56:32.455Z", "cursor-timestamp": "2025-05-05T20:56:33.452Z", "logging-call-at": "/Users/shivamsaraf/Desktop/work/temporal/common/log/with_logger.go:37"}
2025-05-05T16:56:32.455-0400	debug	Assigning new task key	{"host": "127.0.0.1:54944", "shard-id": 3, "address": "127.0.0.1:54944", "wf-namespace-id": "16489026-76fa-49af-8333-d07c4a9341f7", "wf-id": "temporal-sys-worker-deployment-version:test-deployment-series.one_1", "wf-run-id": "0196a23c-71c4-7562-b9f3-b79a39e939cd", "queue-task-type": "TransferActivityTask", "queue-task-id": 1048613, "timestamp": "2025-05-05T20:56:32.455Z", "cursor-timestamp": "2025-05-05T20:56:33.452Z", "logging-call-at": "/Users/shivamsaraf/Desktop/work/temporal/common/log/with_logger.go:37"}
2025-05-05T16:56:32.455-0400	debug	Assigning new task key	{"host": "127.0.0.1:54944", "shard-id": 3, "address": "127.0.0.1:54944", "wf-namespace-id": "16489026-76fa-49af-8333-d07c4a9341f7", "wf-id": "temporal-sys-worker-deployment-version:test-deployment-series.one_1", "wf-run-id": "0196a23c-71c4-7562-b9f3-b79a39e939cd", "queue-task-type": "TransferActivityTask", "queue-task-id": 1048614, "timestamp": "2025-05-05T20:56:32.455Z", "cursor-timestamp": "2025-05-05T20:56:33.452Z", "logging-call-at": "/Users/shivamsaraf/Desktop/work/temporal/common/log/with_logger.go:37"}
2025-05-05T16:56:32.456-0400	debug	update state change	{"host": "127.0.0.1:54944", "shard-id": 3, "address": "127.0.0.1:54944", "wf-namespace-id": "16489026-76fa-49af-8333-d07c4a9341f7", "wf-id": "temporal-sys-worker-deployment-version:test-deployment-series.one_1", "wf-run-id": "0196a23c-71c4-7562-b9f3-b79a39e939cd", "update-id": "abd470b6-05a9-4412-9570-fad94f26b7a7", "from-state": "ProvisionallyAccepted", "to-state": "Accepted", "logging-call-at": "/Users/shivamsaraf/Desktop/work/temporal/common/log/with_logger.go:37"}
2025-05-05T16:56:32.456-0400	debug	Process task as active.	{"host": "127.0.0.1:54944", "shard-id": 3, "address": "127.0.0.1:54944", "component": "transfer-queue-processor", "wf-namespace-id": "16489026-76fa-49af-8333-d07c4a9341f7", "value": "16489026-76fa-49af-8333-d07c4a9341f7/temporal-sys-worker-deployment-version:test-deployment-series.one_1/0196a23c-71c4-7562-b9f3-b79a39e939cd", "logging-call-at": "/Users/shivamsaraf/Desktop/work/temporal/common/log/with_logger.go:37"}
2025-05-05T16:56:32.456-0400	debug	Process task as active.	{"host": "127.0.0.1:54944", "shard-id": 3, "address": "127.0.0.1:54944", "component": "transfer-queue-processor", "wf-namespace-id": "16489026-76fa-49af-8333-d07c4a9341f7", "value": "16489026-76fa-49af-8333-d07c4a9341f7/temporal-sys-worker-deployment-version:test-deployment-series.one_1/0196a23c-71c4-7562-b9f3-b79a39e939cd", "logging-call-at": "/Users/shivamsaraf/Desktop/work/temporal/common/log/with_logger.go:37"}
2025-05-05T16:56:32.456-0400	debug	Assigning new task key	{"host": "127.0.0.1:54944", "shard-id": 3, "address": "127.0.0.1:54944", "wf-namespace-id": "16489026-76fa-49af-8333-d07c4a9341f7", "wf-id": "temporal-sys-worker-deployment-version:test-deployment-series.one_1", "wf-run-id": "0196a23c-71c4-7562-b9f3-b79a39e939cd", "queue-task-type": "ActivityTimeout", "queue-task-id": 1048615, "timestamp": "2025-05-05T20:57:32.457Z", "cursor-timestamp": "2025-05-05T20:56:33.456Z", "logging-call-at": "/Users/shivamsaraf/Desktop/work/temporal/common/log/with_logger.go:37"}
2025-05-05T16:56:32.457-0400	debug	Frontend method invoked.	{"host": "127.0.0.1:54942", "wf-namespace": "namespace-42f52dc7-121e-4d0f-9fad-c806d0420c24", "operation": "PollActivityTaskQueue", "server-name": "", "cert-thumbprint": "", "logging-call-at": "/Users/shivamsaraf/Desktop/work/temporal/common/log/with_logger.go:37"}
2025-05-05T16:56:32.458-0400	debug	Received PollActivityTaskQueue	{"host": "127.0.0.1:54942", "service": "frontend", "logging-call-at": "/Users/shivamsaraf/Desktop/work/temporal/common/log/with_logger.go:37"}
2025-05-05T16:56:32.457-0400	info	syncing task queue userdata for deployment version	{"host": "127.0.0.1:54945", "Namespace": "namespace-42f52dc7-121e-4d0f-9fad-c806d0420c24", "TaskQueue": "temporal-sys-per-ns-tq", "WorkerID": "temporal-system@Shivams-MacBook-Pro.local@namespace-42f52dc7-121e-4d0f-9fad-c806d0420c24", "ActivityID": "8", "ActivityType": "SyncDeploymentVersionUserData", "Attempt": 1, "WorkflowType": "temporal-sys-worker-deployment-version-workflow", "WorkflowID": "temporal-sys-worker-deployment-version:test-deployment-series.one_1", "RunID": "0196a23c-71c4-7562-b9f3-b79a39e939cd", "taskQueue": "rsion_DrainingVersion-56fd90ab_task_queue", "types": [1], "logging-call-at": "/Users/shivamsaraf/Desktop/work/temporal/common/log/with_logger.go:42"}
2025-05-05T16:56:32.458-0400	info	starting worker-deployment workflow	{"host": "127.0.0.1:54945", "Namespace": "namespace-42f52dc7-121e-4d0f-9fad-c806d0420c24", "TaskQueue": "temporal-sys-per-ns-tq", "WorkerID": "temporal-system@Shivams-MacBook-Pro.local@namespace-42f52dc7-121e-4d0f-9fad-c806d0420c24", "ActivityID": "10", "ActivityType": "StartWorkerDeploymentWorkflow", "Attempt": 1, "WorkflowType": "temporal-sys-worker-deployment-version-workflow", "WorkflowID": "temporal-sys-worker-deployment-version:test-deployment-series.one_1", "RunID": "0196a23c-71c4-7562-b9f3-b79a39e939cd", "deploymentName": "test-deployment-series", "logging-call-at": "/Users/shivamsaraf/Desktop/work/temporal/common/log/with_logger.go:42"}
2025-05-05T16:56:32.458-0400	debug	deployment client success	{"host": "127.0.0.1:54945", "operation": "ListWorkerDeployments", "elapsed": 0.000531291, "args": null, "logging-call-at": "/Users/shivamsaraf/Desktop/work/temporal/common/log/with_logger.go:37"}
2025-05-05T16:56:32.459-0400	debug	Frontend method invoked.	{"host": "127.0.0.1:54942", "wf-namespace": "namespace-42f52dc7-121e-4d0f-9fad-c806d0420c24", "operation": "PollActivityTaskQueue", "server-name": "", "cert-thumbprint": "", "logging-call-at": "/Users/shivamsaraf/Desktop/work/temporal/common/log/with_logger.go:37"}
2025-05-05T16:56:32.459-0400	debug	Received PollActivityTaskQueue	{"host": "127.0.0.1:54942", "service": "frontend", "logging-call-at": "/Users/shivamsaraf/Desktop/work/temporal/common/log/with_logger.go:37"}
2025-05-05T16:56:32.459-0400	debug	Workflow task updated	{"host": "127.0.0.1:54944", "shard-id": 3, "address": "127.0.0.1:54944", "wf-scheduled-event-id": 2, "wf-started-event-id": 0, "workflow-task-request-id": "emptyUuid", "workflow-task-timeout": 10, "attempt": 1, "wf-started-timestamp": "0001-01-01T00:00:00.000Z", "wt-type": "Normal", "logging-call-at": "/Users/shivamsaraf/Desktop/work/temporal/common/log/with_logger.go:37"}
2025-05-05T16:56:32.459-0400	debug	Assigning new task key	{"host": "127.0.0.1:54944", "shard-id": 3, "address": "127.0.0.1:54944", "wf-namespace-id": "16489026-76fa-49af-8333-d07c4a9341f7", "wf-id": "temporal-sys-worker-deployment:test-deployment-series", "wf-run-id": "0196a23c-71cb-73ff-b81a-973f71aaeb2e", "queue-task-type": "VisibilityStartExecution", "queue-task-id": 1048621, "timestamp": "2025-05-05T20:56:32.459Z", "cursor-timestamp": "2025-05-05T20:56:33.456Z", "logging-call-at": "/Users/shivamsaraf/Desktop/work/temporal/common/log/with_logger.go:37"}
2025-05-05T16:56:32.459-0400	debug	Assigning new task key	{"host": "127.0.0.1:54944", "shard-id": 3, "address": "127.0.0.1:54944", "wf-namespace-id": "16489026-76fa-49af-8333-d07c4a9341f7", "wf-id": "temporal-sys-worker-deployment:test-deployment-series", "wf-run-id": "0196a23c-71cb-73ff-b81a-973f71aaeb2e", "queue-task-type": "TransferWorkflowTask", "queue-task-id": 1048622, "timestamp": "2025-05-05T20:56:32.459Z", "cursor-timestamp": "2025-05-05T20:56:33.456Z", "logging-call-at": "/Users/shivamsaraf/Desktop/work/temporal/common/log/with_logger.go:37"}
2025-05-05T16:56:32.460-0400	debug	deployment client success	{"host": "127.0.0.1:54945", "operation": "StartWorkerDeployment", "elapsed": 0.001853958, "args": ["namespace-42f52dc7-121e-4d0f-9fad-c806d0420c24","test-deployment-series","deployment-version workflow temporal-sys-worker-deployment-version:test-deployment-series.one_1"], "logging-call-at": "/Users/shivamsaraf/Desktop/work/temporal/common/log/with_logger.go:37"}
2025-05-05T16:56:32.460-0400	debug	Frontend method invoked.	{"host": "127.0.0.1:54942", "wf-namespace": "namespace-42f52dc7-121e-4d0f-9fad-c806d0420c24", "operation": "RespondActivityTaskCompleted", "server-name": "", "cert-thumbprint": "", "logging-call-at": "/Users/shivamsaraf/Desktop/work/temporal/common/log/with_logger.go:37"}
2025-05-05T16:56:32.460-0400	debug	Workflow task updated	{"host": "127.0.0.1:54944", "shard-id": 3, "address": "127.0.0.1:54944", "wf-scheduled-event-id": 13, "wf-started-event-id": 0, "workflow-task-request-id": "emptyUuid", "workflow-task-timeout": 10, "attempt": 1, "wf-started-timestamp": "0001-01-01T00:00:00.000Z", "wt-type": "Normal", "logging-call-at": "/Users/shivamsaraf/Desktop/work/temporal/common/log/with_logger.go:37"}
2025-05-05T16:56:32.460-0400	debug	Assigning new task key	{"host": "127.0.0.1:54944", "shard-id": 3, "address": "127.0.0.1:54944", "wf-namespace-id": "16489026-76fa-49af-8333-d07c4a9341f7", "wf-id": "temporal-sys-worker-deployment-version:test-deployment-series.one_1", "wf-run-id": "0196a23c-71c4-7562-b9f3-b79a39e939cd", "queue-task-type": "TransferWorkflowTask", "queue-task-id": 1048628, "timestamp": "2025-05-05T20:56:32.460Z", "cursor-timestamp": "2025-05-05T20:56:33.456Z", "logging-call-at": "/Users/shivamsaraf/Desktop/work/temporal/common/log/with_logger.go:37"}
2025-05-05T16:56:32.460-0400	debug	Assigning new task key	{"host": "127.0.0.1:54944", "shard-id": 3, "address": "127.0.0.1:54944", "wf-namespace-id": "16489026-76fa-49af-8333-d07c4a9341f7", "wf-id": "temporal-sys-worker-deployment-version:test-deployment-series.one_1", "wf-run-id": "0196a23c-71c4-7562-b9f3-b79a39e939cd", "queue-task-type": "WorkflowTaskTimeout", "queue-task-id": 1048629, "timestamp": "2025-05-05T20:56:37.461Z", "cursor-timestamp": "2025-05-05T20:56:33.456Z", "logging-call-at": "/Users/shivamsaraf/Desktop/work/temporal/common/log/with_logger.go:37"}
2025-05-05T16:56:32.461-0400	debug	Process task as active.	{"host": "127.0.0.1:54944", "shard-id": 3, "address": "127.0.0.1:54944", "component": "transfer-queue-processor", "wf-namespace-id": "16489026-76fa-49af-8333-d07c4a9341f7", "value": "16489026-76fa-49af-8333-d07c4a9341f7/temporal-sys-worker-deployment-version:test-deployment-series.one_1/0196a23c-71c4-7562-b9f3-b79a39e939cd", "logging-call-at": "/Users/shivamsaraf/Desktop/work/temporal/common/log/with_logger.go:37"}
2025-05-05T16:56:32.461-0400	debug	Workflow task updated	{"host": "127.0.0.1:54944", "shard-id": 3, "address": "127.0.0.1:54944", "wf-scheduled-event-id": 13, "wf-started-event-id": 14, "workflow-task-request-id": "391929a8-c68f-4fd1-ac9f-839f3006a76e", "workflow-task-timeout": 10, "attempt": 1, "wf-started-timestamp": "2025-05-05T20:56:32.461Z", "wt-type": "Normal", "logging-call-at": "/Users/shivamsaraf/Desktop/work/temporal/common/log/with_logger.go:37"}
2025-05-05T16:56:32.461-0400	debug	Assigning new task key	{"host": "127.0.0.1:54944", "shard-id": 3, "address": "127.0.0.1:54944", "wf-namespace-id": "16489026-76fa-49af-8333-d07c4a9341f7", "wf-id": "temporal-sys-worker-deployment-version:test-deployment-series.one_1", "wf-run-id": "0196a23c-71c4-7562-b9f3-b79a39e939cd", "queue-task-type": "WorkflowTaskTimeout", "queue-task-id": 1048632, "timestamp": "2025-05-05T20:56:42.462Z", "cursor-timestamp": "2025-05-05T20:56:33.461Z", "logging-call-at": "/Users/shivamsaraf/Desktop/work/temporal/common/log/with_logger.go:37"}
2025-05-05T16:56:32.464-0400	debug	Frontend method invoked.	{"host": "127.0.0.1:54942", "wf-namespace": "namespace-42f52dc7-121e-4d0f-9fad-c806d0420c24", "operation": "PollWorkflowTaskQueue", "server-name": "", "cert-thumbprint": "", "logging-call-at": "/Users/shivamsaraf/Desktop/work/temporal/common/log/with_logger.go:37"}
2025-05-05T16:56:32.464-0400	debug	Received PollWorkflowTaskQueue	{"host": "127.0.0.1:54942", "service": "frontend", "logging-call-at": "/Users/shivamsaraf/Desktop/work/temporal/common/log/with_logger.go:37"}
2025-05-05T16:56:32.464-0400	debug	Poll workflow task queue.	{"host": "127.0.0.1:54942", "service": "frontend", "wf-namespace": "namespace-42f52dc7-121e-4d0f-9fad-c806d0420c24", "wf-namespace-id": "16489026-76fa-49af-8333-d07c4a9341f7", "logging-call-at": "/Users/shivamsaraf/Desktop/work/temporal/common/log/with_logger.go:37"}
2025-05-05T16:56:32.464-0400	debug	Frontend method invoked.	{"host": "127.0.0.1:54942", "wf-namespace": "namespace-42f52dc7-121e-4d0f-9fad-c806d0420c24", "operation": "RespondWorkflowTaskCompleted", "server-name": "", "cert-thumbprint": "", "logging-call-at": "/Users/shivamsaraf/Desktop/work/temporal/common/log/with_logger.go:37"}
2025-05-05T16:56:32.464-0400	debug	RespondWorkflowTaskCompleted	{"host": "127.0.0.1:54944", "service": "history", "wf-namespace-id": "16489026-76fa-49af-8333-d07c4a9341f7", "wf-id": "temporal-sys-worker-deployment-version:test-deployment-series.one_1", "wf-run-id": "0196a23c-71c4-7562-b9f3-b79a39e939cd", "wf-scheduled-event-id": 13, "logging-call-at": "/Users/shivamsaraf/Desktop/work/temporal/common/log/with_logger.go:37"}
2025-05-05T16:56:32.464-0400	debug	Workflow task updated	{"host": "127.0.0.1:54944", "shard-id": 3, "address": "127.0.0.1:54944", "wf-scheduled-event-id": 0, "wf-started-event-id": 0, "workflow-task-request-id": "emptyUuid", "workflow-task-timeout": 0, "attempt": 1, "wf-started-timestamp": "1970-01-01T00:00:00.000Z", "wt-type": "Unspecified", "logging-call-at": "/Users/shivamsaraf/Desktop/work/temporal/common/log/with_logger.go:37"}
2025-05-05T16:56:32.543-0400	debug	Frontend method invoked.	{"host": "127.0.0.1:54942", "wf-namespace": "namespace-42f52dc7-121e-4d0f-9fad-c806d0420c24", "operation": "DescribeWorkerDeploymentVersion", "server-name": "", "cert-thumbprint": "", "logging-call-at": "/Users/shivamsaraf/Desktop/work/temporal/common/log/with_logger.go:37"}
2025-05-05T16:56:32.544-0400	debug	Frontend method invoked.	{"host": "127.0.0.1:54942", "wf-namespace": "namespace-42f52dc7-121e-4d0f-9fad-c806d0420c24", "operation": "PollWorkflowTaskQueue", "server-name": "", "cert-thumbprint": "", "logging-call-at": "/Users/shivamsaraf/Desktop/work/temporal/common/log/with_logger.go:37"}
2025-05-05T16:56:32.544-0400	debug	Received PollWorkflowTaskQueue	{"host": "127.0.0.1:54942", "service": "frontend", "logging-call-at": "/Users/shivamsaraf/Desktop/work/temporal/common/log/with_logger.go:37"}
2025-05-05T16:56:32.544-0400	debug	Poll workflow task queue.	{"host": "127.0.0.1:54942", "service": "frontend", "wf-namespace": "namespace-42f52dc7-121e-4d0f-9fad-c806d0420c24", "wf-namespace-id": "16489026-76fa-49af-8333-d07c4a9341f7", "logging-call-at": "/Users/shivamsaraf/Desktop/work/temporal/common/log/with_logger.go:37"}
2025-05-05T16:56:32.544-0400	debug	Frontend method invoked.	{"host": "127.0.0.1:54942", "wf-namespace": "namespace-42f52dc7-121e-4d0f-9fad-c806d0420c24", "operation": "RespondQueryTaskCompleted", "server-name": "", "cert-thumbprint": "", "logging-call-at": "/Users/shivamsaraf/Desktop/work/temporal/common/log/with_logger.go:37"}
2025-05-05T16:56:32.545-0400	debug	deployment client success	{"host": "127.0.0.1:54942", "operation": "DescribeVersion", "elapsed": 0.001616917, "args": ["test-deployment-series","one_1"], "logging-call-at": "/Users/shivamsaraf/Desktop/work/temporal/common/log/with_logger.go:37"}
2025-05-05T16:56:32.545-0400	debug	Frontend method invoked.	{"host": "127.0.0.1:54942", "wf-namespace": "namespace-42f52dc7-121e-4d0f-9fad-c806d0420c24", "operation": "DescribeWorkerDeployment", "server-name": "", "cert-thumbprint": "", "logging-call-at": "/Users/shivamsaraf/Desktop/work/temporal/common/log/with_logger.go:37"}
2025-05-05T16:56:32.546-0400	debug	Frontend method invoked.	{"host": "127.0.0.1:54942", "wf-namespace": "namespace-42f52dc7-121e-4d0f-9fad-c806d0420c24", "operation": "PollWorkflowTaskQueue", "server-name": "", "cert-thumbprint": "", "logging-call-at": "/Users/shivamsaraf/Desktop/work/temporal/common/log/with_logger.go:37"}
2025-05-05T16:56:32.546-0400	debug	Received PollWorkflowTaskQueue	{"host": "127.0.0.1:54942", "service": "frontend", "logging-call-at": "/Users/shivamsaraf/Desktop/work/temporal/common/log/with_logger.go:37"}
2025-05-05T16:56:32.546-0400	debug	Frontend method invoked.	{"host": "127.0.0.1:54942", "wf-namespace": "namespace-42f52dc7-121e-4d0f-9fad-c806d0420c24", "operation": "RespondQueryTaskCompleted", "server-name": "", "cert-thumbprint": "", "logging-call-at": "/Users/shivamsaraf/Desktop/work/temporal/common/log/with_logger.go:37"}
2025-05-05T16:56:32.546-0400	debug	Poll workflow task queue.	{"host": "127.0.0.1:54942", "service": "frontend", "wf-namespace": "namespace-42f52dc7-121e-4d0f-9fad-c806d0420c24", "wf-namespace-id": "16489026-76fa-49af-8333-d07c4a9341f7", "logging-call-at": "/Users/shivamsaraf/Desktop/work/temporal/common/log/with_logger.go:37"}
2025-05-05T16:56:32.546-0400	debug	deployment client success	{"host": "127.0.0.1:54942", "operation": "DescribeWorkerDeployment", "elapsed": 0.0012945, "args": ["test-deployment-series"], "logging-call-at": "/Users/shivamsaraf/Desktop/work/temporal/common/log/with_logger.go:37"}
2025-05-05T16:56:32.546-0400	debug	Frontend method invoked.	{"host": "127.0.0.1:54942", "wf-namespace": "namespace-42f52dc7-121e-4d0f-9fad-c806d0420c24", "operation": "SetWorkerDeploymentCurrentVersion", "server-name": "", "cert-thumbprint": "", "logging-call-at": "/Users/shivamsaraf/Desktop/work/temporal/common/log/with_logger.go:37"}
2025-05-05T16:56:32.547-0400	debug	update state change	{"host": "127.0.0.1:54944", "shard-id": 3, "address": "127.0.0.1:54944", "wf-namespace-id": "16489026-76fa-49af-8333-d07c4a9341f7", "wf-id": "temporal-sys-worker-deployment:test-deployment-series", "wf-run-id": "0196a23c-6dd7-73c8-be3b-1a7ec93a2003", "update-id": "99b9129c-8785-48e9-aea8-83606057234d", "from-state": "Created", "to-state": "ProvisionallyAdmitted", "logging-call-at": "/Users/shivamsaraf/Desktop/work/temporal/common/log/with_logger.go:37"}
2025-05-05T16:56:32.547-0400	debug	update state change	{"host": "127.0.0.1:54944", "shard-id": 3, "address": "127.0.0.1:54944", "wf-namespace-id": "16489026-76fa-49af-8333-d07c4a9341f7", "wf-id": "temporal-sys-worker-deployment:test-deployment-series", "wf-run-id": "0196a23c-6dd7-73c8-be3b-1a7ec93a2003", "update-id": "99b9129c-8785-48e9-aea8-83606057234d", "from-state": "ProvisionallyAdmitted", "to-state": "Admitted", "logging-call-at": "/Users/shivamsaraf/Desktop/work/temporal/common/log/with_logger.go:37"}
2025-05-05T16:56:32.547-0400	debug	Workflow task updated	{"host": "127.0.0.1:54944", "shard-id": 3, "address": "127.0.0.1:54944", "wf-scheduled-event-id": 9, "wf-started-event-id": 0, "workflow-task-request-id": "emptyUuid", "workflow-task-timeout": 10, "attempt": 1, "wf-started-timestamp": "0001-01-01T00:00:00.000Z", "wt-type": "Speculative", "logging-call-at": "/Users/shivamsaraf/Desktop/work/temporal/common/log/with_logger.go:37"}
2025-05-05T16:56:32.547-0400	debug	Workflow task updated	{"host": "127.0.0.1:54944", "shard-id": 3, "address": "127.0.0.1:54944", "wf-scheduled-event-id": 9, "wf-started-event-id": 10, "workflow-task-request-id": "8d71a73c-7d0a-4295-a0cd-491d8983561c", "workflow-task-timeout": 10, "attempt": 1, "wf-started-timestamp": "2025-05-05T20:56:32.547Z", "wt-type": "Speculative", "logging-call-at": "/Users/shivamsaraf/Desktop/work/temporal/common/log/with_logger.go:37"}
2025-05-05T16:56:32.547-0400	debug	update state change	{"host": "127.0.0.1:54944", "shard-id": 3, "address": "127.0.0.1:54944", "wf-namespace-id": "16489026-76fa-49af-8333-d07c4a9341f7", "wf-id": "temporal-sys-worker-deployment:test-deployment-series", "wf-run-id": "0196a23c-6dd7-73c8-be3b-1a7ec93a2003", "update-id": "99b9129c-8785-48e9-aea8-83606057234d", "from-state": "Admitted", "to-state": "Sent", "logging-call-at": "/Users/shivamsaraf/Desktop/work/temporal/common/log/with_logger.go:37"}
2025-05-05T16:56:32.548-0400	debug	Frontend method invoked.	{"host": "127.0.0.1:54942", "wf-namespace": "namespace-42f52dc7-121e-4d0f-9fad-c806d0420c24", "operation": "PollWorkflowTaskQueue", "server-name": "", "cert-thumbprint": "", "logging-call-at": "/Users/shivamsaraf/Desktop/work/temporal/common/log/with_logger.go:37"}
2025-05-05T16:56:32.548-0400	debug	Received PollWorkflowTaskQueue	{"host": "127.0.0.1:54942", "service": "frontend", "logging-call-at": "/Users/shivamsaraf/Desktop/work/temporal/common/log/with_logger.go:37"}
2025-05-05T16:56:32.548-0400	debug	Poll workflow task queue.	{"host": "127.0.0.1:54942", "service": "frontend", "wf-namespace": "namespace-42f52dc7-121e-4d0f-9fad-c806d0420c24", "wf-namespace-id": "16489026-76fa-49af-8333-d07c4a9341f7", "logging-call-at": "/Users/shivamsaraf/Desktop/work/temporal/common/log/with_logger.go:37"}
2025-05-05T16:56:32.548-0400	debug	Frontend method invoked.	{"host": "127.0.0.1:54942", "wf-namespace": "namespace-42f52dc7-121e-4d0f-9fad-c806d0420c24", "operation": "RespondWorkflowTaskCompleted", "server-name": "", "cert-thumbprint": "", "logging-call-at": "/Users/shivamsaraf/Desktop/work/temporal/common/log/with_logger.go:37"}
2025-05-05T16:56:32.548-0400	debug	RespondWorkflowTaskCompleted	{"host": "127.0.0.1:54944", "service": "history", "wf-namespace-id": "16489026-76fa-49af-8333-d07c4a9341f7", "wf-id": "temporal-sys-worker-deployment:test-deployment-series", "wf-run-id": "0196a23c-6dd7-73c8-be3b-1a7ec93a2003", "wf-scheduled-event-id": 9, "logging-call-at": "/Users/shivamsaraf/Desktop/work/temporal/common/log/with_logger.go:37"}
2025-05-05T16:56:32.548-0400	debug	Workflow task updated	{"host": "127.0.0.1:54944", "shard-id": 3, "address": "127.0.0.1:54944", "wf-scheduled-event-id": 0, "wf-started-event-id": 0, "workflow-task-request-id": "emptyUuid", "workflow-task-timeout": 0, "attempt": 1, "wf-started-timestamp": "1970-01-01T00:00:00.000Z", "wt-type": "Unspecified", "logging-call-at": "/Users/shivamsaraf/Desktop/work/temporal/common/log/with_logger.go:37"}
2025-05-05T16:56:32.548-0400	debug	update state change	{"host": "127.0.0.1:54944", "shard-id": 3, "address": "127.0.0.1:54944", "wf-namespace-id": "16489026-76fa-49af-8333-d07c4a9341f7", "wf-id": "temporal-sys-worker-deployment:test-deployment-series", "wf-run-id": "0196a23c-6dd7-73c8-be3b-1a7ec93a2003", "update-id": "99b9129c-8785-48e9-aea8-83606057234d", "from-state": "Sent", "to-state": "ProvisionallyAccepted", "logging-call-at": "/Users/shivamsaraf/Desktop/work/temporal/common/log/with_logger.go:37"}
2025-05-05T16:56:32.549-0400	debug	update state change	{"host": "127.0.0.1:54944", "shard-id": 3, "address": "127.0.0.1:54944", "wf-namespace-id": "16489026-76fa-49af-8333-d07c4a9341f7", "wf-id": "temporal-sys-worker-deployment:test-deployment-series", "wf-run-id": "0196a23c-6dd7-73c8-be3b-1a7ec93a2003", "update-id": "99b9129c-8785-48e9-aea8-83606057234d", "from-state": "ProvisionallyAccepted", "to-state": "Accepted", "logging-call-at": "/Users/shivamsaraf/Desktop/work/temporal/common/log/with_logger.go:37"}
2025-05-05T16:56:32.560-0400	info	Quota changed	{"host": "127.0.0.1:54943", "service": "matching", "component": "persistence", "scope": "namespace", "wf-namespace": "16489026-76fa-49af-8333-d07c4a9341f7", "current-quota": null, "new-quota": 0, "logging-call-at": "/Users/shivamsaraf/Desktop/work/temporal/common/log/with_logger.go:42"}
2025-05-05T16:56:32.560-0400	info	modified user data	{"host": "127.0.0.1:54943", "component": "matching-engine", "wf-task-queue-name": "rsion_DrainingVersion-56fd90ab_task_queue", "wf-task-queue-type": "Workflow", "wf-namespace": "namespace-42f52dc7-121e-4d0f-9fad-c806d0420c24", "user-data-update-source": "SyncDeploymentUserData", "user-data-version": 1, "timestamp": "2025-05-05T20:56:32.458Z", "logging-call-at": "/Users/shivamsaraf/Desktop/work/temporal/common/log/with_logger.go:42"}
2025-05-05T16:56:32.560-0400	debug	user data changed while blocked in long poll	{"host": "127.0.0.1:54943", "component": "matching-engine", "wf-task-queue-name": "rsion_DrainingVersion-56fd90ab_task_queue", "wf-task-queue-type": "Workflow", "wf-namespace": "namespace-42f52dc7-121e-4d0f-9fad-c806d0420c24", "logging-call-at": "/Users/shivamsaraf/Desktop/work/temporal/common/log/with_logger.go:37"}
2025-05-05T16:56:32.560-0400	debug	user data changed while blocked in long poll	{"host": "127.0.0.1:54943", "component": "matching-engine", "wf-task-queue-name": "rsion_DrainingVersion-56fd90ab_task_queue", "wf-task-queue-type": "Workflow", "wf-namespace": "namespace-42f52dc7-121e-4d0f-9fad-c806d0420c24", "logging-call-at": "/Users/shivamsaraf/Desktop/work/temporal/common/log/with_logger.go:37"}
2025-05-05T16:56:32.560-0400	info	returning user data	{"host": "127.0.0.1:54943", "component": "matching-engine", "wf-task-queue-name": "rsion_DrainingVersion-56fd90ab_task_queue", "wf-task-queue-type": "Workflow", "wf-namespace": "namespace-42f52dc7-121e-4d0f-9fad-c806d0420c24", "long-poll": true, "request-known-version": 0, "user-data-version": 1, "logging-call-at": "/Users/shivamsaraf/Desktop/work/temporal/common/log/with_logger.go:42"}
2025-05-05T16:56:32.560-0400	debug	user data changed while blocked in long poll	{"host": "127.0.0.1:54943", "component": "matching-engine", "wf-task-queue-name": "rsion_DrainingVersion-56fd90ab_task_queue", "wf-task-queue-type": "Workflow", "wf-namespace": "namespace-42f52dc7-121e-4d0f-9fad-c806d0420c24", "logging-call-at": "/Users/shivamsaraf/Desktop/work/temporal/common/log/with_logger.go:37"}
2025-05-05T16:56:32.560-0400	info	returning user data	{"host": "127.0.0.1:54943", "component": "matching-engine", "wf-task-queue-name": "rsion_DrainingVersion-56fd90ab_task_queue", "wf-task-queue-type": "Workflow", "wf-namespace": "namespace-42f52dc7-121e-4d0f-9fad-c806d0420c24", "long-poll": true, "request-known-version": 0, "user-data-version": 1, "logging-call-at": "/Users/shivamsaraf/Desktop/work/temporal/common/log/with_logger.go:42"}
2025-05-05T16:56:32.560-0400	info	returning user data	{"host": "127.0.0.1:54943", "component": "matching-engine", "wf-task-queue-name": "rsion_DrainingVersion-56fd90ab_task_queue", "wf-task-queue-type": "Workflow", "wf-namespace": "namespace-42f52dc7-121e-4d0f-9fad-c806d0420c24", "long-poll": true, "request-known-version": 0, "user-data-version": 1, "logging-call-at": "/Users/shivamsaraf/Desktop/work/temporal/common/log/with_logger.go:42"}
2025-05-05T16:56:32.560-0400	info	fetched user data from parent	{"host": "127.0.0.1:54943", "component": "matching-engine", "wf-task-queue-name": "/_sys/rsion_DrainingVersion-56fd90ab_task_queue/1", "wf-task-queue-type": "Workflow", "wf-namespace": "namespace-42f52dc7-121e-4d0f-9fad-c806d0420c24", "user-data-version": 1, "timestamp": "2025-05-05T20:56:32.458Z", "logging-call-at": "/Users/shivamsaraf/Desktop/work/temporal/common/log/with_logger.go:42"}
2025-05-05T16:56:32.560-0400	info	fetched user data from parent	{"host": "127.0.0.1:54943", "component": "matching-engine", "wf-task-queue-name": "/_sys/rsion_DrainingVersion-56fd90ab_task_queue/3", "wf-task-queue-type": "Workflow", "wf-namespace": "namespace-42f52dc7-121e-4d0f-9fad-c806d0420c24", "user-data-version": 1, "timestamp": "2025-05-05T20:56:32.458Z", "logging-call-at": "/Users/shivamsaraf/Desktop/work/temporal/common/log/with_logger.go:42"}
2025-05-05T16:56:32.560-0400	info	fetched user data from parent	{"host": "127.0.0.1:54943", "component": "matching-engine", "wf-task-queue-name": "/_sys/rsion_DrainingVersion-56fd90ab_task_queue/2", "wf-task-queue-type": "Workflow", "wf-namespace": "namespace-42f52dc7-121e-4d0f-9fad-c806d0420c24", "user-data-version": 1, "timestamp": "2025-05-05T20:56:32.458Z", "logging-call-at": "/Users/shivamsaraf/Desktop/work/temporal/common/log/with_logger.go:42"}
2025-05-05T16:56:32.560-0400	debug	Frontend method invoked.	{"host": "127.0.0.1:54942", "wf-namespace": "namespace-42f52dc7-121e-4d0f-9fad-c806d0420c24", "operation": "RespondActivityTaskCompleted", "server-name": "", "cert-thumbprint": "", "logging-call-at": "/Users/shivamsaraf/Desktop/work/temporal/common/log/with_logger.go:37"}
2025-05-05T16:56:32.561-0400	debug	Workflow task updated	{"host": "127.0.0.1:54944", "shard-id": 3, "address": "127.0.0.1:54944", "wf-scheduled-event-id": 18, "wf-started-event-id": 0, "workflow-task-request-id": "emptyUuid", "workflow-task-timeout": 10, "attempt": 1, "wf-started-timestamp": "0001-01-01T00:00:00.000Z", "wt-type": "Normal", "logging-call-at": "/Users/shivamsaraf/Desktop/work/temporal/common/log/with_logger.go:37"}
2025-05-05T16:56:32.561-0400	debug	Assigning new task key	{"host": "127.0.0.1:54944", "shard-id": 3, "address": "127.0.0.1:54944", "wf-namespace-id": "16489026-76fa-49af-8333-d07c4a9341f7", "wf-id": "temporal-sys-worker-deployment-version:test-deployment-series.one_1", "wf-run-id": "0196a23c-71c4-7562-b9f3-b79a39e939cd", "queue-task-type": "TransferWorkflowTask", "queue-task-id": 1048650, "timestamp": "2025-05-05T20:56:32.561Z", "cursor-timestamp": "2025-05-05T20:56:33.461Z", "logging-call-at": "/Users/shivamsaraf/Desktop/work/temporal/common/log/with_logger.go:37"}
2025-05-05T16:56:32.561-0400	debug	Assigning new task key	{"host": "127.0.0.1:54944", "shard-id": 3, "address": "127.0.0.1:54944", "wf-namespace-id": "16489026-76fa-49af-8333-d07c4a9341f7", "wf-id": "temporal-sys-worker-deployment-version:test-deployment-series.one_1", "wf-run-id": "0196a23c-71c4-7562-b9f3-b79a39e939cd", "queue-task-type": "WorkflowTaskTimeout", "queue-task-id": 1048651, "timestamp": "2025-05-05T20:56:37.562Z", "cursor-timestamp": "2025-05-05T20:56:33.461Z", "logging-call-at": "/Users/shivamsaraf/Desktop/work/temporal/common/log/with_logger.go:37"}
2025-05-05T16:56:32.561-0400	debug	Process task as active.	{"host": "127.0.0.1:54944", "shard-id": 3, "address": "127.0.0.1:54944", "component": "transfer-queue-processor", "wf-namespace-id": "16489026-76fa-49af-8333-d07c4a9341f7", "value": "16489026-76fa-49af-8333-d07c4a9341f7/temporal-sys-worker-deployment-version:test-deployment-series.one_1/0196a23c-71c4-7562-b9f3-b79a39e939cd", "logging-call-at": "/Users/shivamsaraf/Desktop/work/temporal/common/log/with_logger.go:37"}
2025-05-05T16:56:32.562-0400	debug	Workflow task updated	{"host": "127.0.0.1:54944", "shard-id": 3, "address": "127.0.0.1:54944", "wf-scheduled-event-id": 18, "wf-started-event-id": 19, "workflow-task-request-id": "6fe058c0-6c73-4376-97ad-3e860021fdbc", "workflow-task-timeout": 10, "attempt": 1, "wf-started-timestamp": "2025-05-05T20:56:32.562Z", "wt-type": "Normal", "logging-call-at": "/Users/shivamsaraf/Desktop/work/temporal/common/log/with_logger.go:37"}
2025-05-05T16:56:32.562-0400	debug	Assigning new task key	{"host": "127.0.0.1:54944", "shard-id": 3, "address": "127.0.0.1:54944", "wf-namespace-id": "16489026-76fa-49af-8333-d07c4a9341f7", "wf-id": "temporal-sys-worker-deployment-version:test-deployment-series.one_1", "wf-run-id": "0196a23c-71c4-7562-b9f3-b79a39e939cd", "queue-task-type": "WorkflowTaskTimeout", "queue-task-id": 1048654, "timestamp": "2025-05-05T20:56:42.563Z", "cursor-timestamp": "2025-05-05T20:56:33.561Z", "logging-call-at": "/Users/shivamsaraf/Desktop/work/temporal/common/log/with_logger.go:37"}
2025-05-05T16:56:32.563-0400	debug	ExecuteActivity	{"host": "127.0.0.1:54945", "Namespace": "namespace-42f52dc7-121e-4d0f-9fad-c806d0420c24", "TaskQueue": "temporal-sys-per-ns-tq", "WorkerID": "temporal-system@Shivams-MacBook-Pro.local@namespace-42f52dc7-121e-4d0f-9fad-c806d0420c24", "WorkflowType": "temporal-sys-worker-deployment-version-workflow", "WorkflowID": "temporal-sys-worker-deployment-version:test-deployment-series.one_1", "RunID": "0196a23c-71c4-7562-b9f3-b79a39e939cd", "Attempt": 0, "ActivityID": "21", "ActivityType": "CheckWorkerDeploymentUserDataPropagation", "logging-call-at": "/Users/shivamsaraf/Desktop/work/temporal/common/log/with_logger.go:37"}
2025-05-05T16:56:32.563-0400	debug	Frontend method invoked.	{"host": "127.0.0.1:54942", "wf-namespace": "namespace-42f52dc7-121e-4d0f-9fad-c806d0420c24", "operation": "PollWorkflowTaskQueue", "server-name": "", "cert-thumbprint": "", "logging-call-at": "/Users/shivamsaraf/Desktop/work/temporal/common/log/with_logger.go:37"}
2025-05-05T16:56:32.563-0400	debug	Received PollWorkflowTaskQueue	{"host": "127.0.0.1:54942", "service": "frontend", "logging-call-at": "/Users/shivamsaraf/Desktop/work/temporal/common/log/with_logger.go:37"}
2025-05-05T16:56:32.563-0400	debug	Poll workflow task queue.	{"host": "127.0.0.1:54942", "service": "frontend", "wf-namespace": "namespace-42f52dc7-121e-4d0f-9fad-c806d0420c24", "wf-namespace-id": "16489026-76fa-49af-8333-d07c4a9341f7", "logging-call-at": "/Users/shivamsaraf/Desktop/work/temporal/common/log/with_logger.go:37"}
2025-05-05T16:56:32.563-0400	debug	Frontend method invoked.	{"host": "127.0.0.1:54942", "wf-namespace": "namespace-42f52dc7-121e-4d0f-9fad-c806d0420c24", "operation": "RespondWorkflowTaskCompleted", "server-name": "", "cert-thumbprint": "", "logging-call-at": "/Users/shivamsaraf/Desktop/work/temporal/common/log/with_logger.go:37"}
2025-05-05T16:56:32.563-0400	debug	RespondWorkflowTaskCompleted	{"host": "127.0.0.1:54944", "service": "history", "wf-namespace-id": "16489026-76fa-49af-8333-d07c4a9341f7", "wf-id": "temporal-sys-worker-deployment-version:test-deployment-series.one_1", "wf-run-id": "0196a23c-71c4-7562-b9f3-b79a39e939cd", "wf-scheduled-event-id": 18, "logging-call-at": "/Users/shivamsaraf/Desktop/work/temporal/common/log/with_logger.go:37"}
2025-05-05T16:56:32.563-0400	debug	Workflow task updated	{"host": "127.0.0.1:54944", "shard-id": 3, "address": "127.0.0.1:54944", "wf-scheduled-event-id": 0, "wf-started-event-id": 0, "workflow-task-request-id": "emptyUuid", "workflow-task-timeout": 0, "attempt": 1, "wf-started-timestamp": "1970-01-01T00:00:00.000Z", "wt-type": "Unspecified", "logging-call-at": "/Users/shivamsaraf/Desktop/work/temporal/common/log/with_logger.go:37"}
2025-05-05T16:56:32.563-0400	debug	Assigning new task key	{"host": "127.0.0.1:54944", "shard-id": 3, "address": "127.0.0.1:54944", "wf-namespace-id": "16489026-76fa-49af-8333-d07c4a9341f7", "wf-id": "temporal-sys-worker-deployment-version:test-deployment-series.one_1", "wf-run-id": "0196a23c-71c4-7562-b9f3-b79a39e939cd", "queue-task-type": "TransferActivityTask", "queue-task-id": 1048659, "timestamp": "2025-05-05T20:56:32.563Z", "cursor-timestamp": "2025-05-05T20:56:33.561Z", "logging-call-at": "/Users/shivamsaraf/Desktop/work/temporal/common/log/with_logger.go:37"}
2025-05-05T16:56:32.564-0400	debug	Process task as active.	{"host": "127.0.0.1:54944", "shard-id": 3, "address": "127.0.0.1:54944", "component": "transfer-queue-processor", "wf-namespace-id": "16489026-76fa-49af-8333-d07c4a9341f7", "value": "16489026-76fa-49af-8333-d07c4a9341f7/temporal-sys-worker-deployment-version:test-deployment-series.one_1/0196a23c-71c4-7562-b9f3-b79a39e939cd", "logging-call-at": "/Users/shivamsaraf/Desktop/work/temporal/common/log/with_logger.go:37"}
2025-05-05T16:56:32.564-0400	debug	Assigning new task key	{"host": "127.0.0.1:54944", "shard-id": 3, "address": "127.0.0.1:54944", "wf-namespace-id": "16489026-76fa-49af-8333-d07c4a9341f7", "wf-id": "temporal-sys-worker-deployment-version:test-deployment-series.one_1", "wf-run-id": "0196a23c-71c4-7562-b9f3-b79a39e939cd", "queue-task-type": "ActivityTimeout", "queue-task-id": 1048660, "timestamp": "2025-05-05T20:57:32.565Z", "cursor-timestamp": "2025-05-05T20:56:33.564Z", "logging-call-at": "/Users/shivamsaraf/Desktop/work/temporal/common/log/with_logger.go:37"}
2025-05-05T16:56:32.565-0400	info	waiting for userdata propagation	{"host": "127.0.0.1:54945", "Namespace": "namespace-42f52dc7-121e-4d0f-9fad-c806d0420c24", "TaskQueue": "temporal-sys-per-ns-tq", "WorkerID": "temporal-system@Shivams-MacBook-Pro.local@namespace-42f52dc7-121e-4d0f-9fad-c806d0420c24", "ActivityID": "21", "ActivityType": "CheckWorkerDeploymentUserDataPropagation", "Attempt": 1, "WorkflowType": "temporal-sys-worker-deployment-version-workflow", "WorkflowID": "temporal-sys-worker-deployment-version:test-deployment-series.one_1", "RunID": "0196a23c-71c4-7562-b9f3-b79a39e939cd", "taskQueue": "rsion_DrainingVersion-56fd90ab_task_queue", "version": 1, "logging-call-at": "/Users/shivamsaraf/Desktop/work/temporal/common/log/with_logger.go:42"}
2025-05-05T16:56:32.565-0400	debug	Frontend method invoked.	{"host": "127.0.0.1:54942", "wf-namespace": "namespace-42f52dc7-121e-4d0f-9fad-c806d0420c24", "operation": "PollActivityTaskQueue", "server-name": "", "cert-thumbprint": "", "logging-call-at": "/Users/shivamsaraf/Desktop/work/temporal/common/log/with_logger.go:37"}
2025-05-05T16:56:32.565-0400	debug	Received PollActivityTaskQueue	{"host": "127.0.0.1:54942", "service": "frontend", "logging-call-at": "/Users/shivamsaraf/Desktop/work/temporal/common/log/with_logger.go:37"}
2025-05-05T16:56:32.566-0400	info	returning user data	{"host": "127.0.0.1:54943", "component": "matching-engine", "wf-task-queue-name": "/_sys/rsion_DrainingVersion-56fd90ab_task_queue/1", "wf-task-queue-type": "Workflow", "wf-namespace": "namespace-42f52dc7-121e-4d0f-9fad-c806d0420c24", "long-poll": true, "request-known-version": 0, "user-data-version": 1, "logging-call-at": "/Users/shivamsaraf/Desktop/work/temporal/common/log/with_logger.go:42"}
2025-05-05T16:56:32.566-0400	info	returning user data	{"host": "127.0.0.1:54943", "component": "matching-engine", "wf-task-queue-name": "/_sys/rsion_DrainingVersion-56fd90ab_task_queue/2", "wf-task-queue-type": "Workflow", "wf-namespace": "namespace-42f52dc7-121e-4d0f-9fad-c806d0420c24", "long-poll": true, "request-known-version": 0, "user-data-version": 1, "logging-call-at": "/Users/shivamsaraf/Desktop/work/temporal/common/log/with_logger.go:42"}
2025-05-05T16:56:32.566-0400	info	returning user data	{"host": "127.0.0.1:54943", "component": "matching-engine", "wf-task-queue-name": "/_sys/rsion_DrainingVersion-56fd90ab_task_queue/3", "wf-task-queue-type": "Workflow", "wf-namespace": "namespace-42f52dc7-121e-4d0f-9fad-c806d0420c24", "long-poll": true, "request-known-version": 0, "user-data-version": 1, "logging-call-at": "/Users/shivamsaraf/Desktop/work/temporal/common/log/with_logger.go:42"}
2025-05-05T16:56:32.566-0400	info	matching client encountered error	{"host": "127.0.0.1:54943", "error": "partition was not loaded", "service-error-type": "serviceerror.FailedPrecondition", "logging-call-at": "/Users/shivamsaraf/Desktop/work/temporal/common/log/with_logger.go:42"}
2025-05-05T16:56:32.566-0400	info	matching client encountered error	{"host": "127.0.0.1:54943", "error": "partition was not loaded", "service-error-type": "serviceerror.FailedPrecondition", "logging-call-at": "/Users/shivamsaraf/Desktop/work/temporal/common/log/with_logger.go:42"}
2025-05-05T16:56:32.566-0400	info	matching client encountered error	{"host": "127.0.0.1:54943", "error": "partition was not loaded", "service-error-type": "serviceerror.FailedPrecondition", "logging-call-at": "/Users/shivamsaraf/Desktop/work/temporal/common/log/with_logger.go:42"}
2025-05-05T16:56:32.566-0400	info	matching client encountered error	{"host": "127.0.0.1:54943", "error": "partition was not loaded", "service-error-type": "serviceerror.FailedPrecondition", "logging-call-at": "/Users/shivamsaraf/Desktop/work/temporal/common/log/with_logger.go:42"}
2025-05-05T16:56:32.566-0400	debug	Frontend method invoked.	{"host": "127.0.0.1:54942", "wf-namespace": "namespace-42f52dc7-121e-4d0f-9fad-c806d0420c24", "operation": "RespondActivityTaskCompleted", "server-name": "", "cert-thumbprint": "", "logging-call-at": "/Users/shivamsaraf/Desktop/work/temporal/common/log/with_logger.go:37"}
2025-05-05T16:56:32.566-0400	debug	Workflow task updated	{"host": "127.0.0.1:54944", "shard-id": 3, "address": "127.0.0.1:54944", "wf-scheduled-event-id": 24, "wf-started-event-id": 0, "workflow-task-request-id": "emptyUuid", "workflow-task-timeout": 10, "attempt": 1, "wf-started-timestamp": "0001-01-01T00:00:00.000Z", "wt-type": "Normal", "logging-call-at": "/Users/shivamsaraf/Desktop/work/temporal/common/log/with_logger.go:37"}
2025-05-05T16:56:32.566-0400	debug	Assigning new task key	{"host": "127.0.0.1:54944", "shard-id": 3, "address": "127.0.0.1:54944", "wf-namespace-id": "16489026-76fa-49af-8333-d07c4a9341f7", "wf-id": "temporal-sys-worker-deployment-version:test-deployment-series.one_1", "wf-run-id": "0196a23c-71c4-7562-b9f3-b79a39e939cd", "queue-task-type": "WorkflowTaskTimeout", "queue-task-id": 1048666, "timestamp": "2025-05-05T20:56:37.567Z", "cursor-timestamp": "2025-05-05T20:56:33.564Z", "logging-call-at": "/Users/shivamsaraf/Desktop/work/temporal/common/log/with_logger.go:37"}
2025-05-05T16:56:32.566-0400	debug	Assigning new task key	{"host": "127.0.0.1:54944", "shard-id": 3, "address": "127.0.0.1:54944", "wf-namespace-id": "16489026-76fa-49af-8333-d07c4a9341f7", "wf-id": "temporal-sys-worker-deployment-version:test-deployment-series.one_1", "wf-run-id": "0196a23c-71c4-7562-b9f3-b79a39e939cd", "queue-task-type": "TransferWorkflowTask", "queue-task-id": 1048667, "timestamp": "2025-05-05T20:56:32.566Z", "cursor-timestamp": "2025-05-05T20:56:33.564Z", "logging-call-at": "/Users/shivamsaraf/Desktop/work/temporal/common/log/with_logger.go:37"}
2025-05-05T16:56:32.567-0400	debug	Process task as active.	{"host": "127.0.0.1:54944", "shard-id": 3, "address": "127.0.0.1:54944", "component": "transfer-queue-processor", "wf-namespace-id": "16489026-76fa-49af-8333-d07c4a9341f7", "value": "16489026-76fa-49af-8333-d07c4a9341f7/temporal-sys-worker-deployment-version:test-deployment-series.one_1/0196a23c-71c4-7562-b9f3-b79a39e939cd", "logging-call-at": "/Users/shivamsaraf/Desktop/work/temporal/common/log/with_logger.go:37"}
2025-05-05T16:56:32.567-0400	debug	Workflow task updated	{"host": "127.0.0.1:54944", "shard-id": 3, "address": "127.0.0.1:54944", "wf-scheduled-event-id": 24, "wf-started-event-id": 25, "workflow-task-request-id": "d9ca3277-ff96-4e8a-88f3-a94ef8525f99", "workflow-task-timeout": 10, "attempt": 1, "wf-started-timestamp": "2025-05-05T20:56:32.567Z", "wt-type": "Normal", "logging-call-at": "/Users/shivamsaraf/Desktop/work/temporal/common/log/with_logger.go:37"}
2025-05-05T16:56:32.567-0400	debug	Assigning new task key	{"host": "127.0.0.1:54944", "shard-id": 3, "address": "127.0.0.1:54944", "wf-namespace-id": "16489026-76fa-49af-8333-d07c4a9341f7", "wf-id": "temporal-sys-worker-deployment-version:test-deployment-series.one_1", "wf-run-id": "0196a23c-71c4-7562-b9f3-b79a39e939cd", "queue-task-type": "WorkflowTaskTimeout", "queue-task-id": 1048670, "timestamp": "2025-05-05T20:56:42.568Z", "cursor-timestamp": "2025-05-05T20:56:33.567Z", "logging-call-at": "/Users/shivamsaraf/Desktop/work/temporal/common/log/with_logger.go:37"}
Version doing continue-as-new with drainage info Unspecified
2025-05-05T16:56:32.568-0400	debug	Frontend method invoked.	{"host": "127.0.0.1:54942", "wf-namespace": "namespace-42f52dc7-121e-4d0f-9fad-c806d0420c24", "operation": "PollWorkflowTaskQueue", "server-name": "", "cert-thumbprint": "", "logging-call-at": "/Users/shivamsaraf/Desktop/work/temporal/common/log/with_logger.go:37"}
2025-05-05T16:56:32.568-0400	debug	Received PollWorkflowTaskQueue	{"host": "127.0.0.1:54942", "service": "frontend", "logging-call-at": "/Users/shivamsaraf/Desktop/work/temporal/common/log/with_logger.go:37"}
2025-05-05T16:56:32.568-0400	debug	Poll workflow task queue.	{"host": "127.0.0.1:54942", "service": "frontend", "wf-namespace": "namespace-42f52dc7-121e-4d0f-9fad-c806d0420c24", "wf-namespace-id": "16489026-76fa-49af-8333-d07c4a9341f7", "logging-call-at": "/Users/shivamsaraf/Desktop/work/temporal/common/log/with_logger.go:37"}
2025-05-05T16:56:32.569-0400	debug	Frontend method invoked.	{"host": "127.0.0.1:54942", "wf-namespace": "namespace-42f52dc7-121e-4d0f-9fad-c806d0420c24", "operation": "RespondWorkflowTaskCompleted", "server-name": "", "cert-thumbprint": "", "logging-call-at": "/Users/shivamsaraf/Desktop/work/temporal/common/log/with_logger.go:37"}
2025-05-05T16:56:32.569-0400	debug	RespondWorkflowTaskCompleted	{"host": "127.0.0.1:54944", "service": "history", "wf-namespace-id": "16489026-76fa-49af-8333-d07c4a9341f7", "wf-id": "temporal-sys-worker-deployment-version:test-deployment-series.one_1", "wf-run-id": "0196a23c-71c4-7562-b9f3-b79a39e939cd", "wf-scheduled-event-id": 24, "logging-call-at": "/Users/shivamsaraf/Desktop/work/temporal/common/log/with_logger.go:37"}
2025-05-05T16:56:32.569-0400	debug	Workflow task updated	{"host": "127.0.0.1:54944", "shard-id": 3, "address": "127.0.0.1:54944", "wf-scheduled-event-id": 0, "wf-started-event-id": 0, "workflow-task-request-id": "emptyUuid", "workflow-task-timeout": 0, "attempt": 1, "wf-started-timestamp": "1970-01-01T00:00:00.000Z", "wt-type": "Unspecified", "logging-call-at": "/Users/shivamsaraf/Desktop/work/temporal/common/log/with_logger.go:37"}
2025-05-05T16:56:32.569-0400	debug	update state change	{"host": "127.0.0.1:54944", "shard-id": 3, "address": "127.0.0.1:54944", "wf-namespace-id": "16489026-76fa-49af-8333-d07c4a9341f7", "wf-id": "temporal-sys-worker-deployment-version:test-deployment-series.one_1", "wf-run-id": "0196a23c-71c4-7562-b9f3-b79a39e939cd", "update-id": "abd470b6-05a9-4412-9570-fad94f26b7a7", "from-state": "Accepted", "to-state": "ProvisionallyCompleted", "logging-call-at": "/Users/shivamsaraf/Desktop/work/temporal/common/log/with_logger.go:37"}
2025-05-05T16:56:32.569-0400	debug	Assigning new task key	{"host": "127.0.0.1:54944", "shard-id": 3, "address": "127.0.0.1:54944", "wf-namespace-id": "16489026-76fa-49af-8333-d07c4a9341f7", "wf-id": "temporal-sys-worker-deployment-version:test-deployment-series.one_1", "wf-run-id": "0196a23c-71c4-7562-b9f3-b79a39e939cd", "queue-task-type": "DeleteHistoryEvent", "queue-task-id": 1048678, "timestamp": "2025-05-06T20:56:33.190Z", "cursor-timestamp": "2025-05-05T20:56:33.567Z", "logging-call-at": "/Users/shivamsaraf/Desktop/work/temporal/common/log/with_logger.go:37"}
2025-05-05T16:56:32.569-0400	debug	Assigning new task key	{"host": "127.0.0.1:54944", "shard-id": 3, "address": "127.0.0.1:54944", "wf-namespace-id": "16489026-76fa-49af-8333-d07c4a9341f7", "wf-id": "temporal-sys-worker-deployment-version:test-deployment-series.one_1", "wf-run-id": "0196a23c-71c4-7562-b9f3-b79a39e939cd", "queue-task-type": "TransferCloseExecution", "queue-task-id": 1048679, "timestamp": "2025-05-05T20:56:32.569Z", "cursor-timestamp": "2025-05-05T20:56:33.567Z", "logging-call-at": "/Users/shivamsaraf/Desktop/work/temporal/common/log/with_logger.go:37"}
2025-05-05T16:56:32.569-0400	debug	Assigning new task key	{"host": "127.0.0.1:54944", "shard-id": 3, "address": "127.0.0.1:54944", "wf-namespace-id": "16489026-76fa-49af-8333-d07c4a9341f7", "wf-id": "temporal-sys-worker-deployment-version:test-deployment-series.one_1", "wf-run-id": "0196a23c-71c4-7562-b9f3-b79a39e939cd", "queue-task-type": "VisibilityCloseExecution", "queue-task-id": 1048680, "timestamp": "2025-05-05T20:56:32.569Z", "cursor-timestamp": "2025-05-05T20:56:33.567Z", "logging-call-at": "/Users/shivamsaraf/Desktop/work/temporal/common/log/with_logger.go:37"}
2025-05-05T16:56:32.569-0400	debug	Assigning new task key	{"host": "127.0.0.1:54944", "shard-id": 3, "address": "127.0.0.1:54944", "wf-namespace-id": "16489026-76fa-49af-8333-d07c4a9341f7", "wf-id": "temporal-sys-worker-deployment-version:test-deployment-series.one_1", "wf-run-id": "73d4b2c2-9167-4b09-9217-e0da35b856b4", "queue-task-type": "VisibilityStartExecution", "queue-task-id": 1048681, "timestamp": "2025-05-05T20:56:32.569Z", "cursor-timestamp": "2025-05-05T20:56:33.567Z", "logging-call-at": "/Users/shivamsaraf/Desktop/work/temporal/common/log/with_logger.go:37"}
2025-05-05T16:56:32.569-0400	debug	New timer generated is less than min scheduled time	{"host": "127.0.0.1:54944", "shard-id": 3, "address": "127.0.0.1:54944", "wf-namespace-id": "16489026-76fa-49af-8333-d07c4a9341f7", "wf-id": "temporal-sys-worker-deployment-version:test-deployment-series.one_1", "wf-run-id": "73d4b2c2-9167-4b09-9217-e0da35b856b4", "queue-task-type": "WorkflowBackoffTimer", "queue-task-id": 1048682, "timestamp": "2025-05-05T20:56:33.453Z", "cursor-timestamp": "2025-05-05T20:56:33.567Z", "shard-update": "ShardAllocateTimerBeforeRead", "logging-call-at": "/Users/shivamsaraf/Desktop/work/temporal/common/log/with_logger.go:37"}
2025-05-05T16:56:32.569-0400	debug	Assigning new task key	{"host": "127.0.0.1:54944", "shard-id": 3, "address": "127.0.0.1:54944", "wf-namespace-id": "16489026-76fa-49af-8333-d07c4a9341f7", "wf-id": "temporal-sys-worker-deployment-version:test-deployment-series.one_1", "wf-run-id": "73d4b2c2-9167-4b09-9217-e0da35b856b4", "queue-task-type": "WorkflowBackoffTimer", "queue-task-id": 1048682, "timestamp": "2025-05-05T20:56:33.568Z", "cursor-timestamp": "2025-05-05T20:56:33.567Z", "logging-call-at": "/Users/shivamsaraf/Desktop/work/temporal/common/log/with_logger.go:37"}
2025-05-05T16:56:32.570-0400	debug	update state change	{"host": "127.0.0.1:54944", "shard-id": 3, "address": "127.0.0.1:54944", "wf-namespace-id": "16489026-76fa-49af-8333-d07c4a9341f7", "wf-id": "temporal-sys-worker-deployment-version:test-deployment-series.one_1", "wf-run-id": "0196a23c-71c4-7562-b9f3-b79a39e939cd", "update-id": "abd470b6-05a9-4412-9570-fad94f26b7a7", "from-state": "ProvisionallyCompleted", "to-state": "Completed", "logging-call-at": "/Users/shivamsaraf/Desktop/work/temporal/common/log/with_logger.go:37"}
2025-05-05T16:56:32.570-0400	debug	Process task as active.	{"host": "127.0.0.1:54944", "shard-id": 3, "address": "127.0.0.1:54944", "component": "transfer-queue-processor", "wf-namespace-id": "16489026-76fa-49af-8333-d07c4a9341f7", "value": "16489026-76fa-49af-8333-d07c4a9341f7/temporal-sys-worker-deployment-version:test-deployment-series.one_1/0196a23c-71c4-7562-b9f3-b79a39e939cd", "logging-call-at": "/Users/shivamsaraf/Desktop/work/temporal/common/log/with_logger.go:37"}
2025-05-05T16:56:32.570-0400	debug	Frontend method invoked.	{"host": "127.0.0.1:54942", "wf-namespace": "namespace-42f52dc7-121e-4d0f-9fad-c806d0420c24", "operation": "RespondActivityTaskCompleted", "server-name": "", "cert-thumbprint": "", "logging-call-at": "/Users/shivamsaraf/Desktop/work/temporal/common/log/with_logger.go:37"}
2025-05-05T16:56:32.570-0400	debug	Workflow task updated	{"host": "127.0.0.1:54944", "shard-id": 3, "address": "127.0.0.1:54944", "wf-scheduled-event-id": 15, "wf-started-event-id": 0, "workflow-task-request-id": "emptyUuid", "workflow-task-timeout": 10, "attempt": 1, "wf-started-timestamp": "0001-01-01T00:00:00.000Z", "wt-type": "Normal", "logging-call-at": "/Users/shivamsaraf/Desktop/work/temporal/common/log/with_logger.go:37"}
2025-05-05T16:56:32.570-0400	debug	Assigning new task key	{"host": "127.0.0.1:54944", "shard-id": 3, "address": "127.0.0.1:54944", "wf-namespace-id": "16489026-76fa-49af-8333-d07c4a9341f7", "wf-id": "temporal-sys-worker-deployment:test-deployment-series", "wf-run-id": "0196a23c-6dd7-73c8-be3b-1a7ec93a2003", "queue-task-type": "WorkflowTaskTimeout", "queue-task-id": 1048688, "timestamp": "2025-05-05T20:56:37.571Z", "cursor-timestamp": "2025-05-05T20:56:33.570Z", "logging-call-at": "/Users/shivamsaraf/Desktop/work/temporal/common/log/with_logger.go:37"}
2025-05-05T16:56:32.570-0400	debug	Assigning new task key	{"host": "127.0.0.1:54944", "shard-id": 3, "address": "127.0.0.1:54944", "wf-namespace-id": "16489026-76fa-49af-8333-d07c4a9341f7", "wf-id": "temporal-sys-worker-deployment:test-deployment-series", "wf-run-id": "0196a23c-6dd7-73c8-be3b-1a7ec93a2003", "queue-task-type": "TransferWorkflowTask", "queue-task-id": 1048689, "timestamp": "2025-05-05T20:56:32.570Z", "cursor-timestamp": "2025-05-05T20:56:33.570Z", "logging-call-at": "/Users/shivamsaraf/Desktop/work/temporal/common/log/with_logger.go:37"}
2025-05-05T16:56:32.572-0400	debug	Process task as active.	{"host": "127.0.0.1:54944", "shard-id": 3, "address": "127.0.0.1:54944", "component": "transfer-queue-processor", "wf-namespace-id": "16489026-76fa-49af-8333-d07c4a9341f7", "value": "16489026-76fa-49af-8333-d07c4a9341f7/temporal-sys-worker-deployment:test-deployment-series/0196a23c-6dd7-73c8-be3b-1a7ec93a2003", "logging-call-at": "/Users/shivamsaraf/Desktop/work/temporal/common/log/with_logger.go:37"}
2025-05-05T16:56:32.572-0400	debug	Workflow task updated	{"host": "127.0.0.1:54944", "shard-id": 3, "address": "127.0.0.1:54944", "wf-scheduled-event-id": 15, "wf-started-event-id": 16, "workflow-task-request-id": "a89f7772-dab9-470d-b997-3389a3cacf46", "workflow-task-timeout": 10, "attempt": 1, "wf-started-timestamp": "2025-05-05T20:56:32.572Z", "wt-type": "Normal", "logging-call-at": "/Users/shivamsaraf/Desktop/work/temporal/common/log/with_logger.go:37"}
2025-05-05T16:56:32.572-0400	debug	Assigning new task key	{"host": "127.0.0.1:54944", "shard-id": 3, "address": "127.0.0.1:54944", "wf-namespace-id": "16489026-76fa-49af-8333-d07c4a9341f7", "wf-id": "temporal-sys-worker-deployment:test-deployment-series", "wf-run-id": "0196a23c-6dd7-73c8-be3b-1a7ec93a2003", "queue-task-type": "WorkflowTaskTimeout", "queue-task-id": 1048692, "timestamp": "2025-05-05T20:56:42.573Z", "cursor-timestamp": "2025-05-05T20:56:33.571Z", "logging-call-at": "/Users/shivamsaraf/Desktop/work/temporal/common/log/with_logger.go:37"}
2025-05-05T16:56:32.573-0400	debug	SideEffect Marker added	{"host": "127.0.0.1:54945", "Namespace": "namespace-42f52dc7-121e-4d0f-9fad-c806d0420c24", "TaskQueue": "temporal-sys-per-ns-tq", "WorkerID": "temporal-system@Shivams-MacBook-Pro.local@namespace-42f52dc7-121e-4d0f-9fad-c806d0420c24", "WorkflowType": "temporal-sys-worker-deployment-workflow", "WorkflowID": "temporal-sys-worker-deployment:test-deployment-series", "RunID": "0196a23c-6dd7-73c8-be3b-1a7ec93a2003", "Attempt": 0, "SideEffectID": 1, "logging-call-at": "/Users/shivamsaraf/Desktop/work/temporal/common/log/with_logger.go:37"}
2025-05-05T16:56:32.573-0400	debug	Frontend method invoked.	{"host": "127.0.0.1:54942", "wf-namespace": "namespace-42f52dc7-121e-4d0f-9fad-c806d0420c24", "operation": "PollWorkflowTaskQueue", "server-name": "", "cert-thumbprint": "", "logging-call-at": "/Users/shivamsaraf/Desktop/work/temporal/common/log/with_logger.go:37"}
2025-05-05T16:56:32.573-0400	debug	ExecuteActivity	{"host": "127.0.0.1:54945", "Namespace": "namespace-42f52dc7-121e-4d0f-9fad-c806d0420c24", "TaskQueue": "temporal-sys-per-ns-tq", "WorkerID": "temporal-system@Shivams-MacBook-Pro.local@namespace-42f52dc7-121e-4d0f-9fad-c806d0420c24", "WorkflowType": "temporal-sys-worker-deployment-workflow", "WorkflowID": "temporal-sys-worker-deployment:test-deployment-series", "RunID": "0196a23c-6dd7-73c8-be3b-1a7ec93a2003", "Attempt": 0, "ActivityID": "20", "ActivityType": "SyncWorkerDeploymentVersion", "logging-call-at": "/Users/shivamsaraf/Desktop/work/temporal/common/log/with_logger.go:37"}
2025-05-05T16:56:32.573-0400	debug	Received PollWorkflowTaskQueue	{"host": "127.0.0.1:54942", "service": "frontend", "logging-call-at": "/Users/shivamsaraf/Desktop/work/temporal/common/log/with_logger.go:37"}
2025-05-05T16:56:32.573-0400	debug	Poll workflow task queue.	{"host": "127.0.0.1:54942", "service": "frontend", "wf-namespace": "namespace-42f52dc7-121e-4d0f-9fad-c806d0420c24", "wf-namespace-id": "16489026-76fa-49af-8333-d07c4a9341f7", "logging-call-at": "/Users/shivamsaraf/Desktop/work/temporal/common/log/with_logger.go:37"}
2025-05-05T16:56:32.573-0400	debug	Frontend method invoked.	{"host": "127.0.0.1:54942", "wf-namespace": "namespace-42f52dc7-121e-4d0f-9fad-c806d0420c24", "operation": "RespondWorkflowTaskCompleted", "server-name": "", "cert-thumbprint": "", "logging-call-at": "/Users/shivamsaraf/Desktop/work/temporal/common/log/with_logger.go:37"}
2025-05-05T16:56:32.573-0400	debug	RespondWorkflowTaskCompleted	{"host": "127.0.0.1:54944", "service": "history", "wf-namespace-id": "16489026-76fa-49af-8333-d07c4a9341f7", "wf-id": "temporal-sys-worker-deployment:test-deployment-series", "wf-run-id": "0196a23c-6dd7-73c8-be3b-1a7ec93a2003", "wf-scheduled-event-id": 15, "logging-call-at": "/Users/shivamsaraf/Desktop/work/temporal/common/log/with_logger.go:37"}
2025-05-05T16:56:32.573-0400	debug	Workflow task updated	{"host": "127.0.0.1:54944", "shard-id": 3, "address": "127.0.0.1:54944", "wf-scheduled-event-id": 0, "wf-started-event-id": 0, "workflow-task-request-id": "emptyUuid", "workflow-task-timeout": 0, "attempt": 1, "wf-started-timestamp": "1970-01-01T00:00:00.000Z", "wt-type": "Unspecified", "logging-call-at": "/Users/shivamsaraf/Desktop/work/temporal/common/log/with_logger.go:37"}
2025-05-05T16:56:32.573-0400	debug	update state change	{"host": "127.0.0.1:54944", "shard-id": 3, "address": "127.0.0.1:54944", "wf-namespace-id": "16489026-76fa-49af-8333-d07c4a9341f7", "wf-id": "temporal-sys-worker-deployment:test-deployment-series", "wf-run-id": "0196a23c-6dd7-73c8-be3b-1a7ec93a2003", "update-id": "8795d3f3-7aba-4149-b53f-33c60080d8be", "from-state": "Accepted", "to-state": "ProvisionallyCompleted", "logging-call-at": "/Users/shivamsaraf/Desktop/work/temporal/common/log/with_logger.go:37"}
2025-05-05T16:56:32.573-0400	debug	Assigning new task key	{"host": "127.0.0.1:54944", "shard-id": 3, "address": "127.0.0.1:54944", "wf-namespace-id": "16489026-76fa-49af-8333-d07c4a9341f7", "wf-id": "temporal-sys-worker-deployment:test-deployment-series", "wf-run-id": "0196a23c-6dd7-73c8-be3b-1a7ec93a2003", "queue-task-type": "TransferActivityTask", "queue-task-id": 1048699, "timestamp": "2025-05-05T20:56:32.573Z", "cursor-timestamp": "2025-05-05T20:56:33.571Z", "logging-call-at": "/Users/shivamsaraf/Desktop/work/temporal/common/log/with_logger.go:37"}
2025-05-05T16:56:32.574-0400	debug	update state change	{"host": "127.0.0.1:54944", "shard-id": 3, "address": "127.0.0.1:54944", "wf-namespace-id": "16489026-76fa-49af-8333-d07c4a9341f7", "wf-id": "temporal-sys-worker-deployment:test-deployment-series", "wf-run-id": "0196a23c-6dd7-73c8-be3b-1a7ec93a2003", "update-id": "8795d3f3-7aba-4149-b53f-33c60080d8be", "from-state": "ProvisionallyCompleted", "to-state": "Completed", "logging-call-at": "/Users/shivamsaraf/Desktop/work/temporal/common/log/with_logger.go:37"}
2025-05-05T16:56:32.574-0400	debug	Process task as active.	{"host": "127.0.0.1:54944", "shard-id": 3, "address": "127.0.0.1:54944", "component": "transfer-queue-processor", "wf-namespace-id": "16489026-76fa-49af-8333-d07c4a9341f7", "value": "16489026-76fa-49af-8333-d07c4a9341f7/temporal-sys-worker-deployment:test-deployment-series/0196a23c-6dd7-73c8-be3b-1a7ec93a2003", "logging-call-at": "/Users/shivamsaraf/Desktop/work/temporal/common/log/with_logger.go:37"}
2025-05-05T16:56:32.574-0400	debug	deployment client success	{"host": "127.0.0.1:54943", "operation": "RegisterTaskQueueWorker", "elapsed": 1.129201083, "args": ["rsion_DrainingVersion-56fd90ab_task_queue",1,"matching service"], "logging-call-at": "/Users/shivamsaraf/Desktop/work/temporal/common/log/with_logger.go:37"}
2025-05-05T16:56:32.574-0400	info	Started physicalTaskQueueManager	{"host": "127.0.0.1:54943", "component": "matching-engine", "wf-task-queue-name": "rsion_DrainingVersion-56fd90ab_task_queue", "wf-task-queue-type": "Workflow", "wf-namespace": "namespace-42f52dc7-121e-4d0f-9fad-c806d0420c24", "worker-build-id": "test-deployment-series/one_1", "lifecycle": "Started", "cause": "UserData", "logging-call-at": "/Users/shivamsaraf/Desktop/work/temporal/common/log/with_logger.go:42"}
2025-05-05T16:56:32.574-0400	debug	Assigning new task key	{"host": "127.0.0.1:54944", "shard-id": 3, "address": "127.0.0.1:54944", "wf-namespace-id": "16489026-76fa-49af-8333-d07c4a9341f7", "wf-id": "temporal-sys-worker-deployment:test-deployment-series", "wf-run-id": "0196a23c-6dd7-73c8-be3b-1a7ec93a2003", "queue-task-type": "ActivityTimeout", "queue-task-id": 1048701, "timestamp": "2025-05-05T20:57:32.575Z", "cursor-timestamp": "2025-05-05T20:56:33.574Z", "logging-call-at": "/Users/shivamsaraf/Desktop/work/temporal/common/log/with_logger.go:37"}
2025-05-05T16:56:32.575-0400	debug	Frontend method invoked.	{"host": "127.0.0.1:54942", "wf-namespace": "namespace-42f52dc7-121e-4d0f-9fad-c806d0420c24", "operation": "PollActivityTaskQueue", "server-name": "", "cert-thumbprint": "", "logging-call-at": "/Users/shivamsaraf/Desktop/work/temporal/common/log/with_logger.go:37"}
2025-05-05T16:56:32.575-0400	debug	Received PollActivityTaskQueue	{"host": "127.0.0.1:54942", "service": "frontend", "logging-call-at": "/Users/shivamsaraf/Desktop/work/temporal/common/log/with_logger.go:37"}
2025-05-05T16:56:32.575-0400	debug	update state change	{"host": "127.0.0.1:54944", "shard-id": 3, "address": "127.0.0.1:54944", "wf-namespace-id": "16489026-76fa-49af-8333-d07c4a9341f7", "wf-id": "temporal-sys-worker-deployment-version:test-deployment-series.one_1", "wf-run-id": "73d4b2c2-9167-4b09-9217-e0da35b856b4", "update-id": "d8cb3b22-d412-4788-84d9-2bdc59addb9f", "from-state": "Created", "to-state": "ProvisionallyAdmitted", "logging-call-at": "/Users/shivamsaraf/Desktop/work/temporal/common/log/with_logger.go:37"}
2025-05-05T16:56:32.575-0400	debug	update state change	{"host": "127.0.0.1:54944", "shard-id": 3, "address": "127.0.0.1:54944", "wf-namespace-id": "16489026-76fa-49af-8333-d07c4a9341f7", "wf-id": "temporal-sys-worker-deployment-version:test-deployment-series.one_1", "wf-run-id": "73d4b2c2-9167-4b09-9217-e0da35b856b4", "update-id": "d8cb3b22-d412-4788-84d9-2bdc59addb9f", "from-state": "ProvisionallyAdmitted", "to-state": "Admitted", "logging-call-at": "/Users/shivamsaraf/Desktop/work/temporal/common/log/with_logger.go:37"}
2025-05-05T16:56:32.575-0400	debug	Workflow task updated	{"host": "127.0.0.1:54944", "shard-id": 3, "address": "127.0.0.1:54944", "wf-namespace-id": "16489026-76fa-49af-8333-d07c4a9341f7", "wf-id": "temporal-sys-worker-deployment-version:test-deployment-series.one_1", "wf-run-id": "73d4b2c2-9167-4b09-9217-e0da35b856b4", "wf-scheduled-event-id": 2, "wf-started-event-id": 0, "workflow-task-request-id": "emptyUuid", "workflow-task-timeout": 10, "attempt": 1, "wf-started-timestamp": "0001-01-01T00:00:00.000Z", "wt-type": "Speculative", "logging-call-at": "/Users/shivamsaraf/Desktop/work/temporal/common/log/with_logger.go:37"}
2025-05-05T16:56:32.575-0400	debug	Workflow task updated	{"host": "127.0.0.1:54944", "shard-id": 3, "address": "127.0.0.1:54944", "wf-namespace-id": "16489026-76fa-49af-8333-d07c4a9341f7", "wf-id": "temporal-sys-worker-deployment-version:test-deployment-series.one_1", "wf-run-id": "73d4b2c2-9167-4b09-9217-e0da35b856b4", "wf-scheduled-event-id": 2, "wf-started-event-id": 3, "workflow-task-request-id": "72499012-1f93-43e1-a833-bc7189ac2c74", "workflow-task-timeout": 10, "attempt": 1, "wf-started-timestamp": "2025-05-05T20:56:32.575Z", "wt-type": "Speculative", "logging-call-at": "/Users/shivamsaraf/Desktop/work/temporal/common/log/with_logger.go:37"}
2025-05-05T16:56:32.575-0400	debug	update state change	{"host": "127.0.0.1:54944", "shard-id": 3, "address": "127.0.0.1:54944", "wf-namespace-id": "16489026-76fa-49af-8333-d07c4a9341f7", "wf-id": "temporal-sys-worker-deployment-version:test-deployment-series.one_1", "wf-run-id": "73d4b2c2-9167-4b09-9217-e0da35b856b4", "update-id": "d8cb3b22-d412-4788-84d9-2bdc59addb9f", "from-state": "Admitted", "to-state": "Sent", "logging-call-at": "/Users/shivamsaraf/Desktop/work/temporal/common/log/with_logger.go:37"}
2025-05-05T16:56:32.576-0400	debug	Frontend method invoked.	{"host": "127.0.0.1:54942", "wf-namespace": "namespace-42f52dc7-121e-4d0f-9fad-c806d0420c24", "operation": "PollWorkflowTaskQueue", "server-name": "", "cert-thumbprint": "", "logging-call-at": "/Users/shivamsaraf/Desktop/work/temporal/common/log/with_logger.go:37"}
2025-05-05T16:56:32.576-0400	debug	Received PollWorkflowTaskQueue	{"host": "127.0.0.1:54942", "service": "frontend", "logging-call-at": "/Users/shivamsaraf/Desktop/work/temporal/common/log/with_logger.go:37"}
2025-05-05T16:56:32.576-0400	debug	Poll workflow task queue.	{"host": "127.0.0.1:54942", "service": "frontend", "wf-namespace": "namespace-42f52dc7-121e-4d0f-9fad-c806d0420c24", "wf-namespace-id": "16489026-76fa-49af-8333-d07c4a9341f7", "logging-call-at": "/Users/shivamsaraf/Desktop/work/temporal/common/log/with_logger.go:37"}
2025-05-05T16:56:32.576-0400	debug	ExecuteActivity	{"host": "127.0.0.1:54945", "Namespace": "namespace-42f52dc7-121e-4d0f-9fad-c806d0420c24", "TaskQueue": "temporal-sys-per-ns-tq", "WorkerID": "temporal-system@Shivams-MacBook-Pro.local@namespace-42f52dc7-121e-4d0f-9fad-c806d0420c24", "WorkflowType": "temporal-sys-worker-deployment-version-workflow", "WorkflowID": "temporal-sys-worker-deployment-version:test-deployment-series.one_1", "RunID": "73d4b2c2-9167-4b09-9217-e0da35b856b4", "Attempt": 1, "ActivityID": "8", "ActivityType": "SyncDeploymentVersionUserData", "logging-call-at": "/Users/shivamsaraf/Desktop/work/temporal/common/log/with_logger.go:37"}
2025-05-05T16:56:32.576-0400	debug	Frontend method invoked.	{"host": "127.0.0.1:54942", "wf-namespace": "namespace-42f52dc7-121e-4d0f-9fad-c806d0420c24", "operation": "RespondWorkflowTaskCompleted", "server-name": "", "cert-thumbprint": "", "logging-call-at": "/Users/shivamsaraf/Desktop/work/temporal/common/log/with_logger.go:37"}
2025-05-05T16:56:32.576-0400	debug	RespondWorkflowTaskCompleted	{"host": "127.0.0.1:54944", "service": "history", "wf-namespace-id": "16489026-76fa-49af-8333-d07c4a9341f7", "wf-id": "temporal-sys-worker-deployment-version:test-deployment-series.one_1", "wf-run-id": "73d4b2c2-9167-4b09-9217-e0da35b856b4", "wf-scheduled-event-id": 2, "logging-call-at": "/Users/shivamsaraf/Desktop/work/temporal/common/log/with_logger.go:37"}
2025-05-05T16:56:32.576-0400	debug	Workflow task updated	{"host": "127.0.0.1:54944", "shard-id": 3, "address": "127.0.0.1:54944", "wf-namespace-id": "16489026-76fa-49af-8333-d07c4a9341f7", "wf-id": "temporal-sys-worker-deployment-version:test-deployment-series.one_1", "wf-run-id": "73d4b2c2-9167-4b09-9217-e0da35b856b4", "wf-scheduled-event-id": 0, "wf-started-event-id": 0, "workflow-task-request-id": "emptyUuid", "workflow-task-timeout": 0, "attempt": 1, "wf-started-timestamp": "1970-01-01T00:00:00.000Z", "wt-type": "Unspecified", "logging-call-at": "/Users/shivamsaraf/Desktop/work/temporal/common/log/with_logger.go:37"}
2025-05-05T16:56:32.576-0400	debug	update state change	{"host": "127.0.0.1:54944", "shard-id": 3, "address": "127.0.0.1:54944", "wf-namespace-id": "16489026-76fa-49af-8333-d07c4a9341f7", "wf-id": "temporal-sys-worker-deployment-version:test-deployment-series.one_1", "wf-run-id": "73d4b2c2-9167-4b09-9217-e0da35b856b4", "update-id": "d8cb3b22-d412-4788-84d9-2bdc59addb9f", "from-state": "Sent", "to-state": "ProvisionallyAccepted", "logging-call-at": "/Users/shivamsaraf/Desktop/work/temporal/common/log/with_logger.go:37"}
2025-05-05T16:56:32.576-0400	debug	Assigning new task key	{"host": "127.0.0.1:54944", "shard-id": 3, "address": "127.0.0.1:54944", "wf-namespace-id": "16489026-76fa-49af-8333-d07c4a9341f7", "wf-id": "temporal-sys-worker-deployment-version:test-deployment-series.one_1", "wf-run-id": "73d4b2c2-9167-4b09-9217-e0da35b856b4", "queue-task-type": "VisibilityUpsertExecution", "queue-task-id": 1048716, "timestamp": "2025-05-05T20:56:32.576Z", "cursor-timestamp": "2025-05-05T20:56:33.574Z", "logging-call-at": "/Users/shivamsaraf/Desktop/work/temporal/common/log/with_logger.go:37"}
2025-05-05T16:56:32.576-0400	debug	Assigning new task key	{"host": "127.0.0.1:54944", "shard-id": 3, "address": "127.0.0.1:54944", "wf-namespace-id": "16489026-76fa-49af-8333-d07c4a9341f7", "wf-id": "temporal-sys-worker-deployment-version:test-deployment-series.one_1", "wf-run-id": "73d4b2c2-9167-4b09-9217-e0da35b856b4", "queue-task-type": "TransferActivityTask", "queue-task-id": 1048717, "timestamp": "2025-05-05T20:56:32.576Z", "cursor-timestamp": "2025-05-05T20:56:33.574Z", "logging-call-at": "/Users/shivamsaraf/Desktop/work/temporal/common/log/with_logger.go:37"}
2025-05-05T16:56:32.577-0400	debug	update state change	{"host": "127.0.0.1:54944", "shard-id": 3, "address": "127.0.0.1:54944", "wf-namespace-id": "16489026-76fa-49af-8333-d07c4a9341f7", "wf-id": "temporal-sys-worker-deployment-version:test-deployment-series.one_1", "wf-run-id": "73d4b2c2-9167-4b09-9217-e0da35b856b4", "update-id": "d8cb3b22-d412-4788-84d9-2bdc59addb9f", "from-state": "ProvisionallyAccepted", "to-state": "Accepted", "logging-call-at": "/Users/shivamsaraf/Desktop/work/temporal/common/log/with_logger.go:37"}
2025-05-05T16:56:32.577-0400	debug	Process task as active.	{"host": "127.0.0.1:54944", "shard-id": 3, "address": "127.0.0.1:54944", "component": "transfer-queue-processor", "wf-namespace-id": "16489026-76fa-49af-8333-d07c4a9341f7", "value": "16489026-76fa-49af-8333-d07c4a9341f7/temporal-sys-worker-deployment-version:test-deployment-series.one_1/73d4b2c2-9167-4b09-9217-e0da35b856b4", "logging-call-at": "/Users/shivamsaraf/Desktop/work/temporal/common/log/with_logger.go:37"}
2025-05-05T16:56:32.577-0400	debug	Assigning new task key	{"host": "127.0.0.1:54944", "shard-id": 3, "address": "127.0.0.1:54944", "wf-namespace-id": "16489026-76fa-49af-8333-d07c4a9341f7", "wf-id": "temporal-sys-worker-deployment-version:test-deployment-series.one_1", "wf-run-id": "73d4b2c2-9167-4b09-9217-e0da35b856b4", "queue-task-type": "ActivityTimeout", "queue-task-id": 1048718, "timestamp": "2025-05-05T20:57:32.578Z", "cursor-timestamp": "2025-05-05T20:56:33.577Z", "logging-call-at": "/Users/shivamsaraf/Desktop/work/temporal/common/log/with_logger.go:37"}
2025-05-05T16:56:32.578-0400	info	syncing task queue userdata for deployment version	{"host": "127.0.0.1:54945", "Namespace": "namespace-42f52dc7-121e-4d0f-9fad-c806d0420c24", "TaskQueue": "temporal-sys-per-ns-tq", "WorkerID": "temporal-system@Shivams-MacBook-Pro.local@namespace-42f52dc7-121e-4d0f-9fad-c806d0420c24", "ActivityID": "8", "ActivityType": "SyncDeploymentVersionUserData", "Attempt": 1, "WorkflowType": "temporal-sys-worker-deployment-version-workflow", "WorkflowID": "temporal-sys-worker-deployment-version:test-deployment-series.one_1", "RunID": "73d4b2c2-9167-4b09-9217-e0da35b856b4", "taskQueue": "rsion_DrainingVersion-56fd90ab_task_queue", "types": [1], "logging-call-at": "/Users/shivamsaraf/Desktop/work/temporal/common/log/with_logger.go:42"}
2025-05-05T16:56:32.578-0400	debug	Frontend method invoked.	{"host": "127.0.0.1:54942", "wf-namespace": "namespace-42f52dc7-121e-4d0f-9fad-c806d0420c24", "operation": "PollActivityTaskQueue", "server-name": "", "cert-thumbprint": "", "logging-call-at": "/Users/shivamsaraf/Desktop/work/temporal/common/log/with_logger.go:37"}
2025-05-05T16:56:32.578-0400	debug	Received PollActivityTaskQueue	{"host": "127.0.0.1:54942", "service": "frontend", "logging-call-at": "/Users/shivamsaraf/Desktop/work/temporal/common/log/with_logger.go:37"}
2025-05-05T16:56:32.680-0400	info	modified user data	{"host": "127.0.0.1:54943", "component": "matching-engine", "wf-task-queue-name": "rsion_DrainingVersion-56fd90ab_task_queue", "wf-task-queue-type": "Workflow", "wf-namespace": "namespace-42f52dc7-121e-4d0f-9fad-c806d0420c24", "user-data-update-source": "SyncDeploymentUserData", "user-data-version": 2, "timestamp": "2025-05-05T20:56:32.578Z", "logging-call-at": "/Users/shivamsaraf/Desktop/work/temporal/common/log/with_logger.go:42"}
2025-05-05T16:56:32.680-0400	debug	user data changed while blocked in long poll	{"host": "127.0.0.1:54943", "component": "matching-engine", "wf-task-queue-name": "rsion_DrainingVersion-56fd90ab_task_queue", "wf-task-queue-type": "Workflow", "wf-namespace": "namespace-42f52dc7-121e-4d0f-9fad-c806d0420c24", "logging-call-at": "/Users/shivamsaraf/Desktop/work/temporal/common/log/with_logger.go:37"}
2025-05-05T16:56:32.680-0400	debug	user data changed while blocked in long poll	{"host": "127.0.0.1:54943", "component": "matching-engine", "wf-task-queue-name": "rsion_DrainingVersion-56fd90ab_task_queue", "wf-task-queue-type": "Workflow", "wf-namespace": "namespace-42f52dc7-121e-4d0f-9fad-c806d0420c24", "logging-call-at": "/Users/shivamsaraf/Desktop/work/temporal/common/log/with_logger.go:37"}
2025-05-05T16:56:32.680-0400	info	returning user data	{"host": "127.0.0.1:54943", "component": "matching-engine", "wf-task-queue-name": "rsion_DrainingVersion-56fd90ab_task_queue", "wf-task-queue-type": "Workflow", "wf-namespace": "namespace-42f52dc7-121e-4d0f-9fad-c806d0420c24", "long-poll": true, "request-known-version": 1, "user-data-version": 2, "logging-call-at": "/Users/shivamsaraf/Desktop/work/temporal/common/log/with_logger.go:42"}
2025-05-05T16:56:32.680-0400	info	returning user data	{"host": "127.0.0.1:54943", "component": "matching-engine", "wf-task-queue-name": "rsion_DrainingVersion-56fd90ab_task_queue", "wf-task-queue-type": "Workflow", "wf-namespace": "namespace-42f52dc7-121e-4d0f-9fad-c806d0420c24", "long-poll": true, "request-known-version": 1, "user-data-version": 2, "logging-call-at": "/Users/shivamsaraf/Desktop/work/temporal/common/log/with_logger.go:42"}
2025-05-05T16:56:32.680-0400	debug	user data changed while blocked in long poll	{"host": "127.0.0.1:54943", "component": "matching-engine", "wf-task-queue-name": "rsion_DrainingVersion-56fd90ab_task_queue", "wf-task-queue-type": "Workflow", "wf-namespace": "namespace-42f52dc7-121e-4d0f-9fad-c806d0420c24", "logging-call-at": "/Users/shivamsaraf/Desktop/work/temporal/common/log/with_logger.go:37"}
2025-05-05T16:56:32.680-0400	info	returning user data	{"host": "127.0.0.1:54943", "component": "matching-engine", "wf-task-queue-name": "rsion_DrainingVersion-56fd90ab_task_queue", "wf-task-queue-type": "Workflow", "wf-namespace": "namespace-42f52dc7-121e-4d0f-9fad-c806d0420c24", "long-poll": true, "request-known-version": 1, "user-data-version": 2, "logging-call-at": "/Users/shivamsaraf/Desktop/work/temporal/common/log/with_logger.go:42"}
2025-05-05T16:56:32.680-0400	info	fetched user data from parent	{"host": "127.0.0.1:54943", "component": "matching-engine", "wf-task-queue-name": "/_sys/rsion_DrainingVersion-56fd90ab_task_queue/1", "wf-task-queue-type": "Workflow", "wf-namespace": "namespace-42f52dc7-121e-4d0f-9fad-c806d0420c24", "user-data-version": 2, "timestamp": "2025-05-05T20:56:32.578Z", "logging-call-at": "/Users/shivamsaraf/Desktop/work/temporal/common/log/with_logger.go:42"}
2025-05-05T16:56:32.680-0400	info	fetched user data from parent	{"host": "127.0.0.1:54943", "component": "matching-engine", "wf-task-queue-name": "/_sys/rsion_DrainingVersion-56fd90ab_task_queue/2", "wf-task-queue-type": "Workflow", "wf-namespace": "namespace-42f52dc7-121e-4d0f-9fad-c806d0420c24", "user-data-version": 2, "timestamp": "2025-05-05T20:56:32.578Z", "logging-call-at": "/Users/shivamsaraf/Desktop/work/temporal/common/log/with_logger.go:42"}
2025-05-05T16:56:32.680-0400	info	fetched user data from parent	{"host": "127.0.0.1:54943", "component": "matching-engine", "wf-task-queue-name": "/_sys/rsion_DrainingVersion-56fd90ab_task_queue/3", "wf-task-queue-type": "Workflow", "wf-namespace": "namespace-42f52dc7-121e-4d0f-9fad-c806d0420c24", "user-data-version": 2, "timestamp": "2025-05-05T20:56:32.578Z", "logging-call-at": "/Users/shivamsaraf/Desktop/work/temporal/common/log/with_logger.go:42"}
2025-05-05T16:56:32.681-0400	debug	Frontend method invoked.	{"host": "127.0.0.1:54942", "wf-namespace": "namespace-42f52dc7-121e-4d0f-9fad-c806d0420c24", "operation": "RespondActivityTaskCompleted", "server-name": "", "cert-thumbprint": "", "logging-call-at": "/Users/shivamsaraf/Desktop/work/temporal/common/log/with_logger.go:37"}
2025-05-05T16:56:32.681-0400	debug	Workflow task updated	{"host": "127.0.0.1:54944", "shard-id": 3, "address": "127.0.0.1:54944", "wf-namespace-id": "16489026-76fa-49af-8333-d07c4a9341f7", "wf-id": "temporal-sys-worker-deployment-version:test-deployment-series.one_1", "wf-run-id": "73d4b2c2-9167-4b09-9217-e0da35b856b4", "wf-scheduled-event-id": 11, "wf-started-event-id": 0, "workflow-task-request-id": "emptyUuid", "workflow-task-timeout": 10, "attempt": 1, "wf-started-timestamp": "0001-01-01T00:00:00.000Z", "wt-type": "Normal", "logging-call-at": "/Users/shivamsaraf/Desktop/work/temporal/common/log/with_logger.go:37"}
2025-05-05T16:56:32.681-0400	debug	Assigning new task key	{"host": "127.0.0.1:54944", "shard-id": 3, "address": "127.0.0.1:54944", "wf-namespace-id": "16489026-76fa-49af-8333-d07c4a9341f7", "wf-id": "temporal-sys-worker-deployment-version:test-deployment-series.one_1", "wf-run-id": "73d4b2c2-9167-4b09-9217-e0da35b856b4", "queue-task-type": "WorkflowTaskTimeout", "queue-task-id": 1048724, "timestamp": "2025-05-05T20:56:37.682Z", "cursor-timestamp": "2025-05-05T20:56:33.577Z", "logging-call-at": "/Users/shivamsaraf/Desktop/work/temporal/common/log/with_logger.go:37"}
2025-05-05T16:56:32.682-0400	debug	Assigning new task key	{"host": "127.0.0.1:54944", "shard-id": 3, "address": "127.0.0.1:54944", "wf-namespace-id": "16489026-76fa-49af-8333-d07c4a9341f7", "wf-id": "temporal-sys-worker-deployment-version:test-deployment-series.one_1", "wf-run-id": "73d4b2c2-9167-4b09-9217-e0da35b856b4", "queue-task-type": "TransferWorkflowTask", "queue-task-id": 1048725, "timestamp": "2025-05-05T20:56:32.681Z", "cursor-timestamp": "2025-05-05T20:56:33.577Z", "logging-call-at": "/Users/shivamsaraf/Desktop/work/temporal/common/log/with_logger.go:37"}
2025-05-05T16:56:32.683-0400	debug	Process task as active.	{"host": "127.0.0.1:54944", "shard-id": 3, "address": "127.0.0.1:54944", "component": "transfer-queue-processor", "wf-namespace-id": "16489026-76fa-49af-8333-d07c4a9341f7", "value": "16489026-76fa-49af-8333-d07c4a9341f7/temporal-sys-worker-deployment-version:test-deployment-series.one_1/73d4b2c2-9167-4b09-9217-e0da35b856b4", "logging-call-at": "/Users/shivamsaraf/Desktop/work/temporal/common/log/with_logger.go:37"}
2025-05-05T16:56:32.684-0400	debug	Workflow task updated	{"host": "127.0.0.1:54944", "shard-id": 3, "address": "127.0.0.1:54944", "wf-namespace-id": "16489026-76fa-49af-8333-d07c4a9341f7", "wf-id": "temporal-sys-worker-deployment-version:test-deployment-series.one_1", "wf-run-id": "73d4b2c2-9167-4b09-9217-e0da35b856b4", "wf-scheduled-event-id": 11, "wf-started-event-id": 12, "workflow-task-request-id": "386d6d36-0120-4969-851e-457c1e0a0083", "workflow-task-timeout": 10, "attempt": 1, "wf-started-timestamp": "2025-05-05T20:56:32.684Z", "wt-type": "Normal", "logging-call-at": "/Users/shivamsaraf/Desktop/work/temporal/common/log/with_logger.go:37"}
2025-05-05T16:56:32.684-0400	debug	Assigning new task key	{"host": "127.0.0.1:54944", "shard-id": 3, "address": "127.0.0.1:54944", "wf-namespace-id": "16489026-76fa-49af-8333-d07c4a9341f7", "wf-id": "temporal-sys-worker-deployment-version:test-deployment-series.one_1", "wf-run-id": "73d4b2c2-9167-4b09-9217-e0da35b856b4", "queue-task-type": "WorkflowTaskTimeout", "queue-task-id": 1048728, "timestamp": "2025-05-05T20:56:42.685Z", "cursor-timestamp": "2025-05-05T20:56:33.683Z", "logging-call-at": "/Users/shivamsaraf/Desktop/work/temporal/common/log/with_logger.go:37"}
2025-05-05T16:56:32.685-0400	debug	ExecuteActivity	{"host": "127.0.0.1:54945", "Namespace": "namespace-42f52dc7-121e-4d0f-9fad-c806d0420c24", "TaskQueue": "temporal-sys-per-ns-tq", "WorkerID": "temporal-system@Shivams-MacBook-Pro.local@namespace-42f52dc7-121e-4d0f-9fad-c806d0420c24", "WorkflowType": "temporal-sys-worker-deployment-version-workflow", "WorkflowID": "temporal-sys-worker-deployment-version:test-deployment-series.one_1", "RunID": "73d4b2c2-9167-4b09-9217-e0da35b856b4", "Attempt": 1, "ActivityID": "14", "ActivityType": "CheckWorkerDeploymentUserDataPropagation", "logging-call-at": "/Users/shivamsaraf/Desktop/work/temporal/common/log/with_logger.go:37"}
2025-05-05T16:56:32.686-0400	debug	Frontend method invoked.	{"host": "127.0.0.1:54942", "wf-namespace": "namespace-42f52dc7-121e-4d0f-9fad-c806d0420c24", "operation": "PollWorkflowTaskQueue", "server-name": "", "cert-thumbprint": "", "logging-call-at": "/Users/shivamsaraf/Desktop/work/temporal/common/log/with_logger.go:37"}
2025-05-05T16:56:32.686-0400	debug	Received PollWorkflowTaskQueue	{"host": "127.0.0.1:54942", "service": "frontend", "logging-call-at": "/Users/shivamsaraf/Desktop/work/temporal/common/log/with_logger.go:37"}
2025-05-05T16:56:32.686-0400	debug	Poll workflow task queue.	{"host": "127.0.0.1:54942", "service": "frontend", "wf-namespace": "namespace-42f52dc7-121e-4d0f-9fad-c806d0420c24", "wf-namespace-id": "16489026-76fa-49af-8333-d07c4a9341f7", "logging-call-at": "/Users/shivamsaraf/Desktop/work/temporal/common/log/with_logger.go:37"}
2025-05-05T16:56:32.686-0400	debug	Frontend method invoked.	{"host": "127.0.0.1:54942", "wf-namespace": "namespace-42f52dc7-121e-4d0f-9fad-c806d0420c24", "operation": "RespondWorkflowTaskCompleted", "server-name": "", "cert-thumbprint": "", "logging-call-at": "/Users/shivamsaraf/Desktop/work/temporal/common/log/with_logger.go:37"}
2025-05-05T16:56:32.686-0400	debug	RespondWorkflowTaskCompleted	{"host": "127.0.0.1:54944", "service": "history", "wf-namespace-id": "16489026-76fa-49af-8333-d07c4a9341f7", "wf-id": "temporal-sys-worker-deployment-version:test-deployment-series.one_1", "wf-run-id": "73d4b2c2-9167-4b09-9217-e0da35b856b4", "wf-scheduled-event-id": 11, "logging-call-at": "/Users/shivamsaraf/Desktop/work/temporal/common/log/with_logger.go:37"}
2025-05-05T16:56:32.686-0400	debug	Workflow task updated	{"host": "127.0.0.1:54944", "shard-id": 3, "address": "127.0.0.1:54944", "wf-namespace-id": "16489026-76fa-49af-8333-d07c4a9341f7", "wf-id": "temporal-sys-worker-deployment-version:test-deployment-series.one_1", "wf-run-id": "73d4b2c2-9167-4b09-9217-e0da35b856b4", "wf-scheduled-event-id": 0, "wf-started-event-id": 0, "workflow-task-request-id": "emptyUuid", "workflow-task-timeout": 0, "attempt": 1, "wf-started-timestamp": "1970-01-01T00:00:00.000Z", "wt-type": "Unspecified", "logging-call-at": "/Users/shivamsaraf/Desktop/work/temporal/common/log/with_logger.go:37"}
2025-05-05T16:56:32.686-0400	debug	Assigning new task key	{"host": "127.0.0.1:54944", "shard-id": 3, "address": "127.0.0.1:54944", "wf-namespace-id": "16489026-76fa-49af-8333-d07c4a9341f7", "wf-id": "temporal-sys-worker-deployment-version:test-deployment-series.one_1", "wf-run-id": "73d4b2c2-9167-4b09-9217-e0da35b856b4", "queue-task-type": "TransferActivityTask", "queue-task-id": 1048733, "timestamp": "2025-05-05T20:56:32.686Z", "cursor-timestamp": "2025-05-05T20:56:33.683Z", "logging-call-at": "/Users/shivamsaraf/Desktop/work/temporal/common/log/with_logger.go:37"}
2025-05-05T16:56:32.687-0400	debug	Process task as active.	{"host": "127.0.0.1:54944", "shard-id": 3, "address": "127.0.0.1:54944", "component": "transfer-queue-processor", "wf-namespace-id": "16489026-76fa-49af-8333-d07c4a9341f7", "value": "16489026-76fa-49af-8333-d07c4a9341f7/temporal-sys-worker-deployment-version:test-deployment-series.one_1/73d4b2c2-9167-4b09-9217-e0da35b856b4", "logging-call-at": "/Users/shivamsaraf/Desktop/work/temporal/common/log/with_logger.go:37"}
2025-05-05T16:56:32.687-0400	debug	Assigning new task key	{"host": "127.0.0.1:54944", "shard-id": 3, "address": "127.0.0.1:54944", "wf-namespace-id": "16489026-76fa-49af-8333-d07c4a9341f7", "wf-id": "temporal-sys-worker-deployment-version:test-deployment-series.one_1", "wf-run-id": "73d4b2c2-9167-4b09-9217-e0da35b856b4", "queue-task-type": "ActivityTimeout", "queue-task-id": 1048734, "timestamp": "2025-05-05T20:57:32.688Z", "cursor-timestamp": "2025-05-05T20:56:33.687Z", "logging-call-at": "/Users/shivamsaraf/Desktop/work/temporal/common/log/with_logger.go:37"}
2025-05-05T16:56:32.688-0400	info	waiting for userdata propagation	{"host": "127.0.0.1:54945", "Namespace": "namespace-42f52dc7-121e-4d0f-9fad-c806d0420c24", "TaskQueue": "temporal-sys-per-ns-tq", "WorkerID": "temporal-system@Shivams-MacBook-Pro.local@namespace-42f52dc7-121e-4d0f-9fad-c806d0420c24", "ActivityID": "14", "ActivityType": "CheckWorkerDeploymentUserDataPropagation", "Attempt": 1, "WorkflowType": "temporal-sys-worker-deployment-version-workflow", "WorkflowID": "temporal-sys-worker-deployment-version:test-deployment-series.one_1", "RunID": "73d4b2c2-9167-4b09-9217-e0da35b856b4", "taskQueue": "rsion_DrainingVersion-56fd90ab_task_queue", "version": 2, "logging-call-at": "/Users/shivamsaraf/Desktop/work/temporal/common/log/with_logger.go:42"}
2025-05-05T16:56:32.688-0400	debug	Frontend method invoked.	{"host": "127.0.0.1:54942", "wf-namespace": "namespace-42f52dc7-121e-4d0f-9fad-c806d0420c24", "operation": "PollActivityTaskQueue", "server-name": "", "cert-thumbprint": "", "logging-call-at": "/Users/shivamsaraf/Desktop/work/temporal/common/log/with_logger.go:37"}
2025-05-05T16:56:32.689-0400	debug	Received PollActivityTaskQueue	{"host": "127.0.0.1:54942", "service": "frontend", "logging-call-at": "/Users/shivamsaraf/Desktop/work/temporal/common/log/with_logger.go:37"}
2025-05-05T16:56:32.689-0400	info	returning user data	{"host": "127.0.0.1:54943", "component": "matching-engine", "wf-task-queue-name": "/_sys/rsion_DrainingVersion-56fd90ab_task_queue/2", "wf-task-queue-type": "Workflow", "wf-namespace": "namespace-42f52dc7-121e-4d0f-9fad-c806d0420c24", "long-poll": true, "request-known-version": 1, "user-data-version": 2, "logging-call-at": "/Users/shivamsaraf/Desktop/work/temporal/common/log/with_logger.go:42"}
2025-05-05T16:56:32.689-0400	info	returning user data	{"host": "127.0.0.1:54943", "component": "matching-engine", "wf-task-queue-name": "/_sys/rsion_DrainingVersion-56fd90ab_task_queue/1", "wf-task-queue-type": "Workflow", "wf-namespace": "namespace-42f52dc7-121e-4d0f-9fad-c806d0420c24", "long-poll": true, "request-known-version": 1, "user-data-version": 2, "logging-call-at": "/Users/shivamsaraf/Desktop/work/temporal/common/log/with_logger.go:42"}
2025-05-05T16:56:32.689-0400	info	returning user data	{"host": "127.0.0.1:54943", "component": "matching-engine", "wf-task-queue-name": "/_sys/rsion_DrainingVersion-56fd90ab_task_queue/3", "wf-task-queue-type": "Workflow", "wf-namespace": "namespace-42f52dc7-121e-4d0f-9fad-c806d0420c24", "long-poll": true, "request-known-version": 1, "user-data-version": 2, "logging-call-at": "/Users/shivamsaraf/Desktop/work/temporal/common/log/with_logger.go:42"}
2025-05-05T16:56:32.689-0400	info	matching client encountered error	{"host": "127.0.0.1:54943", "error": "partition was not loaded", "service-error-type": "serviceerror.FailedPrecondition", "logging-call-at": "/Users/shivamsaraf/Desktop/work/temporal/common/log/with_logger.go:42"}
2025-05-05T16:56:32.689-0400	info	matching client encountered error	{"host": "127.0.0.1:54943", "error": "partition was not loaded", "service-error-type": "serviceerror.FailedPrecondition", "logging-call-at": "/Users/shivamsaraf/Desktop/work/temporal/common/log/with_logger.go:42"}
2025-05-05T16:56:32.689-0400	info	matching client encountered error	{"host": "127.0.0.1:54943", "error": "partition was not loaded", "service-error-type": "serviceerror.FailedPrecondition", "logging-call-at": "/Users/shivamsaraf/Desktop/work/temporal/common/log/with_logger.go:42"}
2025-05-05T16:56:32.689-0400	info	matching client encountered error	{"host": "127.0.0.1:54943", "error": "partition was not loaded", "service-error-type": "serviceerror.FailedPrecondition", "logging-call-at": "/Users/shivamsaraf/Desktop/work/temporal/common/log/with_logger.go:42"}
2025-05-05T16:56:32.689-0400	debug	Frontend method invoked.	{"host": "127.0.0.1:54942", "wf-namespace": "namespace-42f52dc7-121e-4d0f-9fad-c806d0420c24", "operation": "RespondActivityTaskCompleted", "server-name": "", "cert-thumbprint": "", "logging-call-at": "/Users/shivamsaraf/Desktop/work/temporal/common/log/with_logger.go:37"}
2025-05-05T16:56:32.689-0400	debug	Workflow task updated	{"host": "127.0.0.1:54944", "shard-id": 3, "address": "127.0.0.1:54944", "wf-namespace-id": "16489026-76fa-49af-8333-d07c4a9341f7", "wf-id": "temporal-sys-worker-deployment-version:test-deployment-series.one_1", "wf-run-id": "73d4b2c2-9167-4b09-9217-e0da35b856b4", "wf-scheduled-event-id": 17, "wf-started-event-id": 0, "workflow-task-request-id": "emptyUuid", "workflow-task-timeout": 10, "attempt": 1, "wf-started-timestamp": "0001-01-01T00:00:00.000Z", "wt-type": "Normal", "logging-call-at": "/Users/shivamsaraf/Desktop/work/temporal/common/log/with_logger.go:37"}
2025-05-05T16:56:32.689-0400	debug	Assigning new task key	{"host": "127.0.0.1:54944", "shard-id": 3, "address": "127.0.0.1:54944", "wf-namespace-id": "16489026-76fa-49af-8333-d07c4a9341f7", "wf-id": "temporal-sys-worker-deployment-version:test-deployment-series.one_1", "wf-run-id": "73d4b2c2-9167-4b09-9217-e0da35b856b4", "queue-task-type": "WorkflowTaskTimeout", "queue-task-id": 1048740, "timestamp": "2025-05-05T20:56:37.690Z", "cursor-timestamp": "2025-05-05T20:56:33.687Z", "logging-call-at": "/Users/shivamsaraf/Desktop/work/temporal/common/log/with_logger.go:37"}
2025-05-05T16:56:32.689-0400	debug	Assigning new task key	{"host": "127.0.0.1:54944", "shard-id": 3, "address": "127.0.0.1:54944", "wf-namespace-id": "16489026-76fa-49af-8333-d07c4a9341f7", "wf-id": "temporal-sys-worker-deployment-version:test-deployment-series.one_1", "wf-run-id": "73d4b2c2-9167-4b09-9217-e0da35b856b4", "queue-task-type": "TransferWorkflowTask", "queue-task-id": 1048741, "timestamp": "2025-05-05T20:56:32.689Z", "cursor-timestamp": "2025-05-05T20:56:33.687Z", "logging-call-at": "/Users/shivamsaraf/Desktop/work/temporal/common/log/with_logger.go:37"}
2025-05-05T16:56:32.690-0400	debug	Process task as active.	{"host": "127.0.0.1:54944", "shard-id": 3, "address": "127.0.0.1:54944", "component": "transfer-queue-processor", "wf-namespace-id": "16489026-76fa-49af-8333-d07c4a9341f7", "value": "16489026-76fa-49af-8333-d07c4a9341f7/temporal-sys-worker-deployment-version:test-deployment-series.one_1/73d4b2c2-9167-4b09-9217-e0da35b856b4", "logging-call-at": "/Users/shivamsaraf/Desktop/work/temporal/common/log/with_logger.go:37"}
2025-05-05T16:56:32.691-0400	debug	Workflow task updated	{"host": "127.0.0.1:54944", "shard-id": 3, "address": "127.0.0.1:54944", "wf-namespace-id": "16489026-76fa-49af-8333-d07c4a9341f7", "wf-id": "temporal-sys-worker-deployment-version:test-deployment-series.one_1", "wf-run-id": "73d4b2c2-9167-4b09-9217-e0da35b856b4", "wf-scheduled-event-id": 17, "wf-started-event-id": 18, "workflow-task-request-id": "f6b67570-fe34-4b6b-9319-9e0e258ea809", "workflow-task-timeout": 10, "attempt": 1, "wf-started-timestamp": "2025-05-05T20:56:32.691Z", "wt-type": "Normal", "logging-call-at": "/Users/shivamsaraf/Desktop/work/temporal/common/log/with_logger.go:37"}
2025-05-05T16:56:32.691-0400	debug	Assigning new task key	{"host": "127.0.0.1:54944", "shard-id": 3, "address": "127.0.0.1:54944", "wf-namespace-id": "16489026-76fa-49af-8333-d07c4a9341f7", "wf-id": "temporal-sys-worker-deployment-version:test-deployment-series.one_1", "wf-run-id": "73d4b2c2-9167-4b09-9217-e0da35b856b4", "queue-task-type": "WorkflowTaskTimeout", "queue-task-id": 1048744, "timestamp": "2025-05-05T20:56:42.692Z", "cursor-timestamp": "2025-05-05T20:56:33.690Z", "logging-call-at": "/Users/shivamsaraf/Desktop/work/temporal/common/log/with_logger.go:37"}
Version doing continue-as-new with drainage info Unspecified
2025-05-05T16:56:32.692-0400	debug	Frontend method invoked.	{"host": "127.0.0.1:54942", "wf-namespace": "namespace-42f52dc7-121e-4d0f-9fad-c806d0420c24", "operation": "PollWorkflowTaskQueue", "server-name": "", "cert-thumbprint": "", "logging-call-at": "/Users/shivamsaraf/Desktop/work/temporal/common/log/with_logger.go:37"}
2025-05-05T16:56:32.692-0400	debug	Received PollWorkflowTaskQueue	{"host": "127.0.0.1:54942", "service": "frontend", "logging-call-at": "/Users/shivamsaraf/Desktop/work/temporal/common/log/with_logger.go:37"}
2025-05-05T16:56:32.692-0400	debug	Poll workflow task queue.	{"host": "127.0.0.1:54942", "service": "frontend", "wf-namespace": "namespace-42f52dc7-121e-4d0f-9fad-c806d0420c24", "wf-namespace-id": "16489026-76fa-49af-8333-d07c4a9341f7", "logging-call-at": "/Users/shivamsaraf/Desktop/work/temporal/common/log/with_logger.go:37"}
2025-05-05T16:56:32.692-0400	debug	Frontend method invoked.	{"host": "127.0.0.1:54942", "wf-namespace": "namespace-42f52dc7-121e-4d0f-9fad-c806d0420c24", "operation": "RespondWorkflowTaskCompleted", "server-name": "", "cert-thumbprint": "", "logging-call-at": "/Users/shivamsaraf/Desktop/work/temporal/common/log/with_logger.go:37"}
2025-05-05T16:56:32.692-0400	debug	RespondWorkflowTaskCompleted	{"host": "127.0.0.1:54944", "service": "history", "wf-namespace-id": "16489026-76fa-49af-8333-d07c4a9341f7", "wf-id": "temporal-sys-worker-deployment-version:test-deployment-series.one_1", "wf-run-id": "73d4b2c2-9167-4b09-9217-e0da35b856b4", "wf-scheduled-event-id": 17, "logging-call-at": "/Users/shivamsaraf/Desktop/work/temporal/common/log/with_logger.go:37"}
2025-05-05T16:56:32.692-0400	debug	Workflow task updated	{"host": "127.0.0.1:54944", "shard-id": 3, "address": "127.0.0.1:54944", "wf-namespace-id": "16489026-76fa-49af-8333-d07c4a9341f7", "wf-id": "temporal-sys-worker-deployment-version:test-deployment-series.one_1", "wf-run-id": "73d4b2c2-9167-4b09-9217-e0da35b856b4", "wf-scheduled-event-id": 0, "wf-started-event-id": 0, "workflow-task-request-id": "emptyUuid", "workflow-task-timeout": 0, "attempt": 1, "wf-started-timestamp": "1970-01-01T00:00:00.000Z", "wt-type": "Unspecified", "logging-call-at": "/Users/shivamsaraf/Desktop/work/temporal/common/log/with_logger.go:37"}
2025-05-05T16:56:32.692-0400	debug	update state change	{"host": "127.0.0.1:54944", "shard-id": 3, "address": "127.0.0.1:54944", "wf-namespace-id": "16489026-76fa-49af-8333-d07c4a9341f7", "wf-id": "temporal-sys-worker-deployment-version:test-deployment-series.one_1", "wf-run-id": "73d4b2c2-9167-4b09-9217-e0da35b856b4", "update-id": "d8cb3b22-d412-4788-84d9-2bdc59addb9f", "from-state": "Accepted", "to-state": "ProvisionallyCompleted", "logging-call-at": "/Users/shivamsaraf/Desktop/work/temporal/common/log/with_logger.go:37"}
2025-05-05T16:56:32.693-0400	debug	Assigning new task key	{"host": "127.0.0.1:54944", "shard-id": 3, "address": "127.0.0.1:54944", "wf-namespace-id": "16489026-76fa-49af-8333-d07c4a9341f7", "wf-id": "temporal-sys-worker-deployment-version:test-deployment-series.one_1", "wf-run-id": "73d4b2c2-9167-4b09-9217-e0da35b856b4", "queue-task-type": "DeleteHistoryEvent", "queue-task-id": 1048752, "timestamp": "2025-05-06T20:56:33.403Z", "cursor-timestamp": "2025-05-05T20:56:33.690Z", "logging-call-at": "/Users/shivamsaraf/Desktop/work/temporal/common/log/with_logger.go:37"}
2025-05-05T16:56:32.693-0400	debug	Assigning new task key	{"host": "127.0.0.1:54944", "shard-id": 3, "address": "127.0.0.1:54944", "wf-namespace-id": "16489026-76fa-49af-8333-d07c4a9341f7", "wf-id": "temporal-sys-worker-deployment-version:test-deployment-series.one_1", "wf-run-id": "73d4b2c2-9167-4b09-9217-e0da35b856b4", "queue-task-type": "TransferCloseExecution", "queue-task-id": 1048753, "timestamp": "2025-05-05T20:56:32.693Z", "cursor-timestamp": "2025-05-05T20:56:33.690Z", "logging-call-at": "/Users/shivamsaraf/Desktop/work/temporal/common/log/with_logger.go:37"}
2025-05-05T16:56:32.693-0400	debug	Assigning new task key	{"host": "127.0.0.1:54944", "shard-id": 3, "address": "127.0.0.1:54944", "wf-namespace-id": "16489026-76fa-49af-8333-d07c4a9341f7", "wf-id": "temporal-sys-worker-deployment-version:test-deployment-series.one_1", "wf-run-id": "73d4b2c2-9167-4b09-9217-e0da35b856b4", "queue-task-type": "VisibilityCloseExecution", "queue-task-id": 1048754, "timestamp": "2025-05-05T20:56:32.693Z", "cursor-timestamp": "2025-05-05T20:56:33.690Z", "logging-call-at": "/Users/shivamsaraf/Desktop/work/temporal/common/log/with_logger.go:37"}
2025-05-05T16:56:32.693-0400	debug	Assigning new task key	{"host": "127.0.0.1:54944", "shard-id": 3, "address": "127.0.0.1:54944", "wf-namespace-id": "16489026-76fa-49af-8333-d07c4a9341f7", "wf-id": "temporal-sys-worker-deployment-version:test-deployment-series.one_1", "wf-run-id": "cbe07212-2419-486d-b792-030153e62894", "queue-task-type": "VisibilityStartExecution", "queue-task-id": 1048755, "timestamp": "2025-05-05T20:56:32.693Z", "cursor-timestamp": "2025-05-05T20:56:33.690Z", "logging-call-at": "/Users/shivamsaraf/Desktop/work/temporal/common/log/with_logger.go:37"}
2025-05-05T16:56:32.693-0400	debug	Assigning new task key	{"host": "127.0.0.1:54944", "shard-id": 3, "address": "127.0.0.1:54944", "wf-namespace-id": "16489026-76fa-49af-8333-d07c4a9341f7", "wf-id": "temporal-sys-worker-deployment-version:test-deployment-series.one_1", "wf-run-id": "cbe07212-2419-486d-b792-030153e62894", "queue-task-type": "WorkflowBackoffTimer", "queue-task-id": 1048756, "timestamp": "2025-05-05T20:56:34.453Z", "cursor-timestamp": "2025-05-05T20:56:33.690Z", "logging-call-at": "/Users/shivamsaraf/Desktop/work/temporal/common/log/with_logger.go:37"}
2025-05-05T16:56:32.693-0400	debug	update state change	{"host": "127.0.0.1:54944", "shard-id": 3, "address": "127.0.0.1:54944", "wf-namespace-id": "16489026-76fa-49af-8333-d07c4a9341f7", "wf-id": "temporal-sys-worker-deployment-version:test-deployment-series.one_1", "wf-run-id": "73d4b2c2-9167-4b09-9217-e0da35b856b4", "update-id": "d8cb3b22-d412-4788-84d9-2bdc59addb9f", "from-state": "ProvisionallyCompleted", "to-state": "Completed", "logging-call-at": "/Users/shivamsaraf/Desktop/work/temporal/common/log/with_logger.go:37"}
2025-05-05T16:56:32.693-0400	debug	deployment client success	{"host": "127.0.0.1:54945", "operation": "SyncVersionWorkflowFromWorkerDeployment", "elapsed": 0.118776667, "args": ["namespace-42f52dc7-121e-4d0f-9fad-c806d0420c24","test-deployment-series","test-deployment-series.one_1",{"routing_update_time":{"seconds":1746478592,"nanos":572305000},"current_since_time":{"seconds":1746478592,"nanos":572305000}},"worker-deployment workflow temporal-sys-worker-deployment:test-deployment-series"], "logging-call-at": "/Users/shivamsaraf/Desktop/work/temporal/common/log/with_logger.go:37"}
2025-05-05T16:56:32.694-0400	debug	Process task as active.	{"host": "127.0.0.1:54944", "shard-id": 3, "address": "127.0.0.1:54944", "component": "transfer-queue-processor", "wf-namespace-id": "16489026-76fa-49af-8333-d07c4a9341f7", "value": "16489026-76fa-49af-8333-d07c4a9341f7/temporal-sys-worker-deployment-version:test-deployment-series.one_1/73d4b2c2-9167-4b09-9217-e0da35b856b4", "logging-call-at": "/Users/shivamsaraf/Desktop/work/temporal/common/log/with_logger.go:37"}
2025-05-05T16:56:32.694-0400	debug	Frontend method invoked.	{"host": "127.0.0.1:54942", "wf-namespace": "namespace-42f52dc7-121e-4d0f-9fad-c806d0420c24", "operation": "RespondActivityTaskCompleted", "server-name": "", "cert-thumbprint": "", "logging-call-at": "/Users/shivamsaraf/Desktop/work/temporal/common/log/with_logger.go:37"}
2025-05-05T16:56:32.694-0400	debug	Workflow task updated	{"host": "127.0.0.1:54944", "shard-id": 3, "address": "127.0.0.1:54944", "wf-scheduled-event-id": 23, "wf-started-event-id": 0, "workflow-task-request-id": "emptyUuid", "workflow-task-timeout": 10, "attempt": 1, "wf-started-timestamp": "0001-01-01T00:00:00.000Z", "wt-type": "Normal", "logging-call-at": "/Users/shivamsaraf/Desktop/work/temporal/common/log/with_logger.go:37"}
2025-05-05T16:56:32.694-0400	debug	Assigning new task key	{"host": "127.0.0.1:54944", "shard-id": 3, "address": "127.0.0.1:54944", "wf-namespace-id": "16489026-76fa-49af-8333-d07c4a9341f7", "wf-id": "temporal-sys-worker-deployment:test-deployment-series", "wf-run-id": "0196a23c-6dd7-73c8-be3b-1a7ec93a2003", "queue-task-type": "WorkflowTaskTimeout", "queue-task-id": 1048761, "timestamp": "2025-05-05T20:56:37.695Z", "cursor-timestamp": "2025-05-05T20:56:33.693Z", "logging-call-at": "/Users/shivamsaraf/Desktop/work/temporal/common/log/with_logger.go:37"}
2025-05-05T16:56:32.694-0400	debug	Assigning new task key	{"host": "127.0.0.1:54944", "shard-id": 3, "address": "127.0.0.1:54944", "wf-namespace-id": "16489026-76fa-49af-8333-d07c4a9341f7", "wf-id": "temporal-sys-worker-deployment:test-deployment-series", "wf-run-id": "0196a23c-6dd7-73c8-be3b-1a7ec93a2003", "queue-task-type": "TransferWorkflowTask", "queue-task-id": 1048762, "timestamp": "2025-05-05T20:56:32.694Z", "cursor-timestamp": "2025-05-05T20:56:33.693Z", "logging-call-at": "/Users/shivamsaraf/Desktop/work/temporal/common/log/with_logger.go:37"}
2025-05-05T16:56:32.695-0400	debug	Process task as active.	{"host": "127.0.0.1:54944", "shard-id": 3, "address": "127.0.0.1:54944", "component": "transfer-queue-processor", "wf-namespace-id": "16489026-76fa-49af-8333-d07c4a9341f7", "value": "16489026-76fa-49af-8333-d07c4a9341f7/temporal-sys-worker-deployment:test-deployment-series/0196a23c-6dd7-73c8-be3b-1a7ec93a2003", "logging-call-at": "/Users/shivamsaraf/Desktop/work/temporal/common/log/with_logger.go:37"}
2025-05-05T16:56:32.696-0400	debug	Workflow task updated	{"host": "127.0.0.1:54944", "shard-id": 3, "address": "127.0.0.1:54944", "wf-scheduled-event-id": 23, "wf-started-event-id": 24, "workflow-task-request-id": "ee71b720-4c3e-4970-8f7b-740daca5fd3d", "workflow-task-timeout": 10, "attempt": 1, "wf-started-timestamp": "2025-05-05T20:56:32.696Z", "wt-type": "Normal", "logging-call-at": "/Users/shivamsaraf/Desktop/work/temporal/common/log/with_logger.go:37"}
2025-05-05T16:56:32.696-0400	debug	Assigning new task key	{"host": "127.0.0.1:54944", "shard-id": 3, "address": "127.0.0.1:54944", "wf-namespace-id": "16489026-76fa-49af-8333-d07c4a9341f7", "wf-id": "temporal-sys-worker-deployment:test-deployment-series", "wf-run-id": "0196a23c-6dd7-73c8-be3b-1a7ec93a2003", "queue-task-type": "WorkflowTaskTimeout", "queue-task-id": 1048765, "timestamp": "2025-05-05T20:56:42.697Z", "cursor-timestamp": "2025-05-05T20:56:33.695Z", "logging-call-at": "/Users/shivamsaraf/Desktop/work/temporal/common/log/with_logger.go:37"}
2025-05-05T16:56:32.697-0400	debug	Frontend method invoked.	{"host": "127.0.0.1:54942", "wf-namespace": "namespace-42f52dc7-121e-4d0f-9fad-c806d0420c24", "operation": "PollWorkflowTaskQueue", "server-name": "", "cert-thumbprint": "", "logging-call-at": "/Users/shivamsaraf/Desktop/work/temporal/common/log/with_logger.go:37"}
2025-05-05T16:56:32.697-0400	debug	Worker Deployment Workflow doing continue-as-new	{"host": "127.0.0.1:54945", "Namespace": "namespace-42f52dc7-121e-4d0f-9fad-c806d0420c24", "TaskQueue": "temporal-sys-per-ns-tq", "WorkerID": "temporal-system@Shivams-MacBook-Pro.local@namespace-42f52dc7-121e-4d0f-9fad-c806d0420c24", "WorkflowType": "temporal-sys-worker-deployment-workflow", "WorkflowID": "temporal-sys-worker-deployment:test-deployment-series", "RunID": "0196a23c-6dd7-73c8-be3b-1a7ec93a2003", "Attempt": 0, "wf-namespace": "namespace-42f52dc7-121e-4d0f-9fad-c806d0420c24", "logging-call-at": "/Users/shivamsaraf/Desktop/work/temporal/common/log/with_logger.go:37"}
2025-05-05T16:56:32.697-0400	debug	Received PollWorkflowTaskQueue	{"host": "127.0.0.1:54942", "service": "frontend", "logging-call-at": "/Users/shivamsaraf/Desktop/work/temporal/common/log/with_logger.go:37"}
2025-05-05T16:56:32.697-0400	debug	Poll workflow task queue.	{"host": "127.0.0.1:54942", "service": "frontend", "wf-namespace": "namespace-42f52dc7-121e-4d0f-9fad-c806d0420c24", "wf-namespace-id": "16489026-76fa-49af-8333-d07c4a9341f7", "logging-call-at": "/Users/shivamsaraf/Desktop/work/temporal/common/log/with_logger.go:37"}
2025-05-05T16:56:32.697-0400	debug	Frontend method invoked.	{"host": "127.0.0.1:54942", "wf-namespace": "namespace-42f52dc7-121e-4d0f-9fad-c806d0420c24", "operation": "RespondWorkflowTaskCompleted", "server-name": "", "cert-thumbprint": "", "logging-call-at": "/Users/shivamsaraf/Desktop/work/temporal/common/log/with_logger.go:37"}
2025-05-05T16:56:32.697-0400	debug	RespondWorkflowTaskCompleted	{"host": "127.0.0.1:54944", "service": "history", "wf-namespace-id": "16489026-76fa-49af-8333-d07c4a9341f7", "wf-id": "temporal-sys-worker-deployment:test-deployment-series", "wf-run-id": "0196a23c-6dd7-73c8-be3b-1a7ec93a2003", "wf-scheduled-event-id": 23, "logging-call-at": "/Users/shivamsaraf/Desktop/work/temporal/common/log/with_logger.go:37"}
2025-05-05T16:56:32.697-0400	debug	Workflow task updated	{"host": "127.0.0.1:54944", "shard-id": 3, "address": "127.0.0.1:54944", "wf-scheduled-event-id": 0, "wf-started-event-id": 0, "workflow-task-request-id": "emptyUuid", "workflow-task-timeout": 0, "attempt": 1, "wf-started-timestamp": "1970-01-01T00:00:00.000Z", "wt-type": "Unspecified", "logging-call-at": "/Users/shivamsaraf/Desktop/work/temporal/common/log/with_logger.go:37"}
2025-05-05T16:56:32.697-0400	debug	update state change	{"host": "127.0.0.1:54944", "shard-id": 3, "address": "127.0.0.1:54944", "wf-namespace-id": "16489026-76fa-49af-8333-d07c4a9341f7", "wf-id": "temporal-sys-worker-deployment:test-deployment-series", "wf-run-id": "0196a23c-6dd7-73c8-be3b-1a7ec93a2003", "update-id": "99b9129c-8785-48e9-aea8-83606057234d", "from-state": "Accepted", "to-state": "ProvisionallyCompleted", "logging-call-at": "/Users/shivamsaraf/Desktop/work/temporal/common/log/with_logger.go:37"}
2025-05-05T16:56:32.698-0400	debug	Workflow task updated	{"host": "127.0.0.1:54944", "shard-id": 3, "address": "127.0.0.1:54944", "wf-scheduled-event-id": 2, "wf-started-event-id": 0, "workflow-task-request-id": "emptyUuid", "workflow-task-timeout": 10, "attempt": 1, "wf-started-timestamp": "0001-01-01T00:00:00.000Z", "wt-type": "Normal", "logging-call-at": "/Users/shivamsaraf/Desktop/work/temporal/common/log/with_logger.go:37"}
2025-05-05T16:56:32.698-0400	debug	Assigning new task key	{"host": "127.0.0.1:54944", "shard-id": 3, "address": "127.0.0.1:54944", "wf-namespace-id": "16489026-76fa-49af-8333-d07c4a9341f7", "wf-id": "temporal-sys-worker-deployment:test-deployment-series", "wf-run-id": "0196a23c-6dd7-73c8-be3b-1a7ec93a2003", "queue-task-type": "VisibilityCloseExecution", "queue-task-id": 1048775, "timestamp": "2025-05-05T20:56:32.698Z", "cursor-timestamp": "2025-05-05T20:56:33.695Z", "logging-call-at": "/Users/shivamsaraf/Desktop/work/temporal/common/log/with_logger.go:37"}
2025-05-05T16:56:32.698-0400	debug	Assigning new task key	{"host": "127.0.0.1:54944", "shard-id": 3, "address": "127.0.0.1:54944", "wf-namespace-id": "16489026-76fa-49af-8333-d07c4a9341f7", "wf-id": "temporal-sys-worker-deployment:test-deployment-series", "wf-run-id": "0196a23c-6dd7-73c8-be3b-1a7ec93a2003", "queue-task-type": "DeleteHistoryEvent", "queue-task-id": 1048776, "timestamp": "2025-05-06T20:56:33.533Z", "cursor-timestamp": "2025-05-05T20:56:33.695Z", "logging-call-at": "/Users/shivamsaraf/Desktop/work/temporal/common/log/with_logger.go:37"}
2025-05-05T16:56:32.698-0400	debug	Assigning new task key	{"host": "127.0.0.1:54944", "shard-id": 3, "address": "127.0.0.1:54944", "wf-namespace-id": "16489026-76fa-49af-8333-d07c4a9341f7", "wf-id": "temporal-sys-worker-deployment:test-deployment-series", "wf-run-id": "0196a23c-6dd7-73c8-be3b-1a7ec93a2003", "queue-task-type": "TransferCloseExecution", "queue-task-id": 1048777, "timestamp": "2025-05-05T20:56:32.698Z", "cursor-timestamp": "2025-05-05T20:56:33.695Z", "logging-call-at": "/Users/shivamsaraf/Desktop/work/temporal/common/log/with_logger.go:37"}
2025-05-05T16:56:32.698-0400	debug	Assigning new task key	{"host": "127.0.0.1:54944", "shard-id": 3, "address": "127.0.0.1:54944", "wf-namespace-id": "16489026-76fa-49af-8333-d07c4a9341f7", "wf-id": "temporal-sys-worker-deployment:test-deployment-series", "wf-run-id": "56a82ff0-82ca-457d-838a-44284b7b329f", "queue-task-type": "VisibilityStartExecution", "queue-task-id": 1048778, "timestamp": "2025-05-05T20:56:32.698Z", "cursor-timestamp": "2025-05-05T20:56:33.695Z", "logging-call-at": "/Users/shivamsaraf/Desktop/work/temporal/common/log/with_logger.go:37"}
2025-05-05T16:56:32.698-0400	debug	Assigning new task key	{"host": "127.0.0.1:54944", "shard-id": 3, "address": "127.0.0.1:54944", "wf-namespace-id": "16489026-76fa-49af-8333-d07c4a9341f7", "wf-id": "temporal-sys-worker-deployment:test-deployment-series", "wf-run-id": "56a82ff0-82ca-457d-838a-44284b7b329f", "queue-task-type": "TransferWorkflowTask", "queue-task-id": 1048779, "timestamp": "2025-05-05T20:56:32.698Z", "cursor-timestamp": "2025-05-05T20:56:33.695Z", "logging-call-at": "/Users/shivamsaraf/Desktop/work/temporal/common/log/with_logger.go:37"}
2025-05-05T16:56:32.698-0400	debug	update state change	{"host": "127.0.0.1:54944", "shard-id": 3, "address": "127.0.0.1:54944", "wf-namespace-id": "16489026-76fa-49af-8333-d07c4a9341f7", "wf-id": "temporal-sys-worker-deployment:test-deployment-series", "wf-run-id": "0196a23c-6dd7-73c8-be3b-1a7ec93a2003", "update-id": "99b9129c-8785-48e9-aea8-83606057234d", "from-state": "ProvisionallyCompleted", "to-state": "Completed", "logging-call-at": "/Users/shivamsaraf/Desktop/work/temporal/common/log/with_logger.go:37"}
2025-05-05T16:56:32.698-0400	debug	deployment client success	{"host": "127.0.0.1:54942", "operation": "SetCurrentVersion", "elapsed": 0.151820084, "args": ["namespace-42f52dc7-121e-4d0f-9fad-c806d0420c24","test-deployment-series.one_1","rsion_DrainingVersion-56fd90ab_client_identity"], "logging-call-at": "/Users/shivamsaraf/Desktop/work/temporal/common/log/with_logger.go:37"}
2025-05-05T16:56:32.698-0400	debug	Process task as active.	{"host": "127.0.0.1:54944", "shard-id": 3, "address": "127.0.0.1:54944", "component": "transfer-queue-processor", "wf-namespace-id": "16489026-76fa-49af-8333-d07c4a9341f7", "value": "16489026-76fa-49af-8333-d07c4a9341f7/temporal-sys-worker-deployment:test-deployment-series/56a82ff0-82ca-457d-838a-44284b7b329f", "logging-call-at": "/Users/shivamsaraf/Desktop/work/temporal/common/log/with_logger.go:37"}
2025-05-05T16:56:32.698-0400	debug	Process task as active.	{"host": "127.0.0.1:54944", "shard-id": 3, "address": "127.0.0.1:54944", "component": "transfer-queue-processor", "wf-namespace-id": "16489026-76fa-49af-8333-d07c4a9341f7", "value": "16489026-76fa-49af-8333-d07c4a9341f7/temporal-sys-worker-deployment:test-deployment-series/0196a23c-6dd7-73c8-be3b-1a7ec93a2003", "logging-call-at": "/Users/shivamsaraf/Desktop/work/temporal/common/log/with_logger.go:37"}
2025-05-05T16:56:32.698-0400	debug	Frontend method invoked.	{"host": "127.0.0.1:54942", "wf-namespace": "namespace-42f52dc7-121e-4d0f-9fad-c806d0420c24", "operation": "PollWorkflowTaskQueue", "server-name": "", "cert-thumbprint": "", "logging-call-at": "/Users/shivamsaraf/Desktop/work/temporal/common/log/with_logger.go:37"}
2025-05-05T16:56:32.699-0400	debug	Received PollWorkflowTaskQueue	{"host": "127.0.0.1:54942", "service": "frontend", "logging-call-at": "/Users/shivamsaraf/Desktop/work/temporal/common/log/with_logger.go:37"}
2025-05-05T16:56:32.699-0400	debug	Poll workflow task queue.	{"host": "127.0.0.1:54942", "service": "frontend", "wf-namespace": "namespace-42f52dc7-121e-4d0f-9fad-c806d0420c24", "wf-namespace-id": "16489026-76fa-49af-8333-d07c4a9341f7", "logging-call-at": "/Users/shivamsaraf/Desktop/work/temporal/common/log/with_logger.go:37"}
2025-05-05T16:56:32.699-0400	info	Started physicalTaskQueueManager	{"host": "127.0.0.1:54943", "component": "matching-engine", "wf-task-queue-name": "/_sys/rsion_DrainingVersion-56fd90ab_task_queue/1", "wf-task-queue-type": "Workflow", "wf-namespace": "namespace-42f52dc7-121e-4d0f-9fad-c806d0420c24", "worker-build-id": "test-deployment-series/two_2", "lifecycle": "Started", "cause": "Force", "logging-call-at": "/Users/shivamsaraf/Desktop/work/temporal/common/log/with_logger.go:42"}
2025-05-05T16:56:32.700-0400	debug	deployment client success	{"host": "127.0.0.1:54943", "operation": "ListWorkerDeployments", "elapsed": 0.000502291, "args": null, "logging-call-at": "/Users/shivamsaraf/Desktop/work/temporal/common/log/with_logger.go:37"}
2025-05-05T16:56:32.700-0400	debug	Workflow task updated	{"host": "127.0.0.1:54944", "shard-id": 3, "address": "127.0.0.1:54944", "wf-namespace-id": "16489026-76fa-49af-8333-d07c4a9341f7", "wf-id": "temporal-sys-worker-deployment:test-deployment-series", "wf-run-id": "56a82ff0-82ca-457d-838a-44284b7b329f", "wf-scheduled-event-id": 2, "wf-started-event-id": 3, "workflow-task-request-id": "f43ffac6-5a22-4a92-8858-997adff75c05", "workflow-task-timeout": 10, "attempt": 1, "wf-started-timestamp": "2025-05-05T20:56:32.700Z", "wt-type": "Normal", "logging-call-at": "/Users/shivamsaraf/Desktop/work/temporal/common/log/with_logger.go:37"}
2025-05-05T16:56:32.700-0400	debug	Assigning new task key	{"host": "127.0.0.1:54944", "shard-id": 3, "address": "127.0.0.1:54944", "wf-namespace-id": "16489026-76fa-49af-8333-d07c4a9341f7", "wf-id": "temporal-sys-worker-deployment:test-deployment-series", "wf-run-id": "56a82ff0-82ca-457d-838a-44284b7b329f", "queue-task-type": "WorkflowTaskTimeout", "queue-task-id": 1048782, "timestamp": "2025-05-05T20:56:42.701Z", "cursor-timestamp": "2025-05-05T20:56:33.698Z", "logging-call-at": "/Users/shivamsaraf/Desktop/work/temporal/common/log/with_logger.go:37"}
2025-05-05T16:56:32.701-0400	debug	update state change	{"host": "127.0.0.1:54944", "shard-id": 3, "address": "127.0.0.1:54944", "wf-namespace-id": "16489026-76fa-49af-8333-d07c4a9341f7", "wf-id": "temporal-sys-worker-deployment:test-deployment-series", "wf-run-id": "56a82ff0-82ca-457d-838a-44284b7b329f", "update-id": "f87fe6be-dae0-4307-8f38-5e7ef9b221a6", "from-state": "Created", "to-state": "ProvisionallyAdmitted", "logging-call-at": "/Users/shivamsaraf/Desktop/work/temporal/common/log/with_logger.go:37"}
2025-05-05T16:56:32.701-0400	debug	update state change	{"host": "127.0.0.1:54944", "shard-id": 3, "address": "127.0.0.1:54944", "wf-namespace-id": "16489026-76fa-49af-8333-d07c4a9341f7", "wf-id": "temporal-sys-worker-deployment:test-deployment-series", "wf-run-id": "56a82ff0-82ca-457d-838a-44284b7b329f", "update-id": "f87fe6be-dae0-4307-8f38-5e7ef9b221a6", "from-state": "ProvisionallyAdmitted", "to-state": "Admitted", "logging-call-at": "/Users/shivamsaraf/Desktop/work/temporal/common/log/with_logger.go:37"}
2025-05-05T16:56:32.701-0400	debug	Frontend method invoked.	{"host": "127.0.0.1:54942", "wf-namespace": "namespace-42f52dc7-121e-4d0f-9fad-c806d0420c24", "operation": "PollWorkflowTaskQueue", "server-name": "", "cert-thumbprint": "", "logging-call-at": "/Users/shivamsaraf/Desktop/work/temporal/common/log/with_logger.go:37"}
2025-05-05T16:56:32.701-0400	debug	Received PollWorkflowTaskQueue	{"host": "127.0.0.1:54942", "service": "frontend", "logging-call-at": "/Users/shivamsaraf/Desktop/work/temporal/common/log/with_logger.go:37"}
2025-05-05T16:56:32.701-0400	debug	Poll workflow task queue.	{"host": "127.0.0.1:54942", "service": "frontend", "wf-namespace": "namespace-42f52dc7-121e-4d0f-9fad-c806d0420c24", "wf-namespace-id": "16489026-76fa-49af-8333-d07c4a9341f7", "logging-call-at": "/Users/shivamsaraf/Desktop/work/temporal/common/log/with_logger.go:37"}
2025-05-05T16:56:32.701-0400	debug	Worker Deployment Workflow doing continue-as-new	{"host": "127.0.0.1:54945", "Namespace": "namespace-42f52dc7-121e-4d0f-9fad-c806d0420c24", "TaskQueue": "temporal-sys-per-ns-tq", "WorkerID": "temporal-system@Shivams-MacBook-Pro.local@namespace-42f52dc7-121e-4d0f-9fad-c806d0420c24", "WorkflowType": "temporal-sys-worker-deployment-workflow", "WorkflowID": "temporal-sys-worker-deployment:test-deployment-series", "RunID": "56a82ff0-82ca-457d-838a-44284b7b329f", "Attempt": 1, "wf-namespace": "namespace-42f52dc7-121e-4d0f-9fad-c806d0420c24", "logging-call-at": "/Users/shivamsaraf/Desktop/work/temporal/common/log/with_logger.go:37"}
2025-05-05T16:56:32.702-0400	debug	Frontend method invoked.	{"host": "127.0.0.1:54942", "wf-namespace": "namespace-42f52dc7-121e-4d0f-9fad-c806d0420c24", "operation": "RespondWorkflowTaskCompleted", "server-name": "", "cert-thumbprint": "", "logging-call-at": "/Users/shivamsaraf/Desktop/work/temporal/common/log/with_logger.go:37"}
2025-05-05T16:56:32.702-0400	debug	RespondWorkflowTaskCompleted	{"host": "127.0.0.1:54944", "service": "history", "wf-namespace-id": "16489026-76fa-49af-8333-d07c4a9341f7", "wf-id": "temporal-sys-worker-deployment:test-deployment-series", "wf-run-id": "56a82ff0-82ca-457d-838a-44284b7b329f", "wf-scheduled-event-id": 2, "logging-call-at": "/Users/shivamsaraf/Desktop/work/temporal/common/log/with_logger.go:37"}
2025-05-05T16:56:32.702-0400	debug	Workflow task updated	{"host": "127.0.0.1:54944", "shard-id": 3, "address": "127.0.0.1:54944", "wf-namespace-id": "16489026-76fa-49af-8333-d07c4a9341f7", "wf-id": "temporal-sys-worker-deployment:test-deployment-series", "wf-run-id": "56a82ff0-82ca-457d-838a-44284b7b329f", "wf-scheduled-event-id": 0, "wf-started-event-id": 0, "workflow-task-request-id": "emptyUuid", "workflow-task-timeout": 0, "attempt": 1, "wf-started-timestamp": "1970-01-01T00:00:00.000Z", "wt-type": "Unspecified", "logging-call-at": "/Users/shivamsaraf/Desktop/work/temporal/common/log/with_logger.go:37"}
2025-05-05T16:56:32.702-0400	debug	Assigning new task key	{"host": "127.0.0.1:54944", "shard-id": 3, "address": "127.0.0.1:54944", "wf-namespace-id": "16489026-76fa-49af-8333-d07c4a9341f7", "wf-id": "temporal-sys-worker-deployment:test-deployment-series", "wf-run-id": "56a82ff0-82ca-457d-838a-44284b7b329f", "queue-task-type": "VisibilityCloseExecution", "queue-task-id": 1048789, "timestamp": "2025-05-05T20:56:32.702Z", "cursor-timestamp": "2025-05-05T20:56:33.698Z", "logging-call-at": "/Users/shivamsaraf/Desktop/work/temporal/common/log/with_logger.go:37"}
2025-05-05T16:56:32.702-0400	debug	Assigning new task key	{"host": "127.0.0.1:54944", "shard-id": 3, "address": "127.0.0.1:54944", "wf-namespace-id": "16489026-76fa-49af-8333-d07c4a9341f7", "wf-id": "temporal-sys-worker-deployment:test-deployment-series", "wf-run-id": "56a82ff0-82ca-457d-838a-44284b7b329f", "queue-task-type": "DeleteHistoryEvent", "queue-task-id": 1048790, "timestamp": "2025-05-06T20:56:33.248Z", "cursor-timestamp": "2025-05-05T20:56:33.698Z", "logging-call-at": "/Users/shivamsaraf/Desktop/work/temporal/common/log/with_logger.go:37"}
2025-05-05T16:56:32.702-0400	debug	Assigning new task key	{"host": "127.0.0.1:54944", "shard-id": 3, "address": "127.0.0.1:54944", "wf-namespace-id": "16489026-76fa-49af-8333-d07c4a9341f7", "wf-id": "temporal-sys-worker-deployment:test-deployment-series", "wf-run-id": "56a82ff0-82ca-457d-838a-44284b7b329f", "queue-task-type": "TransferCloseExecution", "queue-task-id": 1048791, "timestamp": "2025-05-05T20:56:32.702Z", "cursor-timestamp": "2025-05-05T20:56:33.698Z", "logging-call-at": "/Users/shivamsaraf/Desktop/work/temporal/common/log/with_logger.go:37"}
2025-05-05T16:56:32.702-0400	debug	Assigning new task key	{"host": "127.0.0.1:54944", "shard-id": 3, "address": "127.0.0.1:54944", "wf-namespace-id": "16489026-76fa-49af-8333-d07c4a9341f7", "wf-id": "temporal-sys-worker-deployment:test-deployment-series", "wf-run-id": "f80725ec-18cb-47b7-b82d-35cd7a19850d", "queue-task-type": "VisibilityStartExecution", "queue-task-id": 1048792, "timestamp": "2025-05-05T20:56:32.702Z", "cursor-timestamp": "2025-05-05T20:56:33.698Z", "logging-call-at": "/Users/shivamsaraf/Desktop/work/temporal/common/log/with_logger.go:37"}
2025-05-05T16:56:32.702-0400	debug	Assigning new task key	{"host": "127.0.0.1:54944", "shard-id": 3, "address": "127.0.0.1:54944", "wf-namespace-id": "16489026-76fa-49af-8333-d07c4a9341f7", "wf-id": "temporal-sys-worker-deployment:test-deployment-series", "wf-run-id": "f80725ec-18cb-47b7-b82d-35cd7a19850d", "queue-task-type": "WorkflowBackoffTimer", "queue-task-id": 1048793, "timestamp": "2025-05-05T20:56:33.698Z", "cursor-timestamp": "2025-05-05T20:56:33.698Z", "logging-call-at": "/Users/shivamsaraf/Desktop/work/temporal/common/log/with_logger.go:37"}
2025-05-05T16:56:32.702-0400	debug	update state change	{"host": "127.0.0.1:54944", "shard-id": 3, "address": "127.0.0.1:54944", "wf-namespace-id": "16489026-76fa-49af-8333-d07c4a9341f7", "wf-id": "temporal-sys-worker-deployment:test-deployment-series", "wf-run-id": "56a82ff0-82ca-457d-838a-44284b7b329f", "update-id": "f87fe6be-dae0-4307-8f38-5e7ef9b221a6", "from-state": "Admitted", "to-state": "ProvisionallyAborted", "logging-call-at": "/Users/shivamsaraf/Desktop/work/temporal/common/log/with_logger.go:37"}
2025-05-05T16:56:32.702-0400	debug	update state change	{"host": "127.0.0.1:54944", "shard-id": 3, "address": "127.0.0.1:54944", "wf-namespace-id": "16489026-76fa-49af-8333-d07c4a9341f7", "wf-id": "temporal-sys-worker-deployment:test-deployment-series", "wf-run-id": "56a82ff0-82ca-457d-838a-44284b7b329f", "update-id": "f87fe6be-dae0-4307-8f38-5e7ef9b221a6", "from-state": "ProvisionallyAborted", "to-state": "Aborted", "logging-call-at": "/Users/shivamsaraf/Desktop/work/temporal/common/log/with_logger.go:37"}
2025-05-05T16:56:32.703-0400	debug	Process task as active.	{"host": "127.0.0.1:54944", "shard-id": 3, "address": "127.0.0.1:54944", "component": "transfer-queue-processor", "wf-namespace-id": "16489026-76fa-49af-8333-d07c4a9341f7", "value": "16489026-76fa-49af-8333-d07c4a9341f7/temporal-sys-worker-deployment:test-deployment-series/56a82ff0-82ca-457d-838a-44284b7b329f", "logging-call-at": "/Users/shivamsaraf/Desktop/work/temporal/common/log/with_logger.go:37"}
2025-05-05T16:56:32.703-0400	error	service failures	{"host": "127.0.0.1:54944", "operation": "ExecuteMultiOperation", "wf-namespace": "namespace-42f52dc7-121e-4d0f-9fad-c806d0420c24", "grpc_code": "ResourceExhausted", "wf-id": "temporal-sys-worker-deployment:test-deployment-series", "error": "MultiOperation could not be executed: Update failed: workflow operation can not be applied because workflow is closing", "logging-call-at": "/Users/shivamsaraf/Desktop/work/temporal/common/log/with_logger.go:52"}
go.temporal.io/server/common/log.(*zapLogger).Error
	/Users/shivamsaraf/Desktop/work/temporal/common/log/zap_logger.go:132
go.temporal.io/server/common/testing/testlogger.(*TestLogger).Error
	/Users/shivamsaraf/Desktop/work/temporal/common/testing/testlogger/testlogger.go:344
go.temporal.io/server/common/log.(*withLogger).Error
	/Users/shivamsaraf/Desktop/work/temporal/common/log/with_logger.go:52
go.temporal.io/server/common/rpc/interceptor.(*TelemetryInterceptor).logError
	/Users/shivamsaraf/Desktop/work/temporal/common/rpc/interceptor/telemetry.go:416
go.temporal.io/server/common/rpc/interceptor.(*TelemetryInterceptor).HandleError
	/Users/shivamsaraf/Desktop/work/temporal/common/rpc/interceptor/telemetry.go:392
go.temporal.io/server/common/rpc/interceptor.(*TelemetryInterceptor).UnaryIntercept
	/Users/shivamsaraf/Desktop/work/temporal/common/rpc/interceptor/telemetry.go:179
google.golang.org/grpc.getChainUnaryHandler.func1
	/Users/shivamsaraf/go/pkg/mod/google.golang.org/grpc@v1.71.0/server.go:1217
go.temporal.io/server/service.GrpcServerOptionsProvider.getUnaryInterceptors.NewServerMetricsTrailerPropagatorInterceptor.func6
	/Users/shivamsaraf/Desktop/work/temporal/common/metrics/grpc.go:88
google.golang.org/grpc.getChainUnaryHandler.func1
	/Users/shivamsaraf/go/pkg/mod/google.golang.org/grpc@v1.71.0/server.go:1217
go.temporal.io/server/service.GrpcServerOptionsProvider.getUnaryInterceptors.NewServerMetricsContextInjectorInterceptor.func5
	/Users/shivamsaraf/Desktop/work/temporal/common/metrics/grpc.go:41
google.golang.org/grpc.getChainUnaryHandler.func1
	/Users/shivamsaraf/go/pkg/mod/google.golang.org/grpc@v1.71.0/server.go:1217
go.temporal.io/server/common/rpc/interceptor.ServiceErrorInterceptor
	/Users/shivamsaraf/Desktop/work/temporal/common/rpc/interceptor/service_error_interceptor.go:19
google.golang.org/grpc.NewServer.chainUnaryServerInterceptors.chainUnaryInterceptors.func1
	/Users/shivamsaraf/go/pkg/mod/google.golang.org/grpc@v1.71.0/server.go:1208
go.temporal.io/server/api/historyservice/v1._HistoryService_ExecuteMultiOperation_Handler
	/Users/shivamsaraf/Desktop/work/temporal/api/historyservice/v1/service_grpc.pb.go:1855
google.golang.org/grpc.(*Server).processUnaryRPC
	/Users/shivamsaraf/go/pkg/mod/google.golang.org/grpc@v1.71.0/server.go:1405
google.golang.org/grpc.(*Server).handleStream
	/Users/shivamsaraf/go/pkg/mod/google.golang.org/grpc@v1.71.0/server.go:1815
google.golang.org/grpc.(*Server).serveStreams.func2.1
	/Users/shivamsaraf/go/pkg/mod/google.golang.org/grpc@v1.71.0/server.go:1035
2025-05-05T16:56:32.703-0400	info	history client encountered error	{"host": "127.0.0.1:54943", "error": "MultiOperation could not be executed: Update failed: workflow operation can not be applied because workflow is closing", "service-error-type": "serviceerror.MultiOperationExecution", "logging-call-at": "/Users/shivamsaraf/Desktop/work/temporal/common/log/with_logger.go:42"}
2025-05-05T16:56:32.703-0400	error	deployment client error	{"host": "127.0.0.1:54943", "error": "MultiOperation could not be executed: Update failed: workflow operation can not be applied because workflow is closing", "operation": "RegisterTaskQueueWorker", "elapsed": 0.003357125, "args": ["rsion_DrainingVersion-56fd90ab_task_queue",1,"matching service"], "logging-call-at": "/Users/shivamsaraf/Desktop/work/temporal/common/log/with_logger.go:52"}
go.temporal.io/server/common/log.(*zapLogger).Error
	/Users/shivamsaraf/Desktop/work/temporal/common/log/zap_logger.go:132
go.temporal.io/server/common/testing/testlogger.(*TestLogger).Error
	/Users/shivamsaraf/Desktop/work/temporal/common/testing/testlogger/testlogger.go:344
go.temporal.io/server/common/log.(*withLogger).Error
	/Users/shivamsaraf/Desktop/work/temporal/common/log/with_logger.go:52
go.temporal.io/server/service/worker/workerdeployment.(*ClientImpl).RegisterTaskQueueWorker.(*ClientImpl).record.func1
	/Users/shivamsaraf/Desktop/work/temporal/service/worker/workerdeployment/client.go:1263
go.temporal.io/server/service/worker/workerdeployment.(*ClientImpl).RegisterTaskQueueWorker
	/Users/shivamsaraf/Desktop/work/temporal/service/worker/workerdeployment/client.go:230
go.temporal.io/server/service/matching.(*physicalTaskQueueManagerImpl).ensureRegisteredInDeploymentVersion
	/Users/shivamsaraf/Desktop/work/temporal/service/matching/physical_task_queue_manager.go:638
go.temporal.io/server/service/matching.(*physicalTaskQueueManagerImpl).PollTask
	/Users/shivamsaraf/Desktop/work/temporal/service/matching/physical_task_queue_manager.go:307
go.temporal.io/server/service/matching.(*taskQueuePartitionManagerImpl).PollTask
	/Users/shivamsaraf/Desktop/work/temporal/service/matching/task_queue_partition_manager.go:310
go.temporal.io/server/service/matching.(*matchingEngineImpl).pollTask
	/Users/shivamsaraf/Desktop/work/temporal/service/matching/matching_engine.go:2361
go.temporal.io/server/service/matching.(*matchingEngineImpl).PollWorkflowTaskQueue
	/Users/shivamsaraf/Desktop/work/temporal/service/matching/matching_engine.go:618
go.temporal.io/server/service/matching.(*Handler).PollWorkflowTaskQueue
	/Users/shivamsaraf/Desktop/work/temporal/service/matching/handler.go:250
go.temporal.io/server/api/matchingservice/v1._MatchingService_PollWorkflowTaskQueue_Handler.func1
	/Users/shivamsaraf/Desktop/work/temporal/api/matchingservice/v1/service_grpc.pb.go:758
go.temporal.io/server/common/rpc/interceptor.(*RetryableInterceptor).Intercept.func1
	/Users/shivamsaraf/Desktop/work/temporal/common/rpc/interceptor/retry.go:38
go.temporal.io/server/common/backoff.ThrottleRetryContext
	/Users/shivamsaraf/Desktop/work/temporal/common/backoff/retry.go:65
go.temporal.io/server/common/rpc/interceptor.(*RetryableInterceptor).Intercept
	/Users/shivamsaraf/Desktop/work/temporal/common/rpc/interceptor/retry.go:42
google.golang.org/grpc.getChainUnaryHandler.func1
	/Users/shivamsaraf/go/pkg/mod/google.golang.org/grpc@v1.71.0/server.go:1217
go.temporal.io/server/common/rpc/interceptor.(*RateLimitInterceptor).Intercept
	/Users/shivamsaraf/Desktop/work/temporal/common/rpc/interceptor/rate_limit.go:64
google.golang.org/grpc.getChainUnaryHandler.func1
	/Users/shivamsaraf/go/pkg/mod/google.golang.org/grpc@v1.71.0/server.go:1217
go.temporal.io/server/common/rpc/interceptor.(*TelemetryInterceptor).UnaryIntercept
	/Users/shivamsaraf/Desktop/work/temporal/common/rpc/interceptor/telemetry.go:176
google.golang.org/grpc.getChainUnaryHandler.func1
	/Users/shivamsaraf/go/pkg/mod/google.golang.org/grpc@v1.71.0/server.go:1217
go.temporal.io/server/service.GrpcServerOptionsProvider.getUnaryInterceptors.NewServerMetricsTrailerPropagatorInterceptor.func6
	/Users/shivamsaraf/Desktop/work/temporal/common/metrics/grpc.go:88
google.golang.org/grpc.getChainUnaryHandler.func1
	/Users/shivamsaraf/go/pkg/mod/google.golang.org/grpc@v1.71.0/server.go:1217
go.temporal.io/server/service.GrpcServerOptionsProvider.getUnaryInterceptors.NewServerMetricsContextInjectorInterceptor.func5
	/Users/shivamsaraf/Desktop/work/temporal/common/metrics/grpc.go:41
google.golang.org/grpc.getChainUnaryHandler.func1
	/Users/shivamsaraf/go/pkg/mod/google.golang.org/grpc@v1.71.0/server.go:1217
go.temporal.io/server/common/rpc/interceptor.ServiceErrorInterceptor
	/Users/shivamsaraf/Desktop/work/temporal/common/rpc/interceptor/service_error_interceptor.go:19
google.golang.org/grpc.NewServer.chainUnaryServerInterceptors.chainUnaryInterceptors.func1
	/Users/shivamsaraf/go/pkg/mod/google.golang.org/grpc@v1.71.0/server.go:1208
go.temporal.io/server/api/matchingservice/v1._MatchingService_PollWorkflowTaskQueue_Handler
	/Users/shivamsaraf/Desktop/work/temporal/api/matchingservice/v1/service_grpc.pb.go:760
google.golang.org/grpc.(*Server).processUnaryRPC
	/Users/shivamsaraf/go/pkg/mod/google.golang.org/grpc@v1.71.0/server.go:1405
google.golang.org/grpc.(*Server).handleStream
	/Users/shivamsaraf/go/pkg/mod/google.golang.org/grpc@v1.71.0/server.go:1815
google.golang.org/grpc.(*Server).serveStreams.func2.1
	/Users/shivamsaraf/go/pkg/mod/google.golang.org/grpc@v1.71.0/server.go:1035
2025-05-05T16:56:32.703-0400	error	service failures	{"host": "127.0.0.1:54943", "operation": "PollWorkflowTaskQueue", "wf-namespace": "namespace-42f52dc7-121e-4d0f-9fad-c806d0420c24", "grpc_code": "ResourceExhausted", "error": "MultiOperation could not be executed: Update failed: workflow operation can not be applied because workflow is closing", "logging-call-at": "/Users/shivamsaraf/Desktop/work/temporal/common/log/with_logger.go:52"}
go.temporal.io/server/common/log.(*zapLogger).Error
	/Users/shivamsaraf/Desktop/work/temporal/common/log/zap_logger.go:132
go.temporal.io/server/common/testing/testlogger.(*TestLogger).Error
	/Users/shivamsaraf/Desktop/work/temporal/common/testing/testlogger/testlogger.go:344
go.temporal.io/server/common/log.(*withLogger).Error
	/Users/shivamsaraf/Desktop/work/temporal/common/log/with_logger.go:52
go.temporal.io/server/common/rpc/interceptor.(*TelemetryInterceptor).logError
	/Users/shivamsaraf/Desktop/work/temporal/common/rpc/interceptor/telemetry.go:416
go.temporal.io/server/common/rpc/interceptor.(*TelemetryInterceptor).HandleError
	/Users/shivamsaraf/Desktop/work/temporal/common/rpc/interceptor/telemetry.go:392
go.temporal.io/server/common/rpc/interceptor.(*TelemetryInterceptor).UnaryIntercept
	/Users/shivamsaraf/Desktop/work/temporal/common/rpc/interceptor/telemetry.go:179
google.golang.org/grpc.getChainUnaryHandler.func1
	/Users/shivamsaraf/go/pkg/mod/google.golang.org/grpc@v1.71.0/server.go:1217
go.temporal.io/server/service.GrpcServerOptionsProvider.getUnaryInterceptors.NewServerMetricsTrailerPropagatorInterceptor.func6
	/Users/shivamsaraf/Desktop/work/temporal/common/metrics/grpc.go:88
google.golang.org/grpc.getChainUnaryHandler.func1
	/Users/shivamsaraf/go/pkg/mod/google.golang.org/grpc@v1.71.0/server.go:1217
go.temporal.io/server/service.GrpcServerOptionsProvider.getUnaryInterceptors.NewServerMetricsContextInjectorInterceptor.func5
	/Users/shivamsaraf/Desktop/work/temporal/common/metrics/grpc.go:41
google.golang.org/grpc.getChainUnaryHandler.func1
	/Users/shivamsaraf/go/pkg/mod/google.golang.org/grpc@v1.71.0/server.go:1217
go.temporal.io/server/common/rpc/interceptor.ServiceErrorInterceptor
	/Users/shivamsaraf/Desktop/work/temporal/common/rpc/interceptor/service_error_interceptor.go:19
google.golang.org/grpc.NewServer.chainUnaryServerInterceptors.chainUnaryInterceptors.func1
	/Users/shivamsaraf/go/pkg/mod/google.golang.org/grpc@v1.71.0/server.go:1208
go.temporal.io/server/api/matchingservice/v1._MatchingService_PollWorkflowTaskQueue_Handler
	/Users/shivamsaraf/Desktop/work/temporal/api/matchingservice/v1/service_grpc.pb.go:760
google.golang.org/grpc.(*Server).processUnaryRPC
	/Users/shivamsaraf/go/pkg/mod/google.golang.org/grpc@v1.71.0/server.go:1405
google.golang.org/grpc.(*Server).handleStream
	/Users/shivamsaraf/go/pkg/mod/google.golang.org/grpc@v1.71.0/server.go:1815
google.golang.org/grpc.(*Server).serveStreams.func2.1
	/Users/shivamsaraf/go/pkg/mod/google.golang.org/grpc@v1.71.0/server.go:1035
2025-05-05T16:56:32.703-0400	info	matching client encountered error	{"host": "127.0.0.1:54942", "error": "MultiOperation could not be executed: Update failed: workflow operation can not be applied because workflow is closing", "service-error-type": "serviceerror.MultiOperationExecution", "logging-call-at": "/Users/shivamsaraf/Desktop/work/temporal/common/log/with_logger.go:42"}
2025-05-05T16:56:32.703-0400	error	Unable to call matching.PollWorkflowTaskQueue.	{"host": "127.0.0.1:54942", "service": "frontend", "wf-task-queue-name": "rsion_DrainingVersion-56fd90ab_task_queue", "timeout": "18.744009s", "error": "MultiOperation could not be executed: Update failed: workflow operation can not be applied because workflow is closing", "logging-call-at": "/Users/shivamsaraf/Desktop/work/temporal/common/log/with_logger.go:52"}
go.temporal.io/server/common/log.(*zapLogger).Error
	/Users/shivamsaraf/Desktop/work/temporal/common/log/zap_logger.go:132
go.temporal.io/server/common/testing/testlogger.(*TestLogger).Error
	/Users/shivamsaraf/Desktop/work/temporal/common/testing/testlogger/testlogger.go:344
go.temporal.io/server/common/log.(*withLogger).Error
	/Users/shivamsaraf/Desktop/work/temporal/common/log/with_logger.go:52
go.temporal.io/server/common/log.(*withLogger).Error
	/Users/shivamsaraf/Desktop/work/temporal/common/log/with_logger.go:52
go.temporal.io/server/service/frontend.(*WorkflowHandler).PollWorkflowTaskQueue
	/Users/shivamsaraf/Desktop/work/temporal/service/frontend/workflow_handler.go:895
go.temporal.io/api/workflowservice/v1._WorkflowService_PollWorkflowTaskQueue_Handler.func1
	/Users/shivamsaraf/go/pkg/mod/go.temporal.io/api@v1.49.0/workflowservice/v1/service_grpc.pb.go:2583
go.temporal.io/server/common/rpc/interceptor.(*RetryableInterceptor).Intercept.func1
	/Users/shivamsaraf/Desktop/work/temporal/common/rpc/interceptor/retry.go:38
go.temporal.io/server/common/backoff.ThrottleRetryContext
	/Users/shivamsaraf/Desktop/work/temporal/common/backoff/retry.go:65
go.temporal.io/server/common/rpc/interceptor.(*RetryableInterceptor).Intercept
	/Users/shivamsaraf/Desktop/work/temporal/common/rpc/interceptor/retry.go:42
google.golang.org/grpc.getChainUnaryHandler.func1
	/Users/shivamsaraf/go/pkg/mod/google.golang.org/grpc@v1.71.0/server.go:1217
go.temporal.io/server/common/rpc/interceptor.(*CallerInfoInterceptor).Intercept
	/Users/shivamsaraf/Desktop/work/temporal/common/rpc/interceptor/caller_info.go:40
google.golang.org/grpc.getChainUnaryHandler.func1
	/Users/shivamsaraf/go/pkg/mod/google.golang.org/grpc@v1.71.0/server.go:1217
go.temporal.io/server/common/rpc/interceptor.(*SDKVersionInterceptor).Intercept
	/Users/shivamsaraf/Desktop/work/temporal/common/rpc/interceptor/sdk_version.go:44
google.golang.org/grpc.getChainUnaryHandler.func1
	/Users/shivamsaraf/go/pkg/mod/google.golang.org/grpc@v1.71.0/server.go:1217
go.temporal.io/server/common/rpc/interceptor.(*RateLimitInterceptor).Intercept
	/Users/shivamsaraf/Desktop/work/temporal/common/rpc/interceptor/rate_limit.go:64
google.golang.org/grpc.getChainUnaryHandler.func1
	/Users/shivamsaraf/go/pkg/mod/google.golang.org/grpc@v1.71.0/server.go:1217
go.temporal.io/server/common/rpc/interceptor.(*NamespaceRateLimitInterceptorImpl).Intercept
	/Users/shivamsaraf/Desktop/work/temporal/common/rpc/interceptor/namespace_rate_limit.go:77
google.golang.org/grpc.getChainUnaryHandler.func1
	/Users/shivamsaraf/go/pkg/mod/google.golang.org/grpc@v1.71.0/server.go:1217
go.temporal.io/server/common/rpc/interceptor.(*ConcurrentRequestLimitInterceptor).Intercept
	/Users/shivamsaraf/Desktop/work/temporal/common/rpc/interceptor/concurrent_request_limit.go:83
google.golang.org/grpc.getChainUnaryHandler.func1
	/Users/shivamsaraf/go/pkg/mod/google.golang.org/grpc@v1.71.0/server.go:1217
go.temporal.io/server/common/rpc/interceptor.(*NamespaceValidatorInterceptor).StateValidationIntercept
	/Users/shivamsaraf/Desktop/work/temporal/common/rpc/interceptor/namespace_validator.go:210
google.golang.org/grpc.getChainUnaryHandler.func1
	/Users/shivamsaraf/go/pkg/mod/google.golang.org/grpc@v1.71.0/server.go:1217
go.temporal.io/server/common/rpc/interceptor.(*HealthInterceptor).Intercept
	/Users/shivamsaraf/Desktop/work/temporal/common/rpc/interceptor/health.go:41
google.golang.org/grpc.getChainUnaryHandler.func1
	/Users/shivamsaraf/go/pkg/mod/google.golang.org/grpc@v1.71.0/server.go:1217
go.temporal.io/server/common/rpc/interceptor.(*TelemetryInterceptor).UnaryIntercept
	/Users/shivamsaraf/Desktop/work/temporal/common/rpc/interceptor/telemetry.go:176
google.golang.org/grpc.getChainUnaryHandler.func1
	/Users/shivamsaraf/go/pkg/mod/google.golang.org/grpc@v1.71.0/server.go:1217
go.temporal.io/server/common/rpc/interceptor.(*Redirection).handleRedirectAPIInvocation.func2
	/Users/shivamsaraf/Desktop/work/temporal/common/rpc/interceptor/redirection.go:247
go.temporal.io/server/common/rpc/interceptor.(*NoopRedirectionPolicy).WithNamespaceRedirect
	/Users/shivamsaraf/Desktop/work/temporal/common/rpc/interceptor/dc_redirection_policy.go:101
go.temporal.io/server/common/rpc/interceptor.(*Redirection).handleRedirectAPIInvocation
	/Users/shivamsaraf/Desktop/work/temporal/common/rpc/interceptor/redirection.go:244
go.temporal.io/server/common/rpc/interceptor.(*Redirection).Intercept
	/Users/shivamsaraf/Desktop/work/temporal/common/rpc/interceptor/redirection.go:204
google.golang.org/grpc.getChainUnaryHandler.func1
	/Users/shivamsaraf/go/pkg/mod/google.golang.org/grpc@v1.71.0/server.go:1217
go.temporal.io/server/common/rpc/interceptor.(*NamespaceHandoverInterceptor).Intercept
	/Users/shivamsaraf/Desktop/work/temporal/common/rpc/interceptor/namespace_handover.go:85
google.golang.org/grpc.getChainUnaryHandler.func1
	/Users/shivamsaraf/go/pkg/mod/google.golang.org/grpc@v1.71.0/server.go:1217
go.temporal.io/server/common/authorization.(*Interceptor).Intercept
	/Users/shivamsaraf/Desktop/work/temporal/common/authorization/interceptor.go:154
google.golang.org/grpc.getChainUnaryHandler.func1
	/Users/shivamsaraf/go/pkg/mod/google.golang.org/grpc@v1.71.0/server.go:1217
go.temporal.io/server/service/frontend.GrpcServerOptionsProvider.NewServerMetricsContextInjectorInterceptor.func2
	/Users/shivamsaraf/Desktop/work/temporal/common/metrics/grpc.go:41
google.golang.org/grpc.getChainUnaryHandler.func1
	/Users/shivamsaraf/go/pkg/mod/google.golang.org/grpc@v1.71.0/server.go:1217
go.temporal.io/server/common/rpc/interceptor.(*NamespaceLogInterceptor).Intercept
	/Users/shivamsaraf/Desktop/work/temporal/common/rpc/interceptor/namespace_logger.go:60
google.golang.org/grpc.getChainUnaryHandler.func1
	/Users/shivamsaraf/go/pkg/mod/google.golang.org/grpc@v1.71.0/server.go:1217
go.temporal.io/server/common/rpc/interceptor.(*NamespaceValidatorInterceptor).NamespaceValidateIntercept
	/Users/shivamsaraf/Desktop/work/temporal/common/rpc/interceptor/namespace_validator.go:121
google.golang.org/grpc.getChainUnaryHandler.func1
	/Users/shivamsaraf/go/pkg/mod/google.golang.org/grpc@v1.71.0/server.go:1217
go.temporal.io/server/service/frontend.GrpcServerOptionsProvider.NewFrontendServiceErrorInterceptor.func1
	/Users/shivamsaraf/Desktop/work/temporal/common/rpc/grpc.go:135
google.golang.org/grpc.getChainUnaryHandler.func1
	/Users/shivamsaraf/go/pkg/mod/google.golang.org/grpc@v1.71.0/server.go:1217
go.temporal.io/server/common/rpc/interceptor.ServiceErrorInterceptor
	/Users/shivamsaraf/Desktop/work/temporal/common/rpc/interceptor/service_error_interceptor.go:19
google.golang.org/grpc.getChainUnaryHandler.func1
	/Users/shivamsaraf/go/pkg/mod/google.golang.org/grpc@v1.71.0/server.go:1217
go.temporal.io/server/common/rpc/interceptor.(*MaskInternalErrorDetailsInterceptor).Intercept
	/Users/shivamsaraf/Desktop/work/temporal/common/rpc/interceptor/mask_internal_error.go:51
google.golang.org/grpc.NewServer.chainUnaryServerInterceptors.chainUnaryInterceptors.func1
	/Users/shivamsaraf/go/pkg/mod/google.golang.org/grpc@v1.71.0/server.go:1208
go.temporal.io/api/workflowservice/v1._WorkflowService_PollWorkflowTaskQueue_Handler
	/Users/shivamsaraf/go/pkg/mod/go.temporal.io/api@v1.49.0/workflowservice/v1/service_grpc.pb.go:2585
google.golang.org/grpc.(*Server).processUnaryRPC
	/Users/shivamsaraf/go/pkg/mod/google.golang.org/grpc@v1.71.0/server.go:1405
google.golang.org/grpc.(*Server).handleStream
	/Users/shivamsaraf/go/pkg/mod/google.golang.org/grpc@v1.71.0/server.go:1815
google.golang.org/grpc.(*Server).serveStreams.func2.1
	/Users/shivamsaraf/go/pkg/mod/google.golang.org/grpc@v1.71.0/server.go:1035
2025-05-05T16:56:32.703-0400	error	service failures	{"host": "127.0.0.1:54942", "operation": "PollWorkflowTaskQueue", "wf-namespace": "namespace-42f52dc7-121e-4d0f-9fad-c806d0420c24", "grpc_code": "ResourceExhausted", "error": "MultiOperation could not be executed: Update failed: workflow operation can not be applied because workflow is closing", "logging-call-at": "/Users/shivamsaraf/Desktop/work/temporal/common/log/with_logger.go:52"}
go.temporal.io/server/common/log.(*zapLogger).Error
	/Users/shivamsaraf/Desktop/work/temporal/common/log/zap_logger.go:132
go.temporal.io/server/common/testing/testlogger.(*TestLogger).Error
	/Users/shivamsaraf/Desktop/work/temporal/common/testing/testlogger/testlogger.go:344
go.temporal.io/server/common/log.(*withLogger).Error
	/Users/shivamsaraf/Desktop/work/temporal/common/log/with_logger.go:52
go.temporal.io/server/common/rpc/interceptor.(*TelemetryInterceptor).logError
	/Users/shivamsaraf/Desktop/work/temporal/common/rpc/interceptor/telemetry.go:416
go.temporal.io/server/common/rpc/interceptor.(*TelemetryInterceptor).HandleError
	/Users/shivamsaraf/Desktop/work/temporal/common/rpc/interceptor/telemetry.go:392
go.temporal.io/server/common/rpc/interceptor.(*TelemetryInterceptor).UnaryIntercept
	/Users/shivamsaraf/Desktop/work/temporal/common/rpc/interceptor/telemetry.go:179
google.golang.org/grpc.getChainUnaryHandler.func1
	/Users/shivamsaraf/go/pkg/mod/google.golang.org/grpc@v1.71.0/server.go:1217
go.temporal.io/server/common/rpc/interceptor.(*Redirection).handleRedirectAPIInvocation.func2
	/Users/shivamsaraf/Desktop/work/temporal/common/rpc/interceptor/redirection.go:247
go.temporal.io/server/common/rpc/interceptor.(*NoopRedirectionPolicy).WithNamespaceRedirect
	/Users/shivamsaraf/Desktop/work/temporal/common/rpc/interceptor/dc_redirection_policy.go:101
go.temporal.io/server/common/rpc/interceptor.(*Redirection).handleRedirectAPIInvocation
	/Users/shivamsaraf/Desktop/work/temporal/common/rpc/interceptor/redirection.go:244
go.temporal.io/server/common/rpc/interceptor.(*Redirection).Intercept
	/Users/shivamsaraf/Desktop/work/temporal/common/rpc/interceptor/redirection.go:204
google.golang.org/grpc.getChainUnaryHandler.func1
	/Users/shivamsaraf/go/pkg/mod/google.golang.org/grpc@v1.71.0/server.go:1217
go.temporal.io/server/common/rpc/interceptor.(*NamespaceHandoverInterceptor).Intercept
	/Users/shivamsaraf/Desktop/work/temporal/common/rpc/interceptor/namespace_handover.go:85
google.golang.org/grpc.getChainUnaryHandler.func1
	/Users/shivamsaraf/go/pkg/mod/google.golang.org/grpc@v1.71.0/server.go:1217
go.temporal.io/server/common/authorization.(*Interceptor).Intercept
	/Users/shivamsaraf/Desktop/work/temporal/common/authorization/interceptor.go:154
google.golang.org/grpc.getChainUnaryHandler.func1
	/Users/shivamsaraf/go/pkg/mod/google.golang.org/grpc@v1.71.0/server.go:1217
go.temporal.io/server/service/frontend.GrpcServerOptionsProvider.NewServerMetricsContextInjectorInterceptor.func2
	/Users/shivamsaraf/Desktop/work/temporal/common/metrics/grpc.go:41
google.golang.org/grpc.getChainUnaryHandler.func1
	/Users/shivamsaraf/go/pkg/mod/google.golang.org/grpc@v1.71.0/server.go:1217
go.temporal.io/server/common/rpc/interceptor.(*NamespaceLogInterceptor).Intercept
	/Users/shivamsaraf/Desktop/work/temporal/common/rpc/interceptor/namespace_logger.go:60
google.golang.org/grpc.getChainUnaryHandler.func1
	/Users/shivamsaraf/go/pkg/mod/google.golang.org/grpc@v1.71.0/server.go:1217
go.temporal.io/server/common/rpc/interceptor.(*NamespaceValidatorInterceptor).NamespaceValidateIntercept
	/Users/shivamsaraf/Desktop/work/temporal/common/rpc/interceptor/namespace_validator.go:121
google.golang.org/grpc.getChainUnaryHandler.func1
	/Users/shivamsaraf/go/pkg/mod/google.golang.org/grpc@v1.71.0/server.go:1217
go.temporal.io/server/service/frontend.GrpcServerOptionsProvider.NewFrontendServiceErrorInterceptor.func1
	/Users/shivamsaraf/Desktop/work/temporal/common/rpc/grpc.go:135
google.golang.org/grpc.getChainUnaryHandler.func1
	/Users/shivamsaraf/go/pkg/mod/google.golang.org/grpc@v1.71.0/server.go:1217
go.temporal.io/server/common/rpc/interceptor.ServiceErrorInterceptor
	/Users/shivamsaraf/Desktop/work/temporal/common/rpc/interceptor/service_error_interceptor.go:19
google.golang.org/grpc.getChainUnaryHandler.func1
	/Users/shivamsaraf/go/pkg/mod/google.golang.org/grpc@v1.71.0/server.go:1217
go.temporal.io/server/common/rpc/interceptor.(*MaskInternalErrorDetailsInterceptor).Intercept
	/Users/shivamsaraf/Desktop/work/temporal/common/rpc/interceptor/mask_internal_error.go:51
google.golang.org/grpc.NewServer.chainUnaryServerInterceptors.chainUnaryInterceptors.func1
	/Users/shivamsaraf/go/pkg/mod/google.golang.org/grpc@v1.71.0/server.go:1208
go.temporal.io/api/workflowservice/v1._WorkflowService_PollWorkflowTaskQueue_Handler
	/Users/shivamsaraf/go/pkg/mod/go.temporal.io/api@v1.49.0/workflowservice/v1/service_grpc.pb.go:2585
google.golang.org/grpc.(*Server).processUnaryRPC
	/Users/shivamsaraf/go/pkg/mod/google.golang.org/grpc@v1.71.0/server.go:1405
google.golang.org/grpc.(*Server).handleStream
	/Users/shivamsaraf/go/pkg/mod/google.golang.org/grpc@v1.71.0/server.go:1815
google.golang.org/grpc.(*Server).serveStreams.func2.1
	/Users/shivamsaraf/go/pkg/mod/google.golang.org/grpc@v1.71.0/server.go:1035
2025-05-05T16:56:32.800-0400	debug	Frontend method invoked.	{"host": "127.0.0.1:54942", "wf-namespace": "namespace-42f52dc7-121e-4d0f-9fad-c806d0420c24", "operation": "DescribeWorkerDeploymentVersion", "server-name": "", "cert-thumbprint": "", "logging-call-at": "/Users/shivamsaraf/Desktop/work/temporal/common/log/with_logger.go:37"}
2025-05-05T16:56:32.801-0400	error	deployment client error	{"host": "127.0.0.1:54942", "error": "Worker Deployment Version not found", "operation": "DescribeVersion", "elapsed": 0.001197542, "args": ["test-deployment-series","two_2"], "logging-call-at": "/Users/shivamsaraf/Desktop/work/temporal/common/log/with_logger.go:52"}
go.temporal.io/server/common/log.(*zapLogger).Error
	/Users/shivamsaraf/Desktop/work/temporal/common/log/zap_logger.go:132
go.temporal.io/server/common/testing/testlogger.(*TestLogger).Error
	/Users/shivamsaraf/Desktop/work/temporal/common/testing/testlogger/testlogger.go:344
go.temporal.io/server/common/log.(*withLogger).Error
	/Users/shivamsaraf/Desktop/work/temporal/common/log/with_logger.go:52
go.temporal.io/server/service/worker/workerdeployment.(*ClientImpl).DescribeVersion.(*ClientImpl).record.func1
	/Users/shivamsaraf/Desktop/work/temporal/service/worker/workerdeployment/client.go:1263
go.temporal.io/server/service/worker/workerdeployment.(*ClientImpl).DescribeVersion
	/Users/shivamsaraf/Desktop/work/temporal/service/worker/workerdeployment/client.go:290
go.temporal.io/server/service/frontend.(*WorkflowHandler).DescribeWorkerDeploymentVersion
	/Users/shivamsaraf/Desktop/work/temporal/service/frontend/workflow_handler.go:3357
go.temporal.io/api/workflowservice/v1._WorkflowService_DescribeWorkerDeploymentVersion_Handler.func1
	/Users/shivamsaraf/go/pkg/mod/go.temporal.io/api@v1.49.0/workflowservice/v1/service_grpc.pb.go:3429
go.temporal.io/server/common/rpc/interceptor.(*RetryableInterceptor).Intercept.func1
	/Users/shivamsaraf/Desktop/work/temporal/common/rpc/interceptor/retry.go:38
go.temporal.io/server/common/backoff.ThrottleRetryContext
	/Users/shivamsaraf/Desktop/work/temporal/common/backoff/retry.go:65
go.temporal.io/server/common/rpc/interceptor.(*RetryableInterceptor).Intercept
	/Users/shivamsaraf/Desktop/work/temporal/common/rpc/interceptor/retry.go:42
google.golang.org/grpc.getChainUnaryHandler.func1
	/Users/shivamsaraf/go/pkg/mod/google.golang.org/grpc@v1.71.0/server.go:1217
go.temporal.io/server/common/rpc/interceptor.(*CallerInfoInterceptor).Intercept
	/Users/shivamsaraf/Desktop/work/temporal/common/rpc/interceptor/caller_info.go:40
google.golang.org/grpc.getChainUnaryHandler.func1
	/Users/shivamsaraf/go/pkg/mod/google.golang.org/grpc@v1.71.0/server.go:1217
go.temporal.io/server/common/rpc/interceptor.(*SDKVersionInterceptor).Intercept
	/Users/shivamsaraf/Desktop/work/temporal/common/rpc/interceptor/sdk_version.go:44
google.golang.org/grpc.getChainUnaryHandler.func1
	/Users/shivamsaraf/go/pkg/mod/google.golang.org/grpc@v1.71.0/server.go:1217
go.temporal.io/server/common/rpc/interceptor.(*RateLimitInterceptor).Intercept
	/Users/shivamsaraf/Desktop/work/temporal/common/rpc/interceptor/rate_limit.go:64
google.golang.org/grpc.getChainUnaryHandler.func1
	/Users/shivamsaraf/go/pkg/mod/google.golang.org/grpc@v1.71.0/server.go:1217
go.temporal.io/server/common/rpc/interceptor.(*NamespaceRateLimitInterceptorImpl).Intercept
	/Users/shivamsaraf/Desktop/work/temporal/common/rpc/interceptor/namespace_rate_limit.go:77
google.golang.org/grpc.getChainUnaryHandler.func1
	/Users/shivamsaraf/go/pkg/mod/google.golang.org/grpc@v1.71.0/server.go:1217
go.temporal.io/server/common/rpc/interceptor.(*ConcurrentRequestLimitInterceptor).Intercept
	/Users/shivamsaraf/Desktop/work/temporal/common/rpc/interceptor/concurrent_request_limit.go:83
google.golang.org/grpc.getChainUnaryHandler.func1
	/Users/shivamsaraf/go/pkg/mod/google.golang.org/grpc@v1.71.0/server.go:1217
go.temporal.io/server/common/rpc/interceptor.(*NamespaceValidatorInterceptor).StateValidationIntercept
	/Users/shivamsaraf/Desktop/work/temporal/common/rpc/interceptor/namespace_validator.go:210
google.golang.org/grpc.getChainUnaryHandler.func1
	/Users/shivamsaraf/go/pkg/mod/google.golang.org/grpc@v1.71.0/server.go:1217
go.temporal.io/server/common/rpc/interceptor.(*HealthInterceptor).Intercept
	/Users/shivamsaraf/Desktop/work/temporal/common/rpc/interceptor/health.go:41
google.golang.org/grpc.getChainUnaryHandler.func1
	/Users/shivamsaraf/go/pkg/mod/google.golang.org/grpc@v1.71.0/server.go:1217
go.temporal.io/server/common/rpc/interceptor.(*TelemetryInterceptor).UnaryIntercept
	/Users/shivamsaraf/Desktop/work/temporal/common/rpc/interceptor/telemetry.go:176
google.golang.org/grpc.getChainUnaryHandler.func1
	/Users/shivamsaraf/go/pkg/mod/google.golang.org/grpc@v1.71.0/server.go:1217
go.temporal.io/server/common/rpc/interceptor.(*Redirection).handleRedirectAPIInvocation.func2
	/Users/shivamsaraf/Desktop/work/temporal/common/rpc/interceptor/redirection.go:247
go.temporal.io/server/common/rpc/interceptor.(*NoopRedirectionPolicy).WithNamespaceRedirect
	/Users/shivamsaraf/Desktop/work/temporal/common/rpc/interceptor/dc_redirection_policy.go:101
go.temporal.io/server/common/rpc/interceptor.(*Redirection).handleRedirectAPIInvocation
	/Users/shivamsaraf/Desktop/work/temporal/common/rpc/interceptor/redirection.go:244
go.temporal.io/server/common/rpc/interceptor.(*Redirection).Intercept
	/Users/shivamsaraf/Desktop/work/temporal/common/rpc/interceptor/redirection.go:204
google.golang.org/grpc.getChainUnaryHandler.func1
	/Users/shivamsaraf/go/pkg/mod/google.golang.org/grpc@v1.71.0/server.go:1217
go.temporal.io/server/common/rpc/interceptor.(*NamespaceHandoverInterceptor).Intercept
	/Users/shivamsaraf/Desktop/work/temporal/common/rpc/interceptor/namespace_handover.go:85
google.golang.org/grpc.getChainUnaryHandler.func1
	/Users/shivamsaraf/go/pkg/mod/google.golang.org/grpc@v1.71.0/server.go:1217
go.temporal.io/server/common/authorization.(*Interceptor).Intercept
	/Users/shivamsaraf/Desktop/work/temporal/common/authorization/interceptor.go:154
google.golang.org/grpc.getChainUnaryHandler.func1
	/Users/shivamsaraf/go/pkg/mod/google.golang.org/grpc@v1.71.0/server.go:1217
go.temporal.io/server/service/frontend.GrpcServerOptionsProvider.NewServerMetricsContextInjectorInterceptor.func2
	/Users/shivamsaraf/Desktop/work/temporal/common/metrics/grpc.go:41
google.golang.org/grpc.getChainUnaryHandler.func1
	/Users/shivamsaraf/go/pkg/mod/google.golang.org/grpc@v1.71.0/server.go:1217
go.temporal.io/server/common/rpc/interceptor.(*NamespaceLogInterceptor).Intercept
	/Users/shivamsaraf/Desktop/work/temporal/common/rpc/interceptor/namespace_logger.go:60
google.golang.org/grpc.getChainUnaryHandler.func1
	/Users/shivamsaraf/go/pkg/mod/google.golang.org/grpc@v1.71.0/server.go:1217
go.temporal.io/server/common/rpc/interceptor.(*NamespaceValidatorInterceptor).NamespaceValidateIntercept
	/Users/shivamsaraf/Desktop/work/temporal/common/rpc/interceptor/namespace_validator.go:121
google.golang.org/grpc.getChainUnaryHandler.func1
	/Users/shivamsaraf/go/pkg/mod/google.golang.org/grpc@v1.71.0/server.go:1217
go.temporal.io/server/service/frontend.GrpcServerOptionsProvider.NewFrontendServiceErrorInterceptor.func1
	/Users/shivamsaraf/Desktop/work/temporal/common/rpc/grpc.go:135
google.golang.org/grpc.getChainUnaryHandler.func1
	/Users/shivamsaraf/go/pkg/mod/google.golang.org/grpc@v1.71.0/server.go:1217
go.temporal.io/server/common/rpc/interceptor.ServiceErrorInterceptor
	/Users/shivamsaraf/Desktop/work/temporal/common/rpc/interceptor/service_error_interceptor.go:19
google.golang.org/grpc.getChainUnaryHandler.func1
	/Users/shivamsaraf/go/pkg/mod/google.golang.org/grpc@v1.71.0/server.go:1217
go.temporal.io/server/common/rpc/interceptor.(*MaskInternalErrorDetailsInterceptor).Intercept
	/Users/shivamsaraf/Desktop/work/temporal/common/rpc/interceptor/mask_internal_error.go:51
google.golang.org/grpc.NewServer.chainUnaryServerInterceptors.chainUnaryInterceptors.func1
	/Users/shivamsaraf/go/pkg/mod/google.golang.org/grpc@v1.71.0/server.go:1208
go.temporal.io/api/workflowservice/v1._WorkflowService_DescribeWorkerDeploymentVersion_Handler
	/Users/shivamsaraf/go/pkg/mod/go.temporal.io/api@v1.49.0/workflowservice/v1/service_grpc.pb.go:3431
google.golang.org/grpc.(*Server).processUnaryRPC
	/Users/shivamsaraf/go/pkg/mod/google.golang.org/grpc@v1.71.0/server.go:1405
google.golang.org/grpc.(*Server).handleStream
	/Users/shivamsaraf/go/pkg/mod/google.golang.org/grpc@v1.71.0/server.go:1815
google.golang.org/grpc.(*Server).serveStreams.func2.1
	/Users/shivamsaraf/go/pkg/mod/google.golang.org/grpc@v1.71.0/server.go:1035
2025-05-05T16:56:32.802-0400	debug	Frontend method invoked.	{"host": "127.0.0.1:54942", "wf-namespace": "namespace-42f52dc7-121e-4d0f-9fad-c806d0420c24", "operation": "DescribeWorkerDeployment", "server-name": "", "cert-thumbprint": "", "logging-call-at": "/Users/shivamsaraf/Desktop/work/temporal/common/log/with_logger.go:37"}
2025-05-05T16:56:33.570-0400	debug	Process task as active.	{"host": "127.0.0.1:54944", "shard-id": 3, "address": "127.0.0.1:54944", "component": "timer-queue-processor", "wf-namespace-id": "16489026-76fa-49af-8333-d07c4a9341f7", "value": "16489026-76fa-49af-8333-d07c4a9341f7/temporal-sys-worker-deployment-version:test-deployment-series.one_1/73d4b2c2-9167-4b09-9217-e0da35b856b4", "logging-call-at": "/Users/shivamsaraf/Desktop/work/temporal/common/log/with_logger.go:37"}
2025-05-05T16:56:33.700-0400	debug	Process task as active.	{"host": "127.0.0.1:54944", "shard-id": 3, "address": "127.0.0.1:54944", "component": "timer-queue-processor", "wf-namespace-id": "16489026-76fa-49af-8333-d07c4a9341f7", "value": "16489026-76fa-49af-8333-d07c4a9341f7/temporal-sys-worker-deployment:test-deployment-series/f80725ec-18cb-47b7-b82d-35cd7a19850d", "logging-call-at": "/Users/shivamsaraf/Desktop/work/temporal/common/log/with_logger.go:37"}
2025-05-05T16:56:33.700-0400	debug	Workflow task updated	{"host": "127.0.0.1:54944", "shard-id": 3, "address": "127.0.0.1:54944", "wf-namespace-id": "16489026-76fa-49af-8333-d07c4a9341f7", "wf-id": "temporal-sys-worker-deployment:test-deployment-series", "wf-run-id": "f80725ec-18cb-47b7-b82d-35cd7a19850d", "wf-scheduled-event-id": 2, "wf-started-event-id": 0, "workflow-task-request-id": "emptyUuid", "workflow-task-timeout": 10, "attempt": 1, "wf-started-timestamp": "0001-01-01T00:00:00.000Z", "wt-type": "Normal", "logging-call-at": "/Users/shivamsaraf/Desktop/work/temporal/common/log/with_logger.go:37"}
2025-05-05T16:56:33.700-0400	debug	Assigning new task key	{"host": "127.0.0.1:54944", "shard-id": 3, "address": "127.0.0.1:54944", "wf-namespace-id": "16489026-76fa-49af-8333-d07c4a9341f7", "wf-id": "temporal-sys-worker-deployment:test-deployment-series", "wf-run-id": "f80725ec-18cb-47b7-b82d-35cd7a19850d", "queue-task-type": "TransferWorkflowTask", "queue-task-id": 1048796, "timestamp": "2025-05-05T20:56:33.700Z", "cursor-timestamp": "2025-05-05T20:56:33.702Z", "logging-call-at": "/Users/shivamsaraf/Desktop/work/temporal/common/log/with_logger.go:37"}
2025-05-05T16:56:33.702-0400	debug	Process task as active.	{"host": "127.0.0.1:54944", "shard-id": 3, "address": "127.0.0.1:54944", "component": "transfer-queue-processor", "wf-namespace-id": "16489026-76fa-49af-8333-d07c4a9341f7", "value": "16489026-76fa-49af-8333-d07c4a9341f7/temporal-sys-worker-deployment:test-deployment-series/f80725ec-18cb-47b7-b82d-35cd7a19850d", "logging-call-at": "/Users/shivamsaraf/Desktop/work/temporal/common/log/with_logger.go:37"}
2025-05-05T16:56:33.704-0400	debug	Workflow task updated	{"host": "127.0.0.1:54944", "shard-id": 3, "address": "127.0.0.1:54944", "wf-namespace-id": "16489026-76fa-49af-8333-d07c4a9341f7", "wf-id": "temporal-sys-worker-deployment:test-deployment-series", "wf-run-id": "f80725ec-18cb-47b7-b82d-35cd7a19850d", "wf-scheduled-event-id": 2, "wf-started-event-id": 3, "workflow-task-request-id": "eff44fbf-d6ee-4dbf-8f23-5e37abae2a8e", "workflow-task-timeout": 10, "attempt": 1, "wf-started-timestamp": "2025-05-05T20:56:33.704Z", "wt-type": "Normal", "logging-call-at": "/Users/shivamsaraf/Desktop/work/temporal/common/log/with_logger.go:37"}
2025-05-05T16:56:33.704-0400	debug	Assigning new task key	{"host": "127.0.0.1:54944", "shard-id": 3, "address": "127.0.0.1:54944", "wf-namespace-id": "16489026-76fa-49af-8333-d07c4a9341f7", "wf-id": "temporal-sys-worker-deployment:test-deployment-series", "wf-run-id": "f80725ec-18cb-47b7-b82d-35cd7a19850d", "queue-task-type": "WorkflowTaskTimeout", "queue-task-id": 1048799, "timestamp": "2025-05-05T20:56:43.705Z", "cursor-timestamp": "2025-05-05T20:56:34.702Z", "logging-call-at": "/Users/shivamsaraf/Desktop/work/temporal/common/log/with_logger.go:37"}
2025-05-05T16:56:33.707-0400	debug	Frontend method invoked.	{"host": "127.0.0.1:54942", "wf-namespace": "namespace-42f52dc7-121e-4d0f-9fad-c806d0420c24", "operation": "PollWorkflowTaskQueue", "server-name": "", "cert-thumbprint": "", "logging-call-at": "/Users/shivamsaraf/Desktop/work/temporal/common/log/with_logger.go:37"}
2025-05-05T16:56:33.707-0400	debug	Worker Deployment Workflow doing continue-as-new	{"host": "127.0.0.1:54945", "Namespace": "namespace-42f52dc7-121e-4d0f-9fad-c806d0420c24", "TaskQueue": "temporal-sys-per-ns-tq", "WorkerID": "temporal-system@Shivams-MacBook-Pro.local@namespace-42f52dc7-121e-4d0f-9fad-c806d0420c24", "WorkflowType": "temporal-sys-worker-deployment-workflow", "WorkflowID": "temporal-sys-worker-deployment:test-deployment-series", "RunID": "f80725ec-18cb-47b7-b82d-35cd7a19850d", "Attempt": 1, "wf-namespace": "namespace-42f52dc7-121e-4d0f-9fad-c806d0420c24", "logging-call-at": "/Users/shivamsaraf/Desktop/work/temporal/common/log/with_logger.go:37"}
2025-05-05T16:56:33.707-0400	debug	Received PollWorkflowTaskQueue	{"host": "127.0.0.1:54942", "service": "frontend", "logging-call-at": "/Users/shivamsaraf/Desktop/work/temporal/common/log/with_logger.go:37"}
2025-05-05T16:56:33.707-0400	debug	Poll workflow task queue.	{"host": "127.0.0.1:54942", "service": "frontend", "wf-namespace": "namespace-42f52dc7-121e-4d0f-9fad-c806d0420c24", "wf-namespace-id": "16489026-76fa-49af-8333-d07c4a9341f7", "logging-call-at": "/Users/shivamsaraf/Desktop/work/temporal/common/log/with_logger.go:37"}
2025-05-05T16:56:33.707-0400	debug	Frontend method invoked.	{"host": "127.0.0.1:54942", "wf-namespace": "namespace-42f52dc7-121e-4d0f-9fad-c806d0420c24", "operation": "RespondWorkflowTaskCompleted", "server-name": "", "cert-thumbprint": "", "logging-call-at": "/Users/shivamsaraf/Desktop/work/temporal/common/log/with_logger.go:37"}
2025-05-05T16:56:33.708-0400	debug	RespondWorkflowTaskCompleted	{"host": "127.0.0.1:54944", "service": "history", "wf-namespace-id": "16489026-76fa-49af-8333-d07c4a9341f7", "wf-id": "temporal-sys-worker-deployment:test-deployment-series", "wf-run-id": "f80725ec-18cb-47b7-b82d-35cd7a19850d", "wf-scheduled-event-id": 2, "logging-call-at": "/Users/shivamsaraf/Desktop/work/temporal/common/log/with_logger.go:37"}
2025-05-05T16:56:33.708-0400	debug	Workflow task updated	{"host": "127.0.0.1:54944", "shard-id": 3, "address": "127.0.0.1:54944", "wf-namespace-id": "16489026-76fa-49af-8333-d07c4a9341f7", "wf-id": "temporal-sys-worker-deployment:test-deployment-series", "wf-run-id": "f80725ec-18cb-47b7-b82d-35cd7a19850d", "wf-scheduled-event-id": 0, "wf-started-event-id": 0, "workflow-task-request-id": "emptyUuid", "workflow-task-timeout": 0, "attempt": 1, "wf-started-timestamp": "1970-01-01T00:00:00.000Z", "wt-type": "Unspecified", "logging-call-at": "/Users/shivamsaraf/Desktop/work/temporal/common/log/with_logger.go:37"}
2025-05-05T16:56:33.708-0400	debug	Assigning new task key	{"host": "127.0.0.1:54944", "shard-id": 3, "address": "127.0.0.1:54944", "wf-namespace-id": "16489026-76fa-49af-8333-d07c4a9341f7", "wf-id": "temporal-sys-worker-deployment:test-deployment-series", "wf-run-id": "f80725ec-18cb-47b7-b82d-35cd7a19850d", "queue-task-type": "TransferCloseExecution", "queue-task-id": 1048806, "timestamp": "2025-05-05T20:56:33.708Z", "cursor-timestamp": "2025-05-05T20:56:34.702Z", "logging-call-at": "/Users/shivamsaraf/Desktop/work/temporal/common/log/with_logger.go:37"}
2025-05-05T16:56:33.708-0400	debug	Assigning new task key	{"host": "127.0.0.1:54944", "shard-id": 3, "address": "127.0.0.1:54944", "wf-namespace-id": "16489026-76fa-49af-8333-d07c4a9341f7", "wf-id": "temporal-sys-worker-deployment:test-deployment-series", "wf-run-id": "f80725ec-18cb-47b7-b82d-35cd7a19850d", "queue-task-type": "VisibilityCloseExecution", "queue-task-id": 1048807, "timestamp": "2025-05-05T20:56:33.708Z", "cursor-timestamp": "2025-05-05T20:56:34.702Z", "logging-call-at": "/Users/shivamsaraf/Desktop/work/temporal/common/log/with_logger.go:37"}
2025-05-05T16:56:33.708-0400	debug	Assigning new task key	{"host": "127.0.0.1:54944", "shard-id": 3, "address": "127.0.0.1:54944", "wf-namespace-id": "16489026-76fa-49af-8333-d07c4a9341f7", "wf-id": "temporal-sys-worker-deployment:test-deployment-series", "wf-run-id": "f80725ec-18cb-47b7-b82d-35cd7a19850d", "queue-task-type": "DeleteHistoryEvent", "queue-task-id": 1048808, "timestamp": "2025-05-06T20:56:34.625Z", "cursor-timestamp": "2025-05-05T20:56:34.702Z", "logging-call-at": "/Users/shivamsaraf/Desktop/work/temporal/common/log/with_logger.go:37"}
2025-05-05T16:56:33.708-0400	debug	Assigning new task key	{"host": "127.0.0.1:54944", "shard-id": 3, "address": "127.0.0.1:54944", "wf-namespace-id": "16489026-76fa-49af-8333-d07c4a9341f7", "wf-id": "temporal-sys-worker-deployment:test-deployment-series", "wf-run-id": "8a0ba718-0d44-40a6-b5c1-1c89c634e442", "queue-task-type": "VisibilityStartExecution", "queue-task-id": 1048809, "timestamp": "2025-05-05T20:56:33.708Z", "cursor-timestamp": "2025-05-05T20:56:34.702Z", "logging-call-at": "/Users/shivamsaraf/Desktop/work/temporal/common/log/with_logger.go:37"}
2025-05-05T16:56:33.709-0400	debug	New timer generated is less than min scheduled time	{"host": "127.0.0.1:54944", "shard-id": 3, "address": "127.0.0.1:54944", "wf-namespace-id": "16489026-76fa-49af-8333-d07c4a9341f7", "wf-id": "temporal-sys-worker-deployment:test-deployment-series", "wf-run-id": "8a0ba718-0d44-40a6-b5c1-1c89c634e442", "queue-task-type": "WorkflowBackoffTimer", "queue-task-id": 1048810, "timestamp": "2025-05-05T20:56:34.698Z", "cursor-timestamp": "2025-05-05T20:56:34.702Z", "shard-update": "ShardAllocateTimerBeforeRead", "logging-call-at": "/Users/shivamsaraf/Desktop/work/temporal/common/log/with_logger.go:37"}
2025-05-05T16:56:33.709-0400	debug	Assigning new task key	{"host": "127.0.0.1:54944", "shard-id": 3, "address": "127.0.0.1:54944", "wf-namespace-id": "16489026-76fa-49af-8333-d07c4a9341f7", "wf-id": "temporal-sys-worker-deployment:test-deployment-series", "wf-run-id": "8a0ba718-0d44-40a6-b5c1-1c89c634e442", "queue-task-type": "WorkflowBackoffTimer", "queue-task-id": 1048810, "timestamp": "2025-05-05T20:56:34.703Z", "cursor-timestamp": "2025-05-05T20:56:34.702Z", "logging-call-at": "/Users/shivamsaraf/Desktop/work/temporal/common/log/with_logger.go:37"}
2025-05-05T16:56:33.710-0400	debug	Process task as active.	{"host": "127.0.0.1:54944", "shard-id": 3, "address": "127.0.0.1:54944", "component": "transfer-queue-processor", "wf-namespace-id": "16489026-76fa-49af-8333-d07c4a9341f7", "value": "16489026-76fa-49af-8333-d07c4a9341f7/temporal-sys-worker-deployment:test-deployment-series/f80725ec-18cb-47b7-b82d-35cd7a19850d", "logging-call-at": "/Users/shivamsaraf/Desktop/work/temporal/common/log/with_logger.go:37"}
2025-05-05T16:56:33.710-0400	debug	deployment client success	{"host": "127.0.0.1:54942", "operation": "DescribeWorkerDeployment", "elapsed": 0.907422167, "args": ["test-deployment-series"], "logging-call-at": "/Users/shivamsaraf/Desktop/work/temporal/common/log/with_logger.go:37"}
2025-05-05T16:56:33.710-0400	debug	Frontend method invoked.	{"host": "127.0.0.1:54942", "wf-namespace": "namespace-42f52dc7-121e-4d0f-9fad-c806d0420c24", "operation": "DescribeWorkerDeploymentVersion", "server-name": "", "cert-thumbprint": "", "logging-call-at": "/Users/shivamsaraf/Desktop/work/temporal/common/log/with_logger.go:37"}
2025-05-05T16:56:33.712-0400	error	deployment client error	{"host": "127.0.0.1:54942", "error": "Worker Deployment Version not found", "operation": "DescribeVersion", "elapsed": 0.001581042, "args": ["test-deployment-series","two_2"], "logging-call-at": "/Users/shivamsaraf/Desktop/work/temporal/common/log/with_logger.go:52"}
go.temporal.io/server/common/log.(*zapLogger).Error
	/Users/shivamsaraf/Desktop/work/temporal/common/log/zap_logger.go:132
go.temporal.io/server/common/testing/testlogger.(*TestLogger).Error
	/Users/shivamsaraf/Desktop/work/temporal/common/testing/testlogger/testlogger.go:344
go.temporal.io/server/common/log.(*withLogger).Error
	/Users/shivamsaraf/Desktop/work/temporal/common/log/with_logger.go:52
go.temporal.io/server/service/worker/workerdeployment.(*ClientImpl).DescribeVersion.(*ClientImpl).record.func1
	/Users/shivamsaraf/Desktop/work/temporal/service/worker/workerdeployment/client.go:1263
go.temporal.io/server/service/worker/workerdeployment.(*ClientImpl).DescribeVersion
	/Users/shivamsaraf/Desktop/work/temporal/service/worker/workerdeployment/client.go:290
go.temporal.io/server/service/frontend.(*WorkflowHandler).DescribeWorkerDeploymentVersion
	/Users/shivamsaraf/Desktop/work/temporal/service/frontend/workflow_handler.go:3357
go.temporal.io/api/workflowservice/v1._WorkflowService_DescribeWorkerDeploymentVersion_Handler.func1
	/Users/shivamsaraf/go/pkg/mod/go.temporal.io/api@v1.49.0/workflowservice/v1/service_grpc.pb.go:3429
go.temporal.io/server/common/rpc/interceptor.(*RetryableInterceptor).Intercept.func1
	/Users/shivamsaraf/Desktop/work/temporal/common/rpc/interceptor/retry.go:38
go.temporal.io/server/common/backoff.ThrottleRetryContext
	/Users/shivamsaraf/Desktop/work/temporal/common/backoff/retry.go:65
go.temporal.io/server/common/rpc/interceptor.(*RetryableInterceptor).Intercept
	/Users/shivamsaraf/Desktop/work/temporal/common/rpc/interceptor/retry.go:42
google.golang.org/grpc.getChainUnaryHandler.func1
	/Users/shivamsaraf/go/pkg/mod/google.golang.org/grpc@v1.71.0/server.go:1217
go.temporal.io/server/common/rpc/interceptor.(*CallerInfoInterceptor).Intercept
	/Users/shivamsaraf/Desktop/work/temporal/common/rpc/interceptor/caller_info.go:40
google.golang.org/grpc.getChainUnaryHandler.func1
	/Users/shivamsaraf/go/pkg/mod/google.golang.org/grpc@v1.71.0/server.go:1217
go.temporal.io/server/common/rpc/interceptor.(*SDKVersionInterceptor).Intercept
	/Users/shivamsaraf/Desktop/work/temporal/common/rpc/interceptor/sdk_version.go:44
google.golang.org/grpc.getChainUnaryHandler.func1
	/Users/shivamsaraf/go/pkg/mod/google.golang.org/grpc@v1.71.0/server.go:1217
go.temporal.io/server/common/rpc/interceptor.(*RateLimitInterceptor).Intercept
	/Users/shivamsaraf/Desktop/work/temporal/common/rpc/interceptor/rate_limit.go:64
google.golang.org/grpc.getChainUnaryHandler.func1
	/Users/shivamsaraf/go/pkg/mod/google.golang.org/grpc@v1.71.0/server.go:1217
go.temporal.io/server/common/rpc/interceptor.(*NamespaceRateLimitInterceptorImpl).Intercept
	/Users/shivamsaraf/Desktop/work/temporal/common/rpc/interceptor/namespace_rate_limit.go:77
google.golang.org/grpc.getChainUnaryHandler.func1
	/Users/shivamsaraf/go/pkg/mod/google.golang.org/grpc@v1.71.0/server.go:1217
go.temporal.io/server/common/rpc/interceptor.(*ConcurrentRequestLimitInterceptor).Intercept
	/Users/shivamsaraf/Desktop/work/temporal/common/rpc/interceptor/concurrent_request_limit.go:83
google.golang.org/grpc.getChainUnaryHandler.func1
	/Users/shivamsaraf/go/pkg/mod/google.golang.org/grpc@v1.71.0/server.go:1217
go.temporal.io/server/common/rpc/interceptor.(*NamespaceValidatorInterceptor).StateValidationIntercept
	/Users/shivamsaraf/Desktop/work/temporal/common/rpc/interceptor/namespace_validator.go:210
google.golang.org/grpc.getChainUnaryHandler.func1
	/Users/shivamsaraf/go/pkg/mod/google.golang.org/grpc@v1.71.0/server.go:1217
go.temporal.io/server/common/rpc/interceptor.(*HealthInterceptor).Intercept
	/Users/shivamsaraf/Desktop/work/temporal/common/rpc/interceptor/health.go:41
google.golang.org/grpc.getChainUnaryHandler.func1
	/Users/shivamsaraf/go/pkg/mod/google.golang.org/grpc@v1.71.0/server.go:1217
go.temporal.io/server/common/rpc/interceptor.(*TelemetryInterceptor).UnaryIntercept
	/Users/shivamsaraf/Desktop/work/temporal/common/rpc/interceptor/telemetry.go:176
google.golang.org/grpc.getChainUnaryHandler.func1
	/Users/shivamsaraf/go/pkg/mod/google.golang.org/grpc@v1.71.0/server.go:1217
go.temporal.io/server/common/rpc/interceptor.(*Redirection).handleRedirectAPIInvocation.func2
	/Users/shivamsaraf/Desktop/work/temporal/common/rpc/interceptor/redirection.go:247
go.temporal.io/server/common/rpc/interceptor.(*NoopRedirectionPolicy).WithNamespaceRedirect
	/Users/shivamsaraf/Desktop/work/temporal/common/rpc/interceptor/dc_redirection_policy.go:101
go.temporal.io/server/common/rpc/interceptor.(*Redirection).handleRedirectAPIInvocation
	/Users/shivamsaraf/Desktop/work/temporal/common/rpc/interceptor/redirection.go:244
go.temporal.io/server/common/rpc/interceptor.(*Redirection).Intercept
	/Users/shivamsaraf/Desktop/work/temporal/common/rpc/interceptor/redirection.go:204
google.golang.org/grpc.getChainUnaryHandler.func1
	/Users/shivamsaraf/go/pkg/mod/google.golang.org/grpc@v1.71.0/server.go:1217
go.temporal.io/server/common/rpc/interceptor.(*NamespaceHandoverInterceptor).Intercept
	/Users/shivamsaraf/Desktop/work/temporal/common/rpc/interceptor/namespace_handover.go:85
google.golang.org/grpc.getChainUnaryHandler.func1
	/Users/shivamsaraf/go/pkg/mod/google.golang.org/grpc@v1.71.0/server.go:1217
go.temporal.io/server/common/authorization.(*Interceptor).Intercept
	/Users/shivamsaraf/Desktop/work/temporal/common/authorization/interceptor.go:154
google.golang.org/grpc.getChainUnaryHandler.func1
	/Users/shivamsaraf/go/pkg/mod/google.golang.org/grpc@v1.71.0/server.go:1217
go.temporal.io/server/service/frontend.GrpcServerOptionsProvider.NewServerMetricsContextInjectorInterceptor.func2
	/Users/shivamsaraf/Desktop/work/temporal/common/metrics/grpc.go:41
google.golang.org/grpc.getChainUnaryHandler.func1
	/Users/shivamsaraf/go/pkg/mod/google.golang.org/grpc@v1.71.0/server.go:1217
go.temporal.io/server/common/rpc/interceptor.(*NamespaceLogInterceptor).Intercept
	/Users/shivamsaraf/Desktop/work/temporal/common/rpc/interceptor/namespace_logger.go:60
google.golang.org/grpc.getChainUnaryHandler.func1
	/Users/shivamsaraf/go/pkg/mod/google.golang.org/grpc@v1.71.0/server.go:1217
go.temporal.io/server/common/rpc/interceptor.(*NamespaceValidatorInterceptor).NamespaceValidateIntercept
	/Users/shivamsaraf/Desktop/work/temporal/common/rpc/interceptor/namespace_validator.go:121
google.golang.org/grpc.getChainUnaryHandler.func1
	/Users/shivamsaraf/go/pkg/mod/google.golang.org/grpc@v1.71.0/server.go:1217
go.temporal.io/server/service/frontend.GrpcServerOptionsProvider.NewFrontendServiceErrorInterceptor.func1
	/Users/shivamsaraf/Desktop/work/temporal/common/rpc/grpc.go:135
google.golang.org/grpc.getChainUnaryHandler.func1
	/Users/shivamsaraf/go/pkg/mod/google.golang.org/grpc@v1.71.0/server.go:1217
go.temporal.io/server/common/rpc/interceptor.ServiceErrorInterceptor
	/Users/shivamsaraf/Desktop/work/temporal/common/rpc/interceptor/service_error_interceptor.go:19
google.golang.org/grpc.getChainUnaryHandler.func1
	/Users/shivamsaraf/go/pkg/mod/google.golang.org/grpc@v1.71.0/server.go:1217
go.temporal.io/server/common/rpc/interceptor.(*MaskInternalErrorDetailsInterceptor).Intercept
	/Users/shivamsaraf/Desktop/work/temporal/common/rpc/interceptor/mask_internal_error.go:51
google.golang.org/grpc.NewServer.chainUnaryServerInterceptors.chainUnaryInterceptors.func1
	/Users/shivamsaraf/go/pkg/mod/google.golang.org/grpc@v1.71.0/server.go:1208
go.temporal.io/api/workflowservice/v1._WorkflowService_DescribeWorkerDeploymentVersion_Handler
	/Users/shivamsaraf/go/pkg/mod/go.temporal.io/api@v1.49.0/workflowservice/v1/service_grpc.pb.go:3431
google.golang.org/grpc.(*Server).processUnaryRPC
	/Users/shivamsaraf/go/pkg/mod/google.golang.org/grpc@v1.71.0/server.go:1405
google.golang.org/grpc.(*Server).handleStream
	/Users/shivamsaraf/go/pkg/mod/google.golang.org/grpc@v1.71.0/server.go:1815
google.golang.org/grpc.(*Server).serveStreams.func2.1
	/Users/shivamsaraf/go/pkg/mod/google.golang.org/grpc@v1.71.0/server.go:1035
2025-05-05T16:56:33.713-0400	debug	Frontend method invoked.	{"host": "127.0.0.1:54942", "wf-namespace": "namespace-42f52dc7-121e-4d0f-9fad-c806d0420c24", "operation": "DescribeWorkerDeployment", "server-name": "", "cert-thumbprint": "", "logging-call-at": "/Users/shivamsaraf/Desktop/work/temporal/common/log/with_logger.go:37"}
2025-05-05T16:56:34.455-0400	debug	Process task as active.	{"host": "127.0.0.1:54944", "shard-id": 3, "address": "127.0.0.1:54944", "component": "timer-queue-processor", "wf-namespace-id": "16489026-76fa-49af-8333-d07c4a9341f7", "value": "16489026-76fa-49af-8333-d07c4a9341f7/temporal-sys-worker-deployment-version:test-deployment-series.one_1/cbe07212-2419-486d-b792-030153e62894", "logging-call-at": "/Users/shivamsaraf/Desktop/work/temporal/common/log/with_logger.go:37"}
2025-05-05T16:56:34.455-0400	debug	Workflow task updated	{"host": "127.0.0.1:54944", "shard-id": 3, "address": "127.0.0.1:54944", "wf-namespace-id": "16489026-76fa-49af-8333-d07c4a9341f7", "wf-id": "temporal-sys-worker-deployment-version:test-deployment-series.one_1", "wf-run-id": "cbe07212-2419-486d-b792-030153e62894", "wf-scheduled-event-id": 2, "wf-started-event-id": 0, "workflow-task-request-id": "emptyUuid", "workflow-task-timeout": 10, "attempt": 1, "wf-started-timestamp": "0001-01-01T00:00:00.000Z", "wt-type": "Normal", "logging-call-at": "/Users/shivamsaraf/Desktop/work/temporal/common/log/with_logger.go:37"}
2025-05-05T16:56:34.455-0400	debug	Assigning new task key	{"host": "127.0.0.1:54944", "shard-id": 3, "address": "127.0.0.1:54944", "wf-namespace-id": "16489026-76fa-49af-8333-d07c4a9341f7", "wf-id": "temporal-sys-worker-deployment-version:test-deployment-series.one_1", "wf-run-id": "cbe07212-2419-486d-b792-030153e62894", "queue-task-type": "TransferWorkflowTask", "queue-task-id": 1048813, "timestamp": "2025-05-05T20:56:34.455Z", "cursor-timestamp": "2025-05-05T20:56:34.709Z", "logging-call-at": "/Users/shivamsaraf/Desktop/work/temporal/common/log/with_logger.go:37"}
2025-05-05T16:56:34.457-0400	debug	Process task as active.	{"host": "127.0.0.1:54944", "shard-id": 3, "address": "127.0.0.1:54944", "component": "transfer-queue-processor", "wf-namespace-id": "16489026-76fa-49af-8333-d07c4a9341f7", "value": "16489026-76fa-49af-8333-d07c4a9341f7/temporal-sys-worker-deployment-version:test-deployment-series.one_1/cbe07212-2419-486d-b792-030153e62894", "logging-call-at": "/Users/shivamsaraf/Desktop/work/temporal/common/log/with_logger.go:37"}
2025-05-05T16:56:34.459-0400	debug	Workflow task updated	{"host": "127.0.0.1:54944", "shard-id": 3, "address": "127.0.0.1:54944", "wf-namespace-id": "16489026-76fa-49af-8333-d07c4a9341f7", "wf-id": "temporal-sys-worker-deployment-version:test-deployment-series.one_1", "wf-run-id": "cbe07212-2419-486d-b792-030153e62894", "wf-scheduled-event-id": 2, "wf-started-event-id": 3, "workflow-task-request-id": "f9adb6c6-cf95-4c36-a648-20bc982ab1dd", "workflow-task-timeout": 10, "attempt": 1, "wf-started-timestamp": "2025-05-05T20:56:34.459Z", "wt-type": "Normal", "logging-call-at": "/Users/shivamsaraf/Desktop/work/temporal/common/log/with_logger.go:37"}
2025-05-05T16:56:34.459-0400	debug	Assigning new task key	{"host": "127.0.0.1:54944", "shard-id": 3, "address": "127.0.0.1:54944", "wf-namespace-id": "16489026-76fa-49af-8333-d07c4a9341f7", "wf-id": "temporal-sys-worker-deployment-version:test-deployment-series.one_1", "wf-run-id": "cbe07212-2419-486d-b792-030153e62894", "queue-task-type": "WorkflowTaskTimeout", "queue-task-id": 1048816, "timestamp": "2025-05-05T20:56:44.460Z", "cursor-timestamp": "2025-05-05T20:56:35.457Z", "logging-call-at": "/Users/shivamsaraf/Desktop/work/temporal/common/log/with_logger.go:37"}
2025-05-05T16:56:34.462-0400	debug	Frontend method invoked.	{"host": "127.0.0.1:54942", "wf-namespace": "namespace-42f52dc7-121e-4d0f-9fad-c806d0420c24", "operation": "PollWorkflowTaskQueue", "server-name": "", "cert-thumbprint": "", "logging-call-at": "/Users/shivamsaraf/Desktop/work/temporal/common/log/with_logger.go:37"}
Version doing continue-as-new with drainage info Unspecified
2025-05-05T16:56:34.462-0400	debug	Received PollWorkflowTaskQueue	{"host": "127.0.0.1:54942", "service": "frontend", "logging-call-at": "/Users/shivamsaraf/Desktop/work/temporal/common/log/with_logger.go:37"}
2025-05-05T16:56:34.462-0400	debug	Poll workflow task queue.	{"host": "127.0.0.1:54942", "service": "frontend", "wf-namespace": "namespace-42f52dc7-121e-4d0f-9fad-c806d0420c24", "wf-namespace-id": "16489026-76fa-49af-8333-d07c4a9341f7", "logging-call-at": "/Users/shivamsaraf/Desktop/work/temporal/common/log/with_logger.go:37"}
2025-05-05T16:56:34.463-0400	debug	Frontend method invoked.	{"host": "127.0.0.1:54942", "wf-namespace": "namespace-42f52dc7-121e-4d0f-9fad-c806d0420c24", "operation": "RespondWorkflowTaskCompleted", "server-name": "", "cert-thumbprint": "", "logging-call-at": "/Users/shivamsaraf/Desktop/work/temporal/common/log/with_logger.go:37"}
2025-05-05T16:56:34.463-0400	debug	RespondWorkflowTaskCompleted	{"host": "127.0.0.1:54944", "service": "history", "wf-namespace-id": "16489026-76fa-49af-8333-d07c4a9341f7", "wf-id": "temporal-sys-worker-deployment-version:test-deployment-series.one_1", "wf-run-id": "cbe07212-2419-486d-b792-030153e62894", "wf-scheduled-event-id": 2, "logging-call-at": "/Users/shivamsaraf/Desktop/work/temporal/common/log/with_logger.go:37"}
2025-05-05T16:56:34.463-0400	debug	Workflow task updated	{"host": "127.0.0.1:54944", "shard-id": 3, "address": "127.0.0.1:54944", "wf-namespace-id": "16489026-76fa-49af-8333-d07c4a9341f7", "wf-id": "temporal-sys-worker-deployment-version:test-deployment-series.one_1", "wf-run-id": "cbe07212-2419-486d-b792-030153e62894", "wf-scheduled-event-id": 0, "wf-started-event-id": 0, "workflow-task-request-id": "emptyUuid", "workflow-task-timeout": 0, "attempt": 1, "wf-started-timestamp": "1970-01-01T00:00:00.000Z", "wt-type": "Unspecified", "logging-call-at": "/Users/shivamsaraf/Desktop/work/temporal/common/log/with_logger.go:37"}
2025-05-05T16:56:34.464-0400	debug	Assigning new task key	{"host": "127.0.0.1:54944", "shard-id": 3, "address": "127.0.0.1:54944", "wf-namespace-id": "16489026-76fa-49af-8333-d07c4a9341f7", "wf-id": "temporal-sys-worker-deployment-version:test-deployment-series.one_1", "wf-run-id": "cbe07212-2419-486d-b792-030153e62894", "queue-task-type": "VisibilityCloseExecution", "queue-task-id": 1048823, "timestamp": "2025-05-05T20:56:34.464Z", "cursor-timestamp": "2025-05-05T20:56:35.457Z", "logging-call-at": "/Users/shivamsaraf/Desktop/work/temporal/common/log/with_logger.go:37"}
2025-05-05T16:56:34.464-0400	debug	Assigning new task key	{"host": "127.0.0.1:54944", "shard-id": 3, "address": "127.0.0.1:54944", "wf-namespace-id": "16489026-76fa-49af-8333-d07c4a9341f7", "wf-id": "temporal-sys-worker-deployment-version:test-deployment-series.one_1", "wf-run-id": "cbe07212-2419-486d-b792-030153e62894", "queue-task-type": "DeleteHistoryEvent", "queue-task-id": 1048824, "timestamp": "2025-05-06T20:56:34.816Z", "cursor-timestamp": "2025-05-05T20:56:35.457Z", "logging-call-at": "/Users/shivamsaraf/Desktop/work/temporal/common/log/with_logger.go:37"}
2025-05-05T16:56:34.465-0400	debug	Assigning new task key	{"host": "127.0.0.1:54944", "shard-id": 3, "address": "127.0.0.1:54944", "wf-namespace-id": "16489026-76fa-49af-8333-d07c4a9341f7", "wf-id": "temporal-sys-worker-deployment-version:test-deployment-series.one_1", "wf-run-id": "cbe07212-2419-486d-b792-030153e62894", "queue-task-type": "TransferCloseExecution", "queue-task-id": 1048825, "timestamp": "2025-05-05T20:56:34.464Z", "cursor-timestamp": "2025-05-05T20:56:35.457Z", "logging-call-at": "/Users/shivamsaraf/Desktop/work/temporal/common/log/with_logger.go:37"}
2025-05-05T16:56:34.465-0400	debug	Assigning new task key	{"host": "127.0.0.1:54944", "shard-id": 3, "address": "127.0.0.1:54944", "wf-namespace-id": "16489026-76fa-49af-8333-d07c4a9341f7", "wf-id": "temporal-sys-worker-deployment-version:test-deployment-series.one_1", "wf-run-id": "b39f0e58-bf94-478c-ab33-6b9c5e735b57", "queue-task-type": "VisibilityStartExecution", "queue-task-id": 1048826, "timestamp": "2025-05-05T20:56:34.464Z", "cursor-timestamp": "2025-05-05T20:56:35.457Z", "logging-call-at": "/Users/shivamsaraf/Desktop/work/temporal/common/log/with_logger.go:37"}
2025-05-05T16:56:34.465-0400	debug	New timer generated is less than min scheduled time	{"host": "127.0.0.1:54944", "shard-id": 3, "address": "127.0.0.1:54944", "wf-namespace-id": "16489026-76fa-49af-8333-d07c4a9341f7", "wf-id": "temporal-sys-worker-deployment-version:test-deployment-series.one_1", "wf-run-id": "b39f0e58-bf94-478c-ab33-6b9c5e735b57", "queue-task-type": "WorkflowBackoffTimer", "queue-task-id": 1048827, "timestamp": "2025-05-05T20:56:35.453Z", "cursor-timestamp": "2025-05-05T20:56:35.457Z", "shard-update": "ShardAllocateTimerBeforeRead", "logging-call-at": "/Users/shivamsaraf/Desktop/work/temporal/common/log/with_logger.go:37"}
2025-05-05T16:56:34.465-0400	debug	Assigning new task key	{"host": "127.0.0.1:54944", "shard-id": 3, "address": "127.0.0.1:54944", "wf-namespace-id": "16489026-76fa-49af-8333-d07c4a9341f7", "wf-id": "temporal-sys-worker-deployment-version:test-deployment-series.one_1", "wf-run-id": "b39f0e58-bf94-478c-ab33-6b9c5e735b57", "queue-task-type": "WorkflowBackoffTimer", "queue-task-id": 1048827, "timestamp": "2025-05-05T20:56:35.458Z", "cursor-timestamp": "2025-05-05T20:56:35.457Z", "logging-call-at": "/Users/shivamsaraf/Desktop/work/temporal/common/log/with_logger.go:37"}
2025-05-05T16:56:34.466-0400	debug	Process task as active.	{"host": "127.0.0.1:54944", "shard-id": 3, "address": "127.0.0.1:54944", "component": "transfer-queue-processor", "wf-namespace-id": "16489026-76fa-49af-8333-d07c4a9341f7", "value": "16489026-76fa-49af-8333-d07c4a9341f7/temporal-sys-worker-deployment-version:test-deployment-series.one_1/cbe07212-2419-486d-b792-030153e62894", "logging-call-at": "/Users/shivamsaraf/Desktop/work/temporal/common/log/with_logger.go:37"}
2025-05-05T16:56:34.705-0400	debug	Process task as active.	{"host": "127.0.0.1:54944", "shard-id": 3, "address": "127.0.0.1:54944", "component": "timer-queue-processor", "wf-namespace-id": "16489026-76fa-49af-8333-d07c4a9341f7", "value": "16489026-76fa-49af-8333-d07c4a9341f7/temporal-sys-worker-deployment:test-deployment-series/8a0ba718-0d44-40a6-b5c1-1c89c634e442", "logging-call-at": "/Users/shivamsaraf/Desktop/work/temporal/common/log/with_logger.go:37"}
2025-05-05T16:56:34.705-0400	debug	Workflow task updated	{"host": "127.0.0.1:54944", "shard-id": 3, "address": "127.0.0.1:54944", "wf-namespace-id": "16489026-76fa-49af-8333-d07c4a9341f7", "wf-id": "temporal-sys-worker-deployment:test-deployment-series", "wf-run-id": "8a0ba718-0d44-40a6-b5c1-1c89c634e442", "wf-scheduled-event-id": 2, "wf-started-event-id": 0, "workflow-task-request-id": "emptyUuid", "workflow-task-timeout": 10, "attempt": 1, "wf-started-timestamp": "0001-01-01T00:00:00.000Z", "wt-type": "Normal", "logging-call-at": "/Users/shivamsaraf/Desktop/work/temporal/common/log/with_logger.go:37"}
2025-05-05T16:56:34.705-0400	debug	Assigning new task key	{"host": "127.0.0.1:54944", "shard-id": 3, "address": "127.0.0.1:54944", "wf-namespace-id": "16489026-76fa-49af-8333-d07c4a9341f7", "wf-id": "temporal-sys-worker-deployment:test-deployment-series", "wf-run-id": "8a0ba718-0d44-40a6-b5c1-1c89c634e442", "queue-task-type": "TransferWorkflowTask", "queue-task-id": 1048830, "timestamp": "2025-05-05T20:56:34.705Z", "cursor-timestamp": "2025-05-05T20:56:35.466Z", "logging-call-at": "/Users/shivamsaraf/Desktop/work/temporal/common/log/with_logger.go:37"}
2025-05-05T16:56:34.707-0400	debug	Process task as active.	{"host": "127.0.0.1:54944", "shard-id": 3, "address": "127.0.0.1:54944", "component": "transfer-queue-processor", "wf-namespace-id": "16489026-76fa-49af-8333-d07c4a9341f7", "value": "16489026-76fa-49af-8333-d07c4a9341f7/temporal-sys-worker-deployment:test-deployment-series/8a0ba718-0d44-40a6-b5c1-1c89c634e442", "logging-call-at": "/Users/shivamsaraf/Desktop/work/temporal/common/log/with_logger.go:37"}
2025-05-05T16:56:34.708-0400	debug	Workflow task updated	{"host": "127.0.0.1:54944", "shard-id": 3, "address": "127.0.0.1:54944", "wf-namespace-id": "16489026-76fa-49af-8333-d07c4a9341f7", "wf-id": "temporal-sys-worker-deployment:test-deployment-series", "wf-run-id": "8a0ba718-0d44-40a6-b5c1-1c89c634e442", "wf-scheduled-event-id": 2, "wf-started-event-id": 3, "workflow-task-request-id": "89964214-44b3-44e6-8787-2bd60b807cfd", "workflow-task-timeout": 10, "attempt": 1, "wf-started-timestamp": "2025-05-05T20:56:34.708Z", "wt-type": "Normal", "logging-call-at": "/Users/shivamsaraf/Desktop/work/temporal/common/log/with_logger.go:37"}
2025-05-05T16:56:34.708-0400	debug	Assigning new task key	{"host": "127.0.0.1:54944", "shard-id": 3, "address": "127.0.0.1:54944", "wf-namespace-id": "16489026-76fa-49af-8333-d07c4a9341f7", "wf-id": "temporal-sys-worker-deployment:test-deployment-series", "wf-run-id": "8a0ba718-0d44-40a6-b5c1-1c89c634e442", "queue-task-type": "WorkflowTaskTimeout", "queue-task-id": 1048833, "timestamp": "2025-05-05T20:56:44.709Z", "cursor-timestamp": "2025-05-05T20:56:35.707Z", "logging-call-at": "/Users/shivamsaraf/Desktop/work/temporal/common/log/with_logger.go:37"}
2025-05-05T16:56:34.711-0400	debug	Frontend method invoked.	{"host": "127.0.0.1:54942", "wf-namespace": "namespace-42f52dc7-121e-4d0f-9fad-c806d0420c24", "operation": "PollWorkflowTaskQueue", "server-name": "", "cert-thumbprint": "", "logging-call-at": "/Users/shivamsaraf/Desktop/work/temporal/common/log/with_logger.go:37"}
2025-05-05T16:56:34.711-0400	debug	Worker Deployment Workflow doing continue-as-new	{"host": "127.0.0.1:54945", "Namespace": "namespace-42f52dc7-121e-4d0f-9fad-c806d0420c24", "TaskQueue": "temporal-sys-per-ns-tq", "WorkerID": "temporal-system@Shivams-MacBook-Pro.local@namespace-42f52dc7-121e-4d0f-9fad-c806d0420c24", "WorkflowType": "temporal-sys-worker-deployment-workflow", "WorkflowID": "temporal-sys-worker-deployment:test-deployment-series", "RunID": "8a0ba718-0d44-40a6-b5c1-1c89c634e442", "Attempt": 1, "wf-namespace": "namespace-42f52dc7-121e-4d0f-9fad-c806d0420c24", "logging-call-at": "/Users/shivamsaraf/Desktop/work/temporal/common/log/with_logger.go:37"}
2025-05-05T16:56:34.712-0400	debug	Received PollWorkflowTaskQueue	{"host": "127.0.0.1:54942", "service": "frontend", "logging-call-at": "/Users/shivamsaraf/Desktop/work/temporal/common/log/with_logger.go:37"}
2025-05-05T16:56:34.712-0400	debug	Poll workflow task queue.	{"host": "127.0.0.1:54942", "service": "frontend", "wf-namespace": "namespace-42f52dc7-121e-4d0f-9fad-c806d0420c24", "wf-namespace-id": "16489026-76fa-49af-8333-d07c4a9341f7", "logging-call-at": "/Users/shivamsaraf/Desktop/work/temporal/common/log/with_logger.go:37"}
2025-05-05T16:56:34.712-0400	debug	Frontend method invoked.	{"host": "127.0.0.1:54942", "wf-namespace": "namespace-42f52dc7-121e-4d0f-9fad-c806d0420c24", "operation": "RespondWorkflowTaskCompleted", "server-name": "", "cert-thumbprint": "", "logging-call-at": "/Users/shivamsaraf/Desktop/work/temporal/common/log/with_logger.go:37"}
2025-05-05T16:56:34.713-0400	debug	RespondWorkflowTaskCompleted	{"host": "127.0.0.1:54944", "service": "history", "wf-namespace-id": "16489026-76fa-49af-8333-d07c4a9341f7", "wf-id": "temporal-sys-worker-deployment:test-deployment-series", "wf-run-id": "8a0ba718-0d44-40a6-b5c1-1c89c634e442", "wf-scheduled-event-id": 2, "logging-call-at": "/Users/shivamsaraf/Desktop/work/temporal/common/log/with_logger.go:37"}
2025-05-05T16:56:34.713-0400	debug	Workflow task updated	{"host": "127.0.0.1:54944", "shard-id": 3, "address": "127.0.0.1:54944", "wf-namespace-id": "16489026-76fa-49af-8333-d07c4a9341f7", "wf-id": "temporal-sys-worker-deployment:test-deployment-series", "wf-run-id": "8a0ba718-0d44-40a6-b5c1-1c89c634e442", "wf-scheduled-event-id": 0, "wf-started-event-id": 0, "workflow-task-request-id": "emptyUuid", "workflow-task-timeout": 0, "attempt": 1, "wf-started-timestamp": "1970-01-01T00:00:00.000Z", "wt-type": "Unspecified", "logging-call-at": "/Users/shivamsaraf/Desktop/work/temporal/common/log/with_logger.go:37"}
2025-05-05T16:56:34.713-0400	debug	Assigning new task key	{"host": "127.0.0.1:54944", "shard-id": 3, "address": "127.0.0.1:54944", "wf-namespace-id": "16489026-76fa-49af-8333-d07c4a9341f7", "wf-id": "temporal-sys-worker-deployment:test-deployment-series", "wf-run-id": "8a0ba718-0d44-40a6-b5c1-1c89c634e442", "queue-task-type": "VisibilityCloseExecution", "queue-task-id": 1048840, "timestamp": "2025-05-05T20:56:34.713Z", "cursor-timestamp": "2025-05-05T20:56:35.707Z", "logging-call-at": "/Users/shivamsaraf/Desktop/work/temporal/common/log/with_logger.go:37"}
2025-05-05T16:56:34.713-0400	debug	Assigning new task key	{"host": "127.0.0.1:54944", "shard-id": 3, "address": "127.0.0.1:54944", "wf-namespace-id": "16489026-76fa-49af-8333-d07c4a9341f7", "wf-id": "temporal-sys-worker-deployment:test-deployment-series", "wf-run-id": "8a0ba718-0d44-40a6-b5c1-1c89c634e442", "queue-task-type": "DeleteHistoryEvent", "queue-task-id": 1048841, "timestamp": "2025-05-06T20:56:35.166Z", "cursor-timestamp": "2025-05-05T20:56:35.707Z", "logging-call-at": "/Users/shivamsaraf/Desktop/work/temporal/common/log/with_logger.go:37"}
2025-05-05T16:56:34.713-0400	debug	Assigning new task key	{"host": "127.0.0.1:54944", "shard-id": 3, "address": "127.0.0.1:54944", "wf-namespace-id": "16489026-76fa-49af-8333-d07c4a9341f7", "wf-id": "temporal-sys-worker-deployment:test-deployment-series", "wf-run-id": "8a0ba718-0d44-40a6-b5c1-1c89c634e442", "queue-task-type": "TransferCloseExecution", "queue-task-id": 1048842, "timestamp": "2025-05-05T20:56:34.713Z", "cursor-timestamp": "2025-05-05T20:56:35.707Z", "logging-call-at": "/Users/shivamsaraf/Desktop/work/temporal/common/log/with_logger.go:37"}
2025-05-05T16:56:34.713-0400	debug	Assigning new task key	{"host": "127.0.0.1:54944", "shard-id": 3, "address": "127.0.0.1:54944", "wf-namespace-id": "16489026-76fa-49af-8333-d07c4a9341f7", "wf-id": "temporal-sys-worker-deployment:test-deployment-series", "wf-run-id": "3bc78f25-45a2-443b-b543-003d5e042332", "queue-task-type": "VisibilityStartExecution", "queue-task-id": 1048843, "timestamp": "2025-05-05T20:56:34.713Z", "cursor-timestamp": "2025-05-05T20:56:35.707Z", "logging-call-at": "/Users/shivamsaraf/Desktop/work/temporal/common/log/with_logger.go:37"}
2025-05-05T16:56:34.713-0400	debug	New timer generated is less than min scheduled time	{"host": "127.0.0.1:54944", "shard-id": 3, "address": "127.0.0.1:54944", "wf-namespace-id": "16489026-76fa-49af-8333-d07c4a9341f7", "wf-id": "temporal-sys-worker-deployment:test-deployment-series", "wf-run-id": "3bc78f25-45a2-443b-b543-003d5e042332", "queue-task-type": "WorkflowBackoffTimer", "queue-task-id": 1048844, "timestamp": "2025-05-05T20:56:35.698Z", "cursor-timestamp": "2025-05-05T20:56:35.707Z", "shard-update": "ShardAllocateTimerBeforeRead", "logging-call-at": "/Users/shivamsaraf/Desktop/work/temporal/common/log/with_logger.go:37"}
2025-05-05T16:56:34.713-0400	debug	Assigning new task key	{"host": "127.0.0.1:54944", "shard-id": 3, "address": "127.0.0.1:54944", "wf-namespace-id": "16489026-76fa-49af-8333-d07c4a9341f7", "wf-id": "temporal-sys-worker-deployment:test-deployment-series", "wf-run-id": "3bc78f25-45a2-443b-b543-003d5e042332", "queue-task-type": "WorkflowBackoffTimer", "queue-task-id": 1048844, "timestamp": "2025-05-05T20:56:35.708Z", "cursor-timestamp": "2025-05-05T20:56:35.707Z", "logging-call-at": "/Users/shivamsaraf/Desktop/work/temporal/common/log/with_logger.go:37"}
2025-05-05T16:56:34.714-0400	debug	Process task as active.	{"host": "127.0.0.1:54944", "shard-id": 3, "address": "127.0.0.1:54944", "component": "transfer-queue-processor", "wf-namespace-id": "16489026-76fa-49af-8333-d07c4a9341f7", "value": "16489026-76fa-49af-8333-d07c4a9341f7/temporal-sys-worker-deployment:test-deployment-series/8a0ba718-0d44-40a6-b5c1-1c89c634e442", "logging-call-at": "/Users/shivamsaraf/Desktop/work/temporal/common/log/with_logger.go:37"}
2025-05-05T16:56:34.715-0400	debug	deployment client success	{"host": "127.0.0.1:54942", "operation": "DescribeWorkerDeployment", "elapsed": 1.002062375, "args": ["test-deployment-series"], "logging-call-at": "/Users/shivamsaraf/Desktop/work/temporal/common/log/with_logger.go:37"}
2025-05-05T16:56:34.715-0400	debug	Frontend method invoked.	{"host": "127.0.0.1:54942", "wf-namespace": "namespace-42f52dc7-121e-4d0f-9fad-c806d0420c24", "operation": "DescribeWorkerDeploymentVersion", "server-name": "", "cert-thumbprint": "", "logging-call-at": "/Users/shivamsaraf/Desktop/work/temporal/common/log/with_logger.go:37"}
2025-05-05T16:56:34.717-0400	error	deployment client error	{"host": "127.0.0.1:54942", "error": "Worker Deployment Version not found", "operation": "DescribeVersion", "elapsed": 0.001817667, "args": ["test-deployment-series","two_2"], "logging-call-at": "/Users/shivamsaraf/Desktop/work/temporal/common/log/with_logger.go:52"}
go.temporal.io/server/common/log.(*zapLogger).Error
	/Users/shivamsaraf/Desktop/work/temporal/common/log/zap_logger.go:132
go.temporal.io/server/common/testing/testlogger.(*TestLogger).Error
	/Users/shivamsaraf/Desktop/work/temporal/common/testing/testlogger/testlogger.go:344
go.temporal.io/server/common/log.(*withLogger).Error
	/Users/shivamsaraf/Desktop/work/temporal/common/log/with_logger.go:52
go.temporal.io/server/service/worker/workerdeployment.(*ClientImpl).DescribeVersion.(*ClientImpl).record.func1
	/Users/shivamsaraf/Desktop/work/temporal/service/worker/workerdeployment/client.go:1263
go.temporal.io/server/service/worker/workerdeployment.(*ClientImpl).DescribeVersion
	/Users/shivamsaraf/Desktop/work/temporal/service/worker/workerdeployment/client.go:290
go.temporal.io/server/service/frontend.(*WorkflowHandler).DescribeWorkerDeploymentVersion
	/Users/shivamsaraf/Desktop/work/temporal/service/frontend/workflow_handler.go:3357
go.temporal.io/api/workflowservice/v1._WorkflowService_DescribeWorkerDeploymentVersion_Handler.func1
	/Users/shivamsaraf/go/pkg/mod/go.temporal.io/api@v1.49.0/workflowservice/v1/service_grpc.pb.go:3429
go.temporal.io/server/common/rpc/interceptor.(*RetryableInterceptor).Intercept.func1
	/Users/shivamsaraf/Desktop/work/temporal/common/rpc/interceptor/retry.go:38
go.temporal.io/server/common/backoff.ThrottleRetryContext
	/Users/shivamsaraf/Desktop/work/temporal/common/backoff/retry.go:65
go.temporal.io/server/common/rpc/interceptor.(*RetryableInterceptor).Intercept
	/Users/shivamsaraf/Desktop/work/temporal/common/rpc/interceptor/retry.go:42
google.golang.org/grpc.getChainUnaryHandler.func1
	/Users/shivamsaraf/go/pkg/mod/google.golang.org/grpc@v1.71.0/server.go:1217
go.temporal.io/server/common/rpc/interceptor.(*CallerInfoInterceptor).Intercept
	/Users/shivamsaraf/Desktop/work/temporal/common/rpc/interceptor/caller_info.go:40
google.golang.org/grpc.getChainUnaryHandler.func1
	/Users/shivamsaraf/go/pkg/mod/google.golang.org/grpc@v1.71.0/server.go:1217
go.temporal.io/server/common/rpc/interceptor.(*SDKVersionInterceptor).Intercept
	/Users/shivamsaraf/Desktop/work/temporal/common/rpc/interceptor/sdk_version.go:44
google.golang.org/grpc.getChainUnaryHandler.func1
	/Users/shivamsaraf/go/pkg/mod/google.golang.org/grpc@v1.71.0/server.go:1217
go.temporal.io/server/common/rpc/interceptor.(*RateLimitInterceptor).Intercept
	/Users/shivamsaraf/Desktop/work/temporal/common/rpc/interceptor/rate_limit.go:64
google.golang.org/grpc.getChainUnaryHandler.func1
	/Users/shivamsaraf/go/pkg/mod/google.golang.org/grpc@v1.71.0/server.go:1217
go.temporal.io/server/common/rpc/interceptor.(*NamespaceRateLimitInterceptorImpl).Intercept
	/Users/shivamsaraf/Desktop/work/temporal/common/rpc/interceptor/namespace_rate_limit.go:77
google.golang.org/grpc.getChainUnaryHandler.func1
	/Users/shivamsaraf/go/pkg/mod/google.golang.org/grpc@v1.71.0/server.go:1217
go.temporal.io/server/common/rpc/interceptor.(*ConcurrentRequestLimitInterceptor).Intercept
	/Users/shivamsaraf/Desktop/work/temporal/common/rpc/interceptor/concurrent_request_limit.go:83
google.golang.org/grpc.getChainUnaryHandler.func1
	/Users/shivamsaraf/go/pkg/mod/google.golang.org/grpc@v1.71.0/server.go:1217
go.temporal.io/server/common/rpc/interceptor.(*NamespaceValidatorInterceptor).StateValidationIntercept
	/Users/shivamsaraf/Desktop/work/temporal/common/rpc/interceptor/namespace_validator.go:210
google.golang.org/grpc.getChainUnaryHandler.func1
	/Users/shivamsaraf/go/pkg/mod/google.golang.org/grpc@v1.71.0/server.go:1217
go.temporal.io/server/common/rpc/interceptor.(*HealthInterceptor).Intercept
	/Users/shivamsaraf/Desktop/work/temporal/common/rpc/interceptor/health.go:41
google.golang.org/grpc.getChainUnaryHandler.func1
	/Users/shivamsaraf/go/pkg/mod/google.golang.org/grpc@v1.71.0/server.go:1217
go.temporal.io/server/common/rpc/interceptor.(*TelemetryInterceptor).UnaryIntercept
	/Users/shivamsaraf/Desktop/work/temporal/common/rpc/interceptor/telemetry.go:176
google.golang.org/grpc.getChainUnaryHandler.func1
	/Users/shivamsaraf/go/pkg/mod/google.golang.org/grpc@v1.71.0/server.go:1217
go.temporal.io/server/common/rpc/interceptor.(*Redirection).handleRedirectAPIInvocation.func2
	/Users/shivamsaraf/Desktop/work/temporal/common/rpc/interceptor/redirection.go:247
go.temporal.io/server/common/rpc/interceptor.(*NoopRedirectionPolicy).WithNamespaceRedirect
	/Users/shivamsaraf/Desktop/work/temporal/common/rpc/interceptor/dc_redirection_policy.go:101
go.temporal.io/server/common/rpc/interceptor.(*Redirection).handleRedirectAPIInvocation
	/Users/shivamsaraf/Desktop/work/temporal/common/rpc/interceptor/redirection.go:244
go.temporal.io/server/common/rpc/interceptor.(*Redirection).Intercept
	/Users/shivamsaraf/Desktop/work/temporal/common/rpc/interceptor/redirection.go:204
google.golang.org/grpc.getChainUnaryHandler.func1
	/Users/shivamsaraf/go/pkg/mod/google.golang.org/grpc@v1.71.0/server.go:1217
go.temporal.io/server/common/rpc/interceptor.(*NamespaceHandoverInterceptor).Intercept
	/Users/shivamsaraf/Desktop/work/temporal/common/rpc/interceptor/namespace_handover.go:85
google.golang.org/grpc.getChainUnaryHandler.func1
	/Users/shivamsaraf/go/pkg/mod/google.golang.org/grpc@v1.71.0/server.go:1217
go.temporal.io/server/common/authorization.(*Interceptor).Intercept
	/Users/shivamsaraf/Desktop/work/temporal/common/authorization/interceptor.go:154
google.golang.org/grpc.getChainUnaryHandler.func1
	/Users/shivamsaraf/go/pkg/mod/google.golang.org/grpc@v1.71.0/server.go:1217
go.temporal.io/server/service/frontend.GrpcServerOptionsProvider.NewServerMetricsContextInjectorInterceptor.func2
	/Users/shivamsaraf/Desktop/work/temporal/common/metrics/grpc.go:41
google.golang.org/grpc.getChainUnaryHandler.func1
	/Users/shivamsaraf/go/pkg/mod/google.golang.org/grpc@v1.71.0/server.go:1217
go.temporal.io/server/common/rpc/interceptor.(*NamespaceLogInterceptor).Intercept
	/Users/shivamsaraf/Desktop/work/temporal/common/rpc/interceptor/namespace_logger.go:60
google.golang.org/grpc.getChainUnaryHandler.func1
	/Users/shivamsaraf/go/pkg/mod/google.golang.org/grpc@v1.71.0/server.go:1217
go.temporal.io/server/common/rpc/interceptor.(*NamespaceValidatorInterceptor).NamespaceValidateIntercept
	/Users/shivamsaraf/Desktop/work/temporal/common/rpc/interceptor/namespace_validator.go:121
google.golang.org/grpc.getChainUnaryHandler.func1
	/Users/shivamsaraf/go/pkg/mod/google.golang.org/grpc@v1.71.0/server.go:1217
go.temporal.io/server/service/frontend.GrpcServerOptionsProvider.NewFrontendServiceErrorInterceptor.func1
	/Users/shivamsaraf/Desktop/work/temporal/common/rpc/grpc.go:135
google.golang.org/grpc.getChainUnaryHandler.func1
	/Users/shivamsaraf/go/pkg/mod/google.golang.org/grpc@v1.71.0/server.go:1217
go.temporal.io/server/common/rpc/interceptor.ServiceErrorInterceptor
	/Users/shivamsaraf/Desktop/work/temporal/common/rpc/interceptor/service_error_interceptor.go:19
google.golang.org/grpc.getChainUnaryHandler.func1
	/Users/shivamsaraf/go/pkg/mod/google.golang.org/grpc@v1.71.0/server.go:1217
go.temporal.io/server/common/rpc/interceptor.(*MaskInternalErrorDetailsInterceptor).Intercept
	/Users/shivamsaraf/Desktop/work/temporal/common/rpc/interceptor/mask_internal_error.go:51
google.golang.org/grpc.NewServer.chainUnaryServerInterceptors.chainUnaryInterceptors.func1
	/Users/shivamsaraf/go/pkg/mod/google.golang.org/grpc@v1.71.0/server.go:1208
go.temporal.io/api/workflowservice/v1._WorkflowService_DescribeWorkerDeploymentVersion_Handler
	/Users/shivamsaraf/go/pkg/mod/go.temporal.io/api@v1.49.0/workflowservice/v1/service_grpc.pb.go:3431
google.golang.org/grpc.(*Server).processUnaryRPC
	/Users/shivamsaraf/go/pkg/mod/google.golang.org/grpc@v1.71.0/server.go:1405
google.golang.org/grpc.(*Server).handleStream
	/Users/shivamsaraf/go/pkg/mod/google.golang.org/grpc@v1.71.0/server.go:1815
google.golang.org/grpc.(*Server).serveStreams.func2.1
	/Users/shivamsaraf/go/pkg/mod/google.golang.org/grpc@v1.71.0/server.go:1035
2025-05-05T16:56:34.718-0400	debug	Frontend method invoked.	{"host": "127.0.0.1:54942", "wf-namespace": "namespace-42f52dc7-121e-4d0f-9fad-c806d0420c24", "operation": "DescribeWorkerDeployment", "server-name": "", "cert-thumbprint": "", "logging-call-at": "/Users/shivamsaraf/Desktop/work/temporal/common/log/with_logger.go:37"}
2025-05-05T16:56:35.460-0400	debug	Process task as active.	{"host": "127.0.0.1:54944", "shard-id": 3, "address": "127.0.0.1:54944", "component": "timer-queue-processor", "wf-namespace-id": "16489026-76fa-49af-8333-d07c4a9341f7", "value": "16489026-76fa-49af-8333-d07c4a9341f7/temporal-sys-worker-deployment-version:test-deployment-series.one_1/b39f0e58-bf94-478c-ab33-6b9c5e735b57", "logging-call-at": "/Users/shivamsaraf/Desktop/work/temporal/common/log/with_logger.go:37"}
2025-05-05T16:56:35.460-0400	debug	Workflow task updated	{"host": "127.0.0.1:54944", "shard-id": 3, "address": "127.0.0.1:54944", "wf-namespace-id": "16489026-76fa-49af-8333-d07c4a9341f7", "wf-id": "temporal-sys-worker-deployment-version:test-deployment-series.one_1", "wf-run-id": "b39f0e58-bf94-478c-ab33-6b9c5e735b57", "wf-scheduled-event-id": 2, "wf-started-event-id": 0, "workflow-task-request-id": "emptyUuid", "workflow-task-timeout": 10, "attempt": 1, "wf-started-timestamp": "0001-01-01T00:00:00.000Z", "wt-type": "Normal", "logging-call-at": "/Users/shivamsaraf/Desktop/work/temporal/common/log/with_logger.go:37"}
2025-05-05T16:56:35.460-0400	debug	Assigning new task key	{"host": "127.0.0.1:54944", "shard-id": 3, "address": "127.0.0.1:54944", "wf-namespace-id": "16489026-76fa-49af-8333-d07c4a9341f7", "wf-id": "temporal-sys-worker-deployment-version:test-deployment-series.one_1", "wf-run-id": "b39f0e58-bf94-478c-ab33-6b9c5e735b57", "queue-task-type": "TransferWorkflowTask", "queue-task-id": 1048847, "timestamp": "2025-05-05T20:56:35.460Z", "cursor-timestamp": "2025-05-05T20:56:35.714Z", "logging-call-at": "/Users/shivamsaraf/Desktop/work/temporal/common/log/with_logger.go:37"}
2025-05-05T16:56:35.462-0400	debug	Process task as active.	{"host": "127.0.0.1:54944", "shard-id": 3, "address": "127.0.0.1:54944", "component": "transfer-queue-processor", "wf-namespace-id": "16489026-76fa-49af-8333-d07c4a9341f7", "value": "16489026-76fa-49af-8333-d07c4a9341f7/temporal-sys-worker-deployment-version:test-deployment-series.one_1/b39f0e58-bf94-478c-ab33-6b9c5e735b57", "logging-call-at": "/Users/shivamsaraf/Desktop/work/temporal/common/log/with_logger.go:37"}
2025-05-05T16:56:35.464-0400	debug	Workflow task updated	{"host": "127.0.0.1:54944", "shard-id": 3, "address": "127.0.0.1:54944", "wf-namespace-id": "16489026-76fa-49af-8333-d07c4a9341f7", "wf-id": "temporal-sys-worker-deployment-version:test-deployment-series.one_1", "wf-run-id": "b39f0e58-bf94-478c-ab33-6b9c5e735b57", "wf-scheduled-event-id": 2, "wf-started-event-id": 3, "workflow-task-request-id": "b32a6e78-5759-485a-8daa-c32848e5e669", "workflow-task-timeout": 10, "attempt": 1, "wf-started-timestamp": "2025-05-05T20:56:35.464Z", "wt-type": "Normal", "logging-call-at": "/Users/shivamsaraf/Desktop/work/temporal/common/log/with_logger.go:37"}
2025-05-05T16:56:35.464-0400	debug	Assigning new task key	{"host": "127.0.0.1:54944", "shard-id": 3, "address": "127.0.0.1:54944", "wf-namespace-id": "16489026-76fa-49af-8333-d07c4a9341f7", "wf-id": "temporal-sys-worker-deployment-version:test-deployment-series.one_1", "wf-run-id": "b39f0e58-bf94-478c-ab33-6b9c5e735b57", "queue-task-type": "WorkflowTaskTimeout", "queue-task-id": 1048850, "timestamp": "2025-05-05T20:56:45.465Z", "cursor-timestamp": "2025-05-05T20:56:36.462Z", "logging-call-at": "/Users/shivamsaraf/Desktop/work/temporal/common/log/with_logger.go:37"}
Version doing continue-as-new with drainage info Unspecified
2025-05-05T16:56:35.467-0400	debug	Frontend method invoked.	{"host": "127.0.0.1:54942", "wf-namespace": "namespace-42f52dc7-121e-4d0f-9fad-c806d0420c24", "operation": "PollWorkflowTaskQueue", "server-name": "", "cert-thumbprint": "", "logging-call-at": "/Users/shivamsaraf/Desktop/work/temporal/common/log/with_logger.go:37"}
2025-05-05T16:56:35.467-0400	debug	Received PollWorkflowTaskQueue	{"host": "127.0.0.1:54942", "service": "frontend", "logging-call-at": "/Users/shivamsaraf/Desktop/work/temporal/common/log/with_logger.go:37"}
2025-05-05T16:56:35.467-0400	debug	Poll workflow task queue.	{"host": "127.0.0.1:54942", "service": "frontend", "wf-namespace": "namespace-42f52dc7-121e-4d0f-9fad-c806d0420c24", "wf-namespace-id": "16489026-76fa-49af-8333-d07c4a9341f7", "logging-call-at": "/Users/shivamsaraf/Desktop/work/temporal/common/log/with_logger.go:37"}
2025-05-05T16:56:35.467-0400	debug	Frontend method invoked.	{"host": "127.0.0.1:54942", "wf-namespace": "namespace-42f52dc7-121e-4d0f-9fad-c806d0420c24", "operation": "RespondWorkflowTaskCompleted", "server-name": "", "cert-thumbprint": "", "logging-call-at": "/Users/shivamsaraf/Desktop/work/temporal/common/log/with_logger.go:37"}
2025-05-05T16:56:35.468-0400	debug	RespondWorkflowTaskCompleted	{"host": "127.0.0.1:54944", "service": "history", "wf-namespace-id": "16489026-76fa-49af-8333-d07c4a9341f7", "wf-id": "temporal-sys-worker-deployment-version:test-deployment-series.one_1", "wf-run-id": "b39f0e58-bf94-478c-ab33-6b9c5e735b57", "wf-scheduled-event-id": 2, "logging-call-at": "/Users/shivamsaraf/Desktop/work/temporal/common/log/with_logger.go:37"}
2025-05-05T16:56:35.468-0400	debug	Workflow task updated	{"host": "127.0.0.1:54944", "shard-id": 3, "address": "127.0.0.1:54944", "wf-namespace-id": "16489026-76fa-49af-8333-d07c4a9341f7", "wf-id": "temporal-sys-worker-deployment-version:test-deployment-series.one_1", "wf-run-id": "b39f0e58-bf94-478c-ab33-6b9c5e735b57", "wf-scheduled-event-id": 0, "wf-started-event-id": 0, "workflow-task-request-id": "emptyUuid", "workflow-task-timeout": 0, "attempt": 1, "wf-started-timestamp": "1970-01-01T00:00:00.000Z", "wt-type": "Unspecified", "logging-call-at": "/Users/shivamsaraf/Desktop/work/temporal/common/log/with_logger.go:37"}
2025-05-05T16:56:35.469-0400	debug	Assigning new task key	{"host": "127.0.0.1:54944", "shard-id": 3, "address": "127.0.0.1:54944", "wf-namespace-id": "16489026-76fa-49af-8333-d07c4a9341f7", "wf-id": "temporal-sys-worker-deployment-version:test-deployment-series.one_1", "wf-run-id": "b39f0e58-bf94-478c-ab33-6b9c5e735b57", "queue-task-type": "DeleteHistoryEvent", "queue-task-id": 1048857, "timestamp": "2025-05-06T20:56:35.836Z", "cursor-timestamp": "2025-05-05T20:56:36.462Z", "logging-call-at": "/Users/shivamsaraf/Desktop/work/temporal/common/log/with_logger.go:37"}
2025-05-05T16:56:35.469-0400	debug	Assigning new task key	{"host": "127.0.0.1:54944", "shard-id": 3, "address": "127.0.0.1:54944", "wf-namespace-id": "16489026-76fa-49af-8333-d07c4a9341f7", "wf-id": "temporal-sys-worker-deployment-version:test-deployment-series.one_1", "wf-run-id": "b39f0e58-bf94-478c-ab33-6b9c5e735b57", "queue-task-type": "TransferCloseExecution", "queue-task-id": 1048858, "timestamp": "2025-05-05T20:56:35.469Z", "cursor-timestamp": "2025-05-05T20:56:36.462Z", "logging-call-at": "/Users/shivamsaraf/Desktop/work/temporal/common/log/with_logger.go:37"}
2025-05-05T16:56:35.469-0400	debug	Assigning new task key	{"host": "127.0.0.1:54944", "shard-id": 3, "address": "127.0.0.1:54944", "wf-namespace-id": "16489026-76fa-49af-8333-d07c4a9341f7", "wf-id": "temporal-sys-worker-deployment-version:test-deployment-series.one_1", "wf-run-id": "b39f0e58-bf94-478c-ab33-6b9c5e735b57", "queue-task-type": "VisibilityCloseExecution", "queue-task-id": 1048859, "timestamp": "2025-05-05T20:56:35.469Z", "cursor-timestamp": "2025-05-05T20:56:36.462Z", "logging-call-at": "/Users/shivamsaraf/Desktop/work/temporal/common/log/with_logger.go:37"}
2025-05-05T16:56:35.469-0400	debug	Assigning new task key	{"host": "127.0.0.1:54944", "shard-id": 3, "address": "127.0.0.1:54944", "wf-namespace-id": "16489026-76fa-49af-8333-d07c4a9341f7", "wf-id": "temporal-sys-worker-deployment-version:test-deployment-series.one_1", "wf-run-id": "44060140-f7e7-4743-a20b-d29b79cdea26", "queue-task-type": "VisibilityStartExecution", "queue-task-id": 1048860, "timestamp": "2025-05-05T20:56:35.469Z", "cursor-timestamp": "2025-05-05T20:56:36.462Z", "logging-call-at": "/Users/shivamsaraf/Desktop/work/temporal/common/log/with_logger.go:37"}
2025-05-05T16:56:35.469-0400	debug	New timer generated is less than min scheduled time	{"host": "127.0.0.1:54944", "shard-id": 3, "address": "127.0.0.1:54944", "wf-namespace-id": "16489026-76fa-49af-8333-d07c4a9341f7", "wf-id": "temporal-sys-worker-deployment-version:test-deployment-series.one_1", "wf-run-id": "44060140-f7e7-4743-a20b-d29b79cdea26", "queue-task-type": "WorkflowBackoffTimer", "queue-task-id": 1048861, "timestamp": "2025-05-05T20:56:36.453Z", "cursor-timestamp": "2025-05-05T20:56:36.462Z", "shard-update": "ShardAllocateTimerBeforeRead", "logging-call-at": "/Users/shivamsaraf/Desktop/work/temporal/common/log/with_logger.go:37"}
2025-05-05T16:56:35.469-0400	debug	Assigning new task key	{"host": "127.0.0.1:54944", "shard-id": 3, "address": "127.0.0.1:54944", "wf-namespace-id": "16489026-76fa-49af-8333-d07c4a9341f7", "wf-id": "temporal-sys-worker-deployment-version:test-deployment-series.one_1", "wf-run-id": "44060140-f7e7-4743-a20b-d29b79cdea26", "queue-task-type": "WorkflowBackoffTimer", "queue-task-id": 1048861, "timestamp": "2025-05-05T20:56:36.463Z", "cursor-timestamp": "2025-05-05T20:56:36.462Z", "logging-call-at": "/Users/shivamsaraf/Desktop/work/temporal/common/log/with_logger.go:37"}
2025-05-05T16:56:35.470-0400	debug	Process task as active.	{"host": "127.0.0.1:54944", "shard-id": 3, "address": "127.0.0.1:54944", "component": "transfer-queue-processor", "wf-namespace-id": "16489026-76fa-49af-8333-d07c4a9341f7", "value": "16489026-76fa-49af-8333-d07c4a9341f7/temporal-sys-worker-deployment-version:test-deployment-series.one_1/b39f0e58-bf94-478c-ab33-6b9c5e735b57", "logging-call-at": "/Users/shivamsaraf/Desktop/work/temporal/common/log/with_logger.go:37"}
2025-05-05T16:56:35.710-0400	debug	Process task as active.	{"host": "127.0.0.1:54944", "shard-id": 3, "address": "127.0.0.1:54944", "component": "timer-queue-processor", "wf-namespace-id": "16489026-76fa-49af-8333-d07c4a9341f7", "value": "16489026-76fa-49af-8333-d07c4a9341f7/temporal-sys-worker-deployment:test-deployment-series/3bc78f25-45a2-443b-b543-003d5e042332", "logging-call-at": "/Users/shivamsaraf/Desktop/work/temporal/common/log/with_logger.go:37"}
2025-05-05T16:56:35.710-0400	debug	Workflow task updated	{"host": "127.0.0.1:54944", "shard-id": 3, "address": "127.0.0.1:54944", "wf-namespace-id": "16489026-76fa-49af-8333-d07c4a9341f7", "wf-id": "temporal-sys-worker-deployment:test-deployment-series", "wf-run-id": "3bc78f25-45a2-443b-b543-003d5e042332", "wf-scheduled-event-id": 2, "wf-started-event-id": 0, "workflow-task-request-id": "emptyUuid", "workflow-task-timeout": 10, "attempt": 1, "wf-started-timestamp": "0001-01-01T00:00:00.000Z", "wt-type": "Normal", "logging-call-at": "/Users/shivamsaraf/Desktop/work/temporal/common/log/with_logger.go:37"}
2025-05-05T16:56:35.710-0400	debug	Assigning new task key	{"host": "127.0.0.1:54944", "shard-id": 3, "address": "127.0.0.1:54944", "wf-namespace-id": "16489026-76fa-49af-8333-d07c4a9341f7", "wf-id": "temporal-sys-worker-deployment:test-deployment-series", "wf-run-id": "3bc78f25-45a2-443b-b543-003d5e042332", "queue-task-type": "TransferWorkflowTask", "queue-task-id": 1048864, "timestamp": "2025-05-05T20:56:35.710Z", "cursor-timestamp": "2025-05-05T20:56:36.470Z", "logging-call-at": "/Users/shivamsaraf/Desktop/work/temporal/common/log/with_logger.go:37"}
2025-05-05T16:56:35.712-0400	debug	Process task as active.	{"host": "127.0.0.1:54944", "shard-id": 3, "address": "127.0.0.1:54944", "component": "transfer-queue-processor", "wf-namespace-id": "16489026-76fa-49af-8333-d07c4a9341f7", "value": "16489026-76fa-49af-8333-d07c4a9341f7/temporal-sys-worker-deployment:test-deployment-series/3bc78f25-45a2-443b-b543-003d5e042332", "logging-call-at": "/Users/shivamsaraf/Desktop/work/temporal/common/log/with_logger.go:37"}
2025-05-05T16:56:35.713-0400	debug	Workflow task updated	{"host": "127.0.0.1:54944", "shard-id": 3, "address": "127.0.0.1:54944", "wf-namespace-id": "16489026-76fa-49af-8333-d07c4a9341f7", "wf-id": "temporal-sys-worker-deployment:test-deployment-series", "wf-run-id": "3bc78f25-45a2-443b-b543-003d5e042332", "wf-scheduled-event-id": 2, "wf-started-event-id": 3, "workflow-task-request-id": "5ad6d9f4-0332-4332-8c3f-d2be43f414a2", "workflow-task-timeout": 10, "attempt": 1, "wf-started-timestamp": "2025-05-05T20:56:35.713Z", "wt-type": "Normal", "logging-call-at": "/Users/shivamsaraf/Desktop/work/temporal/common/log/with_logger.go:37"}
2025-05-05T16:56:35.713-0400	debug	Assigning new task key	{"host": "127.0.0.1:54944", "shard-id": 3, "address": "127.0.0.1:54944", "wf-namespace-id": "16489026-76fa-49af-8333-d07c4a9341f7", "wf-id": "temporal-sys-worker-deployment:test-deployment-series", "wf-run-id": "3bc78f25-45a2-443b-b543-003d5e042332", "queue-task-type": "WorkflowTaskTimeout", "queue-task-id": 1048867, "timestamp": "2025-05-05T20:56:45.714Z", "cursor-timestamp": "2025-05-05T20:56:36.712Z", "logging-call-at": "/Users/shivamsaraf/Desktop/work/temporal/common/log/with_logger.go:37"}
2025-05-05T16:56:35.716-0400	debug	Worker Deployment Workflow doing continue-as-new	{"host": "127.0.0.1:54945", "Namespace": "namespace-42f52dc7-121e-4d0f-9fad-c806d0420c24", "TaskQueue": "temporal-sys-per-ns-tq", "WorkerID": "temporal-system@Shivams-MacBook-Pro.local@namespace-42f52dc7-121e-4d0f-9fad-c806d0420c24", "WorkflowType": "temporal-sys-worker-deployment-workflow", "WorkflowID": "temporal-sys-worker-deployment:test-deployment-series", "RunID": "3bc78f25-45a2-443b-b543-003d5e042332", "Attempt": 1, "wf-namespace": "namespace-42f52dc7-121e-4d0f-9fad-c806d0420c24", "logging-call-at": "/Users/shivamsaraf/Desktop/work/temporal/common/log/with_logger.go:37"}
2025-05-05T16:56:35.716-0400	debug	Frontend method invoked.	{"host": "127.0.0.1:54942", "wf-namespace": "namespace-42f52dc7-121e-4d0f-9fad-c806d0420c24", "operation": "PollWorkflowTaskQueue", "server-name": "", "cert-thumbprint": "", "logging-call-at": "/Users/shivamsaraf/Desktop/work/temporal/common/log/with_logger.go:37"}
2025-05-05T16:56:35.716-0400	debug	Received PollWorkflowTaskQueue	{"host": "127.0.0.1:54942", "service": "frontend", "logging-call-at": "/Users/shivamsaraf/Desktop/work/temporal/common/log/with_logger.go:37"}
2025-05-05T16:56:35.716-0400	debug	Poll workflow task queue.	{"host": "127.0.0.1:54942", "service": "frontend", "wf-namespace": "namespace-42f52dc7-121e-4d0f-9fad-c806d0420c24", "wf-namespace-id": "16489026-76fa-49af-8333-d07c4a9341f7", "logging-call-at": "/Users/shivamsaraf/Desktop/work/temporal/common/log/with_logger.go:37"}
2025-05-05T16:56:35.717-0400	debug	Frontend method invoked.	{"host": "127.0.0.1:54942", "wf-namespace": "namespace-42f52dc7-121e-4d0f-9fad-c806d0420c24", "operation": "RespondWorkflowTaskCompleted", "server-name": "", "cert-thumbprint": "", "logging-call-at": "/Users/shivamsaraf/Desktop/work/temporal/common/log/with_logger.go:37"}
2025-05-05T16:56:35.717-0400	debug	RespondWorkflowTaskCompleted	{"host": "127.0.0.1:54944", "service": "history", "wf-namespace-id": "16489026-76fa-49af-8333-d07c4a9341f7", "wf-id": "temporal-sys-worker-deployment:test-deployment-series", "wf-run-id": "3bc78f25-45a2-443b-b543-003d5e042332", "wf-scheduled-event-id": 2, "logging-call-at": "/Users/shivamsaraf/Desktop/work/temporal/common/log/with_logger.go:37"}
2025-05-05T16:56:35.717-0400	debug	Workflow task updated	{"host": "127.0.0.1:54944", "shard-id": 3, "address": "127.0.0.1:54944", "wf-namespace-id": "16489026-76fa-49af-8333-d07c4a9341f7", "wf-id": "temporal-sys-worker-deployment:test-deployment-series", "wf-run-id": "3bc78f25-45a2-443b-b543-003d5e042332", "wf-scheduled-event-id": 0, "wf-started-event-id": 0, "workflow-task-request-id": "emptyUuid", "workflow-task-timeout": 0, "attempt": 1, "wf-started-timestamp": "1970-01-01T00:00:00.000Z", "wt-type": "Unspecified", "logging-call-at": "/Users/shivamsaraf/Desktop/work/temporal/common/log/with_logger.go:37"}
2025-05-05T16:56:35.718-0400	debug	Assigning new task key	{"host": "127.0.0.1:54944", "shard-id": 3, "address": "127.0.0.1:54944", "wf-namespace-id": "16489026-76fa-49af-8333-d07c4a9341f7", "wf-id": "temporal-sys-worker-deployment:test-deployment-series", "wf-run-id": "3bc78f25-45a2-443b-b543-003d5e042332", "queue-task-type": "VisibilityCloseExecution", "queue-task-id": 1048874, "timestamp": "2025-05-05T20:56:35.718Z", "cursor-timestamp": "2025-05-05T20:56:36.712Z", "logging-call-at": "/Users/shivamsaraf/Desktop/work/temporal/common/log/with_logger.go:37"}
2025-05-05T16:56:35.718-0400	debug	Assigning new task key	{"host": "127.0.0.1:54944", "shard-id": 3, "address": "127.0.0.1:54944", "wf-namespace-id": "16489026-76fa-49af-8333-d07c4a9341f7", "wf-id": "temporal-sys-worker-deployment:test-deployment-series", "wf-run-id": "3bc78f25-45a2-443b-b543-003d5e042332", "queue-task-type": "DeleteHistoryEvent", "queue-task-id": 1048875, "timestamp": "2025-05-06T20:56:35.917Z", "cursor-timestamp": "2025-05-05T20:56:36.712Z", "logging-call-at": "/Users/shivamsaraf/Desktop/work/temporal/common/log/with_logger.go:37"}
2025-05-05T16:56:35.718-0400	debug	Assigning new task key	{"host": "127.0.0.1:54944", "shard-id": 3, "address": "127.0.0.1:54944", "wf-namespace-id": "16489026-76fa-49af-8333-d07c4a9341f7", "wf-id": "temporal-sys-worker-deployment:test-deployment-series", "wf-run-id": "3bc78f25-45a2-443b-b543-003d5e042332", "queue-task-type": "TransferCloseExecution", "queue-task-id": 1048876, "timestamp": "2025-05-05T20:56:35.718Z", "cursor-timestamp": "2025-05-05T20:56:36.712Z", "logging-call-at": "/Users/shivamsaraf/Desktop/work/temporal/common/log/with_logger.go:37"}
2025-05-05T16:56:35.718-0400	debug	Assigning new task key	{"host": "127.0.0.1:54944", "shard-id": 3, "address": "127.0.0.1:54944", "wf-namespace-id": "16489026-76fa-49af-8333-d07c4a9341f7", "wf-id": "temporal-sys-worker-deployment:test-deployment-series", "wf-run-id": "ae32d858-30c6-4721-9d64-d46c722db0eb", "queue-task-type": "VisibilityStartExecution", "queue-task-id": 1048877, "timestamp": "2025-05-05T20:56:35.718Z", "cursor-timestamp": "2025-05-05T20:56:36.712Z", "logging-call-at": "/Users/shivamsaraf/Desktop/work/temporal/common/log/with_logger.go:37"}
2025-05-05T16:56:35.718-0400	debug	New timer generated is less than min scheduled time	{"host": "127.0.0.1:54944", "shard-id": 3, "address": "127.0.0.1:54944", "wf-namespace-id": "16489026-76fa-49af-8333-d07c4a9341f7", "wf-id": "temporal-sys-worker-deployment:test-deployment-series", "wf-run-id": "ae32d858-30c6-4721-9d64-d46c722db0eb", "queue-task-type": "WorkflowBackoffTimer", "queue-task-id": 1048878, "timestamp": "2025-05-05T20:56:36.698Z", "cursor-timestamp": "2025-05-05T20:56:36.712Z", "shard-update": "ShardAllocateTimerBeforeRead", "logging-call-at": "/Users/shivamsaraf/Desktop/work/temporal/common/log/with_logger.go:37"}
2025-05-05T16:56:35.718-0400	debug	Assigning new task key	{"host": "127.0.0.1:54944", "shard-id": 3, "address": "127.0.0.1:54944", "wf-namespace-id": "16489026-76fa-49af-8333-d07c4a9341f7", "wf-id": "temporal-sys-worker-deployment:test-deployment-series", "wf-run-id": "ae32d858-30c6-4721-9d64-d46c722db0eb", "queue-task-type": "WorkflowBackoffTimer", "queue-task-id": 1048878, "timestamp": "2025-05-05T20:56:36.713Z", "cursor-timestamp": "2025-05-05T20:56:36.712Z", "logging-call-at": "/Users/shivamsaraf/Desktop/work/temporal/common/log/with_logger.go:37"}
2025-05-05T16:56:35.719-0400	debug	Process task as active.	{"host": "127.0.0.1:54944", "shard-id": 3, "address": "127.0.0.1:54944", "component": "transfer-queue-processor", "wf-namespace-id": "16489026-76fa-49af-8333-d07c4a9341f7", "value": "16489026-76fa-49af-8333-d07c4a9341f7/temporal-sys-worker-deployment:test-deployment-series/3bc78f25-45a2-443b-b543-003d5e042332", "logging-call-at": "/Users/shivamsaraf/Desktop/work/temporal/common/log/with_logger.go:37"}
2025-05-05T16:56:35.719-0400	debug	deployment client success	{"host": "127.0.0.1:54942", "operation": "DescribeWorkerDeployment", "elapsed": 1.001300958, "args": ["test-deployment-series"], "logging-call-at": "/Users/shivamsaraf/Desktop/work/temporal/common/log/with_logger.go:37"}
2025-05-05T16:56:35.720-0400	debug	Frontend method invoked.	{"host": "127.0.0.1:54942", "wf-namespace": "namespace-42f52dc7-121e-4d0f-9fad-c806d0420c24", "operation": "DescribeWorkerDeploymentVersion", "server-name": "", "cert-thumbprint": "", "logging-call-at": "/Users/shivamsaraf/Desktop/work/temporal/common/log/with_logger.go:37"}
2025-05-05T16:56:35.722-0400	error	deployment client error	{"host": "127.0.0.1:54942", "error": "Worker Deployment Version not found", "operation": "DescribeVersion", "elapsed": 0.00202225, "args": ["test-deployment-series","two_2"], "logging-call-at": "/Users/shivamsaraf/Desktop/work/temporal/common/log/with_logger.go:52"}
go.temporal.io/server/common/log.(*zapLogger).Error
	/Users/shivamsaraf/Desktop/work/temporal/common/log/zap_logger.go:132
go.temporal.io/server/common/testing/testlogger.(*TestLogger).Error
	/Users/shivamsaraf/Desktop/work/temporal/common/testing/testlogger/testlogger.go:344
go.temporal.io/server/common/log.(*withLogger).Error
	/Users/shivamsaraf/Desktop/work/temporal/common/log/with_logger.go:52
go.temporal.io/server/service/worker/workerdeployment.(*ClientImpl).DescribeVersion.(*ClientImpl).record.func1
	/Users/shivamsaraf/Desktop/work/temporal/service/worker/workerdeployment/client.go:1263
go.temporal.io/server/service/worker/workerdeployment.(*ClientImpl).DescribeVersion
	/Users/shivamsaraf/Desktop/work/temporal/service/worker/workerdeployment/client.go:290
go.temporal.io/server/service/frontend.(*WorkflowHandler).DescribeWorkerDeploymentVersion
	/Users/shivamsaraf/Desktop/work/temporal/service/frontend/workflow_handler.go:3357
go.temporal.io/api/workflowservice/v1._WorkflowService_DescribeWorkerDeploymentVersion_Handler.func1
	/Users/shivamsaraf/go/pkg/mod/go.temporal.io/api@v1.49.0/workflowservice/v1/service_grpc.pb.go:3429
go.temporal.io/server/common/rpc/interceptor.(*RetryableInterceptor).Intercept.func1
	/Users/shivamsaraf/Desktop/work/temporal/common/rpc/interceptor/retry.go:38
go.temporal.io/server/common/backoff.ThrottleRetryContext
	/Users/shivamsaraf/Desktop/work/temporal/common/backoff/retry.go:65
go.temporal.io/server/common/rpc/interceptor.(*RetryableInterceptor).Intercept
	/Users/shivamsaraf/Desktop/work/temporal/common/rpc/interceptor/retry.go:42
google.golang.org/grpc.getChainUnaryHandler.func1
	/Users/shivamsaraf/go/pkg/mod/google.golang.org/grpc@v1.71.0/server.go:1217
go.temporal.io/server/common/rpc/interceptor.(*CallerInfoInterceptor).Intercept
	/Users/shivamsaraf/Desktop/work/temporal/common/rpc/interceptor/caller_info.go:40
google.golang.org/grpc.getChainUnaryHandler.func1
	/Users/shivamsaraf/go/pkg/mod/google.golang.org/grpc@v1.71.0/server.go:1217
go.temporal.io/server/common/rpc/interceptor.(*SDKVersionInterceptor).Intercept
	/Users/shivamsaraf/Desktop/work/temporal/common/rpc/interceptor/sdk_version.go:44
google.golang.org/grpc.getChainUnaryHandler.func1
	/Users/shivamsaraf/go/pkg/mod/google.golang.org/grpc@v1.71.0/server.go:1217
go.temporal.io/server/common/rpc/interceptor.(*RateLimitInterceptor).Intercept
	/Users/shivamsaraf/Desktop/work/temporal/common/rpc/interceptor/rate_limit.go:64
google.golang.org/grpc.getChainUnaryHandler.func1
	/Users/shivamsaraf/go/pkg/mod/google.golang.org/grpc@v1.71.0/server.go:1217
go.temporal.io/server/common/rpc/interceptor.(*NamespaceRateLimitInterceptorImpl).Intercept
	/Users/shivamsaraf/Desktop/work/temporal/common/rpc/interceptor/namespace_rate_limit.go:77
google.golang.org/grpc.getChainUnaryHandler.func1
	/Users/shivamsaraf/go/pkg/mod/google.golang.org/grpc@v1.71.0/server.go:1217
go.temporal.io/server/common/rpc/interceptor.(*ConcurrentRequestLimitInterceptor).Intercept
	/Users/shivamsaraf/Desktop/work/temporal/common/rpc/interceptor/concurrent_request_limit.go:83
google.golang.org/grpc.getChainUnaryHandler.func1
	/Users/shivamsaraf/go/pkg/mod/google.golang.org/grpc@v1.71.0/server.go:1217
go.temporal.io/server/common/rpc/interceptor.(*NamespaceValidatorInterceptor).StateValidationIntercept
	/Users/shivamsaraf/Desktop/work/temporal/common/rpc/interceptor/namespace_validator.go:210
google.golang.org/grpc.getChainUnaryHandler.func1
	/Users/shivamsaraf/go/pkg/mod/google.golang.org/grpc@v1.71.0/server.go:1217
go.temporal.io/server/common/rpc/interceptor.(*HealthInterceptor).Intercept
	/Users/shivamsaraf/Desktop/work/temporal/common/rpc/interceptor/health.go:41
google.golang.org/grpc.getChainUnaryHandler.func1
	/Users/shivamsaraf/go/pkg/mod/google.golang.org/grpc@v1.71.0/server.go:1217
go.temporal.io/server/common/rpc/interceptor.(*TelemetryInterceptor).UnaryIntercept
	/Users/shivamsaraf/Desktop/work/temporal/common/rpc/interceptor/telemetry.go:176
google.golang.org/grpc.getChainUnaryHandler.func1
	/Users/shivamsaraf/go/pkg/mod/google.golang.org/grpc@v1.71.0/server.go:1217
go.temporal.io/server/common/rpc/interceptor.(*Redirection).handleRedirectAPIInvocation.func2
	/Users/shivamsaraf/Desktop/work/temporal/common/rpc/interceptor/redirection.go:247
go.temporal.io/server/common/rpc/interceptor.(*NoopRedirectionPolicy).WithNamespaceRedirect
	/Users/shivamsaraf/Desktop/work/temporal/common/rpc/interceptor/dc_redirection_policy.go:101
go.temporal.io/server/common/rpc/interceptor.(*Redirection).handleRedirectAPIInvocation
	/Users/shivamsaraf/Desktop/work/temporal/common/rpc/interceptor/redirection.go:244
go.temporal.io/server/common/rpc/interceptor.(*Redirection).Intercept
	/Users/shivamsaraf/Desktop/work/temporal/common/rpc/interceptor/redirection.go:204
google.golang.org/grpc.getChainUnaryHandler.func1
	/Users/shivamsaraf/go/pkg/mod/google.golang.org/grpc@v1.71.0/server.go:1217
go.temporal.io/server/common/rpc/interceptor.(*NamespaceHandoverInterceptor).Intercept
	/Users/shivamsaraf/Desktop/work/temporal/common/rpc/interceptor/namespace_handover.go:85
google.golang.org/grpc.getChainUnaryHandler.func1
	/Users/shivamsaraf/go/pkg/mod/google.golang.org/grpc@v1.71.0/server.go:1217
go.temporal.io/server/common/authorization.(*Interceptor).Intercept
	/Users/shivamsaraf/Desktop/work/temporal/common/authorization/interceptor.go:154
google.golang.org/grpc.getChainUnaryHandler.func1
	/Users/shivamsaraf/go/pkg/mod/google.golang.org/grpc@v1.71.0/server.go:1217
go.temporal.io/server/service/frontend.GrpcServerOptionsProvider.NewServerMetricsContextInjectorInterceptor.func2
	/Users/shivamsaraf/Desktop/work/temporal/common/metrics/grpc.go:41
google.golang.org/grpc.getChainUnaryHandler.func1
	/Users/shivamsaraf/go/pkg/mod/google.golang.org/grpc@v1.71.0/server.go:1217
go.temporal.io/server/common/rpc/interceptor.(*NamespaceLogInterceptor).Intercept
	/Users/shivamsaraf/Desktop/work/temporal/common/rpc/interceptor/namespace_logger.go:60
google.golang.org/grpc.getChainUnaryHandler.func1
	/Users/shivamsaraf/go/pkg/mod/google.golang.org/grpc@v1.71.0/server.go:1217
go.temporal.io/server/common/rpc/interceptor.(*NamespaceValidatorInterceptor).NamespaceValidateIntercept
	/Users/shivamsaraf/Desktop/work/temporal/common/rpc/interceptor/namespace_validator.go:121
google.golang.org/grpc.getChainUnaryHandler.func1
	/Users/shivamsaraf/go/pkg/mod/google.golang.org/grpc@v1.71.0/server.go:1217
go.temporal.io/server/service/frontend.GrpcServerOptionsProvider.NewFrontendServiceErrorInterceptor.func1
	/Users/shivamsaraf/Desktop/work/temporal/common/rpc/grpc.go:135
google.golang.org/grpc.getChainUnaryHandler.func1
	/Users/shivamsaraf/go/pkg/mod/google.golang.org/grpc@v1.71.0/server.go:1217
go.temporal.io/server/common/rpc/interceptor.ServiceErrorInterceptor
	/Users/shivamsaraf/Desktop/work/temporal/common/rpc/interceptor/service_error_interceptor.go:19
google.golang.org/grpc.getChainUnaryHandler.func1
	/Users/shivamsaraf/go/pkg/mod/google.golang.org/grpc@v1.71.0/server.go:1217
go.temporal.io/server/common/rpc/interceptor.(*MaskInternalErrorDetailsInterceptor).Intercept
	/Users/shivamsaraf/Desktop/work/temporal/common/rpc/interceptor/mask_internal_error.go:51
google.golang.org/grpc.NewServer.chainUnaryServerInterceptors.chainUnaryInterceptors.func1
	/Users/shivamsaraf/go/pkg/mod/google.golang.org/grpc@v1.71.0/server.go:1208
go.temporal.io/api/workflowservice/v1._WorkflowService_DescribeWorkerDeploymentVersion_Handler
	/Users/shivamsaraf/go/pkg/mod/go.temporal.io/api@v1.49.0/workflowservice/v1/service_grpc.pb.go:3431
google.golang.org/grpc.(*Server).processUnaryRPC
	/Users/shivamsaraf/go/pkg/mod/google.golang.org/grpc@v1.71.0/server.go:1405
google.golang.org/grpc.(*Server).handleStream
	/Users/shivamsaraf/go/pkg/mod/google.golang.org/grpc@v1.71.0/server.go:1815
google.golang.org/grpc.(*Server).serveStreams.func2.1
	/Users/shivamsaraf/go/pkg/mod/google.golang.org/grpc@v1.71.0/server.go:1035
2025-05-05T16:56:35.723-0400	debug	Frontend method invoked.	{"host": "127.0.0.1:54942", "wf-namespace": "namespace-42f52dc7-121e-4d0f-9fad-c806d0420c24", "operation": "DescribeWorkerDeployment", "server-name": "", "cert-thumbprint": "", "logging-call-at": "/Users/shivamsaraf/Desktop/work/temporal/common/log/with_logger.go:37"}
2025-05-05T16:56:36.465-0400	debug	Process task as active.	{"host": "127.0.0.1:54944", "shard-id": 3, "address": "127.0.0.1:54944", "component": "timer-queue-processor", "wf-namespace-id": "16489026-76fa-49af-8333-d07c4a9341f7", "value": "16489026-76fa-49af-8333-d07c4a9341f7/temporal-sys-worker-deployment-version:test-deployment-series.one_1/44060140-f7e7-4743-a20b-d29b79cdea26", "logging-call-at": "/Users/shivamsaraf/Desktop/work/temporal/common/log/with_logger.go:37"}
2025-05-05T16:56:36.465-0400	debug	Workflow task updated	{"host": "127.0.0.1:54944", "shard-id": 3, "address": "127.0.0.1:54944", "wf-namespace-id": "16489026-76fa-49af-8333-d07c4a9341f7", "wf-id": "temporal-sys-worker-deployment-version:test-deployment-series.one_1", "wf-run-id": "44060140-f7e7-4743-a20b-d29b79cdea26", "wf-scheduled-event-id": 2, "wf-started-event-id": 0, "workflow-task-request-id": "emptyUuid", "workflow-task-timeout": 10, "attempt": 1, "wf-started-timestamp": "0001-01-01T00:00:00.000Z", "wt-type": "Normal", "logging-call-at": "/Users/shivamsaraf/Desktop/work/temporal/common/log/with_logger.go:37"}
2025-05-05T16:56:36.465-0400	debug	Assigning new task key	{"host": "127.0.0.1:54944", "shard-id": 3, "address": "127.0.0.1:54944", "wf-namespace-id": "16489026-76fa-49af-8333-d07c4a9341f7", "wf-id": "temporal-sys-worker-deployment-version:test-deployment-series.one_1", "wf-run-id": "44060140-f7e7-4743-a20b-d29b79cdea26", "queue-task-type": "TransferWorkflowTask", "queue-task-id": 1048881, "timestamp": "2025-05-05T20:56:36.465Z", "cursor-timestamp": "2025-05-05T20:56:36.719Z", "logging-call-at": "/Users/shivamsaraf/Desktop/work/temporal/common/log/with_logger.go:37"}
2025-05-05T16:56:36.467-0400	debug	Process task as active.	{"host": "127.0.0.1:54944", "shard-id": 3, "address": "127.0.0.1:54944", "component": "transfer-queue-processor", "wf-namespace-id": "16489026-76fa-49af-8333-d07c4a9341f7", "value": "16489026-76fa-49af-8333-d07c4a9341f7/temporal-sys-worker-deployment-version:test-deployment-series.one_1/44060140-f7e7-4743-a20b-d29b79cdea26", "logging-call-at": "/Users/shivamsaraf/Desktop/work/temporal/common/log/with_logger.go:37"}
2025-05-05T16:56:36.469-0400	debug	Workflow task updated	{"host": "127.0.0.1:54944", "shard-id": 3, "address": "127.0.0.1:54944", "wf-namespace-id": "16489026-76fa-49af-8333-d07c4a9341f7", "wf-id": "temporal-sys-worker-deployment-version:test-deployment-series.one_1", "wf-run-id": "44060140-f7e7-4743-a20b-d29b79cdea26", "wf-scheduled-event-id": 2, "wf-started-event-id": 3, "workflow-task-request-id": "1e39d0af-2ad0-4ac5-a918-9cde1bcf1bb5", "workflow-task-timeout": 10, "attempt": 1, "wf-started-timestamp": "2025-05-05T20:56:36.469Z", "wt-type": "Normal", "logging-call-at": "/Users/shivamsaraf/Desktop/work/temporal/common/log/with_logger.go:37"}
2025-05-05T16:56:36.469-0400	debug	Assigning new task key	{"host": "127.0.0.1:54944", "shard-id": 3, "address": "127.0.0.1:54944", "wf-namespace-id": "16489026-76fa-49af-8333-d07c4a9341f7", "wf-id": "temporal-sys-worker-deployment-version:test-deployment-series.one_1", "wf-run-id": "44060140-f7e7-4743-a20b-d29b79cdea26", "queue-task-type": "WorkflowTaskTimeout", "queue-task-id": 1048884, "timestamp": "2025-05-05T20:56:46.470Z", "cursor-timestamp": "2025-05-05T20:56:37.467Z", "logging-call-at": "/Users/shivamsaraf/Desktop/work/temporal/common/log/with_logger.go:37"}
2025-05-05T16:56:36.472-0400	debug	Frontend method invoked.	{"host": "127.0.0.1:54942", "wf-namespace": "namespace-42f52dc7-121e-4d0f-9fad-c806d0420c24", "operation": "PollWorkflowTaskQueue", "server-name": "", "cert-thumbprint": "", "logging-call-at": "/Users/shivamsaraf/Desktop/work/temporal/common/log/with_logger.go:37"}
Version doing continue-as-new with drainage info Unspecified
2025-05-05T16:56:36.472-0400	debug	Received PollWorkflowTaskQueue	{"host": "127.0.0.1:54942", "service": "frontend", "logging-call-at": "/Users/shivamsaraf/Desktop/work/temporal/common/log/with_logger.go:37"}
2025-05-05T16:56:36.472-0400	debug	Poll workflow task queue.	{"host": "127.0.0.1:54942", "service": "frontend", "wf-namespace": "namespace-42f52dc7-121e-4d0f-9fad-c806d0420c24", "wf-namespace-id": "16489026-76fa-49af-8333-d07c4a9341f7", "logging-call-at": "/Users/shivamsaraf/Desktop/work/temporal/common/log/with_logger.go:37"}
2025-05-05T16:56:36.473-0400	debug	Frontend method invoked.	{"host": "127.0.0.1:54942", "wf-namespace": "namespace-42f52dc7-121e-4d0f-9fad-c806d0420c24", "operation": "RespondWorkflowTaskCompleted", "server-name": "", "cert-thumbprint": "", "logging-call-at": "/Users/shivamsaraf/Desktop/work/temporal/common/log/with_logger.go:37"}
2025-05-05T16:56:36.474-0400	debug	RespondWorkflowTaskCompleted	{"host": "127.0.0.1:54944", "service": "history", "wf-namespace-id": "16489026-76fa-49af-8333-d07c4a9341f7", "wf-id": "temporal-sys-worker-deployment-version:test-deployment-series.one_1", "wf-run-id": "44060140-f7e7-4743-a20b-d29b79cdea26", "wf-scheduled-event-id": 2, "logging-call-at": "/Users/shivamsaraf/Desktop/work/temporal/common/log/with_logger.go:37"}
2025-05-05T16:56:36.475-0400	debug	Workflow task updated	{"host": "127.0.0.1:54944", "shard-id": 3, "address": "127.0.0.1:54944", "wf-namespace-id": "16489026-76fa-49af-8333-d07c4a9341f7", "wf-id": "temporal-sys-worker-deployment-version:test-deployment-series.one_1", "wf-run-id": "44060140-f7e7-4743-a20b-d29b79cdea26", "wf-scheduled-event-id": 0, "wf-started-event-id": 0, "workflow-task-request-id": "emptyUuid", "workflow-task-timeout": 0, "attempt": 1, "wf-started-timestamp": "1970-01-01T00:00:00.000Z", "wt-type": "Unspecified", "logging-call-at": "/Users/shivamsaraf/Desktop/work/temporal/common/log/with_logger.go:37"}
2025-05-05T16:56:36.475-0400	debug	Assigning new task key	{"host": "127.0.0.1:54944", "shard-id": 3, "address": "127.0.0.1:54944", "wf-namespace-id": "16489026-76fa-49af-8333-d07c4a9341f7", "wf-id": "temporal-sys-worker-deployment-version:test-deployment-series.one_1", "wf-run-id": "44060140-f7e7-4743-a20b-d29b79cdea26", "queue-task-type": "VisibilityCloseExecution", "queue-task-id": 1048891, "timestamp": "2025-05-05T20:56:36.475Z", "cursor-timestamp": "2025-05-05T20:56:37.467Z", "logging-call-at": "/Users/shivamsaraf/Desktop/work/temporal/common/log/with_logger.go:37"}
2025-05-05T16:56:36.475-0400	debug	Assigning new task key	{"host": "127.0.0.1:54944", "shard-id": 3, "address": "127.0.0.1:54944", "wf-namespace-id": "16489026-76fa-49af-8333-d07c4a9341f7", "wf-id": "temporal-sys-worker-deployment-version:test-deployment-series.one_1", "wf-run-id": "44060140-f7e7-4743-a20b-d29b79cdea26", "queue-task-type": "DeleteHistoryEvent", "queue-task-id": 1048892, "timestamp": "2025-05-06T20:56:36.515Z", "cursor-timestamp": "2025-05-05T20:56:37.467Z", "logging-call-at": "/Users/shivamsaraf/Desktop/work/temporal/common/log/with_logger.go:37"}
2025-05-05T16:56:36.475-0400	debug	Assigning new task key	{"host": "127.0.0.1:54944", "shard-id": 3, "address": "127.0.0.1:54944", "wf-namespace-id": "16489026-76fa-49af-8333-d07c4a9341f7", "wf-id": "temporal-sys-worker-deployment-version:test-deployment-series.one_1", "wf-run-id": "44060140-f7e7-4743-a20b-d29b79cdea26", "queue-task-type": "TransferCloseExecution", "queue-task-id": 1048893, "timestamp": "2025-05-05T20:56:36.475Z", "cursor-timestamp": "2025-05-05T20:56:37.467Z", "logging-call-at": "/Users/shivamsaraf/Desktop/work/temporal/common/log/with_logger.go:37"}
2025-05-05T16:56:36.475-0400	debug	Assigning new task key	{"host": "127.0.0.1:54944", "shard-id": 3, "address": "127.0.0.1:54944", "wf-namespace-id": "16489026-76fa-49af-8333-d07c4a9341f7", "wf-id": "temporal-sys-worker-deployment-version:test-deployment-series.one_1", "wf-run-id": "59189531-85eb-4213-a1ea-1c425a8a1fb6", "queue-task-type": "VisibilityStartExecution", "queue-task-id": 1048894, "timestamp": "2025-05-05T20:56:36.475Z", "cursor-timestamp": "2025-05-05T20:56:37.467Z", "logging-call-at": "/Users/shivamsaraf/Desktop/work/temporal/common/log/with_logger.go:37"}
2025-05-05T16:56:36.475-0400	debug	New timer generated is less than min scheduled time	{"host": "127.0.0.1:54944", "shard-id": 3, "address": "127.0.0.1:54944", "wf-namespace-id": "16489026-76fa-49af-8333-d07c4a9341f7", "wf-id": "temporal-sys-worker-deployment-version:test-deployment-series.one_1", "wf-run-id": "59189531-85eb-4213-a1ea-1c425a8a1fb6", "queue-task-type": "WorkflowBackoffTimer", "queue-task-id": 1048895, "timestamp": "2025-05-05T20:56:37.453Z", "cursor-timestamp": "2025-05-05T20:56:37.467Z", "shard-update": "ShardAllocateTimerBeforeRead", "logging-call-at": "/Users/shivamsaraf/Desktop/work/temporal/common/log/with_logger.go:37"}
2025-05-05T16:56:36.475-0400	debug	Assigning new task key	{"host": "127.0.0.1:54944", "shard-id": 3, "address": "127.0.0.1:54944", "wf-namespace-id": "16489026-76fa-49af-8333-d07c4a9341f7", "wf-id": "temporal-sys-worker-deployment-version:test-deployment-series.one_1", "wf-run-id": "59189531-85eb-4213-a1ea-1c425a8a1fb6", "queue-task-type": "WorkflowBackoffTimer", "queue-task-id": 1048895, "timestamp": "2025-05-05T20:56:37.468Z", "cursor-timestamp": "2025-05-05T20:56:37.467Z", "logging-call-at": "/Users/shivamsaraf/Desktop/work/temporal/common/log/with_logger.go:37"}
2025-05-05T16:56:36.477-0400	debug	Process task as active.	{"host": "127.0.0.1:54944", "shard-id": 3, "address": "127.0.0.1:54944", "component": "transfer-queue-processor", "wf-namespace-id": "16489026-76fa-49af-8333-d07c4a9341f7", "value": "16489026-76fa-49af-8333-d07c4a9341f7/temporal-sys-worker-deployment-version:test-deployment-series.one_1/44060140-f7e7-4743-a20b-d29b79cdea26", "logging-call-at": "/Users/shivamsaraf/Desktop/work/temporal/common/log/with_logger.go:37"}
2025-05-05T16:56:36.714-0400	debug	Process task as active.	{"host": "127.0.0.1:54944", "shard-id": 3, "address": "127.0.0.1:54944", "component": "timer-queue-processor", "wf-namespace-id": "16489026-76fa-49af-8333-d07c4a9341f7", "value": "16489026-76fa-49af-8333-d07c4a9341f7/temporal-sys-worker-deployment:test-deployment-series/ae32d858-30c6-4721-9d64-d46c722db0eb", "logging-call-at": "/Users/shivamsaraf/Desktop/work/temporal/common/log/with_logger.go:37"}
2025-05-05T16:56:36.714-0400	debug	Workflow task updated	{"host": "127.0.0.1:54944", "shard-id": 3, "address": "127.0.0.1:54944", "wf-namespace-id": "16489026-76fa-49af-8333-d07c4a9341f7", "wf-id": "temporal-sys-worker-deployment:test-deployment-series", "wf-run-id": "ae32d858-30c6-4721-9d64-d46c722db0eb", "wf-scheduled-event-id": 2, "wf-started-event-id": 0, "workflow-task-request-id": "emptyUuid", "workflow-task-timeout": 10, "attempt": 1, "wf-started-timestamp": "0001-01-01T00:00:00.000Z", "wt-type": "Normal", "logging-call-at": "/Users/shivamsaraf/Desktop/work/temporal/common/log/with_logger.go:37"}
2025-05-05T16:56:36.714-0400	debug	Assigning new task key	{"host": "127.0.0.1:54944", "shard-id": 3, "address": "127.0.0.1:54944", "wf-namespace-id": "16489026-76fa-49af-8333-d07c4a9341f7", "wf-id": "temporal-sys-worker-deployment:test-deployment-series", "wf-run-id": "ae32d858-30c6-4721-9d64-d46c722db0eb", "queue-task-type": "TransferWorkflowTask", "queue-task-id": 1048898, "timestamp": "2025-05-05T20:56:36.714Z", "cursor-timestamp": "2025-05-05T20:56:37.476Z", "logging-call-at": "/Users/shivamsaraf/Desktop/work/temporal/common/log/with_logger.go:37"}
2025-05-05T16:56:36.716-0400	debug	Process task as active.	{"host": "127.0.0.1:54944", "shard-id": 3, "address": "127.0.0.1:54944", "component": "transfer-queue-processor", "wf-namespace-id": "16489026-76fa-49af-8333-d07c4a9341f7", "value": "16489026-76fa-49af-8333-d07c4a9341f7/temporal-sys-worker-deployment:test-deployment-series/ae32d858-30c6-4721-9d64-d46c722db0eb", "logging-call-at": "/Users/shivamsaraf/Desktop/work/temporal/common/log/with_logger.go:37"}
2025-05-05T16:56:36.718-0400	debug	Workflow task updated	{"host": "127.0.0.1:54944", "shard-id": 3, "address": "127.0.0.1:54944", "wf-namespace-id": "16489026-76fa-49af-8333-d07c4a9341f7", "wf-id": "temporal-sys-worker-deployment:test-deployment-series", "wf-run-id": "ae32d858-30c6-4721-9d64-d46c722db0eb", "wf-scheduled-event-id": 2, "wf-started-event-id": 3, "workflow-task-request-id": "322fb004-9060-4d57-8d62-acd412538e68", "workflow-task-timeout": 10, "attempt": 1, "wf-started-timestamp": "2025-05-05T20:56:36.718Z", "wt-type": "Normal", "logging-call-at": "/Users/shivamsaraf/Desktop/work/temporal/common/log/with_logger.go:37"}
2025-05-05T16:56:36.718-0400	debug	Assigning new task key	{"host": "127.0.0.1:54944", "shard-id": 3, "address": "127.0.0.1:54944", "wf-namespace-id": "16489026-76fa-49af-8333-d07c4a9341f7", "wf-id": "temporal-sys-worker-deployment:test-deployment-series", "wf-run-id": "ae32d858-30c6-4721-9d64-d46c722db0eb", "queue-task-type": "WorkflowTaskTimeout", "queue-task-id": 1048901, "timestamp": "2025-05-05T20:56:46.719Z", "cursor-timestamp": "2025-05-05T20:56:37.716Z", "logging-call-at": "/Users/shivamsaraf/Desktop/work/temporal/common/log/with_logger.go:37"}
2025-05-05T16:56:36.721-0400	debug	Worker Deployment Workflow doing continue-as-new	{"host": "127.0.0.1:54945", "Namespace": "namespace-42f52dc7-121e-4d0f-9fad-c806d0420c24", "TaskQueue": "temporal-sys-per-ns-tq", "WorkerID": "temporal-system@Shivams-MacBook-Pro.local@namespace-42f52dc7-121e-4d0f-9fad-c806d0420c24", "WorkflowType": "temporal-sys-worker-deployment-workflow", "WorkflowID": "temporal-sys-worker-deployment:test-deployment-series", "RunID": "ae32d858-30c6-4721-9d64-d46c722db0eb", "Attempt": 1, "wf-namespace": "namespace-42f52dc7-121e-4d0f-9fad-c806d0420c24", "logging-call-at": "/Users/shivamsaraf/Desktop/work/temporal/common/log/with_logger.go:37"}
2025-05-05T16:56:36.721-0400	debug	Frontend method invoked.	{"host": "127.0.0.1:54942", "wf-namespace": "namespace-42f52dc7-121e-4d0f-9fad-c806d0420c24", "operation": "PollWorkflowTaskQueue", "server-name": "", "cert-thumbprint": "", "logging-call-at": "/Users/shivamsaraf/Desktop/work/temporal/common/log/with_logger.go:37"}
2025-05-05T16:56:36.721-0400	debug	Received PollWorkflowTaskQueue	{"host": "127.0.0.1:54942", "service": "frontend", "logging-call-at": "/Users/shivamsaraf/Desktop/work/temporal/common/log/with_logger.go:37"}
2025-05-05T16:56:36.721-0400	debug	Poll workflow task queue.	{"host": "127.0.0.1:54942", "service": "frontend", "wf-namespace": "namespace-42f52dc7-121e-4d0f-9fad-c806d0420c24", "wf-namespace-id": "16489026-76fa-49af-8333-d07c4a9341f7", "logging-call-at": "/Users/shivamsaraf/Desktop/work/temporal/common/log/with_logger.go:37"}
2025-05-05T16:56:36.721-0400	debug	Frontend method invoked.	{"host": "127.0.0.1:54942", "wf-namespace": "namespace-42f52dc7-121e-4d0f-9fad-c806d0420c24", "operation": "RespondWorkflowTaskCompleted", "server-name": "", "cert-thumbprint": "", "logging-call-at": "/Users/shivamsaraf/Desktop/work/temporal/common/log/with_logger.go:37"}
2025-05-05T16:56:36.722-0400	debug	RespondWorkflowTaskCompleted	{"host": "127.0.0.1:54944", "service": "history", "wf-namespace-id": "16489026-76fa-49af-8333-d07c4a9341f7", "wf-id": "temporal-sys-worker-deployment:test-deployment-series", "wf-run-id": "ae32d858-30c6-4721-9d64-d46c722db0eb", "wf-scheduled-event-id": 2, "logging-call-at": "/Users/shivamsaraf/Desktop/work/temporal/common/log/with_logger.go:37"}
2025-05-05T16:56:36.722-0400	debug	Workflow task updated	{"host": "127.0.0.1:54944", "shard-id": 3, "address": "127.0.0.1:54944", "wf-namespace-id": "16489026-76fa-49af-8333-d07c4a9341f7", "wf-id": "temporal-sys-worker-deployment:test-deployment-series", "wf-run-id": "ae32d858-30c6-4721-9d64-d46c722db0eb", "wf-scheduled-event-id": 0, "wf-started-event-id": 0, "workflow-task-request-id": "emptyUuid", "workflow-task-timeout": 0, "attempt": 1, "wf-started-timestamp": "1970-01-01T00:00:00.000Z", "wt-type": "Unspecified", "logging-call-at": "/Users/shivamsaraf/Desktop/work/temporal/common/log/with_logger.go:37"}
2025-05-05T16:56:36.723-0400	debug	Assigning new task key	{"host": "127.0.0.1:54944", "shard-id": 3, "address": "127.0.0.1:54944", "wf-namespace-id": "16489026-76fa-49af-8333-d07c4a9341f7", "wf-id": "temporal-sys-worker-deployment:test-deployment-series", "wf-run-id": "ae32d858-30c6-4721-9d64-d46c722db0eb", "queue-task-type": "VisibilityCloseExecution", "queue-task-id": 1048908, "timestamp": "2025-05-05T20:56:36.723Z", "cursor-timestamp": "2025-05-05T20:56:37.716Z", "logging-call-at": "/Users/shivamsaraf/Desktop/work/temporal/common/log/with_logger.go:37"}
2025-05-05T16:56:36.723-0400	debug	Assigning new task key	{"host": "127.0.0.1:54944", "shard-id": 3, "address": "127.0.0.1:54944", "wf-namespace-id": "16489026-76fa-49af-8333-d07c4a9341f7", "wf-id": "temporal-sys-worker-deployment:test-deployment-series", "wf-run-id": "ae32d858-30c6-4721-9d64-d46c722db0eb", "queue-task-type": "DeleteHistoryEvent", "queue-task-id": 1048909, "timestamp": "2025-05-06T20:56:37.113Z", "cursor-timestamp": "2025-05-05T20:56:37.716Z", "logging-call-at": "/Users/shivamsaraf/Desktop/work/temporal/common/log/with_logger.go:37"}
2025-05-05T16:56:36.723-0400	debug	Assigning new task key	{"host": "127.0.0.1:54944", "shard-id": 3, "address": "127.0.0.1:54944", "wf-namespace-id": "16489026-76fa-49af-8333-d07c4a9341f7", "wf-id": "temporal-sys-worker-deployment:test-deployment-series", "wf-run-id": "ae32d858-30c6-4721-9d64-d46c722db0eb", "queue-task-type": "TransferCloseExecution", "queue-task-id": 1048910, "timestamp": "2025-05-05T20:56:36.723Z", "cursor-timestamp": "2025-05-05T20:56:37.716Z", "logging-call-at": "/Users/shivamsaraf/Desktop/work/temporal/common/log/with_logger.go:37"}
2025-05-05T16:56:36.723-0400	debug	Assigning new task key	{"host": "127.0.0.1:54944", "shard-id": 3, "address": "127.0.0.1:54944", "wf-namespace-id": "16489026-76fa-49af-8333-d07c4a9341f7", "wf-id": "temporal-sys-worker-deployment:test-deployment-series", "wf-run-id": "83d6be8f-c473-416f-9907-009860cd828c", "queue-task-type": "VisibilityStartExecution", "queue-task-id": 1048911, "timestamp": "2025-05-05T20:56:36.723Z", "cursor-timestamp": "2025-05-05T20:56:37.716Z", "logging-call-at": "/Users/shivamsaraf/Desktop/work/temporal/common/log/with_logger.go:37"}
2025-05-05T16:56:36.723-0400	debug	New timer generated is less than min scheduled time	{"host": "127.0.0.1:54944", "shard-id": 3, "address": "127.0.0.1:54944", "wf-namespace-id": "16489026-76fa-49af-8333-d07c4a9341f7", "wf-id": "temporal-sys-worker-deployment:test-deployment-series", "wf-run-id": "83d6be8f-c473-416f-9907-009860cd828c", "queue-task-type": "WorkflowBackoffTimer", "queue-task-id": 1048912, "timestamp": "2025-05-05T20:56:37.698Z", "cursor-timestamp": "2025-05-05T20:56:37.716Z", "shard-update": "ShardAllocateTimerBeforeRead", "logging-call-at": "/Users/shivamsaraf/Desktop/work/temporal/common/log/with_logger.go:37"}
2025-05-05T16:56:36.723-0400	debug	Assigning new task key	{"host": "127.0.0.1:54944", "shard-id": 3, "address": "127.0.0.1:54944", "wf-namespace-id": "16489026-76fa-49af-8333-d07c4a9341f7", "wf-id": "temporal-sys-worker-deployment:test-deployment-series", "wf-run-id": "83d6be8f-c473-416f-9907-009860cd828c", "queue-task-type": "WorkflowBackoffTimer", "queue-task-id": 1048912, "timestamp": "2025-05-05T20:56:37.717Z", "cursor-timestamp": "2025-05-05T20:56:37.716Z", "logging-call-at": "/Users/shivamsaraf/Desktop/work/temporal/common/log/with_logger.go:37"}
2025-05-05T16:56:36.724-0400	debug	Process task as active.	{"host": "127.0.0.1:54944", "shard-id": 3, "address": "127.0.0.1:54944", "component": "transfer-queue-processor", "wf-namespace-id": "16489026-76fa-49af-8333-d07c4a9341f7", "value": "16489026-76fa-49af-8333-d07c4a9341f7/temporal-sys-worker-deployment:test-deployment-series/ae32d858-30c6-4721-9d64-d46c722db0eb", "logging-call-at": "/Users/shivamsaraf/Desktop/work/temporal/common/log/with_logger.go:37"}
2025-05-05T16:56:36.724-0400	debug	deployment client success	{"host": "127.0.0.1:54942", "operation": "DescribeWorkerDeployment", "elapsed": 1.001246, "args": ["test-deployment-series"], "logging-call-at": "/Users/shivamsaraf/Desktop/work/temporal/common/log/with_logger.go:37"}
2025-05-05T16:56:36.724-0400	debug	Frontend method invoked.	{"host": "127.0.0.1:54942", "wf-namespace": "namespace-42f52dc7-121e-4d0f-9fad-c806d0420c24", "operation": "DescribeWorkerDeploymentVersion", "server-name": "", "cert-thumbprint": "", "logging-call-at": "/Users/shivamsaraf/Desktop/work/temporal/common/log/with_logger.go:37"}
2025-05-05T16:56:36.726-0400	error	deployment client error	{"host": "127.0.0.1:54942", "error": "Worker Deployment Version not found", "operation": "DescribeVersion", "elapsed": 0.001299791, "args": ["test-deployment-series","two_2"], "logging-call-at": "/Users/shivamsaraf/Desktop/work/temporal/common/log/with_logger.go:52"}
go.temporal.io/server/common/log.(*zapLogger).Error
	/Users/shivamsaraf/Desktop/work/temporal/common/log/zap_logger.go:132
go.temporal.io/server/common/testing/testlogger.(*TestLogger).Error
	/Users/shivamsaraf/Desktop/work/temporal/common/testing/testlogger/testlogger.go:344
go.temporal.io/server/common/log.(*withLogger).Error
	/Users/shivamsaraf/Desktop/work/temporal/common/log/with_logger.go:52
go.temporal.io/server/service/worker/workerdeployment.(*ClientImpl).DescribeVersion.(*ClientImpl).record.func1
	/Users/shivamsaraf/Desktop/work/temporal/service/worker/workerdeployment/client.go:1263
go.temporal.io/server/service/worker/workerdeployment.(*ClientImpl).DescribeVersion
	/Users/shivamsaraf/Desktop/work/temporal/service/worker/workerdeployment/client.go:290
go.temporal.io/server/service/frontend.(*WorkflowHandler).DescribeWorkerDeploymentVersion
	/Users/shivamsaraf/Desktop/work/temporal/service/frontend/workflow_handler.go:3357
go.temporal.io/api/workflowservice/v1._WorkflowService_DescribeWorkerDeploymentVersion_Handler.func1
	/Users/shivamsaraf/go/pkg/mod/go.temporal.io/api@v1.49.0/workflowservice/v1/service_grpc.pb.go:3429
go.temporal.io/server/common/rpc/interceptor.(*RetryableInterceptor).Intercept.func1
	/Users/shivamsaraf/Desktop/work/temporal/common/rpc/interceptor/retry.go:38
go.temporal.io/server/common/backoff.ThrottleRetryContext
	/Users/shivamsaraf/Desktop/work/temporal/common/backoff/retry.go:65
go.temporal.io/server/common/rpc/interceptor.(*RetryableInterceptor).Intercept
	/Users/shivamsaraf/Desktop/work/temporal/common/rpc/interceptor/retry.go:42
google.golang.org/grpc.getChainUnaryHandler.func1
	/Users/shivamsaraf/go/pkg/mod/google.golang.org/grpc@v1.71.0/server.go:1217
go.temporal.io/server/common/rpc/interceptor.(*CallerInfoInterceptor).Intercept
	/Users/shivamsaraf/Desktop/work/temporal/common/rpc/interceptor/caller_info.go:40
google.golang.org/grpc.getChainUnaryHandler.func1
	/Users/shivamsaraf/go/pkg/mod/google.golang.org/grpc@v1.71.0/server.go:1217
go.temporal.io/server/common/rpc/interceptor.(*SDKVersionInterceptor).Intercept
	/Users/shivamsaraf/Desktop/work/temporal/common/rpc/interceptor/sdk_version.go:44
google.golang.org/grpc.getChainUnaryHandler.func1
	/Users/shivamsaraf/go/pkg/mod/google.golang.org/grpc@v1.71.0/server.go:1217
go.temporal.io/server/common/rpc/interceptor.(*RateLimitInterceptor).Intercept
	/Users/shivamsaraf/Desktop/work/temporal/common/rpc/interceptor/rate_limit.go:64
google.golang.org/grpc.getChainUnaryHandler.func1
	/Users/shivamsaraf/go/pkg/mod/google.golang.org/grpc@v1.71.0/server.go:1217
go.temporal.io/server/common/rpc/interceptor.(*NamespaceRateLimitInterceptorImpl).Intercept
	/Users/shivamsaraf/Desktop/work/temporal/common/rpc/interceptor/namespace_rate_limit.go:77
google.golang.org/grpc.getChainUnaryHandler.func1
	/Users/shivamsaraf/go/pkg/mod/google.golang.org/grpc@v1.71.0/server.go:1217
go.temporal.io/server/common/rpc/interceptor.(*ConcurrentRequestLimitInterceptor).Intercept
	/Users/shivamsaraf/Desktop/work/temporal/common/rpc/interceptor/concurrent_request_limit.go:83
google.golang.org/grpc.getChainUnaryHandler.func1
	/Users/shivamsaraf/go/pkg/mod/google.golang.org/grpc@v1.71.0/server.go:1217
go.temporal.io/server/common/rpc/interceptor.(*NamespaceValidatorInterceptor).StateValidationIntercept
	/Users/shivamsaraf/Desktop/work/temporal/common/rpc/interceptor/namespace_validator.go:210
google.golang.org/grpc.getChainUnaryHandler.func1
	/Users/shivamsaraf/go/pkg/mod/google.golang.org/grpc@v1.71.0/server.go:1217
go.temporal.io/server/common/rpc/interceptor.(*HealthInterceptor).Intercept
	/Users/shivamsaraf/Desktop/work/temporal/common/rpc/interceptor/health.go:41
google.golang.org/grpc.getChainUnaryHandler.func1
	/Users/shivamsaraf/go/pkg/mod/google.golang.org/grpc@v1.71.0/server.go:1217
go.temporal.io/server/common/rpc/interceptor.(*TelemetryInterceptor).UnaryIntercept
	/Users/shivamsaraf/Desktop/work/temporal/common/rpc/interceptor/telemetry.go:176
google.golang.org/grpc.getChainUnaryHandler.func1
	/Users/shivamsaraf/go/pkg/mod/google.golang.org/grpc@v1.71.0/server.go:1217
go.temporal.io/server/common/rpc/interceptor.(*Redirection).handleRedirectAPIInvocation.func2
	/Users/shivamsaraf/Desktop/work/temporal/common/rpc/interceptor/redirection.go:247
go.temporal.io/server/common/rpc/interceptor.(*NoopRedirectionPolicy).WithNamespaceRedirect
	/Users/shivamsaraf/Desktop/work/temporal/common/rpc/interceptor/dc_redirection_policy.go:101
go.temporal.io/server/common/rpc/interceptor.(*Redirection).handleRedirectAPIInvocation
	/Users/shivamsaraf/Desktop/work/temporal/common/rpc/interceptor/redirection.go:244
go.temporal.io/server/common/rpc/interceptor.(*Redirection).Intercept
	/Users/shivamsaraf/Desktop/work/temporal/common/rpc/interceptor/redirection.go:204
google.golang.org/grpc.getChainUnaryHandler.func1
	/Users/shivamsaraf/go/pkg/mod/google.golang.org/grpc@v1.71.0/server.go:1217
go.temporal.io/server/common/rpc/interceptor.(*NamespaceHandoverInterceptor).Intercept
	/Users/shivamsaraf/Desktop/work/temporal/common/rpc/interceptor/namespace_handover.go:85
google.golang.org/grpc.getChainUnaryHandler.func1
	/Users/shivamsaraf/go/pkg/mod/google.golang.org/grpc@v1.71.0/server.go:1217
go.temporal.io/server/common/authorization.(*Interceptor).Intercept
	/Users/shivamsaraf/Desktop/work/temporal/common/authorization/interceptor.go:154
google.golang.org/grpc.getChainUnaryHandler.func1
	/Users/shivamsaraf/go/pkg/mod/google.golang.org/grpc@v1.71.0/server.go:1217
go.temporal.io/server/service/frontend.GrpcServerOptionsProvider.NewServerMetricsContextInjectorInterceptor.func2
	/Users/shivamsaraf/Desktop/work/temporal/common/metrics/grpc.go:41
google.golang.org/grpc.getChainUnaryHandler.func1
	/Users/shivamsaraf/go/pkg/mod/google.golang.org/grpc@v1.71.0/server.go:1217
go.temporal.io/server/common/rpc/interceptor.(*NamespaceLogInterceptor).Intercept
	/Users/shivamsaraf/Desktop/work/temporal/common/rpc/interceptor/namespace_logger.go:60
google.golang.org/grpc.getChainUnaryHandler.func1
	/Users/shivamsaraf/go/pkg/mod/google.golang.org/grpc@v1.71.0/server.go:1217
go.temporal.io/server/common/rpc/interceptor.(*NamespaceValidatorInterceptor).NamespaceValidateIntercept
	/Users/shivamsaraf/Desktop/work/temporal/common/rpc/interceptor/namespace_validator.go:121
google.golang.org/grpc.getChainUnaryHandler.func1
	/Users/shivamsaraf/go/pkg/mod/google.golang.org/grpc@v1.71.0/server.go:1217
go.temporal.io/server/service/frontend.GrpcServerOptionsProvider.NewFrontendServiceErrorInterceptor.func1
	/Users/shivamsaraf/Desktop/work/temporal/common/rpc/grpc.go:135
google.golang.org/grpc.getChainUnaryHandler.func1
	/Users/shivamsaraf/go/pkg/mod/google.golang.org/grpc@v1.71.0/server.go:1217
go.temporal.io/server/common/rpc/interceptor.ServiceErrorInterceptor
	/Users/shivamsaraf/Desktop/work/temporal/common/rpc/interceptor/service_error_interceptor.go:19
google.golang.org/grpc.getChainUnaryHandler.func1
	/Users/shivamsaraf/go/pkg/mod/google.golang.org/grpc@v1.71.0/server.go:1217
go.temporal.io/server/common/rpc/interceptor.(*MaskInternalErrorDetailsInterceptor).Intercept
	/Users/shivamsaraf/Desktop/work/temporal/common/rpc/interceptor/mask_internal_error.go:51
google.golang.org/grpc.NewServer.chainUnaryServerInterceptors.chainUnaryInterceptors.func1
	/Users/shivamsaraf/go/pkg/mod/google.golang.org/grpc@v1.71.0/server.go:1208
go.temporal.io/api/workflowservice/v1._WorkflowService_DescribeWorkerDeploymentVersion_Handler
	/Users/shivamsaraf/go/pkg/mod/go.temporal.io/api@v1.49.0/workflowservice/v1/service_grpc.pb.go:3431
google.golang.org/grpc.(*Server).processUnaryRPC
	/Users/shivamsaraf/go/pkg/mod/google.golang.org/grpc@v1.71.0/server.go:1405
google.golang.org/grpc.(*Server).handleStream
	/Users/shivamsaraf/go/pkg/mod/google.golang.org/grpc@v1.71.0/server.go:1815
google.golang.org/grpc.(*Server).serveStreams.func2.1
	/Users/shivamsaraf/go/pkg/mod/google.golang.org/grpc@v1.71.0/server.go:1035
2025-05-05T16:56:36.726-0400	debug	Frontend method invoked.	{"host": "127.0.0.1:54942", "wf-namespace": "namespace-42f52dc7-121e-4d0f-9fad-c806d0420c24", "operation": "DescribeWorkerDeployment", "server-name": "", "cert-thumbprint": "", "logging-call-at": "/Users/shivamsaraf/Desktop/work/temporal/common/log/with_logger.go:37"}
2025-05-05T16:56:37.463-0400	debug	Process task as active.	{"host": "127.0.0.1:54944", "shard-id": 3, "address": "127.0.0.1:54944", "component": "timer-queue-processor", "wf-namespace-id": "16489026-76fa-49af-8333-d07c4a9341f7", "value": "16489026-76fa-49af-8333-d07c4a9341f7/temporal-sys-worker-deployment-version:test-deployment-series.one_1/0196a23c-71c4-7562-b9f3-b79a39e939cd", "logging-call-at": "/Users/shivamsaraf/Desktop/work/temporal/common/log/with_logger.go:37"}
2025-05-05T16:56:37.469-0400	debug	Process task as active.	{"host": "127.0.0.1:54944", "shard-id": 3, "address": "127.0.0.1:54944", "component": "timer-queue-processor", "wf-namespace-id": "16489026-76fa-49af-8333-d07c4a9341f7", "value": "16489026-76fa-49af-8333-d07c4a9341f7/temporal-sys-worker-deployment-version:test-deployment-series.one_1/59189531-85eb-4213-a1ea-1c425a8a1fb6", "logging-call-at": "/Users/shivamsaraf/Desktop/work/temporal/common/log/with_logger.go:37"}
2025-05-05T16:56:37.470-0400	debug	Workflow task updated	{"host": "127.0.0.1:54944", "shard-id": 3, "address": "127.0.0.1:54944", "wf-namespace-id": "16489026-76fa-49af-8333-d07c4a9341f7", "wf-id": "temporal-sys-worker-deployment-version:test-deployment-series.one_1", "wf-run-id": "59189531-85eb-4213-a1ea-1c425a8a1fb6", "wf-scheduled-event-id": 2, "wf-started-event-id": 0, "workflow-task-request-id": "emptyUuid", "workflow-task-timeout": 10, "attempt": 1, "wf-started-timestamp": "0001-01-01T00:00:00.000Z", "wt-type": "Normal", "logging-call-at": "/Users/shivamsaraf/Desktop/work/temporal/common/log/with_logger.go:37"}
2025-05-05T16:56:37.470-0400	debug	Assigning new task key	{"host": "127.0.0.1:54944", "shard-id": 3, "address": "127.0.0.1:54944", "wf-namespace-id": "16489026-76fa-49af-8333-d07c4a9341f7", "wf-id": "temporal-sys-worker-deployment-version:test-deployment-series.one_1", "wf-run-id": "59189531-85eb-4213-a1ea-1c425a8a1fb6", "queue-task-type": "TransferWorkflowTask", "queue-task-id": 1048915, "timestamp": "2025-05-05T20:56:37.470Z", "cursor-timestamp": "2025-05-05T20:56:37.724Z", "logging-call-at": "/Users/shivamsaraf/Desktop/work/temporal/common/log/with_logger.go:37"}
2025-05-05T16:56:37.471-0400	debug	Process task as active.	{"host": "127.0.0.1:54944", "shard-id": 3, "address": "127.0.0.1:54944", "component": "transfer-queue-processor", "wf-namespace-id": "16489026-76fa-49af-8333-d07c4a9341f7", "value": "16489026-76fa-49af-8333-d07c4a9341f7/temporal-sys-worker-deployment-version:test-deployment-series.one_1/59189531-85eb-4213-a1ea-1c425a8a1fb6", "logging-call-at": "/Users/shivamsaraf/Desktop/work/temporal/common/log/with_logger.go:37"}
2025-05-05T16:56:37.472-0400	debug	Workflow task updated	{"host": "127.0.0.1:54944", "shard-id": 3, "address": "127.0.0.1:54944", "wf-namespace-id": "16489026-76fa-49af-8333-d07c4a9341f7", "wf-id": "temporal-sys-worker-deployment-version:test-deployment-series.one_1", "wf-run-id": "59189531-85eb-4213-a1ea-1c425a8a1fb6", "wf-scheduled-event-id": 2, "wf-started-event-id": 3, "workflow-task-request-id": "e8ebf402-204b-4c28-a75e-f5061f6f72e4", "workflow-task-timeout": 10, "attempt": 1, "wf-started-timestamp": "2025-05-05T20:56:37.472Z", "wt-type": "Normal", "logging-call-at": "/Users/shivamsaraf/Desktop/work/temporal/common/log/with_logger.go:37"}
2025-05-05T16:56:37.472-0400	debug	Assigning new task key	{"host": "127.0.0.1:54944", "shard-id": 3, "address": "127.0.0.1:54944", "wf-namespace-id": "16489026-76fa-49af-8333-d07c4a9341f7", "wf-id": "temporal-sys-worker-deployment-version:test-deployment-series.one_1", "wf-run-id": "59189531-85eb-4213-a1ea-1c425a8a1fb6", "queue-task-type": "WorkflowTaskTimeout", "queue-task-id": 1048918, "timestamp": "2025-05-05T20:56:47.473Z", "cursor-timestamp": "2025-05-05T20:56:38.471Z", "logging-call-at": "/Users/shivamsaraf/Desktop/work/temporal/common/log/with_logger.go:37"}
Version doing continue-as-new with drainage info Unspecified
2025-05-05T16:56:37.476-0400	debug	Frontend method invoked.	{"host": "127.0.0.1:54942", "wf-namespace": "namespace-42f52dc7-121e-4d0f-9fad-c806d0420c24", "operation": "PollWorkflowTaskQueue", "server-name": "", "cert-thumbprint": "", "logging-call-at": "/Users/shivamsaraf/Desktop/work/temporal/common/log/with_logger.go:37"}
2025-05-05T16:56:37.477-0400	debug	Received PollWorkflowTaskQueue	{"host": "127.0.0.1:54942", "service": "frontend", "logging-call-at": "/Users/shivamsaraf/Desktop/work/temporal/common/log/with_logger.go:37"}
2025-05-05T16:56:37.477-0400	debug	Poll workflow task queue.	{"host": "127.0.0.1:54942", "service": "frontend", "wf-namespace": "namespace-42f52dc7-121e-4d0f-9fad-c806d0420c24", "wf-namespace-id": "16489026-76fa-49af-8333-d07c4a9341f7", "logging-call-at": "/Users/shivamsaraf/Desktop/work/temporal/common/log/with_logger.go:37"}
2025-05-05T16:56:37.477-0400	debug	Frontend method invoked.	{"host": "127.0.0.1:54942", "wf-namespace": "namespace-42f52dc7-121e-4d0f-9fad-c806d0420c24", "operation": "RespondWorkflowTaskCompleted", "server-name": "", "cert-thumbprint": "", "logging-call-at": "/Users/shivamsaraf/Desktop/work/temporal/common/log/with_logger.go:37"}
2025-05-05T16:56:37.477-0400	debug	RespondWorkflowTaskCompleted	{"host": "127.0.0.1:54944", "service": "history", "wf-namespace-id": "16489026-76fa-49af-8333-d07c4a9341f7", "wf-id": "temporal-sys-worker-deployment-version:test-deployment-series.one_1", "wf-run-id": "59189531-85eb-4213-a1ea-1c425a8a1fb6", "wf-scheduled-event-id": 2, "logging-call-at": "/Users/shivamsaraf/Desktop/work/temporal/common/log/with_logger.go:37"}
2025-05-05T16:56:37.478-0400	debug	Workflow task updated	{"host": "127.0.0.1:54944", "shard-id": 3, "address": "127.0.0.1:54944", "wf-namespace-id": "16489026-76fa-49af-8333-d07c4a9341f7", "wf-id": "temporal-sys-worker-deployment-version:test-deployment-series.one_1", "wf-run-id": "59189531-85eb-4213-a1ea-1c425a8a1fb6", "wf-scheduled-event-id": 0, "wf-started-event-id": 0, "workflow-task-request-id": "emptyUuid", "workflow-task-timeout": 0, "attempt": 1, "wf-started-timestamp": "1970-01-01T00:00:00.000Z", "wt-type": "Unspecified", "logging-call-at": "/Users/shivamsaraf/Desktop/work/temporal/common/log/with_logger.go:37"}
2025-05-05T16:56:37.478-0400	debug	Assigning new task key	{"host": "127.0.0.1:54944", "shard-id": 3, "address": "127.0.0.1:54944", "wf-namespace-id": "16489026-76fa-49af-8333-d07c4a9341f7", "wf-id": "temporal-sys-worker-deployment-version:test-deployment-series.one_1", "wf-run-id": "59189531-85eb-4213-a1ea-1c425a8a1fb6", "queue-task-type": "TransferCloseExecution", "queue-task-id": 1048925, "timestamp": "2025-05-05T20:56:37.478Z", "cursor-timestamp": "2025-05-05T20:56:38.471Z", "logging-call-at": "/Users/shivamsaraf/Desktop/work/temporal/common/log/with_logger.go:37"}
2025-05-05T16:56:37.478-0400	debug	Assigning new task key	{"host": "127.0.0.1:54944", "shard-id": 3, "address": "127.0.0.1:54944", "wf-namespace-id": "16489026-76fa-49af-8333-d07c4a9341f7", "wf-id": "temporal-sys-worker-deployment-version:test-deployment-series.one_1", "wf-run-id": "59189531-85eb-4213-a1ea-1c425a8a1fb6", "queue-task-type": "VisibilityCloseExecution", "queue-task-id": 1048926, "timestamp": "2025-05-05T20:56:37.478Z", "cursor-timestamp": "2025-05-05T20:56:38.471Z", "logging-call-at": "/Users/shivamsaraf/Desktop/work/temporal/common/log/with_logger.go:37"}
2025-05-05T16:56:37.478-0400	debug	Assigning new task key	{"host": "127.0.0.1:54944", "shard-id": 3, "address": "127.0.0.1:54944", "wf-namespace-id": "16489026-76fa-49af-8333-d07c4a9341f7", "wf-id": "temporal-sys-worker-deployment-version:test-deployment-series.one_1", "wf-run-id": "59189531-85eb-4213-a1ea-1c425a8a1fb6", "queue-task-type": "DeleteHistoryEvent", "queue-task-id": 1048927, "timestamp": "2025-05-06T20:56:37.788Z", "cursor-timestamp": "2025-05-05T20:56:38.471Z", "logging-call-at": "/Users/shivamsaraf/Desktop/work/temporal/common/log/with_logger.go:37"}
2025-05-05T16:56:37.478-0400	debug	Assigning new task key	{"host": "127.0.0.1:54944", "shard-id": 3, "address": "127.0.0.1:54944", "wf-namespace-id": "16489026-76fa-49af-8333-d07c4a9341f7", "wf-id": "temporal-sys-worker-deployment-version:test-deployment-series.one_1", "wf-run-id": "151c6f13-3904-42d0-85e0-38b974b2d74e", "queue-task-type": "VisibilityStartExecution", "queue-task-id": 1048928, "timestamp": "2025-05-05T20:56:37.478Z", "cursor-timestamp": "2025-05-05T20:56:38.471Z", "logging-call-at": "/Users/shivamsaraf/Desktop/work/temporal/common/log/with_logger.go:37"}
2025-05-05T16:56:37.478-0400	debug	New timer generated is less than min scheduled time	{"host": "127.0.0.1:54944", "shard-id": 3, "address": "127.0.0.1:54944", "wf-namespace-id": "16489026-76fa-49af-8333-d07c4a9341f7", "wf-id": "temporal-sys-worker-deployment-version:test-deployment-series.one_1", "wf-run-id": "151c6f13-3904-42d0-85e0-38b974b2d74e", "queue-task-type": "WorkflowBackoffTimer", "queue-task-id": 1048929, "timestamp": "2025-05-05T20:56:38.453Z", "cursor-timestamp": "2025-05-05T20:56:38.471Z", "shard-update": "ShardAllocateTimerBeforeRead", "logging-call-at": "/Users/shivamsaraf/Desktop/work/temporal/common/log/with_logger.go:37"}
2025-05-05T16:56:37.478-0400	debug	Assigning new task key	{"host": "127.0.0.1:54944", "shard-id": 3, "address": "127.0.0.1:54944", "wf-namespace-id": "16489026-76fa-49af-8333-d07c4a9341f7", "wf-id": "temporal-sys-worker-deployment-version:test-deployment-series.one_1", "wf-run-id": "151c6f13-3904-42d0-85e0-38b974b2d74e", "queue-task-type": "WorkflowBackoffTimer", "queue-task-id": 1048929, "timestamp": "2025-05-05T20:56:38.472Z", "cursor-timestamp": "2025-05-05T20:56:38.471Z", "logging-call-at": "/Users/shivamsaraf/Desktop/work/temporal/common/log/with_logger.go:37"}
2025-05-05T16:56:37.479-0400	debug	Process task as active.	{"host": "127.0.0.1:54944", "shard-id": 3, "address": "127.0.0.1:54944", "component": "transfer-queue-processor", "wf-namespace-id": "16489026-76fa-49af-8333-d07c4a9341f7", "value": "16489026-76fa-49af-8333-d07c4a9341f7/temporal-sys-worker-deployment-version:test-deployment-series.one_1/59189531-85eb-4213-a1ea-1c425a8a1fb6", "logging-call-at": "/Users/shivamsaraf/Desktop/work/temporal/common/log/with_logger.go:37"}
2025-05-05T16:56:37.563-0400	debug	Process task as active.	{"host": "127.0.0.1:54944", "shard-id": 3, "address": "127.0.0.1:54944", "component": "timer-queue-processor", "wf-namespace-id": "16489026-76fa-49af-8333-d07c4a9341f7", "value": "16489026-76fa-49af-8333-d07c4a9341f7/temporal-sys-worker-deployment-version:test-deployment-series.one_1/0196a23c-71c4-7562-b9f3-b79a39e939cd", "logging-call-at": "/Users/shivamsaraf/Desktop/work/temporal/common/log/with_logger.go:37"}
2025-05-05T16:56:37.568-0400	debug	Process task as active.	{"host": "127.0.0.1:54944", "shard-id": 3, "address": "127.0.0.1:54944", "component": "timer-queue-processor", "wf-namespace-id": "16489026-76fa-49af-8333-d07c4a9341f7", "value": "16489026-76fa-49af-8333-d07c4a9341f7/temporal-sys-worker-deployment-version:test-deployment-series.one_1/0196a23c-71c4-7562-b9f3-b79a39e939cd", "logging-call-at": "/Users/shivamsaraf/Desktop/work/temporal/common/log/with_logger.go:37"}
2025-05-05T16:56:37.572-0400	debug	Process task as active.	{"host": "127.0.0.1:54944", "shard-id": 3, "address": "127.0.0.1:54944", "component": "timer-queue-processor", "wf-namespace-id": "16489026-76fa-49af-8333-d07c4a9341f7", "value": "16489026-76fa-49af-8333-d07c4a9341f7/temporal-sys-worker-deployment:test-deployment-series/0196a23c-6dd7-73c8-be3b-1a7ec93a2003", "logging-call-at": "/Users/shivamsaraf/Desktop/work/temporal/common/log/with_logger.go:37"}
2025-05-05T16:56:37.683-0400	debug	Process task as active.	{"host": "127.0.0.1:54944", "shard-id": 3, "address": "127.0.0.1:54944", "component": "timer-queue-processor", "wf-namespace-id": "16489026-76fa-49af-8333-d07c4a9341f7", "value": "16489026-76fa-49af-8333-d07c4a9341f7/temporal-sys-worker-deployment-version:test-deployment-series.one_1/73d4b2c2-9167-4b09-9217-e0da35b856b4", "logging-call-at": "/Users/shivamsaraf/Desktop/work/temporal/common/log/with_logger.go:37"}
2025-05-05T16:56:37.692-0400	debug	Process task as active.	{"host": "127.0.0.1:54944", "shard-id": 3, "address": "127.0.0.1:54944", "component": "timer-queue-processor", "wf-namespace-id": "16489026-76fa-49af-8333-d07c4a9341f7", "value": "16489026-76fa-49af-8333-d07c4a9341f7/temporal-sys-worker-deployment-version:test-deployment-series.one_1/73d4b2c2-9167-4b09-9217-e0da35b856b4", "logging-call-at": "/Users/shivamsaraf/Desktop/work/temporal/common/log/with_logger.go:37"}
2025-05-05T16:56:37.696-0400	debug	Process task as active.	{"host": "127.0.0.1:54944", "shard-id": 3, "address": "127.0.0.1:54944", "component": "timer-queue-processor", "wf-namespace-id": "16489026-76fa-49af-8333-d07c4a9341f7", "value": "16489026-76fa-49af-8333-d07c4a9341f7/temporal-sys-worker-deployment:test-deployment-series/0196a23c-6dd7-73c8-be3b-1a7ec93a2003", "logging-call-at": "/Users/shivamsaraf/Desktop/work/temporal/common/log/with_logger.go:37"}
2025-05-05T16:56:37.718-0400	debug	Process task as active.	{"host": "127.0.0.1:54944", "shard-id": 3, "address": "127.0.0.1:54944", "component": "timer-queue-processor", "wf-namespace-id": "16489026-76fa-49af-8333-d07c4a9341f7", "value": "16489026-76fa-49af-8333-d07c4a9341f7/temporal-sys-worker-deployment:test-deployment-series/83d6be8f-c473-416f-9907-009860cd828c", "logging-call-at": "/Users/shivamsaraf/Desktop/work/temporal/common/log/with_logger.go:37"}
2025-05-05T16:56:37.718-0400	debug	Workflow task updated	{"host": "127.0.0.1:54944", "shard-id": 3, "address": "127.0.0.1:54944", "wf-namespace-id": "16489026-76fa-49af-8333-d07c4a9341f7", "wf-id": "temporal-sys-worker-deployment:test-deployment-series", "wf-run-id": "83d6be8f-c473-416f-9907-009860cd828c", "wf-scheduled-event-id": 2, "wf-started-event-id": 0, "workflow-task-request-id": "emptyUuid", "workflow-task-timeout": 10, "attempt": 1, "wf-started-timestamp": "0001-01-01T00:00:00.000Z", "wt-type": "Normal", "logging-call-at": "/Users/shivamsaraf/Desktop/work/temporal/common/log/with_logger.go:37"}
2025-05-05T16:56:37.718-0400	debug	Assigning new task key	{"host": "127.0.0.1:54944", "shard-id": 3, "address": "127.0.0.1:54944", "wf-namespace-id": "16489026-76fa-49af-8333-d07c4a9341f7", "wf-id": "temporal-sys-worker-deployment:test-deployment-series", "wf-run-id": "83d6be8f-c473-416f-9907-009860cd828c", "queue-task-type": "TransferWorkflowTask", "queue-task-id": 1048932, "timestamp": "2025-05-05T20:56:37.718Z", "cursor-timestamp": "2025-05-05T20:56:38.479Z", "logging-call-at": "/Users/shivamsaraf/Desktop/work/temporal/common/log/with_logger.go:37"}
2025-05-05T16:56:37.720-0400	debug	Process task as active.	{"host": "127.0.0.1:54944", "shard-id": 3, "address": "127.0.0.1:54944", "component": "transfer-queue-processor", "wf-namespace-id": "16489026-76fa-49af-8333-d07c4a9341f7", "value": "16489026-76fa-49af-8333-d07c4a9341f7/temporal-sys-worker-deployment:test-deployment-series/83d6be8f-c473-416f-9907-009860cd828c", "logging-call-at": "/Users/shivamsaraf/Desktop/work/temporal/common/log/with_logger.go:37"}
2025-05-05T16:56:37.721-0400	debug	Workflow task updated	{"host": "127.0.0.1:54944", "shard-id": 3, "address": "127.0.0.1:54944", "wf-namespace-id": "16489026-76fa-49af-8333-d07c4a9341f7", "wf-id": "temporal-sys-worker-deployment:test-deployment-series", "wf-run-id": "83d6be8f-c473-416f-9907-009860cd828c", "wf-scheduled-event-id": 2, "wf-started-event-id": 3, "workflow-task-request-id": "63108458-e7f0-4aa3-a448-6fb0d0f3b063", "workflow-task-timeout": 10, "attempt": 1, "wf-started-timestamp": "2025-05-05T20:56:37.721Z", "wt-type": "Normal", "logging-call-at": "/Users/shivamsaraf/Desktop/work/temporal/common/log/with_logger.go:37"}
2025-05-05T16:56:37.722-0400	debug	Assigning new task key	{"host": "127.0.0.1:54944", "shard-id": 3, "address": "127.0.0.1:54944", "wf-namespace-id": "16489026-76fa-49af-8333-d07c4a9341f7", "wf-id": "temporal-sys-worker-deployment:test-deployment-series", "wf-run-id": "83d6be8f-c473-416f-9907-009860cd828c", "queue-task-type": "WorkflowTaskTimeout", "queue-task-id": 1048935, "timestamp": "2025-05-05T20:56:47.722Z", "cursor-timestamp": "2025-05-05T20:56:38.720Z", "logging-call-at": "/Users/shivamsaraf/Desktop/work/temporal/common/log/with_logger.go:37"}
2025-05-05T16:56:37.724-0400	debug	Frontend method invoked.	{"host": "127.0.0.1:54942", "wf-namespace": "namespace-42f52dc7-121e-4d0f-9fad-c806d0420c24", "operation": "PollWorkflowTaskQueue", "server-name": "", "cert-thumbprint": "", "logging-call-at": "/Users/shivamsaraf/Desktop/work/temporal/common/log/with_logger.go:37"}
2025-05-05T16:56:37.724-0400	debug	Worker Deployment Workflow doing continue-as-new	{"host": "127.0.0.1:54945", "Namespace": "namespace-42f52dc7-121e-4d0f-9fad-c806d0420c24", "TaskQueue": "temporal-sys-per-ns-tq", "WorkerID": "temporal-system@Shivams-MacBook-Pro.local@namespace-42f52dc7-121e-4d0f-9fad-c806d0420c24", "WorkflowType": "temporal-sys-worker-deployment-workflow", "WorkflowID": "temporal-sys-worker-deployment:test-deployment-series", "RunID": "83d6be8f-c473-416f-9907-009860cd828c", "Attempt": 1, "wf-namespace": "namespace-42f52dc7-121e-4d0f-9fad-c806d0420c24", "logging-call-at": "/Users/shivamsaraf/Desktop/work/temporal/common/log/with_logger.go:37"}
2025-05-05T16:56:37.724-0400	debug	Received PollWorkflowTaskQueue	{"host": "127.0.0.1:54942", "service": "frontend", "logging-call-at": "/Users/shivamsaraf/Desktop/work/temporal/common/log/with_logger.go:37"}
2025-05-05T16:56:37.724-0400	debug	Poll workflow task queue.	{"host": "127.0.0.1:54942", "service": "frontend", "wf-namespace": "namespace-42f52dc7-121e-4d0f-9fad-c806d0420c24", "wf-namespace-id": "16489026-76fa-49af-8333-d07c4a9341f7", "logging-call-at": "/Users/shivamsaraf/Desktop/work/temporal/common/log/with_logger.go:37"}
2025-05-05T16:56:37.725-0400	debug	Frontend method invoked.	{"host": "127.0.0.1:54942", "wf-namespace": "namespace-42f52dc7-121e-4d0f-9fad-c806d0420c24", "operation": "RespondWorkflowTaskCompleted", "server-name": "", "cert-thumbprint": "", "logging-call-at": "/Users/shivamsaraf/Desktop/work/temporal/common/log/with_logger.go:37"}
2025-05-05T16:56:37.725-0400	debug	RespondWorkflowTaskCompleted	{"host": "127.0.0.1:54944", "service": "history", "wf-namespace-id": "16489026-76fa-49af-8333-d07c4a9341f7", "wf-id": "temporal-sys-worker-deployment:test-deployment-series", "wf-run-id": "83d6be8f-c473-416f-9907-009860cd828c", "wf-scheduled-event-id": 2, "logging-call-at": "/Users/shivamsaraf/Desktop/work/temporal/common/log/with_logger.go:37"}
2025-05-05T16:56:37.725-0400	debug	Workflow task updated	{"host": "127.0.0.1:54944", "shard-id": 3, "address": "127.0.0.1:54944", "wf-namespace-id": "16489026-76fa-49af-8333-d07c4a9341f7", "wf-id": "temporal-sys-worker-deployment:test-deployment-series", "wf-run-id": "83d6be8f-c473-416f-9907-009860cd828c", "wf-scheduled-event-id": 0, "wf-started-event-id": 0, "workflow-task-request-id": "emptyUuid", "workflow-task-timeout": 0, "attempt": 1, "wf-started-timestamp": "1970-01-01T00:00:00.000Z", "wt-type": "Unspecified", "logging-call-at": "/Users/shivamsaraf/Desktop/work/temporal/common/log/with_logger.go:37"}
2025-05-05T16:56:37.726-0400	debug	Assigning new task key	{"host": "127.0.0.1:54944", "shard-id": 3, "address": "127.0.0.1:54944", "wf-namespace-id": "16489026-76fa-49af-8333-d07c4a9341f7", "wf-id": "temporal-sys-worker-deployment:test-deployment-series", "wf-run-id": "83d6be8f-c473-416f-9907-009860cd828c", "queue-task-type": "VisibilityCloseExecution", "queue-task-id": 1048942, "timestamp": "2025-05-05T20:56:37.726Z", "cursor-timestamp": "2025-05-05T20:56:38.720Z", "logging-call-at": "/Users/shivamsaraf/Desktop/work/temporal/common/log/with_logger.go:37"}
2025-05-05T16:56:37.726-0400	debug	Assigning new task key	{"host": "127.0.0.1:54944", "shard-id": 3, "address": "127.0.0.1:54944", "wf-namespace-id": "16489026-76fa-49af-8333-d07c4a9341f7", "wf-id": "temporal-sys-worker-deployment:test-deployment-series", "wf-run-id": "83d6be8f-c473-416f-9907-009860cd828c", "queue-task-type": "DeleteHistoryEvent", "queue-task-id": 1048943, "timestamp": "2025-05-06T20:56:38.318Z", "cursor-timestamp": "2025-05-05T20:56:38.720Z", "logging-call-at": "/Users/shivamsaraf/Desktop/work/temporal/common/log/with_logger.go:37"}
2025-05-05T16:56:37.726-0400	debug	Assigning new task key	{"host": "127.0.0.1:54944", "shard-id": 3, "address": "127.0.0.1:54944", "wf-namespace-id": "16489026-76fa-49af-8333-d07c4a9341f7", "wf-id": "temporal-sys-worker-deployment:test-deployment-series", "wf-run-id": "83d6be8f-c473-416f-9907-009860cd828c", "queue-task-type": "TransferCloseExecution", "queue-task-id": 1048944, "timestamp": "2025-05-05T20:56:37.726Z", "cursor-timestamp": "2025-05-05T20:56:38.720Z", "logging-call-at": "/Users/shivamsaraf/Desktop/work/temporal/common/log/with_logger.go:37"}
2025-05-05T16:56:37.726-0400	debug	Assigning new task key	{"host": "127.0.0.1:54944", "shard-id": 3, "address": "127.0.0.1:54944", "wf-namespace-id": "16489026-76fa-49af-8333-d07c4a9341f7", "wf-id": "temporal-sys-worker-deployment:test-deployment-series", "wf-run-id": "24393b80-0208-4a55-abed-63a731c846c6", "queue-task-type": "VisibilityStartExecution", "queue-task-id": 1048945, "timestamp": "2025-05-05T20:56:37.726Z", "cursor-timestamp": "2025-05-05T20:56:38.720Z", "logging-call-at": "/Users/shivamsaraf/Desktop/work/temporal/common/log/with_logger.go:37"}
2025-05-05T16:56:37.726-0400	debug	New timer generated is less than min scheduled time	{"host": "127.0.0.1:54944", "shard-id": 3, "address": "127.0.0.1:54944", "wf-namespace-id": "16489026-76fa-49af-8333-d07c4a9341f7", "wf-id": "temporal-sys-worker-deployment:test-deployment-series", "wf-run-id": "24393b80-0208-4a55-abed-63a731c846c6", "queue-task-type": "WorkflowBackoffTimer", "queue-task-id": 1048946, "timestamp": "2025-05-05T20:56:38.698Z", "cursor-timestamp": "2025-05-05T20:56:38.720Z", "shard-update": "ShardAllocateTimerBeforeRead", "logging-call-at": "/Users/shivamsaraf/Desktop/work/temporal/common/log/with_logger.go:37"}
2025-05-05T16:56:37.726-0400	debug	Assigning new task key	{"host": "127.0.0.1:54944", "shard-id": 3, "address": "127.0.0.1:54944", "wf-namespace-id": "16489026-76fa-49af-8333-d07c4a9341f7", "wf-id": "temporal-sys-worker-deployment:test-deployment-series", "wf-run-id": "24393b80-0208-4a55-abed-63a731c846c6", "queue-task-type": "WorkflowBackoffTimer", "queue-task-id": 1048946, "timestamp": "2025-05-05T20:56:38.721Z", "cursor-timestamp": "2025-05-05T20:56:38.720Z", "logging-call-at": "/Users/shivamsaraf/Desktop/work/temporal/common/log/with_logger.go:37"}
2025-05-05T16:56:37.727-0400	debug	Process task as active.	{"host": "127.0.0.1:54944", "shard-id": 3, "address": "127.0.0.1:54944", "component": "transfer-queue-processor", "wf-namespace-id": "16489026-76fa-49af-8333-d07c4a9341f7", "value": "16489026-76fa-49af-8333-d07c4a9341f7/temporal-sys-worker-deployment:test-deployment-series/83d6be8f-c473-416f-9907-009860cd828c", "logging-call-at": "/Users/shivamsaraf/Desktop/work/temporal/common/log/with_logger.go:37"}
2025-05-05T16:56:37.727-0400	debug	deployment client success	{"host": "127.0.0.1:54942", "operation": "DescribeWorkerDeployment", "elapsed": 1.000452042, "args": ["test-deployment-series"], "logging-call-at": "/Users/shivamsaraf/Desktop/work/temporal/common/log/with_logger.go:37"}
2025-05-05T16:56:37.727-0400	debug	Frontend method invoked.	{"host": "127.0.0.1:54942", "wf-namespace": "namespace-42f52dc7-121e-4d0f-9fad-c806d0420c24", "operation": "DescribeWorkerDeploymentVersion", "server-name": "", "cert-thumbprint": "", "logging-call-at": "/Users/shivamsaraf/Desktop/work/temporal/common/log/with_logger.go:37"}
2025-05-05T16:56:37.730-0400	error	deployment client error	{"host": "127.0.0.1:54942", "error": "Worker Deployment Version not found", "operation": "DescribeVersion", "elapsed": 0.001984042, "args": ["test-deployment-series","two_2"], "logging-call-at": "/Users/shivamsaraf/Desktop/work/temporal/common/log/with_logger.go:52"}
go.temporal.io/server/common/log.(*zapLogger).Error
	/Users/shivamsaraf/Desktop/work/temporal/common/log/zap_logger.go:132
go.temporal.io/server/common/testing/testlogger.(*TestLogger).Error
	/Users/shivamsaraf/Desktop/work/temporal/common/testing/testlogger/testlogger.go:344
go.temporal.io/server/common/log.(*withLogger).Error
	/Users/shivamsaraf/Desktop/work/temporal/common/log/with_logger.go:52
go.temporal.io/server/service/worker/workerdeployment.(*ClientImpl).DescribeVersion.(*ClientImpl).record.func1
	/Users/shivamsaraf/Desktop/work/temporal/service/worker/workerdeployment/client.go:1263
go.temporal.io/server/service/worker/workerdeployment.(*ClientImpl).DescribeVersion
	/Users/shivamsaraf/Desktop/work/temporal/service/worker/workerdeployment/client.go:290
go.temporal.io/server/service/frontend.(*WorkflowHandler).DescribeWorkerDeploymentVersion
	/Users/shivamsaraf/Desktop/work/temporal/service/frontend/workflow_handler.go:3357
go.temporal.io/api/workflowservice/v1._WorkflowService_DescribeWorkerDeploymentVersion_Handler.func1
	/Users/shivamsaraf/go/pkg/mod/go.temporal.io/api@v1.49.0/workflowservice/v1/service_grpc.pb.go:3429
go.temporal.io/server/common/rpc/interceptor.(*RetryableInterceptor).Intercept.func1
	/Users/shivamsaraf/Desktop/work/temporal/common/rpc/interceptor/retry.go:38
go.temporal.io/server/common/backoff.ThrottleRetryContext
	/Users/shivamsaraf/Desktop/work/temporal/common/backoff/retry.go:65
go.temporal.io/server/common/rpc/interceptor.(*RetryableInterceptor).Intercept
	/Users/shivamsaraf/Desktop/work/temporal/common/rpc/interceptor/retry.go:42
google.golang.org/grpc.getChainUnaryHandler.func1
	/Users/shivamsaraf/go/pkg/mod/google.golang.org/grpc@v1.71.0/server.go:1217
go.temporal.io/server/common/rpc/interceptor.(*CallerInfoInterceptor).Intercept
	/Users/shivamsaraf/Desktop/work/temporal/common/rpc/interceptor/caller_info.go:40
google.golang.org/grpc.getChainUnaryHandler.func1
	/Users/shivamsaraf/go/pkg/mod/google.golang.org/grpc@v1.71.0/server.go:1217
go.temporal.io/server/common/rpc/interceptor.(*SDKVersionInterceptor).Intercept
	/Users/shivamsaraf/Desktop/work/temporal/common/rpc/interceptor/sdk_version.go:44
google.golang.org/grpc.getChainUnaryHandler.func1
	/Users/shivamsaraf/go/pkg/mod/google.golang.org/grpc@v1.71.0/server.go:1217
go.temporal.io/server/common/rpc/interceptor.(*RateLimitInterceptor).Intercept
	/Users/shivamsaraf/Desktop/work/temporal/common/rpc/interceptor/rate_limit.go:64
google.golang.org/grpc.getChainUnaryHandler.func1
	/Users/shivamsaraf/go/pkg/mod/google.golang.org/grpc@v1.71.0/server.go:1217
go.temporal.io/server/common/rpc/interceptor.(*NamespaceRateLimitInterceptorImpl).Intercept
	/Users/shivamsaraf/Desktop/work/temporal/common/rpc/interceptor/namespace_rate_limit.go:77
google.golang.org/grpc.getChainUnaryHandler.func1
	/Users/shivamsaraf/go/pkg/mod/google.golang.org/grpc@v1.71.0/server.go:1217
go.temporal.io/server/common/rpc/interceptor.(*ConcurrentRequestLimitInterceptor).Intercept
	/Users/shivamsaraf/Desktop/work/temporal/common/rpc/interceptor/concurrent_request_limit.go:83
google.golang.org/grpc.getChainUnaryHandler.func1
	/Users/shivamsaraf/go/pkg/mod/google.golang.org/grpc@v1.71.0/server.go:1217
go.temporal.io/server/common/rpc/interceptor.(*NamespaceValidatorInterceptor).StateValidationIntercept
	/Users/shivamsaraf/Desktop/work/temporal/common/rpc/interceptor/namespace_validator.go:210
google.golang.org/grpc.getChainUnaryHandler.func1
	/Users/shivamsaraf/go/pkg/mod/google.golang.org/grpc@v1.71.0/server.go:1217
go.temporal.io/server/common/rpc/interceptor.(*HealthInterceptor).Intercept
	/Users/shivamsaraf/Desktop/work/temporal/common/rpc/interceptor/health.go:41
google.golang.org/grpc.getChainUnaryHandler.func1
	/Users/shivamsaraf/go/pkg/mod/google.golang.org/grpc@v1.71.0/server.go:1217
go.temporal.io/server/common/rpc/interceptor.(*TelemetryInterceptor).UnaryIntercept
	/Users/shivamsaraf/Desktop/work/temporal/common/rpc/interceptor/telemetry.go:176
google.golang.org/grpc.getChainUnaryHandler.func1
	/Users/shivamsaraf/go/pkg/mod/google.golang.org/grpc@v1.71.0/server.go:1217
go.temporal.io/server/common/rpc/interceptor.(*Redirection).handleRedirectAPIInvocation.func2
	/Users/shivamsaraf/Desktop/work/temporal/common/rpc/interceptor/redirection.go:247
go.temporal.io/server/common/rpc/interceptor.(*NoopRedirectionPolicy).WithNamespaceRedirect
	/Users/shivamsaraf/Desktop/work/temporal/common/rpc/interceptor/dc_redirection_policy.go:101
go.temporal.io/server/common/rpc/interceptor.(*Redirection).handleRedirectAPIInvocation
	/Users/shivamsaraf/Desktop/work/temporal/common/rpc/interceptor/redirection.go:244
go.temporal.io/server/common/rpc/interceptor.(*Redirection).Intercept
	/Users/shivamsaraf/Desktop/work/temporal/common/rpc/interceptor/redirection.go:204
google.golang.org/grpc.getChainUnaryHandler.func1
	/Users/shivamsaraf/go/pkg/mod/google.golang.org/grpc@v1.71.0/server.go:1217
go.temporal.io/server/common/rpc/interceptor.(*NamespaceHandoverInterceptor).Intercept
	/Users/shivamsaraf/Desktop/work/temporal/common/rpc/interceptor/namespace_handover.go:85
google.golang.org/grpc.getChainUnaryHandler.func1
	/Users/shivamsaraf/go/pkg/mod/google.golang.org/grpc@v1.71.0/server.go:1217
go.temporal.io/server/common/authorization.(*Interceptor).Intercept
	/Users/shivamsaraf/Desktop/work/temporal/common/authorization/interceptor.go:154
google.golang.org/grpc.getChainUnaryHandler.func1
	/Users/shivamsaraf/go/pkg/mod/google.golang.org/grpc@v1.71.0/server.go:1217
go.temporal.io/server/service/frontend.GrpcServerOptionsProvider.NewServerMetricsContextInjectorInterceptor.func2
	/Users/shivamsaraf/Desktop/work/temporal/common/metrics/grpc.go:41
google.golang.org/grpc.getChainUnaryHandler.func1
	/Users/shivamsaraf/go/pkg/mod/google.golang.org/grpc@v1.71.0/server.go:1217
go.temporal.io/server/common/rpc/interceptor.(*NamespaceLogInterceptor).Intercept
	/Users/shivamsaraf/Desktop/work/temporal/common/rpc/interceptor/namespace_logger.go:60
google.golang.org/grpc.getChainUnaryHandler.func1
	/Users/shivamsaraf/go/pkg/mod/google.golang.org/grpc@v1.71.0/server.go:1217
go.temporal.io/server/common/rpc/interceptor.(*NamespaceValidatorInterceptor).NamespaceValidateIntercept
	/Users/shivamsaraf/Desktop/work/temporal/common/rpc/interceptor/namespace_validator.go:121
google.golang.org/grpc.getChainUnaryHandler.func1
	/Users/shivamsaraf/go/pkg/mod/google.golang.org/grpc@v1.71.0/server.go:1217
go.temporal.io/server/service/frontend.GrpcServerOptionsProvider.NewFrontendServiceErrorInterceptor.func1
	/Users/shivamsaraf/Desktop/work/temporal/common/rpc/grpc.go:135
google.golang.org/grpc.getChainUnaryHandler.func1
	/Users/shivamsaraf/go/pkg/mod/google.golang.org/grpc@v1.71.0/server.go:1217
go.temporal.io/server/common/rpc/interceptor.ServiceErrorInterceptor
	/Users/shivamsaraf/Desktop/work/temporal/common/rpc/interceptor/service_error_interceptor.go:19
google.golang.org/grpc.getChainUnaryHandler.func1
	/Users/shivamsaraf/go/pkg/mod/google.golang.org/grpc@v1.71.0/server.go:1217
go.temporal.io/server/common/rpc/interceptor.(*MaskInternalErrorDetailsInterceptor).Intercept
	/Users/shivamsaraf/Desktop/work/temporal/common/rpc/interceptor/mask_internal_error.go:51
google.golang.org/grpc.NewServer.chainUnaryServerInterceptors.chainUnaryInterceptors.func1
	/Users/shivamsaraf/go/pkg/mod/google.golang.org/grpc@v1.71.0/server.go:1208
go.temporal.io/api/workflowservice/v1._WorkflowService_DescribeWorkerDeploymentVersion_Handler
	/Users/shivamsaraf/go/pkg/mod/go.temporal.io/api@v1.49.0/workflowservice/v1/service_grpc.pb.go:3431
google.golang.org/grpc.(*Server).processUnaryRPC
	/Users/shivamsaraf/go/pkg/mod/google.golang.org/grpc@v1.71.0/server.go:1405
google.golang.org/grpc.(*Server).handleStream
	/Users/shivamsaraf/go/pkg/mod/google.golang.org/grpc@v1.71.0/server.go:1815
google.golang.org/grpc.(*Server).serveStreams.func2.1
	/Users/shivamsaraf/go/pkg/mod/google.golang.org/grpc@v1.71.0/server.go:1035
2025-05-05T16:56:37.730-0400	debug	Frontend method invoked.	{"host": "127.0.0.1:54942", "wf-namespace": "namespace-42f52dc7-121e-4d0f-9fad-c806d0420c24", "operation": "DescribeWorkerDeployment", "server-name": "", "cert-thumbprint": "", "logging-call-at": "/Users/shivamsaraf/Desktop/work/temporal/common/log/with_logger.go:37"}
2025-05-05T16:56:38.474-0400	debug	Process task as active.	{"host": "127.0.0.1:54944", "shard-id": 3, "address": "127.0.0.1:54944", "component": "timer-queue-processor", "wf-namespace-id": "16489026-76fa-49af-8333-d07c4a9341f7", "value": "16489026-76fa-49af-8333-d07c4a9341f7/temporal-sys-worker-deployment-version:test-deployment-series.one_1/151c6f13-3904-42d0-85e0-38b974b2d74e", "logging-call-at": "/Users/shivamsaraf/Desktop/work/temporal/common/log/with_logger.go:37"}
2025-05-05T16:56:38.474-0400	debug	Workflow task updated	{"host": "127.0.0.1:54944", "shard-id": 3, "address": "127.0.0.1:54944", "wf-namespace-id": "16489026-76fa-49af-8333-d07c4a9341f7", "wf-id": "temporal-sys-worker-deployment-version:test-deployment-series.one_1", "wf-run-id": "151c6f13-3904-42d0-85e0-38b974b2d74e", "wf-scheduled-event-id": 2, "wf-started-event-id": 0, "workflow-task-request-id": "emptyUuid", "workflow-task-timeout": 10, "attempt": 1, "wf-started-timestamp": "0001-01-01T00:00:00.000Z", "wt-type": "Normal", "logging-call-at": "/Users/shivamsaraf/Desktop/work/temporal/common/log/with_logger.go:37"}
2025-05-05T16:56:38.474-0400	debug	Assigning new task key	{"host": "127.0.0.1:54944", "shard-id": 3, "address": "127.0.0.1:54944", "wf-namespace-id": "16489026-76fa-49af-8333-d07c4a9341f7", "wf-id": "temporal-sys-worker-deployment-version:test-deployment-series.one_1", "wf-run-id": "151c6f13-3904-42d0-85e0-38b974b2d74e", "queue-task-type": "TransferWorkflowTask", "queue-task-id": 1048949, "timestamp": "2025-05-05T20:56:38.474Z", "cursor-timestamp": "2025-05-05T20:56:38.727Z", "logging-call-at": "/Users/shivamsaraf/Desktop/work/temporal/common/log/with_logger.go:37"}
2025-05-05T16:56:38.475-0400	debug	Process task as active.	{"host": "127.0.0.1:54944", "shard-id": 3, "address": "127.0.0.1:54944", "component": "transfer-queue-processor", "wf-namespace-id": "16489026-76fa-49af-8333-d07c4a9341f7", "value": "16489026-76fa-49af-8333-d07c4a9341f7/temporal-sys-worker-deployment-version:test-deployment-series.one_1/151c6f13-3904-42d0-85e0-38b974b2d74e", "logging-call-at": "/Users/shivamsaraf/Desktop/work/temporal/common/log/with_logger.go:37"}
2025-05-05T16:56:38.476-0400	debug	Workflow task updated	{"host": "127.0.0.1:54944", "shard-id": 3, "address": "127.0.0.1:54944", "wf-namespace-id": "16489026-76fa-49af-8333-d07c4a9341f7", "wf-id": "temporal-sys-worker-deployment-version:test-deployment-series.one_1", "wf-run-id": "151c6f13-3904-42d0-85e0-38b974b2d74e", "wf-scheduled-event-id": 2, "wf-started-event-id": 3, "workflow-task-request-id": "c34417d3-5354-4485-894d-f1ab6516db3a", "workflow-task-timeout": 10, "attempt": 1, "wf-started-timestamp": "2025-05-05T20:56:38.476Z", "wt-type": "Normal", "logging-call-at": "/Users/shivamsaraf/Desktop/work/temporal/common/log/with_logger.go:37"}
2025-05-05T16:56:38.476-0400	debug	Assigning new task key	{"host": "127.0.0.1:54944", "shard-id": 3, "address": "127.0.0.1:54944", "wf-namespace-id": "16489026-76fa-49af-8333-d07c4a9341f7", "wf-id": "temporal-sys-worker-deployment-version:test-deployment-series.one_1", "wf-run-id": "151c6f13-3904-42d0-85e0-38b974b2d74e", "queue-task-type": "WorkflowTaskTimeout", "queue-task-id": 1048952, "timestamp": "2025-05-05T20:56:48.477Z", "cursor-timestamp": "2025-05-05T20:56:39.475Z", "logging-call-at": "/Users/shivamsaraf/Desktop/work/temporal/common/log/with_logger.go:37"}
2025-05-05T16:56:38.478-0400	debug	Frontend method invoked.	{"host": "127.0.0.1:54942", "wf-namespace": "namespace-42f52dc7-121e-4d0f-9fad-c806d0420c24", "operation": "PollWorkflowTaskQueue", "server-name": "", "cert-thumbprint": "", "logging-call-at": "/Users/shivamsaraf/Desktop/work/temporal/common/log/with_logger.go:37"}
Version doing continue-as-new with drainage info Unspecified
2025-05-05T16:56:38.478-0400	debug	Received PollWorkflowTaskQueue	{"host": "127.0.0.1:54942", "service": "frontend", "logging-call-at": "/Users/shivamsaraf/Desktop/work/temporal/common/log/with_logger.go:37"}
2025-05-05T16:56:38.478-0400	debug	Poll workflow task queue.	{"host": "127.0.0.1:54942", "service": "frontend", "wf-namespace": "namespace-42f52dc7-121e-4d0f-9fad-c806d0420c24", "wf-namespace-id": "16489026-76fa-49af-8333-d07c4a9341f7", "logging-call-at": "/Users/shivamsaraf/Desktop/work/temporal/common/log/with_logger.go:37"}
2025-05-05T16:56:38.478-0400	debug	Frontend method invoked.	{"host": "127.0.0.1:54942", "wf-namespace": "namespace-42f52dc7-121e-4d0f-9fad-c806d0420c24", "operation": "RespondWorkflowTaskCompleted", "server-name": "", "cert-thumbprint": "", "logging-call-at": "/Users/shivamsaraf/Desktop/work/temporal/common/log/with_logger.go:37"}
2025-05-05T16:56:38.478-0400	debug	RespondWorkflowTaskCompleted	{"host": "127.0.0.1:54944", "service": "history", "wf-namespace-id": "16489026-76fa-49af-8333-d07c4a9341f7", "wf-id": "temporal-sys-worker-deployment-version:test-deployment-series.one_1", "wf-run-id": "151c6f13-3904-42d0-85e0-38b974b2d74e", "wf-scheduled-event-id": 2, "logging-call-at": "/Users/shivamsaraf/Desktop/work/temporal/common/log/with_logger.go:37"}
2025-05-05T16:56:38.478-0400	debug	Workflow task updated	{"host": "127.0.0.1:54944", "shard-id": 3, "address": "127.0.0.1:54944", "wf-namespace-id": "16489026-76fa-49af-8333-d07c4a9341f7", "wf-id": "temporal-sys-worker-deployment-version:test-deployment-series.one_1", "wf-run-id": "151c6f13-3904-42d0-85e0-38b974b2d74e", "wf-scheduled-event-id": 0, "wf-started-event-id": 0, "workflow-task-request-id": "emptyUuid", "workflow-task-timeout": 0, "attempt": 1, "wf-started-timestamp": "1970-01-01T00:00:00.000Z", "wt-type": "Unspecified", "logging-call-at": "/Users/shivamsaraf/Desktop/work/temporal/common/log/with_logger.go:37"}
2025-05-05T16:56:38.479-0400	debug	Assigning new task key	{"host": "127.0.0.1:54944", "shard-id": 3, "address": "127.0.0.1:54944", "wf-namespace-id": "16489026-76fa-49af-8333-d07c4a9341f7", "wf-id": "temporal-sys-worker-deployment-version:test-deployment-series.one_1", "wf-run-id": "151c6f13-3904-42d0-85e0-38b974b2d74e", "queue-task-type": "VisibilityCloseExecution", "queue-task-id": 1048959, "timestamp": "2025-05-05T20:56:38.479Z", "cursor-timestamp": "2025-05-05T20:56:39.475Z", "logging-call-at": "/Users/shivamsaraf/Desktop/work/temporal/common/log/with_logger.go:37"}
2025-05-05T16:56:38.479-0400	debug	Assigning new task key	{"host": "127.0.0.1:54944", "shard-id": 3, "address": "127.0.0.1:54944", "wf-namespace-id": "16489026-76fa-49af-8333-d07c4a9341f7", "wf-id": "temporal-sys-worker-deployment-version:test-deployment-series.one_1", "wf-run-id": "151c6f13-3904-42d0-85e0-38b974b2d74e", "queue-task-type": "DeleteHistoryEvent", "queue-task-id": 1048960, "timestamp": "2025-05-06T20:56:38.496Z", "cursor-timestamp": "2025-05-05T20:56:39.475Z", "logging-call-at": "/Users/shivamsaraf/Desktop/work/temporal/common/log/with_logger.go:37"}
2025-05-05T16:56:38.479-0400	debug	Assigning new task key	{"host": "127.0.0.1:54944", "shard-id": 3, "address": "127.0.0.1:54944", "wf-namespace-id": "16489026-76fa-49af-8333-d07c4a9341f7", "wf-id": "temporal-sys-worker-deployment-version:test-deployment-series.one_1", "wf-run-id": "151c6f13-3904-42d0-85e0-38b974b2d74e", "queue-task-type": "TransferCloseExecution", "queue-task-id": 1048961, "timestamp": "2025-05-05T20:56:38.479Z", "cursor-timestamp": "2025-05-05T20:56:39.475Z", "logging-call-at": "/Users/shivamsaraf/Desktop/work/temporal/common/log/with_logger.go:37"}
2025-05-05T16:56:38.479-0400	debug	Assigning new task key	{"host": "127.0.0.1:54944", "shard-id": 3, "address": "127.0.0.1:54944", "wf-namespace-id": "16489026-76fa-49af-8333-d07c4a9341f7", "wf-id": "temporal-sys-worker-deployment-version:test-deployment-series.one_1", "wf-run-id": "593f6016-5aa7-417e-a6f3-e57045d9a83d", "queue-task-type": "VisibilityStartExecution", "queue-task-id": 1048962, "timestamp": "2025-05-05T20:56:38.479Z", "cursor-timestamp": "2025-05-05T20:56:39.475Z", "logging-call-at": "/Users/shivamsaraf/Desktop/work/temporal/common/log/with_logger.go:37"}
2025-05-05T16:56:38.479-0400	debug	New timer generated is less than min scheduled time	{"host": "127.0.0.1:54944", "shard-id": 3, "address": "127.0.0.1:54944", "wf-namespace-id": "16489026-76fa-49af-8333-d07c4a9341f7", "wf-id": "temporal-sys-worker-deployment-version:test-deployment-series.one_1", "wf-run-id": "593f6016-5aa7-417e-a6f3-e57045d9a83d", "queue-task-type": "WorkflowBackoffTimer", "queue-task-id": 1048963, "timestamp": "2025-05-05T20:56:39.453Z", "cursor-timestamp": "2025-05-05T20:56:39.475Z", "shard-update": "ShardAllocateTimerBeforeRead", "logging-call-at": "/Users/shivamsaraf/Desktop/work/temporal/common/log/with_logger.go:37"}
2025-05-05T16:56:38.479-0400	debug	Assigning new task key	{"host": "127.0.0.1:54944", "shard-id": 3, "address": "127.0.0.1:54944", "wf-namespace-id": "16489026-76fa-49af-8333-d07c4a9341f7", "wf-id": "temporal-sys-worker-deployment-version:test-deployment-series.one_1", "wf-run-id": "593f6016-5aa7-417e-a6f3-e57045d9a83d", "queue-task-type": "WorkflowBackoffTimer", "queue-task-id": 1048963, "timestamp": "2025-05-05T20:56:39.476Z", "cursor-timestamp": "2025-05-05T20:56:39.475Z", "logging-call-at": "/Users/shivamsaraf/Desktop/work/temporal/common/log/with_logger.go:37"}
2025-05-05T16:56:38.480-0400	debug	Process task as active.	{"host": "127.0.0.1:54944", "shard-id": 3, "address": "127.0.0.1:54944", "component": "transfer-queue-processor", "wf-namespace-id": "16489026-76fa-49af-8333-d07c4a9341f7", "value": "16489026-76fa-49af-8333-d07c4a9341f7/temporal-sys-worker-deployment-version:test-deployment-series.one_1/151c6f13-3904-42d0-85e0-38b974b2d74e", "logging-call-at": "/Users/shivamsaraf/Desktop/work/temporal/common/log/with_logger.go:37"}
2025-05-05T16:56:38.722-0400	debug	Process task as active.	{"host": "127.0.0.1:54944", "shard-id": 3, "address": "127.0.0.1:54944", "component": "timer-queue-processor", "wf-namespace-id": "16489026-76fa-49af-8333-d07c4a9341f7", "value": "16489026-76fa-49af-8333-d07c4a9341f7/temporal-sys-worker-deployment:test-deployment-series/24393b80-0208-4a55-abed-63a731c846c6", "logging-call-at": "/Users/shivamsaraf/Desktop/work/temporal/common/log/with_logger.go:37"}
2025-05-05T16:56:38.722-0400	debug	Workflow task updated	{"host": "127.0.0.1:54944", "shard-id": 3, "address": "127.0.0.1:54944", "wf-namespace-id": "16489026-76fa-49af-8333-d07c4a9341f7", "wf-id": "temporal-sys-worker-deployment:test-deployment-series", "wf-run-id": "24393b80-0208-4a55-abed-63a731c846c6", "wf-scheduled-event-id": 2, "wf-started-event-id": 0, "workflow-task-request-id": "emptyUuid", "workflow-task-timeout": 10, "attempt": 1, "wf-started-timestamp": "0001-01-01T00:00:00.000Z", "wt-type": "Normal", "logging-call-at": "/Users/shivamsaraf/Desktop/work/temporal/common/log/with_logger.go:37"}
2025-05-05T16:56:38.722-0400	debug	Assigning new task key	{"host": "127.0.0.1:54944", "shard-id": 3, "address": "127.0.0.1:54944", "wf-namespace-id": "16489026-76fa-49af-8333-d07c4a9341f7", "wf-id": "temporal-sys-worker-deployment:test-deployment-series", "wf-run-id": "24393b80-0208-4a55-abed-63a731c846c6", "queue-task-type": "TransferWorkflowTask", "queue-task-id": 1048966, "timestamp": "2025-05-05T20:56:38.722Z", "cursor-timestamp": "2025-05-05T20:56:39.479Z", "logging-call-at": "/Users/shivamsaraf/Desktop/work/temporal/common/log/with_logger.go:37"}
2025-05-05T16:56:38.724-0400	debug	Process task as active.	{"host": "127.0.0.1:54944", "shard-id": 3, "address": "127.0.0.1:54944", "component": "transfer-queue-processor", "wf-namespace-id": "16489026-76fa-49af-8333-d07c4a9341f7", "value": "16489026-76fa-49af-8333-d07c4a9341f7/temporal-sys-worker-deployment:test-deployment-series/24393b80-0208-4a55-abed-63a731c846c6", "logging-call-at": "/Users/shivamsaraf/Desktop/work/temporal/common/log/with_logger.go:37"}
2025-05-05T16:56:38.725-0400	debug	Workflow task updated	{"host": "127.0.0.1:54944", "shard-id": 3, "address": "127.0.0.1:54944", "wf-namespace-id": "16489026-76fa-49af-8333-d07c4a9341f7", "wf-id": "temporal-sys-worker-deployment:test-deployment-series", "wf-run-id": "24393b80-0208-4a55-abed-63a731c846c6", "wf-scheduled-event-id": 2, "wf-started-event-id": 3, "workflow-task-request-id": "e5e6ec34-2439-40ab-bc73-1db67f223a8d", "workflow-task-timeout": 10, "attempt": 1, "wf-started-timestamp": "2025-05-05T20:56:38.725Z", "wt-type": "Normal", "logging-call-at": "/Users/shivamsaraf/Desktop/work/temporal/common/log/with_logger.go:37"}
2025-05-05T16:56:38.725-0400	debug	Assigning new task key	{"host": "127.0.0.1:54944", "shard-id": 3, "address": "127.0.0.1:54944", "wf-namespace-id": "16489026-76fa-49af-8333-d07c4a9341f7", "wf-id": "temporal-sys-worker-deployment:test-deployment-series", "wf-run-id": "24393b80-0208-4a55-abed-63a731c846c6", "queue-task-type": "WorkflowTaskTimeout", "queue-task-id": 1048969, "timestamp": "2025-05-05T20:56:48.726Z", "cursor-timestamp": "2025-05-05T20:56:39.724Z", "logging-call-at": "/Users/shivamsaraf/Desktop/work/temporal/common/log/with_logger.go:37"}
2025-05-05T16:56:38.728-0400	debug	Worker Deployment Workflow doing continue-as-new	{"host": "127.0.0.1:54945", "Namespace": "namespace-42f52dc7-121e-4d0f-9fad-c806d0420c24", "TaskQueue": "temporal-sys-per-ns-tq", "WorkerID": "temporal-system@Shivams-MacBook-Pro.local@namespace-42f52dc7-121e-4d0f-9fad-c806d0420c24", "WorkflowType": "temporal-sys-worker-deployment-workflow", "WorkflowID": "temporal-sys-worker-deployment:test-deployment-series", "RunID": "24393b80-0208-4a55-abed-63a731c846c6", "Attempt": 1, "wf-namespace": "namespace-42f52dc7-121e-4d0f-9fad-c806d0420c24", "logging-call-at": "/Users/shivamsaraf/Desktop/work/temporal/common/log/with_logger.go:37"}
2025-05-05T16:56:38.728-0400	debug	Frontend method invoked.	{"host": "127.0.0.1:54942", "wf-namespace": "namespace-42f52dc7-121e-4d0f-9fad-c806d0420c24", "operation": "PollWorkflowTaskQueue", "server-name": "", "cert-thumbprint": "", "logging-call-at": "/Users/shivamsaraf/Desktop/work/temporal/common/log/with_logger.go:37"}
2025-05-05T16:56:38.728-0400	debug	Received PollWorkflowTaskQueue	{"host": "127.0.0.1:54942", "service": "frontend", "logging-call-at": "/Users/shivamsaraf/Desktop/work/temporal/common/log/with_logger.go:37"}
2025-05-05T16:56:38.729-0400	debug	Poll workflow task queue.	{"host": "127.0.0.1:54942", "service": "frontend", "wf-namespace": "namespace-42f52dc7-121e-4d0f-9fad-c806d0420c24", "wf-namespace-id": "16489026-76fa-49af-8333-d07c4a9341f7", "logging-call-at": "/Users/shivamsaraf/Desktop/work/temporal/common/log/with_logger.go:37"}
2025-05-05T16:56:38.729-0400	debug	Frontend method invoked.	{"host": "127.0.0.1:54942", "wf-namespace": "namespace-42f52dc7-121e-4d0f-9fad-c806d0420c24", "operation": "RespondWorkflowTaskCompleted", "server-name": "", "cert-thumbprint": "", "logging-call-at": "/Users/shivamsaraf/Desktop/work/temporal/common/log/with_logger.go:37"}
2025-05-05T16:56:38.729-0400	debug	RespondWorkflowTaskCompleted	{"host": "127.0.0.1:54944", "service": "history", "wf-namespace-id": "16489026-76fa-49af-8333-d07c4a9341f7", "wf-id": "temporal-sys-worker-deployment:test-deployment-series", "wf-run-id": "24393b80-0208-4a55-abed-63a731c846c6", "wf-scheduled-event-id": 2, "logging-call-at": "/Users/shivamsaraf/Desktop/work/temporal/common/log/with_logger.go:37"}
2025-05-05T16:56:38.729-0400	debug	Workflow task updated	{"host": "127.0.0.1:54944", "shard-id": 3, "address": "127.0.0.1:54944", "wf-namespace-id": "16489026-76fa-49af-8333-d07c4a9341f7", "wf-id": "temporal-sys-worker-deployment:test-deployment-series", "wf-run-id": "24393b80-0208-4a55-abed-63a731c846c6", "wf-scheduled-event-id": 0, "wf-started-event-id": 0, "workflow-task-request-id": "emptyUuid", "workflow-task-timeout": 0, "attempt": 1, "wf-started-timestamp": "1970-01-01T00:00:00.000Z", "wt-type": "Unspecified", "logging-call-at": "/Users/shivamsaraf/Desktop/work/temporal/common/log/with_logger.go:37"}
2025-05-05T16:56:38.730-0400	debug	Assigning new task key	{"host": "127.0.0.1:54944", "shard-id": 3, "address": "127.0.0.1:54944", "wf-namespace-id": "16489026-76fa-49af-8333-d07c4a9341f7", "wf-id": "temporal-sys-worker-deployment:test-deployment-series", "wf-run-id": "24393b80-0208-4a55-abed-63a731c846c6", "queue-task-type": "DeleteHistoryEvent", "queue-task-id": 1048976, "timestamp": "2025-05-06T20:56:38.836Z", "cursor-timestamp": "2025-05-05T20:56:39.724Z", "logging-call-at": "/Users/shivamsaraf/Desktop/work/temporal/common/log/with_logger.go:37"}
2025-05-05T16:56:38.730-0400	debug	Assigning new task key	{"host": "127.0.0.1:54944", "shard-id": 3, "address": "127.0.0.1:54944", "wf-namespace-id": "16489026-76fa-49af-8333-d07c4a9341f7", "wf-id": "temporal-sys-worker-deployment:test-deployment-series", "wf-run-id": "24393b80-0208-4a55-abed-63a731c846c6", "queue-task-type": "TransferCloseExecution", "queue-task-id": 1048977, "timestamp": "2025-05-05T20:56:38.730Z", "cursor-timestamp": "2025-05-05T20:56:39.724Z", "logging-call-at": "/Users/shivamsaraf/Desktop/work/temporal/common/log/with_logger.go:37"}
2025-05-05T16:56:38.730-0400	debug	Assigning new task key	{"host": "127.0.0.1:54944", "shard-id": 3, "address": "127.0.0.1:54944", "wf-namespace-id": "16489026-76fa-49af-8333-d07c4a9341f7", "wf-id": "temporal-sys-worker-deployment:test-deployment-series", "wf-run-id": "24393b80-0208-4a55-abed-63a731c846c6", "queue-task-type": "VisibilityCloseExecution", "queue-task-id": 1048978, "timestamp": "2025-05-05T20:56:38.730Z", "cursor-timestamp": "2025-05-05T20:56:39.724Z", "logging-call-at": "/Users/shivamsaraf/Desktop/work/temporal/common/log/with_logger.go:37"}
2025-05-05T16:56:38.730-0400	debug	Assigning new task key	{"host": "127.0.0.1:54944", "shard-id": 3, "address": "127.0.0.1:54944", "wf-namespace-id": "16489026-76fa-49af-8333-d07c4a9341f7", "wf-id": "temporal-sys-worker-deployment:test-deployment-series", "wf-run-id": "4881889e-9c71-4265-94f2-a281f6c0e69e", "queue-task-type": "VisibilityStartExecution", "queue-task-id": 1048979, "timestamp": "2025-05-05T20:56:38.730Z", "cursor-timestamp": "2025-05-05T20:56:39.724Z", "logging-call-at": "/Users/shivamsaraf/Desktop/work/temporal/common/log/with_logger.go:37"}
2025-05-05T16:56:38.730-0400	debug	New timer generated is less than min scheduled time	{"host": "127.0.0.1:54944", "shard-id": 3, "address": "127.0.0.1:54944", "wf-namespace-id": "16489026-76fa-49af-8333-d07c4a9341f7", "wf-id": "temporal-sys-worker-deployment:test-deployment-series", "wf-run-id": "4881889e-9c71-4265-94f2-a281f6c0e69e", "queue-task-type": "WorkflowBackoffTimer", "queue-task-id": 1048980, "timestamp": "2025-05-05T20:56:39.698Z", "cursor-timestamp": "2025-05-05T20:56:39.724Z", "shard-update": "ShardAllocateTimerBeforeRead", "logging-call-at": "/Users/shivamsaraf/Desktop/work/temporal/common/log/with_logger.go:37"}
2025-05-05T16:56:38.730-0400	debug	Assigning new task key	{"host": "127.0.0.1:54944", "shard-id": 3, "address": "127.0.0.1:54944", "wf-namespace-id": "16489026-76fa-49af-8333-d07c4a9341f7", "wf-id": "temporal-sys-worker-deployment:test-deployment-series", "wf-run-id": "4881889e-9c71-4265-94f2-a281f6c0e69e", "queue-task-type": "WorkflowBackoffTimer", "queue-task-id": 1048980, "timestamp": "2025-05-05T20:56:39.725Z", "cursor-timestamp": "2025-05-05T20:56:39.724Z", "logging-call-at": "/Users/shivamsaraf/Desktop/work/temporal/common/log/with_logger.go:37"}
2025-05-05T16:56:38.731-0400	debug	deployment client success	{"host": "127.0.0.1:54942", "operation": "DescribeWorkerDeployment", "elapsed": 1.00120375, "args": ["test-deployment-series"], "logging-call-at": "/Users/shivamsaraf/Desktop/work/temporal/common/log/with_logger.go:37"}
2025-05-05T16:56:38.732-0400	debug	Process task as active.	{"host": "127.0.0.1:54944", "shard-id": 3, "address": "127.0.0.1:54944", "component": "transfer-queue-processor", "wf-namespace-id": "16489026-76fa-49af-8333-d07c4a9341f7", "value": "16489026-76fa-49af-8333-d07c4a9341f7/temporal-sys-worker-deployment:test-deployment-series/24393b80-0208-4a55-abed-63a731c846c6", "logging-call-at": "/Users/shivamsaraf/Desktop/work/temporal/common/log/with_logger.go:37"}
2025-05-05T16:56:38.732-0400	debug	Frontend method invoked.	{"host": "127.0.0.1:54942", "wf-namespace": "namespace-42f52dc7-121e-4d0f-9fad-c806d0420c24", "operation": "DescribeWorkerDeploymentVersion", "server-name": "", "cert-thumbprint": "", "logging-call-at": "/Users/shivamsaraf/Desktop/work/temporal/common/log/with_logger.go:37"}
2025-05-05T16:56:38.734-0400	error	deployment client error	{"host": "127.0.0.1:54942", "error": "Worker Deployment Version not found", "operation": "DescribeVersion", "elapsed": 0.001795208, "args": ["test-deployment-series","two_2"], "logging-call-at": "/Users/shivamsaraf/Desktop/work/temporal/common/log/with_logger.go:52"}
go.temporal.io/server/common/log.(*zapLogger).Error
	/Users/shivamsaraf/Desktop/work/temporal/common/log/zap_logger.go:132
go.temporal.io/server/common/testing/testlogger.(*TestLogger).Error
	/Users/shivamsaraf/Desktop/work/temporal/common/testing/testlogger/testlogger.go:344
go.temporal.io/server/common/log.(*withLogger).Error
	/Users/shivamsaraf/Desktop/work/temporal/common/log/with_logger.go:52
go.temporal.io/server/service/worker/workerdeployment.(*ClientImpl).DescribeVersion.(*ClientImpl).record.func1
	/Users/shivamsaraf/Desktop/work/temporal/service/worker/workerdeployment/client.go:1263
go.temporal.io/server/service/worker/workerdeployment.(*ClientImpl).DescribeVersion
	/Users/shivamsaraf/Desktop/work/temporal/service/worker/workerdeployment/client.go:290
go.temporal.io/server/service/frontend.(*WorkflowHandler).DescribeWorkerDeploymentVersion
	/Users/shivamsaraf/Desktop/work/temporal/service/frontend/workflow_handler.go:3357
go.temporal.io/api/workflowservice/v1._WorkflowService_DescribeWorkerDeploymentVersion_Handler.func1
	/Users/shivamsaraf/go/pkg/mod/go.temporal.io/api@v1.49.0/workflowservice/v1/service_grpc.pb.go:3429
go.temporal.io/server/common/rpc/interceptor.(*RetryableInterceptor).Intercept.func1
	/Users/shivamsaraf/Desktop/work/temporal/common/rpc/interceptor/retry.go:38
go.temporal.io/server/common/backoff.ThrottleRetryContext
	/Users/shivamsaraf/Desktop/work/temporal/common/backoff/retry.go:65
go.temporal.io/server/common/rpc/interceptor.(*RetryableInterceptor).Intercept
	/Users/shivamsaraf/Desktop/work/temporal/common/rpc/interceptor/retry.go:42
google.golang.org/grpc.getChainUnaryHandler.func1
	/Users/shivamsaraf/go/pkg/mod/google.golang.org/grpc@v1.71.0/server.go:1217
go.temporal.io/server/common/rpc/interceptor.(*CallerInfoInterceptor).Intercept
	/Users/shivamsaraf/Desktop/work/temporal/common/rpc/interceptor/caller_info.go:40
google.golang.org/grpc.getChainUnaryHandler.func1
	/Users/shivamsaraf/go/pkg/mod/google.golang.org/grpc@v1.71.0/server.go:1217
go.temporal.io/server/common/rpc/interceptor.(*SDKVersionInterceptor).Intercept
	/Users/shivamsaraf/Desktop/work/temporal/common/rpc/interceptor/sdk_version.go:44
google.golang.org/grpc.getChainUnaryHandler.func1
	/Users/shivamsaraf/go/pkg/mod/google.golang.org/grpc@v1.71.0/server.go:1217
go.temporal.io/server/common/rpc/interceptor.(*RateLimitInterceptor).Intercept
	/Users/shivamsaraf/Desktop/work/temporal/common/rpc/interceptor/rate_limit.go:64
google.golang.org/grpc.getChainUnaryHandler.func1
	/Users/shivamsaraf/go/pkg/mod/google.golang.org/grpc@v1.71.0/server.go:1217
go.temporal.io/server/common/rpc/interceptor.(*NamespaceRateLimitInterceptorImpl).Intercept
	/Users/shivamsaraf/Desktop/work/temporal/common/rpc/interceptor/namespace_rate_limit.go:77
google.golang.org/grpc.getChainUnaryHandler.func1
	/Users/shivamsaraf/go/pkg/mod/google.golang.org/grpc@v1.71.0/server.go:1217
go.temporal.io/server/common/rpc/interceptor.(*ConcurrentRequestLimitInterceptor).Intercept
	/Users/shivamsaraf/Desktop/work/temporal/common/rpc/interceptor/concurrent_request_limit.go:83
google.golang.org/grpc.getChainUnaryHandler.func1
	/Users/shivamsaraf/go/pkg/mod/google.golang.org/grpc@v1.71.0/server.go:1217
go.temporal.io/server/common/rpc/interceptor.(*NamespaceValidatorInterceptor).StateValidationIntercept
	/Users/shivamsaraf/Desktop/work/temporal/common/rpc/interceptor/namespace_validator.go:210
google.golang.org/grpc.getChainUnaryHandler.func1
	/Users/shivamsaraf/go/pkg/mod/google.golang.org/grpc@v1.71.0/server.go:1217
go.temporal.io/server/common/rpc/interceptor.(*HealthInterceptor).Intercept
	/Users/shivamsaraf/Desktop/work/temporal/common/rpc/interceptor/health.go:41
google.golang.org/grpc.getChainUnaryHandler.func1
	/Users/shivamsaraf/go/pkg/mod/google.golang.org/grpc@v1.71.0/server.go:1217
go.temporal.io/server/common/rpc/interceptor.(*TelemetryInterceptor).UnaryIntercept
	/Users/shivamsaraf/Desktop/work/temporal/common/rpc/interceptor/telemetry.go:176
google.golang.org/grpc.getChainUnaryHandler.func1
	/Users/shivamsaraf/go/pkg/mod/google.golang.org/grpc@v1.71.0/server.go:1217
go.temporal.io/server/common/rpc/interceptor.(*Redirection).handleRedirectAPIInvocation.func2
	/Users/shivamsaraf/Desktop/work/temporal/common/rpc/interceptor/redirection.go:247
go.temporal.io/server/common/rpc/interceptor.(*NoopRedirectionPolicy).WithNamespaceRedirect
	/Users/shivamsaraf/Desktop/work/temporal/common/rpc/interceptor/dc_redirection_policy.go:101
go.temporal.io/server/common/rpc/interceptor.(*Redirection).handleRedirectAPIInvocation
	/Users/shivamsaraf/Desktop/work/temporal/common/rpc/interceptor/redirection.go:244
go.temporal.io/server/common/rpc/interceptor.(*Redirection).Intercept
	/Users/shivamsaraf/Desktop/work/temporal/common/rpc/interceptor/redirection.go:204
google.golang.org/grpc.getChainUnaryHandler.func1
	/Users/shivamsaraf/go/pkg/mod/google.golang.org/grpc@v1.71.0/server.go:1217
go.temporal.io/server/common/rpc/interceptor.(*NamespaceHandoverInterceptor).Intercept
	/Users/shivamsaraf/Desktop/work/temporal/common/rpc/interceptor/namespace_handover.go:85
google.golang.org/grpc.getChainUnaryHandler.func1
	/Users/shivamsaraf/go/pkg/mod/google.golang.org/grpc@v1.71.0/server.go:1217
go.temporal.io/server/common/authorization.(*Interceptor).Intercept
	/Users/shivamsaraf/Desktop/work/temporal/common/authorization/interceptor.go:154
google.golang.org/grpc.getChainUnaryHandler.func1
	/Users/shivamsaraf/go/pkg/mod/google.golang.org/grpc@v1.71.0/server.go:1217
go.temporal.io/server/service/frontend.GrpcServerOptionsProvider.NewServerMetricsContextInjectorInterceptor.func2
	/Users/shivamsaraf/Desktop/work/temporal/common/metrics/grpc.go:41
google.golang.org/grpc.getChainUnaryHandler.func1
	/Users/shivamsaraf/go/pkg/mod/google.golang.org/grpc@v1.71.0/server.go:1217
go.temporal.io/server/common/rpc/interceptor.(*NamespaceLogInterceptor).Intercept
	/Users/shivamsaraf/Desktop/work/temporal/common/rpc/interceptor/namespace_logger.go:60
google.golang.org/grpc.getChainUnaryHandler.func1
	/Users/shivamsaraf/go/pkg/mod/google.golang.org/grpc@v1.71.0/server.go:1217
go.temporal.io/server/common/rpc/interceptor.(*NamespaceValidatorInterceptor).NamespaceValidateIntercept
	/Users/shivamsaraf/Desktop/work/temporal/common/rpc/interceptor/namespace_validator.go:121
google.golang.org/grpc.getChainUnaryHandler.func1
	/Users/shivamsaraf/go/pkg/mod/google.golang.org/grpc@v1.71.0/server.go:1217
go.temporal.io/server/service/frontend.GrpcServerOptionsProvider.NewFrontendServiceErrorInterceptor.func1
	/Users/shivamsaraf/Desktop/work/temporal/common/rpc/grpc.go:135
google.golang.org/grpc.getChainUnaryHandler.func1
	/Users/shivamsaraf/go/pkg/mod/google.golang.org/grpc@v1.71.0/server.go:1217
go.temporal.io/server/common/rpc/interceptor.ServiceErrorInterceptor
	/Users/shivamsaraf/Desktop/work/temporal/common/rpc/interceptor/service_error_interceptor.go:19
google.golang.org/grpc.getChainUnaryHandler.func1
	/Users/shivamsaraf/go/pkg/mod/google.golang.org/grpc@v1.71.0/server.go:1217
go.temporal.io/server/common/rpc/interceptor.(*MaskInternalErrorDetailsInterceptor).Intercept
	/Users/shivamsaraf/Desktop/work/temporal/common/rpc/interceptor/mask_internal_error.go:51
google.golang.org/grpc.NewServer.chainUnaryServerInterceptors.chainUnaryInterceptors.func1
	/Users/shivamsaraf/go/pkg/mod/google.golang.org/grpc@v1.71.0/server.go:1208
go.temporal.io/api/workflowservice/v1._WorkflowService_DescribeWorkerDeploymentVersion_Handler
	/Users/shivamsaraf/go/pkg/mod/go.temporal.io/api@v1.49.0/workflowservice/v1/service_grpc.pb.go:3431
google.golang.org/grpc.(*Server).processUnaryRPC
	/Users/shivamsaraf/go/pkg/mod/google.golang.org/grpc@v1.71.0/server.go:1405
google.golang.org/grpc.(*Server).handleStream
	/Users/shivamsaraf/go/pkg/mod/google.golang.org/grpc@v1.71.0/server.go:1815
google.golang.org/grpc.(*Server).serveStreams.func2.1
	/Users/shivamsaraf/go/pkg/mod/google.golang.org/grpc@v1.71.0/server.go:1035
2025-05-05T16:56:38.735-0400	debug	Frontend method invoked.	{"host": "127.0.0.1:54942", "wf-namespace": "namespace-42f52dc7-121e-4d0f-9fad-c806d0420c24", "operation": "DescribeWorkerDeployment", "server-name": "", "cert-thumbprint": "", "logging-call-at": "/Users/shivamsaraf/Desktop/work/temporal/common/log/with_logger.go:37"}
2025-05-05T16:56:39.477-0400	debug	Process task as active.	{"host": "127.0.0.1:54944", "shard-id": 3, "address": "127.0.0.1:54944", "component": "timer-queue-processor", "wf-namespace-id": "16489026-76fa-49af-8333-d07c4a9341f7", "value": "16489026-76fa-49af-8333-d07c4a9341f7/temporal-sys-worker-deployment-version:test-deployment-series.one_1/593f6016-5aa7-417e-a6f3-e57045d9a83d", "logging-call-at": "/Users/shivamsaraf/Desktop/work/temporal/common/log/with_logger.go:37"}
2025-05-05T16:56:39.477-0400	debug	Workflow task updated	{"host": "127.0.0.1:54944", "shard-id": 3, "address": "127.0.0.1:54944", "wf-namespace-id": "16489026-76fa-49af-8333-d07c4a9341f7", "wf-id": "temporal-sys-worker-deployment-version:test-deployment-series.one_1", "wf-run-id": "593f6016-5aa7-417e-a6f3-e57045d9a83d", "wf-scheduled-event-id": 2, "wf-started-event-id": 0, "workflow-task-request-id": "emptyUuid", "workflow-task-timeout": 10, "attempt": 1, "wf-started-timestamp": "0001-01-01T00:00:00.000Z", "wt-type": "Normal", "logging-call-at": "/Users/shivamsaraf/Desktop/work/temporal/common/log/with_logger.go:37"}
2025-05-05T16:56:39.477-0400	debug	Assigning new task key	{"host": "127.0.0.1:54944", "shard-id": 3, "address": "127.0.0.1:54944", "wf-namespace-id": "16489026-76fa-49af-8333-d07c4a9341f7", "wf-id": "temporal-sys-worker-deployment-version:test-deployment-series.one_1", "wf-run-id": "593f6016-5aa7-417e-a6f3-e57045d9a83d", "queue-task-type": "TransferWorkflowTask", "queue-task-id": 1048983, "timestamp": "2025-05-05T20:56:39.477Z", "cursor-timestamp": "2025-05-05T20:56:39.731Z", "logging-call-at": "/Users/shivamsaraf/Desktop/work/temporal/common/log/with_logger.go:37"}
2025-05-05T16:56:39.478-0400	debug	Process task as active.	{"host": "127.0.0.1:54944", "shard-id": 3, "address": "127.0.0.1:54944", "component": "transfer-queue-processor", "wf-namespace-id": "16489026-76fa-49af-8333-d07c4a9341f7", "value": "16489026-76fa-49af-8333-d07c4a9341f7/temporal-sys-worker-deployment-version:test-deployment-series.one_1/593f6016-5aa7-417e-a6f3-e57045d9a83d", "logging-call-at": "/Users/shivamsaraf/Desktop/work/temporal/common/log/with_logger.go:37"}
2025-05-05T16:56:39.478-0400	debug	Workflow task updated	{"host": "127.0.0.1:54944", "shard-id": 3, "address": "127.0.0.1:54944", "wf-namespace-id": "16489026-76fa-49af-8333-d07c4a9341f7", "wf-id": "temporal-sys-worker-deployment-version:test-deployment-series.one_1", "wf-run-id": "593f6016-5aa7-417e-a6f3-e57045d9a83d", "wf-scheduled-event-id": 2, "wf-started-event-id": 3, "workflow-task-request-id": "e5a94169-15eb-4e7e-bc74-37fbba21b587", "workflow-task-timeout": 10, "attempt": 1, "wf-started-timestamp": "2025-05-05T20:56:39.478Z", "wt-type": "Normal", "logging-call-at": "/Users/shivamsaraf/Desktop/work/temporal/common/log/with_logger.go:37"}
2025-05-05T16:56:39.478-0400	debug	Assigning new task key	{"host": "127.0.0.1:54944", "shard-id": 3, "address": "127.0.0.1:54944", "wf-namespace-id": "16489026-76fa-49af-8333-d07c4a9341f7", "wf-id": "temporal-sys-worker-deployment-version:test-deployment-series.one_1", "wf-run-id": "593f6016-5aa7-417e-a6f3-e57045d9a83d", "queue-task-type": "WorkflowTaskTimeout", "queue-task-id": 1048986, "timestamp": "2025-05-05T20:56:49.479Z", "cursor-timestamp": "2025-05-05T20:56:40.478Z", "logging-call-at": "/Users/shivamsaraf/Desktop/work/temporal/common/log/with_logger.go:37"}
2025-05-05T16:56:39.480-0400	debug	Frontend method invoked.	{"host": "127.0.0.1:54942", "wf-namespace": "namespace-42f52dc7-121e-4d0f-9fad-c806d0420c24", "operation": "PollWorkflowTaskQueue", "server-name": "", "cert-thumbprint": "", "logging-call-at": "/Users/shivamsaraf/Desktop/work/temporal/common/log/with_logger.go:37"}
Version doing continue-as-new with drainage info Unspecified
2025-05-05T16:56:39.480-0400	debug	Received PollWorkflowTaskQueue	{"host": "127.0.0.1:54942", "service": "frontend", "logging-call-at": "/Users/shivamsaraf/Desktop/work/temporal/common/log/with_logger.go:37"}
2025-05-05T16:56:39.480-0400	debug	Poll workflow task queue.	{"host": "127.0.0.1:54942", "service": "frontend", "wf-namespace": "namespace-42f52dc7-121e-4d0f-9fad-c806d0420c24", "wf-namespace-id": "16489026-76fa-49af-8333-d07c4a9341f7", "logging-call-at": "/Users/shivamsaraf/Desktop/work/temporal/common/log/with_logger.go:37"}
2025-05-05T16:56:39.480-0400	debug	Frontend method invoked.	{"host": "127.0.0.1:54942", "wf-namespace": "namespace-42f52dc7-121e-4d0f-9fad-c806d0420c24", "operation": "RespondWorkflowTaskCompleted", "server-name": "", "cert-thumbprint": "", "logging-call-at": "/Users/shivamsaraf/Desktop/work/temporal/common/log/with_logger.go:37"}
2025-05-05T16:56:39.480-0400	debug	RespondWorkflowTaskCompleted	{"host": "127.0.0.1:54944", "service": "history", "wf-namespace-id": "16489026-76fa-49af-8333-d07c4a9341f7", "wf-id": "temporal-sys-worker-deployment-version:test-deployment-series.one_1", "wf-run-id": "593f6016-5aa7-417e-a6f3-e57045d9a83d", "wf-scheduled-event-id": 2, "logging-call-at": "/Users/shivamsaraf/Desktop/work/temporal/common/log/with_logger.go:37"}
2025-05-05T16:56:39.480-0400	debug	Workflow task updated	{"host": "127.0.0.1:54944", "shard-id": 3, "address": "127.0.0.1:54944", "wf-namespace-id": "16489026-76fa-49af-8333-d07c4a9341f7", "wf-id": "temporal-sys-worker-deployment-version:test-deployment-series.one_1", "wf-run-id": "593f6016-5aa7-417e-a6f3-e57045d9a83d", "wf-scheduled-event-id": 0, "wf-started-event-id": 0, "workflow-task-request-id": "emptyUuid", "workflow-task-timeout": 0, "attempt": 1, "wf-started-timestamp": "1970-01-01T00:00:00.000Z", "wt-type": "Unspecified", "logging-call-at": "/Users/shivamsaraf/Desktop/work/temporal/common/log/with_logger.go:37"}
2025-05-05T16:56:39.481-0400	debug	Assigning new task key	{"host": "127.0.0.1:54944", "shard-id": 3, "address": "127.0.0.1:54944", "wf-namespace-id": "16489026-76fa-49af-8333-d07c4a9341f7", "wf-id": "temporal-sys-worker-deployment-version:test-deployment-series.one_1", "wf-run-id": "593f6016-5aa7-417e-a6f3-e57045d9a83d", "queue-task-type": "VisibilityCloseExecution", "queue-task-id": 1048993, "timestamp": "2025-05-05T20:56:39.481Z", "cursor-timestamp": "2025-05-05T20:56:40.478Z", "logging-call-at": "/Users/shivamsaraf/Desktop/work/temporal/common/log/with_logger.go:37"}
2025-05-05T16:56:39.481-0400	debug	Assigning new task key	{"host": "127.0.0.1:54944", "shard-id": 3, "address": "127.0.0.1:54944", "wf-namespace-id": "16489026-76fa-49af-8333-d07c4a9341f7", "wf-id": "temporal-sys-worker-deployment-version:test-deployment-series.one_1", "wf-run-id": "593f6016-5aa7-417e-a6f3-e57045d9a83d", "queue-task-type": "DeleteHistoryEvent", "queue-task-id": 1048994, "timestamp": "2025-05-06T20:56:40.065Z", "cursor-timestamp": "2025-05-05T20:56:40.478Z", "logging-call-at": "/Users/shivamsaraf/Desktop/work/temporal/common/log/with_logger.go:37"}
2025-05-05T16:56:39.481-0400	debug	Assigning new task key	{"host": "127.0.0.1:54944", "shard-id": 3, "address": "127.0.0.1:54944", "wf-namespace-id": "16489026-76fa-49af-8333-d07c4a9341f7", "wf-id": "temporal-sys-worker-deployment-version:test-deployment-series.one_1", "wf-run-id": "593f6016-5aa7-417e-a6f3-e57045d9a83d", "queue-task-type": "TransferCloseExecution", "queue-task-id": 1048995, "timestamp": "2025-05-05T20:56:39.481Z", "cursor-timestamp": "2025-05-05T20:56:40.478Z", "logging-call-at": "/Users/shivamsaraf/Desktop/work/temporal/common/log/with_logger.go:37"}
2025-05-05T16:56:39.481-0400	debug	Assigning new task key	{"host": "127.0.0.1:54944", "shard-id": 3, "address": "127.0.0.1:54944", "wf-namespace-id": "16489026-76fa-49af-8333-d07c4a9341f7", "wf-id": "temporal-sys-worker-deployment-version:test-deployment-series.one_1", "wf-run-id": "c2f283b7-c7c4-4313-9ee6-80efd9659b28", "queue-task-type": "VisibilityStartExecution", "queue-task-id": 1048996, "timestamp": "2025-05-05T20:56:39.481Z", "cursor-timestamp": "2025-05-05T20:56:40.478Z", "logging-call-at": "/Users/shivamsaraf/Desktop/work/temporal/common/log/with_logger.go:37"}
2025-05-05T16:56:39.481-0400	debug	New timer generated is less than min scheduled time	{"host": "127.0.0.1:54944", "shard-id": 3, "address": "127.0.0.1:54944", "wf-namespace-id": "16489026-76fa-49af-8333-d07c4a9341f7", "wf-id": "temporal-sys-worker-deployment-version:test-deployment-series.one_1", "wf-run-id": "c2f283b7-c7c4-4313-9ee6-80efd9659b28", "queue-task-type": "WorkflowBackoffTimer", "queue-task-id": 1048997, "timestamp": "2025-05-05T20:56:40.453Z", "cursor-timestamp": "2025-05-05T20:56:40.478Z", "shard-update": "ShardAllocateTimerBeforeRead", "logging-call-at": "/Users/shivamsaraf/Desktop/work/temporal/common/log/with_logger.go:37"}
2025-05-05T16:56:39.481-0400	debug	Assigning new task key	{"host": "127.0.0.1:54944", "shard-id": 3, "address": "127.0.0.1:54944", "wf-namespace-id": "16489026-76fa-49af-8333-d07c4a9341f7", "wf-id": "temporal-sys-worker-deployment-version:test-deployment-series.one_1", "wf-run-id": "c2f283b7-c7c4-4313-9ee6-80efd9659b28", "queue-task-type": "WorkflowBackoffTimer", "queue-task-id": 1048997, "timestamp": "2025-05-05T20:56:40.479Z", "cursor-timestamp": "2025-05-05T20:56:40.478Z", "logging-call-at": "/Users/shivamsaraf/Desktop/work/temporal/common/log/with_logger.go:37"}
2025-05-05T16:56:39.482-0400	debug	Process task as active.	{"host": "127.0.0.1:54944", "shard-id": 3, "address": "127.0.0.1:54944", "component": "transfer-queue-processor", "wf-namespace-id": "16489026-76fa-49af-8333-d07c4a9341f7", "value": "16489026-76fa-49af-8333-d07c4a9341f7/temporal-sys-worker-deployment-version:test-deployment-series.one_1/593f6016-5aa7-417e-a6f3-e57045d9a83d", "logging-call-at": "/Users/shivamsaraf/Desktop/work/temporal/common/log/with_logger.go:37"}
2025-05-05T16:56:39.726-0400	debug	Process task as active.	{"host": "127.0.0.1:54944", "shard-id": 3, "address": "127.0.0.1:54944", "component": "timer-queue-processor", "wf-namespace-id": "16489026-76fa-49af-8333-d07c4a9341f7", "value": "16489026-76fa-49af-8333-d07c4a9341f7/temporal-sys-worker-deployment:test-deployment-series/4881889e-9c71-4265-94f2-a281f6c0e69e", "logging-call-at": "/Users/shivamsaraf/Desktop/work/temporal/common/log/with_logger.go:37"}
2025-05-05T16:56:39.727-0400	debug	Workflow task updated	{"host": "127.0.0.1:54944", "shard-id": 3, "address": "127.0.0.1:54944", "wf-namespace-id": "16489026-76fa-49af-8333-d07c4a9341f7", "wf-id": "temporal-sys-worker-deployment:test-deployment-series", "wf-run-id": "4881889e-9c71-4265-94f2-a281f6c0e69e", "wf-scheduled-event-id": 2, "wf-started-event-id": 0, "workflow-task-request-id": "emptyUuid", "workflow-task-timeout": 10, "attempt": 1, "wf-started-timestamp": "0001-01-01T00:00:00.000Z", "wt-type": "Normal", "logging-call-at": "/Users/shivamsaraf/Desktop/work/temporal/common/log/with_logger.go:37"}
2025-05-05T16:56:39.727-0400	debug	Assigning new task key	{"host": "127.0.0.1:54944", "shard-id": 3, "address": "127.0.0.1:54944", "wf-namespace-id": "16489026-76fa-49af-8333-d07c4a9341f7", "wf-id": "temporal-sys-worker-deployment:test-deployment-series", "wf-run-id": "4881889e-9c71-4265-94f2-a281f6c0e69e", "queue-task-type": "TransferWorkflowTask", "queue-task-id": 1049000, "timestamp": "2025-05-05T20:56:39.727Z", "cursor-timestamp": "2025-05-05T20:56:40.481Z", "logging-call-at": "/Users/shivamsaraf/Desktop/work/temporal/common/log/with_logger.go:37"}
2025-05-05T16:56:39.729-0400	debug	Process task as active.	{"host": "127.0.0.1:54944", "shard-id": 3, "address": "127.0.0.1:54944", "component": "transfer-queue-processor", "wf-namespace-id": "16489026-76fa-49af-8333-d07c4a9341f7", "value": "16489026-76fa-49af-8333-d07c4a9341f7/temporal-sys-worker-deployment:test-deployment-series/4881889e-9c71-4265-94f2-a281f6c0e69e", "logging-call-at": "/Users/shivamsaraf/Desktop/work/temporal/common/log/with_logger.go:37"}
2025-05-05T16:56:39.730-0400	debug	Workflow task updated	{"host": "127.0.0.1:54944", "shard-id": 3, "address": "127.0.0.1:54944", "wf-namespace-id": "16489026-76fa-49af-8333-d07c4a9341f7", "wf-id": "temporal-sys-worker-deployment:test-deployment-series", "wf-run-id": "4881889e-9c71-4265-94f2-a281f6c0e69e", "wf-scheduled-event-id": 2, "wf-started-event-id": 3, "workflow-task-request-id": "eea50004-3b22-4fa4-8d53-ace2911bc2e4", "workflow-task-timeout": 10, "attempt": 1, "wf-started-timestamp": "2025-05-05T20:56:39.730Z", "wt-type": "Normal", "logging-call-at": "/Users/shivamsaraf/Desktop/work/temporal/common/log/with_logger.go:37"}
2025-05-05T16:56:39.730-0400	debug	Assigning new task key	{"host": "127.0.0.1:54944", "shard-id": 3, "address": "127.0.0.1:54944", "wf-namespace-id": "16489026-76fa-49af-8333-d07c4a9341f7", "wf-id": "temporal-sys-worker-deployment:test-deployment-series", "wf-run-id": "4881889e-9c71-4265-94f2-a281f6c0e69e", "queue-task-type": "WorkflowTaskTimeout", "queue-task-id": 1049003, "timestamp": "2025-05-05T20:56:49.731Z", "cursor-timestamp": "2025-05-05T20:56:40.728Z", "logging-call-at": "/Users/shivamsaraf/Desktop/work/temporal/common/log/with_logger.go:37"}
2025-05-05T16:56:39.734-0400	debug	Frontend method invoked.	{"host": "127.0.0.1:54942", "wf-namespace": "namespace-42f52dc7-121e-4d0f-9fad-c806d0420c24", "operation": "PollWorkflowTaskQueue", "server-name": "", "cert-thumbprint": "", "logging-call-at": "/Users/shivamsaraf/Desktop/work/temporal/common/log/with_logger.go:37"}
2025-05-05T16:56:39.734-0400	debug	Worker Deployment Workflow doing continue-as-new	{"host": "127.0.0.1:54945", "Namespace": "namespace-42f52dc7-121e-4d0f-9fad-c806d0420c24", "TaskQueue": "temporal-sys-per-ns-tq", "WorkerID": "temporal-system@Shivams-MacBook-Pro.local@namespace-42f52dc7-121e-4d0f-9fad-c806d0420c24", "WorkflowType": "temporal-sys-worker-deployment-workflow", "WorkflowID": "temporal-sys-worker-deployment:test-deployment-series", "RunID": "4881889e-9c71-4265-94f2-a281f6c0e69e", "Attempt": 1, "wf-namespace": "namespace-42f52dc7-121e-4d0f-9fad-c806d0420c24", "logging-call-at": "/Users/shivamsaraf/Desktop/work/temporal/common/log/with_logger.go:37"}
2025-05-05T16:56:39.734-0400	debug	Received PollWorkflowTaskQueue	{"host": "127.0.0.1:54942", "service": "frontend", "logging-call-at": "/Users/shivamsaraf/Desktop/work/temporal/common/log/with_logger.go:37"}
2025-05-05T16:56:39.734-0400	debug	Poll workflow task queue.	{"host": "127.0.0.1:54942", "service": "frontend", "wf-namespace": "namespace-42f52dc7-121e-4d0f-9fad-c806d0420c24", "wf-namespace-id": "16489026-76fa-49af-8333-d07c4a9341f7", "logging-call-at": "/Users/shivamsaraf/Desktop/work/temporal/common/log/with_logger.go:37"}
2025-05-05T16:56:39.734-0400	debug	Frontend method invoked.	{"host": "127.0.0.1:54942", "wf-namespace": "namespace-42f52dc7-121e-4d0f-9fad-c806d0420c24", "operation": "RespondWorkflowTaskCompleted", "server-name": "", "cert-thumbprint": "", "logging-call-at": "/Users/shivamsaraf/Desktop/work/temporal/common/log/with_logger.go:37"}
2025-05-05T16:56:39.735-0400	debug	RespondWorkflowTaskCompleted	{"host": "127.0.0.1:54944", "service": "history", "wf-namespace-id": "16489026-76fa-49af-8333-d07c4a9341f7", "wf-id": "temporal-sys-worker-deployment:test-deployment-series", "wf-run-id": "4881889e-9c71-4265-94f2-a281f6c0e69e", "wf-scheduled-event-id": 2, "logging-call-at": "/Users/shivamsaraf/Desktop/work/temporal/common/log/with_logger.go:37"}
2025-05-05T16:56:39.735-0400	debug	Workflow task updated	{"host": "127.0.0.1:54944", "shard-id": 3, "address": "127.0.0.1:54944", "wf-namespace-id": "16489026-76fa-49af-8333-d07c4a9341f7", "wf-id": "temporal-sys-worker-deployment:test-deployment-series", "wf-run-id": "4881889e-9c71-4265-94f2-a281f6c0e69e", "wf-scheduled-event-id": 0, "wf-started-event-id": 0, "workflow-task-request-id": "emptyUuid", "workflow-task-timeout": 0, "attempt": 1, "wf-started-timestamp": "1970-01-01T00:00:00.000Z", "wt-type": "Unspecified", "logging-call-at": "/Users/shivamsaraf/Desktop/work/temporal/common/log/with_logger.go:37"}
2025-05-05T16:56:39.736-0400	debug	Assigning new task key	{"host": "127.0.0.1:54944", "shard-id": 3, "address": "127.0.0.1:54944", "wf-namespace-id": "16489026-76fa-49af-8333-d07c4a9341f7", "wf-id": "temporal-sys-worker-deployment:test-deployment-series", "wf-run-id": "4881889e-9c71-4265-94f2-a281f6c0e69e", "queue-task-type": "DeleteHistoryEvent", "queue-task-id": 1049010, "timestamp": "2025-05-06T20:56:39.948Z", "cursor-timestamp": "2025-05-05T20:56:40.728Z", "logging-call-at": "/Users/shivamsaraf/Desktop/work/temporal/common/log/with_logger.go:37"}
2025-05-05T16:56:39.736-0400	debug	Assigning new task key	{"host": "127.0.0.1:54944", "shard-id": 3, "address": "127.0.0.1:54944", "wf-namespace-id": "16489026-76fa-49af-8333-d07c4a9341f7", "wf-id": "temporal-sys-worker-deployment:test-deployment-series", "wf-run-id": "4881889e-9c71-4265-94f2-a281f6c0e69e", "queue-task-type": "TransferCloseExecution", "queue-task-id": 1049011, "timestamp": "2025-05-05T20:56:39.736Z", "cursor-timestamp": "2025-05-05T20:56:40.728Z", "logging-call-at": "/Users/shivamsaraf/Desktop/work/temporal/common/log/with_logger.go:37"}
2025-05-05T16:56:39.736-0400	debug	Assigning new task key	{"host": "127.0.0.1:54944", "shard-id": 3, "address": "127.0.0.1:54944", "wf-namespace-id": "16489026-76fa-49af-8333-d07c4a9341f7", "wf-id": "temporal-sys-worker-deployment:test-deployment-series", "wf-run-id": "4881889e-9c71-4265-94f2-a281f6c0e69e", "queue-task-type": "VisibilityCloseExecution", "queue-task-id": 1049012, "timestamp": "2025-05-05T20:56:39.736Z", "cursor-timestamp": "2025-05-05T20:56:40.728Z", "logging-call-at": "/Users/shivamsaraf/Desktop/work/temporal/common/log/with_logger.go:37"}
2025-05-05T16:56:39.736-0400	debug	Assigning new task key	{"host": "127.0.0.1:54944", "shard-id": 3, "address": "127.0.0.1:54944", "wf-namespace-id": "16489026-76fa-49af-8333-d07c4a9341f7", "wf-id": "temporal-sys-worker-deployment:test-deployment-series", "wf-run-id": "6277a0af-d8dc-4f3e-9efe-9ddcf4fe7983", "queue-task-type": "VisibilityStartExecution", "queue-task-id": 1049013, "timestamp": "2025-05-05T20:56:39.736Z", "cursor-timestamp": "2025-05-05T20:56:40.728Z", "logging-call-at": "/Users/shivamsaraf/Desktop/work/temporal/common/log/with_logger.go:37"}
2025-05-05T16:56:39.736-0400	debug	New timer generated is less than min scheduled time	{"host": "127.0.0.1:54944", "shard-id": 3, "address": "127.0.0.1:54944", "wf-namespace-id": "16489026-76fa-49af-8333-d07c4a9341f7", "wf-id": "temporal-sys-worker-deployment:test-deployment-series", "wf-run-id": "6277a0af-d8dc-4f3e-9efe-9ddcf4fe7983", "queue-task-type": "WorkflowBackoffTimer", "queue-task-id": 1049014, "timestamp": "2025-05-05T20:56:40.698Z", "cursor-timestamp": "2025-05-05T20:56:40.728Z", "shard-update": "ShardAllocateTimerBeforeRead", "logging-call-at": "/Users/shivamsaraf/Desktop/work/temporal/common/log/with_logger.go:37"}
2025-05-05T16:56:39.736-0400	debug	Assigning new task key	{"host": "127.0.0.1:54944", "shard-id": 3, "address": "127.0.0.1:54944", "wf-namespace-id": "16489026-76fa-49af-8333-d07c4a9341f7", "wf-id": "temporal-sys-worker-deployment:test-deployment-series", "wf-run-id": "6277a0af-d8dc-4f3e-9efe-9ddcf4fe7983", "queue-task-type": "WorkflowBackoffTimer", "queue-task-id": 1049014, "timestamp": "2025-05-05T20:56:40.729Z", "cursor-timestamp": "2025-05-05T20:56:40.728Z", "logging-call-at": "/Users/shivamsaraf/Desktop/work/temporal/common/log/with_logger.go:37"}
2025-05-05T16:56:39.737-0400	debug	Process task as active.	{"host": "127.0.0.1:54944", "shard-id": 3, "address": "127.0.0.1:54944", "component": "transfer-queue-processor", "wf-namespace-id": "16489026-76fa-49af-8333-d07c4a9341f7", "value": "16489026-76fa-49af-8333-d07c4a9341f7/temporal-sys-worker-deployment:test-deployment-series/4881889e-9c71-4265-94f2-a281f6c0e69e", "logging-call-at": "/Users/shivamsaraf/Desktop/work/temporal/common/log/with_logger.go:37"}
2025-05-05T16:56:39.737-0400	debug	deployment client success	{"host": "127.0.0.1:54942", "operation": "DescribeWorkerDeployment", "elapsed": 1.00230175, "args": ["test-deployment-series"], "logging-call-at": "/Users/shivamsaraf/Desktop/work/temporal/common/log/with_logger.go:37"}
2025-05-05T16:56:39.738-0400	debug	Frontend method invoked.	{"host": "127.0.0.1:54942", "wf-namespace": "namespace-42f52dc7-121e-4d0f-9fad-c806d0420c24", "operation": "DescribeWorkerDeploymentVersion", "server-name": "", "cert-thumbprint": "", "logging-call-at": "/Users/shivamsaraf/Desktop/work/temporal/common/log/with_logger.go:37"}
2025-05-05T16:56:39.740-0400	error	deployment client error	{"host": "127.0.0.1:54942", "error": "Worker Deployment Version not found", "operation": "DescribeVersion", "elapsed": 0.002328625, "args": ["test-deployment-series","two_2"], "logging-call-at": "/Users/shivamsaraf/Desktop/work/temporal/common/log/with_logger.go:52"}
go.temporal.io/server/common/log.(*zapLogger).Error
	/Users/shivamsaraf/Desktop/work/temporal/common/log/zap_logger.go:132
go.temporal.io/server/common/testing/testlogger.(*TestLogger).Error
	/Users/shivamsaraf/Desktop/work/temporal/common/testing/testlogger/testlogger.go:344
go.temporal.io/server/common/log.(*withLogger).Error
	/Users/shivamsaraf/Desktop/work/temporal/common/log/with_logger.go:52
go.temporal.io/server/service/worker/workerdeployment.(*ClientImpl).DescribeVersion.(*ClientImpl).record.func1
	/Users/shivamsaraf/Desktop/work/temporal/service/worker/workerdeployment/client.go:1263
go.temporal.io/server/service/worker/workerdeployment.(*ClientImpl).DescribeVersion
	/Users/shivamsaraf/Desktop/work/temporal/service/worker/workerdeployment/client.go:290
go.temporal.io/server/service/frontend.(*WorkflowHandler).DescribeWorkerDeploymentVersion
	/Users/shivamsaraf/Desktop/work/temporal/service/frontend/workflow_handler.go:3357
go.temporal.io/api/workflowservice/v1._WorkflowService_DescribeWorkerDeploymentVersion_Handler.func1
	/Users/shivamsaraf/go/pkg/mod/go.temporal.io/api@v1.49.0/workflowservice/v1/service_grpc.pb.go:3429
go.temporal.io/server/common/rpc/interceptor.(*RetryableInterceptor).Intercept.func1
	/Users/shivamsaraf/Desktop/work/temporal/common/rpc/interceptor/retry.go:38
go.temporal.io/server/common/backoff.ThrottleRetryContext
	/Users/shivamsaraf/Desktop/work/temporal/common/backoff/retry.go:65
go.temporal.io/server/common/rpc/interceptor.(*RetryableInterceptor).Intercept
	/Users/shivamsaraf/Desktop/work/temporal/common/rpc/interceptor/retry.go:42
google.golang.org/grpc.getChainUnaryHandler.func1
	/Users/shivamsaraf/go/pkg/mod/google.golang.org/grpc@v1.71.0/server.go:1217
go.temporal.io/server/common/rpc/interceptor.(*CallerInfoInterceptor).Intercept
	/Users/shivamsaraf/Desktop/work/temporal/common/rpc/interceptor/caller_info.go:40
google.golang.org/grpc.getChainUnaryHandler.func1
	/Users/shivamsaraf/go/pkg/mod/google.golang.org/grpc@v1.71.0/server.go:1217
go.temporal.io/server/common/rpc/interceptor.(*SDKVersionInterceptor).Intercept
	/Users/shivamsaraf/Desktop/work/temporal/common/rpc/interceptor/sdk_version.go:44
google.golang.org/grpc.getChainUnaryHandler.func1
	/Users/shivamsaraf/go/pkg/mod/google.golang.org/grpc@v1.71.0/server.go:1217
go.temporal.io/server/common/rpc/interceptor.(*RateLimitInterceptor).Intercept
	/Users/shivamsaraf/Desktop/work/temporal/common/rpc/interceptor/rate_limit.go:64
google.golang.org/grpc.getChainUnaryHandler.func1
	/Users/shivamsaraf/go/pkg/mod/google.golang.org/grpc@v1.71.0/server.go:1217
go.temporal.io/server/common/rpc/interceptor.(*NamespaceRateLimitInterceptorImpl).Intercept
	/Users/shivamsaraf/Desktop/work/temporal/common/rpc/interceptor/namespace_rate_limit.go:77
google.golang.org/grpc.getChainUnaryHandler.func1
	/Users/shivamsaraf/go/pkg/mod/google.golang.org/grpc@v1.71.0/server.go:1217
go.temporal.io/server/common/rpc/interceptor.(*ConcurrentRequestLimitInterceptor).Intercept
	/Users/shivamsaraf/Desktop/work/temporal/common/rpc/interceptor/concurrent_request_limit.go:83
google.golang.org/grpc.getChainUnaryHandler.func1
	/Users/shivamsaraf/go/pkg/mod/google.golang.org/grpc@v1.71.0/server.go:1217
go.temporal.io/server/common/rpc/interceptor.(*NamespaceValidatorInterceptor).StateValidationIntercept
	/Users/shivamsaraf/Desktop/work/temporal/common/rpc/interceptor/namespace_validator.go:210
google.golang.org/grpc.getChainUnaryHandler.func1
	/Users/shivamsaraf/go/pkg/mod/google.golang.org/grpc@v1.71.0/server.go:1217
go.temporal.io/server/common/rpc/interceptor.(*HealthInterceptor).Intercept
	/Users/shivamsaraf/Desktop/work/temporal/common/rpc/interceptor/health.go:41
google.golang.org/grpc.getChainUnaryHandler.func1
	/Users/shivamsaraf/go/pkg/mod/google.golang.org/grpc@v1.71.0/server.go:1217
go.temporal.io/server/common/rpc/interceptor.(*TelemetryInterceptor).UnaryIntercept
	/Users/shivamsaraf/Desktop/work/temporal/common/rpc/interceptor/telemetry.go:176
google.golang.org/grpc.getChainUnaryHandler.func1
	/Users/shivamsaraf/go/pkg/mod/google.golang.org/grpc@v1.71.0/server.go:1217
go.temporal.io/server/common/rpc/interceptor.(*Redirection).handleRedirectAPIInvocation.func2
	/Users/shivamsaraf/Desktop/work/temporal/common/rpc/interceptor/redirection.go:247
go.temporal.io/server/common/rpc/interceptor.(*NoopRedirectionPolicy).WithNamespaceRedirect
	/Users/shivamsaraf/Desktop/work/temporal/common/rpc/interceptor/dc_redirection_policy.go:101
go.temporal.io/server/common/rpc/interceptor.(*Redirection).handleRedirectAPIInvocation
	/Users/shivamsaraf/Desktop/work/temporal/common/rpc/interceptor/redirection.go:244
go.temporal.io/server/common/rpc/interceptor.(*Redirection).Intercept
	/Users/shivamsaraf/Desktop/work/temporal/common/rpc/interceptor/redirection.go:204
google.golang.org/grpc.getChainUnaryHandler.func1
	/Users/shivamsaraf/go/pkg/mod/google.golang.org/grpc@v1.71.0/server.go:1217
go.temporal.io/server/common/rpc/interceptor.(*NamespaceHandoverInterceptor).Intercept
	/Users/shivamsaraf/Desktop/work/temporal/common/rpc/interceptor/namespace_handover.go:85
google.golang.org/grpc.getChainUnaryHandler.func1
	/Users/shivamsaraf/go/pkg/mod/google.golang.org/grpc@v1.71.0/server.go:1217
go.temporal.io/server/common/authorization.(*Interceptor).Intercept
	/Users/shivamsaraf/Desktop/work/temporal/common/authorization/interceptor.go:154
google.golang.org/grpc.getChainUnaryHandler.func1
	/Users/shivamsaraf/go/pkg/mod/google.golang.org/grpc@v1.71.0/server.go:1217
go.temporal.io/server/service/frontend.GrpcServerOptionsProvider.NewServerMetricsContextInjectorInterceptor.func2
	/Users/shivamsaraf/Desktop/work/temporal/common/metrics/grpc.go:41
google.golang.org/grpc.getChainUnaryHandler.func1
	/Users/shivamsaraf/go/pkg/mod/google.golang.org/grpc@v1.71.0/server.go:1217
go.temporal.io/server/common/rpc/interceptor.(*NamespaceLogInterceptor).Intercept
	/Users/shivamsaraf/Desktop/work/temporal/common/rpc/interceptor/namespace_logger.go:60
google.golang.org/grpc.getChainUnaryHandler.func1
	/Users/shivamsaraf/go/pkg/mod/google.golang.org/grpc@v1.71.0/server.go:1217
go.temporal.io/server/common/rpc/interceptor.(*NamespaceValidatorInterceptor).NamespaceValidateIntercept
	/Users/shivamsaraf/Desktop/work/temporal/common/rpc/interceptor/namespace_validator.go:121
google.golang.org/grpc.getChainUnaryHandler.func1
	/Users/shivamsaraf/go/pkg/mod/google.golang.org/grpc@v1.71.0/server.go:1217
go.temporal.io/server/service/frontend.GrpcServerOptionsProvider.NewFrontendServiceErrorInterceptor.func1
	/Users/shivamsaraf/Desktop/work/temporal/common/rpc/grpc.go:135
google.golang.org/grpc.getChainUnaryHandler.func1
	/Users/shivamsaraf/go/pkg/mod/google.golang.org/grpc@v1.71.0/server.go:1217
go.temporal.io/server/common/rpc/interceptor.ServiceErrorInterceptor
	/Users/shivamsaraf/Desktop/work/temporal/common/rpc/interceptor/service_error_interceptor.go:19
google.golang.org/grpc.getChainUnaryHandler.func1
	/Users/shivamsaraf/go/pkg/mod/google.golang.org/grpc@v1.71.0/server.go:1217
go.temporal.io/server/common/rpc/interceptor.(*MaskInternalErrorDetailsInterceptor).Intercept
	/Users/shivamsaraf/Desktop/work/temporal/common/rpc/interceptor/mask_internal_error.go:51
google.golang.org/grpc.NewServer.chainUnaryServerInterceptors.chainUnaryInterceptors.func1
	/Users/shivamsaraf/go/pkg/mod/google.golang.org/grpc@v1.71.0/server.go:1208
go.temporal.io/api/workflowservice/v1._WorkflowService_DescribeWorkerDeploymentVersion_Handler
	/Users/shivamsaraf/go/pkg/mod/go.temporal.io/api@v1.49.0/workflowservice/v1/service_grpc.pb.go:3431
google.golang.org/grpc.(*Server).processUnaryRPC
	/Users/shivamsaraf/go/pkg/mod/google.golang.org/grpc@v1.71.0/server.go:1405
google.golang.org/grpc.(*Server).handleStream
	/Users/shivamsaraf/go/pkg/mod/google.golang.org/grpc@v1.71.0/server.go:1815
google.golang.org/grpc.(*Server).serveStreams.func2.1
	/Users/shivamsaraf/go/pkg/mod/google.golang.org/grpc@v1.71.0/server.go:1035
2025-05-05T16:56:39.740-0400	debug	Frontend method invoked.	{"host": "127.0.0.1:54942", "wf-namespace": "namespace-42f52dc7-121e-4d0f-9fad-c806d0420c24", "operation": "DescribeWorkerDeployment", "server-name": "", "cert-thumbprint": "", "logging-call-at": "/Users/shivamsaraf/Desktop/work/temporal/common/log/with_logger.go:37"}
2025-05-05T16:56:40.480-0400	debug	Process task as active.	{"host": "127.0.0.1:54944", "shard-id": 3, "address": "127.0.0.1:54944", "component": "timer-queue-processor", "wf-namespace-id": "16489026-76fa-49af-8333-d07c4a9341f7", "value": "16489026-76fa-49af-8333-d07c4a9341f7/temporal-sys-worker-deployment-version:test-deployment-series.one_1/c2f283b7-c7c4-4313-9ee6-80efd9659b28", "logging-call-at": "/Users/shivamsaraf/Desktop/work/temporal/common/log/with_logger.go:37"}
2025-05-05T16:56:40.480-0400	debug	Workflow task updated	{"host": "127.0.0.1:54944", "shard-id": 3, "address": "127.0.0.1:54944", "wf-namespace-id": "16489026-76fa-49af-8333-d07c4a9341f7", "wf-id": "temporal-sys-worker-deployment-version:test-deployment-series.one_1", "wf-run-id": "c2f283b7-c7c4-4313-9ee6-80efd9659b28", "wf-scheduled-event-id": 2, "wf-started-event-id": 0, "workflow-task-request-id": "emptyUuid", "workflow-task-timeout": 10, "attempt": 1, "wf-started-timestamp": "0001-01-01T00:00:00.000Z", "wt-type": "Normal", "logging-call-at": "/Users/shivamsaraf/Desktop/work/temporal/common/log/with_logger.go:37"}
2025-05-05T16:56:40.480-0400	debug	Assigning new task key	{"host": "127.0.0.1:54944", "shard-id": 3, "address": "127.0.0.1:54944", "wf-namespace-id": "16489026-76fa-49af-8333-d07c4a9341f7", "wf-id": "temporal-sys-worker-deployment-version:test-deployment-series.one_1", "wf-run-id": "c2f283b7-c7c4-4313-9ee6-80efd9659b28", "queue-task-type": "TransferWorkflowTask", "queue-task-id": 1049017, "timestamp": "2025-05-05T20:56:40.480Z", "cursor-timestamp": "2025-05-05T20:56:40.737Z", "logging-call-at": "/Users/shivamsaraf/Desktop/work/temporal/common/log/with_logger.go:37"}
2025-05-05T16:56:40.481-0400	debug	Process task as active.	{"host": "127.0.0.1:54944", "shard-id": 3, "address": "127.0.0.1:54944", "component": "transfer-queue-processor", "wf-namespace-id": "16489026-76fa-49af-8333-d07c4a9341f7", "value": "16489026-76fa-49af-8333-d07c4a9341f7/temporal-sys-worker-deployment-version:test-deployment-series.one_1/c2f283b7-c7c4-4313-9ee6-80efd9659b28", "logging-call-at": "/Users/shivamsaraf/Desktop/work/temporal/common/log/with_logger.go:37"}
2025-05-05T16:56:40.482-0400	debug	Workflow task updated	{"host": "127.0.0.1:54944", "shard-id": 3, "address": "127.0.0.1:54944", "wf-namespace-id": "16489026-76fa-49af-8333-d07c4a9341f7", "wf-id": "temporal-sys-worker-deployment-version:test-deployment-series.one_1", "wf-run-id": "c2f283b7-c7c4-4313-9ee6-80efd9659b28", "wf-scheduled-event-id": 2, "wf-started-event-id": 3, "workflow-task-request-id": "bf6fc51a-09ad-4c3e-9351-21e7d9f2651d", "workflow-task-timeout": 10, "attempt": 1, "wf-started-timestamp": "2025-05-05T20:56:40.482Z", "wt-type": "Normal", "logging-call-at": "/Users/shivamsaraf/Desktop/work/temporal/common/log/with_logger.go:37"}
2025-05-05T16:56:40.482-0400	debug	Assigning new task key	{"host": "127.0.0.1:54944", "shard-id": 3, "address": "127.0.0.1:54944", "wf-namespace-id": "16489026-76fa-49af-8333-d07c4a9341f7", "wf-id": "temporal-sys-worker-deployment-version:test-deployment-series.one_1", "wf-run-id": "c2f283b7-c7c4-4313-9ee6-80efd9659b28", "queue-task-type": "WorkflowTaskTimeout", "queue-task-id": 1049020, "timestamp": "2025-05-05T20:56:50.483Z", "cursor-timestamp": "2025-05-05T20:56:41.481Z", "logging-call-at": "/Users/shivamsaraf/Desktop/work/temporal/common/log/with_logger.go:37"}
2025-05-05T16:56:40.483-0400	debug	Frontend method invoked.	{"host": "127.0.0.1:54942", "wf-namespace": "namespace-42f52dc7-121e-4d0f-9fad-c806d0420c24", "operation": "PollWorkflowTaskQueue", "server-name": "", "cert-thumbprint": "", "logging-call-at": "/Users/shivamsaraf/Desktop/work/temporal/common/log/with_logger.go:37"}
Version doing continue-as-new with drainage info Unspecified
2025-05-05T16:56:40.483-0400	debug	Received PollWorkflowTaskQueue	{"host": "127.0.0.1:54942", "service": "frontend", "logging-call-at": "/Users/shivamsaraf/Desktop/work/temporal/common/log/with_logger.go:37"}
2025-05-05T16:56:40.483-0400	debug	Poll workflow task queue.	{"host": "127.0.0.1:54942", "service": "frontend", "wf-namespace": "namespace-42f52dc7-121e-4d0f-9fad-c806d0420c24", "wf-namespace-id": "16489026-76fa-49af-8333-d07c4a9341f7", "logging-call-at": "/Users/shivamsaraf/Desktop/work/temporal/common/log/with_logger.go:37"}
2025-05-05T16:56:40.483-0400	debug	Frontend method invoked.	{"host": "127.0.0.1:54942", "wf-namespace": "namespace-42f52dc7-121e-4d0f-9fad-c806d0420c24", "operation": "RespondWorkflowTaskCompleted", "server-name": "", "cert-thumbprint": "", "logging-call-at": "/Users/shivamsaraf/Desktop/work/temporal/common/log/with_logger.go:37"}
2025-05-05T16:56:40.483-0400	debug	RespondWorkflowTaskCompleted	{"host": "127.0.0.1:54944", "service": "history", "wf-namespace-id": "16489026-76fa-49af-8333-d07c4a9341f7", "wf-id": "temporal-sys-worker-deployment-version:test-deployment-series.one_1", "wf-run-id": "c2f283b7-c7c4-4313-9ee6-80efd9659b28", "wf-scheduled-event-id": 2, "logging-call-at": "/Users/shivamsaraf/Desktop/work/temporal/common/log/with_logger.go:37"}
2025-05-05T16:56:40.483-0400	debug	Workflow task updated	{"host": "127.0.0.1:54944", "shard-id": 3, "address": "127.0.0.1:54944", "wf-namespace-id": "16489026-76fa-49af-8333-d07c4a9341f7", "wf-id": "temporal-sys-worker-deployment-version:test-deployment-series.one_1", "wf-run-id": "c2f283b7-c7c4-4313-9ee6-80efd9659b28", "wf-scheduled-event-id": 0, "wf-started-event-id": 0, "workflow-task-request-id": "emptyUuid", "workflow-task-timeout": 0, "attempt": 1, "wf-started-timestamp": "1970-01-01T00:00:00.000Z", "wt-type": "Unspecified", "logging-call-at": "/Users/shivamsaraf/Desktop/work/temporal/common/log/with_logger.go:37"}
2025-05-05T16:56:40.483-0400	debug	Assigning new task key	{"host": "127.0.0.1:54944", "shard-id": 3, "address": "127.0.0.1:54944", "wf-namespace-id": "16489026-76fa-49af-8333-d07c4a9341f7", "wf-id": "temporal-sys-worker-deployment-version:test-deployment-series.one_1", "wf-run-id": "c2f283b7-c7c4-4313-9ee6-80efd9659b28", "queue-task-type": "TransferCloseExecution", "queue-task-id": 1049027, "timestamp": "2025-05-05T20:56:40.483Z", "cursor-timestamp": "2025-05-05T20:56:41.481Z", "logging-call-at": "/Users/shivamsaraf/Desktop/work/temporal/common/log/with_logger.go:37"}
2025-05-05T16:56:40.483-0400	debug	Assigning new task key	{"host": "127.0.0.1:54944", "shard-id": 3, "address": "127.0.0.1:54944", "wf-namespace-id": "16489026-76fa-49af-8333-d07c4a9341f7", "wf-id": "temporal-sys-worker-deployment-version:test-deployment-series.one_1", "wf-run-id": "c2f283b7-c7c4-4313-9ee6-80efd9659b28", "queue-task-type": "VisibilityCloseExecution", "queue-task-id": 1049028, "timestamp": "2025-05-05T20:56:40.483Z", "cursor-timestamp": "2025-05-05T20:56:41.481Z", "logging-call-at": "/Users/shivamsaraf/Desktop/work/temporal/common/log/with_logger.go:37"}
2025-05-05T16:56:40.483-0400	debug	Assigning new task key	{"host": "127.0.0.1:54944", "shard-id": 3, "address": "127.0.0.1:54944", "wf-namespace-id": "16489026-76fa-49af-8333-d07c4a9341f7", "wf-id": "temporal-sys-worker-deployment-version:test-deployment-series.one_1", "wf-run-id": "c2f283b7-c7c4-4313-9ee6-80efd9659b28", "queue-task-type": "DeleteHistoryEvent", "queue-task-id": 1049029, "timestamp": "2025-05-06T20:56:40.794Z", "cursor-timestamp": "2025-05-05T20:56:41.481Z", "logging-call-at": "/Users/shivamsaraf/Desktop/work/temporal/common/log/with_logger.go:37"}
2025-05-05T16:56:40.483-0400	debug	Assigning new task key	{"host": "127.0.0.1:54944", "shard-id": 3, "address": "127.0.0.1:54944", "wf-namespace-id": "16489026-76fa-49af-8333-d07c4a9341f7", "wf-id": "temporal-sys-worker-deployment-version:test-deployment-series.one_1", "wf-run-id": "84207a72-c541-4be6-9466-1c593f093631", "queue-task-type": "VisibilityStartExecution", "queue-task-id": 1049030, "timestamp": "2025-05-05T20:56:40.483Z", "cursor-timestamp": "2025-05-05T20:56:41.481Z", "logging-call-at": "/Users/shivamsaraf/Desktop/work/temporal/common/log/with_logger.go:37"}
2025-05-05T16:56:40.483-0400	debug	New timer generated is less than min scheduled time	{"host": "127.0.0.1:54944", "shard-id": 3, "address": "127.0.0.1:54944", "wf-namespace-id": "16489026-76fa-49af-8333-d07c4a9341f7", "wf-id": "temporal-sys-worker-deployment-version:test-deployment-series.one_1", "wf-run-id": "84207a72-c541-4be6-9466-1c593f093631", "queue-task-type": "WorkflowBackoffTimer", "queue-task-id": 1049031, "timestamp": "2025-05-05T20:56:41.453Z", "cursor-timestamp": "2025-05-05T20:56:41.481Z", "shard-update": "ShardAllocateTimerBeforeRead", "logging-call-at": "/Users/shivamsaraf/Desktop/work/temporal/common/log/with_logger.go:37"}
2025-05-05T16:56:40.483-0400	debug	Assigning new task key	{"host": "127.0.0.1:54944", "shard-id": 3, "address": "127.0.0.1:54944", "wf-namespace-id": "16489026-76fa-49af-8333-d07c4a9341f7", "wf-id": "temporal-sys-worker-deployment-version:test-deployment-series.one_1", "wf-run-id": "84207a72-c541-4be6-9466-1c593f093631", "queue-task-type": "WorkflowBackoffTimer", "queue-task-id": 1049031, "timestamp": "2025-05-05T20:56:41.482Z", "cursor-timestamp": "2025-05-05T20:56:41.481Z", "logging-call-at": "/Users/shivamsaraf/Desktop/work/temporal/common/log/with_logger.go:37"}
2025-05-05T16:56:40.484-0400	debug	Process task as active.	{"host": "127.0.0.1:54944", "shard-id": 3, "address": "127.0.0.1:54944", "component": "transfer-queue-processor", "wf-namespace-id": "16489026-76fa-49af-8333-d07c4a9341f7", "value": "16489026-76fa-49af-8333-d07c4a9341f7/temporal-sys-worker-deployment-version:test-deployment-series.one_1/c2f283b7-c7c4-4313-9ee6-80efd9659b28", "logging-call-at": "/Users/shivamsaraf/Desktop/work/temporal/common/log/with_logger.go:37"}
2025-05-05T16:56:40.731-0400	debug	Process task as active.	{"host": "127.0.0.1:54944", "shard-id": 3, "address": "127.0.0.1:54944", "component": "timer-queue-processor", "wf-namespace-id": "16489026-76fa-49af-8333-d07c4a9341f7", "value": "16489026-76fa-49af-8333-d07c4a9341f7/temporal-sys-worker-deployment:test-deployment-series/6277a0af-d8dc-4f3e-9efe-9ddcf4fe7983", "logging-call-at": "/Users/shivamsaraf/Desktop/work/temporal/common/log/with_logger.go:37"}
2025-05-05T16:56:40.731-0400	debug	Workflow task updated	{"host": "127.0.0.1:54944", "shard-id": 3, "address": "127.0.0.1:54944", "wf-namespace-id": "16489026-76fa-49af-8333-d07c4a9341f7", "wf-id": "temporal-sys-worker-deployment:test-deployment-series", "wf-run-id": "6277a0af-d8dc-4f3e-9efe-9ddcf4fe7983", "wf-scheduled-event-id": 2, "wf-started-event-id": 0, "workflow-task-request-id": "emptyUuid", "workflow-task-timeout": 10, "attempt": 1, "wf-started-timestamp": "0001-01-01T00:00:00.000Z", "wt-type": "Normal", "logging-call-at": "/Users/shivamsaraf/Desktop/work/temporal/common/log/with_logger.go:37"}
2025-05-05T16:56:40.731-0400	debug	Assigning new task key	{"host": "127.0.0.1:54944", "shard-id": 3, "address": "127.0.0.1:54944", "wf-namespace-id": "16489026-76fa-49af-8333-d07c4a9341f7", "wf-id": "temporal-sys-worker-deployment:test-deployment-series", "wf-run-id": "6277a0af-d8dc-4f3e-9efe-9ddcf4fe7983", "queue-task-type": "TransferWorkflowTask", "queue-task-id": 1049034, "timestamp": "2025-05-05T20:56:40.731Z", "cursor-timestamp": "2025-05-05T20:56:41.484Z", "logging-call-at": "/Users/shivamsaraf/Desktop/work/temporal/common/log/with_logger.go:37"}
2025-05-05T16:56:40.733-0400	debug	Process task as active.	{"host": "127.0.0.1:54944", "shard-id": 3, "address": "127.0.0.1:54944", "component": "transfer-queue-processor", "wf-namespace-id": "16489026-76fa-49af-8333-d07c4a9341f7", "value": "16489026-76fa-49af-8333-d07c4a9341f7/temporal-sys-worker-deployment:test-deployment-series/6277a0af-d8dc-4f3e-9efe-9ddcf4fe7983", "logging-call-at": "/Users/shivamsaraf/Desktop/work/temporal/common/log/with_logger.go:37"}
2025-05-05T16:56:40.734-0400	debug	Workflow task updated	{"host": "127.0.0.1:54944", "shard-id": 3, "address": "127.0.0.1:54944", "wf-namespace-id": "16489026-76fa-49af-8333-d07c4a9341f7", "wf-id": "temporal-sys-worker-deployment:test-deployment-series", "wf-run-id": "6277a0af-d8dc-4f3e-9efe-9ddcf4fe7983", "wf-scheduled-event-id": 2, "wf-started-event-id": 3, "workflow-task-request-id": "18fd5a0a-2408-4479-803b-c65d7533d82c", "workflow-task-timeout": 10, "attempt": 1, "wf-started-timestamp": "2025-05-05T20:56:40.734Z", "wt-type": "Normal", "logging-call-at": "/Users/shivamsaraf/Desktop/work/temporal/common/log/with_logger.go:37"}
2025-05-05T16:56:40.735-0400	debug	Assigning new task key	{"host": "127.0.0.1:54944", "shard-id": 3, "address": "127.0.0.1:54944", "wf-namespace-id": "16489026-76fa-49af-8333-d07c4a9341f7", "wf-id": "temporal-sys-worker-deployment:test-deployment-series", "wf-run-id": "6277a0af-d8dc-4f3e-9efe-9ddcf4fe7983", "queue-task-type": "WorkflowTaskTimeout", "queue-task-id": 1049037, "timestamp": "2025-05-05T20:56:50.735Z", "cursor-timestamp": "2025-05-05T20:56:41.733Z", "logging-call-at": "/Users/shivamsaraf/Desktop/work/temporal/common/log/with_logger.go:37"}
2025-05-05T16:56:40.737-0400	debug	Frontend method invoked.	{"host": "127.0.0.1:54942", "wf-namespace": "namespace-42f52dc7-121e-4d0f-9fad-c806d0420c24", "operation": "PollWorkflowTaskQueue", "server-name": "", "cert-thumbprint": "", "logging-call-at": "/Users/shivamsaraf/Desktop/work/temporal/common/log/with_logger.go:37"}
2025-05-05T16:56:40.737-0400	debug	Worker Deployment Workflow doing continue-as-new	{"host": "127.0.0.1:54945", "Namespace": "namespace-42f52dc7-121e-4d0f-9fad-c806d0420c24", "TaskQueue": "temporal-sys-per-ns-tq", "WorkerID": "temporal-system@Shivams-MacBook-Pro.local@namespace-42f52dc7-121e-4d0f-9fad-c806d0420c24", "WorkflowType": "temporal-sys-worker-deployment-workflow", "WorkflowID": "temporal-sys-worker-deployment:test-deployment-series", "RunID": "6277a0af-d8dc-4f3e-9efe-9ddcf4fe7983", "Attempt": 1, "wf-namespace": "namespace-42f52dc7-121e-4d0f-9fad-c806d0420c24", "logging-call-at": "/Users/shivamsaraf/Desktop/work/temporal/common/log/with_logger.go:37"}
2025-05-05T16:56:40.737-0400	debug	Received PollWorkflowTaskQueue	{"host": "127.0.0.1:54942", "service": "frontend", "logging-call-at": "/Users/shivamsaraf/Desktop/work/temporal/common/log/with_logger.go:37"}
2025-05-05T16:56:40.737-0400	debug	Poll workflow task queue.	{"host": "127.0.0.1:54942", "service": "frontend", "wf-namespace": "namespace-42f52dc7-121e-4d0f-9fad-c806d0420c24", "wf-namespace-id": "16489026-76fa-49af-8333-d07c4a9341f7", "logging-call-at": "/Users/shivamsaraf/Desktop/work/temporal/common/log/with_logger.go:37"}
2025-05-05T16:56:40.738-0400	debug	Frontend method invoked.	{"host": "127.0.0.1:54942", "wf-namespace": "namespace-42f52dc7-121e-4d0f-9fad-c806d0420c24", "operation": "RespondWorkflowTaskCompleted", "server-name": "", "cert-thumbprint": "", "logging-call-at": "/Users/shivamsaraf/Desktop/work/temporal/common/log/with_logger.go:37"}
2025-05-05T16:56:40.738-0400	debug	RespondWorkflowTaskCompleted	{"host": "127.0.0.1:54944", "service": "history", "wf-namespace-id": "16489026-76fa-49af-8333-d07c4a9341f7", "wf-id": "temporal-sys-worker-deployment:test-deployment-series", "wf-run-id": "6277a0af-d8dc-4f3e-9efe-9ddcf4fe7983", "wf-scheduled-event-id": 2, "logging-call-at": "/Users/shivamsaraf/Desktop/work/temporal/common/log/with_logger.go:37"}
2025-05-05T16:56:40.738-0400	debug	Workflow task updated	{"host": "127.0.0.1:54944", "shard-id": 3, "address": "127.0.0.1:54944", "wf-namespace-id": "16489026-76fa-49af-8333-d07c4a9341f7", "wf-id": "temporal-sys-worker-deployment:test-deployment-series", "wf-run-id": "6277a0af-d8dc-4f3e-9efe-9ddcf4fe7983", "wf-scheduled-event-id": 0, "wf-started-event-id": 0, "workflow-task-request-id": "emptyUuid", "workflow-task-timeout": 0, "attempt": 1, "wf-started-timestamp": "1970-01-01T00:00:00.000Z", "wt-type": "Unspecified", "logging-call-at": "/Users/shivamsaraf/Desktop/work/temporal/common/log/with_logger.go:37"}
2025-05-05T16:56:40.739-0400	debug	Assigning new task key	{"host": "127.0.0.1:54944", "shard-id": 3, "address": "127.0.0.1:54944", "wf-namespace-id": "16489026-76fa-49af-8333-d07c4a9341f7", "wf-id": "temporal-sys-worker-deployment:test-deployment-series", "wf-run-id": "6277a0af-d8dc-4f3e-9efe-9ddcf4fe7983", "queue-task-type": "TransferCloseExecution", "queue-task-id": 1049044, "timestamp": "2025-05-05T20:56:40.739Z", "cursor-timestamp": "2025-05-05T20:56:41.733Z", "logging-call-at": "/Users/shivamsaraf/Desktop/work/temporal/common/log/with_logger.go:37"}
2025-05-05T16:56:40.739-0400	debug	Assigning new task key	{"host": "127.0.0.1:54944", "shard-id": 3, "address": "127.0.0.1:54944", "wf-namespace-id": "16489026-76fa-49af-8333-d07c4a9341f7", "wf-id": "temporal-sys-worker-deployment:test-deployment-series", "wf-run-id": "6277a0af-d8dc-4f3e-9efe-9ddcf4fe7983", "queue-task-type": "VisibilityCloseExecution", "queue-task-id": 1049045, "timestamp": "2025-05-05T20:56:40.739Z", "cursor-timestamp": "2025-05-05T20:56:41.733Z", "logging-call-at": "/Users/shivamsaraf/Desktop/work/temporal/common/log/with_logger.go:37"}
2025-05-05T16:56:40.739-0400	debug	Assigning new task key	{"host": "127.0.0.1:54944", "shard-id": 3, "address": "127.0.0.1:54944", "wf-namespace-id": "16489026-76fa-49af-8333-d07c4a9341f7", "wf-id": "temporal-sys-worker-deployment:test-deployment-series", "wf-run-id": "6277a0af-d8dc-4f3e-9efe-9ddcf4fe7983", "queue-task-type": "DeleteHistoryEvent", "queue-task-id": 1049046, "timestamp": "2025-05-06T20:56:40.914Z", "cursor-timestamp": "2025-05-05T20:56:41.733Z", "logging-call-at": "/Users/shivamsaraf/Desktop/work/temporal/common/log/with_logger.go:37"}
2025-05-05T16:56:40.739-0400	debug	Assigning new task key	{"host": "127.0.0.1:54944", "shard-id": 3, "address": "127.0.0.1:54944", "wf-namespace-id": "16489026-76fa-49af-8333-d07c4a9341f7", "wf-id": "temporal-sys-worker-deployment:test-deployment-series", "wf-run-id": "d8609686-ce7e-4244-86ab-ddd96579ec92", "queue-task-type": "VisibilityStartExecution", "queue-task-id": 1049047, "timestamp": "2025-05-05T20:56:40.739Z", "cursor-timestamp": "2025-05-05T20:56:41.733Z", "logging-call-at": "/Users/shivamsaraf/Desktop/work/temporal/common/log/with_logger.go:37"}
2025-05-05T16:56:40.739-0400	debug	New timer generated is less than min scheduled time	{"host": "127.0.0.1:54944", "shard-id": 3, "address": "127.0.0.1:54944", "wf-namespace-id": "16489026-76fa-49af-8333-d07c4a9341f7", "wf-id": "temporal-sys-worker-deployment:test-deployment-series", "wf-run-id": "d8609686-ce7e-4244-86ab-ddd96579ec92", "queue-task-type": "WorkflowBackoffTimer", "queue-task-id": 1049048, "timestamp": "2025-05-05T20:56:41.698Z", "cursor-timestamp": "2025-05-05T20:56:41.733Z", "shard-update": "ShardAllocateTimerBeforeRead", "logging-call-at": "/Users/shivamsaraf/Desktop/work/temporal/common/log/with_logger.go:37"}
2025-05-05T16:56:40.739-0400	debug	Assigning new task key	{"host": "127.0.0.1:54944", "shard-id": 3, "address": "127.0.0.1:54944", "wf-namespace-id": "16489026-76fa-49af-8333-d07c4a9341f7", "wf-id": "temporal-sys-worker-deployment:test-deployment-series", "wf-run-id": "d8609686-ce7e-4244-86ab-ddd96579ec92", "queue-task-type": "WorkflowBackoffTimer", "queue-task-id": 1049048, "timestamp": "2025-05-05T20:56:41.734Z", "cursor-timestamp": "2025-05-05T20:56:41.733Z", "logging-call-at": "/Users/shivamsaraf/Desktop/work/temporal/common/log/with_logger.go:37"}
2025-05-05T16:56:40.740-0400	debug	Process task as active.	{"host": "127.0.0.1:54944", "shard-id": 3, "address": "127.0.0.1:54944", "component": "transfer-queue-processor", "wf-namespace-id": "16489026-76fa-49af-8333-d07c4a9341f7", "value": "16489026-76fa-49af-8333-d07c4a9341f7/temporal-sys-worker-deployment:test-deployment-series/6277a0af-d8dc-4f3e-9efe-9ddcf4fe7983", "logging-call-at": "/Users/shivamsaraf/Desktop/work/temporal/common/log/with_logger.go:37"}
2025-05-05T16:56:40.740-0400	debug	deployment client success	{"host": "127.0.0.1:54942", "operation": "DescribeWorkerDeployment", "elapsed": 0.999632375, "args": ["test-deployment-series"], "logging-call-at": "/Users/shivamsaraf/Desktop/work/temporal/common/log/with_logger.go:37"}
2025-05-05T16:56:40.741-0400	debug	Frontend method invoked.	{"host": "127.0.0.1:54942", "wf-namespace": "namespace-42f52dc7-121e-4d0f-9fad-c806d0420c24", "operation": "DescribeWorkerDeploymentVersion", "server-name": "", "cert-thumbprint": "", "logging-call-at": "/Users/shivamsaraf/Desktop/work/temporal/common/log/with_logger.go:37"}
2025-05-05T16:56:40.743-0400	error	deployment client error	{"host": "127.0.0.1:54942", "error": "Worker Deployment Version not found", "operation": "DescribeVersion", "elapsed": 0.002001333, "args": ["test-deployment-series","two_2"], "logging-call-at": "/Users/shivamsaraf/Desktop/work/temporal/common/log/with_logger.go:52"}
go.temporal.io/server/common/log.(*zapLogger).Error
	/Users/shivamsaraf/Desktop/work/temporal/common/log/zap_logger.go:132
go.temporal.io/server/common/testing/testlogger.(*TestLogger).Error
	/Users/shivamsaraf/Desktop/work/temporal/common/testing/testlogger/testlogger.go:344
go.temporal.io/server/common/log.(*withLogger).Error
	/Users/shivamsaraf/Desktop/work/temporal/common/log/with_logger.go:52
go.temporal.io/server/service/worker/workerdeployment.(*ClientImpl).DescribeVersion.(*ClientImpl).record.func1
	/Users/shivamsaraf/Desktop/work/temporal/service/worker/workerdeployment/client.go:1263
go.temporal.io/server/service/worker/workerdeployment.(*ClientImpl).DescribeVersion
	/Users/shivamsaraf/Desktop/work/temporal/service/worker/workerdeployment/client.go:290
go.temporal.io/server/service/frontend.(*WorkflowHandler).DescribeWorkerDeploymentVersion
	/Users/shivamsaraf/Desktop/work/temporal/service/frontend/workflow_handler.go:3357
go.temporal.io/api/workflowservice/v1._WorkflowService_DescribeWorkerDeploymentVersion_Handler.func1
	/Users/shivamsaraf/go/pkg/mod/go.temporal.io/api@v1.49.0/workflowservice/v1/service_grpc.pb.go:3429
go.temporal.io/server/common/rpc/interceptor.(*RetryableInterceptor).Intercept.func1
	/Users/shivamsaraf/Desktop/work/temporal/common/rpc/interceptor/retry.go:38
go.temporal.io/server/common/backoff.ThrottleRetryContext
	/Users/shivamsaraf/Desktop/work/temporal/common/backoff/retry.go:65
go.temporal.io/server/common/rpc/interceptor.(*RetryableInterceptor).Intercept
	/Users/shivamsaraf/Desktop/work/temporal/common/rpc/interceptor/retry.go:42
google.golang.org/grpc.getChainUnaryHandler.func1
	/Users/shivamsaraf/go/pkg/mod/google.golang.org/grpc@v1.71.0/server.go:1217
go.temporal.io/server/common/rpc/interceptor.(*CallerInfoInterceptor).Intercept
	/Users/shivamsaraf/Desktop/work/temporal/common/rpc/interceptor/caller_info.go:40
google.golang.org/grpc.getChainUnaryHandler.func1
	/Users/shivamsaraf/go/pkg/mod/google.golang.org/grpc@v1.71.0/server.go:1217
go.temporal.io/server/common/rpc/interceptor.(*SDKVersionInterceptor).Intercept
	/Users/shivamsaraf/Desktop/work/temporal/common/rpc/interceptor/sdk_version.go:44
google.golang.org/grpc.getChainUnaryHandler.func1
	/Users/shivamsaraf/go/pkg/mod/google.golang.org/grpc@v1.71.0/server.go:1217
go.temporal.io/server/common/rpc/interceptor.(*RateLimitInterceptor).Intercept
	/Users/shivamsaraf/Desktop/work/temporal/common/rpc/interceptor/rate_limit.go:64
google.golang.org/grpc.getChainUnaryHandler.func1
	/Users/shivamsaraf/go/pkg/mod/google.golang.org/grpc@v1.71.0/server.go:1217
go.temporal.io/server/common/rpc/interceptor.(*NamespaceRateLimitInterceptorImpl).Intercept
	/Users/shivamsaraf/Desktop/work/temporal/common/rpc/interceptor/namespace_rate_limit.go:77
google.golang.org/grpc.getChainUnaryHandler.func1
	/Users/shivamsaraf/go/pkg/mod/google.golang.org/grpc@v1.71.0/server.go:1217
go.temporal.io/server/common/rpc/interceptor.(*ConcurrentRequestLimitInterceptor).Intercept
	/Users/shivamsaraf/Desktop/work/temporal/common/rpc/interceptor/concurrent_request_limit.go:83
google.golang.org/grpc.getChainUnaryHandler.func1
	/Users/shivamsaraf/go/pkg/mod/google.golang.org/grpc@v1.71.0/server.go:1217
go.temporal.io/server/common/rpc/interceptor.(*NamespaceValidatorInterceptor).StateValidationIntercept
	/Users/shivamsaraf/Desktop/work/temporal/common/rpc/interceptor/namespace_validator.go:210
google.golang.org/grpc.getChainUnaryHandler.func1
	/Users/shivamsaraf/go/pkg/mod/google.golang.org/grpc@v1.71.0/server.go:1217
go.temporal.io/server/common/rpc/interceptor.(*HealthInterceptor).Intercept
	/Users/shivamsaraf/Desktop/work/temporal/common/rpc/interceptor/health.go:41
google.golang.org/grpc.getChainUnaryHandler.func1
	/Users/shivamsaraf/go/pkg/mod/google.golang.org/grpc@v1.71.0/server.go:1217
go.temporal.io/server/common/rpc/interceptor.(*TelemetryInterceptor).UnaryIntercept
	/Users/shivamsaraf/Desktop/work/temporal/common/rpc/interceptor/telemetry.go:176
google.golang.org/grpc.getChainUnaryHandler.func1
	/Users/shivamsaraf/go/pkg/mod/google.golang.org/grpc@v1.71.0/server.go:1217
go.temporal.io/server/common/rpc/interceptor.(*Redirection).handleRedirectAPIInvocation.func2
	/Users/shivamsaraf/Desktop/work/temporal/common/rpc/interceptor/redirection.go:247
go.temporal.io/server/common/rpc/interceptor.(*NoopRedirectionPolicy).WithNamespaceRedirect
	/Users/shivamsaraf/Desktop/work/temporal/common/rpc/interceptor/dc_redirection_policy.go:101
go.temporal.io/server/common/rpc/interceptor.(*Redirection).handleRedirectAPIInvocation
	/Users/shivamsaraf/Desktop/work/temporal/common/rpc/interceptor/redirection.go:244
go.temporal.io/server/common/rpc/interceptor.(*Redirection).Intercept
	/Users/shivamsaraf/Desktop/work/temporal/common/rpc/interceptor/redirection.go:204
google.golang.org/grpc.getChainUnaryHandler.func1
	/Users/shivamsaraf/go/pkg/mod/google.golang.org/grpc@v1.71.0/server.go:1217
go.temporal.io/server/common/rpc/interceptor.(*NamespaceHandoverInterceptor).Intercept
	/Users/shivamsaraf/Desktop/work/temporal/common/rpc/interceptor/namespace_handover.go:85
google.golang.org/grpc.getChainUnaryHandler.func1
	/Users/shivamsaraf/go/pkg/mod/google.golang.org/grpc@v1.71.0/server.go:1217
go.temporal.io/server/common/authorization.(*Interceptor).Intercept
	/Users/shivamsaraf/Desktop/work/temporal/common/authorization/interceptor.go:154
google.golang.org/grpc.getChainUnaryHandler.func1
	/Users/shivamsaraf/go/pkg/mod/google.golang.org/grpc@v1.71.0/server.go:1217
go.temporal.io/server/service/frontend.GrpcServerOptionsProvider.NewServerMetricsContextInjectorInterceptor.func2
	/Users/shivamsaraf/Desktop/work/temporal/common/metrics/grpc.go:41
google.golang.org/grpc.getChainUnaryHandler.func1
	/Users/shivamsaraf/go/pkg/mod/google.golang.org/grpc@v1.71.0/server.go:1217
go.temporal.io/server/common/rpc/interceptor.(*NamespaceLogInterceptor).Intercept
	/Users/shivamsaraf/Desktop/work/temporal/common/rpc/interceptor/namespace_logger.go:60
google.golang.org/grpc.getChainUnaryHandler.func1
	/Users/shivamsaraf/go/pkg/mod/google.golang.org/grpc@v1.71.0/server.go:1217
go.temporal.io/server/common/rpc/interceptor.(*NamespaceValidatorInterceptor).NamespaceValidateIntercept
	/Users/shivamsaraf/Desktop/work/temporal/common/rpc/interceptor/namespace_validator.go:121
google.golang.org/grpc.getChainUnaryHandler.func1
	/Users/shivamsaraf/go/pkg/mod/google.golang.org/grpc@v1.71.0/server.go:1217
go.temporal.io/server/service/frontend.GrpcServerOptionsProvider.NewFrontendServiceErrorInterceptor.func1
	/Users/shivamsaraf/Desktop/work/temporal/common/rpc/grpc.go:135
google.golang.org/grpc.getChainUnaryHandler.func1
	/Users/shivamsaraf/go/pkg/mod/google.golang.org/grpc@v1.71.0/server.go:1217
go.temporal.io/server/common/rpc/interceptor.ServiceErrorInterceptor
	/Users/shivamsaraf/Desktop/work/temporal/common/rpc/interceptor/service_error_interceptor.go:19
google.golang.org/grpc.getChainUnaryHandler.func1
	/Users/shivamsaraf/go/pkg/mod/google.golang.org/grpc@v1.71.0/server.go:1217
go.temporal.io/server/common/rpc/interceptor.(*MaskInternalErrorDetailsInterceptor).Intercept
	/Users/shivamsaraf/Desktop/work/temporal/common/rpc/interceptor/mask_internal_error.go:51
google.golang.org/grpc.NewServer.chainUnaryServerInterceptors.chainUnaryInterceptors.func1
	/Users/shivamsaraf/go/pkg/mod/google.golang.org/grpc@v1.71.0/server.go:1208
go.temporal.io/api/workflowservice/v1._WorkflowService_DescribeWorkerDeploymentVersion_Handler
	/Users/shivamsaraf/go/pkg/mod/go.temporal.io/api@v1.49.0/workflowservice/v1/service_grpc.pb.go:3431
google.golang.org/grpc.(*Server).processUnaryRPC
	/Users/shivamsaraf/go/pkg/mod/google.golang.org/grpc@v1.71.0/server.go:1405
google.golang.org/grpc.(*Server).handleStream
	/Users/shivamsaraf/go/pkg/mod/google.golang.org/grpc@v1.71.0/server.go:1815
google.golang.org/grpc.(*Server).serveStreams.func2.1
	/Users/shivamsaraf/go/pkg/mod/google.golang.org/grpc@v1.71.0/server.go:1035
2025-05-05T16:56:40.743-0400	debug	Frontend method invoked.	{"host": "127.0.0.1:54942", "wf-namespace": "namespace-42f52dc7-121e-4d0f-9fad-c806d0420c24", "operation": "DescribeWorkerDeployment", "server-name": "", "cert-thumbprint": "", "logging-call-at": "/Users/shivamsaraf/Desktop/work/temporal/common/log/with_logger.go:37"}
2025-05-05T16:56:41.483-0400	debug	Process task as active.	{"host": "127.0.0.1:54944", "shard-id": 3, "address": "127.0.0.1:54944", "component": "timer-queue-processor", "wf-namespace-id": "16489026-76fa-49af-8333-d07c4a9341f7", "value": "16489026-76fa-49af-8333-d07c4a9341f7/temporal-sys-worker-deployment-version:test-deployment-series.one_1/84207a72-c541-4be6-9466-1c593f093631", "logging-call-at": "/Users/shivamsaraf/Desktop/work/temporal/common/log/with_logger.go:37"}
2025-05-05T16:56:41.483-0400	debug	Workflow task updated	{"host": "127.0.0.1:54944", "shard-id": 3, "address": "127.0.0.1:54944", "wf-namespace-id": "16489026-76fa-49af-8333-d07c4a9341f7", "wf-id": "temporal-sys-worker-deployment-version:test-deployment-series.one_1", "wf-run-id": "84207a72-c541-4be6-9466-1c593f093631", "wf-scheduled-event-id": 2, "wf-started-event-id": 0, "workflow-task-request-id": "emptyUuid", "workflow-task-timeout": 10, "attempt": 1, "wf-started-timestamp": "0001-01-01T00:00:00.000Z", "wt-type": "Normal", "logging-call-at": "/Users/shivamsaraf/Desktop/work/temporal/common/log/with_logger.go:37"}
2025-05-05T16:56:41.483-0400	debug	Assigning new task key	{"host": "127.0.0.1:54944", "shard-id": 3, "address": "127.0.0.1:54944", "wf-namespace-id": "16489026-76fa-49af-8333-d07c4a9341f7", "wf-id": "temporal-sys-worker-deployment-version:test-deployment-series.one_1", "wf-run-id": "84207a72-c541-4be6-9466-1c593f093631", "queue-task-type": "TransferWorkflowTask", "queue-task-id": 1049051, "timestamp": "2025-05-05T20:56:41.483Z", "cursor-timestamp": "2025-05-05T20:56:41.740Z", "logging-call-at": "/Users/shivamsaraf/Desktop/work/temporal/common/log/with_logger.go:37"}
2025-05-05T16:56:41.484-0400	debug	Process task as active.	{"host": "127.0.0.1:54944", "shard-id": 3, "address": "127.0.0.1:54944", "component": "transfer-queue-processor", "wf-namespace-id": "16489026-76fa-49af-8333-d07c4a9341f7", "value": "16489026-76fa-49af-8333-d07c4a9341f7/temporal-sys-worker-deployment-version:test-deployment-series.one_1/84207a72-c541-4be6-9466-1c593f093631", "logging-call-at": "/Users/shivamsaraf/Desktop/work/temporal/common/log/with_logger.go:37"}
2025-05-05T16:56:41.484-0400	debug	Workflow task updated	{"host": "127.0.0.1:54944", "shard-id": 3, "address": "127.0.0.1:54944", "wf-namespace-id": "16489026-76fa-49af-8333-d07c4a9341f7", "wf-id": "temporal-sys-worker-deployment-version:test-deployment-series.one_1", "wf-run-id": "84207a72-c541-4be6-9466-1c593f093631", "wf-scheduled-event-id": 2, "wf-started-event-id": 3, "workflow-task-request-id": "48f0a09d-66bc-4897-ae77-99425831f11e", "workflow-task-timeout": 10, "attempt": 1, "wf-started-timestamp": "2025-05-05T20:56:41.484Z", "wt-type": "Normal", "logging-call-at": "/Users/shivamsaraf/Desktop/work/temporal/common/log/with_logger.go:37"}
2025-05-05T16:56:41.484-0400	debug	Assigning new task key	{"host": "127.0.0.1:54944", "shard-id": 3, "address": "127.0.0.1:54944", "wf-namespace-id": "16489026-76fa-49af-8333-d07c4a9341f7", "wf-id": "temporal-sys-worker-deployment-version:test-deployment-series.one_1", "wf-run-id": "84207a72-c541-4be6-9466-1c593f093631", "queue-task-type": "WorkflowTaskTimeout", "queue-task-id": 1049054, "timestamp": "2025-05-05T20:56:51.485Z", "cursor-timestamp": "2025-05-05T20:56:42.484Z", "logging-call-at": "/Users/shivamsaraf/Desktop/work/temporal/common/log/with_logger.go:37"}
2025-05-05T16:56:41.485-0400	debug	Frontend method invoked.	{"host": "127.0.0.1:54942", "wf-namespace": "namespace-42f52dc7-121e-4d0f-9fad-c806d0420c24", "operation": "PollWorkflowTaskQueue", "server-name": "", "cert-thumbprint": "", "logging-call-at": "/Users/shivamsaraf/Desktop/work/temporal/common/log/with_logger.go:37"}
Version doing continue-as-new with drainage info Unspecified
2025-05-05T16:56:41.485-0400	debug	Received PollWorkflowTaskQueue	{"host": "127.0.0.1:54942", "service": "frontend", "logging-call-at": "/Users/shivamsaraf/Desktop/work/temporal/common/log/with_logger.go:37"}
2025-05-05T16:56:41.485-0400	debug	Poll workflow task queue.	{"host": "127.0.0.1:54942", "service": "frontend", "wf-namespace": "namespace-42f52dc7-121e-4d0f-9fad-c806d0420c24", "wf-namespace-id": "16489026-76fa-49af-8333-d07c4a9341f7", "logging-call-at": "/Users/shivamsaraf/Desktop/work/temporal/common/log/with_logger.go:37"}
2025-05-05T16:56:41.486-0400	debug	Frontend method invoked.	{"host": "127.0.0.1:54942", "wf-namespace": "namespace-42f52dc7-121e-4d0f-9fad-c806d0420c24", "operation": "RespondWorkflowTaskCompleted", "server-name": "", "cert-thumbprint": "", "logging-call-at": "/Users/shivamsaraf/Desktop/work/temporal/common/log/with_logger.go:37"}
2025-05-05T16:56:41.486-0400	debug	RespondWorkflowTaskCompleted	{"host": "127.0.0.1:54944", "service": "history", "wf-namespace-id": "16489026-76fa-49af-8333-d07c4a9341f7", "wf-id": "temporal-sys-worker-deployment-version:test-deployment-series.one_1", "wf-run-id": "84207a72-c541-4be6-9466-1c593f093631", "wf-scheduled-event-id": 2, "logging-call-at": "/Users/shivamsaraf/Desktop/work/temporal/common/log/with_logger.go:37"}
2025-05-05T16:56:41.486-0400	debug	Workflow task updated	{"host": "127.0.0.1:54944", "shard-id": 3, "address": "127.0.0.1:54944", "wf-namespace-id": "16489026-76fa-49af-8333-d07c4a9341f7", "wf-id": "temporal-sys-worker-deployment-version:test-deployment-series.one_1", "wf-run-id": "84207a72-c541-4be6-9466-1c593f093631", "wf-scheduled-event-id": 0, "wf-started-event-id": 0, "workflow-task-request-id": "emptyUuid", "workflow-task-timeout": 0, "attempt": 1, "wf-started-timestamp": "1970-01-01T00:00:00.000Z", "wt-type": "Unspecified", "logging-call-at": "/Users/shivamsaraf/Desktop/work/temporal/common/log/with_logger.go:37"}
2025-05-05T16:56:41.487-0400	debug	Assigning new task key	{"host": "127.0.0.1:54944", "shard-id": 3, "address": "127.0.0.1:54944", "wf-namespace-id": "16489026-76fa-49af-8333-d07c4a9341f7", "wf-id": "temporal-sys-worker-deployment-version:test-deployment-series.one_1", "wf-run-id": "84207a72-c541-4be6-9466-1c593f093631", "queue-task-type": "TransferCloseExecution", "queue-task-id": 1049061, "timestamp": "2025-05-05T20:56:41.487Z", "cursor-timestamp": "2025-05-05T20:56:42.484Z", "logging-call-at": "/Users/shivamsaraf/Desktop/work/temporal/common/log/with_logger.go:37"}
2025-05-05T16:56:41.487-0400	debug	Assigning new task key	{"host": "127.0.0.1:54944", "shard-id": 3, "address": "127.0.0.1:54944", "wf-namespace-id": "16489026-76fa-49af-8333-d07c4a9341f7", "wf-id": "temporal-sys-worker-deployment-version:test-deployment-series.one_1", "wf-run-id": "84207a72-c541-4be6-9466-1c593f093631", "queue-task-type": "VisibilityCloseExecution", "queue-task-id": 1049062, "timestamp": "2025-05-05T20:56:41.487Z", "cursor-timestamp": "2025-05-05T20:56:42.484Z", "logging-call-at": "/Users/shivamsaraf/Desktop/work/temporal/common/log/with_logger.go:37"}
2025-05-05T16:56:41.487-0400	debug	Assigning new task key	{"host": "127.0.0.1:54944", "shard-id": 3, "address": "127.0.0.1:54944", "wf-namespace-id": "16489026-76fa-49af-8333-d07c4a9341f7", "wf-id": "temporal-sys-worker-deployment-version:test-deployment-series.one_1", "wf-run-id": "84207a72-c541-4be6-9466-1c593f093631", "queue-task-type": "DeleteHistoryEvent", "queue-task-id": 1049063, "timestamp": "2025-05-06T20:56:41.948Z", "cursor-timestamp": "2025-05-05T20:56:42.484Z", "logging-call-at": "/Users/shivamsaraf/Desktop/work/temporal/common/log/with_logger.go:37"}
2025-05-05T16:56:41.487-0400	debug	Assigning new task key	{"host": "127.0.0.1:54944", "shard-id": 3, "address": "127.0.0.1:54944", "wf-namespace-id": "16489026-76fa-49af-8333-d07c4a9341f7", "wf-id": "temporal-sys-worker-deployment-version:test-deployment-series.one_1", "wf-run-id": "d7f65cf4-f78c-4876-bf8f-f3cd25d3961f", "queue-task-type": "VisibilityStartExecution", "queue-task-id": 1049064, "timestamp": "2025-05-05T20:56:41.487Z", "cursor-timestamp": "2025-05-05T20:56:42.484Z", "logging-call-at": "/Users/shivamsaraf/Desktop/work/temporal/common/log/with_logger.go:37"}
2025-05-05T16:56:41.487-0400	debug	New timer generated is less than min scheduled time	{"host": "127.0.0.1:54944", "shard-id": 3, "address": "127.0.0.1:54944", "wf-namespace-id": "16489026-76fa-49af-8333-d07c4a9341f7", "wf-id": "temporal-sys-worker-deployment-version:test-deployment-series.one_1", "wf-run-id": "d7f65cf4-f78c-4876-bf8f-f3cd25d3961f", "queue-task-type": "WorkflowBackoffTimer", "queue-task-id": 1049065, "timestamp": "2025-05-05T20:56:42.453Z", "cursor-timestamp": "2025-05-05T20:56:42.484Z", "shard-update": "ShardAllocateTimerBeforeRead", "logging-call-at": "/Users/shivamsaraf/Desktop/work/temporal/common/log/with_logger.go:37"}
2025-05-05T16:56:41.487-0400	debug	Assigning new task key	{"host": "127.0.0.1:54944", "shard-id": 3, "address": "127.0.0.1:54944", "wf-namespace-id": "16489026-76fa-49af-8333-d07c4a9341f7", "wf-id": "temporal-sys-worker-deployment-version:test-deployment-series.one_1", "wf-run-id": "d7f65cf4-f78c-4876-bf8f-f3cd25d3961f", "queue-task-type": "WorkflowBackoffTimer", "queue-task-id": 1049065, "timestamp": "2025-05-05T20:56:42.485Z", "cursor-timestamp": "2025-05-05T20:56:42.484Z", "logging-call-at": "/Users/shivamsaraf/Desktop/work/temporal/common/log/with_logger.go:37"}
2025-05-05T16:56:41.488-0400	debug	Process task as active.	{"host": "127.0.0.1:54944", "shard-id": 3, "address": "127.0.0.1:54944", "component": "transfer-queue-processor", "wf-namespace-id": "16489026-76fa-49af-8333-d07c4a9341f7", "value": "16489026-76fa-49af-8333-d07c4a9341f7/temporal-sys-worker-deployment-version:test-deployment-series.one_1/84207a72-c541-4be6-9466-1c593f093631", "logging-call-at": "/Users/shivamsaraf/Desktop/work/temporal/common/log/with_logger.go:37"}
2025-05-05T16:56:41.735-0400	debug	Process task as active.	{"host": "127.0.0.1:54944", "shard-id": 3, "address": "127.0.0.1:54944", "component": "timer-queue-processor", "wf-namespace-id": "16489026-76fa-49af-8333-d07c4a9341f7", "value": "16489026-76fa-49af-8333-d07c4a9341f7/temporal-sys-worker-deployment:test-deployment-series/d8609686-ce7e-4244-86ab-ddd96579ec92", "logging-call-at": "/Users/shivamsaraf/Desktop/work/temporal/common/log/with_logger.go:37"}
2025-05-05T16:56:41.735-0400	debug	Workflow task updated	{"host": "127.0.0.1:54944", "shard-id": 3, "address": "127.0.0.1:54944", "wf-namespace-id": "16489026-76fa-49af-8333-d07c4a9341f7", "wf-id": "temporal-sys-worker-deployment:test-deployment-series", "wf-run-id": "d8609686-ce7e-4244-86ab-ddd96579ec92", "wf-scheduled-event-id": 2, "wf-started-event-id": 0, "workflow-task-request-id": "emptyUuid", "workflow-task-timeout": 10, "attempt": 1, "wf-started-timestamp": "0001-01-01T00:00:00.000Z", "wt-type": "Normal", "logging-call-at": "/Users/shivamsaraf/Desktop/work/temporal/common/log/with_logger.go:37"}
2025-05-05T16:56:41.736-0400	debug	Assigning new task key	{"host": "127.0.0.1:54944", "shard-id": 3, "address": "127.0.0.1:54944", "wf-namespace-id": "16489026-76fa-49af-8333-d07c4a9341f7", "wf-id": "temporal-sys-worker-deployment:test-deployment-series", "wf-run-id": "d8609686-ce7e-4244-86ab-ddd96579ec92", "queue-task-type": "TransferWorkflowTask", "queue-task-id": 1049068, "timestamp": "2025-05-05T20:56:41.736Z", "cursor-timestamp": "2025-05-05T20:56:42.488Z", "logging-call-at": "/Users/shivamsaraf/Desktop/work/temporal/common/log/with_logger.go:37"}
2025-05-05T16:56:41.737-0400	debug	Process task as active.	{"host": "127.0.0.1:54944", "shard-id": 3, "address": "127.0.0.1:54944", "component": "transfer-queue-processor", "wf-namespace-id": "16489026-76fa-49af-8333-d07c4a9341f7", "value": "16489026-76fa-49af-8333-d07c4a9341f7/temporal-sys-worker-deployment:test-deployment-series/d8609686-ce7e-4244-86ab-ddd96579ec92", "logging-call-at": "/Users/shivamsaraf/Desktop/work/temporal/common/log/with_logger.go:37"}
2025-05-05T16:56:41.738-0400	debug	Workflow task updated	{"host": "127.0.0.1:54944", "shard-id": 3, "address": "127.0.0.1:54944", "wf-namespace-id": "16489026-76fa-49af-8333-d07c4a9341f7", "wf-id": "temporal-sys-worker-deployment:test-deployment-series", "wf-run-id": "d8609686-ce7e-4244-86ab-ddd96579ec92", "wf-scheduled-event-id": 2, "wf-started-event-id": 3, "workflow-task-request-id": "9267c072-e819-439a-8689-49039ae7d3c9", "workflow-task-timeout": 10, "attempt": 1, "wf-started-timestamp": "2025-05-05T20:56:41.738Z", "wt-type": "Normal", "logging-call-at": "/Users/shivamsaraf/Desktop/work/temporal/common/log/with_logger.go:37"}
2025-05-05T16:56:41.738-0400	debug	Assigning new task key	{"host": "127.0.0.1:54944", "shard-id": 3, "address": "127.0.0.1:54944", "wf-namespace-id": "16489026-76fa-49af-8333-d07c4a9341f7", "wf-id": "temporal-sys-worker-deployment:test-deployment-series", "wf-run-id": "d8609686-ce7e-4244-86ab-ddd96579ec92", "queue-task-type": "WorkflowTaskTimeout", "queue-task-id": 1049071, "timestamp": "2025-05-05T20:56:51.739Z", "cursor-timestamp": "2025-05-05T20:56:42.737Z", "logging-call-at": "/Users/shivamsaraf/Desktop/work/temporal/common/log/with_logger.go:37"}
2025-05-05T16:56:41.741-0400	debug	Frontend method invoked.	{"host": "127.0.0.1:54942", "wf-namespace": "namespace-42f52dc7-121e-4d0f-9fad-c806d0420c24", "operation": "PollWorkflowTaskQueue", "server-name": "", "cert-thumbprint": "", "logging-call-at": "/Users/shivamsaraf/Desktop/work/temporal/common/log/with_logger.go:37"}
2025-05-05T16:56:41.741-0400	debug	Received PollWorkflowTaskQueue	{"host": "127.0.0.1:54942", "service": "frontend", "logging-call-at": "/Users/shivamsaraf/Desktop/work/temporal/common/log/with_logger.go:37"}
2025-05-05T16:56:41.741-0400	debug	Poll workflow task queue.	{"host": "127.0.0.1:54942", "service": "frontend", "wf-namespace": "namespace-42f52dc7-121e-4d0f-9fad-c806d0420c24", "wf-namespace-id": "16489026-76fa-49af-8333-d07c4a9341f7", "logging-call-at": "/Users/shivamsaraf/Desktop/work/temporal/common/log/with_logger.go:37"}
2025-05-05T16:56:41.741-0400	debug	Worker Deployment Workflow doing continue-as-new	{"host": "127.0.0.1:54945", "Namespace": "namespace-42f52dc7-121e-4d0f-9fad-c806d0420c24", "TaskQueue": "temporal-sys-per-ns-tq", "WorkerID": "temporal-system@Shivams-MacBook-Pro.local@namespace-42f52dc7-121e-4d0f-9fad-c806d0420c24", "WorkflowType": "temporal-sys-worker-deployment-workflow", "WorkflowID": "temporal-sys-worker-deployment:test-deployment-series", "RunID": "d8609686-ce7e-4244-86ab-ddd96579ec92", "Attempt": 1, "wf-namespace": "namespace-42f52dc7-121e-4d0f-9fad-c806d0420c24", "logging-call-at": "/Users/shivamsaraf/Desktop/work/temporal/common/log/with_logger.go:37"}
2025-05-05T16:56:41.741-0400	debug	Frontend method invoked.	{"host": "127.0.0.1:54942", "wf-namespace": "namespace-42f52dc7-121e-4d0f-9fad-c806d0420c24", "operation": "RespondWorkflowTaskCompleted", "server-name": "", "cert-thumbprint": "", "logging-call-at": "/Users/shivamsaraf/Desktop/work/temporal/common/log/with_logger.go:37"}
2025-05-05T16:56:41.742-0400	debug	RespondWorkflowTaskCompleted	{"host": "127.0.0.1:54944", "service": "history", "wf-namespace-id": "16489026-76fa-49af-8333-d07c4a9341f7", "wf-id": "temporal-sys-worker-deployment:test-deployment-series", "wf-run-id": "d8609686-ce7e-4244-86ab-ddd96579ec92", "wf-scheduled-event-id": 2, "logging-call-at": "/Users/shivamsaraf/Desktop/work/temporal/common/log/with_logger.go:37"}
2025-05-05T16:56:41.742-0400	debug	Workflow task updated	{"host": "127.0.0.1:54944", "shard-id": 3, "address": "127.0.0.1:54944", "wf-namespace-id": "16489026-76fa-49af-8333-d07c4a9341f7", "wf-id": "temporal-sys-worker-deployment:test-deployment-series", "wf-run-id": "d8609686-ce7e-4244-86ab-ddd96579ec92", "wf-scheduled-event-id": 0, "wf-started-event-id": 0, "workflow-task-request-id": "emptyUuid", "workflow-task-timeout": 0, "attempt": 1, "wf-started-timestamp": "1970-01-01T00:00:00.000Z", "wt-type": "Unspecified", "logging-call-at": "/Users/shivamsaraf/Desktop/work/temporal/common/log/with_logger.go:37"}
2025-05-05T16:56:41.742-0400	debug	Assigning new task key	{"host": "127.0.0.1:54944", "shard-id": 3, "address": "127.0.0.1:54944", "wf-namespace-id": "16489026-76fa-49af-8333-d07c4a9341f7", "wf-id": "temporal-sys-worker-deployment:test-deployment-series", "wf-run-id": "d8609686-ce7e-4244-86ab-ddd96579ec92", "queue-task-type": "VisibilityCloseExecution", "queue-task-id": 1049078, "timestamp": "2025-05-05T20:56:41.742Z", "cursor-timestamp": "2025-05-05T20:56:42.737Z", "logging-call-at": "/Users/shivamsaraf/Desktop/work/temporal/common/log/with_logger.go:37"}
2025-05-05T16:56:41.742-0400	debug	Assigning new task key	{"host": "127.0.0.1:54944", "shard-id": 3, "address": "127.0.0.1:54944", "wf-namespace-id": "16489026-76fa-49af-8333-d07c4a9341f7", "wf-id": "temporal-sys-worker-deployment:test-deployment-series", "wf-run-id": "d8609686-ce7e-4244-86ab-ddd96579ec92", "queue-task-type": "DeleteHistoryEvent", "queue-task-id": 1049079, "timestamp": "2025-05-06T20:56:42.273Z", "cursor-timestamp": "2025-05-05T20:56:42.737Z", "logging-call-at": "/Users/shivamsaraf/Desktop/work/temporal/common/log/with_logger.go:37"}
2025-05-05T16:56:41.742-0400	debug	Assigning new task key	{"host": "127.0.0.1:54944", "shard-id": 3, "address": "127.0.0.1:54944", "wf-namespace-id": "16489026-76fa-49af-8333-d07c4a9341f7", "wf-id": "temporal-sys-worker-deployment:test-deployment-series", "wf-run-id": "d8609686-ce7e-4244-86ab-ddd96579ec92", "queue-task-type": "TransferCloseExecution", "queue-task-id": 1049080, "timestamp": "2025-05-05T20:56:41.742Z", "cursor-timestamp": "2025-05-05T20:56:42.737Z", "logging-call-at": "/Users/shivamsaraf/Desktop/work/temporal/common/log/with_logger.go:37"}
2025-05-05T16:56:41.742-0400	debug	Assigning new task key	{"host": "127.0.0.1:54944", "shard-id": 3, "address": "127.0.0.1:54944", "wf-namespace-id": "16489026-76fa-49af-8333-d07c4a9341f7", "wf-id": "temporal-sys-worker-deployment:test-deployment-series", "wf-run-id": "d7e8814f-68da-41b1-889a-062d8ce2940c", "queue-task-type": "VisibilityStartExecution", "queue-task-id": 1049081, "timestamp": "2025-05-05T20:56:41.742Z", "cursor-timestamp": "2025-05-05T20:56:42.737Z", "logging-call-at": "/Users/shivamsaraf/Desktop/work/temporal/common/log/with_logger.go:37"}
2025-05-05T16:56:41.742-0400	debug	New timer generated is less than min scheduled time	{"host": "127.0.0.1:54944", "shard-id": 3, "address": "127.0.0.1:54944", "wf-namespace-id": "16489026-76fa-49af-8333-d07c4a9341f7", "wf-id": "temporal-sys-worker-deployment:test-deployment-series", "wf-run-id": "d7e8814f-68da-41b1-889a-062d8ce2940c", "queue-task-type": "WorkflowBackoffTimer", "queue-task-id": 1049082, "timestamp": "2025-05-05T20:56:42.698Z", "cursor-timestamp": "2025-05-05T20:56:42.737Z", "shard-update": "ShardAllocateTimerBeforeRead", "logging-call-at": "/Users/shivamsaraf/Desktop/work/temporal/common/log/with_logger.go:37"}
2025-05-05T16:56:41.742-0400	debug	Assigning new task key	{"host": "127.0.0.1:54944", "shard-id": 3, "address": "127.0.0.1:54944", "wf-namespace-id": "16489026-76fa-49af-8333-d07c4a9341f7", "wf-id": "temporal-sys-worker-deployment:test-deployment-series", "wf-run-id": "d7e8814f-68da-41b1-889a-062d8ce2940c", "queue-task-type": "WorkflowBackoffTimer", "queue-task-id": 1049082, "timestamp": "2025-05-05T20:56:42.738Z", "cursor-timestamp": "2025-05-05T20:56:42.737Z", "logging-call-at": "/Users/shivamsaraf/Desktop/work/temporal/common/log/with_logger.go:37"}
2025-05-05T16:56:41.743-0400	debug	Process task as active.	{"host": "127.0.0.1:54944", "shard-id": 3, "address": "127.0.0.1:54944", "component": "transfer-queue-processor", "wf-namespace-id": "16489026-76fa-49af-8333-d07c4a9341f7", "value": "16489026-76fa-49af-8333-d07c4a9341f7/temporal-sys-worker-deployment:test-deployment-series/d8609686-ce7e-4244-86ab-ddd96579ec92", "logging-call-at": "/Users/shivamsaraf/Desktop/work/temporal/common/log/with_logger.go:37"}
2025-05-05T16:56:41.744-0400	debug	deployment client success	{"host": "127.0.0.1:54942", "operation": "DescribeWorkerDeployment", "elapsed": 1.000370791, "args": ["test-deployment-series"], "logging-call-at": "/Users/shivamsaraf/Desktop/work/temporal/common/log/with_logger.go:37"}
2025-05-05T16:56:41.744-0400	debug	Frontend method invoked.	{"host": "127.0.0.1:54942", "wf-namespace": "namespace-42f52dc7-121e-4d0f-9fad-c806d0420c24", "operation": "DescribeWorkerDeploymentVersion", "server-name": "", "cert-thumbprint": "", "logging-call-at": "/Users/shivamsaraf/Desktop/work/temporal/common/log/with_logger.go:37"}
2025-05-05T16:56:41.746-0400	error	deployment client error	{"host": "127.0.0.1:54942", "error": "Worker Deployment Version not found", "operation": "DescribeVersion", "elapsed": 0.002016375, "args": ["test-deployment-series","two_2"], "logging-call-at": "/Users/shivamsaraf/Desktop/work/temporal/common/log/with_logger.go:52"}
go.temporal.io/server/common/log.(*zapLogger).Error
	/Users/shivamsaraf/Desktop/work/temporal/common/log/zap_logger.go:132
go.temporal.io/server/common/testing/testlogger.(*TestLogger).Error
	/Users/shivamsaraf/Desktop/work/temporal/common/testing/testlogger/testlogger.go:344
go.temporal.io/server/common/log.(*withLogger).Error
	/Users/shivamsaraf/Desktop/work/temporal/common/log/with_logger.go:52
go.temporal.io/server/service/worker/workerdeployment.(*ClientImpl).DescribeVersion.(*ClientImpl).record.func1
	/Users/shivamsaraf/Desktop/work/temporal/service/worker/workerdeployment/client.go:1263
go.temporal.io/server/service/worker/workerdeployment.(*ClientImpl).DescribeVersion
	/Users/shivamsaraf/Desktop/work/temporal/service/worker/workerdeployment/client.go:290
go.temporal.io/server/service/frontend.(*WorkflowHandler).DescribeWorkerDeploymentVersion
	/Users/shivamsaraf/Desktop/work/temporal/service/frontend/workflow_handler.go:3357
go.temporal.io/api/workflowservice/v1._WorkflowService_DescribeWorkerDeploymentVersion_Handler.func1
	/Users/shivamsaraf/go/pkg/mod/go.temporal.io/api@v1.49.0/workflowservice/v1/service_grpc.pb.go:3429
go.temporal.io/server/common/rpc/interceptor.(*RetryableInterceptor).Intercept.func1
	/Users/shivamsaraf/Desktop/work/temporal/common/rpc/interceptor/retry.go:38
go.temporal.io/server/common/backoff.ThrottleRetryContext
	/Users/shivamsaraf/Desktop/work/temporal/common/backoff/retry.go:65
go.temporal.io/server/common/rpc/interceptor.(*RetryableInterceptor).Intercept
	/Users/shivamsaraf/Desktop/work/temporal/common/rpc/interceptor/retry.go:42
google.golang.org/grpc.getChainUnaryHandler.func1
	/Users/shivamsaraf/go/pkg/mod/google.golang.org/grpc@v1.71.0/server.go:1217
go.temporal.io/server/common/rpc/interceptor.(*CallerInfoInterceptor).Intercept
	/Users/shivamsaraf/Desktop/work/temporal/common/rpc/interceptor/caller_info.go:40
google.golang.org/grpc.getChainUnaryHandler.func1
	/Users/shivamsaraf/go/pkg/mod/google.golang.org/grpc@v1.71.0/server.go:1217
go.temporal.io/server/common/rpc/interceptor.(*SDKVersionInterceptor).Intercept
	/Users/shivamsaraf/Desktop/work/temporal/common/rpc/interceptor/sdk_version.go:44
google.golang.org/grpc.getChainUnaryHandler.func1
	/Users/shivamsaraf/go/pkg/mod/google.golang.org/grpc@v1.71.0/server.go:1217
go.temporal.io/server/common/rpc/interceptor.(*RateLimitInterceptor).Intercept
	/Users/shivamsaraf/Desktop/work/temporal/common/rpc/interceptor/rate_limit.go:64
google.golang.org/grpc.getChainUnaryHandler.func1
	/Users/shivamsaraf/go/pkg/mod/google.golang.org/grpc@v1.71.0/server.go:1217
go.temporal.io/server/common/rpc/interceptor.(*NamespaceRateLimitInterceptorImpl).Intercept
	/Users/shivamsaraf/Desktop/work/temporal/common/rpc/interceptor/namespace_rate_limit.go:77
google.golang.org/grpc.getChainUnaryHandler.func1
	/Users/shivamsaraf/go/pkg/mod/google.golang.org/grpc@v1.71.0/server.go:1217
go.temporal.io/server/common/rpc/interceptor.(*ConcurrentRequestLimitInterceptor).Intercept
	/Users/shivamsaraf/Desktop/work/temporal/common/rpc/interceptor/concurrent_request_limit.go:83
google.golang.org/grpc.getChainUnaryHandler.func1
	/Users/shivamsaraf/go/pkg/mod/google.golang.org/grpc@v1.71.0/server.go:1217
go.temporal.io/server/common/rpc/interceptor.(*NamespaceValidatorInterceptor).StateValidationIntercept
	/Users/shivamsaraf/Desktop/work/temporal/common/rpc/interceptor/namespace_validator.go:210
google.golang.org/grpc.getChainUnaryHandler.func1
	/Users/shivamsaraf/go/pkg/mod/google.golang.org/grpc@v1.71.0/server.go:1217
go.temporal.io/server/common/rpc/interceptor.(*HealthInterceptor).Intercept
	/Users/shivamsaraf/Desktop/work/temporal/common/rpc/interceptor/health.go:41
google.golang.org/grpc.getChainUnaryHandler.func1
	/Users/shivamsaraf/go/pkg/mod/google.golang.org/grpc@v1.71.0/server.go:1217
go.temporal.io/server/common/rpc/interceptor.(*TelemetryInterceptor).UnaryIntercept
	/Users/shivamsaraf/Desktop/work/temporal/common/rpc/interceptor/telemetry.go:176
google.golang.org/grpc.getChainUnaryHandler.func1
	/Users/shivamsaraf/go/pkg/mod/google.golang.org/grpc@v1.71.0/server.go:1217
go.temporal.io/server/common/rpc/interceptor.(*Redirection).handleRedirectAPIInvocation.func2
	/Users/shivamsaraf/Desktop/work/temporal/common/rpc/interceptor/redirection.go:247
go.temporal.io/server/common/rpc/interceptor.(*NoopRedirectionPolicy).WithNamespaceRedirect
	/Users/shivamsaraf/Desktop/work/temporal/common/rpc/interceptor/dc_redirection_policy.go:101
go.temporal.io/server/common/rpc/interceptor.(*Redirection).handleRedirectAPIInvocation
	/Users/shivamsaraf/Desktop/work/temporal/common/rpc/interceptor/redirection.go:244
go.temporal.io/server/common/rpc/interceptor.(*Redirection).Intercept
	/Users/shivamsaraf/Desktop/work/temporal/common/rpc/interceptor/redirection.go:204
google.golang.org/grpc.getChainUnaryHandler.func1
	/Users/shivamsaraf/go/pkg/mod/google.golang.org/grpc@v1.71.0/server.go:1217
go.temporal.io/server/common/rpc/interceptor.(*NamespaceHandoverInterceptor).Intercept
	/Users/shivamsaraf/Desktop/work/temporal/common/rpc/interceptor/namespace_handover.go:85
google.golang.org/grpc.getChainUnaryHandler.func1
	/Users/shivamsaraf/go/pkg/mod/google.golang.org/grpc@v1.71.0/server.go:1217
go.temporal.io/server/common/authorization.(*Interceptor).Intercept
	/Users/shivamsaraf/Desktop/work/temporal/common/authorization/interceptor.go:154
google.golang.org/grpc.getChainUnaryHandler.func1
	/Users/shivamsaraf/go/pkg/mod/google.golang.org/grpc@v1.71.0/server.go:1217
go.temporal.io/server/service/frontend.GrpcServerOptionsProvider.NewServerMetricsContextInjectorInterceptor.func2
	/Users/shivamsaraf/Desktop/work/temporal/common/metrics/grpc.go:41
google.golang.org/grpc.getChainUnaryHandler.func1
	/Users/shivamsaraf/go/pkg/mod/google.golang.org/grpc@v1.71.0/server.go:1217
go.temporal.io/server/common/rpc/interceptor.(*NamespaceLogInterceptor).Intercept
	/Users/shivamsaraf/Desktop/work/temporal/common/rpc/interceptor/namespace_logger.go:60
google.golang.org/grpc.getChainUnaryHandler.func1
	/Users/shivamsaraf/go/pkg/mod/google.golang.org/grpc@v1.71.0/server.go:1217
go.temporal.io/server/common/rpc/interceptor.(*NamespaceValidatorInterceptor).NamespaceValidateIntercept
	/Users/shivamsaraf/Desktop/work/temporal/common/rpc/interceptor/namespace_validator.go:121
google.golang.org/grpc.getChainUnaryHandler.func1
	/Users/shivamsaraf/go/pkg/mod/google.golang.org/grpc@v1.71.0/server.go:1217
go.temporal.io/server/service/frontend.GrpcServerOptionsProvider.NewFrontendServiceErrorInterceptor.func1
	/Users/shivamsaraf/Desktop/work/temporal/common/rpc/grpc.go:135
google.golang.org/grpc.getChainUnaryHandler.func1
	/Users/shivamsaraf/go/pkg/mod/google.golang.org/grpc@v1.71.0/server.go:1217
go.temporal.io/server/common/rpc/interceptor.ServiceErrorInterceptor
	/Users/shivamsaraf/Desktop/work/temporal/common/rpc/interceptor/service_error_interceptor.go:19
google.golang.org/grpc.getChainUnaryHandler.func1
	/Users/shivamsaraf/go/pkg/mod/google.golang.org/grpc@v1.71.0/server.go:1217
go.temporal.io/server/common/rpc/interceptor.(*MaskInternalErrorDetailsInterceptor).Intercept
	/Users/shivamsaraf/Desktop/work/temporal/common/rpc/interceptor/mask_internal_error.go:51
google.golang.org/grpc.NewServer.chainUnaryServerInterceptors.chainUnaryInterceptors.func1
	/Users/shivamsaraf/go/pkg/mod/google.golang.org/grpc@v1.71.0/server.go:1208
go.temporal.io/api/workflowservice/v1._WorkflowService_DescribeWorkerDeploymentVersion_Handler
	/Users/shivamsaraf/go/pkg/mod/go.temporal.io/api@v1.49.0/workflowservice/v1/service_grpc.pb.go:3431
google.golang.org/grpc.(*Server).processUnaryRPC
	/Users/shivamsaraf/go/pkg/mod/google.golang.org/grpc@v1.71.0/server.go:1405
google.golang.org/grpc.(*Server).handleStream
	/Users/shivamsaraf/go/pkg/mod/google.golang.org/grpc@v1.71.0/server.go:1815
google.golang.org/grpc.(*Server).serveStreams.func2.1
	/Users/shivamsaraf/go/pkg/mod/google.golang.org/grpc@v1.71.0/server.go:1035
2025-05-05T16:56:41.747-0400	debug	Frontend method invoked.	{"host": "127.0.0.1:54942", "wf-namespace": "namespace-42f52dc7-121e-4d0f-9fad-c806d0420c24", "operation": "DescribeWorkerDeployment", "server-name": "", "cert-thumbprint": "", "logging-call-at": "/Users/shivamsaraf/Desktop/work/temporal/common/log/with_logger.go:37"}
2025-05-05T16:56:42.441-0400	debug	Process task as active.	{"host": "127.0.0.1:54944", "shard-id": 3, "address": "127.0.0.1:54944", "component": "timer-queue-processor", "wf-namespace-id": "16489026-76fa-49af-8333-d07c4a9341f7", "value": "16489026-76fa-49af-8333-d07c4a9341f7/temporal-sys-worker-deployment:test-deployment-series/0196a23c-6dd7-73c8-be3b-1a7ec93a2003", "logging-call-at": "/Users/shivamsaraf/Desktop/work/temporal/common/log/with_logger.go:37"}
2025-05-05T16:56:42.455-0400	debug	Process task as active.	{"host": "127.0.0.1:54944", "shard-id": 3, "address": "127.0.0.1:54944", "component": "timer-queue-processor", "wf-namespace-id": "16489026-76fa-49af-8333-d07c4a9341f7", "value": "16489026-76fa-49af-8333-d07c4a9341f7/temporal-sys-worker-deployment-version:test-deployment-series.one_1/0196a23c-71c4-7562-b9f3-b79a39e939cd", "logging-call-at": "/Users/shivamsaraf/Desktop/work/temporal/common/log/with_logger.go:37"}
2025-05-05T16:56:42.464-0400	debug	Process task as active.	{"host": "127.0.0.1:54944", "shard-id": 3, "address": "127.0.0.1:54944", "component": "timer-queue-processor", "wf-namespace-id": "16489026-76fa-49af-8333-d07c4a9341f7", "value": "16489026-76fa-49af-8333-d07c4a9341f7/temporal-sys-worker-deployment-version:test-deployment-series.one_1/0196a23c-71c4-7562-b9f3-b79a39e939cd", "logging-call-at": "/Users/shivamsaraf/Desktop/work/temporal/common/log/with_logger.go:37"}
2025-05-05T16:56:42.488-0400	debug	Process task as active.	{"host": "127.0.0.1:54944", "shard-id": 3, "address": "127.0.0.1:54944", "component": "timer-queue-processor", "wf-namespace-id": "16489026-76fa-49af-8333-d07c4a9341f7", "value": "16489026-76fa-49af-8333-d07c4a9341f7/temporal-sys-worker-deployment-version:test-deployment-series.one_1/d7f65cf4-f78c-4876-bf8f-f3cd25d3961f", "logging-call-at": "/Users/shivamsaraf/Desktop/work/temporal/common/log/with_logger.go:37"}
2025-05-05T16:56:42.488-0400	debug	Workflow task updated	{"host": "127.0.0.1:54944", "shard-id": 3, "address": "127.0.0.1:54944", "wf-namespace-id": "16489026-76fa-49af-8333-d07c4a9341f7", "wf-id": "temporal-sys-worker-deployment-version:test-deployment-series.one_1", "wf-run-id": "d7f65cf4-f78c-4876-bf8f-f3cd25d3961f", "wf-scheduled-event-id": 2, "wf-started-event-id": 0, "workflow-task-request-id": "emptyUuid", "workflow-task-timeout": 10, "attempt": 1, "wf-started-timestamp": "0001-01-01T00:00:00.000Z", "wt-type": "Normal", "logging-call-at": "/Users/shivamsaraf/Desktop/work/temporal/common/log/with_logger.go:37"}
2025-05-05T16:56:42.488-0400	debug	Assigning new task key	{"host": "127.0.0.1:54944", "shard-id": 3, "address": "127.0.0.1:54944", "wf-namespace-id": "16489026-76fa-49af-8333-d07c4a9341f7", "wf-id": "temporal-sys-worker-deployment-version:test-deployment-series.one_1", "wf-run-id": "d7f65cf4-f78c-4876-bf8f-f3cd25d3961f", "queue-task-type": "TransferWorkflowTask", "queue-task-id": 1049085, "timestamp": "2025-05-05T20:56:42.488Z", "cursor-timestamp": "2025-05-05T20:56:42.743Z", "logging-call-at": "/Users/shivamsaraf/Desktop/work/temporal/common/log/with_logger.go:37"}
2025-05-05T16:56:42.488-0400	debug	Process task as active.	{"host": "127.0.0.1:54944", "shard-id": 3, "address": "127.0.0.1:54944", "component": "transfer-queue-processor", "wf-namespace-id": "16489026-76fa-49af-8333-d07c4a9341f7", "value": "16489026-76fa-49af-8333-d07c4a9341f7/temporal-sys-worker-deployment-version:test-deployment-series.one_1/d7f65cf4-f78c-4876-bf8f-f3cd25d3961f", "logging-call-at": "/Users/shivamsaraf/Desktop/work/temporal/common/log/with_logger.go:37"}
2025-05-05T16:56:42.489-0400	debug	Workflow task updated	{"host": "127.0.0.1:54944", "shard-id": 3, "address": "127.0.0.1:54944", "wf-namespace-id": "16489026-76fa-49af-8333-d07c4a9341f7", "wf-id": "temporal-sys-worker-deployment-version:test-deployment-series.one_1", "wf-run-id": "d7f65cf4-f78c-4876-bf8f-f3cd25d3961f", "wf-scheduled-event-id": 2, "wf-started-event-id": 3, "workflow-task-request-id": "ebf73ed7-fff5-45d1-944f-392a854f345a", "workflow-task-timeout": 10, "attempt": 1, "wf-started-timestamp": "2025-05-05T20:56:42.489Z", "wt-type": "Normal", "logging-call-at": "/Users/shivamsaraf/Desktop/work/temporal/common/log/with_logger.go:37"}
2025-05-05T16:56:42.489-0400	debug	Assigning new task key	{"host": "127.0.0.1:54944", "shard-id": 3, "address": "127.0.0.1:54944", "wf-namespace-id": "16489026-76fa-49af-8333-d07c4a9341f7", "wf-id": "temporal-sys-worker-deployment-version:test-deployment-series.one_1", "wf-run-id": "d7f65cf4-f78c-4876-bf8f-f3cd25d3961f", "queue-task-type": "WorkflowTaskTimeout", "queue-task-id": 1049088, "timestamp": "2025-05-05T20:56:52.490Z", "cursor-timestamp": "2025-05-05T20:56:43.488Z", "logging-call-at": "/Users/shivamsaraf/Desktop/work/temporal/common/log/with_logger.go:37"}
Version doing continue-as-new with drainage info Unspecified
2025-05-05T16:56:42.490-0400	debug	Frontend method invoked.	{"host": "127.0.0.1:54942", "wf-namespace": "namespace-42f52dc7-121e-4d0f-9fad-c806d0420c24", "operation": "PollWorkflowTaskQueue", "server-name": "", "cert-thumbprint": "", "logging-call-at": "/Users/shivamsaraf/Desktop/work/temporal/common/log/with_logger.go:37"}
2025-05-05T16:56:42.490-0400	debug	Received PollWorkflowTaskQueue	{"host": "127.0.0.1:54942", "service": "frontend", "logging-call-at": "/Users/shivamsaraf/Desktop/work/temporal/common/log/with_logger.go:37"}
2025-05-05T16:56:42.490-0400	debug	Poll workflow task queue.	{"host": "127.0.0.1:54942", "service": "frontend", "wf-namespace": "namespace-42f52dc7-121e-4d0f-9fad-c806d0420c24", "wf-namespace-id": "16489026-76fa-49af-8333-d07c4a9341f7", "logging-call-at": "/Users/shivamsaraf/Desktop/work/temporal/common/log/with_logger.go:37"}
2025-05-05T16:56:42.491-0400	debug	Frontend method invoked.	{"host": "127.0.0.1:54942", "wf-namespace": "namespace-42f52dc7-121e-4d0f-9fad-c806d0420c24", "operation": "RespondWorkflowTaskCompleted", "server-name": "", "cert-thumbprint": "", "logging-call-at": "/Users/shivamsaraf/Desktop/work/temporal/common/log/with_logger.go:37"}
2025-05-05T16:56:42.491-0400	debug	RespondWorkflowTaskCompleted	{"host": "127.0.0.1:54944", "service": "history", "wf-namespace-id": "16489026-76fa-49af-8333-d07c4a9341f7", "wf-id": "temporal-sys-worker-deployment-version:test-deployment-series.one_1", "wf-run-id": "d7f65cf4-f78c-4876-bf8f-f3cd25d3961f", "wf-scheduled-event-id": 2, "logging-call-at": "/Users/shivamsaraf/Desktop/work/temporal/common/log/with_logger.go:37"}
2025-05-05T16:56:42.491-0400	debug	Workflow task updated	{"host": "127.0.0.1:54944", "shard-id": 3, "address": "127.0.0.1:54944", "wf-namespace-id": "16489026-76fa-49af-8333-d07c4a9341f7", "wf-id": "temporal-sys-worker-deployment-version:test-deployment-series.one_1", "wf-run-id": "d7f65cf4-f78c-4876-bf8f-f3cd25d3961f", "wf-scheduled-event-id": 0, "wf-started-event-id": 0, "workflow-task-request-id": "emptyUuid", "workflow-task-timeout": 0, "attempt": 1, "wf-started-timestamp": "1970-01-01T00:00:00.000Z", "wt-type": "Unspecified", "logging-call-at": "/Users/shivamsaraf/Desktop/work/temporal/common/log/with_logger.go:37"}
2025-05-05T16:56:42.491-0400	debug	Assigning new task key	{"host": "127.0.0.1:54944", "shard-id": 3, "address": "127.0.0.1:54944", "wf-namespace-id": "16489026-76fa-49af-8333-d07c4a9341f7", "wf-id": "temporal-sys-worker-deployment-version:test-deployment-series.one_1", "wf-run-id": "d7f65cf4-f78c-4876-bf8f-f3cd25d3961f", "queue-task-type": "VisibilityCloseExecution", "queue-task-id": 1049095, "timestamp": "2025-05-05T20:56:42.491Z", "cursor-timestamp": "2025-05-05T20:56:43.488Z", "logging-call-at": "/Users/shivamsaraf/Desktop/work/temporal/common/log/with_logger.go:37"}
2025-05-05T16:56:42.491-0400	debug	Assigning new task key	{"host": "127.0.0.1:54944", "shard-id": 3, "address": "127.0.0.1:54944", "wf-namespace-id": "16489026-76fa-49af-8333-d07c4a9341f7", "wf-id": "temporal-sys-worker-deployment-version:test-deployment-series.one_1", "wf-run-id": "d7f65cf4-f78c-4876-bf8f-f3cd25d3961f", "queue-task-type": "DeleteHistoryEvent", "queue-task-id": 1049096, "timestamp": "2025-05-06T20:56:42.659Z", "cursor-timestamp": "2025-05-05T20:56:43.488Z", "logging-call-at": "/Users/shivamsaraf/Desktop/work/temporal/common/log/with_logger.go:37"}
2025-05-05T16:56:42.491-0400	debug	Assigning new task key	{"host": "127.0.0.1:54944", "shard-id": 3, "address": "127.0.0.1:54944", "wf-namespace-id": "16489026-76fa-49af-8333-d07c4a9341f7", "wf-id": "temporal-sys-worker-deployment-version:test-deployment-series.one_1", "wf-run-id": "d7f65cf4-f78c-4876-bf8f-f3cd25d3961f", "queue-task-type": "TransferCloseExecution", "queue-task-id": 1049097, "timestamp": "2025-05-05T20:56:42.491Z", "cursor-timestamp": "2025-05-05T20:56:43.488Z", "logging-call-at": "/Users/shivamsaraf/Desktop/work/temporal/common/log/with_logger.go:37"}
2025-05-05T16:56:42.491-0400	debug	Assigning new task key	{"host": "127.0.0.1:54944", "shard-id": 3, "address": "127.0.0.1:54944", "wf-namespace-id": "16489026-76fa-49af-8333-d07c4a9341f7", "wf-id": "temporal-sys-worker-deployment-version:test-deployment-series.one_1", "wf-run-id": "2a296ccd-5af1-4c30-abb3-7ffd13606d7b", "queue-task-type": "VisibilityStartExecution", "queue-task-id": 1049098, "timestamp": "2025-05-05T20:56:42.491Z", "cursor-timestamp": "2025-05-05T20:56:43.488Z", "logging-call-at": "/Users/shivamsaraf/Desktop/work/temporal/common/log/with_logger.go:37"}
2025-05-05T16:56:42.491-0400	debug	New timer generated is less than min scheduled time	{"host": "127.0.0.1:54944", "shard-id": 3, "address": "127.0.0.1:54944", "wf-namespace-id": "16489026-76fa-49af-8333-d07c4a9341f7", "wf-id": "temporal-sys-worker-deployment-version:test-deployment-series.one_1", "wf-run-id": "2a296ccd-5af1-4c30-abb3-7ffd13606d7b", "queue-task-type": "WorkflowBackoffTimer", "queue-task-id": 1049099, "timestamp": "2025-05-05T20:56:43.453Z", "cursor-timestamp": "2025-05-05T20:56:43.488Z", "shard-update": "ShardAllocateTimerBeforeRead", "logging-call-at": "/Users/shivamsaraf/Desktop/work/temporal/common/log/with_logger.go:37"}
2025-05-05T16:56:42.491-0400	debug	Assigning new task key	{"host": "127.0.0.1:54944", "shard-id": 3, "address": "127.0.0.1:54944", "wf-namespace-id": "16489026-76fa-49af-8333-d07c4a9341f7", "wf-id": "temporal-sys-worker-deployment-version:test-deployment-series.one_1", "wf-run-id": "2a296ccd-5af1-4c30-abb3-7ffd13606d7b", "queue-task-type": "WorkflowBackoffTimer", "queue-task-id": 1049099, "timestamp": "2025-05-05T20:56:43.489Z", "cursor-timestamp": "2025-05-05T20:56:43.488Z", "logging-call-at": "/Users/shivamsaraf/Desktop/work/temporal/common/log/with_logger.go:37"}
2025-05-05T16:56:42.492-0400	debug	Process task as active.	{"host": "127.0.0.1:54944", "shard-id": 3, "address": "127.0.0.1:54944", "component": "transfer-queue-processor", "wf-namespace-id": "16489026-76fa-49af-8333-d07c4a9341f7", "value": "16489026-76fa-49af-8333-d07c4a9341f7/temporal-sys-worker-deployment-version:test-deployment-series.one_1/d7f65cf4-f78c-4876-bf8f-f3cd25d3961f", "logging-call-at": "/Users/shivamsaraf/Desktop/work/temporal/common/log/with_logger.go:37"}
2025-05-05T16:56:42.564-0400	debug	Process task as active.	{"host": "127.0.0.1:54944", "shard-id": 3, "address": "127.0.0.1:54944", "component": "timer-queue-processor", "wf-namespace-id": "16489026-76fa-49af-8333-d07c4a9341f7", "value": "16489026-76fa-49af-8333-d07c4a9341f7/temporal-sys-worker-deployment-version:test-deployment-series.one_1/0196a23c-71c4-7562-b9f3-b79a39e939cd", "logging-call-at": "/Users/shivamsaraf/Desktop/work/temporal/common/log/with_logger.go:37"}
2025-05-05T16:56:42.569-0400	debug	Process task as active.	{"host": "127.0.0.1:54944", "shard-id": 3, "address": "127.0.0.1:54944", "component": "timer-queue-processor", "wf-namespace-id": "16489026-76fa-49af-8333-d07c4a9341f7", "value": "16489026-76fa-49af-8333-d07c4a9341f7/temporal-sys-worker-deployment-version:test-deployment-series.one_1/0196a23c-71c4-7562-b9f3-b79a39e939cd", "logging-call-at": "/Users/shivamsaraf/Desktop/work/temporal/common/log/with_logger.go:37"}
2025-05-05T16:56:42.574-0400	debug	Process task as active.	{"host": "127.0.0.1:54944", "shard-id": 3, "address": "127.0.0.1:54944", "component": "timer-queue-processor", "wf-namespace-id": "16489026-76fa-49af-8333-d07c4a9341f7", "value": "16489026-76fa-49af-8333-d07c4a9341f7/temporal-sys-worker-deployment:test-deployment-series/0196a23c-6dd7-73c8-be3b-1a7ec93a2003", "logging-call-at": "/Users/shivamsaraf/Desktop/work/temporal/common/log/with_logger.go:37"}
2025-05-05T16:56:42.687-0400	debug	Process task as active.	{"host": "127.0.0.1:54944", "shard-id": 3, "address": "127.0.0.1:54944", "component": "timer-queue-processor", "wf-namespace-id": "16489026-76fa-49af-8333-d07c4a9341f7", "value": "16489026-76fa-49af-8333-d07c4a9341f7/temporal-sys-worker-deployment-version:test-deployment-series.one_1/73d4b2c2-9167-4b09-9217-e0da35b856b4", "logging-call-at": "/Users/shivamsaraf/Desktop/work/temporal/common/log/with_logger.go:37"}
2025-05-05T16:56:42.693-0400	debug	Process task as active.	{"host": "127.0.0.1:54944", "shard-id": 3, "address": "127.0.0.1:54944", "component": "timer-queue-processor", "wf-namespace-id": "16489026-76fa-49af-8333-d07c4a9341f7", "value": "16489026-76fa-49af-8333-d07c4a9341f7/temporal-sys-worker-deployment-version:test-deployment-series.one_1/73d4b2c2-9167-4b09-9217-e0da35b856b4", "logging-call-at": "/Users/shivamsaraf/Desktop/work/temporal/common/log/with_logger.go:37"}
2025-05-05T16:56:42.698-0400	debug	Process task as active.	{"host": "127.0.0.1:54944", "shard-id": 3, "address": "127.0.0.1:54944", "component": "timer-queue-processor", "wf-namespace-id": "16489026-76fa-49af-8333-d07c4a9341f7", "value": "16489026-76fa-49af-8333-d07c4a9341f7/temporal-sys-worker-deployment:test-deployment-series/0196a23c-6dd7-73c8-be3b-1a7ec93a2003", "logging-call-at": "/Users/shivamsaraf/Desktop/work/temporal/common/log/with_logger.go:37"}
    worker_deployment_version_test.go:116: 
        	Error Trace:	/Users/shivamsaraf/Desktop/work/temporal/tests/worker_deployment_version_test.go:122
        	            				/Users/shivamsaraf/go/pkg/mod/golang.org/toolchain@v0.0.1-go1.24.1.darwin-arm64/src/runtime/asm_arm64.s:1223
        	Error:      	Received unexpected error:
        	            	Worker Deployment Version not found
    worker_deployment_version_test.go:116: 
        	Error Trace:	/Users/shivamsaraf/Desktop/work/temporal/tests/worker_deployment_version_test.go:123
        	            				/Users/shivamsaraf/go/pkg/mod/golang.org/toolchain@v0.0.1-go1.24.1.darwin-arm64/src/runtime/asm_arm64.s:1223
        	Error:      	Not equal: 
        	            	expected: "test-deployment-series.two_2"
        	            	actual  : ""
        	            	
        	            	Diff:
        	            	--- Expected
        	            	+++ Actual
        	            	@@ -1 +1 @@
        	            	-test-deployment-series.two_2
        	            	+
    worker_deployment_version_test.go:116: 
        	Error Trace:	/Users/shivamsaraf/Desktop/work/temporal/tests/worker_deployment_version_test.go:135
        	            				/Users/shivamsaraf/go/pkg/mod/golang.org/toolchain@v0.0.1-go1.24.1.darwin-arm64/src/runtime/asm_arm64.s:1223
        	Error:      	[]string{"test-deployment-series.one_1"} does not contain "test-deployment-series.two_2"
    worker_deployment_version_test.go:116: 
        	Error Trace:	/Users/shivamsaraf/Desktop/work/temporal/tests/worker_deployment_version_test.go:116
        	            				/Users/shivamsaraf/Desktop/work/temporal/tests/worker_deployment_version_test.go:634
        	Error:      	Condition never satisfied
        	Test:       	TestDeploymentVersionSuite/TestDeleteVersion_DrainingVersion
2025-05-05T16:56:42.699-0400	error	deployment client error	{"host": "127.0.0.1:54942", "error": "context canceled", "operation": "DescribeWorkerDeployment", "elapsed": 0.952503625, "args": ["test-deployment-series"], "logging-call-at": "/Users/shivamsaraf/Desktop/work/temporal/common/log/with_logger.go:52"}
go.temporal.io/server/common/log.(*zapLogger).Error
	/Users/shivamsaraf/Desktop/work/temporal/common/log/zap_logger.go:132
go.temporal.io/server/common/testing/testlogger.(*TestLogger).Error
	/Users/shivamsaraf/Desktop/work/temporal/common/testing/testlogger/testlogger.go:344
go.temporal.io/server/common/log.(*withLogger).Error
	/Users/shivamsaraf/Desktop/work/temporal/common/log/with_logger.go:52
go.temporal.io/server/service/worker/workerdeployment.(*ClientImpl).DescribeWorkerDeployment.(*ClientImpl).record.func1
	/Users/shivamsaraf/Desktop/work/temporal/service/worker/workerdeployment/client.go:1263
go.temporal.io/server/service/worker/workerdeployment.(*ClientImpl).DescribeWorkerDeployment
	/Users/shivamsaraf/Desktop/work/temporal/service/worker/workerdeployment/client.go:394
go.temporal.io/server/service/frontend.(*WorkflowHandler).DescribeWorkerDeployment
	/Users/shivamsaraf/Desktop/work/temporal/service/frontend/workflow_handler.go:3503
go.temporal.io/api/workflowservice/v1._WorkflowService_DescribeWorkerDeployment_Handler.func1
	/Users/shivamsaraf/go/pkg/mod/go.temporal.io/api@v1.49.0/workflowservice/v1/service_grpc.pb.go:3537
go.temporal.io/server/common/rpc/interceptor.(*RetryableInterceptor).Intercept.func1
	/Users/shivamsaraf/Desktop/work/temporal/common/rpc/interceptor/retry.go:38
go.temporal.io/server/common/backoff.ThrottleRetryContext
	/Users/shivamsaraf/Desktop/work/temporal/common/backoff/retry.go:65
go.temporal.io/server/common/rpc/interceptor.(*RetryableInterceptor).Intercept
	/Users/shivamsaraf/Desktop/work/temporal/common/rpc/interceptor/retry.go:42
google.golang.org/grpc.getChainUnaryHandler.func1
	/Users/shivamsaraf/go/pkg/mod/google.golang.org/grpc@v1.71.0/server.go:1217
go.temporal.io/server/common/rpc/interceptor.(*CallerInfoInterceptor).Intercept
	/Users/shivamsaraf/Desktop/work/temporal/common/rpc/interceptor/caller_info.go:40
google.golang.org/grpc.getChainUnaryHandler.func1
	/Users/shivamsaraf/go/pkg/mod/google.golang.org/grpc@v1.71.0/server.go:1217
go.temporal.io/server/common/rpc/interceptor.(*SDKVersionInterceptor).Intercept
	/Users/shivamsaraf/Desktop/work/temporal/common/rpc/interceptor/sdk_version.go:44
google.golang.org/grpc.getChainUnaryHandler.func1
	/Users/shivamsaraf/go/pkg/mod/google.golang.org/grpc@v1.71.0/server.go:1217
go.temporal.io/server/common/rpc/interceptor.(*RateLimitInterceptor).Intercept
	/Users/shivamsaraf/Desktop/work/temporal/common/rpc/interceptor/rate_limit.go:64
google.golang.org/grpc.getChainUnaryHandler.func1
	/Users/shivamsaraf/go/pkg/mod/google.golang.org/grpc@v1.71.0/server.go:1217
go.temporal.io/server/common/rpc/interceptor.(*NamespaceRateLimitInterceptorImpl).Intercept
	/Users/shivamsaraf/Desktop/work/temporal/common/rpc/interceptor/namespace_rate_limit.go:77
google.golang.org/grpc.getChainUnaryHandler.func1
	/Users/shivamsaraf/go/pkg/mod/google.golang.org/grpc@v1.71.0/server.go:1217
go.temporal.io/server/common/rpc/interceptor.(*ConcurrentRequestLimitInterceptor).Intercept
	/Users/shivamsaraf/Desktop/work/temporal/common/rpc/interceptor/concurrent_request_limit.go:83
google.golang.org/grpc.getChainUnaryHandler.func1
	/Users/shivamsaraf/go/pkg/mod/google.golang.org/grpc@v1.71.0/server.go:1217
go.temporal.io/server/common/rpc/interceptor.(*NamespaceValidatorInterceptor).StateValidationIntercept
	/Users/shivamsaraf/Desktop/work/temporal/common/rpc/interceptor/namespace_validator.go:210
google.golang.org/grpc.getChainUnaryHandler.func1
	/Users/shivamsaraf/go/pkg/mod/google.golang.org/grpc@v1.71.0/server.go:1217
go.temporal.io/server/common/rpc/interceptor.(*HealthInterceptor).Intercept
	/Users/shivamsaraf/Desktop/work/temporal/common/rpc/interceptor/health.go:41
google.golang.org/grpc.getChainUnaryHandler.func1
	/Users/shivamsaraf/go/pkg/mod/google.golang.org/grpc@v1.71.0/server.go:1217
go.temporal.io/server/common/rpc/interceptor.(*TelemetryInterceptor).UnaryIntercept
	/Users/shivamsaraf/Desktop/work/temporal/common/rpc/interceptor/telemetry.go:176
google.golang.org/grpc.getChainUnaryHandler.func1
	/Users/shivamsaraf/go/pkg/mod/google.golang.org/grpc@v1.71.0/server.go:1217
go.temporal.io/server/common/rpc/interceptor.(*Redirection).handleRedirectAPIInvocation.func2
	/Users/shivamsaraf/Desktop/work/temporal/common/rpc/interceptor/redirection.go:247
go.temporal.io/server/common/rpc/interceptor.(*NoopRedirectionPolicy).WithNamespaceRedirect
	/Users/shivamsaraf/Desktop/work/temporal/common/rpc/interceptor/dc_redirection_policy.go:101
go.temporal.io/server/common/rpc/interceptor.(*Redirection).handleRedirectAPIInvocation
	/Users/shivamsaraf/Desktop/work/temporal/common/rpc/interceptor/redirection.go:244
go.temporal.io/server/common/rpc/interceptor.(*Redirection).Intercept
	/Users/shivamsaraf/Desktop/work/temporal/common/rpc/interceptor/redirection.go:204
google.golang.org/grpc.getChainUnaryHandler.func1
	/Users/shivamsaraf/go/pkg/mod/google.golang.org/grpc@v1.71.0/server.go:1217
go.temporal.io/server/common/rpc/interceptor.(*NamespaceHandoverInterceptor).Intercept
	/Users/shivamsaraf/Desktop/work/temporal/common/rpc/interceptor/namespace_handover.go:85
google.golang.org/grpc.getChainUnaryHandler.func1
	/Users/shivamsaraf/go/pkg/mod/google.golang.org/grpc@v1.71.0/server.go:1217
go.temporal.io/server/common/authorization.(*Interceptor).Intercept
	/Users/shivamsaraf/Desktop/work/temporal/common/authorization/interceptor.go:154
google.golang.org/grpc.getChainUnaryHandler.func1
	/Users/shivamsaraf/go/pkg/mod/google.golang.org/grpc@v1.71.0/server.go:1217
go.temporal.io/server/service/frontend.GrpcServerOptionsProvider.NewServerMetricsContextInjectorInterceptor.func2
	/Users/shivamsaraf/Desktop/work/temporal/common/metrics/grpc.go:41
google.golang.org/grpc.getChainUnaryHandler.func1
	/Users/shivamsaraf/go/pkg/mod/google.golang.org/grpc@v1.71.0/server.go:1217
go.temporal.io/server/common/rpc/interceptor.(*NamespaceLogInterceptor).Intercept
	/Users/shivamsaraf/Desktop/work/temporal/common/rpc/interceptor/namespace_logger.go:60
google.golang.org/grpc.getChainUnaryHandler.func1
	/Users/shivamsaraf/go/pkg/mod/google.golang.org/grpc@v1.71.0/server.go:1217
go.temporal.io/server/common/rpc/interceptor.(*NamespaceValidatorInterceptor).NamespaceValidateIntercept
	/Users/shivamsaraf/Desktop/work/temporal/common/rpc/interceptor/namespace_validator.go:121
google.golang.org/grpc.getChainUnaryHandler.func1
	/Users/shivamsaraf/go/pkg/mod/google.golang.org/grpc@v1.71.0/server.go:1217
go.temporal.io/server/service/frontend.GrpcServerOptionsProvider.NewFrontendServiceErrorInterceptor.func1
	/Users/shivamsaraf/Desktop/work/temporal/common/rpc/grpc.go:135
google.golang.org/grpc.getChainUnaryHandler.func1
	/Users/shivamsaraf/go/pkg/mod/google.golang.org/grpc@v1.71.0/server.go:1217
go.temporal.io/server/common/rpc/interceptor.ServiceErrorInterceptor
	/Users/shivamsaraf/Desktop/work/temporal/common/rpc/interceptor/service_error_interceptor.go:19
google.golang.org/grpc.getChainUnaryHandler.func1
	/Users/shivamsaraf/go/pkg/mod/google.golang.org/grpc@v1.71.0/server.go:1217
go.temporal.io/server/common/rpc/interceptor.(*MaskInternalErrorDetailsInterceptor).Intercept
	/Users/shivamsaraf/Desktop/work/temporal/common/rpc/interceptor/mask_internal_error.go:51
google.golang.org/grpc.NewServer.chainUnaryServerInterceptors.chainUnaryInterceptors.func1
	/Users/shivamsaraf/go/pkg/mod/google.golang.org/grpc@v1.71.0/server.go:1208
go.temporal.io/api/workflowservice/v1._WorkflowService_DescribeWorkerDeployment_Handler
	/Users/shivamsaraf/go/pkg/mod/go.temporal.io/api@v1.49.0/workflowservice/v1/service_grpc.pb.go:3539
google.golang.org/grpc.(*Server).processUnaryRPC
	/Users/shivamsaraf/go/pkg/mod/google.golang.org/grpc@v1.71.0/server.go:1405
google.golang.org/grpc.(*Server).handleStream
	/Users/shivamsaraf/go/pkg/mod/google.golang.org/grpc@v1.71.0/server.go:1815
google.golang.org/grpc.(*Server).serveStreams.func2.1
	/Users/shivamsaraf/go/pkg/mod/google.golang.org/grpc@v1.71.0/server.go:1035
--- FAIL: TestDeploymentVersionSuite (12.33s)
    --- FAIL: TestDeploymentVersionSuite/TestDeleteVersion_DrainingVersion (11.26s)
FAIL
FAIL	go.temporal.io/server/tests	13.177s
FAIL
